ENABLE_FILE_STATS in con
ENABLE_FILE_STATS in con
Command terminated by signal 9
	Command being timed: "./db_bench --db=/users/kannan11/ssd/sudarsun/prefetching/appbench/apps/rocksdb/DATA --value_size=4096 --wal_dir=/users/kannan11/ssd/sudarsun/prefetching/appbench/apps/rocksdb/DATA/WAL_LOG --sync=0 --key_size=1000 --write_buffer_size=67108864 --num=1000000 --benchmarks=readreverse --use_existing_db=1 --mmap_read=0 --threads=16"
	User time (seconds): 0.00
	System time (seconds): 0.09
	Percent of CPU this job got: 238%
	Elapsed (wall clock) time (h:mm:ss or m:ss): 0:00.03
	Average shared text size (kbytes): 0
	Average unshared data size (kbytes): 0
	Average stack size (kbytes): 0
	Average total size (kbytes): 0
	Maximum resident set size (kbytes): 51260
	Average resident set size (kbytes): 0
	Major (requiring I/O) page faults: 70
	Minor (reclaiming a frame) page faults: 10897
	Voluntary context switches: 444
	Involuntary context switches: 26
	Swaps: 0
	File system inputs: 13720
	File system outputs: 40
	Socket messages sent: 0
	Socket messages received: 0
	Signals delivered: 0
	Page size (bytes): 4096
	Exit status: 0
DESTRUCTOR GETTING CALLED 
PRINT_GLOBAL_STATS in dest
[63901.340981] sh (6567): drop_caches: 3
[63901.370439] sh (6572): drop_caches: 3
[63906.399076] Enabled file stats for time:6583
[63906.399300] write_proc: Value of write = 0
[63906.404650] Enabled file stats for db_bench:6592
[63906.404858] write_proc: Value of write = 0
[63906.419928] db_bench invoked oom-killer: gfp_mask=0x1100dca(GFP_HIGHUSER_MOVABLE|__GFP_ZERO), order=0, oom_score_adj=0
[63906.419934] CPU: 7 PID: 6614 Comm: db_bench Not tainted 5.14.0 #30
[63906.419937] Hardware name: Dell Inc. PowerEdge C6525/04DK47, BIOS 2.0.3 01/15/2021
[63906.419938] Call Trace:
[63906.419940]  dump_stack_lvl+0x4a/0x5f
[63906.419946]  dump_stack+0x10/0x12
[63906.419947]  dump_header+0x4f/0x210
[63906.419952]  oom_kill_process+0xec/0x140
[63906.419954]  out_of_memory+0x117/0x590
[63906.419956]  __alloc_pages_slowpath.constprop.122+0xa55/0xd70
[63906.419960]  __alloc_pages+0x2db/0x320
[63906.419962]  alloc_pages_vma+0x88/0x220
[63906.419965]  __handle_mm_fault+0xa3f/0x1270
[63906.419968]  handle_mm_fault+0xd9/0x2b0
[63906.419970]  do_user_addr_fault+0x1e0/0x6e0
[63906.419972]  exc_page_fault+0x76/0x150
[63906.419974]  ? asm_exc_page_fault+0x8/0x30
[63906.419976]  asm_exc_page_fault+0x1e/0x30
[63906.419978] RIP: 0033:0x7f5e9ecdaea7
[63906.419981] Code: 47 20 c5 fe 7f 44 17 c0 c5 fe 7f 47 40 c5 fe 7f 44 17 a0 c5 fe 7f 47 60 c5 fe 7f 44 17 80 48 01 fa 48 83 e2 80 48 39 d1 74 ba <c5> fd 7f 01 c5 fd 7f 41 20 c5 fd 7f 41 40 c5 fd 7f 41 60 48 81 c1
[63906.419983] RSP: 002b:00007f5e6cffb368 EFLAGS: 00010206
[63906.419985] RAX: 00007f5e3bffe010 RBX: 00007f5e40000ca0 RCX: 00007f5e3c257000
[63906.419987] RDX: 00007f5e3dffe000 RSI: 0000000000000000 RDI: 00007f5e3bffe010
[63906.419988] RBP: 00007f5e6cffb380 R08: 00000000ffffffff R09: 0000000000000000
[63906.419989] R10: 0000000000000022 R11: 0000000000000246 R12: 0000000000080000
[63906.419990] R13: 00007f5e6cffb730 R14: 00007f5e6cffb810 R15: fffffffffffffca0
[63906.419992] Mem-Info:
[63906.419999] active_anon:267 inactive_anon:10634 isolated_anon:3
                active_file:1575 inactive_file:6166 isolated_file:0
                unevictable:768 dirty:225 writeback:124
                slab_reclaimable:14426 slab_unreclaimable:87180
                mapped:4935 shmem:766 pagetables:1072 bounce:0
                free:149013 free_pcp:279 free_cma:0
[63906.420003] Node 0 active_anon:1068kB inactive_anon:42536kB active_file:6300kB inactive_file:24664kB unevictable:3072kB isolated(anon):12kB isolated(file):0kB mapped:19740kB dirty:900kB writeback:496kB shmem:3064kB shmem_thp: 0kB shmem_pmdmapped: 0kB anon_thp: 0kB writeback_tmp:0kB kernel_stack:9712kB pagetables:4288kB all_unreclaimable? no
[63906.420008] Node 0 DMA free:11264kB min:4kB low:16kB high:28kB reserved_highatomic:0KB active_anon:0kB inactive_anon:0kB active_file:0kB inactive_file:0kB unevictable:0kB writepending:0kB present:15992kB managed:15360kB mlocked:0kB bounce:0kB free_pcp:0kB local_pcp:0kB free_cma:0kB
[63906.420012] lowmem_reserve[]: 0 776 127598 127598 127598
[63906.420016] Node 0 DMA32 free:507620kB min:408kB low:1200kB high:1992kB reserved_highatomic:0KB active_anon:0kB inactive_anon:0kB active_file:0kB inactive_file:0kB unevictable:0kB writepending:0kB present:1682240kB managed:1616700kB mlocked:0kB bounce:0kB free_pcp:0kB local_pcp:0kB free_cma:0kB
[63906.420019] lowmem_reserve[]: 0 0 126822 126822 126822
[63906.420022] Node 0 Normal free:77672kB min:175708kB low:305572kB high:435436kB reserved_highatomic:2048KB active_anon:1068kB inactive_anon:42536kB active_file:6300kB inactive_file:24664kB unevictable:3072kB writepending:636kB present:132106240kB managed:129874164kB mlocked:0kB bounce:0kB free_pcp:1116kB local_pcp:184kB free_cma:0kB
[63906.420027] lowmem_reserve[]: 0 0 0 0 0
[63906.420029] Node 0 DMA: 0*4kB 0*8kB 0*16kB 0*32kB 0*64kB 0*128kB 0*256kB 0*512kB 1*1024kB (U) 1*2048kB (M) 2*4096kB (M) = 11264kB
[63906.420037] Node 0 DMA32: 7*4kB (UME) 5*8kB (UME) 6*16kB (UME) 6*32kB (UME) 5*64kB (UME) 5*128kB (UME) 4*256kB (ME) 5*512kB (UME) 3*1024kB (ME) 4*2048kB (ME) 120*4096kB (ME) = 507684kB
[63906.420047] Node 0 Normal: 10474*4kB (UME) 3597*8kB (UME) 1018*16kB (UME) 9*32kB (UE) 1*64kB (E) 0*128kB 0*256kB 0*512kB 0*1024kB 0*2048kB 0*4096kB = 87312kB
[63906.420101] Node 0 hugepages_total=0 hugepages_free=0 hugepages_surp=0 hugepages_size=1048576kB
[63906.420102] Node 0 hugepages_total=0 hugepages_free=0 hugepages_surp=0 hugepages_size=2048kB
[63906.420104] 9900 total pagecache pages
[63906.420104] 583 pages in swap cache
[63906.420105] Swap cache stats: add 1866905, delete 1867175, find 162603/291774
[63906.420106] Free swap  = 3085688kB
[63906.420106] Total swap = 3145724kB
[63906.420107] 33451118 pages RAM
[63906.420108] 0 pages HighMem/MovableOnly
[63906.420108] 574562 pages reserved
[63906.420109] 0 pages cma reserved
[63906.420109] 0 pages hwpoisoned
[63906.420110] Unreclaimable slab info:
[63906.420110] Name                      Used          Total
[63906.420111] mlx5_fs_ftes             253KB        253KB
[63906.420113] mlx5_fs_fgs               63KB         63KB
[63906.420114] scsi_sense_cache          32KB         32KB
[63906.420116] RAWv6                    123KB        123KB
[63906.420117] UDPv6                   1417KB       1417KB
[63906.420119] TCPv6                     92KB         92KB
[63906.420120] mqueue_inode_cache         31KB         31KB
[63906.420123] ext4_system_zone          39KB         39KB
[63906.420126] PING                    1600KB       1600KB
[63906.420127] RAW                       96KB         96KB
[63906.420128] tw_sock_TCP              295KB        295KB
[63906.420129] request_sock_TCP         739KB        739KB
[63906.420131] TCP                     1439KB       1439KB
[63906.420132] hugetlbfs_inode_cache         63KB         63KB
[63906.420133] ep_head                  192KB        192KB
[63906.420134] request_queue             62KB         62KB
[63906.420135] biovec-max              4612KB       4708KB
[63906.420136] biovec-128              1600KB       1600KB
[63906.420137] biovec-64               1536KB       1536KB
[63906.420138] dmaengine-unmap-256         30KB         30KB
[63906.420139] dmaengine-unmap-128         31KB         31KB
[63906.420140] dmaengine-unmap-16       3984KB       3984KB
[63906.420141] skbuff_fclone_cache        768KB        768KB
[63906.420142] skbuff_head_cache       1214KB       1224KB
[63906.420143] file_lock_cache          359KB        359KB
[63906.420144] file_lock_ctx            103KB        103KB
[63906.420145] fsnotify_mark_connector        192KB        192KB
[63906.420148] task_delay_info          111KB        111KB
[63906.420149] taskstats                628KB        628KB
[63906.420150] proc_dir_entry           732KB        732KB
[63906.420151] pde_opener               191KB        191KB
[63906.420152] seq_file                 191KB        191KB
[63906.420153] shmem_inode_cache       2192KB       2192KB
[63906.420154] kernfs_node_cache       8920KB       8920KB
[63906.420155] mnt_cache                302KB        302KB
[63906.420156] filp                    3528KB       3528KB
[63906.420157] names_cache             1536KB       1536KB
[63906.420158] lsm_file_cache           266KB        266KB
[63906.420160] vm_area_struct          4283KB       4312KB
[63906.420161] mm_struct               1657KB       1657KB
[63906.420162] files_cache             1581KB       1581KB
[63906.420162] signal_cache            2173KB       2173KB
[63906.420164] sighand_cache           2877KB       2877KB
[63906.420165] task_struct             6175KB       6175KB
[63906.420166] cred_jar                 630KB        630KB
[63906.420167] anon_vma_chain          1908KB       1908KB
[63906.420168] anon_vma                1786KB       1786KB
[63906.420169] pid                      304KB        304KB
[63906.420170] irq_remap_cache          384KB        384KB
[63906.420171] Acpi-Operand             811KB        811KB
[63906.420172] Acpi-ParseExt             47KB         47KB
[63906.420173] Acpi-State               191KB        191KB
[63906.420173] numa_policy               15KB         15KB
[63906.420174] perf_event              1508KB       1508KB
[63906.420175] trace_event_file         316KB        316KB
[63906.420176] ftrace_event_field        386KB        386KB
[63906.420177] pool_workqueue           392KB        392KB
[63906.420178] task_group               756KB        756KB
[63906.420192] vmap_area              18924KB      19072KB
[63906.420193] kmalloc-cg-8k            128KB        128KB
[63906.420194] kmalloc-cg-4k           1536KB       1536KB
[63906.420195] kmalloc-cg-2k           1312KB       1312KB
[63906.420196] kmalloc-cg-1k           1600KB       1600KB
[63906.420196] kmalloc-cg-512           832KB        832KB
[63906.420197] kmalloc-cg-256           144KB        144KB
[63906.420198] kmalloc-cg-192           378KB        378KB
[63906.420199] kmalloc-cg-96            153KB        153KB
[63906.420199] kmalloc-cg-64            192KB        192KB
[63906.420200] kmalloc-cg-32            192KB        192KB
[63906.420201] kmalloc-cg-16            192KB        192KB
[63906.420202] kmalloc-cg-8             192KB        192KB
[63906.420202] kmalloc-8k             65440KB      65440KB
[63906.420204] kmalloc-4k              7332KB       7428KB
[63906.420205] kmalloc-2k             86826KB      87008KB
[63906.420206] kmalloc-1k              5888KB       5888KB
[63906.420207] kmalloc-512            17952KB      17984KB
[63906.420208] kmalloc-256             1280KB       1280KB
[63906.420208] kmalloc-192              724KB        724KB
[63906.420209] kmalloc-128              904KB        904KB
[63906.420210] kmalloc-96             16380KB      16380KB
[63906.420210] kmalloc-64              2424KB       2424KB
[63906.420211] kmalloc-32              1488KB       1488KB
[63906.420212] kmalloc-16               336KB        336KB
[63906.420213] kmalloc-8                276KB        276KB
[63906.420213] kmem_cache_node           24KB         24KB
[63906.420214] kmem_cache                72KB         72KB
[63906.420215] Tasks state (memory values in pages):
[63906.420216] [  pid  ]   uid  tgid total_vm      rss pgtables_bytes swapents oom_score_adj name
[63906.420226] [    744]     0   744    29652     2009   249856      312             0 systemd-journal
[63906.420229] [    750]     0   750    26479        0    98304       57             0 lvmetad
[63906.420232] [    754]     0   754    10826        0   114688      459         -1000 systemd-udevd
[63906.420234] [    996]     0   996    11903        0   131072      139             0 rpcbind
[63906.420236] [    998]   101   998    17625        0   176128      136             0 systemd-resolve
[63906.420238] [   1002]   103  1002    12517        1   147456      170          -900 dbus-daemon
[63906.420241] [   1004]     0  1004    42595        1   233472     1941             0 networkd-dispat
[63906.420243] [   1005]     0  1005    27759       50   122880      155             0 irqbalance
[63906.420245] [   1006]     0  1006     7833      112   102400       63             0 cron
[63906.420247] [   1010]     0  1010    17619        0   176128      174             0 systemd-logind
[63906.420249] [   1012]     0  1012    71916      205   192512      231             0 accounts-daemon
[63906.420252] [   1037]   102  1037    66819      224   167936      349             0 rsyslogd
[63906.420253] [   1041]     0  1041    72223        0   208896      230             0 polkitd
[63906.420255] [   1049]     0  1049     8709        1   106496     1775             0 ntpstart
[63906.420257] [   1053]     0  1053    18078        0   184320      202         -1000 sshd
[63906.420259] [   1107]   100  1107    20015      249   184320      165             0 systemd-network
[63906.420261] [   1187]     0  1187     3992        0    81920       35             0 agetty
[63906.420263] [   1212]     0  1212     2747        0    61440       63             0 slothd
[63906.420265] [   1215]     0  1215     4048        0    77824       37             0 agetty
[63906.420267] [   1237]     0  1237     5686        0    77824      113             0 pubsubd
[63906.420269] [   1340]     0  1340     1136        0    53248       27             0 emulab-syncd
[63906.420271] [   1346]     0  1346    11274        0   118784     2245             0 rc.progagent
[63906.420272] [   1347]  2002  1347     8882        0   114688      134             0 program-agent
[63906.420274] [   1399]     0  1399     6200        0    86016      114             0 linktest
[63906.420276] [   1414]   107  1414    26945      195   126976      142             0 ntpd
[63906.420278] [   4689] 20002  4689    19131        0   192512      259             0 systemd
[63906.420279] [   4690] 20002  4690    27870        0   245760      542             0 (sd-pam)
[63906.420281] [   4742] 20002  4742    13273      716   143360      209             0 mosh-server
[63906.420283] [   4743] 20002  4743     5334        1    90112      149             0 tcsh
[63906.420284] [   4749] 20002  4749     5676        1    81920      427             0 bash
[63906.420286] [   4791] 20002  4791     3257      539    69632       34             0 rocksdb-exp-tes
[63906.420288] [   6583] 20002  6583    21487      882   110592        0             0 time
[63906.420290] [   6592] 20002  6592   463116    12327   512000        0             0 db_bench
[63906.420292] oom-kill:constraint=CONSTRAINT_NONE,nodemask=(null),cpuset=/,mems_allowed=0,global_oom,task_memcg=/,task=db_bench,pid=6592,uid=20002
[63906.420314] Out of memory: Killed process 6592 (db_bench) total-vm:1852464kB, anon-rss:40944kB, file-rss:8364kB, shmem-rss:0kB, UID:20002 pgtables:500kB oom_score_adj:0
[63906.426200] FinalTaskReport: db_bench:6592 - ra_orig_nr_pages:0, ra_final_nr_pages:0
                                        async_pages:952, final_async_pages:1259
                                        full_pfetches:0, less256_pfetches:0, partial_pfetches:0
                                        failed_pfetches:0, total_pfetches:0, os_pfetches:63
                                        nr_pages_read:144, nr_pages_hit:108, nr_do_read_fault:163
[63906.438237] oom_reaper: reaped process 6592 (db_bench), now anon-rss:0kB, file-rss:0kB, shmem-rss:0kB
[63906.440457] write_proc: Value of write = 0
[63906.440472] __do_sys_start_cross_trace: PRINT_GLOBAL_STATS 
[63906.440473] Final GlobalReport: nr_pages_read:1347443174, nr_pages_hit:1333678285, nr_do_read_fault:593292, nr_pages_miss:5768629
[63906.444230] FinalTaskReport: time:6583 - ra_orig_nr_pages:0, ra_final_nr_pages:0
                                        async_pages:256, final_async_pages:527
                                        full_pfetches:0, less256_pfetches:0, partial_pfetches:0
                                        failed_pfetches:0, total_pfetches:0, os_pfetches:24
                                        nr_pages_read:0, nr_pages_hit:0, nr_do_read_fault:68
