ENABLE_FILE_STATS in con
ENABLE_FILE_STATS in con
Command terminated by signal 9
	Command being timed: "./db_bench --db=/users/kannan11/ssd/sudarsun/prefetching/appbench/apps/rocksdb/DATA --value_size=4096 --wal_dir=/users/kannan11/ssd/sudarsun/prefetching/appbench/apps/rocksdb/DATA/WAL_LOG --sync=0 --key_size=1000 --write_buffer_size=67108864 --num=1000000 --benchmarks=readreverse --use_existing_db=1 --mmap_read=0 --threads=16"
	User time (seconds): 0.00
	System time (seconds): 0.08
	Percent of CPU this job got: 211%
	Elapsed (wall clock) time (h:mm:ss or m:ss): 0:00.04
	Average shared text size (kbytes): 0
	Average unshared data size (kbytes): 0
	Average stack size (kbytes): 0
	Average total size (kbytes): 0
	Maximum resident set size (kbytes): 64692
	Average resident set size (kbytes): 0
	Major (requiring I/O) page faults: 71
	Minor (reclaiming a frame) page faults: 14260
	Voluntary context switches: 426
	Involuntary context switches: 44
	Swaps: 0
	File system inputs: 13832
	File system outputs: 40
	Socket messages sent: 0
	Socket messages received: 0
	Signals delivered: 0
	Page size (bytes): 4096
	Exit status: 0
DESTRUCTOR GETTING CALLED 
PRINT_GLOBAL_STATS in dest
[63979.201141] sh (7275): drop_caches: 3
[63979.230304] sh (7280): drop_caches: 3
[63984.264799] Enabled file stats for time:7287
[63984.265016] write_proc: Value of write = 1
[63984.271068] Enabled file stats for db_bench:7296
[63984.271254] write_proc: Value of write = 1
[63984.287233] db_bench invoked oom-killer: gfp_mask=0x1100dca(GFP_HIGHUSER_MOVABLE|__GFP_ZERO), order=0, oom_score_adj=0
[63984.287239] CPU: 19 PID: 7309 Comm: db_bench Not tainted 5.14.0 #30
[63984.287242] Hardware name: Dell Inc. PowerEdge C6525/04DK47, BIOS 2.0.3 01/15/2021
[63984.287244] Call Trace:
[63984.287247]  dump_stack_lvl+0x4a/0x5f
[63984.287254]  dump_stack+0x10/0x12
[63984.287255]  dump_header+0x4f/0x210
[63984.287260]  oom_kill_process+0xec/0x140
[63984.287262]  out_of_memory+0x117/0x590
[63984.287264]  __alloc_pages_slowpath.constprop.122+0xa55/0xd70
[63984.287268]  __alloc_pages+0x2db/0x320
[63984.287270]  alloc_pages_vma+0x88/0x220
[63984.287273]  __handle_mm_fault+0xa3f/0x1270
[63984.287276]  handle_mm_fault+0xd9/0x2b0
[63984.287277]  do_user_addr_fault+0x1e0/0x6e0
[63984.287281]  exc_page_fault+0x76/0x150
[63984.287283]  ? asm_exc_page_fault+0x8/0x30
[63984.287286]  asm_exc_page_fault+0x1e/0x30
[63984.287288] RIP: 0033:0x7f30c5d42ea7
[63984.287291] Code: 47 20 c5 fe 7f 44 17 c0 c5 fe 7f 47 40 c5 fe 7f 44 17 a0 c5 fe 7f 47 60 c5 fe 7f 44 17 80 48 01 fa 48 83 e2 80 48 39 d1 74 ba <c5> fd 7f 01 c5 fd 7f 41 20 c5 fd 7f 41 40 c5 fd 7f 41 60 48 81 c1
[63984.287293] RSP: 002b:00007f30bb7fd368 EFLAGS: 00010206
[63984.287295] RAX: 00007f30917fc010 RBX: 00007f3098000ca0 RCX: 00007f3091bdd000
[63984.287296] RDX: 00007f30937fc000 RSI: 0000000000000000 RDI: 00007f30917fc010
[63984.287297] RBP: 00007f30bb7fd380 R08: 00000000ffffffff R09: 0000000000000000
[63984.287299] R10: 0000000000000022 R11: 0000000000000246 R12: 0000000000080000
[63984.287300] R13: 00007f30bb7fd730 R14: 00007f30bb7fd810 R15: fffffffffffffca0
[63984.287302] Mem-Info:
[63984.287307] active_anon:132 inactive_anon:14071 isolated_anon:0
                active_file:1872 inactive_file:3860 isolated_file:0
                unevictable:768 dirty:31 writeback:0
                slab_reclaimable:14593 slab_unreclaimable:87528
                mapped:3747 shmem:769 pagetables:1225 bounce:0
                free:149318 free_pcp:60 free_cma:0
[63984.287311] Node 0 active_anon:528kB inactive_anon:56284kB active_file:7488kB inactive_file:15440kB unevictable:3072kB isolated(anon):0kB isolated(file):0kB mapped:14988kB dirty:124kB writeback:0kB shmem:3076kB shmem_thp: 0kB shmem_pmdmapped: 0kB anon_thp: 0kB writeback_tmp:0kB kernel_stack:9472kB pagetables:4900kB all_unreclaimable? no
[63984.287315] Node 0 DMA free:11264kB min:4kB low:16kB high:28kB reserved_highatomic:0KB active_anon:0kB inactive_anon:0kB active_file:0kB inactive_file:0kB unevictable:0kB writepending:0kB present:15992kB managed:15360kB mlocked:0kB bounce:0kB free_pcp:0kB local_pcp:0kB free_cma:0kB
[63984.287320] lowmem_reserve[]: 0 776 127598 127598 127598
[63984.287323] Node 0 DMA32 free:507636kB min:408kB low:1200kB high:1992kB reserved_highatomic:2048KB active_anon:0kB inactive_anon:0kB active_file:0kB inactive_file:0kB unevictable:0kB writepending:0kB present:1682240kB managed:1616700kB mlocked:0kB bounce:0kB free_pcp:0kB local_pcp:0kB free_cma:0kB
[63984.287326] lowmem_reserve[]: 0 0 126822 126822 126822
[63984.287330] Node 0 Normal free:78372kB min:247388kB low:377252kB high:507116kB reserved_highatomic:4096KB active_anon:528kB inactive_anon:56284kB active_file:7992kB inactive_file:15440kB unevictable:3072kB writepending:124kB present:132106240kB managed:129874164kB mlocked:0kB bounce:0kB free_pcp:8kB local_pcp:0kB free_cma:0kB
[63984.287333] lowmem_reserve[]: 0 0 0 0 0
[63984.287335] Node 0 DMA: 0*4kB 0*8kB 0*16kB 0*32kB 0*64kB 0*128kB 0*256kB 0*512kB 1*1024kB (U) 1*2048kB (M) 2*4096kB (M) = 11264kB
[63984.287344] Node 0 DMA32: 7*4kB (UMEH) 5*8kB (UME) 7*16kB (UMEH) 4*32kB (ME) 5*64kB (UME) 5*128kB (UMEH) 4*256kB (ME) 5*512kB (MEH) 3*1024kB (ME) 4*2048kB (ME) 120*4096kB (ME) = 507636kB
[63984.287354] Node 0 Normal: 10370*4kB (UME) 3364*8kB (UME) 959*16kB (UME) 6*32kB (UE) 1*64kB (M) 0*128kB 0*256kB 0*512kB 0*1024kB 0*2048kB 0*4096kB = 83992kB
[63984.287363] Node 0 hugepages_total=0 hugepages_free=0 hugepages_surp=0 hugepages_size=1048576kB
[63984.287364] Node 0 hugepages_total=0 hugepages_free=0 hugepages_surp=0 hugepages_size=2048kB
[63984.287366] 7524 total pagecache pages
[63984.287366] 488 pages in swap cache
[63984.287367] Swap cache stats: add 2069779, delete 2070116, find 182011/342682
[63984.287368] Free swap  = 3083896kB
[63984.287369] Total swap = 3145724kB
[63984.287369] 33451118 pages RAM
[63984.287370] 0 pages HighMem/MovableOnly
[63984.287370] 574562 pages reserved
[63984.287371] 0 pages cma reserved
[63984.287371] 0 pages hwpoisoned
[63984.287372] Unreclaimable slab info:
[63984.287372] Name                      Used          Total
[63984.287374] mlx5_fs_ftes             253KB        253KB
[63984.287376] mlx5_fs_fgs               63KB         63KB
[63984.287377] scsi_sense_cache          32KB         32KB
[63984.287379] RAWv6                    123KB        123KB
[63984.287380] UDPv6                   1417KB       1417KB
[63984.287382] TCPv6                     92KB         92KB
[63984.287384] mqueue_inode_cache         31KB         31KB
[63984.287387] ext4_system_zone          39KB         39KB
[63984.287389] PING                    1600KB       1600KB
[63984.287390] RAW                       96KB         96KB
[63984.287391] tw_sock_TCP              295KB        295KB
[63984.287392] request_sock_TCP         739KB        739KB
[63984.287393] TCP                     1439KB       1439KB
[63984.287394] hugetlbfs_inode_cache         63KB         63KB
[63984.287395] ep_head                  192KB        192KB
[63984.287396] request_queue             62KB         62KB
[63984.287398] biovec-max              4612KB       4708KB
[63984.287399] biovec-128              1600KB       1600KB
[63984.287400] biovec-64               1536KB       1536KB
[63984.287401] dmaengine-unmap-256         30KB         30KB
[63984.287402] dmaengine-unmap-128         31KB         31KB
[63984.287403] dmaengine-unmap-16       4024KB       4024KB
[63984.287404] skbuff_fclone_cache        768KB        768KB
[63984.287406] skbuff_head_cache       1206KB       1224KB
[63984.287406] file_lock_cache          359KB        359KB
[63984.287407] file_lock_ctx            107KB        107KB
[63984.287408] fsnotify_mark_connector        192KB        192KB
[63984.287410] task_delay_info          111KB        111KB
[63984.287411] taskstats                674KB        674KB
[63984.287412] proc_dir_entry           732KB        732KB
[63984.287413] pde_opener               191KB        191KB
[63984.287413] seq_file                 191KB        191KB
[63984.287414] shmem_inode_cache       2192KB       2192KB
[63984.287415] kernfs_node_cache       8920KB       8920KB
[63984.287416] mnt_cache                302KB        302KB
[63984.287418] filp                    3767KB       3776KB
[63984.287419] names_cache             1536KB       1536KB
[63984.287420] lsm_file_cache           266KB        266KB
[63984.287421] vm_area_struct          4695KB       4695KB
[63984.287422] mm_struct               1657KB       1657KB
[63984.287423] files_cache             1581KB       1581KB
[63984.287423] signal_cache            2173KB       2173KB
[63984.287424] sighand_cache           2877KB       2877KB
[63984.287425] task_struct             6199KB       6199KB
[63984.287426] cred_jar                 693KB        693KB
[63984.287427] anon_vma_chain          2044KB       2044KB
[63984.287427] anon_vma                1921KB       1921KB
[63984.287428] pid                      304KB        304KB
[63984.287429] irq_remap_cache          384KB        384KB
[63984.287430] Acpi-Operand             811KB        811KB
[63984.287432] Acpi-ParseExt             47KB         47KB
[63984.287433] Acpi-State               191KB        191KB
[63984.287434] numa_policy               15KB         15KB
[63984.287434] perf_event              1508KB       1508KB
[63984.287435] trace_event_file         316KB        316KB
[63984.287436] ftrace_event_field        386KB        386KB
[63984.287437] pool_workqueue           392KB        392KB
[63984.287438] task_group               756KB        756KB
[63984.287462] vmap_area              18942KB      19072KB
[63984.287464] kmalloc-cg-8k            128KB        128KB
[63984.287465] kmalloc-cg-4k           1536KB       1536KB
[63984.287465] kmalloc-cg-2k           1344KB       1344KB
[63984.287466] kmalloc-cg-1k           1600KB       1600KB
[63984.287467] kmalloc-cg-512           832KB        832KB
[63984.287468] kmalloc-cg-256           144KB        144KB
[63984.287468] kmalloc-cg-192           378KB        378KB
[63984.287469] kmalloc-cg-96            157KB        157KB
[63984.287470] kmalloc-cg-64            192KB        192KB
[63984.287471] kmalloc-cg-32            192KB        192KB
[63984.287471] kmalloc-cg-16            192KB        192KB
[63984.287472] kmalloc-cg-8             192KB        192KB
[63984.287472] kmalloc-8k             65440KB      65440KB
[63984.287474] kmalloc-4k              7332KB       7428KB
[63984.287475] kmalloc-2k             87052KB      87160KB
[63984.287476] kmalloc-1k              5888KB       5888KB
[63984.287476] kmalloc-512            18048KB      18048KB
[63984.287477] kmalloc-256             1280KB       1280KB
[63984.287478] kmalloc-192              724KB        724KB
[63984.287478] kmalloc-128              904KB        904KB
[63984.287479] kmalloc-96             16399KB      16399KB
[63984.287480] kmalloc-64              2444KB       2444KB
[63984.287481] kmalloc-32              1488KB       1488KB
[63984.287482] kmalloc-16               336KB        336KB
[63984.287482] kmalloc-8                276KB        276KB
[63984.287483] kmem_cache_node           24KB         24KB
[63984.287484] kmem_cache                72KB         72KB
[63984.287484] Tasks state (memory values in pages):
[63984.287485] [  pid  ]   uid  tgid total_vm      rss pgtables_bytes swapents oom_score_adj name
[63984.287492] [    744]     0   744    29652     1237   249856      360             0 systemd-journal
[63984.287495] [    750]     0   750    26479        0    98304       57             0 lvmetad
[63984.287497] [    754]     0   754    10826        0   114688      449         -1000 systemd-udevd
[63984.287500] [    996]     0   996    11903        0   131072      139             0 rpcbind
[63984.287502] [    998]   101   998    17625        0   176128      152             0 systemd-resolve
[63984.287504] [   1002]   103  1002    12517        1   147456      170          -900 dbus-daemon
[63984.287506] [   1004]     0  1004    42595        1   233472     1941             0 networkd-dispat
[63984.287508] [   1005]     0  1005    27759      403   122880       99             0 irqbalance
[63984.287510] [   1006]     0  1006     7833        0   102400       91             0 cron
[63984.287512] [   1010]     0  1010    17619        0   176128      174             0 systemd-logind
[63984.287514] [   1012]     0  1012    71916      218   192512      228             0 accounts-daemon
[63984.287515] [   1037]   102  1037    66819      167   167936      387             0 rsyslogd
[63984.287517] [   1041]     0  1041    72223        0   208896      230             0 polkitd
[63984.287519] [   1049]     0  1049     8709        1   106496     1775             0 ntpstart
[63984.287520] [   1053]     0  1053    18078        0   184320      207         -1000 sshd
[63984.287523] [   1107]   100  1107    20015       10   184320      178             0 systemd-network
[63984.287525] [   1187]     0  1187     3992        0    81920       35             0 agetty
[63984.287527] [   1212]     0  1212     2747      282    61440       42             0 slothd
[63984.287528] [   1215]     0  1215     4048        0    77824       37             0 agetty
[63984.287530] [   1237]     0  1237     5686        0    77824      113             0 pubsubd
[63984.287532] [   1340]     0  1340     1136        0    53248       27             0 emulab-syncd
[63984.287533] [   1346]     0  1346    11274        0   118784     2245             0 rc.progagent
[63984.287535] [   1347]  2002  1347     8882        0   114688      141             0 program-agent
[63984.287537] [   1399]     0  1399     6200        0    86016      110             0 linktest
[63984.287538] [   1414]   107  1414    26945       33   126976      154             0 ntpd
[63984.287540] [   4689] 20002  4689    19131        0   192512      259             0 systemd
[63984.287542] [   4690] 20002  4690    27870        0   245760      542             0 (sd-pam)
[63984.287544] [   4742] 20002  4742    13273      697   143360      220             0 mosh-server
[63984.287545] [   4743] 20002  4743     5334        1    90112      149             0 tcsh
[63984.287547] [   4749] 20002  4749     5676        1    81920      427             0 bash
[63984.287548] [   4791] 20002  4791     3257      514    69632       29             0 rocksdb-exp-tes
[63984.287550] [   7287] 20002  7287    21487      882   118784        0             0 time
[63984.287552] [   7296] 20002  7296   463116    15921   512000        0             0 db_bench
[63984.287553] oom-kill:constraint=CONSTRAINT_NONE,nodemask=(null),cpuset=/,mems_allowed=0,global_oom,task_memcg=/,task=db_bench,pid=7296,uid=20002
[63984.287577] Out of memory: Killed process 7296 (db_bench) total-vm:1852464kB, anon-rss:55196kB, file-rss:8488kB, shmem-rss:0kB, UID:20002 pgtables:500kB oom_score_adj:0
[63984.298206] FinalTaskReport: db_bench:7296 - ra_orig_nr_pages:0, ra_final_nr_pages:0
                                        async_pages:1027, final_async_pages:1255
                                        full_pfetches:0, less256_pfetches:0, partial_pfetches:0
                                        failed_pfetches:0, total_pfetches:0, os_pfetches:61
                                        nr_pages_read:144, nr_pages_hit:108, nr_do_read_fault:155
[63984.307076] oom_reaper: reaped process 7296 (db_bench), now anon-rss:0kB, file-rss:0kB, shmem-rss:0kB
[63984.314666] write_proc: Value of write = 0
[63984.315346] __do_sys_start_cross_trace: PRINT_GLOBAL_STATS 
[63984.315347] Final GlobalReport: nr_pages_read:1347468817, nr_pages_hit:1333692677, nr_do_read_fault:755197, nr_pages_miss:5770108
[63984.319233] FinalTaskReport: time:7287 - ra_orig_nr_pages:0, ra_final_nr_pages:0
                                        async_pages:320, final_async_pages:1061
                                        full_pfetches:0, less256_pfetches:0, partial_pfetches:0
                                        failed_pfetches:0, total_pfetches:0, os_pfetches:46
                                        nr_pages_read:0, nr_pages_hit:0, nr_do_read_fault:115
