ENABLE_FILE_STATS in con
ENABLE_FILE_STATS in con
Command terminated by signal 9
	Command being timed: "./db_bench --db=/users/kannan11/ssd/sudarsun/prefetching/appbench/apps/rocksdb/DATA --value_size=4096 --wal_dir=/users/kannan11/ssd/sudarsun/prefetching/appbench/apps/rocksdb/DATA/WAL_LOG --sync=0 --key_size=1000 --write_buffer_size=67108864 --num=1000000 --benchmarks=readreverse --use_existing_db=1 --mmap_read=0 --threads=16"
	User time (seconds): 0.01
	System time (seconds): 0.69
	Percent of CPU this job got: 648%
	Elapsed (wall clock) time (h:mm:ss or m:ss): 0:00.10
	Average shared text size (kbytes): 0
	Average unshared data size (kbytes): 0
	Average stack size (kbytes): 0
	Average total size (kbytes): 0
	Maximum resident set size (kbytes): 80188
	Average resident set size (kbytes): 0
	Major (requiring I/O) page faults: 115
	Minor (reclaiming a frame) page faults: 39119
	Voluntary context switches: 1284
	Involuntary context switches: 830
	Swaps: 0
	File system inputs: 15128
	File system outputs: 40
	Socket messages sent: 0
	Socket messages received: 0
	Signals delivered: 0
	Page size (bytes): 4096
	Exit status: 0
DESTRUCTOR GETTING CALLED 
PRINT_GLOBAL_STATS in dest
[63940.740688] sh (6923): drop_caches: 3
[63940.769672] sh (6928): drop_caches: 3
[63945.805309] Enabled file stats for time:6935
[63945.805527] write_proc: Value of write = 0
[63945.811566] Enabled file stats for db_bench:6944
[63945.811762] write_proc: Value of write = 0
[63945.881987] db_bench invoked oom-killer: gfp_mask=0x1100dca(GFP_HIGHUSER_MOVABLE|__GFP_ZERO), order=0, oom_score_adj=0
[63945.881998] CPU: 4 PID: 6956 Comm: db_bench Not tainted 5.14.0 #30
[63945.882001] Hardware name: Dell Inc. PowerEdge C6525/04DK47, BIOS 2.0.3 01/15/2021
[63945.882003] Call Trace:
[63945.882006]  dump_stack_lvl+0x4a/0x5f
[63945.882013]  dump_stack+0x10/0x12
[63945.882015]  dump_header+0x4f/0x210
[63945.882020]  oom_kill_process+0xec/0x140
[63945.882022]  out_of_memory+0x117/0x590
[63945.882024]  __alloc_pages_slowpath.constprop.122+0xa55/0xd70
[63945.882029]  __alloc_pages+0x2db/0x320
[63945.882031]  alloc_pages_vma+0x88/0x220
[63945.882034]  __handle_mm_fault+0xa3f/0x1270
[63945.882037]  ? asm_sysvec_call_function+0x12/0x20
[63945.882041]  handle_mm_fault+0xd9/0x2b0
[63945.882043]  do_user_addr_fault+0x1e0/0x6e0
[63945.882047]  exc_page_fault+0x76/0x150
[63945.882049]  ? asm_exc_page_fault+0x8/0x30
[63945.882051]  asm_exc_page_fault+0x1e/0x30
[63945.882053] RIP: 0033:0x7f30ce991ea7
[63945.882056] Code: 47 20 c5 fe 7f 44 17 c0 c5 fe 7f 47 40 c5 fe 7f 44 17 a0 c5 fe 7f 47 60 c5 fe 7f 44 17 80 48 01 fa 48 83 e2 80 48 39 d1 74 ba <c5> fd 7f 01 c5 fd 7f 41 20 c5 fd 7f 41 40 c5 fd 7f 41 60 48 81 c1
[63945.882058] RSP: 002b:00007f30c8ff6368 EFLAGS: 00010206
[63945.882060] RAX: 00007f308fffe010 RBX: 00007f30b0000ca0 RCX: 00007f3090a21000
[63945.882061] RDX: 00007f3091ffe000 RSI: 0000000000000000 RDI: 00007f308fffe010
[63945.882063] RBP: 00007f30c8ff6380 R08: 00000000ffffffff R09: 0000000000000000
[63945.882064] R10: 0000000000000022 R11: 0000000000000246 R12: 0000000000080000
[63945.882065] R13: 00007f30c8ff6730 R14: 00007f30c8ff6810 R15: fffffffffffffca0
[63945.882069] Mem-Info:
[63945.882074] active_anon:47 inactive_anon:20144 isolated_anon:119
                active_file:302 inactive_file:179 isolated_file:8
                unevictable:768 dirty:176 writeback:150
                slab_reclaimable:14624 slab_unreclaimable:87355
                mapped:175 shmem:773 pagetables:1230 bounce:0
                free:148617 free_pcp:0 free_cma:0
[63945.882079] Node 0 active_anon:188kB inactive_anon:80576kB active_file:1208kB inactive_file:716kB unevictable:3072kB isolated(anon):476kB isolated(file):32kB mapped:700kB dirty:704kB writeback:600kB shmem:3092kB shmem_thp: 0kB shmem_pmdmapped: 0kB anon_thp: 0kB writeback_tmp:0kB kernel_stack:9456kB pagetables:4920kB all_unreclaimable? no
[63945.882087] Node 0 DMA free:11264kB min:4kB low:16kB high:28kB reserved_highatomic:0KB active_anon:0kB inactive_anon:0kB active_file:0kB inactive_file:0kB unevictable:0kB writepending:0kB present:15992kB managed:15360kB mlocked:0kB bounce:0kB free_pcp:0kB local_pcp:0kB free_cma:0kB
[63945.882094] lowmem_reserve[]: 0 776 127598 127598 127598
[63945.882099] Node 0 DMA32 free:507608kB min:408kB low:1200kB high:1992kB reserved_highatomic:0KB active_anon:0kB inactive_anon:0kB active_file:0kB inactive_file:0kB unevictable:0kB writepending:0kB present:1682240kB managed:1616700kB mlocked:0kB bounce:0kB free_pcp:0kB local_pcp:0kB free_cma:0kB
[63945.882106] lowmem_reserve[]: 0 0 126822 126822 126822
[63945.882111] Node 0 Normal free:75596kB min:183900kB low:313764kB high:443628kB reserved_highatomic:4096KB active_anon:188kB inactive_anon:80576kB active_file:1208kB inactive_file:716kB unevictable:3072kB writepending:1552kB present:132106240kB managed:129874164kB mlocked:0kB bounce:0kB free_pcp:104kB local_pcp:0kB free_cma:0kB
[63945.882118] lowmem_reserve[]: 0 0 0 0 0
[63945.882121] Node 0 DMA: 0*4kB 0*8kB 0*16kB 0*32kB 0*64kB 0*128kB 0*256kB 0*512kB 1*1024kB (U) 1*2048kB (M) 2*4096kB (M) = 11264kB
[63945.882135] Node 0 DMA32: 5*4kB (UME) 4*8kB (ME) 6*16kB (UME) 6*32kB (UME) 5*64kB (UME) 5*128kB (UME) 4*256kB (ME) 5*512kB (UME) 3*1024kB (ME) 4*2048kB (ME) 120*4096kB (ME) = 507668kB
[63945.882153] Node 0 Normal: 9886*4kB (UME) 3435*8kB (UME) 917*16kB (UME) 10*32kB (UE) 0*64kB 0*128kB 0*256kB 0*512kB 0*1024kB 0*2048kB 0*4096kB = 82016kB
[63945.882169] Node 0 hugepages_total=0 hugepages_free=0 hugepages_surp=0 hugepages_size=1048576kB
[63945.882183] Node 0 hugepages_total=0 hugepages_free=0 hugepages_surp=0 hugepages_size=2048kB
[63945.882185] 1810 total pagecache pages
[63945.882188] 384 pages in swap cache
[63945.882191] Swap cache stats: add 1958174, delete 1958210, find 173943/322973
[63945.882194] Free swap  = 3008888kB
[63945.882195] Total swap = 3145724kB
[63945.882196] 33451118 pages RAM
[63945.882197] 0 pages HighMem/MovableOnly
[63945.882198] 574562 pages reserved
[63945.882199] 0 pages cma reserved
[63945.882199] 0 pages hwpoisoned
[63945.882201] Unreclaimable slab info:
[63945.882202] Name                      Used          Total
[63945.882205] mlx5_fs_ftes             253KB        253KB
[63945.882208] mlx5_fs_fgs               63KB         63KB
[63945.882210] scsi_sense_cache          32KB         32KB
[63945.882214] RAWv6                    123KB        123KB
[63945.882215] UDPv6                   1417KB       1417KB
[63945.882218] TCPv6                     92KB         92KB
[63945.882221] mqueue_inode_cache         31KB         31KB
[63945.882227] ext4_system_zone          39KB         39KB
[63945.882232] PING                    1600KB       1600KB
[63945.882235] RAW                       96KB         96KB
[63945.882237] tw_sock_TCP              295KB        295KB
[63945.882239] request_sock_TCP         739KB        739KB
[63945.882240] TCP                     1439KB       1439KB
[63945.882243] hugetlbfs_inode_cache         63KB         63KB
[63945.882246] ep_head                  192KB        192KB
[63945.882247] request_queue             62KB         62KB
[63945.882249] biovec-max              4644KB       4708KB
[63945.882251] biovec-128              1600KB       1600KB
[63945.882252] biovec-64               1536KB       1536KB
[63945.882255] dmaengine-unmap-256         30KB         30KB
[63945.882256] dmaengine-unmap-128         31KB         31KB
[63945.882257] dmaengine-unmap-16       3992KB       3992KB
[63945.882260] skbuff_fclone_cache        768KB        768KB
[63945.882261] skbuff_head_cache       1214KB       1224KB
[63945.882262] file_lock_cache          359KB        359KB
[63945.882265] file_lock_ctx            107KB        107KB
[63945.882266] fsnotify_mark_connector        192KB        192KB
[63945.882268] task_delay_info          111KB        111KB
[63945.882269] taskstats                655KB        655KB
[63945.882270] proc_dir_entry           732KB        732KB
[63945.882273] pde_opener               191KB        191KB
[63945.882274] seq_file                 191KB        191KB
[63945.882275] shmem_inode_cache       2192KB       2192KB
[63945.882278] kernfs_node_cache       8920KB       8920KB
[63945.882279] mnt_cache                302KB        302KB
[63945.882281] filp                    3720KB       3720KB
[63945.882284] names_cache             1536KB       1536KB
[63945.882288] lsm_file_cache           266KB        266KB
[63945.882289] vm_area_struct          4429KB       4429KB
[63945.882291] mm_struct               1657KB       1657KB
[63945.882292] files_cache             1581KB       1581KB
[63945.882293] signal_cache            2173KB       2173KB
[63945.882297] sighand_cache           2877KB       2877KB
[63945.882298] task_struct             6150KB       6150KB
[63945.882299] cred_jar                 653KB        653KB
[63945.882302] anon_vma_chain          1968KB       1968KB
[63945.882304] anon_vma                1857KB       1857KB
[63945.882305] pid                      304KB        304KB
[63945.882307] irq_remap_cache          384KB        384KB
[63945.882309] Acpi-Operand             811KB        811KB
[63945.882311] Acpi-ParseExt             47KB         47KB
[63945.882313] Acpi-State               191KB        191KB
[63945.882314] numa_policy               15KB         15KB
[63945.882315] perf_event              1508KB       1508KB
[63945.882318] trace_event_file         316KB        316KB
[63945.882319] ftrace_event_field        386KB        386KB
[63945.882319] pool_workqueue           392KB        392KB
[63945.882320] task_group               756KB        756KB
[63945.882352] vmap_area              18919KB      19072KB
[63945.882354] kmalloc-cg-8k            128KB        128KB
[63945.882355] kmalloc-cg-4k           1536KB       1536KB
[63945.882356] kmalloc-cg-2k           1312KB       1312KB
[63945.882357] kmalloc-cg-1k           1600KB       1600KB
[63945.882358] kmalloc-cg-512           832KB        832KB
[63945.882359] kmalloc-cg-256           144KB        144KB
[63945.882361] kmalloc-cg-192           378KB        378KB
[63945.882362] kmalloc-cg-96            153KB        153KB
[63945.882363] kmalloc-cg-64            192KB        192KB
[63945.882365] kmalloc-cg-32            192KB        192KB
[63945.882365] kmalloc-cg-16            192KB        192KB
[63945.882367] kmalloc-cg-8             192KB        192KB
[63945.882368] kmalloc-8k             65440KB      65440KB
[63945.882369] kmalloc-4k              7332KB       7428KB
[63945.882370] kmalloc-2k             87104KB      87104KB
[63945.882372] kmalloc-1k              5888KB       5888KB
[63945.882373] kmalloc-512            18000KB      18000KB
[63945.882373] kmalloc-256             1280KB       1280KB
[63945.882375] kmalloc-192              724KB        724KB
[63945.882376] kmalloc-128              904KB        904KB
[63945.882377] kmalloc-96             16395KB      16395KB
[63945.882378] kmalloc-64              2440KB       2440KB
[63945.882378] kmalloc-32              1488KB       1488KB
[63945.882380] kmalloc-16               336KB        336KB
[63945.882381] kmalloc-8                276KB        276KB
[63945.882383] kmem_cache_node           24KB         24KB
[63945.882385] kmem_cache                72KB         72KB
[63945.882386] Tasks state (memory values in pages):
[63945.882387] [  pid  ]   uid  tgid total_vm      rss pgtables_bytes swapents oom_score_adj name
[63945.882400] [    744]     0   744    29652       26   249856      366             0 systemd-journal
[63945.882405] [    750]     0   750    26479        0    98304       57             0 lvmetad
[63945.882411] [    754]     0   754    10826        0   114688      459         -1000 systemd-udevd
[63945.882414] [    996]     0   996    11903        0   131072      125             0 rpcbind
[63945.882417] [    998]   101   998    17625        0   176128      136             0 systemd-resolve
[63945.882421] [   1002]   103  1002    12517        1   147456      170          -900 dbus-daemon
[63945.882425] [   1004]     0  1004    42595        1   233472     1941             0 networkd-dispat
[63945.882428] [   1005]     0  1005    27759        0   122880      217             0 irqbalance
[63945.882432] [   1006]     0  1006     7833        0   102400       88             0 cron
[63945.882435] [   1010]     0  1010    17619        0   176128      174             0 systemd-logind
[63945.882438] [   1012]     0  1012    71916       21   192512      264             0 accounts-daemon
[63945.882441] [   1037]   102  1037    66819        0   167936      454             0 rsyslogd
[63945.882446] [   1041]     0  1041    72223        0   208896      230             0 polkitd
[63945.882448] [   1049]     0  1049     8709        1   106496     1775             0 ntpstart
[63945.882449] [   1053]     0  1053    18078        0   184320      204         -1000 sshd
[63945.882454] [   1107]   100  1107    20015        0   184320      196             0 systemd-network
[63945.882457] [   1187]     0  1187     3992        0    81920       35             0 agetty
[63945.882460] [   1212]     0  1212     2747        0    61440       63             0 slothd
[63945.882463] [   1215]     0  1215     4048        0    77824       37             0 agetty
[63945.882467] [   1237]     0  1237     5686        0    77824      113             0 pubsubd
[63945.882470] [   1340]     0  1340     1136        0    53248       27             0 emulab-syncd
[63945.882473] [   1346]     0  1346    11274        0   118784     2245             0 rc.progagent
[63945.882476] [   1347]  2002  1347     8882        0   114688      141             0 program-agent
[63945.882480] [   1399]     0  1399     6200        0    86016      110             0 linktest
[63945.882483] [   1414]   107  1414    26945       15   126976      158             0 ntpd
[63945.882487] [   4689] 20002  4689    19131        0   192512      259             0 systemd
[63945.882490] [   4690] 20002  4690    27870        0   245760      542             0 (sd-pam)
[63945.882493] [   4742] 20002  4742    13273      121   143360      353             0 mosh-server
[63945.882496] [   4743] 20002  4743     5334        1    90112      149             0 tcsh
[63945.882500] [   4749] 20002  4749     5676        1    81920      427             0 bash
[63945.882502] [   4791] 20002  4791     3257       71    69632       53             0 rocksdb-exp-tes
[63945.882506] [   6935] 20002  6935    21487       55   110592       71             0 time
[63945.882508] [   6944] 20002  6944   463116    19647   741376    18924             0 db_bench
[63945.882511] oom-kill:constraint=CONSTRAINT_NONE,nodemask=(null),cpuset=/,mems_allowed=0,global_oom,task_memcg=/,task=db_bench,pid=6944,uid=20002
[63945.882559] Out of memory: Killed process 6944 (db_bench) total-vm:1852464kB, anon-rss:78304kB, file-rss:232kB, shmem-rss:0kB, UID:20002 pgtables:724kB oom_score_adj:0
[63945.905425] FinalTaskReport: db_bench:6944 - ra_orig_nr_pages:0, ra_final_nr_pages:0
                                        async_pages:952, final_async_pages:1256
                                        full_pfetches:0, less256_pfetches:0, partial_pfetches:0
                                        failed_pfetches:0, total_pfetches:0, os_pfetches:62
                                        nr_pages_read:144, nr_pages_hit:108, nr_do_read_fault:158
[63945.914670] oom_reaper: reaped process 6944 (db_bench), now anon-rss:0kB, file-rss:0kB, shmem-rss:0kB
[63945.918607] write_proc: Value of write = 0
[63945.919759] __do_sys_start_cross_trace: PRINT_GLOBAL_STATS 
[63945.919760] Final GlobalReport: nr_pages_read:1347456324, nr_pages_hit:1333685544, nr_do_read_fault:682423, nr_pages_miss:5769481
[63945.923594] FinalTaskReport: time:6935 - ra_orig_nr_pages:0, ra_final_nr_pages:0
                                        async_pages:320, final_async_pages:664
                                        full_pfetches:0, less256_pfetches:0, partial_pfetches:0
                                        failed_pfetches:0, total_pfetches:0, os_pfetches:35
                                        nr_pages_read:0, nr_pages_hit:0, nr_do_read_fault:108
