+ REDISROOT=/users/skannan/ssd/NVM/appbench/redis-5.0.5
+ REDISCONF=/users/skannan/ssd/NVM/appbench/redis-5.0.5/config
+ APPBASE=/users/skannan/ssd/NVM/appbench/redis-5.0.5/src
+ APP=/users/skannan/ssd/NVM/appbench/redis-5.0.5/src/pagerank
+ PARAM=
+ OUTPUT=
+ READS=1000000
+ KEYS=1000000
+ CLIPREFIX='numactl --preferred=0'
+ PHYSCPU=--physcpubind
+ let MAXINST=4
+ let STARTPORT=6378
+ let SERVERCPU=20
+ let DATASIZE=4096
+ let physcpu=0
+ let physcpu2=1
+ cd /users/skannan/ssd/NVM/appbench/redis-5.0.5/src
+ CLEAN
+ (( b=1 ))
+ (( b<=4 ))
+ rm -rf '*.rdb'
+ rm -rf '*.aof'
+ sudo killall redis-server1
redis-server1: no process found
+ appname=redis-server1
+ sudo kill -9 redis-server1
kill: failed to parse argument: 'redis-server1'
+ sudo killall redis-server1
redis-server1: no process found
+ echo 'KILLING redis-server1'
KILLING redis-server1
+ sudo kill -9 redis-server1
kill: failed to parse argument: 'redis-server1'
+ (( b++  ))
+ (( b<=4 ))
+ rm -rf '*.rdb'
+ rm -rf '*.aof'
+ sudo killall redis-server2
redis-server2: no process found
+ appname=redis-server2
+ sudo kill -9 redis-server2
kill: failed to parse argument: 'redis-server2'
+ sudo killall redis-server2
redis-server2: no process found
+ echo 'KILLING redis-server2'
KILLING redis-server2
+ sudo kill -9 redis-server2
kill: failed to parse argument: 'redis-server2'
+ (( b++  ))
+ (( b<=4 ))
+ rm -rf '*.rdb'
+ rm -rf '*.aof'
+ sudo killall redis-server3
redis-server3: no process found
+ appname=redis-server3
+ sudo kill -9 redis-server3
kill: failed to parse argument: 'redis-server3'
+ sudo killall redis-server3
redis-server3: no process found
+ echo 'KILLING redis-server3'
KILLING redis-server3
+ sudo kill -9 redis-server3
kill: failed to parse argument: 'redis-server3'
+ (( b++  ))
+ (( b<=4 ))
+ rm -rf '*.rdb'
+ rm -rf '*.aof'
+ sudo killall redis-server4
redis-server4: no process found
+ appname=redis-server4
+ sudo kill -9 redis-server4
kill: failed to parse argument: 'redis-server4'
+ sudo killall redis-server4
redis-server4: no process found
+ echo 'KILLING redis-server4'
KILLING redis-server4
+ sudo kill -9 redis-server4
kill: failed to parse argument: 'redis-server4'
+ (( b++  ))
+ (( b<=4 ))
+ sudo killall redis-benchmark
redis-benchmark: no process found
+ sudo killall redis-benchmark
redis-benchmark: no process found
+ sleep 5
+ PREPARE
+ (( inst=1 ))
+ (( inst<=4 ))
+ cd /users/skannan/ssd/NVM/appbench/redis-5.0.5/src
+ sudo rm redis-server1 redis-benchmark1
+ cp redis-server redis-server1
+ cp redis-benchmark redis-benchmark1
+ cd /users/skannan/ssd/NVM/appbench
+ (( inst++  ))
+ (( inst<=4 ))
+ cd /users/skannan/ssd/NVM/appbench/redis-5.0.5/src
+ sudo rm redis-server2 redis-benchmark2
+ cp redis-server redis-server2
+ cp redis-benchmark redis-benchmark2
+ cd /users/skannan/ssd/NVM/appbench
+ (( inst++  ))
+ (( inst<=4 ))
+ cd /users/skannan/ssd/NVM/appbench/redis-5.0.5/src
+ sudo rm redis-server3 redis-benchmark3
+ cp redis-server redis-server3
+ cp redis-benchmark redis-benchmark3
+ cd /users/skannan/ssd/NVM/appbench
+ (( inst++  ))
+ (( inst<=4 ))
+ cd /users/skannan/ssd/NVM/appbench/redis-5.0.5/src
+ sudo rm redis-server4 redis-benchmark4
+ cp redis-server redis-server4
+ cp redis-benchmark redis-benchmark4
+ cd /users/skannan/ssd/NVM/appbench
+ (( inst++  ))
+ (( inst<=4 ))
+ FlushDisk
+ sudo sh -c 'echo 3 > /proc/sys/vm/drop_caches'
+ sudo sh -c sync
+ sudo sh -c sync
+ sudo sh -c 'echo 3 > /proc/sys/vm/drop_caches'
+ cd /users/skannan/ssd/NVM/appbench/shared_data
+ RUN
+ let port=6378
+ let physcpu=20
+ let physcpu2=20+1
+ (( r=1 ))
+ (( r<=4 ))
+ let port=6378+1
+ let physcpu=20+2
+ let physcpu2=21+2
+ sleep 1
+ LD_PRELOAD=/users/skannan/ssd/NVM/appbench/shared_libs/construct/libmigration.so
+ numactl --preferred=0 --physcpubind=20,21 /users/skannan/ssd/NVM/appbench/redis-5.0.5/src/redis-server1 /users/skannan/ssd/NVM/appbench/redis-5.0.5/config/redis-6378.conf
initiating tracing...
initiating tracing...
4883:C 29 Jul 2019 07:34:37.810 # oO0OoO0OoO0Oo Redis is starting oO0OoO0OoO0Oo
4883:C 29 Jul 2019 07:34:37.810 # Redis version=5.0.5, bits=64, commit=ca9ca7e7, modified=1, pid=4883, just started
4883:C 29 Jul 2019 07:34:37.810 # Configuration loaded
4883:M 29 Jul 2019 07:34:37.811 # You requested maxclients of 10000 requiring at least 10032 max file descriptors.
4883:M 29 Jul 2019 07:34:37.811 # Server can't set maximum open files to 10032 because of OS error: Operation not permitted.
4883:M 29 Jul 2019 07:34:37.811 # Current maximum open files is 4096. maxclients has been reduced to 4064 to compensate for low ulimit. If you need higher maxclients increase 'ulimit -n'.
                _._                                                  
           _.-``__ ''-._                                             
      _.-``    `.  `_.  ''-._           Redis 5.0.5 (ca9ca7e7/1) 64 bit
  .-`` .-```.  ```\/    _.,_ ''-._                                   
 (    '      ,       .-`  | `,    )     Running in standalone mode
 |`-._`-...-` __...-.``-._|'` _.-'|     Port: 6378
 |    `-._   `._    /     _.-'    |     PID: 4883
  `-._    `-._  `-./  _.-'    _.-'                                   
 |`-._`-._    `-.__.-'    _.-'_.-'|                                  
 |    `-._`-._        _.-'_.-'    |           http://redis.io        
  `-._    `-._`-.__.-'_.-'    _.-'                                   
 |`-._`-._    `-.__.-'    _.-'_.-'|                                  
 |    `-._`-._        _.-'_.-'    |                                  
  `-._    `-._`-.__.-'_.-'    _.-'                                   
      `-._    `-.__.-'    _.-'                                       
          `-._        _.-'                                           
              `-.__.-'                                               

4883:M 29 Jul 2019 07:34:37.827 # WARNING: The TCP backlog setting of 511 cannot be enforced because /proc/sys/net/core/somaxconn is set to the lower value of 128.
4883:M 29 Jul 2019 07:34:37.827 # Server initialized
4883:M 29 Jul 2019 07:34:37.827 # WARNING overcommit_memory is set to 0! Background save may fail under low memory condition. To fix this issue add 'vm.overcommit_memory = 1' to /etc/sysctl.conf and then reboot or run the command 'sysctl vm.overcommit_memory=1' for this to take effect.
4883:M 29 Jul 2019 07:34:37.827 # WARNING you have Transparent Huge Pages (THP) support enabled in your kernel. This will create latency and memory usage issues with Redis. To fix this issue run the command 'echo never > /sys/kernel/mm/transparent_hugepage/enabled' as root, and add it to your /etc/rc.local in order to retain the setting after a reboot. Redis must be restarted after THP is disabled.
4883:M 29 Jul 2019 07:34:37.827 * Ready to accept connections
+ (( r++ ))
+ (( r<=4 ))
+ let port=6379+1
+ let physcpu=22+2
+ let physcpu2=23+2
+ sleep 1
+ LD_PRELOAD=/users/skannan/ssd/NVM/appbench/shared_libs/construct/libmigration.so
+ numactl --preferred=0 --physcpubind=22,23 /users/skannan/ssd/NVM/appbench/redis-5.0.5/src/redis-server2 /users/skannan/ssd/NVM/appbench/redis-5.0.5/config/redis-6379.conf
initiating tracing...
initiating tracing...
4888:C 29 Jul 2019 07:34:38.768 # oO0OoO0OoO0Oo Redis is starting oO0OoO0OoO0Oo
4888:C 29 Jul 2019 07:34:38.768 # Redis version=5.0.5, bits=64, commit=ca9ca7e7, modified=1, pid=4888, just started
4888:C 29 Jul 2019 07:34:38.768 # Configuration loaded
4888:M 29 Jul 2019 07:34:38.768 # You requested maxclients of 10000 requiring at least 10032 max file descriptors.
4888:M 29 Jul 2019 07:34:38.768 # Server can't set maximum open files to 10032 because of OS error: Operation not permitted.
4888:M 29 Jul 2019 07:34:38.768 # Current maximum open files is 4096. maxclients has been reduced to 4064 to compensate for low ulimit. If you need higher maxclients increase 'ulimit -n'.
                _._                                                  
           _.-``__ ''-._                                             
      _.-``    `.  `_.  ''-._           Redis 5.0.5 (ca9ca7e7/1) 64 bit
  .-`` .-```.  ```\/    _.,_ ''-._                                   
 (    '      ,       .-`  | `,    )     Running in standalone mode
 |`-._`-...-` __...-.``-._|'` _.-'|     Port: 6379
 |    `-._   `._    /     _.-'    |     PID: 4888
  `-._    `-._  `-./  _.-'    _.-'                                   
 |`-._`-._    `-.__.-'    _.-'_.-'|                                  
 |    `-._`-._        _.-'_.-'    |           http://redis.io        
  `-._    `-._`-.__.-'_.-'    _.-'                                   
 |`-._`-._    `-.__.-'    _.-'_.-'|                                  
 |    `-._`-._        _.-'_.-'    |                                  
  `-._    `-._`-.__.-'_.-'    _.-'                                   
      `-._    `-.__.-'    _.-'                                       
          `-._        _.-'                                           
              `-.__.-'                                               

4888:M 29 Jul 2019 07:34:38.770 # WARNING: The TCP backlog setting of 511 cannot be enforced because /proc/sys/net/core/somaxconn is set to the lower value of 128.
4888:M 29 Jul 2019 07:34:38.770 # Server initialized
4888:M 29 Jul 2019 07:34:38.770 # WARNING overcommit_memory is set to 0! Background save may fail under low memory condition. To fix this issue add 'vm.overcommit_memory = 1' to /etc/sysctl.conf and then reboot or run the command 'sysctl vm.overcommit_memory=1' for this to take effect.
4888:M 29 Jul 2019 07:34:38.770 # WARNING you have Transparent Huge Pages (THP) support enabled in your kernel. This will create latency and memory usage issues with Redis. To fix this issue run the command 'echo never > /sys/kernel/mm/transparent_hugepage/enabled' as root, and add it to your /etc/rc.local in order to retain the setting after a reboot. Redis must be restarted after THP is disabled.
4888:M 29 Jul 2019 07:34:38.770 * Ready to accept connections
+ (( r++ ))
+ (( r<=4 ))
+ let port=6380+1
+ let physcpu=24+2
+ let physcpu2=25+2
+ sleep 1
+ LD_PRELOAD=/users/skannan/ssd/NVM/appbench/shared_libs/construct/libmigration.so
+ numactl --preferred=0 --physcpubind=24,25 /users/skannan/ssd/NVM/appbench/redis-5.0.5/src/redis-server3 /users/skannan/ssd/NVM/appbench/redis-5.0.5/config/redis-6380.conf
initiating tracing...
initiating tracing...
4893:C 29 Jul 2019 07:34:39.769 # oO0OoO0OoO0Oo Redis is starting oO0OoO0OoO0Oo
4893:C 29 Jul 2019 07:34:39.769 # Redis version=5.0.5, bits=64, commit=ca9ca7e7, modified=1, pid=4893, just started
4893:C 29 Jul 2019 07:34:39.769 # Configuration loaded
4893:M 29 Jul 2019 07:34:39.769 # You requested maxclients of 10000 requiring at least 10032 max file descriptors.
4893:M 29 Jul 2019 07:34:39.769 # Server can't set maximum open files to 10032 because of OS error: Operation not permitted.
4893:M 29 Jul 2019 07:34:39.769 # Current maximum open files is 4096. maxclients has been reduced to 4064 to compensate for low ulimit. If you need higher maxclients increase 'ulimit -n'.
                _._                                                  
           _.-``__ ''-._                                             
      _.-``    `.  `_.  ''-._           Redis 5.0.5 (ca9ca7e7/1) 64 bit
  .-`` .-```.  ```\/    _.,_ ''-._                                   
 (    '      ,       .-`  | `,    )     Running in standalone mode
 |`-._`-...-` __...-.``-._|'` _.-'|     Port: 6380
 |    `-._   `._    /     _.-'    |     PID: 4893
  `-._    `-._  `-./  _.-'    _.-'                                   
 |`-._`-._    `-.__.-'    _.-'_.-'|                                  
 |    `-._`-._        _.-'_.-'    |           http://redis.io        
  `-._    `-._`-.__.-'_.-'    _.-'                                   
 |`-._`-._    `-.__.-'    _.-'_.-'|                                  
 |    `-._`-._        _.-'_.-'    |                                  
  `-._    `-._`-.__.-'_.-'    _.-'                                   
      `-._    `-.__.-'    _.-'                                       
          `-._        _.-'                                           
              `-.__.-'                                               

4893:M 29 Jul 2019 07:34:39.771 # WARNING: The TCP backlog setting of 511 cannot be enforced because /proc/sys/net/core/somaxconn is set to the lower value of 128.
4893:M 29 Jul 2019 07:34:39.771 # Server initialized
4893:M 29 Jul 2019 07:34:39.771 # WARNING overcommit_memory is set to 0! Background save may fail under low memory condition. To fix this issue add 'vm.overcommit_memory = 1' to /etc/sysctl.conf and then reboot or run the command 'sysctl vm.overcommit_memory=1' for this to take effect.
4893:M 29 Jul 2019 07:34:39.771 # WARNING you have Transparent Huge Pages (THP) support enabled in your kernel. This will create latency and memory usage issues with Redis. To fix this issue run the command 'echo never > /sys/kernel/mm/transparent_hugepage/enabled' as root, and add it to your /etc/rc.local in order to retain the setting after a reboot. Redis must be restarted after THP is disabled.
4893:M 29 Jul 2019 07:34:39.771 * Ready to accept connections
+ (( r++ ))
+ (( r<=4 ))
+ let port=6381+1
+ let physcpu=26+2
+ let physcpu2=27+2
+ sleep 1
+ LD_PRELOAD=/users/skannan/ssd/NVM/appbench/shared_libs/construct/libmigration.so
+ numactl --preferred=0 --physcpubind=26,27 /users/skannan/ssd/NVM/appbench/redis-5.0.5/src/redis-server4 /users/skannan/ssd/NVM/appbench/redis-5.0.5/config/redis-6381.conf
initiating tracing...
initiating tracing...
4898:C 29 Jul 2019 07:34:40.770 # oO0OoO0OoO0Oo Redis is starting oO0OoO0OoO0Oo
4898:C 29 Jul 2019 07:34:40.770 # Redis version=5.0.5, bits=64, commit=ca9ca7e7, modified=1, pid=4898, just started
4898:C 29 Jul 2019 07:34:40.770 # Configuration loaded
4898:M 29 Jul 2019 07:34:40.771 # You requested maxclients of 10000 requiring at least 10032 max file descriptors.
4898:M 29 Jul 2019 07:34:40.771 # Server can't set maximum open files to 10032 because of OS error: Operation not permitted.
4898:M 29 Jul 2019 07:34:40.771 # Current maximum open files is 4096. maxclients has been reduced to 4064 to compensate for low ulimit. If you need higher maxclients increase 'ulimit -n'.
                _._                                                  
           _.-``__ ''-._                                             
      _.-``    `.  `_.  ''-._           Redis 5.0.5 (ca9ca7e7/1) 64 bit
  .-`` .-```.  ```\/    _.,_ ''-._                                   
 (    '      ,       .-`  | `,    )     Running in standalone mode
 |`-._`-...-` __...-.``-._|'` _.-'|     Port: 6381
 |    `-._   `._    /     _.-'    |     PID: 4898
  `-._    `-._  `-./  _.-'    _.-'                                   
 |`-._`-._    `-.__.-'    _.-'_.-'|                                  
 |    `-._`-._        _.-'_.-'    |           http://redis.io        
  `-._    `-._`-.__.-'_.-'    _.-'                                   
 |`-._`-._    `-.__.-'    _.-'_.-'|                                  
 |    `-._`-._        _.-'_.-'    |                                  
  `-._    `-._`-.__.-'_.-'    _.-'                                   
      `-._    `-.__.-'    _.-'                                       
          `-._        _.-'                                           
              `-.__.-'                                               

4898:M 29 Jul 2019 07:34:40.772 # WARNING: The TCP backlog setting of 511 cannot be enforced because /proc/sys/net/core/somaxconn is set to the lower value of 128.
4898:M 29 Jul 2019 07:34:40.772 # Server initialized
4898:M 29 Jul 2019 07:34:40.772 # WARNING overcommit_memory is set to 0! Background save may fail under low memory condition. To fix this issue add 'vm.overcommit_memory = 1' to /etc/sysctl.conf and then reboot or run the command 'sysctl vm.overcommit_memory=1' for this to take effect.
4898:M 29 Jul 2019 07:34:40.772 # WARNING you have Transparent Huge Pages (THP) support enabled in your kernel. This will create latency and memory usage issues with Redis. To fix this issue run the command 'echo never > /sys/kernel/mm/transparent_hugepage/enabled' as root, and add it to your /etc/rc.local in order to retain the setting after a reboot. Redis must be restarted after THP is disabled.
4898:M 29 Jul 2019 07:34:40.772 * Ready to accept connections
+ (( r++ ))
+ (( r<=4 ))
+ export LD_PRELOAD=
+ LD_PRELOAD=
+ sleep 10
+ RUNCLIENT
+ let port=6378
+ let physcpu=2
+ let physcpu2=3
+ PARAMS=' -r 1000000 -n 1000000 -c 50 -t get,set -P 16 -q  -h 127.0.0.1 -d 4096'
+ (( c=1 ))
+ (( c<4 ))
+ let port=6378+1
+ let physcpu=2+1
+ let physcpu2=3+2
+ (( c++ ))
+ (( c<4 ))
+ numactl --preferred=0 /users/skannan/ssd/NVM/appbench/redis-5.0.5/src/redis-benchmark -r 1000000 -n 1000000 -c 50 -t get,set -P 16 -q -h 127.0.0.1 -d 4096 -p 6378
+ let port=6379+1
+ let physcpu=3+1
+ let physcpu2=5+2
+ (( c++ ))
+ (( c<4 ))
+ numactl --preferred=0 /users/skannan/ssd/NVM/appbench/redis-5.0.5/src/redis-benchmark -r 1000000 -n 1000000 -c 50 -t get,set -P 16 -q -h 127.0.0.1 -d 4096 -p 6379
+ let port=6380+1
+ let physcpu=4+1
+ let physcpu2=7+2
+ (( c++ ))
+ (( c<4 ))
+ numactl --preferred=0 /users/skannan/ssd/NVM/appbench/redis-5.0.5/src/redis-benchmark -r 1000000 -n 1000000 -c 50 -t get,set -P 16 -q -h 127.0.0.1 -d 4096 -p 6381
+ numactl --preferred=0 /users/skannan/ssd/NVM/appbench/redis-5.0.5/src/redis-benchmark -r 1000000 -n 1000000 -c 50 -t get,set -P 16 -q -h 127.0.0.1 -d 4096 -p 6380
4893:M 29 Jul 2019 07:34:51.996 * Starting automatic rewriting of AOF on 8118846800% growth
4898:M 29 Jul 2019 07:34:51.996 * Starting automatic rewriting of AOF on 8191314300% growth
4893:M 29 Jul 2019 07:34:51.997 * Background append only file rewriting started by pid 4909
4898:M 29 Jul 2019 07:34:51.997 * Background append only file rewriting started by pid 4910
4888:M 29 Jul 2019 07:34:52.002 * Starting automatic rewriting of AOF on 7221492100% growth
4888:M 29 Jul 2019 07:34:52.003 * Background append only file rewriting started by pid 4911
4883:M 29 Jul 2019 07:34:52.057 * Starting automatic rewriting of AOF on 8703141900% growth
4883:M 29 Jul 2019 07:34:52.058 * Background append only file rewriting started by pid 4912
4888:M 29 Jul 2019 07:34:52.339 * Background AOF buffer size: 80 MB
4893:M 29 Jul 2019 07:34:52.347 * Background AOF buffer size: 80 MB
4898:M 29 Jul 2019 07:34:52.351 * Background AOF buffer size: 80 MB
4883:M 29 Jul 2019 07:34:52.511 * AOF rewrite child asks to stop sending diffs.
4912:C 29 Jul 2019 07:34:52.511 * Parent agreed to stop sending diffs. Finalizing AOF...
4912:C 29 Jul 2019 07:34:52.511 * Concatenating 7.56 MB of AOF diff received from parent.
4883:M 29 Jul 2019 07:34:52.530 * Background AOF buffer size: 79 MB
4912:C 29 Jul 2019 07:34:52.846 * SYNC append only file rewrite performed
4912:C 29 Jul 2019 07:34:52.847 * AOF rewrite: 17 MB of memory used by copy-on-write
4888:M 29 Jul 2019 07:34:52.933 * AOF rewrite child asks to stop sending diffs.
4911:C 29 Jul 2019 07:34:52.933 * Parent agreed to stop sending diffs. Finalizing AOF...
4911:C 29 Jul 2019 07:34:52.933 * Concatenating 35.25 MB of AOF diff received from parent.
4898:M 29 Jul 2019 07:34:52.948 * AOF rewrite child asks to stop sending diffs.
4910:C 29 Jul 2019 07:34:52.948 * Parent agreed to stop sending diffs. Finalizing AOF...
4910:C 29 Jul 2019 07:34:52.948 * Concatenating 46.62 MB of AOF diff received from parent.
4883:M 29 Jul 2019 07:34:52.950 * Background AOF rewrite terminated with success
4893:M 29 Jul 2019 07:34:53.144 * Background AOF buffer size: 70 MB
4893:M 29 Jul 2019 07:34:53.144 * AOF rewrite child asks to stop sending diffs.
4909:C 29 Jul 2019 07:34:53.144 * Parent agreed to stop sending diffs. Finalizing AOF...
4909:C 29 Jul 2019 07:34:53.144 * Concatenating 56.31 MB of AOF diff received from parent.
4883:M 29 Jul 2019 07:34:53.245 * Residual parent diff successfully flushed to the rewritten AOF (162.22 MB)
4888:M 29 Jul 2019 07:34:53.284 * Background AOF buffer size: 170 MB
4898:M 29 Jul 2019 07:34:53.313 * Background AOF buffer size: 170 MB
4893:M 29 Jul 2019 07:34:53.484 * Background AOF buffer size: 170 MB
4888:M 29 Jul 2019 07:34:53.577 * Background AOF buffer size: 270 MB
4898:M 29 Jul 2019 07:34:53.604 * Background AOF buffer size: 270 MB
4883:M 29 Jul 2019 07:34:54.281 * Background AOF rewrite finished successfully
4893:M 29 Jul 2019 07:34:54.351 * Background AOF buffer size: 270 MB
4883:M 29 Jul 2019 07:34:54.393 * Asynchronous AOF fsync is taking too long (disk is busy?). Writing the AOF buffer without waiting for fsync to complete, this may slow down Redis.
4888:M 29 Jul 2019 07:34:54.656 * Background AOF buffer size: 370 MB
4898:M 29 Jul 2019 07:34:54.813 * Background AOF buffer size: 370 MB
4909:C 29 Jul 2019 07:34:54.832 * SYNC append only file rewrite performed
4911:C 29 Jul 2019 07:34:54.832 * SYNC append only file rewrite performed
4910:C 29 Jul 2019 07:34:54.832 * SYNC append only file rewrite performed
4910:C 29 Jul 2019 07:34:54.842 * AOF rewrite: 67 MB of memory used by copy-on-write
4911:C 29 Jul 2019 07:34:54.842 * AOF rewrite: 64 MB of memory used by copy-on-write
4909:C 29 Jul 2019 07:34:54.842 * AOF rewrite: 75 MB of memory used by copy-on-write
4883:M 29 Jul 2019 07:34:56.818 * Starting automatic rewriting of AOF on 102% growth
4883:M 29 Jul 2019 07:34:56.847 * Background append only file rewriting started by pid 4914
4893:M 29 Jul 2019 07:34:57.496 * Background AOF rewrite terminated with success
4888:M 29 Jul 2019 07:34:57.540 * Background AOF rewrite terminated with success
4898:M 29 Jul 2019 07:34:57.580 * Background AOF rewrite terminated with success
4883:M 29 Jul 2019 07:34:58.635 * Background AOF buffer size: 71 MB
4893:M 29 Jul 2019 07:34:59.022 * Residual parent diff successfully flushed to the rewritten AOF (313.50 MB)
4888:M 29 Jul 2019 07:34:59.276 * Residual parent diff successfully flushed to the rewritten AOF (381.72 MB)
4898:M 29 Jul 2019 07:34:59.305 * Residual parent diff successfully flushed to the rewritten AOF (371.70 MB)
4883:M 29 Jul 2019 07:35:00.113 * Asynchronous AOF fsync is taking too long (disk is busy?). Writing the AOF buffer without waiting for fsync to complete, this may slow down Redis.
4893:M 29 Jul 2019 07:35:00.169 * Background AOF rewrite finished successfully
4883:M 29 Jul 2019 07:35:00.179 * AOF rewrite child asks to stop sending diffs.
4914:C 29 Jul 2019 07:35:00.179 * Parent agreed to stop sending diffs. Finalizing AOF...
4914:C 29 Jul 2019 07:35:00.179 * Concatenating 122.25 MB of AOF diff received from parent.
4883:M 29 Jul 2019 07:35:00.243 * Background AOF buffer size: 70 MB
4883:M 29 Jul 2019 07:35:00.505 * Background AOF buffer size: 170 MB
4883:M 29 Jul 2019 07:35:00.995 * Background AOF buffer size: 270 MB
4883:M 29 Jul 2019 07:35:01.273 * Background AOF buffer size: 370 MB
4888:M 29 Jul 2019 07:35:01.429 * Background AOF rewrite finished successfully
4883:M 29 Jul 2019 07:35:01.621 * Background AOF buffer size: 470 MB
4883:M 29 Jul 2019 07:35:02.007 * Background AOF buffer size: 570 MB
4883:M 29 Jul 2019 07:35:02.379 * Background AOF buffer size: 670 MB
4883:M 29 Jul 2019 07:35:02.788 * Background AOF buffer size: 770 MB
4898:M 29 Jul 2019 07:35:02.888 * Background AOF rewrite finished successfully
4914:C 29 Jul 2019 07:35:02.896 * SYNC append only file rewrite performed
4914:C 29 Jul 2019 07:35:02.923 * AOF rewrite: 351 MB of memory used by copy-on-write
4898:M 29 Jul 2019 07:35:03.012 * Asynchronous AOF fsync is taking too long (disk is busy?). Writing the AOF buffer without waiting for fsync to complete, this may slow down Redis.
4888:M 29 Jul 2019 07:35:03.014 * Asynchronous AOF fsync is taking too long (disk is busy?). Writing the AOF buffer without waiting for fsync to complete, this may slow down Redis.
4883:M 29 Jul 2019 07:35:03.026 * Background AOF rewrite terminated with success
4893:M 29 Jul 2019 07:35:04.030 * Asynchronous AOF fsync is taking too long (disk is busy?). Writing the AOF buffer without waiting for fsync to complete, this may slow down Redis.
4888:M 29 Jul 2019 07:35:05.065 * Asynchronous AOF fsync is taking too long (disk is busy?). Writing the AOF buffer without waiting for fsync to complete, this may slow down Redis.
4898:M 29 Jul 2019 07:35:05.091 * Asynchronous AOF fsync is taking too long (disk is busy?). Writing the AOF buffer without waiting for fsync to complete, this may slow down Redis.
4883:M 29 Jul 2019 07:35:06.481 * Residual parent diff successfully flushed to the rewritten AOF (803.11 MB)
4893:M 29 Jul 2019 07:35:08.058 * Asynchronous AOF fsync is taking too long (disk is busy?). Writing the AOF buffer without waiting for fsync to complete, this may slow down Redis.
4888:M 29 Jul 2019 07:35:08.061 * Asynchronous AOF fsync is taking too long (disk is busy?). Writing the AOF buffer without waiting for fsync to complete, this may slow down Redis.
4898:M 29 Jul 2019 07:35:08.065 * Asynchronous AOF fsync is taking too long (disk is busy?). Writing the AOF buffer without waiting for fsync to complete, this may slow down Redis.
4888:M 29 Jul 2019 07:35:09.123 * Starting automatic rewriting of AOF on 118% growth
4898:M 29 Jul 2019 07:35:09.135 * Starting automatic rewriting of AOF on 116% growth
4888:M 29 Jul 2019 07:35:09.152 * Background append only file rewriting started by pid 4918
4898:M 29 Jul 2019 07:35:09.171 * Background append only file rewriting started by pid 4919
4893:M 29 Jul 2019 07:35:09.344 * Starting automatic rewriting of AOF on 117% growth
4893:M 29 Jul 2019 07:35:09.400 * Background append only file rewriting started by pid 4920
4888:M 29 Jul 2019 07:35:10.043 * Asynchronous AOF fsync is taking too long (disk is busy?). Writing the AOF buffer without waiting for fsync to complete, this may slow down Redis.
4898:M 29 Jul 2019 07:35:10.075 * Asynchronous AOF fsync is taking too long (disk is busy?). Writing the AOF buffer without waiting for fsync to complete, this may slow down Redis.
4893:M 29 Jul 2019 07:35:10.121 * Asynchronous AOF fsync is taking too long (disk is busy?). Writing the AOF buffer without waiting for fsync to complete, this may slow down Redis.
4883:M 29 Jul 2019 07:35:10.589 * Background AOF rewrite finished successfully
4888:M 29 Jul 2019 07:35:13.022 * Asynchronous AOF fsync is taking too long (disk is busy?). Writing the AOF buffer without waiting for fsync to complete, this may slow down Redis.
4898:M 29 Jul 2019 07:35:13.101 * Asynchronous AOF fsync is taking too long (disk is busy?). Writing the AOF buffer without waiting for fsync to complete, this may slow down Redis.
4893:M 29 Jul 2019 07:35:13.105 * Asynchronous AOF fsync is taking too long (disk is busy?). Writing the AOF buffer without waiting for fsync to complete, this may slow down Redis.
4898:M 29 Jul 2019 07:35:16.325 * Background AOF buffer size: 71 MB
4893:M 29 Jul 2019 07:35:17.482 * AOF rewrite child asks to stop sending diffs.
4920:C 29 Jul 2019 07:35:17.483 * Parent agreed to stop sending diffs. Finalizing AOF...
4920:C 29 Jul 2019 07:35:17.484 * Concatenating 38.12 MB of AOF diff received from parent.
4888:M 29 Jul 2019 07:35:18.317 * AOF rewrite child asks to stop sending diffs.
4918:C 29 Jul 2019 07:35:18.371 * Parent agreed to stop sending diffs. Finalizing AOF...
4918:C 29 Jul 2019 07:35:18.371 * Concatenating 30.75 MB of AOF diff received from parent.
4898:M 29 Jul 2019 07:35:18.546 * AOF rewrite child asks to stop sending diffs.
4919:C 29 Jul 2019 07:35:18.546 * Parent agreed to stop sending diffs. Finalizing AOF...
4919:C 29 Jul 2019 07:35:18.547 * Concatenating 33.00 MB of AOF diff received from parent.
4920:C 29 Jul 2019 07:35:18.698 * SYNC append only file rewrite performed
4920:C 29 Jul 2019 07:35:18.780 * AOF rewrite: 317 MB of memory used by copy-on-write
4893:M 29 Jul 2019 07:35:19.051 * Background AOF rewrite terminated with success
4888:M 29 Jul 2019 07:35:19.071 * Background AOF buffer size: 79 MB
4918:C 29 Jul 2019 07:35:19.486 * SYNC append only file rewrite performed
4918:C 29 Jul 2019 07:35:19.584 * AOF rewrite: 385 MB of memory used by copy-on-write
4893:M 29 Jul 2019 07:35:19.586 * Residual parent diff successfully flushed to the rewritten AOF (68.52 MB)
4893:M 29 Jul 2019 07:35:19.725 * Background AOF rewrite finished successfully
4888:M 29 Jul 2019 07:35:19.760 * Background AOF rewrite terminated with success
4919:C 29 Jul 2019 07:35:19.873 * SYNC append only file rewrite performed
4919:C 29 Jul 2019 07:35:19.914 * AOF rewrite: 410 MB of memory used by copy-on-write
4888:M 29 Jul 2019 07:35:19.963 * Residual parent diff successfully flushed to the rewritten AOF (106.94 MB)
4898:M 29 Jul 2019 07:35:20.122 * Background AOF rewrite terminated with success
4888:M 29 Jul 2019 07:35:20.127 * Background AOF rewrite finished successfully
4898:M 29 Jul 2019 07:35:20.440 * Residual parent diff successfully flushed to the rewritten AOF (161.43 MB)
4898:M 29 Jul 2019 07:35:20.798 * Background AOF rewrite finished successfully
4893:M 29 Jul 2019 07:35:20.994 * Starting automatic rewriting of AOF on 167% growth
4893:M 29 Jul 2019 07:35:21.046 * Background append only file rewriting started by pid 4921
4888:M 29 Jul 2019 07:35:22.091 * Starting automatic rewriting of AOF on 103% growth
4888:M 29 Jul 2019 07:35:22.238 * Background append only file rewriting started by pid 4922
4898:M 29 Jul 2019 07:35:26.461 * Starting automatic rewriting of AOF on 104% growth
4898:M 29 Jul 2019 07:35:26.630 * Background append only file rewriting started by pid 4923
4893:M 29 Jul 2019 07:35:29.887 * AOF rewrite child asks to stop sending diffs.
4921:C 29 Jul 2019 07:35:29.888 * Parent agreed to stop sending diffs. Finalizing AOF...
4921:C 29 Jul 2019 07:35:29.889 * Concatenating 38.52 MB of AOF diff received from parent.
4921:C 29 Jul 2019 07:35:31.275 * SYNC append only file rewrite performed
4921:C 29 Jul 2019 07:35:31.538 * AOF rewrite: 452 MB of memory used by copy-on-write
4893:M 29 Jul 2019 07:35:31.945 * Background AOF rewrite terminated with success
4893:M 29 Jul 2019 07:35:32.240 * Residual parent diff successfully flushed to the rewritten AOF (55.98 MB)
4893:M 29 Jul 2019 07:35:32.341 * Background AOF rewrite finished successfully
4888:M 29 Jul 2019 07:35:32.517 * AOF rewrite child asks to stop sending diffs.
4922:C 29 Jul 2019 07:35:32.518 * Parent agreed to stop sending diffs. Finalizing AOF...
4922:C 29 Jul 2019 07:35:32.518 * Concatenating 37.94 MB of AOF diff received from parent.
4888:M 29 Jul 2019 07:35:32.922 * Background AOF buffer size: 72 MB
4922:C 29 Jul 2019 07:35:32.984 * SYNC append only file rewrite performed
4922:C 29 Jul 2019 07:35:33.141 * AOF rewrite: 545 MB of memory used by copy-on-write
4888:M 29 Jul 2019 07:35:33.476 * Background AOF rewrite terminated with success
4893:M 29 Jul 2019 07:35:34.888 * Starting automatic rewriting of AOF on 105% growth
4888:M 29 Jul 2019 07:35:34.993 * Residual parent diff successfully flushed to the rewritten AOF (106.89 MB)
4893:M 29 Jul 2019 07:35:35.044 * Background append only file rewriting started by pid 4926
4888:M 29 Jul 2019 07:35:35.153 * Background AOF rewrite finished successfully
4888:M 29 Jul 2019 07:35:35.281 * Asynchronous AOF fsync is taking too long (disk is busy?). Writing the AOF buffer without waiting for fsync to complete, this may slow down Redis.
4883:M 29 Jul 2019 07:35:35.693 * Starting automatic rewriting of AOF on 101% growth
4883:M 29 Jul 2019 07:35:35.980 * Background append only file rewriting started by pid 4927
4888:M 29 Jul 2019 07:35:39.081 * 10000 changes in 60 seconds. Saving...
4898:M 29 Jul 2019 07:35:39.375 * AOF rewrite child asks to stop sending diffs.
4923:C 29 Jul 2019 07:35:39.375 * Parent agreed to stop sending diffs. Finalizing AOF...
4923:C 29 Jul 2019 07:35:39.376 * Concatenating 47.12 MB of AOF diff received from parent.
4888:M 29 Jul 2019 07:35:39.459 * Background saving started by pid 4928
4893:M 29 Jul 2019 07:35:40.184 * Background AOF buffer size: 76 MB
4923:C 29 Jul 2019 07:35:40.868 * SYNC append only file rewrite performed
4898:M 29 Jul 2019 07:35:41.073 * Background AOF buffer size: 77 MB
4923:C 29 Jul 2019 07:35:41.585 * AOF rewrite: 398 MB of memory used by copy-on-write
4898:M 29 Jul 2019 07:35:42.062 * Background AOF rewrite terminated with success
4898:M 29 Jul 2019 07:35:43.022 * Residual parent diff successfully flushed to the rewritten AOF (111.20 MB)
4898:M 29 Jul 2019 07:35:43.555 * Background AOF rewrite finished successfully
4898:M 29 Jul 2019 07:35:43.684 * 10000 changes in 60 seconds. Saving...
4898:M 29 Jul 2019 07:35:44.027 * Background saving started by pid 4929
4893:M 29 Jul 2019 07:35:49.070 * AOF rewrite child asks to stop sending diffs.
4926:C 29 Jul 2019 07:35:49.070 * Parent agreed to stop sending diffs. Finalizing AOF...
4926:C 29 Jul 2019 07:35:49.071 * Concatenating 42.44 MB of AOF diff received from parent.
4926:C 29 Jul 2019 07:35:49.785 * SYNC append only file rewrite performed
4926:C 29 Jul 2019 07:35:50.132 * AOF rewrite: 364 MB of memory used by copy-on-write
4893:M 29 Jul 2019 07:35:50.700 * Background AOF rewrite terminated with success
4893:M 29 Jul 2019 07:35:52.945 * Residual parent diff successfully flushed to the rewritten AOF (174.30 MB)
4893:M 29 Jul 2019 07:35:54.600 * Background AOF rewrite finished successfully
4893:M 29 Jul 2019 07:35:54.705 * 10000 changes in 60 seconds. Saving...
4893:M 29 Jul 2019 07:35:55.155 * Background saving started by pid 4930
4883:M 29 Jul 2019 07:35:55.805 * AOF rewrite child asks to stop sending diffs.
4927:C 29 Jul 2019 07:35:55.806 * Parent agreed to stop sending diffs. Finalizing AOF...
4927:C 29 Jul 2019 07:35:55.807 * Concatenating 77.56 MB of AOF diff received from parent.
4927:C 29 Jul 2019 07:35:57.932 * SYNC append only file rewrite performed
4928:C 29 Jul 2019 07:35:57.932 * DB saved on disk
4927:C 29 Jul 2019 07:35:58.218 * AOF rewrite: 934 MB of memory used by copy-on-write
4928:C 29 Jul 2019 07:35:58.344 * RDB: 514 MB of memory used by copy-on-write
4883:M 29 Jul 2019 07:35:58.641 * Background AOF rewrite terminated with success
4888:M 29 Jul 2019 07:35:58.898 * Background saving terminated with success
4888:M 29 Jul 2019 07:35:59.012 * Starting automatic rewriting of AOF on 391% growth
4883:M 29 Jul 2019 07:35:59.036 * Residual parent diff successfully flushed to the rewritten AOF (65.22 MB)
4883:M 29 Jul 2019 07:35:59.134 * Background AOF rewrite finished successfully
4883:M 29 Jul 2019 07:35:59.248 * 10000 changes in 60 seconds. Saving...
4888:M 29 Jul 2019 07:35:59.308 * Background append only file rewriting started by pid 4931
4883:M 29 Jul 2019 07:35:59.464 * Background saving started by pid 4932
4929:C 29 Jul 2019 07:35:59.661 * DB saved on disk
4929:C 29 Jul 2019 07:35:59.752 * RDB: 461 MB of memory used by copy-on-write
4898:M 29 Jul 2019 07:35:59.954 * Background saving terminated with success
4898:M 29 Jul 2019 07:36:00.054 * Starting automatic rewriting of AOF on 285% growth
4898:M 29 Jul 2019 07:36:00.224 * Background append only file rewriting started by pid 4933
4898:M 29 Jul 2019 07:36:03.996 * Background AOF buffer size: 71 MB
4888:M 29 Jul 2019 07:36:04.886 * Background AOF buffer size: 73 MB
4930:C 29 Jul 2019 07:36:10.604 * DB saved on disk
4930:C 29 Jul 2019 07:36:11.129 * RDB: 632 MB of memory used by copy-on-write
4893:M 29 Jul 2019 07:36:12.209 * Background saving terminated with success
4893:M 29 Jul 2019 07:36:12.372 * Starting automatic rewriting of AOF on 244% growth
4893:M 29 Jul 2019 07:36:12.902 * Background append only file rewriting started by pid 4934
4898:M 29 Jul 2019 07:36:13.185 * Background AOF buffer size: 174 MB
4898:M 29 Jul 2019 07:36:21.561 * AOF rewrite child asks to stop sending diffs.
4933:C 29 Jul 2019 07:36:21.562 * Parent agreed to stop sending diffs. Finalizing AOF...
4933:C 29 Jul 2019 07:36:21.563 * Concatenating 53.75 MB of AOF diff received from parent.
4888:M 29 Jul 2019 07:36:22.106 * Background AOF buffer size: 172 MB
4888:M 29 Jul 2019 07:36:22.650 * AOF rewrite child asks to stop sending diffs.
4931:C 29 Jul 2019 07:36:22.651 * Parent agreed to stop sending diffs. Finalizing AOF...
4931:C 29 Jul 2019 07:36:22.652 * Concatenating 68.44 MB of AOF diff received from parent.
4932:C 29 Jul 2019 07:36:23.649 * DB saved on disk
4933:C 29 Jul 2019 07:36:23.649 * SYNC append only file rewrite performed
4932:C 29 Jul 2019 07:36:24.229 * RDB: 753 MB of memory used by copy-on-write
4933:C 29 Jul 2019 07:36:24.253 * AOF rewrite: 445 MB of memory used by copy-on-write
4931:C 29 Jul 2019 07:36:24.618 * SYNC append only file rewrite performed
4898:M 29 Jul 2019 07:36:25.014 * Background AOF buffer size: 277 MB
4931:C 29 Jul 2019 07:36:25.160 * AOF rewrite: 483 MB of memory used by copy-on-write
4883:M 29 Jul 2019 07:36:25.190 * Background saving terminated with success
4898:M 29 Jul 2019 07:36:25.224 * Background AOF rewrite terminated with success
4883:M 29 Jul 2019 07:36:25.293 * Starting automatic rewriting of AOF on 355% growth
4883:M 29 Jul 2019 07:36:25.803 * Background append only file rewriting started by pid 4935
4888:M 29 Jul 2019 07:36:26.358 * Background AOF rewrite terminated with success
4898:M 29 Jul 2019 07:36:28.000 * Residual parent diff successfully flushed to the rewritten AOF (285.29 MB)
4888:M 29 Jul 2019 07:36:28.472 * Residual parent diff successfully flushed to the rewritten AOF (244.96 MB)
4883:M 29 Jul 2019 07:36:28.513 * Background AOF buffer size: 70 MB
4898:M 29 Jul 2019 07:36:28.694 * Background AOF rewrite finished successfully
4893:M 29 Jul 2019 07:36:28.721 * Background AOF buffer size: 72 MB
4883:M 29 Jul 2019 07:36:28.970 * Background AOF buffer size: 76 MB
4893:M 29 Jul 2019 07:36:29.080 * Background AOF buffer size: 79 MB
4888:M 29 Jul 2019 07:36:29.367 * Background AOF rewrite finished successfully
4898:M 29 Jul 2019 07:36:29.475 * Asynchronous AOF fsync is taking too long (disk is busy?). Writing the AOF buffer without waiting for fsync to complete, this may slow down Redis.
4888:M 29 Jul 2019 07:36:29.506 * Asynchronous AOF fsync is taking too long (disk is busy?). Writing the AOF buffer without waiting for fsync to complete, this may slow down Redis.
4893:M 29 Jul 2019 07:36:34.600 * AOF rewrite child asks to stop sending diffs.
4934:C 29 Jul 2019 07:36:34.601 * Parent agreed to stop sending diffs. Finalizing AOF...
4934:C 29 Jul 2019 07:36:34.601 * Concatenating 79.31 MB of AOF diff received from parent.
4883:M 29 Jul 2019 07:36:35.951 * Background AOF buffer size: 177 MB
4893:M 29 Jul 2019 07:36:36.621 * Background AOF buffer size: 177 MB
4934:C 29 Jul 2019 07:36:37.549 * SYNC append only file rewrite performed
4934:C 29 Jul 2019 07:36:38.040 * AOF rewrite: 529 MB of memory used by copy-on-write
4893:M 29 Jul 2019 07:36:38.894 * Background AOF rewrite terminated with success
4898:M 29 Jul 2019 07:36:38.988 * Starting automatic rewriting of AOF on 102% growth
4888:M 29 Jul 2019 07:36:39.013 * Starting automatic rewriting of AOF on 101% growth
4898:M 29 Jul 2019 07:36:39.441 * Background append only file rewriting started by pid 4939
4888:M 29 Jul 2019 07:36:39.483 * Background append only file rewriting started by pid 4940
4893:M 29 Jul 2019 07:36:40.019 * Residual parent diff successfully flushed to the rewritten AOF (268.40 MB)
4893:M 29 Jul 2019 07:36:40.662 * Background AOF rewrite finished successfully
4893:M 29 Jul 2019 07:36:40.800 * Asynchronous AOF fsync is taking too long (disk is busy?). Writing the AOF buffer without waiting for fsync to complete, this may slow down Redis.
4883:M 29 Jul 2019 07:36:49.040 * Background AOF buffer size: 270 MB
4883:M 29 Jul 2019 07:36:53.557 * AOF rewrite child asks to stop sending diffs.
4935:C 29 Jul 2019 07:36:53.557 * Parent agreed to stop sending diffs. Finalizing AOF...
4935:C 29 Jul 2019 07:36:53.558 * Concatenating 91.81 MB of AOF diff received from parent.
4935:C 29 Jul 2019 07:36:56.234 * SYNC append only file rewrite performed
4935:C 29 Jul 2019 07:36:56.835 * AOF rewrite: 746 MB of memory used by copy-on-write
4893:M 29 Jul 2019 07:36:57.018 * Starting automatic rewriting of AOF on 100% growth
4898:M 29 Jul 2019 07:36:57.246 * Background AOF buffer size: 72 MB
4883:M 29 Jul 2019 07:36:57.331 * Background AOF buffer size: 370 MB
4893:M 29 Jul 2019 07:36:57.781 * Background append only file rewriting started by pid 4941
4883:M 29 Jul 2019 07:36:57.979 * Background AOF rewrite terminated with success
4888:M 29 Jul 2019 07:37:01.106 * Background AOF buffer size: 70 MB
4888:M 29 Jul 2019 07:37:03.084 * Background AOF buffer size: 75 MB
4883:M 29 Jul 2019 07:37:05.538 * Residual parent diff successfully flushed to the rewritten AOF (392.61 MB)
4883:M 29 Jul 2019 07:37:06.677 * Background AOF rewrite finished successfully
4898:M 29 Jul 2019 07:37:09.902 * Background AOF buffer size: 171 MB
4898:M 29 Jul 2019 07:37:10.210 * Background AOF buffer size: 179 MB
4888:M 29 Jul 2019 07:37:10.762 * AOF rewrite child asks to stop sending diffs.
4940:C 29 Jul 2019 07:37:10.762 * Parent agreed to stop sending diffs. Finalizing AOF...
4940:C 29 Jul 2019 07:37:10.763 * Concatenating 99.31 MB of AOF diff received from parent.
4888:M 29 Jul 2019 07:37:11.621 * Background AOF buffer size: 179 MB
4940:C 29 Jul 2019 07:37:13.380 * SYNC append only file rewrite performed
4940:C 29 Jul 2019 07:37:13.990 * AOF rewrite: 715 MB of memory used by copy-on-write
4888:M 29 Jul 2019 07:37:15.116 * Background AOF buffer size: 279 MB
4888:M 29 Jul 2019 07:37:15.157 * Background AOF rewrite terminated with success
4893:M 29 Jul 2019 07:37:15.177 * Background AOF buffer size: 71 MB
4898:M 29 Jul 2019 07:37:16.049 * AOF rewrite child asks to stop sending diffs.
4939:C 29 Jul 2019 07:37:16.051 * Parent agreed to stop sending diffs. Finalizing AOF...
4939:C 29 Jul 2019 07:37:16.052 * Concatenating 105.25 MB of AOF diff received from parent.
4893:M 29 Jul 2019 07:37:16.179 * Background AOF buffer size: 78 MB
4898:M 29 Jul 2019 07:37:18.162 * Background AOF buffer size: 270 MB
4888:M 29 Jul 2019 07:37:18.256 * Residual parent diff successfully flushed to the rewritten AOF (282.24 MB)
4898:M 29 Jul 2019 07:37:19.444 * Background AOF buffer size: 370 MB
4888:M 29 Jul 2019 07:37:19.634 * Background AOF rewrite finished successfully
4939:C 29 Jul 2019 07:37:19.634 * SYNC append only file rewrite performed
4888:M 29 Jul 2019 07:37:19.738 * 10000 changes in 60 seconds. Saving...
4939:C 29 Jul 2019 07:37:20.107 * AOF rewrite: 872 MB of memory used by copy-on-write
4888:M 29 Jul 2019 07:37:20.320 * Background saving started by pid 4942
4893:M 29 Jul 2019 07:37:20.382 * Background AOF buffer size: 171 MB
4898:M 29 Jul 2019 07:37:20.681 * Background AOF rewrite terminated with success
4893:M 29 Jul 2019 07:37:23.108 * Background AOF buffer size: 270 MB
4898:M 29 Jul 2019 07:37:23.765 * Residual parent diff successfully flushed to the rewritten AOF (451.99 MB)
4898:M 29 Jul 2019 07:37:24.972 * Background AOF rewrite finished successfully
4898:M 29 Jul 2019 07:37:25.079 * 10000 changes in 60 seconds. Saving...
4893:M 29 Jul 2019 07:37:25.282 * AOF rewrite child asks to stop sending diffs.
4941:C 29 Jul 2019 07:37:25.283 * Parent agreed to stop sending diffs. Finalizing AOF...
4941:C 29 Jul 2019 07:37:25.284 * Concatenating 80.00 MB of AOF diff received from parent.
4898:M 29 Jul 2019 07:37:25.538 * Background saving started by pid 4943
4893:M 29 Jul 2019 07:37:25.638 * Background AOF buffer size: 370 MB
4883:M 29 Jul 2019 07:37:26.045 * 10000 changes in 60 seconds. Saving...
4941:C 29 Jul 2019 07:37:26.510 * SYNC append only file rewrite performed
4883:M 29 Jul 2019 07:37:26.595 * Background saving started by pid 4944
4941:C 29 Jul 2019 07:37:27.217 * AOF rewrite: 1312 MB of memory used by copy-on-write
4893:M 29 Jul 2019 07:37:27.410 * Background AOF buffer size: 470 MB
4893:M 29 Jul 2019 07:37:28.687 * Background AOF rewrite terminated with success
4893:M 29 Jul 2019 07:37:33.636 * Residual parent diff successfully flushed to the rewritten AOF (544.25 MB)
4893:M 29 Jul 2019 07:37:34.009 * Background AOF rewrite finished successfully
4893:M 29 Jul 2019 07:37:34.122 * 10000 changes in 60 seconds. Saving...
4893:M 29 Jul 2019 07:37:34.482 * Background saving started by pid 4946
4893:M 29 Jul 2019 07:37:34.513 * Asynchronous AOF fsync is taking too long (disk is busy?). Writing the AOF buffer without waiting for fsync to complete, this may slow down Redis.
4942:C 29 Jul 2019 07:37:38.345 * DB saved on disk
4942:C 29 Jul 2019 07:37:38.760 * RDB: 1488 MB of memory used by copy-on-write
4888:M 29 Jul 2019 07:37:40.185 * Background saving terminated with success
4888:M 29 Jul 2019 07:37:40.285 * Starting automatic rewriting of AOF on 167% growth
4888:M 29 Jul 2019 07:37:41.035 * Background append only file rewriting started by pid 4947
4943:C 29 Jul 2019 07:37:44.271 * DB saved on disk
4943:C 29 Jul 2019 07:37:44.705 * RDB: 1170 MB of memory used by copy-on-write
4898:M 29 Jul 2019 07:37:45.426 * Background saving terminated with success
4944:C 29 Jul 2019 07:37:46.428 * DB saved on disk
4944:C 29 Jul 2019 07:37:46.690 * RDB: 32 MB of memory used by copy-on-write
4883:M 29 Jul 2019 07:37:47.111 * Background saving terminated with success
4946:C 29 Jul 2019 07:37:49.741 * DB saved on disk
4946:C 29 Jul 2019 07:37:49.925 * RDB: 855 MB of memory used by copy-on-write
4893:M 29 Jul 2019 07:37:50.365 * Background saving terminated with success
4888:M 29 Jul 2019 07:37:51.504 * AOF rewrite child asks to stop sending diffs.
4947:C 29 Jul 2019 07:37:51.504 * Parent agreed to stop sending diffs. Finalizing AOF...
4947:C 29 Jul 2019 07:37:51.504 * Concatenating 98.64 MB of AOF diff received from parent.
+ sleep 5
4947:C 29 Jul 2019 07:37:52.921 * SYNC append only file rewrite performed
4947:C 29 Jul 2019 07:37:52.994 * AOF rewrite: 528 MB of memory used by copy-on-write
4888:M 29 Jul 2019 07:37:53.130 * Background AOF rewrite terminated with success
4888:M 29 Jul 2019 07:37:53.130 * Residual parent diff successfully flushed to the rewritten AOF (0.00 MB)
4888:M 29 Jul 2019 07:37:53.130 * Background AOF rewrite finished successfully
+ ps aux
+ grep redis-server
+ awk '{print $2; system("sudo kill -9 " $2); kill $(pgrep -f redis-server)}'
4883
4888
4893
4898
4950
4951
/users/skannan/ssd/NVM/appbench/redis-5.0.5/src/run.sh: line 76:  4949 Done                    ps aux
      4950                       | grep redis-server
      4951 Killed                  | awk '{print $2; system("sudo kill -9 " $2); kill $(pgrep -f redis-server)}'
+ CLEAN
+ (( b=1 ))
+ (( b<=4 ))
+ rm -rf dump.rdb
+ rm -rf appendonly-6378.aof appendonly-6379.aof appendonly-6380.aof appendonly-6381.aof
+ sudo killall redis-server1
+ appname=redis-server1
+ sudo kill -9 redis-server1
kill: failed to parse argument: 'redis-server1'
+ sudo killall redis-server1
+ echo 'KILLING redis-server1'
KILLING redis-server1
+ sudo kill -9 redis-server1
kill: failed to parse argument: 'redis-server1'
+ (( b++  ))
+ (( b<=4 ))
+ rm -rf '*.rdb'
+ rm -rf '*.aof'
+ sudo killall redis-server2
+ appname=redis-server2
+ sudo kill -9 redis-server2
kill: failed to parse argument: 'redis-server2'
+ sudo killall redis-server2
+ echo 'KILLING redis-server2'
KILLING redis-server2
+ sudo kill -9 redis-server2
kill: failed to parse argument: 'redis-server2'
+ (( b++  ))
+ (( b<=4 ))
+ rm -rf '*.rdb'
+ rm -rf '*.aof'
+ sudo killall redis-server3
+ appname=redis-server3
+ sudo kill -9 redis-server3
kill: failed to parse argument: 'redis-server3'
+ sudo killall redis-server3
+ echo 'KILLING redis-server3'
KILLING redis-server3
+ sudo kill -9 redis-server3
kill: failed to parse argument: 'redis-server3'
+ (( b++  ))
+ (( b<=4 ))
+ rm -rf '*.rdb'
+ rm -rf '*.aof'
+ sudo killall redis-server4
+ appname=redis-server4
+ sudo kill -9 redis-server4
kill: failed to parse argument: 'redis-server4'
+ sudo killall redis-server4
+ echo 'KILLING redis-server4'
KILLING redis-server4
+ sudo kill -9 redis-server4
kill: failed to parse argument: 'redis-server4'
+ (( b++  ))
+ (( b<=4 ))
+ sudo killall redis-benchmark
redis-benchmark: no process found
+ sudo killall redis-benchmark
redis-benchmark: no process found
+ CLEAN
+ (( b=1 ))
+ (( b<=4 ))
+ rm -rf '*.rdb'
+ rm -rf '*.aof'
+ sudo killall redis-server1
+ appname=redis-server1
+ sudo kill -9 redis-server1
kill: failed to parse argument: 'redis-server1'
+ sudo killall redis-server1
+ echo 'KILLING redis-server1'
KILLING redis-server1
+ sudo kill -9 redis-server1
kill: failed to parse argument: 'redis-server1'
+ (( b++  ))
+ (( b<=4 ))
+ rm -rf '*.rdb'
+ rm -rf '*.aof'
+ sudo killall redis-server2
+ appname=redis-server2
+ sudo kill -9 redis-server2
kill: failed to parse argument: 'redis-server2'
+ sudo killall redis-server2
+ echo 'KILLING redis-server2'
KILLING redis-server2
+ sudo kill -9 redis-server2
kill: failed to parse argument: 'redis-server2'
+ (( b++  ))
+ (( b<=4 ))
+ rm -rf '*.rdb'
+ rm -rf '*.aof'
+ sudo killall redis-server3
+ appname=redis-server3
+ sudo kill -9 redis-server3
kill: failed to parse argument: 'redis-server3'
+ sudo killall redis-server3
+ echo 'KILLING redis-server3'
KILLING redis-server3
+ sudo kill -9 redis-server3
kill: failed to parse argument: 'redis-server3'
+ (( b++  ))
+ (( b<=4 ))
+ rm -rf '*.rdb'
+ rm -rf '*.aof'
+ sudo killall redis-server4
+ appname=redis-server4
+ sudo kill -9 redis-server4
kill: failed to parse argument: 'redis-server4'
+ sudo killall redis-server4
+ echo 'KILLING redis-server4'
KILLING redis-server4
+ sudo kill -9 redis-server4
kill: failed to parse argument: 'redis-server4'
+ (( b++  ))
+ (( b<=4 ))
+ sudo killall redis-benchmark
redis-benchmark: no process found
+ sudo killall redis-benchmark
redis-benchmark: no process found
+ set +x
[    0.000000] main: Linux version 4.17.0 (root@node-0.wisc5.fsperfatscale-pg0.wisc.cloudlab.us) (gcc version 4.8.4 (Ubuntu 4.8.4-2ubuntu1~14.04.4)) #2 SMP Fri Jul 12 19:08:27 MDT 2019
[    0.000000] Command line: BOOT_IMAGE=/boot/vmlinuz-4.17.0 root=UUID=4910fb56-38cb-41ae-82bf-3efa1d8a45a0 ro console=ttyS0,115200 crashkernel=384M-:128M
[    0.000000] common: KERNEL supported cpus:
[    0.000000] common:   Intel GenuineIntel
[    0.000000] common:   AMD AuthenticAMD
[    0.000000] common:   Centaur CentaurHauls
[    0.000000] xstate: x86/fpu: Supporting XSAVE feature 0x001: 'x87 floating point registers'
[    0.000000] xstate: x86/fpu: Supporting XSAVE feature 0x002: 'SSE registers'
[    0.000000] xstate: x86/fpu: Supporting XSAVE feature 0x004: 'AVX registers'
[    0.000000] xstate: x86/fpu: xstate_offset[2]:  576, xstate_sizes[2]:  256
[    0.000000] xstate: x86/fpu: Enabled xstate features 0x7, context size is 832 bytes, using 'standard' format.
[    0.000000] e820: e820: BIOS-provided physical RAM map:
[    0.000000] e820: BIOS-e820: [mem 0x0000000000000000-0x0000000000099bff] usable
[    0.000000] e820: BIOS-e820: [mem 0x0000000000099c00-0x000000000009ffff] reserved
[    0.000000] e820: BIOS-e820: [mem 0x00000000000e0000-0x00000000000fffff] reserved
[    0.000000] e820: BIOS-e820: [mem 0x0000000000100000-0x00000000791d3fff] usable
[    0.000000] e820: BIOS-e820: [mem 0x00000000791d4000-0x00000000799cdfff] reserved
[    0.000000] e820: BIOS-e820: [mem 0x00000000799ce000-0x0000000079a32fff] ACPI data
[    0.000000] e820: BIOS-e820: [mem 0x0000000079a33000-0x0000000079fa1fff] ACPI NVS
[    0.000000] e820: BIOS-e820: [mem 0x0000000079fa2000-0x000000008fffffff] reserved
[    0.000000] e820: BIOS-e820: [mem 0x00000000fed1c000-0x00000000fed44fff] reserved
[    0.000000] e820: BIOS-e820: [mem 0x00000000ff000000-0x00000000ffffffff] reserved
[    0.000000] e820: BIOS-e820: [mem 0x0000000100000000-0x000000287fffffff] usable
[    0.000000] NX (Execute Disable) protection: active
[    0.000000] dmi_scan: SMBIOS 3.0.0 present.
[    0.000000] dmi_scan: DMI: Cisco Systems Inc UCSC-C220-M4S/UCSC-C220-M4S, BIOS C220M4.3.0.3c.0.0831170216 08/31/2017
[    0.000000] e820: update [mem 0x00000000-0x00000fff] usable ==> reserved
[    0.000000] e820: remove [mem 0x000a0000-0x000fffff] usable
[    0.000000] e820: e820: last_pfn = 0x2880000 max_arch_pfn = 0x400000000
[    0.000000] generic: MTRR default type: write-back
[    0.000000] generic: MTRR fixed ranges enabled:
[    0.000000] generic:   00000-9FFFF write-back
[    0.000000] generic:   A0000-BFFFF uncachable
[    0.000000] generic:   C0000-FFFFF write-protect
[    0.000000] generic: MTRR variable ranges enabled:
[    0.000000] generic:   0 base 000080000000 mask 3FFF80000000 uncachable
[    0.000000] generic:   1 base 038000000000 mask 3F8000000000 uncachable
[    0.000000] generic:   2 disabled
[    0.000000] generic:   3 disabled
[    0.000000] generic:   4 disabled
[    0.000000] generic:   5 disabled
[    0.000000] generic:   6 disabled
[    0.000000] generic:   7 disabled
[    0.000000] generic:   8 disabled
[    0.000000] generic:   9 disabled
[    0.000000] x86/PAT: Configuration [0-7]: WB  WC  UC- UC  WB  WP  UC- WT  
[    0.000000] e820: e820: last_pfn = 0x791d4 max_arch_pfn = 0x400000000
[    0.000000] mpparse: found SMP MP-table at [mem 0x000fd010-0x000fd01f] mapped at [        (ptrval)]
[    0.000000] Scanning 1 areas for low memory corruption
[    0.000000] Base memory trampoline at [        (ptrval)] 7e000 size 24576
[    0.000000] Using GB pages for direct mapping
[    0.000000] BRK [0x0aecd000, 0x0aecdfff] PGTABLE
[    0.000000] BRK [0x0aece000, 0x0aecefff] PGTABLE
[    0.000000] BRK [0x0aecf000, 0x0aecffff] PGTABLE
[    0.000000] RAMDISK: [mem 0x237c8000-0x2dbdbfff]
[    0.000000] tables: Early table checksum verification disabled
[    0.000000] ACPI: RSDP 0x00000000000F05B0 000024 (v02 Cisco0)
[    0.000000] ACPI: XSDT 0x00000000799E20A8 0000D4 (v01 Cisco0 CiscoUCS 01072009 AMI  00010013)
[    0.000000] ACPI: FACP 0x0000000079A16CE0 00010C (v05 Cisco0 CiscoUCS 01072009 AMI  00010013)
[    0.000000] ACPI: DSDT 0x00000000799E2210 034ACB (v02 Cisco0 CiscoUCS 01072009 INTL 20091013)
[    0.000000] ACPI: FACS 0x0000000079FA0F80 000040
[    0.000000] ACPI: APIC 0x0000000079A16DF0 000294 (v03 Cisco0 CiscoUCS 01072009 AMI  00010013)
[    0.000000] ACPI: FPDT 0x0000000079A17088 000044 (v01 Cisco0 CiscoUCS 01072009 AMI  00010013)
[    0.000000] ACPI: FIDT 0x0000000079A170D0 00009C (v01 Cisco0 CiscoUCS 01072009 AMI  00010013)
[    0.000000] ACPI: SPMI 0x0000000079A17170 000041 (v05 Cisco0 CiscoUCS 00000000 AMI. 00000000)
[    0.000000] ACPI: MCFG 0x0000000079A171B8 00003C (v01 Cisco0 CiscoUCS 01072009 MSFT 00000097)
[    0.000000] ACPI: UEFI 0x0000000079A171F8 000042 (v01 Cisco0 CiscoUCS 01072009      00000000)
[    0.000000] ACPI: HPET 0x0000000079A17240 000038 (v01 Cisco0 CiscoUCS 00000001 INTL 20091013)
[    0.000000] ACPI: MSCT 0x0000000079A17278 000090 (v01 Cisco0 CiscoUCS 00000001 INTL 20091013)
[    0.000000] ACPI: SLIT 0x0000000079A17308 000030 (v01 Cisco0 CiscoUCS 00000001 INTL 20091013)
[    0.000000] ACPI: SRAT 0x0000000079A17338 001158 (v03 Cisco0 CiscoUCS 00000001 INTL 20091013)
[    0.000000] ACPI: WDDT 0x0000000079A18490 000040 (v01 Cisco0 CiscoUCS 00000000 INTL 20091013)
[    0.000000] ACPI: SSDT 0x0000000079A184D0 0171BD (v02 Cisco0 PmMgt    00000002 INTL 20120913)
[    0.000000] ACPI: NITR 0x0000000079A2F690 000071 (v02 Cisco0 CiscoUCS 00000001 INTL 20091013)
[    0.000000] ACPI: SSDT 0x0000000079A2F708 002654 (v02 Cisco0 SpsNm    00000002 INTL 20120913)
[    0.000000] ACPI: SSDT 0x0000000079A31D60 000064 (v02 Cisco0 SpsNvs   00000002 INTL 20120913)
[    0.000000] ACPI: PRAD 0x0000000079A31DC8 000102 (v02 Cisco0 CiscoUCS 00000002 INTL 20120913)
[    0.000000] ACPI: DMAR 0x0000000079A31ED0 000100 (v01 Cisco0 CiscoUCS 00000001 INTL 20091013)
[    0.000000] ACPI: HEST 0x0000000079A31FD0 0000A8 (v01 Cisco0 CiscoUCS 00000001 INTL 00000001)
[    0.000000] ACPI: BERT 0x0000000079A32078 000030 (v01 Cisco0 CiscoUCS 00000001 INTL 00000001)
[    0.000000] ACPI: ERST 0x0000000079A320A8 000230 (v01 Cisco0 CiscoUCS 00000001 INTL 00000001)
[    0.000000] ACPI: EINJ 0x0000000079A322D8 000130 (v01 Cisco0 CiscoUCS 00000001 INTL 00000001)
[    0.000000] ACPI: Local APIC address 0xfee00000
[    0.000000] SRAT: PXM 0 -> APIC 0x00 -> Node 0
[    0.000000] SRAT: PXM 0 -> APIC 0x02 -> Node 0
[    0.000000] SRAT: PXM 0 -> APIC 0x04 -> Node 0
[    0.000000] SRAT: PXM 0 -> APIC 0x06 -> Node 0
[    0.000000] SRAT: PXM 0 -> APIC 0x08 -> Node 0
[    0.000000] SRAT: PXM 0 -> APIC 0x10 -> Node 0
[    0.000000] SRAT: PXM 0 -> APIC 0x12 -> Node 0
[    0.000000] SRAT: PXM 0 -> APIC 0x14 -> Node 0
[    0.000000] SRAT: PXM 0 -> APIC 0x16 -> Node 0
[    0.000000] SRAT: PXM 0 -> APIC 0x18 -> Node 0
[    0.000000] SRAT: PXM 1 -> APIC 0x20 -> Node 1
[    0.000000] SRAT: PXM 1 -> APIC 0x22 -> Node 1
[    0.000000] SRAT: PXM 1 -> APIC 0x24 -> Node 1
[    0.000000] SRAT: PXM 1 -> APIC 0x26 -> Node 1
[    0.000000] SRAT: PXM 1 -> APIC 0x28 -> Node 1
[    0.000000] SRAT: PXM 1 -> APIC 0x30 -> Node 1
[    0.000000] SRAT: PXM 1 -> APIC 0x32 -> Node 1
[    0.000000] SRAT: PXM 1 -> APIC 0x34 -> Node 1
[    0.000000] SRAT: PXM 1 -> APIC 0x36 -> Node 1
[    0.000000] SRAT: PXM 1 -> APIC 0x38 -> Node 1
[    0.000000] SRAT: PXM 0 -> APIC 0x01 -> Node 0
[    0.000000] SRAT: PXM 0 -> APIC 0x03 -> Node 0
[    0.000000] SRAT: PXM 0 -> APIC 0x05 -> Node 0
[    0.000000] SRAT: PXM 0 -> APIC 0x07 -> Node 0
[    0.000000] SRAT: PXM 0 -> APIC 0x09 -> Node 0
[    0.000000] SRAT: PXM 0 -> APIC 0x11 -> Node 0
[    0.000000] SRAT: PXM 0 -> APIC 0x13 -> Node 0
[    0.000000] SRAT: PXM 0 -> APIC 0x15 -> Node 0
[    0.000000] SRAT: PXM 0 -> APIC 0x17 -> Node 0
[    0.000000] SRAT: PXM 0 -> APIC 0x19 -> Node 0
[    0.000000] SRAT: PXM 1 -> APIC 0x21 -> Node 1
[    0.000000] SRAT: PXM 1 -> APIC 0x23 -> Node 1
[    0.000000] SRAT: PXM 1 -> APIC 0x25 -> Node 1
[    0.000000] SRAT: PXM 1 -> APIC 0x27 -> Node 1
[    0.000000] SRAT: PXM 1 -> APIC 0x29 -> Node 1
[    0.000000] SRAT: PXM 1 -> APIC 0x31 -> Node 1
[    0.000000] SRAT: PXM 1 -> APIC 0x33 -> Node 1
[    0.000000] SRAT: PXM 1 -> APIC 0x35 -> Node 1
[    0.000000] SRAT: PXM 1 -> APIC 0x37 -> Node 1
[    0.000000] SRAT: PXM 1 -> APIC 0x39 -> Node 1
[    0.000000] acpi: SRAT: Node 0 PXM 0 [mem 0x00000000-0x7fffffff]
[    0.000000] acpi: SRAT: Node 0 PXM 0 [mem 0x100000000-0x107fffffff]
[    0.000000] acpi: SRAT: Node 0 PXM 0 [mem 0x1080000000-0x147fffffff]
[    0.000000] acpi: SRAT: Node 1 PXM 1 [mem 0x1480000000-0x247fffffff]
[    0.000000] acpi: SRAT: Node 1 PXM 1 [mem 0x2480000000-0x287fffffff]
[    0.000000] NUMA: Initialized distance table, cnt=2
[    0.000000] NUMA: Node 0 [mem 0x00000000-0x7fffffff] + [mem 0x100000000-0x107fffffff] -> [mem 0x00000000-0x107fffffff]
[    0.000000] NUMA: Node 0 [mem 0x00000000-0x107fffffff] + [mem 0x1080000000-0x147fffffff] -> [mem 0x00000000-0x147fffffff]
[    0.000000] NUMA: Node 1 [mem 0x1480000000-0x247fffffff] + [mem 0x2480000000-0x287fffffff] -> [mem 0x1480000000-0x287fffffff]
[    0.000000] NODE_DATA(0) allocated [mem 0x147fffc000-0x147fffffff]
[    0.000000] NODE_DATA(1) allocated [mem 0x287fff9000-0x287fffcfff]
[    0.000000] setup: Reserving 128MB of memory at 768MB for crashkernel (System RAM: 163729MB)
[    0.000000] tsc: Fast TSC calibration using PIT
[    0.000000] page_alloc: Zone ranges:
[    0.000000] page_alloc:   DMA      [mem 0x0000000000001000-0x0000000000ffffff]
[    0.000000] page_alloc:   DMA32    [mem 0x0000000001000000-0x00000000ffffffff]
[    0.000000] page_alloc:   Normal   [mem 0x0000000100000000-0x000000287fffffff]
[    0.000000] page_alloc: Movable zone start for each node
[    0.000000] page_alloc: Early memory node ranges
[    0.000000] page_alloc:   node   0: [mem 0x0000000000001000-0x0000000000098fff]
[    0.000000] page_alloc:   node   0: [mem 0x0000000000100000-0x00000000791d3fff]
[    0.000000] page_alloc:   node   0: [mem 0x0000000100000000-0x000000147fffffff]
[    0.000000] page_alloc:   node   1: [mem 0x0000001480000000-0x000000287fffffff]
[    0.000000] page_alloc: Initmem setup node 0 [mem 0x0000000000001000-0x000000147fffffff]
[    0.000000] On node 0 totalpages: 20943212
[    0.000000]   DMA zone: 144 pages used for memmap
[    0.000000]   DMA zone: 42 pages reserved
[    0.000000]   DMA zone: 3992 pages, LIFO batch:0
[    0.000000]   DMA32 zone: 17297 pages used for memmap
[    0.000000]   DMA32 zone: 491988 pages, LIFO batch:31
[    0.000000]   Normal zone: 718848 pages used for memmap
[    0.000000]   Normal zone: 20447232 pages, LIFO batch:31
[    0.000000] page_alloc: Initmem setup node 1 [mem 0x0000001480000000-0x000000287fffffff]
[    0.000000] On node 1 totalpages: 20971520
[    0.000000]   Normal zone: 737280 pages used for memmap
[    0.000000]   Normal zone: 20971520 pages, LIFO batch:31
[    0.000000] page_alloc: Reserved but unavailable: 104 pages
[    0.000000] ACPI: PM-Timer IO Port: 0x408
[    0.000000] ACPI: Local APIC address 0xfee00000
[    0.000000] tables: LAPIC_NMI (acpi_id[0x00] high edge lint[0x1])
[    0.000000] tables: LAPIC_NMI (acpi_id[0x02] high edge lint[0x1])
[    0.000000] tables: LAPIC_NMI (acpi_id[0x04] high edge lint[0x1])
[    0.000000] tables: LAPIC_NMI (acpi_id[0x06] high edge lint[0x1])
[    0.000000] tables: LAPIC_NMI (acpi_id[0x08] high edge lint[0x1])
[    0.000000] tables: LAPIC_NMI (acpi_id[0x10] high edge lint[0x1])
[    0.000000] tables: LAPIC_NMI (acpi_id[0x12] high edge lint[0x1])
[    0.000000] tables: LAPIC_NMI (acpi_id[0x14] high edge lint[0x1])
[    0.000000] tables: LAPIC_NMI (acpi_id[0x16] high edge lint[0x1])
[    0.000000] tables: LAPIC_NMI (acpi_id[0x18] high edge lint[0x1])
[    0.000000] tables: LAPIC_NMI (acpi_id[0x20] high edge lint[0x1])
[    0.000000] tables: LAPIC_NMI (acpi_id[0x22] high edge lint[0x1])
[    0.000000] tables: LAPIC_NMI (acpi_id[0x24] high edge lint[0x1])
[    0.000000] tables: LAPIC_NMI (acpi_id[0x26] high edge lint[0x1])
[    0.000000] tables: LAPIC_NMI (acpi_id[0x28] high edge lint[0x1])
[    0.000000] tables: LAPIC_NMI (acpi_id[0x30] high edge lint[0x1])
[    0.000000] tables: LAPIC_NMI (acpi_id[0x32] high edge lint[0x1])
[    0.000000] tables: LAPIC_NMI (acpi_id[0x34] high edge lint[0x1])
[    0.000000] tables: LAPIC_NMI (acpi_id[0x36] high edge lint[0x1])
[    0.000000] tables: LAPIC_NMI (acpi_id[0x38] high edge lint[0x1])
[    0.000000] tables: LAPIC_NMI (acpi_id[0x01] high edge lint[0x1])
[    0.000000] tables: LAPIC_NMI (acpi_id[0x03] high edge lint[0x1])
[    0.000000] tables: LAPIC_NMI (acpi_id[0x05] high edge lint[0x1])
[    0.000000] tables: LAPIC_NMI (acpi_id[0x07] high edge lint[0x1])
[    0.000000] tables: LAPIC_NMI (acpi_id[0x09] high edge lint[0x1])
[    0.000000] tables: LAPIC_NMI (acpi_id[0x11] high edge lint[0x1])
[    0.000000] tables: LAPIC_NMI (acpi_id[0x13] high edge lint[0x1])
[    0.000000] tables: LAPIC_NMI (acpi_id[0x15] high edge lint[0x1])
[    0.000000] tables: LAPIC_NMI (acpi_id[0x17] high edge lint[0x1])
[    0.000000] tables: LAPIC_NMI (acpi_id[0x19] high edge lint[0x1])
[    0.000000] tables: LAPIC_NMI (acpi_id[0x21] high edge lint[0x1])
[    0.000000] tables: LAPIC_NMI (acpi_id[0x23] high edge lint[0x1])
[    0.000000] tables: LAPIC_NMI (acpi_id[0x25] high edge lint[0x1])
[    0.000000] tables: LAPIC_NMI (acpi_id[0x27] high edge lint[0x1])
[    0.000000] tables: LAPIC_NMI (acpi_id[0x29] high edge lint[0x1])
[    0.000000] tables: LAPIC_NMI (acpi_id[0x31] high edge lint[0x1])
[    0.000000] tables: LAPIC_NMI (acpi_id[0x33] high edge lint[0x1])
[    0.000000] tables: LAPIC_NMI (acpi_id[0x35] high edge lint[0x1])
[    0.000000] tables: LAPIC_NMI (acpi_id[0x37] high edge lint[0x1])
[    0.000000] tables: LAPIC_NMI (acpi_id[0x39] high edge lint[0x1])
[    0.000000] io_apic: IOAPIC[0]: apic_id 1, version 32, address 0xfec00000, GSI 0-23
[    0.000000] io_apic: IOAPIC[1]: apic_id 2, version 32, address 0xfec01000, GSI 24-47
[    0.000000] io_apic: IOAPIC[2]: apic_id 3, version 32, address 0xfec40000, GSI 48-71
[    0.000000] tables: INT_SRC_OVR (bus 0 bus_irq 0 global_irq 2 dfl dfl)
[    0.000000] tables: INT_SRC_OVR (bus 0 bus_irq 9 global_irq 9 high level)
[    0.000000] ACPI: IRQ0 used by override.
[    0.000000] ACPI: IRQ9 used by override.
[    0.000000] Using ACPI (MADT) for SMP configuration information
[    0.000000] ACPI: HPET id: 0x8086a701 base: 0xfed00000
[    0.000000] smpboot: Allowing 40 CPUs, 0 hotplug CPUs
[    0.000000] snapshot: Registered nosave memory: [mem 0x00000000-0x00000fff]
[    0.000000] snapshot: Registered nosave memory: [mem 0x00099000-0x00099fff]
[    0.000000] snapshot: Registered nosave memory: [mem 0x0009a000-0x0009ffff]
[    0.000000] snapshot: Registered nosave memory: [mem 0x000a0000-0x000dffff]
[    0.000000] snapshot: Registered nosave memory: [mem 0x000e0000-0x000fffff]
[    0.000000] snapshot: Registered nosave memory: [mem 0x791d4000-0x799cdfff]
[    0.000000] snapshot: Registered nosave memory: [mem 0x799ce000-0x79a32fff]
[    0.000000] snapshot: Registered nosave memory: [mem 0x79a33000-0x79fa1fff]
[    0.000000] snapshot: Registered nosave memory: [mem 0x79fa2000-0x8fffffff]
[    0.000000] snapshot: Registered nosave memory: [mem 0x90000000-0xfed1bfff]
[    0.000000] snapshot: Registered nosave memory: [mem 0xfed1c000-0xfed44fff]
[    0.000000] snapshot: Registered nosave memory: [mem 0xfed45000-0xfeffffff]
[    0.000000] snapshot: Registered nosave memory: [mem 0xff000000-0xffffffff]
[    0.000000] e820: e820: [mem 0x90000000-0xfed1bfff] available for PCI devices
[    0.000000] Booting paravirtualized kernel on bare hardware
[    0.000000] clocksource: refined-jiffies: mask: 0xffffffff max_cycles: 0xffffffff, max_idle_ns: 7645519600211568 ns
[    0.000000] setup_percpu: NR_CPUS:256 nr_cpumask_bits:256 nr_cpu_ids:40 nr_node_ids:2
[    0.000000] percpu: Embedded 45 pages/cpu @        (ptrval) s145496 r8192 d30632 u262144
[    0.000000] pcpu-alloc: s145496 r8192 d30632 u262144 alloc=1*2097152
[    0.000000] pcpu-alloc: [0] 00 01 02 03 04 05 06 07 [0] 08 09 20 21 22 23 24 25 
[    0.000000] pcpu-alloc: [0] 26 27 28 29 -- -- -- -- [1] 10 11 12 13 14 15 16 17 
[    0.000000] pcpu-alloc: [1] 18 19 30 31 32 33 34 35 [1] 36 37 38 39 -- -- -- -- 
[    0.000000] page_alloc: Built 2 zonelists, mobility grouping on.  Total pages: 40441121
[    0.000000] page_alloc: Policy zone: Normal
[    0.000000] main: Kernel command line: BOOT_IMAGE=/boot/vmlinuz-4.17.0 root=UUID=4910fb56-38cb-41ae-82bf-3efa1d8a45a0 ro console=ttyS0,115200 crashkernel=384M-:128M
[    0.000000] printk: log_buf_len individual max cpu contribution: 4096 bytes
[    0.000000] printk: log_buf_len total cpu_extra contributions: 159744 bytes
[    0.000000] printk: log_buf_len min size: 262144 bytes
[    0.000000] printk: log_buf_len: 524288 bytes
[    0.000000] printk: early log buf free: 244828(93%)
[    0.000000] Calgary: detecting Calgary via BIOS EBDA area
[    0.000000] Calgary: Unable to locate Rio Grande table in EBDA - bailing!
[    0.000000] page_alloc: Memory: 161224948K/167658928K available (14348K kernel code, 1801K rwdata, 4280K rodata, 1812K init, 132104K bss, 6433980K reserved, 0K cma-reserved)
[    0.000000] slub: SLUB: HWalign=64, Order=0-3, MinObjects=0, CPUs=40, Nodes=2
[    0.000000] Kernel/User page tables isolation: enabled
[    0.000000] libftrace: ftrace: allocating 42155 entries in 165 pages
[    0.000000] trace: 
[    0.000000] trace: **********************************************************
[    0.000000] trace: **   NOTICE NOTICE NOTICE NOTICE NOTICE NOTICE NOTICE   **
[    0.000000] trace: **                                                      **
[    0.000000] trace: ** trace_printk() being used. Allocating extra memory.  **
[    0.000000] trace: **                                                      **
[    0.000000] trace: ** This means that this is a DEBUG kernel and it is     **
[    0.000000] trace: ** unsafe for production use.                           **
[    0.000000] trace: **                                                      **
[    0.000000] trace: ** If you see this message and you are not debugging    **
[    0.000000] trace: ** the kernel, report this immediately to your vendor!  **
[    0.000000] trace: **                                                      **
[    0.000000] trace: **   NOTICE NOTICE NOTICE NOTICE NOTICE NOTICE NOTICE   **
[    0.000000] trace: **********************************************************
[    0.000000] tree: Hierarchical RCU implementation.
[    0.000000] tree: 	RCU restricting CPUs from NR_CPUS=256 to nr_cpu_ids=40.
[    0.000000] tree: RCU: Adjusting geometry for rcu_fanout_leaf=16, nr_cpu_ids=40
[    0.000000] NR_IRQS: 16640, nr_irqs: 1560, preallocated irqs: 16
[    0.000000] tree: 	Offload RCU callbacks from CPUs: (none).
[    0.000000] vt: Console: colour VGA+ 80x25
[    0.000000] printk: console [ttyS0] enabled
[    0.000000] mempolicy: Enabling automatic NUMA balancing. Configure with numa_balancing= or the kernel.numa_balancing sysctl
[    0.000000] ACPI: Core revision 20180313
[    0.000000] clocksource: hpet: mask: 0xffffffff max_cycles: 0xffffffff, max_idle_ns: 133484882848 ns
[    0.000000] hpet clockevent registered
[    0.000000] apic: APIC: Switch to symmetric I/O mode setup
[    0.004000] dmar: Host address width 46
[    0.008000] dmar: DRHD base: 0x000000fbffc000 flags: 0x0
[    0.012000] dmar: dmar0: reg_base_addr fbffc000 ver 1:0 cap d2078c106f0466 ecap f020de
[    0.016000] dmar: DRHD base: 0x000000c7ffc000 flags: 0x1
[    0.020000] dmar: dmar1: reg_base_addr c7ffc000 ver 1:0 cap d2078c106f0466 ecap f020de
[    0.024000] dmar: RMRR base: 0x0000007bb4c000 end: 0x0000007bb5cfff
[    0.028000] dmar: ATSR flags: 0x0
[    0.032000] dmar: RHSA base: 0x000000c7ffc000 proximity domain: 0x0
[    0.036000] dmar: RHSA base: 0x000000fbffc000 proximity domain: 0x1
[    0.040000] intel_irq_remapping: IOAPIC id 3 under DRHD base  0xfbffc000 IOMMU 0
[    0.044000] intel_irq_remapping: IOAPIC id 1 under DRHD base  0xc7ffc000 IOMMU 1
[    0.048000] intel_irq_remapping: IOAPIC id 2 under DRHD base  0xc7ffc000 IOMMU 1
[    0.052000] intel_irq_remapping: HPET id 0 under DRHD base 0xc7ffc000
[    0.056000] intel_irq_remapping: x2apic is disabled because BIOS sets x2apic opt out bit.
[    0.056000] intel_irq_remapping: Use 'intremap=no_x2apic_optout' to override the BIOS setting.
[    0.064000] intel_irq_remapping: Enabled IRQ remapping in xapic mode
[    0.064000] apic: x2apic: IRQ remapping doesn't support X2APIC mode
[    0.068000] probe_64: Switched APIC routing to physical flat.
[    0.072000] ..TIMER: vector=0x30 apic1=0 pin1=2 apic2=-1 pin2=-1
[    0.092000] tsc: Fast TSC calibration using PIT
[    0.096000] tsc: Detected 2593.966 MHz processor
[    0.100000] clocksource: tsc-early: mask: 0xffffffffffffffff max_cycles: 0x2563f7e18a7, max_idle_ns: 440795265594 ns
[    0.104001] calibrate: Calibrating delay loop (skipped), value calculated using timer frequency.. 5187.93 BogoMIPS (lpj=10375864)
[    0.108001] pid: pid_max: default: 40960 minimum: 320
[    0.112073] security: Security Framework initialized
[    0.116001] yama: Yama: becoming mindful.
[    0.120036] AppArmor: AppArmor initialized
[    0.147866] page_alloc: Dentry cache hash table entries: 16777216 (order: 15, 134217728 bytes)
[    0.160595] page_alloc: Inode-cache hash table entries: 8388608 (order: 14, 67108864 bytes)
[    0.164373] page_alloc: Mount-cache hash table entries: 262144 (order: 9, 2097152 bytes)
[    0.168344] page_alloc: Mountpoint-cache hash table entries: 262144 (order: 9, 2097152 bytes)
[    0.172307] topology: CPU: Physical Processor ID: 0
[    0.176001] topology: CPU: Processor Core ID: 0
[    0.180005] intel: ENERGY_PERF_BIAS: Set to 'normal', was 'performance'
[    0.184000] intel: ENERGY_PERF_BIAS: View and update with x86_energy_perf_policy(8)
[    0.188004] mce: CPU supports 22 MCE banks
[    0.192016] therm_throt: CPU0: Thermal monitoring enabled (TM1)
[    0.196021] process: using mwait in idle threads
[    0.200002] common: Last level iTLB entries: 4KB 1024, 2MB 1024, 4MB 1024
[    0.204000] common: Last level dTLB entries: 4KB 1024, 2MB 1024, 4MB 1024, 1GB 4
[    0.208001] Spectre V2 : Vulnerable: Minimal generic ASM retpoline
[    0.212000] Speculative Store Bypass: Vulnerable
[    0.216129] page_alloc: Freeing SMP alternatives memory: 40K
[    0.224066] TSC deadline timer enabled
[    0.224073] smpboot: CPU0: Intel(R) Xeon(R) CPU E5-2660 v3 @ 2.60GHz (family: 0x6, model: 0x3f, stepping: 0x2)
[    0.228132] core: Performance Events: PEBS fmt2+, Haswell events, 16-deep LBR, full-width counters, Intel PMU driver.
[    0.232004] core: ... version:                3
[    0.236000] core: ... bit width:              48
[    0.240000] core: ... generic registers:      4
[    0.244001] core: ... value mask:             0000ffffffffffff
[    0.248000] core: ... max period:             00007fffffffffff
[    0.252000] core: ... fixed-purpose events:   3
[    0.256000] core: ... event mask:             000000070000000f
[    0.260056] srcutree: Hierarchical SRCU implementation.
[    0.268097] watchdog_hld: Enabled. Permanently consumes one hw-PMU counter.
[    0.272007] smp: Bringing up secondary CPUs ...
[    0.276174] x86: Booting SMP configuration:
[    0.280002] .... node  #0, CPUs:        #1  #2  #3  #4  #5  #6  #7  #8  #9
[    0.292003] .... node  #1, CPUs:   #10 #11 #12 #13 #14 #15 #16 #17 #18 #19
[    0.392002] .... node  #0, CPUs:   #20 #21 #22 #23 #24 #25 #26 #27 #28 #29
[    0.408003] .... node  #1, CPUs:   #30 #31 #32 #33 #34 #35 #36 #37 #38 #39
[    0.421278] smp: Brought up 2 nodes, 40 CPUs
[    0.428002] smpboot: Max logical packages: 2
[    0.432002] smpboot: Total of 40 processors activated (207548.99 BogoMIPS)
[    0.445913] devtmpfs: initialized
[    0.448063] init_64: x86/mm: Memory block size: 2048MB
[    0.452771] evm: security.selinux
[    0.456002] evm: security.SMACK64
[    0.459696] evm: security.apparmor
[    0.460000] evm: security.ima
[    0.463307] evm: security.capability
[    0.464058] acpi: PM: Registering ACPI NVS region [mem 0x79a33000-0x79fa1fff] (5697536 bytes)
[    0.468236] clocksource: jiffies: mask: 0xffffffff max_cycles: 0xffffffff, max_idle_ns: 7645041785100000 ns
[    0.472061] page_alloc: futex hash table entries: 16384 (order: 8, 1048576 bytes)
[    0.476362] xor: automatically using best checksumming function   avx       
[    0.480027] core: initialized pinctrl subsystem
[    0.484114] trace: RTC time: 13:25:40, date: 07/29/19
[    0.488634] socket: NET: Registered protocol family 16
[    0.492102] audit: initializing netlink subsys (disabled)
[    0.496021] audit: type=2000 audit(1564406738.496:1): state=initialized audit_enabled=0 res=1
[    0.504004] cpuidle: using governor ladder
[    0.508013] cpuidle: using governor menu
[    0.512050] random: random: get_random_bytes called from kcmp_cookies_init+0x16/0x38 with crng_init=0
[    0.516003] pci_acpi: ACPI FADT declares the system doesn't support PCIe ASPM, so disable it
[    0.520001] ACPI: bus type PCI registered
[    0.524001] acpiphp: ACPI Hot Plug PCI Controller Driver version: 0.5
[    0.528107] mmconfig_shared: PCI: MMCONFIG for domain 0000 [bus 00-ff] at [mem 0x80000000-0x8fffffff] (base 0x80000000)
[    0.532003] mmconfig_shared: PCI: MMCONFIG at [mem 0x80000000-0x8fffffff] reserved in E820
[    0.536014] PCI: Using configuration type 1 for base access
[    0.540034] core: PMU erratum BJ122, BV98, HSD29 worked around, HT is on
[    0.545762] hugetlb: HugeTLB registered 1.00 GiB page size, pre-allocated 0 pages
[    0.548004] hugetlb: HugeTLB registered 2.00 MiB page size, pre-allocated 0 pages
[    0.620008] raid6_pq: raid6: sse2x1   gen()  8330 MB/s
[    0.692001] raid6_pq: raid6: sse2x1   xor()  6594 MB/s
[    0.764002] raid6_pq: raid6: sse2x2   gen() 10541 MB/s
[    0.836004] raid6_pq: raid6: sse2x2   xor()  7251 MB/s
[    0.908005] raid6_pq: raid6: sse2x4   gen() 12324 MB/s
[    0.980002] raid6_pq: raid6: sse2x4   xor()  8452 MB/s
[    1.052003] raid6_pq: raid6: avx2x1   gen() 16388 MB/s
[    1.124002] raid6_pq: raid6: avx2x1   xor() 12539 MB/s
[    1.196001] raid6_pq: raid6: avx2x2   gen() 18987 MB/s
[    1.268002] raid6_pq: raid6: avx2x2   xor() 13558 MB/s
[    1.340003] raid6_pq: raid6: avx2x4   gen() 22213 MB/s
[    1.412002] raid6_pq: raid6: avx2x4   xor() 13610 MB/s
[    1.416001] raid6_pq: raid6: using algorithm avx2x4 gen() 22213 MB/s
[    1.420000] raid6_pq: raid6: .... xor() 13610 MB/s, rmw enabled
[    1.424001] raid6_pq: raid6: using avx2x2 recovery algorithm
[    1.428186] acpi: Added _OSI(Module Device)
[    1.432002] acpi: Added _OSI(Processor Device)
[    1.436001] acpi: Added _OSI(3.0 _SCP Extensions)
[    1.440001] acpi: Added _OSI(Processor Aggregator Device)
[    1.444001] acpi: Added _OSI(Linux-Dell-Video)
[    1.480890] ACPI: 4 ACPI AML tables successfully acquired and loaded
[    1.488332] acpi: [Firmware Bug]: BIOS _OSI(Linux) query ignored
[    1.500756] ACPI: Dynamic OEM Table Load:
[    1.524872] ACPI: Interpreter enabled
[    1.528012] acpi: ACPI: (supports S0 S5)
[    1.532002] ACPI: Using IOAPIC for interrupt routing
[    1.536043] apei: HEST: Table parsing has been initialized.
[    1.540003] PCI: Using host bridge windows from ACPI; if necessary, use "pci=nocrs" and report a bug
[    1.544435] ACPI: Enabled 5 GPEs in block 00 to 3F
[    1.580134] acpi: ACPI: PCI Root Bridge [UNC1] (domain 0000 [bus ff])
[    1.584004] acpi PNP0A03:02: _OSC: OS supports [ExtendedConfig ASPM ClockPM Segments MSI]
[    1.598092] acpi PNP0A03:02: _OSC: OS now controls [PCIeHotplug PME AER PCIeCapability]
[    1.604002] acpi PNP0A03:02: FADT indicates ASPM is unsupported, using BIOS configuration
[    1.616040] probe: PCI host bridge to bus 0000:ff
[    1.620002] pci_bus 0000:ff: root bus resource [bus ff]
[    1.624010] pci 0000:ff:08.0: [8086:2f80] type 00 class 0x088000
[    1.624065] pci 0000:ff:08.2: [8086:2f32] type 00 class 0x110100
[    1.624107] pci 0000:ff:08.3: [8086:2f83] type 00 class 0x088000
[    1.624154] pci 0000:ff:09.0: [8086:2f90] type 00 class 0x088000
[    1.624198] pci 0000:ff:09.2: [8086:2f33] type 00 class 0x110100
[    1.624237] pci 0000:ff:09.3: [8086:2f93] type 00 class 0x088000
[    1.624280] pci 0000:ff:0b.0: [8086:2f81] type 00 class 0x088000
[    1.624316] pci 0000:ff:0b.1: [8086:2f36] type 00 class 0x110100
[    1.624356] pci 0000:ff:0b.2: [8086:2f37] type 00 class 0x110100
[    1.624394] pci 0000:ff:0c.0: [8086:2fe0] type 00 class 0x088000
[    1.624430] pci 0000:ff:0c.1: [8086:2fe1] type 00 class 0x088000
[    1.624467] pci 0000:ff:0c.2: [8086:2fe2] type 00 class 0x088000
[    1.624505] pci 0000:ff:0c.3: [8086:2fe3] type 00 class 0x088000
[    1.624544] pci 0000:ff:0c.4: [8086:2fe4] type 00 class 0x088000
[    1.624580] pci 0000:ff:0c.5: [8086:2fe5] type 00 class 0x088000
[    1.624616] pci 0000:ff:0c.6: [8086:2fe6] type 00 class 0x088000
[    1.624655] pci 0000:ff:0c.7: [8086:2fe7] type 00 class 0x088000
[    1.624691] pci 0000:ff:0d.0: [8086:2fe8] type 00 class 0x088000
[    1.624729] pci 0000:ff:0d.1: [8086:2fe9] type 00 class 0x088000
[    1.624769] pci 0000:ff:0f.0: [8086:2ff8] type 00 class 0x088000
[    1.624806] pci 0000:ff:0f.1: [8086:2ff9] type 00 class 0x088000
[    1.624848] pci 0000:ff:0f.2: [8086:2ffa] type 00 class 0x088000
[    1.624884] pci 0000:ff:0f.3: [8086:2ffb] type 00 class 0x088000
[    1.624925] pci 0000:ff:0f.4: [8086:2ffc] type 00 class 0x088000
[    1.624963] pci 0000:ff:0f.5: [8086:2ffd] type 00 class 0x088000
[    1.625002] pci 0000:ff:0f.6: [8086:2ffe] type 00 class 0x088000
[    1.625040] pci 0000:ff:10.0: [8086:2f1d] type 00 class 0x088000
[    1.625079] pci 0000:ff:10.1: [8086:2f34] type 00 class 0x110100
[    1.625121] pci 0000:ff:10.5: [8086:2f1e] type 00 class 0x088000
[    1.625156] pci 0000:ff:10.6: [8086:2f7d] type 00 class 0x110100
[    1.625193] pci 0000:ff:10.7: [8086:2f1f] type 00 class 0x088000
[    1.625229] pci 0000:ff:12.0: [8086:2fa0] type 00 class 0x088000
[    1.625271] pci 0000:ff:12.1: [8086:2f30] type 00 class 0x110100
[    1.625315] pci 0000:ff:12.4: [8086:2f60] type 00 class 0x088000
[    1.625357] pci 0000:ff:12.5: [8086:2f38] type 00 class 0x110100
[    1.625399] pci 0000:ff:13.0: [8086:2fa8] type 00 class 0x088000
[    1.625443] pci 0000:ff:13.1: [8086:2f71] type 00 class 0x088000
[    1.625486] pci 0000:ff:13.2: [8086:2faa] type 00 class 0x088000
[    1.625535] pci 0000:ff:13.3: [8086:2fab] type 00 class 0x088000
[    1.625579] pci 0000:ff:13.6: [8086:2fae] type 00 class 0x088000
[    1.625620] pci 0000:ff:13.7: [8086:2faf] type 00 class 0x088000
[    1.625660] pci 0000:ff:14.0: [8086:2fb0] type 00 class 0x088000
[    1.625704] pci 0000:ff:14.1: [8086:2fb1] type 00 class 0x088000
[    1.625750] pci 0000:ff:14.2: [8086:2fb2] type 00 class 0x088000
[    1.625794] pci 0000:ff:14.3: [8086:2fb3] type 00 class 0x088000
[    1.625837] pci 0000:ff:14.4: [8086:2fbc] type 00 class 0x088000
[    1.625877] pci 0000:ff:14.5: [8086:2fbd] type 00 class 0x088000
[    1.625918] pci 0000:ff:14.6: [8086:2fbe] type 00 class 0x088000
[    1.625964] pci 0000:ff:14.7: [8086:2fbf] type 00 class 0x088000
[    1.626006] pci 0000:ff:16.0: [8086:2f68] type 00 class 0x088000
[    1.626050] pci 0000:ff:16.1: [8086:2f79] type 00 class 0x088000
[    1.626094] pci 0000:ff:16.2: [8086:2f6a] type 00 class 0x088000
[    1.626138] pci 0000:ff:16.3: [8086:2f6b] type 00 class 0x088000
[    1.626187] pci 0000:ff:16.6: [8086:2f6e] type 00 class 0x088000
[    1.626232] pci 0000:ff:16.7: [8086:2f6f] type 00 class 0x088000
[    1.626273] pci 0000:ff:17.0: [8086:2fd0] type 00 class 0x088000
[    1.626319] pci 0000:ff:17.1: [8086:2fd1] type 00 class 0x088000
[    1.626363] pci 0000:ff:17.2: [8086:2fd2] type 00 class 0x088000
[    1.626410] pci 0000:ff:17.3: [8086:2fd3] type 00 class 0x088000
[    1.626455] pci 0000:ff:17.4: [8086:2fb8] type 00 class 0x088000
[    1.626496] pci 0000:ff:17.5: [8086:2fb9] type 00 class 0x088000
[    1.626537] pci 0000:ff:17.6: [8086:2fba] type 00 class 0x088000
[    1.626577] pci 0000:ff:17.7: [8086:2fbb] type 00 class 0x088000
[    1.626634] pci 0000:ff:1e.0: [8086:2f98] type 00 class 0x088000
[    1.626676] pci 0000:ff:1e.1: [8086:2f99] type 00 class 0x088000
[    1.626716] pci 0000:ff:1e.2: [8086:2f9a] type 00 class 0x088000
[    1.626756] pci 0000:ff:1e.3: [8086:2fc0] type 00 class 0x088000
[    1.626785] pci 0000:ff:1e.4: [8086:2f9c] type 00 class 0x088000
[    1.626832] pci 0000:ff:1f.0: [8086:2f88] type 00 class 0x088000
[    1.626874] pci 0000:ff:1f.2: [8086:2f8a] type 00 class 0x088000
[    1.626977] acpi: ACPI: PCI Root Bridge [UNC0] (domain 0000 [bus 7f])
[    1.636003] acpi PNP0A03:03: _OSC: OS supports [ExtendedConfig ASPM ClockPM Segments MSI]
[    1.644725] acpi PNP0A03:03: _OSC: OS now controls [PCIeHotplug PME AER PCIeCapability]
[    1.656002] acpi PNP0A03:03: FADT indicates ASPM is unsupported, using BIOS configuration
[    1.664035] probe: PCI host bridge to bus 0000:7f
[    1.668002] pci_bus 0000:7f: root bus resource [bus 7f]
[    1.676008] pci 0000:7f:08.0: [8086:2f80] type 00 class 0x088000
[    1.676051] pci 0000:7f:08.2: [8086:2f32] type 00 class 0x110100
[    1.676093] pci 0000:7f:08.3: [8086:2f83] type 00 class 0x088000
[    1.676133] pci 0000:7f:09.0: [8086:2f90] type 00 class 0x088000
[    1.676171] pci 0000:7f:09.2: [8086:2f33] type 00 class 0x110100
[    1.676207] pci 0000:7f:09.3: [8086:2f93] type 00 class 0x088000
[    1.676247] pci 0000:7f:0b.0: [8086:2f81] type 00 class 0x088000
[    1.676284] pci 0000:7f:0b.1: [8086:2f36] type 00 class 0x110100
[    1.676319] pci 0000:7f:0b.2: [8086:2f37] type 00 class 0x110100
[    1.676354] pci 0000:7f:0c.0: [8086:2fe0] type 00 class 0x088000
[    1.676389] pci 0000:7f:0c.1: [8086:2fe1] type 00 class 0x088000
[    1.676423] pci 0000:7f:0c.2: [8086:2fe2] type 00 class 0x088000
[    1.676460] pci 0000:7f:0c.3: [8086:2fe3] type 00 class 0x088000
[    1.676494] pci 0000:7f:0c.4: [8086:2fe4] type 00 class 0x088000
[    1.676528] pci 0000:7f:0c.5: [8086:2fe5] type 00 class 0x088000
[    1.676562] pci 0000:7f:0c.6: [8086:2fe6] type 00 class 0x088000
[    1.676595] pci 0000:7f:0c.7: [8086:2fe7] type 00 class 0x088000
[    1.676634] pci 0000:7f:0d.0: [8086:2fe8] type 00 class 0x088000
[    1.676670] pci 0000:7f:0d.1: [8086:2fe9] type 00 class 0x088000
[    1.676707] pci 0000:7f:0f.0: [8086:2ff8] type 00 class 0x088000
[    1.676741] pci 0000:7f:0f.1: [8086:2ff9] type 00 class 0x088000
[    1.676776] pci 0000:7f:0f.2: [8086:2ffa] type 00 class 0x088000
[    1.676816] pci 0000:7f:0f.3: [8086:2ffb] type 00 class 0x088000
[    1.676851] pci 0000:7f:0f.4: [8086:2ffc] type 00 class 0x088000
[    1.676886] pci 0000:7f:0f.5: [8086:2ffd] type 00 class 0x088000
[    1.676920] pci 0000:7f:0f.6: [8086:2ffe] type 00 class 0x088000
[    1.676957] pci 0000:7f:10.0: [8086:2f1d] type 00 class 0x088000
[    1.676995] pci 0000:7f:10.1: [8086:2f34] type 00 class 0x110100
[    1.677032] pci 0000:7f:10.5: [8086:2f1e] type 00 class 0x088000
[    1.677066] pci 0000:7f:10.6: [8086:2f7d] type 00 class 0x110100
[    1.677101] pci 0000:7f:10.7: [8086:2f1f] type 00 class 0x088000
[    1.677140] pci 0000:7f:12.0: [8086:2fa0] type 00 class 0x088000
[    1.677186] pci 0000:7f:12.1: [8086:2f30] type 00 class 0x110100
[    1.677224] pci 0000:7f:12.4: [8086:2f60] type 00 class 0x088000
[    1.677263] pci 0000:7f:12.5: [8086:2f38] type 00 class 0x110100
[    1.677303] pci 0000:7f:13.0: [8086:2fa8] type 00 class 0x088000
[    1.677343] pci 0000:7f:13.1: [8086:2f71] type 00 class 0x088000
[    1.677387] pci 0000:7f:13.2: [8086:2faa] type 00 class 0x088000
[    1.677426] pci 0000:7f:13.3: [8086:2fab] type 00 class 0x088000
[    1.677467] pci 0000:7f:13.6: [8086:2fae] type 00 class 0x088000
[    1.677505] pci 0000:7f:13.7: [8086:2faf] type 00 class 0x088000
[    1.677542] pci 0000:7f:14.0: [8086:2fb0] type 00 class 0x088000
[    1.677587] pci 0000:7f:14.1: [8086:2fb1] type 00 class 0x088000
[    1.677630] pci 0000:7f:14.2: [8086:2fb2] type 00 class 0x088000
[    1.677670] pci 0000:7f:14.3: [8086:2fb3] type 00 class 0x088000
[    1.677710] pci 0000:7f:14.4: [8086:2fbc] type 00 class 0x088000
[    1.677748] pci 0000:7f:14.5: [8086:2fbd] type 00 class 0x088000
[    1.677788] pci 0000:7f:14.6: [8086:2fbe] type 00 class 0x088000
[    1.677825] pci 0000:7f:14.7: [8086:2fbf] type 00 class 0x088000
[    1.677864] pci 0000:7f:16.0: [8086:2f68] type 00 class 0x088000
[    1.677906] pci 0000:7f:16.1: [8086:2f79] type 00 class 0x088000
[    1.677947] pci 0000:7f:16.2: [8086:2f6a] type 00 class 0x088000
[    1.677991] pci 0000:7f:16.3: [8086:2f6b] type 00 class 0x088000
[    1.678033] pci 0000:7f:16.6: [8086:2f6e] type 00 class 0x088000
[    1.678072] pci 0000:7f:16.7: [8086:2f6f] type 00 class 0x088000
[    1.678110] pci 0000:7f:17.0: [8086:2fd0] type 00 class 0x088000
[    1.678151] pci 0000:7f:17.1: [8086:2fd1] type 00 class 0x088000
[    1.678195] pci 0000:7f:17.2: [8086:2fd2] type 00 class 0x088000
[    1.678238] pci 0000:7f:17.3: [8086:2fd3] type 00 class 0x088000
[    1.678279] pci 0000:7f:17.4: [8086:2fb8] type 00 class 0x088000
[    1.678318] pci 0000:7f:17.5: [8086:2fb9] type 00 class 0x088000
[    1.678356] pci 0000:7f:17.6: [8086:2fba] type 00 class 0x088000
[    1.678397] pci 0000:7f:17.7: [8086:2fbb] type 00 class 0x088000
[    1.678441] pci 0000:7f:1e.0: [8086:2f98] type 00 class 0x088000
[    1.678477] pci 0000:7f:1e.1: [8086:2f99] type 00 class 0x088000
[    1.678514] pci 0000:7f:1e.2: [8086:2f9a] type 00 class 0x088000
[    1.678553] pci 0000:7f:1e.3: [8086:2fc0] type 00 class 0x088000
[    1.678583] pci 0000:7f:1e.4: [8086:2f9c] type 00 class 0x088000
[    1.678625] pci 0000:7f:1f.0: [8086:2f88] type 00 class 0x088000
[    1.678665] pci 0000:7f:1f.2: [8086:2f8a] type 00 class 0x088000
[    1.687158] acpi: ACPI: PCI Root Bridge [PCI0] (domain 0000 [bus 00-7e])
[    1.692004] acpi PNP0A08:00: _OSC: OS supports [ExtendedConfig ASPM ClockPM Segments MSI]
[    1.704517] acpi PNP0A08:00: _OSC: OS now controls [PCIeHotplug PME AER PCIeCapability]
[    1.712001] acpi PNP0A08:00: FADT indicates ASPM is unsupported, using BIOS configuration
[    1.720275] probe: PCI host bridge to bus 0000:00
[    1.728003] pci_bus 0000:00: root bus resource [io  0x0000-0x0cf7 window]
[    1.736001] pci_bus 0000:00: root bus resource [io  0x1000-0x7fff window]
[    1.740001] pci_bus 0000:00: root bus resource [mem 0x000a0000-0x000bffff window]
[    1.752001] pci_bus 0000:00: root bus resource [mem 0x90000000-0xc7ffbfff window]
[    1.760001] pci_bus 0000:00: root bus resource [mem 0x38000000000-0x3bfffffffff window]
[    1.768001] pci_bus 0000:00: root bus resource [bus 00-7e]
[    1.772007] pci 0000:00:00.0: [8086:2f00] type 00 class 0x060000
[    1.772137] pci 0000:00:01.0: [8086:2f02] type 01 class 0x060400
[    1.772181] pci 0000:00:01.0: PME# supported from D0 D3hot D3cold
[    1.772276] pci 0000:00:01.1: [8086:2f03] type 01 class 0x060400
[    1.772319] pci 0000:00:01.1: PME# supported from D0 D3hot D3cold
[    1.772413] pci 0000:00:02.0: [8086:2f04] type 01 class 0x060400
[    1.772456] pci 0000:00:02.0: PME# supported from D0 D3hot D3cold
[    1.772549] pci 0000:00:02.2: [8086:2f06] type 01 class 0x060400
[    1.772592] pci 0000:00:02.2: PME# supported from D0 D3hot D3cold
[    1.772686] pci 0000:00:03.0: [8086:2f08] type 01 class 0x060400
[    1.772728] pci 0000:00:03.0: PME# supported from D0 D3hot D3cold
[    1.772820] pci 0000:00:05.0: [8086:2f28] type 00 class 0x088000
[    1.772928] pci 0000:00:05.1: [8086:2f29] type 00 class 0x088000
[    1.773046] pci 0000:00:05.2: [8086:2f2a] type 00 class 0x088000
[    1.773151] pci 0000:00:05.4: [8086:2f2c] type 00 class 0x080020
[    1.773159] pci 0000:00:05.4: reg 0x10: [mem 0xc7005000-0xc7005fff]
[    1.773279] pci 0000:00:11.0: [8086:8d7c] type 00 class 0xff0000
[    1.773464] pci 0000:00:11.4: [8086:8d62] type 00 class 0x010601
[    1.773481] pci 0000:00:11.4: reg 0x10: [io  0x7110-0x7117]
[    1.773488] pci 0000:00:11.4: reg 0x14: [io  0x7100-0x7103]
[    1.773495] pci 0000:00:11.4: reg 0x18: [io  0x70f0-0x70f7]
[    1.773502] pci 0000:00:11.4: reg 0x1c: [io  0x70e0-0x70e3]
[    1.773509] pci 0000:00:11.4: reg 0x20: [io  0x7020-0x703f]
[    1.773516] pci 0000:00:11.4: reg 0x24: [mem 0xc7004000-0xc70047ff]
[    1.773554] pci 0000:00:11.4: PME# supported from D3hot
[    1.773654] pci 0000:00:16.0: [8086:8d3a] type 00 class 0x078000
[    1.773672] pci 0000:00:16.0: reg 0x10: [mem 0x3bffff13000-0x3bffff1300f 64bit]
[    1.773727] pci 0000:00:16.0: PME# supported from D0 D3hot D3cold
[    1.773813] pci 0000:00:16.1: [8086:8d3b] type 00 class 0x078000
[    1.773831] pci 0000:00:16.1: reg 0x10: [mem 0x3bffff12000-0x3bffff1200f 64bit]
[    1.773886] pci 0000:00:16.1: PME# supported from D0 D3hot D3cold
[    1.773986] pci 0000:00:1a.0: [8086:8d2d] type 00 class 0x0c0320
[    1.774004] pci 0000:00:1a.0: reg 0x10: [mem 0xc7002000-0xc70023ff]
[    1.774081] pci 0000:00:1a.0: PME# supported from D0 D3hot D3cold
[    1.774173] pci 0000:00:1c.0: [8086:8d10] type 01 class 0x060400
[    1.774238] pci 0000:00:1c.0: PME# supported from D0 D3hot D3cold
[    1.774335] pci 0000:00:1c.3: [8086:8d16] type 01 class 0x060400
[    1.774400] pci 0000:00:1c.3: PME# supported from D0 D3hot D3cold
[    1.774501] pci 0000:00:1d.0: [8086:8d26] type 00 class 0x0c0320
[    1.774520] pci 0000:00:1d.0: reg 0x10: [mem 0xc7001000-0xc70013ff]
[    1.774595] pci 0000:00:1d.0: PME# supported from D0 D3hot D3cold
[    1.774686] pci 0000:00:1f.0: [8086:8d44] type 00 class 0x060100
[    1.774866] pci 0000:00:1f.2: [8086:8d02] type 00 class 0x010601
[    1.774880] pci 0000:00:1f.2: reg 0x10: [io  0x7070-0x7077]
[    1.774886] pci 0000:00:1f.2: reg 0x14: [io  0x7060-0x7063]
[    1.774892] pci 0000:00:1f.2: reg 0x18: [io  0x7050-0x7057]
[    1.774898] pci 0000:00:1f.2: reg 0x1c: [io  0x7040-0x7043]
[    1.774904] pci 0000:00:1f.2: reg 0x20: [io  0x7000-0x701f]
[    1.774910] pci 0000:00:1f.2: reg 0x24: [mem 0xc7000000-0xc70007ff]
[    1.774942] pci 0000:00:1f.2: PME# supported from D3hot
[    1.775162] acpiphp: Slot [0] registered
[    1.780033] pci 0000:01:00.0: [8086:1521] type 00 class 0x020000
[    1.780051] pci 0000:01:00.0: reg 0x10: [mem 0xc6a00000-0xc6afffff]
[    1.780062] pci 0000:01:00.0: reg 0x18: [io  0x6020-0x603f]
[    1.780068] pci 0000:01:00.0: reg 0x1c: [mem 0xc6c04000-0xc6c07fff]
[    1.780084] pci 0000:01:00.0: reg 0x30: [mem 0xc6b80000-0xc6bfffff pref]
[    1.780138] pci 0000:01:00.0: PME# supported from D0 D3hot D3cold
[    1.780162] pci 0000:01:00.0: reg 0x184: [mem 0x3bfffe60000-0x3bfffe63fff 64bit pref]
[    1.780163] pci 0000:01:00.0: VF(n) BAR0 space: [mem 0x3bfffe60000-0x3bfffe7ffff 64bit pref] (contains BAR0 for 8 VFs)
[    1.792013] pci 0000:01:00.0: reg 0x190: [mem 0x3bfffe40000-0x3bfffe43fff 64bit pref]
[    1.792014] pci 0000:01:00.0: VF(n) BAR3 space: [mem 0x3bfffe40000-0x3bfffe5ffff 64bit pref] (contains BAR3 for 8 VFs)
[    1.804086] pci 0000:01:00.1: [8086:1521] type 00 class 0x020000
[    1.804102] pci 0000:01:00.1: reg 0x10: [mem 0xc6900000-0xc69fffff]
[    1.804114] pci 0000:01:00.1: reg 0x18: [io  0x6000-0x601f]
[    1.804120] pci 0000:01:00.1: reg 0x1c: [mem 0xc6c00000-0xc6c03fff]
[    1.804137] pci 0000:01:00.1: reg 0x30: [mem 0xc6b00000-0xc6b7ffff pref]
[    1.804188] pci 0000:01:00.1: PME# supported from D0 D3hot D3cold
[    1.804208] pci 0000:01:00.1: reg 0x184: [mem 0x3bfffe20000-0x3bfffe23fff 64bit pref]
[    1.804209] pci 0000:01:00.1: VF(n) BAR0 space: [mem 0x3bfffe20000-0x3bfffe3ffff 64bit pref] (contains BAR0 for 8 VFs)
[    1.816012] pci 0000:01:00.1: reg 0x190: [mem 0x3bfffe00000-0x3bfffe03fff 64bit pref]
[    1.816013] pci 0000:01:00.1: VF(n) BAR3 space: [mem 0x3bfffe00000-0x3bfffe1ffff 64bit pref] (contains BAR3 for 8 VFs)
[    1.828095] pci 0000:00:01.0: PCI bridge to [bus 01-02]
[    1.836002] pci 0000:00:01.0:   bridge window [io  0x6000-0x6fff]
[    1.836004] pci 0000:00:01.0:   bridge window [mem 0xc6900000-0xc6cfffff]
[    1.836007] pci 0000:00:01.0:   bridge window [mem 0x3bfffe00000-0x3bfffefffff 64bit pref]
[    1.836144] pci 0000:00:01.1: PCI bridge to [bus 03]
[    1.840135] pci 0000:00:02.0: PCI bridge to [bus 04]
[    1.848138] pci 0000:05:00.0: [1000:0090] type 00 class 0x010700
[    1.848149] pci 0000:05:00.0: reg 0x10: [io  0x5000-0x50ff]
[    1.848155] pci 0000:05:00.0: reg 0x14: [mem 0xc6e40000-0xc6e4ffff 64bit]
[    1.848162] pci 0000:05:00.0: reg 0x1c: [mem 0xc6e00000-0xc6e3ffff 64bit]
[    1.848170] pci 0000:05:00.0: reg 0x30: [mem 0xc6d00000-0xc6dfffff pref]
[    1.848174] pci 0000:05:00.0: enabling Extended Tags
[    1.852076] pci 0000:05:00.0: supports D1 D2
[    1.852138] pci 0000:00:02.2: PCI bridge to [bus 05]
[    1.856002] pci 0000:00:02.2:   bridge window [io  0x5000-0x5fff]
[    1.856004] pci 0000:00:02.2:   bridge window [mem 0xc6d00000-0xc6efffff]
[    1.856149] pci 0000:06:00.0: [8086:10fb] type 00 class 0x020000
[    1.856161] pci 0000:06:00.0: reg 0x10: [mem 0xc7900000-0xc79fffff pref]
[    1.856170] pci 0000:06:00.0: reg 0x18: [io  0x4020-0x403f]
[    1.856175] pci 0000:06:00.0: reg 0x1c: [mem 0xc7e04000-0xc7e07fff pref]
[    1.856188] pci 0000:06:00.0: reg 0x30: [mem 0xc6f80000-0xc6ffffff pref]
[    1.856224] pci 0000:06:00.0: PME# supported from D0 D3hot
[    1.856241] pci 0000:06:00.0: reg 0x184: [mem 0xc7d00000-0xc7d03fff 64bit pref]
[    1.856242] pci 0000:06:00.0: VF(n) BAR0 space: [mem 0xc7d00000-0xc7dfffff 64bit pref] (contains BAR0 for 64 VFs)
[    1.868010] pci 0000:06:00.0: reg 0x190: [mem 0xc7c00000-0xc7c03fff 64bit pref]
[    1.868011] pci 0000:06:00.0: VF(n) BAR3 space: [mem 0xc7c00000-0xc7cfffff 64bit pref] (contains BAR3 for 64 VFs)
[    1.880134] pci 0000:06:00.1: [8086:10fb] type 00 class 0x020000
[    1.880146] pci 0000:06:00.1: reg 0x10: [mem 0xc7800000-0xc78fffff pref]
[    1.880154] pci 0000:06:00.1: reg 0x18: [io  0x4000-0x401f]
[    1.880159] pci 0000:06:00.1: reg 0x1c: [mem 0xc7e00000-0xc7e03fff pref]
[    1.880172] pci 0000:06:00.1: reg 0x30: [mem 0xc6f00000-0xc6f7ffff pref]
[    1.880208] pci 0000:06:00.1: PME# supported from D0 D3hot
[    1.880222] pci 0000:06:00.1: reg 0x184: [mem 0xc7b00000-0xc7b03fff 64bit pref]
[    1.880223] pci 0000:06:00.1: VF(n) BAR0 space: [mem 0xc7b00000-0xc7bfffff 64bit pref] (contains BAR0 for 64 VFs)
[    1.892009] pci 0000:06:00.1: reg 0x190: [mem 0xc7a00000-0xc7a03fff 64bit pref]
[    1.892010] pci 0000:06:00.1: VF(n) BAR3 space: [mem 0xc7a00000-0xc7afffff 64bit pref] (contains BAR3 for 64 VFs)
[    1.904128] pci 0000:00:03.0: PCI bridge to [bus 06-07]
[    1.912002] pci 0000:00:03.0:   bridge window [io  0x4000-0x4fff]
[    1.912004] pci 0000:00:03.0:   bridge window [mem 0xc6f00000-0xc6ffffff]
[    1.912006] pci 0000:00:03.0:   bridge window [mem 0xc7800000-0xc7efffff 64bit pref]
[    1.912042] pci 0000:00:1c.0: PCI bridge to [bus 08]
[    1.916064] pci 0000:09:00.0: [102b:0522] type 00 class 0x030000
[    1.916095] pci 0000:09:00.0: reg 0x10: [mem 0xc5000000-0xc5ffffff]
[    1.916109] pci 0000:09:00.0: reg 0x14: [mem 0xc6810000-0xc6813fff]
[    1.916122] pci 0000:09:00.0: reg 0x18: [mem 0xc6000000-0xc67fffff]
[    1.916173] pci 0000:09:00.0: reg 0x30: [mem 0xc6800000-0xc680ffff pref]
[    1.916307] pci 0000:00:1c.3: PCI bridge to [bus 09]
[    1.920005] pci 0000:00:1c.3:   bridge window [mem 0xc5000000-0xc68fffff]
[    1.920033] pci_bus 0000:00: on NUMA node 0
[    1.920568] acpi: ACPI: PCI Root Bridge [PCI1] (domain 0000 [bus 80-fe])
[    1.928004] acpi PNP0A08:01: _OSC: OS supports [ExtendedConfig ASPM ClockPM Segments MSI]
[    1.940511] acpi PNP0A08:01: _OSC: OS now controls [PCIeHotplug PME AER PCIeCapability]
[    1.948001] acpi PNP0A08:01: FADT indicates ASPM is unsupported, using BIOS configuration
[    1.956152] probe: PCI host bridge to bus 0000:80
[    1.964002] pci_bus 0000:80: root bus resource [io  0x8000-0xffff window]
[    1.972001] pci_bus 0000:80: root bus resource [mem 0xc8000000-0xfbffbfff window]
[    1.980001] pci_bus 0000:80: root bus resource [mem 0x3c000000000-0x3ffffffffff window]
[    1.988001] pci_bus 0000:80: root bus resource [bus 80-fe]
[    1.992009] pci 0000:80:02.0: [8086:2f04] type 01 class 0x060400
[    1.992060] pci 0000:80:02.0: PME# supported from D0 D3hot D3cold
[    1.992132] pci 0000:80:05.0: [8086:2f28] type 00 class 0x088000
[    1.992220] pci 0000:80:05.1: [8086:2f29] type 00 class 0x088000
[    1.992319] pci 0000:80:05.2: [8086:2f2a] type 00 class 0x088000
[    1.992401] pci 0000:80:05.4: [8086:2f2c] type 00 class 0x080020
[    1.992409] pci 0000:80:05.4: reg 0x10: [mem 0xfbf00000-0xfbf00fff]
[    1.992643] pci 0000:80:02.0: PCI bridge to [bus 81]
[    2.000010] pci_bus 0000:80: on NUMA node 1
[    2.000336] ACPI: PCI Interrupt Link [LNKA] (IRQs 3 4 5 6 7 10 *11 12 14 15)
[    2.008040] ACPI: PCI Interrupt Link [LNKB] (IRQs 3 4 5 6 7 *10 11 12 14 15)
[    2.016038] ACPI: PCI Interrupt Link [LNKC] (IRQs 3 4 5 6 10 *11 12 14 15)
[    2.024038] ACPI: PCI Interrupt Link [LNKD] (IRQs 3 4 *5 6 10 11 12 14 15)
[    2.032038] ACPI: PCI Interrupt Link [LNKE] (IRQs 3 4 5 6 7 10 11 12 14 15) *0, disabled.
[    2.040037] ACPI: PCI Interrupt Link [LNKF] (IRQs 3 4 5 6 7 10 11 12 14 15) *0, disabled.
[    2.048037] ACPI: PCI Interrupt Link [LNKG] (IRQs 3 4 5 6 7 10 11 12 14 15) *0, disabled.
[    2.060038] ACPI: PCI Interrupt Link [LNKH] (IRQs 3 4 5 6 7 10 11 12 14 15) *0, disabled.
[    2.068271] pci 0000:09:00.0: vgaarb: setting as boot VGA device
[    2.072000] pci 0000:09:00.0: vgaarb: VGA device added: decodes=io+mem,owns=io+mem,locks=none
[    2.084003] pci 0000:09:00.0: vgaarb: bridge control possible
[    2.092001] vgaarb: loaded
[    2.095142] SCSI subsystem initialized
[    2.100057] libata version 3.00 loaded.
[    2.100057] ACPI: bus type USB registered
[    2.104016] usbcore: usbcore: registered new interface driver usbfs
[    2.108006] usbcore: usbcore: registered new interface driver hub
[    2.116094] usbcore: usbcore: registered new device driver usb
[    2.124015] pps_core: LinuxPPS API ver. 1 registered
[    2.128001] pps_core: Software ver. 5.3.6 - Copyright 2005-2007 Rodolfo Giometti <giometti@linux.it>
