ENABLE_FILE_STATS in con
ENABLE_FILE_STATS in con
Command terminated by signal 9
	Command being timed: "./db_bench --db=/users/kannan11/ssd/sudarsun/prefetching/appbench/apps/rocksdb/DATA --value_size=4096 --wal_dir=/users/kannan11/ssd/sudarsun/prefetching/appbench/apps/rocksdb/DATA/WAL_LOG --sync=0 --key_size=1000 --write_buffer_size=67108864 --num=1000000 --benchmarks=readrandom --use_existing_db=1 --mmap_read=0 --threads=16"
	User time (seconds): 0.01
	System time (seconds): 0.49
	Percent of CPU this job got: 510%
	Elapsed (wall clock) time (h:mm:ss or m:ss): 0:00.10
	Average shared text size (kbytes): 0
	Average unshared data size (kbytes): 0
	Average stack size (kbytes): 0
	Average total size (kbytes): 0
	Maximum resident set size (kbytes): 72536
	Average resident set size (kbytes): 0
	Major (requiring I/O) page faults: 488
	Minor (reclaiming a frame) page faults: 32025
	Voluntary context switches: 2586
	Involuntary context switches: 81
	Swaps: 0
	File system inputs: 51968
	File system outputs: 40
	Socket messages sent: 0
	Socket messages received: 0
	Signals delivered: 0
	Page size (bytes): 4096
	Exit status: 0
DESTRUCTOR GETTING CALLED 
PRINT_GLOBAL_STATS in dest
[63850.228206] sh (6113): drop_caches: 3
[63850.256803] sh (6118): drop_caches: 3
[63855.285984] Enabled file stats for time:6127
[63855.286200] write_proc: Value of write = 1
[63855.291179] Enabled file stats for db_bench:6136
[63855.291388] write_proc: Value of write = 1
[63855.357089] thread-pool-7 invoked oom-killer: gfp_mask=0x1100dca(GFP_HIGHUSER_MOVABLE|__GFP_ZERO), order=0, oom_score_adj=0
[63855.357097] CPU: 18 PID: 6144 Comm: thread-pool-7 Not tainted 5.14.0 #30
[63855.357100] Hardware name: Dell Inc. PowerEdge C6525/04DK47, BIOS 2.0.3 01/15/2021
[63855.357101] Call Trace:
[63855.357105]  dump_stack_lvl+0x4a/0x5f
[63855.357111]  dump_stack+0x10/0x12
[63855.357112]  dump_header+0x4f/0x210
[63855.357116]  oom_kill_process+0xec/0x140
[63855.357118]  out_of_memory+0x117/0x590
[63855.357120]  __alloc_pages_slowpath.constprop.122+0xa55/0xd70
[63855.357124]  __alloc_pages+0x2db/0x320
[63855.357126]  alloc_pages_vma+0x88/0x220
[63855.357128]  __handle_mm_fault+0xa3f/0x1270
[63855.357132]  handle_mm_fault+0xd9/0x2b0
[63855.357134]  do_user_addr_fault+0x1e0/0x6e0
[63855.357136]  exc_page_fault+0x76/0x150
[63855.357138]  ? asm_exc_page_fault+0x8/0x30
[63855.357141]  asm_exc_page_fault+0x1e/0x30
[63855.357143] RIP: 0033:0x7f7831fc8ea7
[63855.357146] Code: 47 20 c5 fe 7f 44 17 c0 c5 fe 7f 47 40 c5 fe 7f 44 17 a0 c5 fe 7f 47 60 c5 fe 7f 44 17 80 48 01 fa 48 83 e2 80 48 39 d1 74 ba <c5> fd 7f 01 c5 fd 7f 41 20 c5 fd 7f 41 40 c5 fd 7f 41 60 48 81 c1
[63855.357147] RSP: 002b:00007f782e631988 EFLAGS: 00010206
[63855.357149] RAX: 00007f77fdfff010 RBX: 0000000000000000 RCX: 00007f77fea0d000
[63855.357151] RDX: 00007f77fffff000 RSI: 0000000000000000 RDI: 00007f77fdfff010
[63855.357151] RBP: 00007f782e6319a0 R08: 00000000ffffffff R09: 0000000000000000
[63855.357152] R10: 0000000000000022 R11: 0000000000000246 R12: 00007f782e631c40
[63855.357153] R13: 0000000000000000 R14: 00005588b996b8e0 R15: 00007ffd008b6000
[63855.357157] Mem-Info:
[63855.357161] active_anon:1170 inactive_anon:17519 isolated_anon:96
                active_file:337 inactive_file:93 isolated_file:0
                unevictable:768 dirty:55 writeback:352
                slab_reclaimable:14403 slab_unreclaimable:87343
                mapped:722 shmem:769 pagetables:1294 bounce:0
                free:150789 free_pcp:87 free_cma:0
[63855.357166] Node 0 active_anon:4680kB inactive_anon:70076kB active_file:1348kB inactive_file:372kB unevictable:3072kB isolated(anon):384kB isolated(file):0kB mapped:2888kB dirty:220kB writeback:1408kB shmem:3076kB shmem_thp: 0kB shmem_pmdmapped: 0kB anon_thp: 0kB writeback_tmp:0kB kernel_stack:9488kB pagetables:5176kB all_unreclaimable? no
[63855.357172] Node 0 DMA free:11264kB min:4kB low:16kB high:28kB reserved_highatomic:0KB active_anon:0kB inactive_anon:0kB active_file:0kB inactive_file:0kB unevictable:0kB writepending:0kB present:15992kB managed:15360kB mlocked:0kB bounce:0kB free_pcp:0kB local_pcp:0kB free_cma:0kB
[63855.357178] lowmem_reserve[]: 0 776 127598 127598 127598
[63855.357181] Node 0 DMA32 free:507696kB min:408kB low:1200kB high:1992kB reserved_highatomic:0KB active_anon:0kB inactive_anon:0kB active_file:0kB inactive_file:0kB unevictable:0kB writepending:0kB present:1682240kB managed:1616700kB mlocked:0kB bounce:0kB free_pcp:0kB local_pcp:0kB free_cma:0kB
[63855.357187] lowmem_reserve[]: 0 0 126822 126822 126822
[63855.357191] Node 0 Normal free:84700kB min:196188kB low:326052kB high:455916kB reserved_highatomic:2048KB active_anon:4680kB inactive_anon:70076kB active_file:1348kB inactive_file:372kB unevictable:3072kB writepending:372kB present:132106240kB managed:129874164kB mlocked:0kB bounce:0kB free_pcp:0kB local_pcp:0kB free_cma:0kB
[63855.357195] lowmem_reserve[]: 0 0 0 0 0
[63855.357199] Node 0 DMA: 0*4kB 0*8kB 0*16kB 0*32kB 0*64kB 0*128kB 0*256kB 0*512kB 1*1024kB (U) 1*2048kB (M) 2*4096kB (M) = 11264kB
[63855.357211] Node 0 DMA32: 6*4kB (UME) 5*8kB (UME) 5*16kB (UME) 5*32kB (UME) 4*64kB (UME) 4*128kB (UME) 5*256kB (UME) 5*512kB (UME) 3*1024kB (ME) 4*2048kB (ME) 120*4096kB (ME) = 507696kB
[63855.357230] Node 0 Normal: 10205*4kB (UMEH) 3791*8kB (UME) 1057*16kB (UME) 11*32kB (UE) 0*64kB 0*128kB 0*256kB 0*512kB 0*1024kB 0*2048kB 0*4096kB = 88412kB
[63855.357244] Node 0 hugepages_total=0 hugepages_free=0 hugepages_surp=0 hugepages_size=1048576kB
[63855.357246] Node 0 hugepages_total=0 hugepages_free=0 hugepages_surp=0 hugepages_size=2048kB
[63855.357247] 1845 total pagecache pages
[63855.357247] 949 pages in swap cache
[63855.357248] Swap cache stats: add 1687036, delete 1686560, find 151647/267105
[63855.357249] Free swap  = 3025468kB
[63855.357250] Total swap = 3145724kB
[63855.357250] 33451118 pages RAM
[63855.357252] 0 pages HighMem/MovableOnly
[63855.357252] 574562 pages reserved
[63855.357254] 0 pages cma reserved
[63855.357254] 0 pages hwpoisoned
[63855.357255] Unreclaimable slab info:
[63855.357255] Name                      Used          Total
[63855.357257] mlx5_fs_ftes             253KB        253KB
[63855.357260] mlx5_fs_fgs               63KB         63KB
[63855.357263] scsi_sense_cache          32KB         32KB
[63855.357267] RAWv6                    123KB        123KB
[63855.357268] UDPv6                   1417KB       1417KB
[63855.357271] TCPv6                     92KB         92KB
[63855.357273] mqueue_inode_cache         31KB         31KB
[63855.357277] ext4_system_zone          39KB         39KB
[63855.357282] PING                    1600KB       1600KB
[63855.357284] RAW                       96KB         96KB
[63855.357286] tw_sock_TCP              295KB        295KB
[63855.357286] request_sock_TCP         739KB        739KB
[63855.357287] TCP                     1439KB       1439KB
[63855.357291] hugetlbfs_inode_cache         63KB         63KB
[63855.357292] ep_head                  192KB        192KB
[63855.357293] request_queue             62KB         62KB
[63855.357296] biovec-max              4580KB       4708KB
[63855.357297] biovec-128              1600KB       1600KB
[63855.357300] biovec-64               1536KB       1536KB
[63855.357301] dmaengine-unmap-256         30KB         30KB
[63855.357304] dmaengine-unmap-128         31KB         31KB
[63855.357305] dmaengine-unmap-16       3945KB       3945KB
[63855.357307] skbuff_fclone_cache        768KB        768KB
[63855.357310] skbuff_head_cache       1208KB       1208KB
[63855.357312] file_lock_cache          359KB        359KB
[63855.357312] file_lock_ctx            103KB        103KB
[63855.357314] fsnotify_mark_connector        192KB        192KB
[63855.357319] task_delay_info          111KB        111KB
[63855.357321] taskstats                600KB        600KB
[63855.357322] proc_dir_entry           732KB        732KB
[63855.357325] pde_opener               191KB        191KB
[63855.357326] seq_file                 191KB        191KB
[63855.357327] shmem_inode_cache       2192KB       2192KB
[63855.357330] kernfs_node_cache       8920KB       8920KB
[63855.357330] mnt_cache                302KB        302KB
[63855.357331] filp                    3360KB       3360KB
[63855.357332] names_cache             1536KB       1536KB
[63855.357335] lsm_file_cache           266KB        266KB
[63855.357337] vm_area_struct          4757KB       4757KB
[63855.357338] mm_struct               1657KB       1657KB
[63855.357340] files_cache             1581KB       1581KB
[63855.357341] signal_cache            2173KB       2173KB
[63855.357342] sighand_cache           2877KB       2877KB
[63855.357343] task_struct             6298KB       6298KB
[63855.357344] cred_jar                 598KB        598KB
[63855.357345] anon_vma_chain          1860KB       1860KB
[63855.357346] anon_vma                1865KB       1865KB
[63855.357347] pid                      304KB        304KB
[63855.357349] irq_remap_cache          384KB        384KB
[63855.357351] Acpi-Operand             811KB        811KB
[63855.357352] Acpi-ParseExt             47KB         47KB
[63855.357353] Acpi-State               191KB        191KB
[63855.357353] numa_policy               15KB         15KB
[63855.357356] perf_event              1508KB       1508KB
[63855.357357] trace_event_file         316KB        316KB
[63855.357358] ftrace_event_field        386KB        386KB
[63855.357360] pool_workqueue           392KB        392KB
[63855.357361] task_group               756KB        756KB
[63855.357389] vmap_area              18900KB      19072KB
[63855.357391] kmalloc-cg-8k            128KB        128KB
[63855.357392] kmalloc-cg-4k           1536KB       1536KB
[63855.357392] kmalloc-cg-2k           1312KB       1312KB
[63855.357394] kmalloc-cg-1k           1600KB       1600KB
[63855.357395] kmalloc-cg-512           832KB        832KB
[63855.357395] kmalloc-cg-256           144KB        144KB
[63855.357397] kmalloc-cg-192           378KB        378KB
[63855.357397] kmalloc-cg-96            153KB        153KB
[63855.357398] kmalloc-cg-64            192KB        192KB
[63855.357399] kmalloc-cg-32            192KB        192KB
[63855.357400] kmalloc-cg-16            192KB        192KB
[63855.357401] kmalloc-cg-8             192KB        192KB
[63855.357402] kmalloc-8k             65440KB      65440KB
[63855.357404] kmalloc-4k              7332KB       7428KB
[63855.357406] kmalloc-2k             86980KB      87104KB
[63855.357407] kmalloc-1k              5888KB       5888KB
[63855.357409] kmalloc-512            18080KB      18080KB
[63855.357410] kmalloc-256             1280KB       1280KB
[63855.357411] kmalloc-192              724KB        724KB
[63855.357412] kmalloc-128              904KB        904KB
[63855.357412] kmalloc-96             16380KB      16380KB
[63855.357413] kmalloc-64              2424KB       2424KB
[63855.357415] kmalloc-32              1488KB       1488KB
[63855.357417] kmalloc-16               336KB        336KB
[63855.357418] kmalloc-8                276KB        276KB
[63855.357419] kmem_cache_node           24KB         24KB
[63855.357420] kmem_cache                72KB         72KB
[63855.357421] Tasks state (memory values in pages):
[63855.357422] [  pid  ]   uid  tgid total_vm      rss pgtables_bytes swapents oom_score_adj name
[63855.357434] [    744]     0   744    27577       33   233472      346             0 systemd-journal
[63855.357438] [    750]     0   750    26479        0    98304       57             0 lvmetad
[63855.357441] [    754]     0   754    10826        0   114688      459         -1000 systemd-udevd
[63855.357445] [    996]     0   996    11903        0   131072      129             0 rpcbind
[63855.357449] [    998]   101   998    17625        0   176128      136             0 systemd-resolve
[63855.357453] [   1002]   103  1002    12517        1   147456      170          -900 dbus-daemon
[63855.357456] [   1004]     0  1004    42595        1   233472     1941             0 networkd-dispat
[63855.357460] [   1005]     0  1005    27759        0   122880      207             0 irqbalance
[63855.357465] [   1006]     0  1006     7833        0   102400       90             0 cron
[63855.357469] [   1010]     0  1010    17619        0   176128      174             0 systemd-logind
[63855.357473] [   1012]     0  1012    71916        7   192512      246             0 accounts-daemon
[63855.357476] [   1037]   102  1037    66819       31   167936      355             0 rsyslogd
[63855.357480] [   1041]     0  1041    72223        0   208896      230             0 polkitd
[63855.357482] [   1049]     0  1049     8709        1   106496     1775             0 ntpstart
[63855.357484] [   1053]     0  1053    18078        0   184320      193         -1000 sshd
[63855.357489] [   1107]   100  1107    20015        0   184320      183             0 systemd-network
[63855.357492] [   1187]     0  1187     3992        0    81920       35             0 agetty
[63855.357497] [   1212]     0  1212     2747        0    61440       63             0 slothd
[63855.357499] [   1214]     0  1214    11399        0   122880     2396             0 watchdog
[63855.357503] [   1215]     0  1215     4048        0    77824       37             0 agetty
[63855.357504] [   1237]     0  1237     5686        0    77824      113             0 pubsubd
[63855.357508] [   1340]     0  1340     1136        0    53248       27             0 emulab-syncd
[63855.357510] [   1346]     0  1346    11274        0   118784     2245             0 rc.progagent
[63855.357513] [   1347]  2002  1347     8882        0   114688      127             0 program-agent
[63855.357516] [   1399]     0  1399     6200        0    86016      107             0 linktest
[63855.357518] [   1414]   107  1414    26945        0   126976      171             0 ntpd
[63855.357520] [   4689] 20002  4689    19131        0   192512      259             0 systemd
[63855.357522] [   4690] 20002  4690    27870        0   245760      542             0 (sd-pam)
[63855.357525] [   4742] 20002  4742    13273      115   143360      316             0 mosh-server
[63855.357528] [   4743] 20002  4743     5334        1    90112      149             0 tcsh
[63855.357530] [   4749] 20002  4749     5676        1    81920      427             0 bash
[63855.357532] [   4791] 20002  4791     3257       28    69632       64             0 rocksdb-exp-tes
[63855.357533] [   6127] 20002  6127    21477        1   110592       71             0 time
[63855.357535] [   6136] 20002  6136   543552    17423   626688    11874             0 db_bench
[63855.357537] oom-kill:constraint=CONSTRAINT_NONE,nodemask=(null),cpuset=/,mems_allowed=0,global_oom,task_memcg=/,task=db_bench,pid=6136,uid=20002
[63855.357562] Out of memory: Killed process 6136 (db_bench) total-vm:2174208kB, anon-rss:69676kB, file-rss:0kB, shmem-rss:0kB, UID:20002 pgtables:612kB oom_score_adj:0
[63855.357561] FinalTaskReport: db_bench:6136 - ra_orig_nr_pages:0, ra_final_nr_pages:0
                                        async_pages:958, final_async_pages:1514
                                        full_pfetches:0, less256_pfetches:0, partial_pfetches:0
                                        failed_pfetches:0, total_pfetches:0, os_pfetches:68
                                        nr_pages_read:461, nr_pages_hit:287, nr_do_read_fault:158
[63855.385814] oom_reaper: reaped process 6136 (db_bench), now anon-rss:0kB, file-rss:0kB, shmem-rss:0kB
[63855.391436] write_proc: Value of write = 0
[63855.392652] __do_sys_start_cross_trace: PRINT_GLOBAL_STATS 
[63855.392654] Final GlobalReport: nr_pages_read:1347384584, nr_pages_hit:1333646688, nr_do_read_fault:523880, nr_pages_miss:5767838
[63855.398168] FinalTaskReport: time:6127 - ra_orig_nr_pages:0, ra_final_nr_pages:0
                                        async_pages:320, final_async_pages:1163
                                        full_pfetches:0, less256_pfetches:0, partial_pfetches:0
                                        failed_pfetches:0, total_pfetches:0, os_pfetches:51
                                        nr_pages_read:0, nr_pages_hit:0, nr_do_read_fault:139
