ENABLE_FILE_STATS in con
ENABLE_FILE_STATS in con
Command terminated by signal 9
	Command being timed: "./db_bench --db=/users/kannan11/ssd/sudarsun/prefetching/appbench/apps/rocksdb/DATA --value_size=4096 --wal_dir=/users/kannan11/ssd/sudarsun/prefetching/appbench/apps/rocksdb/DATA/WAL_LOG --sync=0 --key_size=1000 --write_buffer_size=67108864 --num=1000000 --benchmarks=readrandom --use_existing_db=1 --mmap_read=0 --threads=16"
	User time (seconds): 0.00
	System time (seconds): 0.39
	Percent of CPU this job got: 226%
	Elapsed (wall clock) time (h:mm:ss or m:ss): 0:00.17
	Average shared text size (kbytes): 0
	Average unshared data size (kbytes): 0
	Average stack size (kbytes): 0
	Average total size (kbytes): 0
	Maximum resident set size (kbytes): 78360
	Average resident set size (kbytes): 0
	Major (requiring I/O) page faults: 88
	Minor (reclaiming a frame) page faults: 25733
	Voluntary context switches: 756
	Involuntary context switches: 505
	Swaps: 0
	File system inputs: 14096
	File system outputs: 40
	Socket messages sent: 0
	Socket messages received: 0
	Signals delivered: 0
	Page size (bytes): 4096
	Exit status: 0
DESTRUCTOR GETTING CALLED 
PRINT_GLOBAL_STATS in dest
[63890.716040] sh (6467): drop_caches: 3
[63890.743413] sh (6472): drop_caches: 3
[63895.778206] Enabled file stats for time:6479
[63895.778403] write_proc: Value of write = 0
[63895.784237] Enabled file stats for db_bench:6488
[63895.784484] write_proc: Value of write = 0
[63895.822767] db_bench invoked oom-killer: gfp_mask=0x1100dca(GFP_HIGHUSER_MOVABLE|__GFP_ZERO), order=0, oom_score_adj=0
[63895.822776] CPU: 13 PID: 6500 Comm: db_bench Not tainted 5.14.0 #30
[63895.822779] Hardware name: Dell Inc. PowerEdge C6525/04DK47, BIOS 2.0.3 01/15/2021
[63895.822780] Call Trace:
[63895.822784]  dump_stack_lvl+0x4a/0x5f
[63895.822790]  dump_stack+0x10/0x12
[63895.822792]  dump_header+0x4f/0x210
[63895.822796]  oom_kill_process+0xec/0x140
[63895.822798]  out_of_memory+0x117/0x590
[63895.822800]  __alloc_pages_slowpath.constprop.122+0xa55/0xd70
[63895.822805]  __alloc_pages+0x2db/0x320
[63895.822807]  alloc_pages_vma+0x88/0x220
[63895.822810]  __handle_mm_fault+0xa3f/0x1270
[63895.822813]  handle_mm_fault+0xd9/0x2b0
[63895.822815]  do_user_addr_fault+0x1e0/0x6e0
[63895.822818]  exc_page_fault+0x76/0x150
[63895.822821]  ? asm_exc_page_fault+0x8/0x30
[63895.822824]  asm_exc_page_fault+0x1e/0x30
[63895.822826] RIP: 0033:0x7f65099e3ea7
[63895.822829] Code: 47 20 c5 fe 7f 44 17 c0 c5 fe 7f 47 40 c5 fe 7f 44 17 a0 c5 fe 7f 47 60 c5 fe 7f 44 17 80 48 01 fa 48 83 e2 80 48 39 d1 74 ba <c5> fd 7f 01 c5 fd 7f 41 20 c5 fd 7f 41 40 c5 fd 7f 41 60 48 81 c1
[63895.822831] RSP: 002b:00007f64ffffe368 EFLAGS: 00010206
[63895.822833] RAX: 00007f64d5fff010 RBX: 00007f64ec000ca0 RCX: 00007f64d65bc000
[63895.822834] RDX: 00007f64d7fff000 RSI: 0000000000000000 RDI: 00007f64d5fff010
[63895.822835] RBP: 00007f64ffffe380 R08: 00000000ffffffff R09: 0000000000000000
[63895.822836] R10: 0000000000000022 R11: 0000000000000246 R12: 0000000000080000
[63895.822837] R13: 00007f64ffffe730 R14: 00007f64ffffe810 R15: fffffffffffffca0
[63895.822840] Mem-Info:
[63895.822847] active_anon:275 inactive_anon:19811 isolated_anon:0
                active_file:121 inactive_file:234 isolated_file:34
                unevictable:768 dirty:15 writeback:125
                slab_reclaimable:14450 slab_unreclaimable:87236
                mapped:651 shmem:769 pagetables:1266 bounce:0
                free:150435 free_pcp:13 free_cma:0
[63895.822852] Node 0 active_anon:1100kB inactive_anon:79244kB active_file:484kB inactive_file:936kB unevictable:3072kB isolated(anon):0kB isolated(file):136kB mapped:2604kB dirty:60kB writeback:500kB shmem:3076kB shmem_thp: 0kB shmem_pmdmapped: 0kB anon_thp: 0kB writeback_tmp:0kB kernel_stack:9456kB pagetables:5064kB all_unreclaimable? no
[63895.822858] Node 0 DMA free:11264kB min:4kB low:16kB high:28kB reserved_highatomic:0KB active_anon:0kB inactive_anon:0kB active_file:0kB inactive_file:0kB unevictable:0kB writepending:0kB present:15992kB managed:15360kB mlocked:0kB bounce:0kB free_pcp:0kB local_pcp:0kB free_cma:0kB
[63895.822863] lowmem_reserve[]: 0 776 127598 127598 127598
[63895.822867] Node 0 DMA32 free:507696kB min:408kB low:1200kB high:1992kB reserved_highatomic:0KB active_anon:0kB inactive_anon:0kB active_file:0kB inactive_file:0kB unevictable:0kB writepending:0kB present:1682240kB managed:1616700kB mlocked:0kB bounce:0kB free_pcp:0kB local_pcp:0kB free_cma:0kB
[63895.822872] lowmem_reserve[]: 0 0 126822 126822 126822
[63895.822876] Node 0 Normal free:82780kB min:192092kB low:321956kB high:451820kB reserved_highatomic:2048KB active_anon:1100kB inactive_anon:79244kB active_file:484kB inactive_file:936kB unevictable:3072kB writepending:56kB present:132106240kB managed:129874164kB mlocked:0kB bounce:0kB free_pcp:52kB local_pcp:0kB free_cma:0kB
[63895.822881] lowmem_reserve[]: 0 0 0 0 0
[63895.822884] Node 0 DMA: 0*4kB 0*8kB 0*16kB 0*32kB 0*64kB 0*128kB 0*256kB 0*512kB 1*1024kB (U) 1*2048kB (M) 2*4096kB (M) = 11264kB
[63895.822895] Node 0 DMA32: 6*4kB (UME) 5*8kB (UME) 5*16kB (UME) 5*32kB (UME) 4*64kB (UME) 4*128kB (UME) 5*256kB (UME) 5*512kB (UME) 3*1024kB (ME) 4*2048kB (ME) 120*4096kB (ME) = 507696kB
[63895.822909] Node 0 Normal: 9796*4kB (UME) 3607*8kB (UME) 953*16kB (UME) 14*32kB (UE) 0*64kB 0*128kB 0*256kB 0*512kB 0*1024kB 0*2048kB 0*4096kB = 83736kB
[63895.822918] Node 0 hugepages_total=0 hugepages_free=0 hugepages_surp=0 hugepages_size=1048576kB
[63895.822919] Node 0 hugepages_total=0 hugepages_free=0 hugepages_surp=0 hugepages_size=2048kB
[63895.822921] 2043 total pagecache pages
[63895.822922] 918 pages in swap cache
[63895.822923] Swap cache stats: add 1852136, delete 1851892, find 160811/287926
[63895.822925] Free swap  = 3051384kB
[63895.822926] Total swap = 3145724kB
[63895.822926] 33451118 pages RAM
[63895.822927] 0 pages HighMem/MovableOnly
[63895.822928] 574562 pages reserved
[63895.822929] 0 pages cma reserved
[63895.822930] 0 pages hwpoisoned
[63895.822931] Unreclaimable slab info:
[63895.822932] Name                      Used          Total
[63895.822935] mlx5_fs_ftes             253KB        253KB
[63895.822936] mlx5_fs_fgs               63KB         63KB
[63895.822939] scsi_sense_cache          32KB         32KB
[63895.822943] RAWv6                    123KB        123KB
[63895.822944] UDPv6                   1417KB       1417KB
[63895.822946] TCPv6                     92KB         92KB
[63895.822949] mqueue_inode_cache         31KB         31KB
[63895.822954] ext4_system_zone          39KB         39KB
[63895.822957] PING                    1600KB       1600KB
[63895.822959] RAW                       96KB         96KB
[63895.822960] tw_sock_TCP              295KB        295KB
[63895.822962] request_sock_TCP         739KB        739KB
[63895.822963] TCP                     1439KB       1439KB
[63895.822965] hugetlbfs_inode_cache         63KB         63KB
[63895.822967] ep_head                  192KB        192KB
[63895.822969] request_queue             62KB         62KB
[63895.822970] biovec-max              4580KB       4708KB
[63895.822972] biovec-128              1600KB       1600KB
[63895.822973] biovec-64               1536KB       1536KB
[63895.822975] dmaengine-unmap-256         30KB         30KB
[63895.822976] dmaengine-unmap-128         31KB         31KB
[63895.822978] dmaengine-unmap-16       3984KB       3984KB
[63895.822980] skbuff_fclone_cache        768KB        768KB
[63895.822982] skbuff_head_cache       1214KB       1224KB
[63895.822983] file_lock_cache          359KB        359KB
[63895.822985] file_lock_ctx            103KB        103KB
[63895.822986] fsnotify_mark_connector        192KB        192KB
[63895.822989] task_delay_info          111KB        111KB
[63895.822990] taskstats                616KB        616KB
[63895.822992] proc_dir_entry           732KB        732KB
[63895.822993] pde_opener               191KB        191KB
[63895.822995] seq_file                 191KB        191KB
[63895.822996] shmem_inode_cache       2192KB       2192KB
[63895.822998] kernfs_node_cache       8920KB       8920KB
[63895.822999] mnt_cache                302KB        302KB
[63895.823000] filp                    3496KB       3496KB
[63895.823002] names_cache             1536KB       1536KB
[63895.823003] lsm_file_cache           266KB        266KB
[63895.823005] vm_area_struct          4460KB       4460KB
[63895.823007] mm_struct               1657KB       1657KB
[63895.823009] files_cache             1581KB       1581KB
[63895.823009] signal_cache            2173KB       2173KB
[63895.823011] sighand_cache           2877KB       2877KB
[63895.823012] task_struct             6026KB       6026KB
[63895.823013] cred_jar                 630KB        630KB
[63895.823015] anon_vma_chain          1900KB       1900KB
[63895.823016] anon_vma                1782KB       1782KB
[63895.823018] pid                      304KB        304KB
[63895.823019] irq_remap_cache          384KB        384KB
[63895.823020] Acpi-Operand             811KB        811KB
[63895.823022] Acpi-ParseExt             47KB         47KB
[63895.823023] Acpi-State               191KB        191KB
[63895.823025] numa_policy               15KB         15KB
[63895.823026] perf_event              1508KB       1508KB
[63895.823028] trace_event_file         316KB        316KB
[63895.823029] ftrace_event_field        386KB        386KB
[63895.823031] pool_workqueue           392KB        392KB
[63895.823032] task_group               756KB        756KB
[63895.823059] vmap_area              18916KB      19072KB
[63895.823060] kmalloc-cg-8k            128KB        128KB
[63895.823061] kmalloc-cg-4k           1536KB       1536KB
[63895.823062] kmalloc-cg-2k           1312KB       1312KB
[63895.823064] kmalloc-cg-1k           1600KB       1600KB
[63895.823065] kmalloc-cg-512           832KB        832KB
[63895.823065] kmalloc-cg-256           144KB        144KB
[63895.823067] kmalloc-cg-192           378KB        378KB
[63895.823068] kmalloc-cg-96            153KB        153KB
[63895.823068] kmalloc-cg-64            192KB        192KB
[63895.823070] kmalloc-cg-32            192KB        192KB
[63895.823071] kmalloc-cg-16            192KB        192KB
[63895.823071] kmalloc-cg-8             192KB        192KB
[63895.823072] kmalloc-8k             65440KB      65440KB
[63895.823074] kmalloc-4k              7332KB       7428KB
[63895.823077] kmalloc-2k             86826KB      87008KB
[63895.823078] kmalloc-1k              5888KB       5888KB
[63895.823079] kmalloc-512            18128KB      18128KB
[63895.823079] kmalloc-256             1280KB       1280KB
[63895.823080] kmalloc-192              724KB        724KB
[63895.823080] kmalloc-128              904KB        904KB
[63895.823081] kmalloc-96             16380KB      16380KB
[63895.823082] kmalloc-64              2424KB       2424KB
[63895.823083] kmalloc-32              1488KB       1488KB
[63895.823083] kmalloc-16               336KB        336KB
[63895.823084] kmalloc-8                276KB        276KB
[63895.823085] kmem_cache_node           24KB         24KB
[63895.823086] kmem_cache                72KB         72KB
[63895.823086] Tasks state (memory values in pages):
[63895.823087] [  pid  ]   uid  tgid total_vm      rss pgtables_bytes swapents oom_score_adj name
[63895.823093] [    744]     0   744    27577       32   233472      352             0 systemd-journal
[63895.823096] [    750]     0   750    26479        0    98304       57             0 lvmetad
[63895.823099] [    754]     0   754    10826        0   114688      459         -1000 systemd-udevd
[63895.823101] [    996]     0   996    11903        0   131072      139             0 rpcbind
[63895.823103] [    998]   101   998    17625        0   176128      136             0 systemd-resolve
[63895.823105] [   1002]   103  1002    12517        1   147456      170          -900 dbus-daemon
[63895.823107] [   1004]     0  1004    42595        1   233472     1941             0 networkd-dispat
[63895.823109] [   1005]     0  1005    27759        0   122880      212             0 irqbalance
[63895.823111] [   1006]     0  1006     7833        0   102400       90             0 cron
[63895.823113] [   1010]     0  1010    17619        0   176128      174             0 systemd-logind
[63895.823115] [   1012]     0  1012    71916        0   192512      262             0 accounts-daemon
[63895.823117] [   1037]   102  1037    66819        0   167936      419             0 rsyslogd
[63895.823118] [   1041]     0  1041    72223        0   208896      230             0 polkitd
[63895.823120] [   1049]     0  1049     8709        1   106496     1775             0 ntpstart
[63895.823122] [   1053]     0  1053    18078        0   184320      202         -1000 sshd
[63895.823124] [   1107]   100  1107    20015        0   184320      185             0 systemd-network
[63895.823125] [   1187]     0  1187     3992        0    81920       35             0 agetty
[63895.823127] [   1212]     0  1212     2747        0    61440       63             0 slothd
[63895.823129] [   1214]     0  1214    11399        0   122880     2396             0 watchdog
[63895.823130] [   1215]     0  1215     4048        0    77824       37             0 agetty
[63895.823132] [   1237]     0  1237     5686        0    77824      113             0 pubsubd
[63895.823135] [   1340]     0  1340     1136        0    53248       27             0 emulab-syncd
[63895.823137] [   1346]     0  1346    11274        0   118784     2245             0 rc.progagent
[63895.823138] [   1347]  2002  1347     8882        0   114688      134             0 program-agent
[63895.823141] [   1399]     0  1399     6200        0    86016      114             0 linktest
[63895.823144] [   1414]   107  1414    26945        0   126976      176             0 ntpd
[63895.823147] [   4689] 20002  4689    19131        0   192512      259             0 systemd
[63895.823149] [   4690] 20002  4690    27870        0   245760      542             0 (sd-pam)
[63895.823152] [   4742] 20002  4742    13273      143   143360      287             0 mosh-server
[63895.823154] [   4743] 20002  4743     5334        1    90112      149             0 tcsh
[63895.823156] [   4749] 20002  4749     5676        1    81920      427             0 bash
[63895.823159] [   4791] 20002  4791     3257       14    69632       78             0 rocksdb-exp-tes
[63895.823162] [   6479] 20002  6479    21487        2   106496       72             0 time
[63895.823163] [   6488] 20002  6488   463116    19283   630784     5775             0 db_bench
[63895.823166] oom-kill:constraint=CONSTRAINT_NONE,nodemask=(null),cpuset=/,mems_allowed=0,global_oom,task_memcg=/,task=db_bench,pid=6488,uid=20002
[63895.823219] Out of memory: Killed process 6488 (db_bench) total-vm:1852464kB, anon-rss:77116kB, file-rss:0kB, shmem-rss:0kB, UID:20002 pgtables:616kB oom_score_adj:0
[63895.839200] FinalTaskReport: db_bench:6488 - ra_orig_nr_pages:0, ra_final_nr_pages:0
                                        async_pages:952, final_async_pages:1256
                                        full_pfetches:0, less256_pfetches:0, partial_pfetches:0
                                        failed_pfetches:0, total_pfetches:0, os_pfetches:62
                                        nr_pages_read:144, nr_pages_hit:108, nr_do_read_fault:159
[63895.851671] oom_reaper: reaped process 6488 (db_bench), now anon-rss:0kB, file-rss:0kB, shmem-rss:0kB
[63895.960758] write_proc: Value of write = 0
[63895.961019] __do_sys_start_cross_trace: PRINT_GLOBAL_STATS 
[63895.961020] Final GlobalReport: nr_pages_read:1347439738, nr_pages_hit:1333676289, nr_do_read_fault:581456, nr_pages_miss:5768474
[63895.964089] FinalTaskReport: time:6479 - ra_orig_nr_pages:0, ra_final_nr_pages:0
                                        async_pages:320, final_async_pages:604
                                        full_pfetches:0, less256_pfetches:0, partial_pfetches:0
                                        failed_pfetches:0, total_pfetches:0, os_pfetches:27
                                        nr_pages_read:0, nr_pages_hit:0, nr_do_read_fault:93
