ENABLE_FILE_STATS in con
ENABLE_FILE_STATS in con
Command terminated by signal 9
	Command being timed: "./db_bench --db=/users/kannan11/ssd/sudarsun/prefetching/appbench/apps/rocksdb/DATA --value_size=4096 --wal_dir=/users/kannan11/ssd/sudarsun/prefetching/appbench/apps/rocksdb/DATA/WAL_LOG --sync=0 --key_size=1000 --write_buffer_size=67108864 --num=1000000 --benchmarks=readrandom --use_existing_db=1 --mmap_read=0 --threads=16"
	User time (seconds): 0.02
	System time (seconds): 0.08
	Percent of CPU this job got: 251%
	Elapsed (wall clock) time (h:mm:ss or m:ss): 0:00.04
	Average shared text size (kbytes): 0
	Average unshared data size (kbytes): 0
	Average stack size (kbytes): 0
	Average total size (kbytes): 0
	Maximum resident set size (kbytes): 67356
	Average resident set size (kbytes): 0
	Major (requiring I/O) page faults: 71
	Minor (reclaiming a frame) page faults: 14889
	Voluntary context switches: 430
	Involuntary context switches: 31
	Swaps: 0
	File system inputs: 14240
	File system outputs: 40
	Socket messages sent: 0
	Socket messages received: 0
	Signals delivered: 0
	Page size (bytes): 4096
	Exit status: 0
DESTRUCTOR GETTING CALLED 
PRINT_GLOBAL_STATS in dest
[63968.542206] sh (7175): drop_caches: 3
[63968.571256] sh (7180): drop_caches: 3
[63973.605521] Enabled file stats for time:7187
[63973.605731] write_proc: Value of write = 1
[63973.611620] Enabled file stats for db_bench:7196
[63973.611831] write_proc: Value of write = 1
[63973.629270] db_bench invoked oom-killer: gfp_mask=0x1100dca(GFP_HIGHUSER_MOVABLE|__GFP_ZERO), order=0, oom_score_adj=0
[63973.629277] CPU: 13 PID: 7217 Comm: db_bench Not tainted 5.14.0 #30
[63973.629279] Hardware name: Dell Inc. PowerEdge C6525/04DK47, BIOS 2.0.3 01/15/2021
[63973.629281] Call Trace:
[63973.629284]  dump_stack_lvl+0x4a/0x5f
[63973.629291]  dump_stack+0x10/0x12
[63973.629292]  dump_header+0x4f/0x210
[63973.629296]  oom_kill_process+0xec/0x140
[63973.629298]  out_of_memory+0x117/0x590
[63973.629300]  __alloc_pages_slowpath.constprop.122+0xa55/0xd70
[63973.629305]  __alloc_pages+0x2db/0x320
[63973.629307]  alloc_pages_vma+0x88/0x220
[63973.629309]  __handle_mm_fault+0xa3f/0x1270
[63973.629312]  ? set_next_entity+0xb7/0x1c0
[63973.629316]  handle_mm_fault+0xd9/0x2b0
[63973.629318]  do_user_addr_fault+0x1e0/0x6e0
[63973.629321]  exc_page_fault+0x76/0x150
[63973.629323]  ? asm_exc_page_fault+0x8/0x30
[63973.629326]  asm_exc_page_fault+0x1e/0x30
[63973.629328] RIP: 0033:0x7f0c3ae3cea7
[63973.629331] Code: 47 20 c5 fe 7f 44 17 c0 c5 fe 7f 47 40 c5 fe 7f 44 17 a0 c5 fe 7f 47 60 c5 fe 7f 44 17 80 48 01 fa 48 83 e2 80 48 39 d1 74 ba <c5> fd 7f 01 c5 fd 7f 41 20 c5 fd 7f 41 40 c5 fd 7f 41 60 48 81 c1
[63973.629333] RSP: 002b:00007f0c097fa368 EFLAGS: 00010206
[63973.629335] RAX: 00007f0be9fff010 RBX: 00007f0be4000ca0 RCX: 00007f0bea38d000
[63973.629337] RDX: 00007f0bebfff000 RSI: 0000000000000000 RDI: 00007f0be9fff010
[63973.629338] RBP: 00007f0c097fa380 R08: 00000000ffffffff R09: 0000000000000000
[63973.629339] R10: 0000000000000022 R11: 0000000000000246 R12: 0000000000080000
[63973.629340] R13: 00007f0c097fa730 R14: 00007f0c097fa810 R15: fffffffffffffca0
[63973.629342] Mem-Info:
[63973.629348] active_anon:157 inactive_anon:14245 isolated_anon:0
                active_file:2365 inactive_file:3079 isolated_file:31
                unevictable:768 dirty:99 writeback:0
                slab_reclaimable:14597 slab_unreclaimable:87508
                mapped:3806 shmem:769 pagetables:1181 bounce:0
                free:149038 free_pcp:181 free_cma:0
[63973.629352] Node 0 active_anon:628kB inactive_anon:56980kB active_file:9460kB inactive_file:12316kB unevictable:3072kB isolated(anon):0kB isolated(file):124kB mapped:15224kB dirty:396kB writeback:0kB shmem:3076kB shmem_thp: 0kB shmem_pmdmapped: 0kB anon_thp: 0kB writeback_tmp:0kB kernel_stack:9408kB pagetables:4724kB all_unreclaimable? no
[63973.629357] Node 0 DMA free:11264kB min:4kB low:16kB high:28kB reserved_highatomic:0KB active_anon:0kB inactive_anon:0kB active_file:0kB inactive_file:0kB unevictable:0kB writepending:0kB present:15992kB managed:15360kB mlocked:0kB bounce:0kB free_pcp:0kB local_pcp:0kB free_cma:0kB
[63973.629361] lowmem_reserve[]: 0 776 127598 127598 127598
[63973.629364] Node 0 DMA32 free:507608kB min:408kB low:1200kB high:1992kB reserved_highatomic:2048KB active_anon:0kB inactive_anon:0kB active_file:0kB inactive_file:0kB unevictable:0kB writepending:0kB present:1682240kB managed:1616700kB mlocked:0kB bounce:0kB free_pcp:0kB local_pcp:0kB free_cma:0kB
[63973.629368] lowmem_reserve[]: 0 0 126822 126822 126822
[63973.629371] Node 0 Normal free:77280kB min:228956kB low:358820kB high:488684kB reserved_highatomic:4096KB active_anon:628kB inactive_anon:56980kB active_file:9460kB inactive_file:12316kB unevictable:3072kB writepending:400kB present:132106240kB managed:129874164kB mlocked:0kB bounce:0kB free_pcp:816kB local_pcp:192kB free_cma:0kB
[63973.629375] lowmem_reserve[]: 0 0 0 0 0
[63973.629377] Node 0 DMA: 0*4kB 0*8kB 0*16kB 0*32kB 0*64kB 0*128kB 0*256kB 0*512kB 1*1024kB (U) 1*2048kB (M) 2*4096kB (M) = 11264kB
[63973.629385] Node 0 DMA32: 7*4kB (UMEH) 5*8kB (UME) 7*16kB (UMEH) 4*32kB (ME) 5*64kB (UME) 5*128kB (UMEH) 4*256kB (ME) 5*512kB (MEH) 3*1024kB (ME) 4*2048kB (ME) 120*4096kB (ME) = 507636kB
[63973.629396] Node 0 Normal: 9295*4kB (UME) 3341*8kB (UME) 971*16kB (UME) 11*32kB (UE) 0*64kB 0*128kB 0*256kB 0*512kB 0*1024kB 0*2048kB 0*4096kB = 79796kB
[63973.629404] Node 0 hugepages_total=0 hugepages_free=0 hugepages_surp=0 hugepages_size=1048576kB
[63973.629406] Node 0 hugepages_total=0 hugepages_free=0 hugepages_surp=0 hugepages_size=2048kB
[63973.629407] 7470 total pagecache pages
[63973.629407] 600 pages in swap cache
[63973.629408] Swap cache stats: add 2057074, delete 2057386, find 179049/334913
[63973.629409] Free swap  = 3084408kB
[63973.629410] Total swap = 3145724kB
[63973.629411] 33451118 pages RAM
[63973.629411] 0 pages HighMem/MovableOnly
[63973.629412] 574562 pages reserved
[63973.629412] 0 pages cma reserved
[63973.629413] 0 pages hwpoisoned
[63973.629414] Unreclaimable slab info:
[63973.629414] Name                      Used          Total
[63973.629416] mlx5_fs_ftes             253KB        253KB
[63973.629417] mlx5_fs_fgs               63KB         63KB
[63973.629419] scsi_sense_cache          32KB         32KB
[63973.629421] RAWv6                    123KB        123KB
[63973.629423] UDPv6                   1417KB       1417KB
[63973.629424] TCPv6                     92KB         92KB
[63973.629426] mqueue_inode_cache         31KB         31KB
[63973.629429] ext4_system_zone          39KB         39KB
[63973.629432] PING                    1600KB       1600KB
[63973.629433] RAW                       96KB         96KB
[63973.629434] tw_sock_TCP              295KB        295KB
[63973.629435] request_sock_TCP         739KB        739KB
[63973.629436] TCP                     1439KB       1439KB
[63973.629437] hugetlbfs_inode_cache         63KB         63KB
[63973.629438] ep_head                  192KB        192KB
[63973.629439] request_queue             62KB         62KB
[63973.629441] biovec-max              4612KB       4708KB
[63973.629442] biovec-128              1600KB       1600KB
[63973.629443] biovec-64               1536KB       1536KB
[63973.629444] dmaengine-unmap-256         30KB         30KB
[63973.629445] dmaengine-unmap-128         31KB         31KB
[63973.629446] dmaengine-unmap-16       4024KB       4024KB
[63973.629447] skbuff_fclone_cache        768KB        768KB
[63973.629448] skbuff_head_cache       1206KB       1224KB
[63973.629449] file_lock_cache          359KB        359KB
[63973.629450] file_lock_ctx            107KB        107KB
[63973.629451] fsnotify_mark_connector        192KB        192KB
[63973.629452] task_delay_info          111KB        111KB
[63973.629453] taskstats                674KB        674KB
[63973.629454] proc_dir_entry           732KB        732KB
[63973.629455] pde_opener               191KB        191KB
[63973.629456] seq_file                 191KB        191KB
[63973.629457] shmem_inode_cache       2192KB       2192KB
[63973.629458] kernfs_node_cache       8920KB       8920KB
[63973.629459] mnt_cache                302KB        302KB
[63973.629462] filp                    3735KB       3776KB
[63973.629463] names_cache             1536KB       1536KB
[63973.629464] lsm_file_cache           266KB        266KB
[63973.629465] vm_area_struct          4664KB       4664KB
[63973.629466] mm_struct               1657KB       1657KB
[63973.629466] files_cache             1581KB       1581KB
[63973.629467] signal_cache            2173KB       2173KB
[63973.629468] sighand_cache           2877KB       2877KB
[63973.629469] task_struct             6119KB       6119KB
[63973.629470] cred_jar                 669KB        669KB
[63973.629471] anon_vma_chain          2028KB       2028KB
[63973.629472] anon_vma                1905KB       1905KB
[63973.629472] pid                      304KB        304KB
[63973.629473] irq_remap_cache          384KB        384KB
[63973.629474] Acpi-Operand             811KB        811KB
[63973.629475] Acpi-ParseExt             47KB         47KB
[63973.629476] Acpi-State               191KB        191KB
[63973.629477] numa_policy               15KB         15KB
[63973.629478] perf_event              1508KB       1508KB
[63973.629478] trace_event_file         316KB        316KB
[63973.629479] ftrace_event_field        386KB        386KB
[63973.629480] pool_workqueue           392KB        392KB
[63973.629481] task_group               756KB        756KB
[63973.629510] vmap_area              18934KB      19072KB
[63973.629511] kmalloc-cg-8k            128KB        128KB
[63973.629512] kmalloc-cg-4k           1536KB       1536KB
[63973.629513] kmalloc-cg-2k           1344KB       1344KB
[63973.629514] kmalloc-cg-1k           1600KB       1600KB
[63973.629514] kmalloc-cg-512           832KB        832KB
[63973.629515] kmalloc-cg-256           144KB        144KB
[63973.629516] kmalloc-cg-192           378KB        378KB
[63973.629516] kmalloc-cg-96            157KB        157KB
[63973.629517] kmalloc-cg-64            192KB        192KB
[63973.629517] kmalloc-cg-32            192KB        192KB
[63973.629518] kmalloc-cg-16            192KB        192KB
[63973.629519] kmalloc-cg-8             192KB        192KB
[63973.629519] kmalloc-8k             65440KB      65440KB
[63973.629521] kmalloc-4k              7332KB       7428KB
[63973.629522] kmalloc-2k             87004KB      87160KB
[63973.629523] kmalloc-1k              5888KB       5888KB
[63973.629524] kmalloc-512            18048KB      18048KB
[63973.629524] kmalloc-256             1280KB       1280KB
[63973.629525] kmalloc-192              724KB        724KB
[63973.629526] kmalloc-128              904KB        904KB
[63973.629526] kmalloc-96             16399KB      16399KB
[63973.629527] kmalloc-64              2444KB       2444KB
[63973.629528] kmalloc-32              1488KB       1488KB
[63973.629529] kmalloc-16               336KB        336KB
[63973.629529] kmalloc-8                276KB        276KB
[63973.629530] kmem_cache_node           24KB         24KB
[63973.629531] kmem_cache                72KB         72KB
[63973.629532] Tasks state (memory values in pages):
[63973.629532] [  pid  ]   uid  tgid total_vm      rss pgtables_bytes swapents oom_score_adj name
[63973.629539] [    744]     0   744    29652     1178   249856      356             0 systemd-journal
[63973.629542] [    750]     0   750    26479        0    98304       57             0 lvmetad
[63973.629544] [    754]     0   754    10826       66   114688      439         -1000 systemd-udevd
[63973.629547] [    996]     0   996    11903        0   131072      139             0 rpcbind
[63973.629549] [    998]   101   998    17625        0   176128      136             0 systemd-resolve
[63973.629551] [   1002]   103  1002    12517        1   147456      170          -900 dbus-daemon
[63973.629553] [   1004]     0  1004    42595        1   233472     1941             0 networkd-dispat
[63973.629555] [   1005]     0  1005    27759      424   122880       99             0 irqbalance
[63973.629557] [   1006]     0  1006     7833        0   102400       91             0 cron
[63973.629559] [   1010]     0  1010    17619      134   176128      155             0 systemd-logind
[63973.629561] [   1012]     0  1012    71916      265   192512      230             0 accounts-daemon
[63973.629562] [   1037]   102  1037    66819       47   167936      407             0 rsyslogd
[63973.629564] [   1041]     0  1041    72223        0   208896      230             0 polkitd
[63973.629566] [   1049]     0  1049     8709        1   106496     1775             0 ntpstart
[63973.629568] [   1053]     0  1053    18078        0   184320      207         -1000 sshd
[63973.629570] [   1107]   100  1107    20015        0   184320      180             0 systemd-network
[63973.629571] [   1187]     0  1187     3992        0    81920       35             0 agetty
[63973.629573] [   1212]     0  1212     2747        0    61440       63             0 slothd
[63973.629575] [   1215]     0  1215     4048        0    77824       37             0 agetty
[63973.629576] [   1237]     0  1237     5686        0    77824      113             0 pubsubd
[63973.629578] [   1340]     0  1340     1136        0    53248       27             0 emulab-syncd
[63973.629580] [   1346]     0  1346    11274        0   118784     2245             0 rc.progagent
[63973.629582] [   1347]  2002  1347     8882        0   114688      141             0 program-agent
[63973.629583] [   1399]     0  1399     6200        0    86016      110             0 linktest
[63973.629585] [   1414]   107  1414    26945       95   126976      151             0 ntpd
[63973.629587] [   4689] 20002  4689    19131        0   192512      259             0 systemd
[63973.629589] [   4690] 20002  4690    27870        0   245760      542             0 (sd-pam)
[63973.629590] [   4742] 20002  4742    13273      737   143360      193             0 mosh-server
[63973.629592] [   4743] 20002  4743     5334        1    90112      149             0 tcsh
[63973.629594] [   4749] 20002  4749     5676        1    81920      427             0 bash
[63973.629595] [   4791] 20002  4791     3257      545    69632       34             0 rocksdb-exp-tes
[63973.629597] [   7187] 20002  7187    21487      876   114688        0             0 time
[63973.629599] [   7196] 20002  7196   463116    16304   520192        0             0 db_bench
[63973.629601] oom-kill:constraint=CONSTRAINT_NONE,nodemask=(null),cpuset=/,mems_allowed=0,global_oom,task_memcg=/,task=db_bench,pid=7196,uid=20002
[63973.629639] Out of memory: Killed process 7196 (db_bench) total-vm:1852464kB, anon-rss:56788kB, file-rss:8428kB, shmem-rss:0kB, UID:20002 pgtables:508kB oom_score_adj:0
[63973.638192] FinalTaskReport: db_bench:7196 - ra_orig_nr_pages:0, ra_final_nr_pages:0
                                        async_pages:1091, final_async_pages:1309
                                        full_pfetches:0, less256_pfetches:0, partial_pfetches:0
                                        failed_pfetches:0, total_pfetches:0, os_pfetches:63
                                        nr_pages_read:144, nr_pages_hit:108, nr_do_read_fault:162
[63973.649025] oom_reaper: reaped process 7196 (db_bench), now anon-rss:0kB, file-rss:0kB, shmem-rss:0kB
[63973.650744] write_proc: Value of write = 0
[63973.650974] __do_sys_start_cross_trace: PRINT_GLOBAL_STATS 
[63973.650975] Final GlobalReport: nr_pages_read:1347465373, nr_pages_hit:1333690681, nr_do_read_fault:739503, nr_pages_miss:5769959
[63973.652850] FinalTaskReport: time:7187 - ra_orig_nr_pages:0, ra_final_nr_pages:0
                                        async_pages:320, final_async_pages:409
                                        full_pfetches:0, less256_pfetches:0, partial_pfetches:0
                                        failed_pfetches:0, total_pfetches:0, os_pfetches:21
                                        nr_pages_read:0, nr_pages_hit:0, nr_do_read_fault:71
