+ APPBASE=/users/skannan/ssd/NVM/appbench/apps/fio
+ APP=/users/skannan/ssd/NVM/appbench/apps/fio/fio
+ DATA=/users/skannan/ssd/NVM/appbench/apps/fio/DATA
+ SIZE=' --size=4G'
+ PARAM=' --directory=/users/skannan/ssd/NVM/appbench/apps/fio/DATA  --size=4G'
+ OUTPUT=/users/skannan/ssd/NVM/appbench/output/cachekernbuff_node0_membw_500/fio
+ mkdir /users/skannan/ssd/NVM/appbench/apps/fio/DATA
mkdir: cannot create directory ‘/users/skannan/ssd/NVM/appbench/apps/fio/DATA’: File exists
+ cd /users/skannan/ssd/NVM/appbench/apps/fio
+ FlushDisk
+ sudo sh -c 'echo 3 > /proc/sys/vm/drop_caches'
+ sudo sh -c sync
+ sudo sh -c sync
+ sudo sh -c 'echo 3 > /proc/sys/vm/drop_caches'
+ RANDOM_WRITE
+ echo 'Running Random Write'
Running Random Write
+ export LD_PRELOAD=/users/skannan/ssd/NVM/appbench/shared_libs/construct/libmigration.so
+ LD_PRELOAD=/users/skannan/ssd/NVM/appbench/shared_libs/construct/libmigration.so
+ numactl --membind=0 /users/skannan/ssd/NVM/appbench/apps/fio/fio /users/skannan/ssd/NVM/appbench/apps/fio/examples/fio-rand-RW.job --name=randwrite --directory=/users/skannan/ssd/NVM/appbench/apps/fio/DATA --size=4G
initiating tracing...
initiating tracing...
randwrite: (g=0): rw=read, bs=(R) 4096B-4096B, (W) 4096B-4096B, (T) 4096B-4096B, ioengine=psync, iodepth=1
file1: (g=0): rw=randrw, bs=(R) 4096B-4096B, (W) 4096B-4096B, (T) 4096B-4096B, ioengine=libaio, iodepth=16
...
fio-3.9-3-g75ee3
Starting 5 processes

randwrite: (groupid=0, jobs=1): err= 0: pid=4693: Wed Dec  5 22:46:29 2018
   read: IOPS=81.9k, BW=320MiB/s (335MB/s)(4096MiB/12809msec)
    clat (nsec): min=999, max=5804.2k, avg=11668.84, stdev=90166.43
     lat (nsec): min=1032, max=5804.2k, avg=11728.80, stdev=90165.51
    clat percentiles (nsec):
     |  1.00th=[   1160],  5.00th=[   1256], 10.00th=[   1288],
     | 20.00th=[   1320], 30.00th=[   1368], 40.00th=[   1464],
     | 50.00th=[   1848], 60.00th=[   1896], 70.00th=[   1928],
     | 80.00th=[   1976], 90.00th=[   2040], 95.00th=[   2512],
     | 99.00th=[ 577536], 99.50th=[ 651264], 99.90th=[ 823296],
     | 99.95th=[1269760], 99.99th=[2670592]
   bw (  KiB/s): min=147968, max=351552, per=100.00%, avg=326798.52, stdev=43171.21, samples=25
   iops        : min=36992, max=87888, avg=81699.60, stdev=10792.79, samples=25
  lat (nsec)   : 1000=0.01%
  lat (usec)   : 2=84.37%, 4=13.06%, 10=0.82%, 20=0.17%, 50=0.02%
  lat (usec)   : 100=0.01%, 250=0.01%, 500=0.33%, 750=0.95%, 1000=0.21%
  lat (msec)   : 2=0.03%, 4=0.02%, 10=0.01%
  cpu          : usr=7.24%, sys=23.16%, ctx=16258, majf=0, minf=11
  IO depths    : 1=100.0%, 2=0.0%, 4=0.0%, 8=0.0%, 16=0.0%, 32=0.0%, >=64=0.0%
     submit    : 0=0.0%, 4=100.0%, 8=0.0%, 16=0.0%, 32=0.0%, 64=0.0%, >=64=0.0%
     complete  : 0=0.0%, 4=100.0%, 8=0.0%, 16=0.0%, 32=0.0%, 64=0.0%, >=64=0.0%
     issued rwts: total=1048576,0,0,0 short=0,0,0,0 dropped=0,0,0,0
     latency   : target=0, window=0, percentile=100.00%, depth=1
file1: (groupid=0, jobs=1): err= 0: pid=4694: Wed Dec  5 22:46:30 2018
   read: IOPS=7054, BW=27.6MiB/s (28.9MB/s)(1653MiB/60001msec)
    slat (nsec): min=1513, max=8433.2k, avg=133177.35, stdev=247387.36
    clat (usec): min=4, max=45082, avg=1274.20, stdev=1869.01
     lat (usec): min=62, max=48633, avg=1407.72, stdev=2056.42
    clat percentiles (usec):
     |  1.00th=[  212],  5.00th=[  355], 10.00th=[  465], 20.00th=[  594],
     | 30.00th=[  701], 40.00th=[  791], 50.00th=[  889], 60.00th=[  988],
     | 70.00th=[ 1090], 80.00th=[ 1237], 90.00th=[ 1467], 95.00th=[ 4047],
     | 99.00th=[10028], 99.50th=[11994], 99.90th=[17171], 99.95th=[21103],
     | 99.99th=[33817]
   bw (  KiB/s): min= 1392, max=63768, per=15.23%, avg=27898.76, stdev=18763.48, samples=119
   iops        : min=  348, max=15942, avg=6974.69, stdev=4690.91, samples=119
  write: IOPS=4722, BW=18.4MiB/s (19.3MB/s)(1107MiB/60001msec)
    slat (nsec): min=1965, max=103311, avg=7255.35, stdev=3597.41
    clat (usec): min=59, max=47257, avg=1272.17, stdev=1872.98
     lat (usec): min=63, max=47272, avg=1279.53, stdev=1874.40
    clat percentiles (usec):
     |  1.00th=[  210],  5.00th=[  351], 10.00th=[  465], 20.00th=[  594],
     | 30.00th=[  701], 40.00th=[  783], 50.00th=[  881], 60.00th=[  988],
     | 70.00th=[ 1090], 80.00th=[ 1237], 90.00th=[ 1467], 95.00th=[ 3818],
     | 99.00th=[10159], 99.50th=[11994], 99.90th=[17171], 99.95th=[21103],
     | 99.99th=[33424]
   bw (  KiB/s): min=  920, max=41664, per=24.67%, avg=18671.96, stdev=12591.22, samples=119
   iops        : min=  230, max=10416, avg=4667.97, stdev=3147.82, samples=119
  lat (usec)   : 10=0.01%, 100=0.26%, 250=1.71%, 500=11.79%, 750=22.30%
  lat (usec)   : 1000=25.45%
  lat (msec)   : 2=32.66%, 4=0.84%, 10=3.94%, 20=0.99%, 50=0.06%
  cpu          : usr=2.73%, sys=11.06%, ctx=279663, majf=0, minf=14
  IO depths    : 1=0.1%, 2=0.1%, 4=0.1%, 8=0.1%, 16=100.0%, 32=0.0%, >=64=0.0%
     submit    : 0=0.0%, 4=100.0%, 8=0.0%, 16=0.0%, 32=0.0%, 64=0.0%, >=64=0.0%
     complete  : 0=0.0%, 4=100.0%, 8=0.0%, 16=0.1%, 32=0.0%, 64=0.0%, >=64=0.0%
     issued rwts: total=423271,283354,0,0 short=0,0,0,0 dropped=0,0,0,0
     latency   : target=0, window=0, percentile=100.00%, depth=16
file1: (groupid=0, jobs=1): err= 0: pid=4695: Wed Dec  5 22:46:30 2018
   read: IOPS=7102, BW=27.7MiB/s (29.1MB/s)(1665MiB/60001msec)
    slat (nsec): min=1476, max=10235k, avg=132467.61, stdev=247005.11
    clat (usec): min=2, max=46463, avg=1265.98, stdev=1869.97
     lat (usec): min=64, max=49816, avg=1398.79, stdev=2056.88
    clat percentiles (usec):
     |  1.00th=[  217],  5.00th=[  359], 10.00th=[  474], 20.00th=[  603],
     | 30.00th=[  701], 40.00th=[  783], 50.00th=[  873], 60.00th=[  979],
     | 70.00th=[ 1090], 80.00th=[ 1221], 90.00th=[ 1450], 95.00th=[ 3818],
     | 99.00th=[10159], 99.50th=[11994], 99.90th=[16909], 99.95th=[20579],
     | 99.99th=[35914]
   bw (  KiB/s): min= 1376, max=59472, per=15.34%, avg=28099.29, stdev=18696.04, samples=119
   iops        : min=  344, max=14868, avg=7024.80, stdev=4674.02, samples=119
  write: IOPS=4741, BW=18.5MiB/s (19.4MB/s)(1111MiB/60001msec)
    slat (nsec): min=1956, max=332969, avg=7078.88, stdev=3599.53
    clat (usec): min=61, max=47420, avg=1266.30, stdev=1864.08
     lat (usec): min=66, max=47426, avg=1273.47, stdev=1865.56
    clat percentiles (usec):
     |  1.00th=[  215],  5.00th=[  359], 10.00th=[  469], 20.00th=[  594],
     | 30.00th=[  701], 40.00th=[  783], 50.00th=[  873], 60.00th=[  971],
     | 70.00th=[ 1090], 80.00th=[ 1221], 90.00th=[ 1450], 95.00th=[ 4228],
     | 99.00th=[10159], 99.50th=[11994], 99.90th=[16712], 99.95th=[20055],
     | 99.99th=[34866]
   bw (  KiB/s): min= 1016, max=39720, per=24.79%, avg=18757.19, stdev=12465.73, samples=119
   iops        : min=  254, max= 9930, avg=4689.28, stdev=3116.44, samples=119
  lat (usec)   : 4=0.01%, 100=0.26%, 250=1.63%, 500=11.20%, 750=23.60%
  lat (usec)   : 1000=26.23%
  lat (msec)   : 2=31.24%, 4=0.84%, 10=3.92%, 20=1.02%, 50=0.05%
  cpu          : usr=2.60%, sys=10.73%, ctx=282672, majf=0, minf=12
  IO depths    : 1=0.1%, 2=0.1%, 4=0.1%, 8=0.1%, 16=100.0%, 32=0.0%, >=64=0.0%
     submit    : 0=0.0%, 4=100.0%, 8=0.0%, 16=0.0%, 32=0.0%, 64=0.0%, >=64=0.0%
     complete  : 0=0.0%, 4=100.0%, 8=0.0%, 16=0.1%, 32=0.0%, 64=0.0%, >=64=0.0%
     issued rwts: total=426137,284519,0,0 short=0,0,0,0 dropped=0,0,0,0
     latency   : target=0, window=0, percentile=100.00%, depth=16
file1: (groupid=0, jobs=1): err= 0: pid=4696: Wed Dec  5 22:46:30 2018
   read: IOPS=7143, BW=27.9MiB/s (29.3MB/s)(1674MiB/60001msec)
    slat (nsec): min=1589, max=8198.7k, avg=131914.23, stdev=245395.61
    clat (usec): min=3, max=43315, avg=1260.03, stdev=1859.09
     lat (usec): min=68, max=47061, avg=1392.24, stdev=2045.05
    clat percentiles (usec):
     |  1.00th=[  210],  5.00th=[  355], 10.00th=[  465], 20.00th=[  594],
     | 30.00th=[  701], 40.00th=[  775], 50.00th=[  873], 60.00th=[  971],
     | 70.00th=[ 1074], 80.00th=[ 1205], 90.00th=[ 1434], 95.00th=[ 3785],
     | 99.00th=[10159], 99.50th=[12125], 99.90th=[16909], 99.95th=[21365],
     | 99.99th=[31851]
   bw (  KiB/s): min= 1424, max=63680, per=15.43%, avg=28257.82, stdev=18885.85, samples=119
   iops        : min=  356, max=15920, avg=7064.42, stdev=4721.44, samples=119
  write: IOPS=4771, BW=18.6MiB/s (19.5MB/s)(1118MiB/60001msec)
    slat (usec): min=2, max=355, avg= 6.92, stdev= 3.49
    clat (usec): min=60, max=47016, avg=1256.32, stdev=1854.18
     lat (usec): min=65, max=47023, avg=1263.33, stdev=1855.62
    clat percentiles (usec):
     |  1.00th=[  208],  5.00th=[  351], 10.00th=[  465], 20.00th=[  594],
     | 30.00th=[  701], 40.00th=[  775], 50.00th=[  873], 60.00th=[  971],
     | 70.00th=[ 1074], 80.00th=[ 1205], 90.00th=[ 1434], 95.00th=[ 3720],
     | 99.00th=[10028], 99.50th=[11863], 99.90th=[16909], 99.95th=[21627],
     | 99.99th=[32375]
   bw (  KiB/s): min= 1008, max=41056, per=24.94%, avg=18874.61, stdev=12582.55, samples=119
   iops        : min=  252, max=10264, avg=4718.63, stdev=3145.65, samples=119
  lat (usec)   : 4=0.01%, 100=0.29%, 250=1.72%, 500=11.63%, 750=23.54%
  lat (usec)   : 1000=26.37%
  lat (msec)   : 2=30.62%, 4=0.88%, 10=3.89%, 20=1.00%, 50=0.06%
  cpu          : usr=2.70%, sys=10.33%, ctx=284432, majf=0, minf=14
  IO depths    : 1=0.1%, 2=0.1%, 4=0.1%, 8=0.1%, 16=100.0%, 32=0.0%, >=64=0.0%
     submit    : 0=0.0%, 4=100.0%, 8=0.0%, 16=0.0%, 32=0.0%, 64=0.0%, >=64=0.0%
     complete  : 0=0.0%, 4=100.0%, 8=0.0%, 16=0.1%, 32=0.0%, 64=0.0%, >=64=0.0%
     issued rwts: total=428638,286288,0,0 short=0,0,0,0 dropped=0,0,0,0
     latency   : target=0, window=0, percentile=100.00%, depth=16
file1: (groupid=0, jobs=1): err= 0: pid=4697: Wed Dec  5 22:46:30 2018
   read: IOPS=7020, BW=27.4MiB/s (28.8MB/s)(1645MiB/60001msec)
    slat (nsec): min=1482, max=7824.7k, avg=133713.23, stdev=247938.92
    clat (usec): min=3, max=44842, avg=1281.98, stdev=1869.46
     lat (usec): min=63, max=48053, avg=1416.03, stdev=2057.06
    clat percentiles (usec):
     |  1.00th=[  217],  5.00th=[  363], 10.00th=[  478], 20.00th=[  603],
     | 30.00th=[  709], 40.00th=[  799], 50.00th=[  889], 60.00th=[  988],
     | 70.00th=[ 1090], 80.00th=[ 1237], 90.00th=[ 1467], 95.00th=[ 4080],
     | 99.00th=[10290], 99.50th=[12125], 99.90th=[16909], 99.95th=[20841],
     | 99.99th=[31065]
   bw (  KiB/s): min= 1456, max=59568, per=15.16%, avg=27778.89, stdev=18534.50, samples=119
   iops        : min=  364, max=14892, avg=6944.71, stdev=4633.62, samples=119
  write: IOPS=4684, BW=18.3MiB/s (19.2MB/s)(1098MiB/60001msec)
    slat (usec): min=2, max=134, avg= 7.38, stdev= 3.60
    clat (usec): min=60, max=44840, avg=1279.56, stdev=1872.04
     lat (usec): min=67, max=44855, avg=1287.04, stdev=1873.41
    clat percentiles (usec):
     |  1.00th=[  215],  5.00th=[  359], 10.00th=[  474], 20.00th=[  603],
     | 30.00th=[  709], 40.00th=[  791], 50.00th=[  889], 60.00th=[  988],
     | 70.00th=[ 1090], 80.00th=[ 1221], 90.00th=[ 1467], 95.00th=[ 4146],
     | 99.00th=[10159], 99.50th=[12125], 99.90th=[16909], 99.95th=[21365],
     | 99.99th=[31589]
   bw (  KiB/s): min= 1024, max=40168, per=24.49%, avg=18531.52, stdev=12341.01, samples=119
   iops        : min=  256, max=10042, avg=4632.87, stdev=3085.26, samples=119
  lat (usec)   : 4=0.01%, 100=0.26%, 250=1.63%, 500=10.65%, 750=22.20%
  lat (usec)   : 1000=26.62%
  lat (msec)   : 2=32.78%, 4=0.85%, 10=3.93%, 20=1.03%, 50=0.06%
  cpu          : usr=2.71%, sys=11.33%, ctx=278789, majf=0, minf=14
  IO depths    : 1=0.1%, 2=0.1%, 4=0.1%, 8=0.1%, 16=100.0%, 32=0.0%, >=64=0.0%
     submit    : 0=0.0%, 4=100.0%, 8=0.0%, 16=0.0%, 32=0.0%, 64=0.0%, >=64=0.0%
     complete  : 0=0.0%, 4=100.0%, 8=0.0%, 16=0.1%, 32=0.0%, 64=0.0%, >=64=0.0%
     issued rwts: total=421220,281057,0,0 short=0,0,0,0 dropped=0,0,0,0
     latency   : target=0, window=0, percentile=100.00%, depth=16

Run status group 0 (all jobs):
   READ: bw=179MiB/s (188MB/s), 27.4MiB/s-320MiB/s (28.8MB/s-335MB/s), io=10.5GiB (11.3GB), run=12809-60001msec
  WRITE: bw=73.9MiB/s (77.5MB/s), 18.3MiB/s-18.6MiB/s (19.2MB/s-19.5MB/s), io=4434MiB (4650MB), run=60001-60001msec

Disk stats (read/write):
  sdc: ios=1138868/378344, merge=0/16, ticks=231916/1175324, in_queue=1407308, util=99.83%
fio: file hash not empty on exit
application termination...
+ export LD_PRELOAD=
+ LD_PRELOAD=
+ FlushDisk
+ sudo sh -c 'echo 3 > /proc/sys/vm/drop_caches'
+ sudo sh -c sync
+ sudo sh -c sync
+ sudo sh -c 'echo 3 > /proc/sys/vm/drop_caches'
+ RANDOM_READ
+ echo 'Running Random Read'
Running Random Read
+ export LD_PRELOAD=/users/skannan/ssd/NVM/appbench/shared_libs/construct/libmigration.so
+ LD_PRELOAD=/users/skannan/ssd/NVM/appbench/shared_libs/construct/libmigration.so
+ numactl --membind=0 /users/skannan/ssd/NVM/appbench/apps/fio/fio /users/skannan/ssd/NVM/appbench/apps/fio/examples/fio-seq-RW.job --name=randwrite --directory=/users/skannan/ssd/NVM/appbench/apps/fio/DATA --size=4G
initiating tracing...
initiating tracing...
randwrite: (g=0): rw=read, bs=(R) 4096B-4096B, (W) 4096B-4096B, (T) 4096B-4096B, ioengine=psync, iodepth=1
file1: (g=0): rw=rw, bs=(R) 256KiB-256KiB, (W) 256KiB-256KiB, (T) 256KiB-256KiB, ioengine=libaio, iodepth=16
...
fio-3.9-3-g75ee3
Starting 5 processes

randwrite: (groupid=0, jobs=1): err= 0: pid=4748: Wed Dec  5 22:47:42 2018
   read: IOPS=53.0k, BW=211MiB/s (221MB/s)(4096MiB/19422msec)
    clat (nsec): min=1028, max=6592.7k, avg=18098.13, stdev=142667.12
     lat (nsec): min=1061, max=6592.8k, avg=18144.55, stdev=142666.48
    clat percentiles (nsec):
     |  1.00th=[   1240],  5.00th=[   1272], 10.00th=[   1288],
     | 20.00th=[   1320], 30.00th=[   1336], 40.00th=[   1352],
     | 50.00th=[   1384], 60.00th=[   1416], 70.00th=[   1464],
     | 80.00th=[   1896], 90.00th=[   2008], 95.00th=[   2096],
     | 99.00th=[ 897024], 99.50th=[1286144], 99.90th=[1744896],
     | 99.95th=[1794048], 99.99th=[2244608]
   bw (  KiB/s): min=197088, max=218624, per=25.74%, avg=215957.53, stdev=3308.70, samples=38
   iops        : min=49272, max=54656, avg=53989.21, stdev=827.14, samples=38
  lat (usec)   : 2=88.93%, 4=9.05%, 10=0.38%, 20=0.07%, 50=0.01%
  lat (usec)   : 100=0.01%, 250=0.01%, 500=0.22%, 750=0.14%, 1000=0.41%
  lat (msec)   : 2=0.77%, 4=0.02%, 10=0.01%
  cpu          : usr=4.00%, sys=14.05%, ctx=16229, majf=0, minf=11
  IO depths    : 1=100.0%, 2=0.0%, 4=0.0%, 8=0.0%, 16=0.0%, 32=0.0%, >=64=0.0%
     submit    : 0=0.0%, 4=100.0%, 8=0.0%, 16=0.0%, 32=0.0%, 64=0.0%, >=64=0.0%
     complete  : 0=0.0%, 4=100.0%, 8=0.0%, 16=0.0%, 32=0.0%, 64=0.0%, >=64=0.0%
     issued rwts: total=1048576,0,0,0 short=0,0,0,0 dropped=0,0,0,0
     latency   : target=0, window=0, percentile=100.00%, depth=1
file1: (groupid=0, jobs=1): err= 0: pid=4749: Wed Dec  5 22:47:42 2018
   read: IOPS=751, BW=188MiB/s (197MB/s)(11.0GiB/60001msec)
    slat (usec): min=36, max=7165, avg=571.09, stdev=497.68
    clat (usec): min=2, max=24814k, avg=14901.32, stdev=437145.21
     lat (usec): min=778, max=24814k, avg=15473.05, stdev=437146.22
    clat percentiles (msec):
     |  1.00th=[    3],  5.00th=[    4], 10.00th=[    5], 20.00th=[    5],
     | 30.00th=[    6], 40.00th=[    6], 50.00th=[    6], 60.00th=[    7],
     | 70.00th=[    9], 80.00th=[   11], 90.00th=[   13], 95.00th=[   14],
     | 99.00th=[   15], 99.50th=[   16], 99.90th=[   17], 99.95th=[   18],
     | 99.99th=[17113]
   bw (  KiB/s): min=62464, max=565248, per=38.18%, avg=320380.89, stdev=131877.28, samples=72
   iops        : min=  244, max= 2208, avg=1251.47, stdev=515.13, samples=72
  write: IOPS=501, BW=125MiB/s (131MB/s)(7518MiB/60001msec)
    slat (usec): min=74, max=2784, avg=303.75, stdev=156.08
    clat (usec): min=1575, max=24814k, avg=7578.24, stdev=143092.25
     lat (usec): min=1828, max=24814k, avg=7882.14, stdev=143091.42
    clat percentiles (usec):
     |  1.00th=[ 2507],  5.00th=[ 3163], 10.00th=[ 3589], 20.00th=[ 4146],
     | 30.00th=[ 4555], 40.00th=[ 5014], 50.00th=[ 5473], 60.00th=[ 6194],
     | 70.00th=[ 8356], 80.00th=[10159], 90.00th=[11731], 95.00th=[12911],
     | 99.00th=[14484], 99.50th=[15139], 99.90th=[16057], 99.95th=[16319],
     | 99.99th=[17433]
   bw (  KiB/s): min=32768, max=363520, per=41.61%, avg=213777.12, stdev=88355.84, samples=72
   iops        : min=  128, max= 1420, avg=835.04, stdev=345.11, samples=72
  lat (usec)   : 4=0.01%, 1000=0.01%
  lat (msec)   : 2=0.07%, 4=12.18%, 10=65.55%, 20=22.17%
  cpu          : usr=0.90%, sys=40.58%, ctx=57486, majf=0, minf=16
  IO depths    : 1=0.1%, 2=0.1%, 4=0.1%, 8=0.1%, 16=100.0%, 32=0.0%, >=64=0.0%
     submit    : 0=0.0%, 4=100.0%, 8=0.0%, 16=0.0%, 32=0.0%, 64=0.0%, >=64=0.0%
     complete  : 0=0.0%, 4=100.0%, 8=0.0%, 16=0.1%, 32=0.0%, 64=0.0%, >=64=0.0%
     issued rwts: total=45071,30070,0,0 short=0,0,0,0 dropped=0,0,0,0
     latency   : target=0, window=0, percentile=100.00%, depth=16
file1: (groupid=0, jobs=1): err= 0: pid=4750: Wed Dec  5 22:47:42 2018
   read: IOPS=751, BW=188MiB/s (197MB/s)(11.0GiB/60001msec)
    slat (usec): min=38, max=2717, avg=546.87, stdev=492.62
    clat (usec): min=2, max=24814k, avg=12721.16, stdev=369469.09
     lat (usec): min=840, max=24814k, avg=13268.66, stdev=369469.65
    clat percentiles (msec):
     |  1.00th=[    3],  5.00th=[    4], 10.00th=[    5], 20.00th=[    5],
     | 30.00th=[    6], 40.00th=[    6], 50.00th=[    6], 60.00th=[    7],
     | 70.00th=[    9], 80.00th=[   11], 90.00th=[   13], 95.00th=[   14],
     | 99.00th=[   16], 99.50th=[   16], 99.90th=[   17], 99.95th=[   17],
     | 99.99th=[17113]
   bw (  KiB/s): min=59904, max=566272, per=37.92%, avg=318173.10, stdev=131521.78, samples=71
   iops        : min=  234, max= 2212, avg=1242.85, stdev=513.76, samples=71
  write: IOPS=500, BW=125MiB/s (131MB/s)(7514MiB/60001msec)
    slat (usec): min=68, max=6486, avg=340.01, stdev=148.62
    clat (usec): min=841, max=24813k, avg=10846.60, stdev=319936.79
     lat (usec): min=977, max=24814k, avg=11186.82, stdev=319937.20
    clat percentiles (msec):
     |  1.00th=[    3],  5.00th=[    4], 10.00th=[    4], 20.00th=[    5],
     | 30.00th=[    5], 40.00th=[    6], 50.00th=[    6], 60.00th=[    7],
     | 70.00th=[    9], 80.00th=[   11], 90.00th=[   12], 95.00th=[   13],
     | 99.00th=[   15], 99.50th=[   16], 99.90th=[   17], 99.95th=[   17],
     | 99.99th=[17113]
   bw (  KiB/s): min=48128, max=366592, per=41.26%, avg=211947.38, stdev=86483.90, samples=71
   iops        : min=  188, max= 1432, avg=827.87, stdev=337.85, samples=71
  lat (usec)   : 4=0.01%, 1000=0.01%
  lat (msec)   : 2=0.19%, 4=11.92%, 10=65.91%, 20=21.96%
  cpu          : usr=1.08%, sys=42.63%, ctx=56258, majf=0, minf=14
  IO depths    : 1=0.1%, 2=0.1%, 4=0.1%, 8=0.1%, 16=100.0%, 32=0.0%, >=64=0.0%
     submit    : 0=0.0%, 4=100.0%, 8=0.0%, 16=0.0%, 32=0.0%, 64=0.0%, >=64=0.0%
     complete  : 0=0.0%, 4=100.0%, 8=0.0%, 16=0.1%, 32=0.0%, 64=0.0%, >=64=0.0%
     issued rwts: total=45070,30056,0,0 short=0,0,0,0 dropped=0,0,0,0
     latency   : target=0, window=0, percentile=100.00%, depth=16
file1: (groupid=0, jobs=1): err= 0: pid=4751: Wed Dec  5 22:47:42 2018
   read: IOPS=751, BW=188MiB/s (197MB/s)(11.0GiB/60001msec)
    slat (usec): min=36, max=6778, avg=555.06, stdev=506.34
    clat (usec): min=221, max=24814k, avg=14359.57, stdev=421245.17
     lat (usec): min=1177, max=24814k, avg=14915.24, stdev=421245.82
    clat percentiles (msec):
     |  1.00th=[    3],  5.00th=[    4], 10.00th=[    5], 20.00th=[    5],
     | 30.00th=[    6], 40.00th=[    6], 50.00th=[    6], 60.00th=[    7],
     | 70.00th=[    9], 80.00th=[   11], 90.00th=[   13], 95.00th=[   14],
     | 99.00th=[   16], 99.50th=[   16], 99.90th=[   17], 99.95th=[   18],
     | 99.99th=[17113]
   bw (  KiB/s): min=61952, max=564224, per=37.91%, avg=318130.83, stdev=131385.59, samples=71
   iops        : min=  242, max= 2204, avg=1242.68, stdev=513.20, samples=71
  write: IOPS=502, BW=126MiB/s (132MB/s)(7541MiB/60001msec)
    slat (usec): min=74, max=4049, avg=326.73, stdev=149.39
    clat (usec): min=2, max=24814k, avg=8363.96, stdev=202012.52
     lat (usec): min=216, max=24814k, avg=8690.88, stdev=202012.24
    clat percentiles (usec):
     |  1.00th=[ 2573],  5.00th=[ 3228], 10.00th=[ 3621], 20.00th=[ 4113],
     | 30.00th=[ 4555], 40.00th=[ 4948], 50.00th=[ 5407], 60.00th=[ 6128],
     | 70.00th=[ 8291], 80.00th=[10028], 90.00th=[11731], 95.00th=[12911],
     | 99.00th=[14615], 99.50th=[15270], 99.90th=[16319], 99.95th=[16712],
     | 99.99th=[18220]
   bw (  KiB/s): min=39936, max=362496, per=41.45%, avg=212937.89, stdev=89128.88, samples=71
   iops        : min=  156, max= 1416, avg=831.75, stdev=348.12, samples=71
  lat (usec)   : 4=0.01%, 250=0.01%
  lat (msec)   : 2=0.07%, 4=12.08%, 10=66.04%, 20=21.78%
  cpu          : usr=0.86%, sys=41.81%, ctx=56991, majf=0, minf=16
  IO depths    : 1=0.1%, 2=0.1%, 4=0.1%, 8=0.1%, 16=100.0%, 32=0.0%, >=64=0.0%
     submit    : 0=0.0%, 4=100.0%, 8=0.0%, 16=0.0%, 32=0.0%, 64=0.0%, >=64=0.0%
     complete  : 0=0.0%, 4=100.0%, 8=0.0%, 16=0.1%, 32=0.0%, 64=0.0%, >=64=0.0%
     issued rwts: total=45070,30164,0,0 short=0,0,0,0 dropped=0,0,0,0
     latency   : target=0, window=0, percentile=100.00%, depth=16
file1: (groupid=0, jobs=1): err= 0: pid=4752: Wed Dec  5 22:47:42 2018
   read: IOPS=751, BW=188MiB/s (197MB/s)(11.0GiB/60001msec)
    slat (usec): min=36, max=2720, avg=564.23, stdev=496.82
    clat (usec): min=4, max=24813k, avg=11071.65, stdev=309120.33
     lat (usec): min=976, max=24813k, avg=11636.48, stdev=309120.55
    clat percentiles (msec):
     |  1.00th=[    3],  5.00th=[    4], 10.00th=[    5], 20.00th=[    5],
     | 30.00th=[    6], 40.00th=[    6], 50.00th=[    6], 60.00th=[    7],
     | 70.00th=[    9], 80.00th=[   11], 90.00th=[   13], 95.00th=[   14],
     | 99.00th=[   16], 99.50th=[   16], 99.90th=[   17], 99.95th=[   18],
     | 99.99th=[17113]
   bw (  KiB/s): min=58880, max=565141, per=37.92%, avg=318185.44, stdev=131477.71, samples=71
   iops        : min=  230, max= 2207, avg=1242.90, stdev=513.57, samples=71
  write: IOPS=501, BW=125MiB/s (132MB/s)(7529MiB/60001msec)
    slat (usec): min=66, max=6711, avg=313.87, stdev=158.04
    clat (usec): min=1179, max=24813k, avg=13298.13, stdev=404250.93
     lat (usec): min=1303, max=24813k, avg=13612.15, stdev=404249.42
    clat percentiles (msec):
     |  1.00th=[    3],  5.00th=[    4], 10.00th=[    4], 20.00th=[    5],
     | 30.00th=[    5], 40.00th=[    5], 50.00th=[    6], 60.00th=[    7],
     | 70.00th=[    9], 80.00th=[   11], 90.00th=[   12], 95.00th=[   13],
     | 99.00th=[   15], 99.50th=[   16], 99.90th=[   17], 99.95th=[   17],
     | 99.99th=[17113]
   bw (  KiB/s): min=35328, max=375057, per=41.41%, avg=212748.79, stdev=90714.66, samples=71
   iops        : min=  138, max= 1465, avg=831.04, stdev=354.36, samples=71
  lat (usec)   : 10=0.01%, 1000=0.01%
  lat (msec)   : 2=0.18%, 4=12.77%, 10=64.68%, 20=22.34%
  cpu          : usr=1.07%, sys=41.30%, ctx=56582, majf=0, minf=14
  IO depths    : 1=0.1%, 2=0.1%, 4=0.1%, 8=0.1%, 16=100.0%, 32=0.0%, >=64=0.0%
     submit    : 0=0.0%, 4=100.0%, 8=0.0%, 16=0.0%, 32=0.0%, 64=0.0%, >=64=0.0%
     complete  : 0=0.0%, 4=100.0%, 8=0.0%, 16=0.1%, 32=0.0%, 64=0.0%, >=64=0.0%
     issued rwts: total=45070,30115,0,0 short=0,0,0,0 dropped=0,0,0,0
     latency   : target=0, window=0, percentile=100.00%, depth=16

Run status group 0 (all jobs):
   READ: bw=819MiB/s (859MB/s), 188MiB/s-211MiB/s (197MB/s-221MB/s), io=48.0GiB (51.6GB), run=19422-60001msec
  WRITE: bw=502MiB/s (526MB/s), 125MiB/s-126MiB/s (131MB/s-132MB/s), io=29.4GiB (31.6GB), run=60001-60001msec

Disk stats (read/write):
  sdc: ios=71146/30021, merge=214/9007, ticks=98920/2145828, in_queue=2246188, util=82.56%
fio: file hash not empty on exit
application termination...
+ export LD_PRELOAD=
+ LD_PRELOAD=
+ FlushDisk
+ sudo sh -c 'echo 3 > /proc/sys/vm/drop_caches'
+ sudo sh -c sync
+ sudo sh -c sync
+ sudo sh -c 'echo 3 > /proc/sys/vm/drop_caches'
+ rm /users/skannan/ssd/NVM/appbench/apps/fio/DATA/fio-rand-RW /users/skannan/ssd/NVM/appbench/apps/fio/DATA/fio-seq-RW /users/skannan/ssd/NVM/appbench/apps/fio/DATA/randwrite.0.0
+ rm -rf fio-seq-RW
+ rm -rf fio-rand-RW
+ set +x
******************
KERNEL  DMESG
******************
  
[    0.000000] main: Linux version 4.17.0 (root@node-0.wisc3.fsperfatscale-pg0.wisc.cloudlab.us) (gcc version 4.8.4 (Ubuntu 4.8.4-2ubuntu1~14.04.4)) #4 SMP Wed Dec 5 08:47:01 MST 2018
[    0.000000] Command line: BOOT_IMAGE=/boot/vmlinuz-4.17.0 root=UUID=4910fb56-38cb-41ae-82bf-3efa1d8a45a0 ro console=ttyS0,115200 crashkernel=384M-:128M
[    0.000000] common: KERNEL supported cpus:
[    0.000000] common:   Intel GenuineIntel
[    0.000000] common:   AMD AuthenticAMD
[    0.000000] common:   Centaur CentaurHauls
[    0.000000] xstate: x86/fpu: Supporting XSAVE feature 0x001: 'x87 floating point registers'
[    0.000000] xstate: x86/fpu: Supporting XSAVE feature 0x002: 'SSE registers'
[    0.000000] xstate: x86/fpu: Supporting XSAVE feature 0x004: 'AVX registers'
[    0.000000] xstate: x86/fpu: xstate_offset[2]:  576, xstate_sizes[2]:  256
[    0.000000] xstate: x86/fpu: Enabled xstate features 0x7, context size is 832 bytes, using 'standard' format.
[    0.000000] e820: e820: BIOS-provided physical RAM map:
[    0.000000] e820: BIOS-e820: [mem 0x0000000000000000-0x0000000000099fff] usable
[    0.000000] e820: BIOS-e820: [mem 0x000000000009a000-0x000000000009ffff] reserved
[    0.000000] e820: BIOS-e820: [mem 0x00000000000e0000-0x00000000000fffff] reserved
[    0.000000] e820: BIOS-e820: [mem 0x0000000000100000-0x000000006f19efff] usable
[    0.000000] e820: BIOS-e820: [mem 0x000000006f19f000-0x000000006f97bfff] reserved
[    0.000000] e820: BIOS-e820: [mem 0x000000006f97c000-0x000000006f9e0fff] ACPI data
[    0.000000] e820: BIOS-e820: [mem 0x000000006f9e1000-0x000000006ff3bfff] ACPI NVS
[    0.000000] e820: BIOS-e820: [mem 0x000000006ff3c000-0x000000008fffffff] reserved
[    0.000000] e820: BIOS-e820: [mem 0x00000000fed1c000-0x00000000fed44fff] reserved
[    0.000000] e820: BIOS-e820: [mem 0x00000000ff000000-0x00000000ffffffff] reserved
[    0.000000] e820: BIOS-e820: [mem 0x0000000100000000-0x000000207fffffff] usable
[    0.000000] NX (Execute Disable) protection: active
[    0.000000] dmi_scan: SMBIOS 3.0.0 present.
[    0.000000] dmi_scan: DMI: Cisco Systems Inc UCSC-C220-M4S/UCSC-C220-M4S, BIOS C220M4.3.0.3c.0.0831170216 08/31/2017
[    0.000000] e820: update [mem 0x00000000-0x00000fff] usable ==> reserved
[    0.000000] e820: remove [mem 0x000a0000-0x000fffff] usable
[    0.000000] e820: e820: last_pfn = 0x2080000 max_arch_pfn = 0x400000000
[    0.000000] generic: MTRR default type: write-back
[    0.000000] generic: MTRR fixed ranges enabled:
[    0.000000] generic:   00000-9FFFF write-back
[    0.000000] generic:   A0000-BFFFF uncachable
[    0.000000] generic:   C0000-FFFFF write-protect
[    0.000000] generic: MTRR variable ranges enabled:
[    0.000000] generic:   0 base 000080000000 mask 3FFF80000000 uncachable
[    0.000000] generic:   1 base 038000000000 mask 3F8000000000 uncachable
[    0.000000] generic:   2 disabled
[    0.000000] generic:   3 disabled
[    0.000000] generic:   4 disabled
[    0.000000] generic:   5 disabled
[    0.000000] generic:   6 disabled
[    0.000000] generic:   7 disabled
[    0.000000] generic:   8 disabled
[    0.000000] generic:   9 disabled
[    0.000000] x86/PAT: Configuration [0-7]: WB  WC  UC- UC  WB  WP  UC- WT  
[    0.000000] e820: e820: last_pfn = 0x6f19f max_arch_pfn = 0x400000000
[    0.000000] mpparse: found SMP MP-table at [mem 0x000fcfc0-0x000fcfcf] mapped at [        (ptrval)]
[    0.000000] Scanning 1 areas for low memory corruption
[    0.000000] Base memory trampoline at [        (ptrval)] 7e000 size 24576
[    0.000000] Using GB pages for direct mapping
[    0.000000] BRK [0x0aecd000, 0x0aecdfff] PGTABLE
[    0.000000] BRK [0x0aece000, 0x0aecefff] PGTABLE
[    0.000000] BRK [0x0aecf000, 0x0aecffff] PGTABLE
[    0.000000] RAMDISK: [mem 0x23902000-0x2dc78fff]
[    0.000000] tables: Early table checksum verification disabled
[    0.000000] ACPI: RSDP 0x00000000000F05B0 000024 (v02 Cisco0)
[    0.000000] ACPI: XSDT 0x000000006F9900A8 0000D4 (v01 Cisco0 CiscoUCS 01072009 AMI  00010013)
[    0.000000] ACPI: FACP 0x000000006F9C4CE0 00010C (v05 Cisco0 CiscoUCS 01072009 AMI  00010013)
[    0.000000] ACPI: DSDT 0x000000006F990210 034ACB (v02 Cisco0 CiscoUCS 01072009 INTL 20091013)
[    0.000000] ACPI: FACS 0x000000006FF3AF80 000040
[    0.000000] ACPI: APIC 0x000000006F9C4DF0 000224 (v03 Cisco0 CiscoUCS 01072009 AMI  00010013)
[    0.000000] ACPI: FPDT 0x000000006F9C5018 000044 (v01 Cisco0 CiscoUCS 01072009 AMI  00010013)
[    0.000000] ACPI: FIDT 0x000000006F9C5060 00009C (v01 Cisco0 CiscoUCS 01072009 AMI  00010013)
[    0.000000] ACPI: SPMI 0x000000006F9C5100 000041 (v05 Cisco0 CiscoUCS 00000000 AMI. 00000000)
[    0.000000] ACPI: MCFG 0x000000006F9C5148 00003C (v01 Cisco0 CiscoUCS 01072009 MSFT 00000097)
[    0.000000] ACPI: UEFI 0x000000006F9C5188 000042 (v01 Cisco0 CiscoUCS 01072009      00000000)
[    0.000000] ACPI: HPET 0x000000006F9C51D0 000038 (v01 Cisco0 CiscoUCS 00000001 INTL 20091013)
[    0.000000] ACPI: MSCT 0x000000006F9C5208 000090 (v01 Cisco0 CiscoUCS 00000001 INTL 20091013)
[    0.000000] ACPI: SLIT 0x000000006F9C5298 000030 (v01 Cisco0 CiscoUCS 00000001 INTL 20091013)
[    0.000000] ACPI: SRAT 0x000000006F9C52C8 001158 (v03 Cisco0 CiscoUCS 00000001 INTL 20091013)
[    0.000000] ACPI: WDDT 0x000000006F9C6420 000040 (v01 Cisco0 CiscoUCS 00000000 INTL 20091013)
[    0.000000] ACPI: SSDT 0x000000006F9C6460 017105 (v02 Cisco0 PmMgt    00000002 INTL 20120913)
[    0.000000] ACPI: NITR 0x000000006F9DD568 000071 (v02 Cisco0 CiscoUCS 00000001 INTL 20091013)
[    0.000000] ACPI: SSDT 0x000000006F9DD5E0 002654 (v02 Cisco0 SpsNm    00000002 INTL 20120913)
[    0.000000] ACPI: SSDT 0x000000006F9DFC38 000064 (v02 Cisco0 SpsNvs   00000002 INTL 20120913)
[    0.000000] ACPI: PRAD 0x000000006F9DFCA0 000102 (v02 Cisco0 CiscoUCS 00000002 INTL 20120913)
[    0.000000] ACPI: DMAR 0x000000006F9DFDA8 000122 (v01 Cisco0 CiscoUCS 00000001 INTL 20091013)
[    0.000000] ACPI: HEST 0x000000006F9DFED0 0000A8 (v01 Cisco0 CiscoUCS 00000001 INTL 00000001)
[    0.000000] ACPI: BERT 0x000000006F9DFF78 000030 (v01 Cisco0 CiscoUCS 00000001 INTL 00000001)
[    0.000000] ACPI: ERST 0x000000006F9DFFA8 000230 (v01 Cisco0 CiscoUCS 00000001 INTL 00000001)
[    0.000000] ACPI: EINJ 0x000000006F9E01D8 000130 (v01 Cisco0 CiscoUCS 00000001 INTL 00000001)
[    0.000000] ACPI: Local APIC address 0xfee00000
[    0.000000] SRAT: PXM 0 -> APIC 0x00 -> Node 0
[    0.000000] SRAT: PXM 0 -> APIC 0x02 -> Node 0
[    0.000000] SRAT: PXM 0 -> APIC 0x04 -> Node 0
[    0.000000] SRAT: PXM 0 -> APIC 0x06 -> Node 0
[    0.000000] SRAT: PXM 0 -> APIC 0x08 -> Node 0
[    0.000000] SRAT: PXM 0 -> APIC 0x0a -> Node 0
[    0.000000] SRAT: PXM 0 -> APIC 0x0c -> Node 0
[    0.000000] SRAT: PXM 0 -> APIC 0x0e -> Node 0
[    0.000000] SRAT: PXM 1 -> APIC 0x10 -> Node 1
[    0.000000] SRAT: PXM 1 -> APIC 0x12 -> Node 1
[    0.000000] SRAT: PXM 1 -> APIC 0x14 -> Node 1
[    0.000000] SRAT: PXM 1 -> APIC 0x16 -> Node 1
[    0.000000] SRAT: PXM 1 -> APIC 0x18 -> Node 1
[    0.000000] SRAT: PXM 1 -> APIC 0x1a -> Node 1
[    0.000000] SRAT: PXM 1 -> APIC 0x1c -> Node 1
[    0.000000] SRAT: PXM 1 -> APIC 0x1e -> Node 1
[    0.000000] SRAT: PXM 0 -> APIC 0x01 -> Node 0
[    0.000000] SRAT: PXM 0 -> APIC 0x03 -> Node 0
[    0.000000] SRAT: PXM 0 -> APIC 0x05 -> Node 0
[    0.000000] SRAT: PXM 0 -> APIC 0x07 -> Node 0
[    0.000000] SRAT: PXM 0 -> APIC 0x09 -> Node 0
[    0.000000] SRAT: PXM 0 -> APIC 0x0b -> Node 0
[    0.000000] SRAT: PXM 0 -> APIC 0x0d -> Node 0
[    0.000000] SRAT: PXM 0 -> APIC 0x0f -> Node 0
[    0.000000] SRAT: PXM 1 -> APIC 0x11 -> Node 1
[    0.000000] SRAT: PXM 1 -> APIC 0x13 -> Node 1
[    0.000000] SRAT: PXM 1 -> APIC 0x15 -> Node 1
[    0.000000] SRAT: PXM 1 -> APIC 0x17 -> Node 1
[    0.000000] SRAT: PXM 1 -> APIC 0x19 -> Node 1
[    0.000000] SRAT: PXM 1 -> APIC 0x1b -> Node 1
[    0.000000] SRAT: PXM 1 -> APIC 0x1d -> Node 1
[    0.000000] SRAT: PXM 1 -> APIC 0x1f -> Node 1
[    0.000000] acpi: SRAT: Node 0 PXM 0 [mem 0x00000000-0x7fffffff]
[    0.000000] acpi: SRAT: Node 0 PXM 0 [mem 0x100000000-0x107fffffff]
[    0.000000] acpi: SRAT: Node 1 PXM 1 [mem 0x1080000000-0x207fffffff]
[    0.000000] NUMA: Initialized distance table, cnt=2
[    0.000000] NUMA: Node 0 [mem 0x00000000-0x7fffffff] + [mem 0x100000000-0x107fffffff] -> [mem 0x00000000-0x107fffffff]
[    0.000000] NODE_DATA(0) allocated [mem 0x107fffc000-0x107fffffff]
[    0.000000] NODE_DATA(1) allocated [mem 0x207fff9000-0x207fffcfff]
[    0.000000] setup: Reserving 128MB of memory at 768MB for crashkernel (System RAM: 130801MB)
[    0.000000] tsc: Fast TSC calibration using PIT
[    0.000000] page_alloc: Zone ranges:
[    0.000000] page_alloc:   DMA      [mem 0x0000000000001000-0x0000000000ffffff]
[    0.000000] page_alloc:   DMA32    [mem 0x0000000001000000-0x00000000ffffffff]
[    0.000000] page_alloc:   Normal   [mem 0x0000000100000000-0x000000207fffffff]
[    0.000000] page_alloc: Movable zone start for each node
[    0.000000] page_alloc: Early memory node ranges
[    0.000000] page_alloc:   node   0: [mem 0x0000000000001000-0x0000000000099fff]
[    0.000000] page_alloc:   node   0: [mem 0x0000000000100000-0x000000006f19efff]
[    0.000000] page_alloc:   node   0: [mem 0x0000000100000000-0x000000107fffffff]
[    0.000000] page_alloc:   node   1: [mem 0x0000001080000000-0x000000207fffffff]
[    0.000000] page_alloc: Initmem setup node 0 [mem 0x0000000000001000-0x000000107fffffff]
[    0.000000] On node 0 totalpages: 16707896
[    0.000000]   DMA zone: 112 pages used for memmap
[    0.000000]   DMA zone: 43 pages reserved
[    0.000000]   DMA zone: 3993 pages, LIFO batch:0
[    0.000000]   DMA32 zone: 12332 pages used for memmap
[    0.000000]   DMA32 zone: 450975 pages, LIFO batch:31
[    0.000000]   Normal zone: 444416 pages used for memmap
[    0.000000]   Normal zone: 16252928 pages, LIFO batch:31
[    0.000000] page_alloc: Initmem setup node 1 [mem 0x0000001080000000-0x000000207fffffff]
[    0.000000] On node 1 totalpages: 16777216
[    0.000000]   Normal zone: 458752 pages used for memmap
[    0.000000]   Normal zone: 16777216 pages, LIFO batch:31
[    0.000000] page_alloc: Reserved but unavailable: 103 pages
[    0.000000] ACPI: PM-Timer IO Port: 0x408
[    0.000000] ACPI: Local APIC address 0xfee00000
[    0.000000] tables: LAPIC_NMI (acpi_id[0x00] high edge lint[0x1])
[    0.000000] tables: LAPIC_NMI (acpi_id[0x02] high edge lint[0x1])
[    0.000000] tables: LAPIC_NMI (acpi_id[0x04] high edge lint[0x1])
[    0.000000] tables: LAPIC_NMI (acpi_id[0x06] high edge lint[0x1])
[    0.000000] tables: LAPIC_NMI (acpi_id[0x08] high edge lint[0x1])
[    0.000000] tables: LAPIC_NMI (acpi_id[0x0a] high edge lint[0x1])
[    0.000000] tables: LAPIC_NMI (acpi_id[0x0c] high edge lint[0x1])
[    0.000000] tables: LAPIC_NMI (acpi_id[0x0e] high edge lint[0x1])
[    0.000000] tables: LAPIC_NMI (acpi_id[0x10] high edge lint[0x1])
[    0.000000] tables: LAPIC_NMI (acpi_id[0x12] high edge lint[0x1])
[    0.000000] tables: LAPIC_NMI (acpi_id[0x14] high edge lint[0x1])
[    0.000000] tables: LAPIC_NMI (acpi_id[0x16] high edge lint[0x1])
[    0.000000] tables: LAPIC_NMI (acpi_id[0x18] high edge lint[0x1])
[    0.000000] tables: LAPIC_NMI (acpi_id[0x1a] high edge lint[0x1])
[    0.000000] tables: LAPIC_NMI (acpi_id[0x1c] high edge lint[0x1])
[    0.000000] tables: LAPIC_NMI (acpi_id[0x1e] high edge lint[0x1])
[    0.000000] tables: LAPIC_NMI (acpi_id[0x01] high edge lint[0x1])
[    0.000000] tables: LAPIC_NMI (acpi_id[0x03] high edge lint[0x1])
[    0.000000] tables: LAPIC_NMI (acpi_id[0x05] high edge lint[0x1])
[    0.000000] tables: LAPIC_NMI (acpi_id[0x07] high edge lint[0x1])
[    0.000000] tables: LAPIC_NMI (acpi_id[0x09] high edge lint[0x1])
[    0.000000] tables: LAPIC_NMI (acpi_id[0x0b] high edge lint[0x1])
[    0.000000] tables: LAPIC_NMI (acpi_id[0x0d] high edge lint[0x1])
[    0.000000] tables: LAPIC_NMI (acpi_id[0x0f] high edge lint[0x1])
[    0.000000] tables: LAPIC_NMI (acpi_id[0x11] high edge lint[0x1])
[    0.000000] tables: LAPIC_NMI (acpi_id[0x13] high edge lint[0x1])
[    0.000000] tables: LAPIC_NMI (acpi_id[0x15] high edge lint[0x1])
[    0.000000] tables: LAPIC_NMI (acpi_id[0x17] high edge lint[0x1])
[    0.000000] tables: LAPIC_NMI (acpi_id[0x19] high edge lint[0x1])
[    0.000000] tables: LAPIC_NMI (acpi_id[0x1b] high edge lint[0x1])
[    0.000000] tables: LAPIC_NMI (acpi_id[0x1d] high edge lint[0x1])
[    0.000000] tables: LAPIC_NMI (acpi_id[0x1f] high edge lint[0x1])
[    0.000000] io_apic: IOAPIC[0]: apic_id 1, version 32, address 0xfec00000, GSI 0-23
[    0.000000] io_apic: IOAPIC[1]: apic_id 2, version 32, address 0xfec01000, GSI 24-47
[    0.000000] io_apic: IOAPIC[2]: apic_id 3, version 32, address 0xfec40000, GSI 48-71
[    0.000000] tables: INT_SRC_OVR (bus 0 bus_irq 0 global_irq 2 dfl dfl)
[    0.000000] tables: INT_SRC_OVR (bus 0 bus_irq 9 global_irq 9 high level)
[    0.000000] ACPI: IRQ0 used by override.
[    0.000000] ACPI: IRQ9 used by override.
[    0.000000] Using ACPI (MADT) for SMP configuration information
[    0.000000] ACPI: HPET id: 0x8086a701 base: 0xfed00000
[    0.000000] smpboot: Allowing 32 CPUs, 0 hotplug CPUs
[    0.000000] snapshot: Registered nosave memory: [mem 0x00000000-0x00000fff]
[    0.000000] snapshot: Registered nosave memory: [mem 0x0009a000-0x0009ffff]
[    0.000000] snapshot: Registered nosave memory: [mem 0x000a0000-0x000dffff]
[    0.000000] snapshot: Registered nosave memory: [mem 0x000e0000-0x000fffff]
[    0.000000] snapshot: Registered nosave memory: [mem 0x6f19f000-0x6f97bfff]
[    0.000000] snapshot: Registered nosave memory: [mem 0x6f97c000-0x6f9e0fff]
[    0.000000] snapshot: Registered nosave memory: [mem 0x6f9e1000-0x6ff3bfff]
[    0.000000] snapshot: Registered nosave memory: [mem 0x6ff3c000-0x8fffffff]
[    0.000000] snapshot: Registered nosave memory: [mem 0x90000000-0xfed1bfff]
[    0.000000] snapshot: Registered nosave memory: [mem 0xfed1c000-0xfed44fff]
[    0.000000] snapshot: Registered nosave memory: [mem 0xfed45000-0xfeffffff]
[    0.000000] snapshot: Registered nosave memory: [mem 0xff000000-0xffffffff]
[    0.000000] e820: e820: [mem 0x90000000-0xfed1bfff] available for PCI devices
[    0.000000] Booting paravirtualized kernel on bare hardware
[    0.000000] clocksource: refined-jiffies: mask: 0xffffffff max_cycles: 0xffffffff, max_idle_ns: 7645519600211568 ns
[    0.000000] setup_percpu: NR_CPUS:256 nr_cpumask_bits:256 nr_cpu_ids:32 nr_node_ids:2
[    0.000000] percpu: Embedded 45 pages/cpu @        (ptrval) s145496 r8192 d30632 u262144
[    0.000000] pcpu-alloc: s145496 r8192 d30632 u262144 alloc=1*2097152
[    0.000000] pcpu-alloc: [0] 00 01 02 03 04 05 06 07 [0] 16 17 18 19 20 21 22 23 
[    0.000000] pcpu-alloc: [1] 08 09 10 11 12 13 14 15 [1] 24 25 26 27 28 29 30 31 
[    0.000000] page_alloc: Built 2 zonelists, mobility grouping on.  Total pages: 32569457
[    0.000000] page_alloc: Policy zone: Normal
[    0.000000] main: Kernel command line: BOOT_IMAGE=/boot/vmlinuz-4.17.0 root=UUID=4910fb56-38cb-41ae-82bf-3efa1d8a45a0 ro console=ttyS0,115200 crashkernel=384M-:128M
[    0.000000] Calgary: detecting Calgary via BIOS EBDA area
[    0.000000] Calgary: Unable to locate Rio Grande table in EBDA - bailing!
[    0.000000] page_alloc: Memory: 129743436K/133940448K available (14348K kernel code, 1800K rwdata, 4280K rodata, 1812K init, 132104K bss, 4197012K reserved, 0K cma-reserved)
[    0.000000] slub: SLUB: HWalign=64, Order=0-3, MinObjects=0, CPUs=32, Nodes=2
[    0.000000] Kernel/User page tables isolation: enabled
[    0.000000] libftrace: ftrace: allocating 42151 entries in 165 pages
[    0.000000] trace: 
[    0.000000] trace: **********************************************************
[    0.000000] trace: **   NOTICE NOTICE NOTICE NOTICE NOTICE NOTICE NOTICE   **
[    0.000000] trace: **                                                      **
[    0.000000] trace: ** trace_printk() being used. Allocating extra memory.  **
[    0.000000] trace: **                                                      **
[    0.000000] trace: ** This means that this is a DEBUG kernel and it is     **
[    0.000000] trace: ** unsafe for production use.                           **
[    0.000000] trace: **                                                      **
[    0.000000] trace: ** If you see this message and you are not debugging    **
[    0.000000] trace: ** the kernel, report this immediately to your vendor!  **
[    0.000000] trace: **                                                      **
[    0.000000] trace: **   NOTICE NOTICE NOTICE NOTICE NOTICE NOTICE NOTICE   **
[    0.000000] trace: **********************************************************
[    0.000000] tree: Hierarchical RCU implementation.
[    0.000000] tree: 	RCU restricting CPUs from NR_CPUS=256 to nr_cpu_ids=32.
[    0.000000] tree: RCU: Adjusting geometry for rcu_fanout_leaf=16, nr_cpu_ids=32
[    0.000000] NR_IRQS: 16640, nr_irqs: 1496, preallocated irqs: 16
[    0.000000] tree: 	Offload RCU callbacks from CPUs: (none).
[    0.000000] vt: Console: colour VGA+ 80x25
[    0.000000] printk: console [ttyS0] enabled
[    0.000000] mempolicy: Enabling automatic NUMA balancing. Configure with numa_balancing= or the kernel.numa_balancing sysctl
[    0.000000] ACPI: Core revision 20180313
[    0.000000] clocksource: hpet: mask: 0xffffffff max_cycles: 0xffffffff, max_idle_ns: 133484882848 ns
[    0.000000] hpet clockevent registered
[    0.000000] apic: APIC: Switch to symmetric I/O mode setup
[    0.004000] dmar: Host address width 46
[    0.008000] dmar: DRHD base: 0x000000fbffc000 flags: 0x0
[    0.012000] dmar: dmar0: reg_base_addr fbffc000 ver 1:0 cap d2078c106f0466 ecap f020de
[    0.016000] dmar: DRHD base: 0x000000c7ffc000 flags: 0x1
[    0.020000] dmar: dmar1: reg_base_addr c7ffc000 ver 1:0 cap d2078c106f0466 ecap f020de
[    0.024000] dmar: RMRR base: 0x0000007bb4c000 end: 0x0000007bb5cfff
[    0.028000] dmar: RMRR base: 0x00000072565000 end: 0x0000007a56cfff
[    0.032000] dmar: ATSR flags: 0x0
[    0.036000] dmar: RHSA base: 0x000000c7ffc000 proximity domain: 0x0
[    0.040000] dmar: RHSA base: 0x000000fbffc000 proximity domain: 0x1
[    0.044000] intel_irq_remapping: IOAPIC id 3 under DRHD base  0xfbffc000 IOMMU 0
[    0.048000] intel_irq_remapping: IOAPIC id 1 under DRHD base  0xc7ffc000 IOMMU 1
[    0.052000] intel_irq_remapping: IOAPIC id 2 under DRHD base  0xc7ffc000 IOMMU 1
[    0.056000] intel_irq_remapping: HPET id 0 under DRHD base 0xc7ffc000
[    0.060000] intel_irq_remapping: x2apic is disabled because BIOS sets x2apic opt out bit.
[    0.060000] intel_irq_remapping: Use 'intremap=no_x2apic_optout' to override the BIOS setting.
[    0.068000] intel_irq_remapping: Enabled IRQ remapping in xapic mode
[    0.068000] apic: x2apic: IRQ remapping doesn't support X2APIC mode
[    0.072000] probe_64: Switched APIC routing to physical flat.
[    0.076000] ..TIMER: vector=0x30 apic1=0 pin1=2 apic2=-1 pin2=-1
[    0.096000] tsc: Fast TSC calibration using PIT
[    0.100000] tsc: Detected 2394.283 MHz processor
[    0.104000] clocksource: tsc-early: mask: 0xffffffffffffffff max_cycles: 0x22831f1150f, max_idle_ns: 440795301461 ns
[    0.108001] calibrate: Calibrating delay loop (skipped), value calculated using timer frequency.. 4788.56 BogoMIPS (lpj=9577132)
[    0.112001] pid: pid_max: default: 32768 minimum: 301
[    0.116061] security: Security Framework initialized
[    0.120001] yama: Yama: becoming mindful.
[    0.124032] AppArmor: AppArmor initialized
[    0.141024] page_alloc: Dentry cache hash table entries: 8388608 (order: 14, 67108864 bytes)
[    0.152097] page_alloc: Inode-cache hash table entries: 4194304 (order: 13, 33554432 bytes)
[    0.156200] page_alloc: Mount-cache hash table entries: 131072 (order: 8, 1048576 bytes)
[    0.160177] page_alloc: Mountpoint-cache hash table entries: 131072 (order: 8, 1048576 bytes)
[    0.164290] topology: CPU: Physical Processor ID: 0
[    0.168001] topology: CPU: Processor Core ID: 0
[    0.172005] intel: ENERGY_PERF_BIAS: Set to 'normal', was 'performance'
[    0.176000] intel: ENERGY_PERF_BIAS: View and update with x86_energy_perf_policy(8)
[    0.180004] mce: CPU supports 22 MCE banks
[    0.184015] therm_throt: CPU0: Thermal monitoring enabled (TM1)
[    0.188019] process: using mwait in idle threads
[    0.192002] common: Last level iTLB entries: 4KB 1024, 2MB 1024, 4MB 1024
[    0.196000] common: Last level dTLB entries: 4KB 1024, 2MB 1024, 4MB 1024, 1GB 4
[    0.200002] Spectre V2 : Vulnerable: Minimal generic ASM retpoline
[    0.204002] Speculative Store Bypass: Vulnerable
[    0.208131] page_alloc: Freeing SMP alternatives memory: 40K
[    0.213379] TSC deadline timer enabled
[    0.213384] smpboot: CPU0: Intel(R) Xeon(R) CPU E5-2630 v3 @ 2.40GHz (family: 0x6, model: 0x3f, stepping: 0x2)
[    0.216126] core: Performance Events: PEBS fmt2+, Haswell events, 16-deep LBR, full-width counters, Intel PMU driver.
[    0.220005] core: ... version:                3
[    0.224001] core: ... bit width:              48
[    0.228000] core: ... generic registers:      4
[    0.232001] core: ... value mask:             0000ffffffffffff
[    0.236000] core: ... max period:             00007fffffffffff
[    0.240000] core: ... fixed-purpose events:   3
[    0.244000] core: ... event mask:             000000070000000f
[    0.248053] srcutree: Hierarchical SRCU implementation.
[    0.255548] watchdog_hld: Enabled. Permanently consumes one hw-PMU counter.
[    0.256019] smp: Bringing up secondary CPUs ...
[    0.260178] x86: Booting SMP configuration:
[    0.264003] .... node  #0, CPUs:        #1  #2  #3  #4  #5  #6  #7
[    0.272004] .... node  #1, CPUs:    #8  #9 #10 #11 #12 #13 #14 #15
[    0.368001] .... node  #0, CPUs:   #16 #17 #18 #19 #20 #21 #22 #23
[    0.380004] .... node  #1, CPUs:   #24 #25 #26 #27 #28 #29 #30 #31
[    0.389119] smp: Brought up 2 nodes, 32 CPUs
[    0.396001] smpboot: Max logical packages: 2
[    0.400002] smpboot: Total of 32 processors activated (153258.71 BogoMIPS)
[    0.412709] devtmpfs: initialized
[    0.416071] init_64: x86/mm: Memory block size: 2048MB
[    0.420671] evm: security.selinux
[    0.424004] evm: security.SMACK64
[    0.427700] evm: security.apparmor
[    0.428001] evm: security.ima
[    0.431308] evm: security.capability
[    0.432058] acpi: PM: Registering ACPI NVS region [mem 0x6f9e1000-0x6ff3bfff] (5615616 bytes)
[    0.436228] clocksource: jiffies: mask: 0xffffffff max_cycles: 0xffffffff, max_idle_ns: 7645041785100000 ns
[    0.440043] page_alloc: futex hash table entries: 8192 (order: 7, 524288 bytes)
[    0.444261] xor: automatically using best checksumming function   avx       
[    0.448029] core: initialized pinctrl subsystem
[    0.452115] trace: RTC time:  5:05:32, date: 12/06/18
[    0.456673] socket: NET: Registered protocol family 16
[    0.460102] audit: initializing netlink subsys (disabled)
[    0.464019] audit: type=2000 audit(1544072730.464:1): state=initialized audit_enabled=0 res=1
[    0.472003] cpuidle: using governor ladder
[    0.476013] cpuidle: using governor menu
[    0.480055] random: random: get_random_bytes called from kcmp_cookies_init+0x16/0x38 with crng_init=0
[    0.484003] pci_acpi: ACPI FADT declares the system doesn't support PCIe ASPM, so disable it
[    0.488002] ACPI: bus type PCI registered
[    0.492001] acpiphp: ACPI Hot Plug PCI Controller Driver version: 0.5
[    0.496109] mmconfig_shared: PCI: MMCONFIG for domain 0000 [bus 00-ff] at [mem 0x80000000-0x8fffffff] (base 0x80000000)
[    0.500004] mmconfig_shared: PCI: MMCONFIG at [mem 0x80000000-0x8fffffff] reserved in E820
[    0.504018] PCI: Using configuration type 1 for base access
[    0.508037] core: PMU erratum BJ122, BV98, HSD29 worked around, HT is on
[    0.513711] hugetlb: HugeTLB registered 1.00 GiB page size, pre-allocated 0 pages
[    0.516004] hugetlb: HugeTLB registered 2.00 MiB page size, pre-allocated 0 pages
[    0.588007] raid6_pq: raid6: sse2x1   gen()  7686 MB/s
[    0.660003] raid6_pq: raid6: sse2x1   xor()  6084 MB/s
[    0.732005] raid6_pq: raid6: sse2x2   gen()  9736 MB/s
[    0.804003] raid6_pq: raid6: sse2x2   xor()  6694 MB/s
[    0.876002] raid6_pq: raid6: sse2x4   gen() 11376 MB/s
[    0.948004] raid6_pq: raid6: sse2x4   xor()  7992 MB/s
[    1.020004] raid6_pq: raid6: avx2x1   gen() 14584 MB/s
[    1.092003] raid6_pq: raid6: avx2x1   xor() 11564 MB/s
[    1.164004] raid6_pq: raid6: avx2x2   gen() 17560 MB/s
[    1.236002] raid6_pq: raid6: avx2x2   xor() 12407 MB/s
[    1.308004] raid6_pq: raid6: avx2x4   gen() 20507 MB/s
[    1.380001] raid6_pq: raid6: avx2x4   xor() 14371 MB/s
[    1.384001] raid6_pq: raid6: using algorithm avx2x4 gen() 20507 MB/s
[    1.388001] raid6_pq: raid6: .... xor() 14371 MB/s, rmw enabled
[    1.392001] raid6_pq: raid6: using avx2x2 recovery algorithm
[    1.396158] acpi: Added _OSI(Module Device)
[    1.400002] acpi: Added _OSI(Processor Device)
[    1.404001] acpi: Added _OSI(3.0 _SCP Extensions)
[    1.408001] acpi: Added _OSI(Processor Aggregator Device)
[    1.412001] acpi: Added _OSI(Linux-Dell-Video)
[    1.451727] ACPI: 4 ACPI AML tables successfully acquired and loaded
[    1.456701] acpi: [Firmware Bug]: BIOS _OSI(Linux) query ignored
[    1.468813] ACPI: Dynamic OEM Table Load:
[    1.493446] ACPI: Interpreter enabled
[    1.496013] acpi: ACPI: (supports S0 S5)
[    1.500002] ACPI: Using IOAPIC for interrupt routing
[    1.504045] apei: HEST: Table parsing has been initialized.
[    1.508003] PCI: Using host bridge windows from ACPI; if necessary, use "pci=nocrs" and report a bug
[    1.512456] ACPI: Enabled 5 GPEs in block 00 to 3F
[    1.549874] acpi: ACPI: PCI Root Bridge [UNC1] (domain 0000 [bus ff])
[    1.556005] acpi PNP0A03:02: _OSC: OS supports [ExtendedConfig ASPM ClockPM Segments MSI]
[    1.566247] acpi PNP0A03:02: _OSC: OS now controls [PCIeHotplug PME AER PCIeCapability]
[    1.576002] acpi PNP0A03:02: FADT indicates ASPM is unsupported, using BIOS configuration
[    1.584042] probe: PCI host bridge to bus 0000:ff
[    1.588002] pci_bus 0000:ff: root bus resource [bus ff]
[    1.596011] pci 0000:ff:08.0: [8086:2f80] type 00 class 0x088000
[    1.596067] pci 0000:ff:08.2: [8086:2f32] type 00 class 0x110100
[    1.596112] pci 0000:ff:08.3: [8086:2f83] type 00 class 0x088000
[    1.596163] pci 0000:ff:09.0: [8086:2f90] type 00 class 0x088000
[    1.596210] pci 0000:ff:09.2: [8086:2f33] type 00 class 0x110100
[    1.596251] pci 0000:ff:09.3: [8086:2f93] type 00 class 0x088000
[    1.596298] pci 0000:ff:0b.0: [8086:2f81] type 00 class 0x088000
[    1.596337] pci 0000:ff:0b.1: [8086:2f36] type 00 class 0x110100
[    1.596380] pci 0000:ff:0b.2: [8086:2f37] type 00 class 0x110100
[    1.596421] pci 0000:ff:0c.0: [8086:2fe0] type 00 class 0x088000
[    1.596460] pci 0000:ff:0c.1: [8086:2fe1] type 00 class 0x088000
[    1.596501] pci 0000:ff:0c.2: [8086:2fe2] type 00 class 0x088000
[    1.596540] pci 0000:ff:0c.3: [8086:2fe3] type 00 class 0x088000
[    1.596582] pci 0000:ff:0c.4: [8086:2fe4] type 00 class 0x088000
[    1.596622] pci 0000:ff:0c.5: [8086:2fe5] type 00 class 0x088000
[    1.596660] pci 0000:ff:0c.6: [8086:2fe6] type 00 class 0x088000
[    1.596701] pci 0000:ff:0c.7: [8086:2fe7] type 00 class 0x088000
[    1.596741] pci 0000:ff:0f.0: [8086:2ff8] type 00 class 0x088000
[    1.596780] pci 0000:ff:0f.1: [8086:2ff9] type 00 class 0x088000
[    1.596822] pci 0000:ff:0f.4: [8086:2ffc] type 00 class 0x088000
[    1.596861] pci 0000:ff:0f.5: [8086:2ffd] type 00 class 0x088000
[    1.596905] pci 0000:ff:0f.6: [8086:2ffe] type 00 class 0x088000
[    1.596945] pci 0000:ff:10.0: [8086:2f1d] type 00 class 0x088000
[    1.596986] pci 0000:ff:10.1: [8086:2f34] type 00 class 0x110100
[    1.597030] pci 0000:ff:10.5: [8086:2f1e] type 00 class 0x088000
[    1.597070] pci 0000:ff:10.6: [8086:2f7d] type 00 class 0x110100
[    1.597108] pci 0000:ff:10.7: [8086:2f1f] type 00 class 0x088000
[    1.597149] pci 0000:ff:12.0: [8086:2fa0] type 00 class 0x088000
[    1.597192] pci 0000:ff:12.1: [8086:2f30] type 00 class 0x110100
[    1.597239] pci 0000:ff:13.0: [8086:2fa8] type 00 class 0x088000
[    1.597284] pci 0000:ff:13.1: [8086:2f71] type 00 class 0x088000
[    1.597329] pci 0000:ff:13.2: [8086:2faa] type 00 class 0x088000
[    1.597375] pci 0000:ff:13.3: [8086:2fab] type 00 class 0x088000
[    1.597423] pci 0000:ff:13.4: [8086:2fac] type 00 class 0x088000
[    1.597469] pci 0000:ff:13.5: [8086:2fad] type 00 class 0x088000
[    1.597515] pci 0000:ff:13.6: [8086:2fae] type 00 class 0x088000
[    1.597558] pci 0000:ff:13.7: [8086:2faf] type 00 class 0x088000
[    1.597601] pci 0000:ff:14.0: [8086:2fb0] type 00 class 0x088000
[    1.597649] pci 0000:ff:14.1: [8086:2fb1] type 00 class 0x088000
[    1.597695] pci 0000:ff:14.2: [8086:2fb2] type 00 class 0x088000
[    1.597741] pci 0000:ff:14.3: [8086:2fb3] type 00 class 0x088000
[    1.597787] pci 0000:ff:14.4: [8086:2fbc] type 00 class 0x088000
[    1.597829] pci 0000:ff:14.5: [8086:2fbd] type 00 class 0x088000
[    1.597874] pci 0000:ff:14.6: [8086:2fbe] type 00 class 0x088000
[    1.597917] pci 0000:ff:14.7: [8086:2fbf] type 00 class 0x088000
[    1.597960] pci 0000:ff:15.0: [8086:2fb4] type 00 class 0x088000
[    1.598006] pci 0000:ff:15.1: [8086:2fb5] type 00 class 0x088000
[    1.598052] pci 0000:ff:15.2: [8086:2fb6] type 00 class 0x088000
[    1.598104] pci 0000:ff:15.3: [8086:2fb7] type 00 class 0x088000
[    1.598154] pci 0000:ff:16.0: [8086:2f68] type 00 class 0x088000
[    1.598201] pci 0000:ff:16.6: [8086:2f6e] type 00 class 0x088000
[    1.598244] pci 0000:ff:16.7: [8086:2f6f] type 00 class 0x088000
[    1.598287] pci 0000:ff:17.0: [8086:2fd0] type 00 class 0x088000
[    1.598337] pci 0000:ff:17.4: [8086:2fb8] type 00 class 0x088000
[    1.598383] pci 0000:ff:17.5: [8086:2fb9] type 00 class 0x088000
[    1.598427] pci 0000:ff:17.6: [8086:2fba] type 00 class 0x088000
[    1.598472] pci 0000:ff:17.7: [8086:2fbb] type 00 class 0x088000
[    1.598520] pci 0000:ff:1e.0: [8086:2f98] type 00 class 0x088000
[    1.598564] pci 0000:ff:1e.1: [8086:2f99] type 00 class 0x088000
[    1.598606] pci 0000:ff:1e.2: [8086:2f9a] type 00 class 0x088000
[    1.598647] pci 0000:ff:1e.3: [8086:2fc0] type 00 class 0x088000
[    1.598678] pci 0000:ff:1e.4: [8086:2f9c] type 00 class 0x088000
[    1.598723] pci 0000:ff:1f.0: [8086:2f88] type 00 class 0x088000
[    1.598777] pci 0000:ff:1f.2: [8086:2f8a] type 00 class 0x088000
[    1.598877] acpi: ACPI: PCI Root Bridge [UNC0] (domain 0000 [bus 7f])
[    1.604003] acpi PNP0A03:03: _OSC: OS supports [ExtendedConfig ASPM ClockPM Segments MSI]
[    1.616768] acpi PNP0A03:03: _OSC: OS now controls [PCIeHotplug PME AER PCIeCapability]
[    1.624002] acpi PNP0A03:03: FADT indicates ASPM is unsupported, using BIOS configuration
[    1.632036] probe: PCI host bridge to bus 0000:7f
[    1.640002] pci_bus 0000:7f: root bus resource [bus 7f]
[    1.644008] pci 0000:7f:08.0: [8086:2f80] type 00 class 0x088000
[    1.644053] pci 0000:7f:08.2: [8086:2f32] type 00 class 0x110100
[    1.644094] pci 0000:7f:08.3: [8086:2f83] type 00 class 0x088000
[    1.644140] pci 0000:7f:09.0: [8086:2f90] type 00 class 0x088000
[    1.644179] pci 0000:7f:09.2: [8086:2f33] type 00 class 0x110100
[    1.644218] pci 0000:7f:09.3: [8086:2f93] type 00 class 0x088000
[    1.644262] pci 0000:7f:0b.0: [8086:2f81] type 00 class 0x088000
[    1.644298] pci 0000:7f:0b.1: [8086:2f36] type 00 class 0x110100
[    1.644337] pci 0000:7f:0b.2: [8086:2f37] type 00 class 0x110100
[    1.644374] pci 0000:7f:0c.0: [8086:2fe0] type 00 class 0x088000
[    1.644409] pci 0000:7f:0c.1: [8086:2fe1] type 00 class 0x088000
[    1.644444] pci 0000:7f:0c.2: [8086:2fe2] type 00 class 0x088000
[    1.644479] pci 0000:7f:0c.3: [8086:2fe3] type 00 class 0x088000
[    1.644517] pci 0000:7f:0c.4: [8086:2fe4] type 00 class 0x088000
[    1.644553] pci 0000:7f:0c.5: [8086:2fe5] type 00 class 0x088000
[    1.644589] pci 0000:7f:0c.6: [8086:2fe6] type 00 class 0x088000
[    1.644626] pci 0000:7f:0c.7: [8086:2fe7] type 00 class 0x088000
[    1.644664] pci 0000:7f:0f.0: [8086:2ff8] type 00 class 0x088000
[    1.644702] pci 0000:7f:0f.1: [8086:2ff9] type 00 class 0x088000
[    1.644740] pci 0000:7f:0f.4: [8086:2ffc] type 00 class 0x088000
[    1.644776] pci 0000:7f:0f.5: [8086:2ffd] type 00 class 0x088000
[    1.644812] pci 0000:7f:0f.6: [8086:2ffe] type 00 class 0x088000
[    1.644849] pci 0000:7f:10.0: [8086:2f1d] type 00 class 0x088000
[    1.644887] pci 0000:7f:10.1: [8086:2f34] type 00 class 0x110100
[    1.644926] pci 0000:7f:10.5: [8086:2f1e] type 00 class 0x088000
[    1.644963] pci 0000:7f:10.6: [8086:2f7d] type 00 class 0x110100
[    1.644999] pci 0000:7f:10.7: [8086:2f1f] type 00 class 0x088000
[    1.645034] pci 0000:7f:12.0: [8086:2fa0] type 00 class 0x088000
[    1.645074] pci 0000:7f:12.1: [8086:2f30] type 00 class 0x110100
[    1.645117] pci 0000:7f:13.0: [8086:2fa8] type 00 class 0x088000
[    1.645158] pci 0000:7f:13.1: [8086:2f71] type 00 class 0x088000
[    1.645200] pci 0000:7f:13.2: [8086:2faa] type 00 class 0x088000
[    1.645243] pci 0000:7f:13.3: [8086:2fab] type 00 class 0x088000
[    1.645288] pci 0000:7f:13.4: [8086:2fac] type 00 class 0x088000
[    1.645329] pci 0000:7f:13.5: [8086:2fad] type 00 class 0x088000
[    1.645370] pci 0000:7f:13.6: [8086:2fae] type 00 class 0x088000
[    1.645410] pci 0000:7f:13.7: [8086:2faf] type 00 class 0x088000
[    1.645453] pci 0000:7f:14.0: [8086:2fb0] type 00 class 0x088000
[    1.645504] pci 0000:7f:14.1: [8086:2fb1] type 00 class 0x088000
[    1.645545] pci 0000:7f:14.2: [8086:2fb2] type 00 class 0x088000
[    1.645589] pci 0000:7f:14.3: [8086:2fb3] type 00 class 0x088000
[    1.645631] pci 0000:7f:14.4: [8086:2fbc] type 00 class 0x088000
[    1.645670] pci 0000:7f:14.5: [8086:2fbd] type 00 class 0x088000
[    1.645712] pci 0000:7f:14.6: [8086:2fbe] type 00 class 0x088000
[    1.645751] pci 0000:7f:14.7: [8086:2fbf] type 00 class 0x088000
[    1.645790] pci 0000:7f:15.0: [8086:2fb4] type 00 class 0x088000
[    1.645832] pci 0000:7f:15.1: [8086:2fb5] type 00 class 0x088000
[    1.645875] pci 0000:7f:15.2: [8086:2fb6] type 00 class 0x088000
[    1.645923] pci 0000:7f:15.3: [8086:2fb7] type 00 class 0x088000
[    1.645969] pci 0000:7f:16.0: [8086:2f68] type 00 class 0x088000
[    1.646012] pci 0000:7f:16.6: [8086:2f6e] type 00 class 0x088000
[    1.646051] pci 0000:7f:16.7: [8086:2f6f] type 00 class 0x088000
[    1.646091] pci 0000:7f:17.0: [8086:2fd0] type 00 class 0x088000
[    1.646135] pci 0000:7f:17.4: [8086:2fb8] type 00 class 0x088000
[    1.646175] pci 0000:7f:17.5: [8086:2fb9] type 00 class 0x088000
[    1.646215] pci 0000:7f:17.6: [8086:2fba] type 00 class 0x088000
[    1.646256] pci 0000:7f:17.7: [8086:2fbb] type 00 class 0x088000
[    1.646303] pci 0000:7f:1e.0: [8086:2f98] type 00 class 0x088000
[    1.646344] pci 0000:7f:1e.1: [8086:2f99] type 00 class 0x088000
[    1.646383] pci 0000:7f:1e.2: [8086:2f9a] type 00 class 0x088000
[    1.646421] pci 0000:7f:1e.3: [8086:2fc0] type 00 class 0x088000
[    1.646450] pci 0000:7f:1e.4: [8086:2f9c] type 00 class 0x088000
[    1.646492] pci 0000:7f:1f.0: [8086:2f88] type 00 class 0x088000
[    1.646533] pci 0000:7f:1f.2: [8086:2f8a] type 00 class 0x088000
[    1.654586] acpi: ACPI: PCI Root Bridge [PCI0] (domain 0000 [bus 00-7e])
[    1.664004] acpi PNP0A08:00: _OSC: OS supports [ExtendedConfig ASPM ClockPM Segments MSI]
[    1.672552] acpi PNP0A08:00: _OSC: OS now controls [PCIeHotplug PME AER PCIeCapability]
[    1.680001] acpi PNP0A08:00: FADT indicates ASPM is unsupported, using BIOS configuration
[    1.692296] probe: PCI host bridge to bus 0000:00
[    1.696003] pci_bus 0000:00: root bus resource [io  0x0000-0x0cf7 window]
[    1.704001] pci_bus 0000:00: root bus resource [io  0x1000-0x7fff window]
[    1.712002] pci_bus 0000:00: root bus resource [mem 0x000a0000-0x000bffff window]
[    1.720001] pci_bus 0000:00: root bus resource [mem 0x90000000-0xc7ffbfff window]
[    1.728001] pci_bus 0000:00: root bus resource [mem 0x38000000000-0x3bfffffffff window]
[    1.736001] pci_bus 0000:00: root bus resource [bus 00-7e]
[    1.744007] pci 0000:00:00.0: [8086:2f00] type 00 class 0x060000
[    1.744144] pci 0000:00:01.0: [8086:2f02] type 01 class 0x060400
[    1.744190] pci 0000:00:01.0: PME# supported from D0 D3hot D3cold
[    1.744291] pci 0000:00:01.1: [8086:2f03] type 01 class 0x060400
[    1.744335] pci 0000:00:01.1: PME# supported from D0 D3hot D3cold
[    1.744436] pci 0000:00:02.0: [8086:2f04] type 01 class 0x060400
[    1.744479] pci 0000:00:02.0: PME# supported from D0 D3hot D3cold
[    1.744579] pci 0000:00:02.2: [8086:2f06] type 01 class 0x060400
[    1.744622] pci 0000:00:02.2: PME# supported from D0 D3hot D3cold
[    1.744722] pci 0000:00:03.0: [8086:2f08] type 01 class 0x060400
[    1.744766] pci 0000:00:03.0: PME# supported from D0 D3hot D3cold
[    1.744866] pci 0000:00:05.0: [8086:2f28] type 00 class 0x088000
[    1.744981] pci 0000:00:05.1: [8086:2f29] type 00 class 0x088000
[    1.745110] pci 0000:00:05.2: [8086:2f2a] type 00 class 0x088000
[    1.745222] pci 0000:00:05.4: [8086:2f2c] type 00 class 0x080020
[    1.745230] pci 0000:00:05.4: reg 0x10: [mem 0xc7105000-0xc7105fff]
[    1.745358] pci 0000:00:11.0: [8086:8d7c] type 00 class 0xff0000
[    1.745551] pci 0000:00:11.4: [8086:8d62] type 00 class 0x010601
[    1.745568] pci 0000:00:11.4: reg 0x10: [io  0x7110-0x7117]
[    1.745576] pci 0000:00:11.4: reg 0x14: [io  0x7100-0x7103]
[    1.745583] pci 0000:00:11.4: reg 0x18: [io  0x70f0-0x70f7]
[    1.745590] pci 0000:00:11.4: reg 0x1c: [io  0x70e0-0x70e3]
[    1.745597] pci 0000:00:11.4: reg 0x20: [io  0x7020-0x703f]
[    1.745605] pci 0000:00:11.4: reg 0x24: [mem 0xc7104000-0xc71047ff]
[    1.745643] pci 0000:00:11.4: PME# supported from D3hot
[    1.745747] pci 0000:00:16.0: [8086:8d3a] type 00 class 0x078000
[    1.745766] pci 0000:00:16.0: reg 0x10: [mem 0x3bffff13000-0x3bffff1300f 64bit]
[    1.745822] pci 0000:00:16.0: PME# supported from D0 D3hot D3cold
[    1.745913] pci 0000:00:16.1: [8086:8d3b] type 00 class 0x078000
[    1.745932] pci 0000:00:16.1: reg 0x10: [mem 0x3bffff12000-0x3bffff1200f 64bit]
[    1.745987] pci 0000:00:16.1: PME# supported from D0 D3hot D3cold
[    1.746091] pci 0000:00:1a.0: [8086:8d2d] type 00 class 0x0c0320
[    1.746110] pci 0000:00:1a.0: reg 0x10: [mem 0xc7102000-0xc71023ff]
[    1.746187] pci 0000:00:1a.0: PME# supported from D0 D3hot D3cold
[    1.746287] pci 0000:00:1c.0: [8086:8d10] type 01 class 0x060400
[    1.746353] pci 0000:00:1c.0: PME# supported from D0 D3hot D3cold
[    1.746459] pci 0000:00:1c.3: [8086:8d16] type 01 class 0x060400
[    1.746526] pci 0000:00:1c.3: PME# supported from D0 D3hot D3cold
[    1.746632] pci 0000:00:1d.0: [8086:8d26] type 00 class 0x0c0320
[    1.746652] pci 0000:00:1d.0: reg 0x10: [mem 0xc7101000-0xc71013ff]
[    1.746728] pci 0000:00:1d.0: PME# supported from D0 D3hot D3cold
[    1.746826] pci 0000:00:1f.0: [8086:8d44] type 00 class 0x060100
[    1.747015] pci 0000:00:1f.2: [8086:8d02] type 00 class 0x010601
[    1.747029] pci 0000:00:1f.2: reg 0x10: [io  0x7070-0x7077]
[    1.747035] pci 0000:00:1f.2: reg 0x14: [io  0x7060-0x7063]
[    1.747042] pci 0000:00:1f.2: reg 0x18: [io  0x7050-0x7057]
[    1.747048] pci 0000:00:1f.2: reg 0x1c: [io  0x7040-0x7043]
[    1.747054] pci 0000:00:1f.2: reg 0x20: [io  0x7000-0x701f]
[    1.747060] pci 0000:00:1f.2: reg 0x24: [mem 0xc7100000-0xc71007ff]
[    1.747092] pci 0000:00:1f.2: PME# supported from D3hot
[    1.747325] acpiphp: Slot [0] registered
[    1.752035] pci 0000:01:00.0: [8086:1521] type 00 class 0x020000
[    1.752053] pci 0000:01:00.0: reg 0x10: [mem 0xc6a00000-0xc6afffff]
[    1.752065] pci 0000:01:00.0: reg 0x18: [io  0x6020-0x603f]
[    1.752071] pci 0000:01:00.0: reg 0x1c: [mem 0xc6c04000-0xc6c07fff]
[    1.752088] pci 0000:01:00.0: reg 0x30: [mem 0xc6b80000-0xc6bfffff pref]
[    1.752143] pci 0000:01:00.0: PME# supported from D0 D3hot D3cold
[    1.752166] pci 0000:01:00.0: reg 0x184: [mem 0x3bfffe60000-0x3bfffe63fff 64bit pref]
[    1.752168] pci 0000:01:00.0: VF(n) BAR0 space: [mem 0x3bfffe60000-0x3bfffe7ffff 64bit pref] (contains BAR0 for 8 VFs)
[    1.764013] pci 0000:01:00.0: reg 0x190: [mem 0x3bfffe40000-0x3bfffe43fff 64bit pref]
[    1.764014] pci 0000:01:00.0: VF(n) BAR3 space: [mem 0x3bfffe40000-0x3bfffe5ffff 64bit pref] (contains BAR3 for 8 VFs)
[    1.776089] pci 0000:01:00.1: [8086:1521] type 00 class 0x020000
[    1.776106] pci 0000:01:00.1: reg 0x10: [mem 0xc6900000-0xc69fffff]
[    1.776117] pci 0000:01:00.1: reg 0x18: [io  0x6000-0x601f]
[    1.776123] pci 0000:01:00.1: reg 0x1c: [mem 0xc6c00000-0xc6c03fff]
[    1.776140] pci 0000:01:00.1: reg 0x30: [mem 0xc6b00000-0xc6b7ffff pref]
[    1.776193] pci 0000:01:00.1: PME# supported from D0 D3hot D3cold
[    1.776213] pci 0000:01:00.1: reg 0x184: [mem 0x3bfffe20000-0x3bfffe23fff 64bit pref]
[    1.776214] pci 0000:01:00.1: VF(n) BAR0 space: [mem 0x3bfffe20000-0x3bfffe3ffff 64bit pref] (contains BAR0 for 8 VFs)
[    1.788013] pci 0000:01:00.1: reg 0x190: [mem 0x3bfffe00000-0x3bfffe03fff 64bit pref]
[    1.788014] pci 0000:01:00.1: VF(n) BAR3 space: [mem 0x3bfffe00000-0x3bfffe1ffff 64bit pref] (contains BAR3 for 8 VFs)
[    1.800082] pci 0000:00:01.0: PCI bridge to [bus 01-02]
[    1.804002] pci 0000:00:01.0:   bridge window [io  0x6000-0x6fff]
[    1.804004] pci 0000:00:01.0:   bridge window [mem 0xc6900000-0xc6cfffff]
[    1.804007] pci 0000:00:01.0:   bridge window [mem 0x3bfffe00000-0x3bfffefffff 64bit pref]
[    1.804149] pci 0000:00:01.1: PCI bridge to [bus 03]
[    1.812143] pci 0000:00:02.0: PCI bridge to [bus 04]
[    1.816147] pci 0000:05:00.0: [1000:005d] type 00 class 0x010400
[    1.816158] pci 0000:05:00.0: reg 0x10: [io  0x5000-0x50ff]
[    1.816165] pci 0000:05:00.0: reg 0x14: [mem 0xc6f00000-0xc6f0ffff 64bit]
[    1.816171] pci 0000:05:00.0: reg 0x1c: [mem 0xc6e00000-0xc6efffff 64bit]
[    1.816179] pci 0000:05:00.0: reg 0x30: [mem 0xc6d00000-0xc6dfffff pref]
[    1.816183] pci 0000:05:00.0: enabling Extended Tags
[    1.820041] pci 0000:05:00.0: supports D1 D2
[    1.820103] pci 0000:00:02.2: PCI bridge to [bus 05]
[    1.828004] pci 0000:00:02.2:   bridge window [io  0x5000-0x5fff]
[    1.828005] pci 0000:00:02.2:   bridge window [mem 0xc6d00000-0xc6ffffff]
[    1.828172] pci 0000:06:00.0: [8086:10fb] type 00 class 0x020000
[    1.828184] pci 0000:06:00.0: reg 0x10: [mem 0xc7900000-0xc79fffff pref]
[    1.828194] pci 0000:06:00.0: reg 0x18: [io  0x4020-0x403f]
[    1.828199] pci 0000:06:00.0: reg 0x1c: [mem 0xc7e04000-0xc7e07fff pref]
[    1.828212] pci 0000:06:00.0: reg 0x30: [mem 0xc7080000-0xc70fffff pref]
[    1.828249] pci 0000:06:00.0: PME# supported from D0 D3hot
[    1.828266] pci 0000:06:00.0: reg 0x184: [mem 0xc7d00000-0xc7d03fff 64bit pref]
[    1.828267] pci 0000:06:00.0: VF(n) BAR0 space: [mem 0xc7d00000-0xc7dfffff 64bit pref] (contains BAR0 for 64 VFs)
[    1.840010] pci 0000:06:00.0: reg 0x190: [mem 0xc7c00000-0xc7c03fff 64bit pref]
[    1.840011] pci 0000:06:00.0: VF(n) BAR3 space: [mem 0xc7c00000-0xc7cfffff 64bit pref] (contains BAR3 for 64 VFs)
[    1.852134] pci 0000:06:00.1: [8086:10fb] type 00 class 0x020000
[    1.852146] pci 0000:06:00.1: reg 0x10: [mem 0xc7800000-0xc78fffff pref]
[    1.852155] pci 0000:06:00.1: reg 0x18: [io  0x4000-0x401f]
[    1.852160] pci 0000:06:00.1: reg 0x1c: [mem 0xc7e00000-0xc7e03fff pref]
[    1.852173] pci 0000:06:00.1: reg 0x30: [mem 0xc7000000-0xc707ffff pref]
[    1.852210] pci 0000:06:00.1: PME# supported from D0 D3hot
[    1.852224] pci 0000:06:00.1: reg 0x184: [mem 0xc7b00000-0xc7b03fff 64bit pref]
[    1.852225] pci 0000:06:00.1: VF(n) BAR0 space: [mem 0xc7b00000-0xc7bfffff 64bit pref] (contains BAR0 for 64 VFs)
[    1.864010] pci 0000:06:00.1: reg 0x190: [mem 0xc7a00000-0xc7a03fff 64bit pref]
[    1.864011] pci 0000:06:00.1: VF(n) BAR3 space: [mem 0xc7a00000-0xc7afffff 64bit pref] (contains BAR3 for 64 VFs)
[    1.872138] pci 0000:00:03.0: PCI bridge to [bus 06-07]
[    1.880003] pci 0000:00:03.0:   bridge window [io  0x4000-0x4fff]
[    1.880004] pci 0000:00:03.0:   bridge window [mem 0xc7000000-0xc70fffff]
[    1.880007] pci 0000:00:03.0:   bridge window [mem 0xc7800000-0xc7efffff 64bit pref]
[    1.880044] pci 0000:00:1c.0: PCI bridge to [bus 08]
[    1.884067] pci 0000:09:00.0: [102b:0522] type 00 class 0x030000
[    1.884099] pci 0000:09:00.0: reg 0x10: [mem 0xc5000000-0xc5ffffff]
[    1.884112] pci 0000:09:00.0: reg 0x14: [mem 0xc6810000-0xc6813fff]
[    1.884126] pci 0000:09:00.0: reg 0x18: [mem 0xc6000000-0xc67fffff]
[    1.884178] pci 0000:09:00.0: reg 0x30: [mem 0xc6800000-0xc680ffff pref]
[    1.884316] pci 0000:00:1c.3: PCI bridge to [bus 09]
[    1.892005] pci 0000:00:1c.3:   bridge window [mem 0xc5000000-0xc68fffff]
[    1.892034] pci_bus 0000:00: on NUMA node 0
[    1.892595] acpi: ACPI: PCI Root Bridge [PCI1] (domain 0000 [bus 80-fe])
[    1.900004] acpi PNP0A08:01: _OSC: OS supports [ExtendedConfig ASPM ClockPM Segments MSI]
[    1.908546] acpi PNP0A08:01: _OSC: OS now controls [PCIeHotplug PME AER PCIeCapability]
[    1.916002] acpi PNP0A08:01: FADT indicates ASPM is unsupported, using BIOS configuration
[    1.928166] probe: PCI host bridge to bus 0000:80
[    1.932002] pci_bus 0000:80: root bus resource [io  0x8000-0xffff window]
[    1.940001] pci_bus 0000:80: root bus resource [mem 0xc8000000-0xfbffbfff window]
[    1.948001] pci_bus 0000:80: root bus resource [mem 0x3c000000000-0x3ffffffffff window]
[    1.956001] pci_bus 0000:80: root bus resource [bus 80-fe]
[    1.964009] pci 0000:80:02.0: [8086:2f04] type 01 class 0x060400
[    1.964064] pci 0000:80:02.0: PME# supported from D0 D3hot D3cold
[    1.964139] pci 0000:80:05.0: [8086:2f28] type 00 class 0x088000
[    1.964231] pci 0000:80:05.1: [8086:2f29] type 00 class 0x088000
[    1.964335] pci 0000:80:05.2: [8086:2f2a] type 00 class 0x088000
[    1.964425] pci 0000:80:05.4: [8086:2f2c] type 00 class 0x080020
[    1.964434] pci 0000:80:05.4: reg 0x10: [mem 0xfbf00000-0xfbf00fff]
[    1.964679] pci 0000:80:02.0: PCI bridge to [bus 81]
[    1.968011] pci_bus 0000:80: on NUMA node 1
[    1.968350] ACPI: PCI Interrupt Link [LNKA] (IRQs 3 4 5 6 7 10 *11 12 14 15)
[    1.976043] ACPI: PCI Interrupt Link [LNKB] (IRQs 3 4 5 6 7 *10 11 12 14 15)
[    1.984041] ACPI: PCI Interrupt Link [LNKC] (IRQs 3 4 5 6 10 *11 12 14 15)
[    1.992040] ACPI: PCI Interrupt Link [LNKD] (IRQs 3 4 *5 6 10 11 12 14 15)
[    2.000040] ACPI: PCI Interrupt Link [LNKE] (IRQs 3 4 5 6 7 10 11 12 14 15) *0, disabled.
[    2.012040] ACPI: PCI Interrupt Link [LNKF] (IRQs 3 4 5 6 7 10 11 12 14 15) *0, disabled.
[    2.020040] ACPI: PCI Interrupt Link [LNKG] (IRQs 3 4 5 6 7 10 11 12 14 15) *0, disabled.
[    2.028040] ACPI: PCI Interrupt Link [LNKH] (IRQs 3 4 5 6 7 10 11 12 14 15) *0, disabled.
[    2.036258] pci 0000:09:00.0: vgaarb: setting as boot VGA device
[    2.040000] pci 0000:09:00.0: vgaarb: VGA device added: decodes=io+mem,owns=io+mem,locks=none
[    2.056003] pci 0000:09:00.0: vgaarb: bridge control possible
[    2.060001] vgaarb: loaded
[    2.063152] SCSI subsystem initialized
[    2.068049] libata version 3.00 loaded.
[    2.068049] ACPI: bus type USB registered
[    2.072016] usbcore: usbcore: registered new interface driver usbfs
[    2.080007] usbcore: usbcore: registered new interface driver hub
[    2.088074] usbcore: usbcore: registered new device driver usb
[    2.092016] pps_core: LinuxPPS API ver. 1 registered
[    2.100001] pps_core: Software ver. 5.3.6 - Copyright 2005-2007 Rodolfo Giometti <giometti@linux.it>
[    2.108002] ptp: PTP clock support registered
[    2.112061] EDAC MC: Ver: 3.0.0
[    2.116034] PCI: Using ACPI for IRQ routing
[    2.124210] PCI: pci_cache_line_size set to 64 bytes
[    2.124357] e820: reserve RAM buffer [mem 0x0009a000-0x0009ffff]
[    2.124358] e820: reserve RAM buffer [mem 0x6f19f000-0x6fffffff]
[    2.128001] NetLabel: Initializing
[    2.132001] NetLabel:  domain hash size = 128
[    2.136001] NetLabel:  protocols = UNLABELED CIPSOv4 CALIPSO
[    2.140018] NetLabel:  unlabeled traffic allowed by default
[    2.148037] hpet0: at MMIO 0xfed00000, IRQs 2, 8, 0, 0, 0, 0, 0, 0
[    2.156002] hpet0: 8 comparators, 64-bit 14.318180 MHz counter
[    2.164019] clocksource: Switched to clocksource tsc-early
[    2.188878] VFS: Disk quotas dquot_6.6.0
[    2.193285] dquot: VFS: Dquot-cache hash table entries: 512 (order 0, 4096 bytes)
[    2.201756] AppArmor: AppArmor Filesystem Enabled
[    2.207030] pnp: PnP ACPI init
[    2.210733] pnp 00:00: Plug and Play ACPI device, IDs PNP0b00 (active)
[    2.210842] system 00:01: [io  0x0500-0x057f] has been reserved
[    2.217450] system 00:01: [io  0x0400-0x047f] has been reserved
[    2.224056] system 00:01: [io  0x0580-0x059f] has been reserved
[    2.230662] system 00:01: [io  0x0600-0x061f] has been reserved
[    2.237268] system 00:01: [io  0x0880-0x0883] has been reserved
[    2.243874] system 00:01: [io  0x0800-0x081f] has been reserved
[    2.250480] system 00:01: [mem 0xfed1c000-0xfed3ffff] has been reserved
[    2.257862] system 00:01: [mem 0xfed45000-0xfed8bfff] has been reserved
[    2.265249] system 00:01: [mem 0xff000000-0xffffffff] has been reserved
[    2.272631] system 00:01: [mem 0xfee00000-0xfeefffff] has been reserved
[    2.280013] system 00:01: [mem 0xfed12000-0xfed1200f] has been reserved
[    2.287395] system 00:01: [mem 0xfed12010-0xfed1201f] has been reserved
[    2.294777] system 00:01: [mem 0xfed1b000-0xfed1bfff] has been reserved
[    2.302162] system 00:01: Plug and Play ACPI device, IDs PNP0c02 (active)
[    2.302277] pnp 00:02: [dma 0 disabled]
[    2.302315] pnp 00:02: Plug and Play ACPI device, IDs PNP0501 (active)
[    2.302414] pnp 00:03: [dma 0 disabled]
[    2.302448] pnp 00:03: Plug and Play ACPI device, IDs PNP0501 (active)
[    2.302989] pnp: PnP ACPI: found 4 devices
[    2.313212] clocksource: acpi_pm: mask: 0xffffff max_cycles: 0xffffff, max_idle_ns: 2085701024 ns
[    2.323169] pci 0000:00:01.0: PCI bridge to [bus 01-02]
[    2.329001] pci 0000:00:01.0:   bridge window [io  0x6000-0x6fff]
[    2.335801] pci 0000:00:01.0:   bridge window [mem 0xc6900000-0xc6cfffff]
[    2.343377] pci 0000:00:01.0:   bridge window [mem 0x3bfffe00000-0x3bfffefffff 64bit pref]
[    2.352601] pci 0000:00:01.1: PCI bridge to [bus 03]
[    2.358143] pci 0000:00:02.0: PCI bridge to [bus 04]
[    2.363685] pci 0000:00:02.2: PCI bridge to [bus 05]
[    2.369216] pci 0000:00:02.2:   bridge window [io  0x5000-0x5fff]
[    2.376017] pci 0000:00:02.2:   bridge window [mem 0xc6d00000-0xc6ffffff]
[    2.383595] pci 0000:00:03.0: PCI bridge to [bus 06-07]
[    2.389424] pci 0000:00:03.0:   bridge window [io  0x4000-0x4fff]
[    2.396226] pci 0000:00:03.0:   bridge window [mem 0xc7000000-0xc70fffff]
[    2.403800] pci 0000:00:03.0:   bridge window [mem 0xc7800000-0xc7efffff 64bit pref]
[    2.412443] pci 0000:00:1c.0: PCI bridge to [bus 08]
[    2.417989] pci 0000:00:1c.3: PCI bridge to [bus 09]
[    2.423529] pci 0000:00:1c.3:   bridge window [mem 0xc5000000-0xc68fffff]
[    2.431111] pci_bus 0000:00: resource 4 [io  0x0000-0x0cf7 window]
[    2.431112] pci_bus 0000:00: resource 5 [io  0x1000-0x7fff window]
[    2.431113] pci_bus 0000:00: resource 6 [mem 0x000a0000-0x000bffff window]
[    2.431114] pci_bus 0000:00: resource 7 [mem 0x90000000-0xc7ffbfff window]
[    2.431115] pci_bus 0000:00: resource 8 [mem 0x38000000000-0x3bfffffffff window]
[    2.431116] pci_bus 0000:01: resource 0 [io  0x6000-0x6fff]
[    2.431117] pci_bus 0000:01: resource 1 [mem 0xc6900000-0xc6cfffff]
[    2.431118] pci_bus 0000:01: resource 2 [mem 0x3bfffe00000-0x3bfffefffff 64bit pref]
[    2.431119] pci_bus 0000:05: resource 0 [io  0x5000-0x5fff]
[    2.431120] pci_bus 0000:05: resource 1 [mem 0xc6d00000-0xc6ffffff]
[    2.431121] pci_bus 0000:06: resource 0 [io  0x4000-0x4fff]
[    2.431122] pci_bus 0000:06: resource 1 [mem 0xc7000000-0xc70fffff]
[    2.431123] pci_bus 0000:06: resource 2 [mem 0xc7800000-0xc7efffff 64bit pref]
[    2.431124] pci_bus 0000:09: resource 1 [mem 0xc5000000-0xc68fffff]
[    2.431230] pci 0000:80:02.0: PCI bridge to [bus 81]
[    2.436774] pci_bus 0000:80: resource 4 [io  0x8000-0xffff window]
[    2.436775] pci_bus 0000:80: resource 5 [mem 0xc8000000-0xfbffbfff window]
[    2.436776] pci_bus 0000:80: resource 6 [mem 0x3c000000000-0x3ffffffffff window]
[    2.436886] socket: NET: Registered protocol family 2
[    2.442822] page_alloc: tcp_listen_portaddr_hash hash table entries: 65536 (order: 8, 1048576 bytes)
[    2.453322] page_alloc: TCP established hash table entries: 524288 (order: 10, 4194304 bytes)
[    2.463497] page_alloc: TCP bind hash table entries: 65536 (order: 8, 1048576 bytes)
[    2.472298] tcp: Hash tables configured (established 524288 bind 65536)
[    2.479840] page_alloc: UDP hash table entries: 65536 (order: 9, 2097152 bytes)
[    2.488369] page_alloc: UDP-Lite hash table entries: 65536 (order: 9, 2097152 bytes)
[    2.497413] socket: NET: Registered protocol family 1
[    2.528150] pci 0000:00:1a.0: quirk_usb_early_handoff+0x0/0x6b0 took 24322 usecs
[    2.556137] pci 0000:00:1d.0: quirk_usb_early_handoff+0x0/0x6b0 took 19251 usecs
[    2.564403] PCI: CLS mismatch (64 != 32), using 64 bytes
[    2.564406] pci 0000:05:00.0: [Firmware Bug]: disabling VPD access (can't determine size of non-standard VPD format)
[    2.576158] pci 0000:05:00.0: quirk_blacklist_vpd+0x0/0x30 took 11471 usecs
[    2.583939] pci 0000:09:00.0: Video device with shadowed ROM at [mem 0x000c0000-0x000dffff]
[    2.593298] Trying to unpack rootfs image as initramfs...
[    5.221725] page_alloc: Freeing initrd memory: 167388K
[    5.227613] PCI-DMA: Using software bounce buffering for IO (SWIOTLB)
[    5.234814] software IO TLB [mem 0x6b19f000-0x6f19f000] (64MB) mapped at [        (ptrval)-        (ptrval)]
[    5.246140] intel_rapl_perf: API unit is 2^-32 Joules, 3 fixed counters, 655360 ms ovfl timer
[    5.255655] intel_rapl_perf: hw unit of domain pp0-core 2^-14 Joules
[    5.262746] intel_rapl_perf: hw unit of domain package 2^-14 Joules
[    5.269739] intel_rapl_perf: hw unit of domain dram 2^-16 Joules
[    5.278129] Scanning for low memory corruption every 60 seconds
[    5.286032] system_keyring: Initialise system trusted keyrings
[    5.292614] workingset: workingset: timestamp_bits=40 max_order=25 bucket_order=0
[    5.302150] zbud: loaded
[    5.305544] fuse init (API version 7.26)
[    5.309988] SGI XFS with ACLs, security attributes, realtime, debug enabled
[    5.318570] pstore: using deflate compression
[    5.324673] key: Key type asymmetric registered
[    5.329733] asymmetric_keys: Asymmetric key parser 'x509' registered
[    5.336861] Block layer SCSI generic (bsg) driver version 0.4 loaded (major 248)
[    5.345191] io scheduler noop registered
[    5.349571] io scheduler deadline registered (default)
[    5.355341] io scheduler cfq registered
[    5.359621] io scheduler mq-deadline registered (default)
[    5.365648] io scheduler kyber registered
[    5.372540] pcieport 0000:00:01.0: AER enabled with IRQ 25
[    5.378683] pcieport 0000:00:01.1: AER enabled with IRQ 26
[    5.384830] pcieport 0000:00:02.0: AER enabled with IRQ 28
[    5.390984] pcieport 0000:00:02.2: AER enabled with IRQ 29
[    5.397138] pcieport 0000:00:03.0: AER enabled with IRQ 31
[    5.403279] pcieport 0000:80:02.0: AER enabled with IRQ 35
[    5.409425] pcieport 0000:00:01.0: Signaling PME with IRQ 25
[    5.415755] pcieport 0000:00:01.1: Signaling PME with IRQ 26
[    5.422084] pcieport 0000:00:02.0: Signaling PME with IRQ 28
[    5.428415] pcieport 0000:00:02.2: Signaling PME with IRQ 29
[    5.434754] pcieport 0000:00:03.0: Signaling PME with IRQ 31
[    5.441092] pcieport 0000:00:1c.0: Signaling PME with IRQ 32
[    5.447435] pcieport 0000:00:1c.3: Signaling PME with IRQ 33
[    5.453779] pcieport 0000:80:02.0: Signaling PME with IRQ 35
[    5.460152] intel_idle: MWAIT substates: 0x2120
[    5.460153] intel_idle: v0.4.1 model 0x3F
[    5.461774] intel_idle: lapic_timer_reliable_states 0xffffffff
[    5.461786] ipmi_msghandler: ipmi message handler version 39.2
[    5.468489] ACPI: Deprecated procfs I/F for AC is loaded, please retry with CONFIG_ACPI_PROCFS_POWER cleared
[    5.479519] ACPI: AC Adapter [P111] (on-line)
[    5.484462] input_core: Power Button as /devices/LNXSYSTM:00/LNXSYBUS:00/PNP0C0C:00/input/input0
[    5.494284] ACPI: Power Button [PWRB]
[    5.498421] input_core: Power Button as /devices/LNXSYSTM:00/LNXPWRBN:00/input/input1
[    5.507189] ACPI: Power Button [PWRF]
[    5.515980] ERST: Error Record Serialization Table (ERST) support is initialized.
[    5.524443] pstore: Registered erst as persistent store backend
[    5.531538] ghes: GHES: APEI firmware first mode is enabled by APEI bit and WHEA _OSC.
[    5.540545] 8250: Serial: 8250/16550 driver, 32 ports, IRQ sharing enabled
[    5.568770] serial_core: 00:02: ttyS0 at I/O 0x3f8 (irq = 4, base_baud = 115200) is a 16550A
[    5.598779] serial_core: 00:03: ttyS1 at I/O 0x2f8 (irq = 3, base_baud = 115200) is a 16550A
[    5.609501] Linux agpgart interface v0.103
[    5.619962] brd: brd: module loaded
[    5.627749] loop: module loaded
[    5.631608] libphy: Fixed MDIO Bus: probed
[    5.636389] tun: Universal TUN/TAP device driver, 1.6
[    5.642130] ppp_generic: PPP generic driver version 2.4.2
[    5.648233] ehci_hcd: USB 2.0 'Enhanced' Host Controller (EHCI) Driver
[    5.655526] ehci_pci: ehci-pci: EHCI PCI platform driver
[    5.661795] ehci-pci 0000:00:1a.0: EHCI Host Controller
[    5.667639] ehci-pci 0000:00:1a.0: new USB bus registered, assigned bus number 1
[    5.675905] ehci-pci 0000:00:1a.0: debug port 2
[    5.684853] ehci-pci 0000:00:1a.0: cache line size of 64 is not supported
[    5.684869] ehci-pci 0000:00:1a.0: irq 18, io mem 0xc7102000
[    5.704059] ehci-pci 0000:00:1a.0: USB 2.0 started, EHCI 1.00
[    5.710519] usb usb1: New USB device found, idVendor=1d6b, idProduct=0002, bcdDevice= 4.17
[    5.719743] usb usb1: New USB device strings: Mfr=3, Product=2, SerialNumber=1
[    5.727808] usb usb1: Product: EHCI Host Controller
[    5.733241] usb usb1: Manufacturer: Linux 4.17.0 ehci_hcd
[    5.739266] usb usb1: SerialNumber: 0000:00:1a.0
[    5.744545] hub 1-0:1.0: USB hub found
[    5.748734] hub 1-0:1.0: 2 ports detected
[    5.753519] ehci-pci 0000:00:1d.0: EHCI Host Controller
[    5.759358] ehci-pci 0000:00:1d.0: new USB bus registered, assigned bus number 2
[    5.767619] ehci-pci 0000:00:1d.0: debug port 2
[    5.776583] ehci-pci 0000:00:1d.0: cache line size of 64 is not supported
[    5.776587] ehci-pci 0000:00:1d.0: irq 18, io mem 0xc7101000
[    5.796060] ehci-pci 0000:00:1d.0: USB 2.0 started, EHCI 1.00
[    5.802511] usb usb2: New USB device found, idVendor=1d6b, idProduct=0002, bcdDevice= 4.17
[    5.811735] usb usb2: New USB device strings: Mfr=3, Product=2, SerialNumber=1
[    5.819798] usb usb2: Product: EHCI Host Controller
[    5.825245] usb usb2: Manufacturer: Linux 4.17.0 ehci_hcd
[    5.831270] usb usb2: SerialNumber: 0000:00:1d.0
[    5.836535] hub 2-0:1.0: USB hub found
[    5.840724] hub 2-0:1.0: 2 ports detected
[    5.845375] ehci_platform: ehci-platform: EHCI generic platform driver
[    5.852687] ohci_hcd: USB 1.1 'Open' Host Controller (OHCI) Driver
[    5.859593] ohci_pci: ohci-pci: OHCI PCI platform driver
[    5.865551] ohci_platform: ohci-platform: OHCI generic platform driver
[    5.872842] uhci_hcd: USB Universal Host Controller Interface driver
[    5.879985] i8042: PNP: No PS/2 controller found.
[    5.885336] mousedev: PS/2 mouse device common for all mice
[    5.891688] rtc_cmos 00:00: RTC can wake from S4
[    5.897039] rtc_cmos 00:00: registered as rtc0
[    5.902017] rtc_cmos 00:00: alarms up to one month, y3k, 114 bytes nvram, hpet irqs
[    5.910597] dm_mod: device-mapper: uevent: version 1.0.3
[    5.916631] dm_mod: device-mapper: ioctl: 4.39.0-ioctl (2018-04-03) initialised: dm-devel@redhat.com
[    5.926828] intel_pstate: Intel P-state driver initializing
[    5.937220] ledtrig_cpu: ledtrig-cpu: registered to indicate activity on CPUs
[    5.945496] socket: NET: Registered protocol family 10
[    5.951613] ipv6: Segment Routing with IPv6
[    5.956299] socket: NET: Registered protocol family 17
[    5.962048] key: Key type dns_resolver registered
[    5.969845] microcode: sig=0x306f2, pf=0x1, revision=0x3a
[    5.976627] microcode: Microcode Update Driver: v2.2.
[    5.976638] sched_clock: Marking stable (5976606569, 0)->(6248987986, -272381417)
[    5.991003] taskstats: registered taskstats version 1
[    5.996646] system_keyring: Loading compiled-in X.509 certificates
[    6.006043] system_keyring: Loaded X.509 cert 'Build time autogenerated kernel key: af33b0c3fd3ba6c234daa9bf32a11436314f5570'
[    6.018716] zswap: loaded using pool lzo/zbud
[    6.024081] btrfs: Btrfs loaded, crc32c=crc32c-intel, debug=on
[    6.033675] key: Key type big_key registered
[    6.039910] key: Key type trusted registered
[    6.046114] key: Key type encrypted registered
[    6.051084] AppArmor: AppArmor sha1 policy hashing enabled
[    6.057211] ima: No TPM chip found, activating TPM-bypass! (rc=-19)
[    6.064212] ima: Allocated hash algorithm: sha1
[    6.069289] evm: HMAC attrs: 0x1
[    6.073588] trace:   Magic number: 14:527:61
[    6.078747] rtc_cmos 00:00: setting system clock to 2018-12-06 05:05:38 UTC (1544072738)
[    6.088060] usb 1-1: new high-speed USB device number 2 using ehci-pci
[    6.096572] page_alloc: Freeing unused kernel memory: 1812K
[    6.140084] Write protecting the kernel read-only data: 22528k
[    6.147572] page_alloc: Freeing unused kernel memory: 2004K
[    6.157921] page_alloc: Freeing unused kernel memory: 1864K
[    6.174726] systemd-udevd[340]: starting version 204
[    6.180057] usb 2-1: new high-speed USB device number 2 using ehci-pci
[    6.221011] dca: dca service started, version 1.12.1
[    6.230470] ahci 0000:00:11.4: version 3.0
[    6.230647] ahci 0000:00:11.4: AHCI 0001.0300 32 slots 4 ports 6 Gbps 0xf impl SATA mode
[    6.239683] ahci 0000:00:11.4: flags: 64bit ncq pm led clo pio slum part ems apst 
[    6.248337] megaraid_sas: megasas: 07.704.04.00-rc1
[    6.248339] usb 1-1: New USB device found, idVendor=8087, idProduct=800a, bcdDevice= 0.05
[    6.248342] usb 1-1: New USB device strings: Mfr=0, Product=0, SerialNumber=0
[    6.254017] megaraid_sas 0000:05:00.0: FW now in Ready state
[    6.263375] hub 1-1:1.0: USB hub found
[    6.270879] megaraid_sas 0000:05:00.0: 64 bit DMA mask and 32 bit consistent mask
[    6.281587] hub 1-1:1.0: 6 ports detected
[    6.290493] megaraid_sas 0000:05:00.0: firmware supports msix	: (96)
[    6.301297] megaraid_sas 0000:05:00.0: current msix/online cpus	: (32/32)
[    6.304035] tsc: Refined TSC clocksource calibration: 2394.230 MHz
[    6.308878] megaraid_sas 0000:05:00.0: RDPQ mode	: (disabled)
[    6.315799] clocksource: tsc: mask: 0xffffffffffffffff max_cycles: 0x2282ecc2ed2, max_idle_ns: 440795321835 ns
[    6.316060] igb: Intel(R) Gigabit Ethernet Network Driver - version 5.4.0-k
[    6.316061] igb: Copyright (c) 2007-2014 Intel Corporation.
[    6.322193] megaraid_sas 0000:05:00.0: Current firmware supports maximum commands: 272	 LDIO threshold: 237
[    6.358228] clocksource: Switched to clocksource tsc
[    6.358339] megaraid_sas 0000:05:00.0: Configured max firmware commands: 271
[    6.358584] usb 2-1: New USB device found, idVendor=8087, idProduct=8002, bcdDevice= 0.05
[    6.358585] usb 2-1: New USB device strings: Mfr=0, Product=0, SerialNumber=0
[    6.358726] hub 2-1:1.0: USB hub found
[    6.358832] hub 2-1:1.0: 8 ports detected
[    6.389003] ixgbe: Intel(R) 10 Gigabit PCI Express Network Driver - version 5.1.0-k
[    6.393232] scsi host1: ahci
[    6.397382] ixgbe: Copyright (c) 1999-2016 Intel Corporation.
[    6.415716] megaraid_sas 0000:05:00.0: FW supports sync cache	: No
[    6.423084] igb 0000:01:00.0: PHY reset is blocked due to SOL/IDER session.
[    6.430947] scsi host2: ahci
[    6.434549] scsi host3: ahci
[    6.456983] scsi host4: ahci
[    6.469513] ata1: SATA max UDMA/133 abar m2048@0xc7104000 port 0xc7104100 irq 36
[    6.477770] ata2: SATA max UDMA/133 abar m2048@0xc7104000 port 0xc7104180 irq 36
[    6.486028] ata3: SATA max UDMA/133 abar m2048@0xc7104000 port 0xc7104200 irq 36
[    6.494282] ata4: SATA max UDMA/133 abar m2048@0xc7104000 port 0xc7104280 irq 36
[    6.502882] ahci 0000:00:1f.2: AHCI 0001.0300 32 slots 6 ports 6 Gbps 0x3f impl SATA mode
[    6.512018] ahci 0000:00:1f.2: flags: 64bit ncq pm led clo pio slum part ems apst 
[    6.521658] igb 0000:01:00.0: added PHC on eth0
[    6.526721] igb 0000:01:00.0: Intel(R) Gigabit Ethernet Network Connection
[    6.534394] igb 0000:01:00.0: eth0: (PCIe:5.0Gb/s:Width x4) 74:a0:2f:29:f2:94
[    6.542428] igb 0000:01:00.0: eth0: PBA No: FFFFFF-0FF
[    6.548160] igb 0000:01:00.0: Using MSI-X interrupts. 8 rx queue(s), 8 tx queue(s)
[    6.557138] igb 0000:01:00.1: PHY reset is blocked due to SOL/IDER session.
[    6.600929] igb 0000:01:00.1: added PHC on eth1
[    6.605989] igb 0000:01:00.1: Intel(R) Gigabit Ethernet Network Connection
[    6.613664] igb 0000:01:00.1: eth1: (PCIe:5.0Gb/s:Width x4) 74:a0:2f:29:f2:95
[    6.621699] igb 0000:01:00.1: eth1: PBA No: FFFFFF-0FF
[    6.627432] igb 0000:01:00.1: Using MSI-X interrupts. 8 rx queue(s), 8 tx queue(s)
[    6.648044] usb 2-1.4: new high-speed USB device number 3 using ehci-pci
[    6.660111] scsi host5: ahci
[    6.663475] scsi host6: ahci
[    6.666691] megaraid_sas 0000:05:00.0: firmware type	: Legacy(64 VD) firmware
[    6.674646] megaraid_sas 0000:05:00.0: controller type	: iMR(0MB)
[    6.681448] megaraid_sas 0000:05:00.0: Online Controller Reset(OCR)	: Enabled
[    6.689412] megaraid_sas 0000:05:00.0: Secure JBOD support	: Yes
[    6.696117] megaraid_sas 0000:05:00.0: NVMe passthru support	: No
[    6.703072] scsi host7: ahci
[    6.706429] ixgbe 0000:06:00.0: Multiqueue Enabled: Rx Queue count = 32, Tx Queue count = 32 XDP Queue count = 0
[    6.718068] ixgbe 0000:06:00.0: PCI Express bandwidth of 32GT/s available
[    6.725643] ixgbe 0000:06:00.0: (Speed:5.0GT/s, Width: x8, Encoding Loss:20%)
[    6.733925] ixgbe 0000:06:00.0: MAC: 2, PHY: 14, SFP+: 3, PBA No: E68793-000
[    6.741789] ixgbe 0000:06:00.0: 90:e2:ba:82:2c:7c
[    6.747807] scsi host8: ahci
[    6.751556] scsi host9: ahci
[    6.755006] scsi host10: ahci
[    6.758344] ata5: SATA max UDMA/133 abar m2048@0xc7100000 port 0xc7100100 irq 81
[    6.766590] ata6: SATA max UDMA/133 abar m2048@0xc7100000 port 0xc7100180 irq 81
[    6.768334] usb 2-1.4: New USB device found, idVendor=0424, idProduct=2512, bcdDevice= b.b3
[    6.774843] ata7: SATA max UDMA/133 abar m2048@0xc7100000 port 0xc7100200 irq 81
[    6.774844] ata8: SATA max UDMA/133 abar m2048@0xc7100000 port 0xc7100280 irq 81
[    6.784175] usb 2-1.4: New USB device strings: Mfr=0, Product=0, SerialNumber=0
[    6.784503] hub 2-1.4:1.0: USB hub found
[    6.792432] ata9: SATA max UDMA/133 abar m2048@0xc7100000 port 0xc7100300 irq 81
[    6.800833] hub 2-1.4:1.0: 2 ports detected
[    6.808868] ata10: SATA max UDMA/133 abar m2048@0xc7100000 port 0xc7100380 irq 81
[    6.814935] ata4: SATA link down (SStatus 0 SControl 300)
[    6.821877] megaraid_sas 0000:05:00.0: INIT adapter done
[    6.826226] ata3: SATA link down (SStatus 0 SControl 300)
[    6.835373] ixgbe 0000:06:00.0: Intel(R) 10 Gigabit Network Connection
[    6.840600] ata1: SATA link down (SStatus 0 SControl 300)
[    6.865882] ata2: SATA link down (SStatus 0 SControl 300)
[    6.892058] usb 2-1.6: new full-speed USB device number 4 using ehci-pci
[    6.915006] megaraid_sas 0000:05:00.0: pci id		: (0x1000)/(0x005d)/(0x1137)/(0x00db)
[    6.923653] megaraid_sas 0000:05:00.0: unevenspan support	: no
[    6.930161] megaraid_sas 0000:05:00.0: firmware crash dump	: no
[    6.936765] megaraid_sas 0000:05:00.0: jbod sync map		: yes
[    6.942984] scsi host0: Avago SAS based MegaRAID driver
[    6.948931] ******blk_init_rl***** blk_init_rl:925 
[    6.955795] scsi 0:0:0:0: Direct-Access     SEAGATE  ST1200MM0007     0002 PQ: 0 ANSI: 6
[    6.967551] ******blk_init_rl***** blk_init_rl:925 
[    6.973774] scsi 0:0:1:0: Direct-Access     SEAGATE  ST1200MM0007     0002 PQ: 0 ANSI: 6
[    6.983630] ******blk_init_rl***** blk_init_rl:925 
[    6.992171] scsi 0:0:2:0: Direct-Access     ATA      INTEL SSDSC2BB48 0370 PQ: 0 ANSI: 6
[    7.002200] ******blk_init_rl***** blk_init_rl:925 
[    7.006583] usb 2-1.6: New USB device found, idVendor=0624, idProduct=0402, bcdDevice= 0.00
[    7.007672] ******blk_init_rl***** blk_init_rl:925 
[    7.016959] usb 2-1.6: New USB device strings: Mfr=1, Product=2, SerialNumber=3
[    7.016960] usb 2-1.6: Product: Cisco USB Composite Device-0
[    7.022437] ******blk_init_rl***** blk_init_rl:925 
[    7.030567] usb 2-1.6: Manufacturer: Avocent
[    7.030568] usb 2-1.6: SerialNumber: 20111102-00000001
[    7.032233] ixgbe 0000:06:00.1: Multiqueue Enabled: Rx Queue count = 32, Tx Queue count = 32 XDP Queue count = 0
[    7.032516] ixgbe 0000:06:00.1: PCI Express bandwidth of 32GT/s available
[    7.032517] ixgbe 0000:06:00.1: (Speed:5.0GT/s, Width: x8, Encoding Loss:20%)
[    7.032836] ixgbe 0000:06:00.1: MAC: 2, PHY: 14, SFP+: 4, PBA No: E68793-000
[    7.032837] ixgbe 0000:06:00.1: 90:e2:ba:82:2c:7d
[    7.033896] ixgbe 0000:06:00.1: Intel(R) 10 Gigabit Network Connection
[    7.036935] ******blk_init_rl***** blk_init_rl:925 
[    7.105603] ******blk_init_rl***** blk_init_rl:925 
[    7.105735] hidraw: raw HID events driver (C) Jiri Kosina
[    7.111070] ******blk_init_rl***** blk_init_rl:925 
[    7.122559] ******blk_init_rl***** blk_init_rl:925 
[    7.128052] ******blk_init_rl***** blk_init_rl:925 
[    7.133543] ******blk_init_rl***** blk_init_rl:925 
[    7.134433] ata7: SATA link down (SStatus 0 SControl 300)
[    7.139035] ******blk_init_rl***** blk_init_rl:925 
[    7.145061] ata9: SATA link down (SStatus 0 SControl 300)
[    7.150496] ******blk_init_rl***** blk_init_rl:925 
[    7.156527] ata6: SATA link down (SStatus 0 SControl 300)
[    7.161970] ******blk_init_rl***** blk_init_rl:925 
[    7.167991] ata10: SATA link down (SStatus 0 SControl 300)
[    7.173421] ******blk_init_rl***** blk_init_rl:925 
[    7.179558] ata8: SATA link down (SStatus 0 SControl 300)
[    7.184981] ******blk_init_rl***** blk_init_rl:925 
[    7.186911] usbcore: usbcore: registered new interface driver usbhid
[    7.186911] usbhid: usbhid: USB HID core driver
[    7.191029] ata5: SATA link down (SStatus 0 SControl 300)
[    7.196491] ******blk_init_rl***** blk_init_rl:925 
[    7.220091] ******blk_init_rl***** blk_init_rl:925 
[    7.225599] ******blk_init_rl***** blk_init_rl:925 
[    7.231082] ******blk_init_rl***** blk_init_rl:925 
[    7.231250] input_core: Avocent Cisco USB Composite Device-0 as /devices/pci0000:00/0000:00:1d.0/usb2/2-1/2-1.6/2-1.6:1.0/0003:0624:0402.0001/input/input2
[    7.236547] ******blk_init_rl***** blk_init_rl:925 
[    7.257436] ******blk_init_rl***** blk_init_rl:925 
[    7.262900] ******blk_init_rl***** blk_init_rl:925 
[    7.268365] ******blk_init_rl***** blk_init_rl:925 
[    7.273829] ******blk_init_rl***** blk_init_rl:925 
[    7.279289] ******blk_init_rl***** blk_init_rl:925 
[    7.284754] ******blk_init_rl***** blk_init_rl:925 
[    7.290215] ******blk_init_rl***** blk_init_rl:925 
[    7.295679] ******blk_init_rl***** blk_init_rl:925 
[    7.301142] ******blk_init_rl***** blk_init_rl:925 
[    7.306599] ******blk_init_rl***** blk_init_rl:925 
[    7.308198] hid-generic 0003:0624:0402.0001: input,hidraw0: USB HID v1.00 Keyboard [Avocent Cisco USB Composite Device-0] on usb-0000:00:1d.0-1.6/input0
[    7.312078] ******blk_init_rl***** blk_init_rl:925 
[    7.327366] input_core: Avocent Cisco USB Composite Device-0 as /devices/pci0000:00/0000:00:1d.0/usb2/2-1/2-1.6/2-1.6:1.1/0003:0624:0402.0002/input/input3
[    7.332745] ******blk_init_rl***** blk_init_rl:925 
[    7.348257] hid-generic 0003:0624:0402.0002: input,hidraw1: USB HID v1.00 Mouse [Avocent Cisco USB Composite Device-0] on usb-0000:00:1d.0-1.6/input1
[    7.353616] ******blk_init_rl***** blk_init_rl:925 
[    7.368627] input_core: Avocent Cisco USB Composite Device-0 as /devices/pci0000:00/0000:00:1d.0/usb2/2-1/2-1.6/2-1.6:1.2/0003:0624:0402.0003/input/input4
[    7.374007] ******blk_init_rl***** blk_init_rl:925 
[    7.389507] hid-generic 0003:0624:0402.0003: input,hidraw2: USB HID v1.00 Mouse [Avocent Cisco USB Composite Device-0] on usb-0000:00:1d.0-1.6/input2
[    7.394886] ******blk_init_rl***** blk_init_rl:925 
[    7.415306] ******blk_init_rl***** blk_init_rl:925 
[    7.420770] ******blk_init_rl***** blk_init_rl:925 
[    7.426235] ******blk_init_rl***** blk_init_rl:925 
[    7.431698] ******blk_init_rl***** blk_init_rl:925 
[    7.437159] ******blk_init_rl***** blk_init_rl:925 
[    7.442621] ******blk_init_rl***** blk_init_rl:925 
[    7.448085] ******blk_init_rl***** blk_init_rl:925 
[    7.453550] ******blk_init_rl***** blk_init_rl:925 
[    7.459011] ******blk_init_rl***** blk_init_rl:925 
[    7.464473] ******blk_init_rl***** blk_init_rl:925 
[    7.469935] ******blk_init_rl***** blk_init_rl:925 
[    7.475391] ******blk_init_rl***** blk_init_rl:925 
[    7.480853] ******blk_init_rl***** blk_init_rl:925 
[    7.486316] ******blk_init_rl***** blk_init_rl:925 
[    7.491777] ******blk_init_rl***** blk_init_rl:925 
[    7.497238] ******blk_init_rl***** blk_init_rl:925 
[    7.502698] ******blk_init_rl***** blk_init_rl:925 
[    7.508161] ******blk_init_rl***** blk_init_rl:925 
[    7.513622] ******blk_init_rl***** blk_init_rl:925 
[    7.519084] ******blk_init_rl***** blk_init_rl:925 
[    7.524545] ******blk_init_rl***** blk_init_rl:925 
[    7.530006] ******blk_init_rl***** blk_init_rl:925 
[    7.535466] ******blk_init_rl***** blk_init_rl:925 
[    7.540928] ******blk_init_rl***** blk_init_rl:925 
[    7.546391] ******blk_init_rl***** blk_init_rl:925 
[    7.551852] ******blk_init_rl***** blk_init_rl:925 
[    7.557314] ******blk_init_rl***** blk_init_rl:925 
[    7.562776] ******blk_init_rl***** blk_init_rl:925 
[    7.568237] ******blk_init_rl***** blk_init_rl:925 
[    7.573699] ******blk_init_rl***** blk_init_rl:925 
[    7.579159] ******blk_init_rl***** blk_init_rl:925 
[    7.584620] ******blk_init_rl***** blk_init_rl:925 
[    7.590080] ******blk_init_rl***** blk_init_rl:925 
[    7.595541] ******blk_init_rl***** blk_init_rl:925 
[    7.601004] ******blk_init_rl***** blk_init_rl:925 
[    7.606465] ******blk_init_rl***** blk_init_rl:925 
[    7.611926] ******blk_init_rl***** blk_init_rl:925 
[    7.617388] ******blk_init_rl***** blk_init_rl:925 
[    7.622851] ******blk_init_rl***** blk_init_rl:925 
[    7.628311] ******blk_init_rl***** blk_init_rl:925 
[    7.633773] ******blk_init_rl***** blk_init_rl:925 
[    7.639234] ******blk_init_rl***** blk_init_rl:925 
[    7.644696] ******blk_init_rl***** blk_init_rl:925 
[    7.650158] ******blk_init_rl***** blk_init_rl:925 
[    7.655619] ******blk_init_rl***** blk_init_rl:925 
[    7.661080] ******blk_init_rl***** blk_init_rl:925 
[    7.666540] ******blk_init_rl***** blk_init_rl:925 
[    7.672002] ******blk_init_rl***** blk_init_rl:925 
[    7.677464] ******blk_init_rl***** blk_init_rl:925 
[    7.682924] ******blk_init_rl***** blk_init_rl:925 
[    7.688387] ******blk_init_rl***** blk_init_rl:925 
[    7.693848] ******blk_init_rl***** blk_init_rl:925 
[    7.699310] ******blk_init_rl***** blk_init_rl:925 
