[    0.000000] main: Linux version 4.17.0 (root@node-0.wisc2.fsperfatscale-pg0.wisc.cloudlab.us) (gcc version 4.8.4 (Ubuntu 4.8.4-2ubuntu1~14.04.4)) #9 SMP Sun Jun 30 15:42:41 MDT 2019
[    0.000000] Command line: BOOT_IMAGE=/boot/vmlinuz-4.17.0 root=UUID=4910fb56-38cb-41ae-82bf-3efa1d8a45a0 ro console=ttyS0,115200 crashkernel=384M-:128M
[    0.000000] common: KERNEL supported cpus:
[    0.000000] common:   Intel GenuineIntel
[    0.000000] common:   AMD AuthenticAMD
[    0.000000] common:   Centaur CentaurHauls
[    0.000000] xstate: x86/fpu: Supporting XSAVE feature 0x001: 'x87 floating point registers'
[    0.000000] xstate: x86/fpu: Supporting XSAVE feature 0x002: 'SSE registers'
[    0.000000] xstate: x86/fpu: Supporting XSAVE feature 0x004: 'AVX registers'
[    0.000000] xstate: x86/fpu: xstate_offset[2]:  576, xstate_sizes[2]:  256
[    0.000000] xstate: x86/fpu: Enabled xstate features 0x7, context size is 832 bytes, using 'standard' format.
[    0.000000] e820: e820: BIOS-provided physical RAM map:
[    0.000000] e820: BIOS-e820: [mem 0x0000000000000000-0x0000000000099bff] usable
[    0.000000] e820: BIOS-e820: [mem 0x0000000000099c00-0x000000000009ffff] reserved
[    0.000000] e820: BIOS-e820: [mem 0x00000000000e0000-0x00000000000fffff] reserved
[    0.000000] e820: BIOS-e820: [mem 0x0000000000100000-0x00000000791d3fff] usable
[    0.000000] e820: BIOS-e820: [mem 0x00000000791d4000-0x00000000799cdfff] reserved
[    0.000000] e820: BIOS-e820: [mem 0x00000000799ce000-0x0000000079a32fff] ACPI data
[    0.000000] e820: BIOS-e820: [mem 0x0000000079a33000-0x0000000079fa1fff] ACPI NVS
[    0.000000] e820: BIOS-e820: [mem 0x0000000079fa2000-0x000000008fffffff] reserved
[    0.000000] e820: BIOS-e820: [mem 0x00000000fed1c000-0x00000000fed44fff] reserved
[    0.000000] e820: BIOS-e820: [mem 0x00000000ff000000-0x00000000ffffffff] reserved
[    0.000000] e820: BIOS-e820: [mem 0x0000000100000000-0x000000287fffffff] usable
[    0.000000] NX (Execute Disable) protection: active
[    0.000000] dmi_scan: SMBIOS 3.0.0 present.
[    0.000000] dmi_scan: DMI: Cisco Systems Inc UCSC-C220-M4S/UCSC-C220-M4S, BIOS C220M4.3.0.3c.0.0831170216 08/31/2017
[    0.000000] e820: update [mem 0x00000000-0x00000fff] usable ==> reserved
[    0.000000] e820: remove [mem 0x000a0000-0x000fffff] usable
[    0.000000] e820: e820: last_pfn = 0x2880000 max_arch_pfn = 0x400000000
[    0.000000] generic: MTRR default type: write-back
[    0.000000] generic: MTRR fixed ranges enabled:
[    0.000000] generic:   00000-9FFFF write-back
[    0.000000] generic:   A0000-BFFFF uncachable
[    0.000000] generic:   C0000-FFFFF write-protect
[    0.000000] generic: MTRR variable ranges enabled:
[    0.000000] generic:   0 base 000080000000 mask 3FFF80000000 uncachable
[    0.000000] generic:   1 base 038000000000 mask 3F8000000000 uncachable
[    0.000000] generic:   2 disabled
[    0.000000] generic:   3 disabled
[    0.000000] generic:   4 disabled
[    0.000000] generic:   5 disabled
[    0.000000] generic:   6 disabled
[    0.000000] generic:   7 disabled
[    0.000000] generic:   8 disabled
[    0.000000] generic:   9 disabled
[    0.000000] x86/PAT: Configuration [0-7]: WB  WC  UC- UC  WB  WP  UC- WT  
[    0.000000] e820: e820: last_pfn = 0x791d4 max_arch_pfn = 0x400000000
[    0.000000] mpparse: found SMP MP-table at [mem 0x000fd010-0x000fd01f] mapped at [        (ptrval)]
[    0.000000] Scanning 1 areas for low memory corruption
[    0.000000] Base memory trampoline at [        (ptrval)] 7e000 size 24576
[    0.000000] Using GB pages for direct mapping
[    0.000000] BRK [0x0aecf000, 0x0aecffff] PGTABLE
[    0.000000] BRK [0x0aed0000, 0x0aed0fff] PGTABLE
[    0.000000] BRK [0x0aed1000, 0x0aed1fff] PGTABLE
[    0.000000] RAMDISK: [mem 0x237d2000-0x2dbe0fff]
[    0.000000] tables: Early table checksum verification disabled
[    0.000000] ACPI: RSDP 0x00000000000F05B0 000024 (v02 Cisco0)
[    0.000000] ACPI: XSDT 0x00000000799E20A8 0000D4 (v01 Cisco0 CiscoUCS 01072009 AMI  00010013)
[    0.000000] ACPI: FACP 0x0000000079A16CE0 00010C (v05 Cisco0 CiscoUCS 01072009 AMI  00010013)
[    0.000000] ACPI: DSDT 0x00000000799E2210 034ACB (v02 Cisco0 CiscoUCS 01072009 INTL 20091013)
[    0.000000] ACPI: FACS 0x0000000079FA0F80 000040
[    0.000000] ACPI: APIC 0x0000000079A16DF0 000294 (v03 Cisco0 CiscoUCS 01072009 AMI  00010013)
[    0.000000] ACPI: FPDT 0x0000000079A17088 000044 (v01 Cisco0 CiscoUCS 01072009 AMI  00010013)
[    0.000000] ACPI: FIDT 0x0000000079A170D0 00009C (v01 Cisco0 CiscoUCS 01072009 AMI  00010013)
[    0.000000] ACPI: SPMI 0x0000000079A17170 000041 (v05 Cisco0 CiscoUCS 00000000 AMI. 00000000)
[    0.000000] ACPI: MCFG 0x0000000079A171B8 00003C (v01 Cisco0 CiscoUCS 01072009 MSFT 00000097)
[    0.000000] ACPI: UEFI 0x0000000079A171F8 000042 (v01 Cisco0 CiscoUCS 01072009      00000000)
[    0.000000] ACPI: HPET 0x0000000079A17240 000038 (v01 Cisco0 CiscoUCS 00000001 INTL 20091013)
[    0.000000] ACPI: MSCT 0x0000000079A17278 000090 (v01 Cisco0 CiscoUCS 00000001 INTL 20091013)
[    0.000000] ACPI: SLIT 0x0000000079A17308 000030 (v01 Cisco0 CiscoUCS 00000001 INTL 20091013)
[    0.000000] ACPI: SRAT 0x0000000079A17338 001158 (v03 Cisco0 CiscoUCS 00000001 INTL 20091013)
[    0.000000] ACPI: WDDT 0x0000000079A18490 000040 (v01 Cisco0 CiscoUCS 00000000 INTL 20091013)
[    0.000000] ACPI: SSDT 0x0000000079A184D0 0171BD (v02 Cisco0 PmMgt    00000002 INTL 20120913)
[    0.000000] ACPI: NITR 0x0000000079A2F690 000071 (v02 Cisco0 CiscoUCS 00000001 INTL 20091013)
[    0.000000] ACPI: SSDT 0x0000000079A2F708 002654 (v02 Cisco0 SpsNm    00000002 INTL 20120913)
[    0.000000] ACPI: SSDT 0x0000000079A31D60 000064 (v02 Cisco0 SpsNvs   00000002 INTL 20120913)
[    0.000000] ACPI: PRAD 0x0000000079A31DC8 000102 (v02 Cisco0 CiscoUCS 00000002 INTL 20120913)
[    0.000000] ACPI: DMAR 0x0000000079A31ED0 000100 (v01 Cisco0 CiscoUCS 00000001 INTL 20091013)
[    0.000000] ACPI: HEST 0x0000000079A31FD0 0000A8 (v01 Cisco0 CiscoUCS 00000001 INTL 00000001)
[    0.000000] ACPI: BERT 0x0000000079A32078 000030 (v01 Cisco0 CiscoUCS 00000001 INTL 00000001)
[    0.000000] ACPI: ERST 0x0000000079A320A8 000230 (v01 Cisco0 CiscoUCS 00000001 INTL 00000001)
[    0.000000] ACPI: EINJ 0x0000000079A322D8 000130 (v01 Cisco0 CiscoUCS 00000001 INTL 00000001)
[    0.000000] ACPI: Local APIC address 0xfee00000
[    0.000000] SRAT: PXM 0 -> APIC 0x00 -> Node 0
[    0.000000] SRAT: PXM 0 -> APIC 0x02 -> Node 0
[    0.000000] SRAT: PXM 0 -> APIC 0x04 -> Node 0
[    0.000000] SRAT: PXM 0 -> APIC 0x06 -> Node 0
[    0.000000] SRAT: PXM 0 -> APIC 0x08 -> Node 0
[    0.000000] SRAT: PXM 0 -> APIC 0x10 -> Node 0
[    0.000000] SRAT: PXM 0 -> APIC 0x12 -> Node 0
[    0.000000] SRAT: PXM 0 -> APIC 0x14 -> Node 0
[    0.000000] SRAT: PXM 0 -> APIC 0x16 -> Node 0
[    0.000000] SRAT: PXM 0 -> APIC 0x18 -> Node 0
[    0.000000] SRAT: PXM 1 -> APIC 0x20 -> Node 1
[    0.000000] SRAT: PXM 1 -> APIC 0x22 -> Node 1
[    0.000000] SRAT: PXM 1 -> APIC 0x24 -> Node 1
[    0.000000] SRAT: PXM 1 -> APIC 0x26 -> Node 1
[    0.000000] SRAT: PXM 1 -> APIC 0x28 -> Node 1
[    0.000000] SRAT: PXM 1 -> APIC 0x30 -> Node 1
[    0.000000] SRAT: PXM 1 -> APIC 0x32 -> Node 1
[    0.000000] SRAT: PXM 1 -> APIC 0x34 -> Node 1
[    0.000000] SRAT: PXM 1 -> APIC 0x36 -> Node 1
[    0.000000] SRAT: PXM 1 -> APIC 0x38 -> Node 1
[    0.000000] SRAT: PXM 0 -> APIC 0x01 -> Node 0
[    0.000000] SRAT: PXM 0 -> APIC 0x03 -> Node 0
[    0.000000] SRAT: PXM 0 -> APIC 0x05 -> Node 0
[    0.000000] SRAT: PXM 0 -> APIC 0x07 -> Node 0
[    0.000000] SRAT: PXM 0 -> APIC 0x09 -> Node 0
[    0.000000] SRAT: PXM 0 -> APIC 0x11 -> Node 0
[    0.000000] SRAT: PXM 0 -> APIC 0x13 -> Node 0
[    0.000000] SRAT: PXM 0 -> APIC 0x15 -> Node 0
[    0.000000] SRAT: PXM 0 -> APIC 0x17 -> Node 0
[    0.000000] SRAT: PXM 0 -> APIC 0x19 -> Node 0
[    0.000000] SRAT: PXM 1 -> APIC 0x21 -> Node 1
[    0.000000] SRAT: PXM 1 -> APIC 0x23 -> Node 1
[    0.000000] SRAT: PXM 1 -> APIC 0x25 -> Node 1
[    0.000000] SRAT: PXM 1 -> APIC 0x27 -> Node 1
[    0.000000] SRAT: PXM 1 -> APIC 0x29 -> Node 1
[    0.000000] SRAT: PXM 1 -> APIC 0x31 -> Node 1
[    0.000000] SRAT: PXM 1 -> APIC 0x33 -> Node 1
[    0.000000] SRAT: PXM 1 -> APIC 0x35 -> Node 1
[    0.000000] SRAT: PXM 1 -> APIC 0x37 -> Node 1
[    0.000000] SRAT: PXM 1 -> APIC 0x39 -> Node 1
[    0.000000] acpi: SRAT: Node 0 PXM 0 [mem 0x00000000-0x7fffffff]
[    0.000000] acpi: SRAT: Node 0 PXM 0 [mem 0x100000000-0x107fffffff]
[    0.000000] acpi: SRAT: Node 0 PXM 0 [mem 0x1080000000-0x147fffffff]
[    0.000000] acpi: SRAT: Node 1 PXM 1 [mem 0x1480000000-0x247fffffff]
[    0.000000] acpi: SRAT: Node 1 PXM 1 [mem 0x2480000000-0x287fffffff]
[    0.000000] NUMA: Initialized distance table, cnt=2
[    0.000000] NUMA: Node 0 [mem 0x00000000-0x7fffffff] + [mem 0x100000000-0x107fffffff] -> [mem 0x00000000-0x107fffffff]
[    0.000000] NUMA: Node 0 [mem 0x00000000-0x107fffffff] + [mem 0x1080000000-0x147fffffff] -> [mem 0x00000000-0x147fffffff]
[    0.000000] NUMA: Node 1 [mem 0x1480000000-0x247fffffff] + [mem 0x2480000000-0x287fffffff] -> [mem 0x1480000000-0x287fffffff]
[    0.000000] NODE_DATA(0) allocated [mem 0x147fffc000-0x147fffffff]
[    0.000000] NODE_DATA(1) allocated [mem 0x287fff9000-0x287fffcfff]
[    0.000000] setup: Reserving 128MB of memory at 768MB for crashkernel (System RAM: 163729MB)
[    0.000000] tsc: Fast TSC calibration using PIT
[    0.000000] page_alloc: Zone ranges:
[    0.000000] page_alloc:   DMA      [mem 0x0000000000001000-0x0000000000ffffff]
[    0.000000] page_alloc:   DMA32    [mem 0x0000000001000000-0x00000000ffffffff]
[    0.000000] page_alloc:   Normal   [mem 0x0000000100000000-0x000000287fffffff]
[    0.000000] page_alloc: Movable zone start for each node
[    0.000000] page_alloc: Early memory node ranges
[    0.000000] page_alloc:   node   0: [mem 0x0000000000001000-0x0000000000098fff]
[    0.000000] page_alloc:   node   0: [mem 0x0000000000100000-0x00000000791d3fff]
[    0.000000] page_alloc:   node   0: [mem 0x0000000100000000-0x000000147fffffff]
[    0.000000] page_alloc:   node   1: [mem 0x0000001480000000-0x000000287fffffff]
[    0.000000] page_alloc: Initmem setup node 0 [mem 0x0000000000001000-0x000000147fffffff]
[    0.000000] On node 0 totalpages: 20943212
[    0.000000]   DMA zone: 144 pages used for memmap
[    0.000000]   DMA zone: 42 pages reserved
[    0.000000]   DMA zone: 3992 pages, LIFO batch:0
[    0.000000]   DMA32 zone: 17297 pages used for memmap
[    0.000000]   DMA32 zone: 491988 pages, LIFO batch:31
[    0.000000]   Normal zone: 718848 pages used for memmap
[    0.000000]   Normal zone: 20447232 pages, LIFO batch:31
[    0.000000] page_alloc: Initmem setup node 1 [mem 0x0000001480000000-0x000000287fffffff]
[    0.000000] On node 1 totalpages: 20971520
[    0.000000]   Normal zone: 737280 pages used for memmap
[    0.000000]   Normal zone: 20971520 pages, LIFO batch:31
[    0.000000] page_alloc: Reserved but unavailable: 104 pages
[    0.000000] ACPI: PM-Timer IO Port: 0x408
[    0.000000] ACPI: Local APIC address 0xfee00000
[    0.000000] tables: LAPIC_NMI (acpi_id[0x00] high edge lint[0x1])
[    0.000000] tables: LAPIC_NMI (acpi_id[0x02] high edge lint[0x1])
[    0.000000] tables: LAPIC_NMI (acpi_id[0x04] high edge lint[0x1])
[    0.000000] tables: LAPIC_NMI (acpi_id[0x06] high edge lint[0x1])
[    0.000000] tables: LAPIC_NMI (acpi_id[0x08] high edge lint[0x1])
[    0.000000] tables: LAPIC_NMI (acpi_id[0x10] high edge lint[0x1])
[    0.000000] tables: LAPIC_NMI (acpi_id[0x12] high edge lint[0x1])
[    0.000000] tables: LAPIC_NMI (acpi_id[0x14] high edge lint[0x1])
[    0.000000] tables: LAPIC_NMI (acpi_id[0x16] high edge lint[0x1])
[    0.000000] tables: LAPIC_NMI (acpi_id[0x18] high edge lint[0x1])
[    0.000000] tables: LAPIC_NMI (acpi_id[0x20] high edge lint[0x1])
[    0.000000] tables: LAPIC_NMI (acpi_id[0x22] high edge lint[0x1])
[    0.000000] tables: LAPIC_NMI (acpi_id[0x24] high edge lint[0x1])
[    0.000000] tables: LAPIC_NMI (acpi_id[0x26] high edge lint[0x1])
[    0.000000] tables: LAPIC_NMI (acpi_id[0x28] high edge lint[0x1])
[    0.000000] tables: LAPIC_NMI (acpi_id[0x30] high edge lint[0x1])
[    0.000000] tables: LAPIC_NMI (acpi_id[0x32] high edge lint[0x1])
[    0.000000] tables: LAPIC_NMI (acpi_id[0x34] high edge lint[0x1])
[    0.000000] tables: LAPIC_NMI (acpi_id[0x36] high edge lint[0x1])
[    0.000000] tables: LAPIC_NMI (acpi_id[0x38] high edge lint[0x1])
[    0.000000] tables: LAPIC_NMI (acpi_id[0x01] high edge lint[0x1])
[    0.000000] tables: LAPIC_NMI (acpi_id[0x03] high edge lint[0x1])
[    0.000000] tables: LAPIC_NMI (acpi_id[0x05] high edge lint[0x1])
[    0.000000] tables: LAPIC_NMI (acpi_id[0x07] high edge lint[0x1])
[    0.000000] tables: LAPIC_NMI (acpi_id[0x09] high edge lint[0x1])
[    0.000000] tables: LAPIC_NMI (acpi_id[0x11] high edge lint[0x1])
[    0.000000] tables: LAPIC_NMI (acpi_id[0x13] high edge lint[0x1])
[    0.000000] tables: LAPIC_NMI (acpi_id[0x15] high edge lint[0x1])
[    0.000000] tables: LAPIC_NMI (acpi_id[0x17] high edge lint[0x1])
[    0.000000] tables: LAPIC_NMI (acpi_id[0x19] high edge lint[0x1])
[    0.000000] tables: LAPIC_NMI (acpi_id[0x21] high edge lint[0x1])
[    0.000000] tables: LAPIC_NMI (acpi_id[0x23] high edge lint[0x1])
[    0.000000] tables: LAPIC_NMI (acpi_id[0x25] high edge lint[0x1])
[    0.000000] tables: LAPIC_NMI (acpi_id[0x27] high edge lint[0x1])
[    0.000000] tables: LAPIC_NMI (acpi_id[0x29] high edge lint[0x1])
[    0.000000] tables: LAPIC_NMI (acpi_id[0x31] high edge lint[0x1])
[    0.000000] tables: LAPIC_NMI (acpi_id[0x33] high edge lint[0x1])
[    0.000000] tables: LAPIC_NMI (acpi_id[0x35] high edge lint[0x1])
[    0.000000] tables: LAPIC_NMI (acpi_id[0x37] high edge lint[0x1])
[    0.000000] tables: LAPIC_NMI (acpi_id[0x39] high edge lint[0x1])
[    0.000000] io_apic: IOAPIC[0]: apic_id 1, version 32, address 0xfec00000, GSI 0-23
[    0.000000] io_apic: IOAPIC[1]: apic_id 2, version 32, address 0xfec01000, GSI 24-47
[    0.000000] io_apic: IOAPIC[2]: apic_id 3, version 32, address 0xfec40000, GSI 48-71
[    0.000000] tables: INT_SRC_OVR (bus 0 bus_irq 0 global_irq 2 dfl dfl)
[    0.000000] tables: INT_SRC_OVR (bus 0 bus_irq 9 global_irq 9 high level)
[    0.000000] ACPI: IRQ0 used by override.
[    0.000000] ACPI: IRQ9 used by override.
[    0.000000] Using ACPI (MADT) for SMP configuration information
[    0.000000] ACPI: HPET id: 0x8086a701 base: 0xfed00000
[    0.000000] smpboot: Allowing 40 CPUs, 0 hotplug CPUs
[    0.000000] snapshot: Registered nosave memory: [mem 0x00000000-0x00000fff]
[    0.000000] snapshot: Registered nosave memory: [mem 0x00099000-0x00099fff]
[    0.000000] snapshot: Registered nosave memory: [mem 0x0009a000-0x0009ffff]
[    0.000000] snapshot: Registered nosave memory: [mem 0x000a0000-0x000dffff]
[    0.000000] snapshot: Registered nosave memory: [mem 0x000e0000-0x000fffff]
[    0.000000] snapshot: Registered nosave memory: [mem 0x791d4000-0x799cdfff]
[    0.000000] snapshot: Registered nosave memory: [mem 0x799ce000-0x79a32fff]
[    0.000000] snapshot: Registered nosave memory: [mem 0x79a33000-0x79fa1fff]
[    0.000000] snapshot: Registered nosave memory: [mem 0x79fa2000-0x8fffffff]
[    0.000000] snapshot: Registered nosave memory: [mem 0x90000000-0xfed1bfff]
[    0.000000] snapshot: Registered nosave memory: [mem 0xfed1c000-0xfed44fff]
[    0.000000] snapshot: Registered nosave memory: [mem 0xfed45000-0xfeffffff]
[    0.000000] snapshot: Registered nosave memory: [mem 0xff000000-0xffffffff]
[    0.000000] e820: e820: [mem 0x90000000-0xfed1bfff] available for PCI devices
[    0.000000] Booting paravirtualized kernel on bare hardware
[    0.000000] clocksource: refined-jiffies: mask: 0xffffffff max_cycles: 0xffffffff, max_idle_ns: 7645519600211568 ns
[    0.000000] setup_percpu: NR_CPUS:256 nr_cpumask_bits:256 nr_cpu_ids:40 nr_node_ids:2
[    0.000000] percpu: Embedded 45 pages/cpu @        (ptrval) s145496 r8192 d30632 u262144
[    0.000000] pcpu-alloc: s145496 r8192 d30632 u262144 alloc=1*2097152
[    0.000000] pcpu-alloc: [0] 00 01 02 03 04 05 06 07 [0] 08 09 20 21 22 23 24 25 
[    0.000000] pcpu-alloc: [0] 26 27 28 29 -- -- -- -- [1] 10 11 12 13 14 15 16 17 
[    0.000000] pcpu-alloc: [1] 18 19 30 31 32 33 34 35 [1] 36 37 38 39 -- -- -- -- 
[    0.000000] page_alloc: Built 2 zonelists, mobility grouping on.  Total pages: 40441121
[    0.000000] page_alloc: Policy zone: Normal
[    0.000000] main: Kernel command line: BOOT_IMAGE=/boot/vmlinuz-4.17.0 root=UUID=4910fb56-38cb-41ae-82bf-3efa1d8a45a0 ro console=ttyS0,115200 crashkernel=384M-:128M
[    0.000000] printk: log_buf_len individual max cpu contribution: 4096 bytes
[    0.000000] printk: log_buf_len total cpu_extra contributions: 159744 bytes
[    0.000000] printk: log_buf_len min size: 262144 bytes
[    0.000000] printk: log_buf_len: 524288 bytes
[    0.000000] printk: early log buf free: 244828(93%)
[    0.000000] Calgary: detecting Calgary via BIOS EBDA area
[    0.000000] Calgary: Unable to locate Rio Grande table in EBDA - bailing!
[    0.000000] page_alloc: Memory: 161224960K/167658928K available (14348K kernel code, 1801K rwdata, 4280K rodata, 1816K init, 132104K bss, 6433968K reserved, 0K cma-reserved)
[    0.000000] slub: SLUB: HWalign=64, Order=0-3, MinObjects=0, CPUs=40, Nodes=2
[    0.000000] Kernel/User page tables isolation: enabled
[    0.000000] libftrace: ftrace: allocating 42157 entries in 165 pages
[    0.000000] trace: 
[    0.000000] trace: **********************************************************
[    0.000000] trace: **   NOTICE NOTICE NOTICE NOTICE NOTICE NOTICE NOTICE   **
[    0.000000] trace: **                                                      **
[    0.000000] trace: ** trace_printk() being used. Allocating extra memory.  **
[    0.000000] trace: **                                                      **
[    0.000000] trace: ** This means that this is a DEBUG kernel and it is     **
[    0.000000] trace: ** unsafe for production use.                           **
[    0.000000] trace: **                                                      **
[    0.000000] trace: ** If you see this message and you are not debugging    **
[    0.000000] trace: ** the kernel, report this immediately to your vendor!  **
[    0.000000] trace: **                                                      **
[    0.000000] trace: **   NOTICE NOTICE NOTICE NOTICE NOTICE NOTICE NOTICE   **
[    0.000000] trace: **********************************************************
[    0.000000] tree: Hierarchical RCU implementation.
[    0.000000] tree: 	RCU restricting CPUs from NR_CPUS=256 to nr_cpu_ids=40.
[    0.000000] tree: RCU: Adjusting geometry for rcu_fanout_leaf=16, nr_cpu_ids=40
[    0.000000] NR_IRQS: 16640, nr_irqs: 1560, preallocated irqs: 16
[    0.000000] tree: 	Offload RCU callbacks from CPUs: (none).
[    0.000000] vt: Console: colour VGA+ 80x25
[    0.000000] printk: console [ttyS0] enabled
[    0.000000] mempolicy: Enabling automatic NUMA balancing. Configure with numa_balancing= or the kernel.numa_balancing sysctl
[    0.000000] ACPI: Core revision 20180313
[    0.000000] clocksource: hpet: mask: 0xffffffff max_cycles: 0xffffffff, max_idle_ns: 133484882848 ns
[    0.000000] hpet clockevent registered
[    0.000000] apic: APIC: Switch to symmetric I/O mode setup
[    0.004000] dmar: Host address width 46
[    0.008000] dmar: DRHD base: 0x000000fbffc000 flags: 0x0
[    0.012000] dmar: dmar0: reg_base_addr fbffc000 ver 1:0 cap d2078c106f0466 ecap f020de
[    0.016000] dmar: DRHD base: 0x000000c7ffc000 flags: 0x1
[    0.020000] dmar: dmar1: reg_base_addr c7ffc000 ver 1:0 cap d2078c106f0466 ecap f020de
[    0.024000] dmar: RMRR base: 0x0000007bb4c000 end: 0x0000007bb5cfff
[    0.028000] dmar: ATSR flags: 0x0
[    0.032000] dmar: RHSA base: 0x000000c7ffc000 proximity domain: 0x0
[    0.036000] dmar: RHSA base: 0x000000fbffc000 proximity domain: 0x1
[    0.040000] intel_irq_remapping: IOAPIC id 3 under DRHD base  0xfbffc000 IOMMU 0
[    0.044000] intel_irq_remapping: IOAPIC id 1 under DRHD base  0xc7ffc000 IOMMU 1
[    0.048000] intel_irq_remapping: IOAPIC id 2 under DRHD base  0xc7ffc000 IOMMU 1
[    0.052000] intel_irq_remapping: HPET id 0 under DRHD base 0xc7ffc000
[    0.056000] intel_irq_remapping: x2apic is disabled because BIOS sets x2apic opt out bit.
[    0.056000] intel_irq_remapping: Use 'intremap=no_x2apic_optout' to override the BIOS setting.
[    0.064000] intel_irq_remapping: Enabled IRQ remapping in xapic mode
[    0.064000] apic: x2apic: IRQ remapping doesn't support X2APIC mode
[    0.068000] probe_64: Switched APIC routing to physical flat.
[    0.072000] ..TIMER: vector=0x30 apic1=0 pin1=2 apic2=-1 pin2=-1
[    0.092000] tsc: Fast TSC calibration using PIT
[    0.096000] tsc: Detected 2593.646 MHz processor
[    0.100000] clocksource: tsc-early: mask: 0xffffffffffffffff max_cycles: 0x2562c982194, max_idle_ns: 440795235236 ns
[    0.104001] calibrate: Calibrating delay loop (skipped), value calculated using timer frequency.. 5187.29 BogoMIPS (lpj=10374584)
[    0.108001] pid: pid_max: default: 40960 minimum: 320
[    0.112073] security: Security Framework initialized
[    0.116001] yama: Yama: becoming mindful.
[    0.120036] AppArmor: AppArmor initialized
[    0.148184] page_alloc: Dentry cache hash table entries: 16777216 (order: 15, 134217728 bytes)
[    0.165046] page_alloc: Inode-cache hash table entries: 8388608 (order: 14, 67108864 bytes)
[    0.168369] page_alloc: Mount-cache hash table entries: 262144 (order: 9, 2097152 bytes)
[    0.176119] page_alloc: Mountpoint-cache hash table entries: 262144 (order: 9, 2097152 bytes)
[    0.180304] topology: CPU: Physical Processor ID: 0
[    0.184001] topology: CPU: Processor Core ID: 0
[    0.188005] intel: ENERGY_PERF_BIAS: Set to 'normal', was 'performance'
[    0.192000] intel: ENERGY_PERF_BIAS: View and update with x86_energy_perf_policy(8)
[    0.196004] mce: CPU supports 22 MCE banks
[    0.200015] therm_throt: CPU0: Thermal monitoring enabled (TM1)
[    0.204021] process: using mwait in idle threads
[    0.208002] common: Last level iTLB entries: 4KB 1024, 2MB 1024, 4MB 1024
[    0.212000] common: Last level dTLB entries: 4KB 1024, 2MB 1024, 4MB 1024, 1GB 4
[    0.216002] Spectre V2 : Vulnerable: Minimal generic ASM retpoline
[    0.220000] Speculative Store Bypass: Vulnerable
[    0.224130] page_alloc: Freeing SMP alternatives memory: 40K
[    0.232506] TSC deadline timer enabled
[    0.232512] smpboot: CPU0: Intel(R) Xeon(R) CPU E5-2660 v3 @ 2.60GHz (family: 0x6, model: 0x3f, stepping: 0x2)
[    0.236133] core: Performance Events: PEBS fmt2+, Haswell events, 16-deep LBR, full-width counters, Intel PMU driver.
[    0.240004] core: ... version:                3
[    0.244000] core: ... bit width:              48
[    0.248000] core: ... generic registers:      4
[    0.252001] core: ... value mask:             0000ffffffffffff
[    0.256000] core: ... max period:             00007fffffffffff
[    0.260000] core: ... fixed-purpose events:   3
[    0.264000] core: ... event mask:             000000070000000f
[    0.268057] srcutree: Hierarchical SRCU implementation.
[    0.276102] watchdog_hld: Enabled. Permanently consumes one hw-PMU counter.
[    0.280007] smp: Bringing up secondary CPUs ...
[    0.284171] x86: Booting SMP configuration:
[    0.288002] .... node  #0, CPUs:        #1  #2  #3  #4  #5  #6  #7  #8  #9
[    0.300003] .... node  #1, CPUs:   #10 #11 #12 #13 #14 #15 #16 #17 #18 #19
[    0.400003] .... node  #0, CPUs:   #20 #21 #22 #23 #24 #25 #26 #27 #28 #29
[    0.416004] .... node  #1, CPUs:   #30 #31 #32 #33 #34 #35 #36 #37 #38 #39
[    0.429249] smp: Brought up 2 nodes, 40 CPUs
[    0.436002] smpboot: Max logical packages: 2
[    0.440001] smpboot: Total of 40 processors activated (207523.41 BogoMIPS)
[    0.453925] devtmpfs: initialized
[    0.456063] init_64: x86/mm: Memory block size: 2048MB
[    0.460777] evm: security.selinux
[    0.464002] evm: security.SMACK64
[    0.467698] evm: security.apparmor
[    0.468000] evm: security.ima
[    0.471307] evm: security.capability
[    0.472060] acpi: PM: Registering ACPI NVS region [mem 0x79a33000-0x79fa1fff] (5697536 bytes)
[    0.476240] clocksource: jiffies: mask: 0xffffffff max_cycles: 0xffffffff, max_idle_ns: 7645041785100000 ns
[    0.480061] page_alloc: futex hash table entries: 16384 (order: 8, 1048576 bytes)
[    0.484363] xor: automatically using best checksumming function   avx       
[    0.488027] core: initialized pinctrl subsystem
[    0.492114] trace: RTC time: 21:53:36, date: 06/30/19
[    0.496634] socket: NET: Registered protocol family 16
[    0.500103] audit: initializing netlink subsys (disabled)
[    0.504021] audit: type=2000 audit(1561931613.504:1): state=initialized audit_enabled=0 res=1
[    0.512004] cpuidle: using governor ladder
[    0.516014] cpuidle: using governor menu
[    0.520050] random: random: get_random_bytes called from kcmp_cookies_init+0x16/0x38 with crng_init=0
[    0.524003] pci_acpi: ACPI FADT declares the system doesn't support PCIe ASPM, so disable it
[    0.528001] ACPI: bus type PCI registered
[    0.532002] acpiphp: ACPI Hot Plug PCI Controller Driver version: 0.5
[    0.536109] mmconfig_shared: PCI: MMCONFIG for domain 0000 [bus 00-ff] at [mem 0x80000000-0x8fffffff] (base 0x80000000)
[    0.540003] mmconfig_shared: PCI: MMCONFIG at [mem 0x80000000-0x8fffffff] reserved in E820
[    0.544014] PCI: Using configuration type 1 for base access
[    0.548034] core: PMU erratum BJ122, BV98, HSD29 worked around, HT is on
[    0.553769] hugetlb: HugeTLB registered 1.00 GiB page size, pre-allocated 0 pages
[    0.556004] hugetlb: HugeTLB registered 2.00 MiB page size, pre-allocated 0 pages
[    0.628002] raid6_pq: raid6: sse2x1   gen()  8303 MB/s
[    0.700001] raid6_pq: raid6: sse2x1   xor()  6585 MB/s
[    0.772007] raid6_pq: raid6: sse2x2   gen() 10539 MB/s
[    0.844002] raid6_pq: raid6: sse2x2   xor()  7249 MB/s
[    0.916002] raid6_pq: raid6: sse2x4   gen() 12320 MB/s
[    0.988002] raid6_pq: raid6: sse2x4   xor()  8444 MB/s
[    1.060001] raid6_pq: raid6: avx2x1   gen() 15737 MB/s
[    1.132001] raid6_pq: raid6: avx2x1   xor() 12544 MB/s
[    1.204001] raid6_pq: raid6: avx2x2   gen() 18969 MB/s
[    1.276001] raid6_pq: raid6: avx2x2   xor() 13583 MB/s
[    1.348002] raid6_pq: raid6: avx2x4   gen() 22207 MB/s
[    1.420002] raid6_pq: raid6: avx2x4   xor() 15086 MB/s
[    1.424001] raid6_pq: raid6: using algorithm avx2x4 gen() 22207 MB/s
[    1.428000] raid6_pq: raid6: .... xor() 15086 MB/s, rmw enabled
[    1.432001] raid6_pq: raid6: using avx2x2 recovery algorithm
[    1.436184] acpi: Added _OSI(Module Device)
[    1.440002] acpi: Added _OSI(Processor Device)
[    1.444001] acpi: Added _OSI(3.0 _SCP Extensions)
[    1.448001] acpi: Added _OSI(Processor Aggregator Device)
[    1.452001] acpi: Added _OSI(Linux-Dell-Video)
[    1.488946] ACPI: 4 ACPI AML tables successfully acquired and loaded
[    1.496385] acpi: [Firmware Bug]: BIOS _OSI(Linux) query ignored
[    1.508758] ACPI: Dynamic OEM Table Load:
[    1.532848] ACPI: Interpreter enabled
[    1.536013] acpi: ACPI: (supports S0 S5)
[    1.540002] ACPI: Using IOAPIC for interrupt routing
[    1.544044] apei: HEST: Table parsing has been initialized.
[    1.548003] PCI: Using host bridge windows from ACPI; if necessary, use "pci=nocrs" and report a bug
[    1.552442] ACPI: Enabled 5 GPEs in block 00 to 3F
[    1.588610] acpi: ACPI: PCI Root Bridge [UNC1] (domain 0000 [bus ff])
[    1.592005] acpi PNP0A03:02: _OSC: OS supports [ExtendedConfig ASPM ClockPM Segments MSI]
[    1.606097] acpi PNP0A03:02: _OSC: OS now controls [PCIeHotplug PME AER PCIeCapability]
[    1.612002] acpi PNP0A03:02: FADT indicates ASPM is unsupported, using BIOS configuration
[    1.624041] probe: PCI host bridge to bus 0000:ff
[    1.628002] pci_bus 0000:ff: root bus resource [bus ff]
[    1.636009] pci 0000:ff:08.0: [8086:2f80] type 00 class 0x088000
[    1.636065] pci 0000:ff:08.2: [8086:2f32] type 00 class 0x110100
[    1.636107] pci 0000:ff:08.3: [8086:2f83] type 00 class 0x088000
[    1.636154] pci 0000:ff:09.0: [8086:2f90] type 00 class 0x088000
[    1.636199] pci 0000:ff:09.2: [8086:2f33] type 00 class 0x110100
[    1.636238] pci 0000:ff:09.3: [8086:2f93] type 00 class 0x088000
[    1.636282] pci 0000:ff:0b.0: [8086:2f81] type 00 class 0x088000
[    1.636318] pci 0000:ff:0b.1: [8086:2f36] type 00 class 0x110100
[    1.636358] pci 0000:ff:0b.2: [8086:2f37] type 00 class 0x110100
[    1.636398] pci 0000:ff:0c.0: [8086:2fe0] type 00 class 0x088000
[    1.636435] pci 0000:ff:0c.1: [8086:2fe1] type 00 class 0x088000
[    1.636472] pci 0000:ff:0c.2: [8086:2fe2] type 00 class 0x088000
[    1.636510] pci 0000:ff:0c.3: [8086:2fe3] type 00 class 0x088000
[    1.636550] pci 0000:ff:0c.4: [8086:2fe4] type 00 class 0x088000
[    1.636588] pci 0000:ff:0c.5: [8086:2fe5] type 00 class 0x088000
[    1.636626] pci 0000:ff:0c.6: [8086:2fe6] type 00 class 0x088000
[    1.636665] pci 0000:ff:0c.7: [8086:2fe7] type 00 class 0x088000
[    1.636703] pci 0000:ff:0d.0: [8086:2fe8] type 00 class 0x088000
[    1.636741] pci 0000:ff:0d.1: [8086:2fe9] type 00 class 0x088000
[    1.636783] pci 0000:ff:0f.0: [8086:2ff8] type 00 class 0x088000
[    1.636820] pci 0000:ff:0f.1: [8086:2ff9] type 00 class 0x088000
[    1.636863] pci 0000:ff:0f.2: [8086:2ffa] type 00 class 0x088000
[    1.636899] pci 0000:ff:0f.3: [8086:2ffb] type 00 class 0x088000
[    1.636938] pci 0000:ff:0f.4: [8086:2ffc] type 00 class 0x088000
[    1.636978] pci 0000:ff:0f.5: [8086:2ffd] type 00 class 0x088000
[    1.637015] pci 0000:ff:0f.6: [8086:2ffe] type 00 class 0x088000
[    1.637054] pci 0000:ff:10.0: [8086:2f1d] type 00 class 0x088000
[    1.637092] pci 0000:ff:10.1: [8086:2f34] type 00 class 0x110100
[    1.637135] pci 0000:ff:10.5: [8086:2f1e] type 00 class 0x088000
[    1.637173] pci 0000:ff:10.6: [8086:2f7d] type 00 class 0x110100
[    1.637209] pci 0000:ff:10.7: [8086:2f1f] type 00 class 0x088000
[    1.637247] pci 0000:ff:12.0: [8086:2fa0] type 00 class 0x088000
[    1.637288] pci 0000:ff:12.1: [8086:2f30] type 00 class 0x110100
[    1.637332] pci 0000:ff:12.4: [8086:2f60] type 00 class 0x088000
[    1.637373] pci 0000:ff:12.5: [8086:2f38] type 00 class 0x110100
[    1.637416] pci 0000:ff:13.0: [8086:2fa8] type 00 class 0x088000
[    1.637459] pci 0000:ff:13.1: [8086:2f71] type 00 class 0x088000
[    1.637502] pci 0000:ff:13.2: [8086:2faa] type 00 class 0x088000
[    1.637550] pci 0000:ff:13.3: [8086:2fab] type 00 class 0x088000
[    1.637594] pci 0000:ff:13.6: [8086:2fae] type 00 class 0x088000
[    1.637636] pci 0000:ff:13.7: [8086:2faf] type 00 class 0x088000
[    1.637676] pci 0000:ff:14.0: [8086:2fb0] type 00 class 0x088000
[    1.637719] pci 0000:ff:14.1: [8086:2fb1] type 00 class 0x088000
[    1.637765] pci 0000:ff:14.2: [8086:2fb2] type 00 class 0x088000
[    1.637808] pci 0000:ff:14.3: [8086:2fb3] type 00 class 0x088000
[    1.637851] pci 0000:ff:14.4: [8086:2fbc] type 00 class 0x088000
[    1.637891] pci 0000:ff:14.5: [8086:2fbd] type 00 class 0x088000
[    1.637931] pci 0000:ff:14.6: [8086:2fbe] type 00 class 0x088000
[    1.637976] pci 0000:ff:14.7: [8086:2fbf] type 00 class 0x088000
[    1.638018] pci 0000:ff:16.0: [8086:2f68] type 00 class 0x088000
[    1.638062] pci 0000:ff:16.1: [8086:2f79] type 00 class 0x088000
[    1.638106] pci 0000:ff:16.2: [8086:2f6a] type 00 class 0x088000
[    1.638151] pci 0000:ff:16.3: [8086:2f6b] type 00 class 0x088000
[    1.638199] pci 0000:ff:16.6: [8086:2f6e] type 00 class 0x088000
[    1.638244] pci 0000:ff:16.7: [8086:2f6f] type 00 class 0x088000
[    1.638285] pci 0000:ff:17.0: [8086:2fd0] type 00 class 0x088000
[    1.638332] pci 0000:ff:17.1: [8086:2fd1] type 00 class 0x088000
[    1.638377] pci 0000:ff:17.2: [8086:2fd2] type 00 class 0x088000
[    1.638424] pci 0000:ff:17.3: [8086:2fd3] type 00 class 0x088000
[    1.638469] pci 0000:ff:17.4: [8086:2fb8] type 00 class 0x088000
[    1.638510] pci 0000:ff:17.5: [8086:2fb9] type 00 class 0x088000
[    1.638551] pci 0000:ff:17.6: [8086:2fba] type 00 class 0x088000
[    1.638592] pci 0000:ff:17.7: [8086:2fbb] type 00 class 0x088000
[    1.638649] pci 0000:ff:1e.0: [8086:2f98] type 00 class 0x088000
[    1.638691] pci 0000:ff:1e.1: [8086:2f99] type 00 class 0x088000
[    1.638731] pci 0000:ff:1e.2: [8086:2f9a] type 00 class 0x088000
[    1.638771] pci 0000:ff:1e.3: [8086:2fc0] type 00 class 0x088000
[    1.638800] pci 0000:ff:1e.4: [8086:2f9c] type 00 class 0x088000
[    1.638847] pci 0000:ff:1f.0: [8086:2f88] type 00 class 0x088000
[    1.638889] pci 0000:ff:1f.2: [8086:2f8a] type 00 class 0x088000
[    1.638991] acpi: ACPI: PCI Root Bridge [UNC0] (domain 0000 [bus 7f])
[    1.644003] acpi PNP0A03:03: _OSC: OS supports [ExtendedConfig ASPM ClockPM Segments MSI]
[    1.652726] acpi PNP0A03:03: _OSC: OS now controls [PCIeHotplug PME AER PCIeCapability]
[    1.664001] acpi PNP0A03:03: FADT indicates ASPM is unsupported, using BIOS configuration
[    1.672035] probe: PCI host bridge to bus 0000:7f
[    1.676002] pci_bus 0000:7f: root bus resource [bus 7f]
[    1.684008] pci 0000:7f:08.0: [8086:2f80] type 00 class 0x088000
[    1.684051] pci 0000:7f:08.2: [8086:2f32] type 00 class 0x110100
[    1.684094] pci 0000:7f:08.3: [8086:2f83] type 00 class 0x088000
[    1.684134] pci 0000:7f:09.0: [8086:2f90] type 00 class 0x088000
[    1.684172] pci 0000:7f:09.2: [8086:2f33] type 00 class 0x110100
[    1.684208] pci 0000:7f:09.3: [8086:2f93] type 00 class 0x088000
[    1.684248] pci 0000:7f:0b.0: [8086:2f81] type 00 class 0x088000
[    1.684285] pci 0000:7f:0b.1: [8086:2f36] type 00 class 0x110100
[    1.684320] pci 0000:7f:0b.2: [8086:2f37] type 00 class 0x110100
[    1.684357] pci 0000:7f:0c.0: [8086:2fe0] type 00 class 0x088000
[    1.684394] pci 0000:7f:0c.1: [8086:2fe1] type 00 class 0x088000
[    1.684428] pci 0000:7f:0c.2: [8086:2fe2] type 00 class 0x088000
[    1.684465] pci 0000:7f:0c.3: [8086:2fe3] type 00 class 0x088000
[    1.684498] pci 0000:7f:0c.4: [8086:2fe4] type 00 class 0x088000
[    1.684533] pci 0000:7f:0c.5: [8086:2fe5] type 00 class 0x088000
[    1.684568] pci 0000:7f:0c.6: [8086:2fe6] type 00 class 0x088000
[    1.684602] pci 0000:7f:0c.7: [8086:2fe7] type 00 class 0x088000
[    1.684639] pci 0000:7f:0d.0: [8086:2fe8] type 00 class 0x088000
[    1.684675] pci 0000:7f:0d.1: [8086:2fe9] type 00 class 0x088000
[    1.684712] pci 0000:7f:0f.0: [8086:2ff8] type 00 class 0x088000
[    1.684747] pci 0000:7f:0f.1: [8086:2ff9] type 00 class 0x088000
[    1.684782] pci 0000:7f:0f.2: [8086:2ffa] type 00 class 0x088000
[    1.684818] pci 0000:7f:0f.3: [8086:2ffb] type 00 class 0x088000
[    1.684853] pci 0000:7f:0f.4: [8086:2ffc] type 00 class 0x088000
[    1.684888] pci 0000:7f:0f.5: [8086:2ffd] type 00 class 0x088000
[    1.684923] pci 0000:7f:0f.6: [8086:2ffe] type 00 class 0x088000
[    1.684959] pci 0000:7f:10.0: [8086:2f1d] type 00 class 0x088000
[    1.684996] pci 0000:7f:10.1: [8086:2f34] type 00 class 0x110100
[    1.685033] pci 0000:7f:10.5: [8086:2f1e] type 00 class 0x088000
[    1.685067] pci 0000:7f:10.6: [8086:2f7d] type 00 class 0x110100
[    1.685100] pci 0000:7f:10.7: [8086:2f1f] type 00 class 0x088000
[    1.685137] pci 0000:7f:12.0: [8086:2fa0] type 00 class 0x088000
[    1.685183] pci 0000:7f:12.1: [8086:2f30] type 00 class 0x110100
[    1.685221] pci 0000:7f:12.4: [8086:2f60] type 00 class 0x088000
[    1.685260] pci 0000:7f:12.5: [8086:2f38] type 00 class 0x110100
[    1.685300] pci 0000:7f:13.0: [8086:2fa8] type 00 class 0x088000
[    1.685340] pci 0000:7f:13.1: [8086:2f71] type 00 class 0x088000
[    1.685383] pci 0000:7f:13.2: [8086:2faa] type 00 class 0x088000
[    1.685423] pci 0000:7f:13.3: [8086:2fab] type 00 class 0x088000
[    1.685463] pci 0000:7f:13.6: [8086:2fae] type 00 class 0x088000
[    1.685500] pci 0000:7f:13.7: [8086:2faf] type 00 class 0x088000
[    1.685538] pci 0000:7f:14.0: [8086:2fb0] type 00 class 0x088000
[    1.685582] pci 0000:7f:14.1: [8086:2fb1] type 00 class 0x088000
[    1.685625] pci 0000:7f:14.2: [8086:2fb2] type 00 class 0x088000
[    1.685665] pci 0000:7f:14.3: [8086:2fb3] type 00 class 0x088000
[    1.685705] pci 0000:7f:14.4: [8086:2fbc] type 00 class 0x088000
[    1.685742] pci 0000:7f:14.5: [8086:2fbd] type 00 class 0x088000
[    1.685783] pci 0000:7f:14.6: [8086:2fbe] type 00 class 0x088000
[    1.685821] pci 0000:7f:14.7: [8086:2fbf] type 00 class 0x088000
[    1.685859] pci 0000:7f:16.0: [8086:2f68] type 00 class 0x088000
[    1.685901] pci 0000:7f:16.1: [8086:2f79] type 00 class 0x088000
[    1.685942] pci 0000:7f:16.2: [8086:2f6a] type 00 class 0x088000
[    1.685986] pci 0000:7f:16.3: [8086:2f6b] type 00 class 0x088000
[    1.686029] pci 0000:7f:16.6: [8086:2f6e] type 00 class 0x088000
[    1.686066] pci 0000:7f:16.7: [8086:2f6f] type 00 class 0x088000
[    1.686104] pci 0000:7f:17.0: [8086:2fd0] type 00 class 0x088000
[    1.686146] pci 0000:7f:17.1: [8086:2fd1] type 00 class 0x088000
[    1.686190] pci 0000:7f:17.2: [8086:2fd2] type 00 class 0x088000
[    1.686233] pci 0000:7f:17.3: [8086:2fd3] type 00 class 0x088000
[    1.686274] pci 0000:7f:17.4: [8086:2fb8] type 00 class 0x088000
[    1.686312] pci 0000:7f:17.5: [8086:2fb9] type 00 class 0x088000
[    1.686351] pci 0000:7f:17.6: [8086:2fba] type 00 class 0x088000
[    1.686392] pci 0000:7f:17.7: [8086:2fbb] type 00 class 0x088000
[    1.686435] pci 0000:7f:1e.0: [8086:2f98] type 00 class 0x088000
[    1.686472] pci 0000:7f:1e.1: [8086:2f99] type 00 class 0x088000
[    1.686509] pci 0000:7f:1e.2: [8086:2f9a] type 00 class 0x088000
[    1.686548] pci 0000:7f:1e.3: [8086:2fc0] type 00 class 0x088000
[    1.686578] pci 0000:7f:1e.4: [8086:2f9c] type 00 class 0x088000
[    1.686621] pci 0000:7f:1f.0: [8086:2f88] type 00 class 0x088000
[    1.686661] pci 0000:7f:1f.2: [8086:2f8a] type 00 class 0x088000
[    1.695136] acpi: ACPI: PCI Root Bridge [PCI0] (domain 0000 [bus 00-7e])
[    1.704004] acpi PNP0A08:00: _OSC: OS supports [ExtendedConfig ASPM ClockPM Segments MSI]
[    1.712517] acpi PNP0A08:00: _OSC: OS now controls [PCIeHotplug PME AER PCIeCapability]
[    1.720001] acpi PNP0A08:00: FADT indicates ASPM is unsupported, using BIOS configuration
[    1.728276] probe: PCI host bridge to bus 0000:00
[    1.736003] pci_bus 0000:00: root bus resource [io  0x0000-0x0cf7 window]
[    1.744002] pci_bus 0000:00: root bus resource [io  0x1000-0x7fff window]
[    1.752001] pci_bus 0000:00: root bus resource [mem 0x000a0000-0x000bffff window]
[    1.760001] pci_bus 0000:00: root bus resource [mem 0x90000000-0xc7ffbfff window]
[    1.768001] pci_bus 0000:00: root bus resource [mem 0x38000000000-0x3bfffffffff window]
[    1.776001] pci_bus 0000:00: root bus resource [bus 00-7e]
[    1.784007] pci 0000:00:00.0: [8086:2f00] type 00 class 0x060000
[    1.784137] pci 0000:00:01.0: [8086:2f02] type 01 class 0x060400
[    1.784181] pci 0000:00:01.0: PME# supported from D0 D3hot D3cold
[    1.784276] pci 0000:00:01.1: [8086:2f03] type 01 class 0x060400
[    1.784319] pci 0000:00:01.1: PME# supported from D0 D3hot D3cold
[    1.784414] pci 0000:00:02.0: [8086:2f04] type 01 class 0x060400
[    1.784457] pci 0000:00:02.0: PME# supported from D0 D3hot D3cold
[    1.784551] pci 0000:00:02.2: [8086:2f06] type 01 class 0x060400
[    1.784594] pci 0000:00:02.2: PME# supported from D0 D3hot D3cold
[    1.784689] pci 0000:00:03.0: [8086:2f08] type 01 class 0x060400
[    1.784731] pci 0000:00:03.0: PME# supported from D0 D3hot D3cold
[    1.784823] pci 0000:00:05.0: [8086:2f28] type 00 class 0x088000
[    1.784932] pci 0000:00:05.1: [8086:2f29] type 00 class 0x088000
[    1.785051] pci 0000:00:05.2: [8086:2f2a] type 00 class 0x088000
[    1.785157] pci 0000:00:05.4: [8086:2f2c] type 00 class 0x080020
[    1.785165] pci 0000:00:05.4: reg 0x10: [mem 0xc7005000-0xc7005fff]
[    1.785285] pci 0000:00:11.0: [8086:8d7c] type 00 class 0xff0000
[    1.785472] pci 0000:00:11.4: [8086:8d62] type 00 class 0x010601
[    1.785489] pci 0000:00:11.4: reg 0x10: [io  0x7110-0x7117]
[    1.785496] pci 0000:00:11.4: reg 0x14: [io  0x7100-0x7103]
[    1.785503] pci 0000:00:11.4: reg 0x18: [io  0x70f0-0x70f7]
[    1.785510] pci 0000:00:11.4: reg 0x1c: [io  0x70e0-0x70e3]
[    1.785517] pci 0000:00:11.4: reg 0x20: [io  0x7020-0x703f]
[    1.785525] pci 0000:00:11.4: reg 0x24: [mem 0xc7004000-0xc70047ff]
[    1.785562] pci 0000:00:11.4: PME# supported from D3hot
[    1.785665] pci 0000:00:16.0: [8086:8d3a] type 00 class 0x078000
[    1.785684] pci 0000:00:16.0: reg 0x10: [mem 0x3bffff13000-0x3bffff1300f 64bit]
[    1.785739] pci 0000:00:16.0: PME# supported from D0 D3hot D3cold
[    1.785825] pci 0000:00:16.1: [8086:8d3b] type 00 class 0x078000
[    1.785844] pci 0000:00:16.1: reg 0x10: [mem 0x3bffff12000-0x3bffff1200f 64bit]
[    1.785898] pci 0000:00:16.1: PME# supported from D0 D3hot D3cold
[    1.786000] pci 0000:00:1a.0: [8086:8d2d] type 00 class 0x0c0320
[    1.786019] pci 0000:00:1a.0: reg 0x10: [mem 0xc7002000-0xc70023ff]
[    1.786094] pci 0000:00:1a.0: PME# supported from D0 D3hot D3cold
[    1.786186] pci 0000:00:1c.0: [8086:8d10] type 01 class 0x060400
[    1.786250] pci 0000:00:1c.0: PME# supported from D0 D3hot D3cold
[    1.786349] pci 0000:00:1c.3: [8086:8d16] type 01 class 0x060400
[    1.786415] pci 0000:00:1c.3: PME# supported from D0 D3hot D3cold
[    1.786516] pci 0000:00:1d.0: [8086:8d26] type 00 class 0x0c0320
[    1.786535] pci 0000:00:1d.0: reg 0x10: [mem 0xc7001000-0xc70013ff]
[    1.786610] pci 0000:00:1d.0: PME# supported from D0 D3hot D3cold
[    1.786702] pci 0000:00:1f.0: [8086:8d44] type 00 class 0x060100
[    1.786884] pci 0000:00:1f.2: [8086:8d02] type 00 class 0x010601
[    1.786898] pci 0000:00:1f.2: reg 0x10: [io  0x7070-0x7077]
[    1.786905] pci 0000:00:1f.2: reg 0x14: [io  0x7060-0x7063]
[    1.786910] pci 0000:00:1f.2: reg 0x18: [io  0x7050-0x7057]
[    1.786917] pci 0000:00:1f.2: reg 0x1c: [io  0x7040-0x7043]
[    1.786922] pci 0000:00:1f.2: reg 0x20: [io  0x7000-0x701f]
[    1.786928] pci 0000:00:1f.2: reg 0x24: [mem 0xc7000000-0xc70007ff]
[    1.786960] pci 0000:00:1f.2: PME# supported from D3hot
[    1.787181] acpiphp: Slot [0] registered
[    1.788034] pci 0000:01:00.0: [8086:1521] type 00 class 0x020000
[    1.788051] pci 0000:01:00.0: reg 0x10: [mem 0xc6a00000-0xc6afffff]
[    1.788062] pci 0000:01:00.0: reg 0x18: [io  0x6020-0x603f]
[    1.788068] pci 0000:01:00.0: reg 0x1c: [mem 0xc6c04000-0xc6c07fff]
[    1.788085] pci 0000:01:00.0: reg 0x30: [mem 0xc6b80000-0xc6bfffff pref]
[    1.788139] pci 0000:01:00.0: PME# supported from D0 D3hot D3cold
[    1.788162] pci 0000:01:00.0: reg 0x184: [mem 0x3bfffe60000-0x3bfffe63fff 64bit pref]
[    1.788163] pci 0000:01:00.0: VF(n) BAR0 space: [mem 0x3bfffe60000-0x3bfffe7ffff 64bit pref] (contains BAR0 for 8 VFs)
[    1.800013] pci 0000:01:00.0: reg 0x190: [mem 0x3bfffe40000-0x3bfffe43fff 64bit pref]
[    1.800014] pci 0000:01:00.0: VF(n) BAR3 space: [mem 0x3bfffe40000-0x3bfffe5ffff 64bit pref] (contains BAR3 for 8 VFs)
[    1.812087] pci 0000:01:00.1: [8086:1521] type 00 class 0x020000
[    1.812103] pci 0000:01:00.1: reg 0x10: [mem 0xc6900000-0xc69fffff]
[    1.812115] pci 0000:01:00.1: reg 0x18: [io  0x6000-0x601f]
[    1.812121] pci 0000:01:00.1: reg 0x1c: [mem 0xc6c00000-0xc6c03fff]
[    1.812137] pci 0000:01:00.1: reg 0x30: [mem 0xc6b00000-0xc6b7ffff pref]
[    1.812188] pci 0000:01:00.1: PME# supported from D0 D3hot D3cold
[    1.812208] pci 0000:01:00.1: reg 0x184: [mem 0x3bfffe20000-0x3bfffe23fff 64bit pref]
[    1.812209] pci 0000:01:00.1: VF(n) BAR0 space: [mem 0x3bfffe20000-0x3bfffe3ffff 64bit pref] (contains BAR0 for 8 VFs)
[    1.824797] pci 0000:01:00.1: reg 0x190: [mem 0x3bfffe00000-0x3bfffe03fff 64bit pref]
[    1.824797] pci 0000:01:00.1: VF(n) BAR3 space: [mem 0x3bfffe00000-0x3bfffe1ffff 64bit pref] (contains BAR3 for 8 VFs)
[    1.836078] pci 0000:00:01.0: PCI bridge to [bus 01-02]
[    1.844003] pci 0000:00:01.0:   bridge window [io  0x6000-0x6fff]
[    1.844005] pci 0000:00:01.0:   bridge window [mem 0xc6900000-0xc6cfffff]
[    1.844008] pci 0000:00:01.0:   bridge window [mem 0x3bfffe00000-0x3bfffefffff 64bit pref]
[    1.844154] pci 0000:00:01.1: PCI bridge to [bus 03]
[    1.848135] pci 0000:00:02.0: PCI bridge to [bus 04]
[    1.856140] pci 0000:05:00.0: [1000:0090] type 00 class 0x010700
[    1.856150] pci 0000:05:00.0: reg 0x10: [io  0x5000-0x50ff]
[    1.856157] pci 0000:05:00.0: reg 0x14: [mem 0xc6e40000-0xc6e4ffff 64bit]
[    1.856163] pci 0000:05:00.0: reg 0x1c: [mem 0xc6e00000-0xc6e3ffff 64bit]
[    1.856170] pci 0000:05:00.0: reg 0x30: [mem 0xc6d00000-0xc6dfffff pref]
[    1.856174] pci 0000:05:00.0: enabling Extended Tags
[    1.860076] pci 0000:05:00.0: supports D1 D2
[    1.860136] pci 0000:00:02.2: PCI bridge to [bus 05]
[    1.868002] pci 0000:00:02.2:   bridge window [io  0x5000-0x5fff]
[    1.868004] pci 0000:00:02.2:   bridge window [mem 0xc6d00000-0xc6efffff]
[    1.868142] pci 0000:06:00.0: [8086:10fb] type 00 class 0x020000
[    1.868154] pci 0000:06:00.0: reg 0x10: [mem 0xc7900000-0xc79fffff pref]
[    1.868163] pci 0000:06:00.0: reg 0x18: [io  0x4020-0x403f]
[    1.868168] pci 0000:06:00.0: reg 0x1c: [mem 0xc7e04000-0xc7e07fff pref]
[    1.868181] pci 0000:06:00.0: reg 0x30: [mem 0xc6f80000-0xc6ffffff pref]
[    1.868220] pci 0000:06:00.0: PME# supported from D0 D3hot
[    1.868236] pci 0000:06:00.0: reg 0x184: [mem 0xc7d00000-0xc7d03fff 64bit pref]
[    1.868237] pci 0000:06:00.0: VF(n) BAR0 space: [mem 0xc7d00000-0xc7dfffff 64bit pref] (contains BAR0 for 64 VFs)
[    1.880009] pci 0000:06:00.0: reg 0x190: [mem 0xc7c00000-0xc7c03fff 64bit pref]
[    1.880010] pci 0000:06:00.0: VF(n) BAR3 space: [mem 0xc7c00000-0xc7cfffff 64bit pref] (contains BAR3 for 64 VFs)
[    1.888135] pci 0000:06:00.1: [8086:10fb] type 00 class 0x020000
[    1.888147] pci 0000:06:00.1: reg 0x10: [mem 0xc7800000-0xc78fffff pref]
[    1.888156] pci 0000:06:00.1: reg 0x18: [io  0x4000-0x401f]
[    1.888161] pci 0000:06:00.1: reg 0x1c: [mem 0xc7e00000-0xc7e03fff pref]
[    1.888173] pci 0000:06:00.1: reg 0x30: [mem 0xc6f00000-0xc6f7ffff pref]
[    1.888210] pci 0000:06:00.1: PME# supported from D0 D3hot
[    1.888224] pci 0000:06:00.1: reg 0x184: [mem 0xc7b00000-0xc7b03fff 64bit pref]
[    1.888226] pci 0000:06:00.1: VF(n) BAR0 space: [mem 0xc7b00000-0xc7bfffff 64bit pref] (contains BAR0 for 64 VFs)
[    1.900011] pci 0000:06:00.1: reg 0x190: [mem 0xc7a00000-0xc7a03fff 64bit pref]
[    1.900012] pci 0000:06:00.1: VF(n) BAR3 space: [mem 0xc7a00000-0xc7afffff 64bit pref] (contains BAR3 for 64 VFs)
[    1.912129] pci 0000:00:03.0: PCI bridge to [bus 06-07]
[    1.920002] pci 0000:00:03.0:   bridge window [io  0x4000-0x4fff]
[    1.920004] pci 0000:00:03.0:   bridge window [mem 0xc6f00000-0xc6ffffff]
[    1.920007] pci 0000:00:03.0:   bridge window [mem 0xc7800000-0xc7efffff 64bit pref]
[    1.920039] pci 0000:00:1c.0: PCI bridge to [bus 08]
[    1.924064] pci 0000:09:00.0: [102b:0522] type 00 class 0x030000
[    1.924096] pci 0000:09:00.0: reg 0x10: [mem 0xc5000000-0xc5ffffff]
[    1.924109] pci 0000:09:00.0: reg 0x14: [mem 0xc6810000-0xc6813fff]
[    1.924123] pci 0000:09:00.0: reg 0x18: [mem 0xc6000000-0xc67fffff]
[    1.924174] pci 0000:09:00.0: reg 0x30: [mem 0xc6800000-0xc680ffff pref]
[    1.924308] pci 0000:00:1c.3: PCI bridge to [bus 09]
[    1.932004] pci 0000:00:1c.3:   bridge window [mem 0xc5000000-0xc68fffff]
[    1.932033] pci_bus 0000:00: on NUMA node 0
[    1.932576] acpi: ACPI: PCI Root Bridge [PCI1] (domain 0000 [bus 80-fe])
[    1.940004] acpi PNP0A08:01: _OSC: OS supports [ExtendedConfig ASPM ClockPM Segments MSI]
[    1.948511] acpi PNP0A08:01: _OSC: OS now controls [PCIeHotplug PME AER PCIeCapability]
[    1.956001] acpi PNP0A08:01: FADT indicates ASPM is unsupported, using BIOS configuration
[    1.964152] probe: PCI host bridge to bus 0000:80
[    1.972002] pci_bus 0000:80: root bus resource [io  0x8000-0xffff window]
[    1.980001] pci_bus 0000:80: root bus resource [mem 0xc8000000-0xfbffbfff window]
[    1.988001] pci_bus 0000:80: root bus resource [mem 0x3c000000000-0x3ffffffffff window]
[    1.996002] pci_bus 0000:80: root bus resource [bus 80-fe]
[    2.004009] pci 0000:80:02.0: [8086:2f04] type 01 class 0x060400
[    2.004060] pci 0000:80:02.0: PME# supported from D0 D3hot D3cold
[    2.004135] pci 0000:80:05.0: [8086:2f28] type 00 class 0x088000
[    2.004222] pci 0000:80:05.1: [8086:2f29] type 00 class 0x088000
[    2.004324] pci 0000:80:05.2: [8086:2f2a] type 00 class 0x088000
[    2.004410] pci 0000:80:05.4: [8086:2f2c] type 00 class 0x080020
[    2.004418] pci 0000:80:05.4: reg 0x10: [mem 0xfbf00000-0xfbf00fff]
[    2.004650] pci 0000:80:02.0: PCI bridge to [bus 81]
[    2.008010] pci_bus 0000:80: on NUMA node 1
[    2.008339] ACPI: PCI Interrupt Link [LNKA] (IRQs 3 4 5 6 7 10 *11 12 14 15)
[    2.016040] ACPI: PCI Interrupt Link [LNKB] (IRQs 3 4 5 6 7 *10 11 12 14 15)
[    2.024038] ACPI: PCI Interrupt Link [LNKC] (IRQs 3 4 5 6 10 *11 12 14 15)
[    2.032039] ACPI: PCI Interrupt Link [LNKD] (IRQs 3 4 *5 6 10 11 12 14 15)
[    2.040037] ACPI: PCI Interrupt Link [LNKE] (IRQs 3 4 5 6 7 10 11 12 14 15) *0, disabled.
[    2.048037] ACPI: PCI Interrupt Link [LNKF] (IRQs 3 4 5 6 7 10 11 12 14 15) *0, disabled.
[    2.060037] ACPI: PCI Interrupt Link [LNKG] (IRQs 3 4 5 6 7 10 11 12 14 15) *0, disabled.
[    2.068037] ACPI: PCI Interrupt Link [LNKH] (IRQs 3 4 5 6 7 10 11 12 14 15) *0, disabled.
[    2.076268] pci 0000:09:00.0: vgaarb: setting as boot VGA device
[    2.080000] pci 0000:09:00.0: vgaarb: VGA device added: decodes=io+mem,owns=io+mem,locks=none
[    2.092003] pci 0000:09:00.0: vgaarb: bridge control possible
[    2.100001] vgaarb: loaded
[    2.103144] SCSI subsystem initialized
[    2.108060] libata version 3.00 loaded.
[    2.108060] ACPI: bus type USB registered
[    2.112013] usbcore: usbcore: registered new interface driver usbfs
[    2.120009] usbcore: usbcore: registered new interface driver hub
[    2.124112] usbcore: usbcore: registered new device driver usb
[    2.132013] pps_core: LinuxPPS API ver. 1 registered
[    2.136001] pps_core: Software ver. 5.3.6 - Copyright 2005-2007 Rodolfo Giometti <giometti@linux.it>
[    2.148003] ptp: PTP clock support registered
[    2.152080] EDAC MC: Ver: 3.0.0
[    2.156037] PCI: Using ACPI for IRQ routing
[    2.164052] PCI: pci_cache_line_size set to 64 bytes
[    2.164201] e820: reserve RAM buffer [mem 0x00099c00-0x0009ffff]
[    2.164203] e820: reserve RAM buffer [mem 0x791d4000-0x7bffffff]
[    2.164324] NetLabel: Initializing
[    2.168001] NetLabel:  domain hash size = 128
[    2.176001] NetLabel:  protocols = UNLABELED CIPSOv4 CALIPSO
[    2.180021] NetLabel:  unlabeled traffic allowed by default
[    2.188035] hpet0: at MMIO 0xfed00000, IRQs 2, 8, 0, 0, 0, 0, 0, 0
[    2.192002] hpet0: 8 comparators, 64-bit 14.318180 MHz counter
[    2.204028] clocksource: Switched to clocksource tsc-early
[    2.228091] VFS: Disk quotas dquot_6.6.0
[    2.232503] dquot: VFS: Dquot-cache hash table entries: 512 (order 0, 4096 bytes)
[    2.241007] AppArmor: AppArmor Filesystem Enabled
[    2.246280] pnp: PnP ACPI init
[    2.249949] pnp 00:00: Plug and Play ACPI device, IDs PNP0b00 (active)
[    2.250048] system 00:01: [io  0x0500-0x057f] has been reserved
[    2.256658] system 00:01: [io  0x0400-0x047f] has been reserved
[    2.263265] system 00:01: [io  0x0580-0x059f] has been reserved
[    2.269872] system 00:01: [io  0x0600-0x061f] has been reserved
[    2.276478] system 00:01: [io  0x0880-0x0883] has been reserved
[    2.283085] system 00:01: [io  0x0800-0x081f] has been reserved
[    2.289697] system 00:01: [mem 0xfed1c000-0xfed3ffff] has been reserved
[    2.297079] system 00:01: [mem 0xfed45000-0xfed8bfff] has been reserved
[    2.304460] system 00:01: [mem 0xff000000-0xffffffff] has been reserved
[    2.311842] system 00:01: [mem 0xfee00000-0xfeefffff] has been reserved
[    2.319223] system 00:01: [mem 0xfed12000-0xfed1200f] has been reserved
[    2.326605] system 00:01: [mem 0xfed12010-0xfed1201f] has been reserved
[    2.333986] system 00:01: [mem 0xfed1b000-0xfed1bfff] has been reserved
[    2.341370] system 00:01: Plug and Play ACPI device, IDs PNP0c02 (active)
[    2.341477] pnp 00:02: [dma 0 disabled]
[    2.341514] pnp 00:02: Plug and Play ACPI device, IDs PNP0501 (active)
[    2.341612] pnp 00:03: [dma 0 disabled]
[    2.341643] pnp 00:03: Plug and Play ACPI device, IDs PNP0501 (active)
[    2.342139] pnp: PnP ACPI: found 4 devices
[    2.352455] clocksource: acpi_pm: mask: 0xffffff max_cycles: 0xffffff, max_idle_ns: 2085701024 ns
[    2.362423] pci 0000:00:01.0: PCI bridge to [bus 01-02]
[    2.368255] pci 0000:00:01.0:   bridge window [io  0x6000-0x6fff]
[    2.375055] pci 0000:00:01.0:   bridge window [mem 0xc6900000-0xc6cfffff]
[    2.382631] pci 0000:00:01.0:   bridge window [mem 0x3bfffe00000-0x3bfffefffff 64bit pref]
[    2.391856] pci 0000:00:01.1: PCI bridge to [bus 03]
[    2.397399] pci 0000:00:02.0: PCI bridge to [bus 04]
[    2.402942] pci 0000:00:02.2: PCI bridge to [bus 05]
[    2.408482] pci 0000:00:02.2:   bridge window [io  0x5000-0x5fff]
[    2.415284] pci 0000:00:02.2:   bridge window [mem 0xc6d00000-0xc6efffff]
[    2.422862] pci 0000:00:03.0: PCI bridge to [bus 06-07]
[    2.428692] pci 0000:00:03.0:   bridge window [io  0x4000-0x4fff]
[    2.435492] pci 0000:00:03.0:   bridge window [mem 0xc6f00000-0xc6ffffff]
[    2.443069] pci 0000:00:03.0:   bridge window [mem 0xc7800000-0xc7efffff 64bit pref]
[    2.451712] pci 0000:00:1c.0: PCI bridge to [bus 08]
[    2.457259] pci 0000:00:1c.3: PCI bridge to [bus 09]
[    2.462801] pci 0000:00:1c.3:   bridge window [mem 0xc5000000-0xc68fffff]
[    2.470372] pci_bus 0000:00: resource 4 [io  0x0000-0x0cf7 window]
[    2.470373] pci_bus 0000:00: resource 5 [io  0x1000-0x7fff window]
[    2.470374] pci_bus 0000:00: resource 6 [mem 0x000a0000-0x000bffff window]
[    2.470375] pci_bus 0000:00: resource 7 [mem 0x90000000-0xc7ffbfff window]
[    2.470376] pci_bus 0000:00: resource 8 [mem 0x38000000000-0x3bfffffffff window]
[    2.470377] pci_bus 0000:01: resource 0 [io  0x6000-0x6fff]
[    2.470378] pci_bus 0000:01: resource 1 [mem 0xc6900000-0xc6cfffff]
[    2.470379] pci_bus 0000:01: resource 2 [mem 0x3bfffe00000-0x3bfffefffff 64bit pref]
[    2.470380] pci_bus 0000:05: resource 0 [io  0x5000-0x5fff]
[    2.470381] pci_bus 0000:05: resource 1 [mem 0xc6d00000-0xc6efffff]
[    2.470382] pci_bus 0000:06: resource 0 [io  0x4000-0x4fff]
[    2.470383] pci_bus 0000:06: resource 1 [mem 0xc6f00000-0xc6ffffff]
[    2.470384] pci_bus 0000:06: resource 2 [mem 0xc7800000-0xc7efffff 64bit pref]
[    2.470385] pci_bus 0000:09: resource 1 [mem 0xc5000000-0xc68fffff]
[    2.470488] pci 0000:80:02.0: PCI bridge to [bus 81]
[    2.476033] pci_bus 0000:80: resource 4 [io  0x8000-0xffff window]
[    2.476034] pci_bus 0000:80: resource 5 [mem 0xc8000000-0xfbffbfff window]
[    2.476035] pci_bus 0000:80: resource 6 [mem 0x3c000000000-0x3ffffffffff window]
[    2.476142] socket: NET: Registered protocol family 2
[    2.482103] page_alloc: tcp_listen_portaddr_hash hash table entries: 65536 (order: 8, 1048576 bytes)
[    2.492594] page_alloc: TCP established hash table entries: 524288 (order: 10, 4194304 bytes)
[    2.502739] page_alloc: TCP bind hash table entries: 65536 (order: 8, 1048576 bytes)
[    2.511535] tcp: Hash tables configured (established 524288 bind 65536)
[    2.519096] page_alloc: UDP hash table entries: 65536 (order: 9, 2097152 bytes)
[    2.527627] page_alloc: UDP-Lite hash table entries: 65536 (order: 9, 2097152 bytes)
[    2.536714] socket: NET: Registered protocol family 1
[    2.564154] pci 0000:00:1a.0: quirk_usb_early_handoff+0x0/0x6b0 took 21120 usecs
[    2.596097] pci 0000:00:1d.0: quirk_usb_early_handoff+0x0/0x6b0 took 23118 usecs
[    2.604363] PCI: CLS mismatch (64 != 32), using 64 bytes
[    2.604376] pci 0000:09:00.0: Video device with shadowed ROM at [mem 0x000c0000-0x000dffff]
[    2.613736] Trying to unpack rootfs image as initramfs...
[    5.041006] page_alloc: Freeing initrd memory: 167996K
[    5.046887] PCI-DMA: Using software bounce buffering for IO (SWIOTLB)
[    5.054087] software IO TLB [mem 0x751d4000-0x791d4000] (64MB) mapped at [        (ptrval)-        (ptrval)]
[    5.065461] intel_rapl_perf: API unit is 2^-32 Joules, 3 fixed counters, 655360 ms ovfl timer
[    5.074980] intel_rapl_perf: hw unit of domain pp0-core 2^-14 Joules
[    5.082071] intel_rapl_perf: hw unit of domain package 2^-14 Joules
[    5.089065] intel_rapl_perf: hw unit of domain dram 2^-16 Joules
[    5.097777] Scanning for low memory corruption every 60 seconds
[    5.105732] system_keyring: Initialise system trusted keyrings
[    5.112310] workingset: workingset: timestamp_bits=40 max_order=26 bucket_order=0
[    5.121781] zbud: loaded
[    5.125156] fuse init (API version 7.26)
[    5.129603] SGI XFS with ACLs, security attributes, realtime, debug enabled
[    5.138072] pstore: using deflate compression
[    5.143870] key: Key type asymmetric registered
[    5.148927] asymmetric_keys: Asymmetric key parser 'x509' registered
[    5.156051] Block layer SCSI generic (bsg) driver version 0.4 loaded (major 248)
[    5.164380] io scheduler noop registered
[    5.168757] io scheduler deadline registered (default)
[    5.174518] io scheduler cfq registered
[    5.178797] io scheduler mq-deadline registered (default)
[    5.184821] io scheduler kyber registered
[    5.191319] pcieport 0000:00:01.0: AER enabled with IRQ 25
[    5.197469] pcieport 0000:00:01.1: AER enabled with IRQ 26
[    5.203612] pcieport 0000:00:02.0: AER enabled with IRQ 28
[    5.209752] pcieport 0000:00:02.2: AER enabled with IRQ 29
[    5.215890] pcieport 0000:00:03.0: AER enabled with IRQ 31
[    5.222037] pcieport 0000:80:02.0: AER enabled with IRQ 35
[    5.228173] pcieport 0000:00:01.0: Signaling PME with IRQ 25
[    5.234496] pcieport 0000:00:01.1: Signaling PME with IRQ 26
[    5.240818] pcieport 0000:00:02.0: Signaling PME with IRQ 28
[    5.247147] pcieport 0000:00:02.2: Signaling PME with IRQ 29
[    5.253474] pcieport 0000:00:03.0: Signaling PME with IRQ 31
[    5.259805] pcieport 0000:00:1c.0: Signaling PME with IRQ 32
[    5.266136] pcieport 0000:00:1c.3: Signaling PME with IRQ 33
[    5.272468] pcieport 0000:80:02.0: Signaling PME with IRQ 35
[    5.278832] intel_idle: MWAIT substates: 0x2120
[    5.278833] intel_idle: v0.4.1 model 0x3F
[    5.280618] intel_idle: lapic_timer_reliable_states 0xffffffff
[    5.280626] ipmi_msghandler: ipmi message handler version 39.2
[    5.287295] ACPI: Deprecated procfs I/F for AC is loaded, please retry with CONFIG_ACPI_PROCFS_POWER cleared
[    5.298293] ACPI: AC Adapter [P111] (on-line)
[    5.303227] input_core: Power Button as /devices/LNXSYSTM:00/LNXSYBUS:00/PNP0C0C:00/input/input0
[    5.313047] ACPI: Power Button [PWRB]
[    5.317167] input_core: Power Button as /devices/LNXSYSTM:00/LNXPWRBN:00/input/input1
[    5.325941] ACPI: Power Button [PWRF]
[    5.335382] ERST: Error Record Serialization Table (ERST) support is initialized.
[    5.343844] pstore: Registered erst as persistent store backend
[    5.350925] ghes: GHES: APEI firmware first mode is enabled by APEI bit and WHEA _OSC.
[    5.359914] 8250: Serial: 8250/16550 driver, 32 ports, IRQ sharing enabled
[    5.388048] serial_core: 00:02: ttyS0 at I/O 0x3f8 (irq = 4, base_baud = 115200) is a 16550A
[    5.417960] serial_core: 00:03: ttyS1 at I/O 0x2f8 (irq = 3, base_baud = 115200) is a 16550A
[    5.428461] Linux agpgart interface v0.103
[    5.439814] brd: brd: module loaded
[    5.447650] loop: module loaded
[    5.451498] libphy: Fixed MDIO Bus: probed
[    5.456246] tun: Universal TUN/TAP device driver, 1.6
[    5.461962] ppp_generic: PPP generic driver version 2.4.2
[    5.468043] ehci_hcd: USB 2.0 'Enhanced' Host Controller (EHCI) Driver
[    5.475333] ehci_pci: ehci-pci: EHCI PCI platform driver
[    5.481433] ehci-pci 0000:00:1a.0: EHCI Host Controller
[    5.487273] ehci-pci 0000:00:1a.0: new USB bus registered, assigned bus number 1
[    5.495532] ehci-pci 0000:00:1a.0: debug port 2
[    5.504487] ehci-pci 0000:00:1a.0: cache line size of 64 is not supported
[    5.504503] ehci-pci 0000:00:1a.0: irq 18, io mem 0xc7002000
[    5.524041] ehci-pci 0000:00:1a.0: USB 2.0 started, EHCI 1.00
[    5.530497] usb usb1: New USB device found, idVendor=1d6b, idProduct=0002, bcdDevice= 4.17
[    5.539721] usb usb1: New USB device strings: Mfr=3, Product=2, SerialNumber=1
[    5.547786] usb usb1: Product: EHCI Host Controller
[    5.553228] usb usb1: Manufacturer: Linux 4.17.0 ehci_hcd
[    5.559254] usb usb1: SerialNumber: 0000:00:1a.0
[    5.564526] hub 1-0:1.0: USB hub found
[    5.568715] hub 1-0:1.0: 2 ports detected
[    5.573433] ehci-pci 0000:00:1d.0: EHCI Host Controller
[    5.579272] ehci-pci 0000:00:1d.0: new USB bus registered, assigned bus number 2
[    5.587537] ehci-pci 0000:00:1d.0: debug port 2
[    5.596498] ehci-pci 0000:00:1d.0: cache line size of 64 is not supported
[    5.596504] ehci-pci 0000:00:1d.0: irq 18, io mem 0xc7001000
[    5.616067] ehci-pci 0000:00:1d.0: USB 2.0 started, EHCI 1.00
[    5.622516] usb usb2: New USB device found, idVendor=1d6b, idProduct=0002, bcdDevice= 4.17
[    5.631743] usb usb2: New USB device strings: Mfr=3, Product=2, SerialNumber=1
[    5.639806] usb usb2: Product: EHCI Host Controller
[    5.645251] usb usb2: Manufacturer: Linux 4.17.0 ehci_hcd
[    5.651277] usb usb2: SerialNumber: 0000:00:1d.0
[    5.656535] hub 2-0:1.0: USB hub found
[    5.660723] hub 2-0:1.0: 2 ports detected
[    5.665340] ehci_platform: ehci-platform: EHCI generic platform driver
[    5.672646] ohci_hcd: USB 1.1 'Open' Host Controller (OHCI) Driver
[    5.679547] ohci_pci: ohci-pci: OHCI PCI platform driver
[    5.685495] ohci_platform: ohci-platform: OHCI generic platform driver
[    5.692787] uhci_hcd: USB Universal Host Controller Interface driver
[    5.699929] i8042: PNP: No PS/2 controller found.
[    5.705250] mousedev: PS/2 mouse device common for all mice
[    5.711603] rtc_cmos 00:00: RTC can wake from S4
[    5.716849] rtc rtc0: invalid alarm value: 2019-6-30 21:53:61
[    5.723315] rtc_cmos 00:00: registered as rtc0
[    5.728297] rtc_cmos 00:00: alarms up to one month, y3k, 114 bytes nvram, hpet irqs
[    5.736880] dm_mod: device-mapper: uevent: version 1.0.3
[    5.742895] dm_mod: device-mapper: ioctl: 4.39.0-ioctl (2018-04-03) initialised: dm-devel@redhat.com
[    5.753099] intel_pstate: Intel P-state driver initializing
[    5.764156] ledtrig_cpu: ledtrig-cpu: registered to indicate activity on CPUs
[    5.772394] socket: NET: Registered protocol family 10
[    5.778491] ipv6: Segment Routing with IPv6
[    5.783185] socket: NET: Registered protocol family 17
[    5.788925] key: Key type dns_resolver registered
[    5.797490] microcode: sig=0x306f2, pf=0x1, revision=0x3a
[    5.804424] microcode: Microcode Update Driver: v2.2.
[    5.804433] sched_clock: Marking stable (5804420644, 0)->(6086384936, -281964292)
[    5.818801] taskstats: registered taskstats version 1
[    5.824443] system_keyring: Loading compiled-in X.509 certificates
[    5.833876] system_keyring: Loaded X.509 cert 'Build time autogenerated kernel key: 1b1a913f2930f03e17d24bcb8371ec0dad641cf6'
[    5.846554] zswap: loaded using pool lzo/zbud
[    5.851905] btrfs: Btrfs loaded, crc32c=crc32c-intel, debug=on
[    5.861222] key: Key type big_key registered
[    5.867358] key: Key type trusted registered
[    5.873452] key: Key type encrypted registered
[    5.878416] AppArmor: AppArmor sha1 policy hashing enabled
[    5.884543] ima: No TPM chip found, activating TPM-bypass! (rc=-19)
[    5.891544] ima: Allocated hash algorithm: sha1
[    5.896616] evm: HMAC attrs: 0x1
[    5.900800] trace:   Magic number: 7:822:905
[    5.905704] acpi device:dd: hash matches
[    5.910263] rtc_cmos 00:00: setting system clock to 2019-06-30 21:53:41 UTC (1561931621)
[    5.916038] usb 1-1: new high-speed USB device number 2 using ehci-pci
[    5.928267] page_alloc: Freeing unused kernel memory: 1816K
[    5.956076] Write protecting the kernel read-only data: 22528k
[    5.963532] page_alloc: Freeing unused kernel memory: 2004K
[    5.973498] page_alloc: Freeing unused kernel memory: 1864K
[    5.989459] systemd-udevd[395]: starting version 204
[    6.004017] usb 2-1: new high-speed USB device number 2 using ehci-pci
[    6.036175] dca: dca service started, version 1.12.1
[    6.046447] ahci 0000:00:11.4: version 3.0
[    6.046726] ahci 0000:00:11.4: AHCI 0001.0300 32 slots 4 ports 6 Gbps 0xf impl SATA mode
[    6.055761] ahci 0000:00:11.4: flags: 64bit ncq pm led clo pio slum part ems apst 
[    6.067356] igb: Intel(R) Gigabit Ethernet Network Driver - version 5.4.0-k
[    6.075130] igb: Copyright (c) 2007-2014 Intel Corporation.
[    6.081753] mpt3sas: mpt3sas version 17.100.00.00 loaded
[    6.081938] igb 0000:01:00.0: PHY reset is blocked due to SOL/IDER session.
[    6.084380] usb 1-1: New USB device found, idVendor=8087, idProduct=800a, bcdDevice= 0.05
[    6.084381] usb 1-1: New USB device strings: Mfr=0, Product=0, SerialNumber=0
[    6.084524] hub 1-1:1.0: USB hub found
[    6.084629] hub 1-1:1.0: 6 ports detected
[    6.108041] tsc: Refined TSC clocksource calibration: 2593.749 MHz
[    6.112705] mpt3sas: mpt3sas_cm0: 64 BIT PCI BUS DMA ADDRESSING SUPPORTED, total mem (161398680 kB)
[    6.116746] clocksource: tsc: mask: 0xffffffffffffffff max_cycles: 0x25632b1b102, max_idle_ns: 440795335950 ns
[    6.134390] scsi host1: ahci
[    6.152606] clocksource: Switched to clocksource tsc
[    6.152736] scsi host2: ahci
[    6.161698] ixgbe: Intel(R) 10 Gigabit PCI Express Network Driver - version 5.1.0-k
[    6.162578] igb 0000:01:00.0: added PHC on eth0
[    6.170246] ixgbe: Copyright (c) 1999-2016 Intel Corporation.
[    6.180380] usb 2-1: New USB device found, idVendor=8087, idProduct=8002, bcdDevice= 0.05
[    6.181724] igb 0000:01:00.0: Intel(R) Gigabit Ethernet Network Connection
[    6.190853] usb 2-1: New USB device strings: Mfr=0, Product=0, SerialNumber=0
[    6.198521] igb 0000:01:00.0: eth0: (PCIe:5.0Gb/s:Width x4) 70:e4:22:84:03:02
[    6.206669] hub 2-1:1.0: USB hub found
[    6.214527] igb 0000:01:00.0: eth0: PBA No: FFFFFF-0FF
[    6.218783] hub 2-1:1.0: 8 ports detected
[    6.224396] igb 0000:01:00.0: Using MSI-X interrupts. 8 rx queue(s), 8 tx queue(s)
[    6.224565] scsi host3: ahci
[    6.241203] igb 0000:01:00.1: PHY reset is blocked due to SOL/IDER session.
[    6.268149] scsi host4: ahci
[    6.280653] ata1: SATA max UDMA/133 abar m2048@0xc7004000 port 0xc7004100 irq 36
[    6.288910] ata2: SATA max UDMA/133 abar m2048@0xc7004000 port 0xc7004180 irq 36
[    6.297165] ata3: SATA max UDMA/133 abar m2048@0xc7004000 port 0xc7004200 irq 36
[    6.305420] ata4: SATA max UDMA/133 abar m2048@0xc7004000 port 0xc7004280 irq 36
[    6.313994] ahci 0000:00:1f.2: AHCI 0001.0300 32 slots 6 ports 6 Gbps 0x3f impl SATA mode
[    6.323129] ahci 0000:00:1f.2: flags: 64bit ncq pm led clo pio slum part ems apst 
[    6.333967] igb 0000:01:00.1: added PHC on eth1
[    6.339023] igb 0000:01:00.1: Intel(R) Gigabit Ethernet Network Connection
[    6.346698] igb 0000:01:00.1: eth1: (PCIe:5.0Gb/s:Width x4) 70:e4:22:84:03:03
[    6.354736] igb 0000:01:00.1: eth1: PBA No: FFFFFF-0FF
[    6.360470] igb 0000:01:00.1: Using MSI-X interrupts. 8 rx queue(s), 8 tx queue(s)
[    6.400050] mpt3sas: mpt3sas_cm0: CurrentHostPageSize is 0: Setting default host page size to 4k
[    6.409878] mpt3sas_cm0: MSI-X vectors supported: 96, no of cores: 40, max_msix_vectors: -1
[    6.419922] mpt3sas: mpt3sas0-msix0: PCI-MSI-X enabled: IRQ 58
[    6.426432] mpt3sas: mpt3sas0-msix1: PCI-MSI-X enabled: IRQ 59
[    6.432933] mpt3sas: mpt3sas0-msix2: PCI-MSI-X enabled: IRQ 60
[    6.439443] mpt3sas: mpt3sas0-msix3: PCI-MSI-X enabled: IRQ 61
[    6.445954] mpt3sas: mpt3sas0-msix4: PCI-MSI-X enabled: IRQ 62
[    6.452464] mpt3sas: mpt3sas0-msix5: PCI-MSI-X enabled: IRQ 63
[    6.458975] mpt3sas: mpt3sas0-msix6: PCI-MSI-X enabled: IRQ 64
[    6.465487] mpt3sas: mpt3sas0-msix7: PCI-MSI-X enabled: IRQ 65
[    6.471996] mpt3sas: mpt3sas0-msix8: PCI-MSI-X enabled: IRQ 66
[    6.478507] mpt3sas: mpt3sas0-msix9: PCI-MSI-X enabled: IRQ 67
[    6.485016] mpt3sas: mpt3sas0-msix10: PCI-MSI-X enabled: IRQ 68
[    6.491624] mpt3sas: mpt3sas0-msix11: PCI-MSI-X enabled: IRQ 69
[    6.498232] mpt3sas: mpt3sas0-msix12: PCI-MSI-X enabled: IRQ 70
[    6.504839] mpt3sas: mpt3sas0-msix13: PCI-MSI-X enabled: IRQ 71
[    6.511445] mpt3sas: mpt3sas0-msix14: PCI-MSI-X enabled: IRQ 74
[    6.518051] mpt3sas: mpt3sas0-msix15: PCI-MSI-X enabled: IRQ 75
[    6.524657] mpt3sas: mpt3sas0-msix16: PCI-MSI-X enabled: IRQ 76
[    6.528032] usb 2-1.4: new high-speed USB device number 3 using ehci-pci
[    6.531264] mpt3sas: mpt3sas0-msix17: PCI-MSI-X enabled: IRQ 77
[    6.545351] mpt3sas: mpt3sas0-msix18: PCI-MSI-X enabled: IRQ 78
[    6.551954] mpt3sas: mpt3sas0-msix19: PCI-MSI-X enabled: IRQ 79
[    6.558560] mpt3sas: mpt3sas0-msix20: PCI-MSI-X enabled: IRQ 80
[    6.565164] mpt3sas: mpt3sas0-msix21: PCI-MSI-X enabled: IRQ 81
[    6.571769] mpt3sas: mpt3sas0-msix22: PCI-MSI-X enabled: IRQ 82
[    6.578375] mpt3sas: mpt3sas0-msix23: PCI-MSI-X enabled: IRQ 83
[    6.584981] mpt3sas: mpt3sas0-msix24: PCI-MSI-X enabled: IRQ 84
[    6.591587] mpt3sas: mpt3sas0-msix25: PCI-MSI-X enabled: IRQ 85
[    6.598195] mpt3sas: mpt3sas0-msix26: PCI-MSI-X enabled: IRQ 86
[    6.604802] mpt3sas: mpt3sas0-msix27: PCI-MSI-X enabled: IRQ 87
[    6.611409] mpt3sas: mpt3sas0-msix28: PCI-MSI-X enabled: IRQ 88
[    6.618024] mpt3sas: mpt3sas0-msix29: PCI-MSI-X enabled: IRQ 89
[    6.624630] mpt3sas: mpt3sas0-msix30: PCI-MSI-X enabled: IRQ 90
[    6.626553] ata4: SATA link down (SStatus 0 SControl 300)
[    6.631236] mpt3sas: mpt3sas0-msix31: PCI-MSI-X enabled: IRQ 91
[    6.631237] mpt3sas: mpt3sas0-msix32: PCI-MSI-X enabled: IRQ 92
[    6.631237] mpt3sas: mpt3sas0-msix33: PCI-MSI-X enabled: IRQ 93
[    6.631237] mpt3sas: mpt3sas0-msix34: PCI-MSI-X enabled: IRQ 94
[    6.631238] mpt3sas: mpt3sas0-msix35: PCI-MSI-X enabled: IRQ 95
[    6.631238] mpt3sas: mpt3sas0-msix36: PCI-MSI-X enabled: IRQ 96
[    6.631239] mpt3sas: mpt3sas0-msix37: PCI-MSI-X enabled: IRQ 97
[    6.631239] mpt3sas: mpt3sas0-msix38: PCI-MSI-X enabled: IRQ 98
[    6.631240] mpt3sas: mpt3sas0-msix39: PCI-MSI-X enabled: IRQ 99
[    6.637318] ata3: SATA link down (SStatus 0 SControl 300)
[    6.643893] mpt3sas: mpt3sas_cm0: iomem(0x00000000c6e40000), mapped(0x        (ptrval)), size(65536)
[    6.643894] mpt3sas: mpt3sas_cm0: ioport(0x0000000000005000), size(256)
[    6.650549] ata1: SATA link down (SStatus 0 SControl 300)
[    6.652381] usb 2-1.4: New USB device found, idVendor=0424, idProduct=2512, bcdDevice= b.b3
[    6.652382] usb 2-1.4: New USB device strings: Mfr=0, Product=0, SerialNumber=0
[    6.652524] hub 2-1.4:1.0: USB hub found
[    6.652629] hub 2-1.4:1.0: 2 ports detected
[    6.681904] scsi host5: ahci
[    6.683615] ata2: SATA link down (SStatus 0 SControl 300)
[    6.690607] ixgbe 0000:06:00.0: Multiqueue Enabled: Rx Queue count = 40, Tx Queue count = 40 XDP Queue count = 0
[    6.732027] usb 2-1.6: new full-speed USB device number 4 using ehci-pci
[    6.736007] ixgbe 0000:06:00.0: PCI Express bandwidth of 32GT/s available
[    6.788567] ixgbe 0000:06:00.0: (Speed:5.0GT/s, Width: x8, Encoding Loss:20%)
[    6.796850] ixgbe 0000:06:00.0: MAC: 2, PHY: 14, SFP+: 3, PBA No: E68793-000
[    6.804719] ixgbe 0000:06:00.0: 90:e2:ba:b5:14:78
[    6.810325] scsi host6: ahci
[    6.813680] scsi host7: ahci
[    6.817030] scsi host8: ahci
[    6.820876] ixgbe 0000:06:00.0: Intel(R) 10 Gigabit Network Connection
[    6.828510] scsi host9: ahci
[    6.851013] scsi host10: ahci
[    6.854352] ata5: SATA max UDMA/133 abar m2048@0xc7000000 port 0xc7000100 irq 57
[    6.859007] usb 2-1.6: New USB device found, idVendor=0624, idProduct=0402, bcdDevice= 0.00
[    6.862600] ata6: SATA max UDMA/133 abar m2048@0xc7000000 port 0xc7000180 irq 57
[    6.862603] ata7: SATA max UDMA/133 abar m2048@0xc7000000 port 0xc7000200 irq 57
[    6.871934] usb 2-1.6: New USB device strings: Mfr=1, Product=2, SerialNumber=3
[    6.871950] usb 2-1.6: Product: Cisco USB Composite Device-0
[    6.880200] ata8: SATA max UDMA/133 abar m2048@0xc7000000 port 0xc7000280 irq 57
[    6.888463] usb 2-1.6: Manufacturer: Avocent
[    6.888466] usb 2-1.6: SerialNumber: 20111102-00000001
[    6.896623] ata9: SATA max UDMA/133 abar m2048@0xc7000000 port 0xc7000300 irq 57
[    6.929992] ata10: SATA max UDMA/133 abar m2048@0xc7000000 port 0xc7000380 irq 57
[    6.938534] hidraw: raw HID events driver (C) Jiri Kosina
[    6.951567] usbcore: usbcore: registered new interface driver usbhid
[    6.958659] usbhid: usbhid: USB HID core driver
[    6.966121] input_core: Avocent Cisco USB Composite Device-0 as /devices/pci0000:00/0000:00:1d.0/usb2/2-1/2-1.6/2-1.6:1.0/0003:0624:0402.0001/input/input2
[    6.987707] mpt3sas: mpt3sas_cm0: CurrentHostPageSize is 0: Setting default host page size to 4k
[    6.997508] mpt3sas: mpt3sas_cm0: sending message unit reset !!
[    7.005662] mpt3sas: mpt3sas_cm0: message unit reset: SUCCESS
[    7.040177] hid-generic 0003:0624:0402.0001: input,hidraw0: USB HID v1.00 Keyboard [Avocent Cisco USB Composite Device-0] on usb-0000:00:1d.0-1.6/input0
[    7.055494] input_core: Avocent Cisco USB Composite Device-0 as /devices/pci0000:00/0000:00:1d.0/usb2/2-1/2-1.6/2-1.6:1.1/0003:0624:0402.0002/input/input3
[    7.060341] ixgbe 0000:06:00.1: Multiqueue Enabled: Rx Queue count = 40, Tx Queue count = 40 XDP Queue count = 0
[    7.071041] hid-generic 0003:0624:0402.0002: input,hidraw1: USB HID v1.00 Mouse [Avocent Cisco USB Composite Device-0] on usb-0000:00:1d.0-1.6/input1
[    7.082579] ixgbe 0000:06:00.1: PCI Express bandwidth of 32GT/s available
[    7.097351] input_core: Avocent Cisco USB Composite Device-0 as /devices/pci0000:00/0000:00:1d.0/usb2/2-1/2-1.6/2-1.6:1.2/0003:0624:0402.0003/input/input4
[    7.104836] ixgbe 0000:06:00.1: (Speed:5.0GT/s, Width: x8, Encoding Loss:20%)
[    7.105152] ixgbe 0000:06:00.1: MAC: 2, PHY: 14, SFP+: 4, PBA No: E68793-000
[    7.120381] hid-generic 0003:0624:0402.0003: input,hidraw2: USB HID v1.00 Mouse [Avocent Cisco USB Composite Device-0] on usb-0000:00:1d.0-1.6/input2
[    7.128250] ixgbe 0000:06:00.1: 90:e2:ba:b5:14:79
[    7.129241] ixgbe 0000:06:00.1: Intel(R) 10 Gigabit Network Connection
[    7.192398] mpt3sas: mpt3sas_cm0: Allocated physical memory: size(22593 kB)
[    7.200171] mpt3sas: mpt3sas_cm0: Current Controller Queue Depth(10104),Max Controller Queue Depth(10240)
[    7.210851] mpt3sas: mpt3sas_cm0: Scatter Gather Elements per IO(128)
[    7.250696] ata8: SATA link down (SStatus 0 SControl 300)
[    7.256759] ata5: SATA link down (SStatus 0 SControl 300)
[    7.262801] ata9: SATA link down (SStatus 0 SControl 300)
[    7.263934] mpt3sas: mpt3sas_cm0: LSISAS3108: FWVersion(11.65.06.00), ChipRevision(0x02), BiosVersion(08.27.03.00)
[    7.268853] ata7: SATA link down (SStatus 0 SControl 300)
[    7.280383] mpt3sas: mpt3sas_cm0: Protocol=(
[    7.280384] mpt3sas: Initiator
[    7.286446] ata10: SATA link down (SStatus 0 SControl 300)
[    7.291186] mpt3sas: ,Target
[    7.294630] ata6: SATA link down (SStatus 0 SControl 300)
[    7.300727] mpt3sas: ), 
[    7.300729] mpt3sas: Capabilities=(
[    7.312799] mpt3sas: TLR
[    7.316689] mpt3sas: ,EEDP
[    7.319512] mpt3sas: ,Snapshot Buffer
[    7.322528] mpt3sas: ,Diag Trace Buffer
[    7.326612] mpt3sas: ,Task Set Full
[    7.330891] mpt3sas: ,NCQ
[    7.334779] mpt3sas: )
[    7.340358] scsi host0: Fusion MPT SAS Host
[    7.345175] ******blk_init_rl***** blk_init_rl:914 
[    7.350711] mpt3sas: mpt3sas_cm0: sending port enable !!
[    7.357796] mpt3sas: mpt3sas_cm0: host_add: handle(0x0001), sas_addr(0x578da6e715bfdc40), phys(8)
[    7.367929] random: random: fast init done
[    7.380002] mpt3sas: mpt3sas_cm0: port enable: SUCCESS
[    7.385896] ******blk_init_rl***** blk_init_rl:914 
[    7.391449] ******blk_init_rl***** blk_init_rl:914 
[    7.397096] scsi 0:0:0:0: Direct-Access     HGST     HUC101212CSS600  A469 PQ: 0 ANSI: 6
[    7.406130] scsi 0:0:0:0: SSP: handle(0x0009), sas_addr(0x5000cca072a689a5), phy(0), device_name(0x5000cca072a689a7)
[    7.417875] scsi 0:0:0:0: enclosure logical id (0x578da6e715bfdc40), slot(1) 
[    7.425840] scsi 0:0:0:0: enclosure level(0x0000), connector name(     )
[    7.434058] ******blk_init_rl***** blk_init_rl:914 
[    7.439607] ******blk_init_rl***** blk_init_rl:914 
[    7.445230] scsi 0:0:1:0: Direct-Access     HGST     HUC101212CSS600  A469 PQ: 0 ANSI: 6
[    7.454266] scsi 0:0:1:0: SSP: handle(0x000b), sas_addr(0x5000cca072a89c19), phy(1), device_name(0x5000cca072a89c1b)
[    7.466008] scsi 0:0:1:0: enclosure logical id (0x578da6e715bfdc40), slot(2) 
[    7.473970] scsi 0:0:1:0: enclosure level(0x0000), connector name(     )
[    7.482198] ******blk_init_rl***** blk_init_rl:914 
[    7.487735] ******blk_init_rl***** blk_init_rl:914 
[    7.493559] scsi 0:0:2:0: Direct-Access     ATA      INTEL SSDSC2BB48 0374 PQ: 0 ANSI: 6
[    7.502594] scsi 0:0:2:0: SATA: handle(0x000a), sas_addr(0x4433221102000000), phy(2), device_name(0x55cd2e404c5f5431)
[    7.514437] scsi 0:0:2:0: enclosure logical id (0x578da6e715bfdc40), slot(3) 
[    7.522400] scsi 0:0:2:0: enclosure level(0x0000), connector name(     )
[    7.529917] scsi 0:0:2:0: atapi(n), ncq(y), asyn_notify(n), smart(y), fua(y), sw_preserve(y)
[    7.540042] sd 0:0:0:0: Attached scsi generic sg0 type 0
[    7.540514] sd 0:0:0:0: [sda] 2344225968 512-byte logical blocks: (1.20 TB/1.09 TiB)
[    7.546137] sd 0:0:1:0: Attached scsi generic sg1 type 0
[    7.546559] sd 0:0:1:0: [sdb] 2344225968 512-byte logical blocks: (1.20 TB/1.09 TiB)
[    7.546798] sd 0:0:1:0: [sdb] Write Protect is off
[    7.546801] sd 0:0:1:0: [sdb] Mode Sense: f7 00 10 08
[    7.547129] sd 0:0:1:0: [sdb] Write cache: enabled, read cache: enabled, supports DPO and FUA
[    7.554848] sd 0:0:0:0: [sda] Write Protect is off
[    7.558189] sd 0:0:1:0: [sdb] Attached SCSI disk
[    7.560724] sd 0:0:2:0: Attached scsi generic sg2 type 0
[    7.561893] sd 0:0:2:0: [sdc] 937703088 512-byte logical blocks: (480 GB/447 GiB)
[    7.561897] sd 0:0:2:0: [sdc] 4096-byte physical blocks
[    7.562408] sd 0:0:2:0: [sdc] Write Protect is off
[    7.562413] sd 0:0:2:0: [sdc] Mode Sense: 9b 00 10 08
[    7.562761] sd 0:0:2:0: [sdc] Write cache: enabled, read cache: enabled, supports DPO and FUA
[    7.565665]  sdc: sdc1
[    7.568731] sd 0:0:2:0: [sdc] Attached SCSI disk
[    7.569193] sd 0:0:0:0: [sda] Mode Sense: f7 00 10 08
[    7.569507] sd 0:0:0:0: [sda] Write cache: enabled, read cache: enabled, supports DPO and FUA
[    7.668168]  sda: sda1 sda2 sda3 sda4
[    7.696456] sd 0:0:0:0: [sda] Attached SCSI disk
[   12.881243] EXT4-fs (sda1): mounting ext3 file system using the ext4 subsystem
[   12.906293] EXT4-fs (sda1): mounted filesystem with ordered data mode. Opts: (null)
[   13.511203] random: init: uninitialized urandom read (12 bytes read)
[   13.804399] init: ureadahead main process (567) terminated with status 5
[   14.012436] random: mountall: uninitialized urandom read (12 bytes read)
[   14.179363] swapfile: Adding 3145724k swap on /dev/sda3.  Priority:-2 extents:1 across:3145724k FS
[   14.263298] random: lsb_release: uninitialized urandom read (24 bytes read)
[   14.605362] systemd-udevd[687]: starting version 204
[   14.760858] EXT4-fs (sda1): re-mounted. Opts: errors=remount-ro
[   14.865887] EXT4-fs (sdc1): mounted filesystem with ordered data mode. Opts: (null)
[   15.152156] lp: driver loaded but no devices found
[   15.465986] FS-Cache: Loaded
[   15.611031] random: dbus-daemon: uninitialized urandom read (12 bytes read)
[   15.952897] random: random: crng init done
[   16.094978] power_meter ACPI000D:00: Found ACPI power meter.
[   16.095025] power_meter ACPI000D:00: Ignoring unsafe software power cap!
[   16.102541] power_meter ACPI000D:00: hwmon_device_register() is deprecated. Please convert the driver to use hwmon_device_register_with_info().
[   16.208267] power_meter ACPI000D:01: Found ACPI power meter.
[   16.208373] power_meter ACPI000D:01: Ignoring unsafe software power cap!
[   16.215901] power_meter ACPI000D:01: hwmon_device_register() is deprecated. Please convert the driver to use hwmon_device_register_with_info().
[   16.309580] ipmi_si: IPMI System Interface driver.
[   16.309596] ipmi_si dmi-ipmi-si.0: ipmi_platform: probing via SMBIOS
[   16.309598] ipmi_si: ipmi_si: SMBIOS: io 0xca2 regsize 1 spacing 1 irq 0
[   16.309598] ipmi_si: ipmi_si: Adding SMBIOS-specified kcs state machine
[   16.309636] ipmi_si IPI0001:00: ipmi_platform: probing via ACPI
[   16.309651] ipmi_si IPI0001:00: [io  0x0ca2] regsize 1 spacing 1 irq 0
[   16.309652] ipmi_si dmi-ipmi-si.0: Removing SMBIOS-specified kcs state machine in favor of ACPI
[   16.324004] ipmi_si: ipmi_si: Adding ACPI-specified kcs state machine
[   16.324095] ipmi_si: ipmi_si: Trying ACPI-specified kcs state machine at i/o address 0xca2, slave address 0x20, irq 0
[   16.599323] cryptd: cryptd: max_cpu_qlen set to 1000
[   16.667081] ipmi_si IPI0001:00: Found new BMC (man_id: 0x00168b, prod_id: 0x0015, dev_id: 0x20)
[   16.678536] ipmi_si IPI0001:00: IPMI kcs interface initialized
[   16.702475] RPC: Registered named UNIX socket transport module.
[   16.702476] RPC: Registered udp transport module.
[   16.702476] RPC: Registered tcp transport module.
[   16.702477] RPC: Registered tcp NFSv4.1 backchannel transport module.
[   16.736602] aesni_intel: AVX2 version of gcm_enc/dec engaged.
[   16.736603] aesni_intel: AES CTR mode by8 optimization enabled
[   16.789446] mei_me 0000:00:16.0: Device doesn't have valid ME Interface
[   17.549811] FS-Cache: Netfs 'nfs' registered for caching
[   18.148084] ixgbe 0000:06:00.1: registered PHC device on eth3
[   18.257346] ipv6: ADDRCONF(NETDEV_UP): eth3: link is not ready
[   18.328208] ixgbe 0000:06:00.1 eth3: detected SFP+: 4
[   18.456697] Installing knfsd (copyright (C) 1996 okir@monad.swb.de).
[   18.476977] ixgbe 0000:06:00.0: registered PHC device on eth2
[   18.550898] EDAC sbridge: Seeking for: PCI ID 8086:2fa0
[   18.550906] EDAC sbridge: Seeking for: PCI ID 8086:2fa0
[   18.550913] EDAC sbridge: Seeking for: PCI ID 8086:2fa0
[   18.550920] EDAC sbridge: Seeking for: PCI ID 8086:2f60
[   18.550922] EDAC sbridge: Seeking for: PCI ID 8086:2f60
[   18.550926] EDAC sbridge: Seeking for: PCI ID 8086:2f60
[   18.550928] EDAC sbridge: Seeking for: PCI ID 8086:2fa8
[   18.550931] EDAC sbridge: Seeking for: PCI ID 8086:2fa8
[   18.550934] EDAC sbridge: Seeking for: PCI ID 8086:2fa8
[   18.550936] EDAC sbridge: Seeking for: PCI ID 8086:2f71
[   18.550938] EDAC sbridge: Seeking for: PCI ID 8086:2f71
[   18.550941] EDAC sbridge: Seeking for: PCI ID 8086:2f71
[   18.550944] EDAC sbridge: Seeking for: PCI ID 8086:2faa
[   18.550946] EDAC sbridge: Seeking for: PCI ID 8086:2faa
[   18.550949] EDAC sbridge: Seeking for: PCI ID 8086:2faa
[   18.550951] EDAC sbridge: Seeking for: PCI ID 8086:2fab
[   18.550954] EDAC sbridge: Seeking for: PCI ID 8086:2fab
[   18.550957] EDAC sbridge: Seeking for: PCI ID 8086:2fab
[   18.550959] EDAC sbridge: Seeking for: PCI ID 8086:2fac
[   18.550964] EDAC sbridge: Seeking for: PCI ID 8086:2fad
[   18.550969] EDAC sbridge: Seeking for: PCI ID 8086:2f68
[   18.550972] EDAC sbridge: Seeking for: PCI ID 8086:2f68
[   18.550975] EDAC sbridge: Seeking for: PCI ID 8086:2f68
[   18.550977] EDAC sbridge: Seeking for: PCI ID 8086:2f79
[   18.550979] EDAC sbridge: Seeking for: PCI ID 8086:2f79
[   18.550983] EDAC sbridge: Seeking for: PCI ID 8086:2f79
[   18.550984] EDAC sbridge: Seeking for: PCI ID 8086:2f6a
[   18.550987] EDAC sbridge: Seeking for: PCI ID 8086:2f6a
[   18.550990] EDAC sbridge: Seeking for: PCI ID 8086:2f6a
[   18.550992] EDAC sbridge: Seeking for: PCI ID 8086:2f6b
[   18.550995] EDAC sbridge: Seeking for: PCI ID 8086:2f6b
[   18.550998] EDAC sbridge: Seeking for: PCI ID 8086:2f6b
[   18.551000] EDAC sbridge: Seeking for: PCI ID 8086:2f6c
[   18.551005] EDAC sbridge: Seeking for: PCI ID 8086:2f6d
[   18.551010] EDAC sbridge: Seeking for: PCI ID 8086:2ffc
[   18.551012] EDAC sbridge: Seeking for: PCI ID 8086:2ffc
[   18.551015] EDAC sbridge: Seeking for: PCI ID 8086:2ffc
[   18.551018] EDAC sbridge: Seeking for: PCI ID 8086:2ffd
[   18.551020] EDAC sbridge: Seeking for: PCI ID 8086:2ffd
[   18.551023] EDAC sbridge: Seeking for: PCI ID 8086:2ffd
[   18.551025] EDAC sbridge: Seeking for: PCI ID 8086:2fbd
[   18.551028] EDAC sbridge: Seeking for: PCI ID 8086:2fbd
[   18.551031] EDAC sbridge: Seeking for: PCI ID 8086:2fbd
[   18.551033] EDAC sbridge: Seeking for: PCI ID 8086:2fbf
[   18.551035] EDAC sbridge: Seeking for: PCI ID 8086:2fbf
[   18.551039] EDAC sbridge: Seeking for: PCI ID 8086:2fbf
[   18.551040] EDAC sbridge: Seeking for: PCI ID 8086:2fb9
[   18.551043] EDAC sbridge: Seeking for: PCI ID 8086:2fb9
[   18.551047] EDAC sbridge: Seeking for: PCI ID 8086:2fb9
[   18.551048] EDAC sbridge: Seeking for: PCI ID 8086:2fbb
[   18.551051] EDAC sbridge: Seeking for: PCI ID 8086:2fbb
[   18.551054] EDAC sbridge: Seeking for: PCI ID 8086:2fbb
[   18.551192] EDAC MC0: Giving out device to module sb_edac controller Haswell SrcID#1_Ha#0: DEV 0000:ff:12.0 (INTERRUPT)
[   18.551307] EDAC MC1: Giving out device to module sb_edac controller Haswell SrcID#0_Ha#0: DEV 0000:7f:12.0 (INTERRUPT)
[   18.551397] EDAC MC2: Giving out device to module sb_edac controller Haswell SrcID#1_Ha#1: DEV 0000:ff:12.4 (INTERRUPT)
[   18.551535] EDAC MC3: Giving out device to module sb_edac controller Haswell SrcID#0_Ha#1: DEV 0000:7f:12.4 (INTERRUPT)
[   18.551536] EDAC sbridge:  Ver: 1.1.2 
[   18.580093] intel_rapl: Found RAPL domain package
[   18.580098] intel_rapl: Found RAPL domain dram
[   18.580099] intel_rapl: DRAM domain energy unit 15300pj
[   18.580235] intel_rapl: Found RAPL domain package
[   18.580238] intel_rapl: Found RAPL domain dram
[   18.580240] intel_rapl: DRAM domain energy unit 15300pj
[   18.585148] ipv6: ADDRCONF(NETDEV_UP): eth2: link is not ready
[   18.656010] ixgbe 0000:06:00.0 eth2: detected SFP+: 3
[   18.673934] ipv6: ADDRCONF(NETDEV_UP): eth1: link is not ready
[   18.762138] igb 0000:01:00.0 eth0: igb: eth0 NIC Link is Up 1000 Mbps Full Duplex, Flow Control: RX
[   18.762423] ipv6: ADDRCONF(NETDEV_UP): eth0: link is not ready
[   18.762427] ipv6: ADDRCONF(NETDEV_CHANGE): eth0: link becomes ready
[   18.846233] systemd-journald[1135]: Failed to resolve 'systemd-journal' group: No such process
[   19.322356] ixgbe 0000:06:00.0: removed PHC on eth2
[   19.405821] ixgbe 0000:06:00.1: removed PHC on eth3
[   21.834694] init: failsafe main process (1545) killed by TERM signal
[   21.911042] init: Failed to obtain startpar-bridge instance: Unknown parameter: INSTANCE
[   22.004276] Loading iSCSI transport class v2.0-870.
[   22.130132] iscsi: registered transport (tcp)
[   22.605494] iscsi: registered transport (iser)
[   22.804438] init: udev-fallback-graphics main process (1750) terminated with status 1
[   24.158133] init: mongodb main process (2019) terminated with status 100
[ 1981.227227] EXT4-fs (sdc1): mounted filesystem with ordered data mode. Opts: (null)
[ 2021.029242] module: nvmemul: loading out-of-tree module taints kernel.
[ 2021.029270] module: nvmemul: module verification failed: signature and/or required key missing - tainting kernel
[ 2021.029546] nvmemul: Loading. Initializing...
[ 2021.029549] nvmemul: major is 245
[ 2022.253231] nvmemul: ioctl command: 0xc008aa02
[ 2022.253235] nvmemul: getpci bus_id 0x7f device_id 0x14, function_id 0x0, offset 0x190, val 0xfff
[ 2022.253239] nvmemul: ioctl command: 0x8008aa01
[ 2022.253240] nvmemul: setpci bus_id=0x7f device_id=0x14, function_id=0x0, val=0x8fff
[ 2022.253243] nvmemul: ioctl command: 0x8008aa01
[ 2022.253244] nvmemul: setpci bus_id=0x7f device_id=0x14, function_id=0x1, val=0x8fff
[ 2022.253246] nvmemul: ioctl command: 0x8008aa01
[ 2022.253247] nvmemul: setpci bus_id=0x7f device_id=0x17, function_id=0x0, val=0x8fff
[ 2022.253249] nvmemul: ioctl command: 0x8008aa01
[ 2022.253250] nvmemul: setpci bus_id=0x7f device_id=0x17, function_id=0x1, val=0x8fff
[ 2022.253252] nvmemul: ioctl command: 0x8008aa01
[ 2022.253253] nvmemul: setpci bus_id=0xff device_id=0x14, function_id=0x0, val=0x800f
[ 2022.253255] nvmemul: ioctl command: 0x8008aa01
[ 2022.253256] nvmemul: setpci bus_id=0xff device_id=0x14, function_id=0x1, val=0x800f
[ 2022.253259] nvmemul: ioctl command: 0x8008aa01
[ 2022.253260] nvmemul: setpci bus_id=0xff device_id=0x17, function_id=0x0, val=0x800f
[ 2022.253262] nvmemul: ioctl command: 0x8008aa01
[ 2022.253263] nvmemul: setpci bus_id=0xff device_id=0x17, function_id=0x1, val=0x800f
[ 2035.003875] perf: interrupt took too long (3964 > 2500), lowering kernel.perf_event_max_sample_rate to 50250
[ 2041.719453] perf: interrupt took too long (5991 > 4955), lowering kernel.perf_event_max_sample_rate to 33250
[ 2053.283417] INFO: NMI handler (perf_event_nmi_handler) took too long to run: 1.208 msecs
[ 2053.283787] perf: interrupt took too long (11568 > 7488), lowering kernel.perf_event_max_sample_rate to 17250
[ 2054.893240] nvmemul: ioctl command: 0x8008aa01
[ 2054.893262] nvmemul: setpci bus_id=0x7f device_id=0x14, function_id=0x0, val=0x800f
[ 2054.893280] nvmemul: ioctl command: 0x8008aa01
[ 2054.893285] nvmemul: setpci bus_id=0x7f device_id=0x14, function_id=0x1, val=0x800f
[ 2054.893302] nvmemul: ioctl command: 0x8008aa01
[ 2054.893303] nvmemul: setpci bus_id=0x7f device_id=0x17, function_id=0x0, val=0x800f
[ 2054.893317] nvmemul: ioctl command: 0x8008aa01
[ 2054.893331] nvmemul: setpci bus_id=0x7f device_id=0x17, function_id=0x1, val=0x800f
[ 2054.893340] nvmemul: ioctl command: 0xc008aa02
[ 2054.893363] nvmemul: getpci bus_id 0xff device_id 0x14, function_id 0x0, offset 0x190, val 0x800f
[ 2054.893386] nvmemul: ioctl command: 0x8008aa01
[ 2054.893386] nvmemul: setpci bus_id=0xff device_id=0x14, function_id=0x0, val=0x8fff
[ 2054.893394] nvmemul: ioctl command: 0x8008aa01
[ 2054.893395] nvmemul: setpci bus_id=0xff device_id=0x14, function_id=0x1, val=0x8fff
[ 2054.893397] nvmemul: ioctl command: 0x8008aa01
[ 2054.893398] nvmemul: setpci bus_id=0xff device_id=0x17, function_id=0x0, val=0x8fff
[ 2054.893401] nvmemul: ioctl command: 0x8008aa01
[ 2054.893401] nvmemul: setpci bus_id=0xff device_id=0x17, function_id=0x1, val=0x8fff
[ 2060.829712] INFO: NMI handler (ghes_notify_nmi) took too long to run: 1.345 msecs
[ 2060.830728] INFO: NMI handler (perf_event_nmi_handler) took too long to run: 1.822 msecs
[ 2061.585551] INFO: NMI handler (ghes_notify_nmi) took too long to run: 2.830 msecs
[ 2070.145516] INFO: NMI handler (perf_event_nmi_handler) took too long to run: 2.092 msecs
[ 2070.145870] perf: interrupt took too long (25481 > 14460), lowering kernel.perf_event_max_sample_rate to 7750
[ 2077.491734] INFO: NMI handler (ghes_notify_nmi) took too long to run: 2.830 msecs
[ 2089.239352] nvmemul: ioctl command: 0xc008aa02
[ 2089.239365] nvmemul: getpci bus_id 0x7f device_id 0x14, function_id 0x0, offset 0x190, val 0x800f
[ 2089.239389] nvmemul: ioctl command: 0x8008aa01
[ 2089.239390] nvmemul: setpci bus_id=0x7f device_id=0x14, function_id=0x0, val=0x8fff
[ 2089.239393] nvmemul: ioctl command: 0x8008aa01
[ 2089.239394] nvmemul: setpci bus_id=0x7f device_id=0x14, function_id=0x1, val=0x8fff
[ 2089.239396] nvmemul: ioctl command: 0x8008aa01
[ 2089.239398] nvmemul: setpci bus_id=0x7f device_id=0x17, function_id=0x0, val=0x8fff
[ 2089.239400] nvmemul: ioctl command: 0x8008aa01
[ 2089.239401] nvmemul: setpci bus_id=0x7f device_id=0x17, function_id=0x1, val=0x8fff
[ 2089.239403] nvmemul: ioctl command: 0xc008aa02
[ 2089.239404] nvmemul: getpci bus_id 0xff device_id 0x14, function_id 0x0, offset 0x190, val 0x8fff
[ 2097.862518] nvmemul: ioctl command: 0xc008aa02
[ 2097.862522] nvmemul: getpci bus_id 0xff device_id 0x14, function_id 0x0, offset 0x190, val 0x8fff
[ 2097.862526] nvmemul: ioctl command: 0xc008aa02
[ 2097.862527] nvmemul: getpci bus_id 0xff device_id 0x14, function_id 0x0, offset 0x190, val 0x8fff
[ 2097.862530] nvmemul: ioctl command: 0x8008aa01
[ 2097.862532] nvmemul: setpci bus_id=0xff device_id=0x14, function_id=0x0, val=0x800f
[ 2097.862534] nvmemul: ioctl command: 0x8008aa01
[ 2097.862535] nvmemul: setpci bus_id=0xff device_id=0x14, function_id=0x1, val=0x800f
[ 2097.862538] nvmemul: ioctl command: 0x8008aa01
[ 2097.862539] nvmemul: setpci bus_id=0xff device_id=0x17, function_id=0x0, val=0x800f
[ 2097.862541] nvmemul: ioctl command: 0x8008aa01
[ 2097.862542] nvmemul: setpci bus_id=0xff device_id=0x17, function_id=0x1, val=0x800f
[ 2111.560753] INFO: NMI handler (perf_event_nmi_handler) took too long to run: 2.229 msecs
[ 2128.667386] nvmemul: ioctl command: 0xc008aa02
[ 2128.667416] nvmemul: getpci bus_id 0xff device_id 0x14, function_id 0x0, offset 0x190, val 0x800f
[ 2128.667445] nvmemul: ioctl command: 0x8008aa01
[ 2128.667447] nvmemul: setpci bus_id=0xff device_id=0x14, function_id=0x0, val=0x801e
[ 2128.667449] nvmemul: ioctl command: 0x8008aa01
[ 2128.667450] nvmemul: setpci bus_id=0xff device_id=0x14, function_id=0x1, val=0x801e
[ 2128.667455] nvmemul: ioctl command: 0x8008aa01
[ 2128.667456] nvmemul: setpci bus_id=0xff device_id=0x17, function_id=0x0, val=0x801e
[ 2128.667458] nvmemul: ioctl command: 0x8008aa01
[ 2128.667459] nvmemul: setpci bus_id=0xff device_id=0x17, function_id=0x1, val=0x801e
[ 2143.850349] nvmemul: ioctl command: 0xc008aa02
[ 2143.850356] nvmemul: getpci bus_id 0xff device_id 0x14, function_id 0x0, offset 0x190, val 0x801e
[ 2143.850372] nvmemul: ioctl command: 0x8008aa01
[ 2143.850374] nvmemul: setpci bus_id=0xff device_id=0x14, function_id=0x0, val=0x802d
[ 2143.850376] nvmemul: ioctl command: 0x8008aa01
[ 2143.850377] nvmemul: setpci bus_id=0xff device_id=0x14, function_id=0x1, val=0x802d
[ 2143.850387] nvmemul: ioctl command: 0x8008aa01
[ 2143.850388] nvmemul: setpci bus_id=0xff device_id=0x17, function_id=0x0, val=0x802d
[ 2143.850390] nvmemul: ioctl command: 0x8008aa01
[ 2143.850391] nvmemul: setpci bus_id=0xff device_id=0x17, function_id=0x1, val=0x802d
[ 2154.634952] nvmemul: ioctl command: 0xc008aa02
[ 2154.634958] nvmemul: getpci bus_id 0xff device_id 0x14, function_id 0x0, offset 0x190, val 0x802d
[ 2154.634982] nvmemul: ioctl command: 0x8008aa01
[ 2154.634983] nvmemul: setpci bus_id=0xff device_id=0x14, function_id=0x0, val=0x803c
[ 2154.634986] nvmemul: ioctl command: 0x8008aa01
[ 2154.634987] nvmemul: setpci bus_id=0xff device_id=0x14, function_id=0x1, val=0x803c
[ 2154.634989] nvmemul: ioctl command: 0x8008aa01
[ 2154.634990] nvmemul: setpci bus_id=0xff device_id=0x17, function_id=0x0, val=0x803c
[ 2154.634993] nvmemul: ioctl command: 0x8008aa01
[ 2154.634994] nvmemul: setpci bus_id=0xff device_id=0x17, function_id=0x1, val=0x803c
[ 2163.497632] nvmemul: ioctl command: 0xc008aa02
[ 2163.497638] nvmemul: getpci bus_id 0xff device_id 0x14, function_id 0x0, offset 0x190, val 0x803c
[ 2163.497647] nvmemul: ioctl command: 0x8008aa01
[ 2163.497648] nvmemul: setpci bus_id=0xff device_id=0x14, function_id=0x0, val=0x804b
[ 2163.497651] nvmemul: ioctl command: 0x8008aa01
[ 2163.497652] nvmemul: setpci bus_id=0xff device_id=0x14, function_id=0x1, val=0x804b
[ 2163.497655] nvmemul: ioctl command: 0x8008aa01
[ 2163.497656] nvmemul: setpci bus_id=0xff device_id=0x17, function_id=0x0, val=0x804b
[ 2163.497658] nvmemul: ioctl command: 0x8008aa01
[ 2163.497659] nvmemul: setpci bus_id=0xff device_id=0x17, function_id=0x1, val=0x804b
[ 2176.748840] drop_caches: sh (4180): drop_caches: 3
[ 2178.725840] drop_caches: sh (4188): drop_caches: 3
[ 2214.569000] EXT4-fs (loop0): mounted filesystem with ordered data mode. Opts: (null)
[ 2221.017153] drop_caches: sh (4303): drop_caches: 3
[ 2222.817295] drop_caches: sh (4312): drop_caches: 3
[ 2222.866150] flag is set to collect hetero allocate  9 
[ 2222.866151] flag is set to enable HETERO_PGCACHE 11 
[ 2222.866152] flag is set to enable HETERO_BUFFER 12 
[ 2222.866153] flag is set to enable HETERO_JOURNAL 13 
[ 2222.866154] flag is set to enable HETERO_RADIX 14 
[ 2222.866155] flag is set to enable HETERO_FULLKERN 15 
[ 2222.866156] flag to set FASTMEM node to 0 
[ 2222.866157] hetero_pid set to 4313 4313 procname numactl
[ 2222.866158] flag to set FASTMEM node to 0 
[ 2222.866159] flag to set MIGRATION FREQ to 2000 
[ 2222.866160] flag enables HETERO_OBJAFF 1 
[ 2222.872184] flag is set to collect hetero allocate  9 
[ 2222.872188] flag is set to enable HETERO_PGCACHE 11 
[ 2222.872189] flag is set to enable HETERO_BUFFER 12 
[ 2222.872189] flag is set to enable HETERO_JOURNAL 13 
[ 2222.872190] flag is set to enable HETERO_RADIX 14 
[ 2222.872191] flag is set to enable HETERO_FULLKERN 15 
[ 2222.872192] flag to set FASTMEM node to 0 
[ 2222.872193] hetero_pid set to 4313 4313 procname redis-server1
[ 2222.872193] flag to set FASTMEM node to 0 
[ 2222.872195] flag to set MIGRATION FREQ to 2000 
[ 2222.872195] flag enables HETERO_OBJAFF 1 
[ 2223.867080] flag is set to collect hetero allocate  9 
[ 2223.867083] flag is set to enable HETERO_PGCACHE 11 
[ 2223.867084] flag is set to enable HETERO_BUFFER 12 
[ 2223.867085] flag is set to enable HETERO_JOURNAL 13 
[ 2223.867086] flag is set to enable HETERO_RADIX 14 
[ 2223.867086] flag is set to enable HETERO_FULLKERN 15 
[ 2223.867087] flag to set FASTMEM node to 0 
[ 2223.867088] hetero_pid set to 4319 4319 procname numactl
[ 2223.867089] flag to set FASTMEM node to 0 
[ 2223.867090] flag to set MIGRATION FREQ to 2000 
[ 2223.867091] flag enables HETERO_OBJAFF 1 
[ 2223.869118] flag is set to collect hetero allocate  9 
[ 2223.869122] flag is set to enable HETERO_PGCACHE 11 
[ 2223.869123] flag is set to enable HETERO_BUFFER 12 
[ 2223.869124] flag is set to enable HETERO_JOURNAL 13 
[ 2223.869124] flag is set to enable HETERO_RADIX 14 
[ 2223.869125] flag is set to enable HETERO_FULLKERN 15 
[ 2223.869126] flag to set FASTMEM node to 0 
[ 2223.869127] hetero_pid set to 4319 4319 procname redis-server2
[ 2223.869128] flag to set FASTMEM node to 0 
[ 2223.869129] flag to set MIGRATION FREQ to 2000 
[ 2223.869130] flag enables HETERO_OBJAFF 1 
[ 2224.868019] flag is set to collect hetero allocate  9 
[ 2224.868021] flag is set to enable HETERO_PGCACHE 11 
[ 2224.868022] flag is set to enable HETERO_BUFFER 12 
[ 2224.868023] flag is set to enable HETERO_JOURNAL 13 
[ 2224.868023] flag is set to enable HETERO_RADIX 14 
[ 2224.868024] flag is set to enable HETERO_FULLKERN 15 
[ 2224.868025] flag to set FASTMEM node to 0 
[ 2224.868026] hetero_pid set to 4324 4324 procname numactl
[ 2224.868027] flag to set FASTMEM node to 0 
[ 2224.868028] flag to set MIGRATION FREQ to 2000 
[ 2224.868029] flag enables HETERO_OBJAFF 1 
[ 2224.869775] flag is set to collect hetero allocate  9 
[ 2224.869777] flag is set to enable HETERO_PGCACHE 11 
[ 2224.869777] flag is set to enable HETERO_BUFFER 12 
[ 2224.869778] flag is set to enable HETERO_JOURNAL 13 
[ 2224.869779] flag is set to enable HETERO_RADIX 14 
[ 2224.869780] flag is set to enable HETERO_FULLKERN 15 
[ 2224.869780] flag to set FASTMEM node to 0 
[ 2224.869783] hetero_pid set to 4324 4324 procname redis-server3
[ 2224.869784] flag to set FASTMEM node to 0 
[ 2224.869785] flag to set MIGRATION FREQ to 2000 
[ 2224.869786] flag enables HETERO_OBJAFF 1 
[ 2225.868923] flag is set to collect hetero allocate  9 
[ 2225.868927] flag is set to enable HETERO_PGCACHE 11 
[ 2225.868928] flag is set to enable HETERO_BUFFER 12 
[ 2225.868928] flag is set to enable HETERO_JOURNAL 13 
[ 2225.868929] flag is set to enable HETERO_RADIX 14 
[ 2225.868930] flag is set to enable HETERO_FULLKERN 15 
