++ APPBASE=/users/skannan/ssd/NVM/appbench/apps/FlashX
++ STORAGE=/users/skannan/ssd/NVM/appbench/shared_data/rocksdb/DATA
++ mkdir -p /users/skannan/ssd/NVM/appbench/shared_data/rocksdb/DATA
++ BENCHMARK=' --benchmarks=fillrandom,readrandom,fillseq,readseq'
++ rm -rf /users/skannan/ssd/NVM/appbench/shared_data/rocksdb/DATA
++ export LD_PRELOAD=/users/skannan/ssd/NVM/appbench/shared_libs/construct/libmigration.so
++ LD_PRELOAD=/users/skannan/ssd/NVM/appbench/shared_libs/construct/libmigration.so
++ numactl --membind=1 /users/skannan/ssd/NVM/appbench/apps/FlashX/flash-graph/test-algs/test_algs /users/skannan/ssd/NVM/appbench/apps/FlashX/flash-graph/conf/run_test.txt /users/skannan/ssd/NVM/appbench/apps/FlashX/build/data/com-friendster.ungraph.adj /users/skannan/ssd/NVM/appbench/apps/FlashX/build/data/com-friendster.ungraph.index pagerank -i 20
initiating tracing...
initiating tracing...
Initialize ops. There are 11 types
SAFS runs on 2 NUMA nodes
The root conf file: FG_TOP/flash-graph/conf/data_files.txt
FG_TOP/flash-graph/conf/data_files.txt doesn't exist
FlashGraph: fail to initialize SAFS
FlashMatrix runs on 4 threads and 1 NUMA nodes
reserved 0 bytes are associated with NUMA nodes and 0 bytes aren't

FlashGraph runs on 4 threads and 2 nodes
Configuration parameters in graph algorithm.
	threads: 4
	prof_file: 
	trace_file: 
	max_processing_vertices: 2000
	enable_elevator: 0
	part_range_size_log: 10
	preload: 0
	index_file_weight: 10
	in_mem_graph: 0
	num_vparts: 1
	min_vpart_degree: 2147483647
	serial_run: 1
	vertex_merge_gap: 0
load a graph of 17444610048 bytes
load vertex index: file size: 329686816, index size: 329686816
init from a compressed vertex index
There are 848507 large in-vertices and 1350523 large out-vertices
init in-mem compressed index takes 0.756734 seconds
There are 124836180 vertices
It takes 1.52594 seconds to initialize the graph engine
Pagerank (at maximal 20 iterations) starting
prof_file: 
Iter 0 takes 12.074 seconds, and 0 vertices are in iter 1
The graph engine takes 12.0746 seconds to complete


application termination...
++ export LD_PRELOAD=
++ LD_PRELOAD=
++ exit
[    0.000000] main: Linux version 4.17.0 (root@node-0.wisc5.fsperfatscale-pg0.wisc.cloudlab.us) (gcc version 4.8.4 (Ubuntu 4.8.4-2ubuntu1~14.04.4)) #6 SMP Tue Aug 6 01:20:06 MDT 2019
[    0.000000] Command line: BOOT_IMAGE=/boot/vmlinuz-4.17.0 root=UUID=4910fb56-38cb-41ae-82bf-3efa1d8a45a0 ro console=ttyS0,115200 crashkernel=384M-:128M
[    0.000000] common: KERNEL supported cpus:
[    0.000000] common:   Intel GenuineIntel
[    0.000000] common:   AMD AuthenticAMD
[    0.000000] common:   Centaur CentaurHauls
[    0.000000] xstate: x86/fpu: Supporting XSAVE feature 0x001: 'x87 floating point registers'
[    0.000000] xstate: x86/fpu: Supporting XSAVE feature 0x002: 'SSE registers'
[    0.000000] xstate: x86/fpu: Supporting XSAVE feature 0x004: 'AVX registers'
[    0.000000] xstate: x86/fpu: xstate_offset[2]:  576, xstate_sizes[2]:  256
[    0.000000] xstate: x86/fpu: Enabled xstate features 0x7, context size is 832 bytes, using 'standard' format.
[    0.000000] e820: e820: BIOS-provided physical RAM map:
[    0.000000] e820: BIOS-e820: [mem 0x0000000000000000-0x0000000000099bff] usable
[    0.000000] e820: BIOS-e820: [mem 0x0000000000099c00-0x000000000009ffff] reserved
[    0.000000] e820: BIOS-e820: [mem 0x00000000000e0000-0x00000000000fffff] reserved
[    0.000000] e820: BIOS-e820: [mem 0x0000000000100000-0x00000000791d3fff] usable
[    0.000000] e820: BIOS-e820: [mem 0x00000000791d4000-0x00000000799cdfff] reserved
[    0.000000] e820: BIOS-e820: [mem 0x00000000799ce000-0x0000000079a32fff] ACPI data
[    0.000000] e820: BIOS-e820: [mem 0x0000000079a33000-0x0000000079fa1fff] ACPI NVS
[    0.000000] e820: BIOS-e820: [mem 0x0000000079fa2000-0x000000008fffffff] reserved
[    0.000000] e820: BIOS-e820: [mem 0x00000000fed1c000-0x00000000fed44fff] reserved
[    0.000000] e820: BIOS-e820: [mem 0x00000000ff000000-0x00000000ffffffff] reserved
[    0.000000] e820: BIOS-e820: [mem 0x0000000100000000-0x000000287fffffff] usable
[    0.000000] NX (Execute Disable) protection: active
[    0.000000] dmi_scan: SMBIOS 3.0.0 present.
[    0.000000] dmi_scan: DMI: Cisco Systems Inc UCSC-C220-M4S/UCSC-C220-M4S, BIOS C220M4.3.0.3c.0.0831170216 08/31/2017
[    0.000000] e820: update [mem 0x00000000-0x00000fff] usable ==> reserved
[    0.000000] e820: remove [mem 0x000a0000-0x000fffff] usable
[    0.000000] e820: e820: last_pfn = 0x2880000 max_arch_pfn = 0x400000000
[    0.000000] generic: MTRR default type: write-back
[    0.000000] generic: MTRR fixed ranges enabled:
[    0.000000] generic:   00000-9FFFF write-back
[    0.000000] generic:   A0000-BFFFF uncachable
[    0.000000] generic:   C0000-FFFFF write-protect
[    0.000000] generic: MTRR variable ranges enabled:
[    0.000000] generic:   0 base 000080000000 mask 3FFF80000000 uncachable
[    0.000000] generic:   1 base 038000000000 mask 3F8000000000 uncachable
[    0.000000] generic:   2 disabled
[    0.000000] generic:   3 disabled
[    0.000000] generic:   4 disabled
[    0.000000] generic:   5 disabled
[    0.000000] generic:   6 disabled
[    0.000000] generic:   7 disabled
[    0.000000] generic:   8 disabled
[    0.000000] generic:   9 disabled
[    0.000000] x86/PAT: Configuration [0-7]: WB  WC  UC- UC  WB  WP  UC- WT  
[    0.000000] e820: e820: last_pfn = 0x791d4 max_arch_pfn = 0x400000000
[    0.000000] mpparse: found SMP MP-table at [mem 0x000fd010-0x000fd01f] mapped at [        (ptrval)]
[    0.000000] Scanning 1 areas for low memory corruption
[    0.000000] Base memory trampoline at [        (ptrval)] 7e000 size 24576
[    0.000000] Using GB pages for direct mapping
[    0.000000] BRK [0x0aecd000, 0x0aecdfff] PGTABLE
[    0.000000] BRK [0x0aece000, 0x0aecefff] PGTABLE
[    0.000000] BRK [0x0aecf000, 0x0aecffff] PGTABLE
[    0.000000] RAMDISK: [mem 0x237cc000-0x2dbddfff]
[    0.000000] tables: Early table checksum verification disabled
[    0.000000] ACPI: RSDP 0x00000000000F05B0 000024 (v02 Cisco0)
[    0.000000] ACPI: XSDT 0x00000000799E20A8 0000D4 (v01 Cisco0 CiscoUCS 01072009 AMI  00010013)
[    0.000000] ACPI: FACP 0x0000000079A16CE0 00010C (v05 Cisco0 CiscoUCS 01072009 AMI  00010013)
[    0.000000] ACPI: DSDT 0x00000000799E2210 034ACB (v02 Cisco0 CiscoUCS 01072009 INTL 20091013)
[    0.000000] ACPI: FACS 0x0000000079FA0F80 000040
[    0.000000] ACPI: APIC 0x0000000079A16DF0 000294 (v03 Cisco0 CiscoUCS 01072009 AMI  00010013)
[    0.000000] ACPI: FPDT 0x0000000079A17088 000044 (v01 Cisco0 CiscoUCS 01072009 AMI  00010013)
[    0.000000] ACPI: FIDT 0x0000000079A170D0 00009C (v01 Cisco0 CiscoUCS 01072009 AMI  00010013)
[    0.000000] ACPI: SPMI 0x0000000079A17170 000041 (v05 Cisco0 CiscoUCS 00000000 AMI. 00000000)
[    0.000000] ACPI: MCFG 0x0000000079A171B8 00003C (v01 Cisco0 CiscoUCS 01072009 MSFT 00000097)
[    0.000000] ACPI: UEFI 0x0000000079A171F8 000042 (v01 Cisco0 CiscoUCS 01072009      00000000)
[    0.000000] ACPI: HPET 0x0000000079A17240 000038 (v01 Cisco0 CiscoUCS 00000001 INTL 20091013)
[    0.000000] ACPI: MSCT 0x0000000079A17278 000090 (v01 Cisco0 CiscoUCS 00000001 INTL 20091013)
[    0.000000] ACPI: SLIT 0x0000000079A17308 000030 (v01 Cisco0 CiscoUCS 00000001 INTL 20091013)
[    0.000000] ACPI: SRAT 0x0000000079A17338 001158 (v03 Cisco0 CiscoUCS 00000001 INTL 20091013)
[    0.000000] ACPI: WDDT 0x0000000079A18490 000040 (v01 Cisco0 CiscoUCS 00000000 INTL 20091013)
[    0.000000] ACPI: SSDT 0x0000000079A184D0 0171BD (v02 Cisco0 PmMgt    00000002 INTL 20120913)
[    0.000000] ACPI: NITR 0x0000000079A2F690 000071 (v02 Cisco0 CiscoUCS 00000001 INTL 20091013)
[    0.000000] ACPI: SSDT 0x0000000079A2F708 002654 (v02 Cisco0 SpsNm    00000002 INTL 20120913)
[    0.000000] ACPI: SSDT 0x0000000079A31D60 000064 (v02 Cisco0 SpsNvs   00000002 INTL 20120913)
[    0.000000] ACPI: PRAD 0x0000000079A31DC8 000102 (v02 Cisco0 CiscoUCS 00000002 INTL 20120913)
[    0.000000] ACPI: DMAR 0x0000000079A31ED0 000100 (v01 Cisco0 CiscoUCS 00000001 INTL 20091013)
[    0.000000] ACPI: HEST 0x0000000079A31FD0 0000A8 (v01 Cisco0 CiscoUCS 00000001 INTL 00000001)
[    0.000000] ACPI: BERT 0x0000000079A32078 000030 (v01 Cisco0 CiscoUCS 00000001 INTL 00000001)
[    0.000000] ACPI: ERST 0x0000000079A320A8 000230 (v01 Cisco0 CiscoUCS 00000001 INTL 00000001)
[    0.000000] ACPI: EINJ 0x0000000079A322D8 000130 (v01 Cisco0 CiscoUCS 00000001 INTL 00000001)
[    0.000000] ACPI: Local APIC address 0xfee00000
[    0.000000] SRAT: PXM 0 -> APIC 0x00 -> Node 0
[    0.000000] SRAT: PXM 0 -> APIC 0x02 -> Node 0
[    0.000000] SRAT: PXM 0 -> APIC 0x04 -> Node 0
[    0.000000] SRAT: PXM 0 -> APIC 0x06 -> Node 0
[    0.000000] SRAT: PXM 0 -> APIC 0x08 -> Node 0
[    0.000000] SRAT: PXM 0 -> APIC 0x10 -> Node 0
[    0.000000] SRAT: PXM 0 -> APIC 0x12 -> Node 0
[    0.000000] SRAT: PXM 0 -> APIC 0x14 -> Node 0
[    0.000000] SRAT: PXM 0 -> APIC 0x16 -> Node 0
[    0.000000] SRAT: PXM 0 -> APIC 0x18 -> Node 0
[    0.000000] SRAT: PXM 1 -> APIC 0x20 -> Node 1
[    0.000000] SRAT: PXM 1 -> APIC 0x22 -> Node 1
[    0.000000] SRAT: PXM 1 -> APIC 0x24 -> Node 1
[    0.000000] SRAT: PXM 1 -> APIC 0x26 -> Node 1
[    0.000000] SRAT: PXM 1 -> APIC 0x28 -> Node 1
[    0.000000] SRAT: PXM 1 -> APIC 0x30 -> Node 1
[    0.000000] SRAT: PXM 1 -> APIC 0x32 -> Node 1
[    0.000000] SRAT: PXM 1 -> APIC 0x34 -> Node 1
[    0.000000] SRAT: PXM 1 -> APIC 0x36 -> Node 1
[    0.000000] SRAT: PXM 1 -> APIC 0x38 -> Node 1
[    0.000000] SRAT: PXM 0 -> APIC 0x01 -> Node 0
[    0.000000] SRAT: PXM 0 -> APIC 0x03 -> Node 0
[    0.000000] SRAT: PXM 0 -> APIC 0x05 -> Node 0
[    0.000000] SRAT: PXM 0 -> APIC 0x07 -> Node 0
[    0.000000] SRAT: PXM 0 -> APIC 0x09 -> Node 0
[    0.000000] SRAT: PXM 0 -> APIC 0x11 -> Node 0
[    0.000000] SRAT: PXM 0 -> APIC 0x13 -> Node 0
[    0.000000] SRAT: PXM 0 -> APIC 0x15 -> Node 0
[    0.000000] SRAT: PXM 0 -> APIC 0x17 -> Node 0
[    0.000000] SRAT: PXM 0 -> APIC 0x19 -> Node 0
[    0.000000] SRAT: PXM 1 -> APIC 0x21 -> Node 1
[    0.000000] SRAT: PXM 1 -> APIC 0x23 -> Node 1
[    0.000000] SRAT: PXM 1 -> APIC 0x25 -> Node 1
[    0.000000] SRAT: PXM 1 -> APIC 0x27 -> Node 1
[    0.000000] SRAT: PXM 1 -> APIC 0x29 -> Node 1
[    0.000000] SRAT: PXM 1 -> APIC 0x31 -> Node 1
[    0.000000] SRAT: PXM 1 -> APIC 0x33 -> Node 1
[    0.000000] SRAT: PXM 1 -> APIC 0x35 -> Node 1
[    0.000000] SRAT: PXM 1 -> APIC 0x37 -> Node 1
[    0.000000] SRAT: PXM 1 -> APIC 0x39 -> Node 1
[    0.000000] acpi: SRAT: Node 0 PXM 0 [mem 0x00000000-0x7fffffff]
[    0.000000] acpi: SRAT: Node 0 PXM 0 [mem 0x100000000-0x107fffffff]
[    0.000000] acpi: SRAT: Node 0 PXM 0 [mem 0x1080000000-0x147fffffff]
[    0.000000] acpi: SRAT: Node 1 PXM 1 [mem 0x1480000000-0x247fffffff]
[    0.000000] acpi: SRAT: Node 1 PXM 1 [mem 0x2480000000-0x287fffffff]
[    0.000000] NUMA: Initialized distance table, cnt=2
[    0.000000] NUMA: Node 0 [mem 0x00000000-0x7fffffff] + [mem 0x100000000-0x107fffffff] -> [mem 0x00000000-0x107fffffff]
[    0.000000] NUMA: Node 0 [mem 0x00000000-0x107fffffff] + [mem 0x1080000000-0x147fffffff] -> [mem 0x00000000-0x147fffffff]
[    0.000000] NUMA: Node 1 [mem 0x1480000000-0x247fffffff] + [mem 0x2480000000-0x287fffffff] -> [mem 0x1480000000-0x287fffffff]
[    0.000000] NODE_DATA(0) allocated [mem 0x147fffc000-0x147fffffff]
[    0.000000] NODE_DATA(1) allocated [mem 0x287fff9000-0x287fffcfff]
[    0.000000] setup: Reserving 128MB of memory at 768MB for crashkernel (System RAM: 163729MB)
[    0.000000] tsc: Fast TSC calibration using PIT
[    0.000000] page_alloc: Zone ranges:
[    0.000000] page_alloc:   DMA      [mem 0x0000000000001000-0x0000000000ffffff]
[    0.000000] page_alloc:   DMA32    [mem 0x0000000001000000-0x00000000ffffffff]
[    0.000000] page_alloc:   Normal   [mem 0x0000000100000000-0x000000287fffffff]
[    0.000000] page_alloc: Movable zone start for each node
[    0.000000] page_alloc: Early memory node ranges
[    0.000000] page_alloc:   node   0: [mem 0x0000000000001000-0x0000000000098fff]
[    0.000000] page_alloc:   node   0: [mem 0x0000000000100000-0x00000000791d3fff]
[    0.000000] page_alloc:   node   0: [mem 0x0000000100000000-0x000000147fffffff]
[    0.000000] page_alloc:   node   1: [mem 0x0000001480000000-0x000000287fffffff]
[    0.000000] page_alloc: Initmem setup node 0 [mem 0x0000000000001000-0x000000147fffffff]
[    0.000000] On node 0 totalpages: 20943212
[    0.000000]   DMA zone: 144 pages used for memmap
[    0.000000]   DMA zone: 42 pages reserved
[    0.000000]   DMA zone: 3992 pages, LIFO batch:0
[    0.000000]   DMA32 zone: 17297 pages used for memmap
[    0.000000]   DMA32 zone: 491988 pages, LIFO batch:31
[    0.000000]   Normal zone: 718848 pages used for memmap
[    0.000000]   Normal zone: 20447232 pages, LIFO batch:31
[    0.000000] page_alloc: Initmem setup node 1 [mem 0x0000001480000000-0x000000287fffffff]
[    0.000000] On node 1 totalpages: 20971520
[    0.000000]   Normal zone: 737280 pages used for memmap
[    0.000000]   Normal zone: 20971520 pages, LIFO batch:31
[    0.000000] page_alloc: Reserved but unavailable: 104 pages
[    0.000000] ACPI: PM-Timer IO Port: 0x408
[    0.000000] ACPI: Local APIC address 0xfee00000
[    0.000000] tables: LAPIC_NMI (acpi_id[0x00] high edge lint[0x1])
[    0.000000] tables: LAPIC_NMI (acpi_id[0x02] high edge lint[0x1])
[    0.000000] tables: LAPIC_NMI (acpi_id[0x04] high edge lint[0x1])
[    0.000000] tables: LAPIC_NMI (acpi_id[0x06] high edge lint[0x1])
[    0.000000] tables: LAPIC_NMI (acpi_id[0x08] high edge lint[0x1])
[    0.000000] tables: LAPIC_NMI (acpi_id[0x10] high edge lint[0x1])
[    0.000000] tables: LAPIC_NMI (acpi_id[0x12] high edge lint[0x1])
[    0.000000] tables: LAPIC_NMI (acpi_id[0x14] high edge lint[0x1])
[    0.000000] tables: LAPIC_NMI (acpi_id[0x16] high edge lint[0x1])
[    0.000000] tables: LAPIC_NMI (acpi_id[0x18] high edge lint[0x1])
[    0.000000] tables: LAPIC_NMI (acpi_id[0x20] high edge lint[0x1])
[    0.000000] tables: LAPIC_NMI (acpi_id[0x22] high edge lint[0x1])
[    0.000000] tables: LAPIC_NMI (acpi_id[0x24] high edge lint[0x1])
[    0.000000] tables: LAPIC_NMI (acpi_id[0x26] high edge lint[0x1])
[    0.000000] tables: LAPIC_NMI (acpi_id[0x28] high edge lint[0x1])
[    0.000000] tables: LAPIC_NMI (acpi_id[0x30] high edge lint[0x1])
[    0.000000] tables: LAPIC_NMI (acpi_id[0x32] high edge lint[0x1])
[    0.000000] tables: LAPIC_NMI (acpi_id[0x34] high edge lint[0x1])
[    0.000000] tables: LAPIC_NMI (acpi_id[0x36] high edge lint[0x1])
[    0.000000] tables: LAPIC_NMI (acpi_id[0x38] high edge lint[0x1])
[    0.000000] tables: LAPIC_NMI (acpi_id[0x01] high edge lint[0x1])
[    0.000000] tables: LAPIC_NMI (acpi_id[0x03] high edge lint[0x1])
[    0.000000] tables: LAPIC_NMI (acpi_id[0x05] high edge lint[0x1])
[    0.000000] tables: LAPIC_NMI (acpi_id[0x07] high edge lint[0x1])
[    0.000000] tables: LAPIC_NMI (acpi_id[0x09] high edge lint[0x1])
[    0.000000] tables: LAPIC_NMI (acpi_id[0x11] high edge lint[0x1])
[    0.000000] tables: LAPIC_NMI (acpi_id[0x13] high edge lint[0x1])
[    0.000000] tables: LAPIC_NMI (acpi_id[0x15] high edge lint[0x1])
[    0.000000] tables: LAPIC_NMI (acpi_id[0x17] high edge lint[0x1])
[    0.000000] tables: LAPIC_NMI (acpi_id[0x19] high edge lint[0x1])
[    0.000000] tables: LAPIC_NMI (acpi_id[0x21] high edge lint[0x1])
[    0.000000] tables: LAPIC_NMI (acpi_id[0x23] high edge lint[0x1])
[    0.000000] tables: LAPIC_NMI (acpi_id[0x25] high edge lint[0x1])
[    0.000000] tables: LAPIC_NMI (acpi_id[0x27] high edge lint[0x1])
[    0.000000] tables: LAPIC_NMI (acpi_id[0x29] high edge lint[0x1])
[    0.000000] tables: LAPIC_NMI (acpi_id[0x31] high edge lint[0x1])
[    0.000000] tables: LAPIC_NMI (acpi_id[0x33] high edge lint[0x1])
[    0.000000] tables: LAPIC_NMI (acpi_id[0x35] high edge lint[0x1])
[    0.000000] tables: LAPIC_NMI (acpi_id[0x37] high edge lint[0x1])
[    0.000000] tables: LAPIC_NMI (acpi_id[0x39] high edge lint[0x1])
[    0.000000] io_apic: IOAPIC[0]: apic_id 1, version 32, address 0xfec00000, GSI 0-23
[    0.000000] io_apic: IOAPIC[1]: apic_id 2, version 32, address 0xfec01000, GSI 24-47
[    0.000000] io_apic: IOAPIC[2]: apic_id 3, version 32, address 0xfec40000, GSI 48-71
[    0.000000] tables: INT_SRC_OVR (bus 0 bus_irq 0 global_irq 2 dfl dfl)
[    0.000000] tables: INT_SRC_OVR (bus 0 bus_irq 9 global_irq 9 high level)
[    0.000000] ACPI: IRQ0 used by override.
[    0.000000] ACPI: IRQ9 used by override.
[    0.000000] Using ACPI (MADT) for SMP configuration information
[    0.000000] ACPI: HPET id: 0x8086a701 base: 0xfed00000
[    0.000000] smpboot: Allowing 40 CPUs, 0 hotplug CPUs
[    0.000000] snapshot: Registered nosave memory: [mem 0x00000000-0x00000fff]
[    0.000000] snapshot: Registered nosave memory: [mem 0x00099000-0x00099fff]
[    0.000000] snapshot: Registered nosave memory: [mem 0x0009a000-0x0009ffff]
[    0.000000] snapshot: Registered nosave memory: [mem 0x000a0000-0x000dffff]
[    0.000000] snapshot: Registered nosave memory: [mem 0x000e0000-0x000fffff]
[    0.000000] snapshot: Registered nosave memory: [mem 0x791d4000-0x799cdfff]
[    0.000000] snapshot: Registered nosave memory: [mem 0x799ce000-0x79a32fff]
[    0.000000] snapshot: Registered nosave memory: [mem 0x79a33000-0x79fa1fff]
[    0.000000] snapshot: Registered nosave memory: [mem 0x79fa2000-0x8fffffff]
[    0.000000] snapshot: Registered nosave memory: [mem 0x90000000-0xfed1bfff]
[    0.000000] snapshot: Registered nosave memory: [mem 0xfed1c000-0xfed44fff]
[    0.000000] snapshot: Registered nosave memory: [mem 0xfed45000-0xfeffffff]
[    0.000000] snapshot: Registered nosave memory: [mem 0xff000000-0xffffffff]
[    0.000000] e820: e820: [mem 0x90000000-0xfed1bfff] available for PCI devices
[    0.000000] Booting paravirtualized kernel on bare hardware
[    0.000000] clocksource: refined-jiffies: mask: 0xffffffff max_cycles: 0xffffffff, max_idle_ns: 7645519600211568 ns
[    0.000000] setup_percpu: NR_CPUS:256 nr_cpumask_bits:256 nr_cpu_ids:40 nr_node_ids:2
[    0.000000] percpu: Embedded 45 pages/cpu @        (ptrval) s145496 r8192 d30632 u262144
[    0.000000] pcpu-alloc: s145496 r8192 d30632 u262144 alloc=1*2097152
[    0.000000] pcpu-alloc: [0] 00 01 02 03 04 05 06 07 [0] 08 09 20 21 22 23 24 25 
[    0.000000] pcpu-alloc: [0] 26 27 28 29 -- -- -- -- [1] 10 11 12 13 14 15 16 17 
[    0.000000] pcpu-alloc: [1] 18 19 30 31 32 33 34 35 [1] 36 37 38 39 -- -- -- -- 
[    0.000000] page_alloc: Built 2 zonelists, mobility grouping on.  Total pages: 40441121
[    0.000000] page_alloc: Policy zone: Normal
[    0.000000] main: Kernel command line: BOOT_IMAGE=/boot/vmlinuz-4.17.0 root=UUID=4910fb56-38cb-41ae-82bf-3efa1d8a45a0 ro console=ttyS0,115200 crashkernel=384M-:128M
[    0.000000] printk: log_buf_len individual max cpu contribution: 4096 bytes
[    0.000000] printk: log_buf_len total cpu_extra contributions: 159744 bytes
[    0.000000] printk: log_buf_len min size: 262144 bytes
[    0.000000] printk: log_buf_len: 524288 bytes
[    0.000000] printk: early log buf free: 244832(93%)
[    0.000000] Calgary: detecting Calgary via BIOS EBDA area
[    0.000000] Calgary: Unable to locate Rio Grande table in EBDA - bailing!
[    0.000000] page_alloc: Memory: 161224956K/167658928K available (14348K kernel code, 1801K rwdata, 4280K rodata, 1812K init, 132104K bss, 6433972K reserved, 0K cma-reserved)
[    0.000000] slub: SLUB: HWalign=64, Order=0-3, MinObjects=0, CPUs=40, Nodes=2
[    0.000000] Kernel/User page tables isolation: enabled
[    0.000000] libftrace: ftrace: allocating 42155 entries in 165 pages
[    0.000000] trace: 
[    0.000000] trace: **********************************************************
[    0.000000] trace: **   NOTICE NOTICE NOTICE NOTICE NOTICE NOTICE NOTICE   **
[    0.000000] trace: **                                                      **
[    0.000000] trace: ** trace_printk() being used. Allocating extra memory.  **
[    0.000000] trace: **                                                      **
[    0.000000] trace: ** This means that this is a DEBUG kernel and it is     **
[    0.000000] trace: ** unsafe for production use.                           **
[    0.000000] trace: **                                                      **
[    0.000000] trace: ** If you see this message and you are not debugging    **
[    0.000000] trace: ** the kernel, report this immediately to your vendor!  **
[    0.000000] trace: **                                                      **
[    0.000000] trace: **   NOTICE NOTICE NOTICE NOTICE NOTICE NOTICE NOTICE   **
[    0.000000] trace: **********************************************************
[    0.000000] tree: Hierarchical RCU implementation.
[    0.000000] tree: 	RCU restricting CPUs from NR_CPUS=256 to nr_cpu_ids=40.
[    0.000000] tree: RCU: Adjusting geometry for rcu_fanout_leaf=16, nr_cpu_ids=40
[    0.000000] NR_IRQS: 16640, nr_irqs: 1560, preallocated irqs: 16
[    0.000000] tree: 	Offload RCU callbacks from CPUs: (none).
[    0.000000] vt: Console: colour VGA+ 80x25
[    0.000000] printk: console [ttyS0] enabled
[    0.000000] mempolicy: Enabling automatic NUMA balancing. Configure with numa_balancing= or the kernel.numa_balancing sysctl
[    0.000000] ACPI: Core revision 20180313
[    0.000000] clocksource: hpet: mask: 0xffffffff max_cycles: 0xffffffff, max_idle_ns: 133484882848 ns
[    0.000000] hpet clockevent registered
[    0.000000] apic: APIC: Switch to symmetric I/O mode setup
[    0.004000] dmar: Host address width 46
[    0.008000] dmar: DRHD base: 0x000000fbffc000 flags: 0x0
[    0.012000] dmar: dmar0: reg_base_addr fbffc000 ver 1:0 cap d2078c106f0466 ecap f020de
[    0.016000] dmar: DRHD base: 0x000000c7ffc000 flags: 0x1
[    0.020000] dmar: dmar1: reg_base_addr c7ffc000 ver 1:0 cap d2078c106f0466 ecap f020de
[    0.024000] dmar: RMRR base: 0x0000007bb4c000 end: 0x0000007bb5cfff
[    0.028000] dmar: ATSR flags: 0x0
[    0.032000] dmar: RHSA base: 0x000000c7ffc000 proximity domain: 0x0
[    0.036000] dmar: RHSA base: 0x000000fbffc000 proximity domain: 0x1
[    0.040000] intel_irq_remapping: IOAPIC id 3 under DRHD base  0xfbffc000 IOMMU 0
[    0.044000] intel_irq_remapping: IOAPIC id 1 under DRHD base  0xc7ffc000 IOMMU 1
[    0.048000] intel_irq_remapping: IOAPIC id 2 under DRHD base  0xc7ffc000 IOMMU 1
[    0.052000] intel_irq_remapping: HPET id 0 under DRHD base 0xc7ffc000
[    0.056000] intel_irq_remapping: x2apic is disabled because BIOS sets x2apic opt out bit.
[    0.056000] intel_irq_remapping: Use 'intremap=no_x2apic_optout' to override the BIOS setting.
[    0.064000] intel_irq_remapping: Enabled IRQ remapping in xapic mode
[    0.064000] apic: x2apic: IRQ remapping doesn't support X2APIC mode
[    0.068000] probe_64: Switched APIC routing to physical flat.
[    0.072000] ..TIMER: vector=0x30 apic1=0 pin1=2 apic2=-1 pin2=-1
[    0.092000] tsc: Fast TSC calibration using PIT
[    0.096000] tsc: Detected 2593.709 MHz processor
[    0.100000] clocksource: tsc-early: mask: 0xffffffffffffffff max_cycles: 0x2563059139d, max_idle_ns: 440795320772 ns
[    0.104001] calibrate: Calibrating delay loop (skipped), value calculated using timer frequency.. 5187.41 BogoMIPS (lpj=10374836)
[    0.108001] pid: pid_max: default: 40960 minimum: 320
[    0.112073] security: Security Framework initialized
[    0.116001] yama: Yama: becoming mindful.
[    0.120038] AppArmor: AppArmor initialized
[    0.147920] page_alloc: Dentry cache hash table entries: 16777216 (order: 15, 134217728 bytes)
[    0.160677] page_alloc: Inode-cache hash table entries: 8388608 (order: 14, 67108864 bytes)
[    0.164372] page_alloc: Mount-cache hash table entries: 262144 (order: 9, 2097152 bytes)
[    0.168345] page_alloc: Mountpoint-cache hash table entries: 262144 (order: 9, 2097152 bytes)
[    0.172309] topology: CPU: Physical Processor ID: 0
[    0.176001] topology: CPU: Processor Core ID: 0
[    0.180005] intel: ENERGY_PERF_BIAS: Set to 'normal', was 'performance'
[    0.184000] intel: ENERGY_PERF_BIAS: View and update with x86_energy_perf_policy(8)
[    0.188004] mce: CPU supports 22 MCE banks
[    0.196016] therm_throt: CPU0: Thermal monitoring enabled (TM1)
[    0.200021] process: using mwait in idle threads
[    0.204002] common: Last level iTLB entries: 4KB 1024, 2MB 1024, 4MB 1024
[    0.208000] common: Last level dTLB entries: 4KB 1024, 2MB 1024, 4MB 1024, 1GB 4
[    0.212002] Spectre V2 : Vulnerable: Minimal generic ASM retpoline
[    0.216000] Speculative Store Bypass: Vulnerable
[    0.220129] page_alloc: Freeing SMP alternatives memory: 40K
[    0.228098] TSC deadline timer enabled
[    0.228105] smpboot: CPU0: Intel(R) Xeon(R) CPU E5-2660 v3 @ 2.60GHz (family: 0x6, model: 0x3f, stepping: 0x2)
[    0.232133] core: Performance Events: PEBS fmt2+, Haswell events, 16-deep LBR, full-width counters, Intel PMU driver.
[    0.236004] core: ... version:                3
[    0.240000] core: ... bit width:              48
[    0.244000] core: ... generic registers:      4
[    0.248000] core: ... value mask:             0000ffffffffffff
[    0.252000] core: ... max period:             00007fffffffffff
[    0.256000] core: ... fixed-purpose events:   3
[    0.260000] core: ... event mask:             000000070000000f
[    0.264056] srcutree: Hierarchical SRCU implementation.
[    0.272105] watchdog_hld: Enabled. Permanently consumes one hw-PMU counter.
[    0.276007] smp: Bringing up secondary CPUs ...
[    0.280175] x86: Booting SMP configuration:
[    0.284002] .... node  #0, CPUs:        #1  #2  #3  #4  #5  #6  #7  #8  #9
[    0.296002] .... node  #1, CPUs:   #10 #11 #12 #13 #14 #15 #16 #17 #18 #19
[    0.396002] .... node  #0, CPUs:   #20 #21 #22 #23 #24 #25 #26 #27 #28 #29
[    0.412003] .... node  #1, CPUs:   #30 #31 #32 #33 #34 #35 #36 #37 #38 #39
[    0.425489] smp: Brought up 2 nodes, 40 CPUs
[    0.432001] smpboot: Max logical packages: 2
[    0.436001] smpboot: Total of 40 processors activated (207528.92 BogoMIPS)
[    0.449925] devtmpfs: initialized
[    0.452063] init_64: x86/mm: Memory block size: 2048MB
[    0.456786] evm: security.selinux
[    0.460001] evm: security.SMACK64
[    0.463697] evm: security.apparmor
[    0.464000] evm: security.ima
[    0.467307] evm: security.capability
[    0.468059] acpi: PM: Registering ACPI NVS region [mem 0x79a33000-0x79fa1fff] (5697536 bytes)
[    0.472245] clocksource: jiffies: mask: 0xffffffff max_cycles: 0xffffffff, max_idle_ns: 7645041785100000 ns
[    0.476059] page_alloc: futex hash table entries: 16384 (order: 8, 1048576 bytes)
[    0.480363] xor: automatically using best checksumming function   avx       
[    0.484029] core: initialized pinctrl subsystem
[    0.488115] trace: RTC time: 12:52:13, date: 08/08/19
[    0.492634] socket: NET: Registered protocol family 16
[    0.496108] audit: initializing netlink subsys (disabled)
[    0.500021] audit: type=2000 audit(1565268731.500:1): state=initialized audit_enabled=0 res=1
[    0.508004] cpuidle: using governor ladder
[    0.512013] cpuidle: using governor menu
[    0.516053] random: random: get_random_bytes called from kcmp_cookies_init+0x16/0x38 with crng_init=0
[    0.520003] pci_acpi: ACPI FADT declares the system doesn't support PCIe ASPM, so disable it
[    0.524001] ACPI: bus type PCI registered
[    0.528001] acpiphp: ACPI Hot Plug PCI Controller Driver version: 0.5
[    0.532106] mmconfig_shared: PCI: MMCONFIG for domain 0000 [bus 00-ff] at [mem 0x80000000-0x8fffffff] (base 0x80000000)
[    0.536003] mmconfig_shared: PCI: MMCONFIG at [mem 0x80000000-0x8fffffff] reserved in E820
[    0.540013] PCI: Using configuration type 1 for base access
[    0.544035] core: PMU erratum BJ122, BV98, HSD29 worked around, HT is on
[    0.549767] hugetlb: HugeTLB registered 1.00 GiB page size, pre-allocated 0 pages
[    0.552004] hugetlb: HugeTLB registered 2.00 MiB page size, pre-allocated 0 pages
[    0.624007] raid6_pq: raid6: sse2x1   gen()  8309 MB/s
[    0.696003] raid6_pq: raid6: sse2x1   xor()  6583 MB/s
[    0.768002] raid6_pq: raid6: sse2x2   gen() 10531 MB/s
[    0.840004] raid6_pq: raid6: sse2x2   xor()  7243 MB/s
[    0.912001] raid6_pq: raid6: sse2x4   gen() 12321 MB/s
[    0.984001] raid6_pq: raid6: sse2x4   xor()  8439 MB/s
[    1.056005] raid6_pq: raid6: avx2x1   gen() 15751 MB/s
[    1.128001] raid6_pq: raid6: avx2x1   xor() 12538 MB/s
[    1.200003] raid6_pq: raid6: avx2x2   gen() 18990 MB/s
[    1.272003] raid6_pq: raid6: avx2x2   xor() 13555 MB/s
[    1.344001] raid6_pq: raid6: avx2x4   gen() 22210 MB/s
[    1.416001] raid6_pq: raid6: avx2x4   xor() 15040 MB/s
[    1.420001] raid6_pq: raid6: using algorithm avx2x4 gen() 22210 MB/s
[    1.424000] raid6_pq: raid6: .... xor() 15040 MB/s, rmw enabled
[    1.428001] raid6_pq: raid6: using avx2x2 recovery algorithm
[    1.432189] acpi: Added _OSI(Module Device)
[    1.436002] acpi: Added _OSI(Processor Device)
[    1.440001] acpi: Added _OSI(3.0 _SCP Extensions)
[    1.444001] acpi: Added _OSI(Processor Aggregator Device)
[    1.448001] acpi: Added _OSI(Linux-Dell-Video)
[    1.484764] ACPI: 4 ACPI AML tables successfully acquired and loaded
[    1.492252] acpi: [Firmware Bug]: BIOS _OSI(Linux) query ignored
[    1.504747] ACPI: Dynamic OEM Table Load:
[    1.528894] ACPI: Interpreter enabled
[    1.532013] acpi: ACPI: (supports S0 S5)
[    1.536002] ACPI: Using IOAPIC for interrupt routing
[    1.540043] apei: HEST: Table parsing has been initialized.
[    1.544003] PCI: Using host bridge windows from ACPI; if necessary, use "pci=nocrs" and report a bug
[    1.548429] ACPI: Enabled 5 GPEs in block 00 to 3F
[    1.584092] acpi: ACPI: PCI Root Bridge [UNC1] (domain 0000 [bus ff])
[    1.588005] acpi PNP0A03:02: _OSC: OS supports [ExtendedConfig ASPM ClockPM Segments MSI]
[    1.602077] acpi PNP0A03:02: _OSC: OS now controls [PCIeHotplug PME AER PCIeCapability]
[    1.608002] acpi PNP0A03:02: FADT indicates ASPM is unsupported, using BIOS configuration
[    1.620039] probe: PCI host bridge to bus 0000:ff
[    1.624002] pci_bus 0000:ff: root bus resource [bus ff]
[    1.628010] pci 0000:ff:08.0: [8086:2f80] type 00 class 0x088000
[    1.628064] pci 0000:ff:08.2: [8086:2f32] type 00 class 0x110100
[    1.628105] pci 0000:ff:08.3: [8086:2f83] type 00 class 0x088000
[    1.628153] pci 0000:ff:09.0: [8086:2f90] type 00 class 0x088000
[    1.628196] pci 0000:ff:09.2: [8086:2f33] type 00 class 0x110100
[    1.628236] pci 0000:ff:09.3: [8086:2f93] type 00 class 0x088000
[    1.628279] pci 0000:ff:0b.0: [8086:2f81] type 00 class 0x088000
[    1.628316] pci 0000:ff:0b.1: [8086:2f36] type 00 class 0x110100
[    1.628356] pci 0000:ff:0b.2: [8086:2f37] type 00 class 0x110100
[    1.628395] pci 0000:ff:0c.0: [8086:2fe0] type 00 class 0x088000
[    1.628431] pci 0000:ff:0c.1: [8086:2fe1] type 00 class 0x088000
[    1.628467] pci 0000:ff:0c.2: [8086:2fe2] type 00 class 0x088000
[    1.628505] pci 0000:ff:0c.3: [8086:2fe3] type 00 class 0x088000
[    1.628544] pci 0000:ff:0c.4: [8086:2fe4] type 00 class 0x088000
[    1.628581] pci 0000:ff:0c.5: [8086:2fe5] type 00 class 0x088000
[    1.628617] pci 0000:ff:0c.6: [8086:2fe6] type 00 class 0x088000
[    1.628656] pci 0000:ff:0c.7: [8086:2fe7] type 00 class 0x088000
[    1.628693] pci 0000:ff:0d.0: [8086:2fe8] type 00 class 0x088000
[    1.628730] pci 0000:ff:0d.1: [8086:2fe9] type 00 class 0x088000
[    1.628772] pci 0000:ff:0f.0: [8086:2ff8] type 00 class 0x088000
[    1.628808] pci 0000:ff:0f.1: [8086:2ff9] type 00 class 0x088000
[    1.628850] pci 0000:ff:0f.2: [8086:2ffa] type 00 class 0x088000
[    1.628886] pci 0000:ff:0f.3: [8086:2ffb] type 00 class 0x088000
[    1.628925] pci 0000:ff:0f.4: [8086:2ffc] type 00 class 0x088000
[    1.628965] pci 0000:ff:0f.5: [8086:2ffd] type 00 class 0x088000
[    1.629003] pci 0000:ff:0f.6: [8086:2ffe] type 00 class 0x088000
[    1.629041] pci 0000:ff:10.0: [8086:2f1d] type 00 class 0x088000
[    1.629079] pci 0000:ff:10.1: [8086:2f34] type 00 class 0x110100
[    1.629121] pci 0000:ff:10.5: [8086:2f1e] type 00 class 0x088000
[    1.629157] pci 0000:ff:10.6: [8086:2f7d] type 00 class 0x110100
[    1.629195] pci 0000:ff:10.7: [8086:2f1f] type 00 class 0x088000
[    1.629231] pci 0000:ff:12.0: [8086:2fa0] type 00 class 0x088000
[    1.629273] pci 0000:ff:12.1: [8086:2f30] type 00 class 0x110100
[    1.629318] pci 0000:ff:12.4: [8086:2f60] type 00 class 0x088000
[    1.629359] pci 0000:ff:12.5: [8086:2f38] type 00 class 0x110100
[    1.629401] pci 0000:ff:13.0: [8086:2fa8] type 00 class 0x088000
[    1.629444] pci 0000:ff:13.1: [8086:2f71] type 00 class 0x088000
[    1.629487] pci 0000:ff:13.2: [8086:2faa] type 00 class 0x088000
[    1.629535] pci 0000:ff:13.3: [8086:2fab] type 00 class 0x088000
[    1.629580] pci 0000:ff:13.6: [8086:2fae] type 00 class 0x088000
[    1.629622] pci 0000:ff:13.7: [8086:2faf] type 00 class 0x088000
[    1.629663] pci 0000:ff:14.0: [8086:2fb0] type 00 class 0x088000
[    1.629707] pci 0000:ff:14.1: [8086:2fb1] type 00 class 0x088000
[    1.629753] pci 0000:ff:14.2: [8086:2fb2] type 00 class 0x088000
[    1.629797] pci 0000:ff:14.3: [8086:2fb3] type 00 class 0x088000
[    1.629840] pci 0000:ff:14.4: [8086:2fbc] type 00 class 0x088000
[    1.629881] pci 0000:ff:14.5: [8086:2fbd] type 00 class 0x088000
[    1.629921] pci 0000:ff:14.6: [8086:2fbe] type 00 class 0x088000
[    1.629966] pci 0000:ff:14.7: [8086:2fbf] type 00 class 0x088000
[    1.630011] pci 0000:ff:16.0: [8086:2f68] type 00 class 0x088000
[    1.630055] pci 0000:ff:16.1: [8086:2f79] type 00 class 0x088000
[    1.630100] pci 0000:ff:16.2: [8086:2f6a] type 00 class 0x088000
[    1.630144] pci 0000:ff:16.3: [8086:2f6b] type 00 class 0x088000
[    1.630193] pci 0000:ff:16.6: [8086:2f6e] type 00 class 0x088000
[    1.630238] pci 0000:ff:16.7: [8086:2f6f] type 00 class 0x088000
[    1.630279] pci 0000:ff:17.0: [8086:2fd0] type 00 class 0x088000
[    1.630326] pci 0000:ff:17.1: [8086:2fd1] type 00 class 0x088000
[    1.630370] pci 0000:ff:17.2: [8086:2fd2] type 00 class 0x088000
[    1.630417] pci 0000:ff:17.3: [8086:2fd3] type 00 class 0x088000
[    1.630462] pci 0000:ff:17.4: [8086:2fb8] type 00 class 0x088000
[    1.630503] pci 0000:ff:17.5: [8086:2fb9] type 00 class 0x088000
[    1.630544] pci 0000:ff:17.6: [8086:2fba] type 00 class 0x088000
[    1.630585] pci 0000:ff:17.7: [8086:2fbb] type 00 class 0x088000
[    1.630642] pci 0000:ff:1e.0: [8086:2f98] type 00 class 0x088000
[    1.630684] pci 0000:ff:1e.1: [8086:2f99] type 00 class 0x088000
[    1.630724] pci 0000:ff:1e.2: [8086:2f9a] type 00 class 0x088000
[    1.630764] pci 0000:ff:1e.3: [8086:2fc0] type 00 class 0x088000
[    1.630793] pci 0000:ff:1e.4: [8086:2f9c] type 00 class 0x088000
[    1.630841] pci 0000:ff:1f.0: [8086:2f88] type 00 class 0x088000
[    1.630882] pci 0000:ff:1f.2: [8086:2f8a] type 00 class 0x088000
[    1.630985] acpi: ACPI: PCI Root Bridge [UNC0] (domain 0000 [bus 7f])
[    1.640003] acpi PNP0A03:03: _OSC: OS supports [ExtendedConfig ASPM ClockPM Segments MSI]
[    1.648724] acpi PNP0A03:03: _OSC: OS now controls [PCIeHotplug PME AER PCIeCapability]
[    1.660001] acpi PNP0A03:03: FADT indicates ASPM is unsupported, using BIOS configuration
[    1.668035] probe: PCI host bridge to bus 0000:7f
[    1.672002] pci_bus 0000:7f: root bus resource [bus 7f]
[    1.680008] pci 0000:7f:08.0: [8086:2f80] type 00 class 0x088000
[    1.680051] pci 0000:7f:08.2: [8086:2f32] type 00 class 0x110100
[    1.680093] pci 0000:7f:08.3: [8086:2f83] type 00 class 0x088000
[    1.680134] pci 0000:7f:09.0: [8086:2f90] type 00 class 0x088000
[    1.680170] pci 0000:7f:09.2: [8086:2f33] type 00 class 0x110100
[    1.680207] pci 0000:7f:09.3: [8086:2f93] type 00 class 0x088000
[    1.680247] pci 0000:7f:0b.0: [8086:2f81] type 00 class 0x088000
[    1.680282] pci 0000:7f:0b.1: [8086:2f36] type 00 class 0x110100
[    1.680317] pci 0000:7f:0b.2: [8086:2f37] type 00 class 0x110100
[    1.680354] pci 0000:7f:0c.0: [8086:2fe0] type 00 class 0x088000
[    1.680389] pci 0000:7f:0c.1: [8086:2fe1] type 00 class 0x088000
[    1.680424] pci 0000:7f:0c.2: [8086:2fe2] type 00 class 0x088000
[    1.680461] pci 0000:7f:0c.3: [8086:2fe3] type 00 class 0x088000
[    1.680497] pci 0000:7f:0c.4: [8086:2fe4] type 00 class 0x088000
[    1.680531] pci 0000:7f:0c.5: [8086:2fe5] type 00 class 0x088000
[    1.680565] pci 0000:7f:0c.6: [8086:2fe6] type 00 class 0x088000
[    1.680598] pci 0000:7f:0c.7: [8086:2fe7] type 00 class 0x088000
[    1.680635] pci 0000:7f:0d.0: [8086:2fe8] type 00 class 0x088000
[    1.680670] pci 0000:7f:0d.1: [8086:2fe9] type 00 class 0x088000
[    1.680708] pci 0000:7f:0f.0: [8086:2ff8] type 00 class 0x088000
[    1.680742] pci 0000:7f:0f.1: [8086:2ff9] type 00 class 0x088000
[    1.680778] pci 0000:7f:0f.2: [8086:2ffa] type 00 class 0x088000
[    1.680814] pci 0000:7f:0f.3: [8086:2ffb] type 00 class 0x088000
[    1.680851] pci 0000:7f:0f.4: [8086:2ffc] type 00 class 0x088000
[    1.680886] pci 0000:7f:0f.5: [8086:2ffd] type 00 class 0x088000
[    1.680921] pci 0000:7f:0f.6: [8086:2ffe] type 00 class 0x088000
[    1.680958] pci 0000:7f:10.0: [8086:2f1d] type 00 class 0x088000
[    1.680996] pci 0000:7f:10.1: [8086:2f34] type 00 class 0x110100
[    1.681032] pci 0000:7f:10.5: [8086:2f1e] type 00 class 0x088000
[    1.681066] pci 0000:7f:10.6: [8086:2f7d] type 00 class 0x110100
[    1.681100] pci 0000:7f:10.7: [8086:2f1f] type 00 class 0x088000
[    1.681139] pci 0000:7f:12.0: [8086:2fa0] type 00 class 0x088000
[    1.681185] pci 0000:7f:12.1: [8086:2f30] type 00 class 0x110100
[    1.681223] pci 0000:7f:12.4: [8086:2f60] type 00 class 0x088000
[    1.681262] pci 0000:7f:12.5: [8086:2f38] type 00 class 0x110100
[    1.681302] pci 0000:7f:13.0: [8086:2fa8] type 00 class 0x088000
[    1.681342] pci 0000:7f:13.1: [8086:2f71] type 00 class 0x088000
[    1.681385] pci 0000:7f:13.2: [8086:2faa] type 00 class 0x088000
[    1.681425] pci 0000:7f:13.3: [8086:2fab] type 00 class 0x088000
[    1.681466] pci 0000:7f:13.6: [8086:2fae] type 00 class 0x088000
[    1.681504] pci 0000:7f:13.7: [8086:2faf] type 00 class 0x088000
[    1.681542] pci 0000:7f:14.0: [8086:2fb0] type 00 class 0x088000
[    1.681587] pci 0000:7f:14.1: [8086:2fb1] type 00 class 0x088000
[    1.681629] pci 0000:7f:14.2: [8086:2fb2] type 00 class 0x088000
[    1.681670] pci 0000:7f:14.3: [8086:2fb3] type 00 class 0x088000
[    1.681709] pci 0000:7f:14.4: [8086:2fbc] type 00 class 0x088000
[    1.681747] pci 0000:7f:14.5: [8086:2fbd] type 00 class 0x088000
[    1.681787] pci 0000:7f:14.6: [8086:2fbe] type 00 class 0x088000
[    1.681825] pci 0000:7f:14.7: [8086:2fbf] type 00 class 0x088000
[    1.681864] pci 0000:7f:16.0: [8086:2f68] type 00 class 0x088000
[    1.681906] pci 0000:7f:16.1: [8086:2f79] type 00 class 0x088000
[    1.681947] pci 0000:7f:16.2: [8086:2f6a] type 00 class 0x088000
[    1.681991] pci 0000:7f:16.3: [8086:2f6b] type 00 class 0x088000
[    1.682034] pci 0000:7f:16.6: [8086:2f6e] type 00 class 0x088000
[    1.682072] pci 0000:7f:16.7: [8086:2f6f] type 00 class 0x088000
[    1.682110] pci 0000:7f:17.0: [8086:2fd0] type 00 class 0x088000
[    1.682152] pci 0000:7f:17.1: [8086:2fd1] type 00 class 0x088000
[    1.682196] pci 0000:7f:17.2: [8086:2fd2] type 00 class 0x088000
[    1.682239] pci 0000:7f:17.3: [8086:2fd3] type 00 class 0x088000
[    1.682281] pci 0000:7f:17.4: [8086:2fb8] type 00 class 0x088000
[    1.682319] pci 0000:7f:17.5: [8086:2fb9] type 00 class 0x088000
[    1.682357] pci 0000:7f:17.6: [8086:2fba] type 00 class 0x088000
[    1.682399] pci 0000:7f:17.7: [8086:2fbb] type 00 class 0x088000
[    1.682442] pci 0000:7f:1e.0: [8086:2f98] type 00 class 0x088000
[    1.682479] pci 0000:7f:1e.1: [8086:2f99] type 00 class 0x088000
[    1.682516] pci 0000:7f:1e.2: [8086:2f9a] type 00 class 0x088000
[    1.682555] pci 0000:7f:1e.3: [8086:2fc0] type 00 class 0x088000
[    1.682585] pci 0000:7f:1e.4: [8086:2f9c] type 00 class 0x088000
[    1.682627] pci 0000:7f:1f.0: [8086:2f88] type 00 class 0x088000
[    1.682668] pci 0000:7f:1f.2: [8086:2f8a] type 00 class 0x088000
[    1.691144] acpi: ACPI: PCI Root Bridge [PCI0] (domain 0000 [bus 00-7e])
[    1.696004] acpi PNP0A08:00: _OSC: OS supports [ExtendedConfig ASPM ClockPM Segments MSI]
[    1.708517] acpi PNP0A08:00: _OSC: OS now controls [PCIeHotplug PME AER PCIeCapability]
[    1.716001] acpi PNP0A08:00: FADT indicates ASPM is unsupported, using BIOS configuration
[    1.724277] probe: PCI host bridge to bus 0000:00
[    1.732002] pci_bus 0000:00: root bus resource [io  0x0000-0x0cf7 window]
[    1.740001] pci_bus 0000:00: root bus resource [io  0x1000-0x7fff window]
[    1.744001] pci_bus 0000:00: root bus resource [mem 0x000a0000-0x000bffff window]
[    1.756001] pci_bus 0000:00: root bus resource [mem 0x90000000-0xc7ffbfff window]
[    1.764001] pci_bus 0000:00: root bus resource [mem 0x38000000000-0x3bfffffffff window]
[    1.772001] pci_bus 0000:00: root bus resource [bus 00-7e]
[    1.776006] pci 0000:00:00.0: [8086:2f00] type 00 class 0x060000
[    1.776137] pci 0000:00:01.0: [8086:2f02] type 01 class 0x060400
[    1.776182] pci 0000:00:01.0: PME# supported from D0 D3hot D3cold
[    1.776277] pci 0000:00:01.1: [8086:2f03] type 01 class 0x060400
[    1.776320] pci 0000:00:01.1: PME# supported from D0 D3hot D3cold
[    1.776415] pci 0000:00:02.0: [8086:2f04] type 01 class 0x060400
[    1.776457] pci 0000:00:02.0: PME# supported from D0 D3hot D3cold
[    1.776551] pci 0000:00:02.2: [8086:2f06] type 01 class 0x060400
[    1.776594] pci 0000:00:02.2: PME# supported from D0 D3hot D3cold
[    1.776688] pci 0000:00:03.0: [8086:2f08] type 01 class 0x060400
[    1.776731] pci 0000:00:03.0: PME# supported from D0 D3hot D3cold
[    1.776822] pci 0000:00:05.0: [8086:2f28] type 00 class 0x088000
[    1.776931] pci 0000:00:05.1: [8086:2f29] type 00 class 0x088000
[    1.777049] pci 0000:00:05.2: [8086:2f2a] type 00 class 0x088000
[    1.777154] pci 0000:00:05.4: [8086:2f2c] type 00 class 0x080020
[    1.777162] pci 0000:00:05.4: reg 0x10: [mem 0xc7005000-0xc7005fff]
[    1.777282] pci 0000:00:11.0: [8086:8d7c] type 00 class 0xff0000
[    1.777468] pci 0000:00:11.4: [8086:8d62] type 00 class 0x010601
[    1.777485] pci 0000:00:11.4: reg 0x10: [io  0x7110-0x7117]
[    1.777492] pci 0000:00:11.4: reg 0x14: [io  0x7100-0x7103]
[    1.777499] pci 0000:00:11.4: reg 0x18: [io  0x70f0-0x70f7]
[    1.777506] pci 0000:00:11.4: reg 0x1c: [io  0x70e0-0x70e3]
[    1.777513] pci 0000:00:11.4: reg 0x20: [io  0x7020-0x703f]
[    1.777520] pci 0000:00:11.4: reg 0x24: [mem 0xc7004000-0xc70047ff]
[    1.777558] pci 0000:00:11.4: PME# supported from D3hot
[    1.777658] pci 0000:00:16.0: [8086:8d3a] type 00 class 0x078000
[    1.777677] pci 0000:00:16.0: reg 0x10: [mem 0x3bffff13000-0x3bffff1300f 64bit]
[    1.777731] pci 0000:00:16.0: PME# supported from D0 D3hot D3cold
[    1.777817] pci 0000:00:16.1: [8086:8d3b] type 00 class 0x078000
[    1.777835] pci 0000:00:16.1: reg 0x10: [mem 0x3bffff12000-0x3bffff1200f 64bit]
[    1.777890] pci 0000:00:16.1: PME# supported from D0 D3hot D3cold
[    1.777991] pci 0000:00:1a.0: [8086:8d2d] type 00 class 0x0c0320
[    1.778010] pci 0000:00:1a.0: reg 0x10: [mem 0xc7002000-0xc70023ff]
[    1.778085] pci 0000:00:1a.0: PME# supported from D0 D3hot D3cold
[    1.778180] pci 0000:00:1c.0: [8086:8d10] type 01 class 0x060400
[    1.778244] pci 0000:00:1c.0: PME# supported from D0 D3hot D3cold
[    1.778343] pci 0000:00:1c.3: [8086:8d16] type 01 class 0x060400
[    1.778408] pci 0000:00:1c.3: PME# supported from D0 D3hot D3cold
[    1.778509] pci 0000:00:1d.0: [8086:8d26] type 00 class 0x0c0320
[    1.778528] pci 0000:00:1d.0: reg 0x10: [mem 0xc7001000-0xc70013ff]
[    1.778603] pci 0000:00:1d.0: PME# supported from D0 D3hot D3cold
[    1.778695] pci 0000:00:1f.0: [8086:8d44] type 00 class 0x060100
[    1.778876] pci 0000:00:1f.2: [8086:8d02] type 00 class 0x010601
[    1.778890] pci 0000:00:1f.2: reg 0x10: [io  0x7070-0x7077]
[    1.778896] pci 0000:00:1f.2: reg 0x14: [io  0x7060-0x7063]
[    1.778902] pci 0000:00:1f.2: reg 0x18: [io  0x7050-0x7057]
[    1.778908] pci 0000:00:1f.2: reg 0x1c: [io  0x7040-0x7043]
[    1.778914] pci 0000:00:1f.2: reg 0x20: [io  0x7000-0x701f]
[    1.778919] pci 0000:00:1f.2: reg 0x24: [mem 0xc7000000-0xc70007ff]
[    1.778951] pci 0000:00:1f.2: PME# supported from D3hot
[    1.779172] acpiphp: Slot [0] registered
[    1.784034] pci 0000:01:00.0: [8086:1521] type 00 class 0x020000
[    1.784052] pci 0000:01:00.0: reg 0x10: [mem 0xc6a00000-0xc6afffff]
[    1.784063] pci 0000:01:00.0: reg 0x18: [io  0x6020-0x603f]
[    1.784069] pci 0000:01:00.0: reg 0x1c: [mem 0xc6c04000-0xc6c07fff]
[    1.784086] pci 0000:01:00.0: reg 0x30: [mem 0xc6b80000-0xc6bfffff pref]
[    1.784140] pci 0000:01:00.0: PME# supported from D0 D3hot D3cold
[    1.784163] pci 0000:01:00.0: reg 0x184: [mem 0x3bfffe60000-0x3bfffe63fff 64bit pref]
[    1.784164] pci 0000:01:00.0: VF(n) BAR0 space: [mem 0x3bfffe60000-0x3bfffe7ffff 64bit pref] (contains BAR0 for 8 VFs)
[    1.796013] pci 0000:01:00.0: reg 0x190: [mem 0x3bfffe40000-0x3bfffe43fff 64bit pref]
[    1.796014] pci 0000:01:00.0: VF(n) BAR3 space: [mem 0x3bfffe40000-0x3bfffe5ffff 64bit pref] (contains BAR3 for 8 VFs)
[    1.808087] pci 0000:01:00.1: [8086:1521] type 00 class 0x020000
[    1.808103] pci 0000:01:00.1: reg 0x10: [mem 0xc6900000-0xc69fffff]
[    1.808115] pci 0000:01:00.1: reg 0x18: [io  0x6000-0x601f]
[    1.808121] pci 0000:01:00.1: reg 0x1c: [mem 0xc6c00000-0xc6c03fff]
[    1.808137] pci 0000:01:00.1: reg 0x30: [mem 0xc6b00000-0xc6b7ffff pref]
[    1.808188] pci 0000:01:00.1: PME# supported from D0 D3hot D3cold
[    1.808208] pci 0000:01:00.1: reg 0x184: [mem 0x3bfffe20000-0x3bfffe23fff 64bit pref]
[    1.808210] pci 0000:01:00.1: VF(n) BAR0 space: [mem 0x3bfffe20000-0x3bfffe3ffff 64bit pref] (contains BAR0 for 8 VFs)
[    1.820013] pci 0000:01:00.1: reg 0x190: [mem 0x3bfffe00000-0x3bfffe03fff 64bit pref]
[    1.820014] pci 0000:01:00.1: VF(n) BAR3 space: [mem 0x3bfffe00000-0x3bfffe1ffff 64bit pref] (contains BAR3 for 8 VFs)
[    1.832078] pci 0000:00:01.0: PCI bridge to [bus 01-02]
[    1.840003] pci 0000:00:01.0:   bridge window [io  0x6000-0x6fff]
[    1.840005] pci 0000:00:01.0:   bridge window [mem 0xc6900000-0xc6cfffff]
[    1.840008] pci 0000:00:01.0:   bridge window [mem 0x3bfffe00000-0x3bfffefffff 64bit pref]
[    1.840155] pci 0000:00:01.1: PCI bridge to [bus 03]
[    1.844134] pci 0000:00:02.0: PCI bridge to [bus 04]
[    1.852140] pci 0000:05:00.0: [1000:0090] type 00 class 0x010700
[    1.852151] pci 0000:05:00.0: reg 0x10: [io  0x5000-0x50ff]
[    1.852157] pci 0000:05:00.0: reg 0x14: [mem 0xc6e40000-0xc6e4ffff 64bit]
[    1.852164] pci 0000:05:00.0: reg 0x1c: [mem 0xc6e00000-0xc6e3ffff 64bit]
[    1.852172] pci 0000:05:00.0: reg 0x30: [mem 0xc6d00000-0xc6dfffff pref]
[    1.852175] pci 0000:05:00.0: enabling Extended Tags
[    1.856077] pci 0000:05:00.0: supports D1 D2
[    1.856135] pci 0000:00:02.2: PCI bridge to [bus 05]
[    1.860002] pci 0000:00:02.2:   bridge window [io  0x5000-0x5fff]
[    1.860004] pci 0000:00:02.2:   bridge window [mem 0xc6d00000-0xc6efffff]
[    1.860142] pci 0000:06:00.0: [8086:10fb] type 00 class 0x020000
[    1.860154] pci 0000:06:00.0: reg 0x10: [mem 0xc7900000-0xc79fffff pref]
[    1.860164] pci 0000:06:00.0: reg 0x18: [io  0x4020-0x403f]
[    1.860168] pci 0000:06:00.0: reg 0x1c: [mem 0xc7e04000-0xc7e07fff pref]
[    1.860181] pci 0000:06:00.0: reg 0x30: [mem 0xc6f80000-0xc6ffffff pref]
[    1.860220] pci 0000:06:00.0: PME# supported from D0 D3hot
[    1.860237] pci 0000:06:00.0: reg 0x184: [mem 0xc7d00000-0xc7d03fff 64bit pref]
[    1.860238] pci 0000:06:00.0: VF(n) BAR0 space: [mem 0xc7d00000-0xc7dfffff 64bit pref] (contains BAR0 for 64 VFs)
[    1.872010] pci 0000:06:00.0: reg 0x190: [mem 0xc7c00000-0xc7c03fff 64bit pref]
[    1.872011] pci 0000:06:00.0: VF(n) BAR3 space: [mem 0xc7c00000-0xc7cfffff 64bit pref] (contains BAR3 for 64 VFs)
[    1.884134] pci 0000:06:00.1: [8086:10fb] type 00 class 0x020000
[    1.884146] pci 0000:06:00.1: reg 0x10: [mem 0xc7800000-0xc78fffff pref]
[    1.884154] pci 0000:06:00.1: reg 0x18: [io  0x4000-0x401f]
[    1.884159] pci 0000:06:00.1: reg 0x1c: [mem 0xc7e00000-0xc7e03fff pref]
[    1.884172] pci 0000:06:00.1: reg 0x30: [mem 0xc6f00000-0xc6f7ffff pref]
[    1.884208] pci 0000:06:00.1: PME# supported from D0 D3hot
[    1.884222] pci 0000:06:00.1: reg 0x184: [mem 0xc7b00000-0xc7b03fff 64bit pref]
[    1.884223] pci 0000:06:00.1: VF(n) BAR0 space: [mem 0xc7b00000-0xc7bfffff 64bit pref] (contains BAR0 for 64 VFs)
[    1.896009] pci 0000:06:00.1: reg 0x190: [mem 0xc7a00000-0xc7a03fff 64bit pref]
[    1.896010] pci 0000:06:00.1: VF(n) BAR3 space: [mem 0xc7a00000-0xc7afffff 64bit pref] (contains BAR3 for 64 VFs)
[    1.908128] pci 0000:00:03.0: PCI bridge to [bus 06-07]
[    1.916002] pci 0000:00:03.0:   bridge window [io  0x4000-0x4fff]
[    1.916004] pci 0000:00:03.0:   bridge window [mem 0xc6f00000-0xc6ffffff]
[    1.916007] pci 0000:00:03.0:   bridge window [mem 0xc7800000-0xc7efffff 64bit pref]
[    1.916039] pci 0000:00:1c.0: PCI bridge to [bus 08]
[    1.920065] pci 0000:09:00.0: [102b:0522] type 00 class 0x030000
[    1.920096] pci 0000:09:00.0: reg 0x10: [mem 0xc5000000-0xc5ffffff]
[    1.920109] pci 0000:09:00.0: reg 0x14: [mem 0xc6810000-0xc6813fff]
[    1.920123] pci 0000:09:00.0: reg 0x18: [mem 0xc6000000-0xc67fffff]
[    1.920174] pci 0000:09:00.0: reg 0x30: [mem 0xc6800000-0xc680ffff pref]
[    1.920308] pci 0000:00:1c.3: PCI bridge to [bus 09]
[    1.924005] pci 0000:00:1c.3:   bridge window [mem 0xc5000000-0xc68fffff]
[    1.924033] pci_bus 0000:00: on NUMA node 0
[    1.924576] acpi: ACPI: PCI Root Bridge [PCI1] (domain 0000 [bus 80-fe])
[    1.932004] acpi PNP0A08:01: _OSC: OS supports [ExtendedConfig ASPM ClockPM Segments MSI]
[    1.944513] acpi PNP0A08:01: _OSC: OS now controls [PCIeHotplug PME AER PCIeCapability]
[    1.952001] acpi PNP0A08:01: FADT indicates ASPM is unsupported, using BIOS configuration
[    1.960151] probe: PCI host bridge to bus 0000:80
[    1.968002] pci_bus 0000:80: root bus resource [io  0x8000-0xffff window]
[    1.976002] pci_bus 0000:80: root bus resource [mem 0xc8000000-0xfbffbfff window]
[    1.984001] pci_bus 0000:80: root bus resource [mem 0x3c000000000-0x3ffffffffff window]
[    1.992001] pci_bus 0000:80: root bus resource [bus 80-fe]
[    1.996009] pci 0000:80:02.0: [8086:2f04] type 01 class 0x060400
[    1.996060] pci 0000:80:02.0: PME# supported from D0 D3hot D3cold
[    1.996134] pci 0000:80:05.0: [8086:2f28] type 00 class 0x088000
[    1.996221] pci 0000:80:05.1: [8086:2f29] type 00 class 0x088000
[    1.996323] pci 0000:80:05.2: [8086:2f2a] type 00 class 0x088000
[    1.996407] pci 0000:80:05.4: [8086:2f2c] type 00 class 0x080020
[    1.996416] pci 0000:80:05.4: reg 0x10: [mem 0xfbf00000-0xfbf00fff]
[    1.996648] pci 0000:80:02.0: PCI bridge to [bus 81]
[    2.004011] pci_bus 0000:80: on NUMA node 1
[    2.004336] ACPI: PCI Interrupt Link [LNKA] (IRQs 3 4 5 6 7 10 *11 12 14 15)
[    2.012040] ACPI: PCI Interrupt Link [LNKB] (IRQs 3 4 5 6 7 *10 11 12 14 15)
[    2.020038] ACPI: PCI Interrupt Link [LNKC] (IRQs 3 4 5 6 10 *11 12 14 15)
[    2.028037] ACPI: PCI Interrupt Link [LNKD] (IRQs 3 4 *5 6 10 11 12 14 15)
[    2.036037] ACPI: PCI Interrupt Link [LNKE] (IRQs 3 4 5 6 7 10 11 12 14 15) *0, disabled.
[    2.044037] ACPI: PCI Interrupt Link [LNKF] (IRQs 3 4 5 6 7 10 11 12 14 15) *0, disabled.
[    2.052037] ACPI: PCI Interrupt Link [LNKG] (IRQs 3 4 5 6 7 10 11 12 14 15) *0, disabled.
[    2.064037] ACPI: PCI Interrupt Link [LNKH] (IRQs 3 4 5 6 7 10 11 12 14 15) *0, disabled.
[    2.072266] pci 0000:09:00.0: vgaarb: setting as boot VGA device
[    2.076000] pci 0000:09:00.0: vgaarb: VGA device added: decodes=io+mem,owns=io+mem,locks=none
[    2.088004] pci 0000:09:00.0: vgaarb: bridge control possible
[    2.096001] vgaarb: loaded
[    2.099143] SCSI subsystem initialized
[    2.104059] libata version 3.00 loaded.
[    2.104059] ACPI: bus type USB registered
[    2.108013] usbcore: usbcore: registered new interface driver usbfs
[    2.112009] usbcore: usbcore: registered new interface driver hub
[    2.120115] usbcore: usbcore: registered new device driver usb
[    2.128012] pps_core: LinuxPPS API ver. 1 registered
[    2.132001] pps_core: Software ver. 5.3.6 - Copyright 2005-2007 Rodolfo Giometti <giometti@linux.it>
[    2.144002] ptp: PTP clock support registered
[    2.148074] EDAC MC: Ver: 3.0.0
[    2.152038] PCI: Using ACPI for IRQ routing
[    2.160011] PCI: pci_cache_line_size set to 64 bytes
[    2.160160] e820: reserve RAM buffer [mem 0x00099c00-0x0009ffff]
[    2.160161] e820: reserve RAM buffer [mem 0x791d4000-0x7bffffff]
[    2.160273] NetLabel: Initializing
[    2.164001] NetLabel:  domain hash size = 128
[    2.168000] NetLabel:  protocols = UNLABELED CIPSOv4 CALIPSO
[    2.176017] NetLabel:  unlabeled traffic allowed by default
[    2.180037] hpet0: at MMIO 0xfed00000, IRQs 2, 8, 0, 0, 0, 0, 0, 0
[    2.188002] hpet0: 8 comparators, 64-bit 14.318180 MHz counter
[    2.198087] clocksource: Switched to clocksource tsc-early
[    2.219637] VFS: Disk quotas dquot_6.6.0
[    2.224049] dquot: VFS: Dquot-cache hash table entries: 512 (order 0, 4096 bytes)
[    2.232557] AppArmor: AppArmor Filesystem Enabled
[    2.237831] pnp: PnP ACPI init
[    2.241496] pnp 00:00: Plug and Play ACPI device, IDs PNP0b00 (active)
[    2.241595] system 00:01: [io  0x0500-0x057f] has been reserved
[    2.248194] system 00:01: [io  0x0400-0x047f] has been reserved
[    2.254800] system 00:01: [io  0x0580-0x059f] has been reserved
[    2.261405] system 00:01: [io  0x0600-0x061f] has been reserved
[    2.268010] system 00:01: [io  0x0880-0x0883] has been reserved
[    2.274614] system 00:01: [io  0x0800-0x081f] has been reserved
[    2.281221] system 00:01: [mem 0xfed1c000-0xfed3ffff] has been reserved
[    2.288610] system 00:01: [mem 0xfed45000-0xfed8bfff] has been reserved
[    2.295992] system 00:01: [mem 0xff000000-0xffffffff] has been reserved
[    2.303373] system 00:01: [mem 0xfee00000-0xfeefffff] has been reserved
[    2.310755] system 00:01: [mem 0xfed12000-0xfed1200f] has been reserved
[    2.318136] system 00:01: [mem 0xfed12010-0xfed1201f] has been reserved
[    2.325517] system 00:01: [mem 0xfed1b000-0xfed1bfff] has been reserved
[    2.332900] system 00:01: Plug and Play ACPI device, IDs PNP0c02 (active)
[    2.333006] pnp 00:02: [dma 0 disabled]
[    2.333043] pnp 00:02: Plug and Play ACPI device, IDs PNP0501 (active)
[    2.333140] pnp 00:03: [dma 0 disabled]
[    2.333172] pnp 00:03: Plug and Play ACPI device, IDs PNP0501 (active)
[    2.333671] pnp: PnP ACPI: found 4 devices
[    2.344046] clocksource: acpi_pm: mask: 0xffffff max_cycles: 0xffffff, max_idle_ns: 2085701024 ns
[    2.354013] pci 0000:00:01.0: PCI bridge to [bus 01-02]
[    2.359844] pci 0000:00:01.0:   bridge window [io  0x6000-0x6fff]
[    2.366646] pci 0000:00:01.0:   bridge window [mem 0xc6900000-0xc6cfffff]
[    2.374221] pci 0000:00:01.0:   bridge window [mem 0x3bfffe00000-0x3bfffefffff 64bit pref]
[    2.383447] pci 0000:00:01.1: PCI bridge to [bus 03]
[    2.388990] pci 0000:00:02.0: PCI bridge to [bus 04]
[    2.394531] pci 0000:00:02.2: PCI bridge to [bus 05]
[    2.400072] pci 0000:00:02.2:   bridge window [io  0x5000-0x5fff]
[    2.406873] pci 0000:00:02.2:   bridge window [mem 0xc6d00000-0xc6efffff]
[    2.414451] pci 0000:00:03.0: PCI bridge to [bus 06-07]
[    2.420273] pci 0000:00:03.0:   bridge window [io  0x4000-0x4fff]
[    2.427074] pci 0000:00:03.0:   bridge window [mem 0xc6f00000-0xc6ffffff]
[    2.434650] pci 0000:00:03.0:   bridge window [mem 0xc7800000-0xc7efffff 64bit pref]
[    2.443293] pci 0000:00:1c.0: PCI bridge to [bus 08]
[    2.448839] pci 0000:00:1c.3: PCI bridge to [bus 09]
[    2.454379] pci 0000:00:1c.3:   bridge window [mem 0xc5000000-0xc68fffff]
[    2.461959] pci_bus 0000:00: resource 4 [io  0x0000-0x0cf7 window]
[    2.461960] pci_bus 0000:00: resource 5 [io  0x1000-0x7fff window]
[    2.461961] pci_bus 0000:00: resource 6 [mem 0x000a0000-0x000bffff window]
[    2.461962] pci_bus 0000:00: resource 7 [mem 0x90000000-0xc7ffbfff window]
[    2.461962] pci_bus 0000:00: resource 8 [mem 0x38000000000-0x3bfffffffff window]
[    2.461963] pci_bus 0000:01: resource 0 [io  0x6000-0x6fff]
[    2.461964] pci_bus 0000:01: resource 1 [mem 0xc6900000-0xc6cfffff]
[    2.461965] pci_bus 0000:01: resource 2 [mem 0x3bfffe00000-0x3bfffefffff 64bit pref]
[    2.461966] pci_bus 0000:05: resource 0 [io  0x5000-0x5fff]
[    2.461967] pci_bus 0000:05: resource 1 [mem 0xc6d00000-0xc6efffff]
[    2.461968] pci_bus 0000:06: resource 0 [io  0x4000-0x4fff]
[    2.461969] pci_bus 0000:06: resource 1 [mem 0xc6f00000-0xc6ffffff]
[    2.461970] pci_bus 0000:06: resource 2 [mem 0xc7800000-0xc7efffff 64bit pref]
[    2.461971] pci_bus 0000:09: resource 1 [mem 0xc5000000-0xc68fffff]
[    2.462069] pci 0000:80:02.0: PCI bridge to [bus 81]
[    2.467615] pci_bus 0000:80: resource 4 [io  0x8000-0xffff window]
[    2.467615] pci_bus 0000:80: resource 5 [mem 0xc8000000-0xfbffbfff window]
[    2.467616] pci_bus 0000:80: resource 6 [mem 0x3c000000000-0x3ffffffffff window]
[    2.467721] socket: NET: Registered protocol family 2
[    2.473688] page_alloc: tcp_listen_portaddr_hash hash table entries: 65536 (order: 8, 1048576 bytes)
[    2.484190] page_alloc: TCP established hash table entries: 524288 (order: 10, 4194304 bytes)
[    2.494340] page_alloc: TCP bind hash table entries: 65536 (order: 8, 1048576 bytes)
[    2.503131] tcp: Hash tables configured (established 524288 bind 65536)
[    2.510694] page_alloc: UDP hash table entries: 65536 (order: 9, 2097152 bytes)
[    2.519227] page_alloc: UDP-Lite hash table entries: 65536 (order: 9, 2097152 bytes)
[    2.528310] socket: NET: Registered protocol family 1
[    2.556155] pci 0000:00:1a.0: quirk_usb_early_handoff+0x0/0x6b0 took 21494 usecs
[    2.584138] pci 0000:00:1d.0: quirk_usb_early_handoff+0x0/0x6b0 took 19244 usecs
[    2.592407] PCI: CLS mismatch (64 != 32), using 64 bytes
[    2.592421] pci 0000:09:00.0: Video device with shadowed ROM at [mem 0x000c0000-0x000dffff]
[    2.601783] Trying to unpack rootfs image as initramfs...
[    5.083380] page_alloc: Freeing initrd memory: 168008K
[    5.089265] PCI-DMA: Using software bounce buffering for IO (SWIOTLB)
[    5.096464] software IO TLB [mem 0x751d4000-0x791d4000] (64MB) mapped at [        (ptrval)-        (ptrval)]
[    5.107873] intel_rapl_perf: API unit is 2^-32 Joules, 3 fixed counters, 655360 ms ovfl timer
[    5.117395] intel_rapl_perf: hw unit of domain pp0-core 2^-14 Joules
[    5.124488] intel_rapl_perf: hw unit of domain package 2^-14 Joules
[    5.131482] intel_rapl_perf: hw unit of domain dram 2^-16 Joules
[    5.140374] Scanning for low memory corruption every 60 seconds
[    5.148333] system_keyring: Initialise system trusted keyrings
[    5.154907] workingset: workingset: timestamp_bits=40 max_order=26 bucket_order=0
[    5.164389] zbud: loaded
[    5.167756] fuse init (API version 7.26)
[    5.172207] SGI XFS with ACLs, security attributes, realtime, debug enabled
[    5.180665] pstore: using deflate compression
[    5.186556] key: Key type asymmetric registered
[    5.191619] asymmetric_keys: Asymmetric key parser 'x509' registered
[    5.198777] Block layer SCSI generic (bsg) driver version 0.4 loaded (major 248)
[    5.207119] io scheduler noop registered
[    5.211495] io scheduler deadline registered (default)
[    5.217262] io scheduler cfq registered
[    5.221540] io scheduler mq-deadline registered (default)
[    5.227564] io scheduler kyber registered
[    5.234134] pcieport 0000:00:01.0: AER enabled with IRQ 25
[    5.240281] pcieport 0000:00:01.1: AER enabled with IRQ 26
[    5.246421] pcieport 0000:00:02.0: AER enabled with IRQ 28
[    5.252567] pcieport 0000:00:02.2: AER enabled with IRQ 29
[    5.258706] pcieport 0000:00:03.0: AER enabled with IRQ 31
[    5.264854] pcieport 0000:80:02.0: AER enabled with IRQ 35
[    5.270992] pcieport 0000:00:01.0: Signaling PME with IRQ 25
[    5.277318] pcieport 0000:00:01.1: Signaling PME with IRQ 26
[    5.283640] pcieport 0000:00:02.0: Signaling PME with IRQ 28
[    5.289964] pcieport 0000:00:02.2: Signaling PME with IRQ 29
[    5.296293] pcieport 0000:00:03.0: Signaling PME with IRQ 31
[    5.302620] pcieport 0000:00:1c.0: Signaling PME with IRQ 32
[    5.308947] pcieport 0000:00:1c.3: Signaling PME with IRQ 33
[    5.315284] pcieport 0000:80:02.0: Signaling PME with IRQ 35
[    5.321645] intel_idle: MWAIT substates: 0x2120
[    5.321646] intel_idle: v0.4.1 model 0x3F
[    5.323288] intel_idle: lapic_timer_reliable_states 0xffffffff
[    5.323298] ipmi_msghandler: ipmi message handler version 39.2
[    5.329978] ACPI: Deprecated procfs I/F for AC is loaded, please retry with CONFIG_ACPI_PROCFS_POWER cleared
[    5.340977] ACPI: AC Adapter [P111] (on-line)
[    5.345901] input_core: Power Button as /devices/LNXSYSTM:00/LNXSYBUS:00/PNP0C0C:00/input/input0
[    5.355707] ACPI: Power Button [PWRB]
[    5.359842] input_core: Power Button as /devices/LNXSYSTM:00/LNXPWRBN:00/input/input1
[    5.368617] ACPI: Power Button [PWRF]
[    5.377875] ERST: Error Record Serialization Table (ERST) support is initialized.
[    5.386338] pstore: Registered erst as persistent store backend
[    5.393437] ghes: GHES: APEI firmware first mode is enabled by APEI bit and WHEA _OSC.
[    5.402403] 8250: Serial: 8250/16550 driver, 32 ports, IRQ sharing enabled
[    5.430540] serial_core: 00:02: ttyS0 at I/O 0x3f8 (irq = 4, base_baud = 115200) is a 16550A
[    5.460457] serial_core: 00:03: ttyS1 at I/O 0x2f8 (irq = 3, base_baud = 115200) is a 16550A
[    5.470993] Linux agpgart interface v0.103
[    5.482445] brd: brd: module loaded
[    5.490296] loop: module loaded
[    5.494123] libphy: Fixed MDIO Bus: probed
[    5.498864] tun: Universal TUN/TAP device driver, 1.6
[    5.504571] ppp_generic: PPP generic driver version 2.4.2
[    5.510652] ehci_hcd: USB 2.0 'Enhanced' Host Controller (EHCI) Driver
[    5.517943] ehci_pci: ehci-pci: EHCI PCI platform driver
[    5.524057] ehci-pci 0000:00:1a.0: EHCI Host Controller
[    5.529898] ehci-pci 0000:00:1a.0: new USB bus registered, assigned bus number 1
[    5.538166] ehci-pci 0000:00:1a.0: debug port 2
[    5.547122] ehci-pci 0000:00:1a.0: cache line size of 64 is not supported
[    5.547137] ehci-pci 0000:00:1a.0: irq 18, io mem 0xc7002000
[    5.568040] ehci-pci 0000:00:1a.0: USB 2.0 started, EHCI 1.00
[    5.574494] usb usb1: New USB device found, idVendor=1d6b, idProduct=0002, bcdDevice= 4.17
[    5.583721] usb usb1: New USB device strings: Mfr=3, Product=2, SerialNumber=1
[    5.591785] usb usb1: Product: EHCI Host Controller
[    5.597230] usb usb1: Manufacturer: Linux 4.17.0 ehci_hcd
[    5.603257] usb usb1: SerialNumber: 0000:00:1a.0
[    5.608519] hub 1-0:1.0: USB hub found
[    5.612710] hub 1-0:1.0: 2 ports detected
[    5.617427] ehci-pci 0000:00:1d.0: EHCI Host Controller
[    5.623267] ehci-pci 0000:00:1d.0: new USB bus registered, assigned bus number 2
[    5.631532] ehci-pci 0000:00:1d.0: debug port 2
[    5.640473] ehci-pci 0000:00:1d.0: cache line size of 64 is not supported
[    5.640479] ehci-pci 0000:00:1d.0: irq 18, io mem 0xc7001000
[    5.660064] ehci-pci 0000:00:1d.0: USB 2.0 started, EHCI 1.00
[    5.666512] usb usb2: New USB device found, idVendor=1d6b, idProduct=0002, bcdDevice= 4.17
[    5.675736] usb usb2: New USB device strings: Mfr=3, Product=2, SerialNumber=1
[    5.683798] usb usb2: Product: EHCI Host Controller
[    5.689241] usb usb2: Manufacturer: Linux 4.17.0 ehci_hcd
[    5.695267] usb usb2: SerialNumber: 0000:00:1d.0
[    5.700526] hub 2-0:1.0: USB hub found
[    5.704715] hub 2-0:1.0: 2 ports detected
[    5.709336] ehci_platform: ehci-platform: EHCI generic platform driver
[    5.716641] ohci_hcd: USB 1.1 'Open' Host Controller (OHCI) Driver
[    5.723547] ohci_pci: ohci-pci: OHCI PCI platform driver
[    5.729489] ohci_platform: ohci-platform: OHCI generic platform driver
[    5.736780] uhci_hcd: USB Universal Host Controller Interface driver
[    5.743924] i8042: PNP: No PS/2 controller found.
[    5.749246] mousedev: PS/2 mouse device common for all mice
[    5.755569] rtc_cmos 00:00: RTC can wake from S4
[    5.760884] rtc_cmos 00:00: registered as rtc0
[    5.765861] rtc_cmos 00:00: alarms up to one month, y3k, 114 bytes nvram, hpet irqs
[    5.774443] dm_mod: device-mapper: uevent: version 1.0.3
[    5.780442] dm_mod: device-mapper: ioctl: 4.39.0-ioctl (2018-04-03) initialised: dm-devel@redhat.com
[    5.790645] intel_pstate: Intel P-state driver initializing
[    5.801893] ledtrig_cpu: ledtrig-cpu: registered to indicate activity on CPUs
[    5.810143] socket: NET: Registered protocol family 10
[    5.816236] ipv6: Segment Routing with IPv6
[    5.820927] socket: NET: Registered protocol family 17
[    5.826671] key: Key type dns_resolver registered
[    5.835161] microcode: sig=0x306f2, pf=0x1, revision=0x3a
[    5.842176] microcode: Microcode Update Driver: v2.2.
[    5.842192] sched_clock: Marking stable (5842172893, 0)->(6129892995, -287720102)
[    5.856567] taskstats: registered taskstats version 1
[    5.862211] system_keyring: Loading compiled-in X.509 certificates
[    5.871508] system_keyring: Loaded X.509 cert 'Build time autogenerated kernel key: a85f92fc9e42360718088a26c87bd4874b11e307'
[    5.884183] zswap: loaded using pool lzo/zbud
[    5.889546] btrfs: Btrfs loaded, crc32c=crc32c-intel, debug=on
[    5.898979] key: Key type big_key registered
[    5.905131] key: Key type trusted registered
[    5.911265] key: Key type encrypted registered
[    5.916228] AppArmor: AppArmor sha1 policy hashing enabled
[    5.922355] ima: No TPM chip found, activating TPM-bypass! (rc=-19)
[    5.929354] ima: Allocated hash algorithm: sha1
[    5.934429] evm: HMAC attrs: 0x1
[    5.938616] trace:   Magic number: 15:224:885
[    5.943623] acpi device:f4: hash matches
[    5.948186] rtc_cmos 00:00: setting system clock to 2019-08-08 12:52:19 UTC (1565268739)
[    5.956037] usb 1-1: new high-speed USB device number 2 using ehci-pci
[    5.966314] page_alloc: Freeing unused kernel memory: 1812K
[    6.004078] Write protecting the kernel read-only data: 22528k
[    6.011558] page_alloc: Freeing unused kernel memory: 2004K
[    6.021638] page_alloc: Freeing unused kernel memory: 1864K
[    6.037721] systemd-udevd[394]: starting version 204
[    6.044041] usb 2-1: new high-speed USB device number 2 using ehci-pci
[    6.082035] dca: dca service started, version 1.12.1
[    6.093224] ahci 0000:00:11.4: version 3.0
[    6.093434] ahci 0000:00:11.4: AHCI 0001.0300 32 slots 4 ports 6 Gbps 0xf impl SATA mode
[    6.102471] ahci 0000:00:11.4: flags: 64bit ncq pm led clo pio slum part ems apst 
[    6.113478] mpt3sas: mpt3sas version 17.100.00.00 loaded
[    6.119672] mpt3sas: mpt3sas_cm0: 64 BIT PCI BUS DMA ADDRESSING SUPPORTED, total mem (161398684 kB)
[    6.119693] igb: Intel(R) Gigabit Ethernet Network Driver - version 5.4.0-k
[    6.124378] usb 1-1: New USB device found, idVendor=8087, idProduct=800a, bcdDevice= 0.05
[    6.124379] usb 1-1: New USB device strings: Mfr=0, Product=0, SerialNumber=0
[    6.124528] hub 1-1:1.0: USB hub found
[    6.124626] hub 1-1:1.0: 6 ports detected
[    6.144043] tsc: Refined TSC clocksource calibration: 2593.747 MHz
[    6.146680] igb: Copyright (c) 2007-2014 Intel Corporation.
[    6.154671] clocksource: tsc: mask: 0xffffffffffffffff max_cycles: 0x2563290ee1e, max_idle_ns: 440795273866 ns
[    6.159308] igb 0000:01:00.0: PHY reset is blocked due to SOL/IDER session.
[    6.195375] clocksource: Switched to clocksource tsc
[    6.195697] scsi host1: ahci
[    6.204269] scsi host2: ahci
[    6.204518] ixgbe: Intel(R) 10 Gigabit PCI Express Network Driver - version 5.1.0-k
[    6.207575] scsi host3: ahci
[    6.216026] ixgbe: Copyright (c) 1999-2016 Intel Corporation.
[    6.224379] usb 2-1: New USB device found, idVendor=8087, idProduct=8002, bcdDevice= 0.05
[    6.234805] usb 2-1: New USB device strings: Mfr=0, Product=0, SerialNumber=0
[    6.235292] scsi host4: ahci
[    6.243145] hub 2-1:1.0: USB hub found
[    6.253523] hub 2-1:1.0: 8 ports detected
[    6.265261] ata1: SATA max UDMA/133 abar m2048@0xc7004000 port 0xc7004100 irq 36
[    6.273522] ata2: SATA max UDMA/133 abar m2048@0xc7004000 port 0xc7004180 irq 36
[    6.281792] ata3: SATA max UDMA/133 abar m2048@0xc7004000 port 0xc7004200 irq 36
[    6.290049] ata4: SATA max UDMA/133 abar m2048@0xc7004000 port 0xc7004280 irq 36
[    6.299608] igb 0000:01:00.0: added PHC on eth0
[    6.304667] igb 0000:01:00.0: Intel(R) Gigabit Ethernet Network Connection
[    6.312341] igb 0000:01:00.0: eth0: (PCIe:5.0Gb/s:Width x4) 70:e4:22:83:d4:0a
[    6.320376] igb 0000:01:00.0: eth0: PBA No: FFFFFF-0FF
[    6.326109] igb 0000:01:00.0: Using MSI-X interrupts. 8 rx queue(s), 8 tx queue(s)
[    6.335083] igb 0000:01:00.1: PHY reset is blocked due to SOL/IDER session.
[    6.343030] ahci 0000:00:1f.2: AHCI 0001.0300 32 slots 6 ports 6 Gbps 0x3f impl SATA mode
[    6.352161] ahci 0000:00:1f.2: flags: 64bit ncq pm led clo pio slum part ems apst 
[    6.377414] mpt3sas: mpt3sas_cm0: CurrentHostPageSize is 0: Setting default host page size to 4k
[    6.387236] mpt3sas_cm0: MSI-X vectors supported: 96, no of cores: 40, max_msix_vectors: -1
[    6.397278] mpt3sas: mpt3sas0-msix0: PCI-MSI-X enabled: IRQ 58
[    6.403789] mpt3sas: mpt3sas0-msix1: PCI-MSI-X enabled: IRQ 59
[    6.410299] mpt3sas: mpt3sas0-msix2: PCI-MSI-X enabled: IRQ 60
[    6.416808] mpt3sas: mpt3sas0-msix3: PCI-MSI-X enabled: IRQ 61
[    6.423317] mpt3sas: mpt3sas0-msix4: PCI-MSI-X enabled: IRQ 62
[    6.429826] mpt3sas: mpt3sas0-msix5: PCI-MSI-X enabled: IRQ 63
[    6.436335] mpt3sas: mpt3sas0-msix6: PCI-MSI-X enabled: IRQ 64
[    6.442844] mpt3sas: mpt3sas0-msix7: PCI-MSI-X enabled: IRQ 65
[    6.449353] mpt3sas: mpt3sas0-msix8: PCI-MSI-X enabled: IRQ 66
[    6.455863] mpt3sas: mpt3sas0-msix9: PCI-MSI-X enabled: IRQ 67
[    6.462372] mpt3sas: mpt3sas0-msix10: PCI-MSI-X enabled: IRQ 68
[    6.468979] mpt3sas: mpt3sas0-msix11: PCI-MSI-X enabled: IRQ 69
[    6.475587] mpt3sas: mpt3sas0-msix12: PCI-MSI-X enabled: IRQ 70
[    6.482195] mpt3sas: mpt3sas0-msix13: PCI-MSI-X enabled: IRQ 71
[    6.488794] mpt3sas: mpt3sas0-msix14: PCI-MSI-X enabled: IRQ 74
[    6.495401] mpt3sas: mpt3sas0-msix15: PCI-MSI-X enabled: IRQ 75
[    6.502009] mpt3sas: mpt3sas0-msix16: PCI-MSI-X enabled: IRQ 76
[    6.508617] mpt3sas: mpt3sas0-msix17: PCI-MSI-X enabled: IRQ 77
[    6.515225] mpt3sas: mpt3sas0-msix18: PCI-MSI-X enabled: IRQ 78
[    6.521833] mpt3sas: mpt3sas0-msix19: PCI-MSI-X enabled: IRQ 79
[    6.528439] mpt3sas: mpt3sas0-msix20: PCI-MSI-X enabled: IRQ 80
[    6.535042] mpt3sas: mpt3sas0-msix21: PCI-MSI-X enabled: IRQ 81
[    6.541649] mpt3sas: mpt3sas0-msix22: PCI-MSI-X enabled: IRQ 82
[    6.548027] usb 2-1.4: new high-speed USB device number 3 using ehci-pci
[    6.548253] mpt3sas: mpt3sas0-msix23: PCI-MSI-X enabled: IRQ 83
[    6.562337] mpt3sas: mpt3sas0-msix24: PCI-MSI-X enabled: IRQ 84
[    6.568944] mpt3sas: mpt3sas0-msix25: PCI-MSI-X enabled: IRQ 85
[    6.575549] mpt3sas: mpt3sas0-msix26: PCI-MSI-X enabled: IRQ 86
[    6.582154] mpt3sas: mpt3sas0-msix27: PCI-MSI-X enabled: IRQ 87
[    6.588759] mpt3sas: mpt3sas0-msix28: PCI-MSI-X enabled: IRQ 88
[    6.595363] mpt3sas: mpt3sas0-msix29: PCI-MSI-X enabled: IRQ 89
[    6.601969] mpt3sas: mpt3sas0-msix30: PCI-MSI-X enabled: IRQ 90
[    6.608576] mpt3sas: mpt3sas0-msix31: PCI-MSI-X enabled: IRQ 91
[    6.610647] ata3: SATA link down (SStatus 0 SControl 300)
[    6.615182] mpt3sas: mpt3sas0-msix32: PCI-MSI-X enabled: IRQ 92
[    6.615182] mpt3sas: mpt3sas0-msix33: PCI-MSI-X enabled: IRQ 93
[    6.615186] mpt3sas: mpt3sas0-msix34: PCI-MSI-X enabled: IRQ 94
[    6.621263] ata4: SATA link down (SStatus 0 SControl 300)
[    6.627839] mpt3sas: mpt3sas0-msix35: PCI-MSI-X enabled: IRQ 95
[    6.627841] mpt3sas: mpt3sas0-msix36: PCI-MSI-X enabled: IRQ 96
[    6.634485] ata2: SATA link down (SStatus 0 SControl 300)
[    6.641056] mpt3sas: mpt3sas0-msix37: PCI-MSI-X enabled: IRQ 97
[    6.647121] ata1: SATA link down (SStatus 0 SControl 300)
[    6.653692] mpt3sas: mpt3sas0-msix38: PCI-MSI-X enabled: IRQ 98
[    6.664376] usb 2-1.4: New USB device found, idVendor=0424, idProduct=2512, bcdDevice= b.b3
[    6.666321] mpt3sas: mpt3sas0-msix39: PCI-MSI-X enabled: IRQ 99
[    6.672927] usb 2-1.4: New USB device strings: Mfr=0, Product=0, SerialNumber=0
[    6.678952] mpt3sas: mpt3sas_cm0: iomem(0x00000000c6e40000), mapped(0x        (ptrval)), size(65536)
[    6.685776] hub 2-1.4:1.0: USB hub found
[    6.694875] mpt3sas: mpt3sas_cm0: ioport(0x0000000000005000), size(256)
[    6.720117] igb 0000:01:00.1: added PHC on eth1
[    6.724276] hub 2-1.4:1.0: 2 ports detected
[    6.731609] igb 0000:01:00.1: Intel(R) Gigabit Ethernet Network Connection
[    6.749026] igb 0000:01:00.1: eth1: (PCIe:5.0Gb/s:Width x4) 70:e4:22:83:d4:0b
[    6.757062] igb 0000:01:00.1: eth1: PBA No: FFFFFF-0FF
[    6.762797] igb 0000:01:00.1: Using MSI-X interrupts. 8 rx queue(s), 8 tx queue(s)
[    6.771651] ixgbe 0000:06:00.0: Multiqueue Enabled: Rx Queue count = 40, Tx Queue count = 40 XDP Queue count = 0
[    6.783290] ixgbe 0000:06:00.0: PCI Express bandwidth of 32GT/s available
[    6.790866] ixgbe 0000:06:00.0: (Speed:5.0GT/s, Width: x8, Encoding Loss:20%)
[    6.799147] ixgbe 0000:06:00.0: MAC: 2, PHY: 14, SFP+: 3, PBA No: E68793-000
[    6.807015] ixgbe 0000:06:00.0: 90:e2:ba:b3:b9:90
[    6.812984] scsi host5: ahci
[    6.816037] usb 2-1.6: new full-speed USB device number 4 using ehci-pci
[    6.816304] scsi host6: ahci
[    6.827551] ixgbe 0000:06:00.0: Intel(R) 10 Gigabit Network Connection
[    6.835177] scsi host7: ahci
[    6.857774] scsi host8: ahci
[    6.861098] scsi host9: ahci
[    6.864439] scsi host10: ahci
[    6.867772] ata5: SATA max UDMA/133 abar m2048@0xc7000000 port 0xc7000100 irq 57
[    6.876030] ata6: SATA max UDMA/133 abar m2048@0xc7000000 port 0xc7000180 irq 57
[    6.884300] ata7: SATA max UDMA/133 abar m2048@0xc7000000 port 0xc7000200 irq 57
[    6.892554] ata8: SATA max UDMA/133 abar m2048@0xc7000000 port 0xc7000280 irq 57
[    6.900809] ata9: SATA max UDMA/133 abar m2048@0xc7000000 port 0xc7000300 irq 57
[    6.909064] ata10: SATA max UDMA/133 abar m2048@0xc7000000 port 0xc7000380 irq 57
[    6.930882] usb 2-1.6: New USB device found, idVendor=0624, idProduct=0402, bcdDevice= 0.00
[    6.940209] usb 2-1.6: New USB device strings: Mfr=1, Product=2, SerialNumber=3
[    6.948368] usb 2-1.6: Product: Cisco USB Composite Device-0
[    6.954687] usb 2-1.6: Manufacturer: Avocent
[    6.959452] usb 2-1.6: SerialNumber: 20111102-00000001
[    6.963076] mpt3sas: mpt3sas_cm0: CurrentHostPageSize is 0: Setting default host page size to 4k
[    6.975006] mpt3sas: mpt3sas_cm0: sending message unit reset !!
[    6.981848] hidraw: raw HID events driver (C) Jiri Kosina
[    6.983127] mpt3sas: mpt3sas_cm0: message unit reset: SUCCESS
[    7.001189] usbcore: usbcore: registered new interface driver usbhid
[    7.008285] usbhid: usbhid: USB HID core driver
[    7.015773] input_core: Avocent Cisco USB Composite Device-0 as /devices/pci0000:00/0000:00:1d.0/usb2/2-1/2-1.6/2-1.6:1.0/0003:0624:0402.0001/input/input2
[    7.040264] ixgbe 0000:06:00.1: Multiqueue Enabled: Rx Queue count = 40, Tx Queue count = 40 XDP Queue count = 0
[    7.051907] ixgbe 0000:06:00.1: PCI Express bandwidth of 32GT/s available
[    7.059485] ixgbe 0000:06:00.1: (Speed:5.0GT/s, Width: x8, Encoding Loss:20%)
[    7.067768] ixgbe 0000:06:00.1: MAC: 2, PHY: 14, SFP+: 4, PBA No: E68793-000
[    7.075634] ixgbe 0000:06:00.1: 90:e2:ba:b3:b9:91
[    7.081800] ixgbe 0000:06:00.1: Intel(R) 10 Gigabit Network Connection
[    7.088180] hid-generic 0003:0624:0402.0001: input,hidraw0: USB HID v1.00 Keyboard [Avocent Cisco USB Composite Device-0] on usb-0000:00:1d.0-1.6/input0
[    7.104467] input_core: Avocent Cisco USB Composite Device-0 as /devices/pci0000:00/0000:00:1d.0/usb2/2-1/2-1.6/2-1.6:1.1/0003:0624:0402.0002/input/input3
[    7.120029] hid-generic 0003:0624:0402.0002: input,hidraw1: USB HID v1.00 Mouse [Avocent Cisco USB Composite Device-0] on usb-0000:00:1d.0-1.6/input1
[    7.120898] mpt3sas: mpt3sas_cm0: Allocated physical memory: size(22593 kB)
[    7.135137] input_core: Avocent Cisco USB Composite Device-0 as /devices/pci0000:00/0000:00:1d.0/usb2/2-1/2-1.6/2-1.6:1.2/0003:0624:0402.0003/input/input4
[    7.142749] mpt3sas: mpt3sas_cm0: Current Controller Queue Depth(10104),Max Controller Queue Depth(10240)
[    7.142752] mpt3sas: mpt3sas_cm0: Scatter Gather Elements per IO(128)
[    7.158296] hid-generic 0003:0624:0402.0003: input,hidraw2: USB HID v1.00 Mouse [Avocent Cisco USB Composite Device-0] on usb-0000:00:1d.0-1.6/input2
[    7.214502] mpt3sas: mpt3sas_cm0: LSISAS3108: FWVersion(11.65.06.00), ChipRevision(0x02), BiosVersion(08.27.03.00)
[    7.226060] mpt3sas: mpt3sas_cm0: Protocol=(
[    7.226061] mpt3sas: Initiator
[    7.230827] mpt3sas: ,Target
[    7.234231] mpt3sas: ), 
[    7.237329] ata9: SATA link down (SStatus 0 SControl 300)
[    7.237443] mpt3sas: Capabilities=(
[    7.240296] ata5: SATA link down (SStatus 0 SControl 300)
[    7.246291] mpt3sas: TLR
[    7.246291] mpt3sas: ,EEDP
[    7.246293] mpt3sas: ,Snapshot Buffer
[    7.250211] ata7: SATA link down (SStatus 0 SControl 300)
[    7.256209] mpt3sas: ,Diag Trace Buffer
[    7.256210] mpt3sas: ,Task Set Full
[    7.259070] ata8: SATA link down (SStatus 0 SControl 300)
[    7.262047] mpt3sas: ,NCQ
[    7.262048] mpt3sas: )
[    7.262086] scsi host0: Fusion MPT SAS Host
[    7.266195] ata6: SATA link down (SStatus 0 SControl 300)
[    7.272332] ******blk_init_rl***** blk_init_rl:914 
[    7.276512] ata10: SATA link down (SStatus 0 SControl 300)
[    7.280494] mpt3sas: mpt3sas_cm0: sending port enable !!
[    7.321417] mpt3sas: mpt3sas_cm0: host_add: handle(0x0001), sas_addr(0x578da6e715bfe0a0), phys(8)
[    7.331547] random: random: fast init done
[    7.340034] mpt3sas: mpt3sas_cm0: port enable: SUCCESS
[    7.345927] ******blk_init_rl***** blk_init_rl:914 
[    7.351469] ******blk_init_rl***** blk_init_rl:914 
[    7.357139] scsi 0:0:0:0: Direct-Access     HGST     HUC101212CSS600  A469 PQ: 0 ANSI: 6
[    7.366174] scsi 0:0:0:0: SSP: handle(0x0009), sas_addr(0x5000cca0729d0b55), phy(0), device_name(0x5000cca0729d0b57)
[    7.377919] scsi 0:0:0:0: enclosure logical id (0x578da6e715bfe0a0), slot(1) 
[    7.385884] scsi 0:0:0:0: enclosure level(0x0000), connector name(     )
[    7.394129] ******blk_init_rl***** blk_init_rl:914 
[    7.399664] ******blk_init_rl***** blk_init_rl:914 
[    7.405301] scsi 0:0:1:0: Direct-Access     HGST     HUC101212CSS600  A469 PQ: 0 ANSI: 6
[    7.414333] scsi 0:0:1:0: SSP: handle(0x000b), sas_addr(0x5000cca0729d3301), phy(1), device_name(0x5000cca0729d3303)
[    7.426070] scsi 0:0:1:0: enclosure logical id (0x578da6e715bfe0a0), slot(2) 
[    7.434035] scsi 0:0:1:0: enclosure level(0x0000), connector name(     )
[    7.442135] ******blk_init_rl***** blk_init_rl:914 
[    7.447677] ******blk_init_rl***** blk_init_rl:914 
[    7.453489] scsi 0:0:2:0: Direct-Access     ATA      INTEL SSDSC2BB48 0374 PQ: 0 ANSI: 6
[    7.462524] scsi 0:0:2:0: SATA: handle(0x000a), sas_addr(0x4433221102000000), phy(2), device_name(0x55cd2e404c5f52fd)
[    7.474366] scsi 0:0:2:0: enclosure logical id (0x578da6e715bfe0a0), slot(3) 
[    7.482330] scsi 0:0:2:0: enclosure level(0x0000), connector name(     )
[    7.489847] scsi 0:0:2:0: atapi(n), ncq(y), asyn_notify(n), smart(y), fua(y), sw_preserve(y)
[    7.500138] sd 0:0:0:0: Attached scsi generic sg0 type 0
[    7.500512] sd 0:0:0:0: [sda] 2344225968 512-byte logical blocks: (1.20 TB/1.09 TiB)
[    7.506243] sd 0:0:1:0: Attached scsi generic sg1 type 0
[    7.506655] sd 0:0:1:0: [sdb] 2344225968 512-byte logical blocks: (1.20 TB/1.09 TiB)
[    7.506885] sd 0:0:1:0: [sdb] Write Protect is off
[    7.506889] sd 0:0:1:0: [sdb] Mode Sense: f7 00 10 08
[    7.507210] sd 0:0:1:0: [sdb] Write cache: enabled, read cache: enabled, supports DPO and FUA
[    7.514977] sd 0:0:0:0: [sda] Write Protect is off
[    7.518013] sd 0:0:1:0: [sdb] Attached SCSI disk
[    7.520831] sd 0:0:2:0: Attached scsi generic sg2 type 0
[    7.521989] sd 0:0:2:0: [sdc] 937703088 512-byte logical blocks: (480 GB/447 GiB)
[    7.521992] sd 0:0:2:0: [sdc] 4096-byte physical blocks
[    7.522505] sd 0:0:2:0: [sdc] Write Protect is off
[    7.522508] sd 0:0:2:0: [sdc] Mode Sense: 9b 00 10 08
[    7.522835] sd 0:0:2:0: [sdc] Write cache: enabled, read cache: enabled, supports DPO and FUA
[    7.525789]  sdc: sdc1
[    7.528807] sd 0:0:2:0: [sdc] Attached SCSI disk
[    7.529319] sd 0:0:0:0: [sda] Mode Sense: f7 00 10 08
[    7.529638] sd 0:0:0:0: [sda] Write cache: enabled, read cache: enabled, supports DPO and FUA
[    7.632614]  sda: sda1 sda2 sda3 sda4
[    7.661077] sd 0:0:0:0: [sda] Attached SCSI disk
[   12.857868] EXT4-fs (sda1): mounting ext3 file system using the ext4 subsystem
[   12.866131] EXT4-fs (sda1): INFO: recovery required on readonly filesystem
[   12.873809] EXT4-fs (sda1): write access will be enabled during recovery
[   13.508967] random: random: crng init done
[   13.635456] EXT4-fs (sda1): recovery complete
[   13.649660] EXT4-fs (sda1): mounted filesystem with ordered data mode. Opts: (null)
[   14.512300] init: ureadahead main process (567) terminated with status 5
[   15.025162] swapfile: Adding 3145724k swap on /dev/sda3.  Priority:-2 extents:1 across:3145724k FS
[   15.373329] systemd-udevd[738]: starting version 204
[   15.804550] lp: driver loaded but no devices found
[   15.948965] EXT4-fs (sda1): re-mounted. Opts: errors=remount-ro
[   16.123577] power_meter ACPI000D:00: Found ACPI power meter.
[   16.123587] power_meter ACPI000D:00: Ignoring unsafe software power cap!
[   16.131101] power_meter ACPI000D:00: hwmon_device_register() is deprecated. Please convert the driver to use hwmon_device_register_with_info().
[   16.236243] power_meter ACPI000D:01: Found ACPI power meter.
[   16.236266] power_meter ACPI000D:01: Ignoring unsafe software power cap!
[   16.243755] power_meter ACPI000D:01: hwmon_device_register() is deprecated. Please convert the driver to use hwmon_device_register_with_info().
[   16.251122] ipmi_si: IPMI System Interface driver.
[   16.251135] ipmi_si dmi-ipmi-si.0: ipmi_platform: probing via SMBIOS
[   16.251136] ipmi_si: ipmi_si: SMBIOS: io 0xca2 regsize 1 spacing 1 irq 0
[   16.251137] ipmi_si: ipmi_si: Adding SMBIOS-specified kcs state machine
[   16.251159] ipmi_si IPI0001:00: ipmi_platform: probing via ACPI
[   16.251171] ipmi_si IPI0001:00: [io  0x0ca2] regsize 1 spacing 1 irq 0
[   16.251172] ipmi_si dmi-ipmi-si.0: Removing SMBIOS-specified kcs state machine in favor of ACPI
[   16.300041] ipmi_si: ipmi_si: Adding ACPI-specified kcs state machine
[   16.300105] ipmi_si: ipmi_si: Trying ACPI-specified kcs state machine at i/o address 0xca2, slave address 0x20, irq 0
[   16.320703] mei_me 0000:00:16.0: Device doesn't have valid ME Interface
[   16.338565] cryptd: cryptd: max_cpu_qlen set to 1000
[   16.474686] aesni_intel: AVX2 version of gcm_enc/dec engaged.
[   16.474687] aesni_intel: AES CTR mode by8 optimization enabled
[   16.659072] ipmi_si IPI0001:00: Found new BMC (man_id: 0x00168b, prod_id: 0x0015, dev_id: 0x20)
[   16.670704] ipmi_si IPI0001:00: IPMI kcs interface initialized
[   17.229889] ixgbe 0000:06:00.1: registered PHC device on eth3
[   17.337178] ipv6: ADDRCONF(NETDEV_UP): eth3: link is not ready
[   17.404303] ixgbe 0000:06:00.1 eth3: detected SFP+: 4
[   17.447178] FS-Cache: Loaded
[   17.559440] ixgbe 0000:06:00.0: registered PHC device on eth2
[   17.665424] ipv6: ADDRCONF(NETDEV_UP): eth2: link is not ready
[   17.740085] ixgbe 0000:06:00.0 eth2: detected SFP+: 3
[   17.919648] EDAC sbridge: Seeking for: PCI ID 8086:2fa0
[   17.919660] EDAC sbridge: Seeking for: PCI ID 8086:2fa0
[   17.919669] EDAC sbridge: Seeking for: PCI ID 8086:2fa0
[   17.919678] EDAC sbridge: Seeking for: PCI ID 8086:2f60
[   17.919682] EDAC sbridge: Seeking for: PCI ID 8086:2f60
[   17.919686] EDAC sbridge: Seeking for: PCI ID 8086:2f60
[   17.919688] EDAC sbridge: Seeking for: PCI ID 8086:2fa8
[   17.919691] EDAC sbridge: Seeking for: PCI ID 8086:2fa8
[   17.919695] EDAC sbridge: Seeking for: PCI ID 8086:2fa8
[   17.919697] EDAC sbridge: Seeking for: PCI ID 8086:2f71
[   17.919700] EDAC sbridge: Seeking for: PCI ID 8086:2f71
[   17.919704] EDAC sbridge: Seeking for: PCI ID 8086:2f71
[   17.919706] EDAC sbridge: Seeking for: PCI ID 8086:2faa
[   17.919709] EDAC sbridge: Seeking for: PCI ID 8086:2faa
[   17.919713] EDAC sbridge: Seeking for: PCI ID 8086:2faa
[   17.919715] EDAC sbridge: Seeking for: PCI ID 8086:2fab
[   17.919719] EDAC sbridge: Seeking for: PCI ID 8086:2fab
[   17.919722] EDAC sbridge: Seeking for: PCI ID 8086:2fab
[   17.919725] EDAC sbridge: Seeking for: PCI ID 8086:2fac
[   17.919730] EDAC sbridge: Seeking for: PCI ID 8086:2fad
[   17.919735] EDAC sbridge: Seeking for: PCI ID 8086:2f68
[   17.919738] EDAC sbridge: Seeking for: PCI ID 8086:2f68
[   17.919742] EDAC sbridge: Seeking for: PCI ID 8086:2f68
[   17.919744] EDAC sbridge: Seeking for: PCI ID 8086:2f79
[   17.919748] EDAC sbridge: Seeking for: PCI ID 8086:2f79
[   17.919751] EDAC sbridge: Seeking for: PCI ID 8086:2f79
[   17.919753] EDAC sbridge: Seeking for: PCI ID 8086:2f6a
[   17.919757] EDAC sbridge: Seeking for: PCI ID 8086:2f6a
[   17.919761] EDAC sbridge: Seeking for: PCI ID 8086:2f6a
[   17.919762] EDAC sbridge: Seeking for: PCI ID 8086:2f6b
[   17.919766] EDAC sbridge: Seeking for: PCI ID 8086:2f6b
[   17.919770] EDAC sbridge: Seeking for: PCI ID 8086:2f6b
[   17.919772] EDAC sbridge: Seeking for: PCI ID 8086:2f6c
[   17.919777] EDAC sbridge: Seeking for: PCI ID 8086:2f6d
[   17.919782] EDAC sbridge: Seeking for: PCI ID 8086:2ffc
[   17.919785] EDAC sbridge: Seeking for: PCI ID 8086:2ffc
[   17.919788] EDAC sbridge: Seeking for: PCI ID 8086:2ffc
[   17.919791] EDAC sbridge: Seeking for: PCI ID 8086:2ffd
[   17.919794] EDAC sbridge: Seeking for: PCI ID 8086:2ffd
[   17.919798] EDAC sbridge: Seeking for: PCI ID 8086:2ffd
[   17.919800] EDAC sbridge: Seeking for: PCI ID 8086:2fbd
[   17.919803] EDAC sbridge: Seeking for: PCI ID 8086:2fbd
[   17.919807] EDAC sbridge: Seeking for: PCI ID 8086:2fbd
[   17.919809] EDAC sbridge: Seeking for: PCI ID 8086:2fbf
[   17.919812] EDAC sbridge: Seeking for: PCI ID 8086:2fbf
[   17.919816] EDAC sbridge: Seeking for: PCI ID 8086:2fbf
[   17.919818] EDAC sbridge: Seeking for: PCI ID 8086:2fb9
[   17.919821] EDAC sbridge: Seeking for: PCI ID 8086:2fb9
[   17.919825] EDAC sbridge: Seeking for: PCI ID 8086:2fb9
[   17.919827] EDAC sbridge: Seeking for: PCI ID 8086:2fbb
[   17.919830] EDAC sbridge: Seeking for: PCI ID 8086:2fbb
[   17.919834] EDAC sbridge: Seeking for: PCI ID 8086:2fbb
[   17.920036] EDAC MC0: Giving out device to module sb_edac controller Haswell SrcID#1_Ha#0: DEV 0000:ff:12.0 (INTERRUPT)
[   17.920212] EDAC MC1: Giving out device to module sb_edac controller Haswell SrcID#0_Ha#0: DEV 0000:7f:12.0 (INTERRUPT)
[   17.920354] EDAC MC2: Giving out device to module sb_edac controller Haswell SrcID#1_Ha#1: DEV 0000:ff:12.4 (INTERRUPT)
[   17.920520] EDAC MC3: Giving out device to module sb_edac controller Haswell SrcID#0_Ha#1: DEV 0000:7f:12.4 (INTERRUPT)
[   17.920520] EDAC sbridge:  Ver: 1.1.2 
[   18.103673] intel_rapl: Found RAPL domain package
[   18.103678] intel_rapl: Found RAPL domain dram
[   18.103679] intel_rapl: DRAM domain energy unit 15300pj
[   18.105247] intel_rapl: Found RAPL domain package
[   18.105254] intel_rapl: Found RAPL domain dram
[   18.105258] intel_rapl: DRAM domain energy unit 15300pj
[   18.141477] RPC: Registered named UNIX socket transport module.
[   18.141477] RPC: Registered udp transport module.
[   18.141478] RPC: Registered tcp transport module.
[   18.141478] RPC: Registered tcp NFSv4.1 backchannel transport module.
[   18.193771] ipv6: ADDRCONF(NETDEV_UP): eth1: link is not ready
[   18.282282] igb 0000:01:00.0 eth0: igb: eth0 NIC Link is Up 1000 Mbps Full Duplex, Flow Control: RX
[   18.282575] ipv6: ADDRCONF(NETDEV_UP): eth0: link is not ready
[   18.282581] ipv6: ADDRCONF(NETDEV_CHANGE): eth0: link becomes ready
[   19.046419] FS-Cache: Netfs 'nfs' registered for caching
[   19.857967] Installing knfsd (copyright (C) 1996 okir@monad.swb.de).
[   20.257639] systemd-journald[1251]: Failed to resolve 'systemd-journal' group: No such process
[   20.293025] ixgbe 0000:06:00.0: removed PHC on eth2
[   20.376862] ixgbe 0000:06:00.1: removed PHC on eth3
[   20.606574] audit: type=1400 audit(1565268754.153:2): apparmor="STATUS" operation="profile_load" profile="unconfined" name="/sbin/dhclient" pid=1353 comm="apparmor_parser"
[   20.606577] audit: type=1400 audit(1565268754.153:3): apparmor="STATUS" operation="profile_load" profile="unconfined" name="/usr/lib/NetworkManager/nm-dhcp-client.action" pid=1353 comm="apparmor_parser"
[   20.606578] audit: type=1400 audit(1565268754.153:4): apparmor="STATUS" operation="profile_load" profile="unconfined" name="/usr/lib/connman/scripts/dhclient-script" pid=1353 comm="apparmor_parser"
[   20.622294] audit: type=1400 audit(1565268754.169:5): apparmor="STATUS" operation="profile_load" profile="unconfined" name="/usr/sbin/ntpd" pid=1356 comm="apparmor_parser"
[   23.584113] init: docker main process (1691) terminated with status 127
[   23.584120] init: docker main process ended, respawning
[   23.585029] init: docker post-start process (1692) terminated with status 1
[   23.589145] init: docker main process (1708) terminated with status 127
[   23.589152] init: docker main process ended, respawning
[   23.591586] init: docker post-start process (1709) terminated with status 1
[   23.595761] init: docker main process (1720) terminated with status 127
[   23.595768] init: docker main process ended, respawning
[   23.598086] init: docker post-start process (1721) terminated with status 1
[   23.602210] init: docker main process (1733) terminated with status 127
[   23.602217] init: docker main process ended, respawning
[   23.604519] init: docker post-start process (1734) terminated with status 1
[   23.608628] init: docker main process (1743) terminated with status 127
[   23.608634] init: docker main process ended, respawning
[   23.610856] init: docker post-start process (1744) terminated with status 1
[   23.614774] init: docker main process (1753) terminated with status 127
[   23.614780] init: docker main process ended, respawning
[   23.617033] init: docker post-start process (1754) terminated with status 1
[   23.620906] init: docker main process (1763) terminated with status 127
[   23.620913] init: docker main process ended, respawning
[   23.623122] init: docker post-start process (1764) terminated with status 1
[   23.627016] init: docker main process (1773) terminated with status 127
[   23.627023] init: docker main process ended, respawning
[   23.629196] init: docker post-start process (1774) terminated with status 1
[   23.633117] init: docker main process (1783) terminated with status 127
[   23.633125] init: docker main process ended, respawning
[   23.635287] init: docker post-start process (1784) terminated with status 1
[   23.639099] init: docker main process (1793) terminated with status 127
[   23.639106] init: docker main process ended, respawning
[   23.641264] init: docker post-start process (1794) terminated with status 1
[   23.644959] init: docker main process (1803) terminated with status 127
[   23.644967] init: docker respawning too fast, stopped
[   23.647044] init: docker post-start process (1804) terminated with status 1
[   24.501635] init: failsafe main process (1893) killed by TERM signal
[   24.517417] init: udev-fallback-graphics main process (1923) terminated with status 1
[   24.583931] init: Failed to obtain startpar-bridge instance: Unknown parameter: INSTANCE
[   24.685948] audit: type=1400 audit(1565268758.233:6): apparmor="STATUS" operation="profile_replace" info="same as current profile, skipping" profile="unconfined" name="/usr/sbin/ntpd" pid=2111 comm="apparmor_parser"
[   24.686363] audit: type=1400 audit(1565268758.233:7): apparmor="STATUS" operation="profile_replace" info="same as current profile, skipping" profile="unconfined" name="/sbin/dhclient" pid=2110 comm="apparmor_parser"
[   24.686368] audit: type=1400 audit(1565268758.233:8): apparmor="STATUS" operation="profile_replace" info="same as current profile, skipping" profile="unconfined" name="/usr/lib/NetworkManager/nm-dhcp-client.action" pid=2110 comm="apparmor_parser"
[   24.686371] audit: type=1400 audit(1565268758.233:9): apparmor="STATUS" operation="profile_replace" info="same as current profile, skipping" profile="unconfined" name="/usr/lib/connman/scripts/dhclient-script" pid=2110 comm="apparmor_parser"
[   24.705473] audit: type=1400 audit(1565268758.253:10): apparmor="STATUS" operation="profile_load" profile="unconfined" name="/usr/sbin/tcpdump" pid=2113 comm="apparmor_parser"
[   24.790027] Loading iSCSI transport class v2.0-870.
[   24.874420] iscsi: registered transport (tcp)
[   25.219402] iscsi: registered transport (iser)
[   27.700905] cgroup: systemd-logind (1236) created nested cgroup for controller "memory" which has incomplete hierarchy support. Nested cgroups may change behavior in the future.
[   27.700907] cgroup: "memory" requires setting use_hierarchy to 1 on the root
[   27.703119] ******blk_init_rl***** blk_init_rl:914 
[   27.708574] ******blk_init_rl***** blk_init_rl:914 
[   27.714027] ******blk_init_rl***** blk_init_rl:914 
[   28.834709] init: mongodb main process (2269) terminated with status 100
[ 4481.460131] ******blk_init_rl***** blk_init_rl:914 
[ 4481.465584] ******blk_init_rl***** blk_init_rl:914 
[ 4481.471044] ******blk_init_rl***** blk_init_rl:914 
[ 4482.512528] EXT4-fs (sdc1): mounted filesystem with ordered data mode. Opts: (null)
[ 4863.592020] module: nvmemul: loading out-of-tree module taints kernel.
[ 4863.592058] module: nvmemul: module verification failed: signature and/or required key missing - tainting kernel
[ 4863.592449] nvmemul: Loading. Initializing...
[ 4863.592451] nvmemul: major is 245
[ 4863.949409] nvmemul: ioctl command: 0xc008aa02
[ 4863.949413] nvmemul: getpci bus_id 0x7f device_id 0x14, function_id 0x0, offset 0x190, val 0xfff
[ 4863.949418] nvmemul: ioctl command: 0x8008aa01
[ 4863.949419] nvmemul: setpci bus_id=0x7f device_id=0x14, function_id=0x0, val=0x8fff
[ 4863.949421] nvmemul: ioctl command: 0x8008aa01
[ 4863.949422] nvmemul: setpci bus_id=0x7f device_id=0x14, function_id=0x1, val=0x8fff
[ 4863.949424] nvmemul: ioctl command: 0x8008aa01
[ 4863.949426] nvmemul: setpci bus_id=0x7f device_id=0x17, function_id=0x0, val=0x8fff
[ 4863.949428] nvmemul: ioctl command: 0x8008aa01
[ 4863.949429] nvmemul: setpci bus_id=0x7f device_id=0x17, function_id=0x1, val=0x8fff
[ 4863.949431] nvmemul: ioctl command: 0x8008aa01
[ 4863.949432] nvmemul: setpci bus_id=0xff device_id=0x14, function_id=0x0, val=0x800f
[ 4863.949434] nvmemul: ioctl command: 0x8008aa01
[ 4863.949435] nvmemul: setpci bus_id=0xff device_id=0x14, function_id=0x1, val=0x800f
[ 4863.949437] nvmemul: ioctl command: 0x8008aa01
[ 4863.949438] nvmemul: setpci bus_id=0xff device_id=0x17, function_id=0x0, val=0x800f
[ 4863.949440] nvmemul: ioctl command: 0x8008aa01
[ 4863.949441] nvmemul: setpci bus_id=0xff device_id=0x17, function_id=0x1, val=0x800f
[ 4879.823544] perf: interrupt took too long (2525 > 2500), lowering kernel.perf_event_max_sample_rate to 79000
[ 4886.506884] perf: interrupt took too long (4440 > 3156), lowering kernel.perf_event_max_sample_rate to 45000
[ 4896.577812] perf: interrupt took too long (7351 > 5550), lowering kernel.perf_event_max_sample_rate to 27000
[ 4897.097180] nvmemul: ioctl command: 0x8008aa01
[ 4897.097203] nvmemul: setpci bus_id=0x7f device_id=0x14, function_id=0x0, val=0x800f
[ 4897.097228] nvmemul: ioctl command: 0x8008aa01
[ 4897.097230] nvmemul: setpci bus_id=0x7f device_id=0x14, function_id=0x1, val=0x800f
[ 4897.097232] nvmemul: ioctl command: 0x8008aa01
[ 4897.097233] nvmemul: setpci bus_id=0x7f device_id=0x17, function_id=0x0, val=0x800f
[ 4897.097236] nvmemul: ioctl command: 0x8008aa01
[ 4897.097236] nvmemul: setpci bus_id=0x7f device_id=0x17, function_id=0x1, val=0x800f
[ 4897.097239] nvmemul: ioctl command: 0xc008aa02
[ 4897.097241] nvmemul: getpci bus_id 0xff device_id 0x14, function_id 0x0, offset 0x190, val 0x800f
[ 4897.097251] nvmemul: ioctl command: 0x8008aa01
[ 4897.097251] nvmemul: setpci bus_id=0xff device_id=0x14, function_id=0x0, val=0x8fff
[ 4897.097254] nvmemul: ioctl command: 0x8008aa01
[ 4897.097254] nvmemul: setpci bus_id=0xff device_id=0x14, function_id=0x1, val=0x8fff
[ 4897.097257] nvmemul: ioctl command: 0x8008aa01
[ 4897.097258] nvmemul: setpci bus_id=0xff device_id=0x17, function_id=0x0, val=0x8fff
[ 4897.097260] nvmemul: ioctl command: 0x8008aa01
[ 4897.097261] nvmemul: setpci bus_id=0xff device_id=0x17, function_id=0x1, val=0x8fff
[ 4903.012412] INFO: NMI handler (ghes_notify_nmi) took too long to run: 1.915 msecs
[ 4903.013466] INFO: NMI handler (perf_event_nmi_handler) took too long to run: 1.953 msecs
[ 4903.013512] perf: interrupt took too long (10278 > 9188), lowering kernel.perf_event_max_sample_rate to 19250
[ 4905.103849] INFO: NMI handler (ghes_notify_nmi) took too long to run: 3.569 msecs
[ 4905.989353] perf: interrupt took too long (16818 > 12847), lowering kernel.perf_event_max_sample_rate to 11750
[ 4916.223790] perf: interrupt took too long (26965 > 21022), lowering kernel.perf_event_max_sample_rate to 7250
[ 4926.440381] perf: interrupt took too long (37334 > 33706), lowering kernel.perf_event_max_sample_rate to 5250
[ 4931.405474] nvmemul: ioctl command: 0xc008aa02
[ 4931.405520] nvmemul: getpci bus_id 0x7f device_id 0x14, function_id 0x0, offset 0x190, val 0x800f
[ 4931.405619] nvmemul: ioctl command: 0x8008aa01
[ 4931.405620] nvmemul: setpci bus_id=0x7f device_id=0x14, function_id=0x0, val=0x8fff
[ 4931.405628] nvmemul: ioctl command: 0x8008aa01
[ 4931.405629] nvmemul: setpci bus_id=0x7f device_id=0x14, function_id=0x1, val=0x8fff
[ 4931.405631] nvmemul: ioctl command: 0x8008aa01
[ 4931.405632] nvmemul: setpci bus_id=0x7f device_id=0x17, function_id=0x0, val=0x8fff
[ 4931.405634] nvmemul: ioctl command: 0x8008aa01
[ 4931.405635] nvmemul: setpci bus_id=0x7f device_id=0x17, function_id=0x1, val=0x8fff
[ 4931.405638] nvmemul: ioctl command: 0xc008aa02
[ 4931.405639] nvmemul: getpci bus_id 0xff device_id 0x14, function_id 0x0, offset 0x190, val 0x8fff
[ 4939.313663] nvmemul: ioctl command: 0xc008aa02
[ 4939.313667] nvmemul: getpci bus_id 0xff device_id 0x14, function_id 0x0, offset 0x190, val 0x8fff
[ 4939.313672] nvmemul: ioctl command: 0xc008aa02
[ 4939.313673] nvmemul: getpci bus_id 0xff device_id 0x14, function_id 0x0, offset 0x190, val 0x8fff
[ 4939.313676] nvmemul: ioctl command: 0x8008aa01
[ 4939.313678] nvmemul: setpci bus_id=0xff device_id=0x14, function_id=0x0, val=0x800f
[ 4939.313681] nvmemul: ioctl command: 0x8008aa01
[ 4939.313682] nvmemul: setpci bus_id=0xff device_id=0x14, function_id=0x1, val=0x800f
[ 4939.313684] nvmemul: ioctl command: 0x8008aa01
[ 4939.313685] nvmemul: setpci bus_id=0xff device_id=0x17, function_id=0x0, val=0x800f
[ 4939.313688] nvmemul: ioctl command: 0x8008aa01
[ 4939.313688] nvmemul: setpci bus_id=0xff device_id=0x17, function_id=0x1, val=0x800f
[ 4969.333268] nvmemul: ioctl command: 0xc008aa02
[ 4969.333272] nvmemul: getpci bus_id 0xff device_id 0x14, function_id 0x0, offset 0x190, val 0x800f
[ 4969.333330] nvmemul: ioctl command: 0x8008aa01
[ 4969.333344] nvmemul: setpci bus_id=0xff device_id=0x14, function_id=0x0, val=0x801e
