Created 16 bg_threads
snappy: snappy_test.c:161: CompressData: Assertion `mydir' failed.
snappy: snappy_test.c:161: CompressData: Assertion `mydir' failed.
[    0.000000] Linux version 5.14.0 (root@node-0.clemson1.lsm-pg0.clemson.cloudlab.us) (gcc (Ubuntu 7.5.0-3ubuntu1~18.04) 7.5.0, GNU ld (GNU Binutils for Ubuntu) 2.30) #6 SMP Fri Oct 7 19:37:34 EDT 2022
[    0.000000] Command line: BOOT_IMAGE=/boot/vmlinuz-5.14.0 root=UUID=2c92f1d7-a66a-4c49-8845-91e1d835c80d ro console=ttyS0,115200
[    0.000000] KERNEL supported cpus:
[    0.000000]   Intel GenuineIntel
[    0.000000]   AMD AuthenticAMD
[    0.000000]   Hygon HygonGenuine
[    0.000000]   Centaur CentaurHauls
[    0.000000]   zhaoxin   Shanghai  
[    0.000000] x86/fpu: Supporting XSAVE feature 0x001: 'x87 floating point registers'
[    0.000000] x86/fpu: Supporting XSAVE feature 0x002: 'SSE registers'
[    0.000000] x86/fpu: Supporting XSAVE feature 0x004: 'AVX registers'
[    0.000000] x86/fpu: Supporting XSAVE feature 0x200: 'Protection Keys User registers'
[    0.000000] x86/fpu: xstate_offset[2]:  576, xstate_sizes[2]:  256
[    0.000000] x86/fpu: xstate_offset[9]:  832, xstate_sizes[9]:    8
[    0.000000] x86/fpu: Enabled xstate features 0x207, context size is 840 bytes, using 'compacted' format.
[    0.000000] signal: max sigframe size: 3376
[    0.000000] BIOS-provided physical RAM map:
[    0.000000] BIOS-e820: [mem 0x0000000000000000-0x0000000000097fff] usable
[    0.000000] BIOS-e820: [mem 0x0000000000098000-0x00000000000983ff] reserved
[    0.000000] BIOS-e820: [mem 0x00000000000e0000-0x00000000000fffff] reserved
[    0.000000] BIOS-e820: [mem 0x0000000000100000-0x000000004d584fff] usable
[    0.000000] BIOS-e820: [mem 0x000000004d592000-0x000000005559afff] reserved
[    0.000000] BIOS-e820: [mem 0x000000005559b000-0x000000005a14afff] usable
[    0.000000] BIOS-e820: [mem 0x000000005a14b000-0x000000005a1cafff] reserved
[    0.000000] BIOS-e820: [mem 0x000000005a1cb000-0x0000000067acefff] usable
[    0.000000] BIOS-e820: [mem 0x0000000067acf000-0x000000006dfcefff] reserved
[    0.000000] BIOS-e820: [mem 0x000000006dfcf000-0x000000006edfefff] ACPI NVS
[    0.000000] BIOS-e820: [mem 0x000000006edff000-0x000000006effefff] ACPI data
[    0.000000] BIOS-e820: [mem 0x000000006efff000-0x000000006effffff] usable
[    0.000000] BIOS-e820: [mem 0x000000006f000000-0x000000006f046fff] ACPI NVS
[    0.000000] BIOS-e820: [mem 0x000000006f047000-0x000000006fe8cfff] usable
[    0.000000] BIOS-e820: [mem 0x0000000070000000-0x000000008fffffff] reserved
[    0.000000] BIOS-e820: [mem 0x000000009c000000-0x000000009cffffff] reserved
[    0.000000] BIOS-e820: [mem 0x00000000a9000000-0x00000000a9ffffff] reserved
[    0.000000] BIOS-e820: [mem 0x00000000b6000000-0x00000000b6ffffff] reserved
[    0.000000] BIOS-e820: [mem 0x00000000c3000000-0x00000000c3ffffff] reserved
[    0.000000] BIOS-e820: [mem 0x00000000d0000000-0x00000000d0ffffff] reserved
[    0.000000] BIOS-e820: [mem 0x00000000dd000000-0x00000000ddffffff] reserved
[    0.000000] BIOS-e820: [mem 0x00000000ea000000-0x00000000eaffffff] reserved
[    0.000000] BIOS-e820: [mem 0x00000000fd000000-0x00000000ffffffff] reserved
[    0.000000] BIOS-e820: [mem 0x0000000100000000-0x000000207eefffff] usable
[    0.000000] BIOS-e820: [mem 0x000000207ef00000-0x000000207fffffff] reserved
[    0.000000] BIOS-e820: [mem 0x0000002080000000-0x000000407fbfffff] usable
[    0.000000] BIOS-e820: [mem 0x000000407fc00000-0x000000407fffffff] reserved
[    0.000000] NX (Execute Disable) protection: active
[    0.000000] SMBIOS 3.3 present.
[    0.000000] DMI: Dell Inc. PowerEdge R6525/024PW1, BIOS 2.6.6 01/13/2022
[    0.000000] tsc: Fast TSC calibration using PIT
[    0.000000] tsc: Detected 2794.685 MHz processor
[    0.004532] e820: update [mem 0x00000000-0x00000fff] usable ==> reserved
[    0.004535] e820: remove [mem 0x000a0000-0x000fffff] usable
[    0.004540] last_pfn = 0x407fc00 max_arch_pfn = 0x400000000
[    0.005490] x86/PAT: Configuration [0-7]: WB  WC  UC- UC  WB  WP  UC- WT  
[    0.005837] x2apic: enabled by BIOS, switching to x2apic ops
[    0.005841] last_pfn = 0x6fe8d max_arch_pfn = 0x400000000
[    0.009568] Using GB pages for direct mapping
[    0.010016] RAMDISK: [mem 0x3072d000-0x3438dfff]
[    0.010021] ACPI: Early table checksum verification disabled
[    0.010024] ACPI: RSDP 0x00000000000FE320 000024 (v02 DELL  )
[    0.010028] ACPI: XSDT 0x000000006EFFD0E8 0000C4 (v01 DELL   PE_SC3   00000002 DELL 00000001)
[    0.010033] ACPI: FACP 0x000000006EFF9000 000114 (v06 DELL   PE_SC3   00000002 DELL 00000001)
[    0.010037] ACPI: DSDT 0x000000006EFC0000 033A95 (v02 DELL   PE_SC3   00000002 DELL 00000001)
[    0.010039] ACPI: FACS 0x000000006EDB5000 000040
[    0.010041] ACPI: BERT 0x000000006EFFC000 000030 (v01 DELL   PE_SC3   00000001 DELL 00000001)
[    0.010043] ACPI: ERST 0x000000006EFFB000 000230 (v01 DELL   PE_SC3   00000001 DELL 00000001)
[    0.010045] ACPI: HEST 0x000000006EFFA000 0007F4 (v01 DELL   PE_SC3   00000001 DELL 00000001)
[    0.010047] ACPI: HPET 0x000000006EFF8000 000038 (v01 DELL   PE_SC3   00000002 DELL 00000001)
[    0.010049] ACPI: APIC 0x000000006EFF6000 0018BE (v05 DELL   PE_SC3   00000002 DELL 00000001)
[    0.010051] ACPI: MCFG 0x000000006EFF5000 00003C (v01 DELL   PE_SC3   00000002 DELL 00000001)
[    0.010053] ACPI: WSMT 0x000000006EFF4000 000028 (v01 DELL   PE_SC3   00000002 DELL 00000001)
[    0.010055] ACPI: SSDT 0x000000006EFBF000 000511 (v02 DELL   xhc_port 00000001 INTL 20210331)
[    0.010057] ACPI: SSDT 0x000000006EFBE000 000D7B (v02 AMD    CPMRAS   00000001 INTL 20210331)
[    0.010059] ACPI: EINJ 0x000000006EFBD000 000150 (v01 AMD    PE_SC3   00000001 AMD  00000001)
[    0.010061] ACPI: SSDT 0x000000006EFBC000 0006A4 (v02 DELL   PE_SC3   00000001 AMD  00000001)
[    0.010062] ACPI: SRAT 0x000000006EFBB000 000CD0 (v03 DELL   PE_SC3   00000001 AMD  00000001)
[    0.010064] ACPI: MSCT 0x000000006EFBA000 00004E (v01 DELL   PE_SC3   00000000 AMD  00000001)
[    0.010066] ACPI: SLIT 0x000000006EFB9000 000030 (v01 DELL   PE_SC3   00000001 AMD  00000001)
[    0.010068] ACPI: CRAT 0x000000006EFB1000 007520 (v01 DELL   PE_SC3   00000001 AMD  00000001)
[    0.010070] ACPI: CDIT 0x000000006EFB0000 00002C (v01 DELL   PE_SC3   00000001 AMD  00000001)
[    0.010072] ACPI: IVRS 0x000000006EFAF000 000390 (v02 DELL   PE_SC3   00000001 AMD  00000001)
[    0.010074] ACPI: SSDT 0x000000006EFAE000 0004A1 (v02 DELL   PE_SC3   00000002 DELL 00000001)
[    0.010076] ACPI: SSDT 0x000000006EFAC000 00193C (v02 AMD    CPMCMN   00000001 INTL 20210331)
[    0.010077] ACPI: Reserving FACP table memory at [mem 0x6eff9000-0x6eff9113]
[    0.010079] ACPI: Reserving DSDT table memory at [mem 0x6efc0000-0x6eff3a94]
[    0.010079] ACPI: Reserving FACS table memory at [mem 0x6edb5000-0x6edb503f]
[    0.010080] ACPI: Reserving BERT table memory at [mem 0x6effc000-0x6effc02f]
[    0.010081] ACPI: Reserving ERST table memory at [mem 0x6effb000-0x6effb22f]
[    0.010082] ACPI: Reserving HEST table memory at [mem 0x6effa000-0x6effa7f3]
[    0.010082] ACPI: Reserving HPET table memory at [mem 0x6eff8000-0x6eff8037]
[    0.010083] ACPI: Reserving APIC table memory at [mem 0x6eff6000-0x6eff78bd]
[    0.010084] ACPI: Reserving MCFG table memory at [mem 0x6eff5000-0x6eff503b]
[    0.010084] ACPI: Reserving WSMT table memory at [mem 0x6eff4000-0x6eff4027]
[    0.010085] ACPI: Reserving SSDT table memory at [mem 0x6efbf000-0x6efbf510]
[    0.010086] ACPI: Reserving SSDT table memory at [mem 0x6efbe000-0x6efbed7a]
[    0.010087] ACPI: Reserving EINJ table memory at [mem 0x6efbd000-0x6efbd14f]
[    0.010087] ACPI: Reserving SSDT table memory at [mem 0x6efbc000-0x6efbc6a3]
[    0.010088] ACPI: Reserving SRAT table memory at [mem 0x6efbb000-0x6efbbccf]
[    0.010089] ACPI: Reserving MSCT table memory at [mem 0x6efba000-0x6efba04d]
[    0.010089] ACPI: Reserving SLIT table memory at [mem 0x6efb9000-0x6efb902f]
[    0.010090] ACPI: Reserving CRAT table memory at [mem 0x6efb1000-0x6efb851f]
[    0.010091] ACPI: Reserving CDIT table memory at [mem 0x6efb0000-0x6efb002b]
[    0.010092] ACPI: Reserving IVRS table memory at [mem 0x6efaf000-0x6efaf38f]
[    0.010092] ACPI: Reserving SSDT table memory at [mem 0x6efae000-0x6efae4a0]
[    0.010093] ACPI: Reserving SSDT table memory at [mem 0x6efac000-0x6efad93b]
[    0.010101] Setting APIC routing to cluster x2apic.
[    0.010120] SRAT: PXM 0 -> APIC 0x0000 -> Node 0
[    0.010121] SRAT: PXM 0 -> APIC 0x0001 -> Node 0
[    0.010122] SRAT: PXM 0 -> APIC 0x0002 -> Node 0
[    0.010122] SRAT: PXM 0 -> APIC 0x0003 -> Node 0
[    0.010123] SRAT: PXM 0 -> APIC 0x0004 -> Node 0
[    0.010124] SRAT: PXM 0 -> APIC 0x0005 -> Node 0
[    0.010124] SRAT: PXM 0 -> APIC 0x0006 -> Node 0
[    0.010125] SRAT: PXM 0 -> APIC 0x0007 -> Node 0
[    0.010125] SRAT: PXM 0 -> APIC 0x0008 -> Node 0
[    0.010126] SRAT: PXM 0 -> APIC 0x0009 -> Node 0
[    0.010126] SRAT: PXM 0 -> APIC 0x000a -> Node 0
[    0.010127] SRAT: PXM 0 -> APIC 0x000b -> Node 0
[    0.010128] SRAT: PXM 0 -> APIC 0x000c -> Node 0
[    0.010128] SRAT: PXM 0 -> APIC 0x000d -> Node 0
[    0.010129] SRAT: PXM 0 -> APIC 0x000e -> Node 0
[    0.010129] SRAT: PXM 0 -> APIC 0x000f -> Node 0
[    0.010130] SRAT: PXM 0 -> APIC 0x0010 -> Node 0
[    0.010131] SRAT: PXM 0 -> APIC 0x0011 -> Node 0
[    0.010131] SRAT: PXM 0 -> APIC 0x0012 -> Node 0
[    0.010132] SRAT: PXM 0 -> APIC 0x0013 -> Node 0
[    0.010132] SRAT: PXM 0 -> APIC 0x0014 -> Node 0
[    0.010133] SRAT: PXM 0 -> APIC 0x0015 -> Node 0
[    0.010134] SRAT: PXM 0 -> APIC 0x0016 -> Node 0
[    0.010134] SRAT: PXM 0 -> APIC 0x0017 -> Node 0
[    0.010135] SRAT: PXM 0 -> APIC 0x0018 -> Node 0
[    0.010135] SRAT: PXM 0 -> APIC 0x0019 -> Node 0
[    0.010136] SRAT: PXM 0 -> APIC 0x001a -> Node 0
[    0.010136] SRAT: PXM 0 -> APIC 0x001b -> Node 0
[    0.010137] SRAT: PXM 0 -> APIC 0x001c -> Node 0
[    0.010138] SRAT: PXM 0 -> APIC 0x001d -> Node 0
[    0.010138] SRAT: PXM 0 -> APIC 0x001e -> Node 0
[    0.010139] SRAT: PXM 0 -> APIC 0x001f -> Node 0
[    0.010139] SRAT: PXM 0 -> APIC 0x0020 -> Node 0
[    0.010140] SRAT: PXM 0 -> APIC 0x0021 -> Node 0
[    0.010140] SRAT: PXM 0 -> APIC 0x0022 -> Node 0
[    0.010141] SRAT: PXM 0 -> APIC 0x0023 -> Node 0
[    0.010142] SRAT: PXM 0 -> APIC 0x0024 -> Node 0
[    0.010142] SRAT: PXM 0 -> APIC 0x0025 -> Node 0
[    0.010143] SRAT: PXM 0 -> APIC 0x0026 -> Node 0
[    0.010143] SRAT: PXM 0 -> APIC 0x0027 -> Node 0
[    0.010144] SRAT: PXM 0 -> APIC 0x0028 -> Node 0
[    0.010145] SRAT: PXM 0 -> APIC 0x0029 -> Node 0
[    0.010145] SRAT: PXM 0 -> APIC 0x002a -> Node 0
[    0.010146] SRAT: PXM 0 -> APIC 0x002b -> Node 0
[    0.010146] SRAT: PXM 0 -> APIC 0x002c -> Node 0
[    0.010147] SRAT: PXM 0 -> APIC 0x002d -> Node 0
[    0.010147] SRAT: PXM 0 -> APIC 0x002e -> Node 0
[    0.010148] SRAT: PXM 0 -> APIC 0x002f -> Node 0
[    0.010149] SRAT: PXM 0 -> APIC 0x0030 -> Node 0
[    0.010149] SRAT: PXM 0 -> APIC 0x0031 -> Node 0
[    0.010150] SRAT: PXM 0 -> APIC 0x0032 -> Node 0
[    0.010150] SRAT: PXM 0 -> APIC 0x0033 -> Node 0
[    0.010151] SRAT: PXM 0 -> APIC 0x0034 -> Node 0
[    0.010151] SRAT: PXM 0 -> APIC 0x0035 -> Node 0
[    0.010152] SRAT: PXM 0 -> APIC 0x0036 -> Node 0
[    0.010153] SRAT: PXM 0 -> APIC 0x0037 -> Node 0
[    0.010153] SRAT: PXM 0 -> APIC 0x0038 -> Node 0
[    0.010154] SRAT: PXM 0 -> APIC 0x0039 -> Node 0
[    0.010154] SRAT: PXM 0 -> APIC 0x003a -> Node 0
[    0.010155] SRAT: PXM 0 -> APIC 0x003b -> Node 0
[    0.010156] SRAT: PXM 0 -> APIC 0x003c -> Node 0
[    0.010156] SRAT: PXM 0 -> APIC 0x003d -> Node 0
[    0.010157] SRAT: PXM 0 -> APIC 0x003e -> Node 0
[    0.010157] SRAT: PXM 0 -> APIC 0x003f -> Node 0
[    0.010158] SRAT: PXM 1 -> APIC 0x0040 -> Node 1
[    0.010159] SRAT: PXM 1 -> APIC 0x0041 -> Node 1
[    0.010159] SRAT: PXM 1 -> APIC 0x0042 -> Node 1
[    0.010160] SRAT: PXM 1 -> APIC 0x0043 -> Node 1
[    0.010160] SRAT: PXM 1 -> APIC 0x0044 -> Node 1
[    0.010161] SRAT: PXM 1 -> APIC 0x0045 -> Node 1
[    0.010161] SRAT: PXM 1 -> APIC 0x0046 -> Node 1
[    0.010162] SRAT: PXM 1 -> APIC 0x0047 -> Node 1
[    0.010163] SRAT: PXM 1 -> APIC 0x0048 -> Node 1
[    0.010163] SRAT: PXM 1 -> APIC 0x0049 -> Node 1
[    0.010164] SRAT: PXM 1 -> APIC 0x004a -> Node 1
[    0.010164] SRAT: PXM 1 -> APIC 0x004b -> Node 1
[    0.010165] SRAT: PXM 1 -> APIC 0x004c -> Node 1
[    0.010165] SRAT: PXM 1 -> APIC 0x004d -> Node 1
[    0.010166] SRAT: PXM 1 -> APIC 0x004e -> Node 1
[    0.010167] SRAT: PXM 1 -> APIC 0x004f -> Node 1
[    0.010167] SRAT: PXM 1 -> APIC 0x0050 -> Node 1
[    0.010168] SRAT: PXM 1 -> APIC 0x0051 -> Node 1
[    0.010168] SRAT: PXM 1 -> APIC 0x0052 -> Node 1
[    0.010169] SRAT: PXM 1 -> APIC 0x0053 -> Node 1
[    0.010170] SRAT: PXM 1 -> APIC 0x0054 -> Node 1
[    0.010170] SRAT: PXM 1 -> APIC 0x0055 -> Node 1
[    0.010171] SRAT: PXM 1 -> APIC 0x0056 -> Node 1
[    0.010171] SRAT: PXM 1 -> APIC 0x0057 -> Node 1
[    0.010172] SRAT: PXM 1 -> APIC 0x0058 -> Node 1
[    0.010172] SRAT: PXM 1 -> APIC 0x0059 -> Node 1
[    0.010173] SRAT: PXM 1 -> APIC 0x005a -> Node 1
[    0.010174] SRAT: PXM 1 -> APIC 0x005b -> Node 1
[    0.010174] SRAT: PXM 1 -> APIC 0x005c -> Node 1
[    0.010175] SRAT: PXM 1 -> APIC 0x005d -> Node 1
[    0.010175] SRAT: PXM 1 -> APIC 0x005e -> Node 1
[    0.010176] SRAT: PXM 1 -> APIC 0x005f -> Node 1
[    0.010176] SRAT: PXM 1 -> APIC 0x0060 -> Node 1
[    0.010177] SRAT: PXM 1 -> APIC 0x0061 -> Node 1
[    0.010178] SRAT: PXM 1 -> APIC 0x0062 -> Node 1
[    0.010178] SRAT: PXM 1 -> APIC 0x0063 -> Node 1
[    0.010179] SRAT: PXM 1 -> APIC 0x0064 -> Node 1
[    0.010179] SRAT: PXM 1 -> APIC 0x0065 -> Node 1
[    0.010180] SRAT: PXM 1 -> APIC 0x0066 -> Node 1
[    0.010181] SRAT: PXM 1 -> APIC 0x0067 -> Node 1
[    0.010181] SRAT: PXM 1 -> APIC 0x0068 -> Node 1
[    0.010182] SRAT: PXM 1 -> APIC 0x0069 -> Node 1
[    0.010182] SRAT: PXM 1 -> APIC 0x006a -> Node 1
[    0.010183] SRAT: PXM 1 -> APIC 0x006b -> Node 1
[    0.010183] SRAT: PXM 1 -> APIC 0x006c -> Node 1
[    0.010184] SRAT: PXM 1 -> APIC 0x006d -> Node 1
[    0.010185] SRAT: PXM 1 -> APIC 0x006e -> Node 1
[    0.010185] SRAT: PXM 1 -> APIC 0x006f -> Node 1
[    0.010186] SRAT: PXM 1 -> APIC 0x0070 -> Node 1
[    0.010186] SRAT: PXM 1 -> APIC 0x0071 -> Node 1
[    0.010187] SRAT: PXM 1 -> APIC 0x0072 -> Node 1
[    0.010187] SRAT: PXM 1 -> APIC 0x0073 -> Node 1
[    0.010188] SRAT: PXM 1 -> APIC 0x0074 -> Node 1
[    0.010189] SRAT: PXM 1 -> APIC 0x0075 -> Node 1
[    0.010189] SRAT: PXM 1 -> APIC 0x0076 -> Node 1
[    0.010190] SRAT: PXM 1 -> APIC 0x0077 -> Node 1
[    0.010190] SRAT: PXM 1 -> APIC 0x0078 -> Node 1
[    0.010191] SRAT: PXM 1 -> APIC 0x0079 -> Node 1
[    0.010191] SRAT: PXM 1 -> APIC 0x007a -> Node 1
[    0.010192] SRAT: PXM 1 -> APIC 0x007b -> Node 1
[    0.010193] SRAT: PXM 1 -> APIC 0x007c -> Node 1
[    0.010193] SRAT: PXM 1 -> APIC 0x007d -> Node 1
[    0.010194] SRAT: PXM 1 -> APIC 0x007e -> Node 1
[    0.010194] SRAT: PXM 1 -> APIC 0x007f -> Node 1
[    0.010196] ACPI: SRAT: Node 0 PXM 0 [mem 0x00000000-0x0009ffff]
[    0.010198] ACPI: SRAT: Node 0 PXM 0 [mem 0x000c0000-0x7fffffff]
[    0.010199] ACPI: SRAT: Node 0 PXM 0 [mem 0x100000000-0x207fffffff]
[    0.010200] ACPI: SRAT: Node 1 PXM 1 [mem 0x2080000000-0x407fffffff]
[    0.010204] NUMA: Initialized distance table, cnt=2
[    0.010205] NUMA: Node 0 [mem 0x00000000-0x0009ffff] + [mem 0x000c0000-0x7fffffff] -> [mem 0x00000000-0x7fffffff]
[    0.010206] NUMA: Node 0 [mem 0x00000000-0x7fffffff] + [mem 0x100000000-0x207fffffff] -> [mem 0x00000000-0x207fffffff]
[    0.010212] NODE_DATA(0) allocated [mem 0x207eed5000-0x207eefffff]
[    0.010222] NODE_DATA(1) allocated [mem 0x407fbd0000-0x407fbfafff]
[    0.010476] Zone ranges:
[    0.010476]   DMA      [mem 0x0000000000001000-0x0000000000ffffff]
[    0.010478]   DMA32    [mem 0x0000000001000000-0x00000000ffffffff]
[    0.010479]   Normal   [mem 0x0000000100000000-0x000000407fbfffff]
[    0.010480]   Device   empty
[    0.010481] Movable zone start for each node
[    0.010483] Early memory node ranges
[    0.010483]   node   0: [mem 0x0000000000001000-0x0000000000097fff]
[    0.010485]   node   0: [mem 0x0000000000100000-0x000000004d584fff]
[    0.010485]   node   0: [mem 0x000000005559b000-0x000000005a14afff]
[    0.010486]   node   0: [mem 0x000000005a1cb000-0x0000000067acefff]
[    0.010487]   node   0: [mem 0x000000006efff000-0x000000006effffff]
[    0.010487]   node   0: [mem 0x000000006f047000-0x000000006fe8cfff]
[    0.010488]   node   0: [mem 0x0000000100000000-0x000000207eefffff]
[    0.010493]   node   1: [mem 0x0000002080000000-0x000000407fbfffff]
[    0.010499] Initmem setup node 0 [mem 0x0000000000001000-0x000000207eefffff]
[    0.010502] Initmem setup node 1 [mem 0x0000002080000000-0x000000407fbfffff]
[    0.010503] On node 0, zone DMA: 1 pages in unavailable ranges
[    0.010515] On node 0, zone DMA: 104 pages in unavailable ranges
[    0.011481] On node 0, zone DMA32: 32790 pages in unavailable ranges
[    0.011625] On node 0, zone DMA32: 128 pages in unavailable ranges
[    0.011737] On node 0, zone DMA32: 30000 pages in unavailable ranges
[    0.011748] On node 0, zone DMA32: 71 pages in unavailable ranges
[    0.105480] On node 0, zone Normal: 371 pages in unavailable ranges
[    0.261541] On node 1, zone Normal: 4352 pages in unavailable ranges
[    0.261550] On node 1, zone Normal: 1024 pages in unavailable ranges
[    0.261729] ACPI: PM-Timer IO Port: 0x408
[    0.261746] ACPI: X2APIC_NMI (uid[0xffffffff] high edge lint[0x1])
[    0.261749] ACPI: LAPIC_NMI (acpi_id[0xff] high edge lint[0x1])
[    0.261763] IOAPIC[0]: apic_id 240, version 33, address 0xfec00000, GSI 0-23
[    0.261768] IOAPIC[1]: apic_id 241, version 33, address 0xea100000, GSI 120-151
[    0.261773] IOAPIC[2]: apic_id 242, version 33, address 0xdd100000, GSI 88-119
[    0.261778] IOAPIC[3]: apic_id 243, version 33, address 0xd0100000, GSI 56-87
[    0.261783] IOAPIC[4]: apic_id 244, version 33, address 0xfd100000, GSI 24-55
[    0.261789] IOAPIC[5]: apic_id 245, version 33, address 0xc3100000, GSI 248-279
[    0.261794] IOAPIC[6]: apic_id 246, version 33, address 0xb6100000, GSI 216-247
[    0.261800] IOAPIC[7]: apic_id 247, version 33, address 0xa9100000, GSI 184-215
[    0.261805] IOAPIC[8]: apic_id 248, version 33, address 0x9c200000, GSI 152-183
[    0.261808] ACPI: INT_SRC_OVR (bus 0 bus_irq 0 global_irq 2 dfl dfl)
[    0.261810] ACPI: INT_SRC_OVR (bus 0 bus_irq 9 global_irq 9 low level)
[    0.261815] ACPI: Using ACPI (MADT) for SMP configuration information
[    0.261816] ACPI: HPET id: 0x10228201 base: 0xfed00000
[    0.261820] smpboot: Allowing 128 CPUs, 0 hotplug CPUs
[    0.261840] PM: hibernation: Registered nosave memory: [mem 0x00000000-0x00000fff]
[    0.261842] PM: hibernation: Registered nosave memory: [mem 0x00098000-0x000dffff]
[    0.261843] PM: hibernation: Registered nosave memory: [mem 0x000e0000-0x000fffff]
[    0.261844] PM: hibernation: Registered nosave memory: [mem 0x4d585000-0x4d591fff]
[    0.261845] PM: hibernation: Registered nosave memory: [mem 0x4d592000-0x5559afff]
[    0.261846] PM: hibernation: Registered nosave memory: [mem 0x5a14b000-0x5a1cafff]
[    0.261847] PM: hibernation: Registered nosave memory: [mem 0x67acf000-0x6dfcefff]
[    0.261848] PM: hibernation: Registered nosave memory: [mem 0x6dfcf000-0x6edfefff]
[    0.261848] PM: hibernation: Registered nosave memory: [mem 0x6edff000-0x6effefff]
[    0.261850] PM: hibernation: Registered nosave memory: [mem 0x6f000000-0x6f046fff]
[    0.261851] PM: hibernation: Registered nosave memory: [mem 0x6fe8d000-0x6fffffff]
[    0.261851] PM: hibernation: Registered nosave memory: [mem 0x70000000-0x8fffffff]
[    0.261852] PM: hibernation: Registered nosave memory: [mem 0x90000000-0x9bffffff]
[    0.261853] PM: hibernation: Registered nosave memory: [mem 0x9c000000-0x9cffffff]
[    0.261853] PM: hibernation: Registered nosave memory: [mem 0x9d000000-0xa8ffffff]
[    0.261854] PM: hibernation: Registered nosave memory: [mem 0xa9000000-0xa9ffffff]
[    0.261854] PM: hibernation: Registered nosave memory: [mem 0xaa000000-0xb5ffffff]
[    0.261855] PM: hibernation: Registered nosave memory: [mem 0xb6000000-0xb6ffffff]
[    0.261856] PM: hibernation: Registered nosave memory: [mem 0xb7000000-0xc2ffffff]
[    0.261856] PM: hibernation: Registered nosave memory: [mem 0xc3000000-0xc3ffffff]
[    0.261857] PM: hibernation: Registered nosave memory: [mem 0xc4000000-0xcfffffff]
[    0.261857] PM: hibernation: Registered nosave memory: [mem 0xd0000000-0xd0ffffff]
[    0.261858] PM: hibernation: Registered nosave memory: [mem 0xd1000000-0xdcffffff]
[    0.261859] PM: hibernation: Registered nosave memory: [mem 0xdd000000-0xddffffff]
[    0.261859] PM: hibernation: Registered nosave memory: [mem 0xde000000-0xe9ffffff]
[    0.261860] PM: hibernation: Registered nosave memory: [mem 0xea000000-0xeaffffff]
[    0.261860] PM: hibernation: Registered nosave memory: [mem 0xeb000000-0xfcffffff]
[    0.261861] PM: hibernation: Registered nosave memory: [mem 0xfd000000-0xffffffff]
[    0.261862] PM: hibernation: Registered nosave memory: [mem 0x207ef00000-0x207fffffff]
[    0.261864] [mem 0xeb000000-0xfcffffff] available for PCI devices
[    0.261865] Booting paravirtualized kernel on bare hardware
[    0.261867] clocksource: refined-jiffies: mask: 0xffffffff max_cycles: 0xffffffff, max_idle_ns: 7645519600211568 ns
[    0.261872] setup_percpu: NR_CPUS:8192 nr_cpumask_bits:128 nr_cpu_ids:128 nr_node_ids:2
[    0.265085] percpu: Embedded 57 pages/cpu s196608 r8192 d28672 u262144
[    0.265094] pcpu-alloc: s196608 r8192 d28672 u262144 alloc=1*2097152
[    0.265096] pcpu-alloc: [0] 000 001 002 003 004 005 006 007 
[    0.265100] pcpu-alloc: [0] 008 009 010 011 012 013 014 015 
[    0.265103] pcpu-alloc: [0] 016 017 018 019 020 021 022 023 
[    0.265106] pcpu-alloc: [0] 024 025 026 027 028 029 030 031 
[    0.265109] pcpu-alloc: [0] 064 065 066 067 068 069 070 071 
[    0.265112] pcpu-alloc: [0] 072 073 074 075 076 077 078 079 
[    0.265115] pcpu-alloc: [0] 080 081 082 083 084 085 086 087 
[    0.265118] pcpu-alloc: [0] 088 089 090 091 092 093 094 095 
[    0.265121] pcpu-alloc: [1] 032 033 034 035 036 037 038 039 
[    0.265124] pcpu-alloc: [1] 040 041 042 043 044 045 046 047 
[    0.265126] pcpu-alloc: [1] 048 049 050 051 052 053 054 055 
[    0.265129] pcpu-alloc: [1] 056 057 058 059 060 061 062 063 
[    0.265132] pcpu-alloc: [1] 096 097 098 099 100 101 102 103 
[    0.265135] pcpu-alloc: [1] 104 105 106 107 108 109 110 111 
[    0.265138] pcpu-alloc: [1] 112 113 114 115 116 117 118 119 
[    0.265141] pcpu-alloc: [1] 120 121 122 123 124 125 126 127 
[    0.265179] Built 2 zonelists, mobility grouping on.  Total pages: 65927858
[    0.265180] Policy zone: Normal
[    0.265182] Kernel command line: BOOT_IMAGE=/boot/vmlinuz-5.14.0 root=UUID=2c92f1d7-a66a-4c49-8845-91e1d835c80d ro console=ttyS0,115200
[    0.265216] Unknown command line parameters: BOOT_IMAGE=/boot/vmlinuz-5.14.0
[    0.265742] mem auto-init: stack:off, heap alloc:off, heap free:off
[    0.577812] Memory: 263368676K/267897948K available (14345K kernel code, 117242K rwdata, 5316K rodata, 2700K init, 37612K bss, 4529012K reserved, 0K cma-reserved)
[    0.577818] random: get_random_u64 called from __kmem_cache_create+0x2c/0x480 with crng_init=0
[    0.578050] SLUB: HWalign=64, Order=0-3, MinObjects=0, CPUs=128, Nodes=2
[    0.578064] ftrace: allocating 47195 entries in 185 pages
[    0.591764] ftrace: allocated 185 pages with 5 groups
[    0.592047] rcu: Hierarchical RCU implementation.
[    0.592049] rcu: 	RCU restricting CPUs from NR_CPUS=8192 to nr_cpu_ids=128.
[    0.592050] 	Rude variant of Tasks RCU enabled.
[    0.592050] 	Tracing variant of Tasks RCU enabled.
[    0.592051] rcu: RCU calculated value of scheduler-enlistment delay is 25 jiffies.
[    0.592052] rcu: Adjusting geometry for rcu_fanout_leaf=16, nr_cpu_ids=128
[    0.594526] NR_IRQS: 524544, nr_irqs: 5800, preallocated irqs: 16
[    0.594887] spurious 8259A interrupt: IRQ7.
[    0.599001] Console: colour VGA+ 80x25
[    2.602512] printk: console [ttyS0] enabled
[    2.606809] mempolicy: Enabling automatic NUMA balancing. Configure with numa_balancing= or the kernel.numa_balancing sysctl
[    2.618015] ACPI: Core revision 20210604
[    2.622157] clocksource: hpet: mask: 0xffffffff max_cycles: 0xffffffff, max_idle_ns: 133484873504 ns
[    2.631297] APIC: Switch to symmetric I/O mode setup
[    2.640282] ..TIMER: vector=0x30 apic1=0 pin1=2 apic2=-1 pin2=-1
[    2.663301] clocksource: tsc-early: mask: 0xffffffffffffffff max_cycles: 0x2848a3fcb48, max_idle_ns: 440795258613 ns
[    2.673809] Calibrating delay loop (skipped), value calculated using timer frequency.. 5589.37 BogoMIPS (lpj=11178740)
[    2.677808] pid_max: default: 131072 minimum: 1024
[    2.681860] LSM: Security Framework initializing
[    2.685816] Yama: becoming mindful.
[    2.689827] AppArmor: AppArmor initialized
[    2.693808] TOMOYO Linux initialized
[    2.701948] Dentry cache hash table entries: 16777216 (order: 15, 134217728 bytes, vmalloc)
[    2.709877] Inode-cache hash table entries: 8388608 (order: 14, 67108864 bytes, vmalloc)
[    2.713927] Mount-cache hash table entries: 262144 (order: 9, 2097152 bytes, vmalloc)
[    2.717901] Mountpoint-cache hash table entries: 262144 (order: 9, 2097152 bytes, vmalloc)
[    2.722071] x86/cpu: User Mode Instruction Prevention (UMIP) activated
[    2.725904] LVT offset 2 assigned for vector 0xf4
[    2.729839] Last level iTLB entries: 4KB 512, 2MB 512, 4MB 256
[    2.733807] Last level dTLB entries: 4KB 2048, 2MB 2048, 4MB 1024, 1GB 0
[    2.737811] Spectre V1 : Mitigation: usercopy/swapgs barriers and __user pointer sanitization
[    2.741808] Spectre V2 : Mitigation: Full AMD retpoline
[    2.745807] Spectre V2 : Spectre v2 / SpectreRSB mitigation: Filling RSB on context switch
[    2.749807] Spectre V2 : Enabling Restricted Speculation for firmware calls
[    2.753808] Spectre V2 : mitigation: Enabling conditional Indirect Branch Prediction Barrier
[    2.757807] Spectre V2 : User space: Mitigation: STIBP always-on protection
[    2.761808] Speculative Store Bypass: Mitigation: Speculative Store Bypass disabled via prctl and seccomp
[    2.772255] Freeing SMP alternatives memory: 40K
[    2.885224] smpboot: CPU0: AMD EPYC 7543 32-Core Processor (family: 0x19, model: 0x1, stepping: 0x1)
[    2.885917] Performance Events: Fam17h+ core perfctr, AMD PMU driver.
[    2.889808] ... version:                0
[    2.893807] ... bit width:              48
[    2.897807] ... generic registers:      6
[    2.901807] ... value mask:             0000ffffffffffff
[    2.905808] ... max period:             00007fffffffffff
[    2.909807] ... fixed-purpose events:   0
[    2.913807] ... event mask:             000000000000003f
[    2.917868] rcu: Hierarchical SRCU implementation.
[    2.922104] NMI watchdog: Enabled. Permanently consumes one hw-PMU counter.
[    2.930618] smp: Bringing up secondary CPUs ...
[    2.933868] x86: Booting SMP configuration:
[    2.937809] .... node  #0, CPUs:          #1   #2   #3   #4   #5   #6   #7   #8   #9  #10  #11  #12  #13  #14  #15  #16  #17  #18  #19  #20  #21  #22  #23  #24  #25  #26  #27  #28  #29  #30  #31
[    3.013809] .... node  #1, CPUs:    #32  #33  #34  #35  #36  #37  #38  #39  #40  #41  #42  #43  #44  #45  #46  #47  #48  #49  #50  #51  #52  #53  #54  #55  #56  #57  #58  #59  #60  #61  #62  #63
[    3.133810] .... node  #0, CPUs:    #64
[    3.136316] Spectre V2 : Update user space SMT mitigation: STIBP always-on
[    3.141962]   #65  #66  #67  #68  #69  #70  #71  #72  #73  #74  #75  #76  #77  #78  #79  #80  #81  #82  #83  #84  #85  #86  #87  #88  #89  #90  #91  #92  #93  #94  #95
[    3.217808] .... node  #1, CPUs:    #96  #97  #98  #99 #100 #101 #102 #103 #104 #105 #106 #107 #108 #109 #110 #111 #112 #113 #114 #115 #116 #117 #118 #119 #120 #121 #122 #123 #124 #125 #126 #127
[    3.293908] smp: Brought up 2 nodes, 128 CPUs
[    3.301809] smpboot: Max logical packages: 2
[    3.305812] smpboot: Total of 128 processors activated (714497.66 BogoMIPS)
[    3.322960] devtmpfs: initialized
[    3.325863] x86/mm: Memory block size: 2048MB
[    3.330495] ACPI: PM: Registering ACPI NVS region [mem 0x6dfcf000-0x6edfefff] (14876672 bytes)
[    3.333943] ACPI: PM: Registering ACPI NVS region [mem 0x6f000000-0x6f046fff] (290816 bytes)
[    3.337859] clocksource: jiffies: mask: 0xffffffff max_cycles: 0xffffffff, max_idle_ns: 7645041785100000 ns
[    3.341825] futex hash table entries: 32768 (order: 9, 2097152 bytes, vmalloc)
[    3.346014] pinctrl core: initialized pinctrl subsystem
[    3.349904] PM: RTC time: 23:50:04, date: 2022-10-07
[    3.354029] NET: Registered PF_NETLINK/PF_ROUTE protocol family
[    3.357895] DMA: preallocated 4096 KiB GFP_KERNEL pool for atomic allocations
[    3.361812] DMA: preallocated 4096 KiB GFP_KERNEL|GFP_DMA pool for atomic allocations
[    3.365811] DMA: preallocated 4096 KiB GFP_KERNEL|GFP_DMA32 pool for atomic allocations
[    3.369812] audit: initializing netlink subsys (disabled)
[    3.373829] audit: type=2000 audit(1665186602.732:1): state=initialized audit_enabled=0 res=1
[    3.373926] thermal_sys: Registered thermal governor 'fair_share'
[    3.377809] thermal_sys: Registered thermal governor 'bang_bang'
[    3.381808] thermal_sys: Registered thermal governor 'step_wise'
[    3.385808] thermal_sys: Registered thermal governor 'user_space'
[    3.389829] cpuidle: using governor ladder
[    3.401832] cpuidle: using governor menu
[    3.409834] ACPI FADT declares the system doesn't support PCIe ASPM, so disable it
[    3.413808] ACPI: bus type PCI registered
[    3.417808] acpiphp: ACPI Hot Plug PCI Controller Driver version: 0.5
[    3.421883] PCI: MMCONFIG for domain 0000 [bus 00-ff] at [mem 0x80000000-0x8fffffff] (base 0x80000000)
[    3.425810] PCI: MMCONFIG at [mem 0x80000000-0x8fffffff] reserved in E820
[    3.429826] PCI: Using configuration type 1 for base access
[    3.433817] PCI: Dell System detected, enabling pci=bfsort.
[    3.442310] Kprobes globally optimized
[    3.445846] HugeTLB registered 1.00 GiB page size, pre-allocated 0 pages
[    3.449810] HugeTLB registered 2.00 MiB page size, pre-allocated 0 pages
[    3.453871] ACPI: PRMT not present
[    3.457837] ACPI: Added _OSI(Module Device)
[    3.461819] ACPI: Added _OSI(Processor Device)
[    3.465808] ACPI: Added _OSI(3.0 _SCP Extensions)
[    3.469808] ACPI: Added _OSI(Processor Aggregator Device)
[    3.473808] ACPI: Added _OSI(Linux-Dell-Video)
[    3.477808] ACPI: Added _OSI(Linux-Lenovo-NV-HDMI-Audio)
[    3.481808] ACPI: Added _OSI(Linux-HPI-Hybrid-Graphics)
[    3.502065] ACPI: 6 ACPI AML tables successfully acquired and loaded
[    3.524587] ACPI: Interpreter enabled
[    3.525816] ACPI: PM: (supports S0 S5)
[    3.529808] ACPI: Using IOAPIC for interrupt routing
[    3.534118] HEST: Table parsing has been initialized.
[    3.537809] PCI: Using host bridge windows from ACPI; if necessary, use "pci=nocrs" and report a bug
[    3.542700] ACPI: Enabled 2 GPEs in block 00 to 1F
[    3.562953] ACPI: PCI: Interrupt link LNKA configured for IRQ 11
[    3.565840] ACPI: PCI: Interrupt link LNKB configured for IRQ 11
[    3.569839] ACPI: PCI: Interrupt link LNKC configured for IRQ 10
[    3.573841] ACPI: PCI: Interrupt link LNKD configured for IRQ 0
[    3.577838] ACPI: PCI: Interrupt link LNKE configured for IRQ 0
[    3.581839] ACPI: PCI: Interrupt link LNKF configured for IRQ 11
[    3.585839] ACPI: PCI: Interrupt link LNKG configured for IRQ 5
[    3.589839] ACPI: PCI: Interrupt link LNKH configured for IRQ 11
[    3.594065] ACPI: PCI Root Bridge [PC00] (domain 0000 [bus 00-1f])
[    3.597810] acpi PNP0A08:00: _OSC: OS supports [ExtendedConfig ASPM ClockPM Segments MSI HPX-Type3]
[    3.601910] acpi PNP0A08:00: _OSC: platform does not support [AER]
[    3.605903] acpi PNP0A08:00: _OSC: OS now controls [PCIeHotplug PME PCIeCapability LTR]
[    3.609808] acpi PNP0A08:00: FADT indicates ASPM is unsupported, using BIOS configuration
[    3.614080] acpi PNP0A08:00: ignoring host bridge window [mem 0x000d0000-0x000d3fff window] (conflicts with Adapter ROM [mem 0x000c8000-0x000d01ff])
[    3.617934] PCI host bridge to bus 0000:00
[    3.621808] pci_bus 0000:00: root bus resource [io  0x0000-0x03af window]
[    3.625808] pci_bus 0000:00: root bus resource [io  0x03e0-0x0cf7 window]
[    3.629808] pci_bus 0000:00: root bus resource [mem 0x000c0000-0x000c3fff window]
[    3.633808] pci_bus 0000:00: root bus resource [mem 0x000c4000-0x000c7fff window]
[    3.637808] pci_bus 0000:00: root bus resource [mem 0x000c8000-0x000cbfff window]
[    3.641809] pci_bus 0000:00: root bus resource [mem 0x000cc000-0x000cffff window]
[    3.645808] pci_bus 0000:00: root bus resource [mem 0x000d4000-0x000d7fff window]
[    3.649808] pci_bus 0000:00: root bus resource [mem 0x000d8000-0x000dbfff window]
[    3.653808] pci_bus 0000:00: root bus resource [mem 0x000dc000-0x000dffff window]
[    3.657808] pci_bus 0000:00: root bus resource [mem 0x000e0000-0x000e3fff window]
[    3.661808] pci_bus 0000:00: root bus resource [mem 0x000e4000-0x000e7fff window]
[    3.665808] pci_bus 0000:00: root bus resource [mem 0x000e8000-0x000ebfff window]
[    3.669808] pci_bus 0000:00: root bus resource [mem 0x000ec000-0x000effff window]
[    3.673808] pci_bus 0000:00: root bus resource [mem 0x000f0000-0x000fffff window]
[    3.677808] pci_bus 0000:00: root bus resource [io  0x0d00-0x1fff window]
[    3.681808] pci_bus 0000:00: root bus resource [mem 0xeb000000-0xfebfffff window]
[    3.685810] pci_bus 0000:00: root bus resource [mem 0x39ee0000000-0x47e7fffffff window]
[    3.689808] pci_bus 0000:00: root bus resource [bus 00-1f]
[    3.693818] pci 0000:00:00.0: [1022:1480] type 00 class 0x060000
[    3.697903] pci 0000:00:00.2: [1022:164f] type 00 class 0x080600
[    3.701895] pci 0000:00:01.0: [1022:1482] type 00 class 0x060000
[    3.705879] pci 0000:00:01.1: [1022:1483] type 01 class 0x060400
[    3.709879] pci 0000:00:01.1: PME# supported from D0 D3hot D3cold
[    3.714293] pci 0000:00:02.0: [1022:1482] type 00 class 0x060000
[    3.717880] pci 0000:00:03.0: [1022:1482] type 00 class 0x060000
[    3.721873] pci 0000:00:04.0: [1022:1482] type 00 class 0x060000
[    3.725876] pci 0000:00:05.0: [1022:1482] type 00 class 0x060000
[    3.729873] pci 0000:00:07.0: [1022:1482] type 00 class 0x060000
[    3.733872] pci 0000:00:07.1: [1022:1484] type 01 class 0x060400
[    3.737831] pci 0000:00:07.1: enabling Extended Tags
[    3.741846] pci 0000:00:07.1: PME# supported from D0 D3hot D3cold
[    3.745892] pci 0000:00:08.0: [1022:1482] type 00 class 0x060000
[    3.749871] pci 0000:00:08.1: [1022:1484] type 01 class 0x060400
[    3.753831] pci 0000:00:08.1: enabling Extended Tags
[    3.757848] pci 0000:00:08.1: PME# supported from D0 D3hot D3cold
[    3.761907] pci 0000:00:14.0: [1022:790b] type 00 class 0x0c0500
[    3.765921] pci 0000:00:14.3: [1022:790e] type 00 class 0x060100
[    3.769927] pci 0000:00:18.0: [1022:1650] type 00 class 0x060000
[    3.773860] pci 0000:00:18.1: [1022:1651] type 00 class 0x060000
[    3.777849] pci 0000:00:18.2: [1022:1652] type 00 class 0x060000
[    3.781846] pci 0000:00:18.3: [1022:1653] type 00 class 0x060000
[    3.785848] pci 0000:00:18.4: [1022:1654] type 00 class 0x060000
[    3.789847] pci 0000:00:18.5: [1022:1655] type 00 class 0x060000
[    3.793847] pci 0000:00:18.6: [1022:1656] type 00 class 0x060000
[    3.797850] pci 0000:00:18.7: [1022:1657] type 00 class 0x060000
[    3.801849] pci 0000:00:19.0: [1022:1650] type 00 class 0x060000
[    3.805859] pci 0000:00:19.1: [1022:1651] type 00 class 0x060000
[    3.809859] pci 0000:00:19.2: [1022:1652] type 00 class 0x060000
[    3.813859] pci 0000:00:19.3: [1022:1653] type 00 class 0x060000
[    3.817860] pci 0000:00:19.4: [1022:1654] type 00 class 0x060000
[    3.821859] pci 0000:00:19.5: [1022:1655] type 00 class 0x060000
[    3.825860] pci 0000:00:19.6: [1022:1656] type 00 class 0x060000
[    3.829859] pci 0000:00:19.7: [1022:1657] type 00 class 0x060000
[    3.833911] pci 0000:01:00.0: [1000:0015] type 00 class 0x010400
[    3.837821] pci 0000:01:00.0: reg 0x10: [mem 0xeb000000-0xeb0fffff 64bit pref]
[    3.841817] pci 0000:01:00.0: reg 0x18: [mem 0xeb100000-0xeb1fffff 64bit pref]
[    3.845813] pci 0000:01:00.0: reg 0x20: [mem 0xf9300000-0xf93fffff]
[    3.849813] pci 0000:01:00.0: reg 0x24: [io  0x1000-0x10ff]
[    3.853813] pci 0000:01:00.0: reg 0x30: [mem 0xfff00000-0xffffffff pref]
[    3.858676] pci 0000:01:00.0: supports D1 D2
[    3.861880] pci 0000:00:01.1: PCI bridge to [bus 01]
[    3.865810] pci 0000:00:01.1:   bridge window [io  0x1000-0x1fff]
[    3.869809] pci 0000:00:01.1:   bridge window [mem 0xf9300000-0xf93fffff]
[    3.873810] pci 0000:00:01.1:   bridge window [mem 0xeb000000-0xeb1fffff 64bit pref]
[    3.877855] pci 0000:02:00.0: [1022:148a] type 00 class 0x130000
[    3.881845] pci 0000:02:00.0: enabling Extended Tags
[    3.885905] pci 0000:02:00.2: [1022:1498] type 00 class 0x108000
[    3.889824] pci 0000:02:00.2: reg 0x18: [mem 0xf9200000-0xf927ffff]
[    3.893821] pci 0000:02:00.2: reg 0x24: [mem 0xf9280000-0xf9281fff]
[    3.897816] pci 0000:02:00.2: enabling Extended Tags
[    3.901916] pci 0000:00:07.1: PCI bridge to [bus 02]
[    3.905813] pci 0000:00:07.1:   bridge window [mem 0xf9200000-0xf92fffff]
[    3.913848] pci 0000:03:00.0: [1022:1485] type 00 class 0x130000
[    3.917848] pci 0000:03:00.0: enabling Extended Tags
[    3.921917] pci 0000:03:00.2: [1022:1498] type 00 class 0x108000
[    3.925826] pci 0000:03:00.2: reg 0x18: [mem 0xf9100000-0xf917ffff]
[    3.929822] pci 0000:03:00.2: reg 0x24: [mem 0xf9180000-0xf9181fff]
[    3.933816] pci 0000:03:00.2: enabling Extended Tags
[    3.937914] pci 0000:03:00.3: [1022:148c] type 00 class 0x0c0330
[    3.941820] pci 0000:03:00.3: reg 0x10: [mem 0xf9000000-0xf90fffff 64bit]
[    3.945835] pci 0000:03:00.3: enabling Extended Tags
[    3.949850] pci 0000:03:00.3: PME# supported from D0 D3hot D3cold
[    3.953885] pci 0000:00:08.1: PCI bridge to [bus 03]
[    3.957811] pci 0000:00:08.1:   bridge window [mem 0xf9000000-0xf91fffff]
[    3.961823] pci_bus 0000:00: on NUMA node 0
[    3.962339] ACPI: PCI Root Bridge [PC01] (domain 0000 [bus 20-3f])
[    3.965810] acpi PNP0A08:01: _OSC: OS supports [ExtendedConfig ASPM ClockPM Segments MSI HPX-Type3]
[    3.969909] acpi PNP0A08:01: _OSC: platform does not support [AER]
[    3.973903] acpi PNP0A08:01: _OSC: OS now controls [PCIeHotplug PME PCIeCapability LTR]
[    3.977808] acpi PNP0A08:01: FADT indicates ASPM is unsupported, using BIOS configuration
[    3.982163] PCI host bridge to bus 0000:20
[    3.985808] pci_bus 0000:20: root bus resource [io  0x2000-0x2fff window]
[    3.989808] pci_bus 0000:20: root bus resource [mem 0xc4000000-0xd0ffffff window]
[    3.993808] pci_bus 0000:20: root bus resource [mem 0x2bf40000000-0x39edfffffff window]
[    3.997808] pci_bus 0000:20: root bus resource [bus 20-3f]
[    4.001816] pci 0000:20:00.0: [1022:1480] type 00 class 0x060000
[    4.005876] pci 0000:20:00.2: [1022:164f] type 00 class 0x080600
[    4.009880] pci 0000:20:01.0: [1022:1482] type 00 class 0x060000
[    4.013863] pci 0000:20:02.0: [1022:1482] type 00 class 0x060000
[    4.017867] pci 0000:20:03.0: [1022:1482] type 00 class 0x060000
[    4.021877] pci 0000:20:04.0: [1022:1482] type 00 class 0x060000
[    4.025869] pci 0000:20:05.0: [1022:1482] type 00 class 0x060000
[    4.029868] pci 0000:20:07.0: [1022:1482] type 00 class 0x060000
[    4.033865] pci 0000:20:07.1: [1022:1484] type 01 class 0x060400
[    4.037830] pci 0000:20:07.1: enabling Extended Tags
[    4.041844] pci 0000:20:07.1: PME# supported from D0 D3hot D3cold
[    4.045891] pci 0000:20:08.0: [1022:1482] type 00 class 0x060000
[    4.049866] pci 0000:20:08.1: [1022:1484] type 01 class 0x060400
[    4.053831] pci 0000:20:08.1: enabling Extended Tags
[    4.057846] pci 0000:20:08.1: PME# supported from D0 D3hot D3cold
[    4.061937] pci 0000:21:00.0: [1022:148a] type 00 class 0x130000
[    4.065843] pci 0000:21:00.0: enabling Extended Tags
[    4.069902] pci 0000:21:00.2: [1022:1498] type 00 class 0x108000
[    4.073823] pci 0000:21:00.2: reg 0x18: [mem 0xcd300000-0xcd37ffff]
[    4.077821] pci 0000:21:00.2: reg 0x24: [mem 0xcd380000-0xcd381fff]
[    4.081815] pci 0000:21:00.2: enabling Extended Tags
[    4.085912] pci 0000:20:07.1: PCI bridge to [bus 21]
[    4.089811] pci 0000:20:07.1:   bridge window [mem 0xcd300000-0xcd3fffff]
[    4.093873] pci 0000:22:00.0: [1022:1485] type 00 class 0x130000
[    4.097847] pci 0000:22:00.0: enabling Extended Tags
[    4.101916] pci 0000:22:00.1: [1022:1486] type 00 class 0x108000
[    4.105825] pci 0000:22:00.1: reg 0x18: [mem 0xcd100000-0xcd1fffff]
[    4.109821] pci 0000:22:00.1: reg 0x24: [mem 0xcd282000-0xcd283fff]
[    4.113816] pci 0000:22:00.1: enabling Extended Tags
[    4.117915] pci 0000:22:00.2: [1022:1498] type 00 class 0x108000
[    4.121826] pci 0000:22:00.2: reg 0x18: [mem 0xcd200000-0xcd27ffff]
[    4.125821] pci 0000:22:00.2: reg 0x24: [mem 0xcd280000-0xcd281fff]
[    4.129816] pci 0000:22:00.2: enabling Extended Tags
[    4.133914] pci 0000:22:00.3: [1022:148c] type 00 class 0x0c0330
[    4.137819] pci 0000:22:00.3: reg 0x10: [mem 0xcd000000-0xcd0fffff 64bit]
[    4.141834] pci 0000:22:00.3: enabling Extended Tags
[    4.145849] pci 0000:22:00.3: PME# supported from D0 D3hot D3cold
[    4.149893] pci 0000:20:08.1: PCI bridge to [bus 22]
[    4.153811] pci 0000:20:08.1:   bridge window [mem 0xcd000000-0xcd2fffff]
[    4.157818] pci_bus 0000:20: on NUMA node 0
[    4.158115] ACPI: PCI Root Bridge [PC02] (domain 0000 [bus 40-5f])
[    4.161809] acpi PNP0A08:02: _OSC: OS supports [ExtendedConfig ASPM ClockPM Segments MSI HPX-Type3]
[    4.165911] acpi PNP0A08:02: _OSC: platform does not support [AER]
[    4.169903] acpi PNP0A08:02: _OSC: OS now controls [PCIeHotplug PME PCIeCapability LTR]
[    4.173808] acpi PNP0A08:02: FADT indicates ASPM is unsupported, using BIOS configuration
[    4.178144] PCI host bridge to bus 0000:40
[    4.181809] pci_bus 0000:40: root bus resource [io  0x3000-0x3fff window]
[    4.185808] pci_bus 0000:40: root bus resource [mem 0xd1000000-0xddffffff window]
[    4.189808] pci_bus 0000:40: root bus resource [mem 0x1dfa0000000-0x2bf3fffffff window]
[    4.193808] pci_bus 0000:40: root bus resource [bus 40-5f]
[    4.197815] pci 0000:40:00.0: [1022:1480] type 00 class 0x060000
[    4.201868] pci 0000:40:00.2: [1022:164f] type 00 class 0x080600
[    4.205880] pci 0000:40:01.0: [1022:1482] type 00 class 0x060000
[    4.209860] pci 0000:40:02.0: [1022:1482] type 00 class 0x060000
[    4.213859] pci 0000:40:03.0: [1022:1482] type 00 class 0x060000
[    4.217864] pci 0000:40:04.0: [1022:1482] type 00 class 0x060000
[    4.221858] pci 0000:40:05.0: [1022:1482] type 00 class 0x060000
[    4.225864] pci 0000:40:07.0: [1022:1482] type 00 class 0x060000
[    4.229863] pci 0000:40:07.1: [1022:1484] type 01 class 0x060400
[    4.233830] pci 0000:40:07.1: enabling Extended Tags
[    4.237845] pci 0000:40:07.1: PME# supported from D0 D3hot D3cold
[    4.241887] pci 0000:40:08.0: [1022:1482] type 00 class 0x060000
[    4.245863] pci 0000:40:08.1: [1022:1484] type 01 class 0x060400
[    4.249831] pci 0000:40:08.1: enabling Extended Tags
[    4.253847] pci 0000:40:08.1: PME# supported from D0 D3hot D3cold
[    4.257938] pci 0000:41:00.0: [1022:148a] type 00 class 0x130000
[    4.261843] pci 0000:41:00.0: enabling Extended Tags
[    4.265909] pci 0000:41:00.2: [1022:1498] type 00 class 0x108000
[    4.269824] pci 0000:41:00.2: reg 0x18: [mem 0xda100000-0xda17ffff]
[    4.273820] pci 0000:41:00.2: reg 0x24: [mem 0xda180000-0xda181fff]
[    4.277816] pci 0000:41:00.2: enabling Extended Tags
[    4.281917] pci 0000:40:07.1: PCI bridge to [bus 41]
[    4.285811] pci 0000:40:07.1:   bridge window [mem 0xda100000-0xda1fffff]
[    4.289868] pci 0000:42:00.0: [1022:1485] type 00 class 0x130000
[    4.293848] pci 0000:42:00.0: enabling Extended Tags
[    4.297919] pci 0000:42:00.2: [1022:1498] type 00 class 0x108000
[    4.301826] pci 0000:42:00.2: reg 0x18: [mem 0xda000000-0xda07ffff]
[    4.305821] pci 0000:42:00.2: reg 0x24: [mem 0xda080000-0xda081fff]
[    4.309816] pci 0000:42:00.2: enabling Extended Tags
[    4.313922] pci 0000:40:08.1: PCI bridge to [bus 42]
[    4.317811] pci 0000:40:08.1:   bridge window [mem 0xda000000-0xda0fffff]
[    4.321818] pci_bus 0000:40: on NUMA node 0
[    4.322114] ACPI: PCI Root Bridge [PC03] (domain 0000 [bus 60-7f])
[    4.325809] acpi PNP0A08:03: _OSC: OS supports [ExtendedConfig ASPM ClockPM Segments MSI HPX-Type3]
[    4.329909] acpi PNP0A08:03: _OSC: platform does not support [AER]
[    4.333903] acpi PNP0A08:03: _OSC: OS now controls [PCIeHotplug PME PCIeCapability LTR]
[    4.337809] acpi PNP0A08:03: FADT indicates ASPM is unsupported, using BIOS configuration
[    4.342194] PCI host bridge to bus 0000:60
[    4.345808] pci_bus 0000:60: root bus resource [io  0x4000-0x4fff window]
[    4.349808] pci_bus 0000:60: root bus resource [mem 0xde000000-0xeaffffff window]
[    4.353808] pci_bus 0000:60: root bus resource [mem 0x10000000000-0x1df9fffffff window]
[    4.357808] pci_bus 0000:60: root bus resource [io  0x03b0-0x03df window]
[    4.361809] pci_bus 0000:60: root bus resource [mem 0x000a0000-0x000bffff window]
[    4.365808] pci_bus 0000:60: root bus resource [bus 60-7f]
[    4.369815] pci 0000:60:00.0: [1022:1480] type 00 class 0x060000
[    4.373873] pci 0000:60:00.2: [1022:164f] type 00 class 0x080600
[    4.377886] pci 0000:60:01.0: [1022:1482] type 00 class 0x060000
[    4.381864] pci 0000:60:02.0: [1022:1482] type 00 class 0x060000
[    4.385863] pci 0000:60:03.0: [1022:1482] type 00 class 0x060000
[    4.389870] pci 0000:60:03.1: [1022:1483] type 01 class 0x060400
[    4.393875] pci 0000:60:03.1: PME# supported from D0 D3hot D3cold
[    4.398118] pci 0000:60:04.0: [1022:1482] type 00 class 0x060000
[    4.401870] pci 0000:60:05.0: [1022:1482] type 00 class 0x060000
[    4.405866] pci 0000:60:05.2: [1022:149a] type 01 class 0x060400
[    4.409862] pci 0000:60:05.2: PME# supported from D0 D3hot D3cold
[    4.413883] pci 0000:60:07.0: [1022:1482] type 00 class 0x060000
[    4.417867] pci 0000:60:07.1: [1022:1484] type 01 class 0x060400
[    4.421831] pci 0000:60:07.1: enabling Extended Tags
[    4.425843] pci 0000:60:07.1: PME# supported from D0 D3hot D3cold
[    4.429884] pci 0000:60:08.0: [1022:1482] type 00 class 0x060000
[    4.433868] pci 0000:60:08.1: [1022:1484] type 01 class 0x060400
[    4.437830] pci 0000:60:08.1: enabling Extended Tags
[    4.441845] pci 0000:60:08.1: PME# supported from D0 D3hot D3cold
[    4.446108] pci 0000:63:00.0: [15b3:1017] type 00 class 0x020000
[    4.449991] pci 0000:63:00.0: reg 0x10: [mem 0xe0000000-0xe1ffffff 64bit pref]
[    4.454186] pci 0000:63:00.0: reg 0x30: [mem 0xfff00000-0xffffffff pref]
[    4.461815] pci 0000:63:00.0: PME# supported from D3cold
[    4.466873] pci 0000:63:00.1: [15b3:1017] type 00 class 0x020000
[    4.469989] pci 0000:63:00.1: reg 0x10: [mem 0xde000000-0xdfffffff 64bit pref]
[    4.477971] pci 0000:63:00.1: reg 0x30: [mem 0xfff00000-0xffffffff pref]
[    4.482425] pci 0000:63:00.1: PME# supported from D3cold
[    4.486516] pci 0000:60:03.1: PCI bridge to [bus 63]
[    4.489813] pci 0000:60:03.1:   bridge window [mem 0xde000000-0xe1ffffff 64bit pref]
[    4.493852] pci 0000:61:00.0: [1556:be00] type 01 class 0x060400
[    4.509823] pci 0000:60:05.2: PCI bridge to [bus 61-62]
[    4.513811] pci 0000:60:05.2:   bridge window [mem 0xe7000000-0xe78fffff]
[    4.517810] pci 0000:60:05.2:   bridge window [mem 0xe2000000-0xe2ffffff 64bit pref]
[    4.521833] pci_bus 0000:62: extended config space not accessible
[    4.525820] pci 0000:62:00.0: [102b:0536] type 00 class 0x030000
[    4.529823] pci 0000:62:00.0: reg 0x10: [mem 0xe2000000-0xe2ffffff pref]
[    4.533816] pci 0000:62:00.0: reg 0x14: [mem 0xe7808000-0xe780bfff]
[    4.537816] pci 0000:62:00.0: reg 0x18: [mem 0xe7000000-0xe77fffff]
[    4.541924] pci 0000:61:00.0: PCI bridge to [bus 62]
[    4.545813] pci 0000:61:00.0:   bridge window [mem 0xe7000000-0xe78fffff]
[    4.549811] pci 0000:61:00.0:   bridge window [mem 0xe2000000-0xe2ffffff 64bit pref]
[    4.553856] pci 0000:64:00.0: [1022:148a] type 00 class 0x130000
[    4.557842] pci 0000:64:00.0: enabling Extended Tags
[    4.561902] pci 0000:64:00.2: [1022:1498] type 00 class 0x108000
[    4.565823] pci 0000:64:00.2: reg 0x18: [mem 0xe7a00000-0xe7a7ffff]
[    4.569820] pci 0000:64:00.2: reg 0x24: [mem 0xe7a80000-0xe7a81fff]
[    4.573815] pci 0000:64:00.2: enabling Extended Tags
[    4.577905] pci 0000:60:07.1: PCI bridge to [bus 64]
[    4.581811] pci 0000:60:07.1:   bridge window [mem 0xe7a00000-0xe7afffff]
[    4.585866] pci 0000:65:00.0: [1022:1485] type 00 class 0x130000
[    4.589846] pci 0000:65:00.0: enabling Extended Tags
[    4.593912] pci 0000:65:00.2: [1022:1498] type 00 class 0x108000
[    4.597826] pci 0000:65:00.2: reg 0x18: [mem 0xe7900000-0xe797ffff]
[    4.601822] pci 0000:65:00.2: reg 0x24: [mem 0xe7980000-0xe7981fff]
[    4.605816] pci 0000:65:00.2: enabling Extended Tags
[    4.609913] pci 0000:60:08.1: PCI bridge to [bus 65]
[    4.613811] pci 0000:60:08.1:   bridge window [mem 0xe7900000-0xe79fffff]
[    4.617826] pci_bus 0000:60: on NUMA node 0
[    4.618122] ACPI: PCI Root Bridge [PC04] (domain 0000 [bus 80-9f])
[    4.621810] acpi PNP0A08:04: _OSC: OS supports [ExtendedConfig ASPM ClockPM Segments MSI HPX-Type3]
[    4.625909] acpi PNP0A08:04: _OSC: platform does not support [AER]
[    4.629903] acpi PNP0A08:04: _OSC: OS now controls [PCIeHotplug PME PCIeCapability LTR]
[    4.633808] acpi PNP0A08:04: FADT indicates ASPM is unsupported, using BIOS configuration
[    4.638122] PCI host bridge to bus 0000:80
[    4.641808] pci_bus 0000:80: root bus resource [io  0x5000-0x5fff window]
[    4.645808] pci_bus 0000:80: root bus resource [mem 0x90000000-0x9cffffff window]
[    4.649808] pci_bus 0000:80: root bus resource [mem 0x71d60000000-0x7fcffffffff window]
[    4.653808] pci_bus 0000:80: root bus resource [bus 80-9f]
[    4.657818] pci 0000:80:00.0: [1022:1480] type 00 class 0x060000
[    4.661893] pci 0000:80:00.2: [1022:164f] type 00 class 0x080600
[    4.665900] pci 0000:80:01.0: [1022:1482] type 00 class 0x060000
[    4.669883] pci 0000:80:01.1: [1022:1483] type 01 class 0x060400
[    4.673902] pci 0000:80:01.1: PME# supported from D0 D3hot D3cold
[    4.678482] pci 0000:80:02.0: [1022:1482] type 00 class 0x060000
[    4.681885] pci 0000:80:03.0: [1022:1482] type 00 class 0x060000
[    4.685881] pci 0000:80:04.0: [1022:1482] type 00 class 0x060000
[    4.689883] pci 0000:80:05.0: [1022:1482] type 00 class 0x060000
[    4.693884] pci 0000:80:07.0: [1022:1482] type 00 class 0x060000
[    4.701861] pci 0000:80:07.1: [1022:1484] type 01 class 0x060400
[    4.705840] pci 0000:80:07.1: enabling Extended Tags
[    4.709868] pci 0000:80:07.1: PME# supported from D0 D3hot D3cold
[    4.713927] pci 0000:80:08.0: [1022:1482] type 00 class 0x060000
[    4.717883] pci 0000:80:08.1: [1022:1484] type 01 class 0x060400
[    4.721839] pci 0000:80:08.1: enabling Extended Tags
[    4.725862] pci 0000:80:08.1: PME# supported from D0 D3hot D3cold
[    4.730139] pci 0000:81:00.0: [15b3:101d] type 00 class 0x020000
[    4.733947] pci 0000:81:00.0: reg 0x10: [mem 0x92000000-0x93ffffff 64bit pref]
[    4.738098] pci 0000:81:00.0: reg 0x30: [mem 0xfff00000-0xffffffff pref]
[    4.743705] pci 0000:81:00.0: PME# supported from D3cold
[    4.746428] pci 0000:81:00.1: [15b3:101d] type 00 class 0x020000
[    4.749945] pci 0000:81:00.1: reg 0x10: [mem 0x90000000-0x91ffffff 64bit pref]
[    4.754098] pci 0000:81:00.1: reg 0x30: [mem 0xfff00000-0xffffffff pref]
[    4.759162] pci 0000:81:00.1: PME# supported from D3cold
[    4.762154] pci 0000:80:01.1: PCI bridge to [bus 81]
[    4.765815] pci 0000:80:01.1:   bridge window [mem 0x90000000-0x93ffffff 64bit pref]
[    4.769867] pci 0000:82:00.0: [1022:148a] type 00 class 0x130000
[    4.773855] pci 0000:82:00.0: enabling Extended Tags
[    4.777933] pci 0000:82:00.2: [1022:1498] type 00 class 0x108000
[    4.781829] pci 0000:82:00.2: reg 0x18: [mem 0x99100000-0x9917ffff]
[    4.785824] pci 0000:82:00.2: reg 0x24: [mem 0x99180000-0x99181fff]
[    4.789818] pci 0000:82:00.2: enabling Extended Tags
[    4.793936] pci 0000:80:07.1: PCI bridge to [bus 82]
[    4.797812] pci 0000:80:07.1:   bridge window [mem 0x99100000-0x991fffff]
[    4.801884] pci 0000:83:00.0: [1022:1485] type 00 class 0x130000
[    4.805858] pci 0000:83:00.0: enabling Extended Tags
[    4.809943] pci 0000:83:00.2: [1022:1498] type 00 class 0x108000
[    4.813831] pci 0000:83:00.2: reg 0x18: [mem 0x99000000-0x9907ffff]
[    4.817826] pci 0000:83:00.2: reg 0x24: [mem 0x99080000-0x99081fff]
[    4.821818] pci 0000:83:00.2: enabling Extended Tags
[    4.825943] pci 0000:80:08.1: PCI bridge to [bus 83]
[    4.829812] pci 0000:80:08.1:   bridge window [mem 0x99000000-0x990fffff]
[    4.833828] pci_bus 0000:80: on NUMA node 1
[    4.834160] ACPI: PCI Root Bridge [PC05] (domain 0000 [bus a0-bf])
[    4.837809] acpi PNP0A08:05: _OSC: OS supports [ExtendedConfig ASPM ClockPM Segments MSI HPX-Type3]
[    4.841910] acpi PNP0A08:05: _OSC: platform does not support [AER]
[    4.845902] acpi PNP0A08:05: _OSC: OS now controls [PCIeHotplug PME PCIeCapability LTR]
[    4.849808] acpi PNP0A08:05: FADT indicates ASPM is unsupported, using BIOS configuration
[    4.854106] PCI host bridge to bus 0000:a0
[    4.857812] pci_bus 0000:a0: root bus resource [io  0x6000-0x6fff window]
[    4.861826] pci_bus 0000:a0: root bus resource [mem 0x9d000000-0xa9ffffff window]
[    4.865814] pci_bus 0000:a0: root bus resource [mem 0x63dc0000000-0x71d5fffffff window]
[    4.869809] pci_bus 0000:a0: root bus resource [bus a0-bf]
[    4.873818] pci 0000:a0:00.0: [1022:1480] type 00 class 0x060000
[    4.877883] pci 0000:a0:00.2: [1022:164f] type 00 class 0x080600
[    4.881895] pci 0000:a0:01.0: [1022:1482] type 00 class 0x060000
[    4.885873] pci 0000:a0:02.0: [1022:1482] type 00 class 0x060000
[    4.889876] pci 0000:a0:03.0: [1022:1482] type 00 class 0x060000
[    4.893869] pci 0000:a0:04.0: [1022:1482] type 00 class 0x060000
[    4.897871] pci 0000:a0:05.0: [1022:1482] type 00 class 0x060000
[    4.901870] pci 0000:a0:07.0: [1022:1482] type 00 class 0x060000
[    4.905872] pci 0000:a0:07.1: [1022:1484] type 01 class 0x060400
[    4.909838] pci 0000:a0:07.1: enabling Extended Tags
[    4.913859] pci 0000:a0:07.1: PME# supported from D0 D3hot D3cold
[    4.917902] pci 0000:a0:08.0: [1022:1482] type 00 class 0x060000
[    4.921874] pci 0000:a0:08.1: [1022:1484] type 01 class 0x060400
[    4.925839] pci 0000:a0:08.1: enabling Extended Tags
[    4.929860] pci 0000:a0:08.1: PME# supported from D0 D3hot D3cold
[    4.933955] pci 0000:a1:00.0: [1022:148a] type 00 class 0x130000
[    4.937854] pci 0000:a1:00.0: enabling Extended Tags
[    4.941928] pci 0000:a1:00.2: [1022:1498] type 00 class 0x108000
[    4.945828] pci 0000:a1:00.2: reg 0x18: [mem 0xa6200000-0xa627ffff]
[    4.949824] pci 0000:a1:00.2: reg 0x24: [mem 0xa6280000-0xa6281fff]
[    4.953817] pci 0000:a1:00.2: enabling Extended Tags
[    4.957931] pci 0000:a0:07.1: PCI bridge to [bus a1]
[    4.961812] pci 0000:a0:07.1:   bridge window [mem 0xa6200000-0xa62fffff]
[    4.965883] pci 0000:a2:00.0: [1022:1485] type 00 class 0x130000
[    4.969857] pci 0000:a2:00.0: enabling Extended Tags
[    4.973939] pci 0000:a2:00.1: [1022:1486] type 00 class 0x108000
[    4.977830] pci 0000:a2:00.1: reg 0x18: [mem 0xa6000000-0xa60fffff]
[    4.981826] pci 0000:a2:00.1: reg 0x24: [mem 0xa6182000-0xa6183fff]
[    4.985819] pci 0000:a2:00.1: enabling Extended Tags
[    4.993808] pci 0000:a2:00.2: [1022:1498] type 00 class 0x108000
[    4.997830] pci 0000:a2:00.2: reg 0x18: [mem 0xa6100000-0xa617ffff]
[    5.001825] pci 0000:a2:00.2: reg 0x24: [mem 0xa6180000-0xa6181fff]
[    5.005819] pci 0000:a2:00.2: enabling Extended Tags
[    5.009943] pci 0000:a0:08.1: PCI bridge to [bus a2]
[    5.013812] pci 0000:a0:08.1:   bridge window [mem 0xa6000000-0xa61fffff]
[    5.017822] pci_bus 0000:a0: on NUMA node 1
[    5.018127] ACPI: PCI Root Bridge [PC06] (domain 0000 [bus c0-df])
[    5.021810] acpi PNP0A08:06: _OSC: OS supports [ExtendedConfig ASPM ClockPM Segments MSI HPX-Type3]
[    5.025912] acpi PNP0A08:06: _OSC: platform does not support [AER]
[    5.029903] acpi PNP0A08:06: _OSC: OS now controls [PCIeHotplug PME PCIeCapability LTR]
[    5.033808] acpi PNP0A08:06: FADT indicates ASPM is unsupported, using BIOS configuration
[    5.038123] PCI host bridge to bus 0000:c0
[    5.041808] pci_bus 0000:c0: root bus resource [io  0x7000-0x7fff window]
[    5.045808] pci_bus 0000:c0: root bus resource [mem 0xaa000000-0xb6ffffff window]
[    5.049808] pci_bus 0000:c0: root bus resource [mem 0x55e20000000-0x63dbfffffff window]
[    5.053808] pci_bus 0000:c0: root bus resource [bus c0-df]
[    5.057817] pci 0000:c0:00.0: [1022:1480] type 00 class 0x060000
[    5.061888] pci 0000:c0:00.2: [1022:164f] type 00 class 0x080600
[    5.065899] pci 0000:c0:01.0: [1022:1482] type 00 class 0x060000
[    5.069880] pci 0000:c0:01.1: [1022:1483] type 01 class 0x060400
[    5.073914] pci 0000:c0:01.1: PME# supported from D0 D3hot D3cold
[    5.078359] pci 0000:c0:01.2: [1022:1483] type 01 class 0x060400
[    5.081915] pci 0000:c0:01.2: PME# supported from D0 D3hot D3cold
[    5.086267] pci 0000:c0:02.0: [1022:1482] type 00 class 0x060000
[    5.089879] pci 0000:c0:03.0: [1022:1482] type 00 class 0x060000
[    5.093874] pci 0000:c0:04.0: [1022:1482] type 00 class 0x060000
[    5.097875] pci 0000:c0:05.0: [1022:1482] type 00 class 0x060000
[    5.101873] pci 0000:c0:07.0: [1022:1482] type 00 class 0x060000
[    5.109845] pci 0000:c0:07.1: [1022:1484] type 01 class 0x060400
[    5.113839] pci 0000:c0:07.1: enabling Extended Tags
[    5.117860] pci 0000:c0:07.1: PME# supported from D0 D3hot D3cold
[    5.121899] pci 0000:c0:08.0: [1022:1482] type 00 class 0x060000
[    5.125881] pci 0000:c0:08.1: [1022:1484] type 01 class 0x060400
[    5.129840] pci 0000:c0:08.1: enabling Extended Tags
[    5.133861] pci 0000:c0:08.1: PME# supported from D0 D3hot D3cold
[    5.137904] pci 0000:c0:08.3: [1022:1484] type 01 class 0x060400
[    5.141839] pci 0000:c0:08.3: enabling Extended Tags
[    5.145862] pci 0000:c0:08.3: PME# supported from D0 D3hot D3cold
[    5.150012] pci 0000:c1:00.0: [144d:a824] type 00 class 0x010802
[    5.153828] pci 0000:c1:00.0: reg 0x10: [mem 0xb3700000-0xb3707fff 64bit]
[    5.162167] pci 0000:c0:01.1: PCI bridge to [bus c1]
[    5.165813] pci 0000:c0:01.1:   bridge window [mem 0xb3700000-0xb37fffff]
[    5.169971] pci 0000:c0:01.2: PCI bridge to [bus c2]
[    5.173812] pci 0000:c0:01.2:   bridge window [mem 0xb3000000-0xb33fffff]
[    5.177865] pci 0000:c3:00.0: [1022:148a] type 00 class 0x130000
[    5.181855] pci 0000:c3:00.0: enabling Extended Tags
[    5.185935] pci 0000:c3:00.2: [1022:1498] type 00 class 0x108000
[    5.189829] pci 0000:c3:00.2: reg 0x18: [mem 0xb3600000-0xb367ffff]
[    5.193824] pci 0000:c3:00.2: reg 0x24: [mem 0xb3680000-0xb3681fff]
[    5.197818] pci 0000:c3:00.2: enabling Extended Tags
[    5.201935] pci 0000:c0:07.1: PCI bridge to [bus c3]
[    5.205812] pci 0000:c0:07.1:   bridge window [mem 0xb3600000-0xb36fffff]
[    5.209881] pci 0000:c4:00.0: [1022:1485] type 00 class 0x130000
[    5.213859] pci 0000:c4:00.0: enabling Extended Tags
[    5.217944] pci 0000:c4:00.2: [1022:1498] type 00 class 0x108000
[    5.225827] pci 0000:c4:00.2: reg 0x18: [mem 0xb3500000-0xb357ffff]
[    5.229826] pci 0000:c4:00.2: reg 0x24: [mem 0xb3580000-0xb3581fff]
[    5.233819] pci 0000:c4:00.2: enabling Extended Tags
[    5.237944] pci 0000:c0:08.1: PCI bridge to [bus c4]
[    5.241812] pci 0000:c0:08.1:   bridge window [mem 0xb3500000-0xb35fffff]
[    5.245884] pci 0000:c5:00.0: [1022:7901] type 00 class 0x010601
[    5.249849] pci 0000:c5:00.0: reg 0x24: [mem 0xb3400000-0xb34007ff]
[    5.253818] pci 0000:c5:00.0: enabling Extended Tags
[    5.257877] pci 0000:c5:00.0: PME# supported from D3hot D3cold
[    5.261906] pci 0000:c0:08.3: PCI bridge to [bus c5]
[    5.265812] pci 0000:c0:08.3:   bridge window [mem 0xb3400000-0xb34fffff]
[    5.269838] pci_bus 0000:c0: on NUMA node 1
[    5.270132] ACPI: PCI Root Bridge [PC07] (domain 0000 [bus e0-ff])
[    5.273811] acpi PNP0A08:07: _OSC: OS supports [ExtendedConfig ASPM ClockPM Segments MSI HPX-Type3]
[    5.277928] acpi PNP0A08:07: _OSC: platform does not support [AER]
[    5.281902] acpi PNP0A08:07: _OSC: OS now controls [PCIeHotplug PME PCIeCapability LTR]
[    5.285808] acpi PNP0A08:07: FADT indicates ASPM is unsupported, using BIOS configuration
[    5.290124] PCI host bridge to bus 0000:e0
[    5.293808] pci_bus 0000:e0: root bus resource [io  0x8000-0xffff window]
[    5.297808] pci_bus 0000:e0: root bus resource [mem 0xb7000000-0xc3ffffff window]
[    5.301808] pci_bus 0000:e0: root bus resource [mem 0x47e80000000-0x55e1fffffff window]
[    5.305808] pci_bus 0000:e0: root bus resource [bus e0-ff]
[    5.309817] pci 0000:e0:00.0: [1022:1480] type 00 class 0x060000
[    5.313885] pci 0000:e0:00.2: [1022:164f] type 00 class 0x080600
[    5.317898] pci 0000:e0:01.0: [1022:1482] type 00 class 0x060000
[    5.321873] pci 0000:e0:02.0: [1022:1482] type 00 class 0x060000
[    5.325874] pci 0000:e0:03.0: [1022:1482] type 00 class 0x060000
[    5.329874] pci 0000:e0:04.0: [1022:1482] type 00 class 0x060000
[    5.333872] pci 0000:e0:05.0: [1022:1482] type 00 class 0x060000
[    5.337875] pci 0000:e0:07.0: [1022:1482] type 00 class 0x060000
[    5.341879] pci 0000:e0:07.1: [1022:1484] type 01 class 0x060400
[    5.345838] pci 0000:e0:07.1: enabling Extended Tags
[    5.349859] pci 0000:e0:07.1: PME# supported from D0 D3hot D3cold
[    5.353904] pci 0000:e0:08.0: [1022:1482] type 00 class 0x060000
[    5.357878] pci 0000:e0:08.1: [1022:1484] type 01 class 0x060400
[    5.361838] pci 0000:e0:08.1: enabling Extended Tags
[    5.365860] pci 0000:e0:08.1: PME# supported from D0 D3hot D3cold
[    5.369959] pci 0000:e1:00.0: [1022:148a] type 00 class 0x130000
[    5.373854] pci 0000:e1:00.0: enabling Extended Tags
[    5.377928] pci 0000:e1:00.2: [1022:1498] type 00 class 0x108000
[    5.381828] pci 0000:e1:00.2: reg 0x18: [mem 0xc0100000-0xc017ffff]
[    5.385824] pci 0000:e1:00.2: reg 0x24: [mem 0xc0180000-0xc0181fff]
[    5.389817] pci 0000:e1:00.2: enabling Extended Tags
[    5.393929] pci 0000:e0:07.1: PCI bridge to [bus e1]
[    5.397812] pci 0000:e0:07.1:   bridge window [mem 0xc0100000-0xc01fffff]
[    5.401881] pci 0000:e2:00.0: [1022:1485] type 00 class 0x130000
[    5.405858] pci 0000:e2:00.0: enabling Extended Tags
[    5.409941] pci 0000:e2:00.2: [1022:1498] type 00 class 0x108000
[    5.413830] pci 0000:e2:00.2: reg 0x18: [mem 0xc0000000-0xc007ffff]
[    5.417825] pci 0000:e2:00.2: reg 0x24: [mem 0xc0080000-0xc0081fff]
[    5.421818] pci 0000:e2:00.2: enabling Extended Tags
[    5.425940] pci 0000:e0:08.1: PCI bridge to [bus e2]
[    5.429812] pci 0000:e0:08.1:   bridge window [mem 0xc0000000-0xc00fffff]
[    5.433822] pci_bus 0000:e0: on NUMA node 1
[    5.440045] iommu: Default domain type: Translated 
[    5.442025] pci 0000:62:00.0: vgaarb: setting as boot VGA device
[    5.445807] pci 0000:62:00.0: vgaarb: VGA device added: decodes=io+mem,owns=io+mem,locks=none
[    5.445812] pci 0000:62:00.0: vgaarb: bridge control possible
[    5.449808] vgaarb: loaded
[    5.453958] SCSI subsystem initialized
[    5.457911] libata version 3.00 loaded.
[    5.457911] ACPI: bus type USB registered
[    5.461816] usbcore: registered new interface driver usbfs
[    5.465811] usbcore: registered new interface driver hub
[    5.469823] usbcore: registered new device driver usb
[    5.473863] EDAC MC: Ver: 3.0.0
[    5.478119] NetLabel: Initializing
[    5.481808] NetLabel:  domain hash size = 128
[    5.485807] NetLabel:  protocols = UNLABELED CIPSOv4 CALIPSO
[    5.489874] NetLabel:  unlabeled traffic allowed by default
[    5.493816] PCI: Using ACPI for IRQ routing
[    5.503246] PCI: pci_cache_line_size set to 64 bytes
[    5.503553] Expanded resource Reserved due to conflict with PCI Bus 0000:00
[    5.505808] e820: reserve RAM buffer [mem 0x00098000-0x0009ffff]
[    5.505809] e820: reserve RAM buffer [mem 0x4d585000-0x4fffffff]
[    5.505810] e820: reserve RAM buffer [mem 0x5a14b000-0x5bffffff]
[    5.505811] e820: reserve RAM buffer [mem 0x67acf000-0x67ffffff]
[    5.505811] e820: reserve RAM buffer [mem 0x6f000000-0x6fffffff]
[    5.505812] e820: reserve RAM buffer [mem 0x6fe8d000-0x6fffffff]
[    5.505812] e820: reserve RAM buffer [mem 0x207ef00000-0x207fffffff]
[    5.505813] e820: reserve RAM buffer [mem 0x407fc00000-0x407fffffff]
[    5.505952] hpet0: at MMIO 0xfed00000, IRQs 2, 8, 0
[    5.509808] hpet0: 3 comparators, 32-bit 14.318180 MHz counter
[    5.519124] clocksource: Switched to clocksource tsc-early
[    5.531584] VFS: Disk quotas dquot_6.6.0
[    5.535538] VFS: Dquot-cache hash table entries: 512 (order 0, 4096 bytes)
[    5.542550] AppArmor: AppArmor Filesystem Enabled
[    5.547275] pnp: PnP ACPI init
[    5.550476] system 00:00: [mem 0x80000000-0x8fffffff] has been reserved
[    5.557132] system 00:01: [mem 0xff000000-0xffffffff] has been reserved
[    5.564741] pnp: PnP ACPI: found 5 devices
[    5.574712] clocksource: acpi_pm: mask: 0xffffff max_cycles: 0xffffff, max_idle_ns: 2085701024 ns
[    5.583633] NET: Registered PF_INET protocol family
[    5.588630] IP idents hash table entries: 262144 (order: 9, 2097152 bytes, vmalloc)
[    5.597237] tcp_listen_portaddr_hash hash table entries: 65536 (order: 8, 1048576 bytes, vmalloc)
[    5.606221] TCP established hash table entries: 524288 (order: 10, 4194304 bytes, vmalloc)
[    5.614787] TCP bind hash table entries: 65536 (order: 8, 1048576 bytes, vmalloc)
[    5.622324] TCP: Hash tables configured (established 524288 bind 65536)
[    5.629246] UDP hash table entries: 65536 (order: 9, 2097152 bytes, vmalloc)
[    5.636475] UDP-Lite hash table entries: 65536 (order: 9, 2097152 bytes, vmalloc)
[    5.644321] NET: Registered PF_UNIX/PF_LOCAL protocol family
[    5.649981] pci 0000:01:00.0: can't claim BAR 6 [mem 0xfff00000-0xffffffff pref]: no compatible bridge window
[    5.659883] pci 0000:63:00.0: can't claim BAR 6 [mem 0xfff00000-0xffffffff pref]: no compatible bridge window
[    5.669788] pci 0000:63:00.1: can't claim BAR 6 [mem 0xfff00000-0xffffffff pref]: no compatible bridge window
[    5.679694] pci 0000:81:00.0: can't claim BAR 6 [mem 0xfff00000-0xffffffff pref]: no compatible bridge window
[    5.689599] pci 0000:81:00.1: can't claim BAR 6 [mem 0xfff00000-0xffffffff pref]: no compatible bridge window
[    5.699503] pci 0000:01:00.0: BAR 6: no space for [mem size 0x00100000 pref]
[    5.706543] pci 0000:01:00.0: BAR 6: failed to assign [mem size 0x00100000 pref]
[    5.713938] pci 0000:00:01.1: PCI bridge to [bus 01]
[    5.718903] pci 0000:00:01.1:   bridge window [io  0x1000-0x1fff]
[    5.724999] pci 0000:00:01.1:   bridge window [mem 0xf9300000-0xf93fffff]
[    5.731983] pci 0000:00:01.1:   bridge window [mem 0xeb000000-0xeb1fffff 64bit pref]
[    5.739725] pci 0000:00:07.1: PCI bridge to [bus 02]
[    5.744689] pci 0000:00:07.1:   bridge window [mem 0xf9200000-0xf92fffff]
[    5.751477] pci 0000:00:08.1: PCI bridge to [bus 03]
[    5.756442] pci 0000:00:08.1:   bridge window [mem 0xf9000000-0xf91fffff]
[    5.763229] pci_bus 0000:00: resource 4 [io  0x0000-0x03af window]
[    5.769406] pci_bus 0000:00: resource 5 [io  0x03e0-0x0cf7 window]
[    5.775586] pci_bus 0000:00: resource 6 [mem 0x000c0000-0x000c3fff window]
[    5.782458] pci_bus 0000:00: resource 7 [mem 0x000c4000-0x000c7fff window]
[    5.789330] pci_bus 0000:00: resource 8 [mem 0x000c8000-0x000cbfff window]
[    5.796203] pci_bus 0000:00: resource 9 [mem 0x000cc000-0x000cffff window]
[    5.803076] pci_bus 0000:00: resource 10 [mem 0x000d4000-0x000d7fff window]
[    5.810037] pci_bus 0000:00: resource 11 [mem 0x000d8000-0x000dbfff window]
[    5.816995] pci_bus 0000:00: resource 12 [mem 0x000dc000-0x000dffff window]
[    5.823954] pci_bus 0000:00: resource 13 [mem 0x000e0000-0x000e3fff window]
[    5.831097] pci_bus 0000:00: resource 14 [mem 0x000e4000-0x000e7fff window]
[    5.838057] pci_bus 0000:00: resource 15 [mem 0x000e8000-0x000ebfff window]
[    5.845014] pci_bus 0000:00: resource 16 [mem 0x000ec000-0x000effff window]
[    5.851965] pci_bus 0000:00: resource 17 [mem 0x000f0000-0x000fffff window]
[    5.858918] pci_bus 0000:00: resource 18 [io  0x0d00-0x1fff window]
[    5.865184] pci_bus 0000:00: resource 19 [mem 0xeb000000-0xfebfffff window]
[    5.872144] pci_bus 0000:00: resource 20 [mem 0x39ee0000000-0x47e7fffffff window]
[    5.879623] pci_bus 0000:01: resource 0 [io  0x1000-0x1fff]
[    5.885194] pci_bus 0000:01: resource 1 [mem 0xf9300000-0xf93fffff]
[    5.891452] pci_bus 0000:01: resource 2 [mem 0xeb000000-0xeb1fffff 64bit pref]
[    5.898672] pci_bus 0000:02: resource 1 [mem 0xf9200000-0xf92fffff]
[    5.904939] pci_bus 0000:03: resource 1 [mem 0xf9000000-0xf91fffff]
[    5.911232] pci 0000:20:07.1: PCI bridge to [bus 21]
[    5.916202] pci 0000:20:07.1:   bridge window [mem 0xcd300000-0xcd3fffff]
[    5.922988] pci 0000:20:08.1: PCI bridge to [bus 22]
[    5.927952] pci 0000:20:08.1:   bridge window [mem 0xcd000000-0xcd2fffff]
[    5.934956] pci_bus 0000:20: resource 4 [io  0x2000-0x2fff window]
[    5.941131] pci_bus 0000:20: resource 5 [mem 0xc4000000-0xd0ffffff window]
[    5.947998] pci_bus 0000:20: resource 6 [mem 0x2bf40000000-0x39edfffffff window]
[    5.955390] pci_bus 0000:21: resource 1 [mem 0xcd300000-0xcd3fffff]
[    5.961656] pci_bus 0000:22: resource 1 [mem 0xcd000000-0xcd2fffff]
[    5.967976] pci 0000:40:07.1: PCI bridge to [bus 41]
[    5.972944] pci 0000:40:07.1:   bridge window [mem 0xda100000-0xda1fffff]
[    5.979732] pci 0000:40:08.1: PCI bridge to [bus 42]
[    5.984694] pci 0000:40:08.1:   bridge window [mem 0xda000000-0xda0fffff]
[    5.991482] pci_bus 0000:40: resource 4 [io  0x3000-0x3fff window]
[    5.997656] pci_bus 0000:40: resource 5 [mem 0xd1000000-0xddffffff window]
[    6.004523] pci_bus 0000:40: resource 6 [mem 0x1dfa0000000-0x2bf3fffffff window]
[    6.011915] pci_bus 0000:41: resource 1 [mem 0xda100000-0xda1fffff]
[    6.018180] pci_bus 0000:42: resource 1 [mem 0xda000000-0xda0fffff]
[    6.024469] pci 0000:60:03.1: BAR 14: assigned [mem 0xe3000000-0xe31fffff]
[    6.031340] pci 0000:63:00.0: BAR 6: assigned [mem 0xe3000000-0xe30fffff pref]
[    6.038723] pci 0000:63:00.1: BAR 6: assigned [mem 0xe3100000-0xe31fffff pref]
[    6.045943] pci 0000:60:03.1: PCI bridge to [bus 63]
[    6.050909] pci 0000:60:03.1:   bridge window [mem 0xe3000000-0xe31fffff]
[    6.057696] pci 0000:60:03.1:   bridge window [mem 0xde000000-0xe1ffffff 64bit pref]
[    6.065436] pci 0000:61:00.0: PCI bridge to [bus 62]
[    6.070401] pci 0000:61:00.0:   bridge window [mem 0xe7000000-0xe78fffff]
[    6.077189] pci 0000:61:00.0:   bridge window [mem 0xe2000000-0xe2ffffff 64bit pref]
[    6.084931] pci 0000:60:05.2: PCI bridge to [bus 61-62]
[    6.090154] pci 0000:60:05.2:   bridge window [mem 0xe7000000-0xe78fffff]
[    6.096939] pci 0000:60:05.2:   bridge window [mem 0xe2000000-0xe2ffffff 64bit pref]
[    6.104681] pci 0000:60:07.1: PCI bridge to [bus 64]
[    6.109645] pci 0000:60:07.1:   bridge window [mem 0xe7a00000-0xe7afffff]
[    6.116436] pci 0000:60:08.1: PCI bridge to [bus 65]
[    6.121399] pci 0000:60:08.1:   bridge window [mem 0xe7900000-0xe79fffff]
[    6.128185] pci_bus 0000:60: resource 4 [io  0x4000-0x4fff window]
[    6.134360] pci_bus 0000:60: resource 5 [mem 0xde000000-0xeaffffff window]
[    6.141225] pci_bus 0000:60: resource 6 [mem 0x10000000000-0x1df9fffffff window]
[    6.148774] pci_bus 0000:60: resource 7 [io  0x03b0-0x03df window]
[    6.154954] pci_bus 0000:60: resource 8 [mem 0x000a0000-0x000bffff window]
[    6.161828] pci_bus 0000:63: resource 1 [mem 0xe3000000-0xe31fffff]
[    6.168093] pci_bus 0000:63: resource 2 [mem 0xde000000-0xe1ffffff 64bit pref]
[    6.175313] pci_bus 0000:61: resource 1 [mem 0xe7000000-0xe78fffff]
[    6.181579] pci_bus 0000:61: resource 2 [mem 0xe2000000-0xe2ffffff 64bit pref]
[    6.188798] pci_bus 0000:62: resource 1 [mem 0xe7000000-0xe78fffff]
[    6.195065] pci_bus 0000:62: resource 2 [mem 0xe2000000-0xe2ffffff 64bit pref]
[    6.202283] pci_bus 0000:64: resource 1 [mem 0xe7a00000-0xe7afffff]
[    6.208542] pci_bus 0000:65: resource 1 [mem 0xe7900000-0xe79fffff]
[    6.214827] pci 0000:80:01.1: BAR 14: assigned [mem 0x94000000-0x941fffff]
[    6.221698] pci 0000:81:00.0: BAR 6: assigned [mem 0x94000000-0x940fffff pref]
[    6.228918] pci 0000:81:00.1: BAR 6: assigned [mem 0x94100000-0x941fffff pref]
[    6.236138] pci 0000:80:01.1: PCI bridge to [bus 81]
[    6.241107] pci 0000:80:01.1:   bridge window [mem 0x94000000-0x941fffff]
[    6.247892] pci 0000:80:01.1:   bridge window [mem 0x90000000-0x93ffffff 64bit pref]
[    6.255771] pci 0000:80:07.1: PCI bridge to [bus 82]
[    6.260738] pci 0000:80:07.1:   bridge window [mem 0x99100000-0x991fffff]
[    6.267526] pci 0000:80:08.1: PCI bridge to [bus 83]
[    6.272489] pci 0000:80:08.1:   bridge window [mem 0x99000000-0x990fffff]
[    6.279276] pci_bus 0000:80: resource 4 [io  0x5000-0x5fff window]
[    6.285453] pci_bus 0000:80: resource 5 [mem 0x90000000-0x9cffffff window]
[    6.292326] pci_bus 0000:80: resource 6 [mem 0x71d60000000-0x7fcffffffff window]
[    6.299719] pci_bus 0000:81: resource 1 [mem 0x94000000-0x941fffff]
[    6.305984] pci_bus 0000:81: resource 2 [mem 0x90000000-0x93ffffff 64bit pref]
[    6.313203] pci_bus 0000:82: resource 1 [mem 0x99100000-0x991fffff]
[    6.319470] pci_bus 0000:83: resource 1 [mem 0x99000000-0x990fffff]
[    6.325752] pci 0000:a0:07.1: PCI bridge to [bus a1]
[    6.330712] pci 0000:a0:07.1:   bridge window [mem 0xa6200000-0xa62fffff]
[    6.337501] pci 0000:a0:08.1: PCI bridge to [bus a2]
[    6.342467] pci 0000:a0:08.1:   bridge window [mem 0xa6000000-0xa61fffff]
[    6.349255] pci_bus 0000:a0: resource 4 [io  0x6000-0x6fff window]
[    6.355621] pci_bus 0000:a0: resource 5 [mem 0x9d000000-0xa9ffffff window]
[    6.362493] pci_bus 0000:a0: resource 6 [mem 0x63dc0000000-0x71d5fffffff window]
[    6.369884] pci_bus 0000:a1: resource 1 [mem 0xa6200000-0xa62fffff]
[    6.376143] pci_bus 0000:a2: resource 1 [mem 0xa6000000-0xa61fffff]
[    6.382422] pci 0000:c0:01.1: bridge window [io  0x1000-0x0fff] to [bus c1] add_size 1000
[    6.390592] pci 0000:c0:01.1: bridge window [mem 0x00100000-0x000fffff 64bit pref] to [bus c1] add_size 200000 add_align 100000
[    6.402057] pci 0000:c0:01.2: bridge window [io  0x1000-0x0fff] to [bus c2] add_size 1000
[    6.410231] pci 0000:c0:01.2: bridge window [mem 0x00100000-0x000fffff 64bit pref] to [bus c2] add_size 200000 add_align 100000
[    6.421700] pci 0000:c0:01.1: BAR 15: assigned [mem 0x55e20000000-0x55e201fffff 64bit pref]
[    6.430044] pci 0000:c0:01.2: BAR 15: assigned [mem 0x55e20200000-0x55e203fffff 64bit pref]
[    6.438389] pci 0000:c0:01.1: BAR 13: assigned [io  0x7000-0x7fff]
[    6.444568] pci 0000:c0:01.2: BAR 13: no space for [io  size 0x1000]
[    6.450922] pci 0000:c0:01.2: BAR 13: failed to assign [io  size 0x1000]
[    6.457735] pci 0000:c0:01.2: BAR 13: assigned [io  0x7000-0x7fff]
[    6.463915] pci 0000:c0:01.1: BAR 13: no space for [io  size 0x1000]
[    6.470265] pci 0000:c0:01.1: BAR 13: failed to assign [io  size 0x1000]
[    6.476958] pci 0000:c0:01.1: PCI bridge to [bus c1]
[    6.481926] pci 0000:c0:01.1:   bridge window [mem 0xb3700000-0xb37fffff]
[    6.488712] pci 0000:c0:01.1:   bridge window [mem 0x55e20000000-0x55e201fffff 64bit pref]
[    6.496973] pci 0000:c0:01.2: PCI bridge to [bus c2]
[    6.501937] pci 0000:c0:01.2:   bridge window [io  0x7000-0x7fff]
[    6.508030] pci 0000:c0:01.2:   bridge window [mem 0xb3000000-0xb33fffff]
[    6.514819] pci 0000:c0:01.2:   bridge window [mem 0x55e20200000-0x55e203fffff 64bit pref]
[    6.523079] pci 0000:c0:07.1: PCI bridge to [bus c3]
[    6.528043] pci 0000:c0:07.1:   bridge window [mem 0xb3600000-0xb36fffff]
[    6.534830] pci 0000:c0:08.1: PCI bridge to [bus c4]
[    6.539794] pci 0000:c0:08.1:   bridge window [mem 0xb3500000-0xb35fffff]
[    6.546583] pci 0000:c0:08.3: PCI bridge to [bus c5]
[    6.551548] pci 0000:c0:08.3:   bridge window [mem 0xb3400000-0xb34fffff]
[    6.558451] pci_bus 0000:c0: resource 4 [io  0x7000-0x7fff window]
[    6.564624] pci_bus 0000:c0: resource 5 [mem 0xaa000000-0xb6ffffff window]
[    6.571495] pci_bus 0000:c0: resource 6 [mem 0x55e20000000-0x63dbfffffff window]
[    6.578890] pci_bus 0000:c1: resource 1 [mem 0xb3700000-0xb37fffff]
[    6.585156] pci_bus 0000:c1: resource 2 [mem 0x55e20000000-0x55e201fffff 64bit pref]
[    6.592895] pci_bus 0000:c2: resource 0 [io  0x7000-0x7fff]
[    6.598469] pci_bus 0000:c2: resource 1 [mem 0xb3000000-0xb33fffff]
[    6.604735] pci_bus 0000:c2: resource 2 [mem 0x55e20200000-0x55e203fffff 64bit pref]
[    6.612474] pci_bus 0000:c3: resource 1 [mem 0xb3600000-0xb36fffff]
[    6.618739] pci_bus 0000:c4: resource 1 [mem 0xb3500000-0xb35fffff]
[    6.625005] pci_bus 0000:c5: resource 1 [mem 0xb3400000-0xb34fffff]
[    6.631294] pci 0000:e0:07.1: PCI bridge to [bus e1]
[    6.636257] pci 0000:e0:07.1:   bridge window [mem 0xc0100000-0xc01fffff]
[    6.643049] pci 0000:e0:08.1: PCI bridge to [bus e2]
[    6.648009] pci 0000:e0:08.1:   bridge window [mem 0xc0000000-0xc00fffff]
[    6.654800] pci_bus 0000:e0: resource 4 [io  0x8000-0xffff window]
[    6.661016] pci_bus 0000:e0: resource 5 [mem 0xb7000000-0xc3ffffff window]
[    6.667976] pci_bus 0000:e0: resource 6 [mem 0x47e80000000-0x55e1fffffff window]
[    6.675370] pci_bus 0000:e1: resource 1 [mem 0xc0100000-0xc01fffff]
[    6.681636] pci_bus 0000:e2: resource 1 [mem 0xc0000000-0xc00fffff]
[    6.807264] pci 0000:03:00.3: quirk_usb_early_handoff+0x0/0x6a0 took 116508 usecs
[    6.814967] pci 0000:62:00.0: Video device with shadowed ROM at [mem 0x000c0000-0x000dffff]
[    6.823446] PCI: CLS 64 bytes, default 64
[    6.827470] pci 0000:60:00.2: AMD-Vi: IOMMU performance counters supported
[    6.827504] Trying to unpack rootfs image as initramfs...
[    6.834369] pci 0000:40:00.2: AMD-Vi: IOMMU performance counters supported
[    6.846634] pci 0000:20:00.2: AMD-Vi: IOMMU performance counters supported
[    6.853527] pci 0000:00:00.2: AMD-Vi: IOMMU performance counters supported
[    6.860424] pci 0000:e0:00.2: AMD-Vi: IOMMU performance counters supported
[    6.867306] pci 0000:c0:00.2: AMD-Vi: IOMMU performance counters supported
[    6.874188] pci 0000:a0:00.2: AMD-Vi: IOMMU performance counters supported
[    6.881068] pci 0000:80:00.2: AMD-Vi: IOMMU performance counters supported
[    6.887942] AMD-Vi: Lazy IO/TLB flushing enabled
[    6.892581] pci 0000:00:01.0: Adding to iommu group 0
[    6.897647] pci 0000:00:01.1: Adding to iommu group 1
[    6.902716] pci 0000:00:02.0: Adding to iommu group 2
[    6.907784] pci 0000:00:03.0: Adding to iommu group 3
[    6.912856] pci 0000:00:04.0: Adding to iommu group 4
[    6.918118] pci 0000:00:05.0: Adding to iommu group 5
[    6.923184] pci 0000:00:07.0: Adding to iommu group 6
[    6.928249] pci 0000:00:07.1: Adding to iommu group 7
[    6.933316] pci 0000:00:08.0: Adding to iommu group 8
[    6.938380] pci 0000:00:08.1: Adding to iommu group 9
[    6.943459] pci 0000:00:14.0: Adding to iommu group 10
[    6.948607] pci 0000:00:14.3: Adding to iommu group 10
[    6.953818] pci 0000:00:18.0: Adding to iommu group 11
[    6.958962] pci 0000:00:18.1: Adding to iommu group 11
[    6.964111] pci 0000:00:18.2: Adding to iommu group 11
[    6.969389] pci 0000:00:18.3: Adding to iommu group 11
[    6.974551] pci 0000:00:18.4: Adding to iommu group 11
[    6.979703] pci 0000:00:18.5: Adding to iommu group 11
[    6.984852] pci 0000:00:18.6: Adding to iommu group 11
[    6.989999] pci 0000:00:18.7: Adding to iommu group 11
[    6.995214] pci 0000:00:19.0: Adding to iommu group 12
[    7.000365] pci 0000:00:19.1: Adding to iommu group 12
[    7.005515] pci 0000:00:19.2: Adding to iommu group 12
[    7.010663] pci 0000:00:19.3: Adding to iommu group 12
[    7.015807] pci 0000:00:19.4: Adding to iommu group 12
[    7.021122] pci 0000:00:19.5: Adding to iommu group 12
[    7.026277] pci 0000:00:19.6: Adding to iommu group 12
[    7.031428] pci 0000:00:19.7: Adding to iommu group 12
[    7.036581] pci 0000:01:00.0: Adding to iommu group 13
[    7.041727] pci 0000:02:00.0: Adding to iommu group 14
[    7.046875] pci 0000:02:00.2: Adding to iommu group 15
[    7.052022] pci 0000:03:00.0: Adding to iommu group 16
[    7.057170] pci 0000:03:00.2: Adding to iommu group 17
[    7.062321] pci 0000:03:00.3: Adding to iommu group 18
[    7.067474] pci 0000:20:01.0: Adding to iommu group 19
[    7.072632] pci 0000:20:02.0: Adding to iommu group 20
[    7.077788] pci 0000:20:03.0: Adding to iommu group 21
[    7.082949] pci 0000:20:04.0: Adding to iommu group 22
[    7.088104] pci 0000:20:05.0: Adding to iommu group 23
[    7.093261] pci 0000:20:07.0: Adding to iommu group 24
[    7.098410] pci 0000:20:07.1: Adding to iommu group 25
[    7.103565] pci 0000:20:08.0: Adding to iommu group 26
[    7.108717] pci 0000:20:08.1: Adding to iommu group 27
[    7.113873] pci 0000:21:00.0: Adding to iommu group 28
[    7.119029] pci 0000:21:00.2: Adding to iommu group 29
[    7.124335] pci 0000:22:00.0: Adding to iommu group 30
[    7.129491] pci 0000:22:00.1: Adding to iommu group 31
[    7.134649] pci 0000:22:00.2: Adding to iommu group 32
[    7.139802] pci 0000:22:00.3: Adding to iommu group 33
[    7.144960] pci 0000:40:01.0: Adding to iommu group 34
[    7.150116] pci 0000:40:02.0: Adding to iommu group 35
[    7.155272] pci 0000:40:03.0: Adding to iommu group 36
[    7.160428] pci 0000:40:04.0: Adding to iommu group 37
[    7.165584] pci 0000:40:05.0: Adding to iommu group 38
[    7.170743] pci 0000:40:07.0: Adding to iommu group 39
[    7.175892] pci 0000:40:07.1: Adding to iommu group 40
[    7.181048] pci 0000:40:08.0: Adding to iommu group 41
[    7.186199] pci 0000:40:08.1: Adding to iommu group 42
[    7.191358] pci 0000:41:00.0: Adding to iommu group 43
[    7.196512] pci 0000:41:00.2: Adding to iommu group 44
[    7.201668] pci 0000:42:00.0: Adding to iommu group 45
[    7.206818] pci 0000:42:00.2: Adding to iommu group 46
[    7.211980] pci 0000:60:01.0: Adding to iommu group 47
[    7.217135] pci 0000:60:02.0: Adding to iommu group 48
[    7.222294] pci 0000:60:03.0: Adding to iommu group 49
[    7.227600] pci 0000:60:03.1: Adding to iommu group 50
[    7.232762] pci 0000:60:04.0: Adding to iommu group 51
[    7.237928] pci 0000:60:05.0: Adding to iommu group 52
[    7.243082] pci 0000:60:05.2: Adding to iommu group 52
[    7.248247] pci 0000:60:07.0: Adding to iommu group 53
[    7.253402] pci 0000:60:07.1: Adding to iommu group 54
[    7.258569] pci 0000:60:08.0: Adding to iommu group 55
[    7.263725] pci 0000:60:08.1: Adding to iommu group 56
[    7.268871] pci 0000:61:00.0: Adding to iommu group 52
[    7.274012] pci 0000:62:00.0: Adding to iommu group 52
[    7.279189] pci 0000:63:00.0: Adding to iommu group 57
[    7.284360] pci 0000:63:00.1: Adding to iommu group 58
[    7.289505] pci 0000:64:00.0: Adding to iommu group 59
[    7.294655] pci 0000:64:00.2: Adding to iommu group 60
[    7.299803] pci 0000:65:00.0: Adding to iommu group 61
[    7.304950] pci 0000:65:00.2: Adding to iommu group 62
[    7.310106] pci 0000:80:01.0: Adding to iommu group 63
[    7.315256] pci 0000:80:01.1: Adding to iommu group 64
[    7.320411] pci 0000:80:02.0: Adding to iommu group 65
[    7.325220] Freeing initrd memory: 61828K
[    7.325661] pci 0000:80:03.0: Adding to iommu group 66
[    7.334900] pci 0000:80:04.0: Adding to iommu group 67
[    7.340057] pci 0000:80:05.0: Adding to iommu group 68
[    7.345213] pci 0000:80:07.0: Adding to iommu group 69
[    7.350363] pci 0000:80:07.1: Adding to iommu group 70
[    7.355518] pci 0000:80:08.0: Adding to iommu group 71
[    7.360668] pci 0000:80:08.1: Adding to iommu group 72
[    7.365836] pci 0000:81:00.0: Adding to iommu group 73
[    7.370999] pci 0000:81:00.1: Adding to iommu group 74
[    7.376151] pci 0000:82:00.0: Adding to iommu group 75
[    7.381302] pci 0000:82:00.2: Adding to iommu group 76
[    7.386455] pci 0000:83:00.0: Adding to iommu group 77
[    7.391602] pci 0000:83:00.2: Adding to iommu group 78
[    7.396756] pci 0000:a0:01.0: Adding to iommu group 79
[    7.401914] pci 0000:a0:02.0: Adding to iommu group 80
[    7.407071] pci 0000:a0:03.0: Adding to iommu group 81
[    7.412227] pci 0000:a0:04.0: Adding to iommu group 82
[    7.417381] pci 0000:a0:05.0: Adding to iommu group 83
[    7.422541] pci 0000:a0:07.0: Adding to iommu group 84
[    7.427924] pci 0000:a0:07.1: Adding to iommu group 85
[    7.433080] pci 0000:a0:08.0: Adding to iommu group 86
[    7.438228] pci 0000:a0:08.1: Adding to iommu group 87
[    7.443378] pci 0000:a1:00.0: Adding to iommu group 88
[    7.448527] pci 0000:a1:00.2: Adding to iommu group 89
[    7.453674] pci 0000:a2:00.0: Adding to iommu group 90
[    7.458826] pci 0000:a2:00.1: Adding to iommu group 91
[    7.463980] pci 0000:a2:00.2: Adding to iommu group 92
[    7.469144] pci 0000:c0:01.0: Adding to iommu group 93
[    7.474296] pci 0000:c0:01.1: Adding to iommu group 94
[    7.479453] pci 0000:c0:01.2: Adding to iommu group 93
[    7.484612] pci 0000:c0:02.0: Adding to iommu group 95
[    7.489768] pci 0000:c0:03.0: Adding to iommu group 96
[    7.494925] pci 0000:c0:04.0: Adding to iommu group 97
[    7.500081] pci 0000:c0:05.0: Adding to iommu group 98
[    7.505240] pci 0000:c0:07.0: Adding to iommu group 99
[    7.510400] pci 0000:c0:07.1: Adding to iommu group 100
[    7.515644] pci 0000:c0:08.0: Adding to iommu group 101
[    7.520878] pci 0000:c0:08.1: Adding to iommu group 102
[    7.526113] pci 0000:c0:08.3: Adding to iommu group 103
[    7.531451] pci 0000:c1:00.0: Adding to iommu group 104
[    7.536688] pci 0000:c3:00.0: Adding to iommu group 105
[    7.541923] pci 0000:c3:00.2: Adding to iommu group 106
[    7.547156] pci 0000:c4:00.0: Adding to iommu group 107
[    7.552394] pci 0000:c4:00.2: Adding to iommu group 108
[    7.557635] pci 0000:c5:00.0: Adding to iommu group 109
[    7.562874] pci 0000:e0:01.0: Adding to iommu group 110
[    7.568119] pci 0000:e0:02.0: Adding to iommu group 111
[    7.573361] pci 0000:e0:03.0: Adding to iommu group 112
[    7.578606] pci 0000:e0:04.0: Adding to iommu group 113
[    7.583848] pci 0000:e0:05.0: Adding to iommu group 114
[    7.589093] pci 0000:e0:07.0: Adding to iommu group 115
[    7.594333] pci 0000:e0:07.1: Adding to iommu group 116
[    7.599576] pci 0000:e0:08.0: Adding to iommu group 117
[    7.604810] pci 0000:e0:08.1: Adding to iommu group 118
[    7.610043] pci 0000:e1:00.0: Adding to iommu group 119
[    7.615279] pci 0000:e1:00.2: Adding to iommu group 120
[    7.620515] pci 0000:e2:00.0: Adding to iommu group 121
[    7.625778] pci 0000:e2:00.2: Adding to iommu group 122
[    7.697019] pci 0000:60:00.2: AMD-Vi: Found IOMMU cap 0x40
[    7.702509] AMD-Vi: Extended features (0x59f77efa2094ade): PPR X2APIC NX GT IA GA PC
[    7.710246] pci 0000:40:00.2: AMD-Vi: Found IOMMU cap 0x40
[    7.715734] AMD-Vi: Extended features (0x59f77efa2094ade): PPR X2APIC NX GT IA GA PC
[    7.723473] pci 0000:20:00.2: AMD-Vi: Found IOMMU cap 0x40
[    7.728958] AMD-Vi: Extended features (0x59f77efa2094ade): PPR X2APIC NX GT IA GA PC
[    7.736697] pci 0000:00:00.2: AMD-Vi: Found IOMMU cap 0x40
[    7.742190] AMD-Vi: Extended features (0x59f77efa2094ade): PPR X2APIC NX GT IA GA PC
[    7.749930] pci 0000:e0:00.2: AMD-Vi: Found IOMMU cap 0x40
[    7.755411] AMD-Vi: Extended features (0x59f77efa2094ade): PPR X2APIC NX GT IA GA PC
[    7.763149] pci 0000:c0:00.2: AMD-Vi: Found IOMMU cap 0x40
[    7.768633] AMD-Vi: Extended features (0x59f77efa2094ade): PPR X2APIC NX GT IA GA PC
[    7.776374] pci 0000:a0:00.2: AMD-Vi: Found IOMMU cap 0x40
[    7.781859] AMD-Vi: Extended features (0x59f77efa2094ade): PPR X2APIC NX GT IA GA PC
[    7.789600] pci 0000:80:00.2: AMD-Vi: Found IOMMU cap 0x40
[    7.795087] AMD-Vi: Extended features (0x59f77efa2094ade): PPR X2APIC NX GT IA GA PC
[    7.802825] AMD-Vi: Interrupt remapping enabled
[    7.807350] AMD-Vi: X2APIC enabled
[    7.811348] amd_uncore: 4  amd_df counters detected
[    7.816246] amd_uncore: 6  amd_l3 counters detected
[    7.824859] LVT offset 0 assigned for vector 0x400
[    7.831221] perf: AMD IBS detected (0x000003ff)
[    7.835768] perf/amd_iommu: Detected AMD IOMMU #0 (2 banks, 4 counters/bank).
[    7.843099] perf/amd_iommu: Detected AMD IOMMU #1 (2 banks, 4 counters/bank).
[    7.850243] perf/amd_iommu: Detected AMD IOMMU #2 (2 banks, 4 counters/bank).
[    7.857388] perf/amd_iommu: Detected AMD IOMMU #3 (2 banks, 4 counters/bank).
[    7.864529] perf/amd_iommu: Detected AMD IOMMU #4 (2 banks, 4 counters/bank).
[    7.871673] perf/amd_iommu: Detected AMD IOMMU #5 (2 banks, 4 counters/bank).
[    7.878813] perf/amd_iommu: Detected AMD IOMMU #6 (2 banks, 4 counters/bank).
[    7.885962] perf/amd_iommu: Detected AMD IOMMU #7 (2 banks, 4 counters/bank).
[    7.894582] Initialise system trusted keyrings
[    7.899037] Key type blacklist registered
[    7.903104] workingset: timestamp_bits=36 max_order=26 bucket_order=0
[    7.910148] zbud: loaded
[    7.912989] squashfs: version 4.0 (2009/01/31) Phillip Lougher
[    7.918949] fuse: init (API version 7.34)
[    7.926087] Key type asymmetric registered
[    7.930189] Asymmetric key parser 'x509' registered
[    7.935072] Block layer SCSI generic (bsg) driver version 0.4 loaded (major 247)
[    7.942535] io scheduler mq-deadline registered
[    7.949072] pcieport 0000:00:01.1: PME: Signaling with IRQ 34
[    7.955121] pcieport 0000:00:07.1: PME: Signaling with IRQ 36
[    7.961005] pcieport 0000:00:08.1: PME: Signaling with IRQ 37
[    7.966954] pcieport 0000:20:07.1: PME: Signaling with IRQ 39
[    7.972840] pcieport 0000:20:08.1: PME: Signaling with IRQ 40
[    7.978791] pcieport 0000:40:07.1: PME: Signaling with IRQ 42
[    7.984711] pcieport 0000:40:08.1: PME: Signaling with IRQ 44
[    7.990607] pcieport 0000:60:03.1: PME: Signaling with IRQ 45
[    7.996481] pcieport 0000:60:05.2: PME: Signaling with IRQ 46
[    8.002410] pcieport 0000:60:07.1: PME: Signaling with IRQ 48
[    8.008373] pcieport 0000:60:08.1: PME: Signaling with IRQ 50
[    8.014609] pcieport 0000:80:01.1: PME: Signaling with IRQ 51
[    8.020932] pcieport 0000:80:07.1: PME: Signaling with IRQ 53
[    8.026886] pcieport 0000:80:08.1: PME: Signaling with IRQ 55
[    8.032860] pcieport 0000:a0:07.1: PME: Signaling with IRQ 57
[    8.038803] pcieport 0000:a0:08.1: PME: Signaling with IRQ 59
[    8.044739] pcieport 0000:c0:01.1: PME: Signaling with IRQ 60
[    8.050537] pcieport 0000:c0:01.1: pciehp: Slot #128 AttnBtn- PwrCtrl- MRL- AttnInd- PwrInd- HotPlug+ Surprise+ Interlock- NoCompl+ IbPresDis- LLActRep+
[    8.064456] pcieport 0000:c0:01.2: PME: Signaling with IRQ 61
[    8.070235] pcieport 0000:c0:01.2: pciehp: Slot #129 AttnBtn- PwrCtrl- MRL- AttnInd- PwrInd- HotPlug+ Surprise+ Interlock- NoCompl+ IbPresDis- LLActRep+
[    8.084188] pcieport 0000:c0:07.1: PME: Signaling with IRQ 63
[    8.090132] pcieport 0000:c0:08.1: PME: Signaling with IRQ 65
[    8.096065] pcieport 0000:c0:08.3: PME: Signaling with IRQ 66
[    8.102033] pcieport 0000:e0:07.1: PME: Signaling with IRQ 68
[    8.107977] pcieport 0000:e0:08.1: PME: Signaling with IRQ 70
[    8.115025] input: Power Button as /devices/LNXSYSTM:00/LNXPWRBN:00/input/input0
[    8.122599] ACPI: button: Power Button [PWRF]
[    8.130358] ERST: Error Record Serialization Table (ERST) support is initialized.
[    8.137842] pstore: Registered erst as persistent store backend
[    8.144217] GHES: APEI firmware first mode is enabled by APEI bit and WHEA _OSC.
[    8.151714] Serial: 8250/16550 driver, 32 ports, IRQ sharing enabled
[    8.158214] 00:03: ttyS1 at I/O 0x2f8 (irq = 3, base_baud = 115200) is a 16550A
[    8.166065] 00:04: ttyS0 at I/O 0x3f8 (irq = 4, base_baud = 115200) is a 16550A
[    8.174657] Linux agpgart interface v0.103
[    8.201620] loop: module loaded
[    8.204986] libphy: Fixed MDIO Bus: probed
[    8.209098] tun: Universal TUN/TAP device driver, 1.6
[    8.214169] e1000: Intel(R) PRO/1000 Network Driver
[    8.219048] e1000: Copyright (c) 1999-2006 Intel Corporation.
[    8.224813] e1000e: Intel(R) PRO/1000 Network Driver
[    8.229777] e1000e: Copyright(c) 1999 - 2015 Intel Corporation.
[    8.235722] PPP generic driver version 2.4.2
[    8.240039] ehci_hcd: USB 2.0 'Enhanced' Host Controller (EHCI) Driver
[    8.246567] ehci-pci: EHCI PCI platform driver
[    8.251024] ehci-platform: EHCI generic platform driver
[    8.256258] ohci_hcd: USB 1.1 'Open' Host Controller (OHCI) Driver
[    8.262437] ohci-pci: OHCI PCI platform driver
[    8.266888] ohci-platform: OHCI generic platform driver
[    8.272126] uhci_hcd: USB Universal Host Controller Interface driver
[    8.278716] xhci_hcd 0000:03:00.3: xHCI Host Controller
[    8.283953] xhci_hcd 0000:03:00.3: new USB bus registered, assigned bus number 1
[    8.291439] xhci_hcd 0000:03:00.3: hcc params 0x0260ffe5 hci version 0x110 quirks 0x0000000000000410
[    8.300951] usb usb1: New USB device found, idVendor=1d6b, idProduct=0002, bcdDevice= 5.14
[    8.309210] usb usb1: New USB device strings: Mfr=3, Product=2, SerialNumber=1
[    8.316428] usb usb1: Product: xHCI Host Controller
[    8.321307] usb usb1: Manufacturer: Linux 5.14.0 xhci-hcd
[    8.326707] usb usb1: SerialNumber: 0000:03:00.3
[    8.331412] hub 1-0:1.0: USB hub found
[    8.335163] hub 1-0:1.0: 2 ports detected
[    8.339541] xhci_hcd 0000:03:00.3: xHCI Host Controller
[    8.344764] xhci_hcd 0000:03:00.3: new USB bus registered, assigned bus number 2
[    8.352156] xhci_hcd 0000:03:00.3: Host supports USB 3.1 Enhanced SuperSpeed
[    8.359208] usb usb2: We don't know the algorithms for LPM for this host, disabling LPM.
[    8.367307] usb usb2: New USB device found, idVendor=1d6b, idProduct=0003, bcdDevice= 5.14
[    8.375565] usb usb2: New USB device strings: Mfr=3, Product=2, SerialNumber=1
[    8.382784] usb usb2: Product: xHCI Host Controller
[    8.387663] usb usb2: Manufacturer: Linux 5.14.0 xhci-hcd
[    8.393062] usb usb2: SerialNumber: 0000:03:00.3
[    8.397737] hub 2-0:1.0: USB hub found
[    8.401602] hub 2-0:1.0: 2 ports detected
[    8.406077] xhci_hcd 0000:22:00.3: xHCI Host Controller
[    8.411302] xhci_hcd 0000:22:00.3: new USB bus registered, assigned bus number 3
[    8.418778] xhci_hcd 0000:22:00.3: hcc params 0x0260ffe5 hci version 0x110 quirks 0x0000000000000410
[    8.428212] usb usb3: New USB device found, idVendor=1d6b, idProduct=0002, bcdDevice= 5.14
[    8.436467] usb usb3: New USB device strings: Mfr=3, Product=2, SerialNumber=1
[    8.443687] usb usb3: Product: xHCI Host Controller
[    8.448564] usb usb3: Manufacturer: Linux 5.14.0 xhci-hcd
[    8.453965] usb usb3: SerialNumber: 0000:22:00.3
[    8.458654] hub 3-0:1.0: USB hub found
[    8.462413] hub 3-0:1.0: 2 ports detected
[    8.466640] xhci_hcd 0000:22:00.3: xHCI Host Controller
[    8.471863] xhci_hcd 0000:22:00.3: new USB bus registered, assigned bus number 4
[    8.479257] xhci_hcd 0000:22:00.3: Host supports USB 3.1 Enhanced SuperSpeed
[    8.486308] usb usb4: We don't know the algorithms for LPM for this host, disabling LPM.
[    8.494401] usb usb4: New USB device found, idVendor=1d6b, idProduct=0003, bcdDevice= 5.14
[    8.502730] usb usb4: New USB device strings: Mfr=3, Product=2, SerialNumber=1
[    8.509987] usb usb4: Product: xHCI Host Controller
[    8.514867] usb usb4: Manufacturer: Linux 5.14.0 xhci-hcd
[    8.520266] usb usb4: SerialNumber: 0000:22:00.3
[    8.525347] hub 4-0:1.0: USB hub found
[    8.529108] hub 4-0:1.0: 2 ports detected
[    8.533454] i8042: PNP: No PS/2 controller found.
[    8.538195] mousedev: PS/2 mouse device common for all mice
[    8.543818] rtc_cmos 00:02: RTC can wake from S4
[    8.548631] rtc_cmos 00:02: registered as rtc0
[    8.553134] rtc_cmos 00:02: setting system clock to 2022-10-07T23:50:11 UTC (1665186611)
[    8.561229] rtc_cmos 00:02: alarms up to one month, y3k, 114 bytes nvram, hpet irqs
[    8.568882] i2c /dev entries driver
[    8.572429] device-mapper: uevent: version 1.0.3
[    8.577078] device-mapper: ioctl: 4.45.0-ioctl (2021-03-22) initialised: dm-devel@redhat.com
[    8.587220] ledtrig-cpu: registered to indicate activity on CPUs
[    8.593505] NET: Registered PF_INET6 protocol family
[    8.599065] sizeof(struct pagevec)=512 
[    8.606110] Segment Routing with IPv6
[    8.609781] NET: Registered PF_PACKET protocol family
[    8.614952] Key type dns_resolver registered
[    8.625673] microcode: CPU0: patch_level=0x0a00115d
[    8.630558] microcode: CPU1: patch_level=0x0a00115d
[    8.635435] microcode: CPU2: patch_level=0x0a00115d
[    8.640317] microcode: CPU3: patch_level=0x0a00115d
[    8.645194] microcode: CPU4: patch_level=0x0a00115d
[    8.650077] microcode: CPU5: patch_level=0x0a00115d
[    8.654954] microcode: CPU6: patch_level=0x0a00115d
[    8.659832] microcode: CPU7: patch_level=0x0a00115d
[    8.664715] microcode: CPU8: patch_level=0x0a00115d
[    8.669601] microcode: CPU9: patch_level=0x0a00115d
[    8.674482] microcode: CPU10: patch_level=0x0a00115d
[    8.679448] microcode: CPU11: patch_level=0x0a00115d
[    8.684416] microcode: CPU12: patch_level=0x0a00115d
[    8.689388] microcode: CPU13: patch_level=0x0a00115d
[    8.694357] microcode: CPU14: patch_level=0x0a00115d
[    8.699328] microcode: CPU15: patch_level=0x0a00115d
[    8.704299] microcode: CPU16: patch_level=0x0a00115d
[    8.709272] microcode: CPU17: patch_level=0x0a00115d
[    8.714246] microcode: CPU18: patch_level=0x0a00115d
[    8.719210] microcode: CPU19: patch_level=0x0a00115d
[    8.724177] microcode: CPU20: patch_level=0x0a00115d
[    8.725815] usb 3-1: new high-speed USB device number 2 using xhci_hcd
[    8.729155] microcode: CPU21: patch_level=0x0a00115d
[    8.740627] microcode: CPU22: patch_level=0x0a00115d
[    8.745595] microcode: CPU23: patch_level=0x0a00115d
[    8.750563] microcode: CPU24: patch_level=0x0a00115d
[    8.755535] microcode: CPU25: patch_level=0x0a00115d
[    8.760501] microcode: CPU26: patch_level=0x0a00115d
[    8.765468] microcode: CPU27: patch_level=0x0a00115d
[    8.770434] microcode: CPU28: patch_level=0x0a00115d
[    8.775408] microcode: CPU29: patch_level=0x0a00115d
[    8.780374] microcode: CPU30: patch_level=0x0a00115d
[    8.785341] microcode: CPU31: patch_level=0x0a00115d
[    8.790310] microcode: CPU32: patch_level=0x0a00115d
[    8.795283] microcode: CPU33: patch_level=0x0a00115d
[    8.800370] microcode: CPU34: patch_level=0x0a00115d
[    8.805346] microcode: CPU35: patch_level=0x0a00115d
[    8.810323] microcode: CPU36: patch_level=0x0a00115d
[    8.815304] microcode: CPU37: patch_level=0x0a00115d
[    8.820279] microcode: CPU38: patch_level=0x0a00115d
[    8.825254] microcode: CPU39: patch_level=0x0a00115d
[    8.830231] microcode: CPU40: patch_level=0x0a00115d
[    8.835213] microcode: CPU41: patch_level=0x0a00115d
[    8.840187] microcode: CPU42: patch_level=0x0a00115d
[    8.845163] microcode: CPU43: patch_level=0x0a00115d
[    8.850142] microcode: CPU44: patch_level=0x0a00115d
[    8.855131] microcode: CPU45: patch_level=0x0a00115d
[    8.860106] microcode: CPU46: patch_level=0x0a00115d
