fclose PID:36395 fd:3
fclose PID:36395 fd:4
fclose PID:36395 fd:4
fclose PID:36395 fd:3
available: 2 nodes (0-1)
fclose PID:36395 fd:3
node 0 cpus:fclose PID:36395 fd:3
 0 1 2 3 4 5 6 7 8 9 20 21 22 23 24 25 26 27 28 29
node 0 size: 80440 MB
node 0 free: 80119 MB
fclose PID:36395 fd:3
node 1 cpus:fclose PID:36395 fd:3
 10 11 12 13 14 15 16 17 18 19 30 31 32 33 34 35 36 37 38 39
node 1 size: 80635 MB
node 1 free: 80366 MB
fclose PID:36395 fd:3
fclose PID:36395 fd:3
node distances:
node   0   1 
  0:  10  21 
  1:  21  10 
READAHEAD_TIME:0.000000 us
MaxRSS= 2160 KB, SharedMem= 0 KB, HardPageFault= 10
fclose PID:36401 fd:10
fclose PID:36414 fd:8
fclose PID:36410 fd:8
fclose PID:36404 fd:8
fclose PID:36415 fd:8
fclose PID:36400 fd:12
fclose PID:36406 fd:8
fclose PID:36407 fd:8
fclose PID:36412 fd:8
fclose PID:36402 fd:8
fclose PID:36405 fd:8
fclose PID:36408 fd:8
fclose PID:36413 fd:8
fclose PID:36403 fd:8
fclose PID:36409 fd:8
fclose PID:36411 fd:8

MADbench 2.0 IO-mode
no_pe = 16  no_pix = 4096  no_bin = 30  no_gang = 1 sblocksize = 8  fblocksize = 64  r_mod = 1  w_mod = 1 record_size=1048576 stride=7
IOMETHOD = POSIX  IOMODE = SYNC  FILETYPE = UNIQUE  REMAP = CUSTOM

build_S
build_S
build_S
build_S
build_S
build_S
build_S
build_S
build_S
build_S
build_S
build_S
build_S
build_S
build_S
build_S

Write the data to file:8388608 bytes
***********WAITING************

Write the data to file:8388608 bytes
***********WAITING************

Write the data to file:8388608 bytes
***********WAITING************

Write the data to file:8388608 bytes
***********WAITING************

Write the data to file:8388608 bytes
***********WAITING************

Write the data to file:8388608 bytes
***********WAITING************

Write the data to file:8388608 bytes
***********WAITING************

Write the data to file:8388608 bytes
***********WAITING************

Write the data to file:8388608 bytes
***********WAITING************

Write the data to file:8388608 bytes
***********WAITING************

Write the data to file:8388608 bytes
***********WAITING************

Write the data to file:8388608 bytes
***********WAITING************

Write the data to file:8388608 bytes
***********WAITING************

Write the data to file:8388608 bytes
***********WAITING************

Write the data to file:8388608 bytes
***********WAITING************

Write the data to file:8388608 bytes
***********WAITING************

Write the data to file:8388608 bytes
***********WAITING************

Write the data to file:8388608 bytes
***********WAITING************

Write the data to file:8388608 bytes
***********WAITING************

Write the data to file:8388608 bytes
***********WAITING************

Write the data to file:8388608 bytes
***********WAITING************

Write the data to file:8388608 bytes
***********WAITING************

Write the data to file:8388608 bytes
***********WAITING************

Write the data to file:8388608 bytes
***********WAITING************

Write the data to file:8388608 bytes
***********WAITING************

Write the data to file:8388608 bytes
***********WAITING************

Write the data to file:8388608 bytes
***********WAITING************

Write the data to file:8388608 bytes
***********WAITING************

Write the data to file:8388608 bytes
***********WAITING************

Write the data to file:8388608 bytes
***********WAITING************

Write the data to file:8388608 bytes
***********WAITING************

Write the data to file:8388608 bytes
***********WAITING************

Write the data to file:8388608 bytes
***********WAITING************

Write the data to file:8388608 bytes
***********WAITING************

Write the data to file:8388608 bytes
***********WAITING************

Write the data to file:8388608 bytes
***********WAITING************

Write the data to file:8388608 bytes
***********WAITING************

Write the data to file:8388608 bytes
***********WAITING************

Write the data to file:8388608 bytes
***********WAITING************

Write the data to file:8388608 bytes
***********WAITING************

Write the data to file:8388608 bytes
***********WAITING************

Write the data to file:8388608 bytes
***********WAITING************

Write the data to file:8388608 bytes
***********WAITING************

Write the data to file:8388608 bytes
***********WAITING************

Write the data to file:8388608 bytes
***********WAITING************

Write the data to file:8388608 bytes
***********WAITING************

Write the data to file:8388608 bytes
***********WAITING************

Write the data to file:8388608 bytes
***********WAITING************

Write the data to file:8388608 bytes
***********WAITING************

Write the data to file:8388608 bytes
***********WAITING************

Write the data to file:8388608 bytes
***********WAITING************

Write the data to file:8388608 bytes
***********WAITING************

Write the data to file:8388608 bytes
***********WAITING************

Write the data to file:8388608 bytes
***********WAITING************

Write the data to file:8388608 bytes
***********WAITING************

Write the data to file:8388608 bytes
***********WAITING************

Write the data to file:8388608 bytes
***********WAITING************

Write the data to file:8388608 bytes
***********WAITING************

Write the data to file:8388608 bytes
***********WAITING************

Write the data to file:8388608 bytes
***********WAITING************

Write the data to file:8388608 bytes
***********WAITING************

Write the data to file:8388608 bytes
***********WAITING************

Write the data to file:8388608 bytes
***********WAITING************

Write the data to file:8388608 bytes
***********WAITING************

Write the data to file:8388608 bytes
***********WAITING************

Write the data to file:8388608 bytes
***********WAITING************

Write the data to file:8388608 bytes
***********WAITING************

Write the data to file:8388608 bytes
***********WAITING************

Write the data to file:8388608 bytes
***********WAITING************

Write the data to file:8388608 bytes
***********WAITING************

Write the data to file:8388608 bytes
***********WAITING************

Write the data to file:8388608 bytes
***********WAITING************

Write the data to file:8388608 bytes
***********WAITING************

Write the data to file:8388608 bytes
***********WAITING************

Write the data to file:8388608 bytes
***********WAITING************

Write the data to file:8388608 bytes
***********WAITING************

Write the data to file:8388608 bytes
***********WAITING************

Write the data to file:8388608 bytes
***********WAITING************

Write the data to file:8388608 bytes
***********WAITING************

Write the data to file:8388608 bytes
***********WAITING************

Write the data to file:8388608 bytes
***********WAITING************

Write the data to file:8388608 bytes
***********WAITING************

Write the data to file:8388608 bytes
***********WAITING************

Write the data to file:8388608 bytes
***********WAITING************

Write the data to file:8388608 bytes
***********WAITING************

Write the data to file:8388608 bytes
***********WAITING************

Write the data to file:8388608 bytes
***********WAITING************

Write the data to file:8388608 bytes
***********WAITING************

Write the data to file:8388608 bytes
***********WAITING************

Write the data to file:8388608 bytes
***********WAITING************

Write the data to file:8388608 bytes
***********WAITING************

Write the data to file:8388608 bytes
***********WAITING************

Write the data to file:8388608 bytes
***********WAITING************

Write the data to file:8388608 bytes
***********WAITING************

Write the data to file:8388608 bytes
***********WAITING************

Write the data to file:8388608 bytes
***********WAITING************

Write the data to file:8388608 bytes
***********WAITING************

Write the data to file:8388608 bytes
***********WAITING************

Write the data to file:8388608 bytes
***********WAITING************

Write the data to file:8388608 bytes
***********WAITING************

Write the data to file:8388608 bytes
***********WAITING************

Write the data to file:8388608 bytes
***********WAITING************

Write the data to file:8388608 bytes
***********WAITING************

Write the data to file:8388608 bytes
***********WAITING************

Write the data to file:8388608 bytes
***********WAITING************

Write the data to file:8388608 bytes
***********WAITING************

Write the data to file:8388608 bytes
***********WAITING************

Write the data to file:8388608 bytes
***********WAITING************

Write the data to file:8388608 bytes
***********WAITING************

Write the data to file:8388608 bytes
***********WAITING************

Write the data to file:8388608 bytes
***********WAITING************

Write the data to file:8388608 bytes
***********WAITING************

Write the data to file:8388608 bytes
***********WAITING************

Write the data to file:8388608 bytes
***********WAITING************

Write the data to file:8388608 bytes
***********WAITING************

Write the data to file:8388608 bytes
***********WAITING************

Write the data to file:8388608 bytes
***********WAITING************

Write the data to file:8388608 bytes
***********WAITING************

Write the data to file:8388608 bytes
***********WAITING************

Write the data to file:8388608 bytes
***********WAITING************

Write the data to file:8388608 bytes
***********WAITING************

Write the data to file:8388608 bytes
***********WAITING************

Write the data to file:8388608 bytes
***********WAITING************

Write the data to file:8388608 bytes
***********WAITING************

Write the data to file:8388608 bytes
***********WAITING************

Write the data to file:8388608 bytes
***********WAITING************

Write the data to file:8388608 bytes
***********WAITING************

Write the data to file:8388608 bytes
***********WAITING************

Write the data to file:8388608 bytes
***********WAITING************

Write the data to file:8388608 bytes
***********WAITING************

Write the data to file:8388608 bytes
***********WAITING************

Write the data to file:8388608 bytes
***********WAITING************

Write the data to file:8388608 bytes
***********WAITING************

Write the data to file:8388608 bytes
***********WAITING************

Write the data to file:8388608 bytes
***********WAITING************

Write the data to file:8388608 bytes
***********WAITING************

Write the data to file:8388608 bytes
***********WAITING************

Write the data to file:8388608 bytes
***********WAITING************

Write the data to file:8388608 bytes
***********WAITING************

Write the data to file:8388608 bytes
***********WAITING************

Write the data to file:8388608 bytes
***********WAITING************

Write the data to file:8388608 bytes
***********WAITING************

Write the data to file:8388608 bytes
***********WAITING************

Write the data to file:8388608 bytes
***********WAITING************

Write the data to file:8388608 bytes
***********WAITING************

Write the data to file:8388608 bytes
***********WAITING************

Write the data to file:8388608 bytes
***********WAITING************

Write the data to file:8388608 bytes
***********WAITING************

Write the data to file:8388608 bytes
***********WAITING************

Write the data to file:8388608 bytes
***********WAITING************

Write the data to file:8388608 bytes
***********WAITING************

Write the data to file:8388608 bytes
***********WAITING************

Write the data to file:8388608 bytes
***********WAITING************

Write the data to file:8388608 bytes
***********WAITING************

Write the data to file:8388608 bytes
***********WAITING************

Write the data to file:8388608 bytes
***********WAITING************

Write the data to file:8388608 bytes
***********WAITING************

Write the data to file:8388608 bytes
***********WAITING************

Write the data to file:8388608 bytes
***********WAITING************

Write the data to file:8388608 bytes
***********WAITING************

Write the data to file:8388608 bytes
***********WAITING************

Write the data to file:8388608 bytes
***********WAITING************

Write the data to file:8388608 bytes
***********WAITING************

Write the data to file:8388608 bytes
***********WAITING************

Write the data to file:8388608 bytes
***********WAITING************

Write the data to file:8388608 bytes
***********WAITING************

Write the data to file:8388608 bytes
***********WAITING************

Write the data to file:8388608 bytes
***********WAITING************

Write the data to file:8388608 bytes
***********WAITING************

Write the data to file:8388608 bytes
***********WAITING************

Write the data to file:8388608 bytes
***********WAITING************

Write the data to file:8388608 bytes
***********WAITING************

Write the data to file:8388608 bytes
***********WAITING************

Write the data to file:8388608 bytes
***********WAITING************

Write the data to file:8388608 bytes
***********WAITING************

Write the data to file:8388608 bytes
***********WAITING************

Write the data to file:8388608 bytes
***********WAITING************

Write the data to file:8388608 bytes
***********WAITING************

Write the data to file:8388608 bytes
***********WAITING************

Write the data to file:8388608 bytes
***********WAITING************

Write the data to file:8388608 bytes
***********WAITING************

Write the data to file:8388608 bytes
***********WAITING************

Write the data to file:8388608 bytes
***********WAITING************

Write the data to file:8388608 bytes
***********WAITING************

Write the data to file:8388608 bytes
***********WAITING************

Write the data to file:8388608 bytes
***********WAITING************

Write the data to file:8388608 bytes
***********WAITING************

Write the data to file:8388608 bytes
***********WAITING************

Write the data to file:8388608 bytes
***********WAITING************

Write the data to file:8388608 bytes
***********WAITING************

Write the data to file:8388608 bytes
***********WAITING************

Write the data to file:8388608 bytes
***********WAITING************

Write the data to file:8388608 bytes
***********WAITING************

Write the data to file:8388608 bytes
***********WAITING************

Write the data to file:8388608 bytes
***********WAITING************

Write the data to file:8388608 bytes
***********WAITING************

Write the data to file:8388608 bytes
***********WAITING************

Write the data to file:8388608 bytes
***********WAITING************

Write the data to file:8388608 bytes
***********WAITING************

Write the data to file:8388608 bytes
***********WAITING************

Write the data to file:8388608 bytes
***********WAITING************

Write the data to file:8388608 bytes
***********WAITING************

Write the data to file:8388608 bytes
***********WAITING************

Write the data to file:8388608 bytes
***********WAITING************

Write the data to file:8388608 bytes
***********WAITING************

Write the data to file:8388608 bytes
***********WAITING************

Write the data to file:8388608 bytes
***********WAITING************

Write the data to file:8388608 bytes
***********WAITING************

Write the data to file:8388608 bytes
***********WAITING************

Write the data to file:8388608 bytes
***********WAITING************

Write the data to file:8388608 bytes
***********WAITING************

Write the data to file:8388608 bytes
***********WAITING************

Write the data to file:8388608 bytes
***********WAITING************

Write the data to file:8388608 bytes
***********WAITING************

Write the data to file:8388608 bytes
***********WAITING************

Write the data to file:8388608 bytes
***********WAITING************

Write the data to file:8388608 bytes
***********WAITING************

Write the data to file:8388608 bytes
***********WAITING************

Write the data to file:8388608 bytes
***********WAITING************

Write the data to file:8388608 bytes
***********WAITING************

Write the data to file:8388608 bytes
***********WAITING************

Write the data to file:8388608 bytes
***********WAITING************

Write the data to file:8388608 bytes
***********WAITING************

Write the data to file:8388608 bytes
***********WAITING************

Write the data to file:8388608 bytes
***********WAITING************

Write the data to file:8388608 bytes
***********WAITING************

Write the data to file:8388608 bytes
***********WAITING************

Write the data to file:8388608 bytes
***********WAITING************

Write the data to file:8388608 bytes
***********WAITING************

Write the data to file:8388608 bytes
***********WAITING************

Write the data to file:8388608 bytes
***********WAITING************

Write the data to file:8388608 bytes
***********WAITING************

Write the data to file:8388608 bytes
***********WAITING************

Write the data to file:8388608 bytes
***********WAITING************

Write the data to file:8388608 bytes
***********WAITING************

Write the data to file:8388608 bytes
***********WAITING************

Write the data to file:8388608 bytes
***********WAITING************

Write the data to file:8388608 bytes
***********WAITING************

Write the data to file:8388608 bytes
***********WAITING************

Write the data to file:8388608 bytes
***********WAITING************

Write the data to file:8388608 bytes
***********WAITING************

Write the data to file:8388608 bytes
***********WAITING************

Write the data to file:8388608 bytes
***********WAITING************

Write the data to file:8388608 bytes
***********WAITING************

Write the data to file:8388608 bytes
***********WAITING************

Write the data to file:8388608 bytes
***********WAITING************

Write the data to file:8388608 bytes
***********WAITING************

Write the data to file:8388608 bytes
***********WAITING************

Write the data to file:8388608 bytes
***********WAITING************

Write the data to file:8388608 bytes
***********WAITING************

Write the data to file:8388608 bytes
***********WAITING************

Write the data to file:8388608 bytes
***********WAITING************

Write the data to file:8388608 bytes
***********WAITING************

Write the data to file:8388608 bytes
***********WAITING************

Write the data to file:8388608 bytes
***********WAITING************

Write the data to file:8388608 bytes
***********WAITING************

Write the data to file:8388608 bytes
***********WAITING************

Write the data to file:8388608 bytes
***********WAITING************

Write the data to file:8388608 bytes
***********WAITING************

Write the data to file:8388608 bytes
***********WAITING************

Write the data to file:8388608 bytes
***********WAITING************

Write the data to file:8388608 bytes
***********WAITING************

Write the data to file:8388608 bytes
***********WAITING************

Write the data to file:8388608 bytes
***********WAITING************

Write the data to file:8388608 bytes
***********WAITING************

Write the data to file:8388608 bytes
***********WAITING************

Write the data to file:8388608 bytes
***********WAITING************

Write the data to file:8388608 bytes
***********WAITING************

Write the data to file:8388608 bytes
***********WAITING************

Write the data to file:8388608 bytes
***********WAITING************

Write the data to file:8388608 bytes
***********WAITING************

Write the data to file:8388608 bytes
***********WAITING************

Write the data to file:8388608 bytes
***********WAITING************

Write the data to file:8388608 bytes
***********WAITING************

Write the data to file:8388608 bytes
***********WAITING************

Write the data to file:8388608 bytes
***********WAITING************

Write the data to file:8388608 bytes
***********WAITING************

Write the data to file:8388608 bytes
***********WAITING************

Write the data to file:8388608 bytes
***********WAITING************

Write the data to file:8388608 bytes
***********WAITING************

Write the data to file:8388608 bytes
***********WAITING************

Write the data to file:8388608 bytes
***********WAITING************

Write the data to file:8388608 bytes
***********WAITING************

Write the data to file:8388608 bytes
***********WAITING************

Write the data to file:8388608 bytes
***********WAITING************

Write the data to file:8388608 bytes
***********WAITING************

Write the data to file:8388608 bytes
***********WAITING************

Write the data to file:8388608 bytes
***********WAITING************

Write the data to file:8388608 bytes
***********WAITING************

Write the data to file:8388608 bytes
***********WAITING************

Write the data to file:8388608 bytes
***********WAITING************

Write the data to file:8388608 bytes
***********WAITING************

Write the data to file:8388608 bytes
***********WAITING************

Write the data to file:8388608 bytes
***********WAITING************

Write the data to file:8388608 bytes
***********WAITING************

Write the data to file:8388608 bytes
***********WAITING************

Write the data to file:8388608 bytes
***********WAITING************

Write the data to file:8388608 bytes
***********WAITING************

Write the data to file:8388608 bytes
***********WAITING************

Write the data to file:8388608 bytes
***********WAITING************

Write the data to file:8388608 bytes
***********WAITING************

Write the data to file:8388608 bytes
***********WAITING************

Write the data to file:8388608 bytes
***********WAITING************

Write the data to file:8388608 bytes
***********WAITING************

Write the data to file:8388608 bytes
***********WAITING************

Write the data to file:8388608 bytes
***********WAITING************

Write the data to file:8388608 bytes
***********WAITING************

Write the data to file:8388608 bytes
***********WAITING************

Write the data to file:8388608 bytes
***********WAITING************

Write the data to file:8388608 bytes
***********WAITING************

Write the data to file:8388608 bytes
***********WAITING************

Write the data to file:8388608 bytes
***********WAITING************

Write the data to file:8388608 bytes
***********WAITING************

Write the data to file:8388608 bytes
***********WAITING************

Write the data to file:8388608 bytes
***********WAITING************

Write the data to file:8388608 bytes
***********WAITING************

Write the data to file:8388608 bytes
***********WAITING************

Write the data to file:8388608 bytes
***********WAITING************

Write the data to file:8388608 bytes
***********WAITING************

Write the data to file:8388608 bytes
***********WAITING************

Write the data to file:8388608 bytes
***********WAITING************

Write the data to file:8388608 bytes
***********WAITING************

Write the data to file:8388608 bytes
***********WAITING************

Write the data to file:8388608 bytes
***********WAITING************

Write the data to file:8388608 bytes
***********WAITING************

Write the data to file:8388608 bytes
***********WAITING************

Write the data to file:8388608 bytes
***********WAITING************

Write the data to file:8388608 bytes
***********WAITING************

Write the data to file:8388608 bytes
***********WAITING************

Write the data to file:8388608 bytes
***********WAITING************

Write the data to file:8388608 bytes
***********WAITING************

Write the data to file:8388608 bytes
***********WAITING************

Write the data to file:8388608 bytes
***********WAITING************

Write the data to file:8388608 bytes
***********WAITING************

Write the data to file:8388608 bytes
***********WAITING************

Write the data to file:8388608 bytes
***********WAITING************

Write the data to file:8388608 bytes
***********WAITING************

Write the data to file:8388608 bytes
***********WAITING************

Write the data to file:8388608 bytes
***********WAITING************

Write the data to file:8388608 bytes
***********WAITING************

Write the data to file:8388608 bytes
***********WAITING************

Write the data to file:8388608 bytes
***********WAITING************

Write the data to file:8388608 bytes
***********WAITING************

Write the data to file:8388608 bytes
***********WAITING************

Write the data to file:8388608 bytes
***********WAITING************

Write the data to file:8388608 bytes
***********WAITING************

Write the data to file:8388608 bytes
***********WAITING************

Write the data to file:8388608 bytes
***********WAITING************

Write the data to file:8388608 bytes
***********WAITING************

Write the data to file:8388608 bytes
***********WAITING************

Write the data to file:8388608 bytes
***********WAITING************

Write the data to file:8388608 bytes
***********WAITING************

Write the data to file:8388608 bytes
***********WAITING************

Write the data to file:8388608 bytes
***********WAITING************

Write the data to file:8388608 bytes
***********WAITING************

Write the data to file:8388608 bytes
***********WAITING************

Write the data to file:8388608 bytes
***********WAITING************

Write the data to file:8388608 bytes
***********WAITING************

Write the data to file:8388608 bytes
***********WAITING************

Write the data to file:8388608 bytes
***********WAITING************

Write the data to file:8388608 bytes
***********WAITING************

Write the data to file:8388608 bytes
***********WAITING************

Write the data to file:8388608 bytes
***********WAITING************

Write the data to file:8388608 bytes
***********WAITING************

Write the data to file:8388608 bytes
***********WAITING************

Write the data to file:8388608 bytes
***********WAITING************

Write the data to file:8388608 bytes
***********WAITING************

Write the data to file:8388608 bytes
***********WAITING************

Write the data to file:8388608 bytes
***********WAITING************

Write the data to file:8388608 bytes
***********WAITING************

Write the data to file:8388608 bytes
***********WAITING************

Write the data to file:8388608 bytes
***********WAITING************

Write the data to file:8388608 bytes
***********WAITING************

Write the data to file:8388608 bytes
***********WAITING************

Write the data to file:8388608 bytes
***********WAITING************

Write the data to file:8388608 bytes
***********WAITING************

Write the data to file:8388608 bytes
***********WAITING************

Write the data to file:8388608 bytes
***********WAITING************

Write the data to file:8388608 bytes
***********WAITING************

Write the data to file:8388608 bytes
***********WAITING************

Write the data to file:8388608 bytes
***********WAITING************

Write the data to file:8388608 bytes
***********WAITING************

Write the data to file:8388608 bytes
***********WAITING************

Write the data to file:8388608 bytes
***********WAITING************

Write the data to file:8388608 bytes
***********WAITING************

Write the data to file:8388608 bytes
***********WAITING************

Write the data to file:8388608 bytes
***********WAITING************

Write the data to file:8388608 bytes
***********WAITING************

Write the data to file:8388608 bytes
***********WAITING************

Write the data to file:8388608 bytes
***********WAITING************

Write the data to file:8388608 bytes
***********WAITING************

Write the data to file:8388608 bytes
***********WAITING************

Write the data to file:8388608 bytes
***********WAITING************

Write the data to file:8388608 bytes
***********WAITING************

Write the data to file:8388608 bytes
***********WAITING************

Write the data to file:8388608 bytes
***********WAITING************

Write the data to file:8388608 bytes
***********WAITING************

Write the data to file:8388608 bytes
***********WAITING************

Write the data to file:8388608 bytes
***********WAITING************

Write the data to file:8388608 bytes
***********WAITING************

Write the data to file:8388608 bytes
***********WAITING************

Write the data to file:8388608 bytes
***********WAITING************

Write the data to file:8388608 bytes
***********WAITING************

Write the data to file:8388608 bytes
***********WAITING************

Write the data to file:8388608 bytes
***********WAITING************

Write the data to file:8388608 bytes
***********WAITING************

Write the data to file:8388608 bytes
***********WAITING************

Write the data to file:8388608 bytes
***********WAITING************

Write the data to file:8388608 bytes
***********WAITING************

Write the data to file:8388608 bytes
***********WAITING************

Write the data to file:8388608 bytes
***********WAITING************

Write the data to file:8388608 bytes
***********WAITING************

Write the data to file:8388608 bytes
***********WAITING************

Write the data to file:8388608 bytes
***********WAITING************

Write the data to file:8388608 bytes
***********WAITING************

Write the data to file:8388608 bytes
***********WAITING************

Write the data to file:8388608 bytes
***********WAITING************

Write the data to file:8388608 bytes
***********WAITING************

Write the data to file:8388608 bytes
***********WAITING************

Write the data to file:8388608 bytes
***********WAITING************

Write the data to file:8388608 bytes
***********WAITING************

Write the data to file:8388608 bytes
***********WAITING************

Write the data to file:8388608 bytes
***********WAITING************

Write the data to file:8388608 bytes
***********WAITING************

Write the data to file:8388608 bytes
***********WAITING************

Write the data to file:8388608 bytes
***********WAITING************

Write the data to file:8388608 bytes
***********WAITING************

Write the data to file:8388608 bytes
***********WAITING************

Write the data to file:8388608 bytes
***********WAITING************

Write the data to file:8388608 bytes
***********WAITING************

Write the data to file:8388608 bytes
***********WAITING************

Write the data to file:8388608 bytes
***********WAITING************

Write the data to file:8388608 bytes
***********WAITING************

Write the data to file:8388608 bytes
***********WAITING************

Write the data to file:8388608 bytes
***********WAITING************

Write the data to file:8388608 bytes
***********WAITING************

Write the data to file:8388608 bytes
***********WAITING************

Write the data to file:8388608 bytes
***********WAITING************

Write the data to file:8388608 bytes
***********WAITING************

Write the data to file:8388608 bytes
***********WAITING************

Write the data to file:8388608 bytes
***********WAITING************

Write the data to file:8388608 bytes
***********WAITING************

Write the data to file:8388608 bytes
***********WAITING************

Write the data to file:8388608 bytes
***********WAITING************

Write the data to file:8388608 bytes
***********WAITING************

Write the data to file:8388608 bytes
***********WAITING************

Write the data to file:8388608 bytes
***********WAITING************

Write the data to file:8388608 bytes
***********WAITING************

Write the data to file:8388608 bytes
***********WAITING************

Write the data to file:8388608 bytes
***********WAITING************

Write the data to file:8388608 bytes
***********WAITING************

Write the data to file:8388608 bytes
***********WAITING************

Write the data to file:8388608 bytes
***********WAITING************

Write the data to file:8388608 bytes
***********WAITING************

Write the data to file:8388608 bytes
***********WAITING************

Write the data to file:8388608 bytes
***********WAITING************

Write the data to file:8388608 bytes
***********WAITING************

Write the data to file:8388608 bytes
***********WAITING************

Write the data to file:8388608 bytes
***********WAITING************

Write the data to file:8388608 bytes
***********WAITING************

Write the data to file:8388608 bytes
***********WAITING************

Write the data to file:8388608 bytes
***********WAITING************

Write the data to file:8388608 bytes
***********WAITING************

Write the data to file:8388608 bytes
***********WAITING************

Write the data to file:8388608 bytes
***********WAITING************

Write the data to file:8388608 bytes
***********WAITING************

Write the data to file:8388608 bytes
***********WAITING************

Write the data to file:8388608 bytes
***********WAITING************

Write the data to file:8388608 bytes
***********WAITING************

Write the data to file:8388608 bytes
***********WAITING************

Write the data to file:8388608 bytes
***********WAITING************

Write the data to file:8388608 bytes
***********WAITING************

Write the data to file:8388608 bytes
***********WAITING************

Write the data to file:8388608 bytes
***********WAITING************

Write the data to file:8388608 bytes
***********WAITING************

Write the data to file:8388608 bytes
***********WAITING************

Write the data to file:8388608 bytes
***********WAITING************

Write the data to file:8388608 bytes
***********WAITING************

Write the data to file:8388608 bytes
***********WAITING************

Write the data to file:8388608 bytes
***********WAITING************
S_cc         0.24   [      0.24:      0.25]
S_bw         0.06   [      0.06:      0.06]
S_w          7.07   [      7.07:      7.07]
          -------
S_total      7.38   [      7.38:      7.38]

build_S done
calc_W
build_S done
calc_W
nr_of_strided_rec: 1
nr_doubles: 131072
build_S done
calc_W
nr_of_strided_rec: 1
nr_doubles: 131072
build_S done
calc_W
nr_of_strided_rec: 1
nr_doubles: 131072
build_S done
calc_W
nr_of_strided_rec: 1
nr_doubles: 131072
build_S done
calc_W
nr_of_strided_rec: 1
nr_doubles: 131072
build_S done
calc_W
nr_of_strided_rec: 1
nr_doubles: 131072
build_S done
calc_W
nr_of_strided_rec: 1
nr_doubles: 131072
build_S done
calc_W
nr_of_strided_rec: 1
nr_doubles: 131072
build_S done
calc_W
nr_of_strided_rec: 1
nr_doubles: 131072
build_S done
calc_W
nr_of_strided_rec: 1
nr_doubles: 131072
build_S done
calc_W
nr_of_strided_rec: 1
nr_doubles: 131072
build_S done
calc_W
nr_of_strided_rec: 1
nr_doubles: 131072
build_S done
calc_W
nr_of_strided_rec: 1
nr_doubles: 131072
build_S done
calc_W
nr_of_strided_rec: 1
nr_doubles: 131072
build_S done
calc_W
nr_of_strided_rec: 1
nr_doubles: 131072
nr_of_strided_rec: 1
nr_doubles: 131072
nr_of_strided_rec: 1
nr_doubles: 131072
nr_of_strided_rec: 1
nr_doubles: 131072
nr_of_strided_rec: 1
nr_doubles: 131072
nr_of_strided_rec: 1
nr_doubles: 131072
nr_of_strided_rec: 1
nr_doubles: 131072
nr_of_strided_rec: 1
nr_doubles: 131072
nr_of_strided_rec: 1
nr_doubles: 131072
nr_of_strided_rec: 1
nr_doubles: 131072
nr_of_strided_rec: 1
nr_doubles: 131072
nr_of_strided_rec: 1
nr_doubles: 131072
nr_of_strided_rec: 1
nr_doubles: 131072
nr_of_strided_rec: 1
nr_doubles: 131072
nr_of_strided_rec: 1
nr_doubles: 131072
nr_of_strided_rec: 1
nr_doubles: 131072
nr_of_strided_rec: 1
nr_doubles: 131072
nr_of_strided_rec: 1
nr_doubles: 131072

Write the data to file:8388608 bytes
***********WAITING************

Write the data to file:8388608 bytes
***********WAITING************

Write the data to file:8388608 bytes
***********WAITING************

Write the data to file:8388608 bytes
***********WAITING************

Write the data to file:8388608 bytes
***********WAITING************

Write the data to file:8388608 bytes
***********WAITING************

Write the data to file:8388608 bytes
***********WAITING************

Write the data to file:8388608 bytes
***********WAITING************

Write the data to file:8388608 bytes
***********WAITING************

Write the data to file:8388608 bytes
***********WAITING************

Write the data to file:8388608 bytes
***********WAITING************

Write the data to file:8388608 bytes
***********WAITING************

Write the data to file:8388608 bytes
***********WAITING************

Write the data to file:8388608 bytes
***********WAITING************

Write the data to file:8388608 bytes
***********WAITING************

Write the data to file:8388608 bytes
***********WAITING************
nr_of_strided_rec: 1
nr_doubles: 131072
nr_of_strided_rec: 1
nr_doubles: 131072
nr_of_strided_rec: 1
nr_doubles: 131072
nr_of_strided_rec: 1
nr_doubles: 131072
nr_of_strided_rec: 1
nr_doubles: 131072
nr_of_strided_rec: 1
nr_doubles: 131072
nr_of_strided_rec: 1
nr_doubles: 131072
nr_of_strided_rec: 1
nr_doubles: 131072
nr_of_strided_rec: 1
nr_doubles: 131072
nr_of_strided_rec: 1
nr_doubles: 131072
nr_of_strided_rec: 1
nr_doubles: 131072
nr_of_strided_rec: 1
nr_doubles: 131072
nr_of_strided_rec: 1
nr_doubles: 131072
nr_of_strided_rec: 1
nr_doubles: 131072
nr_of_strided_rec: 1
nr_doubles: 131072
nr_of_strided_rec: 1
nr_doubles: 131072

Write the data to file:8388608 bytes
***********WAITING************

Write the data to file:8388608 bytes
***********WAITING************

Write the data to file:8388608 bytes
***********WAITING************

Write the data to file:8388608 bytes
***********WAITING************

Write the data to file:8388608 bytes
***********WAITING************

Write the data to file:8388608 bytes
***********WAITING************

Write the data to file:8388608 bytes
***********WAITING************

Write the data to file:8388608 bytes
***********WAITING************

Write the data to file:8388608 bytes
***********WAITING************

Write the data to file:8388608 bytes
***********WAITING************

Write the data to file:8388608 bytes
***********WAITING************

Write the data to file:8388608 bytes
***********WAITING************

Write the data to file:8388608 bytes
***********WAITING************

Write the data to file:8388608 bytes
***********WAITING************

Write the data to file:8388608 bytes
***********WAITING************

Write the data to file:8388608 bytes
***********WAITING************
nr_of_strided_rec: 1
nr_doubles: 131072
nr_of_strided_rec: 1
nr_doubles: 131072
nr_of_strided_rec: 1
nr_doubles: 131072
nr_of_strided_rec: 1
nr_doubles: 131072
nr_of_strided_rec: 1
nr_doubles: 131072
nr_of_strided_rec: 1
nr_doubles: 131072
nr_of_strided_rec: 1
nr_doubles: 131072
nr_of_strided_rec: 1
nr_doubles: 131072
nr_of_strided_rec: 1
nr_doubles: 131072
nr_of_strided_rec: 1
nr_doubles: 131072
nr_of_strided_rec: 1
nr_doubles: 131072
nr_of_strided_rec: 1
nr_doubles: 131072
nr_of_strided_rec: 1
nr_doubles: 131072
nr_of_strided_rec: 1
nr_doubles: 131072
nr_of_strided_rec: 1
nr_doubles: 131072
nr_of_strided_rec: 1
nr_doubles: 131072

Write the data to file:8388608 bytes
***********WAITING************

Write the data to file:8388608 bytes
***********WAITING************

Write the data to file:8388608 bytes
***********WAITING************

Write the data to file:8388608 bytes
***********WAITING************

Write the data to file:8388608 bytes
***********WAITING************

Write the data to file:8388608 bytes
***********WAITING************

Write the data to file:8388608 bytes
***********WAITING************

Write the data to file:8388608 bytes
***********WAITING************

Write the data to file:8388608 bytes
***********WAITING************

Write the data to file:8388608 bytes
***********WAITING************

Write the data to file:8388608 bytes
***********WAITING************

Write the data to file:8388608 bytes
***********WAITING************

Write the data to file:8388608 bytes
***********WAITING************

Write the data to file:8388608 bytes
***********WAITING************

Write the data to file:8388608 bytes
***********WAITING************

Write the data to file:8388608 bytes
***********WAITING************
nr_of_strided_rec: 1
nr_doubles: 131072
nr_of_strided_rec: 1
nr_doubles: 131072
nr_of_strided_rec: 1
nr_doubles: 131072
nr_of_strided_rec: 1
nr_doubles: 131072
nr_of_strided_rec: 1
nr_doubles: 131072
nr_of_strided_rec: 1
nr_doubles: 131072
nr_of_strided_rec: 1
nr_doubles: 131072
nr_of_strided_rec: 1
nr_doubles: 131072
nr_of_strided_rec: 1
nr_doubles: 131072
nr_of_strided_rec: 1
nr_doubles: 131072
nr_of_strided_rec: 1
nr_doubles: 131072
nr_of_strided_rec: 1
nr_doubles: 131072
nr_of_strided_rec: 1
nr_doubles: 131072
nr_of_strided_rec: 1
nr_doubles: 131072
nr_of_strided_rec: 1
nr_doubles: 131072
nr_of_strided_rec: 1
nr_doubles: 131072

Write the data to file:8388608 bytes
***********WAITING************

Write the data to file:8388608 bytes
***********WAITING************

Write the data to file:8388608 bytes
***********WAITING************

Write the data to file:8388608 bytes
***********WAITING************

Write the data to file:8388608 bytes
***********WAITING************

Write the data to file:8388608 bytes
***********WAITING************

Write the data to file:8388608 bytes
***********WAITING************

Write the data to file:8388608 bytes
***********WAITING************

Write the data to file:8388608 bytes
***********WAITING************

Write the data to file:8388608 bytes
***********WAITING************

Write the data to file:8388608 bytes
***********WAITING************

Write the data to file:8388608 bytes
***********WAITING************

Write the data to file:8388608 bytes
***********WAITING************

Write the data to file:8388608 bytes
***********WAITING************

Write the data to file:8388608 bytes
***********WAITING************

Write the data to file:8388608 bytes
***********WAITING************
nr_of_strided_rec: 1
nr_doubles: 131072
nr_of_strided_rec: 1
nr_doubles: 131072
nr_of_strided_rec: 1
nr_doubles: 131072
nr_of_strided_rec: 1
nr_doubles: 131072
nr_of_strided_rec: 1
nr_doubles: 131072
nr_of_strided_rec: 1
nr_doubles: 131072
nr_of_strided_rec: 1
nr_doubles: 131072
nr_of_strided_rec: 1
nr_doubles: 131072
nr_of_strided_rec: 1
nr_doubles: 131072
nr_of_strided_rec: 1
nr_doubles: 131072
nr_of_strided_rec: 1
nr_doubles: 131072
nr_of_strided_rec: 1
nr_doubles: 131072
nr_of_strided_rec: 1
nr_doubles: 131072
nr_of_strided_rec: 1
nr_doubles: 131072
nr_of_strided_rec: 1
nr_doubles: 131072
nr_of_strided_rec: 1
nr_doubles: 131072

Write the data to file:8388608 bytes
***********WAITING************

Write the data to file:8388608 bytes
***********WAITING************

Write the data to file:8388608 bytes
***********WAITING************

Write the data to file:8388608 bytes
***********WAITING************

Write the data to file:8388608 bytes
***********WAITING************

Write the data to file:8388608 bytes
***********WAITING************

Write the data to file:8388608 bytes
***********WAITING************

Write the data to file:8388608 bytes
***********WAITING************

Write the data to file:8388608 bytes
***********WAITING************

Write the data to file:8388608 bytes
***********WAITING************

Write the data to file:8388608 bytes
***********WAITING************

Write the data to file:8388608 bytes
***********WAITING************

Write the data to file:8388608 bytes
***********WAITING************

Write the data to file:8388608 bytes
***********WAITING************

Write the data to file:8388608 bytes
***********WAITING************

Write the data to file:8388608 bytes
***********WAITING************
nr_of_strided_rec: 1
nr_doubles: 131072
nr_of_strided_rec: 1
nr_doubles: 131072
nr_of_strided_rec: 1
nr_doubles: 131072
nr_of_strided_rec: 1
nr_doubles: 131072
nr_of_strided_rec: 1
nr_doubles: 131072
nr_of_strided_rec: 1
nr_doubles: 131072
nr_of_strided_rec: 1
nr_doubles: 131072
nr_of_strided_rec: 1
nr_doubles: 131072
nr_of_strided_rec: 1
nr_doubles: 131072
nr_of_strided_rec: 1
nr_doubles: 131072
nr_of_strided_rec: 1
nr_doubles: 131072
nr_of_strided_rec: 1
nr_doubles: 131072
nr_of_strided_rec: 1
nr_doubles: 131072
nr_of_strided_rec: 1
nr_doubles: 131072
nr_of_strided_rec: 1
nr_doubles: 131072
nr_of_strided_rec: 1
nr_doubles: 131072

Write the data to file:8388608 bytes
***********WAITING************

Write the data to file:8388608 bytes
***********WAITING************

Write the data to file:8388608 bytes
***********WAITING************

Write the data to file:8388608 bytes
***********WAITING************

Write the data to file:8388608 bytes
***********WAITING************

Write the data to file:8388608 bytes
***********WAITING************

Write the data to file:8388608 bytes
***********WAITING************

Write the data to file:8388608 bytes
***********WAITING************

Write the data to file:8388608 bytes
***********WAITING************

Write the data to file:8388608 bytes
***********WAITING************

Write the data to file:8388608 bytes
***********WAITING************

Write the data to file:8388608 bytes
***********WAITING************

Write the data to file:8388608 bytes
***********WAITING************

Write the data to file:8388608 bytes
***********WAITING************

Write the data to file:8388608 bytes
***********WAITING************

Write the data to file:8388608 bytes
***********WAITING************
nr_of_strided_rec: 1
nr_doubles: 131072
nr_of_strided_rec: 1
nr_doubles: 131072
nr_of_strided_rec: 1
nr_doubles: 131072
nr_of_strided_rec: 1
nr_doubles: 131072
nr_of_strided_rec: 1
nr_doubles: 131072
nr_of_strided_rec: 1
nr_doubles: 131072
nr_of_strided_rec: 1
nr_doubles: 131072
nr_of_strided_rec: 1
nr_doubles: 131072
nr_of_strided_rec: 1
nr_doubles: 131072
nr_of_strided_rec: 1
nr_doubles: 131072
nr_of_strided_rec: 1
nr_doubles: 131072
nr_of_strided_rec: 1
nr_doubles: 131072
nr_of_strided_rec: 1
nr_doubles: 131072
nr_of_strided_rec: 1
nr_doubles: 131072
nr_of_strided_rec: 1
nr_doubles: 131072
nr_of_strided_rec: 1
nr_doubles: 131072

Write the data to file:8388608 bytes
***********WAITING************

Write the data to file:8388608 bytes
***********WAITING************

Write the data to file:8388608 bytes
***********WAITING************

Write the data to file:8388608 bytes
***********WAITING************

Write the data to file:8388608 bytes
***********WAITING************

Write the data to file:8388608 bytes
***********WAITING************

Write the data to file:8388608 bytes
***********WAITING************

Write the data to file:8388608 bytes
***********WAITING************

Write the data to file:8388608 bytes
***********WAITING************

Write the data to file:8388608 bytes
***********WAITING************

Write the data to file:8388608 bytes
***********WAITING************

Write the data to file:8388608 bytes
***********WAITING************

Write the data to file:8388608 bytes
***********WAITING************

Write the data to file:8388608 bytes
***********WAITING************

Write the data to file:8388608 bytes
***********WAITING************

Write the data to file:8388608 bytes
***********WAITING************
nr_of_strided_rec: 1
nr_doubles: 131072
nr_of_strided_rec: 1
nr_doubles: 131072
nr_of_strided_rec: 1
nr_doubles: 131072
nr_of_strided_rec: 1
nr_doubles: 131072
nr_of_strided_rec: 1
nr_doubles: 131072
nr_of_strided_rec: 1
nr_doubles: 131072
nr_of_strided_rec: 1
nr_doubles: 131072
nr_of_strided_rec: 1
nr_doubles: 131072
nr_of_strided_rec: 1
nr_doubles: 131072
nr_of_strided_rec: 1
nr_doubles: 131072
nr_of_strided_rec: 1
nr_doubles: 131072
nr_of_strided_rec: 1
nr_doubles: 131072
nr_of_strided_rec: 1
nr_doubles: 131072
nr_of_strided_rec: 1
nr_doubles: 131072
nr_of_strided_rec: 1
nr_doubles: 131072
nr_of_strided_rec: 1
nr_doubles: 131072

Write the data to file:8388608 bytes
***********WAITING************

Write the data to file:8388608 bytes
***********WAITING************

Write the data to file:8388608 bytes
***********WAITING************

Write the data to file:8388608 bytes
***********WAITING************

Write the data to file:8388608 bytes
***********WAITING************

Write the data to file:8388608 bytes
***********WAITING************

Write the data to file:8388608 bytes
***********WAITING************

Write the data to file:8388608 bytes
***********WAITING************

Write the data to file:8388608 bytes
***********WAITING************

Write the data to file:8388608 bytes
***********WAITING************

Write the data to file:8388608 bytes
***********WAITING************

Write the data to file:8388608 bytes
***********WAITING************

Write the data to file:8388608 bytes
***********WAITING************

Write the data to file:8388608 bytes
***********WAITING************

Write the data to file:8388608 bytes
***********WAITING************

Write the data to file:8388608 bytes
***********WAITING************
nr_of_strided_rec: 1
nr_doubles: 131072
nr_of_strided_rec: 1
nr_doubles: 131072
nr_of_strided_rec: 1
nr_doubles: 131072
nr_of_strided_rec: 1
nr_doubles: 131072
nr_of_strided_rec: 1
nr_doubles: 131072
nr_of_strided_rec: 1
nr_doubles: 131072
nr_of_strided_rec: 1
nr_doubles: 131072
nr_of_strided_rec: 1
nr_doubles: 131072
nr_of_strided_rec: 1
nr_doubles: 131072
nr_of_strided_rec: 1
nr_doubles: 131072
nr_of_strided_rec: 1
nr_doubles: 131072
nr_of_strided_rec: 1
nr_doubles: 131072
nr_of_strided_rec: 1
nr_doubles: 131072
nr_of_strided_rec: 1
nr_doubles: 131072
nr_of_strided_rec: 1
nr_doubles: 131072
nr_of_strided_rec: 1
nr_doubles: 131072

Write the data to file:8388608 bytes
***********WAITING************

Write the data to file:8388608 bytes
***********WAITING************

Write the data to file:8388608 bytes
***********WAITING************

Write the data to file:8388608 bytes
***********WAITING************

Write the data to file:8388608 bytes
***********WAITING************

Write the data to file:8388608 bytes
***********WAITING************

Write the data to file:8388608 bytes
***********WAITING************

Write the data to file:8388608 bytes
***********WAITING************

Write the data to file:8388608 bytes
***********WAITING************

Write the data to file:8388608 bytes
***********WAITING************

Write the data to file:8388608 bytes
***********WAITING************

Write the data to file:8388608 bytes
***********WAITING************

Write the data to file:8388608 bytes
***********WAITING************

Write the data to file:8388608 bytes
***********WAITING************

Write the data to file:8388608 bytes
***********WAITING************

Write the data to file:8388608 bytes
***********WAITING************
nr_of_strided_rec: 1
nr_doubles: 131072
nr_of_strided_rec: 1
nr_doubles: 131072
nr_of_strided_rec: 1
nr_doubles: 131072
nr_of_strided_rec: 1
nr_doubles: 131072
nr_of_strided_rec: 1
nr_doubles: 131072
nr_of_strided_rec: 1
nr_doubles: 131072
nr_of_strided_rec: 1
nr_doubles: 131072
nr_of_strided_rec: 1
nr_doubles: 131072
nr_of_strided_rec: 1
nr_doubles: 131072
nr_of_strided_rec: 1
nr_doubles: 131072
nr_of_strided_rec: 1
nr_doubles: 131072
nr_of_strided_rec: 1
nr_doubles: 131072
nr_of_strided_rec: 1
nr_doubles: 131072
nr_of_strided_rec: 1
nr_doubles: 131072
nr_of_strided_rec: 1
nr_doubles: 131072
nr_of_strided_rec: 1
nr_doubles: 131072

Write the data to file:8388608 bytes
***********WAITING************

Write the data to file:8388608 bytes
***********WAITING************

Write the data to file:8388608 bytes
***********WAITING************

Write the data to file:8388608 bytes
***********WAITING************

Write the data to file:8388608 bytes
***********WAITING************

Write the data to file:8388608 bytes
***********WAITING************

Write the data to file:8388608 bytes
***********WAITING************

Write the data to file:8388608 bytes
***********WAITING************

Write the data to file:8388608 bytes
***********WAITING************

Write the data to file:8388608 bytes
***********WAITING************

Write the data to file:8388608 bytes
***********WAITING************

Write the data to file:8388608 bytes
***********WAITING************

Write the data to file:8388608 bytes
***********WAITING************

Write the data to file:8388608 bytes
***********WAITING************

Write the data to file:8388608 bytes
***********WAITING************

Write the data to file:8388608 bytes
***********WAITING************
nr_of_strided_rec: 1
nr_doubles: 131072
nr_of_strided_rec: 1
nr_doubles: 131072
nr_of_strided_rec: 1
nr_doubles: 131072
nr_of_strided_rec: 1
nr_doubles: 131072
nr_of_strided_rec: 1
nr_doubles: 131072
nr_of_strided_rec: 1
nr_doubles: 131072
nr_of_strided_rec: 1
nr_doubles: 131072
nr_of_strided_rec: 1
nr_doubles: 131072
nr_of_strided_rec: 1
nr_doubles: 131072
nr_of_strided_rec: 1
nr_doubles: 131072
nr_of_strided_rec: 1
nr_doubles: 131072
nr_of_strided_rec: 1
nr_doubles: 131072
nr_of_strided_rec: 1
nr_doubles: 131072
nr_of_strided_rec: 1
nr_doubles: 131072
nr_of_strided_rec: 1
nr_doubles: 131072
nr_of_strided_rec: 1
nr_doubles: 131072

Write the data to file:8388608 bytes
***********WAITING************

Write the data to file:8388608 bytes
***********WAITING************

Write the data to file:8388608 bytes
***********WAITING************

Write the data to file:8388608 bytes
***********WAITING************

Write the data to file:8388608 bytes
***********WAITING************

Write the data to file:8388608 bytes
***********WAITING************

Write the data to file:8388608 bytes
***********WAITING************

Write the data to file:8388608 bytes
***********WAITING************

Write the data to file:8388608 bytes
***********WAITING************

Write the data to file:8388608 bytes
***********WAITING************

Write the data to file:8388608 bytes
***********WAITING************

Write the data to file:8388608 bytes
***********WAITING************

Write the data to file:8388608 bytes
***********WAITING************

Write the data to file:8388608 bytes
***********WAITING************

Write the data to file:8388608 bytes
***********WAITING************

Write the data to file:8388608 bytes
***********WAITING************
nr_of_strided_rec: 1
nr_doubles: 131072
nr_of_strided_rec: 1
nr_doubles: 131072
nr_of_strided_rec: 1
nr_doubles: 131072
nr_of_strided_rec: 1
nr_doubles: 131072
nr_of_strided_rec: 1
nr_doubles: 131072
nr_of_strided_rec: 1
nr_doubles: 131072
nr_of_strided_rec: 1
nr_doubles: 131072
nr_of_strided_rec: 1
nr_doubles: 131072
nr_of_strided_rec: 1
nr_doubles: 131072
nr_of_strided_rec: 1
nr_doubles: 131072
nr_of_strided_rec: 1
nr_doubles: 131072
nr_of_strided_rec: 1
nr_doubles: 131072
nr_of_strided_rec: 1
nr_doubles: 131072
nr_of_strided_rec: 1
nr_doubles: 131072
nr_of_strided_rec: 1
nr_doubles: 131072
nr_of_strided_rec: 1
nr_doubles: 131072

Write the data to file:8388608 bytes
***********WAITING************

Write the data to file:8388608 bytes
***********WAITING************

Write the data to file:8388608 bytes
***********WAITING************

Write the data to file:8388608 bytes
***********WAITING************

Write the data to file:8388608 bytes
***********WAITING************

Write the data to file:8388608 bytes
***********WAITING************

Write the data to file:8388608 bytes
***********WAITING************

Write the data to file:8388608 bytes
***********WAITING************

Write the data to file:8388608 bytes
***********WAITING************

Write the data to file:8388608 bytes
***********WAITING************

Write the data to file:8388608 bytes
***********WAITING************

Write the data to file:8388608 bytes
***********WAITING************

Write the data to file:8388608 bytes
***********WAITING************

Write the data to file:8388608 bytes
***********WAITING************

Write the data to file:8388608 bytes
***********WAITING************

Write the data to file:8388608 bytes
***********WAITING************
nr_of_strided_rec: 1
nr_doubles: 131072
nr_of_strided_rec: 1
nr_doubles: 131072
nr_of_strided_rec: 1
nr_doubles: 131072
nr_of_strided_rec: 1
nr_doubles: 131072
nr_of_strided_rec: 1
nr_doubles: 131072
nr_of_strided_rec: 1
nr_doubles: 131072
nr_of_strided_rec: 1
nr_doubles: 131072
nr_of_strided_rec: 1
nr_doubles: 131072
nr_of_strided_rec: 1
nr_doubles: 131072
nr_of_strided_rec: 1
nr_doubles: 131072
nr_of_strided_rec: 1
nr_doubles: 131072
nr_of_strided_rec: 1
nr_doubles: 131072
nr_of_strided_rec: 1
nr_doubles: 131072
nr_of_strided_rec: 1
nr_doubles: 131072
nr_of_strided_rec: 1
nr_doubles: 131072
nr_of_strided_rec: 1
nr_doubles: 131072

Write the data to file:8388608 bytes
***********WAITING************

Write the data to file:8388608 bytes
***********WAITING************

Write the data to file:8388608 bytes
***********WAITING************

Write the data to file:8388608 bytes
***********WAITING************

Write the data to file:8388608 bytes
***********WAITING************

Write the data to file:8388608 bytes
***********WAITING************

Write the data to file:8388608 bytes
***********WAITING************

Write the data to file:8388608 bytes
***********WAITING************

Write the data to file:8388608 bytes
***********WAITING************

Write the data to file:8388608 bytes
***********WAITING************

Write the data to file:8388608 bytes
***********WAITING************

Write the data to file:8388608 bytes
***********WAITING************

Write the data to file:8388608 bytes
***********WAITING************

Write the data to file:8388608 bytes
***********WAITING************

Write the data to file:8388608 bytes
***********WAITING************

Write the data to file:8388608 bytes
***********WAITING************
nr_of_strided_rec: 1
nr_doubles: 131072
nr_of_strided_rec: 1
nr_doubles: 131072
nr_of_strided_rec: 1
nr_doubles: 131072
nr_of_strided_rec: 1
nr_doubles: 131072
nr_of_strided_rec: 1
nr_doubles: 131072
nr_of_strided_rec: 1
nr_doubles: 131072
nr_of_strided_rec: 1
nr_doubles: 131072
nr_of_strided_rec: 1
nr_doubles: 131072
nr_of_strided_rec: 1
nr_doubles: 131072
nr_of_strided_rec: 1
nr_doubles: 131072
nr_of_strided_rec: 1
nr_doubles: 131072
nr_of_strided_rec: 1
nr_doubles: 131072
nr_of_strided_rec: 1
nr_doubles: 131072
nr_of_strided_rec: 1
nr_doubles: 131072
nr_of_strided_rec: 1
nr_doubles: 131072
nr_of_strided_rec: 1
nr_doubles: 131072

Write the data to file:8388608 bytes
***********WAITING************

Write the data to file:8388608 bytes
***********WAITING************

Write the data to file:8388608 bytes
***********WAITING************

Write the data to file:8388608 bytes
***********WAITING************

Write the data to file:8388608 bytes
***********WAITING************

Write the data to file:8388608 bytes
***********WAITING************

Write the data to file:8388608 bytes
***********WAITING************

Write the data to file:8388608 bytes
***********WAITING************

Write the data to file:8388608 bytes
***********WAITING************

Write the data to file:8388608 bytes
***********WAITING************

Write the data to file:8388608 bytes
***********WAITING************

Write the data to file:8388608 bytes
***********WAITING************

Write the data to file:8388608 bytes
***********WAITING************

Write the data to file:8388608 bytes
***********WAITING************

Write the data to file:8388608 bytes
***********WAITING************

Write the data to file:8388608 bytes
***********WAITING************
nr_of_strided_rec: 1
nr_doubles: 131072
nr_of_strided_rec: 1
nr_doubles: 131072
nr_of_strided_rec: 1
nr_doubles: 131072
nr_of_strided_rec: 1
nr_doubles: 131072
nr_of_strided_rec: 1
nr_doubles: 131072
nr_of_strided_rec: 1
nr_doubles: 131072
nr_of_strided_rec: 1
nr_doubles: 131072
nr_of_strided_rec: 1
nr_doubles: 131072
nr_of_strided_rec: 1
nr_doubles: 131072
nr_of_strided_rec: 1
nr_doubles: 131072
nr_of_strided_rec: 1
nr_doubles: 131072
nr_of_strided_rec: 1
nr_doubles: 131072
nr_of_strided_rec: 1
nr_doubles: 131072
nr_of_strided_rec: 1
nr_doubles: 131072
nr_of_strided_rec: 1
nr_doubles: 131072
nr_of_strided_rec: 1
nr_doubles: 131072

Write the data to file:8388608 bytes
***********WAITING************

Write the data to file:8388608 bytes
***********WAITING************

Write the data to file:8388608 bytes
***********WAITING************

Write the data to file:8388608 bytes
***********WAITING************

Write the data to file:8388608 bytes
***********WAITING************

Write the data to file:8388608 bytes
***********WAITING************

Write the data to file:8388608 bytes
***********WAITING************

Write the data to file:8388608 bytes
***********WAITING************

Write the data to file:8388608 bytes
***********WAITING************

Write the data to file:8388608 bytes
***********WAITING************

Write the data to file:8388608 bytes
***********WAITING************

Write the data to file:8388608 bytes
***********WAITING************

Write the data to file:8388608 bytes
***********WAITING************

Write the data to file:8388608 bytes
***********WAITING************

Write the data to file:8388608 bytes
***********WAITING************

Write the data to file:8388608 bytes
***********WAITING************
nr_of_strided_rec: 1
nr_doubles: 131072
nr_of_strided_rec: 1
nr_doubles: 131072
nr_of_strided_rec: 1
nr_doubles: 131072
nr_of_strided_rec: 1
nr_doubles: 131072
nr_of_strided_rec: 1
nr_doubles: 131072
nr_of_strided_rec: 1
nr_doubles: 131072
nr_of_strided_rec: 1
nr_doubles: 131072
nr_of_strided_rec: 1
nr_doubles: 131072
nr_of_strided_rec: 1
nr_doubles: 131072
nr_of_strided_rec: 1
nr_doubles: 131072
nr_of_strided_rec: 1
nr_doubles: 131072
nr_of_strided_rec: 1
nr_doubles: 131072
nr_of_strided_rec: 1
nr_doubles: 131072
nr_of_strided_rec: 1
nr_doubles: 131072
nr_of_strided_rec: 1
nr_doubles: 131072
nr_of_strided_rec: 1
nr_doubles: 131072

Write the data to file:8388608 bytes
***********WAITING************

Write the data to file:8388608 bytes
***********WAITING************

Write the data to file:8388608 bytes
***********WAITING************

Write the data to file:8388608 bytes
***********WAITING************

Write the data to file:8388608 bytes
***********WAITING************

Write the data to file:8388608 bytes
***********WAITING************

Write the data to file:8388608 bytes
***********WAITING************

Write the data to file:8388608 bytes
***********WAITING************

Write the data to file:8388608 bytes
***********WAITING************

Write the data to file:8388608 bytes
***********WAITING************

Write the data to file:8388608 bytes
***********WAITING************

Write the data to file:8388608 bytes
***********WAITING************

Write the data to file:8388608 bytes
***********WAITING************

Write the data to file:8388608 bytes
***********WAITING************

Write the data to file:8388608 bytes
***********WAITING************

Write the data to file:8388608 bytes
***********WAITING************
nr_of_strided_rec: 1
nr_doubles: 131072
nr_of_strided_rec: 1
nr_doubles: 131072
nr_of_strided_rec: 1
nr_doubles: 131072
nr_of_strided_rec: 1
nr_doubles: 131072
nr_of_strided_rec: 1
nr_doubles: 131072
nr_of_strided_rec: 1
nr_doubles: 131072
nr_of_strided_rec: 1
nr_doubles: 131072
nr_of_strided_rec: 1
nr_doubles: 131072
nr_of_strided_rec: 1
nr_doubles: 131072
nr_of_strided_rec: 1
nr_doubles: 131072
nr_of_strided_rec: 1
nr_doubles: 131072
nr_of_strided_rec: 1
nr_doubles: 131072
nr_of_strided_rec: 1
nr_doubles: 131072
nr_of_strided_rec: 1
nr_doubles: 131072
nr_of_strided_rec: 1
nr_doubles: 131072
nr_of_strided_rec: 1
nr_doubles: 131072

Write the data to file:8388608 bytes
***********WAITING************

Write the data to file:8388608 bytes
***********WAITING************

Write the data to file:8388608 bytes
***********WAITING************

Write the data to file:8388608 bytes
***********WAITING************

Write the data to file:8388608 bytes
***********WAITING************

Write the data to file:8388608 bytes
***********WAITING************

Write the data to file:8388608 bytes
***********WAITING************

Write the data to file:8388608 bytes
***********WAITING************

Write the data to file:8388608 bytes
***********WAITING************

Write the data to file:8388608 bytes
***********WAITING************

Write the data to file:8388608 bytes
***********WAITING************

Write the data to file:8388608 bytes
***********WAITING************

Write the data to file:8388608 bytes
***********WAITING************

Write the data to file:8388608 bytes
***********WAITING************

Write the data to file:8388608 bytes
***********WAITING************

Write the data to file:8388608 bytes
***********WAITING************
nr_of_strided_rec: 1
nr_doubles: 131072
nr_of_strided_rec: 1
nr_doubles: 131072
nr_of_strided_rec: 1
nr_doubles: 131072
nr_of_strided_rec: 1
nr_doubles: 131072
nr_of_strided_rec: 1
nr_doubles: 131072
nr_of_strided_rec: 1
nr_doubles: 131072
nr_of_strided_rec: 1
nr_doubles: 131072
nr_of_strided_rec: 1
nr_doubles: 131072
nr_of_strided_rec: 1
nr_doubles: 131072
nr_of_strided_rec: 1
nr_doubles: 131072
nr_of_strided_rec: 1
nr_doubles: 131072
nr_of_strided_rec: 1
nr_doubles: 131072
nr_of_strided_rec: 1
nr_doubles: 131072
nr_of_strided_rec: 1
nr_doubles: 131072
nr_of_strided_rec: 1
nr_doubles: 131072
nr_of_strided_rec: 1
nr_doubles: 131072

Write the data to file:8388608 bytes
***********WAITING************

Write the data to file:8388608 bytes
***********WAITING************

Write the data to file:8388608 bytes
***********WAITING************

Write the data to file:8388608 bytes
***********WAITING************

Write the data to file:8388608 bytes
***********WAITING************

Write the data to file:8388608 bytes
***********WAITING************

Write the data to file:8388608 bytes
***********WAITING************

Write the data to file:8388608 bytes
***********WAITING************

Write the data to file:8388608 bytes
***********WAITING************

Write the data to file:8388608 bytes
***********WAITING************

Write the data to file:8388608 bytes
***********WAITING************

Write the data to file:8388608 bytes
***********WAITING************

Write the data to file:8388608 bytes
***********WAITING************

Write the data to file:8388608 bytes
***********WAITING************

Write the data to file:8388608 bytes
***********WAITING************

Write the data to file:8388608 bytes
***********WAITING************
nr_of_strided_rec: 1
nr_doubles: 131072
nr_of_strided_rec: 1
nr_doubles: 131072
nr_of_strided_rec: 1
nr_doubles: 131072
nr_of_strided_rec: 1
nr_doubles: 131072
nr_of_strided_rec: 1
nr_doubles: 131072
nr_of_strided_rec: 1
nr_doubles: 131072
nr_of_strided_rec: 1
nr_doubles: 131072
nr_of_strided_rec: 1
nr_doubles: 131072
nr_of_strided_rec: 1
nr_doubles: 131072
nr_of_strided_rec: 1
nr_doubles: 131072
nr_of_strided_rec: 1
nr_doubles: 131072
nr_of_strided_rec: 1
nr_doubles: 131072
nr_of_strided_rec: 1
nr_doubles: 131072
nr_of_strided_rec: 1
nr_doubles: 131072
nr_of_strided_rec: 1
nr_doubles: 131072
nr_of_strided_rec: 1
nr_doubles: 131072

Write the data to file:8388608 bytes
***********WAITING************

Write the data to file:8388608 bytes
***********WAITING************

Write the data to file:8388608 bytes
***********WAITING************

Write the data to file:8388608 bytes
***********WAITING************

Write the data to file:8388608 bytes
***********WAITING************

Write the data to file:8388608 bytes
***********WAITING************

Write the data to file:8388608 bytes
***********WAITING************

Write the data to file:8388608 bytes
***********WAITING************

Write the data to file:8388608 bytes
***********WAITING************

Write the data to file:8388608 bytes
***********WAITING************

Write the data to file:8388608 bytes
***********WAITING************

Write the data to file:8388608 bytes
***********WAITING************

Write the data to file:8388608 bytes
***********WAITING************

Write the data to file:8388608 bytes
***********WAITING************

Write the data to file:8388608 bytes
***********WAITING************

Write the data to file:8388608 bytes
***********WAITING************
nr_of_strided_rec: 1
nr_doubles: 131072
nr_of_strided_rec: 1
nr_doubles: 131072
nr_of_strided_rec: 1
nr_doubles: 131072
nr_of_strided_rec: 1
nr_doubles: 131072
nr_of_strided_rec: 1
nr_doubles: 131072
nr_of_strided_rec: 1
nr_doubles: 131072
nr_of_strided_rec: 1
nr_doubles: 131072
nr_of_strided_rec: 1
nr_doubles: 131072
nr_of_strided_rec: 1
nr_doubles: 131072
nr_of_strided_rec: 1
nr_doubles: 131072
nr_of_strided_rec: 1
nr_doubles: 131072
nr_of_strided_rec: 1
nr_doubles: 131072
nr_of_strided_rec: 1
nr_doubles: 131072
nr_of_strided_rec: 1
nr_doubles: 131072
nr_of_strided_rec: 1
nr_doubles: 131072
nr_of_strided_rec: 1
nr_doubles: 131072

Write the data to file:8388608 bytes
***********WAITING************

Write the data to file:8388608 bytes
***********WAITING************

Write the data to file:8388608 bytes
***********WAITING************

Write the data to file:8388608 bytes
***********WAITING************

Write the data to file:8388608 bytes
***********WAITING************

Write the data to file:8388608 bytes
***********WAITING************

Write the data to file:8388608 bytes
***********WAITING************

Write the data to file:8388608 bytes
***********WAITING************

Write the data to file:8388608 bytes
***********WAITING************

Write the data to file:8388608 bytes
***********WAITING************

Write the data to file:8388608 bytes
***********WAITING************

Write the data to file:8388608 bytes
***********WAITING************

Write the data to file:8388608 bytes
***********WAITING************

Write the data to file:8388608 bytes
***********WAITING************

Write the data to file:8388608 bytes
***********WAITING************

Write the data to file:8388608 bytes
***********WAITING************
nr_of_strided_rec: 1
nr_doubles: 131072
nr_of_strided_rec: 1
nr_doubles: 131072
nr_of_strided_rec: 1
nr_doubles: 131072
nr_of_strided_rec: 1
nr_doubles: 131072
nr_of_strided_rec: 1
nr_doubles: 131072
nr_of_strided_rec: 1
nr_doubles: 131072
nr_of_strided_rec: 1
nr_doubles: 131072
nr_of_strided_rec: 1
nr_doubles: 131072
nr_of_strided_rec: 1
nr_doubles: 131072
nr_of_strided_rec: 1
nr_doubles: 131072
nr_of_strided_rec: 1
nr_doubles: 131072
nr_of_strided_rec: 1
nr_doubles: 131072
nr_of_strided_rec: 1
nr_doubles: 131072
nr_of_strided_rec: 1
nr_doubles: 131072
nr_of_strided_rec: 1
nr_doubles: 131072
nr_of_strided_rec: 1
nr_doubles: 131072

Write the data to file:8388608 bytes
***********WAITING************

Write the data to file:8388608 bytes
***********WAITING************

Write the data to file:8388608 bytes
***********WAITING************

Write the data to file:8388608 bytes
***********WAITING************

Write the data to file:8388608 bytes
***********WAITING************

Write the data to file:8388608 bytes
***********WAITING************

Write the data to file:8388608 bytes
***********WAITING************

Write the data to file:8388608 bytes
***********WAITING************

Write the data to file:8388608 bytes
***********WAITING************

Write the data to file:8388608 bytes
***********WAITING************

Write the data to file:8388608 bytes
***********WAITING************

Write the data to file:8388608 bytes
***********WAITING************

Write the data to file:8388608 bytes
***********WAITING************

Write the data to file:8388608 bytes
***********WAITING************

Write the data to file:8388608 bytes
***********WAITING************

Write the data to file:8388608 bytes
***********WAITING************
nr_of_strided_rec: 1
nr_doubles: 131072
nr_of_strided_rec: 1
nr_doubles: 131072
nr_of_strided_rec: 1
nr_doubles: 131072
nr_of_strided_rec: 1
nr_doubles: 131072
nr_of_strided_rec: 1
nr_doubles: 131072
nr_of_strided_rec: 1
nr_doubles: 131072
nr_of_strided_rec: 1
nr_doubles: 131072
nr_of_strided_rec: 1
nr_doubles: 131072
nr_of_strided_rec: 1
nr_doubles: 131072
nr_of_strided_rec: 1
nr_doubles: 131072
nr_of_strided_rec: 1
nr_doubles: 131072
nr_of_strided_rec: 1
nr_doubles: 131072
nr_of_strided_rec: 1
nr_doubles: 131072
nr_of_strided_rec: 1
nr_doubles: 131072
nr_of_strided_rec: 1
nr_doubles: 131072
nr_of_strided_rec: 1
nr_doubles: 131072

Write the data to file:8388608 bytes
***********WAITING************

Write the data to file:8388608 bytes
***********WAITING************

Write the data to file:8388608 bytes
***********WAITING************

Write the data to file:8388608 bytes
***********WAITING************

Write the data to file:8388608 bytes
***********WAITING************

Write the data to file:8388608 bytes
***********WAITING************

Write the data to file:8388608 bytes
***********WAITING************

Write the data to file:8388608 bytes
***********WAITING************

Write the data to file:8388608 bytes
***********WAITING************

Write the data to file:8388608 bytes
***********WAITING************

Write the data to file:8388608 bytes
***********WAITING************

Write the data to file:8388608 bytes
***********WAITING************

Write the data to file:8388608 bytes
***********WAITING************

Write the data to file:8388608 bytes
***********WAITING************

Write the data to file:8388608 bytes
***********WAITING************

Write the data to file:8388608 bytes
***********WAITING************
nr_of_strided_rec: 1
nr_doubles: 131072
nr_of_strided_rec: 1
nr_doubles: 131072
nr_of_strided_rec: 1
nr_doubles: 131072
nr_of_strided_rec: 1
nr_doubles: 131072
nr_of_strided_rec: 1
nr_doubles: 131072
nr_of_strided_rec: 1
nr_doubles: 131072
nr_of_strided_rec: 1
nr_doubles: 131072
nr_of_strided_rec: 1
nr_doubles: 131072
nr_of_strided_rec: 1
nr_doubles: 131072
nr_of_strided_rec: 1
nr_doubles: 131072
nr_of_strided_rec: 1
nr_doubles: 131072
nr_of_strided_rec: 1
nr_doubles: 131072
nr_of_strided_rec: 1
nr_doubles: 131072
nr_of_strided_rec: 1
nr_doubles: 131072
nr_of_strided_rec: 1
nr_doubles: 131072
nr_of_strided_rec: 1
nr_doubles: 131072

Write the data to file:8388608 bytes
***********WAITING************

Write the data to file:8388608 bytes
***********WAITING************

Write the data to file:8388608 bytes
***********WAITING************

Write the data to file:8388608 bytes
***********WAITING************

Write the data to file:8388608 bytes
***********WAITING************

Write the data to file:8388608 bytes
***********WAITING************

Write the data to file:8388608 bytes
***********WAITING************

Write the data to file:8388608 bytes
***********WAITING************

Write the data to file:8388608 bytes
***********WAITING************

Write the data to file:8388608 bytes
***********WAITING************

Write the data to file:8388608 bytes
***********WAITING************

Write the data to file:8388608 bytes
***********WAITING************

Write the data to file:8388608 bytes
***********WAITING************

Write the data to file:8388608 bytes
***********WAITING************

Write the data to file:8388608 bytes
***********WAITING************

Write the data to file:8388608 bytes
***********WAITING************
nr_of_strided_rec: 1
nr_doubles: 131072
nr_of_strided_rec: 1
nr_doubles: 131072
nr_of_strided_rec: 1
nr_doubles: 131072
nr_of_strided_rec: 1
nr_doubles: 131072
nr_of_strided_rec: 1
nr_doubles: 131072
nr_of_strided_rec: 1
nr_doubles: 131072
nr_of_strided_rec: 1
nr_doubles: 131072
nr_of_strided_rec: 1
nr_doubles: 131072
nr_of_strided_rec: 1
nr_doubles: 131072
nr_of_strided_rec: 1
nr_doubles: 131072
nr_of_strided_rec: 1
nr_doubles: 131072
nr_of_strided_rec: 1
nr_doubles: 131072
nr_of_strided_rec: 1
nr_doubles: 131072
nr_of_strided_rec: 1
nr_doubles: 131072
nr_of_strided_rec: 1
nr_doubles: 131072
nr_of_strided_rec: 1
nr_doubles: 131072

Write the data to file:8388608 bytes
***********WAITING************

Write the data to file:8388608 bytes
***********WAITING************

Write the data to file:8388608 bytes
***********WAITING************

Write the data to file:8388608 bytes
***********WAITING************

Write the data to file:8388608 bytes
***********WAITING************

Write the data to file:8388608 bytes
***********WAITING************

Write the data to file:8388608 bytes
***********WAITING************

Write the data to file:8388608 bytes
***********WAITING************

Write the data to file:8388608 bytes
***********WAITING************

Write the data to file:8388608 bytes
***********WAITING************

Write the data to file:8388608 bytes
***********WAITING************

Write the data to file:8388608 bytes
***********WAITING************

Write the data to file:8388608 bytes
***********WAITING************

Write the data to file:8388608 bytes
***********WAITING************

Write the data to file:8388608 bytes
***********WAITING************

Write the data to file:8388608 bytes
***********WAITING************
nr_of_strided_rec: 1
nr_doubles: 131072
nr_of_strided_rec: 1
nr_doubles: 131072
nr_of_strided_rec: 1
nr_doubles: 131072
nr_of_strided_rec: 1
nr_doubles: 131072
nr_of_strided_rec: 1
nr_doubles: 131072
nr_of_strided_rec: 1
nr_doubles: 131072
nr_of_strided_rec: 1
nr_doubles: 131072
nr_of_strided_rec: 1
nr_doubles: 131072
nr_of_strided_rec: 1
nr_doubles: 131072
nr_of_strided_rec: 1
nr_doubles: 131072
nr_of_strided_rec: 1
nr_doubles: 131072
nr_of_strided_rec: 1
nr_doubles: 131072
nr_of_strided_rec: 1
nr_doubles: 131072
nr_of_strided_rec: 1
nr_doubles: 131072
nr_of_strided_rec: 1
nr_doubles: 131072
nr_of_strided_rec: 1
nr_doubles: 131072

Write the data to file:8388608 bytes
***********WAITING************

Write the data to file:8388608 bytes
***********WAITING************

Write the data to file:8388608 bytes
***********WAITING************

Write the data to file:8388608 bytes
***********WAITING************

Write the data to file:8388608 bytes
***********WAITING************

Write the data to file:8388608 bytes
***********WAITING************

Write the data to file:8388608 bytes
***********WAITING************

Write the data to file:8388608 bytes
***********WAITING************

Write the data to file:8388608 bytes
***********WAITING************

Write the data to file:8388608 bytes
***********WAITING************

Write the data to file:8388608 bytes
***********WAITING************

Write the data to file:8388608 bytes
***********WAITING************

Write the data to file:8388608 bytes
***********WAITING************

Write the data to file:8388608 bytes
***********WAITING************

Write the data to file:8388608 bytes
***********WAITING************

Write the data to file:8388608 bytes
***********WAITING************
nr_of_strided_rec: 1
nr_doubles: 131072
nr_of_strided_rec: 1
nr_doubles: 131072
nr_of_strided_rec: 1
nr_doubles: 131072
nr_of_strided_rec: 1
nr_doubles: 131072
nr_of_strided_rec: 1
nr_doubles: 131072
nr_of_strided_rec: 1
nr_doubles: 131072
nr_of_strided_rec: 1
nr_doubles: 131072
nr_of_strided_rec: 1
nr_doubles: 131072
nr_of_strided_rec: 1
nr_doubles: 131072
nr_of_strided_rec: 1
nr_doubles: 131072
nr_of_strided_rec: 1
nr_doubles: 131072
nr_of_strided_rec: 1
nr_doubles: 131072
nr_of_strided_rec: 1
nr_doubles: 131072
nr_of_strided_rec: 1
nr_doubles: 131072
nr_of_strided_rec: 1
nr_doubles: 131072
nr_of_strided_rec: 1
nr_doubles: 131072

Write the data to file:8388608 bytes
***********WAITING************

Write the data to file:8388608 bytes
***********WAITING************

Write the data to file:8388608 bytes
***********WAITING************

Write the data to file:8388608 bytes
***********WAITING************

Write the data to file:8388608 bytes
***********WAITING************

Write the data to file:8388608 bytes
***********WAITING************

Write the data to file:8388608 bytes
***********WAITING************

Write the data to file:8388608 bytes
***********WAITING************

Write the data to file:8388608 bytes
***********WAITING************

Write the data to file:8388608 bytes
***********WAITING************

Write the data to file:8388608 bytes
***********WAITING************

Write the data to file:8388608 bytes
***********WAITING************

Write the data to file:8388608 bytes
***********WAITING************

Write the data to file:8388608 bytes
***********WAITING************

Write the data to file:8388608 bytes
***********WAITING************

Write the data to file:8388608 bytes
***********WAITING************
nr_of_strided_rec: 1
nr_doubles: 131072
nr_of_strided_rec: 1
nr_doubles: 131072
nr_of_strided_rec: 1
nr_doubles: 131072
nr_of_strided_rec: 1
nr_doubles: 131072
nr_of_strided_rec: 1
nr_doubles: 131072
nr_of_strided_rec: 1
nr_doubles: 131072
nr_of_strided_rec: 1
nr_doubles: 131072
nr_of_strided_rec: 1
nr_doubles: 131072
nr_of_strided_rec: 1
nr_doubles: 131072
nr_of_strided_rec: 1
nr_doubles: 131072
nr_of_strided_rec: 1
nr_doubles: 131072
nr_of_strided_rec: 1
nr_doubles: 131072
nr_of_strided_rec: 1
nr_doubles: 131072
nr_of_strided_rec: 1
nr_doubles: 131072
nr_of_strided_rec: 1
nr_doubles: 131072
nr_of_strided_rec: 1
nr_doubles: 131072

Write the data to file:8388608 bytes
***********WAITING************

Write the data to file:8388608 bytes
***********WAITING************

Write the data to file:8388608 bytes
***********WAITING************

Write the data to file:8388608 bytes
***********WAITING************

Write the data to file:8388608 bytes
***********WAITING************

Write the data to file:8388608 bytes
***********WAITING************

Write the data to file:8388608 bytes
***********WAITING************

Write the data to file:8388608 bytes
***********WAITING************

Write the data to file:8388608 bytes
***********WAITING************

Write the data to file:8388608 bytes
***********WAITING************

Write the data to file:8388608 bytes
***********WAITING************

Write the data to file:8388608 bytes
***********WAITING************

Write the data to file:8388608 bytes
***********WAITING************

Write the data to file:8388608 bytes
***********WAITING************

Write the data to file:8388608 bytes
***********WAITING************

Write the data to file:8388608 bytes
***********WAITING************
nr_of_strided_rec: 1
nr_doubles: 131072
nr_of_strided_rec: 1
nr_doubles: 131072
nr_of_strided_rec: 1
nr_doubles: 131072
nr_of_strided_rec: 1
nr_doubles: 131072
nr_of_strided_rec: 1
nr_doubles: 131072
nr_of_strided_rec: 1
nr_doubles: 131072
nr_of_strided_rec: 1
nr_doubles: 131072
nr_of_strided_rec: 1
nr_doubles: 131072
nr_of_strided_rec: 1
nr_doubles: 131072
nr_of_strided_rec: 1
nr_doubles: 131072
nr_of_strided_rec: 1
nr_doubles: 131072
nr_of_strided_rec: 1
nr_doubles: 131072
nr_of_strided_rec: 1
nr_doubles: 131072
nr_of_strided_rec: 1
nr_doubles: 131072
nr_of_strided_rec: 1
nr_doubles: 131072
nr_of_strided_rec: 1
nr_doubles: 131072

Write the data to file:8388608 bytes
***********WAITING************

Write the data to file:8388608 bytes
***********WAITING************

Write the data to file:8388608 bytes
***********WAITING************

Write the data to file:8388608 bytes
***********WAITING************

Write the data to file:8388608 bytes
***********WAITING************

Write the data to file:8388608 bytes
***********WAITING************

Write the data to file:8388608 bytes
***********WAITING************

Write the data to file:8388608 bytes
***********WAITING************

Write the data to file:8388608 bytes
***********WAITING************

Write the data to file:8388608 bytes
***********WAITING************

Write the data to file:8388608 bytes
***********WAITING************

Write the data to file:8388608 bytes
***********WAITING************

Write the data to file:8388608 bytes
***********WAITING************

Write the data to file:8388608 bytes
***********WAITING************

Write the data to file:8388608 bytes
***********WAITING************

Write the data to file:8388608 bytes
***********WAITING************
nr_of_strided_rec: 1
nr_doubles: 131072
nr_of_strided_rec: 1
nr_doubles: 131072
nr_of_strided_rec: 1
nr_doubles: 131072
nr_of_strided_rec: 1
nr_doubles: 131072
nr_of_strided_rec: 1
nr_doubles: 131072
nr_of_strided_rec: 1
nr_doubles: 131072
nr_of_strided_rec: 1
nr_doubles: 131072
nr_of_strided_rec: 1
nr_doubles: 131072
nr_of_strided_rec: 1
nr_doubles: 131072
nr_of_strided_rec: 1
nr_doubles: 131072
nr_of_strided_rec: 1
nr_doubles: 131072
nr_of_strided_rec: 1
nr_doubles: 131072
nr_of_strided_rec: 1
nr_doubles: 131072
nr_of_strided_rec: 1
nr_doubles: 131072
nr_of_strided_rec: 1
nr_doubles: 131072
nr_of_strided_rec: 1
nr_doubles: 131072

Write the data to file:8388608 bytes
***********WAITING************

Write the data to file:8388608 bytes
***********WAITING************

Write the data to file:8388608 bytes
***********WAITING************

Write the data to file:8388608 bytes
***********WAITING************

Write the data to file:8388608 bytes
***********WAITING************

Write the data to file:8388608 bytes
***********WAITING************

Write the data to file:8388608 bytes
***********WAITING************

Write the data to file:8388608 bytes
***********WAITING************

Write the data to file:8388608 bytes
***********WAITING************

Write the data to file:8388608 bytes
***********WAITING************

Write the data to file:8388608 bytes
***********WAITING************

Write the data to file:8388608 bytes
***********WAITING************

Write the data to file:8388608 bytes
***********WAITING************

Write the data to file:8388608 bytes
***********WAITING************

Write the data to file:8388608 bytes
***********WAITING************

Write the data to file:8388608 bytes
***********WAITING************

Write the data to file:8388608 bytes
***********WAITING************

Write the data to file:8388608 bytes
***********WAITING************

Write the data to file:8388608 bytes
***********WAITING************

Write the data to file:8388608 bytes
***********WAITING************

Write the data to file:8388608 bytes
***********WAITING************

Write the data to file:8388608 bytes
***********WAITING************

Write the data to file:8388608 bytes
***********WAITING************

Write the data to file:8388608 bytes
***********WAITING************

Write the data to file:8388608 bytes
***********WAITING************

Write the data to file:8388608 bytes
***********WAITING************

Write the data to file:8388608 bytes
***********WAITING************

Write the data to file:8388608 bytes
***********WAITING************

Write the data to file:8388608 bytes
***********WAITING************

Write the data to file:8388608 bytes
***********WAITING************

Write the data to file:8388608 bytes
***********WAITING************

Write the data to file:8388608 bytes
***********WAITING************
W_cc         0.56   [      0.56:      0.56]
W_r         12.62   [     12.62:     12.62]
W_w          8.65   [      8.65:      8.65]
          -------
W_total     21.83   [     21.83:     21.83]

calc_W done
calc_W done
calc_W done
calc_W done
calc_W done
calc_W done
nr_of_strided_rec: 1
nr_doubles: 131072
calc_W done
nr_of_strided_rec: 1
nr_doubles: 131072
calc_W done
nr_of_strided_rec: 1
nr_doubles: 131072
calc_W done
nr_of_strided_rec: 1
nr_doubles: 131072
calc_W done
nr_of_strided_rec: 1
nr_doubles: 131072
calc_W done
nr_of_strided_rec: 1
nr_doubles: 131072
calc_W done
nr_of_strided_rec: 1
nr_doubles: 131072
calc_W done
nr_of_strided_rec: 1
nr_doubles: 131072
calc_W done
nr_of_strided_rec: 1
nr_doubles: 131072
calc_W done
nr_of_strided_rec: 1
nr_doubles: 131072
calc_W done
nr_of_strided_rec: 1
nr_doubles: 131072
nr_of_strided_rec: 1
nr_doubles: 131072
nr_of_strided_rec: 1
nr_doubles: 131072
nr_of_strided_rec: 1
nr_doubles: 131072
nr_of_strided_rec: 1
nr_doubles: 131072
nr_of_strided_rec: 1
nr_doubles: 131072
nr_of_strided_rec: 1
nr_doubles: 131072
nr_of_strided_rec: 1
nr_doubles: 131072
nr_of_strided_rec: 1
nr_doubles: 131072
nr_of_strided_rec: 1
nr_doubles: 131072
nr_of_strided_rec: 1
nr_doubles: 131072
nr_of_strided_rec: 1
nr_doubles: 131072
nr_of_strided_rec: 1
nr_doubles: 131072
nr_of_strided_rec: 1
nr_doubles: 131072
nr_of_strided_rec: 1
nr_doubles: 131072
nr_of_strided_rec: 1
nr_doubles: 131072
nr_of_strided_rec: 1
nr_doubles: 131072
nr_of_strided_rec: 1
nr_doubles: 131072
nr_of_strided_rec: 1
nr_doubles: 131072
nr_of_strided_rec: 1
nr_doubles: 131072
nr_of_strided_rec: 1
nr_doubles: 131072
nr_of_strided_rec: 1
nr_doubles: 131072
nr_of_strided_rec: 1
nr_doubles: 131072
nr_of_strided_rec: 1
nr_doubles: 131072
nr_of_strided_rec: 1
nr_doubles: 131072
nr_of_strided_rec: 1
nr_doubles: 131072
nr_of_strided_rec: 1
nr_doubles: 131072
nr_of_strided_rec: 1
nr_doubles: 131072
nr_of_strided_rec: 1
nr_doubles: 131072
nr_of_strided_rec: 1
nr_doubles: 131072
nr_of_strided_rec: 1
nr_doubles: 131072
nr_of_strided_rec: 1
nr_doubles: 131072
nr_of_strided_rec: 1
nr_doubles: 131072
nr_of_strided_rec: 1
nr_doubles: 131072
nr_of_strided_rec: 1
nr_doubles: 131072
nr_of_strided_rec: 1
nr_doubles: 131072
nr_of_strided_rec: 1
nr_doubles: 131072
nr_of_strided_rec: 1
nr_doubles: 131072
nr_of_strided_rec: 1
nr_doubles: 131072
nr_of_strided_rec: 1
nr_doubles: 131072
nr_of_strided_rec: 1
nr_doubles: 131072
nr_of_strided_rec: 1
nr_doubles: 131072
nr_of_strided_rec: 1
nr_doubles: 131072
nr_of_strided_rec: 1
nr_doubles: 131072
nr_of_strided_rec: 1
nr_doubles: 131072
nr_of_strided_rec: 1
nr_doubles: 131072
nr_of_strided_rec: 1
nr_doubles: 131072
nr_of_strided_rec: 1
nr_doubles: 131072
nr_of_strided_rec: 1
nr_doubles: 131072
nr_of_strided_rec: 1
nr_doubles: 131072
nr_of_strided_rec: 1
nr_doubles: 131072
nr_of_strided_rec: 1
nr_doubles: 131072
nr_of_strided_rec: 1
nr_doubles: 131072
nr_of_strided_rec: 1
nr_doubles: 131072
nr_of_strided_rec: 1
nr_doubles: 131072
nr_of_strided_rec: 1
nr_doubles: 131072
nr_of_strided_rec: 1
nr_doubles: 131072
nr_of_strided_rec: 1
nr_doubles: 131072
nr_of_strided_rec: 1
nr_doubles: 131072
nr_of_strided_rec: 1
nr_doubles: 131072
nr_of_strided_rec: 1
nr_doubles: 131072
nr_of_strided_rec: 1
nr_doubles: 131072
nr_of_strided_rec: 1
nr_doubles: 131072
nr_of_strided_rec: 1
nr_doubles: 131072
nr_of_strided_rec: 1
nr_doubles: 131072
nr_of_strided_rec: 1
nr_doubles: 131072
nr_of_strided_rec: 1
nr_doubles: 131072
nr_of_strided_rec: 1
nr_doubles: 131072
nr_of_strided_rec: 1
nr_doubles: 131072
nr_of_strided_rec: 1
nr_doubles: 131072
nr_of_strided_rec: 1
nr_doubles: 131072
nr_of_strided_rec: 1
nr_doubles: 131072
nr_of_strided_rec: 1
nr_doubles: 131072
nr_of_strided_rec: 1
nr_doubles: 131072
nr_of_strided_rec: 1
nr_doubles: 131072
nr_of_strided_rec: 1
nr_doubles: 131072
nr_of_strided_rec: 1
nr_doubles: 131072
nr_of_strided_rec: 1
nr_doubles: 131072
nr_of_strided_rec: 1
nr_doubles: 131072
nr_of_strided_rec: 1
nr_doubles: 131072
nr_of_strided_rec: 1
nr_doubles: 131072
nr_of_strided_rec: 1
nr_doubles: 131072
nr_of_strided_rec: 1
nr_doubles: 131072
nr_of_strided_rec: 1
nr_doubles: 131072
nr_of_strided_rec: 1
nr_doubles: 131072
nr_of_strided_rec: 1
nr_doubles: 131072
nr_of_strided_rec: 1
nr_doubles: 131072
nr_of_strided_rec: 1
nr_doubles: 131072
nr_of_strided_rec: 1
nr_doubles: 131072
nr_of_strided_rec: 1
nr_doubles: 131072
nr_of_strided_rec: 1
nr_doubles: 131072
nr_of_strided_rec: 1
nr_doubles: 131072
nr_of_strided_rec: 1
nr_doubles: 131072
nr_of_strided_rec: 1
nr_doubles: 131072
nr_of_strided_rec: 1
nr_doubles: 131072
nr_of_strided_rec: 1
nr_doubles: 131072
nr_of_strided_rec: 1
nr_doubles: 131072
nr_of_strided_rec: 1
nr_doubles: 131072
nr_of_strided_rec: 1
nr_doubles: 131072
nr_of_strided_rec: 1
nr_doubles: 131072
nr_of_strided_rec: 1
nr_doubles: 131072
nr_of_strided_rec: 1
nr_doubles: 131072
nr_of_strided_rec: 1
nr_doubles: 131072
nr_of_strided_rec: 1
nr_doubles: 131072
nr_of_strided_rec: 1
nr_doubles: 131072
nr_of_strided_rec: 1
nr_doubles: 131072
nr_of_strided_rec: 1
nr_doubles: 131072
nr_of_strided_rec: 1
nr_doubles: 131072
nr_of_strided_rec: 1
nr_doubles: 131072
nr_of_strided_rec: 1
nr_doubles: 131072
nr_of_strided_rec: 1
nr_doubles: 131072
nr_of_strided_rec: 1
nr_doubles: 131072
nr_of_strided_rec: 1
nr_doubles: 131072
nr_of_strided_rec: 1
nr_doubles: 131072
nr_of_strided_rec: 1
nr_doubles: 131072
nr_of_strided_rec: 1
nr_doubles: 131072
nr_of_strided_rec: 1
nr_doubles: 131072
nr_of_strided_rec: 1
nr_doubles: 131072
nr_of_strided_rec: 1
nr_doubles: 131072
nr_of_strided_rec: 1
nr_doubles: 131072
nr_of_strided_rec: 1
nr_doubles: 131072
nr_of_strided_rec: 1
nr_doubles: 131072
nr_of_strided_rec: 1
nr_doubles: 131072
nr_of_strided_rec: 1
nr_doubles: 131072
nr_of_strided_rec: 1
nr_doubles: 131072
nr_of_strided_rec: 1
nr_doubles: 131072
nr_of_strided_rec: 1
nr_doubles: 131072
nr_of_strided_rec: 1
nr_doubles: 131072
nr_of_strided_rec: 1
nr_doubles: 131072
nr_of_strided_rec: 1
nr_doubles: 131072
nr_of_strided_rec: 1
nr_doubles: 131072
nr_of_strided_rec: 1
nr_doubles: 131072
nr_of_strided_rec: 1
nr_doubles: 131072
nr_of_strided_rec: 1
nr_doubles: 131072
nr_of_strided_rec: 1
nr_doubles: 131072
nr_of_strided_rec: 1
nr_doubles: 131072
nr_of_strided_rec: 1
nr_doubles: 131072
nr_of_strided_rec: 1
nr_doubles: 131072
nr_of_strided_rec: 1
nr_doubles: 131072
nr_of_strided_rec: 1
nr_doubles: 131072
nr_of_strided_rec: 1
nr_doubles: 131072
nr_of_strided_rec: 1
nr_doubles: 131072
nr_of_strided_rec: 1
nr_doubles: 131072
nr_of_strided_rec: 1
nr_doubles: 131072
nr_of_strided_rec: 1
nr_doubles: 131072
nr_of_strided_rec: 1
nr_doubles: 131072
nr_of_strided_rec: 1
nr_doubles: 131072
nr_of_strided_rec: 1
nr_doubles: 131072
nr_of_strided_rec: 1
nr_doubles: 131072
nr_of_strided_rec: 1
nr_doubles: 131072
nr_of_strided_rec: 1
nr_doubles: 131072
nr_of_strided_rec: 1
nr_doubles: 131072
nr_of_strided_rec: 1
nr_doubles: 131072
nr_of_strided_rec: 1
nr_doubles: 131072
nr_of_strided_rec: 1
nr_doubles: 131072
nr_of_strided_rec: 1
nr_doubles: 131072
nr_of_strided_rec: 1
nr_doubles: 131072
nr_of_strided_rec: 1
nr_doubles: 131072
nr_of_strided_rec: 1
nr_doubles: 131072
nr_of_strided_rec: 1
nr_doubles: 131072
nr_of_strided_rec: 1
nr_doubles: 131072
nr_of_strided_rec: 1
nr_doubles: 131072
nr_of_strided_rec: 1
nr_doubles: 131072
nr_of_strided_rec: 1
nr_doubles: 131072
nr_of_strided_rec: 1
nr_doubles: 131072
nr_of_strided_rec: 1
nr_doubles: 131072
nr_of_strided_rec: 1
nr_doubles: 131072
nr_of_strided_rec: 1
nr_doubles: 131072
nr_of_strided_rec: 1
nr_doubles: 131072
nr_of_strided_rec: 1
nr_doubles: 131072
nr_of_strided_rec: 1
nr_doubles: 131072
nr_of_strided_rec: 1
nr_doubles: 131072
nr_of_strided_rec: 1
nr_doubles: 131072
nr_of_strided_rec: 1
nr_doubles: 131072
nr_of_strided_rec: 1
nr_doubles: 131072
nr_of_strided_rec: 1
nr_doubles: 131072
nr_of_strided_rec: 1
nr_doubles: 131072
nr_of_strided_rec: 1
nr_doubles: 131072
nr_of_strided_rec: 1
nr_doubles: 131072
nr_of_strided_rec: 1
nr_doubles: 131072
nr_of_strided_rec: 1
nr_doubles: 131072
nr_of_strided_rec: 1
nr_doubles: 131072
nr_of_strided_rec: 1
nr_doubles: 131072
nr_of_strided_rec: 1
nr_doubles: 131072
nr_of_strided_rec: 1
nr_doubles: 131072
nr_of_strided_rec: 1
nr_doubles: 131072
nr_of_strided_rec: 1
nr_doubles: 131072
nr_of_strided_rec: 1
nr_doubles: 131072
nr_of_strided_rec: 1
nr_doubles: 131072
nr_of_strided_rec: 1
nr_doubles: 131072
nr_of_strided_rec: 1
nr_doubles: 131072
nr_of_strided_rec: 1
nr_doubles: 131072
nr_of_strided_rec: 1
nr_doubles: 131072
nr_of_strided_rec: 1
nr_doubles: 131072
nr_of_strided_rec: 1
nr_doubles: 131072
nr_of_strided_rec: 1
nr_doubles: 131072
nr_of_strided_rec: 1
nr_doubles: 131072
nr_of_strided_rec: 1
nr_doubles: 131072
nr_of_strided_rec: 1
nr_doubles: 131072
nr_of_strided_rec: 1
nr_doubles: 131072
nr_of_strided_rec: 1
nr_doubles: 131072
nr_of_strided_rec: 1
nr_doubles: 131072
nr_of_strided_rec: 1
nr_doubles: 131072
nr_of_strided_rec: 1
nr_doubles: 131072
nr_of_strided_rec: 1
nr_doubles: 131072
nr_of_strided_rec: 1
nr_doubles: 131072
nr_of_strided_rec: 1
nr_doubles: 131072
nr_of_strided_rec: 1
nr_doubles: 131072
nr_of_strided_rec: 1
nr_doubles: 131072
nr_of_strided_rec: 1
nr_doubles: 131072
nr_of_strided_rec: 1
nr_doubles: 131072
nr_of_strided_rec: 1
nr_doubles: 131072
nr_of_strided_rec: 1
nr_doubles: 131072
nr_of_strided_rec: 1
nr_doubles: 131072
nr_of_strided_rec: 1
nr_doubles: 131072
nr_of_strided_rec: 1
nr_doubles: 131072
nr_of_strided_rec: 1
nr_doubles: 131072
nr_of_strided_rec: 1
nr_doubles: 131072
nr_of_strided_rec: 1
nr_doubles: 131072
nr_of_strided_rec: 1
nr_doubles: 131072
nr_of_strided_rec: 1
nr_doubles: 131072
nr_of_strided_rec: 1
nr_doubles: 131072
nr_of_strided_rec: 1
nr_doubles: 131072
nr_of_strided_rec: 1
nr_doubles: 131072
nr_of_strided_rec: 1
nr_doubles: 131072
nr_of_strided_rec: 1
nr_doubles: 131072
nr_of_strided_rec: 1
nr_doubles: 131072
nr_of_strided_rec: 1
nr_doubles: 131072
nr_of_strided_rec: 1
nr_doubles: 131072
nr_of_strided_rec: 1
nr_doubles: 131072
nr_of_strided_rec: 1
nr_doubles: 131072
nr_of_strided_rec: 1
nr_doubles: 131072
nr_of_strided_rec: 1
nr_doubles: 131072
nr_of_strided_rec: 1
nr_doubles: 131072
nr_of_strided_rec: 1
nr_doubles: 131072
nr_of_strided_rec: 1
nr_doubles: 131072
nr_of_strided_rec: 1
nr_doubles: 131072
nr_of_strided_rec: 1
nr_doubles: 131072
nr_of_strided_rec: 1
nr_doubles: 131072
nr_of_strided_rec: 1
nr_doubles: 131072
nr_of_strided_rec: 1
nr_doubles: 131072
nr_of_strided_rec: 1
nr_doubles: 131072
nr_of_strided_rec: 1
nr_doubles: 131072
nr_of_strided_rec: 1
nr_doubles: 131072
nr_of_strided_rec: 1
nr_doubles: 131072
nr_of_strided_rec: 1
nr_doubles: 131072
nr_of_strided_rec: 1
nr_doubles: 131072
nr_of_strided_rec: 1
nr_doubles: 131072
nr_of_strided_rec: 1
nr_doubles: 131072
nr_of_strided_rec: 1
nr_doubles: 131072
nr_of_strided_rec: 1
nr_doubles: 131072
nr_of_strided_rec: 1
nr_doubles: 131072
nr_of_strided_rec: 1
nr_doubles: 131072
nr_of_strided_rec: 1
nr_doubles: 131072
nr_of_strided_rec: 1
nr_doubles: 131072
nr_of_strided_rec: 1
nr_doubles: 131072
nr_of_strided_rec: 1
nr_doubles: 131072
nr_of_strided_rec: 1
nr_doubles: 131072
nr_of_strided_rec: 1
nr_doubles: 131072
nr_of_strided_rec: 1
nr_doubles: 131072
nr_of_strided_rec: 1
nr_doubles: 131072
nr_of_strided_rec: 1
nr_doubles: 131072
nr_of_strided_rec: 1
nr_doubles: 131072
nr_of_strided_rec: 1
nr_doubles: 131072
nr_of_strided_rec: 1
nr_doubles: 131072
nr_of_strided_rec: 1
nr_doubles: 131072
nr_of_strided_rec: 1
nr_doubles: 131072
nr_of_strided_rec: 1
nr_doubles: 131072
nr_of_strided_rec: 1
nr_doubles: 131072
nr_of_strided_rec: 1
nr_doubles: 131072
nr_of_strided_rec: 1
nr_doubles: 131072
nr_of_strided_rec: 1
nr_doubles: 131072
nr_of_strided_rec: 1
nr_doubles: 131072
nr_of_strided_rec: 1
nr_doubles: 131072
nr_of_strided_rec: 1
nr_doubles: 131072
nr_of_strided_rec: 1
nr_doubles: 131072
nr_of_strided_rec: 1
nr_doubles: 131072
nr_of_strided_rec: 1
nr_doubles: 131072
nr_of_strided_rec: 1
nr_doubles: 131072
nr_of_strided_rec: 1
nr_doubles: 131072
nr_of_strided_rec: 1
nr_doubles: 131072
nr_of_strided_rec: 1
nr_doubles: 131072
nr_of_strided_rec: 1
nr_doubles: 131072
nr_of_strided_rec: 1
nr_doubles: 131072
nr_of_strided_rec: 1
nr_doubles: 131072
nr_of_strided_rec: 1
nr_doubles: 131072
nr_of_strided_rec: 1
nr_doubles: 131072
nr_of_strided_rec: 1
nr_doubles: 131072
nr_of_strided_rec: 1
nr_doubles: 131072
nr_of_strided_rec: 1
nr_doubles: 131072
nr_of_strided_rec: 1
nr_doubles: 131072
nr_of_strided_rec: 1
nr_doubles: 131072
nr_of_strided_rec: 1
nr_doubles: 131072
nr_of_strided_rec: 1
nr_doubles: 131072
nr_of_strided_rec: 1
nr_doubles: 131072
nr_of_strided_rec: 1
nr_doubles: 131072
nr_of_strided_rec: 1
nr_doubles: 131072
nr_of_strided_rec: 1
nr_doubles: 131072
nr_of_strided_rec: 1
