fclose PID:33340 fd:3
fclose PID:33340 fd:4
fclose PID:33340 fd:4
fclose PID:33340 fd:3
available: 2 nodes (0-1)
fclose PID:33340 fd:3
node 0 cpus:fclose PID:33340 fd:3
 0 1 2 3 4 5 6 7 8 9 20 21 22 23 24 25 26 27 28 29
node 0 size: 80440 MB
node 0 free: 80119 MB
fclose PID:33340 fd:3
node 1 cpus:fclose PID:33340 fd:3
 10 11 12 13 14 15 16 17 18 19 30 31 32 33 34 35 36 37 38 39
node 1 size: 80635 MB
node 1 free: 80377 MB
fclose PID:33340 fd:3
fclose PID:33340 fd:3
node distances:
node   0   1 
  0:  10  21 
  1:  21  10 
READAHEAD_TIME:0.000000 us
MaxRSS= 2160 KB, SharedMem= 0 KB, HardPageFault= 10
fclose PID:33346 fd:10
fclose PID:33345 fd:12
fclose PID:33347 fd:8
fclose PID:33348 fd:8

MADbench 2.0 IO-mode
no_pe = 4  no_pix = 16384  no_bin = 30  no_gang = 1 sblocksize = 8  fblocksize = 64  r_mod = 1  w_mod = 1 record_size=1048576 stride=7


IOMETHOD = POSIX  IOMODE = SYNC  FILETYPE = UNIQUE  REMAP = CUSTOMbuild_S
build_S
build_S
build_S

Write the data to file:536870912 bytes
***********WAITING************

Write the data to file:536870912 bytes
***********WAITING************

Write the data to file:536870912 bytes
***********WAITING************

Write the data to file:536870912 bytes
***********WAITING************

Write the data to file:536870912 bytes
***********WAITING************

Write the data to file:536870912 bytes
***********WAITING************

Write the data to file:536870912 bytes
***********WAITING************

Write the data to file:536870912 bytes
***********WAITING************

Write the data to file:536870912 bytes
***********WAITING************

Write the data to file:536870912 bytes
***********WAITING************

Write the data to file:536870912 bytes
***********WAITING************

Write the data to file:536870912 bytes
***********WAITING************

Write the data to file:536870912 bytes
***********WAITING************

Write the data to file:536870912 bytes
***********WAITING************

Write the data to file:536870912 bytes
***********WAITING************

Write the data to file:536870912 bytes
***********WAITING************

Write the data to file:536870912 bytes
***********WAITING************

Write the data to file:536870912 bytes
***********WAITING************

Write the data to file:536870912 bytes
***********WAITING************

Write the data to file:536870912 bytes
***********WAITING************

Write the data to file:536870912 bytes
***********WAITING************

Write the data to file:536870912 bytes
***********WAITING************

Write the data to file:536870912 bytes
***********WAITING************

Write the data to file:536870912 bytes
***********WAITING************

Write the data to file:536870912 bytes
***********WAITING************

Write the data to file:536870912 bytes
***********WAITING************

Write the data to file:536870912 bytes
***********WAITING************

Write the data to file:536870912 bytes
***********WAITING************

Write the data to file:536870912 bytes
***********WAITING************

Write the data to file:536870912 bytes
***********WAITING************

Write the data to file:536870912 bytes
***********WAITING************

Write the data to file:536870912 bytes
***********WAITING************

Write the data to file:536870912 bytes
***********WAITING************

Write the data to file:536870912 bytes
***********WAITING************

Write the data to file:536870912 bytes
***********WAITING************

Write the data to file:536870912 bytes
***********WAITING************

Write the data to file:536870912 bytes
***********WAITING************

Write the data to file:536870912 bytes
***********WAITING************

Write the data to file:536870912 bytes
***********WAITING************

Write the data to file:536870912 bytes
***********WAITING************

Write the data to file:536870912 bytes
***********WAITING************

Write the data to file:536870912 bytes
***********WAITING************

Write the data to file:536870912 bytes
***********WAITING************

Write the data to file:536870912 bytes
***********WAITING************

Write the data to file:536870912 bytes
***********WAITING************

Write the data to file:536870912 bytes
***********WAITING************

Write the data to file:536870912 bytes
***********WAITING************

Write the data to file:536870912 bytes
***********WAITING************

Write the data to file:536870912 bytes
***********WAITING************

Write the data to file:536870912 bytes
***********WAITING************

Write the data to file:536870912 bytes
***********WAITING************

Write the data to file:536870912 bytes
***********WAITING************

Write the data to file:536870912 bytes
***********WAITING************

Write the data to file:536870912 bytes
***********WAITING************

Write the data to file:536870912 bytes
***********WAITING************

Write the data to file:536870912 bytes
***********WAITING************

Write the data to file:536870912 bytes
***********WAITING************

Write the data to file:536870912 bytes
***********WAITING************

Write the data to file:536870912 bytes
***********WAITING************

Write the data to file:536870912 bytes
***********WAITING************

Write the data to file:536870912 bytes
***********WAITING************

Write the data to file:536870912 bytes
***********WAITING************

Write the data to file:536870912 bytes
***********WAITING************

Write the data to file:536870912 bytes
***********WAITING************

Write the data to file:536870912 bytes
***********WAITING************

Write the data to file:536870912 bytes
***********WAITING************

Write the data to file:536870912 bytes
***********WAITING************

Write the data to file:536870912 bytes
***********WAITING************

Write the data to file:536870912 bytes
***********WAITING************

Write the data to file:536870912 bytes
***********WAITING************

Write the data to file:536870912 bytes
***********WAITING************

Write the data to file:536870912 bytes
***********WAITING************

Write the data to file:536870912 bytes
***********WAITING************

Write the data to file:536870912 bytes
***********WAITING************

Write the data to file:536870912 bytes
***********WAITING************

Write the data to file:536870912 bytes
***********WAITING************

Write the data to file:536870912 bytes
***********WAITING************

Write the data to file:536870912 bytes
***********WAITING************

Write the data to file:536870912 bytes
***********WAITING************

Write the data to file:536870912 bytes
***********WAITING************

Write the data to file:536870912 bytes
***********WAITING************

Write the data to file:536870912 bytes
***********WAITING************

Write the data to file:536870912 bytes
***********WAITING************

Write the data to file:536870912 bytes
***********WAITING************

Write the data to file:536870912 bytes
***********WAITING************

Write the data to file:536870912 bytes
***********WAITING************

Write the data to file:536870912 bytes
***********WAITING************

Write the data to file:536870912 bytes
***********WAITING************

Write the data to file:536870912 bytes
***********WAITING************

Write the data to file:536870912 bytes
***********WAITING************

Write the data to file:536870912 bytes
***********WAITING************

Write the data to file:536870912 bytes
***********WAITING************

Write the data to file:536870912 bytes
***********WAITING************

Write the data to file:536870912 bytes
***********WAITING************

Write the data to file:536870912 bytes
***********WAITING************

Write the data to file:536870912 bytes
***********WAITING************

Write the data to file:536870912 bytes
***********WAITING************

Write the data to file:536870912 bytes
***********WAITING************

Write the data to file:536870912 bytes
***********WAITING************

Write the data to file:536870912 bytes
***********WAITING************

Write the data to file:536870912 bytes
***********WAITING************

Write the data to file:536870912 bytes
***********WAITING************

Write the data to file:536870912 bytes
***********WAITING************

Write the data to file:536870912 bytes
***********WAITING************

Write the data to file:536870912 bytes
***********WAITING************

Write the data to file:536870912 bytes
***********WAITING************

Write the data to file:536870912 bytes
***********WAITING************

Write the data to file:536870912 bytes
***********WAITING************

Write the data to file:536870912 bytes
***********WAITING************

Write the data to file:536870912 bytes
***********WAITING************

Write the data to file:536870912 bytes
***********WAITING************

Write the data to file:536870912 bytes
***********WAITING************

Write the data to file:536870912 bytes
***********WAITING************

Write the data to file:536870912 bytes
***********WAITING************

Write the data to file:536870912 bytes
***********WAITING************

Write the data to file:536870912 bytes
***********WAITING************

Write the data to file:536870912 bytes
***********WAITING************

Write the data to file:536870912 bytes
***********WAITING************

Write the data to file:536870912 bytes
***********WAITING************

Write the data to file:536870912 bytes
***********WAITING************
S_cc         5.00   [      4.99:      5.01]
S_bw         2.86   [      2.86:      2.86]
S_w        150.69   [    150.69:    150.69]
          -------
S_total    158.55   [    158.54:    158.56]

build_S done
calc_W
build_S done
calc_W
nr_of_strided_rec: 64
nr_doubles: 131072
build_S done
calc_W
nr_of_strided_rec: 64
nr_doubles: 131072
build_S done
calc_W
nr_of_strided_rec: 64
nr_doubles: 131072
nr_of_strided_rec: 64
nr_doubles: 131072
nr_of_strided_rec: 64
nr_doubles: 131072
nr_of_strided_rec: 64
nr_doubles: 131072
nr_of_strided_rec: 64
nr_doubles: 131072
nr_of_strided_rec: 64
nr_doubles: 131072

Write the data to file:536870912 bytes
***********WAITING************

Write the data to file:536870912 bytes
***********WAITING************

Write the data to file:536870912 bytes
***********WAITING************

Write the data to file:536870912 bytes
***********WAITING************
nr_of_strided_rec: 64
nr_doubles: 131072
nr_of_strided_rec: 64
nr_doubles: 131072
nr_of_strided_rec: 64
nr_doubles: 131072
nr_of_strided_rec: 64
nr_doubles: 131072

Write the data to file:536870912 bytes
***********WAITING************

Write the data to file:536870912 bytes
***********WAITING************

Write the data to file:536870912 bytes
***********WAITING************

Write the data to file:536870912 bytes
***********WAITING************
nr_of_strided_rec: 64
nr_doubles: 131072
nr_of_strided_rec: 64
nr_doubles: 131072
nr_of_strided_rec: 64
nr_doubles: 131072
nr_of_strided_rec: 64
nr_doubles: 131072

Write the data to file:536870912 bytes
***********WAITING************

Write the data to file:536870912 bytes
***********WAITING************

Write the data to file:536870912 bytes
***********WAITING************

Write the data to file:536870912 bytes
***********WAITING************
nr_of_strided_rec: 64
nr_doubles: 131072
nr_of_strided_rec: 64
nr_doubles: 131072
nr_of_strided_rec: 64
nr_doubles: 131072
nr_of_strided_rec: 64
nr_doubles: 131072

Write the data to file:536870912 bytes
***********WAITING************

Write the data to file:536870912 bytes
***********WAITING************

Write the data to file:536870912 bytes
***********WAITING************

Write the data to file:536870912 bytes
***********WAITING************
nr_of_strided_rec: 64
nr_doubles: 131072
nr_of_strided_rec: 64
nr_doubles: 131072
nr_of_strided_rec: 64
nr_doubles: 131072
nr_of_strided_rec: 64
nr_doubles: 131072

Write the data to file:536870912 bytes
***********WAITING************

Write the data to file:536870912 bytes
***********WAITING************

Write the data to file:536870912 bytes
***********WAITING************

Write the data to file:536870912 bytes
***********WAITING************
nr_of_strided_rec: 64
nr_doubles: 131072
nr_of_strided_rec: 64
nr_doubles: 131072
nr_of_strided_rec: 64
nr_doubles: 131072
nr_of_strided_rec: 64
nr_doubles: 131072

Write the data to file:536870912 bytes
***********WAITING************

Write the data to file:536870912 bytes
***********WAITING************

Write the data to file:536870912 bytes
***********WAITING************

Write the data to file:536870912 bytes
***********WAITING************
nr_of_strided_rec: 64
nr_doubles: 131072
nr_of_strided_rec: 64
nr_doubles: 131072
nr_of_strided_rec: 64
nr_doubles: 131072
nr_of_strided_rec: 64
nr_doubles: 131072

Write the data to file:536870912 bytes
***********WAITING************

Write the data to file:536870912 bytes
***********WAITING************

Write the data to file:536870912 bytes
***********WAITING************

Write the data to file:536870912 bytes
***********WAITING************
nr_of_strided_rec: 64
nr_doubles: 131072
nr_of_strided_rec: 64
nr_doubles: 131072
nr_of_strided_rec: 64
nr_doubles: 131072
nr_of_strided_rec: 64
nr_doubles: 131072

Write the data to file:536870912 bytes
***********WAITING************

Write the data to file:536870912 bytes
***********WAITING************

Write the data to file:536870912 bytes
***********WAITING************

Write the data to file:536870912 bytes
***********WAITING************
nr_of_strided_rec: 64
nr_doubles: 131072
nr_of_strided_rec: 64
nr_doubles: 131072
nr_of_strided_rec: 64
nr_doubles: 131072
nr_of_strided_rec: 64
nr_doubles: 131072

Write the data to file:536870912 bytes
***********WAITING************

Write the data to file:536870912 bytes
***********WAITING************

Write the data to file:536870912 bytes
***********WAITING************

Write the data to file:536870912 bytes
***********WAITING************
nr_of_strided_rec: 64
nr_doubles: 131072
nr_of_strided_rec: 64
nr_doubles: 131072
nr_of_strided_rec: 64
nr_doubles: 131072
nr_of_strided_rec: 64
nr_doubles: 131072

Write the data to file:536870912 bytes
***********WAITING************

Write the data to file:536870912 bytes
***********WAITING************

Write the data to file:536870912 bytes
***********WAITING************

Write the data to file:536870912 bytes
***********WAITING************
nr_of_strided_rec: 64
nr_doubles: 131072
nr_of_strided_rec: 64
nr_doubles: 131072
nr_of_strided_rec: 64
nr_doubles: 131072
nr_of_strided_rec: 64
nr_doubles: 131072

Write the data to file:536870912 bytes
***********WAITING************

Write the data to file:536870912 bytes
***********WAITING************

Write the data to file:536870912 bytes
***********WAITING************

Write the data to file:536870912 bytes
***********WAITING************
nr_of_strided_rec: 64
nr_doubles: 131072
nr_of_strided_rec: 64
nr_doubles: 131072
nr_of_strided_rec: 64
nr_doubles: 131072
nr_of_strided_rec: 64
nr_doubles: 131072

Write the data to file:536870912 bytes
***********WAITING************

Write the data to file:536870912 bytes
***********WAITING************

Write the data to file:536870912 bytes
***********WAITING************

Write the data to file:536870912 bytes
***********WAITING************
nr_of_strided_rec: 64
nr_doubles: 131072
nr_of_strided_rec: 64
nr_doubles: 131072
nr_of_strided_rec: 64
nr_doubles: 131072
nr_of_strided_rec: 64
nr_doubles: 131072

Write the data to file:536870912 bytes
***********WAITING************

Write the data to file:536870912 bytes
***********WAITING************

Write the data to file:536870912 bytes
***********WAITING************

Write the data to file:536870912 bytes
***********WAITING************
nr_of_strided_rec: 64
nr_doubles: 131072
nr_of_strided_rec: 64
nr_doubles: 131072
nr_of_strided_rec: 64
nr_doubles: 131072
nr_of_strided_rec: 64
nr_doubles: 131072

Write the data to file:536870912 bytes
***********WAITING************

Write the data to file:536870912 bytes
***********WAITING************

Write the data to file:536870912 bytes
***********WAITING************

Write the data to file:536870912 bytes
***********WAITING************
nr_of_strided_rec: 64
nr_doubles: 131072
nr_of_strided_rec: 64
nr_doubles: 131072
nr_of_strided_rec: 64
nr_doubles: 131072
nr_of_strided_rec: 64
nr_doubles: 131072

Write the data to file:536870912 bytes
***********WAITING************

Write the data to file:536870912 bytes
***********WAITING************

Write the data to file:536870912 bytes
***********WAITING************

Write the data to file:536870912 bytes
***********WAITING************
nr_of_strided_rec: 64
nr_doubles: 131072
nr_of_strided_rec: 64
nr_doubles: 131072
nr_of_strided_rec: 64
nr_doubles: 131072
nr_of_strided_rec: 64
nr_doubles: 131072

Write the data to file:536870912 bytes
***********WAITING************

Write the data to file:536870912 bytes
***********WAITING************

Write the data to file:536870912 bytes
***********WAITING************

Write the data to file:536870912 bytes
***********WAITING************
nr_of_strided_rec: 64
nr_doubles: 131072
nr_of_strided_rec: 64
nr_doubles: 131072
nr_of_strided_rec: 64
nr_doubles: 131072
nr_of_strided_rec: 64
nr_doubles: 131072

Write the data to file:536870912 bytes
***********WAITING************

Write the data to file:536870912 bytes
***********WAITING************

Write the data to file:536870912 bytes
***********WAITING************

Write the data to file:536870912 bytes
***********WAITING************
nr_of_strided_rec: 64
nr_doubles: 131072
nr_of_strided_rec: 64
nr_doubles: 131072
nr_of_strided_rec: 64
nr_doubles: 131072
nr_of_strided_rec: 64
nr_doubles: 131072

Write the data to file:536870912 bytes
***********WAITING************

Write the data to file:536870912 bytes
***********WAITING************

Write the data to file:536870912 bytes
***********WAITING************

Write the data to file:536870912 bytes
***********WAITING************
nr_of_strided_rec: 64
nr_doubles: 131072
nr_of_strided_rec: 64
nr_doubles: 131072
nr_of_strided_rec: 64
nr_doubles: 131072
nr_of_strided_rec: 64
nr_doubles: 131072

Write the data to file:536870912 bytes
***********WAITING************

Write the data to file:536870912 bytes
***********WAITING************

Write the data to file:536870912 bytes
***********WAITING************

Write the data to file:536870912 bytes
***********WAITING************
nr_of_strided_rec: 64
nr_doubles: 131072
nr_of_strided_rec: 64
nr_doubles: 131072
nr_of_strided_rec: 64
nr_doubles: 131072
nr_of_strided_rec: 64
nr_doubles: 131072

Write the data to file:536870912 bytes
***********WAITING************

Write the data to file:536870912 bytes
***********WAITING************

Write the data to file:536870912 bytes
***********WAITING************

Write the data to file:536870912 bytes
***********WAITING************
nr_of_strided_rec: 64
nr_doubles: 131072
nr_of_strided_rec: 64
nr_doubles: 131072
nr_of_strided_rec: 64
nr_doubles: 131072
nr_of_strided_rec: 64
nr_doubles: 131072

Write the data to file:536870912 bytes
***********WAITING************

Write the data to file:536870912 bytes
***********WAITING************

Write the data to file:536870912 bytes
***********WAITING************

Write the data to file:536870912 bytes
***********WAITING************
nr_of_strided_rec: 64
nr_doubles: 131072
nr_of_strided_rec: 64
nr_doubles: 131072
nr_of_strided_rec: 64
nr_doubles: 131072
nr_of_strided_rec: 64
nr_doubles: 131072

Write the data to file:536870912 bytes
***********WAITING************

Write the data to file:536870912 bytes
***********WAITING************

Write the data to file:536870912 bytes
***********WAITING************

Write the data to file:536870912 bytes
***********WAITING************
nr_of_strided_rec: 64
nr_doubles: 131072
nr_of_strided_rec: 64
nr_doubles: 131072
nr_of_strided_rec: 64
nr_doubles: 131072
nr_of_strided_rec: 64
nr_doubles: 131072

Write the data to file:536870912 bytes
***********WAITING************

Write the data to file:536870912 bytes
***********WAITING************

Write the data to file:536870912 bytes
***********WAITING************

Write the data to file:536870912 bytes
***********WAITING************
nr_of_strided_rec: 64
nr_doubles: 131072
nr_of_strided_rec: 64
nr_doubles: 131072
nr_of_strided_rec: 64
nr_doubles: 131072
nr_of_strided_rec: 64
nr_doubles: 131072

Write the data to file:536870912 bytes
***********WAITING************

Write the data to file:536870912 bytes
***********WAITING************

Write the data to file:536870912 bytes
***********WAITING************

Write the data to file:536870912 bytes
***********WAITING************
nr_of_strided_rec: 64
nr_doubles: 131072
nr_of_strided_rec: 64
nr_doubles: 131072
nr_of_strided_rec: 64
nr_doubles: 131072
nr_of_strided_rec: 64
nr_doubles: 131072

Write the data to file:536870912 bytes
***********WAITING************

Write the data to file:536870912 bytes
***********WAITING************

Write the data to file:536870912 bytes
***********WAITING************

Write the data to file:536870912 bytes
***********WAITING************
nr_of_strided_rec: 64
nr_doubles: 131072
nr_of_strided_rec: 64
nr_doubles: 131072
nr_of_strided_rec: 64
nr_doubles: 131072
nr_of_strided_rec: 64
nr_doubles: 131072

Write the data to file:536870912 bytes
***********WAITING************

Write the data to file:536870912 bytes
***********WAITING************

Write the data to file:536870912 bytes
***********WAITING************

Write the data to file:536870912 bytes
***********WAITING************
nr_of_strided_rec: 64
nr_doubles: 131072
nr_of_strided_rec: 64
nr_doubles: 131072
nr_of_strided_rec: 64
nr_doubles: 131072
nr_of_strided_rec: 64
nr_doubles: 131072

Write the data to file:536870912 bytes
***********WAITING************

Write the data to file:536870912 bytes
***********WAITING************

Write the data to file:536870912 bytes
***********WAITING************

Write the data to file:536870912 bytes
***********WAITING************
nr_of_strided_rec: 64
nr_doubles: 131072
nr_of_strided_rec: 64
nr_doubles: 131072
nr_of_strided_rec: 64
nr_doubles: 131072
nr_of_strided_rec: 64
nr_doubles: 131072

Write the data to file:536870912 bytes
***********WAITING************

Write the data to file:536870912 bytes
***********WAITING************

Write the data to file:536870912 bytes
***********WAITING************

Write the data to file:536870912 bytes
***********WAITING************
nr_of_strided_rec: 64
nr_doubles: 131072
nr_of_strided_rec: 64
nr_doubles: 131072
nr_of_strided_rec: 64
nr_doubles: 131072
nr_of_strided_rec: 64
nr_doubles: 131072

Write the data to file:536870912 bytes
***********WAITING************

Write the data to file:536870912 bytes
***********WAITING************

Write the data to file:536870912 bytes
***********WAITING************

Write the data to file:536870912 bytes
***********WAITING************

Write the data to file:536870912 bytes
***********WAITING************

Write the data to file:536870912 bytes
***********WAITING************

Write the data to file:536870912 bytes
***********WAITING************

Write the data to file:536870912 bytes
***********WAITING************
W_cc         8.93   [      8.92:      8.94]
W_r        176.30   [    176.30:    176.31]
W_w        106.76   [    106.76:    106.76]
          -------
W_total    291.99   [    291.99:    292.00]

calc_W done
calc_W done
nr_of_strided_rec: 64
nr_doubles: 131072
calc_W done
nr_of_strided_rec: 64
nr_doubles: 131072
calc_W done
nr_of_strided_rec: 64
nr_doubles: 131072
nr_of_strided_rec: 64
nr_doubles: 131072
nr_of_strided_rec: 64
nr_doubles: 131072
nr_of_strided_rec: 64
nr_doubles: 131072
nr_of_strided_rec: 64
nr_doubles: 131072
nr_of_strided_rec: 64
nr_doubles: 131072
nr_of_strided_rec: 64
nr_doubles: 131072
nr_of_strided_rec: 64
nr_doubles: 131072
nr_of_strided_rec: 64
nr_doubles: 131072
nr_of_strided_rec: 64
nr_doubles: 131072
nr_of_strided_rec: 64
nr_doubles: 131072
nr_of_strided_rec: 64
nr_doubles: 131072
nr_of_strided_rec: 64
nr_doubles: 131072
nr_of_strided_rec: 64
nr_doubles: 131072
nr_of_strided_rec: 64
nr_doubles: 131072
nr_of_strided_rec: 64
nr_doubles: 131072
nr_of_strided_rec: 64
nr_doubles: 131072
nr_of_strided_rec: 64
nr_doubles: 131072
nr_of_strided_rec: 64
nr_doubles: 131072
nr_of_strided_rec: 64
nr_doubles: 131072
nr_of_strided_rec: 64
nr_doubles: 131072
nr_of_strided_rec: 64
nr_doubles: 131072
nr_of_strided_rec: 64
nr_doubles: 131072
nr_of_strided_rec: 64
nr_doubles: 131072
nr_of_strided_rec: 64
nr_doubles: 131072
nr_of_strided_rec: 64
nr_doubles: 131072
nr_of_strided_rec: 64
nr_doubles: 131072
nr_of_strided_rec: 64
nr_doubles: 131072
nr_of_strided_rec: 64
nr_doubles: 131072
nr_of_strided_rec: 64
nr_doubles: 131072
nr_of_strided_rec: 64
nr_doubles: 131072
nr_of_strided_rec: 64
nr_doubles: 131072
nr_of_strided_rec: 64
nr_doubles: 131072
nr_of_strided_rec: 64
nr_doubles: 131072
nr_of_strided_rec: 64
nr_doubles: 131072
nr_of_strided_rec: 64
nr_doubles: 131072
nr_of_strided_rec: 64
nr_doubles: 131072
nr_of_strided_rec: 64
nr_doubles: 131072
nr_of_strided_rec: 64
nr_doubles: 131072
nr_of_strided_rec: 64
nr_doubles: 131072
nr_of_strided_rec: 64
nr_doubles: 131072
nr_of_strided_rec: 64
nr_doubles: 131072
nr_of_strided_rec: 64
nr_doubles: 131072
nr_of_strided_rec: 64
nr_doubles: 131072
nr_of_strided_rec: 64
nr_doubles: 131072
nr_of_strided_rec: 64
nr_doubles: 131072
nr_of_strided_rec: 64
nr_doubles: 131072
nr_of_strided_rec: 64
nr_doubles: 131072
nr_of_strided_rec: 64
nr_doubles: 131072
nr_of_strided_rec: 64
nr_doubles: 131072
nr_of_strided_rec: 64
nr_doubles: 131072
nr_of_strided_rec: 64
nr_doubles: 131072
nr_of_strided_rec: 64
nr_doubles: 131072
nr_of_strided_rec: 64
nr_doubles: 131072
nr_of_strided_rec: 64
nr_doubles: 131072
nr_of_strided_rec: 64
nr_doubles: 131072
nr_of_strided_rec: 64
nr_doubles: 131072
nr_of_strided_rec: 64
nr_doubles: 131072
nr_of_strided_rec: 64
nr_doubles: 131072
nr_of_strided_rec: 64
nr_doubles: 131072
nr_of_strided_rec: 64
nr_doubles: 131072
nr_of_strided_rec: 64
nr_doubles: 131072
nr_of_strided_rec: 64
nr_doubles: 131072
nr_of_strided_rec: 64
nr_doubles: 131072
nr_of_strided_rec: 64
nr_doubles: 131072
nr_of_strided_rec: 64
nr_doubles: 131072
nr_of_strided_rec: 64
nr_doubles: 131072
nr_of_strided_rec: 64
nr_doubles: 131072
nr_of_strided_rec: 64
nr_doubles: 131072
nr_of_strided_rec: 64
nr_doubles: 131072
nr_of_strided_rec: 64
nr_doubles: 131072
nr_of_strided_rec: 64
nr_doubles: 131072
nr_of_strided_rec: 64
nr_doubles: 131072
nr_of_strided_rec: 64
nr_doubles: 131072
nr_of_strided_rec: 64
nr_doubles: 131072
nr_of_strided_rec: 64
nr_doubles: 131072
nr_of_strided_rec: 64
nr_doubles: 131072
nr_of_strided_rec: 64
nr_doubles: 131072
nr_of_strided_rec: 64
nr_doubles: 131072
nr_of_strided_rec: 64
nr_doubles: 131072
nr_of_strided_rec: 64
nr_doubles: 131072
nr_of_strided_rec: 64
nr_doubles: 131072
nr_of_strided_rec: 64
nr_doubles: 131072
nr_of_strided_rec: 64
nr_doubles: 131072
nr_of_strided_rec: 64
nr_doubles: 131072
nr_of_strided_rec: 64
nr_doubles: 131072
nr_of_strided_rec: 64
nr_doubles: 131072
nr_of_strided_rec: 64
nr_doubles: 131072
nr_of_strided_rec: 64
nr_doubles: 131072
nr_of_strided_rec: 64
nr_doubles: 131072
nr_of_strided_rec: 64
nr_doubles: 131072
nr_of_strided_rec: 64
nr_doubles: 131072
nr_of_strided_rec: 64
nr_doubles: 131072
nr_of_strided_rec: 64
nr_doubles: 131072
nr_of_strided_rec: 64
nr_doubles: 131072
nr_of_strided_rec: 64
nr_doubles: 131072
nr_of_strided_rec: 64
nr_doubles: 131072
nr_of_strided_rec: 64
nr_doubles: 131072
nr_of_strided_rec: 64
nr_doubles: 131072
nr_of_strided_rec: 64
nr_doubles: 131072
nr_of_strided_rec: 64
nr_doubles: 131072
nr_of_strided_rec: 64
nr_doubles: 131072
nr_of_strided_rec: 64
nr_doubles: 131072
nr_of_strided_rec: 64
nr_doubles: 131072
nr_of_strided_rec: 64
nr_doubles: 131072
nr_of_strided_rec: 64
nr_doubles: 131072
nr_of_strided_rec: 64
nr_doubles: 131072
nr_of_strided_rec: 64
nr_doubles: 131072
nr_of_strided_rec: 64
nr_doubles: 131072
nr_of_strided_rec: 64
nr_doubles: 131072
nr_of_strided_rec: 64
nr_doubles: 131072
nr_of_strided_rec: 64
nr_doubles: 131072
nr_of_strided_rec: 64
nr_doubles: 131072
nr_of_strided_rec: 64
nr_doubles: 131072
nr_of_strided_rec: 64
nr_doubles: 131072
nr_of_strided_rec: 64
nr_doubles: 131072
nr_of_strided_rec: 64
nr_doubles: 131072
nr_of_strided_rec: 64
nr_doubles: 131072
C_cc         3.59   [      3.59:      3.59]
C_bw         2.53   [      2.53:      2.53]
C_r        137.42   [    137.42:    137.42]
          -------
C_total    143.54   [    143.54:    143.54]


dC[0] = 0.00000e+00
fclose PID:33348 fd:8
fclose PID:33347 fd:8
fclose PID:33346 fd:10
fclose PID:33345 fd:12
READAHEAD_TIME:0.000000 us
MaxRSS= 2107916 KB, SharedMem= 0 KB, HardPageFault= 11
READAHEAD_TIME:0.000000 us
MaxRSS= 2108036 KB, SharedMem= 0 KB, HardPageFault= 10
READAHEAD_TIME:0.000000 us
MaxRSS= 2107964 KB, SharedMem= 0 KB, HardPageFault= 12
READAHEAD_TIME:0.000000 us
MaxRSS= 2108036 KB, SharedMem= 0 KB, HardPageFault= 10
fclose PID:33344 fd:0
fclose PID:33344 fd:6
fclose PID:33344 fd:6
fclose PID:33344 fd:0
READAHEAD_TIME:0.000000 us
MaxRSS= 5392 KB, SharedMem= 0 KB, HardPageFault= 2
fclose PID:33343 fd:3
fclose PID:33343 fd:4
fclose PID:33343 fd:4
fclose PID:33343 fd:3
READAHEAD_TIME:0.000000 us
MaxRSS= 4948 KB, SharedMem= 0 KB, HardPageFault= 4
	Command being timed: "mpiexec -n 4 ./MADbench2_io 16384 30 1 8 64 1 1 1048576 7 1"
	User time (seconds): 314.54
	System time (seconds): 222.65
	Percent of CPU this job got: 90%
	Elapsed (wall clock) time (h:mm:ss or m:ss): 9:54.80
	Average shared text size (kbytes): 0
	Average unshared data size (kbytes): 0
	Average stack size (kbytes): 0
	Average total size (kbytes): 0
	Maximum resident set size (kbytes): 2108036
	Average resident set size (kbytes): 0
	Major (requiring I/O) page faults: 50
	Minor (reclaiming a frame) page faults: 12604104
	Voluntary context switches: 149969
	Involuntary context switches: 2804
	Swaps: 0
	File system inputs: 245148016
	File system outputs: 251658480
	Socket messages sent: 0
	Socket messages received: 0
	Signals delivered: 0
	Page size (bytes): 4096
	Exit status: 0
READAHEAD_TIME:0.000000 us
MaxRSS= 2288 KB, SharedMem= 0 KB, HardPageFault= 0
*******************DMESG OUTPUT******************
