fclose PID:36900 fd:3
fclose PID:36900 fd:4
fclose PID:36900 fd:4
fclose PID:36900 fd:3
available: 2 nodes (0-1)
fclose PID:36900 fd:3
node 0 cpus:fclose PID:36900 fd:3
 0 1 2 3 4 5 6 7 8 9 20 21 22 23 24 25 26 27 28 29
node 0 size: 80440 MB
node 0 free: 80125 MB
fclose PID:36900 fd:3
node 1 cpus:fclose PID:36900 fd:3
 10 11 12 13 14 15 16 17 18 19 30 31 32 33 34 35 36 37 38 39
node 1 size: 80635 MB
node 1 free: 80363 MB
fclose PID:36900 fd:3
fclose PID:36900 fd:3
node distances:
node   0   1 
  0:  10  21 
  1:  21  10 
READAHEAD_TIME:0.000000 us
MaxRSS= 2268 KB, SharedMem= 0 KB, HardPageFault= 10
fclose PID:36905 fd:12
fclose PID:36917 fd:8
fclose PID:36910 fd:8
fclose PID:36909 fd:8
fclose PID:36916 fd:8
fclose PID:36906 fd:10
fclose PID:36907 fd:8
fclose PID:36908 fd:8
fclose PID:36914 fd:8
fclose PID:36912 fd:8
fclose PID:36913 fd:8
fclose PID:36919 fd:8
fclose PID:36920 fd:8
fclose PID:36915 fd:8
fclose PID:36911 fd:8
fclose PID:36918 fd:8

MADbench 2.0 IO-mode
no_pe = 16  no_pix = 4096  no_bin = 30  no_gang = 1 sblocksize = 8  fblocksize = 64  r_mod = 1  w_mod = 1 record_size=16777216 stride=7


IOMETHOD = POSIX  IOMODE = SYNC  FILETYPE = UNIQUE  REMAP = CUSTOMbuild_S
build_S
build_S
build_S
build_S
build_S
build_S
build_S
build_S
build_S
build_S
build_S
build_S
build_S
build_S
build_S

Write the data to file:8388608 bytes
***********WAITING************

Write the data to file:8388608 bytes
***********WAITING************

Write the data to file:8388608 bytes
***********WAITING************

Write the data to file:8388608 bytes
***********WAITING************

Write the data to file:8388608 bytes
***********WAITING************

Write the data to file:8388608 bytes
***********WAITING************

Write the data to file:8388608 bytes
***********WAITING************

Write the data to file:8388608 bytes
***********WAITING************

Write the data to file:8388608 bytes
***********WAITING************

Write the data to file:8388608 bytes
***********WAITING************

Write the data to file:8388608 bytes
***********WAITING************

Write the data to file:8388608 bytes
***********WAITING************

Write the data to file:8388608 bytes
***********WAITING************

Write the data to file:8388608 bytes
***********WAITING************

Write the data to file:8388608 bytes
***********WAITING************

Write the data to file:8388608 bytes
***********WAITING************

Write the data to file:8388608 bytes
***********WAITING************

Write the data to file:8388608 bytes
***********WAITING************

Write the data to file:8388608 bytes
***********WAITING************

Write the data to file:8388608 bytes
***********WAITING************

Write the data to file:8388608 bytes
***********WAITING************

Write the data to file:8388608 bytes
***********WAITING************

Write the data to file:8388608 bytes
***********WAITING************

Write the data to file:8388608 bytes
***********WAITING************

Write the data to file:8388608 bytes
***********WAITING************

Write the data to file:8388608 bytes
***********WAITING************

Write the data to file:8388608 bytes
***********WAITING************

Write the data to file:8388608 bytes
***********WAITING************

Write the data to file:8388608 bytes
***********WAITING************

Write the data to file:8388608 bytes
***********WAITING************

Write the data to file:8388608 bytes
***********WAITING************

Write the data to file:8388608 bytes
***********WAITING************

Write the data to file:8388608 bytes
***********WAITING************

Write the data to file:8388608 bytes
***********WAITING************

Write the data to file:8388608 bytes
***********WAITING************

Write the data to file:8388608 bytes
***********WAITING************

Write the data to file:8388608 bytes
***********WAITING************

Write the data to file:8388608 bytes
***********WAITING************

Write the data to file:8388608 bytes
***********WAITING************

Write the data to file:8388608 bytes
***********WAITING************

Write the data to file:8388608 bytes
***********WAITING************

Write the data to file:8388608 bytes
***********WAITING************

Write the data to file:8388608 bytes
***********WAITING************

Write the data to file:8388608 bytes
***********WAITING************

Write the data to file:8388608 bytes
***********WAITING************

Write the data to file:8388608 bytes
***********WAITING************

Write the data to file:8388608 bytes
***********WAITING************

Write the data to file:8388608 bytes
***********WAITING************

Write the data to file:8388608 bytes
***********WAITING************

Write the data to file:8388608 bytes
***********WAITING************

Write the data to file:8388608 bytes
***********WAITING************

Write the data to file:8388608 bytes
***********WAITING************

Write the data to file:8388608 bytes
***********WAITING************

Write the data to file:8388608 bytes
***********WAITING************

Write the data to file:8388608 bytes
***********WAITING************

Write the data to file:8388608 bytes
***********WAITING************

Write the data to file:8388608 bytes
***********WAITING************

Write the data to file:8388608 bytes
***********WAITING************

Write the data to file:8388608 bytes
***********WAITING************

Write the data to file:8388608 bytes
***********WAITING************

Write the data to file:8388608 bytes
***********WAITING************

Write the data to file:8388608 bytes
***********WAITING************

Write the data to file:8388608 bytes
***********WAITING************

Write the data to file:8388608 bytes
***********WAITING************

Write the data to file:8388608 bytes
***********WAITING************

Write the data to file:8388608 bytes
***********WAITING************

Write the data to file:8388608 bytes
***********WAITING************

Write the data to file:8388608 bytes
***********WAITING************

Write the data to file:8388608 bytes
***********WAITING************

Write the data to file:8388608 bytes
***********WAITING************

Write the data to file:8388608 bytes
***********WAITING************

Write the data to file:8388608 bytes
***********WAITING************

Write the data to file:8388608 bytes
***********WAITING************

Write the data to file:8388608 bytes
***********WAITING************

Write the data to file:8388608 bytes
***********WAITING************

Write the data to file:8388608 bytes
***********WAITING************

Write the data to file:8388608 bytes
***********WAITING************

Write the data to file:8388608 bytes
***********WAITING************

Write the data to file:8388608 bytes
***********WAITING************

Write the data to file:8388608 bytes
***********WAITING************

Write the data to file:8388608 bytes
***********WAITING************

Write the data to file:8388608 bytes
***********WAITING************

Write the data to file:8388608 bytes
***********WAITING************

Write the data to file:8388608 bytes
***********WAITING************

Write the data to file:8388608 bytes
***********WAITING************

Write the data to file:8388608 bytes
***********WAITING************

Write the data to file:8388608 bytes
***********WAITING************

Write the data to file:8388608 bytes
***********WAITING************

Write the data to file:8388608 bytes
***********WAITING************

Write the data to file:8388608 bytes
***********WAITING************

Write the data to file:8388608 bytes
***********WAITING************

Write the data to file:8388608 bytes
***********WAITING************

Write the data to file:8388608 bytes
***********WAITING************

Write the data to file:8388608 bytes
***********WAITING************

Write the data to file:8388608 bytes
***********WAITING************

Write the data to file:8388608 bytes
***********WAITING************

Write the data to file:8388608 bytes
***********WAITING************

Write the data to file:8388608 bytes
***********WAITING************

Write the data to file:8388608 bytes
***********WAITING************

Write the data to file:8388608 bytes
***********WAITING************

Write the data to file:8388608 bytes
***********WAITING************

Write the data to file:8388608 bytes
***********WAITING************

Write the data to file:8388608 bytes
***********WAITING************

Write the data to file:8388608 bytes
***********WAITING************

Write the data to file:8388608 bytes
***********WAITING************

Write the data to file:8388608 bytes
***********WAITING************

Write the data to file:8388608 bytes
***********WAITING************

Write the data to file:8388608 bytes
***********WAITING************

Write the data to file:8388608 bytes
***********WAITING************

Write the data to file:8388608 bytes
***********WAITING************

Write the data to file:8388608 bytes
***********WAITING************

Write the data to file:8388608 bytes
***********WAITING************

Write the data to file:8388608 bytes
***********WAITING************

Write the data to file:8388608 bytes
***********WAITING************

Write the data to file:8388608 bytes
***********WAITING************

Write the data to file:8388608 bytes
***********WAITING************

Write the data to file:8388608 bytes
***********WAITING************

Write the data to file:8388608 bytes
***********WAITING************

Write the data to file:8388608 bytes
***********WAITING************

Write the data to file:8388608 bytes
***********WAITING************

Write the data to file:8388608 bytes
***********WAITING************

Write the data to file:8388608 bytes
***********WAITING************

Write the data to file:8388608 bytes
***********WAITING************

Write the data to file:8388608 bytes
***********WAITING************

Write the data to file:8388608 bytes
***********WAITING************

Write the data to file:8388608 bytes
***********WAITING************

Write the data to file:8388608 bytes
***********WAITING************

Write the data to file:8388608 bytes
***********WAITING************

Write the data to file:8388608 bytes
***********WAITING************

Write the data to file:8388608 bytes
***********WAITING************

Write the data to file:8388608 bytes
***********WAITING************

Write the data to file:8388608 bytes
***********WAITING************

Write the data to file:8388608 bytes
***********WAITING************

Write the data to file:8388608 bytes
***********WAITING************

Write the data to file:8388608 bytes
***********WAITING************

Write the data to file:8388608 bytes
***********WAITING************

Write the data to file:8388608 bytes
***********WAITING************

Write the data to file:8388608 bytes
***********WAITING************

Write the data to file:8388608 bytes
***********WAITING************

Write the data to file:8388608 bytes
***********WAITING************

Write the data to file:8388608 bytes
***********WAITING************

Write the data to file:8388608 bytes
***********WAITING************

Write the data to file:8388608 bytes
***********WAITING************

Write the data to file:8388608 bytes
***********WAITING************

Write the data to file:8388608 bytes
***********WAITING************

Write the data to file:8388608 bytes
***********WAITING************

Write the data to file:8388608 bytes
***********WAITING************

Write the data to file:8388608 bytes
***********WAITING************

Write the data to file:8388608 bytes
***********WAITING************

Write the data to file:8388608 bytes
***********WAITING************

Write the data to file:8388608 bytes
***********WAITING************

Write the data to file:8388608 bytes
***********WAITING************

Write the data to file:8388608 bytes
***********WAITING************

Write the data to file:8388608 bytes
***********WAITING************

Write the data to file:8388608 bytes
***********WAITING************

Write the data to file:8388608 bytes
***********WAITING************

Write the data to file:8388608 bytes
***********WAITING************

Write the data to file:8388608 bytes
***********WAITING************

Write the data to file:8388608 bytes
***********WAITING************

Write the data to file:8388608 bytes
***********WAITING************

Write the data to file:8388608 bytes
***********WAITING************

Write the data to file:8388608 bytes
***********WAITING************

Write the data to file:8388608 bytes
***********WAITING************

Write the data to file:8388608 bytes
***********WAITING************

Write the data to file:8388608 bytes
***********WAITING************

Write the data to file:8388608 bytes
***********WAITING************

Write the data to file:8388608 bytes
***********WAITING************

Write the data to file:8388608 bytes
***********WAITING************

Write the data to file:8388608 bytes
***********WAITING************

Write the data to file:8388608 bytes
***********WAITING************

Write the data to file:8388608 bytes
***********WAITING************

Write the data to file:8388608 bytes
***********WAITING************

Write the data to file:8388608 bytes
***********WAITING************

Write the data to file:8388608 bytes
***********WAITING************

Write the data to file:8388608 bytes
***********WAITING************

Write the data to file:8388608 bytes
***********WAITING************

Write the data to file:8388608 bytes
***********WAITING************

Write the data to file:8388608 bytes
***********WAITING************

Write the data to file:8388608 bytes
***********WAITING************

Write the data to file:8388608 bytes
***********WAITING************

Write the data to file:8388608 bytes
***********WAITING************

Write the data to file:8388608 bytes
***********WAITING************

Write the data to file:8388608 bytes
***********WAITING************

Write the data to file:8388608 bytes
***********WAITING************

Write the data to file:8388608 bytes
***********WAITING************

Write the data to file:8388608 bytes
***********WAITING************

Write the data to file:8388608 bytes
***********WAITING************

Write the data to file:8388608 bytes
***********WAITING************

Write the data to file:8388608 bytes
***********WAITING************

Write the data to file:8388608 bytes
***********WAITING************

Write the data to file:8388608 bytes
***********WAITING************

Write the data to file:8388608 bytes
***********WAITING************

Write the data to file:8388608 bytes
***********WAITING************

Write the data to file:8388608 bytes
***********WAITING************

Write the data to file:8388608 bytes
***********WAITING************

Write the data to file:8388608 bytes
***********WAITING************

Write the data to file:8388608 bytes
***********WAITING************

Write the data to file:8388608 bytes
***********WAITING************

Write the data to file:8388608 bytes
***********WAITING************

Write the data to file:8388608 bytes
***********WAITING************

Write the data to file:8388608 bytes
***********WAITING************

Write the data to file:8388608 bytes
***********WAITING************

Write the data to file:8388608 bytes
***********WAITING************

Write the data to file:8388608 bytes
***********WAITING************

Write the data to file:8388608 bytes
***********WAITING************

Write the data to file:8388608 bytes
***********WAITING************

Write the data to file:8388608 bytes
***********WAITING************

Write the data to file:8388608 bytes
***********WAITING************

Write the data to file:8388608 bytes
***********WAITING************

Write the data to file:8388608 bytes
***********WAITING************

Write the data to file:8388608 bytes
***********WAITING************

Write the data to file:8388608 bytes
***********WAITING************

Write the data to file:8388608 bytes
***********WAITING************

Write the data to file:8388608 bytes
***********WAITING************

Write the data to file:8388608 bytes
***********WAITING************

Write the data to file:8388608 bytes
***********WAITING************

Write the data to file:8388608 bytes
***********WAITING************

Write the data to file:8388608 bytes
***********WAITING************

Write the data to file:8388608 bytes
***********WAITING************

Write the data to file:8388608 bytes
***********WAITING************

Write the data to file:8388608 bytes
***********WAITING************

Write the data to file:8388608 bytes
***********WAITING************

Write the data to file:8388608 bytes
***********WAITING************

Write the data to file:8388608 bytes
***********WAITING************

Write the data to file:8388608 bytes
***********WAITING************

Write the data to file:8388608 bytes
***********WAITING************

Write the data to file:8388608 bytes
***********WAITING************

Write the data to file:8388608 bytes
***********WAITING************

Write the data to file:8388608 bytes
***********WAITING************

Write the data to file:8388608 bytes
***********WAITING************

Write the data to file:8388608 bytes
***********WAITING************

Write the data to file:8388608 bytes
***********WAITING************

Write the data to file:8388608 bytes
***********WAITING************

Write the data to file:8388608 bytes
***********WAITING************

Write the data to file:8388608 bytes
***********WAITING************

Write the data to file:8388608 bytes
***********WAITING************

Write the data to file:8388608 bytes
***********WAITING************

Write the data to file:8388608 bytes
***********WAITING************

Write the data to file:8388608 bytes
***********WAITING************

Write the data to file:8388608 bytes
***********WAITING************

Write the data to file:8388608 bytes
***********WAITING************

Write the data to file:8388608 bytes
***********WAITING************

Write the data to file:8388608 bytes
***********WAITING************

Write the data to file:8388608 bytes
***********WAITING************

Write the data to file:8388608 bytes
***********WAITING************

Write the data to file:8388608 bytes
***********WAITING************

Write the data to file:8388608 bytes
***********WAITING************

Write the data to file:8388608 bytes
***********WAITING************

Write the data to file:8388608 bytes
***********WAITING************

Write the data to file:8388608 bytes
***********WAITING************

Write the data to file:8388608 bytes
***********WAITING************

Write the data to file:8388608 bytes
***********WAITING************

Write the data to file:8388608 bytes
***********WAITING************

Write the data to file:8388608 bytes
***********WAITING************

Write the data to file:8388608 bytes
***********WAITING************

Write the data to file:8388608 bytes
***********WAITING************

Write the data to file:8388608 bytes
***********WAITING************

Write the data to file:8388608 bytes
***********WAITING************

Write the data to file:8388608 bytes
***********WAITING************

Write the data to file:8388608 bytes
***********WAITING************

Write the data to file:8388608 bytes
***********WAITING************

Write the data to file:8388608 bytes
***********WAITING************

Write the data to file:8388608 bytes
***********WAITING************

Write the data to file:8388608 bytes
***********WAITING************

Write the data to file:8388608 bytes
***********WAITING************

Write the data to file:8388608 bytes
***********WAITING************

Write the data to file:8388608 bytes
***********WAITING************

Write the data to file:8388608 bytes
***********WAITING************

Write the data to file:8388608 bytes
***********WAITING************

Write the data to file:8388608 bytes
***********WAITING************

Write the data to file:8388608 bytes
***********WAITING************

Write the data to file:8388608 bytes
***********WAITING************

Write the data to file:8388608 bytes
***********WAITING************

Write the data to file:8388608 bytes
***********WAITING************

Write the data to file:8388608 bytes
***********WAITING************

Write the data to file:8388608 bytes
***********WAITING************

Write the data to file:8388608 bytes
***********WAITING************

Write the data to file:8388608 bytes
***********WAITING************

Write the data to file:8388608 bytes
***********WAITING************

Write the data to file:8388608 bytes
***********WAITING************

Write the data to file:8388608 bytes
***********WAITING************

Write the data to file:8388608 bytes
***********WAITING************

Write the data to file:8388608 bytes
***********WAITING************

Write the data to file:8388608 bytes
***********WAITING************

Write the data to file:8388608 bytes
***********WAITING************

Write the data to file:8388608 bytes
***********WAITING************

Write the data to file:8388608 bytes
***********WAITING************

Write the data to file:8388608 bytes
***********WAITING************

Write the data to file:8388608 bytes
***********WAITING************

Write the data to file:8388608 bytes
***********WAITING************

Write the data to file:8388608 bytes
***********WAITING************

Write the data to file:8388608 bytes
***********WAITING************

Write the data to file:8388608 bytes
***********WAITING************

Write the data to file:8388608 bytes
***********WAITING************

Write the data to file:8388608 bytes
***********WAITING************

Write the data to file:8388608 bytes
***********WAITING************

Write the data to file:8388608 bytes
***********WAITING************

Write the data to file:8388608 bytes
***********WAITING************

Write the data to file:8388608 bytes
***********WAITING************

Write the data to file:8388608 bytes
***********WAITING************

Write the data to file:8388608 bytes
***********WAITING************

Write the data to file:8388608 bytes
***********WAITING************

Write the data to file:8388608 bytes
***********WAITING************

Write the data to file:8388608 bytes
***********WAITING************

Write the data to file:8388608 bytes
***********WAITING************

Write the data to file:8388608 bytes
***********WAITING************

Write the data to file:8388608 bytes
***********WAITING************

Write the data to file:8388608 bytes
***********WAITING************

Write the data to file:8388608 bytes
***********WAITING************

Write the data to file:8388608 bytes
***********WAITING************

Write the data to file:8388608 bytes
***********WAITING************

Write the data to file:8388608 bytes
***********WAITING************

Write the data to file:8388608 bytes
***********WAITING************

Write the data to file:8388608 bytes
***********WAITING************

Write the data to file:8388608 bytes
***********WAITING************

Write the data to file:8388608 bytes
***********WAITING************

Write the data to file:8388608 bytes
***********WAITING************

Write the data to file:8388608 bytes
***********WAITING************

Write the data to file:8388608 bytes
***********WAITING************

Write the data to file:8388608 bytes
***********WAITING************

Write the data to file:8388608 bytes
***********WAITING************

Write the data to file:8388608 bytes
***********WAITING************

Write the data to file:8388608 bytes
***********WAITING************

Write the data to file:8388608 bytes
***********WAITING************

Write the data to file:8388608 bytes
***********WAITING************

Write the data to file:8388608 bytes
***********WAITING************

Write the data to file:8388608 bytes
***********WAITING************

Write the data to file:8388608 bytes
***********WAITING************

Write the data to file:8388608 bytes
***********WAITING************

Write the data to file:8388608 bytes
***********WAITING************

Write the data to file:8388608 bytes
***********WAITING************

Write the data to file:8388608 bytes
***********WAITING************

Write the data to file:8388608 bytes
***********WAITING************

Write the data to file:8388608 bytes
***********WAITING************

Write the data to file:8388608 bytes
***********WAITING************

Write the data to file:8388608 bytes
***********WAITING************

Write the data to file:8388608 bytes
***********WAITING************

Write the data to file:8388608 bytes
***********WAITING************

Write the data to file:8388608 bytes
***********WAITING************

Write the data to file:8388608 bytes
***********WAITING************

Write the data to file:8388608 bytes
***********WAITING************

Write the data to file:8388608 bytes
***********WAITING************

Write the data to file:8388608 bytes
***********WAITING************

Write the data to file:8388608 bytes
***********WAITING************

Write the data to file:8388608 bytes
***********WAITING************

Write the data to file:8388608 bytes
***********WAITING************

Write the data to file:8388608 bytes
***********WAITING************

Write the data to file:8388608 bytes
***********WAITING************

Write the data to file:8388608 bytes
***********WAITING************

Write the data to file:8388608 bytes
***********WAITING************

Write the data to file:8388608 bytes
***********WAITING************

Write the data to file:8388608 bytes
***********WAITING************

Write the data to file:8388608 bytes
***********WAITING************

Write the data to file:8388608 bytes
***********WAITING************

Write the data to file:8388608 bytes
***********WAITING************

Write the data to file:8388608 bytes
***********WAITING************

Write the data to file:8388608 bytes
***********WAITING************

Write the data to file:8388608 bytes
***********WAITING************

Write the data to file:8388608 bytes
***********WAITING************

Write the data to file:8388608 bytes
***********WAITING************

Write the data to file:8388608 bytes
***********WAITING************

Write the data to file:8388608 bytes
***********WAITING************

Write the data to file:8388608 bytes
***********WAITING************

Write the data to file:8388608 bytes
***********WAITING************

Write the data to file:8388608 bytes
***********WAITING************

Write the data to file:8388608 bytes
***********WAITING************

Write the data to file:8388608 bytes
***********WAITING************

Write the data to file:8388608 bytes
***********WAITING************

Write the data to file:8388608 bytes
***********WAITING************

Write the data to file:8388608 bytes
***********WAITING************

Write the data to file:8388608 bytes
***********WAITING************

Write the data to file:8388608 bytes
***********WAITING************

Write the data to file:8388608 bytes
***********WAITING************

Write the data to file:8388608 bytes
***********WAITING************

Write the data to file:8388608 bytes
***********WAITING************

Write the data to file:8388608 bytes
***********WAITING************

Write the data to file:8388608 bytes
***********WAITING************

Write the data to file:8388608 bytes
***********WAITING************

Write the data to file:8388608 bytes
***********WAITING************

Write the data to file:8388608 bytes
***********WAITING************

Write the data to file:8388608 bytes
***********WAITING************

Write the data to file:8388608 bytes
***********WAITING************

Write the data to file:8388608 bytes
***********WAITING************

Write the data to file:8388608 bytes
***********WAITING************

Write the data to file:8388608 bytes
***********WAITING************

Write the data to file:8388608 bytes
***********WAITING************

Write the data to file:8388608 bytes
***********WAITING************

Write the data to file:8388608 bytes
***********WAITING************

Write the data to file:8388608 bytes
***********WAITING************

Write the data to file:8388608 bytes
***********WAITING************

Write the data to file:8388608 bytes
***********WAITING************

Write the data to file:8388608 bytes
***********WAITING************

Write the data to file:8388608 bytes
***********WAITING************

Write the data to file:8388608 bytes
***********WAITING************

Write the data to file:8388608 bytes
***********WAITING************

Write the data to file:8388608 bytes
***********WAITING************

Write the data to file:8388608 bytes
***********WAITING************

Write the data to file:8388608 bytes
***********WAITING************

Write the data to file:8388608 bytes
***********WAITING************

Write the data to file:8388608 bytes
***********WAITING************

Write the data to file:8388608 bytes
***********WAITING************

Write the data to file:8388608 bytes
***********WAITING************

Write the data to file:8388608 bytes
***********WAITING************

Write the data to file:8388608 bytes
***********WAITING************

Write the data to file:8388608 bytes
***********WAITING************

Write the data to file:8388608 bytes
***********WAITING************

Write the data to file:8388608 bytes
***********WAITING************

Write the data to file:8388608 bytes
***********WAITING************

Write the data to file:8388608 bytes
***********WAITING************

Write the data to file:8388608 bytes
***********WAITING************

Write the data to file:8388608 bytes
***********WAITING************

Write the data to file:8388608 bytes
***********WAITING************

Write the data to file:8388608 bytes
***********WAITING************

Write the data to file:8388608 bytes
***********WAITING************

Write the data to file:8388608 bytes
***********WAITING************

Write the data to file:8388608 bytes
***********WAITING************

Write the data to file:8388608 bytes
***********WAITING************

Write the data to file:8388608 bytes
***********WAITING************

Write the data to file:8388608 bytes
***********WAITING************

Write the data to file:8388608 bytes
***********WAITING************

Write the data to file:8388608 bytes
***********WAITING************

Write the data to file:8388608 bytes
***********WAITING************

Write the data to file:8388608 bytes
***********WAITING************

Write the data to file:8388608 bytes
***********WAITING************

Write the data to file:8388608 bytes
***********WAITING************

Write the data to file:8388608 bytes
***********WAITING************

Write the data to file:8388608 bytes
***********WAITING************

Write the data to file:8388608 bytes
***********WAITING************

Write the data to file:8388608 bytes
***********WAITING************

Write the data to file:8388608 bytes
***********WAITING************

Write the data to file:8388608 bytes
***********WAITING************

Write the data to file:8388608 bytes
***********WAITING************

Write the data to file:8388608 bytes
***********WAITING************

Write the data to file:8388608 bytes
***********WAITING************

Write the data to file:8388608 bytes
***********WAITING************

Write the data to file:8388608 bytes
***********WAITING************

Write the data to file:8388608 bytes
***********WAITING************

Write the data to file:8388608 bytes
***********WAITING************

Write the data to file:8388608 bytes
***********WAITING************

Write the data to file:8388608 bytes
***********WAITING************

Write the data to file:8388608 bytes
***********WAITING************

Write the data to file:8388608 bytes
***********WAITING************

Write the data to file:8388608 bytes
***********WAITING************

Write the data to file:8388608 bytes
***********WAITING************

Write the data to file:8388608 bytes
***********WAITING************

Write the data to file:8388608 bytes
***********WAITING************

Write the data to file:8388608 bytes
***********WAITING************

Write the data to file:8388608 bytes
***********WAITING************

Write the data to file:8388608 bytes
***********WAITING************

Write the data to file:8388608 bytes
***********WAITING************

Write the data to file:8388608 bytes
***********WAITING************

Write the data to file:8388608 bytes
***********WAITING************

Write the data to file:8388608 bytes
***********WAITING************

Write the data to file:8388608 bytes
***********WAITING************

Write the data to file:8388608 bytes
***********WAITING************

Write the data to file:8388608 bytes
***********WAITING************

Write the data to file:8388608 bytes
***********WAITING************

Write the data to file:8388608 bytes
***********WAITING************

Write the data to file:8388608 bytes
***********WAITING************

Write the data to file:8388608 bytes
***********WAITING************

Write the data to file:8388608 bytes
***********WAITING************

Write the data to file:8388608 bytes
***********WAITING************

Write the data to file:8388608 bytes
***********WAITING************

Write the data to file:8388608 bytes
***********WAITING************

Write the data to file:8388608 bytes
***********WAITING************

Write the data to file:8388608 bytes
***********WAITING************

Write the data to file:8388608 bytes
***********WAITING************

Write the data to file:8388608 bytes
***********WAITING************

Write the data to file:8388608 bytes
***********WAITING************

Write the data to file:8388608 bytes
***********WAITING************

Write the data to file:8388608 bytes
***********WAITING************

Write the data to file:8388608 bytes
***********WAITING************

Write the data to file:8388608 bytes
***********WAITING************

Write the data to file:8388608 bytes
***********WAITING************

Write the data to file:8388608 bytes
***********WAITING************

Write the data to file:8388608 bytes
***********WAITING************

Write the data to file:8388608 bytes
***********WAITING************

Write the data to file:8388608 bytes
***********WAITING************

Write the data to file:8388608 bytes
***********WAITING************

Write the data to file:8388608 bytes
***********WAITING************
S_cc         0.24   [      0.24:      0.25]
S_bw         0.06   [      0.06:      0.06]
S_w          8.93   [      8.93:      8.93]
          -------
S_total      9.24   [      9.23:      9.24]

build_S done
calc_W
build_S done
calc_W
build_S done
calc_W
build_S done
calc_W
build_S done
calc_W
build_S done
calc_W
nr_of_strided_rec: 0
WARNING: RECORD_SIZE >> READ_NEEDED
nr_doubles: 1048576
build_S done
calc_W
nr_of_strided_rec: 0
WARNING: RECORD_SIZE >> READ_NEEDED
nr_doubles: 1048576
build_S done
calc_W
nr_of_strided_rec: 0
WARNING: RECORD_SIZE >> READ_NEEDED
nr_doubles: 1048576
build_S done
calc_W
nr_of_strided_rec: 0
WARNING: RECORD_SIZE >> READ_NEEDED
nr_doubles: 1048576
build_S done
calc_W
nr_of_strided_rec: 0
WARNING: RECORD_SIZE >> READ_NEEDED
nr_doubles: 1048576
build_S done
calc_W
nr_of_strided_rec: 0
WARNING: RECORD_SIZE >> READ_NEEDED
nr_doubles: 1048576
build_S done
calc_W
nr_of_strided_rec: 0
WARNING: RECORD_SIZE >> READ_NEEDED
nr_doubles: 1048576
build_S done
calc_W
nr_of_strided_rec: 0
WARNING: RECORD_SIZE >> READ_NEEDED
nr_doubles: 1048576
build_S done
calc_W
nr_of_strided_rec: 0
WARNING: RECORD_SIZE >> READ_NEEDED
nr_doubles: 1048576
build_S done
calc_W
nr_of_strided_rec: 0
WARNING: RECORD_SIZE >> READ_NEEDED
nr_doubles: 1048576
build_S done
calc_W
nr_of_strided_rec: 0
WARNING: RECORD_SIZE >> READ_NEEDED
nr_doubles: 1048576
nr_of_strided_rec: 0
WARNING: RECORD_SIZE >> READ_NEEDED
nr_doubles: 1048576
nr_of_strided_rec: 0
WARNING: RECORD_SIZE >> READ_NEEDED
nr_doubles: 1048576
nr_of_strided_rec: 0
WARNING: RECORD_SIZE >> READ_NEEDED
nr_doubles: 1048576
nr_of_strided_rec: 0
WARNING: RECORD_SIZE >> READ_NEEDED
nr_doubles: 1048576
nr_of_strided_rec: 0
WARNING: RECORD_SIZE >> READ_NEEDED
nr_doubles: 1048576
nr_of_strided_rec: 1
nr_doubles: 1048576
nr_of_strided_rec: 1
nr_doubles: 1048576
nr_of_strided_rec: 1
nr_doubles: 1048576
nr_of_strided_rec: 1
nr_doubles: 1048576
nr_of_strided_rec: 1
nr_doubles: 1048576
nr_of_strided_rec: 1
nr_doubles: 1048576
nr_of_strided_rec: 1
nr_doubles: 1048576
nr_of_strided_rec: 1
nr_doubles: 1048576
nr_of_strided_rec: 1
nr_doubles: 1048576
nr_of_strided_rec: 1
nr_doubles: 1048576
nr_of_strided_rec: 1
nr_doubles: 1048576
nr_of_strided_rec: 1
nr_doubles: 1048576
nr_of_strided_rec: 1
nr_doubles: 1048576
nr_of_strided_rec: 1
nr_doubles: 1048576
nr_of_strided_rec: 1
nr_doubles: 1048576
nr_of_strided_rec: 1
nr_doubles: 1048576

Write the data to file:8388608 bytes
***********WAITING************

Write the data to file:8388608 bytes
***********WAITING************

Write the data to file:8388608 bytes
***********WAITING************

Write the data to file:8388608 bytes
***********WAITING************

Write the data to file:8388608 bytes
***********WAITING************

Write the data to file:8388608 bytes
***********WAITING************

Write the data to file:8388608 bytes
***********WAITING************

Write the data to file:8388608 bytes
***********WAITING************

Write the data to file:8388608 bytes
***********WAITING************

Write the data to file:8388608 bytes
***********WAITING************

Write the data to file:8388608 bytes
***********WAITING************

Write the data to file:8388608 bytes
***********WAITING************

Write the data to file:8388608 bytes
***********WAITING************

Write the data to file:8388608 bytes
***********WAITING************

Write the data to file:8388608 bytes
***********WAITING************

Write the data to file:8388608 bytes
***********WAITING************
nr_of_strided_rec: 1
nr_doubles: 1048576
nr_of_strided_rec: 1
nr_doubles: 1048576
nr_of_strided_rec: 1
nr_doubles: 1048576
nr_of_strided_rec: 1
nr_doubles: 1048576
nr_of_strided_rec: 1
nr_doubles: 1048576
nr_of_strided_rec: 1
nr_doubles: 1048576
nr_of_strided_rec: 1
nr_doubles: 1048576
nr_of_strided_rec: 1
nr_doubles: 1048576
nr_of_strided_rec: 1
nr_doubles: 1048576
nr_of_strided_rec: 1
nr_doubles: 1048576
nr_of_strided_rec: 1
nr_doubles: 1048576
nr_of_strided_rec: 1
nr_doubles: 1048576
nr_of_strided_rec: 1
nr_doubles: 1048576
nr_of_strided_rec: 1
nr_doubles: 1048576
nr_of_strided_rec: 1
nr_doubles: 1048576
nr_of_strided_rec: 1
nr_doubles: 1048576

Write the data to file:8388608 bytes
***********WAITING************

Write the data to file:8388608 bytes
***********WAITING************

Write the data to file:8388608 bytes
***********WAITING************

Write the data to file:8388608 bytes
***********WAITING************

Write the data to file:8388608 bytes
***********WAITING************

Write the data to file:8388608 bytes
***********WAITING************

Write the data to file:8388608 bytes
***********WAITING************

Write the data to file:8388608 bytes
***********WAITING************

Write the data to file:8388608 bytes
***********WAITING************

Write the data to file:8388608 bytes
***********WAITING************

Write the data to file:8388608 bytes
***********WAITING************

Write the data to file:8388608 bytes
***********WAITING************

Write the data to file:8388608 bytes
***********WAITING************

Write the data to file:8388608 bytes
***********WAITING************

Write the data to file:8388608 bytes
***********WAITING************

Write the data to file:8388608 bytes
***********WAITING************
nr_of_strided_rec: 1
nr_doubles: 1048576
nr_of_strided_rec: 1
nr_doubles: 1048576
nr_of_strided_rec: 1
nr_doubles: 1048576
nr_of_strided_rec: 1
nr_doubles: 1048576
nr_of_strided_rec: 1
nr_doubles: 1048576
nr_of_strided_rec: 1
nr_doubles: 1048576
nr_of_strided_rec: 1
nr_doubles: 1048576
nr_of_strided_rec: 1
nr_doubles: 1048576
nr_of_strided_rec: 1
nr_doubles: 1048576
nr_of_strided_rec: 1
nr_doubles: 1048576
nr_of_strided_rec: 1
nr_doubles: 1048576
nr_of_strided_rec: 1
nr_doubles: 1048576
nr_of_strided_rec: 1
nr_doubles: 1048576
nr_of_strided_rec: 1
nr_doubles: 1048576
nr_of_strided_rec: 1
nr_doubles: 1048576
nr_of_strided_rec: 1
nr_doubles: 1048576

Write the data to file:8388608 bytes
***********WAITING************

Write the data to file:8388608 bytes
***********WAITING************

Write the data to file:8388608 bytes
***********WAITING************

Write the data to file:8388608 bytes
***********WAITING************

Write the data to file:8388608 bytes
***********WAITING************

Write the data to file:8388608 bytes
***********WAITING************

Write the data to file:8388608 bytes
***********WAITING************

Write the data to file:8388608 bytes
***********WAITING************

Write the data to file:8388608 bytes
***********WAITING************

Write the data to file:8388608 bytes
***********WAITING************

Write the data to file:8388608 bytes
***********WAITING************

Write the data to file:8388608 bytes
***********WAITING************

Write the data to file:8388608 bytes
***********WAITING************

Write the data to file:8388608 bytes
***********WAITING************

Write the data to file:8388608 bytes
***********WAITING************

Write the data to file:8388608 bytes
***********WAITING************
nr_of_strided_rec: 1
nr_doubles: 1048576
nr_of_strided_rec: 1
nr_doubles: 1048576
nr_of_strided_rec: 1
nr_doubles: 1048576
nr_of_strided_rec: 1
nr_doubles: 1048576
nr_of_strided_rec: 1
nr_doubles: 1048576
nr_of_strided_rec: 1
nr_doubles: 1048576
nr_of_strided_rec: 1
nr_doubles: 1048576
nr_of_strided_rec: 1
nr_doubles: 1048576
nr_of_strided_rec: 1
nr_doubles: 1048576
nr_of_strided_rec: 1
nr_doubles: 1048576
nr_of_strided_rec: 1
nr_doubles: 1048576
nr_of_strided_rec: 1
nr_doubles: 1048576
nr_of_strided_rec: 1
nr_doubles: 1048576
nr_of_strided_rec: 1
nr_doubles: 1048576
nr_of_strided_rec: 1
nr_doubles: 1048576
nr_of_strided_rec: 1
nr_doubles: 1048576

Write the data to file:8388608 bytes
***********WAITING************

Write the data to file:8388608 bytes
***********WAITING************

Write the data to file:8388608 bytes
***********WAITING************

Write the data to file:8388608 bytes
***********WAITING************

Write the data to file:8388608 bytes
***********WAITING************

Write the data to file:8388608 bytes
***********WAITING************

Write the data to file:8388608 bytes
***********WAITING************

Write the data to file:8388608 bytes
***********WAITING************

Write the data to file:8388608 bytes
***********WAITING************

Write the data to file:8388608 bytes
***********WAITING************

Write the data to file:8388608 bytes
***********WAITING************

Write the data to file:8388608 bytes
***********WAITING************

Write the data to file:8388608 bytes
***********WAITING************

Write the data to file:8388608 bytes
***********WAITING************

Write the data to file:8388608 bytes
***********WAITING************

Write the data to file:8388608 bytes
***********WAITING************
nr_of_strided_rec: 1
nr_doubles: 1048576
nr_of_strided_rec: 1
nr_doubles: 1048576
nr_of_strided_rec: 1
nr_doubles: 1048576
nr_of_strided_rec: 1
nr_doubles: 1048576
nr_of_strided_rec: 1
nr_doubles: 1048576
nr_of_strided_rec: 1
nr_doubles: 1048576
nr_of_strided_rec: 1
nr_doubles: 1048576
nr_of_strided_rec: 1
nr_doubles: 1048576
nr_of_strided_rec: 1
nr_doubles: 1048576
nr_of_strided_rec: 1
nr_doubles: 1048576
nr_of_strided_rec: 1
nr_doubles: 1048576
nr_of_strided_rec: 1
nr_doubles: 1048576
nr_of_strided_rec: 1
nr_doubles: 1048576
nr_of_strided_rec: 1
nr_doubles: 1048576
nr_of_strided_rec: 1
nr_doubles: 1048576
nr_of_strided_rec: 1
nr_doubles: 1048576

Write the data to file:8388608 bytes
***********WAITING************

Write the data to file:8388608 bytes
***********WAITING************

Write the data to file:8388608 bytes
***********WAITING************

Write the data to file:8388608 bytes
***********WAITING************

Write the data to file:8388608 bytes
***********WAITING************

Write the data to file:8388608 bytes
***********WAITING************

Write the data to file:8388608 bytes
***********WAITING************

Write the data to file:8388608 bytes
***********WAITING************

Write the data to file:8388608 bytes
***********WAITING************

Write the data to file:8388608 bytes
***********WAITING************

Write the data to file:8388608 bytes
***********WAITING************

Write the data to file:8388608 bytes
***********WAITING************

Write the data to file:8388608 bytes
***********WAITING************

Write the data to file:8388608 bytes
***********WAITING************

Write the data to file:8388608 bytes
***********WAITING************

Write the data to file:8388608 bytes
***********WAITING************
nr_of_strided_rec: 1
nr_doubles: 1048576
nr_of_strided_rec: 1
nr_doubles: 1048576
nr_of_strided_rec: 1
nr_doubles: 1048576
nr_of_strided_rec: 1
nr_doubles: 1048576
nr_of_strided_rec: 1
nr_doubles: 1048576
nr_of_strided_rec: 1
nr_doubles: 1048576
nr_of_strided_rec: 1
nr_doubles: 1048576
nr_of_strided_rec: 1
nr_doubles: 1048576
nr_of_strided_rec: 1
nr_doubles: 1048576
nr_of_strided_rec: 1
nr_doubles: 1048576
nr_of_strided_rec: 1
nr_doubles: 1048576
nr_of_strided_rec: 1
nr_doubles: 1048576
nr_of_strided_rec: 1
nr_doubles: 1048576
nr_of_strided_rec: 1
nr_doubles: 1048576
nr_of_strided_rec: 1
nr_doubles: 1048576
nr_of_strided_rec: 1
nr_doubles: 1048576

Write the data to file:8388608 bytes
***********WAITING************

Write the data to file:8388608 bytes
***********WAITING************

Write the data to file:8388608 bytes
***********WAITING************

Write the data to file:8388608 bytes
***********WAITING************

Write the data to file:8388608 bytes
***********WAITING************

Write the data to file:8388608 bytes
***********WAITING************

Write the data to file:8388608 bytes
***********WAITING************

Write the data to file:8388608 bytes
***********WAITING************

Write the data to file:8388608 bytes
***********WAITING************

Write the data to file:8388608 bytes
***********WAITING************

Write the data to file:8388608 bytes
***********WAITING************

Write the data to file:8388608 bytes
***********WAITING************

Write the data to file:8388608 bytes
***********WAITING************

Write the data to file:8388608 bytes
***********WAITING************

Write the data to file:8388608 bytes
***********WAITING************

Write the data to file:8388608 bytes
***********WAITING************
nr_of_strided_rec: 1
nr_doubles: 1048576
nr_of_strided_rec: 1
nr_doubles: 1048576
nr_of_strided_rec: 1
nr_doubles: 1048576
nr_of_strided_rec: 1
nr_doubles: 1048576
nr_of_strided_rec: 1
nr_doubles: 1048576
nr_of_strided_rec: 1
nr_doubles: 1048576
nr_of_strided_rec: 1
nr_doubles: 1048576
nr_of_strided_rec: 1
nr_doubles: 1048576
nr_of_strided_rec: 1
nr_doubles: 1048576
nr_of_strided_rec: 1
nr_doubles: 1048576
nr_of_strided_rec: 1
nr_doubles: 1048576
nr_of_strided_rec: 1
nr_doubles: 1048576
nr_of_strided_rec: 1
nr_doubles: 1048576
nr_of_strided_rec: 1
nr_doubles: 1048576
nr_of_strided_rec: 1
nr_doubles: 1048576
nr_of_strided_rec: 1
nr_doubles: 1048576

Write the data to file:8388608 bytes
***********WAITING************

Write the data to file:8388608 bytes
***********WAITING************

Write the data to file:8388608 bytes
***********WAITING************

Write the data to file:8388608 bytes
***********WAITING************

Write the data to file:8388608 bytes
***********WAITING************

Write the data to file:8388608 bytes
***********WAITING************

Write the data to file:8388608 bytes
***********WAITING************

Write the data to file:8388608 bytes
***********WAITING************

Write the data to file:8388608 bytes
***********WAITING************

Write the data to file:8388608 bytes
***********WAITING************

Write the data to file:8388608 bytes
***********WAITING************

Write the data to file:8388608 bytes
***********WAITING************

Write the data to file:8388608 bytes
***********WAITING************

Write the data to file:8388608 bytes
***********WAITING************

Write the data to file:8388608 bytes
***********WAITING************

Write the data to file:8388608 bytes
***********WAITING************
nr_of_strided_rec: 1
nr_doubles: 1048576
nr_of_strided_rec: 1
nr_doubles: 1048576
nr_of_strided_rec: 1
nr_doubles: 1048576
nr_of_strided_rec: 1
nr_doubles: 1048576
nr_of_strided_rec: 1
nr_doubles: 1048576
nr_of_strided_rec: 1
nr_doubles: 1048576
nr_of_strided_rec: 1
nr_doubles: 1048576
nr_of_strided_rec: 1
nr_doubles: 1048576
nr_of_strided_rec: 1
nr_doubles: 1048576
nr_of_strided_rec: 1
nr_doubles: 1048576
nr_of_strided_rec: 1
nr_doubles: 1048576
nr_of_strided_rec: 1
nr_doubles: 1048576
nr_of_strided_rec: 1
nr_doubles: 1048576
nr_of_strided_rec: 1
nr_doubles: 1048576
nr_of_strided_rec: 1
nr_doubles: 1048576
nr_of_strided_rec: 1
nr_doubles: 1048576

Write the data to file:8388608 bytes
***********WAITING************

Write the data to file:8388608 bytes
***********WAITING************

Write the data to file:8388608 bytes
***********WAITING************

Write the data to file:8388608 bytes
***********WAITING************

Write the data to file:8388608 bytes
***********WAITING************

Write the data to file:8388608 bytes
***********WAITING************

Write the data to file:8388608 bytes
***********WAITING************

Write the data to file:8388608 bytes
***********WAITING************

Write the data to file:8388608 bytes
***********WAITING************

Write the data to file:8388608 bytes
***********WAITING************

Write the data to file:8388608 bytes
***********WAITING************

Write the data to file:8388608 bytes
***********WAITING************

Write the data to file:8388608 bytes
***********WAITING************

Write the data to file:8388608 bytes
***********WAITING************

Write the data to file:8388608 bytes
***********WAITING************

Write the data to file:8388608 bytes
***********WAITING************
nr_of_strided_rec: 1
nr_doubles: 1048576
nr_of_strided_rec: 1
nr_doubles: 1048576
nr_of_strided_rec: 1
nr_doubles: 1048576
nr_of_strided_rec: 1
nr_doubles: 1048576
nr_of_strided_rec: 1
nr_doubles: 1048576
nr_of_strided_rec: 1
nr_doubles: 1048576
nr_of_strided_rec: 1
nr_doubles: 1048576
nr_of_strided_rec: 1
nr_doubles: 1048576
nr_of_strided_rec: 1
nr_doubles: 1048576
nr_of_strided_rec: 1
nr_doubles: 1048576
nr_of_strided_rec: 1
nr_doubles: 1048576
nr_of_strided_rec: 1
nr_doubles: 1048576
nr_of_strided_rec: 1
nr_doubles: 1048576
nr_of_strided_rec: 1
nr_doubles: 1048576
nr_of_strided_rec: 1
nr_doubles: 1048576
nr_of_strided_rec: 1
nr_doubles: 1048576

Write the data to file:8388608 bytes
***********WAITING************

Write the data to file:8388608 bytes
***********WAITING************

Write the data to file:8388608 bytes
***********WAITING************

Write the data to file:8388608 bytes
***********WAITING************

Write the data to file:8388608 bytes
***********WAITING************

Write the data to file:8388608 bytes
***********WAITING************

Write the data to file:8388608 bytes
***********WAITING************

Write the data to file:8388608 bytes
***********WAITING************

Write the data to file:8388608 bytes
***********WAITING************

Write the data to file:8388608 bytes
***********WAITING************

Write the data to file:8388608 bytes
***********WAITING************

Write the data to file:8388608 bytes
***********WAITING************

Write the data to file:8388608 bytes
***********WAITING************

Write the data to file:8388608 bytes
***********WAITING************

Write the data to file:8388608 bytes
***********WAITING************

Write the data to file:8388608 bytes
***********WAITING************
nr_of_strided_rec: 1
nr_doubles: 1048576
nr_of_strided_rec: 1
nr_doubles: 1048576
nr_of_strided_rec: 1
nr_doubles: 1048576
nr_of_strided_rec: 1
nr_doubles: 1048576
nr_of_strided_rec: 1
nr_doubles: 1048576
nr_of_strided_rec: 1
nr_doubles: 1048576
nr_of_strided_rec: 1
nr_doubles: 1048576
nr_of_strided_rec: 1
nr_doubles: 1048576
nr_of_strided_rec: 1
nr_doubles: 1048576
nr_of_strided_rec: 1
nr_doubles: 1048576
nr_of_strided_rec: 1
nr_doubles: 1048576
nr_of_strided_rec: 1
nr_doubles: 1048576
nr_of_strided_rec: 1
nr_doubles: 1048576
nr_of_strided_rec: 1
nr_doubles: 1048576
nr_of_strided_rec: 1
nr_doubles: 1048576
nr_of_strided_rec: 1
nr_doubles: 1048576

Write the data to file:8388608 bytes
***********WAITING************

Write the data to file:8388608 bytes
***********WAITING************

Write the data to file:8388608 bytes
***********WAITING************

Write the data to file:8388608 bytes
***********WAITING************

Write the data to file:8388608 bytes
***********WAITING************

Write the data to file:8388608 bytes
***********WAITING************

Write the data to file:8388608 bytes
***********WAITING************

Write the data to file:8388608 bytes
***********WAITING************

Write the data to file:8388608 bytes
***********WAITING************

Write the data to file:8388608 bytes
***********WAITING************

Write the data to file:8388608 bytes
***********WAITING************

Write the data to file:8388608 bytes
***********WAITING************

Write the data to file:8388608 bytes
***********WAITING************

Write the data to file:8388608 bytes
***********WAITING************

Write the data to file:8388608 bytes
***********WAITING************

Write the data to file:8388608 bytes
***********WAITING************
nr_of_strided_rec: 1
nr_doubles: 1048576
nr_of_strided_rec: 1
nr_doubles: 1048576
nr_of_strided_rec: 1
nr_doubles: 1048576
nr_of_strided_rec: 1
nr_doubles: 1048576
nr_of_strided_rec: 1
nr_doubles: 1048576
nr_of_strided_rec: 1
nr_doubles: 1048576
nr_of_strided_rec: 1
nr_doubles: 1048576
nr_of_strided_rec: 1
nr_doubles: 1048576
nr_of_strided_rec: 1
nr_doubles: 1048576
nr_of_strided_rec: 1
nr_doubles: 1048576
nr_of_strided_rec: 1
nr_doubles: 1048576
nr_of_strided_rec: 1
nr_doubles: 1048576
nr_of_strided_rec: 1
nr_doubles: 1048576
nr_of_strided_rec: 1
nr_doubles: 1048576
nr_of_strided_rec: 1
nr_doubles: 1048576
nr_of_strided_rec: 1
nr_doubles: 1048576

Write the data to file:8388608 bytes
***********WAITING************

Write the data to file:8388608 bytes
***********WAITING************

Write the data to file:8388608 bytes
***********WAITING************

Write the data to file:8388608 bytes
***********WAITING************

Write the data to file:8388608 bytes
***********WAITING************

Write the data to file:8388608 bytes
***********WAITING************

Write the data to file:8388608 bytes
***********WAITING************

Write the data to file:8388608 bytes
***********WAITING************

Write the data to file:8388608 bytes
***********WAITING************

Write the data to file:8388608 bytes
***********WAITING************

Write the data to file:8388608 bytes
***********WAITING************

Write the data to file:8388608 bytes
***********WAITING************

Write the data to file:8388608 bytes
***********WAITING************

Write the data to file:8388608 bytes
***********WAITING************

Write the data to file:8388608 bytes
***********WAITING************

Write the data to file:8388608 bytes
***********WAITING************
nr_of_strided_rec: 1
nr_doubles: 1048576
nr_of_strided_rec: 1
nr_doubles: 1048576
nr_of_strided_rec: 1
nr_doubles: 1048576
nr_of_strided_rec: 1
nr_doubles: 1048576
nr_of_strided_rec: 1
nr_doubles: 1048576
nr_of_strided_rec: 1
nr_doubles: 1048576
nr_of_strided_rec: 1
nr_doubles: 1048576
nr_of_strided_rec: 1
nr_doubles: 1048576
nr_of_strided_rec: 1
nr_doubles: 1048576
nr_of_strided_rec: 1
nr_doubles: 1048576
nr_of_strided_rec: 1
nr_doubles: 1048576
nr_of_strided_rec: 1
nr_doubles: 1048576
nr_of_strided_rec: 1
nr_doubles: 1048576
nr_of_strided_rec: 1
nr_doubles: 1048576
nr_of_strided_rec: 1
nr_doubles: 1048576
nr_of_strided_rec: 1
nr_doubles: 1048576

Write the data to file:8388608 bytes
***********WAITING************

Write the data to file:8388608 bytes
***********WAITING************

Write the data to file:8388608 bytes
***********WAITING************

Write the data to file:8388608 bytes
***********WAITING************

Write the data to file:8388608 bytes
***********WAITING************

Write the data to file:8388608 bytes
***********WAITING************

Write the data to file:8388608 bytes
***********WAITING************

Write the data to file:8388608 bytes
***********WAITING************

Write the data to file:8388608 bytes
***********WAITING************

Write the data to file:8388608 bytes
***********WAITING************

Write the data to file:8388608 bytes
***********WAITING************

Write the data to file:8388608 bytes
***********WAITING************

Write the data to file:8388608 bytes
***********WAITING************

Write the data to file:8388608 bytes
***********WAITING************

Write the data to file:8388608 bytes
***********WAITING************

Write the data to file:8388608 bytes
***********WAITING************
nr_of_strided_rec: 1
nr_doubles: 1048576
nr_of_strided_rec: 1
nr_doubles: 1048576
nr_of_strided_rec: 1
nr_doubles: 1048576
nr_of_strided_rec: 1
nr_doubles: 1048576
nr_of_strided_rec: 1
nr_doubles: 1048576
nr_of_strided_rec: 1
nr_doubles: 1048576
nr_of_strided_rec: 1
nr_doubles: 1048576
nr_of_strided_rec: 1
nr_doubles: 1048576
nr_of_strided_rec: 1
nr_doubles: 1048576
nr_of_strided_rec: 1
nr_doubles: 1048576
nr_of_strided_rec: 1
nr_doubles: 1048576
nr_of_strided_rec: 1
nr_doubles: 1048576
nr_of_strided_rec: 1
nr_doubles: 1048576
nr_of_strided_rec: 1
nr_doubles: 1048576
nr_of_strided_rec: 1
nr_doubles: 1048576
nr_of_strided_rec: 1
nr_doubles: 1048576

Write the data to file:8388608 bytes
***********WAITING************

Write the data to file:8388608 bytes
***********WAITING************

Write the data to file:8388608 bytes
***********WAITING************

Write the data to file:8388608 bytes
***********WAITING************

Write the data to file:8388608 bytes
***********WAITING************

Write the data to file:8388608 bytes
***********WAITING************

Write the data to file:8388608 bytes
***********WAITING************

Write the data to file:8388608 bytes
***********WAITING************

Write the data to file:8388608 bytes
***********WAITING************

Write the data to file:8388608 bytes
***********WAITING************

Write the data to file:8388608 bytes
***********WAITING************

Write the data to file:8388608 bytes
***********WAITING************

Write the data to file:8388608 bytes
***********WAITING************

Write the data to file:8388608 bytes
***********WAITING************

Write the data to file:8388608 bytes
***********WAITING************

Write the data to file:8388608 bytes
***********WAITING************
nr_of_strided_rec: 1
nr_doubles: 1048576
nr_of_strided_rec: 1
nr_doubles: 1048576
nr_of_strided_rec: 1
nr_doubles: 1048576
nr_of_strided_rec: 1
nr_doubles: 1048576
nr_of_strided_rec: 1
nr_doubles: 1048576
nr_of_strided_rec: 1
nr_doubles: 1048576
nr_of_strided_rec: 1
nr_doubles: 1048576
nr_of_strided_rec: 1
nr_doubles: 1048576
nr_of_strided_rec: 1
nr_doubles: 1048576
nr_of_strided_rec: 1
nr_doubles: 1048576
nr_of_strided_rec: 1
nr_doubles: 1048576
nr_of_strided_rec: 1
nr_doubles: 1048576
nr_of_strided_rec: 1
nr_doubles: 1048576
nr_of_strided_rec: 1
nr_doubles: 1048576
nr_of_strided_rec: 1
nr_doubles: 1048576
nr_of_strided_rec: 1
nr_doubles: 1048576

Write the data to file:8388608 bytes
***********WAITING************

Write the data to file:8388608 bytes
***********WAITING************

Write the data to file:8388608 bytes
***********WAITING************

Write the data to file:8388608 bytes
***********WAITING************

Write the data to file:8388608 bytes
***********WAITING************

Write the data to file:8388608 bytes
***********WAITING************

Write the data to file:8388608 bytes
***********WAITING************

Write the data to file:8388608 bytes
***********WAITING************

Write the data to file:8388608 bytes
***********WAITING************

Write the data to file:8388608 bytes
***********WAITING************

Write the data to file:8388608 bytes
***********WAITING************

Write the data to file:8388608 bytes
***********WAITING************

Write the data to file:8388608 bytes
***********WAITING************

Write the data to file:8388608 bytes
***********WAITING************

Write the data to file:8388608 bytes
***********WAITING************

Write the data to file:8388608 bytes
***********WAITING************
nr_of_strided_rec: 1
nr_doubles: 1048576
nr_of_strided_rec: 1
nr_doubles: 1048576
nr_of_strided_rec: 1
nr_doubles: 1048576
nr_of_strided_rec: 1
nr_doubles: 1048576
nr_of_strided_rec: 1
nr_doubles: 1048576
nr_of_strided_rec: 1
nr_doubles: 1048576
nr_of_strided_rec: 1
nr_doubles: 1048576
nr_of_strided_rec: 1
nr_doubles: 1048576
nr_of_strided_rec: 1
nr_doubles: 1048576
nr_of_strided_rec: 1
nr_doubles: 1048576
nr_of_strided_rec: 1
nr_doubles: 1048576
nr_of_strided_rec: 1
nr_doubles: 1048576
nr_of_strided_rec: 1
nr_doubles: 1048576
nr_of_strided_rec: 1
nr_doubles: 1048576
nr_of_strided_rec: 1
nr_doubles: 1048576
nr_of_strided_rec: 1
nr_doubles: 1048576

Write the data to file:8388608 bytes
***********WAITING************

Write the data to file:8388608 bytes
***********WAITING************

Write the data to file:8388608 bytes
***********WAITING************

Write the data to file:8388608 bytes
***********WAITING************

Write the data to file:8388608 bytes
***********WAITING************

Write the data to file:8388608 bytes
***********WAITING************

Write the data to file:8388608 bytes
***********WAITING************

Write the data to file:8388608 bytes
***********WAITING************

Write the data to file:8388608 bytes
***********WAITING************

Write the data to file:8388608 bytes
***********WAITING************

Write the data to file:8388608 bytes
***********WAITING************

Write the data to file:8388608 bytes
***********WAITING************

Write the data to file:8388608 bytes
***********WAITING************

Write the data to file:8388608 bytes
***********WAITING************

Write the data to file:8388608 bytes
***********WAITING************

Write the data to file:8388608 bytes
***********WAITING************
nr_of_strided_rec: 1
nr_doubles: 1048576
nr_of_strided_rec: 1
nr_doubles: 1048576
nr_of_strided_rec: 1
nr_doubles: 1048576
nr_of_strided_rec: 1
nr_doubles: 1048576
nr_of_strided_rec: 1
nr_doubles: 1048576
nr_of_strided_rec: 1
nr_doubles: 1048576
nr_of_strided_rec: 1
nr_doubles: 1048576
nr_of_strided_rec: 1
nr_doubles: 1048576
nr_of_strided_rec: 1
nr_doubles: 1048576
nr_of_strided_rec: 1
nr_doubles: 1048576
nr_of_strided_rec: 1
nr_doubles: 1048576
nr_of_strided_rec: 1
nr_doubles: 1048576
nr_of_strided_rec: 1
nr_doubles: 1048576
nr_of_strided_rec: 1
nr_doubles: 1048576
nr_of_strided_rec: 1
nr_doubles: 1048576
nr_of_strided_rec: 1
nr_doubles: 1048576

Write the data to file:8388608 bytes
***********WAITING************

Write the data to file:8388608 bytes
***********WAITING************

Write the data to file:8388608 bytes
***********WAITING************

Write the data to file:8388608 bytes
***********WAITING************

Write the data to file:8388608 bytes
***********WAITING************

Write the data to file:8388608 bytes
***********WAITING************

Write the data to file:8388608 bytes
***********WAITING************

Write the data to file:8388608 bytes
***********WAITING************

Write the data to file:8388608 bytes
***********WAITING************

Write the data to file:8388608 bytes
***********WAITING************

Write the data to file:8388608 bytes
***********WAITING************

Write the data to file:8388608 bytes
***********WAITING************

Write the data to file:8388608 bytes
***********WAITING************

Write the data to file:8388608 bytes
***********WAITING************

Write the data to file:8388608 bytes
***********WAITING************

Write the data to file:8388608 bytes
***********WAITING************
nr_of_strided_rec: 1
nr_doubles: 1048576
nr_of_strided_rec: 1
nr_doubles: 1048576
nr_of_strided_rec: 1
nr_doubles: 1048576
nr_of_strided_rec: 1
nr_doubles: 1048576
nr_of_strided_rec: 1
nr_doubles: 1048576
nr_of_strided_rec: 1
nr_doubles: 1048576
nr_of_strided_rec: 1
nr_doubles: 1048576
nr_of_strided_rec: 1
nr_doubles: 1048576
nr_of_strided_rec: 1
nr_doubles: 1048576
nr_of_strided_rec: 1
nr_doubles: 1048576
nr_of_strided_rec: 1
nr_doubles: 1048576
nr_of_strided_rec: 1
nr_doubles: 1048576
nr_of_strided_rec: 1
nr_doubles: 1048576
nr_of_strided_rec: 1
nr_doubles: 1048576
nr_of_strided_rec: 1
nr_doubles: 1048576
nr_of_strided_rec: 1
nr_doubles: 1048576

Write the data to file:8388608 bytes
***********WAITING************

Write the data to file:8388608 bytes
***********WAITING************

Write the data to file:8388608 bytes
***********WAITING************

Write the data to file:8388608 bytes
***********WAITING************

Write the data to file:8388608 bytes
***********WAITING************

Write the data to file:8388608 bytes
***********WAITING************

Write the data to file:8388608 bytes
***********WAITING************

Write the data to file:8388608 bytes
***********WAITING************

Write the data to file:8388608 bytes
***********WAITING************

Write the data to file:8388608 bytes
***********WAITING************

Write the data to file:8388608 bytes
***********WAITING************

Write the data to file:8388608 bytes
***********WAITING************

Write the data to file:8388608 bytes
***********WAITING************

Write the data to file:8388608 bytes
***********WAITING************

Write the data to file:8388608 bytes
***********WAITING************

Write the data to file:8388608 bytes
***********WAITING************
nr_of_strided_rec: 1
nr_doubles: 1048576
nr_of_strided_rec: 1
nr_doubles: 1048576
nr_of_strided_rec: 1
nr_doubles: 1048576
nr_of_strided_rec: 1
nr_doubles: 1048576
nr_of_strided_rec: 1
nr_doubles: 1048576
nr_of_strided_rec: 1
nr_doubles: 1048576
nr_of_strided_rec: 1
nr_doubles: 1048576
nr_of_strided_rec: 1
nr_doubles: 1048576
nr_of_strided_rec: 1
nr_doubles: 1048576
nr_of_strided_rec: 1
nr_doubles: 1048576
nr_of_strided_rec: 1
nr_doubles: 1048576
nr_of_strided_rec: 1
nr_doubles: 1048576
nr_of_strided_rec: 1
nr_doubles: 1048576
nr_of_strided_rec: 1
nr_doubles: 1048576
nr_of_strided_rec: 1
nr_doubles: 1048576
nr_of_strided_rec: 1
nr_doubles: 1048576

Write the data to file:8388608 bytes
***********WAITING************

Write the data to file:8388608 bytes
***********WAITING************

Write the data to file:8388608 bytes
***********WAITING************

Write the data to file:8388608 bytes
***********WAITING************

Write the data to file:8388608 bytes
***********WAITING************

Write the data to file:8388608 bytes
***********WAITING************

Write the data to file:8388608 bytes
***********WAITING************

Write the data to file:8388608 bytes
***********WAITING************

Write the data to file:8388608 bytes
***********WAITING************

Write the data to file:8388608 bytes
***********WAITING************

Write the data to file:8388608 bytes
***********WAITING************

Write the data to file:8388608 bytes
***********WAITING************

Write the data to file:8388608 bytes
***********WAITING************

Write the data to file:8388608 bytes
***********WAITING************

Write the data to file:8388608 bytes
***********WAITING************

Write the data to file:8388608 bytes
***********WAITING************
nr_of_strided_rec: 1
nr_doubles: 1048576
nr_of_strided_rec: 1
nr_doubles: 1048576
nr_of_strided_rec: 1
nr_doubles: 1048576
nr_of_strided_rec: 1
nr_doubles: 1048576
nr_of_strided_rec: 1
nr_doubles: 1048576
nr_of_strided_rec: 1
nr_doubles: 1048576
nr_of_strided_rec: 1
nr_doubles: 1048576
nr_of_strided_rec: 1
nr_doubles: 1048576
nr_of_strided_rec: 1
nr_doubles: 1048576
nr_of_strided_rec: 1
nr_doubles: 1048576
nr_of_strided_rec: 1
nr_doubles: 1048576
nr_of_strided_rec: 1
nr_doubles: 1048576
nr_of_strided_rec: 1
nr_doubles: 1048576
nr_of_strided_rec: 1
nr_doubles: 1048576
nr_of_strided_rec: 1
nr_doubles: 1048576
nr_of_strided_rec: 1
nr_doubles: 1048576

Write the data to file:8388608 bytes
***********WAITING************

Write the data to file:8388608 bytes
***********WAITING************

Write the data to file:8388608 bytes
***********WAITING************

Write the data to file:8388608 bytes
***********WAITING************

Write the data to file:8388608 bytes
***********WAITING************

Write the data to file:8388608 bytes
***********WAITING************

Write the data to file:8388608 bytes
***********WAITING************

Write the data to file:8388608 bytes
***********WAITING************

Write the data to file:8388608 bytes
***********WAITING************

Write the data to file:8388608 bytes
***********WAITING************

Write the data to file:8388608 bytes
***********WAITING************

Write the data to file:8388608 bytes
***********WAITING************

Write the data to file:8388608 bytes
***********WAITING************

Write the data to file:8388608 bytes
***********WAITING************

Write the data to file:8388608 bytes
***********WAITING************

Write the data to file:8388608 bytes
***********WAITING************
nr_of_strided_rec: 1
nr_doubles: 1048576
nr_of_strided_rec: 1
nr_doubles: 1048576
nr_of_strided_rec: 1
nr_doubles: 1048576
nr_of_strided_rec: 1
nr_doubles: 1048576
nr_of_strided_rec: 1
nr_doubles: 1048576
nr_of_strided_rec: 1
nr_doubles: 1048576
nr_of_strided_rec: 1
nr_doubles: 1048576
nr_of_strided_rec: 1
nr_doubles: 1048576
nr_of_strided_rec: 1
nr_doubles: 1048576
nr_of_strided_rec: 1
nr_doubles: 1048576
nr_of_strided_rec: 1
nr_doubles: 1048576
nr_of_strided_rec: 1
nr_doubles: 1048576
nr_of_strided_rec: 1
nr_doubles: 1048576
nr_of_strided_rec: 1
nr_doubles: 1048576
nr_of_strided_rec: 1
nr_doubles: 1048576
nr_of_strided_rec: 1
nr_doubles: 1048576

Write the data to file:8388608 bytes
***********WAITING************

Write the data to file:8388608 bytes
***********WAITING************

Write the data to file:8388608 bytes
***********WAITING************

Write the data to file:8388608 bytes
***********WAITING************

Write the data to file:8388608 bytes
***********WAITING************

Write the data to file:8388608 bytes
***********WAITING************

Write the data to file:8388608 bytes
***********WAITING************

Write the data to file:8388608 bytes
***********WAITING************

Write the data to file:8388608 bytes
***********WAITING************

Write the data to file:8388608 bytes
***********WAITING************

Write the data to file:8388608 bytes
***********WAITING************

Write the data to file:8388608 bytes
***********WAITING************

Write the data to file:8388608 bytes
***********WAITING************

Write the data to file:8388608 bytes
***********WAITING************

Write the data to file:8388608 bytes
***********WAITING************

Write the data to file:8388608 bytes
***********WAITING************
nr_of_strided_rec: 1
nr_doubles: 1048576
nr_of_strided_rec: 1
nr_doubles: 1048576
nr_of_strided_rec: 1
nr_doubles: 1048576
nr_of_strided_rec: 1
nr_doubles: 1048576
nr_of_strided_rec: 1
nr_doubles: 1048576
nr_of_strided_rec: 1
nr_doubles: 1048576
nr_of_strided_rec: 1
nr_doubles: 1048576
nr_of_strided_rec: 1
nr_doubles: 1048576
nr_of_strided_rec: 1
nr_doubles: 1048576
nr_of_strided_rec: 1
nr_doubles: 1048576
nr_of_strided_rec: 1
nr_doubles: 1048576
nr_of_strided_rec: 1
nr_doubles: 1048576
nr_of_strided_rec: 1
nr_doubles: 1048576
nr_of_strided_rec: 1
nr_doubles: 1048576
nr_of_strided_rec: 1
nr_doubles: 1048576
nr_of_strided_rec: 1
nr_doubles: 1048576

Write the data to file:8388608 bytes
***********WAITING************

Write the data to file:8388608 bytes
***********WAITING************

Write the data to file:8388608 bytes
***********WAITING************

Write the data to file:8388608 bytes
***********WAITING************

Write the data to file:8388608 bytes
***********WAITING************

Write the data to file:8388608 bytes
***********WAITING************

Write the data to file:8388608 bytes
***********WAITING************

Write the data to file:8388608 bytes
***********WAITING************

Write the data to file:8388608 bytes
***********WAITING************

Write the data to file:8388608 bytes
***********WAITING************

Write the data to file:8388608 bytes
***********WAITING************

Write the data to file:8388608 bytes
***********WAITING************

Write the data to file:8388608 bytes
***********WAITING************

Write the data to file:8388608 bytes
***********WAITING************

Write the data to file:8388608 bytes
***********WAITING************

Write the data to file:8388608 bytes
***********WAITING************
nr_of_strided_rec: 1
nr_doubles: 1048576
nr_of_strided_rec: 1
nr_doubles: 1048576
nr_of_strided_rec: 1
nr_doubles: 1048576
nr_of_strided_rec: 1
nr_doubles: 1048576
nr_of_strided_rec: 1
nr_doubles: 1048576
nr_of_strided_rec: 1
nr_doubles: 1048576
nr_of_strided_rec: 1
nr_doubles: 1048576
nr_of_strided_rec: 1
nr_doubles: 1048576
nr_of_strided_rec: 1
nr_doubles: 1048576
nr_of_strided_rec: 1
nr_doubles: 1048576
nr_of_strided_rec: 1
nr_doubles: 1048576
nr_of_strided_rec: 1
nr_doubles: 1048576
nr_of_strided_rec: 1
nr_doubles: 1048576
nr_of_strided_rec: 1
nr_doubles: 1048576
nr_of_strided_rec: 1
nr_doubles: 1048576
nr_of_strided_rec: 1
nr_doubles: 1048576

Write the data to file:8388608 bytes
***********WAITING************

Write the data to file:8388608 bytes
***********WAITING************

Write the data to file:8388608 bytes
***********WAITING************

Write the data to file:8388608 bytes
***********WAITING************

Write the data to file:8388608 bytes
***********WAITING************

Write the data to file:8388608 bytes
***********WAITING************

Write the data to file:8388608 bytes
***********WAITING************

Write the data to file:8388608 bytes
***********WAITING************

Write the data to file:8388608 bytes
***********WAITING************

Write the data to file:8388608 bytes
***********WAITING************

Write the data to file:8388608 bytes
***********WAITING************

Write the data to file:8388608 bytes
***********WAITING************

Write the data to file:8388608 bytes
***********WAITING************

Write the data to file:8388608 bytes
***********WAITING************

Write the data to file:8388608 bytes
***********WAITING************

Write the data to file:8388608 bytes
***********WAITING************
nr_of_strided_rec: 1
nr_doubles: 1048576
nr_of_strided_rec: 1
nr_doubles: 1048576
nr_of_strided_rec: 1
nr_doubles: 1048576
nr_of_strided_rec: 1
nr_doubles: 1048576
nr_of_strided_rec: 1
nr_doubles: 1048576
nr_of_strided_rec: 1
nr_doubles: 1048576
nr_of_strided_rec: 1
nr_doubles: 1048576
nr_of_strided_rec: 1
nr_doubles: 1048576
nr_of_strided_rec: 1
nr_doubles: 1048576
nr_of_strided_rec: 1
nr_doubles: 1048576
nr_of_strided_rec: 1
nr_doubles: 1048576
nr_of_strided_rec: 1
nr_doubles: 1048576
nr_of_strided_rec: 1
nr_doubles: 1048576
nr_of_strided_rec: 1
nr_doubles: 1048576
nr_of_strided_rec: 1
nr_doubles: 1048576
nr_of_strided_rec: 1
nr_doubles: 1048576

Write the data to file:8388608 bytes
***********WAITING************

Write the data to file:8388608 bytes
***********WAITING************

Write the data to file:8388608 bytes
***********WAITING************

Write the data to file:8388608 bytes
***********WAITING************

Write the data to file:8388608 bytes
***********WAITING************

Write the data to file:8388608 bytes
***********WAITING************

Write the data to file:8388608 bytes
***********WAITING************

Write the data to file:8388608 bytes
***********WAITING************

Write the data to file:8388608 bytes
***********WAITING************

Write the data to file:8388608 bytes
***********WAITING************

Write the data to file:8388608 bytes
***********WAITING************

Write the data to file:8388608 bytes
***********WAITING************

Write the data to file:8388608 bytes
***********WAITING************

Write the data to file:8388608 bytes
***********WAITING************

Write the data to file:8388608 bytes
***********WAITING************

Write the data to file:8388608 bytes
***********WAITING************
nr_of_strided_rec: 1
nr_doubles: 1048576
nr_of_strided_rec: 1
nr_doubles: 1048576
nr_of_strided_rec: 1
nr_doubles: 1048576
nr_of_strided_rec: 1
nr_doubles: 1048576
nr_of_strided_rec: 1
nr_doubles: 1048576
nr_of_strided_rec: 1
nr_doubles: 1048576
nr_of_strided_rec: 1
nr_doubles: 1048576
nr_of_strided_rec: 1
nr_doubles: 1048576
nr_of_strided_rec: 1
nr_doubles: 1048576
nr_of_strided_rec: 1
nr_doubles: 1048576
nr_of_strided_rec: 1
nr_doubles: 1048576
nr_of_strided_rec: 1
nr_doubles: 1048576
nr_of_strided_rec: 1
nr_doubles: 1048576
nr_of_strided_rec: 1
nr_doubles: 1048576
nr_of_strided_rec: 1
nr_doubles: 1048576
nr_of_strided_rec: 1
nr_doubles: 1048576

Write the data to file:8388608 bytes
***********WAITING************

Write the data to file:8388608 bytes
***********WAITING************

Write the data to file:8388608 bytes
***********WAITING************

Write the data to file:8388608 bytes
***********WAITING************

Write the data to file:8388608 bytes
***********WAITING************

Write the data to file:8388608 bytes
***********WAITING************

Write the data to file:8388608 bytes
***********WAITING************

Write the data to file:8388608 bytes
***********WAITING************

Write the data to file:8388608 bytes
***********WAITING************

Write the data to file:8388608 bytes
***********WAITING************

Write the data to file:8388608 bytes
***********WAITING************

Write the data to file:8388608 bytes
***********WAITING************

Write the data to file:8388608 bytes
***********WAITING************

Write the data to file:8388608 bytes
***********WAITING************

Write the data to file:8388608 bytes
***********WAITING************

Write the data to file:8388608 bytes
***********WAITING************
nr_of_strided_rec: 1
nr_doubles: 1048576
nr_of_strided_rec: 1
nr_doubles: 1048576
nr_of_strided_rec: 1
nr_doubles: 1048576
nr_of_strided_rec: 1
nr_doubles: 1048576
nr_of_strided_rec: 1
nr_doubles: 1048576
nr_of_strided_rec: 1
nr_doubles: 1048576
nr_of_strided_rec: 1
nr_doubles: 1048576
nr_of_strided_rec: 1
nr_doubles: 1048576
nr_of_strided_rec: 1
nr_doubles: 1048576
nr_of_strided_rec: 1
nr_doubles: 1048576
nr_of_strided_rec: 1
nr_doubles: 1048576
nr_of_strided_rec: 1
nr_doubles: 1048576
nr_of_strided_rec: 1
nr_doubles: 1048576
nr_of_strided_rec: 1
nr_doubles: 1048576
nr_of_strided_rec: 1
nr_doubles: 1048576
nr_of_strided_rec: 1
nr_doubles: 1048576

Write the data to file:8388608 bytes
***********WAITING************

Write the data to file:8388608 bytes
***********WAITING************

Write the data to file:8388608 bytes
***********WAITING************

Write the data to file:8388608 bytes
***********WAITING************

Write the data to file:8388608 bytes
***********WAITING************

Write the data to file:8388608 bytes
***********WAITING************

Write the data to file:8388608 bytes
***********WAITING************

Write the data to file:8388608 bytes
***********WAITING************

Write the data to file:8388608 bytes
***********WAITING************

Write the data to file:8388608 bytes
***********WAITING************

Write the data to file:8388608 bytes
***********WAITING************

Write the data to file:8388608 bytes
***********WAITING************

Write the data to file:8388608 bytes
***********WAITING************

Write the data to file:8388608 bytes
***********WAITING************

Write the data to file:8388608 bytes
***********WAITING************

Write the data to file:8388608 bytes
***********WAITING************
nr_of_strided_rec: 1
nr_doubles: 1048576
nr_of_strided_rec: 1
nr_doubles: 1048576
nr_of_strided_rec: 1
nr_doubles: 1048576
nr_of_strided_rec: 1
nr_doubles: 1048576
nr_of_strided_rec: 1
nr_doubles: 1048576
nr_of_strided_rec: 1
nr_doubles: 1048576
nr_of_strided_rec: 1
nr_doubles: 1048576
nr_of_strided_rec: 1
nr_doubles: 1048576
nr_of_strided_rec: 1
nr_doubles: 1048576
nr_of_strided_rec: 1
nr_doubles: 1048576
nr_of_strided_rec: 1
nr_doubles: 1048576
nr_of_strided_rec: 1
nr_doubles: 1048576
nr_of_strided_rec: 1
nr_doubles: 1048576
nr_of_strided_rec: 1
nr_doubles: 1048576
nr_of_strided_rec: 1
nr_doubles: 1048576
nr_of_strided_rec: 1
nr_doubles: 1048576

Write the data to file:8388608 bytes
***********WAITING************

Write the data to file:8388608 bytes
***********WAITING************

Write the data to file:8388608 bytes
***********WAITING************

Write the data to file:8388608 bytes
***********WAITING************

Write the data to file:8388608 bytes
***********WAITING************

Write the data to file:8388608 bytes
***********WAITING************

Write the data to file:8388608 bytes
***********WAITING************

Write the data to file:8388608 bytes
***********WAITING************

Write the data to file:8388608 bytes
***********WAITING************

Write the data to file:8388608 bytes
***********WAITING************

Write the data to file:8388608 bytes
***********WAITING************

Write the data to file:8388608 bytes
***********WAITING************

Write the data to file:8388608 bytes
***********WAITING************

Write the data to file:8388608 bytes
***********WAITING************

Write the data to file:8388608 bytes
***********WAITING************

Write the data to file:8388608 bytes
***********WAITING************
nr_of_strided_rec: 1
nr_doubles: 1048576
nr_of_strided_rec: 1
nr_doubles: 1048576
nr_of_strided_rec: 1
nr_doubles: 1048576
nr_of_strided_rec: 1
nr_doubles: 1048576
nr_of_strided_rec: 1
nr_doubles: 1048576
nr_of_strided_rec: 1
nr_doubles: 1048576
nr_of_strided_rec: 1
nr_doubles: 1048576
nr_of_strided_rec: 1
nr_doubles: 1048576
nr_of_strided_rec: 1
nr_doubles: 1048576
nr_of_strided_rec: 1
nr_doubles: 1048576
nr_of_strided_rec: 1
nr_doubles: 1048576
nr_of_strided_rec: 1
nr_doubles: 1048576
nr_of_strided_rec: 1
nr_doubles: 1048576
nr_of_strided_rec: 1
nr_doubles: 1048576
nr_of_strided_rec: 1
nr_doubles: 1048576
nr_of_strided_rec: 1
nr_doubles: 1048576

Write the data to file:8388608 bytes
***********WAITING************

Write the data to file:8388608 bytes
***********WAITING************

Write the data to file:8388608 bytes
***********WAITING************

Write the data to file:8388608 bytes
***********WAITING************

Write the data to file:8388608 bytes
***********WAITING************

Write the data to file:8388608 bytes
***********WAITING************

Write the data to file:8388608 bytes
***********WAITING************

Write the data to file:8388608 bytes
***********WAITING************

Write the data to file:8388608 bytes
***********WAITING************

Write the data to file:8388608 bytes
***********WAITING************

Write the data to file:8388608 bytes
***********WAITING************

Write the data to file:8388608 bytes
***********WAITING************

Write the data to file:8388608 bytes
***********WAITING************

Write the data to file:8388608 bytes
***********WAITING************

Write the data to file:8388608 bytes
***********WAITING************

Write the data to file:8388608 bytes
***********WAITING************
nr_of_strided_rec: 1
nr_doubles: 1048576
nr_of_strided_rec: 1
nr_doubles: 1048576
nr_of_strided_rec: 1
nr_doubles: 1048576
nr_of_strided_rec: 1
nr_doubles: 1048576
nr_of_strided_rec: 1
nr_doubles: 1048576
nr_of_strided_rec: 1
nr_doubles: 1048576
nr_of_strided_rec: 1
nr_doubles: 1048576
nr_of_strided_rec: 1
nr_doubles: 1048576
nr_of_strided_rec: 1
nr_doubles: 1048576
nr_of_strided_rec: 1
nr_doubles: 1048576
nr_of_strided_rec: 1
nr_doubles: 1048576
nr_of_strided_rec: 1
nr_doubles: 1048576
nr_of_strided_rec: 1
nr_doubles: 1048576
nr_of_strided_rec: 1
nr_doubles: 1048576
nr_of_strided_rec: 1
nr_doubles: 1048576
nr_of_strided_rec: 1
nr_doubles: 1048576

Write the data to file:8388608 bytes
***********WAITING************

Write the data to file:8388608 bytes
***********WAITING************

Write the data to file:8388608 bytes
***********WAITING************

Write the data to file:8388608 bytes
***********WAITING************

Write the data to file:8388608 bytes
***********WAITING************

Write the data to file:8388608 bytes
***********WAITING************

Write the data to file:8388608 bytes
***********WAITING************

Write the data to file:8388608 bytes
***********WAITING************

Write the data to file:8388608 bytes
***********WAITING************

Write the data to file:8388608 bytes
***********WAITING************

Write the data to file:8388608 bytes
***********WAITING************

Write the data to file:8388608 bytes
***********WAITING************

Write the data to file:8388608 bytes
***********WAITING************

Write the data to file:8388608 bytes
***********WAITING************

Write the data to file:8388608 bytes
***********WAITING************

Write the data to file:8388608 bytes
***********WAITING************
nr_of_strided_rec: 1
nr_doubles: 1048576
nr_of_strided_rec: 1
nr_doubles: 1048576
nr_of_strided_rec: 1
nr_doubles: 1048576
nr_of_strided_rec: 1
nr_doubles: 1048576
nr_of_strided_rec: 1
nr_doubles: 1048576
nr_of_strided_rec: 1
nr_doubles: 1048576
nr_of_strided_rec: 1
nr_doubles: 1048576
nr_of_strided_rec: 1
nr_doubles: 1048576
nr_of_strided_rec: 1
nr_doubles: 1048576
nr_of_strided_rec: 1
nr_doubles: 1048576
nr_of_strided_rec: 1
nr_doubles: 1048576
nr_of_strided_rec: 1
nr_doubles: 1048576
nr_of_strided_rec: 1
nr_doubles: 1048576
nr_of_strided_rec: 1
nr_doubles: 1048576
nr_of_strided_rec: 1
nr_doubles: 1048576
nr_of_strided_rec: 1
nr_doubles: 1048576

Write the data to file:8388608 bytes
***********WAITING************

Write the data to file:8388608 bytes
***********WAITING************

Write the data to file:8388608 bytes
***********WAITING************

Write the data to file:8388608 bytes
***********WAITING************

Write the data to file:8388608 bytes
***********WAITING************

Write the data to file:8388608 bytes
***********WAITING************

Write the data to file:8388608 bytes
***********WAITING************

Write the data to file:8388608 bytes
***********WAITING************

Write the data to file:8388608 bytes
***********WAITING************

Write the data to file:8388608 bytes
***********WAITING************

Write the data to file:8388608 bytes
***********WAITING************

Write the data to file:8388608 bytes
***********WAITING************

Write the data to file:8388608 bytes
***********WAITING************

Write the data to file:8388608 bytes
***********WAITING************

Write the data to file:8388608 bytes
***********WAITING************

Write the data to file:8388608 bytes
***********WAITING************

Write the data to file:8388608 bytes
***********WAITING************

Write the data to file:8388608 bytes
***********WAITING************

Write the data to file:8388608 bytes
***********WAITING************

Write the data to file:8388608 bytes
***********WAITING************

Write the data to file:8388608 bytes
***********WAITING************

Write the data to file:8388608 bytes
***********WAITING************

Write the data to file:8388608 bytes
***********WAITING************

Write the data to file:8388608 bytes
***********WAITING************

Write the data to file:8388608 bytes
***********WAITING************

Write the data to file:8388608 bytes
***********WAITING************

Write the data to file:8388608 bytes
***********WAITING************

Write the data to file:8388608 bytes
***********WAITING************

Write the data to file:8388608 bytes
***********WAITING************

Write the data to file:8388608 bytes
***********WAITING************

Write the data to file:8388608 bytes
***********WAITING************

Write the data to file:8388608 bytes
***********WAITING************
W_cc         0.53   [      0.52:      0.53]
W_r         11.12   [     11.12:     11.12]
W_w          6.11   [      6.11:      6.11]
          -------
W_total     17.76   [     17.75:     17.76]

calc_W done
calc_W done
calc_W done
calc_W done
calc_W done
calc_W done
calc_W done
calc_W done
calc_W done
calc_W done
calc_W done
calc_W done
calc_W done
calc_W done
calc_W done
nr_of_strided_rec: 1
nr_doubles: 1048576
calc_W done
nr_of_strided_rec: 1
nr_doubles: 1048576
nr_of_strided_rec: 1
nr_doubles: 1048576
nr_of_strided_rec: 1
nr_doubles: 1048576
nr_of_strided_rec: 1
nr_doubles: 1048576
nr_of_strided_rec: 1
nr_doubles: 1048576
nr_of_strided_rec: 1
nr_doubles: 1048576
nr_of_strided_rec: 1
nr_doubles: 1048576
nr_of_strided_rec: 1
nr_doubles: 1048576
nr_of_strided_rec: 1
nr_doubles: 1048576
nr_of_strided_rec: 1
nr_doubles: 1048576
nr_of_strided_rec: 1
nr_doubles: 1048576
nr_of_strided_rec: 1
nr_doubles: 1048576
nr_of_strided_rec: 1
nr_doubles: 1048576
nr_of_strided_rec: 1
nr_doubles: 1048576
nr_of_strided_rec: 1
nr_doubles: 1048576
nr_of_strided_rec: 1
nr_doubles: 1048576
nr_of_strided_rec: 1
nr_doubles: 1048576
nr_of_strided_rec: 1
nr_doubles: 1048576
nr_of_strided_rec: 1
nr_doubles: 1048576
nr_of_strided_rec: 1
nr_doubles: 1048576
nr_of_strided_rec: 1
nr_doubles: 1048576
nr_of_strided_rec: 1
nr_doubles: 1048576
nr_of_strided_rec: 1
nr_doubles: 1048576
nr_of_strided_rec: 1
nr_doubles: 1048576
nr_of_strided_rec: 1
nr_doubles: 1048576
nr_of_strided_rec: 1
nr_doubles: 1048576
nr_of_strided_rec: 1
nr_doubles: 1048576
nr_of_strided_rec: 1
nr_doubles: 1048576
nr_of_strided_rec: 1
nr_doubles: 1048576
nr_of_strided_rec: 1
nr_doubles: 1048576
nr_of_strided_rec: 1
nr_doubles: 1048576
nr_of_strided_rec: 1
nr_doubles: 1048576
nr_of_strided_rec: 1
nr_doubles: 1048576
nr_of_strided_rec: 1
nr_doubles: 1048576
nr_of_strided_rec: 1
nr_doubles: 1048576
nr_of_strided_rec: 1
nr_doubles: 1048576
nr_of_strided_rec: 1
nr_doubles: 1048576
nr_of_strided_rec: 1
nr_doubles: 1048576
nr_of_strided_rec: 1
nr_doubles: 1048576
nr_of_strided_rec: 1
nr_doubles: 1048576
nr_of_strided_rec: 1
nr_doubles: 1048576
nr_of_strided_rec: 1
nr_doubles: 1048576
nr_of_strided_rec: 1
nr_doubles: 1048576
nr_of_strided_rec: 1
nr_doubles: 1048576
nr_of_strided_rec: 1
nr_doubles: 1048576
nr_of_strided_rec: 1
nr_doubles: 1048576
nr_of_strided_rec: 1
nr_doubles: 1048576
nr_of_strided_rec: 1
nr_doubles: 1048576
nr_of_strided_rec: 1
nr_doubles: 1048576
nr_of_strided_rec: 1
nr_doubles: 1048576
nr_of_strided_rec: 1
nr_doubles: 1048576
nr_of_strided_rec: 1
nr_doubles: 1048576
nr_of_strided_rec: 1
nr_doubles: 1048576
nr_of_strided_rec: 1
nr_doubles: 1048576
nr_of_strided_rec: 1
nr_doubles: 1048576
nr_of_strided_rec: 1
nr_doubles: 1048576
nr_of_strided_rec: 1
nr_doubles: 1048576
nr_of_strided_rec: 1
nr_doubles: 1048576
nr_of_strided_rec: 1
nr_doubles: 1048576
nr_of_strided_rec: 1
nr_doubles: 1048576
nr_of_strided_rec: 1
nr_doubles: 1048576
nr_of_strided_rec: 1
nr_doubles: 1048576
nr_of_strided_rec: 1
nr_doubles: 1048576
nr_of_strided_rec: 1
nr_doubles: 1048576
nr_of_strided_rec: 1
nr_doubles: 1048576
nr_of_strided_rec: 1
nr_doubles: 1048576
nr_of_strided_rec: 1
nr_doubles: 1048576
nr_of_strided_rec: 1
nr_doubles: 1048576
nr_of_strided_rec: 1
nr_doubles: 1048576
nr_of_strided_rec: 1
nr_doubles: 1048576
nr_of_strided_rec: 1
nr_doubles: 1048576
nr_of_strided_rec: 1
nr_doubles: 1048576
nr_of_strided_rec: 1
nr_doubles: 1048576
nr_of_strided_rec: 1
nr_doubles: 1048576
nr_of_strided_rec: 1
nr_doubles: 1048576
nr_of_strided_rec: 1
nr_doubles: 1048576
nr_of_strided_rec: 1
nr_doubles: 1048576
nr_of_strided_rec: 1
nr_doubles: 1048576
nr_of_strided_rec: 1
nr_doubles: 1048576
nr_of_strided_rec: 1
nr_doubles: 1048576
nr_of_strided_rec: 1
nr_doubles: 1048576
nr_of_strided_rec: 1
nr_doubles: 1048576
nr_of_strided_rec: 1
nr_doubles: 1048576
nr_of_strided_rec: 1
nr_doubles: 1048576
nr_of_strided_rec: 1
nr_doubles: 1048576
nr_of_strided_rec: 1
nr_doubles: 1048576
nr_of_strided_rec: 1
nr_doubles: 1048576
nr_of_strided_rec: 1
nr_doubles: 1048576
nr_of_strided_rec: 1
nr_doubles: 1048576
nr_of_strided_rec: 1
nr_doubles: 1048576
nr_of_strided_rec: 1
nr_doubles: 1048576
nr_of_strided_rec: 1
nr_doubles: 1048576
nr_of_strided_rec: 1
nr_doubles: 1048576
nr_of_strided_rec: 1
nr_doubles: 1048576
nr_of_strided_rec: 1
nr_doubles: 1048576
nr_of_strided_rec: 1
nr_doubles: 1048576
nr_of_strided_rec: 1
nr_doubles: 1048576
nr_of_strided_rec: 1
nr_doubles: 1048576
nr_of_strided_rec: 1
nr_doubles: 1048576
nr_of_strided_rec: 1
nr_doubles: 1048576
nr_of_strided_rec: 1
nr_doubles: 1048576
nr_of_strided_rec: 1
nr_doubles: 1048576
nr_of_strided_rec: 1
nr_doubles: 1048576
nr_of_strided_rec: 1
nr_doubles: 1048576
nr_of_strided_rec: 1
nr_doubles: 1048576
nr_of_strided_rec: 1
nr_doubles: 1048576
nr_of_strided_rec: 1
nr_doubles: 1048576
nr_of_strided_rec: 1
nr_doubles: 1048576
nr_of_strided_rec: 1
nr_doubles: 1048576
nr_of_strided_rec: 1
nr_doubles: 1048576
nr_of_strided_rec: 1
nr_doubles: 1048576
nr_of_strided_rec: 1
nr_doubles: 1048576
nr_of_strided_rec: 1
nr_doubles: 1048576
nr_of_strided_rec: 1
nr_doubles: 1048576
nr_of_strided_rec: 1
nr_doubles: 1048576
nr_of_strided_rec: 1
nr_doubles: 1048576
nr_of_strided_rec: 1
nr_doubles: 1048576
nr_of_strided_rec: 1
nr_doubles: 1048576
nr_of_strided_rec: 1
nr_doubles: 1048576
nr_of_strided_rec: 1
nr_doubles: 1048576
nr_of_strided_rec: 1
nr_doubles: 1048576
nr_of_strided_rec: 1
nr_doubles: 1048576
nr_of_strided_rec: 1
nr_doubles: 1048576
nr_of_strided_rec: 1
nr_doubles: 1048576
nr_of_strided_rec: 1
nr_doubles: 1048576
nr_of_strided_rec: 1
nr_doubles: 1048576
nr_of_strided_rec: 1
nr_doubles: 1048576
nr_of_strided_rec: 1
nr_doubles: 1048576
nr_of_strided_rec: 1
nr_doubles: 1048576
nr_of_strided_rec: 1
nr_doubles: 1048576
nr_of_strided_rec: 1
nr_doubles: 1048576
nr_of_strided_rec: 1
nr_doubles: 1048576
nr_of_strided_rec: 1
nr_doubles: 1048576
nr_of_strided_rec: 1
nr_doubles: 1048576
nr_of_strided_rec: 1
nr_doubles: 1048576
nr_of_strided_rec: 1
nr_doubles: 1048576
nr_of_strided_rec: 1
nr_doubles: 1048576
nr_of_strided_rec: 1
nr_doubles: 1048576
nr_of_strided_rec: 1
nr_doubles: 1048576
nr_of_strided_rec: 1
nr_doubles: 1048576
nr_of_strided_rec: 1
nr_doubles: 1048576
nr_of_strided_rec: 1
nr_doubles: 1048576
nr_of_strided_rec: 1
nr_doubles: 1048576
nr_of_strided_rec: 1
nr_doubles: 1048576
nr_of_strided_rec: 1
nr_doubles: 1048576
nr_of_strided_rec: 1
nr_doubles: 1048576
nr_of_strided_rec: 1
nr_doubles: 1048576
nr_of_strided_rec: 1
nr_doubles: 1048576
nr_of_strided_rec: 1
nr_doubles: 1048576
nr_of_strided_rec: 1
nr_doubles: 1048576
nr_of_strided_rec: 1
nr_doubles: 1048576
nr_of_strided_rec: 1
nr_doubles: 1048576
nr_of_strided_rec: 1
nr_doubles: 1048576
nr_of_strided_rec: 1
nr_doubles: 1048576
nr_of_strided_rec: 1
nr_doubles: 1048576
nr_of_strided_rec: 1
nr_doubles: 1048576
nr_of_strided_rec: 1
nr_doubles: 1048576
nr_of_strided_rec: 1
nr_doubles: 1048576
nr_of_strided_rec: 1
nr_doubles: 1048576
nr_of_strided_rec: 1
nr_doubles: 1048576
nr_of_strided_rec: 1
nr_doubles: 1048576
nr_of_strided_rec: 1
nr_doubles: 1048576
nr_of_strided_rec: 1
nr_doubles: 1048576
nr_of_strided_rec: 1
nr_doubles: 1048576
nr_of_strided_rec: 1
nr_doubles: 1048576
nr_of_strided_rec: 1
nr_doubles: 1048576
nr_of_strided_rec: 1
nr_doubles: 1048576
nr_of_strided_rec: 1
nr_doubles: 1048576
nr_of_strided_rec: 1
nr_doubles: 1048576
nr_of_strided_rec: 1
nr_doubles: 1048576
nr_of_strided_rec: 1
nr_doubles: 1048576
nr_of_strided_rec: 1
nr_doubles: 1048576
nr_of_strided_rec: 1
nr_doubles: 1048576
nr_of_strided_rec: 1
nr_doubles: 1048576
nr_of_strided_rec: 1
nr_doubles: 1048576
nr_of_strided_rec: 1
nr_doubles: 1048576
nr_of_strided_rec: 1
nr_doubles: 1048576
nr_of_strided_rec: 1
nr_doubles: 1048576
nr_of_strided_rec: 1
nr_doubles: 1048576
nr_of_strided_rec: 1
nr_doubles: 1048576
nr_of_strided_rec: 1
nr_doubles: 1048576
nr_of_strided_rec: 1
nr_doubles: 1048576
nr_of_strided_rec: 1
nr_doubles: 1048576
nr_of_strided_rec: 1
nr_doubles: 1048576
nr_of_strided_rec: 1
nr_doubles: 1048576
nr_of_strided_rec: 1
nr_doubles: 1048576
nr_of_strided_rec: 1
nr_doubles: 1048576
nr_of_strided_rec: 1
nr_doubles: 1048576
nr_of_strided_rec: 1
nr_doubles: 1048576
nr_of_strided_rec: 1
nr_doubles: 1048576
nr_of_strided_rec: 1
nr_doubles: 1048576
nr_of_strided_rec: 1
nr_doubles: 1048576
nr_of_strided_rec: 1
nr_doubles: 1048576
nr_of_strided_rec: 1
nr_doubles: 1048576
nr_of_strided_rec: 1
nr_doubles: 1048576
nr_of_strided_rec: 1
nr_doubles: 1048576
nr_of_strided_rec: 1
nr_doubles: 1048576
nr_of_strided_rec: 1
nr_doubles: 1048576
nr_of_strided_rec: 1
nr_doubles: 1048576
nr_of_strided_rec: 1
nr_doubles: 1048576
nr_of_strided_rec: 1
nr_doubles: 1048576
nr_of_strided_rec: 1
nr_doubles: 1048576
nr_of_strided_rec: 1
nr_doubles: 1048576
nr_of_strided_rec: 1
nr_doubles: 1048576
nr_of_strided_rec: 1
nr_doubles: 1048576
nr_of_strided_rec: 1
nr_doubles: 1048576
nr_of_strided_rec: 1
nr_doubles: 1048576
nr_of_strided_rec: 1
nr_doubles: 1048576
nr_of_strided_rec: 1
nr_doubles: 1048576
nr_of_strided_rec: 1
nr_doubles: 1048576
nr_of_strided_rec: 1
nr_doubles: 1048576
nr_of_strided_rec: 1
nr_doubles: 1048576
nr_of_strided_rec: 1
nr_doubles: 1048576
nr_of_strided_rec: 1
nr_doubles: 1048576
nr_of_strided_rec: 1
nr_doubles: 1048576
nr_of_strided_rec: 1
nr_doubles: 1048576
nr_of_strided_rec: 1
nr_doubles: 1048576
nr_of_strided_rec: 1
nr_doubles: 1048576
nr_of_strided_rec: 1
nr_doubles: 1048576
nr_of_strided_rec: 1
nr_doubles: 1048576
nr_of_strided_rec: 1
nr_doubles: 1048576
nr_of_strided_rec: 1
nr_doubles: 1048576
nr_of_strided_rec: 1
nr_doubles: 1048576
nr_of_strided_rec: 1
nr_doubles: 1048576
nr_of_strided_rec: 1
nr_doubles: 1048576
nr_of_strided_rec: 1
nr_doubles: 1048576
nr_of_strided_rec: 1
nr_doubles: 1048576
nr_of_strided_rec: 1
nr_doubles: 1048576
nr_of_strided_rec: 1
nr_doubles: 1048576
nr_of_strided_rec: 1
nr_doubles: 1048576
nr_of_strided_rec: 1
nr_doubles: 1048576
nr_of_strided_rec: 1
nr_doubles: 1048576
nr_of_strided_rec: 1
nr_doubles: 1048576
nr_of_strided_rec: 1
nr_doubles: 1048576
nr_of_strided_rec: 1
nr_doubles: 1048576
nr_of_strided_rec: 1
nr_doubles: 1048576
nr_of_strided_rec: 1
nr_doubles: 1048576
nr_of_strided_rec: 1
nr_doubles: 1048576
nr_of_strided_rec: 1
nr_doubles: 1048576
nr_of_strided_rec: 1
nr_doubles: 1048576
nr_of_strided_rec: 1
nr_doubles: 1048576
nr_of_strided_rec: 1
nr_doubles: 1048576
nr_of_strided_rec: 1
nr_doubles: 1048576
nr_of_strided_rec: 1
nr_doubles: 1048576
nr_of_strided_rec: 1
nr_doubles: 1048576
nr_of_strided_rec: 1
nr_doubles: 1048576
nr_of_strided_rec: 1
nr_doubles: 1048576
nr_of_strided_rec: 1
nr_doubles: 1048576
nr_of_strided_rec: 1
nr_doubles: 1048576
nr_of_strided_rec: 1
nr_doubles: 1048576
nr_of_strided_rec: 1
nr_doubles: 1048576
nr_of_strided_rec: 1
nr_doubles: 1048576
nr_of_strided_rec: 1
nr_doubles: 1048576
nr_of_strided_rec: 1
nr_doubles: 1048576
nr_of_strided_rec: 1
nr_doubles: 1048576
nr_of_strided_rec: 1
nr_doubles: 1048576
nr_of_strided_rec: 1
nr_doubles: 1048576
nr_of_strided_rec: 1
nr_doubles: 1048576
nr_of_strided_rec: 1
nr_doubles: 1048576
nr_of_strided_rec: 1
nr_doubles: 1048576
nr_of_strided_rec: 1
nr_doubles: 1048576
nr_of_strided_rec: 1
nr_doubles: 1048576
nr_of_strided_rec: 1
nr_doubles: 1048576
nr_of_strided_rec: 1
nr_doubles: 1048576
nr_of_strided_rec: 1
nr_doubles: 1048576
nr_of_strided_rec: 1
nr_doubles: 1048576
nr_of_strided_rec: 1
nr_doubles: 1048576
nr_of_strided_rec: 1
nr_doubles: 1048576
nr_of_strided_rec: 1
nr_doubles: 1048576
nr_of_strided_rec: 1
nr_doubles: 1048576
nr_of_strided_rec: 1
nr_doubles: 1048576
nr_of_strided_rec: 1
nr_doubles: 1048576
nr_of_strided_rec: 1
nr_doubles: 1048576
nr_of_strided_rec: 1
nr_doubles: 1048576
