fclose PID:39085 fd:3
fclose PID:39085 fd:4
fclose PID:39085 fd:4
fclose PID:39085 fd:3
available: 2 nodes (0-1)
fclose PID:39085 fd:3
node 0 cpus:fclose PID:39085 fd:3
 0 1 2 3 4 5 6 7 8 9 20 21 22 23 24 25 26 27 28 29
node 0 size: 80440 MB
node 0 free: 80126 MB
fclose PID:39085 fd:3
node 1 cpus:fclose PID:39085 fd:3
 10 11 12 13 14 15 16 17 18 19 30 31 32 33 34 35 36 37 38 39
node 1 size: 80635 MB
node 1 free: 80363 MB
fclose PID:39085 fd:3
fclose PID:39085 fd:3
node distances:
node   0   1 
  0:  10  21 
  1:  21  10 
READAHEAD_TIME:0.000000 us
MaxRSS= 2268 KB, SharedMem= 0 KB, HardPageFault= 10
fclose PID:39090 fd:12
fclose PID:39092 fd:8
fclose PID:39099 fd:8
fclose PID:39097 fd:8
fclose PID:39101 fd:8
fclose PID:39091 fd:10
fclose PID:39095 fd:8
fclose PID:39103 fd:8
fclose PID:39105 fd:8
fclose PID:39093 fd:8
fclose PID:39094 fd:8
fclose PID:39096 fd:8
fclose PID:39100 fd:8
fclose PID:39104 fd:8
fclose PID:39098 fd:8
fclose PID:39102 fd:8

MADbench 2.0 IO-mode
no_pe = 16  no_pix = 8192  no_bin = 30  no_gang = 1 sblocksize = 8  fblocksize = 64  r_mod = 1  w_mod = 1 record_size=16777216 stride=7


IOMETHOD = POSIX  IOMODE = SYNC  FILETYPE = UNIQUE  REMAP = CUSTOMbuild_S
build_S
build_S
build_S
build_S
build_S
build_S
build_S
build_S
build_S
build_S
build_S
build_S
build_S
build_S
build_S

Write the data to file:33554432 bytes
***********WAITING************

Write the data to file:33554432 bytes
***********WAITING************

Write the data to file:33554432 bytes
***********WAITING************

Write the data to file:33554432 bytes
***********WAITING************

Write the data to file:33554432 bytes
***********WAITING************

Write the data to file:33554432 bytes
***********WAITING************

Write the data to file:33554432 bytes
***********WAITING************

Write the data to file:33554432 bytes
***********WAITING************

Write the data to file:33554432 bytes
***********WAITING************

Write the data to file:33554432 bytes
***********WAITING************

Write the data to file:33554432 bytes
***********WAITING************

Write the data to file:33554432 bytes
***********WAITING************

Write the data to file:33554432 bytes
***********WAITING************

Write the data to file:33554432 bytes
***********WAITING************

Write the data to file:33554432 bytes
***********WAITING************

Write the data to file:33554432 bytes
***********WAITING************

Write the data to file:33554432 bytes
***********WAITING************

Write the data to file:33554432 bytes
***********WAITING************

Write the data to file:33554432 bytes
***********WAITING************

Write the data to file:33554432 bytes
***********WAITING************

Write the data to file:33554432 bytes
***********WAITING************

Write the data to file:33554432 bytes
***********WAITING************

Write the data to file:33554432 bytes
***********WAITING************

Write the data to file:33554432 bytes
***********WAITING************

Write the data to file:33554432 bytes
***********WAITING************

Write the data to file:33554432 bytes
***********WAITING************

Write the data to file:33554432 bytes
***********WAITING************

Write the data to file:33554432 bytes
***********WAITING************

Write the data to file:33554432 bytes
***********WAITING************

Write the data to file:33554432 bytes
***********WAITING************

Write the data to file:33554432 bytes
***********WAITING************

Write the data to file:33554432 bytes
***********WAITING************

Write the data to file:33554432 bytes
***********WAITING************

Write the data to file:33554432 bytes
***********WAITING************

Write the data to file:33554432 bytes
***********WAITING************

Write the data to file:33554432 bytes
***********WAITING************

Write the data to file:33554432 bytes
***********WAITING************

Write the data to file:33554432 bytes
***********WAITING************

Write the data to file:33554432 bytes
***********WAITING************

Write the data to file:33554432 bytes
***********WAITING************

Write the data to file:33554432 bytes
***********WAITING************

Write the data to file:33554432 bytes
***********WAITING************

Write the data to file:33554432 bytes
***********WAITING************

Write the data to file:33554432 bytes
***********WAITING************

Write the data to file:33554432 bytes
***********WAITING************

Write the data to file:33554432 bytes
***********WAITING************

Write the data to file:33554432 bytes
***********WAITING************

Write the data to file:33554432 bytes
***********WAITING************

Write the data to file:33554432 bytes
***********WAITING************

Write the data to file:33554432 bytes
***********WAITING************

Write the data to file:33554432 bytes
***********WAITING************

Write the data to file:33554432 bytes
***********WAITING************

Write the data to file:33554432 bytes
***********WAITING************

Write the data to file:33554432 bytes
***********WAITING************

Write the data to file:33554432 bytes
***********WAITING************

Write the data to file:33554432 bytes
***********WAITING************

Write the data to file:33554432 bytes
***********WAITING************

Write the data to file:33554432 bytes
***********WAITING************

Write the data to file:33554432 bytes
***********WAITING************

Write the data to file:33554432 bytes
***********WAITING************

Write the data to file:33554432 bytes
***********WAITING************

Write the data to file:33554432 bytes
***********WAITING************

Write the data to file:33554432 bytes
***********WAITING************

Write the data to file:33554432 bytes
***********WAITING************

Write the data to file:33554432 bytes
***********WAITING************

Write the data to file:33554432 bytes
***********WAITING************

Write the data to file:33554432 bytes
***********WAITING************

Write the data to file:33554432 bytes
***********WAITING************

Write the data to file:33554432 bytes
***********WAITING************

Write the data to file:33554432 bytes
***********WAITING************

Write the data to file:33554432 bytes
***********WAITING************

Write the data to file:33554432 bytes
***********WAITING************

Write the data to file:33554432 bytes
***********WAITING************

Write the data to file:33554432 bytes
***********WAITING************

Write the data to file:33554432 bytes
***********WAITING************

Write the data to file:33554432 bytes
***********WAITING************

Write the data to file:33554432 bytes
***********WAITING************

Write the data to file:33554432 bytes
***********WAITING************

Write the data to file:33554432 bytes
***********WAITING************

Write the data to file:33554432 bytes
***********WAITING************

Write the data to file:33554432 bytes
***********WAITING************

Write the data to file:33554432 bytes
***********WAITING************

Write the data to file:33554432 bytes
***********WAITING************

Write the data to file:33554432 bytes
***********WAITING************

Write the data to file:33554432 bytes
***********WAITING************

Write the data to file:33554432 bytes
***********WAITING************

Write the data to file:33554432 bytes
***********WAITING************

Write the data to file:33554432 bytes
***********WAITING************

Write the data to file:33554432 bytes
***********WAITING************

Write the data to file:33554432 bytes
***********WAITING************

Write the data to file:33554432 bytes
***********WAITING************

Write the data to file:33554432 bytes
***********WAITING************

Write the data to file:33554432 bytes
***********WAITING************

Write the data to file:33554432 bytes
***********WAITING************

Write the data to file:33554432 bytes
***********WAITING************

Write the data to file:33554432 bytes
***********WAITING************

Write the data to file:33554432 bytes
***********WAITING************

Write the data to file:33554432 bytes
***********WAITING************

Write the data to file:33554432 bytes
***********WAITING************

Write the data to file:33554432 bytes
***********WAITING************

Write the data to file:33554432 bytes
***********WAITING************

Write the data to file:33554432 bytes
***********WAITING************

Write the data to file:33554432 bytes
***********WAITING************

Write the data to file:33554432 bytes
***********WAITING************

Write the data to file:33554432 bytes
***********WAITING************

Write the data to file:33554432 bytes
***********WAITING************

Write the data to file:33554432 bytes
***********WAITING************

Write the data to file:33554432 bytes
***********WAITING************

Write the data to file:33554432 bytes
***********WAITING************

Write the data to file:33554432 bytes
***********WAITING************

Write the data to file:33554432 bytes
***********WAITING************

Write the data to file:33554432 bytes
***********WAITING************

Write the data to file:33554432 bytes
***********WAITING************

Write the data to file:33554432 bytes
***********WAITING************

Write the data to file:33554432 bytes
***********WAITING************

Write the data to file:33554432 bytes
***********WAITING************

Write the data to file:33554432 bytes
***********WAITING************

Write the data to file:33554432 bytes
***********WAITING************

Write the data to file:33554432 bytes
***********WAITING************

Write the data to file:33554432 bytes
***********WAITING************

Write the data to file:33554432 bytes
***********WAITING************

Write the data to file:33554432 bytes
***********WAITING************

Write the data to file:33554432 bytes
***********WAITING************

Write the data to file:33554432 bytes
***********WAITING************

Write the data to file:33554432 bytes
***********WAITING************

Write the data to file:33554432 bytes
***********WAITING************

Write the data to file:33554432 bytes
***********WAITING************

Write the data to file:33554432 bytes
***********WAITING************

Write the data to file:33554432 bytes
***********WAITING************

Write the data to file:33554432 bytes
***********WAITING************

Write the data to file:33554432 bytes
***********WAITING************

Write the data to file:33554432 bytes
***********WAITING************

Write the data to file:33554432 bytes
***********WAITING************

Write the data to file:33554432 bytes
***********WAITING************

Write the data to file:33554432 bytes
***********WAITING************

Write the data to file:33554432 bytes
***********WAITING************

Write the data to file:33554432 bytes
***********WAITING************

Write the data to file:33554432 bytes
***********WAITING************

Write the data to file:33554432 bytes
***********WAITING************

Write the data to file:33554432 bytes
***********WAITING************

Write the data to file:33554432 bytes
***********WAITING************

Write the data to file:33554432 bytes
***********WAITING************

Write the data to file:33554432 bytes
***********WAITING************

Write the data to file:33554432 bytes
***********WAITING************

Write the data to file:33554432 bytes
***********WAITING************

Write the data to file:33554432 bytes
***********WAITING************

Write the data to file:33554432 bytes
***********WAITING************

Write the data to file:33554432 bytes
***********WAITING************

Write the data to file:33554432 bytes
***********WAITING************

Write the data to file:33554432 bytes
***********WAITING************

Write the data to file:33554432 bytes
***********WAITING************

Write the data to file:33554432 bytes
***********WAITING************

Write the data to file:33554432 bytes
***********WAITING************

Write the data to file:33554432 bytes
***********WAITING************

Write the data to file:33554432 bytes
***********WAITING************

Write the data to file:33554432 bytes
***********WAITING************

Write the data to file:33554432 bytes
***********WAITING************

Write the data to file:33554432 bytes
***********WAITING************

Write the data to file:33554432 bytes
***********WAITING************

Write the data to file:33554432 bytes
***********WAITING************

Write the data to file:33554432 bytes
***********WAITING************

Write the data to file:33554432 bytes
***********WAITING************

Write the data to file:33554432 bytes
***********WAITING************

Write the data to file:33554432 bytes
***********WAITING************

Write the data to file:33554432 bytes
***********WAITING************

Write the data to file:33554432 bytes
***********WAITING************

Write the data to file:33554432 bytes
***********WAITING************

Write the data to file:33554432 bytes
***********WAITING************

Write the data to file:33554432 bytes
***********WAITING************

Write the data to file:33554432 bytes
***********WAITING************

Write the data to file:33554432 bytes
***********WAITING************

Write the data to file:33554432 bytes
***********WAITING************

Write the data to file:33554432 bytes
***********WAITING************

Write the data to file:33554432 bytes
***********WAITING************

Write the data to file:33554432 bytes
***********WAITING************

Write the data to file:33554432 bytes
***********WAITING************

Write the data to file:33554432 bytes
***********WAITING************

Write the data to file:33554432 bytes
***********WAITING************

Write the data to file:33554432 bytes
***********WAITING************

Write the data to file:33554432 bytes
***********WAITING************

Write the data to file:33554432 bytes
***********WAITING************

Write the data to file:33554432 bytes
***********WAITING************

Write the data to file:33554432 bytes
***********WAITING************

Write the data to file:33554432 bytes
***********WAITING************

Write the data to file:33554432 bytes
***********WAITING************

Write the data to file:33554432 bytes
***********WAITING************

Write the data to file:33554432 bytes
***********WAITING************

Write the data to file:33554432 bytes
***********WAITING************

Write the data to file:33554432 bytes
***********WAITING************

Write the data to file:33554432 bytes
***********WAITING************

Write the data to file:33554432 bytes
***********WAITING************

Write the data to file:33554432 bytes
***********WAITING************

Write the data to file:33554432 bytes
***********WAITING************

Write the data to file:33554432 bytes
***********WAITING************

Write the data to file:33554432 bytes
***********WAITING************

Write the data to file:33554432 bytes
***********WAITING************

Write the data to file:33554432 bytes
***********WAITING************

Write the data to file:33554432 bytes
***********WAITING************

Write the data to file:33554432 bytes
***********WAITING************

Write the data to file:33554432 bytes
***********WAITING************

Write the data to file:33554432 bytes
***********WAITING************

Write the data to file:33554432 bytes
***********WAITING************

Write the data to file:33554432 bytes
***********WAITING************

Write the data to file:33554432 bytes
***********WAITING************

Write the data to file:33554432 bytes
***********WAITING************

Write the data to file:33554432 bytes
***********WAITING************

Write the data to file:33554432 bytes
***********WAITING************

Write the data to file:33554432 bytes
***********WAITING************

Write the data to file:33554432 bytes
***********WAITING************

Write the data to file:33554432 bytes
***********WAITING************

Write the data to file:33554432 bytes
***********WAITING************

Write the data to file:33554432 bytes
***********WAITING************

Write the data to file:33554432 bytes
***********WAITING************

Write the data to file:33554432 bytes
***********WAITING************

Write the data to file:33554432 bytes
***********WAITING************

Write the data to file:33554432 bytes
***********WAITING************

Write the data to file:33554432 bytes
***********WAITING************

Write the data to file:33554432 bytes
***********WAITING************

Write the data to file:33554432 bytes
***********WAITING************

Write the data to file:33554432 bytes
***********WAITING************

Write the data to file:33554432 bytes
***********WAITING************

Write the data to file:33554432 bytes
***********WAITING************

Write the data to file:33554432 bytes
***********WAITING************

Write the data to file:33554432 bytes
***********WAITING************

Write the data to file:33554432 bytes
***********WAITING************

Write the data to file:33554432 bytes
***********WAITING************

Write the data to file:33554432 bytes
***********WAITING************

Write the data to file:33554432 bytes
***********WAITING************

Write the data to file:33554432 bytes
***********WAITING************

Write the data to file:33554432 bytes
***********WAITING************

Write the data to file:33554432 bytes
***********WAITING************

Write the data to file:33554432 bytes
***********WAITING************

Write the data to file:33554432 bytes
***********WAITING************

Write the data to file:33554432 bytes
***********WAITING************

Write the data to file:33554432 bytes
***********WAITING************

Write the data to file:33554432 bytes
***********WAITING************

Write the data to file:33554432 bytes
***********WAITING************

Write the data to file:33554432 bytes
***********WAITING************

Write the data to file:33554432 bytes
***********WAITING************

Write the data to file:33554432 bytes
***********WAITING************

Write the data to file:33554432 bytes
***********WAITING************

Write the data to file:33554432 bytes
***********WAITING************

Write the data to file:33554432 bytes
***********WAITING************

Write the data to file:33554432 bytes
***********WAITING************

Write the data to file:33554432 bytes
***********WAITING************

Write the data to file:33554432 bytes
***********WAITING************

Write the data to file:33554432 bytes
***********WAITING************

Write the data to file:33554432 bytes
***********WAITING************

Write the data to file:33554432 bytes
***********WAITING************

Write the data to file:33554432 bytes
***********WAITING************

Write the data to file:33554432 bytes
***********WAITING************

Write the data to file:33554432 bytes
***********WAITING************

Write the data to file:33554432 bytes
***********WAITING************

Write the data to file:33554432 bytes
***********WAITING************

Write the data to file:33554432 bytes
***********WAITING************

Write the data to file:33554432 bytes
***********WAITING************

Write the data to file:33554432 bytes
***********WAITING************

Write the data to file:33554432 bytes
***********WAITING************

Write the data to file:33554432 bytes
***********WAITING************

Write the data to file:33554432 bytes
***********WAITING************

Write the data to file:33554432 bytes
***********WAITING************

Write the data to file:33554432 bytes
***********WAITING************

Write the data to file:33554432 bytes
***********WAITING************

Write the data to file:33554432 bytes
***********WAITING************

Write the data to file:33554432 bytes
***********WAITING************

Write the data to file:33554432 bytes
***********WAITING************

Write the data to file:33554432 bytes
***********WAITING************

Write the data to file:33554432 bytes
***********WAITING************

Write the data to file:33554432 bytes
***********WAITING************

Write the data to file:33554432 bytes
***********WAITING************

Write the data to file:33554432 bytes
***********WAITING************

Write the data to file:33554432 bytes
***********WAITING************

Write the data to file:33554432 bytes
***********WAITING************

Write the data to file:33554432 bytes
***********WAITING************

Write the data to file:33554432 bytes
***********WAITING************

Write the data to file:33554432 bytes
***********WAITING************

Write the data to file:33554432 bytes
***********WAITING************

Write the data to file:33554432 bytes
***********WAITING************

Write the data to file:33554432 bytes
***********WAITING************

Write the data to file:33554432 bytes
***********WAITING************

Write the data to file:33554432 bytes
***********WAITING************

Write the data to file:33554432 bytes
***********WAITING************

Write the data to file:33554432 bytes
***********WAITING************

Write the data to file:33554432 bytes
***********WAITING************

Write the data to file:33554432 bytes
***********WAITING************

Write the data to file:33554432 bytes
***********WAITING************

Write the data to file:33554432 bytes
***********WAITING************

Write the data to file:33554432 bytes
***********WAITING************

Write the data to file:33554432 bytes
***********WAITING************

Write the data to file:33554432 bytes
***********WAITING************

Write the data to file:33554432 bytes
***********WAITING************

Write the data to file:33554432 bytes
***********WAITING************

Write the data to file:33554432 bytes
***********WAITING************

Write the data to file:33554432 bytes
***********WAITING************

Write the data to file:33554432 bytes
***********WAITING************

Write the data to file:33554432 bytes
***********WAITING************

Write the data to file:33554432 bytes
***********WAITING************

Write the data to file:33554432 bytes
***********WAITING************

Write the data to file:33554432 bytes
***********WAITING************

Write the data to file:33554432 bytes
***********WAITING************

Write the data to file:33554432 bytes
***********WAITING************

Write the data to file:33554432 bytes
***********WAITING************

Write the data to file:33554432 bytes
***********WAITING************

Write the data to file:33554432 bytes
***********WAITING************

Write the data to file:33554432 bytes
***********WAITING************

Write the data to file:33554432 bytes
***********WAITING************

Write the data to file:33554432 bytes
***********WAITING************

Write the data to file:33554432 bytes
***********WAITING************

Write the data to file:33554432 bytes
***********WAITING************

Write the data to file:33554432 bytes
***********WAITING************

Write the data to file:33554432 bytes
***********WAITING************

Write the data to file:33554432 bytes
***********WAITING************

Write the data to file:33554432 bytes
***********WAITING************

Write the data to file:33554432 bytes
***********WAITING************

Write the data to file:33554432 bytes
***********WAITING************

Write the data to file:33554432 bytes
***********WAITING************

Write the data to file:33554432 bytes
***********WAITING************

Write the data to file:33554432 bytes
***********WAITING************

Write the data to file:33554432 bytes
***********WAITING************

Write the data to file:33554432 bytes
***********WAITING************

Write the data to file:33554432 bytes
***********WAITING************

Write the data to file:33554432 bytes
***********WAITING************

Write the data to file:33554432 bytes
***********WAITING************

Write the data to file:33554432 bytes
***********WAITING************

Write the data to file:33554432 bytes
***********WAITING************

Write the data to file:33554432 bytes
***********WAITING************

Write the data to file:33554432 bytes
***********WAITING************

Write the data to file:33554432 bytes
***********WAITING************

Write the data to file:33554432 bytes
***********WAITING************

Write the data to file:33554432 bytes
***********WAITING************

Write the data to file:33554432 bytes
***********WAITING************

Write the data to file:33554432 bytes
***********WAITING************

Write the data to file:33554432 bytes
***********WAITING************

Write the data to file:33554432 bytes
***********WAITING************

Write the data to file:33554432 bytes
***********WAITING************

Write the data to file:33554432 bytes
***********WAITING************

Write the data to file:33554432 bytes
***********WAITING************

Write the data to file:33554432 bytes
***********WAITING************

Write the data to file:33554432 bytes
***********WAITING************

Write the data to file:33554432 bytes
***********WAITING************

Write the data to file:33554432 bytes
***********WAITING************

Write the data to file:33554432 bytes
***********WAITING************

Write the data to file:33554432 bytes
***********WAITING************

Write the data to file:33554432 bytes
***********WAITING************

Write the data to file:33554432 bytes
***********WAITING************

Write the data to file:33554432 bytes
***********WAITING************

Write the data to file:33554432 bytes
***********WAITING************

Write the data to file:33554432 bytes
***********WAITING************

Write the data to file:33554432 bytes
***********WAITING************

Write the data to file:33554432 bytes
***********WAITING************

Write the data to file:33554432 bytes
***********WAITING************

Write the data to file:33554432 bytes
***********WAITING************

Write the data to file:33554432 bytes
***********WAITING************

Write the data to file:33554432 bytes
***********WAITING************

Write the data to file:33554432 bytes
***********WAITING************

Write the data to file:33554432 bytes
***********WAITING************

Write the data to file:33554432 bytes
***********WAITING************

Write the data to file:33554432 bytes
***********WAITING************

Write the data to file:33554432 bytes
***********WAITING************

Write the data to file:33554432 bytes
***********WAITING************

Write the data to file:33554432 bytes
***********WAITING************

Write the data to file:33554432 bytes
***********WAITING************

Write the data to file:33554432 bytes
***********WAITING************

Write the data to file:33554432 bytes
***********WAITING************

Write the data to file:33554432 bytes
***********WAITING************

Write the data to file:33554432 bytes
***********WAITING************

Write the data to file:33554432 bytes
***********WAITING************

Write the data to file:33554432 bytes
***********WAITING************

Write the data to file:33554432 bytes
***********WAITING************

Write the data to file:33554432 bytes
***********WAITING************

Write the data to file:33554432 bytes
***********WAITING************

Write the data to file:33554432 bytes
***********WAITING************

Write the data to file:33554432 bytes
***********WAITING************

Write the data to file:33554432 bytes
***********WAITING************

Write the data to file:33554432 bytes
***********WAITING************

Write the data to file:33554432 bytes
***********WAITING************

Write the data to file:33554432 bytes
***********WAITING************

Write the data to file:33554432 bytes
***********WAITING************

Write the data to file:33554432 bytes
***********WAITING************

Write the data to file:33554432 bytes
***********WAITING************

Write the data to file:33554432 bytes
***********WAITING************

Write the data to file:33554432 bytes
***********WAITING************

Write the data to file:33554432 bytes
***********WAITING************

Write the data to file:33554432 bytes
***********WAITING************

Write the data to file:33554432 bytes
***********WAITING************

Write the data to file:33554432 bytes
***********WAITING************

Write the data to file:33554432 bytes
***********WAITING************

Write the data to file:33554432 bytes
***********WAITING************

Write the data to file:33554432 bytes
***********WAITING************

Write the data to file:33554432 bytes
***********WAITING************

Write the data to file:33554432 bytes
***********WAITING************

Write the data to file:33554432 bytes
***********WAITING************

Write the data to file:33554432 bytes
***********WAITING************

Write the data to file:33554432 bytes
***********WAITING************

Write the data to file:33554432 bytes
***********WAITING************

Write the data to file:33554432 bytes
***********WAITING************

Write the data to file:33554432 bytes
***********WAITING************

Write the data to file:33554432 bytes
***********WAITING************

Write the data to file:33554432 bytes
***********WAITING************

Write the data to file:33554432 bytes
***********WAITING************

Write the data to file:33554432 bytes
***********WAITING************

Write the data to file:33554432 bytes
***********WAITING************

Write the data to file:33554432 bytes
***********WAITING************

Write the data to file:33554432 bytes
***********WAITING************

Write the data to file:33554432 bytes
***********WAITING************

Write the data to file:33554432 bytes
***********WAITING************

Write the data to file:33554432 bytes
***********WAITING************

Write the data to file:33554432 bytes
***********WAITING************

Write the data to file:33554432 bytes
***********WAITING************

Write the data to file:33554432 bytes
***********WAITING************

Write the data to file:33554432 bytes
***********WAITING************

Write the data to file:33554432 bytes
***********WAITING************

Write the data to file:33554432 bytes
***********WAITING************

Write the data to file:33554432 bytes
***********WAITING************

Write the data to file:33554432 bytes
***********WAITING************

Write the data to file:33554432 bytes
***********WAITING************

Write the data to file:33554432 bytes
***********WAITING************

Write the data to file:33554432 bytes
***********WAITING************

Write the data to file:33554432 bytes
***********WAITING************

Write the data to file:33554432 bytes
***********WAITING************

Write the data to file:33554432 bytes
***********WAITING************

Write the data to file:33554432 bytes
***********WAITING************

Write the data to file:33554432 bytes
***********WAITING************

Write the data to file:33554432 bytes
***********WAITING************

Write the data to file:33554432 bytes
***********WAITING************

Write the data to file:33554432 bytes
***********WAITING************

Write the data to file:33554432 bytes
***********WAITING************

Write the data to file:33554432 bytes
***********WAITING************

Write the data to file:33554432 bytes
***********WAITING************

Write the data to file:33554432 bytes
***********WAITING************

Write the data to file:33554432 bytes
***********WAITING************

Write the data to file:33554432 bytes
***********WAITING************

Write the data to file:33554432 bytes
***********WAITING************

Write the data to file:33554432 bytes
***********WAITING************

Write the data to file:33554432 bytes
***********WAITING************

Write the data to file:33554432 bytes
***********WAITING************

Write the data to file:33554432 bytes
***********WAITING************

Write the data to file:33554432 bytes
***********WAITING************

Write the data to file:33554432 bytes
***********WAITING************

Write the data to file:33554432 bytes
***********WAITING************

Write the data to file:33554432 bytes
***********WAITING************

Write the data to file:33554432 bytes
***********WAITING************

Write the data to file:33554432 bytes
***********WAITING************

Write the data to file:33554432 bytes
***********WAITING************

Write the data to file:33554432 bytes
***********WAITING************

Write the data to file:33554432 bytes
***********WAITING************

Write the data to file:33554432 bytes
***********WAITING************

Write the data to file:33554432 bytes
***********WAITING************

Write the data to file:33554432 bytes
***********WAITING************

Write the data to file:33554432 bytes
***********WAITING************

Write the data to file:33554432 bytes
***********WAITING************

Write the data to file:33554432 bytes
***********WAITING************

Write the data to file:33554432 bytes
***********WAITING************

Write the data to file:33554432 bytes
***********WAITING************

Write the data to file:33554432 bytes
***********WAITING************

Write the data to file:33554432 bytes
***********WAITING************

Write the data to file:33554432 bytes
***********WAITING************

Write the data to file:33554432 bytes
***********WAITING************

Write the data to file:33554432 bytes
***********WAITING************

Write the data to file:33554432 bytes
***********WAITING************

Write the data to file:33554432 bytes
***********WAITING************

Write the data to file:33554432 bytes
***********WAITING************

Write the data to file:33554432 bytes
***********WAITING************

Write the data to file:33554432 bytes
***********WAITING************

Write the data to file:33554432 bytes
***********WAITING************

Write the data to file:33554432 bytes
***********WAITING************

Write the data to file:33554432 bytes
***********WAITING************

Write the data to file:33554432 bytes
***********WAITING************

Write the data to file:33554432 bytes
***********WAITING************

Write the data to file:33554432 bytes
***********WAITING************

Write the data to file:33554432 bytes
***********WAITING************

Write the data to file:33554432 bytes
***********WAITING************

Write the data to file:33554432 bytes
***********WAITING************

Write the data to file:33554432 bytes
***********WAITING************

Write the data to file:33554432 bytes
***********WAITING************

Write the data to file:33554432 bytes
***********WAITING************

Write the data to file:33554432 bytes
***********WAITING************

Write the data to file:33554432 bytes
***********WAITING************

Write the data to file:33554432 bytes
***********WAITING************

Write the data to file:33554432 bytes
***********WAITING************
S_cc         0.97   [      0.96:      0.97]
S_bw         0.23   [      0.23:      0.23]
S_w         34.71   [     34.71:     34.71]
          -------
S_total     35.92   [     35.91:     35.92]

build_S done
calc_W
build_S done
calc_W
nr_of_strided_rec: 0
WARNING: RECORD_SIZE >> READ_NEEDED
nr_doubles: 4194304
build_S done
calc_W
nr_of_strided_rec: 0
WARNING: RECORD_SIZE >> READ_NEEDED
nr_doubles: 4194304
build_S done
calc_W
nr_of_strided_rec: 0
WARNING: RECORD_SIZE >> READ_NEEDED
nr_doubles: 4194304
build_S done
calc_W
nr_of_strided_rec: 0
WARNING: RECORD_SIZE >> READ_NEEDED
nr_doubles: 4194304
build_S done
calc_W
nr_of_strided_rec: 0
WARNING: RECORD_SIZE >> READ_NEEDED
nr_doubles: 4194304
build_S done
calc_W
nr_of_strided_rec: 0
WARNING: RECORD_SIZE >> READ_NEEDED
nr_doubles: 4194304
build_S done
calc_W
nr_of_strided_rec: 0
WARNING: RECORD_SIZE >> READ_NEEDED
nr_doubles: 4194304
build_S done
calc_W
nr_of_strided_rec: 0
WARNING: RECORD_SIZE >> READ_NEEDED
nr_doubles: 4194304
build_S done
calc_W
nr_of_strided_rec: 0
WARNING: RECORD_SIZE >> READ_NEEDED
nr_doubles: 4194304
build_S done
calc_W
nr_of_strided_rec: 0
WARNING: RECORD_SIZE >> READ_NEEDED
nr_doubles: 4194304
build_S done
calc_W
nr_of_strided_rec: 0
WARNING: RECORD_SIZE >> READ_NEEDED
nr_doubles: 4194304
build_S done
calc_W
nr_of_strided_rec: 0
WARNING: RECORD_SIZE >> READ_NEEDED
nr_doubles: 4194304
build_S done
calc_W
nr_of_strided_rec: 0
WARNING: RECORD_SIZE >> READ_NEEDED
nr_doubles: 4194304
build_S done
calc_W
nr_of_strided_rec: 0
WARNING: RECORD_SIZE >> READ_NEEDED
nr_doubles: 4194304
build_S done
calc_W
nr_of_strided_rec: 0
WARNING: RECORD_SIZE >> READ_NEEDED
nr_doubles: 4194304
nr_of_strided_rec: 0
WARNING: RECORD_SIZE >> READ_NEEDED
nr_doubles: 4194304
nr_of_strided_rec: 1
nr_doubles: 4194304
nr_of_strided_rec: 1
nr_doubles: 4194304
nr_of_strided_rec: 1
nr_doubles: 4194304
nr_of_strided_rec: 1
nr_doubles: 4194304
nr_of_strided_rec: 1
nr_doubles: 4194304
nr_of_strided_rec: 1
nr_doubles: 4194304
nr_of_strided_rec: 1
nr_doubles: 4194304
nr_of_strided_rec: 1
nr_doubles: 4194304
nr_of_strided_rec: 1
nr_doubles: 4194304
nr_of_strided_rec: 1
nr_doubles: 4194304
nr_of_strided_rec: 1
nr_doubles: 4194304
nr_of_strided_rec: 1
nr_doubles: 4194304
nr_of_strided_rec: 1
nr_doubles: 4194304
nr_of_strided_rec: 1
nr_doubles: 4194304
nr_of_strided_rec: 1
nr_doubles: 4194304
nr_of_strided_rec: 1
nr_doubles: 4194304

Write the data to file:33554432 bytes
***********WAITING************

Write the data to file:33554432 bytes
***********WAITING************

Write the data to file:33554432 bytes
***********WAITING************

Write the data to file:33554432 bytes
***********WAITING************

Write the data to file:33554432 bytes
***********WAITING************

Write the data to file:33554432 bytes
***********WAITING************

Write the data to file:33554432 bytes
***********WAITING************

Write the data to file:33554432 bytes
***********WAITING************

Write the data to file:33554432 bytes
***********WAITING************

Write the data to file:33554432 bytes
***********WAITING************

Write the data to file:33554432 bytes
***********WAITING************

Write the data to file:33554432 bytes
***********WAITING************

Write the data to file:33554432 bytes
***********WAITING************

Write the data to file:33554432 bytes
***********WAITING************

Write the data to file:33554432 bytes
***********WAITING************

Write the data to file:33554432 bytes
***********WAITING************
nr_of_strided_rec: 1
nr_doubles: 4194304
nr_of_strided_rec: 1
nr_doubles: 4194304
nr_of_strided_rec: 1
nr_doubles: 4194304
nr_of_strided_rec: 1
nr_doubles: 4194304
nr_of_strided_rec: 1
nr_doubles: 4194304
nr_of_strided_rec: 1
nr_doubles: 4194304
nr_of_strided_rec: 1
nr_doubles: 4194304
nr_of_strided_rec: 1
nr_doubles: 4194304
nr_of_strided_rec: 1
nr_doubles: 4194304
nr_of_strided_rec: 1
nr_doubles: 4194304
nr_of_strided_rec: 1
nr_doubles: 4194304
nr_of_strided_rec: 1
nr_doubles: 4194304
nr_of_strided_rec: 1
nr_doubles: 4194304
nr_of_strided_rec: 1
nr_doubles: 4194304
nr_of_strided_rec: 1
nr_doubles: 4194304
nr_of_strided_rec: 1
nr_doubles: 4194304

Write the data to file:33554432 bytes
***********WAITING************

Write the data to file:33554432 bytes
***********WAITING************

Write the data to file:33554432 bytes
***********WAITING************

Write the data to file:33554432 bytes
***********WAITING************

Write the data to file:33554432 bytes
***********WAITING************

Write the data to file:33554432 bytes
***********WAITING************

Write the data to file:33554432 bytes
***********WAITING************

Write the data to file:33554432 bytes
***********WAITING************

Write the data to file:33554432 bytes
***********WAITING************

Write the data to file:33554432 bytes
***********WAITING************

Write the data to file:33554432 bytes
***********WAITING************

Write the data to file:33554432 bytes
***********WAITING************

Write the data to file:33554432 bytes
***********WAITING************

Write the data to file:33554432 bytes
***********WAITING************

Write the data to file:33554432 bytes
***********WAITING************

Write the data to file:33554432 bytes
***********WAITING************
nr_of_strided_rec: 1
nr_doubles: 4194304
nr_of_strided_rec: 1
nr_doubles: 4194304
nr_of_strided_rec: 1
nr_doubles: 4194304
nr_of_strided_rec: 1
nr_doubles: 4194304
nr_of_strided_rec: 1
nr_doubles: 4194304
nr_of_strided_rec: 1
nr_doubles: 4194304
nr_of_strided_rec: 1
nr_doubles: 4194304
nr_of_strided_rec: 1
nr_doubles: 4194304
nr_of_strided_rec: 1
nr_doubles: 4194304
nr_of_strided_rec: 1
nr_doubles: 4194304
nr_of_strided_rec: 1
nr_doubles: 4194304
nr_of_strided_rec: 1
nr_doubles: 4194304
nr_of_strided_rec: 1
nr_doubles: 4194304
nr_of_strided_rec: 1
nr_doubles: 4194304
nr_of_strided_rec: 1
nr_doubles: 4194304
nr_of_strided_rec: 1
nr_doubles: 4194304

Write the data to file:33554432 bytes
***********WAITING************

Write the data to file:33554432 bytes
***********WAITING************

Write the data to file:33554432 bytes
***********WAITING************

Write the data to file:33554432 bytes
***********WAITING************

Write the data to file:33554432 bytes
***********WAITING************

Write the data to file:33554432 bytes
***********WAITING************

Write the data to file:33554432 bytes
***********WAITING************

Write the data to file:33554432 bytes
***********WAITING************

Write the data to file:33554432 bytes
***********WAITING************

Write the data to file:33554432 bytes
***********WAITING************

Write the data to file:33554432 bytes
***********WAITING************

Write the data to file:33554432 bytes
***********WAITING************

Write the data to file:33554432 bytes
***********WAITING************

Write the data to file:33554432 bytes
***********WAITING************

Write the data to file:33554432 bytes
***********WAITING************

Write the data to file:33554432 bytes
***********WAITING************
nr_of_strided_rec: 1
nr_doubles: 4194304
nr_of_strided_rec: 1
nr_doubles: 4194304
nr_of_strided_rec: 1
nr_doubles: 4194304
nr_of_strided_rec: 1
nr_doubles: 4194304
nr_of_strided_rec: 1
nr_doubles: 4194304
nr_of_strided_rec: 1
nr_doubles: 4194304
nr_of_strided_rec: 1
nr_doubles: 4194304
nr_of_strided_rec: 1
nr_doubles: 4194304
nr_of_strided_rec: 1
nr_doubles: 4194304
nr_of_strided_rec: 1
nr_doubles: 4194304
nr_of_strided_rec: 1
nr_doubles: 4194304
nr_of_strided_rec: 1
nr_doubles: 4194304
nr_of_strided_rec: 1
nr_doubles: 4194304
nr_of_strided_rec: 1
nr_doubles: 4194304
nr_of_strided_rec: 1
nr_doubles: 4194304
nr_of_strided_rec: 1
nr_doubles: 4194304

Write the data to file:33554432 bytes
***********WAITING************

Write the data to file:33554432 bytes
***********WAITING************

Write the data to file:33554432 bytes
***********WAITING************

Write the data to file:33554432 bytes
***********WAITING************

Write the data to file:33554432 bytes
***********WAITING************

Write the data to file:33554432 bytes
***********WAITING************

Write the data to file:33554432 bytes
***********WAITING************

Write the data to file:33554432 bytes
***********WAITING************

Write the data to file:33554432 bytes
***********WAITING************

Write the data to file:33554432 bytes
***********WAITING************

Write the data to file:33554432 bytes
***********WAITING************

Write the data to file:33554432 bytes
***********WAITING************

Write the data to file:33554432 bytes
***********WAITING************

Write the data to file:33554432 bytes
***********WAITING************

Write the data to file:33554432 bytes
***********WAITING************

Write the data to file:33554432 bytes
***********WAITING************
nr_of_strided_rec: 1
nr_doubles: 4194304
nr_of_strided_rec: 1
nr_doubles: 4194304
nr_of_strided_rec: 1
nr_doubles: 4194304
nr_of_strided_rec: 1
nr_doubles: 4194304
nr_of_strided_rec: 1
nr_doubles: 4194304
nr_of_strided_rec: 1
nr_doubles: 4194304
nr_of_strided_rec: 1
nr_doubles: 4194304
nr_of_strided_rec: 1
nr_doubles: 4194304
nr_of_strided_rec: 1
nr_doubles: 4194304
nr_of_strided_rec: 1
nr_doubles: 4194304
nr_of_strided_rec: 1
nr_doubles: 4194304
nr_of_strided_rec: 1
nr_doubles: 4194304
nr_of_strided_rec: 1
nr_doubles: 4194304
nr_of_strided_rec: 1
nr_doubles: 4194304
nr_of_strided_rec: 1
nr_doubles: 4194304
nr_of_strided_rec: 1
nr_doubles: 4194304

Write the data to file:33554432 bytes
***********WAITING************

Write the data to file:33554432 bytes
***********WAITING************

Write the data to file:33554432 bytes
***********WAITING************

Write the data to file:33554432 bytes
***********WAITING************

Write the data to file:33554432 bytes
***********WAITING************

Write the data to file:33554432 bytes
***********WAITING************

Write the data to file:33554432 bytes
***********WAITING************

Write the data to file:33554432 bytes
***********WAITING************

Write the data to file:33554432 bytes
***********WAITING************

Write the data to file:33554432 bytes
***********WAITING************

Write the data to file:33554432 bytes
***********WAITING************

Write the data to file:33554432 bytes
***********WAITING************

Write the data to file:33554432 bytes
***********WAITING************

Write the data to file:33554432 bytes
***********WAITING************

Write the data to file:33554432 bytes
***********WAITING************

Write the data to file:33554432 bytes
***********WAITING************
nr_of_strided_rec: 1
nr_doubles: 4194304
nr_of_strided_rec: 1
nr_doubles: 4194304
nr_of_strided_rec: 1
nr_doubles: 4194304
nr_of_strided_rec: 1
nr_doubles: 4194304
nr_of_strided_rec: 1
nr_doubles: 4194304
nr_of_strided_rec: 1
nr_doubles: 4194304
nr_of_strided_rec: 1
nr_doubles: 4194304
nr_of_strided_rec: 1
nr_doubles: 4194304
nr_of_strided_rec: 1
nr_doubles: 4194304
nr_of_strided_rec: 1
nr_doubles: 4194304
nr_of_strided_rec: 1
nr_doubles: 4194304
nr_of_strided_rec: 1
nr_doubles: 4194304
nr_of_strided_rec: 1
nr_doubles: 4194304
nr_of_strided_rec: 1
nr_doubles: 4194304
nr_of_strided_rec: 1
nr_doubles: 4194304
nr_of_strided_rec: 1
nr_doubles: 4194304

Write the data to file:33554432 bytes
***********WAITING************

Write the data to file:33554432 bytes
***********WAITING************

Write the data to file:33554432 bytes
***********WAITING************

Write the data to file:33554432 bytes
***********WAITING************

Write the data to file:33554432 bytes
***********WAITING************

Write the data to file:33554432 bytes
***********WAITING************

Write the data to file:33554432 bytes
***********WAITING************

Write the data to file:33554432 bytes
***********WAITING************

Write the data to file:33554432 bytes
***********WAITING************

Write the data to file:33554432 bytes
***********WAITING************

Write the data to file:33554432 bytes
***********WAITING************

Write the data to file:33554432 bytes
***********WAITING************

Write the data to file:33554432 bytes
***********WAITING************

Write the data to file:33554432 bytes
***********WAITING************

Write the data to file:33554432 bytes
***********WAITING************

Write the data to file:33554432 bytes
***********WAITING************
nr_of_strided_rec: 1
nr_doubles: 4194304
nr_of_strided_rec: 1
nr_doubles: 4194304
nr_of_strided_rec: 1
nr_doubles: 4194304
nr_of_strided_rec: 1
nr_doubles: 4194304
nr_of_strided_rec: 1
nr_doubles: 4194304
nr_of_strided_rec: 1
nr_doubles: 4194304
nr_of_strided_rec: 1
nr_doubles: 4194304
nr_of_strided_rec: 1
nr_doubles: 4194304
nr_of_strided_rec: 1
nr_doubles: 4194304
nr_of_strided_rec: 1
nr_doubles: 4194304
nr_of_strided_rec: 1
nr_doubles: 4194304
nr_of_strided_rec: 1
nr_doubles: 4194304
nr_of_strided_rec: 1
nr_doubles: 4194304
nr_of_strided_rec: 1
nr_doubles: 4194304
nr_of_strided_rec: 1
nr_doubles: 4194304
nr_of_strided_rec: 1
nr_doubles: 4194304

Write the data to file:33554432 bytes
***********WAITING************

Write the data to file:33554432 bytes
***********WAITING************

Write the data to file:33554432 bytes
***********WAITING************

Write the data to file:33554432 bytes
***********WAITING************

Write the data to file:33554432 bytes
***********WAITING************

Write the data to file:33554432 bytes
***********WAITING************

Write the data to file:33554432 bytes
***********WAITING************

Write the data to file:33554432 bytes
***********WAITING************

Write the data to file:33554432 bytes
***********WAITING************

Write the data to file:33554432 bytes
***********WAITING************

Write the data to file:33554432 bytes
***********WAITING************

Write the data to file:33554432 bytes
***********WAITING************

Write the data to file:33554432 bytes
***********WAITING************

Write the data to file:33554432 bytes
***********WAITING************

Write the data to file:33554432 bytes
***********WAITING************

Write the data to file:33554432 bytes
***********WAITING************
nr_of_strided_rec: 1
nr_doubles: 4194304
nr_of_strided_rec: 1
nr_doubles: 4194304
nr_of_strided_rec: 1
nr_doubles: 4194304
nr_of_strided_rec: 1
nr_doubles: 4194304
nr_of_strided_rec: 1
nr_doubles: 4194304
nr_of_strided_rec: 1
nr_doubles: 4194304
nr_of_strided_rec: 1
nr_doubles: 4194304
nr_of_strided_rec: 1
nr_doubles: 4194304
nr_of_strided_rec: 1
nr_doubles: 4194304
nr_of_strided_rec: 1
nr_doubles: 4194304
nr_of_strided_rec: 1
nr_doubles: 4194304
nr_of_strided_rec: 1
nr_doubles: 4194304
nr_of_strided_rec: 1
nr_doubles: 4194304
nr_of_strided_rec: 1
nr_doubles: 4194304
nr_of_strided_rec: 1
nr_doubles: 4194304
nr_of_strided_rec: 1
nr_doubles: 4194304

Write the data to file:33554432 bytes
***********WAITING************

Write the data to file:33554432 bytes
***********WAITING************

Write the data to file:33554432 bytes
***********WAITING************

Write the data to file:33554432 bytes
***********WAITING************

Write the data to file:33554432 bytes
***********WAITING************

Write the data to file:33554432 bytes
***********WAITING************

Write the data to file:33554432 bytes
***********WAITING************

Write the data to file:33554432 bytes
***********WAITING************

Write the data to file:33554432 bytes
***********WAITING************

Write the data to file:33554432 bytes
***********WAITING************

Write the data to file:33554432 bytes
***********WAITING************

Write the data to file:33554432 bytes
***********WAITING************

Write the data to file:33554432 bytes
***********WAITING************

Write the data to file:33554432 bytes
***********WAITING************

Write the data to file:33554432 bytes
***********WAITING************

Write the data to file:33554432 bytes
***********WAITING************
nr_of_strided_rec: 1
nr_doubles: 4194304
nr_of_strided_rec: 1
nr_doubles: 4194304
nr_of_strided_rec: 1
nr_doubles: 4194304
nr_of_strided_rec: 1
nr_doubles: 4194304
nr_of_strided_rec: 1
nr_doubles: 4194304
nr_of_strided_rec: 1
nr_doubles: 4194304
nr_of_strided_rec: 1
nr_doubles: 4194304
nr_of_strided_rec: 1
nr_doubles: 4194304
nr_of_strided_rec: 1
nr_doubles: 4194304
nr_of_strided_rec: 1
nr_doubles: 4194304
nr_of_strided_rec: 1
nr_doubles: 4194304
nr_of_strided_rec: 1
nr_doubles: 4194304
nr_of_strided_rec: 1
nr_doubles: 4194304
nr_of_strided_rec: 1
nr_doubles: 4194304
nr_of_strided_rec: 1
nr_doubles: 4194304
nr_of_strided_rec: 1
nr_doubles: 4194304

Write the data to file:33554432 bytes
***********WAITING************

Write the data to file:33554432 bytes
***********WAITING************

Write the data to file:33554432 bytes
***********WAITING************

Write the data to file:33554432 bytes
***********WAITING************

Write the data to file:33554432 bytes
***********WAITING************

Write the data to file:33554432 bytes
***********WAITING************

Write the data to file:33554432 bytes
***********WAITING************

Write the data to file:33554432 bytes
***********WAITING************

Write the data to file:33554432 bytes
***********WAITING************

Write the data to file:33554432 bytes
***********WAITING************

Write the data to file:33554432 bytes
***********WAITING************

Write the data to file:33554432 bytes
***********WAITING************

Write the data to file:33554432 bytes
***********WAITING************

Write the data to file:33554432 bytes
***********WAITING************

Write the data to file:33554432 bytes
***********WAITING************

Write the data to file:33554432 bytes
***********WAITING************
nr_of_strided_rec: 1
nr_doubles: 4194304
nr_of_strided_rec: 1
nr_doubles: 4194304
nr_of_strided_rec: 1
nr_doubles: 4194304
nr_of_strided_rec: 1
nr_doubles: 4194304
nr_of_strided_rec: 1
nr_doubles: 4194304
nr_of_strided_rec: 1
nr_doubles: 4194304
nr_of_strided_rec: 1
nr_doubles: 4194304
nr_of_strided_rec: 1
nr_doubles: 4194304
nr_of_strided_rec: 1
nr_doubles: 4194304
nr_of_strided_rec: 1
nr_doubles: 4194304
nr_of_strided_rec: 1
nr_doubles: 4194304
nr_of_strided_rec: 1
nr_doubles: 4194304
nr_of_strided_rec: 1
nr_doubles: 4194304
nr_of_strided_rec: 1
nr_doubles: 4194304
nr_of_strided_rec: 1
nr_doubles: 4194304
nr_of_strided_rec: 1
nr_doubles: 4194304

Write the data to file:33554432 bytes
***********WAITING************

Write the data to file:33554432 bytes
***********WAITING************

Write the data to file:33554432 bytes
***********WAITING************

Write the data to file:33554432 bytes
***********WAITING************

Write the data to file:33554432 bytes
***********WAITING************

Write the data to file:33554432 bytes
***********WAITING************

Write the data to file:33554432 bytes
***********WAITING************

Write the data to file:33554432 bytes
***********WAITING************

Write the data to file:33554432 bytes
***********WAITING************

Write the data to file:33554432 bytes
***********WAITING************

Write the data to file:33554432 bytes
***********WAITING************

Write the data to file:33554432 bytes
***********WAITING************

Write the data to file:33554432 bytes
***********WAITING************

Write the data to file:33554432 bytes
***********WAITING************

Write the data to file:33554432 bytes
***********WAITING************

Write the data to file:33554432 bytes
***********WAITING************
nr_of_strided_rec: 1
nr_doubles: 4194304
nr_of_strided_rec: 1
nr_doubles: 4194304
nr_of_strided_rec: 1
nr_doubles: 4194304
nr_of_strided_rec: 1
nr_doubles: 4194304
nr_of_strided_rec: 1
nr_doubles: 4194304
nr_of_strided_rec: 1
nr_doubles: 4194304
nr_of_strided_rec: 1
nr_doubles: 4194304
nr_of_strided_rec: 1
nr_doubles: 4194304
nr_of_strided_rec: 1
nr_doubles: 4194304
nr_of_strided_rec: 1
nr_doubles: 4194304
nr_of_strided_rec: 1
nr_doubles: 4194304
nr_of_strided_rec: 1
nr_doubles: 4194304
nr_of_strided_rec: 1
nr_doubles: 4194304
nr_of_strided_rec: 1
nr_doubles: 4194304
nr_of_strided_rec: 1
nr_doubles: 4194304
nr_of_strided_rec: 1
nr_doubles: 4194304

Write the data to file:33554432 bytes
***********WAITING************

Write the data to file:33554432 bytes
***********WAITING************

Write the data to file:33554432 bytes
***********WAITING************

Write the data to file:33554432 bytes
***********WAITING************

Write the data to file:33554432 bytes
***********WAITING************

Write the data to file:33554432 bytes
***********WAITING************

Write the data to file:33554432 bytes
***********WAITING************

Write the data to file:33554432 bytes
***********WAITING************

Write the data to file:33554432 bytes
***********WAITING************

Write the data to file:33554432 bytes
***********WAITING************

Write the data to file:33554432 bytes
***********WAITING************

Write the data to file:33554432 bytes
***********WAITING************

Write the data to file:33554432 bytes
***********WAITING************

Write the data to file:33554432 bytes
***********WAITING************

Write the data to file:33554432 bytes
***********WAITING************

Write the data to file:33554432 bytes
***********WAITING************
nr_of_strided_rec: 1
nr_doubles: 4194304
nr_of_strided_rec: 1
nr_doubles: 4194304
nr_of_strided_rec: 1
nr_doubles: 4194304
nr_of_strided_rec: 1
nr_doubles: 4194304
nr_of_strided_rec: 1
nr_doubles: 4194304
nr_of_strided_rec: 1
nr_doubles: 4194304
nr_of_strided_rec: 1
nr_doubles: 4194304
nr_of_strided_rec: 1
nr_doubles: 4194304
nr_of_strided_rec: 1
nr_doubles: 4194304
nr_of_strided_rec: 1
nr_doubles: 4194304
nr_of_strided_rec: 1
nr_doubles: 4194304
nr_of_strided_rec: 1
nr_doubles: 4194304
nr_of_strided_rec: 1
nr_doubles: 4194304
nr_of_strided_rec: 1
nr_doubles: 4194304
nr_of_strided_rec: 1
nr_doubles: 4194304
nr_of_strided_rec: 1
nr_doubles: 4194304

Write the data to file:33554432 bytes
***********WAITING************

Write the data to file:33554432 bytes
***********WAITING************

Write the data to file:33554432 bytes
***********WAITING************

Write the data to file:33554432 bytes
***********WAITING************

Write the data to file:33554432 bytes
***********WAITING************

Write the data to file:33554432 bytes
***********WAITING************

Write the data to file:33554432 bytes
***********WAITING************

Write the data to file:33554432 bytes
***********WAITING************

Write the data to file:33554432 bytes
***********WAITING************

Write the data to file:33554432 bytes
***********WAITING************

Write the data to file:33554432 bytes
***********WAITING************

Write the data to file:33554432 bytes
***********WAITING************

Write the data to file:33554432 bytes
***********WAITING************

Write the data to file:33554432 bytes
***********WAITING************

Write the data to file:33554432 bytes
***********WAITING************

Write the data to file:33554432 bytes
***********WAITING************
nr_of_strided_rec: 1
nr_doubles: 4194304
nr_of_strided_rec: 1
nr_doubles: 4194304
nr_of_strided_rec: 1
nr_doubles: 4194304
nr_of_strided_rec: 1
nr_doubles: 4194304
nr_of_strided_rec: 1
nr_doubles: 4194304
nr_of_strided_rec: 1
nr_doubles: 4194304
nr_of_strided_rec: 1
nr_doubles: 4194304
nr_of_strided_rec: 1
nr_doubles: 4194304
nr_of_strided_rec: 1
nr_doubles: 4194304
nr_of_strided_rec: 1
nr_doubles: 4194304
nr_of_strided_rec: 1
nr_doubles: 4194304
nr_of_strided_rec: 1
nr_doubles: 4194304
nr_of_strided_rec: 1
nr_doubles: 4194304
nr_of_strided_rec: 1
nr_doubles: 4194304
nr_of_strided_rec: 1
nr_doubles: 4194304
nr_of_strided_rec: 1
nr_doubles: 4194304

Write the data to file:33554432 bytes
***********WAITING************

Write the data to file:33554432 bytes
***********WAITING************

Write the data to file:33554432 bytes
***********WAITING************

Write the data to file:33554432 bytes
***********WAITING************

Write the data to file:33554432 bytes
***********WAITING************

Write the data to file:33554432 bytes
***********WAITING************

Write the data to file:33554432 bytes
***********WAITING************

Write the data to file:33554432 bytes
***********WAITING************

Write the data to file:33554432 bytes
***********WAITING************

Write the data to file:33554432 bytes
***********WAITING************

Write the data to file:33554432 bytes
***********WAITING************

Write the data to file:33554432 bytes
***********WAITING************

Write the data to file:33554432 bytes
***********WAITING************

Write the data to file:33554432 bytes
***********WAITING************

Write the data to file:33554432 bytes
***********WAITING************

Write the data to file:33554432 bytes
***********WAITING************
nr_of_strided_rec: 1
nr_doubles: 4194304
nr_of_strided_rec: 1
nr_doubles: 4194304
nr_of_strided_rec: 1
nr_doubles: 4194304
nr_of_strided_rec: 1
nr_doubles: 4194304
nr_of_strided_rec: 1
nr_doubles: 4194304
nr_of_strided_rec: 1
nr_doubles: 4194304
nr_of_strided_rec: 1
nr_doubles: 4194304
nr_of_strided_rec: 1
nr_doubles: 4194304
nr_of_strided_rec: 1
nr_doubles: 4194304
nr_of_strided_rec: 1
nr_doubles: 4194304
nr_of_strided_rec: 1
nr_doubles: 4194304
nr_of_strided_rec: 1
nr_doubles: 4194304
nr_of_strided_rec: 1
nr_doubles: 4194304
nr_of_strided_rec: 1
nr_doubles: 4194304
nr_of_strided_rec: 1
nr_doubles: 4194304
nr_of_strided_rec: 1
nr_doubles: 4194304

Write the data to file:33554432 bytes
***********WAITING************

Write the data to file:33554432 bytes
***********WAITING************

Write the data to file:33554432 bytes
***********WAITING************

Write the data to file:33554432 bytes
***********WAITING************

Write the data to file:33554432 bytes
***********WAITING************

Write the data to file:33554432 bytes
***********WAITING************

Write the data to file:33554432 bytes
***********WAITING************

Write the data to file:33554432 bytes
***********WAITING************

Write the data to file:33554432 bytes
***********WAITING************

Write the data to file:33554432 bytes
***********WAITING************

Write the data to file:33554432 bytes
***********WAITING************

Write the data to file:33554432 bytes
***********WAITING************

Write the data to file:33554432 bytes
***********WAITING************

Write the data to file:33554432 bytes
***********WAITING************

Write the data to file:33554432 bytes
***********WAITING************

Write the data to file:33554432 bytes
***********WAITING************
nr_of_strided_rec: 1
nr_doubles: 4194304
nr_of_strided_rec: 1
nr_doubles: 4194304
nr_of_strided_rec: 1
nr_doubles: 4194304
nr_of_strided_rec: 1
nr_doubles: 4194304
nr_of_strided_rec: 1
nr_doubles: 4194304
nr_of_strided_rec: 1
nr_doubles: 4194304
nr_of_strided_rec: 1
nr_doubles: 4194304
nr_of_strided_rec: 1
nr_doubles: 4194304
nr_of_strided_rec: 1
nr_doubles: 4194304
nr_of_strided_rec: 1
nr_doubles: 4194304
nr_of_strided_rec: 1
nr_doubles: 4194304
nr_of_strided_rec: 1
nr_doubles: 4194304
nr_of_strided_rec: 1
nr_doubles: 4194304
nr_of_strided_rec: 1
nr_doubles: 4194304
nr_of_strided_rec: 1
nr_doubles: 4194304
nr_of_strided_rec: 1
nr_doubles: 4194304

Write the data to file:33554432 bytes
***********WAITING************

Write the data to file:33554432 bytes
***********WAITING************

Write the data to file:33554432 bytes
***********WAITING************

Write the data to file:33554432 bytes
***********WAITING************

Write the data to file:33554432 bytes
***********WAITING************

Write the data to file:33554432 bytes
***********WAITING************

Write the data to file:33554432 bytes
***********WAITING************

Write the data to file:33554432 bytes
***********WAITING************

Write the data to file:33554432 bytes
***********WAITING************

Write the data to file:33554432 bytes
***********WAITING************

Write the data to file:33554432 bytes
***********WAITING************

Write the data to file:33554432 bytes
***********WAITING************

Write the data to file:33554432 bytes
***********WAITING************

Write the data to file:33554432 bytes
***********WAITING************

Write the data to file:33554432 bytes
***********WAITING************

Write the data to file:33554432 bytes
***********WAITING************
nr_of_strided_rec: 1
nr_doubles: 4194304
nr_of_strided_rec: 1
nr_doubles: 4194304
nr_of_strided_rec: 1
nr_doubles: 4194304
nr_of_strided_rec: 1
nr_doubles: 4194304
nr_of_strided_rec: 1
nr_doubles: 4194304
nr_of_strided_rec: 1
nr_doubles: 4194304
nr_of_strided_rec: 1
nr_doubles: 4194304
nr_of_strided_rec: 1
nr_doubles: 4194304
nr_of_strided_rec: 1
nr_doubles: 4194304
nr_of_strided_rec: 1
nr_doubles: 4194304
nr_of_strided_rec: 1
nr_doubles: 4194304
nr_of_strided_rec: 1
nr_doubles: 4194304
nr_of_strided_rec: 1
nr_doubles: 4194304
nr_of_strided_rec: 1
nr_doubles: 4194304
nr_of_strided_rec: 1
nr_doubles: 4194304
nr_of_strided_rec: 1
nr_doubles: 4194304

Write the data to file:33554432 bytes
***********WAITING************

Write the data to file:33554432 bytes
***********WAITING************

Write the data to file:33554432 bytes
***********WAITING************

Write the data to file:33554432 bytes
***********WAITING************

Write the data to file:33554432 bytes
***********WAITING************

Write the data to file:33554432 bytes
***********WAITING************

Write the data to file:33554432 bytes
***********WAITING************

Write the data to file:33554432 bytes
***********WAITING************

Write the data to file:33554432 bytes
***********WAITING************

Write the data to file:33554432 bytes
***********WAITING************

Write the data to file:33554432 bytes
***********WAITING************

Write the data to file:33554432 bytes
***********WAITING************

Write the data to file:33554432 bytes
***********WAITING************

Write the data to file:33554432 bytes
***********WAITING************

Write the data to file:33554432 bytes
***********WAITING************

Write the data to file:33554432 bytes
***********WAITING************
nr_of_strided_rec: 1
nr_doubles: 4194304
nr_of_strided_rec: 1
nr_doubles: 4194304
nr_of_strided_rec: 1
nr_doubles: 4194304
nr_of_strided_rec: 1
nr_doubles: 4194304
nr_of_strided_rec: 1
nr_doubles: 4194304
nr_of_strided_rec: 1
nr_doubles: 4194304
nr_of_strided_rec: 1
nr_doubles: 4194304
nr_of_strided_rec: 1
nr_doubles: 4194304
nr_of_strided_rec: 1
nr_doubles: 4194304
nr_of_strided_rec: 1
nr_doubles: 4194304
nr_of_strided_rec: 1
nr_doubles: 4194304
nr_of_strided_rec: 1
nr_doubles: 4194304
nr_of_strided_rec: 1
nr_doubles: 4194304
nr_of_strided_rec: 1
nr_doubles: 4194304
nr_of_strided_rec: 1
nr_doubles: 4194304
nr_of_strided_rec: 1
nr_doubles: 4194304

Write the data to file:33554432 bytes
***********WAITING************

Write the data to file:33554432 bytes
***********WAITING************

Write the data to file:33554432 bytes
***********WAITING************

Write the data to file:33554432 bytes
***********WAITING************

Write the data to file:33554432 bytes
***********WAITING************

Write the data to file:33554432 bytes
***********WAITING************

Write the data to file:33554432 bytes
***********WAITING************

Write the data to file:33554432 bytes
***********WAITING************

Write the data to file:33554432 bytes
***********WAITING************

Write the data to file:33554432 bytes
***********WAITING************

Write the data to file:33554432 bytes
***********WAITING************

Write the data to file:33554432 bytes
***********WAITING************

Write the data to file:33554432 bytes
***********WAITING************

Write the data to file:33554432 bytes
***********WAITING************

Write the data to file:33554432 bytes
***********WAITING************

Write the data to file:33554432 bytes
***********WAITING************
nr_of_strided_rec: 1
nr_doubles: 4194304
nr_of_strided_rec: 1
nr_doubles: 4194304
nr_of_strided_rec: 1
nr_doubles: 4194304
nr_of_strided_rec: 1
nr_doubles: 4194304
nr_of_strided_rec: 1
nr_doubles: 4194304
nr_of_strided_rec: 1
nr_doubles: 4194304
nr_of_strided_rec: 1
nr_doubles: 4194304
nr_of_strided_rec: 1
nr_doubles: 4194304
nr_of_strided_rec: 1
nr_doubles: 4194304
nr_of_strided_rec: 1
nr_doubles: 4194304
nr_of_strided_rec: 1
nr_doubles: 4194304
nr_of_strided_rec: 1
nr_doubles: 4194304
nr_of_strided_rec: 1
nr_doubles: 4194304
nr_of_strided_rec: 1
nr_doubles: 4194304
nr_of_strided_rec: 1
nr_doubles: 4194304
nr_of_strided_rec: 1
nr_doubles: 4194304

Write the data to file:33554432 bytes
***********WAITING************

Write the data to file:33554432 bytes
***********WAITING************

Write the data to file:33554432 bytes
***********WAITING************

Write the data to file:33554432 bytes
***********WAITING************

Write the data to file:33554432 bytes
***********WAITING************

Write the data to file:33554432 bytes
***********WAITING************

Write the data to file:33554432 bytes
***********WAITING************

Write the data to file:33554432 bytes
***********WAITING************

Write the data to file:33554432 bytes
***********WAITING************

Write the data to file:33554432 bytes
***********WAITING************

Write the data to file:33554432 bytes
***********WAITING************

Write the data to file:33554432 bytes
***********WAITING************

Write the data to file:33554432 bytes
***********WAITING************

Write the data to file:33554432 bytes
***********WAITING************

Write the data to file:33554432 bytes
***********WAITING************

Write the data to file:33554432 bytes
***********WAITING************
nr_of_strided_rec: 1
nr_doubles: 4194304
nr_of_strided_rec: 1
nr_doubles: 4194304
nr_of_strided_rec: 1
nr_doubles: 4194304
nr_of_strided_rec: 1
nr_doubles: 4194304
nr_of_strided_rec: 1
nr_doubles: 4194304
nr_of_strided_rec: 1
nr_doubles: 4194304
nr_of_strided_rec: 1
nr_doubles: 4194304
nr_of_strided_rec: 1
nr_doubles: 4194304
nr_of_strided_rec: 1
nr_doubles: 4194304
nr_of_strided_rec: 1
nr_doubles: 4194304
nr_of_strided_rec: 1
nr_doubles: 4194304
nr_of_strided_rec: 1
nr_doubles: 4194304
nr_of_strided_rec: 1
nr_doubles: 4194304
nr_of_strided_rec: 1
nr_doubles: 4194304
nr_of_strided_rec: 1
nr_doubles: 4194304
nr_of_strided_rec: 1
nr_doubles: 4194304

Write the data to file:33554432 bytes
***********WAITING************

Write the data to file:33554432 bytes
***********WAITING************

Write the data to file:33554432 bytes
***********WAITING************

Write the data to file:33554432 bytes
***********WAITING************

Write the data to file:33554432 bytes
***********WAITING************

Write the data to file:33554432 bytes
***********WAITING************

Write the data to file:33554432 bytes
***********WAITING************

Write the data to file:33554432 bytes
***********WAITING************

Write the data to file:33554432 bytes
***********WAITING************

Write the data to file:33554432 bytes
***********WAITING************

Write the data to file:33554432 bytes
***********WAITING************

Write the data to file:33554432 bytes
***********WAITING************

Write the data to file:33554432 bytes
***********WAITING************

Write the data to file:33554432 bytes
***********WAITING************

Write the data to file:33554432 bytes
***********WAITING************

Write the data to file:33554432 bytes
***********WAITING************
nr_of_strided_rec: 1
nr_doubles: 4194304
nr_of_strided_rec: 1
nr_doubles: 4194304
nr_of_strided_rec: 1
nr_doubles: 4194304
nr_of_strided_rec: 1
nr_doubles: 4194304
nr_of_strided_rec: 1
nr_doubles: 4194304
nr_of_strided_rec: 1
nr_doubles: 4194304
nr_of_strided_rec: 1
nr_doubles: 4194304
nr_of_strided_rec: 1
nr_doubles: 4194304
nr_of_strided_rec: 1
nr_doubles: 4194304
nr_of_strided_rec: 1
nr_doubles: 4194304
nr_of_strided_rec: 1
nr_doubles: 4194304
nr_of_strided_rec: 1
nr_doubles: 4194304
nr_of_strided_rec: 1
nr_doubles: 4194304
nr_of_strided_rec: 1
nr_doubles: 4194304
nr_of_strided_rec: 1
nr_doubles: 4194304
nr_of_strided_rec: 1
nr_doubles: 4194304

Write the data to file:33554432 bytes
***********WAITING************

Write the data to file:33554432 bytes
***********WAITING************

Write the data to file:33554432 bytes
***********WAITING************

Write the data to file:33554432 bytes
***********WAITING************

Write the data to file:33554432 bytes
***********WAITING************

Write the data to file:33554432 bytes
***********WAITING************

Write the data to file:33554432 bytes
***********WAITING************

Write the data to file:33554432 bytes
***********WAITING************

Write the data to file:33554432 bytes
***********WAITING************

Write the data to file:33554432 bytes
***********WAITING************

Write the data to file:33554432 bytes
***********WAITING************

Write the data to file:33554432 bytes
***********WAITING************

Write the data to file:33554432 bytes
***********WAITING************

Write the data to file:33554432 bytes
***********WAITING************

Write the data to file:33554432 bytes
***********WAITING************

Write the data to file:33554432 bytes
***********WAITING************
nr_of_strided_rec: 1
nr_doubles: 4194304
nr_of_strided_rec: 1
nr_doubles: 4194304
nr_of_strided_rec: 1
nr_doubles: 4194304
nr_of_strided_rec: 1
nr_doubles: 4194304
nr_of_strided_rec: 1
nr_doubles: 4194304
nr_of_strided_rec: 1
nr_doubles: 4194304
nr_of_strided_rec: 1
nr_doubles: 4194304
nr_of_strided_rec: 1
nr_doubles: 4194304
nr_of_strided_rec: 1
nr_doubles: 4194304
nr_of_strided_rec: 1
nr_doubles: 4194304
nr_of_strided_rec: 1
nr_doubles: 4194304
nr_of_strided_rec: 1
nr_doubles: 4194304
nr_of_strided_rec: 1
nr_doubles: 4194304
nr_of_strided_rec: 1
nr_doubles: 4194304
nr_of_strided_rec: 1
nr_doubles: 4194304
nr_of_strided_rec: 1
nr_doubles: 4194304

Write the data to file:33554432 bytes
***********WAITING************

Write the data to file:33554432 bytes
***********WAITING************

Write the data to file:33554432 bytes
***********WAITING************

Write the data to file:33554432 bytes
***********WAITING************

Write the data to file:33554432 bytes
***********WAITING************

Write the data to file:33554432 bytes
***********WAITING************

Write the data to file:33554432 bytes
***********WAITING************

Write the data to file:33554432 bytes
***********WAITING************

Write the data to file:33554432 bytes
***********WAITING************

Write the data to file:33554432 bytes
***********WAITING************

Write the data to file:33554432 bytes
***********WAITING************

Write the data to file:33554432 bytes
***********WAITING************

Write the data to file:33554432 bytes
***********WAITING************

Write the data to file:33554432 bytes
***********WAITING************

Write the data to file:33554432 bytes
***********WAITING************

Write the data to file:33554432 bytes
***********WAITING************
nr_of_strided_rec: 1
nr_doubles: 4194304
nr_of_strided_rec: 1
nr_doubles: 4194304
nr_of_strided_rec: 1
nr_doubles: 4194304
nr_of_strided_rec: 1
nr_doubles: 4194304
nr_of_strided_rec: 1
nr_doubles: 4194304
nr_of_strided_rec: 1
nr_doubles: 4194304
nr_of_strided_rec: 1
nr_doubles: 4194304
nr_of_strided_rec: 1
nr_doubles: 4194304
nr_of_strided_rec: 1
nr_doubles: 4194304
nr_of_strided_rec: 1
nr_doubles: 4194304
nr_of_strided_rec: 1
nr_doubles: 4194304
nr_of_strided_rec: 1
nr_doubles: 4194304
nr_of_strided_rec: 1
nr_doubles: 4194304
nr_of_strided_rec: 1
nr_doubles: 4194304
nr_of_strided_rec: 1
nr_doubles: 4194304
nr_of_strided_rec: 1
nr_doubles: 4194304

Write the data to file:33554432 bytes
***********WAITING************

Write the data to file:33554432 bytes
***********WAITING************

Write the data to file:33554432 bytes
***********WAITING************

Write the data to file:33554432 bytes
***********WAITING************

Write the data to file:33554432 bytes
***********WAITING************

Write the data to file:33554432 bytes
***********WAITING************

Write the data to file:33554432 bytes
***********WAITING************

Write the data to file:33554432 bytes
***********WAITING************

Write the data to file:33554432 bytes
***********WAITING************

Write the data to file:33554432 bytes
***********WAITING************

Write the data to file:33554432 bytes
***********WAITING************

Write the data to file:33554432 bytes
***********WAITING************

Write the data to file:33554432 bytes
***********WAITING************

Write the data to file:33554432 bytes
***********WAITING************

Write the data to file:33554432 bytes
***********WAITING************

Write the data to file:33554432 bytes
***********WAITING************
nr_of_strided_rec: 1
nr_doubles: 4194304
nr_of_strided_rec: 1
nr_doubles: 4194304
nr_of_strided_rec: 1
nr_doubles: 4194304
nr_of_strided_rec: 1
nr_doubles: 4194304
nr_of_strided_rec: 1
nr_doubles: 4194304
nr_of_strided_rec: 1
nr_doubles: 4194304
nr_of_strided_rec: 1
nr_doubles: 4194304
nr_of_strided_rec: 1
nr_doubles: 4194304
nr_of_strided_rec: 1
nr_doubles: 4194304
nr_of_strided_rec: 1
nr_doubles: 4194304
nr_of_strided_rec: 1
nr_doubles: 4194304
nr_of_strided_rec: 1
nr_doubles: 4194304
nr_of_strided_rec: 1
nr_doubles: 4194304
nr_of_strided_rec: 1
nr_doubles: 4194304
nr_of_strided_rec: 1
nr_doubles: 4194304
nr_of_strided_rec: 1
nr_doubles: 4194304

Write the data to file:33554432 bytes
***********WAITING************

Write the data to file:33554432 bytes
***********WAITING************

Write the data to file:33554432 bytes
***********WAITING************

Write the data to file:33554432 bytes
***********WAITING************

Write the data to file:33554432 bytes
***********WAITING************

Write the data to file:33554432 bytes
***********WAITING************

Write the data to file:33554432 bytes
***********WAITING************

Write the data to file:33554432 bytes
***********WAITING************

Write the data to file:33554432 bytes
***********WAITING************

Write the data to file:33554432 bytes
***********WAITING************

Write the data to file:33554432 bytes
***********WAITING************

Write the data to file:33554432 bytes
***********WAITING************

Write the data to file:33554432 bytes
***********WAITING************

Write the data to file:33554432 bytes
***********WAITING************

Write the data to file:33554432 bytes
***********WAITING************

Write the data to file:33554432 bytes
***********WAITING************
nr_of_strided_rec: 1
nr_doubles: 4194304
nr_of_strided_rec: 1
nr_doubles: 4194304
nr_of_strided_rec: 1
nr_doubles: 4194304
nr_of_strided_rec: 1
nr_doubles: 4194304
nr_of_strided_rec: 1
nr_doubles: 4194304
nr_of_strided_rec: 1
nr_doubles: 4194304
nr_of_strided_rec: 1
nr_doubles: 4194304
nr_of_strided_rec: 1
nr_doubles: 4194304
nr_of_strided_rec: 1
nr_doubles: 4194304
nr_of_strided_rec: 1
nr_doubles: 4194304
nr_of_strided_rec: 1
nr_doubles: 4194304
nr_of_strided_rec: 1
nr_doubles: 4194304
nr_of_strided_rec: 1
nr_doubles: 4194304
nr_of_strided_rec: 1
nr_doubles: 4194304
nr_of_strided_rec: 1
nr_doubles: 4194304
nr_of_strided_rec: 1
nr_doubles: 4194304

Write the data to file:33554432 bytes
***********WAITING************

Write the data to file:33554432 bytes
***********WAITING************

Write the data to file:33554432 bytes
***********WAITING************

Write the data to file:33554432 bytes
***********WAITING************

Write the data to file:33554432 bytes
***********WAITING************

Write the data to file:33554432 bytes
***********WAITING************

Write the data to file:33554432 bytes
***********WAITING************

Write the data to file:33554432 bytes
***********WAITING************

Write the data to file:33554432 bytes
***********WAITING************

Write the data to file:33554432 bytes
***********WAITING************

Write the data to file:33554432 bytes
***********WAITING************

Write the data to file:33554432 bytes
***********WAITING************

Write the data to file:33554432 bytes
***********WAITING************

Write the data to file:33554432 bytes
***********WAITING************

Write the data to file:33554432 bytes
***********WAITING************

Write the data to file:33554432 bytes
***********WAITING************
nr_of_strided_rec: 1
nr_doubles: 4194304
nr_of_strided_rec: 1
nr_doubles: 4194304
nr_of_strided_rec: 1
nr_doubles: 4194304
nr_of_strided_rec: 1
nr_doubles: 4194304
nr_of_strided_rec: 1
nr_doubles: 4194304
nr_of_strided_rec: 1
nr_doubles: 4194304
nr_of_strided_rec: 1
nr_doubles: 4194304
nr_of_strided_rec: 1
nr_doubles: 4194304
nr_of_strided_rec: 1
nr_doubles: 4194304
nr_of_strided_rec: 1
nr_doubles: 4194304
nr_of_strided_rec: 1
nr_doubles: 4194304
nr_of_strided_rec: 1
nr_doubles: 4194304
nr_of_strided_rec: 1
nr_doubles: 4194304
nr_of_strided_rec: 1
nr_doubles: 4194304
nr_of_strided_rec: 1
nr_doubles: 4194304
nr_of_strided_rec: 1
nr_doubles: 4194304

Write the data to file:33554432 bytes
***********WAITING************

Write the data to file:33554432 bytes
***********WAITING************

Write the data to file:33554432 bytes
***********WAITING************

Write the data to file:33554432 bytes
***********WAITING************

Write the data to file:33554432 bytes
***********WAITING************

Write the data to file:33554432 bytes
***********WAITING************

Write the data to file:33554432 bytes
***********WAITING************

Write the data to file:33554432 bytes
***********WAITING************

Write the data to file:33554432 bytes
***********WAITING************

Write the data to file:33554432 bytes
***********WAITING************

Write the data to file:33554432 bytes
***********WAITING************

Write the data to file:33554432 bytes
***********WAITING************

Write the data to file:33554432 bytes
***********WAITING************

Write the data to file:33554432 bytes
***********WAITING************

Write the data to file:33554432 bytes
***********WAITING************

Write the data to file:33554432 bytes
***********WAITING************
nr_of_strided_rec: 1
nr_doubles: 4194304
nr_of_strided_rec: 1
nr_doubles: 4194304
nr_of_strided_rec: 1
nr_doubles: 4194304
nr_of_strided_rec: 1
nr_doubles: 4194304
nr_of_strided_rec: 1
nr_doubles: 4194304
nr_of_strided_rec: 1
nr_doubles: 4194304
nr_of_strided_rec: 1
nr_doubles: 4194304
nr_of_strided_rec: 1
nr_doubles: 4194304
nr_of_strided_rec: 1
nr_doubles: 4194304
nr_of_strided_rec: 1
nr_doubles: 4194304
nr_of_strided_rec: 1
nr_doubles: 4194304
nr_of_strided_rec: 1
nr_doubles: 4194304
nr_of_strided_rec: 1
nr_doubles: 4194304
nr_of_strided_rec: 1
nr_doubles: 4194304
nr_of_strided_rec: 1
nr_doubles: 4194304
nr_of_strided_rec: 1
nr_doubles: 4194304

Write the data to file:33554432 bytes
***********WAITING************

Write the data to file:33554432 bytes
***********WAITING************

Write the data to file:33554432 bytes
***********WAITING************

Write the data to file:33554432 bytes
***********WAITING************

Write the data to file:33554432 bytes
***********WAITING************

Write the data to file:33554432 bytes
***********WAITING************

Write the data to file:33554432 bytes
***********WAITING************

Write the data to file:33554432 bytes
***********WAITING************

Write the data to file:33554432 bytes
***********WAITING************

Write the data to file:33554432 bytes
***********WAITING************

Write the data to file:33554432 bytes
***********WAITING************

Write the data to file:33554432 bytes
***********WAITING************

Write the data to file:33554432 bytes
***********WAITING************

Write the data to file:33554432 bytes
***********WAITING************

Write the data to file:33554432 bytes
***********WAITING************

Write the data to file:33554432 bytes
***********WAITING************
nr_of_strided_rec: 1
nr_doubles: 4194304
nr_of_strided_rec: 1
nr_doubles: 4194304
nr_of_strided_rec: 1
nr_doubles: 4194304
nr_of_strided_rec: 1
nr_doubles: 4194304
nr_of_strided_rec: 1
nr_doubles: 4194304
nr_of_strided_rec: 1
nr_doubles: 4194304
nr_of_strided_rec: 1
nr_doubles: 4194304
nr_of_strided_rec: 1
nr_doubles: 4194304
nr_of_strided_rec: 1
nr_doubles: 4194304
nr_of_strided_rec: 1
nr_doubles: 4194304
nr_of_strided_rec: 1
nr_doubles: 4194304
nr_of_strided_rec: 1
nr_doubles: 4194304
nr_of_strided_rec: 1
nr_doubles: 4194304
nr_of_strided_rec: 1
nr_doubles: 4194304
nr_of_strided_rec: 1
nr_doubles: 4194304
nr_of_strided_rec: 1
nr_doubles: 4194304

Write the data to file:33554432 bytes
***********WAITING************

Write the data to file:33554432 bytes
***********WAITING************

Write the data to file:33554432 bytes
***********WAITING************

Write the data to file:33554432 bytes
***********WAITING************

Write the data to file:33554432 bytes
***********WAITING************

Write the data to file:33554432 bytes
***********WAITING************

Write the data to file:33554432 bytes
***********WAITING************

Write the data to file:33554432 bytes
***********WAITING************

Write the data to file:33554432 bytes
***********WAITING************

Write the data to file:33554432 bytes
***********WAITING************

Write the data to file:33554432 bytes
***********WAITING************

Write the data to file:33554432 bytes
***********WAITING************

Write the data to file:33554432 bytes
***********WAITING************

Write the data to file:33554432 bytes
***********WAITING************

Write the data to file:33554432 bytes
***********WAITING************

Write the data to file:33554432 bytes
***********WAITING************
nr_of_strided_rec: 1
nr_doubles: 4194304
nr_of_strided_rec: 1
nr_doubles: 4194304
nr_of_strided_rec: 1
nr_doubles: 4194304
nr_of_strided_rec: 1
nr_doubles: 4194304
nr_of_strided_rec: 1
nr_doubles: 4194304
nr_of_strided_rec: 1
nr_doubles: 4194304
nr_of_strided_rec: 1
nr_doubles: 4194304
nr_of_strided_rec: 1
nr_doubles: 4194304
nr_of_strided_rec: 1
nr_doubles: 4194304
nr_of_strided_rec: 1
nr_doubles: 4194304
nr_of_strided_rec: 1
nr_doubles: 4194304
nr_of_strided_rec: 1
nr_doubles: 4194304
nr_of_strided_rec: 1
nr_doubles: 4194304
nr_of_strided_rec: 1
nr_doubles: 4194304
nr_of_strided_rec: 1
nr_doubles: 4194304
nr_of_strided_rec: 1
nr_doubles: 4194304

Write the data to file:33554432 bytes
***********WAITING************

Write the data to file:33554432 bytes
***********WAITING************

Write the data to file:33554432 bytes
***********WAITING************

Write the data to file:33554432 bytes
***********WAITING************

Write the data to file:33554432 bytes
***********WAITING************

Write the data to file:33554432 bytes
***********WAITING************

Write the data to file:33554432 bytes
***********WAITING************

Write the data to file:33554432 bytes
***********WAITING************

Write the data to file:33554432 bytes
***********WAITING************

Write the data to file:33554432 bytes
***********WAITING************

Write the data to file:33554432 bytes
***********WAITING************

Write the data to file:33554432 bytes
***********WAITING************

Write the data to file:33554432 bytes
***********WAITING************

Write the data to file:33554432 bytes
***********WAITING************

Write the data to file:33554432 bytes
***********WAITING************

Write the data to file:33554432 bytes
***********WAITING************
nr_of_strided_rec: 1
nr_doubles: 4194304
nr_of_strided_rec: 1
nr_doubles: 4194304
nr_of_strided_rec: 1
nr_doubles: 4194304
nr_of_strided_rec: 1
nr_doubles: 4194304
nr_of_strided_rec: 1
nr_doubles: 4194304
nr_of_strided_rec: 1
nr_doubles: 4194304
nr_of_strided_rec: 1
nr_doubles: 4194304
nr_of_strided_rec: 1
nr_doubles: 4194304
nr_of_strided_rec: 1
nr_doubles: 4194304
nr_of_strided_rec: 1
nr_doubles: 4194304
nr_of_strided_rec: 1
nr_doubles: 4194304
nr_of_strided_rec: 1
nr_doubles: 4194304
nr_of_strided_rec: 1
nr_doubles: 4194304
nr_of_strided_rec: 1
nr_doubles: 4194304
nr_of_strided_rec: 1
nr_doubles: 4194304
nr_of_strided_rec: 1
nr_doubles: 4194304

Write the data to file:33554432 bytes
***********WAITING************

Write the data to file:33554432 bytes
***********WAITING************

Write the data to file:33554432 bytes
***********WAITING************

Write the data to file:33554432 bytes
***********WAITING************

Write the data to file:33554432 bytes
***********WAITING************

Write the data to file:33554432 bytes
***********WAITING************

Write the data to file:33554432 bytes
***********WAITING************

Write the data to file:33554432 bytes
***********WAITING************

Write the data to file:33554432 bytes
***********WAITING************

Write the data to file:33554432 bytes
***********WAITING************

Write the data to file:33554432 bytes
***********WAITING************

Write the data to file:33554432 bytes
***********WAITING************

Write the data to file:33554432 bytes
***********WAITING************

Write the data to file:33554432 bytes
***********WAITING************

Write the data to file:33554432 bytes
***********WAITING************

Write the data to file:33554432 bytes
***********WAITING************

Write the data to file:33554432 bytes
***********WAITING************

Write the data to file:33554432 bytes
***********WAITING************

Write the data to file:33554432 bytes
***********WAITING************

Write the data to file:33554432 bytes
***********WAITING************

Write the data to file:33554432 bytes
***********WAITING************

Write the data to file:33554432 bytes
***********WAITING************

Write the data to file:33554432 bytes
***********WAITING************

Write the data to file:33554432 bytes
***********WAITING************

Write the data to file:33554432 bytes
***********WAITING************

Write the data to file:33554432 bytes
***********WAITING************

Write the data to file:33554432 bytes
***********WAITING************

Write the data to file:33554432 bytes
***********WAITING************

Write the data to file:33554432 bytes
***********WAITING************

Write the data to file:33554432 bytes
***********WAITING************

Write the data to file:33554432 bytes
***********WAITING************

Write the data to file:33554432 bytes
***********WAITING************
W_cc         1.80   [      1.80:      1.80]
W_r         38.58   [     38.58:     38.58]
W_w         32.42   [     32.42:     32.42]
          -------
W_total     72.79   [     72.79:     72.79]

calc_W done
calc_W done
calc_W done
calc_W done
calc_W done
calc_W done
calc_W done
calc_W done
calc_W done
calc_W done
nr_of_strided_rec: 1
nr_doubles: 4194304
calc_W done
nr_of_strided_rec: 1
nr_doubles: 4194304
calc_W done
nr_of_strided_rec: 1
nr_doubles: 4194304
calc_W done
nr_of_strided_rec: 1
nr_doubles: 4194304
calc_W done
nr_of_strided_rec: 1
nr_doubles: 4194304
calc_W done
nr_of_strided_rec: 1
nr_doubles: 4194304
calc_W done
nr_of_strided_rec: 1
nr_doubles: 4194304
nr_of_strided_rec: 1
nr_doubles: 4194304
nr_of_strided_rec: 1
nr_doubles: 4194304
nr_of_strided_rec: 1
nr_doubles: 4194304
nr_of_strided_rec: 1
nr_doubles: 4194304
nr_of_strided_rec: 1
nr_doubles: 4194304
nr_of_strided_rec: 1
nr_doubles: 4194304
nr_of_strided_rec: 1
nr_doubles: 4194304
nr_of_strided_rec: 1
nr_doubles: 4194304
nr_of_strided_rec: 1
nr_doubles: 4194304
nr_of_strided_rec: 1
nr_doubles: 4194304
nr_of_strided_rec: 1
nr_doubles: 4194304
nr_of_strided_rec: 1
nr_doubles: 4194304
nr_of_strided_rec: 1
nr_doubles: 4194304
nr_of_strided_rec: 1
nr_doubles: 4194304
nr_of_strided_rec: 1
nr_doubles: 4194304
nr_of_strided_rec: 1
nr_doubles: 4194304
nr_of_strided_rec: 1
nr_doubles: 4194304
nr_of_strided_rec: 1
nr_doubles: 4194304
nr_of_strided_rec: 1
nr_doubles: 4194304
nr_of_strided_rec: 1
nr_doubles: 4194304
nr_of_strided_rec: 1
nr_doubles: 4194304
nr_of_strided_rec: 1
nr_doubles: 4194304
nr_of_strided_rec: 1
nr_doubles: 4194304
nr_of_strided_rec: 1
nr_doubles: 4194304
nr_of_strided_rec: 1
nr_doubles: 4194304
nr_of_strided_rec: 1
nr_doubles: 4194304
nr_of_strided_rec: 1
nr_doubles: 4194304
nr_of_strided_rec: 1
nr_doubles: 4194304
nr_of_strided_rec: 1
nr_doubles: 4194304
nr_of_strided_rec: 1
nr_doubles: 4194304
nr_of_strided_rec: 1
nr_doubles: 4194304
nr_of_strided_rec: 1
nr_doubles: 4194304
nr_of_strided_rec: 1
nr_doubles: 4194304
nr_of_strided_rec: 1
nr_doubles: 4194304
nr_of_strided_rec: 1
nr_doubles: 4194304
nr_of_strided_rec: 1
nr_doubles: 4194304
nr_of_strided_rec: 1
nr_doubles: 4194304
nr_of_strided_rec: 1
nr_doubles: 4194304
nr_of_strided_rec: 1
nr_doubles: 4194304
nr_of_strided_rec: 1
nr_doubles: 4194304
nr_of_strided_rec: 1
nr_doubles: 4194304
nr_of_strided_rec: 1
nr_doubles: 4194304
nr_of_strided_rec: 1
nr_doubles: 4194304
nr_of_strided_rec: 1
nr_doubles: 4194304
nr_of_strided_rec: 1
nr_doubles: 4194304
nr_of_strided_rec: 1
nr_doubles: 4194304
nr_of_strided_rec: 1
nr_doubles: 4194304
nr_of_strided_rec: 1
nr_doubles: 4194304
nr_of_strided_rec: 1
nr_doubles: 4194304
nr_of_strided_rec: 1
nr_doubles: 4194304
nr_of_strided_rec: 1
nr_doubles: 4194304
nr_of_strided_rec: 1
nr_doubles: 4194304
nr_of_strided_rec: 1
nr_doubles: 4194304
nr_of_strided_rec: 1
nr_doubles: 4194304
nr_of_strided_rec: 1
nr_doubles: 4194304
nr_of_strided_rec: 1
nr_doubles: 4194304
nr_of_strided_rec: 1
nr_doubles: 4194304
nr_of_strided_rec: 1
nr_doubles: 4194304
nr_of_strided_rec: 1
nr_doubles: 4194304
nr_of_strided_rec: 1
nr_doubles: 4194304
nr_of_strided_rec: 1
nr_doubles: 4194304
nr_of_strided_rec: 1
nr_doubles: 4194304
nr_of_strided_rec: 1
nr_doubles: 4194304
nr_of_strided_rec: 1
nr_doubles: 4194304
nr_of_strided_rec: 1
nr_doubles: 4194304
nr_of_strided_rec: 1
nr_doubles: 4194304
nr_of_strided_rec: 1
nr_doubles: 4194304
nr_of_strided_rec: 1
nr_doubles: 4194304
nr_of_strided_rec: 1
nr_doubles: 4194304
nr_of_strided_rec: 1
nr_doubles: 4194304
nr_of_strided_rec: 1
nr_doubles: 4194304
nr_of_strided_rec: 1
nr_doubles: 4194304
nr_of_strided_rec: 1
nr_doubles: 4194304
nr_of_strided_rec: 1
nr_doubles: 4194304
nr_of_strided_rec: 1
nr_doubles: 4194304
nr_of_strided_rec: 1
nr_doubles: 4194304
nr_of_strided_rec: 1
nr_doubles: 4194304
nr_of_strided_rec: 1
nr_doubles: 4194304
nr_of_strided_rec: 1
nr_doubles: 4194304
nr_of_strided_rec: 1
nr_doubles: 4194304
nr_of_strided_rec: 1
nr_doubles: 4194304
nr_of_strided_rec: 1
nr_doubles: 4194304
nr_of_strided_rec: 1
nr_doubles: 4194304
nr_of_strided_rec: 1
nr_doubles: 4194304
nr_of_strided_rec: 1
nr_doubles: 4194304
nr_of_strided_rec: 1
nr_doubles: 4194304
nr_of_strided_rec: 1
nr_doubles: 4194304
nr_of_strided_rec: 1
nr_doubles: 4194304
nr_of_strided_rec: 1
nr_doubles: 4194304
nr_of_strided_rec: 1
nr_doubles: 4194304
nr_of_strided_rec: 1
nr_doubles: 4194304
nr_of_strided_rec: 1
nr_doubles: 4194304
nr_of_strided_rec: 1
nr_doubles: 4194304
nr_of_strided_rec: 1
nr_doubles: 4194304
nr_of_strided_rec: 1
nr_doubles: 4194304
nr_of_strided_rec: 1
nr_doubles: 4194304
nr_of_strided_rec: 1
nr_doubles: 4194304
nr_of_strided_rec: 1
nr_doubles: 4194304
nr_of_strided_rec: 1
nr_doubles: 4194304
nr_of_strided_rec: 1
nr_doubles: 4194304
nr_of_strided_rec: 1
nr_doubles: 4194304
nr_of_strided_rec: 1
nr_doubles: 4194304
nr_of_strided_rec: 1
nr_doubles: 4194304
nr_of_strided_rec: 1
nr_doubles: 4194304
nr_of_strided_rec: 1
nr_doubles: 4194304
nr_of_strided_rec: 1
nr_doubles: 4194304
nr_of_strided_rec: 1
nr_doubles: 4194304
nr_of_strided_rec: 1
nr_doubles: 4194304
nr_of_strided_rec: 1
nr_doubles: 4194304
nr_of_strided_rec: 1
nr_doubles: 4194304
nr_of_strided_rec: 1
nr_doubles: 4194304
nr_of_strided_rec: 1
nr_doubles: 4194304
nr_of_strided_rec: 1
nr_doubles: 4194304
nr_of_strided_rec: 1
nr_doubles: 4194304
nr_of_strided_rec: 1
nr_doubles: 4194304
nr_of_strided_rec: 1
nr_doubles: 4194304
nr_of_strided_rec: 1
nr_doubles: 4194304
nr_of_strided_rec: 1
nr_doubles: 4194304
nr_of_strided_rec: 1
nr_doubles: 4194304
nr_of_strided_rec: 1
nr_doubles: 4194304
nr_of_strided_rec: 1
nr_doubles: 4194304
nr_of_strided_rec: 1
nr_doubles: 4194304
nr_of_strided_rec: 1
nr_doubles: 4194304
nr_of_strided_rec: 1
nr_doubles: 4194304
nr_of_strided_rec: 1
nr_doubles: 4194304
nr_of_strided_rec: 1
nr_doubles: 4194304
nr_of_strided_rec: 1
nr_doubles: 4194304
nr_of_strided_rec: 1
nr_doubles: 4194304
nr_of_strided_rec: 1
nr_doubles: 4194304
nr_of_strided_rec: 1
nr_doubles: 4194304
nr_of_strided_rec: 1
nr_doubles: 4194304
nr_of_strided_rec: 1
nr_doubles: 4194304
nr_of_strided_rec: 1
nr_doubles: 4194304
nr_of_strided_rec: 1
nr_doubles: 4194304
nr_of_strided_rec: 1
nr_doubles: 4194304
nr_of_strided_rec: 1
nr_doubles: 4194304
nr_of_strided_rec: 1
nr_doubles: 4194304
nr_of_strided_rec: 1
nr_doubles: 4194304
nr_of_strided_rec: 1
nr_doubles: 4194304
nr_of_strided_rec: 1
nr_doubles: 4194304
nr_of_strided_rec: 1
nr_doubles: 4194304
nr_of_strided_rec: 1
nr_doubles: 4194304
nr_of_strided_rec: 1
nr_doubles: 4194304
nr_of_strided_rec: 1
nr_doubles: 4194304
nr_of_strided_rec: 1
nr_doubles: 4194304
nr_of_strided_rec: 1
nr_doubles: 4194304
nr_of_strided_rec: 1
nr_doubles: 4194304
nr_of_strided_rec: 1
nr_doubles: 4194304
nr_of_strided_rec: 1
nr_doubles: 4194304
nr_of_strided_rec: 1
nr_doubles: 4194304
nr_of_strided_rec: 1
nr_doubles: 4194304
nr_of_strided_rec: 1
nr_doubles: 4194304
nr_of_strided_rec: 1
nr_doubles: 4194304
nr_of_strided_rec: 1
nr_doubles: 4194304
nr_of_strided_rec: 1
nr_doubles: 4194304
nr_of_strided_rec: 1
nr_doubles: 4194304
nr_of_strided_rec: 1
nr_doubles: 4194304
nr_of_strided_rec: 1
nr_doubles: 4194304
nr_of_strided_rec: 1
nr_doubles: 4194304
nr_of_strided_rec: 1
nr_doubles: 4194304
nr_of_strided_rec: 1
nr_doubles: 4194304
nr_of_strided_rec: 1
nr_doubles: 4194304
nr_of_strided_rec: 1
nr_doubles: 4194304
nr_of_strided_rec: 1
nr_doubles: 4194304
nr_of_strided_rec: 1
nr_doubles: 4194304
nr_of_strided_rec: 1
nr_doubles: 4194304
nr_of_strided_rec: 1
nr_doubles: 4194304
nr_of_strided_rec: 1
nr_doubles: 4194304
nr_of_strided_rec: 1
nr_doubles: 4194304
nr_of_strided_rec: 1
nr_doubles: 4194304
nr_of_strided_rec: 1
nr_doubles: 4194304
nr_of_strided_rec: 1
nr_doubles: 4194304
nr_of_strided_rec: 1
nr_doubles: 4194304
nr_of_strided_rec: 1
nr_doubles: 4194304
nr_of_strided_rec: 1
nr_doubles: 4194304
nr_of_strided_rec: 1
nr_doubles: 4194304
nr_of_strided_rec: 1
nr_doubles: 4194304
nr_of_strided_rec: 1
nr_doubles: 4194304
nr_of_strided_rec: 1
nr_doubles: 4194304
nr_of_strided_rec: 1
nr_doubles: 4194304
nr_of_strided_rec: 1
nr_doubles: 4194304
nr_of_strided_rec: 1
nr_doubles: 4194304
nr_of_strided_rec: 1
nr_doubles: 4194304
nr_of_strided_rec: 1
nr_doubles: 4194304
nr_of_strided_rec: 1
nr_doubles: 4194304
nr_of_strided_rec: 1
nr_doubles: 4194304
nr_of_strided_rec: 1
nr_doubles: 4194304
nr_of_strided_rec: 1
nr_doubles: 4194304
nr_of_strided_rec: 1
nr_doubles: 4194304
nr_of_strided_rec: 1
nr_doubles: 4194304
nr_of_strided_rec: 1
nr_doubles: 4194304
nr_of_strided_rec: 1
nr_doubles: 4194304
nr_of_strided_rec: 1
nr_doubles: 4194304
nr_of_strided_rec: 1
nr_doubles: 4194304
nr_of_strided_rec: 1
nr_doubles: 4194304
nr_of_strided_rec: 1
nr_doubles: 4194304
nr_of_strided_rec: 1
nr_doubles: 4194304
nr_of_strided_rec: 1
nr_doubles: 4194304
nr_of_strided_rec: 1
nr_doubles: 4194304
nr_of_strided_rec: 1
nr_doubles: 4194304
nr_of_strided_rec: 1
nr_doubles: 4194304
nr_of_strided_rec: 1
nr_doubles: 4194304
nr_of_strided_rec: 1
nr_doubles: 4194304
nr_of_strided_rec: 1
nr_doubles: 4194304
nr_of_strided_rec: 1
nr_doubles: 4194304
nr_of_strided_rec: 1
nr_doubles: 4194304
nr_of_strided_rec: 1
nr_doubles: 4194304
nr_of_strided_rec: 1
nr_doubles: 4194304
nr_of_strided_rec: 1
nr_doubles: 4194304
nr_of_strided_rec: 1
nr_doubles: 4194304
nr_of_strided_rec: 1
nr_doubles: 4194304
nr_of_strided_rec: 1
nr_doubles: 4194304
nr_of_strided_rec: 1
nr_doubles: 4194304
nr_of_strided_rec: 1
nr_doubles: 4194304
nr_of_strided_rec: 1
nr_doubles: 4194304
nr_of_strided_rec: 1
nr_doubles: 4194304
nr_of_strided_rec: 1
nr_doubles: 4194304
nr_of_strided_rec: 1
nr_doubles: 4194304
nr_of_strided_rec: 1
nr_doubles: 4194304
nr_of_strided_rec: 1
nr_doubles: 4194304
nr_of_strided_rec: 1
nr_doubles: 4194304
nr_of_strided_rec: 1
nr_doubles: 4194304
nr_of_strided_rec: 1
nr_doubles: 4194304
nr_of_strided_rec: 1
nr_doubles: 4194304
nr_of_strided_rec: 1
nr_doubles: 4194304
nr_of_strided_rec: 1
nr_doubles: 4194304
nr_of_strided_rec: 1
nr_doubles: 4194304
nr_of_strided_rec: 1
nr_doubles: 4194304
nr_of_strided_rec: 1
nr_doubles: 4194304
nr_of_strided_rec: 1
nr_doubles: 4194304
nr_of_strided_rec: 1
nr_doubles: 4194304
nr_of_strided_rec: 1
nr_doubles: 4194304
nr_of_strided_rec: 1
nr_doubles: 4194304
nr_of_strided_rec: 1
nr_doubles: 4194304
nr_of_strided_rec: 1
nr_doubles: 4194304
nr_of_strided_rec: 1
nr_doubles: 4194304
nr_of_strided_rec: 1
nr_doubles: 4194304
nr_of_strided_rec: 1
nr_doubles: 4194304
nr_of_strided_rec: 1
nr_doubles: 4194304
nr_of_strided_rec: 1
nr_doubles: 4194304
nr_of_strided_rec: 1
nr_doubles: 4194304
nr_of_strided_rec: 1
nr_doubles: 4194304
nr_of_strided_rec: 1
nr_doubles: 4194304
nr_of_strided_rec: 1
nr_doubles: 4194304
nr_of_strided_rec: 1
