fclose PID:28191 fd:3
fclose PID:28191 fd:4
fclose PID:28191 fd:4
fclose PID:28191 fd:3
available: 2 nodes (0-1)
fclose PID:28191 fd:3
node 0 cpus:fclose PID:28191 fd:3
 0 1 2 3 4 5 6 7 8 9 20 21 22 23 24 25 26 27 28 29
node 0 size: 80440 MB
node 0 free: 80124 MB
fclose PID:28191 fd:3
node 1 cpus:fclose PID:28191 fd:3
 10 11 12 13 14 15 16 17 18 19 30 31 32 33 34 35 36 37 38 39
node 1 size: 80635 MB
node 1 free: 80376 MB
fclose PID:28191 fd:3
fclose PID:28191 fd:3
node distances:
node   0   1 
  0:  10  21 
  1:  21  10 
READAHEAD_TIME:0.000000 us
MaxRSS= 2220 KB, SharedMem= 0 KB, HardPageFault= 10
fclose PID:28199 fd:8
fclose PID:28198 fd:8
fclose PID:28196 fd:12
fclose PID:28197 fd:10

MADbench 2.0 IO-mode
no_pe = 4  no_pix = 4096  no_bin = 30  no_gang = 1 sblocksize = 8  fblocksize = 64  r_mod = 1  w_mod = 1 record_size=131072 stride=7


IOMETHOD = POSIX  IOMODE = SYNC  FILETYPE = UNIQUE  REMAP = CUSTOMbuild_S
build_S
build_S
build_S

Write the data to file:33554432 bytes
***********WAITING************

Write the data to file:33554432 bytes
***********WAITING************

Write the data to file:33554432 bytes
***********WAITING************

Write the data to file:33554432 bytes
***********WAITING************

Write the data to file:33554432 bytes
***********WAITING************

Write the data to file:33554432 bytes
***********WAITING************

Write the data to file:33554432 bytes
***********WAITING************

Write the data to file:33554432 bytes
***********WAITING************

Write the data to file:33554432 bytes
***********WAITING************

Write the data to file:33554432 bytes
***********WAITING************

Write the data to file:33554432 bytes
***********WAITING************

Write the data to file:33554432 bytes
***********WAITING************

Write the data to file:33554432 bytes
***********WAITING************

Write the data to file:33554432 bytes
***********WAITING************

Write the data to file:33554432 bytes
***********WAITING************

Write the data to file:33554432 bytes
***********WAITING************

Write the data to file:33554432 bytes
***********WAITING************

Write the data to file:33554432 bytes
***********WAITING************

Write the data to file:33554432 bytes
***********WAITING************

Write the data to file:33554432 bytes
***********WAITING************

Write the data to file:33554432 bytes
***********WAITING************

Write the data to file:33554432 bytes
***********WAITING************

Write the data to file:33554432 bytes
***********WAITING************

Write the data to file:33554432 bytes
***********WAITING************

Write the data to file:33554432 bytes
***********WAITING************

Write the data to file:33554432 bytes
***********WAITING************

Write the data to file:33554432 bytes
***********WAITING************

Write the data to file:33554432 bytes
***********WAITING************

Write the data to file:33554432 bytes
***********WAITING************

Write the data to file:33554432 bytes
***********WAITING************

Write the data to file:33554432 bytes
***********WAITING************

Write the data to file:33554432 bytes
***********WAITING************

Write the data to file:33554432 bytes
***********WAITING************

Write the data to file:33554432 bytes
***********WAITING************

Write the data to file:33554432 bytes
***********WAITING************

Write the data to file:33554432 bytes
***********WAITING************

Write the data to file:33554432 bytes
***********WAITING************

Write the data to file:33554432 bytes
***********WAITING************

Write the data to file:33554432 bytes
***********WAITING************

Write the data to file:33554432 bytes
***********WAITING************

Write the data to file:33554432 bytes
***********WAITING************

Write the data to file:33554432 bytes
***********WAITING************

Write the data to file:33554432 bytes
***********WAITING************

Write the data to file:33554432 bytes
***********WAITING************

Write the data to file:33554432 bytes
***********WAITING************

Write the data to file:33554432 bytes
***********WAITING************

Write the data to file:33554432 bytes
***********WAITING************

Write the data to file:33554432 bytes
***********WAITING************

Write the data to file:33554432 bytes
***********WAITING************

Write the data to file:33554432 bytes
***********WAITING************

Write the data to file:33554432 bytes
***********WAITING************

Write the data to file:33554432 bytes
***********WAITING************

Write the data to file:33554432 bytes
***********WAITING************

Write the data to file:33554432 bytes
***********WAITING************

Write the data to file:33554432 bytes
***********WAITING************

Write the data to file:33554432 bytes
***********WAITING************

Write the data to file:33554432 bytes
***********WAITING************

Write the data to file:33554432 bytes
***********WAITING************

Write the data to file:33554432 bytes
***********WAITING************

Write the data to file:33554432 bytes
***********WAITING************

Write the data to file:33554432 bytes
***********WAITING************

Write the data to file:33554432 bytes
***********WAITING************

Write the data to file:33554432 bytes
***********WAITING************

Write the data to file:33554432 bytes
***********WAITING************

Write the data to file:33554432 bytes
***********WAITING************

Write the data to file:33554432 bytes
***********WAITING************

Write the data to file:33554432 bytes
***********WAITING************

Write the data to file:33554432 bytes
***********WAITING************

Write the data to file:33554432 bytes
***********WAITING************

Write the data to file:33554432 bytes
***********WAITING************

Write the data to file:33554432 bytes
***********WAITING************

Write the data to file:33554432 bytes
***********WAITING************

Write the data to file:33554432 bytes
***********WAITING************

Write the data to file:33554432 bytes
***********WAITING************

Write the data to file:33554432 bytes
***********WAITING************

Write the data to file:33554432 bytes
***********WAITING************

Write the data to file:33554432 bytes
***********WAITING************

Write the data to file:33554432 bytes
***********WAITING************

Write the data to file:33554432 bytes
***********WAITING************

Write the data to file:33554432 bytes
***********WAITING************

Write the data to file:33554432 bytes
***********WAITING************

Write the data to file:33554432 bytes
***********WAITING************

Write the data to file:33554432 bytes
***********WAITING************

Write the data to file:33554432 bytes
***********WAITING************

Write the data to file:33554432 bytes
***********WAITING************

Write the data to file:33554432 bytes
***********WAITING************

Write the data to file:33554432 bytes
***********WAITING************

Write the data to file:33554432 bytes
***********WAITING************

Write the data to file:33554432 bytes
***********WAITING************

Write the data to file:33554432 bytes
***********WAITING************

Write the data to file:33554432 bytes
***********WAITING************

Write the data to file:33554432 bytes
***********WAITING************

Write the data to file:33554432 bytes
***********WAITING************

Write the data to file:33554432 bytes
***********WAITING************

Write the data to file:33554432 bytes
***********WAITING************

Write the data to file:33554432 bytes
***********WAITING************

Write the data to file:33554432 bytes
***********WAITING************

Write the data to file:33554432 bytes
***********WAITING************

Write the data to file:33554432 bytes
***********WAITING************

Write the data to file:33554432 bytes
***********WAITING************

Write the data to file:33554432 bytes
***********WAITING************

Write the data to file:33554432 bytes
***********WAITING************

Write the data to file:33554432 bytes
***********WAITING************

Write the data to file:33554432 bytes
***********WAITING************

Write the data to file:33554432 bytes
***********WAITING************

Write the data to file:33554432 bytes
***********WAITING************

Write the data to file:33554432 bytes
***********WAITING************

Write the data to file:33554432 bytes
***********WAITING************

Write the data to file:33554432 bytes
***********WAITING************

Write the data to file:33554432 bytes
***********WAITING************

Write the data to file:33554432 bytes
***********WAITING************

Write the data to file:33554432 bytes
***********WAITING************

Write the data to file:33554432 bytes
***********WAITING************

Write the data to file:33554432 bytes
***********WAITING************

Write the data to file:33554432 bytes
***********WAITING************

Write the data to file:33554432 bytes
***********WAITING************

Write the data to file:33554432 bytes
***********WAITING************

Write the data to file:33554432 bytes
***********WAITING************

Write the data to file:33554432 bytes
***********WAITING************

Write the data to file:33554432 bytes
***********WAITING************
S_cc         0.45   [      0.45:      0.45]
S_bw         0.18   [      0.18:      0.18]
S_w          7.24   [      7.24:      7.24]
          -------
S_total      7.87   [      7.87:      7.87]

build_S done
calc_W
build_S done
calc_W
nr_of_strided_rec: 32
nr_doubles: 16384
build_S done
calc_W
nr_of_strided_rec: 32
nr_doubles: 16384
build_S done
calc_W
nr_of_strided_rec: 32
nr_doubles: 16384
nr_of_strided_rec: 32
nr_doubles: 16384
nr_of_strided_rec: 32
nr_doubles: 16384
nr_of_strided_rec: 32
nr_doubles: 16384
nr_of_strided_rec: 32
nr_doubles: 16384
nr_of_strided_rec: 32
nr_doubles: 16384

Write the data to file:33554432 bytes
***********WAITING************

Write the data to file:33554432 bytes
***********WAITING************

Write the data to file:33554432 bytes
***********WAITING************

Write the data to file:33554432 bytes
***********WAITING************
nr_of_strided_rec: 32
nr_doubles: 16384
nr_of_strided_rec: 32
nr_doubles: 16384
nr_of_strided_rec: 32
nr_doubles: 16384
nr_of_strided_rec: 32
nr_doubles: 16384

Write the data to file:33554432 bytes
***********WAITING************

Write the data to file:33554432 bytes
***********WAITING************

Write the data to file:33554432 bytes
***********WAITING************

Write the data to file:33554432 bytes
***********WAITING************
nr_of_strided_rec: 32
nr_doubles: 16384
nr_of_strided_rec: 32
nr_doubles: 16384
nr_of_strided_rec: 32
nr_doubles: 16384
nr_of_strided_rec: 32
nr_doubles: 16384

Write the data to file:33554432 bytes
***********WAITING************

Write the data to file:33554432 bytes
***********WAITING************

Write the data to file:33554432 bytes
***********WAITING************

Write the data to file:33554432 bytes
***********WAITING************
nr_of_strided_rec: 32
nr_doubles: 16384
nr_of_strided_rec: 32
nr_doubles: 16384
nr_of_strided_rec: 32
nr_doubles: 16384
nr_of_strided_rec: 32
nr_doubles: 16384

Write the data to file:33554432 bytes
***********WAITING************

Write the data to file:33554432 bytes
***********WAITING************

Write the data to file:33554432 bytes
***********WAITING************

Write the data to file:33554432 bytes
***********WAITING************
nr_of_strided_rec: 32
nr_doubles: 16384
nr_of_strided_rec: 32
nr_doubles: 16384
nr_of_strided_rec: 32
nr_doubles: 16384
nr_of_strided_rec: 32
nr_doubles: 16384

Write the data to file:33554432 bytes
***********WAITING************

Write the data to file:33554432 bytes
***********WAITING************

Write the data to file:33554432 bytes
***********WAITING************

Write the data to file:33554432 bytes
***********WAITING************
nr_of_strided_rec: 32
nr_doubles: 16384
nr_of_strided_rec: 32
nr_doubles: 16384
nr_of_strided_rec: 32
nr_doubles: 16384
nr_of_strided_rec: 32
nr_doubles: 16384

Write the data to file:33554432 bytes
***********WAITING************

Write the data to file:33554432 bytes
***********WAITING************

Write the data to file:33554432 bytes
***********WAITING************

Write the data to file:33554432 bytes
***********WAITING************
nr_of_strided_rec: 32
nr_doubles: 16384
nr_of_strided_rec: 32
nr_doubles: 16384
nr_of_strided_rec: 32
nr_doubles: 16384
nr_of_strided_rec: 32
nr_doubles: 16384

Write the data to file:33554432 bytes
***********WAITING************

Write the data to file:33554432 bytes
***********WAITING************

Write the data to file:33554432 bytes
***********WAITING************

Write the data to file:33554432 bytes
***********WAITING************
nr_of_strided_rec: 32
nr_doubles: 16384
nr_of_strided_rec: 32
nr_doubles: 16384
nr_of_strided_rec: 32
nr_doubles: 16384
nr_of_strided_rec: 32
nr_doubles: 16384

Write the data to file:33554432 bytes
***********WAITING************

Write the data to file:33554432 bytes
***********WAITING************

Write the data to file:33554432 bytes
***********WAITING************

Write the data to file:33554432 bytes
***********WAITING************
nr_of_strided_rec: 32
nr_doubles: 16384
nr_of_strided_rec: 32
nr_doubles: 16384
nr_of_strided_rec: 32
nr_doubles: 16384
nr_of_strided_rec: 32
nr_doubles: 16384

Write the data to file:33554432 bytes
***********WAITING************

Write the data to file:33554432 bytes
***********WAITING************

Write the data to file:33554432 bytes
***********WAITING************

Write the data to file:33554432 bytes
***********WAITING************
nr_of_strided_rec: 32
nr_doubles: 16384
nr_of_strided_rec: 32
nr_doubles: 16384
nr_of_strided_rec: 32
nr_doubles: 16384
nr_of_strided_rec: 32
nr_doubles: 16384

Write the data to file:33554432 bytes
***********WAITING************

Write the data to file:33554432 bytes
***********WAITING************

Write the data to file:33554432 bytes
***********WAITING************

Write the data to file:33554432 bytes
***********WAITING************
nr_of_strided_rec: 32
nr_doubles: 16384
nr_of_strided_rec: 32
nr_doubles: 16384
nr_of_strided_rec: 32
nr_doubles: 16384
nr_of_strided_rec: 32
nr_doubles: 16384

Write the data to file:33554432 bytes
***********WAITING************

Write the data to file:33554432 bytes
***********WAITING************

Write the data to file:33554432 bytes
***********WAITING************

Write the data to file:33554432 bytes
***********WAITING************
nr_of_strided_rec: 32
nr_doubles: 16384
nr_of_strided_rec: 32
nr_doubles: 16384
nr_of_strided_rec: 32
nr_doubles: 16384
nr_of_strided_rec: 32
nr_doubles: 16384

Write the data to file:33554432 bytes
***********WAITING************

Write the data to file:33554432 bytes
***********WAITING************

Write the data to file:33554432 bytes
***********WAITING************

Write the data to file:33554432 bytes
***********WAITING************
nr_of_strided_rec: 32
nr_doubles: 16384
nr_of_strided_rec: 32
nr_doubles: 16384
nr_of_strided_rec: 32
nr_doubles: 16384
nr_of_strided_rec: 32
nr_doubles: 16384

Write the data to file:33554432 bytes
***********WAITING************

Write the data to file:33554432 bytes
***********WAITING************

Write the data to file:33554432 bytes
***********WAITING************

Write the data to file:33554432 bytes
***********WAITING************
nr_of_strided_rec: 32
nr_doubles: 16384
nr_of_strided_rec: 32
nr_doubles: 16384
nr_of_strided_rec: 32
nr_doubles: 16384
nr_of_strided_rec: 32
nr_doubles: 16384

Write the data to file:33554432 bytes
***********WAITING************

Write the data to file:33554432 bytes
***********WAITING************

Write the data to file:33554432 bytes
***********WAITING************

Write the data to file:33554432 bytes
***********WAITING************
nr_of_strided_rec: 32
nr_doubles: 16384
nr_of_strided_rec: 32
nr_doubles: 16384
nr_of_strided_rec: 32
nr_doubles: 16384
nr_of_strided_rec: 32
nr_doubles: 16384

Write the data to file:33554432 bytes
***********WAITING************

Write the data to file:33554432 bytes
***********WAITING************

Write the data to file:33554432 bytes
***********WAITING************

Write the data to file:33554432 bytes
***********WAITING************
nr_of_strided_rec: 32
nr_doubles: 16384
nr_of_strided_rec: 32
nr_doubles: 16384
nr_of_strided_rec: 32
nr_doubles: 16384
nr_of_strided_rec: 32
nr_doubles: 16384

Write the data to file:33554432 bytes
***********WAITING************

Write the data to file:33554432 bytes
***********WAITING************

Write the data to file:33554432 bytes
***********WAITING************

Write the data to file:33554432 bytes
***********WAITING************
nr_of_strided_rec: 32
nr_doubles: 16384
nr_of_strided_rec: 32
nr_doubles: 16384
nr_of_strided_rec: 32
nr_doubles: 16384
nr_of_strided_rec: 32
nr_doubles: 16384

Write the data to file:33554432 bytes
***********WAITING************

Write the data to file:33554432 bytes
***********WAITING************

Write the data to file:33554432 bytes
***********WAITING************

Write the data to file:33554432 bytes
***********WAITING************
nr_of_strided_rec: 32
nr_doubles: 16384
nr_of_strided_rec: 32
nr_doubles: 16384
nr_of_strided_rec: 32
nr_doubles: 16384
nr_of_strided_rec: 32
nr_doubles: 16384

Write the data to file:33554432 bytes
***********WAITING************

Write the data to file:33554432 bytes
***********WAITING************

Write the data to file:33554432 bytes
***********WAITING************

Write the data to file:33554432 bytes
***********WAITING************
nr_of_strided_rec: 32
nr_doubles: 16384
nr_of_strided_rec: 32
nr_doubles: 16384
nr_of_strided_rec: 32
nr_doubles: 16384
nr_of_strided_rec: 32
nr_doubles: 16384

Write the data to file:33554432 bytes
***********WAITING************

Write the data to file:33554432 bytes
***********WAITING************

Write the data to file:33554432 bytes
***********WAITING************

Write the data to file:33554432 bytes
***********WAITING************
nr_of_strided_rec: 32
nr_doubles: 16384
nr_of_strided_rec: 32
nr_doubles: 16384
nr_of_strided_rec: 32
nr_doubles: 16384
nr_of_strided_rec: 32
nr_doubles: 16384

Write the data to file:33554432 bytes
***********WAITING************

Write the data to file:33554432 bytes
***********WAITING************

Write the data to file:33554432 bytes
***********WAITING************

Write the data to file:33554432 bytes
***********WAITING************
nr_of_strided_rec: 32
nr_doubles: 16384
nr_of_strided_rec: 32
nr_doubles: 16384
nr_of_strided_rec: 32
nr_doubles: 16384
nr_of_strided_rec: 32
nr_doubles: 16384

Write the data to file:33554432 bytes
***********WAITING************

Write the data to file:33554432 bytes
***********WAITING************

Write the data to file:33554432 bytes
***********WAITING************

Write the data to file:33554432 bytes
***********WAITING************
nr_of_strided_rec: 32
nr_doubles: 16384
nr_of_strided_rec: 32
nr_doubles: 16384
nr_of_strided_rec: 32
nr_doubles: 16384
nr_of_strided_rec: 32
nr_doubles: 16384

Write the data to file:33554432 bytes
***********WAITING************

Write the data to file:33554432 bytes
***********WAITING************

Write the data to file:33554432 bytes
***********WAITING************

Write the data to file:33554432 bytes
***********WAITING************
nr_of_strided_rec: 32
nr_doubles: 16384
nr_of_strided_rec: 32
nr_doubles: 16384
nr_of_strided_rec: 32
nr_doubles: 16384
nr_of_strided_rec: 32
nr_doubles: 16384

Write the data to file:33554432 bytes
***********WAITING************

Write the data to file:33554432 bytes
***********WAITING************

Write the data to file:33554432 bytes
***********WAITING************

Write the data to file:33554432 bytes
***********WAITING************
nr_of_strided_rec: 32
nr_doubles: 16384
nr_of_strided_rec: 32
nr_doubles: 16384
nr_of_strided_rec: 32
nr_doubles: 16384
nr_of_strided_rec: 32
nr_doubles: 16384

Write the data to file:33554432 bytes
***********WAITING************

Write the data to file:33554432 bytes
***********WAITING************

Write the data to file:33554432 bytes
***********WAITING************

Write the data to file:33554432 bytes
***********WAITING************
nr_of_strided_rec: 32
nr_doubles: 16384
nr_of_strided_rec: 32
nr_doubles: 16384
nr_of_strided_rec: 32
nr_doubles: 16384
nr_of_strided_rec: 32
nr_doubles: 16384

Write the data to file:33554432 bytes
***********WAITING************

Write the data to file:33554432 bytes
***********WAITING************

Write the data to file:33554432 bytes
***********WAITING************

Write the data to file:33554432 bytes
***********WAITING************
nr_of_strided_rec: 32
nr_doubles: 16384
nr_of_strided_rec: 32
nr_doubles: 16384
nr_of_strided_rec: 32
nr_doubles: 16384
nr_of_strided_rec: 32
nr_doubles: 16384

Write the data to file:33554432 bytes
***********WAITING************

Write the data to file:33554432 bytes
***********WAITING************

Write the data to file:33554432 bytes
***********WAITING************

Write the data to file:33554432 bytes
***********WAITING************
nr_of_strided_rec: 32
nr_doubles: 16384
nr_of_strided_rec: 32
nr_doubles: 16384
nr_of_strided_rec: 32
nr_doubles: 16384
nr_of_strided_rec: 32
nr_doubles: 16384

Write the data to file:33554432 bytes
***********WAITING************

Write the data to file:33554432 bytes
***********WAITING************

Write the data to file:33554432 bytes
***********WAITING************

Write the data to file:33554432 bytes
***********WAITING************
nr_of_strided_rec: 32
nr_doubles: 16384
nr_of_strided_rec: 32
nr_doubles: 16384
nr_of_strided_rec: 32
nr_doubles: 16384
nr_of_strided_rec: 32
nr_doubles: 16384

Write the data to file:33554432 bytes
***********WAITING************

Write the data to file:33554432 bytes
***********WAITING************

Write the data to file:33554432 bytes
***********WAITING************

Write the data to file:33554432 bytes
***********WAITING************
nr_of_strided_rec: 32
nr_doubles: 16384
nr_of_strided_rec: 32
nr_doubles: 16384
nr_of_strided_rec: 32
nr_doubles: 16384
nr_of_strided_rec: 32
nr_doubles: 16384

Write the data to file:33554432 bytes
***********WAITING************

Write the data to file:33554432 bytes
***********WAITING************

Write the data to file:33554432 bytes
***********WAITING************

Write the data to file:33554432 bytes
***********WAITING************

Write the data to file:33554432 bytes
***********WAITING************

Write the data to file:33554432 bytes
***********WAITING************

Write the data to file:33554432 bytes
***********WAITING************

Write the data to file:33554432 bytes
***********WAITING************
W_cc         0.95   [      0.95:      0.95]
W_r         17.07   [     17.07:     17.07]
W_w          1.64   [      1.64:      1.64]
          -------
W_total     19.66   [     19.66:     19.66]

calc_W done
calc_W done
calc_W done
calc_W done
nr_of_strided_rec: 32
nr_doubles: 16384
nr_of_strided_rec: 32
nr_doubles: 16384
nr_of_strided_rec: 32
nr_doubles: 16384
nr_of_strided_rec: 32
nr_doubles: 16384
nr_of_strided_rec: 32
nr_doubles: 16384
nr_of_strided_rec: 32
nr_doubles: 16384
nr_of_strided_rec: 32
nr_doubles: 16384
nr_of_strided_rec: 32
nr_doubles: 16384
nr_of_strided_rec: 32
nr_doubles: 16384
nr_of_strided_rec: 32
nr_doubles: 16384
nr_of_strided_rec: 32
nr_doubles: 16384
nr_of_strided_rec: 32
nr_doubles: 16384
nr_of_strided_rec: 32
nr_doubles: 16384
nr_of_strided_rec: 32
nr_doubles: 16384
nr_of_strided_rec: 32
nr_doubles: 16384
nr_of_strided_rec: 32
nr_doubles: 16384
nr_of_strided_rec: 32
nr_doubles: 16384
nr_of_strided_rec: 32
nr_doubles: 16384
nr_of_strided_rec: 32
nr_doubles: 16384
nr_of_strided_rec: 32
nr_doubles: 16384
nr_of_strided_rec: 32
nr_doubles: 16384
nr_of_strided_rec: 32
nr_doubles: 16384
nr_of_strided_rec: 32
nr_doubles: 16384
nr_of_strided_rec: 32
nr_doubles: 16384
nr_of_strided_rec: 32
nr_doubles: 16384
nr_of_strided_rec: 32
nr_doubles: 16384
nr_of_strided_rec: 32
nr_doubles: 16384
nr_of_strided_rec: 32
nr_doubles: 16384
nr_of_strided_rec: 32
nr_doubles: 16384
nr_of_strided_rec: 32
nr_doubles: 16384
nr_of_strided_rec: 32
nr_doubles: 16384
nr_of_strided_rec: 32
nr_doubles: 16384
nr_of_strided_rec: 32
nr_doubles: 16384
nr_of_strided_rec: 32
nr_doubles: 16384
nr_of_strided_rec: 32
nr_doubles: 16384
nr_of_strided_rec: 32
nr_doubles: 16384
nr_of_strided_rec: 32
nr_doubles: 16384
nr_of_strided_rec: 32
nr_doubles: 16384
nr_of_strided_rec: 32
nr_doubles: 16384
nr_of_strided_rec: 32
nr_doubles: 16384
nr_of_strided_rec: 32
nr_doubles: 16384
nr_of_strided_rec: 32
nr_doubles: 16384
nr_of_strided_rec: 32
nr_doubles: 16384
nr_of_strided_rec: 32
nr_doubles: 16384
nr_of_strided_rec: 32
nr_doubles: 16384
nr_of_strided_rec: 32
nr_doubles: 16384
nr_of_strided_rec: 32
nr_doubles: 16384
nr_of_strided_rec: 32
nr_doubles: 16384
nr_of_strided_rec: 32
nr_doubles: 16384
nr_of_strided_rec: 32
nr_doubles: 16384
nr_of_strided_rec: 32
nr_doubles: 16384
nr_of_strided_rec: 32
nr_doubles: 16384
nr_of_strided_rec: 32
nr_doubles: 16384
nr_of_strided_rec: 32
nr_doubles: 16384
nr_of_strided_rec: 32
nr_doubles: 16384
nr_of_strided_rec: 32
nr_doubles: 16384
nr_of_strided_rec: 32
nr_doubles: 16384
nr_of_strided_rec: 32
nr_doubles: 16384
nr_of_strided_rec: 32
nr_doubles: 16384
nr_of_strided_rec: 32
nr_doubles: 16384
nr_of_strided_rec: 32
nr_doubles: 16384
nr_of_strided_rec: 32
nr_doubles: 16384
nr_of_strided_rec: 32
nr_doubles: 16384
nr_of_strided_rec: 32
nr_doubles: 16384
nr_of_strided_rec: 32
nr_doubles: 16384
nr_of_strided_rec: 32
nr_doubles: 16384
nr_of_strided_rec: 32
nr_doubles: 16384
nr_of_strided_rec: 32
nr_doubles: 16384
nr_of_strided_rec: 32
nr_doubles: 16384
nr_of_strided_rec: 32
nr_doubles: 16384
nr_of_strided_rec: 32
nr_doubles: 16384
nr_of_strided_rec: 32
nr_doubles: 16384
nr_of_strided_rec: 32
nr_doubles: 16384
nr_of_strided_rec: 32
nr_doubles: 16384
nr_of_strided_rec: 32
nr_doubles: 16384
nr_of_strided_rec: 32
nr_doubles: 16384
nr_of_strided_rec: 32
nr_doubles: 16384
nr_of_strided_rec: 32
nr_doubles: 16384
nr_of_strided_rec: 32
nr_doubles: 16384
nr_of_strided_rec: 32
nr_doubles: 16384
nr_of_strided_rec: 32
nr_doubles: 16384
nr_of_strided_rec: 32
nr_doubles: 16384
nr_of_strided_rec: 32
nr_doubles: 16384
nr_of_strided_rec: 32
nr_doubles: 16384
nr_of_strided_rec: 32
nr_doubles: 16384
nr_of_strided_rec: 32
nr_doubles: 16384
nr_of_strided_rec: 32
nr_doubles: 16384
nr_of_strided_rec: 32
nr_doubles: 16384
nr_of_strided_rec: 32
nr_doubles: 16384
nr_of_strided_rec: 32
nr_doubles: 16384
nr_of_strided_rec: 32
nr_doubles: 16384
nr_of_strided_rec: 32
nr_doubles: 16384
nr_of_strided_rec: 32
nr_doubles: 16384
nr_of_strided_rec: 32
nr_doubles: 16384
nr_of_strided_rec: 32
nr_doubles: 16384
nr_of_strided_rec: 32
nr_doubles: 16384
nr_of_strided_rec: 32
nr_doubles: 16384
nr_of_strided_rec: 32
nr_doubles: 16384
nr_of_strided_rec: 32
nr_doubles: 16384
nr_of_strided_rec: 32
nr_doubles: 16384
nr_of_strided_rec: 32
nr_doubles: 16384
nr_of_strided_rec: 32
nr_doubles: 16384
nr_of_strided_rec: 32
nr_doubles: 16384
nr_of_strided_rec: 32
nr_doubles: 16384
nr_of_strided_rec: 32
nr_doubles: 16384
nr_of_strided_rec: 32
nr_doubles: 16384
nr_of_strided_rec: 32
nr_doubles: 16384
nr_of_strided_rec: 32
nr_doubles: 16384
nr_of_strided_rec: 32
nr_doubles: 16384
nr_of_strided_rec: 32
nr_doubles: 16384
nr_of_strided_rec: 32
nr_doubles: 16384
nr_of_strided_rec: 32
nr_doubles: 16384
nr_of_strided_rec: 32
nr_doubles: 16384
nr_of_strided_rec: 32
nr_doubles: 16384
nr_of_strided_rec: 32
nr_doubles: 16384
nr_of_strided_rec: 32
nr_doubles: 16384
nr_of_strided_rec: 32
nr_doubles: 16384
nr_of_strided_rec: 32
nr_doubles: 16384
nr_of_strided_rec: 32
nr_doubles: 16384
nr_of_strided_rec: 32
nr_doubles: 16384
C_cc         0.46   [      0.46:      0.46]
C_bw         0.26   [      0.26:      0.26]
C_r          8.46   [      8.46:      8.46]
          -------
C_total      9.18   [      9.18:      9.18]


dC[0] = 0.00000e+00
fclose PID:28198 fd:8
fclose PID:28196 fd:12
fclose PID:28199 fd:8
fclose PID:28197 fd:10
READAHEAD_TIME:293171.000000 us
MaxRSS= 141368 KB, SharedMem= 0 KB, HardPageFault= 12
READAHEAD_TIME:284911.000000 us
MaxRSS= 141672 KB, SharedMem= 0 KB, HardPageFault= 12
READAHEAD_TIME:283872.000000 us
MaxRSS= 141416 KB, SharedMem= 0 KB, HardPageFault= 11
READAHEAD_TIME:279641.000000 us
MaxRSS= 141560 KB, SharedMem= 0 KB, HardPageFault= 12
fclose PID:28195 fd:0
fclose PID:28195 fd:6
fclose PID:28195 fd:6
fclose PID:28195 fd:0
READAHEAD_TIME:0.000000 us
MaxRSS= 5296 KB, SharedMem= 0 KB, HardPageFault= 2
fclose PID:28194 fd:3
fclose PID:28194 fd:4
fclose PID:28194 fd:4
fclose PID:28194 fd:3
READAHEAD_TIME:0.000000 us
MaxRSS= 4888 KB, SharedMem= 0 KB, HardPageFault= 4
	Command being timed: "mpiexec -n 4 ./MADbench2_io 4096 30 1 8 64 1 1 131072 7 1"
	User time (seconds): 17.03
	System time (seconds): 15.37
	Percent of CPU this job got: 87%
	Elapsed (wall clock) time (h:mm:ss or m:ss): 0:36.95
	Average shared text size (kbytes): 0
	Average unshared data size (kbytes): 0
	Average stack size (kbytes): 0
	Average total size (kbytes): 0
	Maximum resident set size (kbytes): 141672
	Average resident set size (kbytes): 0
	Major (requiring I/O) page faults: 54
	Minor (reclaiming a frame) page faults: 416688
	Voluntary context switches: 16501
	Involuntary context switches: 412
	Swaps: 0
	File system inputs: 15527072
	File system outputs: 15728712
	Socket messages sent: 0
	Socket messages received: 0
	Signals delivered: 0
	Page size (bytes): 4096
	Exit status: 0
READAHEAD_TIME:0.000000 us
MaxRSS= 2048 KB, SharedMem= 0 KB, HardPageFault= 0
*******************DMESG OUTPUT******************
