fclose PID:34961 fd:3
fclose PID:34961 fd:4
fclose PID:34961 fd:4
fclose PID:34961 fd:3
available: 2 nodes (0-1)
fclose PID:34961 fd:3
node 0 cpus:fclose PID:34961 fd:3
 0 1 2 3 4 5 6 7 8 9 20 21 22 23 24 25 26 27 28 29
node 0 size: 80440 MB
node 0 free: 80118 MB
fclose PID:34961 fd:3
node 1 cpus:fclose PID:34961 fd:3
 10 11 12 13 14 15 16 17 18 19 30 31 32 33 34 35 36 37 38 39
node 1 size: 80635 MB
node 1 free: 80374 MB
fclose PID:34961 fd:3
fclose PID:34961 fd:3
node distances:
node   0   1 
  0:  10  21 
  1:  21  10 
READAHEAD_TIME:0.000000 us
MaxRSS= 2176 KB, SharedMem= 0 KB, HardPageFault= 10
fclose PID:34966 fd:12
fclose PID:34967 fd:10
fclose PID:34968 fd:8
fclose PID:34969 fd:8

MADbench 2.0 IO-mode
no_pe = 4  no_pix = 16384  no_bin = 30  no_gang = 1 sblocksize = 8  fblocksize = 64  r_mod = 1  w_mod = 1 record_size=16777216 stride=7


IOMETHOD = POSIX  IOMODE = SYNC  FILETYPE = UNIQUE  REMAP = CUSTOMbuild_S
build_S
build_S
build_S

Write the data to file:536870912 bytes
***********WAITING************

Write the data to file:536870912 bytes
***********WAITING************

Write the data to file:536870912 bytes
***********WAITING************

Write the data to file:536870912 bytes
***********WAITING************

Write the data to file:536870912 bytes
***********WAITING************

Write the data to file:536870912 bytes
***********WAITING************

Write the data to file:536870912 bytes
***********WAITING************

Write the data to file:536870912 bytes
***********WAITING************

Write the data to file:536870912 bytes
***********WAITING************

Write the data to file:536870912 bytes
***********WAITING************

Write the data to file:536870912 bytes
***********WAITING************

Write the data to file:536870912 bytes
***********WAITING************

Write the data to file:536870912 bytes
***********WAITING************

Write the data to file:536870912 bytes
***********WAITING************

Write the data to file:536870912 bytes
***********WAITING************

Write the data to file:536870912 bytes
***********WAITING************

Write the data to file:536870912 bytes
***********WAITING************

Write the data to file:536870912 bytes
***********WAITING************

Write the data to file:536870912 bytes
***********WAITING************

Write the data to file:536870912 bytes
***********WAITING************

Write the data to file:536870912 bytes
***********WAITING************

Write the data to file:536870912 bytes
***********WAITING************

Write the data to file:536870912 bytes
***********WAITING************

Write the data to file:536870912 bytes
***********WAITING************

Write the data to file:536870912 bytes
***********WAITING************

Write the data to file:536870912 bytes
***********WAITING************

Write the data to file:536870912 bytes
***********WAITING************

Write the data to file:536870912 bytes
***********WAITING************

Write the data to file:536870912 bytes
***********WAITING************

Write the data to file:536870912 bytes
***********WAITING************

Write the data to file:536870912 bytes
***********WAITING************

Write the data to file:536870912 bytes
***********WAITING************

Write the data to file:536870912 bytes
***********WAITING************

Write the data to file:536870912 bytes
***********WAITING************

Write the data to file:536870912 bytes
***********WAITING************

Write the data to file:536870912 bytes
***********WAITING************

Write the data to file:536870912 bytes
***********WAITING************

Write the data to file:536870912 bytes
***********WAITING************

Write the data to file:536870912 bytes
***********WAITING************

Write the data to file:536870912 bytes
***********WAITING************

Write the data to file:536870912 bytes
***********WAITING************

Write the data to file:536870912 bytes
***********WAITING************

Write the data to file:536870912 bytes
***********WAITING************

Write the data to file:536870912 bytes
***********WAITING************

Write the data to file:536870912 bytes
***********WAITING************

Write the data to file:536870912 bytes
***********WAITING************

Write the data to file:536870912 bytes
***********WAITING************

Write the data to file:536870912 bytes
***********WAITING************

Write the data to file:536870912 bytes
***********WAITING************

Write the data to file:536870912 bytes
***********WAITING************

Write the data to file:536870912 bytes
***********WAITING************

Write the data to file:536870912 bytes
***********WAITING************

Write the data to file:536870912 bytes
***********WAITING************

Write the data to file:536870912 bytes
***********WAITING************

Write the data to file:536870912 bytes
***********WAITING************

Write the data to file:536870912 bytes
***********WAITING************

Write the data to file:536870912 bytes
***********WAITING************

Write the data to file:536870912 bytes
***********WAITING************

Write the data to file:536870912 bytes
***********WAITING************

Write the data to file:536870912 bytes
***********WAITING************

Write the data to file:536870912 bytes
***********WAITING************

Write the data to file:536870912 bytes
***********WAITING************

Write the data to file:536870912 bytes
***********WAITING************

Write the data to file:536870912 bytes
***********WAITING************

Write the data to file:536870912 bytes
***********WAITING************

Write the data to file:536870912 bytes
***********WAITING************

Write the data to file:536870912 bytes
***********WAITING************

Write the data to file:536870912 bytes
***********WAITING************

Write the data to file:536870912 bytes
***********WAITING************

Write the data to file:536870912 bytes
***********WAITING************

Write the data to file:536870912 bytes
***********WAITING************

Write the data to file:536870912 bytes
***********WAITING************

Write the data to file:536870912 bytes
***********WAITING************

Write the data to file:536870912 bytes
***********WAITING************

Write the data to file:536870912 bytes
***********WAITING************

Write the data to file:536870912 bytes
***********WAITING************

Write the data to file:536870912 bytes
***********WAITING************

Write the data to file:536870912 bytes
***********WAITING************

Write the data to file:536870912 bytes
***********WAITING************

Write the data to file:536870912 bytes
***********WAITING************

Write the data to file:536870912 bytes
***********WAITING************

Write the data to file:536870912 bytes
***********WAITING************

Write the data to file:536870912 bytes
***********WAITING************

Write the data to file:536870912 bytes
***********WAITING************

Write the data to file:536870912 bytes
***********WAITING************

Write the data to file:536870912 bytes
***********WAITING************

Write the data to file:536870912 bytes
***********WAITING************

Write the data to file:536870912 bytes
***********WAITING************

Write the data to file:536870912 bytes
***********WAITING************

Write the data to file:536870912 bytes
***********WAITING************

Write the data to file:536870912 bytes
***********WAITING************

Write the data to file:536870912 bytes
***********WAITING************

Write the data to file:536870912 bytes
***********WAITING************

Write the data to file:536870912 bytes
***********WAITING************

Write the data to file:536870912 bytes
***********WAITING************

Write the data to file:536870912 bytes
***********WAITING************

Write the data to file:536870912 bytes
***********WAITING************

Write the data to file:536870912 bytes
***********WAITING************

Write the data to file:536870912 bytes
***********WAITING************

Write the data to file:536870912 bytes
***********WAITING************

Write the data to file:536870912 bytes
***********WAITING************

Write the data to file:536870912 bytes
***********WAITING************

Write the data to file:536870912 bytes
***********WAITING************

Write the data to file:536870912 bytes
***********WAITING************

Write the data to file:536870912 bytes
***********WAITING************

Write the data to file:536870912 bytes
***********WAITING************

Write the data to file:536870912 bytes
***********WAITING************

Write the data to file:536870912 bytes
***********WAITING************

Write the data to file:536870912 bytes
***********WAITING************

Write the data to file:536870912 bytes
***********WAITING************

Write the data to file:536870912 bytes
***********WAITING************

Write the data to file:536870912 bytes
***********WAITING************

Write the data to file:536870912 bytes
***********WAITING************

Write the data to file:536870912 bytes
***********WAITING************

Write the data to file:536870912 bytes
***********WAITING************

Write the data to file:536870912 bytes
***********WAITING************

Write the data to file:536870912 bytes
***********WAITING************

Write the data to file:536870912 bytes
***********WAITING************

Write the data to file:536870912 bytes
***********WAITING************

Write the data to file:536870912 bytes
***********WAITING************
S_cc         3.83   [      3.82:      3.84]
S_bw         2.51   [      2.51:      2.51]
S_w         82.09   [     82.09:     82.09]
          -------
S_total     88.43   [     88.42:     88.44]

build_S done
calc_W
build_S done
calc_W
nr_of_strided_rec: 4
nr_doubles: 2097152
build_S done
calc_W
nr_of_strided_rec: 4
nr_doubles: 2097152
build_S done
calc_W
nr_of_strided_rec: 4
nr_doubles: 2097152
nr_of_strided_rec: 4
nr_doubles: 2097152
nr_of_strided_rec: 4
nr_doubles: 2097152
nr_of_strided_rec: 4
nr_doubles: 2097152
nr_of_strided_rec: 4
nr_doubles: 2097152
nr_of_strided_rec: 4
nr_doubles: 2097152

Write the data to file:536870912 bytes
***********WAITING************

Write the data to file:536870912 bytes
***********WAITING************

Write the data to file:536870912 bytes
***********WAITING************

Write the data to file:536870912 bytes
***********WAITING************
nr_of_strided_rec: 4
nr_doubles: 2097152
nr_of_strided_rec: 4
nr_doubles: 2097152
nr_of_strided_rec: 4
nr_doubles: 2097152
nr_of_strided_rec: 4
nr_doubles: 2097152

Write the data to file:536870912 bytes
***********WAITING************

Write the data to file:536870912 bytes
***********WAITING************

Write the data to file:536870912 bytes
***********WAITING************

Write the data to file:536870912 bytes
***********WAITING************
nr_of_strided_rec: 4
nr_doubles: 2097152
nr_of_strided_rec: 4
nr_doubles: 2097152
nr_of_strided_rec: 4
nr_doubles: 2097152
nr_of_strided_rec: 4
nr_doubles: 2097152

Write the data to file:536870912 bytes
***********WAITING************

Write the data to file:536870912 bytes
***********WAITING************

Write the data to file:536870912 bytes
***********WAITING************

Write the data to file:536870912 bytes
***********WAITING************
nr_of_strided_rec: 4
nr_doubles: 2097152
nr_of_strided_rec: 4
nr_doubles: 2097152
nr_of_strided_rec: 4
nr_doubles: 2097152
nr_of_strided_rec: 4
nr_doubles: 2097152

Write the data to file:536870912 bytes
***********WAITING************

Write the data to file:536870912 bytes
***********WAITING************

Write the data to file:536870912 bytes
***********WAITING************

Write the data to file:536870912 bytes
***********WAITING************
nr_of_strided_rec: 4
nr_doubles: 2097152
nr_of_strided_rec: 4
nr_doubles: 2097152
nr_of_strided_rec: 4
nr_doubles: 2097152
nr_of_strided_rec: 4
nr_doubles: 2097152

Write the data to file:536870912 bytes
***********WAITING************

Write the data to file:536870912 bytes
***********WAITING************

Write the data to file:536870912 bytes
***********WAITING************

Write the data to file:536870912 bytes
***********WAITING************
nr_of_strided_rec: 4
nr_doubles: 2097152
nr_of_strided_rec: 4
nr_doubles: 2097152
nr_of_strided_rec: 4
nr_doubles: 2097152
nr_of_strided_rec: 4
nr_doubles: 2097152

Write the data to file:536870912 bytes
***********WAITING************

Write the data to file:536870912 bytes
***********WAITING************

Write the data to file:536870912 bytes
***********WAITING************

Write the data to file:536870912 bytes
***********WAITING************
nr_of_strided_rec: 4
nr_doubles: 2097152
nr_of_strided_rec: 4
nr_doubles: 2097152
nr_of_strided_rec: 4
nr_doubles: 2097152
nr_of_strided_rec: 4
nr_doubles: 2097152

Write the data to file:536870912 bytes
***********WAITING************

Write the data to file:536870912 bytes
***********WAITING************

Write the data to file:536870912 bytes
***********WAITING************

Write the data to file:536870912 bytes
***********WAITING************
nr_of_strided_rec: 4
nr_doubles: 2097152
nr_of_strided_rec: 4
nr_doubles: 2097152
nr_of_strided_rec: 4
nr_doubles: 2097152
nr_of_strided_rec: 4
nr_doubles: 2097152

Write the data to file:536870912 bytes
***********WAITING************

Write the data to file:536870912 bytes
***********WAITING************

Write the data to file:536870912 bytes
***********WAITING************

Write the data to file:536870912 bytes
***********WAITING************
nr_of_strided_rec: 4
nr_doubles: 2097152
nr_of_strided_rec: 4
nr_doubles: 2097152
nr_of_strided_rec: 4
nr_doubles: 2097152
nr_of_strided_rec: 4
nr_doubles: 2097152

Write the data to file:536870912 bytes
***********WAITING************

Write the data to file:536870912 bytes
***********WAITING************

Write the data to file:536870912 bytes
***********WAITING************

Write the data to file:536870912 bytes
***********WAITING************
nr_of_strided_rec: 4
nr_doubles: 2097152
nr_of_strided_rec: 4
nr_doubles: 2097152
nr_of_strided_rec: 4
nr_doubles: 2097152
nr_of_strided_rec: 4
nr_doubles: 2097152

Write the data to file:536870912 bytes
***********WAITING************

Write the data to file:536870912 bytes
***********WAITING************

Write the data to file:536870912 bytes
***********WAITING************

Write the data to file:536870912 bytes
***********WAITING************
nr_of_strided_rec: 4
nr_doubles: 2097152
nr_of_strided_rec: 4
nr_doubles: 2097152
nr_of_strided_rec: 4
nr_doubles: 2097152
nr_of_strided_rec: 4
nr_doubles: 2097152

Write the data to file:536870912 bytes
***********WAITING************

Write the data to file:536870912 bytes
***********WAITING************

Write the data to file:536870912 bytes
***********WAITING************

Write the data to file:536870912 bytes
***********WAITING************
nr_of_strided_rec: 4
nr_doubles: 2097152
nr_of_strided_rec: 4
nr_doubles: 2097152
nr_of_strided_rec: 4
nr_doubles: 2097152
nr_of_strided_rec: 4
nr_doubles: 2097152

Write the data to file:536870912 bytes
***********WAITING************

Write the data to file:536870912 bytes
***********WAITING************

Write the data to file:536870912 bytes
***********WAITING************

Write the data to file:536870912 bytes
***********WAITING************
nr_of_strided_rec: 4
nr_doubles: 2097152
nr_of_strided_rec: 4
nr_doubles: 2097152
nr_of_strided_rec: 4
nr_doubles: 2097152
nr_of_strided_rec: 4
nr_doubles: 2097152

Write the data to file:536870912 bytes
***********WAITING************

Write the data to file:536870912 bytes
***********WAITING************

Write the data to file:536870912 bytes
***********WAITING************

Write the data to file:536870912 bytes
***********WAITING************
nr_of_strided_rec: 4
nr_doubles: 2097152
nr_of_strided_rec: 4
nr_doubles: 2097152
nr_of_strided_rec: 4
nr_doubles: 2097152
nr_of_strided_rec: 4
nr_doubles: 2097152

Write the data to file:536870912 bytes
***********WAITING************

Write the data to file:536870912 bytes
***********WAITING************

Write the data to file:536870912 bytes
***********WAITING************

Write the data to file:536870912 bytes
***********WAITING************
nr_of_strided_rec: 4
nr_doubles: 2097152
nr_of_strided_rec: 4
nr_doubles: 2097152
nr_of_strided_rec: 4
nr_doubles: 2097152
nr_of_strided_rec: 4
nr_doubles: 2097152

Write the data to file:536870912 bytes
***********WAITING************

Write the data to file:536870912 bytes
***********WAITING************

Write the data to file:536870912 bytes
***********WAITING************

Write the data to file:536870912 bytes
***********WAITING************
nr_of_strided_rec: 4
nr_doubles: 2097152
nr_of_strided_rec: 4
nr_doubles: 2097152
nr_of_strided_rec: 4
nr_doubles: 2097152
nr_of_strided_rec: 4
nr_doubles: 2097152

Write the data to file:536870912 bytes
***********WAITING************

Write the data to file:536870912 bytes
***********WAITING************

Write the data to file:536870912 bytes
***********WAITING************

Write the data to file:536870912 bytes
***********WAITING************
nr_of_strided_rec: 4
nr_doubles: 2097152
nr_of_strided_rec: 4
nr_doubles: 2097152
nr_of_strided_rec: 4
nr_doubles: 2097152
nr_of_strided_rec: 4
nr_doubles: 2097152

Write the data to file:536870912 bytes
***********WAITING************

Write the data to file:536870912 bytes
***********WAITING************

Write the data to file:536870912 bytes
***********WAITING************

Write the data to file:536870912 bytes
***********WAITING************
nr_of_strided_rec: 4
nr_doubles: 2097152
nr_of_strided_rec: 4
nr_doubles: 2097152
nr_of_strided_rec: 4
nr_doubles: 2097152
nr_of_strided_rec: 4
nr_doubles: 2097152

Write the data to file:536870912 bytes
***********WAITING************

Write the data to file:536870912 bytes
***********WAITING************

Write the data to file:536870912 bytes
***********WAITING************

Write the data to file:536870912 bytes
***********WAITING************
nr_of_strided_rec: 4
nr_doubles: 2097152
nr_of_strided_rec: 4
nr_doubles: 2097152
nr_of_strided_rec: 4
nr_doubles: 2097152
nr_of_strided_rec: 4
nr_doubles: 2097152

Write the data to file:536870912 bytes
***********WAITING************

Write the data to file:536870912 bytes
***********WAITING************

Write the data to file:536870912 bytes
***********WAITING************

Write the data to file:536870912 bytes
***********WAITING************
nr_of_strided_rec: 4
nr_doubles: 2097152
nr_of_strided_rec: 4
nr_doubles: 2097152
nr_of_strided_rec: 4
nr_doubles: 2097152
nr_of_strided_rec: 4
nr_doubles: 2097152

Write the data to file:536870912 bytes
***********WAITING************

Write the data to file:536870912 bytes
***********WAITING************

Write the data to file:536870912 bytes
***********WAITING************

Write the data to file:536870912 bytes
***********WAITING************
nr_of_strided_rec: 4
nr_doubles: 2097152
nr_of_strided_rec: 4
nr_doubles: 2097152
nr_of_strided_rec: 4
nr_doubles: 2097152
nr_of_strided_rec: 4
nr_doubles: 2097152

Write the data to file:536870912 bytes
***********WAITING************

Write the data to file:536870912 bytes
***********WAITING************

Write the data to file:536870912 bytes
***********WAITING************

Write the data to file:536870912 bytes
***********WAITING************
nr_of_strided_rec: 4
nr_doubles: 2097152
nr_of_strided_rec: 4
nr_doubles: 2097152
nr_of_strided_rec: 4
nr_doubles: 2097152
nr_of_strided_rec: 4
nr_doubles: 2097152

Write the data to file:536870912 bytes
***********WAITING************

Write the data to file:536870912 bytes
***********WAITING************

Write the data to file:536870912 bytes
***********WAITING************

Write the data to file:536870912 bytes
***********WAITING************
nr_of_strided_rec: 4
nr_doubles: 2097152
nr_of_strided_rec: 4
nr_doubles: 2097152
nr_of_strided_rec: 4
nr_doubles: 2097152
nr_of_strided_rec: 4
nr_doubles: 2097152

Write the data to file:536870912 bytes
***********WAITING************

Write the data to file:536870912 bytes
***********WAITING************

Write the data to file:536870912 bytes
***********WAITING************

Write the data to file:536870912 bytes
***********WAITING************
nr_of_strided_rec: 4
nr_doubles: 2097152
nr_of_strided_rec: 4
nr_doubles: 2097152
nr_of_strided_rec: 4
nr_doubles: 2097152
nr_of_strided_rec: 4
nr_doubles: 2097152

Write the data to file:536870912 bytes
***********WAITING************

Write the data to file:536870912 bytes
***********WAITING************

Write the data to file:536870912 bytes
***********WAITING************

Write the data to file:536870912 bytes
***********WAITING************
nr_of_strided_rec: 4
nr_doubles: 2097152
nr_of_strided_rec: 4
nr_doubles: 2097152
nr_of_strided_rec: 4
nr_doubles: 2097152
nr_of_strided_rec: 4
nr_doubles: 2097152

Write the data to file:536870912 bytes
***********WAITING************

Write the data to file:536870912 bytes
***********WAITING************

Write the data to file:536870912 bytes
***********WAITING************

Write the data to file:536870912 bytes
***********WAITING************
nr_of_strided_rec: 4
nr_doubles: 2097152
nr_of_strided_rec: 4
nr_doubles: 2097152
nr_of_strided_rec: 4
nr_doubles: 2097152
nr_of_strided_rec: 4
nr_doubles: 2097152

Write the data to file:536870912 bytes
***********WAITING************

Write the data to file:536870912 bytes
***********WAITING************

Write the data to file:536870912 bytes
***********WAITING************

Write the data to file:536870912 bytes
***********WAITING************
nr_of_strided_rec: 4
nr_doubles: 2097152
nr_of_strided_rec: 4
nr_doubles: 2097152
nr_of_strided_rec: 4
nr_doubles: 2097152
nr_of_strided_rec: 4
nr_doubles: 2097152

Write the data to file:536870912 bytes
***********WAITING************

Write the data to file:536870912 bytes
***********WAITING************

Write the data to file:536870912 bytes
***********WAITING************

Write the data to file:536870912 bytes
***********WAITING************
nr_of_strided_rec: 4
nr_doubles: 2097152
nr_of_strided_rec: 4
nr_doubles: 2097152
nr_of_strided_rec: 4
nr_doubles: 2097152
nr_of_strided_rec: 4
nr_doubles: 2097152

Write the data to file:536870912 bytes
***********WAITING************

Write the data to file:536870912 bytes
***********WAITING************

Write the data to file:536870912 bytes
***********WAITING************

Write the data to file:536870912 bytes
***********WAITING************
nr_of_strided_rec: 4
nr_doubles: 2097152
nr_of_strided_rec: 4
nr_doubles: 2097152
nr_of_strided_rec: 4
nr_doubles: 2097152
nr_of_strided_rec: 4
nr_doubles: 2097152

Write the data to file:536870912 bytes
***********WAITING************

Write the data to file:536870912 bytes
***********WAITING************

Write the data to file:536870912 bytes
***********WAITING************

Write the data to file:536870912 bytes
***********WAITING************

Write the data to file:536870912 bytes
***********WAITING************

Write the data to file:536870912 bytes
***********WAITING************

Write the data to file:536870912 bytes
***********WAITING************

Write the data to file:536870912 bytes
***********WAITING************
W_cc         5.27   [      5.27:      5.28]
W_r        273.09   [    273.09:    273.09]
W_w         26.82   [     26.82:     26.82]
          -------
W_total    305.19   [    305.19:    305.19]

calc_W done
nr_of_strided_rec: 4
nr_doubles: 2097152
calc_W done
nr_of_strided_rec: 4
nr_doubles: 2097152
calc_W done
nr_of_strided_rec: 4
nr_doubles: 2097152
calc_W done
nr_of_strided_rec: 4
nr_doubles: 2097152
nr_of_strided_rec: 4
nr_doubles: 2097152
nr_of_strided_rec: 4
nr_doubles: 2097152
nr_of_strided_rec: 4
nr_doubles: 2097152
nr_of_strided_rec: 4
nr_doubles: 2097152
nr_of_strided_rec: 4
nr_doubles: 2097152
nr_of_strided_rec: 4
nr_doubles: 2097152
nr_of_strided_rec: 4
nr_doubles: 2097152
nr_of_strided_rec: 4
nr_doubles: 2097152
nr_of_strided_rec: 4
nr_doubles: 2097152
nr_of_strided_rec: 4
nr_doubles: 2097152
nr_of_strided_rec: 4
nr_doubles: 2097152
nr_of_strided_rec: 4
nr_doubles: 2097152
nr_of_strided_rec: 4
nr_doubles: 2097152
nr_of_strided_rec: 4
nr_doubles: 2097152
nr_of_strided_rec: 4
nr_doubles: 2097152
nr_of_strided_rec: 4
nr_doubles: 2097152
nr_of_strided_rec: 4
nr_doubles: 2097152
nr_of_strided_rec: 4
nr_doubles: 2097152
nr_of_strided_rec: 4
nr_doubles: 2097152
nr_of_strided_rec: 4
nr_doubles: 2097152
nr_of_strided_rec: 4
nr_doubles: 2097152
nr_of_strided_rec: 4
nr_doubles: 2097152
nr_of_strided_rec: 4
nr_doubles: 2097152
nr_of_strided_rec: 4
nr_doubles: 2097152
nr_of_strided_rec: 4
nr_doubles: 2097152
nr_of_strided_rec: 4
nr_doubles: 2097152
nr_of_strided_rec: 4
nr_doubles: 2097152
nr_of_strided_rec: 4
nr_doubles: 2097152
nr_of_strided_rec: 4
nr_doubles: 2097152
nr_of_strided_rec: 4
nr_doubles: 2097152
nr_of_strided_rec: 4
nr_doubles: 2097152
nr_of_strided_rec: 4
nr_doubles: 2097152
nr_of_strided_rec: 4
nr_doubles: 2097152
nr_of_strided_rec: 4
nr_doubles: 2097152
nr_of_strided_rec: 4
nr_doubles: 2097152
nr_of_strided_rec: 4
nr_doubles: 2097152
nr_of_strided_rec: 4
nr_doubles: 2097152
nr_of_strided_rec: 4
nr_doubles: 2097152
nr_of_strided_rec: 4
nr_doubles: 2097152
nr_of_strided_rec: 4
nr_doubles: 2097152
nr_of_strided_rec: 4
nr_doubles: 2097152
nr_of_strided_rec: 4
nr_doubles: 2097152
nr_of_strided_rec: 4
nr_doubles: 2097152
nr_of_strided_rec: 4
nr_doubles: 2097152
nr_of_strided_rec: 4
nr_doubles: 2097152
nr_of_strided_rec: 4
nr_doubles: 2097152
nr_of_strided_rec: 4
nr_doubles: 2097152
nr_of_strided_rec: 4
nr_doubles: 2097152
nr_of_strided_rec: 4
nr_doubles: 2097152
nr_of_strided_rec: 4
nr_doubles: 2097152
nr_of_strided_rec: 4
nr_doubles: 2097152
nr_of_strided_rec: 4
nr_doubles: 2097152
nr_of_strided_rec: 4
nr_doubles: 2097152
nr_of_strided_rec: 4
nr_doubles: 2097152
nr_of_strided_rec: 4
nr_doubles: 2097152
nr_of_strided_rec: 4
nr_doubles: 2097152
nr_of_strided_rec: 4
nr_doubles: 2097152
nr_of_strided_rec: 4
nr_doubles: 2097152
nr_of_strided_rec: 4
nr_doubles: 2097152
nr_of_strided_rec: 4
nr_doubles: 2097152
nr_of_strided_rec: 4
nr_doubles: 2097152
nr_of_strided_rec: 4
nr_doubles: 2097152
nr_of_strided_rec: 4
nr_doubles: 2097152
nr_of_strided_rec: 4
nr_doubles: 2097152
nr_of_strided_rec: 4
nr_doubles: 2097152
nr_of_strided_rec: 4
nr_doubles: 2097152
nr_of_strided_rec: 4
nr_doubles: 2097152
nr_of_strided_rec: 4
nr_doubles: 2097152
nr_of_strided_rec: 4
nr_doubles: 2097152
nr_of_strided_rec: 4
nr_doubles: 2097152
nr_of_strided_rec: 4
nr_doubles: 2097152
nr_of_strided_rec: 4
nr_doubles: 2097152
nr_of_strided_rec: 4
nr_doubles: 2097152
nr_of_strided_rec: 4
nr_doubles: 2097152
nr_of_strided_rec: 4
nr_doubles: 2097152
nr_of_strided_rec: 4
nr_doubles: 2097152
nr_of_strided_rec: 4
nr_doubles: 2097152
nr_of_strided_rec: 4
nr_doubles: 2097152
nr_of_strided_rec: 4
nr_doubles: 2097152
nr_of_strided_rec: 4
nr_doubles: 2097152
nr_of_strided_rec: 4
nr_doubles: 2097152
nr_of_strided_rec: 4
nr_doubles: 2097152
nr_of_strided_rec: 4
nr_doubles: 2097152
nr_of_strided_rec: 4
nr_doubles: 2097152
nr_of_strided_rec: 4
nr_doubles: 2097152
nr_of_strided_rec: 4
nr_doubles: 2097152
nr_of_strided_rec: 4
nr_doubles: 2097152
nr_of_strided_rec: 4
nr_doubles: 2097152
nr_of_strided_rec: 4
nr_doubles: 2097152
nr_of_strided_rec: 4
nr_doubles: 2097152
nr_of_strided_rec: 4
nr_doubles: 2097152
nr_of_strided_rec: 4
nr_doubles: 2097152
nr_of_strided_rec: 4
nr_doubles: 2097152
nr_of_strided_rec: 4
nr_doubles: 2097152
nr_of_strided_rec: 4
nr_doubles: 2097152
nr_of_strided_rec: 4
nr_doubles: 2097152
nr_of_strided_rec: 4
nr_doubles: 2097152
nr_of_strided_rec: 4
nr_doubles: 2097152
nr_of_strided_rec: 4
nr_doubles: 2097152
nr_of_strided_rec: 4
nr_doubles: 2097152
nr_of_strided_rec: 4
nr_doubles: 2097152
nr_of_strided_rec: 4
nr_doubles: 2097152
nr_of_strided_rec: 4
nr_doubles: 2097152
nr_of_strided_rec: 4
nr_doubles: 2097152
nr_of_strided_rec: 4
nr_doubles: 2097152
nr_of_strided_rec: 4
nr_doubles: 2097152
nr_of_strided_rec: 4
nr_doubles: 2097152
nr_of_strided_rec: 4
nr_doubles: 2097152
nr_of_strided_rec: 4
nr_doubles: 2097152
nr_of_strided_rec: 4
nr_doubles: 2097152
nr_of_strided_rec: 4
nr_doubles: 2097152
nr_of_strided_rec: 4
nr_doubles: 2097152
nr_of_strided_rec: 4
nr_doubles: 2097152
nr_of_strided_rec: 4
nr_doubles: 2097152
nr_of_strided_rec: 4
nr_doubles: 2097152
nr_of_strided_rec: 4
nr_doubles: 2097152
C_cc         2.96   [      2.96:      2.96]
C_bw         2.75   [      2.75:      2.75]
C_r        140.86   [    140.86:    140.86]
          -------
C_total    146.58   [    146.58:    146.58]


dC[0] = 0.00000e+00
fclose PID:34968 fd:8
fclose PID:34966 fd:12
fclose PID:34967 fd:10
fclose PID:34969 fd:8
READAHEAD_TIME:1810.000000 us
MaxRSS= 2108016 KB, SharedMem= 0 KB, HardPageFault= 13
READAHEAD_TIME:1599.000000 us
MaxRSS= 2107784 KB, SharedMem= 0 KB, HardPageFault= 12
READAHEAD_TIME:1630.000000 us
MaxRSS= 2107884 KB, SharedMem= 0 KB, HardPageFault= 13
READAHEAD_TIME:1596.000000 us
MaxRSS= 2107816 KB, SharedMem= 0 KB, HardPageFault= 10
fclose PID:34965 fd:0
fclose PID:34965 fd:6
fclose PID:34965 fd:6
fclose PID:34965 fd:0
READAHEAD_TIME:0.000000 us
MaxRSS= 5396 KB, SharedMem= 0 KB, HardPageFault= 2
fclose PID:34964 fd:3
fclose PID:34964 fd:4
fclose PID:34964 fd:4
fclose PID:34964 fd:3
READAHEAD_TIME:0.000000 us
MaxRSS= 4960 KB, SharedMem= 0 KB, HardPageFault= 4
	Command being timed: "mpiexec -n 4 ./MADbench2_io 16384 30 1 8 64 1 1 16777216 7 1"
	User time (seconds): 154.25
	System time (seconds): 235.43
	Percent of CPU this job got: 72%
	Elapsed (wall clock) time (h:mm:ss or m:ss): 9:00.88
	Average shared text size (kbytes): 0
	Average unshared data size (kbytes): 0
	Average stack size (kbytes): 0
	Average total size (kbytes): 0
	Maximum resident set size (kbytes): 2108016
	Average resident set size (kbytes): 0
	Major (requiring I/O) page faults: 55
	Minor (reclaiming a frame) page faults: 6168217
	Voluntary context switches: 87464
	Involuntary context switches: 1853
	Swaps: 0
	File system inputs: 204642000
	File system outputs: 251658736
	Socket messages sent: 0
	Socket messages received: 0
	Signals delivered: 0
	Page size (bytes): 4096
	Exit status: 0
READAHEAD_TIME:0.000000 us
MaxRSS= 2084 KB, SharedMem= 0 KB, HardPageFault= 0
*******************DMESG OUTPUT******************
