fclose PID:38737 fd:3
fclose PID:38737 fd:4
fclose PID:38737 fd:4
fclose PID:38737 fd:3
available: 2 nodes (0-1)
fclose PID:38737 fd:3
node 0 cpus:fclose PID:38737 fd:3
 0 1 2 3 4 5 6 7 8 9 20 21 22 23 24 25 26 27 28 29
node 0 size: 80440 MB
node 0 free: 80123 MB
fclose PID:38737 fd:3
node 1 cpus:fclose PID:38737 fd:3
 10 11 12 13 14 15 16 17 18 19 30 31 32 33 34 35 36 37 38 39
node 1 size: 80635 MB
node 1 free: 80365 MB
fclose PID:38737 fd:3
fclose PID:38737 fd:3
node distances:
node   0   1 
  0:  10  21 
  1:  21  10 
READAHEAD_TIME:0.000000 us
MaxRSS= 2236 KB, SharedMem= 0 KB, HardPageFault= 10
fclose PID:38742 fd:12
fclose PID:38745 fd:8
fclose PID:38744 fd:8
fclose PID:38750 fd:8
fclose PID:38743 fd:10
fclose PID:38753 fd:8
fclose PID:38752 fd:8
fclose PID:38754 fd:8
fclose PID:38748 fd:8
fclose PID:38749 fd:8
fclose PID:38747 fd:8
fclose PID:38757 fd:8
fclose PID:38746 fd:8
fclose PID:38756 fd:8
fclose PID:38751 fd:8
fclose PID:38755 fd:8

MADbench 2.0 IO-mode
no_pe = 16  no_pix = 8192  no_bin = 30  no_gang = 1 sblocksize = 8  fblocksize = 64  r_mod = 1  w_mod = 1 record_size=4194304 stride=7


IOMETHOD = POSIX  IOMODE = SYNC  FILETYPE = UNIQUE  REMAP = CUSTOMbuild_S
build_S
build_S
build_S
build_S
build_S
build_S
build_S
build_S
build_S
build_S
build_S
build_S
build_S
build_S
build_S

Write the data to file:33554432 bytes
***********WAITING************

Write the data to file:33554432 bytes
***********WAITING************

Write the data to file:33554432 bytes
***********WAITING************

Write the data to file:33554432 bytes
***********WAITING************

Write the data to file:33554432 bytes
***********WAITING************

Write the data to file:33554432 bytes
***********WAITING************

Write the data to file:33554432 bytes
***********WAITING************

Write the data to file:33554432 bytes
***********WAITING************

Write the data to file:33554432 bytes
***********WAITING************

Write the data to file:33554432 bytes
***********WAITING************

Write the data to file:33554432 bytes
***********WAITING************

Write the data to file:33554432 bytes
***********WAITING************

Write the data to file:33554432 bytes
***********WAITING************

Write the data to file:33554432 bytes
***********WAITING************

Write the data to file:33554432 bytes
***********WAITING************

Write the data to file:33554432 bytes
***********WAITING************

Write the data to file:33554432 bytes
***********WAITING************

Write the data to file:33554432 bytes
***********WAITING************

Write the data to file:33554432 bytes
***********WAITING************

Write the data to file:33554432 bytes
***********WAITING************

Write the data to file:33554432 bytes
***********WAITING************

Write the data to file:33554432 bytes
***********WAITING************

Write the data to file:33554432 bytes
***********WAITING************

Write the data to file:33554432 bytes
***********WAITING************

Write the data to file:33554432 bytes
***********WAITING************

Write the data to file:33554432 bytes
***********WAITING************

Write the data to file:33554432 bytes
***********WAITING************

Write the data to file:33554432 bytes
***********WAITING************

Write the data to file:33554432 bytes
***********WAITING************

Write the data to file:33554432 bytes
***********WAITING************

Write the data to file:33554432 bytes
***********WAITING************

Write the data to file:33554432 bytes
***********WAITING************

Write the data to file:33554432 bytes
***********WAITING************

Write the data to file:33554432 bytes
***********WAITING************

Write the data to file:33554432 bytes
***********WAITING************

Write the data to file:33554432 bytes
***********WAITING************

Write the data to file:33554432 bytes
***********WAITING************

Write the data to file:33554432 bytes
***********WAITING************

Write the data to file:33554432 bytes
***********WAITING************

Write the data to file:33554432 bytes
***********WAITING************

Write the data to file:33554432 bytes
***********WAITING************

Write the data to file:33554432 bytes
***********WAITING************

Write the data to file:33554432 bytes
***********WAITING************

Write the data to file:33554432 bytes
***********WAITING************

Write the data to file:33554432 bytes
***********WAITING************

Write the data to file:33554432 bytes
***********WAITING************

Write the data to file:33554432 bytes
***********WAITING************

Write the data to file:33554432 bytes
***********WAITING************

Write the data to file:33554432 bytes
***********WAITING************

Write the data to file:33554432 bytes
***********WAITING************

Write the data to file:33554432 bytes
***********WAITING************

Write the data to file:33554432 bytes
***********WAITING************

Write the data to file:33554432 bytes
***********WAITING************

Write the data to file:33554432 bytes
***********WAITING************

Write the data to file:33554432 bytes
***********WAITING************

Write the data to file:33554432 bytes
***********WAITING************

Write the data to file:33554432 bytes
***********WAITING************

Write the data to file:33554432 bytes
***********WAITING************

Write the data to file:33554432 bytes
***********WAITING************

Write the data to file:33554432 bytes
***********WAITING************

Write the data to file:33554432 bytes
***********WAITING************

Write the data to file:33554432 bytes
***********WAITING************

Write the data to file:33554432 bytes
***********WAITING************

Write the data to file:33554432 bytes
***********WAITING************

Write the data to file:33554432 bytes
***********WAITING************

Write the data to file:33554432 bytes
***********WAITING************

Write the data to file:33554432 bytes
***********WAITING************

Write the data to file:33554432 bytes
***********WAITING************

Write the data to file:33554432 bytes
***********WAITING************

Write the data to file:33554432 bytes
***********WAITING************

Write the data to file:33554432 bytes
***********WAITING************

Write the data to file:33554432 bytes
***********WAITING************

Write the data to file:33554432 bytes
***********WAITING************

Write the data to file:33554432 bytes
***********WAITING************

Write the data to file:33554432 bytes
***********WAITING************

Write the data to file:33554432 bytes
***********WAITING************

Write the data to file:33554432 bytes
***********WAITING************

Write the data to file:33554432 bytes
***********WAITING************

Write the data to file:33554432 bytes
***********WAITING************

Write the data to file:33554432 bytes
***********WAITING************

Write the data to file:33554432 bytes
***********WAITING************

Write the data to file:33554432 bytes
***********WAITING************

Write the data to file:33554432 bytes
***********WAITING************

Write the data to file:33554432 bytes
***********WAITING************

Write the data to file:33554432 bytes
***********WAITING************

Write the data to file:33554432 bytes
***********WAITING************

Write the data to file:33554432 bytes
***********WAITING************

Write the data to file:33554432 bytes
***********WAITING************

Write the data to file:33554432 bytes
***********WAITING************

Write the data to file:33554432 bytes
***********WAITING************

Write the data to file:33554432 bytes
***********WAITING************

Write the data to file:33554432 bytes
***********WAITING************

Write the data to file:33554432 bytes
***********WAITING************

Write the data to file:33554432 bytes
***********WAITING************

Write the data to file:33554432 bytes
***********WAITING************

Write the data to file:33554432 bytes
***********WAITING************

Write the data to file:33554432 bytes
***********WAITING************

Write the data to file:33554432 bytes
***********WAITING************

Write the data to file:33554432 bytes
***********WAITING************

Write the data to file:33554432 bytes
***********WAITING************

Write the data to file:33554432 bytes
***********WAITING************

Write the data to file:33554432 bytes
***********WAITING************

Write the data to file:33554432 bytes
***********WAITING************

Write the data to file:33554432 bytes
***********WAITING************

Write the data to file:33554432 bytes
***********WAITING************

Write the data to file:33554432 bytes
***********WAITING************

Write the data to file:33554432 bytes
***********WAITING************

Write the data to file:33554432 bytes
***********WAITING************

Write the data to file:33554432 bytes
***********WAITING************

Write the data to file:33554432 bytes
***********WAITING************

Write the data to file:33554432 bytes
***********WAITING************

Write the data to file:33554432 bytes
***********WAITING************

Write the data to file:33554432 bytes
***********WAITING************

Write the data to file:33554432 bytes
***********WAITING************

Write the data to file:33554432 bytes
***********WAITING************

Write the data to file:33554432 bytes
***********WAITING************

Write the data to file:33554432 bytes
***********WAITING************

Write the data to file:33554432 bytes
***********WAITING************

Write the data to file:33554432 bytes
***********WAITING************

Write the data to file:33554432 bytes
***********WAITING************

Write the data to file:33554432 bytes
***********WAITING************

Write the data to file:33554432 bytes
***********WAITING************

Write the data to file:33554432 bytes
***********WAITING************

Write the data to file:33554432 bytes
***********WAITING************

Write the data to file:33554432 bytes
***********WAITING************

Write the data to file:33554432 bytes
***********WAITING************

Write the data to file:33554432 bytes
***********WAITING************

Write the data to file:33554432 bytes
***********WAITING************

Write the data to file:33554432 bytes
***********WAITING************

Write the data to file:33554432 bytes
***********WAITING************

Write the data to file:33554432 bytes
***********WAITING************

Write the data to file:33554432 bytes
***********WAITING************

Write the data to file:33554432 bytes
***********WAITING************

Write the data to file:33554432 bytes
***********WAITING************

Write the data to file:33554432 bytes
***********WAITING************

Write the data to file:33554432 bytes
***********WAITING************

Write the data to file:33554432 bytes
***********WAITING************

Write the data to file:33554432 bytes
***********WAITING************

Write the data to file:33554432 bytes
***********WAITING************

Write the data to file:33554432 bytes
***********WAITING************

Write the data to file:33554432 bytes
***********WAITING************

Write the data to file:33554432 bytes
***********WAITING************

Write the data to file:33554432 bytes
***********WAITING************

Write the data to file:33554432 bytes
***********WAITING************

Write the data to file:33554432 bytes
***********WAITING************

Write the data to file:33554432 bytes
***********WAITING************

Write the data to file:33554432 bytes
***********WAITING************

Write the data to file:33554432 bytes
***********WAITING************

Write the data to file:33554432 bytes
***********WAITING************

Write the data to file:33554432 bytes
***********WAITING************

Write the data to file:33554432 bytes
***********WAITING************

Write the data to file:33554432 bytes
***********WAITING************

Write the data to file:33554432 bytes
***********WAITING************

Write the data to file:33554432 bytes
***********WAITING************

Write the data to file:33554432 bytes
***********WAITING************

Write the data to file:33554432 bytes
***********WAITING************

Write the data to file:33554432 bytes
***********WAITING************

Write the data to file:33554432 bytes
***********WAITING************

Write the data to file:33554432 bytes
***********WAITING************

Write the data to file:33554432 bytes
***********WAITING************

Write the data to file:33554432 bytes
***********WAITING************

Write the data to file:33554432 bytes
***********WAITING************

Write the data to file:33554432 bytes
***********WAITING************

Write the data to file:33554432 bytes
***********WAITING************

Write the data to file:33554432 bytes
***********WAITING************

Write the data to file:33554432 bytes
***********WAITING************

Write the data to file:33554432 bytes
***********WAITING************

Write the data to file:33554432 bytes
***********WAITING************

Write the data to file:33554432 bytes
***********WAITING************

Write the data to file:33554432 bytes
***********WAITING************

Write the data to file:33554432 bytes
***********WAITING************

Write the data to file:33554432 bytes
***********WAITING************

Write the data to file:33554432 bytes
***********WAITING************

Write the data to file:33554432 bytes
***********WAITING************

Write the data to file:33554432 bytes
***********WAITING************

Write the data to file:33554432 bytes
***********WAITING************

Write the data to file:33554432 bytes
***********WAITING************

Write the data to file:33554432 bytes
***********WAITING************

Write the data to file:33554432 bytes
***********WAITING************

Write the data to file:33554432 bytes
***********WAITING************

Write the data to file:33554432 bytes
***********WAITING************

Write the data to file:33554432 bytes
***********WAITING************

Write the data to file:33554432 bytes
***********WAITING************

Write the data to file:33554432 bytes
***********WAITING************

Write the data to file:33554432 bytes
***********WAITING************

Write the data to file:33554432 bytes
***********WAITING************

Write the data to file:33554432 bytes
***********WAITING************

Write the data to file:33554432 bytes
***********WAITING************

Write the data to file:33554432 bytes
***********WAITING************

Write the data to file:33554432 bytes
***********WAITING************

Write the data to file:33554432 bytes
***********WAITING************

Write the data to file:33554432 bytes
***********WAITING************

Write the data to file:33554432 bytes
***********WAITING************

Write the data to file:33554432 bytes
***********WAITING************

Write the data to file:33554432 bytes
***********WAITING************

Write the data to file:33554432 bytes
***********WAITING************

Write the data to file:33554432 bytes
***********WAITING************

Write the data to file:33554432 bytes
***********WAITING************

Write the data to file:33554432 bytes
***********WAITING************

Write the data to file:33554432 bytes
***********WAITING************

Write the data to file:33554432 bytes
***********WAITING************

Write the data to file:33554432 bytes
***********WAITING************

Write the data to file:33554432 bytes
***********WAITING************

Write the data to file:33554432 bytes
***********WAITING************

Write the data to file:33554432 bytes
***********WAITING************

Write the data to file:33554432 bytes
***********WAITING************

Write the data to file:33554432 bytes
***********WAITING************

Write the data to file:33554432 bytes
***********WAITING************

Write the data to file:33554432 bytes
***********WAITING************

Write the data to file:33554432 bytes
***********WAITING************

Write the data to file:33554432 bytes
***********WAITING************

Write the data to file:33554432 bytes
***********WAITING************

Write the data to file:33554432 bytes
***********WAITING************

Write the data to file:33554432 bytes
***********WAITING************

Write the data to file:33554432 bytes
***********WAITING************

Write the data to file:33554432 bytes
***********WAITING************

Write the data to file:33554432 bytes
***********WAITING************

Write the data to file:33554432 bytes
***********WAITING************

Write the data to file:33554432 bytes
***********WAITING************

Write the data to file:33554432 bytes
***********WAITING************

Write the data to file:33554432 bytes
***********WAITING************

Write the data to file:33554432 bytes
***********WAITING************

Write the data to file:33554432 bytes
***********WAITING************

Write the data to file:33554432 bytes
***********WAITING************

Write the data to file:33554432 bytes
***********WAITING************

Write the data to file:33554432 bytes
***********WAITING************

Write the data to file:33554432 bytes
***********WAITING************

Write the data to file:33554432 bytes
***********WAITING************

Write the data to file:33554432 bytes
***********WAITING************

Write the data to file:33554432 bytes
***********WAITING************

Write the data to file:33554432 bytes
***********WAITING************

Write the data to file:33554432 bytes
***********WAITING************

Write the data to file:33554432 bytes
***********WAITING************

Write the data to file:33554432 bytes
***********WAITING************

Write the data to file:33554432 bytes
***********WAITING************

Write the data to file:33554432 bytes
***********WAITING************

Write the data to file:33554432 bytes
***********WAITING************

Write the data to file:33554432 bytes
***********WAITING************

Write the data to file:33554432 bytes
***********WAITING************

Write the data to file:33554432 bytes
***********WAITING************

Write the data to file:33554432 bytes
***********WAITING************

Write the data to file:33554432 bytes
***********WAITING************

Write the data to file:33554432 bytes
***********WAITING************

Write the data to file:33554432 bytes
***********WAITING************

Write the data to file:33554432 bytes
***********WAITING************

Write the data to file:33554432 bytes
***********WAITING************

Write the data to file:33554432 bytes
***********WAITING************

Write the data to file:33554432 bytes
***********WAITING************

Write the data to file:33554432 bytes
***********WAITING************

Write the data to file:33554432 bytes
***********WAITING************

Write the data to file:33554432 bytes
***********WAITING************

Write the data to file:33554432 bytes
***********WAITING************

Write the data to file:33554432 bytes
***********WAITING************

Write the data to file:33554432 bytes
***********WAITING************

Write the data to file:33554432 bytes
***********WAITING************

Write the data to file:33554432 bytes
***********WAITING************

Write the data to file:33554432 bytes
***********WAITING************

Write the data to file:33554432 bytes
***********WAITING************

Write the data to file:33554432 bytes
***********WAITING************

Write the data to file:33554432 bytes
***********WAITING************

Write the data to file:33554432 bytes
***********WAITING************

Write the data to file:33554432 bytes
***********WAITING************

Write the data to file:33554432 bytes
***********WAITING************

Write the data to file:33554432 bytes
***********WAITING************

Write the data to file:33554432 bytes
***********WAITING************

Write the data to file:33554432 bytes
***********WAITING************

Write the data to file:33554432 bytes
***********WAITING************

Write the data to file:33554432 bytes
***********WAITING************

Write the data to file:33554432 bytes
***********WAITING************

Write the data to file:33554432 bytes
***********WAITING************

Write the data to file:33554432 bytes
***********WAITING************

Write the data to file:33554432 bytes
***********WAITING************

Write the data to file:33554432 bytes
***********WAITING************

Write the data to file:33554432 bytes
***********WAITING************

Write the data to file:33554432 bytes
***********WAITING************

Write the data to file:33554432 bytes
***********WAITING************

Write the data to file:33554432 bytes
***********WAITING************

Write the data to file:33554432 bytes
***********WAITING************

Write the data to file:33554432 bytes
***********WAITING************

Write the data to file:33554432 bytes
***********WAITING************

Write the data to file:33554432 bytes
***********WAITING************

Write the data to file:33554432 bytes
***********WAITING************

Write the data to file:33554432 bytes
***********WAITING************

Write the data to file:33554432 bytes
***********WAITING************

Write the data to file:33554432 bytes
***********WAITING************

Write the data to file:33554432 bytes
***********WAITING************

Write the data to file:33554432 bytes
***********WAITING************

Write the data to file:33554432 bytes
***********WAITING************

Write the data to file:33554432 bytes
***********WAITING************

Write the data to file:33554432 bytes
***********WAITING************

Write the data to file:33554432 bytes
***********WAITING************

Write the data to file:33554432 bytes
***********WAITING************

Write the data to file:33554432 bytes
***********WAITING************

Write the data to file:33554432 bytes
***********WAITING************

Write the data to file:33554432 bytes
***********WAITING************

Write the data to file:33554432 bytes
***********WAITING************

Write the data to file:33554432 bytes
***********WAITING************

Write the data to file:33554432 bytes
***********WAITING************

Write the data to file:33554432 bytes
***********WAITING************

Write the data to file:33554432 bytes
***********WAITING************

Write the data to file:33554432 bytes
***********WAITING************

Write the data to file:33554432 bytes
***********WAITING************

Write the data to file:33554432 bytes
***********WAITING************

Write the data to file:33554432 bytes
***********WAITING************

Write the data to file:33554432 bytes
***********WAITING************

Write the data to file:33554432 bytes
***********WAITING************

Write the data to file:33554432 bytes
***********WAITING************

Write the data to file:33554432 bytes
***********WAITING************

Write the data to file:33554432 bytes
***********WAITING************

Write the data to file:33554432 bytes
***********WAITING************

Write the data to file:33554432 bytes
***********WAITING************

Write the data to file:33554432 bytes
***********WAITING************

Write the data to file:33554432 bytes
***********WAITING************

Write the data to file:33554432 bytes
***********WAITING************

Write the data to file:33554432 bytes
***********WAITING************

Write the data to file:33554432 bytes
***********WAITING************

Write the data to file:33554432 bytes
***********WAITING************

Write the data to file:33554432 bytes
***********WAITING************

Write the data to file:33554432 bytes
***********WAITING************

Write the data to file:33554432 bytes
***********WAITING************

Write the data to file:33554432 bytes
***********WAITING************

Write the data to file:33554432 bytes
***********WAITING************

Write the data to file:33554432 bytes
***********WAITING************

Write the data to file:33554432 bytes
***********WAITING************

Write the data to file:33554432 bytes
***********WAITING************

Write the data to file:33554432 bytes
***********WAITING************

Write the data to file:33554432 bytes
***********WAITING************

Write the data to file:33554432 bytes
***********WAITING************

Write the data to file:33554432 bytes
***********WAITING************

Write the data to file:33554432 bytes
***********WAITING************

Write the data to file:33554432 bytes
***********WAITING************

Write the data to file:33554432 bytes
***********WAITING************

Write the data to file:33554432 bytes
***********WAITING************

Write the data to file:33554432 bytes
***********WAITING************

Write the data to file:33554432 bytes
***********WAITING************

Write the data to file:33554432 bytes
***********WAITING************

Write the data to file:33554432 bytes
***********WAITING************

Write the data to file:33554432 bytes
***********WAITING************

Write the data to file:33554432 bytes
***********WAITING************

Write the data to file:33554432 bytes
***********WAITING************

Write the data to file:33554432 bytes
***********WAITING************

Write the data to file:33554432 bytes
***********WAITING************

Write the data to file:33554432 bytes
***********WAITING************

Write the data to file:33554432 bytes
***********WAITING************

Write the data to file:33554432 bytes
***********WAITING************

Write the data to file:33554432 bytes
***********WAITING************

Write the data to file:33554432 bytes
***********WAITING************

Write the data to file:33554432 bytes
***********WAITING************

Write the data to file:33554432 bytes
***********WAITING************

Write the data to file:33554432 bytes
***********WAITING************

Write the data to file:33554432 bytes
***********WAITING************

Write the data to file:33554432 bytes
***********WAITING************

Write the data to file:33554432 bytes
***********WAITING************

Write the data to file:33554432 bytes
***********WAITING************

Write the data to file:33554432 bytes
***********WAITING************

Write the data to file:33554432 bytes
***********WAITING************

Write the data to file:33554432 bytes
***********WAITING************

Write the data to file:33554432 bytes
***********WAITING************

Write the data to file:33554432 bytes
***********WAITING************

Write the data to file:33554432 bytes
***********WAITING************

Write the data to file:33554432 bytes
***********WAITING************

Write the data to file:33554432 bytes
***********WAITING************

Write the data to file:33554432 bytes
***********WAITING************

Write the data to file:33554432 bytes
***********WAITING************

Write the data to file:33554432 bytes
***********WAITING************

Write the data to file:33554432 bytes
***********WAITING************

Write the data to file:33554432 bytes
***********WAITING************

Write the data to file:33554432 bytes
***********WAITING************

Write the data to file:33554432 bytes
***********WAITING************

Write the data to file:33554432 bytes
***********WAITING************

Write the data to file:33554432 bytes
***********WAITING************

Write the data to file:33554432 bytes
***********WAITING************

Write the data to file:33554432 bytes
***********WAITING************

Write the data to file:33554432 bytes
***********WAITING************

Write the data to file:33554432 bytes
***********WAITING************

Write the data to file:33554432 bytes
***********WAITING************

Write the data to file:33554432 bytes
***********WAITING************

Write the data to file:33554432 bytes
***********WAITING************

Write the data to file:33554432 bytes
***********WAITING************

Write the data to file:33554432 bytes
***********WAITING************

Write the data to file:33554432 bytes
***********WAITING************

Write the data to file:33554432 bytes
***********WAITING************

Write the data to file:33554432 bytes
***********WAITING************

Write the data to file:33554432 bytes
***********WAITING************

Write the data to file:33554432 bytes
***********WAITING************

Write the data to file:33554432 bytes
***********WAITING************

Write the data to file:33554432 bytes
***********WAITING************

Write the data to file:33554432 bytes
***********WAITING************

Write the data to file:33554432 bytes
***********WAITING************

Write the data to file:33554432 bytes
***********WAITING************

Write the data to file:33554432 bytes
***********WAITING************

Write the data to file:33554432 bytes
***********WAITING************

Write the data to file:33554432 bytes
***********WAITING************

Write the data to file:33554432 bytes
***********WAITING************

Write the data to file:33554432 bytes
***********WAITING************

Write the data to file:33554432 bytes
***********WAITING************

Write the data to file:33554432 bytes
***********WAITING************

Write the data to file:33554432 bytes
***********WAITING************

Write the data to file:33554432 bytes
***********WAITING************

Write the data to file:33554432 bytes
***********WAITING************

Write the data to file:33554432 bytes
***********WAITING************

Write the data to file:33554432 bytes
***********WAITING************

Write the data to file:33554432 bytes
***********WAITING************

Write the data to file:33554432 bytes
***********WAITING************

Write the data to file:33554432 bytes
***********WAITING************

Write the data to file:33554432 bytes
***********WAITING************

Write the data to file:33554432 bytes
***********WAITING************

Write the data to file:33554432 bytes
***********WAITING************

Write the data to file:33554432 bytes
***********WAITING************

Write the data to file:33554432 bytes
***********WAITING************

Write the data to file:33554432 bytes
***********WAITING************

Write the data to file:33554432 bytes
***********WAITING************

Write the data to file:33554432 bytes
***********WAITING************

Write the data to file:33554432 bytes
***********WAITING************

Write the data to file:33554432 bytes
***********WAITING************

Write the data to file:33554432 bytes
***********WAITING************

Write the data to file:33554432 bytes
***********WAITING************

Write the data to file:33554432 bytes
***********WAITING************

Write the data to file:33554432 bytes
***********WAITING************

Write the data to file:33554432 bytes
***********WAITING************

Write the data to file:33554432 bytes
***********WAITING************

Write the data to file:33554432 bytes
***********WAITING************

Write the data to file:33554432 bytes
***********WAITING************

Write the data to file:33554432 bytes
***********WAITING************

Write the data to file:33554432 bytes
***********WAITING************

Write the data to file:33554432 bytes
***********WAITING************

Write the data to file:33554432 bytes
***********WAITING************

Write the data to file:33554432 bytes
***********WAITING************

Write the data to file:33554432 bytes
***********WAITING************

Write the data to file:33554432 bytes
***********WAITING************

Write the data to file:33554432 bytes
***********WAITING************

Write the data to file:33554432 bytes
***********WAITING************

Write the data to file:33554432 bytes
***********WAITING************

Write the data to file:33554432 bytes
***********WAITING************

Write the data to file:33554432 bytes
***********WAITING************

Write the data to file:33554432 bytes
***********WAITING************

Write the data to file:33554432 bytes
***********WAITING************

Write the data to file:33554432 bytes
***********WAITING************

Write the data to file:33554432 bytes
***********WAITING************

Write the data to file:33554432 bytes
***********WAITING************

Write the data to file:33554432 bytes
***********WAITING************

Write the data to file:33554432 bytes
***********WAITING************

Write the data to file:33554432 bytes
***********WAITING************

Write the data to file:33554432 bytes
***********WAITING************

Write the data to file:33554432 bytes
***********WAITING************

Write the data to file:33554432 bytes
***********WAITING************

Write the data to file:33554432 bytes
***********WAITING************

Write the data to file:33554432 bytes
***********WAITING************

Write the data to file:33554432 bytes
***********WAITING************

Write the data to file:33554432 bytes
***********WAITING************

Write the data to file:33554432 bytes
***********WAITING************

Write the data to file:33554432 bytes
***********WAITING************

Write the data to file:33554432 bytes
***********WAITING************

Write the data to file:33554432 bytes
***********WAITING************

Write the data to file:33554432 bytes
***********WAITING************

Write the data to file:33554432 bytes
***********WAITING************

Write the data to file:33554432 bytes
***********WAITING************

Write the data to file:33554432 bytes
***********WAITING************

Write the data to file:33554432 bytes
***********WAITING************

Write the data to file:33554432 bytes
***********WAITING************

Write the data to file:33554432 bytes
***********WAITING************

Write the data to file:33554432 bytes
***********WAITING************

Write the data to file:33554432 bytes
***********WAITING************

Write the data to file:33554432 bytes
***********WAITING************

Write the data to file:33554432 bytes
***********WAITING************

Write the data to file:33554432 bytes
***********WAITING************

Write the data to file:33554432 bytes
***********WAITING************

Write the data to file:33554432 bytes
***********WAITING************

Write the data to file:33554432 bytes
***********WAITING************

Write the data to file:33554432 bytes
***********WAITING************

Write the data to file:33554432 bytes
***********WAITING************

Write the data to file:33554432 bytes
***********WAITING************

Write the data to file:33554432 bytes
***********WAITING************

Write the data to file:33554432 bytes
***********WAITING************

Write the data to file:33554432 bytes
***********WAITING************

Write the data to file:33554432 bytes
***********WAITING************

Write the data to file:33554432 bytes
***********WAITING************

Write the data to file:33554432 bytes
***********WAITING************

Write the data to file:33554432 bytes
***********WAITING************

Write the data to file:33554432 bytes
***********WAITING************
S_cc         0.94   [      0.93:      0.95]
S_bw         0.26   [      0.26:      0.26]
S_w         30.25   [     30.25:     30.25]
          -------
S_total     31.45   [     31.45:     31.46]

build_S done
calc_W
build_S done
calc_W
nr_of_strided_rec: 1
nr_doubles: 524288
build_S done
calc_W
nr_of_strided_rec: 1
nr_doubles: 524288
build_S done
calc_W
nr_of_strided_rec: 1
nr_doubles: 524288
build_S done
calc_W
nr_of_strided_rec: 1
nr_doubles: 524288
build_S done
calc_W
nr_of_strided_rec: 1
nr_doubles: 524288
build_S done
calc_W
nr_of_strided_rec: 1
nr_doubles: 524288
build_S done
calc_W
nr_of_strided_rec: 1
nr_doubles: 524288
build_S done
calc_W
nr_of_strided_rec: 1
nr_doubles: 524288
build_S done
calc_W
nr_of_strided_rec: 1
nr_doubles: 524288
build_S done
calc_W
nr_of_strided_rec: 1
nr_doubles: 524288
build_S done
calc_W
nr_of_strided_rec: 1
nr_doubles: 524288
build_S done
calc_W
nr_of_strided_rec: 1
nr_doubles: 524288
build_S done
calc_W
nr_of_strided_rec: 1
nr_doubles: 524288
build_S done
calc_W
nr_of_strided_rec: 1
nr_doubles: 524288
build_S done
calc_W
nr_of_strided_rec: 1
nr_doubles: 524288
nr_of_strided_rec: 1
nr_doubles: 524288
nr_of_strided_rec: 1
nr_doubles: 524288
nr_of_strided_rec: 1
nr_doubles: 524288
nr_of_strided_rec: 1
nr_doubles: 524288
nr_of_strided_rec: 1
nr_doubles: 524288
nr_of_strided_rec: 1
nr_doubles: 524288
nr_of_strided_rec: 1
nr_doubles: 524288
nr_of_strided_rec: 1
nr_doubles: 524288
nr_of_strided_rec: 1
nr_doubles: 524288
nr_of_strided_rec: 1
nr_doubles: 524288
nr_of_strided_rec: 1
nr_doubles: 524288
nr_of_strided_rec: 1
nr_doubles: 524288
nr_of_strided_rec: 1
nr_doubles: 524288
nr_of_strided_rec: 1
nr_doubles: 524288
nr_of_strided_rec: 1
nr_doubles: 524288
nr_of_strided_rec: 1
nr_doubles: 524288
nr_of_strided_rec: 1
nr_doubles: 524288

Write the data to file:33554432 bytes
***********WAITING************

Write the data to file:33554432 bytes
***********WAITING************

Write the data to file:33554432 bytes
***********WAITING************

Write the data to file:33554432 bytes
***********WAITING************

Write the data to file:33554432 bytes
***********WAITING************

Write the data to file:33554432 bytes
***********WAITING************

Write the data to file:33554432 bytes
***********WAITING************

Write the data to file:33554432 bytes
***********WAITING************

Write the data to file:33554432 bytes
***********WAITING************

Write the data to file:33554432 bytes
***********WAITING************

Write the data to file:33554432 bytes
***********WAITING************

Write the data to file:33554432 bytes
***********WAITING************

Write the data to file:33554432 bytes
***********WAITING************

Write the data to file:33554432 bytes
***********WAITING************

Write the data to file:33554432 bytes
***********WAITING************

Write the data to file:33554432 bytes
***********WAITING************
nr_of_strided_rec: 1
nr_doubles: 524288
nr_of_strided_rec: 1
nr_doubles: 524288
nr_of_strided_rec: 1
nr_doubles: 524288
nr_of_strided_rec: 1
nr_doubles: 524288
nr_of_strided_rec: 1
nr_doubles: 524288
nr_of_strided_rec: 1
nr_doubles: 524288
nr_of_strided_rec: 1
nr_doubles: 524288
nr_of_strided_rec: 1
nr_doubles: 524288
nr_of_strided_rec: 1
nr_doubles: 524288
nr_of_strided_rec: 1
nr_doubles: 524288
nr_of_strided_rec: 1
nr_doubles: 524288
nr_of_strided_rec: 1
nr_doubles: 524288
nr_of_strided_rec: 1
nr_doubles: 524288
nr_of_strided_rec: 1
nr_doubles: 524288
nr_of_strided_rec: 1
nr_doubles: 524288
nr_of_strided_rec: 1
nr_doubles: 524288

Write the data to file:33554432 bytes
***********WAITING************

Write the data to file:33554432 bytes
***********WAITING************

Write the data to file:33554432 bytes
***********WAITING************

Write the data to file:33554432 bytes
***********WAITING************

Write the data to file:33554432 bytes
***********WAITING************

Write the data to file:33554432 bytes
***********WAITING************

Write the data to file:33554432 bytes
***********WAITING************

Write the data to file:33554432 bytes
***********WAITING************

Write the data to file:33554432 bytes
***********WAITING************

Write the data to file:33554432 bytes
***********WAITING************

Write the data to file:33554432 bytes
***********WAITING************

Write the data to file:33554432 bytes
***********WAITING************

Write the data to file:33554432 bytes
***********WAITING************

Write the data to file:33554432 bytes
***********WAITING************

Write the data to file:33554432 bytes
***********WAITING************

Write the data to file:33554432 bytes
***********WAITING************
nr_of_strided_rec: 1
nr_doubles: 524288
nr_of_strided_rec: 1
nr_doubles: 524288
nr_of_strided_rec: 1
nr_doubles: 524288
nr_of_strided_rec: 1
nr_doubles: 524288
nr_of_strided_rec: 1
nr_doubles: 524288
nr_of_strided_rec: 1
nr_doubles: 524288
nr_of_strided_rec: 1
nr_doubles: 524288
nr_of_strided_rec: 1
nr_doubles: 524288
nr_of_strided_rec: 1
nr_doubles: 524288
nr_of_strided_rec: 1
nr_doubles: 524288
nr_of_strided_rec: 1
nr_doubles: 524288
nr_of_strided_rec: 1
nr_doubles: 524288
nr_of_strided_rec: 1
nr_doubles: 524288
nr_of_strided_rec: 1
nr_doubles: 524288
nr_of_strided_rec: 1
nr_doubles: 524288
nr_of_strided_rec: 1
nr_doubles: 524288

Write the data to file:33554432 bytes
***********WAITING************

Write the data to file:33554432 bytes
***********WAITING************

Write the data to file:33554432 bytes
***********WAITING************

Write the data to file:33554432 bytes
***********WAITING************

Write the data to file:33554432 bytes
***********WAITING************

Write the data to file:33554432 bytes
***********WAITING************

Write the data to file:33554432 bytes
***********WAITING************

Write the data to file:33554432 bytes
***********WAITING************

Write the data to file:33554432 bytes
***********WAITING************

Write the data to file:33554432 bytes
***********WAITING************

Write the data to file:33554432 bytes
***********WAITING************

Write the data to file:33554432 bytes
***********WAITING************

Write the data to file:33554432 bytes
***********WAITING************

Write the data to file:33554432 bytes
***********WAITING************

Write the data to file:33554432 bytes
***********WAITING************

Write the data to file:33554432 bytes
***********WAITING************
nr_of_strided_rec: 1
nr_doubles: 524288
nr_of_strided_rec: 1
nr_doubles: 524288
nr_of_strided_rec: 1
nr_doubles: 524288
nr_of_strided_rec: 1
nr_doubles: 524288
nr_of_strided_rec: 1
nr_doubles: 524288
nr_of_strided_rec: 1
nr_doubles: 524288
nr_of_strided_rec: 1
nr_doubles: 524288
nr_of_strided_rec: 1
nr_doubles: 524288
nr_of_strided_rec: 1
nr_doubles: 524288
nr_of_strided_rec: 1
nr_doubles: 524288
nr_of_strided_rec: 1
nr_doubles: 524288
nr_of_strided_rec: 1
nr_doubles: 524288
nr_of_strided_rec: 1
nr_doubles: 524288
nr_of_strided_rec: 1
nr_doubles: 524288
nr_of_strided_rec: 1
nr_doubles: 524288
nr_of_strided_rec: 1
nr_doubles: 524288

Write the data to file:33554432 bytes
***********WAITING************

Write the data to file:33554432 bytes
***********WAITING************

Write the data to file:33554432 bytes
***********WAITING************

Write the data to file:33554432 bytes
***********WAITING************

Write the data to file:33554432 bytes
***********WAITING************

Write the data to file:33554432 bytes
***********WAITING************

Write the data to file:33554432 bytes
***********WAITING************

Write the data to file:33554432 bytes
***********WAITING************

Write the data to file:33554432 bytes
***********WAITING************

Write the data to file:33554432 bytes
***********WAITING************

Write the data to file:33554432 bytes
***********WAITING************

Write the data to file:33554432 bytes
***********WAITING************

Write the data to file:33554432 bytes
***********WAITING************

Write the data to file:33554432 bytes
***********WAITING************

Write the data to file:33554432 bytes
***********WAITING************

Write the data to file:33554432 bytes
***********WAITING************
nr_of_strided_rec: 1
nr_doubles: 524288
nr_of_strided_rec: 1
nr_doubles: 524288
nr_of_strided_rec: 1
nr_doubles: 524288
nr_of_strided_rec: 1
nr_doubles: 524288
nr_of_strided_rec: 1
nr_doubles: 524288
nr_of_strided_rec: 1
nr_doubles: 524288
nr_of_strided_rec: 1
nr_doubles: 524288
nr_of_strided_rec: 1
nr_doubles: 524288
nr_of_strided_rec: 1
nr_doubles: 524288
nr_of_strided_rec: 1
nr_doubles: 524288
nr_of_strided_rec: 1
nr_doubles: 524288
nr_of_strided_rec: 1
nr_doubles: 524288
nr_of_strided_rec: 1
nr_doubles: 524288
nr_of_strided_rec: 1
nr_doubles: 524288
nr_of_strided_rec: 1
nr_doubles: 524288
nr_of_strided_rec: 1
nr_doubles: 524288

Write the data to file:33554432 bytes
***********WAITING************

Write the data to file:33554432 bytes
***********WAITING************

Write the data to file:33554432 bytes
***********WAITING************

Write the data to file:33554432 bytes
***********WAITING************

Write the data to file:33554432 bytes
***********WAITING************

Write the data to file:33554432 bytes
***********WAITING************

Write the data to file:33554432 bytes
***********WAITING************

Write the data to file:33554432 bytes
***********WAITING************

Write the data to file:33554432 bytes
***********WAITING************

Write the data to file:33554432 bytes
***********WAITING************

Write the data to file:33554432 bytes
***********WAITING************

Write the data to file:33554432 bytes
***********WAITING************

Write the data to file:33554432 bytes
***********WAITING************

Write the data to file:33554432 bytes
***********WAITING************

Write the data to file:33554432 bytes
***********WAITING************

Write the data to file:33554432 bytes
***********WAITING************
nr_of_strided_rec: 1
nr_doubles: 524288
nr_of_strided_rec: 1
nr_doubles: 524288
nr_of_strided_rec: 1
nr_doubles: 524288
nr_of_strided_rec: 1
nr_doubles: 524288
nr_of_strided_rec: 1
nr_doubles: 524288
nr_of_strided_rec: 1
nr_doubles: 524288
nr_of_strided_rec: 1
nr_doubles: 524288
nr_of_strided_rec: 1
nr_doubles: 524288
nr_of_strided_rec: 1
nr_doubles: 524288
nr_of_strided_rec: 1
nr_doubles: 524288
nr_of_strided_rec: 1
nr_doubles: 524288
nr_of_strided_rec: 1
nr_doubles: 524288
nr_of_strided_rec: 1
nr_doubles: 524288
nr_of_strided_rec: 1
nr_doubles: 524288
nr_of_strided_rec: 1
nr_doubles: 524288
nr_of_strided_rec: 1
nr_doubles: 524288

Write the data to file:33554432 bytes
***********WAITING************

Write the data to file:33554432 bytes
***********WAITING************

Write the data to file:33554432 bytes
***********WAITING************

Write the data to file:33554432 bytes
***********WAITING************

Write the data to file:33554432 bytes
***********WAITING************

Write the data to file:33554432 bytes
***********WAITING************

Write the data to file:33554432 bytes
***********WAITING************

Write the data to file:33554432 bytes
***********WAITING************

Write the data to file:33554432 bytes
***********WAITING************

Write the data to file:33554432 bytes
***********WAITING************

Write the data to file:33554432 bytes
***********WAITING************

Write the data to file:33554432 bytes
***********WAITING************

Write the data to file:33554432 bytes
***********WAITING************

Write the data to file:33554432 bytes
***********WAITING************

Write the data to file:33554432 bytes
***********WAITING************

Write the data to file:33554432 bytes
***********WAITING************
nr_of_strided_rec: 1
nr_doubles: 524288
nr_of_strided_rec: 1
nr_doubles: 524288
nr_of_strided_rec: 1
nr_doubles: 524288
nr_of_strided_rec: 1
nr_doubles: 524288
nr_of_strided_rec: 1
nr_doubles: 524288
nr_of_strided_rec: 1
nr_doubles: 524288
nr_of_strided_rec: 1
nr_doubles: 524288
nr_of_strided_rec: 1
nr_doubles: 524288
nr_of_strided_rec: 1
nr_doubles: 524288
nr_of_strided_rec: 1
nr_doubles: 524288
nr_of_strided_rec: 1
nr_doubles: 524288
nr_of_strided_rec: 1
nr_doubles: 524288
nr_of_strided_rec: 1
nr_doubles: 524288
nr_of_strided_rec: 1
nr_doubles: 524288
nr_of_strided_rec: 1
nr_doubles: 524288
nr_of_strided_rec: 1
nr_doubles: 524288

Write the data to file:33554432 bytes
***********WAITING************

Write the data to file:33554432 bytes
***********WAITING************

Write the data to file:33554432 bytes
***********WAITING************

Write the data to file:33554432 bytes
***********WAITING************

Write the data to file:33554432 bytes
***********WAITING************

Write the data to file:33554432 bytes
***********WAITING************

Write the data to file:33554432 bytes
***********WAITING************

Write the data to file:33554432 bytes
***********WAITING************

Write the data to file:33554432 bytes
***********WAITING************

Write the data to file:33554432 bytes
***********WAITING************

Write the data to file:33554432 bytes
***********WAITING************

Write the data to file:33554432 bytes
***********WAITING************

Write the data to file:33554432 bytes
***********WAITING************

Write the data to file:33554432 bytes
***********WAITING************

Write the data to file:33554432 bytes
***********WAITING************

Write the data to file:33554432 bytes
***********WAITING************
nr_of_strided_rec: 1
nr_doubles: 524288
nr_of_strided_rec: 1
nr_doubles: 524288
nr_of_strided_rec: 1
nr_doubles: 524288
nr_of_strided_rec: 1
nr_doubles: 524288
nr_of_strided_rec: 1
nr_doubles: 524288
nr_of_strided_rec: 1
nr_doubles: 524288
nr_of_strided_rec: 1
nr_doubles: 524288
nr_of_strided_rec: 1
nr_doubles: 524288
nr_of_strided_rec: 1
nr_doubles: 524288
nr_of_strided_rec: 1
nr_doubles: 524288
nr_of_strided_rec: 1
nr_doubles: 524288
nr_of_strided_rec: 1
nr_doubles: 524288
nr_of_strided_rec: 1
nr_doubles: 524288
nr_of_strided_rec: 1
nr_doubles: 524288
nr_of_strided_rec: 1
nr_doubles: 524288
nr_of_strided_rec: 1
nr_doubles: 524288

Write the data to file:33554432 bytes
***********WAITING************

Write the data to file:33554432 bytes
***********WAITING************

Write the data to file:33554432 bytes
***********WAITING************

Write the data to file:33554432 bytes
***********WAITING************

Write the data to file:33554432 bytes
***********WAITING************

Write the data to file:33554432 bytes
***********WAITING************

Write the data to file:33554432 bytes
***********WAITING************

Write the data to file:33554432 bytes
***********WAITING************

Write the data to file:33554432 bytes
***********WAITING************

Write the data to file:33554432 bytes
***********WAITING************

Write the data to file:33554432 bytes
***********WAITING************

Write the data to file:33554432 bytes
***********WAITING************

Write the data to file:33554432 bytes
***********WAITING************

Write the data to file:33554432 bytes
***********WAITING************

Write the data to file:33554432 bytes
***********WAITING************

Write the data to file:33554432 bytes
***********WAITING************
nr_of_strided_rec: 1
nr_doubles: 524288
nr_of_strided_rec: 1
nr_doubles: 524288
nr_of_strided_rec: 1
nr_doubles: 524288
nr_of_strided_rec: 1
nr_doubles: 524288
nr_of_strided_rec: 1
nr_doubles: 524288
nr_of_strided_rec: 1
nr_doubles: 524288
nr_of_strided_rec: 1
nr_doubles: 524288
nr_of_strided_rec: 1
nr_doubles: 524288
nr_of_strided_rec: 1
nr_doubles: 524288
nr_of_strided_rec: 1
nr_doubles: 524288
nr_of_strided_rec: 1
nr_doubles: 524288
nr_of_strided_rec: 1
nr_doubles: 524288
nr_of_strided_rec: 1
nr_doubles: 524288
nr_of_strided_rec: 1
nr_doubles: 524288
nr_of_strided_rec: 1
nr_doubles: 524288
nr_of_strided_rec: 1
nr_doubles: 524288

Write the data to file:33554432 bytes
***********WAITING************

Write the data to file:33554432 bytes
***********WAITING************

Write the data to file:33554432 bytes
***********WAITING************

Write the data to file:33554432 bytes
***********WAITING************

Write the data to file:33554432 bytes
***********WAITING************

Write the data to file:33554432 bytes
***********WAITING************

Write the data to file:33554432 bytes
***********WAITING************

Write the data to file:33554432 bytes
***********WAITING************

Write the data to file:33554432 bytes
***********WAITING************

Write the data to file:33554432 bytes
***********WAITING************

Write the data to file:33554432 bytes
***********WAITING************

Write the data to file:33554432 bytes
***********WAITING************

Write the data to file:33554432 bytes
***********WAITING************

Write the data to file:33554432 bytes
***********WAITING************

Write the data to file:33554432 bytes
***********WAITING************

Write the data to file:33554432 bytes
***********WAITING************
nr_of_strided_rec: 1
nr_doubles: 524288
nr_of_strided_rec: 1
nr_doubles: 524288
nr_of_strided_rec: 1
nr_doubles: 524288
nr_of_strided_rec: 1
nr_doubles: 524288
nr_of_strided_rec: 1
nr_doubles: 524288
nr_of_strided_rec: 1
nr_doubles: 524288
nr_of_strided_rec: 1
nr_doubles: 524288
nr_of_strided_rec: 1
nr_doubles: 524288
nr_of_strided_rec: 1
nr_doubles: 524288
nr_of_strided_rec: 1
nr_doubles: 524288
nr_of_strided_rec: 1
nr_doubles: 524288
nr_of_strided_rec: 1
nr_doubles: 524288
nr_of_strided_rec: 1
nr_doubles: 524288
nr_of_strided_rec: 1
nr_doubles: 524288
nr_of_strided_rec: 1
nr_doubles: 524288
nr_of_strided_rec: 1
nr_doubles: 524288

Write the data to file:33554432 bytes
***********WAITING************

Write the data to file:33554432 bytes
***********WAITING************

Write the data to file:33554432 bytes
***********WAITING************

Write the data to file:33554432 bytes
***********WAITING************

Write the data to file:33554432 bytes
***********WAITING************

Write the data to file:33554432 bytes
***********WAITING************

Write the data to file:33554432 bytes
***********WAITING************

Write the data to file:33554432 bytes
***********WAITING************

Write the data to file:33554432 bytes
***********WAITING************

Write the data to file:33554432 bytes
***********WAITING************

Write the data to file:33554432 bytes
***********WAITING************

Write the data to file:33554432 bytes
***********WAITING************

Write the data to file:33554432 bytes
***********WAITING************

Write the data to file:33554432 bytes
***********WAITING************

Write the data to file:33554432 bytes
***********WAITING************

Write the data to file:33554432 bytes
***********WAITING************
nr_of_strided_rec: 1
nr_doubles: 524288
nr_of_strided_rec: 1
nr_doubles: 524288
nr_of_strided_rec: 1
nr_doubles: 524288
nr_of_strided_rec: 1
nr_doubles: 524288
nr_of_strided_rec: 1
nr_doubles: 524288
nr_of_strided_rec: 1
nr_doubles: 524288
nr_of_strided_rec: 1
nr_doubles: 524288
nr_of_strided_rec: 1
nr_doubles: 524288
nr_of_strided_rec: 1
nr_doubles: 524288
nr_of_strided_rec: 1
nr_doubles: 524288
nr_of_strided_rec: 1
nr_doubles: 524288
nr_of_strided_rec: 1
nr_doubles: 524288
nr_of_strided_rec: 1
nr_doubles: 524288
nr_of_strided_rec: 1
nr_doubles: 524288
nr_of_strided_rec: 1
nr_doubles: 524288
nr_of_strided_rec: 1
nr_doubles: 524288

Write the data to file:33554432 bytes
***********WAITING************

Write the data to file:33554432 bytes
***********WAITING************

Write the data to file:33554432 bytes
***********WAITING************

Write the data to file:33554432 bytes
***********WAITING************

Write the data to file:33554432 bytes
***********WAITING************

Write the data to file:33554432 bytes
***********WAITING************

Write the data to file:33554432 bytes
***********WAITING************

Write the data to file:33554432 bytes
***********WAITING************

Write the data to file:33554432 bytes
***********WAITING************

Write the data to file:33554432 bytes
***********WAITING************

Write the data to file:33554432 bytes
***********WAITING************

Write the data to file:33554432 bytes
***********WAITING************

Write the data to file:33554432 bytes
***********WAITING************

Write the data to file:33554432 bytes
***********WAITING************

Write the data to file:33554432 bytes
***********WAITING************

Write the data to file:33554432 bytes
***********WAITING************
nr_of_strided_rec: 1
nr_doubles: 524288
nr_of_strided_rec: 1
nr_doubles: 524288
nr_of_strided_rec: 1
nr_doubles: 524288
nr_of_strided_rec: 1
nr_doubles: 524288
nr_of_strided_rec: 1
nr_doubles: 524288
nr_of_strided_rec: 1
nr_doubles: 524288
nr_of_strided_rec: 1
nr_doubles: 524288
nr_of_strided_rec: 1
nr_doubles: 524288
nr_of_strided_rec: 1
nr_doubles: 524288
nr_of_strided_rec: 1
nr_doubles: 524288
nr_of_strided_rec: 1
nr_doubles: 524288
nr_of_strided_rec: 1
nr_doubles: 524288
nr_of_strided_rec: 1
nr_doubles: 524288
nr_of_strided_rec: 1
nr_doubles: 524288
nr_of_strided_rec: 1
nr_doubles: 524288
nr_of_strided_rec: 1
nr_doubles: 524288

Write the data to file:33554432 bytes
***********WAITING************

Write the data to file:33554432 bytes
***********WAITING************

Write the data to file:33554432 bytes
***********WAITING************

Write the data to file:33554432 bytes
***********WAITING************

Write the data to file:33554432 bytes
***********WAITING************

Write the data to file:33554432 bytes
***********WAITING************

Write the data to file:33554432 bytes
***********WAITING************

Write the data to file:33554432 bytes
***********WAITING************

Write the data to file:33554432 bytes
***********WAITING************

Write the data to file:33554432 bytes
***********WAITING************

Write the data to file:33554432 bytes
***********WAITING************

Write the data to file:33554432 bytes
***********WAITING************

Write the data to file:33554432 bytes
***********WAITING************

Write the data to file:33554432 bytes
***********WAITING************

Write the data to file:33554432 bytes
***********WAITING************

Write the data to file:33554432 bytes
***********WAITING************
nr_of_strided_rec: 1
nr_doubles: 524288
nr_of_strided_rec: 1
nr_doubles: 524288
nr_of_strided_rec: 1
nr_doubles: 524288
nr_of_strided_rec: 1
nr_doubles: 524288
nr_of_strided_rec: 1
nr_doubles: 524288
nr_of_strided_rec: 1
nr_doubles: 524288
nr_of_strided_rec: 1
nr_doubles: 524288
nr_of_strided_rec: 1
nr_doubles: 524288
nr_of_strided_rec: 1
nr_doubles: 524288
nr_of_strided_rec: 1
nr_doubles: 524288
nr_of_strided_rec: 1
nr_doubles: 524288
nr_of_strided_rec: 1
nr_doubles: 524288
nr_of_strided_rec: 1
nr_doubles: 524288
nr_of_strided_rec: 1
nr_doubles: 524288
nr_of_strided_rec: 1
nr_doubles: 524288
nr_of_strided_rec: 1
nr_doubles: 524288

Write the data to file:33554432 bytes
***********WAITING************

Write the data to file:33554432 bytes
***********WAITING************

Write the data to file:33554432 bytes
***********WAITING************

Write the data to file:33554432 bytes
***********WAITING************

Write the data to file:33554432 bytes
***********WAITING************

Write the data to file:33554432 bytes
***********WAITING************

Write the data to file:33554432 bytes
***********WAITING************

Write the data to file:33554432 bytes
***********WAITING************

Write the data to file:33554432 bytes
***********WAITING************

Write the data to file:33554432 bytes
***********WAITING************

Write the data to file:33554432 bytes
***********WAITING************

Write the data to file:33554432 bytes
***********WAITING************

Write the data to file:33554432 bytes
***********WAITING************

Write the data to file:33554432 bytes
***********WAITING************

Write the data to file:33554432 bytes
***********WAITING************

Write the data to file:33554432 bytes
***********WAITING************
nr_of_strided_rec: 1
nr_doubles: 524288
nr_of_strided_rec: 1
nr_doubles: 524288
nr_of_strided_rec: 1
nr_doubles: 524288
nr_of_strided_rec: 1
nr_doubles: 524288
nr_of_strided_rec: 1
nr_doubles: 524288
nr_of_strided_rec: 1
nr_doubles: 524288
nr_of_strided_rec: 1
nr_doubles: 524288
nr_of_strided_rec: 1
nr_doubles: 524288
nr_of_strided_rec: 1
nr_doubles: 524288
nr_of_strided_rec: 1
nr_doubles: 524288
nr_of_strided_rec: 1
nr_doubles: 524288
nr_of_strided_rec: 1
nr_doubles: 524288
nr_of_strided_rec: 1
nr_doubles: 524288
nr_of_strided_rec: 1
nr_doubles: 524288
nr_of_strided_rec: 1
nr_doubles: 524288
nr_of_strided_rec: 1
nr_doubles: 524288

Write the data to file:33554432 bytes
***********WAITING************

Write the data to file:33554432 bytes
***********WAITING************

Write the data to file:33554432 bytes
***********WAITING************

Write the data to file:33554432 bytes
***********WAITING************

Write the data to file:33554432 bytes
***********WAITING************

Write the data to file:33554432 bytes
***********WAITING************

Write the data to file:33554432 bytes
***********WAITING************

Write the data to file:33554432 bytes
***********WAITING************

Write the data to file:33554432 bytes
***********WAITING************

Write the data to file:33554432 bytes
***********WAITING************

Write the data to file:33554432 bytes
***********WAITING************

Write the data to file:33554432 bytes
***********WAITING************

Write the data to file:33554432 bytes
***********WAITING************

Write the data to file:33554432 bytes
***********WAITING************

Write the data to file:33554432 bytes
***********WAITING************

Write the data to file:33554432 bytes
***********WAITING************
nr_of_strided_rec: 1
nr_doubles: 524288
nr_of_strided_rec: 1
nr_doubles: 524288
nr_of_strided_rec: 1
nr_doubles: 524288
nr_of_strided_rec: 1
nr_doubles: 524288
nr_of_strided_rec: 1
nr_doubles: 524288
nr_of_strided_rec: 1
nr_doubles: 524288
nr_of_strided_rec: 1
nr_doubles: 524288
nr_of_strided_rec: 1
nr_doubles: 524288
nr_of_strided_rec: 1
nr_doubles: 524288
nr_of_strided_rec: 1
nr_doubles: 524288
nr_of_strided_rec: 1
nr_doubles: 524288
nr_of_strided_rec: 1
nr_doubles: 524288
nr_of_strided_rec: 1
nr_doubles: 524288
nr_of_strided_rec: 1
nr_doubles: 524288
nr_of_strided_rec: 1
nr_doubles: 524288
nr_of_strided_rec: 1
nr_doubles: 524288

Write the data to file:33554432 bytes
***********WAITING************

Write the data to file:33554432 bytes
***********WAITING************

Write the data to file:33554432 bytes
***********WAITING************

Write the data to file:33554432 bytes
***********WAITING************

Write the data to file:33554432 bytes
***********WAITING************

Write the data to file:33554432 bytes
***********WAITING************

Write the data to file:33554432 bytes
***********WAITING************

Write the data to file:33554432 bytes
***********WAITING************

Write the data to file:33554432 bytes
***********WAITING************

Write the data to file:33554432 bytes
***********WAITING************

Write the data to file:33554432 bytes
***********WAITING************

Write the data to file:33554432 bytes
***********WAITING************

Write the data to file:33554432 bytes
***********WAITING************

Write the data to file:33554432 bytes
***********WAITING************

Write the data to file:33554432 bytes
***********WAITING************

Write the data to file:33554432 bytes
***********WAITING************
nr_of_strided_rec: 1
nr_doubles: 524288
nr_of_strided_rec: 1
nr_doubles: 524288
nr_of_strided_rec: 1
nr_doubles: 524288
nr_of_strided_rec: 1
nr_doubles: 524288
nr_of_strided_rec: 1
nr_doubles: 524288
nr_of_strided_rec: 1
nr_doubles: 524288
nr_of_strided_rec: 1
nr_doubles: 524288
nr_of_strided_rec: 1
nr_doubles: 524288
nr_of_strided_rec: 1
nr_doubles: 524288
nr_of_strided_rec: 1
nr_doubles: 524288
nr_of_strided_rec: 1
nr_doubles: 524288
nr_of_strided_rec: 1
nr_doubles: 524288
nr_of_strided_rec: 1
nr_doubles: 524288
nr_of_strided_rec: 1
nr_doubles: 524288
nr_of_strided_rec: 1
nr_doubles: 524288
nr_of_strided_rec: 1
nr_doubles: 524288

Write the data to file:33554432 bytes
***********WAITING************

Write the data to file:33554432 bytes
***********WAITING************

Write the data to file:33554432 bytes
***********WAITING************

Write the data to file:33554432 bytes
***********WAITING************

Write the data to file:33554432 bytes
***********WAITING************

Write the data to file:33554432 bytes
***********WAITING************

Write the data to file:33554432 bytes
***********WAITING************

Write the data to file:33554432 bytes
***********WAITING************

Write the data to file:33554432 bytes
***********WAITING************

Write the data to file:33554432 bytes
***********WAITING************

Write the data to file:33554432 bytes
***********WAITING************

Write the data to file:33554432 bytes
***********WAITING************

Write the data to file:33554432 bytes
***********WAITING************

Write the data to file:33554432 bytes
***********WAITING************

Write the data to file:33554432 bytes
***********WAITING************

Write the data to file:33554432 bytes
***********WAITING************
nr_of_strided_rec: 1
nr_doubles: 524288
nr_of_strided_rec: 1
nr_doubles: 524288
nr_of_strided_rec: 1
nr_doubles: 524288
nr_of_strided_rec: 1
nr_doubles: 524288
nr_of_strided_rec: 1
nr_doubles: 524288
nr_of_strided_rec: 1
nr_doubles: 524288
nr_of_strided_rec: 1
nr_doubles: 524288
nr_of_strided_rec: 1
nr_doubles: 524288
nr_of_strided_rec: 1
nr_doubles: 524288
nr_of_strided_rec: 1
nr_doubles: 524288
nr_of_strided_rec: 1
nr_doubles: 524288
nr_of_strided_rec: 1
nr_doubles: 524288
nr_of_strided_rec: 1
nr_doubles: 524288
nr_of_strided_rec: 1
nr_doubles: 524288
nr_of_strided_rec: 1
nr_doubles: 524288
nr_of_strided_rec: 1
nr_doubles: 524288

Write the data to file:33554432 bytes
***********WAITING************

Write the data to file:33554432 bytes
***********WAITING************

Write the data to file:33554432 bytes
***********WAITING************

Write the data to file:33554432 bytes
***********WAITING************

Write the data to file:33554432 bytes
***********WAITING************

Write the data to file:33554432 bytes
***********WAITING************

Write the data to file:33554432 bytes
***********WAITING************

Write the data to file:33554432 bytes
***********WAITING************

Write the data to file:33554432 bytes
***********WAITING************

Write the data to file:33554432 bytes
***********WAITING************

Write the data to file:33554432 bytes
***********WAITING************

Write the data to file:33554432 bytes
***********WAITING************

Write the data to file:33554432 bytes
***********WAITING************

Write the data to file:33554432 bytes
***********WAITING************

Write the data to file:33554432 bytes
***********WAITING************

Write the data to file:33554432 bytes
***********WAITING************
nr_of_strided_rec: 1
nr_doubles: 524288
nr_of_strided_rec: 1
nr_doubles: 524288
nr_of_strided_rec: 1
nr_doubles: 524288
nr_of_strided_rec: 1
nr_doubles: 524288
nr_of_strided_rec: 1
nr_doubles: 524288
nr_of_strided_rec: 1
nr_doubles: 524288
nr_of_strided_rec: 1
nr_doubles: 524288
nr_of_strided_rec: 1
nr_doubles: 524288
nr_of_strided_rec: 1
nr_doubles: 524288
nr_of_strided_rec: 1
nr_doubles: 524288
nr_of_strided_rec: 1
nr_doubles: 524288
nr_of_strided_rec: 1
nr_doubles: 524288
nr_of_strided_rec: 1
nr_doubles: 524288
nr_of_strided_rec: 1
nr_doubles: 524288
nr_of_strided_rec: 1
nr_doubles: 524288
nr_of_strided_rec: 1
nr_doubles: 524288

Write the data to file:33554432 bytes
***********WAITING************

Write the data to file:33554432 bytes
***********WAITING************

Write the data to file:33554432 bytes
***********WAITING************

Write the data to file:33554432 bytes
***********WAITING************

Write the data to file:33554432 bytes
***********WAITING************

Write the data to file:33554432 bytes
***********WAITING************

Write the data to file:33554432 bytes
***********WAITING************

Write the data to file:33554432 bytes
***********WAITING************

Write the data to file:33554432 bytes
***********WAITING************

Write the data to file:33554432 bytes
***********WAITING************

Write the data to file:33554432 bytes
***********WAITING************

Write the data to file:33554432 bytes
***********WAITING************

Write the data to file:33554432 bytes
***********WAITING************

Write the data to file:33554432 bytes
***********WAITING************

Write the data to file:33554432 bytes
***********WAITING************

Write the data to file:33554432 bytes
***********WAITING************
nr_of_strided_rec: 1
nr_doubles: 524288
nr_of_strided_rec: 1
nr_doubles: 524288
nr_of_strided_rec: 1
nr_doubles: 524288
nr_of_strided_rec: 1
nr_doubles: 524288
nr_of_strided_rec: 1
nr_doubles: 524288
nr_of_strided_rec: 1
nr_doubles: 524288
nr_of_strided_rec: 1
nr_doubles: 524288
nr_of_strided_rec: 1
nr_doubles: 524288
nr_of_strided_rec: 1
nr_doubles: 524288
nr_of_strided_rec: 1
nr_doubles: 524288
nr_of_strided_rec: 1
nr_doubles: 524288
nr_of_strided_rec: 1
nr_doubles: 524288
nr_of_strided_rec: 1
nr_doubles: 524288
nr_of_strided_rec: 1
nr_doubles: 524288
nr_of_strided_rec: 1
nr_doubles: 524288
nr_of_strided_rec: 1
nr_doubles: 524288

Write the data to file:33554432 bytes
***********WAITING************

Write the data to file:33554432 bytes
***********WAITING************

Write the data to file:33554432 bytes
***********WAITING************

Write the data to file:33554432 bytes
***********WAITING************

Write the data to file:33554432 bytes
***********WAITING************

Write the data to file:33554432 bytes
***********WAITING************

Write the data to file:33554432 bytes
***********WAITING************

Write the data to file:33554432 bytes
***********WAITING************

Write the data to file:33554432 bytes
***********WAITING************

Write the data to file:33554432 bytes
***********WAITING************

Write the data to file:33554432 bytes
***********WAITING************

Write the data to file:33554432 bytes
***********WAITING************

Write the data to file:33554432 bytes
***********WAITING************

Write the data to file:33554432 bytes
***********WAITING************

Write the data to file:33554432 bytes
***********WAITING************

Write the data to file:33554432 bytes
***********WAITING************
nr_of_strided_rec: 1
nr_doubles: 524288
nr_of_strided_rec: 1
nr_doubles: 524288
nr_of_strided_rec: 1
nr_doubles: 524288
nr_of_strided_rec: 1
nr_doubles: 524288
nr_of_strided_rec: 1
nr_doubles: 524288
nr_of_strided_rec: 1
nr_doubles: 524288
nr_of_strided_rec: 1
nr_doubles: 524288
nr_of_strided_rec: 1
nr_doubles: 524288
nr_of_strided_rec: 1
nr_doubles: 524288
nr_of_strided_rec: 1
nr_doubles: 524288
nr_of_strided_rec: 1
nr_doubles: 524288
nr_of_strided_rec: 1
nr_doubles: 524288
nr_of_strided_rec: 1
nr_doubles: 524288
nr_of_strided_rec: 1
nr_doubles: 524288
nr_of_strided_rec: 1
nr_doubles: 524288
nr_of_strided_rec: 1
nr_doubles: 524288

Write the data to file:33554432 bytes
***********WAITING************

Write the data to file:33554432 bytes
***********WAITING************

Write the data to file:33554432 bytes
***********WAITING************

Write the data to file:33554432 bytes
***********WAITING************

Write the data to file:33554432 bytes
***********WAITING************

Write the data to file:33554432 bytes
***********WAITING************

Write the data to file:33554432 bytes
***********WAITING************

Write the data to file:33554432 bytes
***********WAITING************

Write the data to file:33554432 bytes
***********WAITING************

Write the data to file:33554432 bytes
***********WAITING************

Write the data to file:33554432 bytes
***********WAITING************

Write the data to file:33554432 bytes
***********WAITING************

Write the data to file:33554432 bytes
***********WAITING************

Write the data to file:33554432 bytes
***********WAITING************

Write the data to file:33554432 bytes
***********WAITING************

Write the data to file:33554432 bytes
***********WAITING************
nr_of_strided_rec: 1
nr_doubles: 524288
nr_of_strided_rec: 1
nr_doubles: 524288
nr_of_strided_rec: 1
nr_doubles: 524288
nr_of_strided_rec: 1
nr_doubles: 524288
nr_of_strided_rec: 1
nr_doubles: 524288
nr_of_strided_rec: 1
nr_doubles: 524288
nr_of_strided_rec: 1
nr_doubles: 524288
nr_of_strided_rec: 1
nr_doubles: 524288
nr_of_strided_rec: 1
nr_doubles: 524288
nr_of_strided_rec: 1
nr_doubles: 524288
nr_of_strided_rec: 1
nr_doubles: 524288
nr_of_strided_rec: 1
nr_doubles: 524288
nr_of_strided_rec: 1
nr_doubles: 524288
nr_of_strided_rec: 1
nr_doubles: 524288
nr_of_strided_rec: 1
nr_doubles: 524288
nr_of_strided_rec: 1
nr_doubles: 524288

Write the data to file:33554432 bytes
***********WAITING************

Write the data to file:33554432 bytes
***********WAITING************

Write the data to file:33554432 bytes
***********WAITING************

Write the data to file:33554432 bytes
***********WAITING************

Write the data to file:33554432 bytes
***********WAITING************

Write the data to file:33554432 bytes
***********WAITING************

Write the data to file:33554432 bytes
***********WAITING************

Write the data to file:33554432 bytes
***********WAITING************

Write the data to file:33554432 bytes
***********WAITING************

Write the data to file:33554432 bytes
***********WAITING************

Write the data to file:33554432 bytes
***********WAITING************

Write the data to file:33554432 bytes
***********WAITING************

Write the data to file:33554432 bytes
***********WAITING************

Write the data to file:33554432 bytes
***********WAITING************

Write the data to file:33554432 bytes
***********WAITING************

Write the data to file:33554432 bytes
***********WAITING************
nr_of_strided_rec: 1
nr_doubles: 524288
nr_of_strided_rec: 1
nr_doubles: 524288
nr_of_strided_rec: 1
nr_doubles: 524288
nr_of_strided_rec: 1
nr_doubles: 524288
nr_of_strided_rec: 1
nr_doubles: 524288
nr_of_strided_rec: 1
nr_doubles: 524288
nr_of_strided_rec: 1
nr_doubles: 524288
nr_of_strided_rec: 1
nr_doubles: 524288
nr_of_strided_rec: 1
nr_doubles: 524288
nr_of_strided_rec: 1
nr_doubles: 524288
nr_of_strided_rec: 1
nr_doubles: 524288
nr_of_strided_rec: 1
nr_doubles: 524288
nr_of_strided_rec: 1
nr_doubles: 524288
nr_of_strided_rec: 1
nr_doubles: 524288
nr_of_strided_rec: 1
nr_doubles: 524288
nr_of_strided_rec: 1
nr_doubles: 524288

Write the data to file:33554432 bytes
***********WAITING************

Write the data to file:33554432 bytes
***********WAITING************

Write the data to file:33554432 bytes
***********WAITING************

Write the data to file:33554432 bytes
***********WAITING************

Write the data to file:33554432 bytes
***********WAITING************

Write the data to file:33554432 bytes
***********WAITING************

Write the data to file:33554432 bytes
***********WAITING************

Write the data to file:33554432 bytes
***********WAITING************

Write the data to file:33554432 bytes
***********WAITING************

Write the data to file:33554432 bytes
***********WAITING************

Write the data to file:33554432 bytes
***********WAITING************

Write the data to file:33554432 bytes
***********WAITING************

Write the data to file:33554432 bytes
***********WAITING************

Write the data to file:33554432 bytes
***********WAITING************

Write the data to file:33554432 bytes
***********WAITING************

Write the data to file:33554432 bytes
***********WAITING************
nr_of_strided_rec: 1
nr_doubles: 524288
nr_of_strided_rec: 1
nr_doubles: 524288
nr_of_strided_rec: 1
nr_doubles: 524288
nr_of_strided_rec: 1
nr_doubles: 524288
nr_of_strided_rec: 1
nr_doubles: 524288
nr_of_strided_rec: 1
nr_doubles: 524288
nr_of_strided_rec: 1
nr_doubles: 524288
nr_of_strided_rec: 1
nr_doubles: 524288
nr_of_strided_rec: 1
nr_doubles: 524288
nr_of_strided_rec: 1
nr_doubles: 524288
nr_of_strided_rec: 1
nr_doubles: 524288
nr_of_strided_rec: 1
nr_doubles: 524288
nr_of_strided_rec: 1
nr_doubles: 524288
nr_of_strided_rec: 1
nr_doubles: 524288
nr_of_strided_rec: 1
nr_doubles: 524288
nr_of_strided_rec: 1
nr_doubles: 524288

Write the data to file:33554432 bytes
***********WAITING************

Write the data to file:33554432 bytes
***********WAITING************

Write the data to file:33554432 bytes
***********WAITING************

Write the data to file:33554432 bytes
***********WAITING************

Write the data to file:33554432 bytes
***********WAITING************

Write the data to file:33554432 bytes
***********WAITING************

Write the data to file:33554432 bytes
***********WAITING************

Write the data to file:33554432 bytes
***********WAITING************

Write the data to file:33554432 bytes
***********WAITING************

Write the data to file:33554432 bytes
***********WAITING************

Write the data to file:33554432 bytes
***********WAITING************

Write the data to file:33554432 bytes
***********WAITING************

Write the data to file:33554432 bytes
***********WAITING************

Write the data to file:33554432 bytes
***********WAITING************

Write the data to file:33554432 bytes
***********WAITING************

Write the data to file:33554432 bytes
***********WAITING************
nr_of_strided_rec: 1
nr_doubles: 524288
nr_of_strided_rec: 1
nr_doubles: 524288
nr_of_strided_rec: 1
nr_doubles: 524288
nr_of_strided_rec: 1
nr_doubles: 524288
nr_of_strided_rec: 1
nr_doubles: 524288
nr_of_strided_rec: 1
nr_doubles: 524288
nr_of_strided_rec: 1
nr_doubles: 524288
nr_of_strided_rec: 1
nr_doubles: 524288
nr_of_strided_rec: 1
nr_doubles: 524288
nr_of_strided_rec: 1
nr_doubles: 524288
nr_of_strided_rec: 1
nr_doubles: 524288
nr_of_strided_rec: 1
nr_doubles: 524288
nr_of_strided_rec: 1
nr_doubles: 524288
nr_of_strided_rec: 1
nr_doubles: 524288
nr_of_strided_rec: 1
nr_doubles: 524288
nr_of_strided_rec: 1
nr_doubles: 524288

Write the data to file:33554432 bytes
***********WAITING************

Write the data to file:33554432 bytes
***********WAITING************

Write the data to file:33554432 bytes
***********WAITING************

Write the data to file:33554432 bytes
***********WAITING************

Write the data to file:33554432 bytes
***********WAITING************

Write the data to file:33554432 bytes
***********WAITING************

Write the data to file:33554432 bytes
***********WAITING************

Write the data to file:33554432 bytes
***********WAITING************

Write the data to file:33554432 bytes
***********WAITING************

Write the data to file:33554432 bytes
***********WAITING************

Write the data to file:33554432 bytes
***********WAITING************

Write the data to file:33554432 bytes
***********WAITING************

Write the data to file:33554432 bytes
***********WAITING************

Write the data to file:33554432 bytes
***********WAITING************

Write the data to file:33554432 bytes
***********WAITING************

Write the data to file:33554432 bytes
***********WAITING************
nr_of_strided_rec: 1
nr_doubles: 524288
nr_of_strided_rec: 1
nr_doubles: 524288
nr_of_strided_rec: 1
nr_doubles: 524288
nr_of_strided_rec: 1
nr_doubles: 524288
nr_of_strided_rec: 1
nr_doubles: 524288
nr_of_strided_rec: 1
nr_doubles: 524288
nr_of_strided_rec: 1
nr_doubles: 524288
nr_of_strided_rec: 1
nr_doubles: 524288
nr_of_strided_rec: 1
nr_doubles: 524288
nr_of_strided_rec: 1
nr_doubles: 524288
nr_of_strided_rec: 1
nr_doubles: 524288
nr_of_strided_rec: 1
nr_doubles: 524288
nr_of_strided_rec: 1
nr_doubles: 524288
nr_of_strided_rec: 1
nr_doubles: 524288
nr_of_strided_rec: 1
nr_doubles: 524288
nr_of_strided_rec: 1
nr_doubles: 524288

Write the data to file:33554432 bytes
***********WAITING************

Write the data to file:33554432 bytes
***********WAITING************

Write the data to file:33554432 bytes
***********WAITING************

Write the data to file:33554432 bytes
***********WAITING************

Write the data to file:33554432 bytes
***********WAITING************

Write the data to file:33554432 bytes
***********WAITING************

Write the data to file:33554432 bytes
***********WAITING************

Write the data to file:33554432 bytes
***********WAITING************

Write the data to file:33554432 bytes
***********WAITING************

Write the data to file:33554432 bytes
***********WAITING************

Write the data to file:33554432 bytes
***********WAITING************

Write the data to file:33554432 bytes
***********WAITING************

Write the data to file:33554432 bytes
***********WAITING************

Write the data to file:33554432 bytes
***********WAITING************

Write the data to file:33554432 bytes
***********WAITING************

Write the data to file:33554432 bytes
***********WAITING************
nr_of_strided_rec: 1
nr_doubles: 524288
nr_of_strided_rec: 1
nr_doubles: 524288
nr_of_strided_rec: 1
nr_doubles: 524288
nr_of_strided_rec: 1
nr_doubles: 524288
nr_of_strided_rec: 1
nr_doubles: 524288
nr_of_strided_rec: 1
nr_doubles: 524288
nr_of_strided_rec: 1
nr_doubles: 524288
nr_of_strided_rec: 1
nr_doubles: 524288
nr_of_strided_rec: 1
nr_doubles: 524288
nr_of_strided_rec: 1
nr_doubles: 524288
nr_of_strided_rec: 1
nr_doubles: 524288
nr_of_strided_rec: 1
nr_doubles: 524288
nr_of_strided_rec: 1
nr_doubles: 524288
nr_of_strided_rec: 1
nr_doubles: 524288
nr_of_strided_rec: 1
nr_doubles: 524288
nr_of_strided_rec: 1
nr_doubles: 524288

Write the data to file:33554432 bytes
***********WAITING************

Write the data to file:33554432 bytes
***********WAITING************

Write the data to file:33554432 bytes
***********WAITING************

Write the data to file:33554432 bytes
***********WAITING************

Write the data to file:33554432 bytes
***********WAITING************

Write the data to file:33554432 bytes
***********WAITING************

Write the data to file:33554432 bytes
***********WAITING************

Write the data to file:33554432 bytes
***********WAITING************

Write the data to file:33554432 bytes
***********WAITING************

Write the data to file:33554432 bytes
***********WAITING************

Write the data to file:33554432 bytes
***********WAITING************

Write the data to file:33554432 bytes
***********WAITING************

Write the data to file:33554432 bytes
***********WAITING************

Write the data to file:33554432 bytes
***********WAITING************

Write the data to file:33554432 bytes
***********WAITING************

Write the data to file:33554432 bytes
***********WAITING************
nr_of_strided_rec: 1
nr_doubles: 524288
nr_of_strided_rec: 1
nr_doubles: 524288
nr_of_strided_rec: 1
nr_doubles: 524288
nr_of_strided_rec: 1
nr_doubles: 524288
nr_of_strided_rec: 1
nr_doubles: 524288
nr_of_strided_rec: 1
nr_doubles: 524288
nr_of_strided_rec: 1
nr_doubles: 524288
nr_of_strided_rec: 1
nr_doubles: 524288
nr_of_strided_rec: 1
nr_doubles: 524288
nr_of_strided_rec: 1
nr_doubles: 524288
nr_of_strided_rec: 1
nr_doubles: 524288
nr_of_strided_rec: 1
nr_doubles: 524288
nr_of_strided_rec: 1
nr_doubles: 524288
nr_of_strided_rec: 1
nr_doubles: 524288
nr_of_strided_rec: 1
nr_doubles: 524288
nr_of_strided_rec: 1
nr_doubles: 524288

Write the data to file:33554432 bytes
***********WAITING************

Write the data to file:33554432 bytes
***********WAITING************

Write the data to file:33554432 bytes
***********WAITING************

Write the data to file:33554432 bytes
***********WAITING************

Write the data to file:33554432 bytes
***********WAITING************

Write the data to file:33554432 bytes
***********WAITING************

Write the data to file:33554432 bytes
***********WAITING************

Write the data to file:33554432 bytes
***********WAITING************

Write the data to file:33554432 bytes
***********WAITING************

Write the data to file:33554432 bytes
***********WAITING************

Write the data to file:33554432 bytes
***********WAITING************

Write the data to file:33554432 bytes
***********WAITING************

Write the data to file:33554432 bytes
***********WAITING************

Write the data to file:33554432 bytes
***********WAITING************

Write the data to file:33554432 bytes
***********WAITING************

Write the data to file:33554432 bytes
***********WAITING************
nr_of_strided_rec: 1
nr_doubles: 524288
nr_of_strided_rec: 1
nr_doubles: 524288
nr_of_strided_rec: 1
nr_doubles: 524288
nr_of_strided_rec: 1
nr_doubles: 524288
nr_of_strided_rec: 1
nr_doubles: 524288
nr_of_strided_rec: 1
nr_doubles: 524288
nr_of_strided_rec: 1
nr_doubles: 524288
nr_of_strided_rec: 1
nr_doubles: 524288
nr_of_strided_rec: 1
nr_doubles: 524288
nr_of_strided_rec: 1
nr_doubles: 524288
nr_of_strided_rec: 1
nr_doubles: 524288
nr_of_strided_rec: 1
nr_doubles: 524288
nr_of_strided_rec: 1
nr_doubles: 524288
nr_of_strided_rec: 1
nr_doubles: 524288
nr_of_strided_rec: 1
nr_doubles: 524288
nr_of_strided_rec: 1
nr_doubles: 524288

Write the data to file:33554432 bytes
***********WAITING************

Write the data to file:33554432 bytes
***********WAITING************

Write the data to file:33554432 bytes
***********WAITING************

Write the data to file:33554432 bytes
***********WAITING************

Write the data to file:33554432 bytes
***********WAITING************

Write the data to file:33554432 bytes
***********WAITING************

Write the data to file:33554432 bytes
***********WAITING************

Write the data to file:33554432 bytes
***********WAITING************

Write the data to file:33554432 bytes
***********WAITING************

Write the data to file:33554432 bytes
***********WAITING************

Write the data to file:33554432 bytes
***********WAITING************

Write the data to file:33554432 bytes
***********WAITING************

Write the data to file:33554432 bytes
***********WAITING************

Write the data to file:33554432 bytes
***********WAITING************

Write the data to file:33554432 bytes
***********WAITING************

Write the data to file:33554432 bytes
***********WAITING************
nr_of_strided_rec: 1
nr_doubles: 524288
nr_of_strided_rec: 1
nr_doubles: 524288
nr_of_strided_rec: 1
nr_doubles: 524288
nr_of_strided_rec: 1
nr_doubles: 524288
nr_of_strided_rec: 1
nr_doubles: 524288
nr_of_strided_rec: 1
nr_doubles: 524288
nr_of_strided_rec: 1
nr_doubles: 524288
nr_of_strided_rec: 1
nr_doubles: 524288
nr_of_strided_rec: 1
nr_doubles: 524288
nr_of_strided_rec: 1
nr_doubles: 524288
nr_of_strided_rec: 1
nr_doubles: 524288
nr_of_strided_rec: 1
nr_doubles: 524288
nr_of_strided_rec: 1
nr_doubles: 524288
nr_of_strided_rec: 1
nr_doubles: 524288
nr_of_strided_rec: 1
nr_doubles: 524288
nr_of_strided_rec: 1
nr_doubles: 524288

Write the data to file:33554432 bytes
***********WAITING************

Write the data to file:33554432 bytes
***********WAITING************

Write the data to file:33554432 bytes
***********WAITING************

Write the data to file:33554432 bytes
***********WAITING************

Write the data to file:33554432 bytes
***********WAITING************

Write the data to file:33554432 bytes
***********WAITING************

Write the data to file:33554432 bytes
***********WAITING************

Write the data to file:33554432 bytes
***********WAITING************

Write the data to file:33554432 bytes
***********WAITING************

Write the data to file:33554432 bytes
***********WAITING************

Write the data to file:33554432 bytes
***********WAITING************

Write the data to file:33554432 bytes
***********WAITING************

Write the data to file:33554432 bytes
***********WAITING************

Write the data to file:33554432 bytes
***********WAITING************

Write the data to file:33554432 bytes
***********WAITING************

Write the data to file:33554432 bytes
***********WAITING************

Write the data to file:33554432 bytes
***********WAITING************

Write the data to file:33554432 bytes
***********WAITING************

Write the data to file:33554432 bytes
***********WAITING************

Write the data to file:33554432 bytes
***********WAITING************

Write the data to file:33554432 bytes
***********WAITING************

Write the data to file:33554432 bytes
***********WAITING************

Write the data to file:33554432 bytes
***********WAITING************

Write the data to file:33554432 bytes
***********WAITING************

Write the data to file:33554432 bytes
***********WAITING************

Write the data to file:33554432 bytes
***********WAITING************

Write the data to file:33554432 bytes
***********WAITING************

Write the data to file:33554432 bytes
***********WAITING************

Write the data to file:33554432 bytes
***********WAITING************

Write the data to file:33554432 bytes
***********WAITING************

Write the data to file:33554432 bytes
***********WAITING************

Write the data to file:33554432 bytes
***********WAITING************
W_cc         1.58   [      1.58:      1.59]
W_r         39.47   [     39.47:     39.47]
W_w         18.61   [     18.61:     18.61]
          -------
W_total     59.66   [     59.66:     59.67]

calc_W done
calc_W done
calc_W done
calc_W done
calc_W done
calc_W done
nr_of_strided_rec: 1
nr_doubles: 524288
calc_W done
nr_of_strided_rec: 1
nr_doubles: 524288
calc_W done
nr_of_strided_rec: 1
nr_doubles: 524288
calc_W done
nr_of_strided_rec: 1
nr_doubles: 524288
calc_W done
nr_of_strided_rec: 1
nr_doubles: 524288
calc_W done
nr_of_strided_rec: 1
nr_doubles: 524288
calc_W done
nr_of_strided_rec: 1
nr_doubles: 524288
calc_W done
nr_of_strided_rec: 1
nr_doubles: 524288
calc_W done
nr_of_strided_rec: 1
nr_doubles: 524288
calc_W done
nr_of_strided_rec: 1
nr_doubles: 524288
calc_W done
nr_of_strided_rec: 1
nr_doubles: 524288
nr_of_strided_rec: 1
nr_doubles: 524288
nr_of_strided_rec: 1
nr_doubles: 524288
nr_of_strided_rec: 1
nr_doubles: 524288
nr_of_strided_rec: 1
nr_doubles: 524288
nr_of_strided_rec: 1
nr_doubles: 524288
nr_of_strided_rec: 1
nr_doubles: 524288
nr_of_strided_rec: 1
nr_doubles: 524288
nr_of_strided_rec: 1
nr_doubles: 524288
nr_of_strided_rec: 1
nr_doubles: 524288
nr_of_strided_rec: 1
nr_doubles: 524288
nr_of_strided_rec: 1
nr_doubles: 524288
nr_of_strided_rec: 1
nr_doubles: 524288
nr_of_strided_rec: 1
nr_doubles: 524288
nr_of_strided_rec: 1
nr_doubles: 524288
nr_of_strided_rec: 1
nr_doubles: 524288
nr_of_strided_rec: 1
nr_doubles: 524288
nr_of_strided_rec: 1
nr_doubles: 524288
nr_of_strided_rec: 1
nr_doubles: 524288
nr_of_strided_rec: 1
nr_doubles: 524288
nr_of_strided_rec: 1
nr_doubles: 524288
nr_of_strided_rec: 1
nr_doubles: 524288
nr_of_strided_rec: 1
nr_doubles: 524288
nr_of_strided_rec: 1
nr_doubles: 524288
nr_of_strided_rec: 1
nr_doubles: 524288
nr_of_strided_rec: 1
nr_doubles: 524288
nr_of_strided_rec: 1
nr_doubles: 524288
nr_of_strided_rec: 1
nr_doubles: 524288
nr_of_strided_rec: 1
nr_doubles: 524288
nr_of_strided_rec: 1
nr_doubles: 524288
nr_of_strided_rec: 1
nr_doubles: 524288
nr_of_strided_rec: 1
nr_doubles: 524288
nr_of_strided_rec: 1
nr_doubles: 524288
nr_of_strided_rec: 1
nr_doubles: 524288
nr_of_strided_rec: 1
nr_doubles: 524288
nr_of_strided_rec: 1
nr_doubles: 524288
nr_of_strided_rec: 1
nr_doubles: 524288
nr_of_strided_rec: 1
nr_doubles: 524288
nr_of_strided_rec: 1
nr_doubles: 524288
nr_of_strided_rec: 1
nr_doubles: 524288
nr_of_strided_rec: 1
nr_doubles: 524288
nr_of_strided_rec: 1
nr_doubles: 524288
nr_of_strided_rec: 1
nr_doubles: 524288
nr_of_strided_rec: 1
nr_doubles: 524288
nr_of_strided_rec: 1
nr_doubles: 524288
nr_of_strided_rec: 1
nr_doubles: 524288
nr_of_strided_rec: 1
nr_doubles: 524288
nr_of_strided_rec: 1
nr_doubles: 524288
nr_of_strided_rec: 1
nr_doubles: 524288
nr_of_strided_rec: 1
nr_doubles: 524288
nr_of_strided_rec: 1
nr_doubles: 524288
nr_of_strided_rec: 1
nr_doubles: 524288
nr_of_strided_rec: 1
nr_doubles: 524288
nr_of_strided_rec: 1
nr_doubles: 524288
nr_of_strided_rec: 1
nr_doubles: 524288
nr_of_strided_rec: 1
nr_doubles: 524288
nr_of_strided_rec: 1
nr_doubles: 524288
nr_of_strided_rec: 1
nr_doubles: 524288
nr_of_strided_rec: 1
nr_doubles: 524288
nr_of_strided_rec: 1
nr_doubles: 524288
nr_of_strided_rec: 1
nr_doubles: 524288
nr_of_strided_rec: 1
nr_doubles: 524288
nr_of_strided_rec: 1
nr_doubles: 524288
nr_of_strided_rec: 1
nr_doubles: 524288
nr_of_strided_rec: 1
nr_doubles: 524288
nr_of_strided_rec: 1
nr_doubles: 524288
nr_of_strided_rec: 1
nr_doubles: 524288
nr_of_strided_rec: 1
nr_doubles: 524288
nr_of_strided_rec: 1
nr_doubles: 524288
nr_of_strided_rec: 1
nr_doubles: 524288
nr_of_strided_rec: 1
nr_doubles: 524288
nr_of_strided_rec: 1
nr_doubles: 524288
nr_of_strided_rec: 1
nr_doubles: 524288
nr_of_strided_rec: 1
nr_doubles: 524288
nr_of_strided_rec: 1
nr_doubles: 524288
nr_of_strided_rec: 1
nr_doubles: 524288
nr_of_strided_rec: 1
nr_doubles: 524288
nr_of_strided_rec: 1
nr_doubles: 524288
nr_of_strided_rec: 1
nr_doubles: 524288
nr_of_strided_rec: 1
nr_doubles: 524288
nr_of_strided_rec: 1
nr_doubles: 524288
nr_of_strided_rec: 1
nr_doubles: 524288
nr_of_strided_rec: 1
nr_doubles: 524288
nr_of_strided_rec: 1
nr_doubles: 524288
nr_of_strided_rec: 1
nr_doubles: 524288
nr_of_strided_rec: 1
nr_doubles: 524288
nr_of_strided_rec: 1
nr_doubles: 524288
nr_of_strided_rec: 1
nr_doubles: 524288
nr_of_strided_rec: 1
nr_doubles: 524288
nr_of_strided_rec: 1
nr_doubles: 524288
nr_of_strided_rec: 1
nr_doubles: 524288
nr_of_strided_rec: 1
nr_doubles: 524288
nr_of_strided_rec: 1
nr_doubles: 524288
nr_of_strided_rec: 1
nr_doubles: 524288
nr_of_strided_rec: 1
nr_doubles: 524288
nr_of_strided_rec: 1
nr_doubles: 524288
nr_of_strided_rec: 1
nr_doubles: 524288
nr_of_strided_rec: 1
nr_doubles: 524288
nr_of_strided_rec: 1
nr_doubles: 524288
nr_of_strided_rec: 1
nr_doubles: 524288
nr_of_strided_rec: 1
nr_doubles: 524288
nr_of_strided_rec: 1
nr_doubles: 524288
nr_of_strided_rec: 1
nr_doubles: 524288
nr_of_strided_rec: 1
nr_doubles: 524288
nr_of_strided_rec: 1
nr_doubles: 524288
nr_of_strided_rec: 1
nr_doubles: 524288
nr_of_strided_rec: 1
nr_doubles: 524288
nr_of_strided_rec: 1
nr_doubles: 524288
nr_of_strided_rec: 1
nr_doubles: 524288
nr_of_strided_rec: 1
nr_doubles: 524288
nr_of_strided_rec: 1
nr_doubles: 524288
nr_of_strided_rec: 1
nr_doubles: 524288
nr_of_strided_rec: 1
nr_doubles: 524288
nr_of_strided_rec: 1
nr_doubles: 524288
nr_of_strided_rec: 1
nr_doubles: 524288
nr_of_strided_rec: 1
nr_doubles: 524288
nr_of_strided_rec: 1
nr_doubles: 524288
nr_of_strided_rec: 1
nr_doubles: 524288
nr_of_strided_rec: 1
nr_doubles: 524288
nr_of_strided_rec: 1
nr_doubles: 524288
nr_of_strided_rec: 1
nr_doubles: 524288
nr_of_strided_rec: 1
nr_doubles: 524288
nr_of_strided_rec: 1
nr_doubles: 524288
nr_of_strided_rec: 1
nr_doubles: 524288
nr_of_strided_rec: 1
nr_doubles: 524288
nr_of_strided_rec: 1
nr_doubles: 524288
nr_of_strided_rec: 1
nr_doubles: 524288
nr_of_strided_rec: 1
nr_doubles: 524288
nr_of_strided_rec: 1
nr_doubles: 524288
nr_of_strided_rec: 1
nr_doubles: 524288
nr_of_strided_rec: 1
nr_doubles: 524288
nr_of_strided_rec: 1
nr_doubles: 524288
nr_of_strided_rec: 1
nr_doubles: 524288
nr_of_strided_rec: 1
nr_doubles: 524288
nr_of_strided_rec: 1
nr_doubles: 524288
nr_of_strided_rec: 1
nr_doubles: 524288
nr_of_strided_rec: 1
nr_doubles: 524288
nr_of_strided_rec: 1
nr_doubles: 524288
nr_of_strided_rec: 1
nr_doubles: 524288
nr_of_strided_rec: 1
nr_doubles: 524288
nr_of_strided_rec: 1
nr_doubles: 524288
nr_of_strided_rec: 1
nr_doubles: 524288
nr_of_strided_rec: 1
nr_doubles: 524288
nr_of_strided_rec: 1
nr_doubles: 524288
nr_of_strided_rec: 1
nr_doubles: 524288
nr_of_strided_rec: 1
nr_doubles: 524288
nr_of_strided_rec: 1
nr_doubles: 524288
nr_of_strided_rec: 1
nr_doubles: 524288
nr_of_strided_rec: 1
nr_doubles: 524288
nr_of_strided_rec: 1
nr_doubles: 524288
nr_of_strided_rec: 1
nr_doubles: 524288
nr_of_strided_rec: 1
nr_doubles: 524288
nr_of_strided_rec: 1
nr_doubles: 524288
nr_of_strided_rec: 1
nr_doubles: 524288
nr_of_strided_rec: 1
nr_doubles: 524288
nr_of_strided_rec: 1
nr_doubles: 524288
nr_of_strided_rec: 1
nr_doubles: 524288
nr_of_strided_rec: 1
nr_doubles: 524288
nr_of_strided_rec: 1
nr_doubles: 524288
nr_of_strided_rec: 1
nr_doubles: 524288
nr_of_strided_rec: 1
nr_doubles: 524288
nr_of_strided_rec: 1
nr_doubles: 524288
nr_of_strided_rec: 1
nr_doubles: 524288
nr_of_strided_rec: 1
nr_doubles: 524288
nr_of_strided_rec: 1
nr_doubles: 524288
nr_of_strided_rec: 1
nr_doubles: 524288
nr_of_strided_rec: 1
nr_doubles: 524288
nr_of_strided_rec: 1
nr_doubles: 524288
nr_of_strided_rec: 1
nr_doubles: 524288
nr_of_strided_rec: 1
nr_doubles: 524288
nr_of_strided_rec: 1
nr_doubles: 524288
nr_of_strided_rec: 1
nr_doubles: 524288
nr_of_strided_rec: 1
nr_doubles: 524288
nr_of_strided_rec: 1
nr_doubles: 524288
nr_of_strided_rec: 1
nr_doubles: 524288
nr_of_strided_rec: 1
nr_doubles: 524288
nr_of_strided_rec: 1
nr_doubles: 524288
nr_of_strided_rec: 1
nr_doubles: 524288
nr_of_strided_rec: 1
nr_doubles: 524288
nr_of_strided_rec: 1
nr_doubles: 524288
nr_of_strided_rec: 1
nr_doubles: 524288
nr_of_strided_rec: 1
nr_doubles: 524288
nr_of_strided_rec: 1
nr_doubles: 524288
nr_of_strided_rec: 1
nr_doubles: 524288
nr_of_strided_rec: 1
nr_doubles: 524288
nr_of_strided_rec: 1
nr_doubles: 524288
nr_of_strided_rec: 1
nr_doubles: 524288
nr_of_strided_rec: 1
nr_doubles: 524288
nr_of_strided_rec: 1
nr_doubles: 524288
nr_of_strided_rec: 1
nr_doubles: 524288
nr_of_strided_rec: 1
nr_doubles: 524288
nr_of_strided_rec: 1
nr_doubles: 524288
nr_of_strided_rec: 1
nr_doubles: 524288
nr_of_strided_rec: 1
nr_doubles: 524288
nr_of_strided_rec: 1
nr_doubles: 524288
nr_of_strided_rec: 1
nr_doubles: 524288
nr_of_strided_rec: 1
nr_doubles: 524288
nr_of_strided_rec: 1
nr_doubles: 524288
nr_of_strided_rec: 1
nr_doubles: 524288
nr_of_strided_rec: 1
nr_doubles: 524288
nr_of_strided_rec: 1
nr_doubles: 524288
nr_of_strided_rec: 1
nr_doubles: 524288
nr_of_strided_rec: 1
nr_doubles: 524288
nr_of_strided_rec: 1
nr_doubles: 524288
nr_of_strided_rec: 1
nr_doubles: 524288
nr_of_strided_rec: 1
nr_doubles: 524288
nr_of_strided_rec: 1
nr_doubles: 524288
nr_of_strided_rec: 1
nr_doubles: 524288
nr_of_strided_rec: 1
nr_doubles: 524288
nr_of_strided_rec: 1
nr_doubles: 524288
nr_of_strided_rec: 1
nr_doubles: 524288
nr_of_strided_rec: 1
nr_doubles: 524288
nr_of_strided_rec: 1
nr_doubles: 524288
nr_of_strided_rec: 1
nr_doubles: 524288
nr_of_strided_rec: 1
nr_doubles: 524288
nr_of_strided_rec: 1
nr_doubles: 524288
nr_of_strided_rec: 1
nr_doubles: 524288
nr_of_strided_rec: 1
nr_doubles: 524288
nr_of_strided_rec: 1
nr_doubles: 524288
nr_of_strided_rec: 1
nr_doubles: 524288
nr_of_strided_rec: 1
nr_doubles: 524288
nr_of_strided_rec: 1
nr_doubles: 524288
nr_of_strided_rec: 1
nr_doubles: 524288
nr_of_strided_rec: 1
nr_doubles: 524288
nr_of_strided_rec: 1
nr_doubles: 524288
nr_of_strided_rec: 1
nr_doubles: 524288
nr_of_strided_rec: 1
nr_doubles: 524288
nr_of_strided_rec: 1
nr_doubles: 524288
nr_of_strided_rec: 1
nr_doubles: 524288
nr_of_strided_rec: 1
nr_doubles: 524288
nr_of_strided_rec: 1
nr_doubles: 524288
nr_of_strided_rec: 1
nr_doubles: 524288
nr_of_strided_rec: 1
nr_doubles: 524288
nr_of_strided_rec: 1
nr_doubles: 524288
nr_of_strided_rec: 1
nr_doubles: 524288
nr_of_strided_rec: 1
nr_doubles: 524288
nr_of_strided_rec: 1
nr_doubles: 524288
nr_of_strided_rec: 1
nr_doubles: 524288
nr_of_strided_rec: 1
nr_doubles: 524288
nr_of_strided_rec: 1
nr_doubles: 524288
nr_of_strided_rec: 1
nr_doubles: 524288
nr_of_strided_rec: 1
nr_doubles: 524288
nr_of_strided_rec: 1
nr_doubles: 524288
nr_of_strided_rec: 1
nr_doubles: 524288
nr_of_strided_rec: 1
nr_doubles: 524288
nr_of_strided_rec: 1
nr_doubles: 524288
nr_of_strided_rec: 1
nr_doubles: 524288
nr_of_strided_rec: 1
nr_doubles: 524288
nr_of_strided_rec: 1
nr_doubles: 524288
nr_of_strided_rec: 1
nr_doubles: 524288
nr_of_strided_rec: 1
nr_doubles: 524288
nr_of_strided_rec: 1
nr_doubles: 524288
nr_of_strided_rec: 1
nr_doubles: 524288
nr_of_strided_rec: 1
nr_doubles: 524288
nr_of_strided_rec: 1
nr_doubles: 524288
nr_of_strided_rec: 1
nr_doubles: 524288
nr_of_strided_rec: 1
nr_doubles: 524288
nr_of_strided_rec: 1
nr_doubles: 524288
nr_of_strided_rec: 1
nr_doubles: 524288
nr_of_strided_rec: 1
nr_doubles: 524288
nr_of_strided_rec: 1
nr_doubles: 524288
nr_of_strided_rec: 1
nr_doubles: 524288
nr_of_strided_rec: 1
nr_doubles: 524288
nr_of_strided_rec: 1
nr_doubles: 524288
nr_of_strided_rec: 1
nr_doubles: 524288
nr_of_strided_rec: 1
nr_doubles: 524288
nr_of_strided_rec: 1
nr_doubles: 524288
nr_of_strided_rec: 1
nr_doubles: 524288
nr_of_strided_rec: 1
nr_doubles: 524288
nr_of_strided_rec: 1
nr_doubles: 524288
nr_of_strided_rec: 1
nr_doubles: 524288
nr_of_strided_rec: 1
nr_doubles: 524288
nr_of_strided_rec: 1
nr_doubles: 524288
nr_of_strided_rec: 1
nr_doubles: 524288
nr_of_strided_rec: 1
