fclose PID:30029 fd:3
fclose PID:30029 fd:4
fclose PID:30029 fd:4
fclose PID:30029 fd:3
available: 2 nodes (0-1)
fclose PID:30029 fd:3
node 0 cpus:fclose PID:30029 fd:3
 0 1 2 3 4 5 6 7 8 9 20 21 22 23 24 25 26 27 28 29
node 0 size: 80440 MB
node 0 free: 80123 MB
fclose PID:30029 fd:3
node 1 cpus:fclose PID:30029 fd:3
 10 11 12 13 14 15 16 17 18 19 30 31 32 33 34 35 36 37 38 39
node 1 size: 80635 MB
node 1 free: 80377 MB
fclose PID:30029 fd:3
fclose PID:30029 fd:3
node distances:
node   0   1 
  0:  10  21 
  1:  21  10 
READAHEAD_TIME:0.000000 us
MaxRSS= 2268 KB, SharedMem= 0 KB, HardPageFault= 10
fclose PID:30035 fd:10
fclose PID:30037 fd:8
fclose PID:30036 fd:8
fclose PID:30034 fd:12

MADbench 2.0 IO-mode
no_pe = 4  no_pix = 8192  no_bin = 30  no_gang = 1 sblocksize = 8  fblocksize = 64  r_mod = 1  w_mod = 1 record_size=524288 stride=7


IOMETHOD = POSIX  IOMODE = SYNC  FILETYPE = UNIQUE  REMAP = CUSTOMbuild_S
build_S
build_S
build_S

Write the data to file:134217728 bytes
***********WAITING************

Write the data to file:134217728 bytes
***********WAITING************

Write the data to file:134217728 bytes
***********WAITING************

Write the data to file:134217728 bytes
***********WAITING************

Write the data to file:134217728 bytes
***********WAITING************

Write the data to file:134217728 bytes
***********WAITING************

Write the data to file:134217728 bytes
***********WAITING************

Write the data to file:134217728 bytes
***********WAITING************

Write the data to file:134217728 bytes
***********WAITING************

Write the data to file:134217728 bytes
***********WAITING************

Write the data to file:134217728 bytes
***********WAITING************

Write the data to file:134217728 bytes
***********WAITING************

Write the data to file:134217728 bytes
***********WAITING************

Write the data to file:134217728 bytes
***********WAITING************

Write the data to file:134217728 bytes
***********WAITING************

Write the data to file:134217728 bytes
***********WAITING************

Write the data to file:134217728 bytes
***********WAITING************

Write the data to file:134217728 bytes
***********WAITING************

Write the data to file:134217728 bytes
***********WAITING************

Write the data to file:134217728 bytes
***********WAITING************

Write the data to file:134217728 bytes
***********WAITING************

Write the data to file:134217728 bytes
***********WAITING************

Write the data to file:134217728 bytes
***********WAITING************

Write the data to file:134217728 bytes
***********WAITING************

Write the data to file:134217728 bytes
***********WAITING************

Write the data to file:134217728 bytes
***********WAITING************

Write the data to file:134217728 bytes
***********WAITING************

Write the data to file:134217728 bytes
***********WAITING************

Write the data to file:134217728 bytes
***********WAITING************

Write the data to file:134217728 bytes
***********WAITING************

Write the data to file:134217728 bytes
***********WAITING************

Write the data to file:134217728 bytes
***********WAITING************

Write the data to file:134217728 bytes
***********WAITING************

Write the data to file:134217728 bytes
***********WAITING************

Write the data to file:134217728 bytes
***********WAITING************

Write the data to file:134217728 bytes
***********WAITING************

Write the data to file:134217728 bytes
***********WAITING************

Write the data to file:134217728 bytes
***********WAITING************

Write the data to file:134217728 bytes
***********WAITING************

Write the data to file:134217728 bytes
***********WAITING************

Write the data to file:134217728 bytes
***********WAITING************

Write the data to file:134217728 bytes
***********WAITING************

Write the data to file:134217728 bytes
***********WAITING************

Write the data to file:134217728 bytes
***********WAITING************

Write the data to file:134217728 bytes
***********WAITING************

Write the data to file:134217728 bytes
***********WAITING************

Write the data to file:134217728 bytes
***********WAITING************

Write the data to file:134217728 bytes
***********WAITING************

Write the data to file:134217728 bytes
***********WAITING************

Write the data to file:134217728 bytes
***********WAITING************

Write the data to file:134217728 bytes
***********WAITING************

Write the data to file:134217728 bytes
***********WAITING************

Write the data to file:134217728 bytes
***********WAITING************

Write the data to file:134217728 bytes
***********WAITING************

Write the data to file:134217728 bytes
***********WAITING************

Write the data to file:134217728 bytes
***********WAITING************

Write the data to file:134217728 bytes
***********WAITING************

Write the data to file:134217728 bytes
***********WAITING************

Write the data to file:134217728 bytes
***********WAITING************

Write the data to file:134217728 bytes
***********WAITING************

Write the data to file:134217728 bytes
***********WAITING************

Write the data to file:134217728 bytes
***********WAITING************

Write the data to file:134217728 bytes
***********WAITING************

Write the data to file:134217728 bytes
***********WAITING************

Write the data to file:134217728 bytes
***********WAITING************

Write the data to file:134217728 bytes
***********WAITING************

Write the data to file:134217728 bytes
***********WAITING************

Write the data to file:134217728 bytes
***********WAITING************

Write the data to file:134217728 bytes
***********WAITING************

Write the data to file:134217728 bytes
***********WAITING************

Write the data to file:134217728 bytes
***********WAITING************

Write the data to file:134217728 bytes
***********WAITING************

Write the data to file:134217728 bytes
***********WAITING************

Write the data to file:134217728 bytes
***********WAITING************

Write the data to file:134217728 bytes
***********WAITING************

Write the data to file:134217728 bytes
***********WAITING************

Write the data to file:134217728 bytes
***********WAITING************

Write the data to file:134217728 bytes
***********WAITING************

Write the data to file:134217728 bytes
***********WAITING************

Write the data to file:134217728 bytes
***********WAITING************

Write the data to file:134217728 bytes
***********WAITING************

Write the data to file:134217728 bytes
***********WAITING************

Write the data to file:134217728 bytes
***********WAITING************

Write the data to file:134217728 bytes
***********WAITING************

Write the data to file:134217728 bytes
***********WAITING************

Write the data to file:134217728 bytes
***********WAITING************

Write the data to file:134217728 bytes
***********WAITING************

Write the data to file:134217728 bytes
***********WAITING************

Write the data to file:134217728 bytes
***********WAITING************

Write the data to file:134217728 bytes
***********WAITING************

Write the data to file:134217728 bytes
***********WAITING************

Write the data to file:134217728 bytes
***********WAITING************

Write the data to file:134217728 bytes
***********WAITING************

Write the data to file:134217728 bytes
***********WAITING************

Write the data to file:134217728 bytes
***********WAITING************

Write the data to file:134217728 bytes
***********WAITING************

Write the data to file:134217728 bytes
***********WAITING************

Write the data to file:134217728 bytes
***********WAITING************

Write the data to file:134217728 bytes
***********WAITING************

Write the data to file:134217728 bytes
***********WAITING************

Write the data to file:134217728 bytes
***********WAITING************

Write the data to file:134217728 bytes
***********WAITING************

Write the data to file:134217728 bytes
***********WAITING************

Write the data to file:134217728 bytes
***********WAITING************

Write the data to file:134217728 bytes
***********WAITING************

Write the data to file:134217728 bytes
***********WAITING************

Write the data to file:134217728 bytes
***********WAITING************

Write the data to file:134217728 bytes
***********WAITING************

Write the data to file:134217728 bytes
***********WAITING************

Write the data to file:134217728 bytes
***********WAITING************

Write the data to file:134217728 bytes
***********WAITING************

Write the data to file:134217728 bytes
***********WAITING************

Write the data to file:134217728 bytes
***********WAITING************

Write the data to file:134217728 bytes
***********WAITING************

Write the data to file:134217728 bytes
***********WAITING************

Write the data to file:134217728 bytes
***********WAITING************

Write the data to file:134217728 bytes
***********WAITING************

Write the data to file:134217728 bytes
***********WAITING************

Write the data to file:134217728 bytes
***********WAITING************

Write the data to file:134217728 bytes
***********WAITING************
S_cc         1.45   [      1.44:      1.45]
S_bw         0.68   [      0.68:      0.68]
S_w         31.56   [     31.55:     31.56]
          -------
S_total     33.68   [     33.68:     33.68]

build_S done
calc_W
nr_of_strided_rec: 32
nr_doubles: 65536
build_S done
calc_W
nr_of_strided_rec: 32
nr_doubles: 65536
build_S done
calc_W
nr_of_strided_rec: 32
nr_doubles: 65536
build_S done
calc_W
nr_of_strided_rec: 32
nr_doubles: 65536
nr_of_strided_rec: 32
nr_doubles: 65536
nr_of_strided_rec: 32
nr_doubles: 65536
nr_of_strided_rec: 32
nr_doubles: 65536
nr_of_strided_rec: 32
nr_doubles: 65536

Write the data to file:134217728 bytes
***********WAITING************

Write the data to file:134217728 bytes
***********WAITING************

Write the data to file:134217728 bytes
***********WAITING************

Write the data to file:134217728 bytes
***********WAITING************
nr_of_strided_rec: 32
nr_doubles: 65536
nr_of_strided_rec: 32
nr_doubles: 65536
nr_of_strided_rec: 32
nr_doubles: 65536
nr_of_strided_rec: 32
nr_doubles: 65536

Write the data to file:134217728 bytes
***********WAITING************

Write the data to file:134217728 bytes
***********WAITING************

Write the data to file:134217728 bytes
***********WAITING************

Write the data to file:134217728 bytes
***********WAITING************
nr_of_strided_rec: 32
nr_doubles: 65536
nr_of_strided_rec: 32
nr_doubles: 65536
nr_of_strided_rec: 32
nr_doubles: 65536
nr_of_strided_rec: 32
nr_doubles: 65536

Write the data to file:134217728 bytes
***********WAITING************

Write the data to file:134217728 bytes
***********WAITING************

Write the data to file:134217728 bytes
***********WAITING************

Write the data to file:134217728 bytes
***********WAITING************
nr_of_strided_rec: 32
nr_doubles: 65536
nr_of_strided_rec: 32
nr_doubles: 65536
nr_of_strided_rec: 32
nr_doubles: 65536
nr_of_strided_rec: 32
nr_doubles: 65536

Write the data to file:134217728 bytes
***********WAITING************

Write the data to file:134217728 bytes
***********WAITING************

Write the data to file:134217728 bytes
***********WAITING************

Write the data to file:134217728 bytes
***********WAITING************
nr_of_strided_rec: 32
nr_doubles: 65536
nr_of_strided_rec: 32
nr_doubles: 65536
nr_of_strided_rec: 32
nr_doubles: 65536
nr_of_strided_rec: 32
nr_doubles: 65536

Write the data to file:134217728 bytes
***********WAITING************

Write the data to file:134217728 bytes
***********WAITING************

Write the data to file:134217728 bytes
***********WAITING************

Write the data to file:134217728 bytes
***********WAITING************
nr_of_strided_rec: 32
nr_doubles: 65536
nr_of_strided_rec: 32
nr_doubles: 65536
nr_of_strided_rec: 32
nr_doubles: 65536
nr_of_strided_rec: 32
nr_doubles: 65536

Write the data to file:134217728 bytes
***********WAITING************

Write the data to file:134217728 bytes
***********WAITING************

Write the data to file:134217728 bytes
***********WAITING************

Write the data to file:134217728 bytes
***********WAITING************
nr_of_strided_rec: 32
nr_doubles: 65536
nr_of_strided_rec: 32
nr_doubles: 65536
nr_of_strided_rec: 32
nr_doubles: 65536
nr_of_strided_rec: 32
nr_doubles: 65536

Write the data to file:134217728 bytes
***********WAITING************

Write the data to file:134217728 bytes
***********WAITING************

Write the data to file:134217728 bytes
***********WAITING************

Write the data to file:134217728 bytes
***********WAITING************
nr_of_strided_rec: 32
nr_doubles: 65536
nr_of_strided_rec: 32
nr_doubles: 65536
nr_of_strided_rec: 32
nr_doubles: 65536
nr_of_strided_rec: 32
nr_doubles: 65536

Write the data to file:134217728 bytes
***********WAITING************

Write the data to file:134217728 bytes
***********WAITING************

Write the data to file:134217728 bytes
***********WAITING************

Write the data to file:134217728 bytes
***********WAITING************
nr_of_strided_rec: 32
nr_doubles: 65536
nr_of_strided_rec: 32
nr_doubles: 65536
nr_of_strided_rec: 32
nr_doubles: 65536
nr_of_strided_rec: 32
nr_doubles: 65536

Write the data to file:134217728 bytes
***********WAITING************

Write the data to file:134217728 bytes
***********WAITING************

Write the data to file:134217728 bytes
***********WAITING************

Write the data to file:134217728 bytes
***********WAITING************
nr_of_strided_rec: 32
nr_doubles: 65536
nr_of_strided_rec: 32
nr_doubles: 65536
nr_of_strided_rec: 32
nr_doubles: 65536
nr_of_strided_rec: 32
nr_doubles: 65536

Write the data to file:134217728 bytes
***********WAITING************

Write the data to file:134217728 bytes
***********WAITING************

Write the data to file:134217728 bytes
***********WAITING************

Write the data to file:134217728 bytes
***********WAITING************
nr_of_strided_rec: 32
nr_doubles: 65536
nr_of_strided_rec: 32
nr_doubles: 65536
nr_of_strided_rec: 32
nr_doubles: 65536
nr_of_strided_rec: 32
nr_doubles: 65536

Write the data to file:134217728 bytes
***********WAITING************

Write the data to file:134217728 bytes
***********WAITING************

Write the data to file:134217728 bytes
***********WAITING************

Write the data to file:134217728 bytes
***********WAITING************
nr_of_strided_rec: 32
nr_doubles: 65536
nr_of_strided_rec: 32
nr_doubles: 65536
nr_of_strided_rec: 32
nr_doubles: 65536
nr_of_strided_rec: 32
nr_doubles: 65536

Write the data to file:134217728 bytes
***********WAITING************

Write the data to file:134217728 bytes
***********WAITING************

Write the data to file:134217728 bytes
***********WAITING************

Write the data to file:134217728 bytes
***********WAITING************
nr_of_strided_rec: 32
nr_doubles: 65536
nr_of_strided_rec: 32
nr_doubles: 65536
nr_of_strided_rec: 32
nr_doubles: 65536
nr_of_strided_rec: 32
nr_doubles: 65536

Write the data to file:134217728 bytes
***********WAITING************

Write the data to file:134217728 bytes
***********WAITING************

Write the data to file:134217728 bytes
***********WAITING************

Write the data to file:134217728 bytes
***********WAITING************
nr_of_strided_rec: 32
nr_doubles: 65536
nr_of_strided_rec: 32
nr_doubles: 65536
nr_of_strided_rec: 32
nr_doubles: 65536
nr_of_strided_rec: 32
nr_doubles: 65536

Write the data to file:134217728 bytes
***********WAITING************

Write the data to file:134217728 bytes
***********WAITING************

Write the data to file:134217728 bytes
***********WAITING************

Write the data to file:134217728 bytes
***********WAITING************
nr_of_strided_rec: 32
nr_doubles: 65536
nr_of_strided_rec: 32
nr_doubles: 65536
nr_of_strided_rec: 32
nr_doubles: 65536
nr_of_strided_rec: 32
nr_doubles: 65536

Write the data to file:134217728 bytes
***********WAITING************

Write the data to file:134217728 bytes
***********WAITING************

Write the data to file:134217728 bytes
***********WAITING************

Write the data to file:134217728 bytes
***********WAITING************
nr_of_strided_rec: 32
nr_doubles: 65536
nr_of_strided_rec: 32
nr_doubles: 65536
nr_of_strided_rec: 32
nr_doubles: 65536
nr_of_strided_rec: 32
nr_doubles: 65536

Write the data to file:134217728 bytes
***********WAITING************

Write the data to file:134217728 bytes
***********WAITING************

Write the data to file:134217728 bytes
***********WAITING************

Write the data to file:134217728 bytes
***********WAITING************
nr_of_strided_rec: 32
nr_doubles: 65536
nr_of_strided_rec: 32
nr_doubles: 65536
nr_of_strided_rec: 32
nr_doubles: 65536
nr_of_strided_rec: 32
nr_doubles: 65536

Write the data to file:134217728 bytes
***********WAITING************

Write the data to file:134217728 bytes
***********WAITING************

Write the data to file:134217728 bytes
***********WAITING************

Write the data to file:134217728 bytes
***********WAITING************
nr_of_strided_rec: 32
nr_doubles: 65536
nr_of_strided_rec: 32
nr_doubles: 65536
nr_of_strided_rec: 32
nr_doubles: 65536
nr_of_strided_rec: 32
nr_doubles: 65536

Write the data to file:134217728 bytes
***********WAITING************

Write the data to file:134217728 bytes
***********WAITING************

Write the data to file:134217728 bytes
***********WAITING************

Write the data to file:134217728 bytes
***********WAITING************
nr_of_strided_rec: 32
nr_doubles: 65536
nr_of_strided_rec: 32
nr_doubles: 65536
nr_of_strided_rec: 32
nr_doubles: 65536
nr_of_strided_rec: 32
nr_doubles: 65536

Write the data to file:134217728 bytes
***********WAITING************

Write the data to file:134217728 bytes
***********WAITING************

Write the data to file:134217728 bytes
***********WAITING************

Write the data to file:134217728 bytes
***********WAITING************
nr_of_strided_rec: 32
nr_doubles: 65536
nr_of_strided_rec: 32
nr_doubles: 65536
nr_of_strided_rec: 32
nr_doubles: 65536
nr_of_strided_rec: 32
nr_doubles: 65536

Write the data to file:134217728 bytes
***********WAITING************

Write the data to file:134217728 bytes
***********WAITING************

Write the data to file:134217728 bytes
***********WAITING************

Write the data to file:134217728 bytes
***********WAITING************
nr_of_strided_rec: 32
nr_doubles: 65536
nr_of_strided_rec: 32
nr_doubles: 65536
nr_of_strided_rec: 32
nr_doubles: 65536
nr_of_strided_rec: 32
nr_doubles: 65536

Write the data to file:134217728 bytes
***********WAITING************

Write the data to file:134217728 bytes
***********WAITING************

Write the data to file:134217728 bytes
***********WAITING************

Write the data to file:134217728 bytes
***********WAITING************
nr_of_strided_rec: 32
nr_doubles: 65536
nr_of_strided_rec: 32
nr_doubles: 65536
nr_of_strided_rec: 32
nr_doubles: 65536
nr_of_strided_rec: 32
nr_doubles: 65536

Write the data to file:134217728 bytes
***********WAITING************

Write the data to file:134217728 bytes
***********WAITING************

Write the data to file:134217728 bytes
***********WAITING************

Write the data to file:134217728 bytes
***********WAITING************
nr_of_strided_rec: 32
nr_doubles: 65536
nr_of_strided_rec: 32
nr_doubles: 65536
nr_of_strided_rec: 32
nr_doubles: 65536
nr_of_strided_rec: 32
nr_doubles: 65536

Write the data to file:134217728 bytes
***********WAITING************

Write the data to file:134217728 bytes
***********WAITING************

Write the data to file:134217728 bytes
***********WAITING************

Write the data to file:134217728 bytes
***********WAITING************
nr_of_strided_rec: 32
nr_doubles: 65536
nr_of_strided_rec: 32
nr_doubles: 65536
nr_of_strided_rec: 32
nr_doubles: 65536
nr_of_strided_rec: 32
nr_doubles: 65536

Write the data to file:134217728 bytes
***********WAITING************

Write the data to file:134217728 bytes
***********WAITING************

Write the data to file:134217728 bytes
***********WAITING************

Write the data to file:134217728 bytes
***********WAITING************
nr_of_strided_rec: 32
nr_doubles: 65536
nr_of_strided_rec: 32
nr_doubles: 65536
nr_of_strided_rec: 32
nr_doubles: 65536
nr_of_strided_rec: 32
nr_doubles: 65536

Write the data to file:134217728 bytes
***********WAITING************

Write the data to file:134217728 bytes
***********WAITING************

Write the data to file:134217728 bytes
***********WAITING************

Write the data to file:134217728 bytes
***********WAITING************
nr_of_strided_rec: 32
nr_doubles: 65536
nr_of_strided_rec: 32
nr_doubles: 65536
nr_of_strided_rec: 32
nr_doubles: 65536
nr_of_strided_rec: 32
nr_doubles: 65536

Write the data to file:134217728 bytes
***********WAITING************

Write the data to file:134217728 bytes
***********WAITING************

Write the data to file:134217728 bytes
***********WAITING************

Write the data to file:134217728 bytes
***********WAITING************
nr_of_strided_rec: 32
nr_doubles: 65536
nr_of_strided_rec: 32
nr_doubles: 65536
nr_of_strided_rec: 32
nr_doubles: 65536
nr_of_strided_rec: 32
nr_doubles: 65536

Write the data to file:134217728 bytes
***********WAITING************

Write the data to file:134217728 bytes
***********WAITING************

Write the data to file:134217728 bytes
***********WAITING************

Write the data to file:134217728 bytes
***********WAITING************
nr_of_strided_rec: 32
nr_doubles: 65536
nr_of_strided_rec: 32
nr_doubles: 65536
nr_of_strided_rec: 32
nr_doubles: 65536
nr_of_strided_rec: 32
nr_doubles: 65536

Write the data to file:134217728 bytes
***********WAITING************

Write the data to file:134217728 bytes
***********WAITING************

Write the data to file:134217728 bytes
***********WAITING************

Write the data to file:134217728 bytes
***********WAITING************
nr_of_strided_rec: 32
nr_doubles: 65536
nr_of_strided_rec: 32
nr_doubles: 65536
nr_of_strided_rec: 32
nr_doubles: 65536
nr_of_strided_rec: 32
nr_doubles: 65536

Write the data to file:134217728 bytes
***********WAITING************

Write the data to file:134217728 bytes
***********WAITING************

Write the data to file:134217728 bytes
***********WAITING************

Write the data to file:134217728 bytes
***********WAITING************

Write the data to file:134217728 bytes
***********WAITING************

Write the data to file:134217728 bytes
***********WAITING************

Write the data to file:134217728 bytes
***********WAITING************

Write the data to file:134217728 bytes
***********WAITING************
W_cc         3.52   [      3.52:      3.53]
W_r         46.31   [     46.31:     46.31]
W_w         30.60   [     30.60:     30.60]
          -------
W_total     80.44   [     80.43:     80.44]

calc_W done
calc_W done
nr_of_strided_rec: 32
nr_doubles: 65536
calc_W done
nr_of_strided_rec: 32
nr_doubles: 65536
calc_W done
nr_of_strided_rec: 32
nr_doubles: 65536
nr_of_strided_rec: 32
nr_doubles: 65536
nr_of_strided_rec: 32
nr_doubles: 65536
nr_of_strided_rec: 32
nr_doubles: 65536
nr_of_strided_rec: 32
nr_doubles: 65536
nr_of_strided_rec: 32
nr_doubles: 65536
nr_of_strided_rec: 32
nr_doubles: 65536
nr_of_strided_rec: 32
nr_doubles: 65536
nr_of_strided_rec: 32
nr_doubles: 65536
nr_of_strided_rec: 32
nr_doubles: 65536
nr_of_strided_rec: 32
nr_doubles: 65536
nr_of_strided_rec: 32
nr_doubles: 65536
nr_of_strided_rec: 32
nr_doubles: 65536
nr_of_strided_rec: 32
nr_doubles: 65536
nr_of_strided_rec: 32
nr_doubles: 65536
nr_of_strided_rec: 32
nr_doubles: 65536
nr_of_strided_rec: 32
nr_doubles: 65536
nr_of_strided_rec: 32
nr_doubles: 65536
nr_of_strided_rec: 32
nr_doubles: 65536
nr_of_strided_rec: 32
nr_doubles: 65536
nr_of_strided_rec: 32
nr_doubles: 65536
nr_of_strided_rec: 32
nr_doubles: 65536
nr_of_strided_rec: 32
nr_doubles: 65536
nr_of_strided_rec: 32
nr_doubles: 65536
nr_of_strided_rec: 32
nr_doubles: 65536
nr_of_strided_rec: 32
nr_doubles: 65536
nr_of_strided_rec: 32
nr_doubles: 65536
nr_of_strided_rec: 32
nr_doubles: 65536
nr_of_strided_rec: 32
nr_doubles: 65536
nr_of_strided_rec: 32
nr_doubles: 65536
nr_of_strided_rec: 32
nr_doubles: 65536
nr_of_strided_rec: 32
nr_doubles: 65536
nr_of_strided_rec: 32
nr_doubles: 65536
nr_of_strided_rec: 32
nr_doubles: 65536
nr_of_strided_rec: 32
nr_doubles: 65536
nr_of_strided_rec: 32
nr_doubles: 65536
nr_of_strided_rec: 32
nr_doubles: 65536
nr_of_strided_rec: 32
nr_doubles: 65536
nr_of_strided_rec: 32
nr_doubles: 65536
nr_of_strided_rec: 32
nr_doubles: 65536
nr_of_strided_rec: 32
nr_doubles: 65536
nr_of_strided_rec: 32
nr_doubles: 65536
nr_of_strided_rec: 32
nr_doubles: 65536
nr_of_strided_rec: 32
nr_doubles: 65536
nr_of_strided_rec: 32
nr_doubles: 65536
nr_of_strided_rec: 32
nr_doubles: 65536
nr_of_strided_rec: 32
nr_doubles: 65536
nr_of_strided_rec: 32
nr_doubles: 65536
nr_of_strided_rec: 32
nr_doubles: 65536
nr_of_strided_rec: 32
nr_doubles: 65536
nr_of_strided_rec: 32
nr_doubles: 65536
nr_of_strided_rec: 32
nr_doubles: 65536
nr_of_strided_rec: 32
nr_doubles: 65536
nr_of_strided_rec: 32
nr_doubles: 65536
nr_of_strided_rec: 32
nr_doubles: 65536
nr_of_strided_rec: 32
nr_doubles: 65536
nr_of_strided_rec: 32
nr_doubles: 65536
nr_of_strided_rec: 32
nr_doubles: 65536
nr_of_strided_rec: 32
nr_doubles: 65536
nr_of_strided_rec: 32
nr_doubles: 65536
nr_of_strided_rec: 32
nr_doubles: 65536
nr_of_strided_rec: 32
nr_doubles: 65536
nr_of_strided_rec: 32
nr_doubles: 65536
nr_of_strided_rec: 32
nr_doubles: 65536
nr_of_strided_rec: 32
nr_doubles: 65536
nr_of_strided_rec: 32
nr_doubles: 65536
nr_of_strided_rec: 32
nr_doubles: 65536
nr_of_strided_rec: 32
nr_doubles: 65536
nr_of_strided_rec: 32
nr_doubles: 65536
nr_of_strided_rec: 32
nr_doubles: 65536
nr_of_strided_rec: 32
nr_doubles: 65536
nr_of_strided_rec: 32
nr_doubles: 65536
nr_of_strided_rec: 32
nr_doubles: 65536
nr_of_strided_rec: 32
nr_doubles: 65536
nr_of_strided_rec: 32
nr_doubles: 65536
nr_of_strided_rec: 32
nr_doubles: 65536
nr_of_strided_rec: 32
nr_doubles: 65536
nr_of_strided_rec: 32
nr_doubles: 65536
nr_of_strided_rec: 32
nr_doubles: 65536
nr_of_strided_rec: 32
nr_doubles: 65536
nr_of_strided_rec: 32
nr_doubles: 65536
nr_of_strided_rec: 32
nr_doubles: 65536
nr_of_strided_rec: 32
nr_doubles: 65536
nr_of_strided_rec: 32
nr_doubles: 65536
nr_of_strided_rec: 32
nr_doubles: 65536
nr_of_strided_rec: 32
nr_doubles: 65536
nr_of_strided_rec: 32
nr_doubles: 65536
nr_of_strided_rec: 32
nr_doubles: 65536
nr_of_strided_rec: 32
nr_doubles: 65536
nr_of_strided_rec: 32
nr_doubles: 65536
nr_of_strided_rec: 32
nr_doubles: 65536
nr_of_strided_rec: 32
nr_doubles: 65536
nr_of_strided_rec: 32
nr_doubles: 65536
nr_of_strided_rec: 32
nr_doubles: 65536
nr_of_strided_rec: 32
nr_doubles: 65536
nr_of_strided_rec: 32
nr_doubles: 65536
nr_of_strided_rec: 32
nr_doubles: 65536
nr_of_strided_rec: 32
nr_doubles: 65536
nr_of_strided_rec: 32
nr_doubles: 65536
nr_of_strided_rec: 32
nr_doubles: 65536
nr_of_strided_rec: 32
nr_doubles: 65536
nr_of_strided_rec: 32
nr_doubles: 65536
nr_of_strided_rec: 32
nr_doubles: 65536
nr_of_strided_rec: 32
nr_doubles: 65536
nr_of_strided_rec: 32
nr_doubles: 65536
nr_of_strided_rec: 32
nr_doubles: 65536
nr_of_strided_rec: 32
nr_doubles: 65536
nr_of_strided_rec: 32
nr_doubles: 65536
nr_of_strided_rec: 32
nr_doubles: 65536
nr_of_strided_rec: 32
nr_doubles: 65536
nr_of_strided_rec: 32
nr_doubles: 65536
nr_of_strided_rec: 32
nr_doubles: 65536
nr_of_strided_rec: 32
nr_doubles: 65536
nr_of_strided_rec: 32
nr_doubles: 65536
nr_of_strided_rec: 32
nr_doubles: 65536
nr_of_strided_rec: 32
nr_doubles: 65536
nr_of_strided_rec: 32
nr_doubles: 65536
nr_of_strided_rec: 32
nr_doubles: 65536
C_cc         1.67   [      1.67:      1.67]
C_bw         0.77   [      0.77:      0.77]
C_r         34.02   [     34.02:     34.02]
          -------
C_total     36.47   [     36.46:     36.47]


dC[0] = 0.00000e+00
fclose PID:30035 fd:10
fclose PID:30037 fd:8
fclose PID:30034 fd:12
fclose PID:30036 fd:8
READAHEAD_TIME:833957.000000 us
MaxRSS= 534768 KB, SharedMem= 0 KB, HardPageFault= 11
READAHEAD_TIME:906678.000000 us
MaxRSS= 535044 KB, SharedMem= 0 KB, HardPageFault= 11
READAHEAD_TIME:908640.000000 us
MaxRSS= 535080 KB, SharedMem= 0 KB, HardPageFault= 13
READAHEAD_TIME:889322.000000 us
MaxRSS= 535044 KB, SharedMem= 0 KB, HardPageFault= 12
fclose PID:30033 fd:0
fclose PID:30033 fd:6
fclose PID:30033 fd:6
fclose PID:30033 fd:0
READAHEAD_TIME:0.000000 us
MaxRSS= 5412 KB, SharedMem= 0 KB, HardPageFault= 2
fclose PID:30032 fd:3
fclose PID:30032 fd:4
fclose PID:30032 fd:4
fclose PID:30032 fd:3
READAHEAD_TIME:0.000000 us
MaxRSS= 4888 KB, SharedMem= 0 KB, HardPageFault= 4
	Command being timed: "mpiexec -n 4 ./MADbench2_io 8192 30 1 8 64 1 1 524288 7 1"
	User time (seconds): 107.42
	System time (seconds): 59.55
	Percent of CPU this job got: 110%
	Elapsed (wall clock) time (h:mm:ss or m:ss): 2:30.92
	Average shared text size (kbytes): 0
	Average unshared data size (kbytes): 0
	Average stack size (kbytes): 0
	Average total size (kbytes): 0
	Maximum resident set size (kbytes): 535080
	Average resident set size (kbytes): 0
	Major (requiring I/O) page faults: 54
	Minor (reclaiming a frame) page faults: 3171802
	Voluntary context switches: 19194
	Involuntary context switches: 1360
	Swaps: 0
	File system inputs: 63526224
	File system outputs: 62914656
	Socket messages sent: 0
	Socket messages received: 0
	Signals delivered: 0
	Page size (bytes): 4096
	Exit status: 0
READAHEAD_TIME:0.000000 us
MaxRSS= 2200 KB, SharedMem= 0 KB, HardPageFault= 0
*******************DMESG OUTPUT******************
