fclose PID:36016 fd:3
fclose PID:36016 fd:4
fclose PID:36016 fd:4
fclose PID:36016 fd:3
available: 2 nodes (0-1)
fclose PID:36016 fd:3
node 0 cpus:fclose PID:36016 fd:3
 0 1 2 3 4 5 6 7 8 9 20 21 22 23 24 25 26 27 28 29
node 0 size: 80440 MB
node 0 free: 80121 MB
fclose PID:36016 fd:3
node 1 cpus:fclose PID:36016 fd:3
 10 11 12 13 14 15 16 17 18 19 30 31 32 33 34 35 36 37 38 39
node 1 size: 80635 MB
node 1 free: 80365 MB
fclose PID:36016 fd:3
fclose PID:36016 fd:3
node distances:
node   0   1 
  0:  10  21 
  1:  21  10 
READAHEAD_TIME:0.000000 us
MaxRSS= 2204 KB, SharedMem= 0 KB, HardPageFault= 10
fclose PID:36033 fd:8
fclose PID:36025 fd:8
fclose PID:36021 fd:12
fclose PID:36032 fd:8
fclose PID:36029 fd:8
fclose PID:36036 fd:8
fclose PID:36027 fd:8
fclose PID:36022 fd:10
fclose PID:36024 fd:8
fclose PID:36028 fd:8
fclose PID:36030 fd:8
fclose PID:36034 fd:8
fclose PID:36023 fd:8
fclose PID:36035 fd:8
fclose PID:36026 fd:8
fclose PID:36031 fd:8

MADbench 2.0 IO-mode
no_pe = 16  no_pix = 4096  no_bin = 30  no_gang = 1 sblocksize = 8  fblocksize = 64  r_mod = 1  w_mod = 1 record_size=524288 stride=7


IOMETHOD = POSIX  IOMODE = SYNC  FILETYPE = UNIQUE  REMAP = CUSTOMbuild_S
build_S
build_S
build_S
build_S
build_S
build_S
build_S
build_S
build_S
build_S
build_S
build_S
build_S
build_S
build_S

Write the data to file:8388608 bytes
***********WAITING************

Write the data to file:8388608 bytes
***********WAITING************

Write the data to file:8388608 bytes
***********WAITING************

Write the data to file:8388608 bytes
***********WAITING************

Write the data to file:8388608 bytes
***********WAITING************

Write the data to file:8388608 bytes
***********WAITING************

Write the data to file:8388608 bytes
***********WAITING************

Write the data to file:8388608 bytes
***********WAITING************

Write the data to file:8388608 bytes
***********WAITING************

Write the data to file:8388608 bytes
***********WAITING************

Write the data to file:8388608 bytes
***********WAITING************

Write the data to file:8388608 bytes
***********WAITING************

Write the data to file:8388608 bytes
***********WAITING************

Write the data to file:8388608 bytes
***********WAITING************

Write the data to file:8388608 bytes
***********WAITING************

Write the data to file:8388608 bytes
***********WAITING************

Write the data to file:8388608 bytes
***********WAITING************

Write the data to file:8388608 bytes
***********WAITING************

Write the data to file:8388608 bytes
***********WAITING************

Write the data to file:8388608 bytes
***********WAITING************

Write the data to file:8388608 bytes
***********WAITING************

Write the data to file:8388608 bytes
***********WAITING************

Write the data to file:8388608 bytes
***********WAITING************

Write the data to file:8388608 bytes
***********WAITING************

Write the data to file:8388608 bytes
***********WAITING************

Write the data to file:8388608 bytes
***********WAITING************

Write the data to file:8388608 bytes
***********WAITING************

Write the data to file:8388608 bytes
***********WAITING************

Write the data to file:8388608 bytes
***********WAITING************

Write the data to file:8388608 bytes
***********WAITING************

Write the data to file:8388608 bytes
***********WAITING************

Write the data to file:8388608 bytes
***********WAITING************

Write the data to file:8388608 bytes
***********WAITING************

Write the data to file:8388608 bytes
***********WAITING************

Write the data to file:8388608 bytes
***********WAITING************

Write the data to file:8388608 bytes
***********WAITING************

Write the data to file:8388608 bytes
***********WAITING************

Write the data to file:8388608 bytes
***********WAITING************

Write the data to file:8388608 bytes
***********WAITING************

Write the data to file:8388608 bytes
***********WAITING************

Write the data to file:8388608 bytes
***********WAITING************

Write the data to file:8388608 bytes
***********WAITING************

Write the data to file:8388608 bytes
***********WAITING************

Write the data to file:8388608 bytes
***********WAITING************

Write the data to file:8388608 bytes
***********WAITING************

Write the data to file:8388608 bytes
***********WAITING************

Write the data to file:8388608 bytes
***********WAITING************

Write the data to file:8388608 bytes
***********WAITING************

Write the data to file:8388608 bytes
***********WAITING************

Write the data to file:8388608 bytes
***********WAITING************

Write the data to file:8388608 bytes
***********WAITING************

Write the data to file:8388608 bytes
***********WAITING************

Write the data to file:8388608 bytes
***********WAITING************

Write the data to file:8388608 bytes
***********WAITING************

Write the data to file:8388608 bytes
***********WAITING************

Write the data to file:8388608 bytes
***********WAITING************

Write the data to file:8388608 bytes
***********WAITING************

Write the data to file:8388608 bytes
***********WAITING************

Write the data to file:8388608 bytes
***********WAITING************

Write the data to file:8388608 bytes
***********WAITING************

Write the data to file:8388608 bytes
***********WAITING************

Write the data to file:8388608 bytes
***********WAITING************

Write the data to file:8388608 bytes
***********WAITING************

Write the data to file:8388608 bytes
***********WAITING************

Write the data to file:8388608 bytes
***********WAITING************

Write the data to file:8388608 bytes
***********WAITING************

Write the data to file:8388608 bytes
***********WAITING************

Write the data to file:8388608 bytes
***********WAITING************

Write the data to file:8388608 bytes
***********WAITING************

Write the data to file:8388608 bytes
***********WAITING************

Write the data to file:8388608 bytes
***********WAITING************

Write the data to file:8388608 bytes
***********WAITING************

Write the data to file:8388608 bytes
***********WAITING************

Write the data to file:8388608 bytes
***********WAITING************

Write the data to file:8388608 bytes
***********WAITING************

Write the data to file:8388608 bytes
***********WAITING************

Write the data to file:8388608 bytes
***********WAITING************

Write the data to file:8388608 bytes
***********WAITING************

Write the data to file:8388608 bytes
***********WAITING************

Write the data to file:8388608 bytes
***********WAITING************

Write the data to file:8388608 bytes
***********WAITING************

Write the data to file:8388608 bytes
***********WAITING************

Write the data to file:8388608 bytes
***********WAITING************

Write the data to file:8388608 bytes
***********WAITING************

Write the data to file:8388608 bytes
***********WAITING************

Write the data to file:8388608 bytes
***********WAITING************

Write the data to file:8388608 bytes
***********WAITING************

Write the data to file:8388608 bytes
***********WAITING************

Write the data to file:8388608 bytes
***********WAITING************

Write the data to file:8388608 bytes
***********WAITING************

Write the data to file:8388608 bytes
***********WAITING************

Write the data to file:8388608 bytes
***********WAITING************

Write the data to file:8388608 bytes
***********WAITING************

Write the data to file:8388608 bytes
***********WAITING************

Write the data to file:8388608 bytes
***********WAITING************

Write the data to file:8388608 bytes
***********WAITING************

Write the data to file:8388608 bytes
***********WAITING************

Write the data to file:8388608 bytes
***********WAITING************

Write the data to file:8388608 bytes
***********WAITING************

Write the data to file:8388608 bytes
***********WAITING************

Write the data to file:8388608 bytes
***********WAITING************

Write the data to file:8388608 bytes
***********WAITING************

Write the data to file:8388608 bytes
***********WAITING************

Write the data to file:8388608 bytes
***********WAITING************

Write the data to file:8388608 bytes
***********WAITING************

Write the data to file:8388608 bytes
***********WAITING************

Write the data to file:8388608 bytes
***********WAITING************

Write the data to file:8388608 bytes
***********WAITING************

Write the data to file:8388608 bytes
***********WAITING************

Write the data to file:8388608 bytes
***********WAITING************

Write the data to file:8388608 bytes
***********WAITING************

Write the data to file:8388608 bytes
***********WAITING************

Write the data to file:8388608 bytes
***********WAITING************

Write the data to file:8388608 bytes
***********WAITING************

Write the data to file:8388608 bytes
***********WAITING************

Write the data to file:8388608 bytes
***********WAITING************

Write the data to file:8388608 bytes
***********WAITING************

Write the data to file:8388608 bytes
***********WAITING************

Write the data to file:8388608 bytes
***********WAITING************

Write the data to file:8388608 bytes
***********WAITING************

Write the data to file:8388608 bytes
***********WAITING************

Write the data to file:8388608 bytes
***********WAITING************

Write the data to file:8388608 bytes
***********WAITING************

Write the data to file:8388608 bytes
***********WAITING************

Write the data to file:8388608 bytes
***********WAITING************

Write the data to file:8388608 bytes
***********WAITING************

Write the data to file:8388608 bytes
***********WAITING************

Write the data to file:8388608 bytes
***********WAITING************

Write the data to file:8388608 bytes
***********WAITING************

Write the data to file:8388608 bytes
***********WAITING************

Write the data to file:8388608 bytes
***********WAITING************

Write the data to file:8388608 bytes
***********WAITING************

Write the data to file:8388608 bytes
***********WAITING************

Write the data to file:8388608 bytes
***********WAITING************

Write the data to file:8388608 bytes
***********WAITING************

Write the data to file:8388608 bytes
***********WAITING************

Write the data to file:8388608 bytes
***********WAITING************

Write the data to file:8388608 bytes
***********WAITING************

Write the data to file:8388608 bytes
***********WAITING************

Write the data to file:8388608 bytes
***********WAITING************

Write the data to file:8388608 bytes
***********WAITING************

Write the data to file:8388608 bytes
***********WAITING************

Write the data to file:8388608 bytes
***********WAITING************

Write the data to file:8388608 bytes
***********WAITING************

Write the data to file:8388608 bytes
***********WAITING************

Write the data to file:8388608 bytes
***********WAITING************

Write the data to file:8388608 bytes
***********WAITING************

Write the data to file:8388608 bytes
***********WAITING************

Write the data to file:8388608 bytes
***********WAITING************

Write the data to file:8388608 bytes
***********WAITING************

Write the data to file:8388608 bytes
***********WAITING************

Write the data to file:8388608 bytes
***********WAITING************

Write the data to file:8388608 bytes
***********WAITING************

Write the data to file:8388608 bytes
***********WAITING************

Write the data to file:8388608 bytes
***********WAITING************

Write the data to file:8388608 bytes
***********WAITING************

Write the data to file:8388608 bytes
***********WAITING************

Write the data to file:8388608 bytes
***********WAITING************

Write the data to file:8388608 bytes
***********WAITING************

Write the data to file:8388608 bytes
***********WAITING************

Write the data to file:8388608 bytes
***********WAITING************

Write the data to file:8388608 bytes
***********WAITING************

Write the data to file:8388608 bytes
***********WAITING************

Write the data to file:8388608 bytes
***********WAITING************

Write the data to file:8388608 bytes
***********WAITING************

Write the data to file:8388608 bytes
***********WAITING************

Write the data to file:8388608 bytes
***********WAITING************

Write the data to file:8388608 bytes
***********WAITING************

Write the data to file:8388608 bytes
***********WAITING************

Write the data to file:8388608 bytes
***********WAITING************

Write the data to file:8388608 bytes
***********WAITING************

Write the data to file:8388608 bytes
***********WAITING************

Write the data to file:8388608 bytes
***********WAITING************

Write the data to file:8388608 bytes
***********WAITING************

Write the data to file:8388608 bytes
***********WAITING************

Write the data to file:8388608 bytes
***********WAITING************

Write the data to file:8388608 bytes
***********WAITING************

Write the data to file:8388608 bytes
***********WAITING************

Write the data to file:8388608 bytes
***********WAITING************

Write the data to file:8388608 bytes
***********WAITING************

Write the data to file:8388608 bytes
***********WAITING************

Write the data to file:8388608 bytes
***********WAITING************

Write the data to file:8388608 bytes
***********WAITING************

Write the data to file:8388608 bytes
***********WAITING************

Write the data to file:8388608 bytes
***********WAITING************

Write the data to file:8388608 bytes
***********WAITING************

Write the data to file:8388608 bytes
***********WAITING************

Write the data to file:8388608 bytes
***********WAITING************

Write the data to file:8388608 bytes
***********WAITING************

Write the data to file:8388608 bytes
***********WAITING************

Write the data to file:8388608 bytes
***********WAITING************

Write the data to file:8388608 bytes
***********WAITING************

Write the data to file:8388608 bytes
***********WAITING************

Write the data to file:8388608 bytes
***********WAITING************

Write the data to file:8388608 bytes
***********WAITING************

Write the data to file:8388608 bytes
***********WAITING************

Write the data to file:8388608 bytes
***********WAITING************

Write the data to file:8388608 bytes
***********WAITING************

Write the data to file:8388608 bytes
***********WAITING************

Write the data to file:8388608 bytes
***********WAITING************

Write the data to file:8388608 bytes
***********WAITING************

Write the data to file:8388608 bytes
***********WAITING************

Write the data to file:8388608 bytes
***********WAITING************

Write the data to file:8388608 bytes
***********WAITING************

Write the data to file:8388608 bytes
***********WAITING************

Write the data to file:8388608 bytes
***********WAITING************

Write the data to file:8388608 bytes
***********WAITING************

Write the data to file:8388608 bytes
***********WAITING************

Write the data to file:8388608 bytes
***********WAITING************

Write the data to file:8388608 bytes
***********WAITING************

Write the data to file:8388608 bytes
***********WAITING************

Write the data to file:8388608 bytes
***********WAITING************

Write the data to file:8388608 bytes
***********WAITING************

Write the data to file:8388608 bytes
***********WAITING************

Write the data to file:8388608 bytes
***********WAITING************

Write the data to file:8388608 bytes
***********WAITING************

Write the data to file:8388608 bytes
***********WAITING************

Write the data to file:8388608 bytes
***********WAITING************

Write the data to file:8388608 bytes
***********WAITING************

Write the data to file:8388608 bytes
***********WAITING************

Write the data to file:8388608 bytes
***********WAITING************

Write the data to file:8388608 bytes
***********WAITING************

Write the data to file:8388608 bytes
***********WAITING************

Write the data to file:8388608 bytes
***********WAITING************

Write the data to file:8388608 bytes
***********WAITING************

Write the data to file:8388608 bytes
***********WAITING************

Write the data to file:8388608 bytes
***********WAITING************

Write the data to file:8388608 bytes
***********WAITING************

Write the data to file:8388608 bytes
***********WAITING************

Write the data to file:8388608 bytes
***********WAITING************

Write the data to file:8388608 bytes
***********WAITING************

Write the data to file:8388608 bytes
***********WAITING************

Write the data to file:8388608 bytes
***********WAITING************

Write the data to file:8388608 bytes
***********WAITING************

Write the data to file:8388608 bytes
***********WAITING************

Write the data to file:8388608 bytes
***********WAITING************

Write the data to file:8388608 bytes
***********WAITING************

Write the data to file:8388608 bytes
***********WAITING************

Write the data to file:8388608 bytes
***********WAITING************

Write the data to file:8388608 bytes
***********WAITING************

Write the data to file:8388608 bytes
***********WAITING************

Write the data to file:8388608 bytes
***********WAITING************

Write the data to file:8388608 bytes
***********WAITING************

Write the data to file:8388608 bytes
***********WAITING************

Write the data to file:8388608 bytes
***********WAITING************

Write the data to file:8388608 bytes
***********WAITING************

Write the data to file:8388608 bytes
***********WAITING************

Write the data to file:8388608 bytes
***********WAITING************

Write the data to file:8388608 bytes
***********WAITING************

Write the data to file:8388608 bytes
***********WAITING************

Write the data to file:8388608 bytes
***********WAITING************

Write the data to file:8388608 bytes
***********WAITING************

Write the data to file:8388608 bytes
***********WAITING************

Write the data to file:8388608 bytes
***********WAITING************

Write the data to file:8388608 bytes
***********WAITING************

Write the data to file:8388608 bytes
***********WAITING************

Write the data to file:8388608 bytes
***********WAITING************

Write the data to file:8388608 bytes
***********WAITING************

Write the data to file:8388608 bytes
***********WAITING************

Write the data to file:8388608 bytes
***********WAITING************

Write the data to file:8388608 bytes
***********WAITING************

Write the data to file:8388608 bytes
***********WAITING************

Write the data to file:8388608 bytes
***********WAITING************

Write the data to file:8388608 bytes
***********WAITING************

Write the data to file:8388608 bytes
***********WAITING************

Write the data to file:8388608 bytes
***********WAITING************

Write the data to file:8388608 bytes
***********WAITING************

Write the data to file:8388608 bytes
***********WAITING************

Write the data to file:8388608 bytes
***********WAITING************

Write the data to file:8388608 bytes
***********WAITING************

Write the data to file:8388608 bytes
***********WAITING************

Write the data to file:8388608 bytes
***********WAITING************

Write the data to file:8388608 bytes
***********WAITING************

Write the data to file:8388608 bytes
***********WAITING************

Write the data to file:8388608 bytes
***********WAITING************

Write the data to file:8388608 bytes
***********WAITING************

Write the data to file:8388608 bytes
***********WAITING************

Write the data to file:8388608 bytes
***********WAITING************

Write the data to file:8388608 bytes
***********WAITING************

Write the data to file:8388608 bytes
***********WAITING************

Write the data to file:8388608 bytes
***********WAITING************

Write the data to file:8388608 bytes
***********WAITING************

Write the data to file:8388608 bytes
***********WAITING************

Write the data to file:8388608 bytes
***********WAITING************

Write the data to file:8388608 bytes
***********WAITING************

Write the data to file:8388608 bytes
***********WAITING************

Write the data to file:8388608 bytes
***********WAITING************

Write the data to file:8388608 bytes
***********WAITING************

Write the data to file:8388608 bytes
***********WAITING************

Write the data to file:8388608 bytes
***********WAITING************

Write the data to file:8388608 bytes
***********WAITING************

Write the data to file:8388608 bytes
***********WAITING************

Write the data to file:8388608 bytes
***********WAITING************

Write the data to file:8388608 bytes
***********WAITING************

Write the data to file:8388608 bytes
***********WAITING************

Write the data to file:8388608 bytes
***********WAITING************

Write the data to file:8388608 bytes
***********WAITING************

Write the data to file:8388608 bytes
***********WAITING************

Write the data to file:8388608 bytes
***********WAITING************

Write the data to file:8388608 bytes
***********WAITING************

Write the data to file:8388608 bytes
***********WAITING************

Write the data to file:8388608 bytes
***********WAITING************

Write the data to file:8388608 bytes
***********WAITING************

Write the data to file:8388608 bytes
***********WAITING************

Write the data to file:8388608 bytes
***********WAITING************

Write the data to file:8388608 bytes
***********WAITING************

Write the data to file:8388608 bytes
***********WAITING************

Write the data to file:8388608 bytes
***********WAITING************

Write the data to file:8388608 bytes
***********WAITING************

Write the data to file:8388608 bytes
***********WAITING************

Write the data to file:8388608 bytes
***********WAITING************

Write the data to file:8388608 bytes
***********WAITING************

Write the data to file:8388608 bytes
***********WAITING************

Write the data to file:8388608 bytes
***********WAITING************

Write the data to file:8388608 bytes
***********WAITING************

Write the data to file:8388608 bytes
***********WAITING************

Write the data to file:8388608 bytes
***********WAITING************

Write the data to file:8388608 bytes
***********WAITING************

Write the data to file:8388608 bytes
***********WAITING************

Write the data to file:8388608 bytes
***********WAITING************

Write the data to file:8388608 bytes
***********WAITING************

Write the data to file:8388608 bytes
***********WAITING************

Write the data to file:8388608 bytes
***********WAITING************

Write the data to file:8388608 bytes
***********WAITING************

Write the data to file:8388608 bytes
***********WAITING************

Write the data to file:8388608 bytes
***********WAITING************

Write the data to file:8388608 bytes
***********WAITING************

Write the data to file:8388608 bytes
***********WAITING************

Write the data to file:8388608 bytes
***********WAITING************

Write the data to file:8388608 bytes
***********WAITING************

Write the data to file:8388608 bytes
***********WAITING************

Write the data to file:8388608 bytes
***********WAITING************

Write the data to file:8388608 bytes
***********WAITING************

Write the data to file:8388608 bytes
***********WAITING************

Write the data to file:8388608 bytes
***********WAITING************

Write the data to file:8388608 bytes
***********WAITING************

Write the data to file:8388608 bytes
***********WAITING************

Write the data to file:8388608 bytes
***********WAITING************

Write the data to file:8388608 bytes
***********WAITING************

Write the data to file:8388608 bytes
***********WAITING************

Write the data to file:8388608 bytes
***********WAITING************

Write the data to file:8388608 bytes
***********WAITING************

Write the data to file:8388608 bytes
***********WAITING************

Write the data to file:8388608 bytes
***********WAITING************

Write the data to file:8388608 bytes
***********WAITING************

Write the data to file:8388608 bytes
***********WAITING************

Write the data to file:8388608 bytes
***********WAITING************

Write the data to file:8388608 bytes
***********WAITING************

Write the data to file:8388608 bytes
***********WAITING************

Write the data to file:8388608 bytes
***********WAITING************

Write the data to file:8388608 bytes
***********WAITING************

Write the data to file:8388608 bytes
***********WAITING************

Write the data to file:8388608 bytes
***********WAITING************

Write the data to file:8388608 bytes
***********WAITING************

Write the data to file:8388608 bytes
***********WAITING************

Write the data to file:8388608 bytes
***********WAITING************

Write the data to file:8388608 bytes
***********WAITING************

Write the data to file:8388608 bytes
***********WAITING************

Write the data to file:8388608 bytes
***********WAITING************

Write the data to file:8388608 bytes
***********WAITING************

Write the data to file:8388608 bytes
***********WAITING************

Write the data to file:8388608 bytes
***********WAITING************

Write the data to file:8388608 bytes
***********WAITING************

Write the data to file:8388608 bytes
***********WAITING************

Write the data to file:8388608 bytes
***********WAITING************

Write the data to file:8388608 bytes
***********WAITING************

Write the data to file:8388608 bytes
***********WAITING************

Write the data to file:8388608 bytes
***********WAITING************

Write the data to file:8388608 bytes
***********WAITING************

Write the data to file:8388608 bytes
***********WAITING************

Write the data to file:8388608 bytes
***********WAITING************

Write the data to file:8388608 bytes
***********WAITING************

Write the data to file:8388608 bytes
***********WAITING************

Write the data to file:8388608 bytes
***********WAITING************

Write the data to file:8388608 bytes
***********WAITING************

Write the data to file:8388608 bytes
***********WAITING************

Write the data to file:8388608 bytes
***********WAITING************

Write the data to file:8388608 bytes
***********WAITING************

Write the data to file:8388608 bytes
***********WAITING************

Write the data to file:8388608 bytes
***********WAITING************

Write the data to file:8388608 bytes
***********WAITING************

Write the data to file:8388608 bytes
***********WAITING************

Write the data to file:8388608 bytes
***********WAITING************

Write the data to file:8388608 bytes
***********WAITING************

Write the data to file:8388608 bytes
***********WAITING************

Write the data to file:8388608 bytes
***********WAITING************

Write the data to file:8388608 bytes
***********WAITING************

Write the data to file:8388608 bytes
***********WAITING************

Write the data to file:8388608 bytes
***********WAITING************

Write the data to file:8388608 bytes
***********WAITING************

Write the data to file:8388608 bytes
***********WAITING************

Write the data to file:8388608 bytes
***********WAITING************

Write the data to file:8388608 bytes
***********WAITING************

Write the data to file:8388608 bytes
***********WAITING************

Write the data to file:8388608 bytes
***********WAITING************

Write the data to file:8388608 bytes
***********WAITING************

Write the data to file:8388608 bytes
***********WAITING************

Write the data to file:8388608 bytes
***********WAITING************

Write the data to file:8388608 bytes
***********WAITING************

Write the data to file:8388608 bytes
***********WAITING************

Write the data to file:8388608 bytes
***********WAITING************

Write the data to file:8388608 bytes
***********WAITING************

Write the data to file:8388608 bytes
***********WAITING************

Write the data to file:8388608 bytes
***********WAITING************

Write the data to file:8388608 bytes
***********WAITING************

Write the data to file:8388608 bytes
***********WAITING************

Write the data to file:8388608 bytes
***********WAITING************

Write the data to file:8388608 bytes
***********WAITING************

Write the data to file:8388608 bytes
***********WAITING************

Write the data to file:8388608 bytes
***********WAITING************

Write the data to file:8388608 bytes
***********WAITING************

Write the data to file:8388608 bytes
***********WAITING************

Write the data to file:8388608 bytes
***********WAITING************

Write the data to file:8388608 bytes
***********WAITING************

Write the data to file:8388608 bytes
***********WAITING************

Write the data to file:8388608 bytes
***********WAITING************

Write the data to file:8388608 bytes
***********WAITING************

Write the data to file:8388608 bytes
***********WAITING************

Write the data to file:8388608 bytes
***********WAITING************

Write the data to file:8388608 bytes
***********WAITING************

Write the data to file:8388608 bytes
***********WAITING************

Write the data to file:8388608 bytes
***********WAITING************

Write the data to file:8388608 bytes
***********WAITING************

Write the data to file:8388608 bytes
***********WAITING************

Write the data to file:8388608 bytes
***********WAITING************

Write the data to file:8388608 bytes
***********WAITING************

Write the data to file:8388608 bytes
***********WAITING************

Write the data to file:8388608 bytes
***********WAITING************

Write the data to file:8388608 bytes
***********WAITING************

Write the data to file:8388608 bytes
***********WAITING************

Write the data to file:8388608 bytes
***********WAITING************

Write the data to file:8388608 bytes
***********WAITING************

Write the data to file:8388608 bytes
***********WAITING************

Write the data to file:8388608 bytes
***********WAITING************

Write the data to file:8388608 bytes
***********WAITING************

Write the data to file:8388608 bytes
***********WAITING************

Write the data to file:8388608 bytes
***********WAITING************

Write the data to file:8388608 bytes
***********WAITING************

Write the data to file:8388608 bytes
***********WAITING************

Write the data to file:8388608 bytes
***********WAITING************

Write the data to file:8388608 bytes
***********WAITING************

Write the data to file:8388608 bytes
***********WAITING************

Write the data to file:8388608 bytes
***********WAITING************

Write the data to file:8388608 bytes
***********WAITING************

Write the data to file:8388608 bytes
***********WAITING************

Write the data to file:8388608 bytes
***********WAITING************

Write the data to file:8388608 bytes
***********WAITING************

Write the data to file:8388608 bytes
***********WAITING************

Write the data to file:8388608 bytes
***********WAITING************

Write the data to file:8388608 bytes
***********WAITING************

Write the data to file:8388608 bytes
***********WAITING************

Write the data to file:8388608 bytes
***********WAITING************

Write the data to file:8388608 bytes
***********WAITING************

Write the data to file:8388608 bytes
***********WAITING************

Write the data to file:8388608 bytes
***********WAITING************

Write the data to file:8388608 bytes
***********WAITING************

Write the data to file:8388608 bytes
***********WAITING************

Write the data to file:8388608 bytes
***********WAITING************

Write the data to file:8388608 bytes
***********WAITING************

Write the data to file:8388608 bytes
***********WAITING************

Write the data to file:8388608 bytes
***********WAITING************

Write the data to file:8388608 bytes
***********WAITING************

Write the data to file:8388608 bytes
***********WAITING************

Write the data to file:8388608 bytes
***********WAITING************

Write the data to file:8388608 bytes
***********WAITING************

Write the data to file:8388608 bytes
***********WAITING************

Write the data to file:8388608 bytes
***********WAITING************

Write the data to file:8388608 bytes
***********WAITING************

Write the data to file:8388608 bytes
***********WAITING************

Write the data to file:8388608 bytes
***********WAITING************

Write the data to file:8388608 bytes
***********WAITING************

Write the data to file:8388608 bytes
***********WAITING************

Write the data to file:8388608 bytes
***********WAITING************

Write the data to file:8388608 bytes
***********WAITING************

Write the data to file:8388608 bytes
***********WAITING************

Write the data to file:8388608 bytes
***********WAITING************

Write the data to file:8388608 bytes
***********WAITING************

Write the data to file:8388608 bytes
***********WAITING************

Write the data to file:8388608 bytes
***********WAITING************

Write the data to file:8388608 bytes
***********WAITING************
S_cc         0.26   [      0.26:      0.26]
S_bw         0.06   [      0.06:      0.06]
S_w          6.92   [      6.92:      6.92]
          -------
S_total      7.25   [      7.24:      7.25]

build_S done
calc_W
build_S done
calc_W
build_S done
calc_W
build_S done
calc_W
build_S done
calc_W
build_S done
calc_W
nr_of_strided_rec: 2
nr_doubles: 65536
build_S done
calc_W
nr_of_strided_rec: 2
nr_doubles: 65536
build_S done
calc_W
nr_of_strided_rec: 2
nr_doubles: 65536
build_S done
calc_W
nr_of_strided_rec: 2
nr_doubles: 65536
build_S done
calc_W
nr_of_strided_rec: 2
nr_doubles: 65536
build_S done
calc_W
nr_of_strided_rec: 2
nr_doubles: 65536
build_S done
calc_W
nr_of_strided_rec: 2
nr_doubles: 65536
build_S done
calc_W
nr_of_strided_rec: 2
nr_doubles: 65536
build_S done
calc_W
nr_of_strided_rec: 2
nr_doubles: 65536
build_S done
calc_W
nr_of_strided_rec: 2
nr_doubles: 65536
build_S done
calc_W
nr_of_strided_rec: 2
nr_doubles: 65536
nr_of_strided_rec: 2
nr_doubles: 65536
nr_of_strided_rec: 2
nr_doubles: 65536
nr_of_strided_rec: 2
nr_doubles: 65536
nr_of_strided_rec: 2
nr_doubles: 65536
nr_of_strided_rec: 2
nr_doubles: 65536
nr_of_strided_rec: 2
nr_doubles: 65536
nr_of_strided_rec: 2
nr_doubles: 65536
nr_of_strided_rec: 2
nr_doubles: 65536
nr_of_strided_rec: 2
nr_doubles: 65536
nr_of_strided_rec: 2
nr_doubles: 65536
nr_of_strided_rec: 2
nr_doubles: 65536
nr_of_strided_rec: 2
nr_doubles: 65536
nr_of_strided_rec: 2
nr_doubles: 65536
nr_of_strided_rec: 2
nr_doubles: 65536
nr_of_strided_rec: 2
nr_doubles: 65536
nr_of_strided_rec: 2
nr_doubles: 65536
nr_of_strided_rec: 2
nr_doubles: 65536
nr_of_strided_rec: 2
nr_doubles: 65536
nr_of_strided_rec: 2
nr_doubles: 65536
nr_of_strided_rec: 2
nr_doubles: 65536
nr_of_strided_rec: 2
nr_doubles: 65536

Write the data to file:8388608 bytes
***********WAITING************

Write the data to file:8388608 bytes
***********WAITING************

Write the data to file:8388608 bytes
***********WAITING************

Write the data to file:8388608 bytes
***********WAITING************

Write the data to file:8388608 bytes
***********WAITING************

Write the data to file:8388608 bytes
***********WAITING************

Write the data to file:8388608 bytes
***********WAITING************

Write the data to file:8388608 bytes
***********WAITING************

Write the data to file:8388608 bytes
***********WAITING************

Write the data to file:8388608 bytes
***********WAITING************

Write the data to file:8388608 bytes
***********WAITING************

Write the data to file:8388608 bytes
***********WAITING************

Write the data to file:8388608 bytes
***********WAITING************

Write the data to file:8388608 bytes
***********WAITING************

Write the data to file:8388608 bytes
***********WAITING************

Write the data to file:8388608 bytes
***********WAITING************
nr_of_strided_rec: 2
nr_doubles: 65536
nr_of_strided_rec: 2
nr_doubles: 65536
nr_of_strided_rec: 2
nr_doubles: 65536
nr_of_strided_rec: 2
nr_doubles: 65536
nr_of_strided_rec: 2
nr_doubles: 65536
nr_of_strided_rec: 2
nr_doubles: 65536
nr_of_strided_rec: 2
nr_doubles: 65536
nr_of_strided_rec: 2
nr_doubles: 65536
nr_of_strided_rec: 2
nr_doubles: 65536
nr_of_strided_rec: 2
nr_doubles: 65536
nr_of_strided_rec: 2
nr_doubles: 65536
nr_of_strided_rec: 2
nr_doubles: 65536
nr_of_strided_rec: 2
nr_doubles: 65536
nr_of_strided_rec: 2
nr_doubles: 65536
nr_of_strided_rec: 2
nr_doubles: 65536
nr_of_strided_rec: 2
nr_doubles: 65536

Write the data to file:8388608 bytes
***********WAITING************

Write the data to file:8388608 bytes
***********WAITING************

Write the data to file:8388608 bytes
***********WAITING************

Write the data to file:8388608 bytes
***********WAITING************

Write the data to file:8388608 bytes
***********WAITING************

Write the data to file:8388608 bytes
***********WAITING************

Write the data to file:8388608 bytes
***********WAITING************

Write the data to file:8388608 bytes
***********WAITING************

Write the data to file:8388608 bytes
***********WAITING************

Write the data to file:8388608 bytes
***********WAITING************

Write the data to file:8388608 bytes
***********WAITING************

Write the data to file:8388608 bytes
***********WAITING************

Write the data to file:8388608 bytes
***********WAITING************

Write the data to file:8388608 bytes
***********WAITING************

Write the data to file:8388608 bytes
***********WAITING************

Write the data to file:8388608 bytes
***********WAITING************
nr_of_strided_rec: 2
nr_doubles: 65536
nr_of_strided_rec: 2
nr_doubles: 65536
nr_of_strided_rec: 2
nr_doubles: 65536
nr_of_strided_rec: 2
nr_doubles: 65536
nr_of_strided_rec: 2
nr_doubles: 65536
nr_of_strided_rec: 2
nr_doubles: 65536
nr_of_strided_rec: 2
nr_doubles: 65536
nr_of_strided_rec: 2
nr_doubles: 65536
nr_of_strided_rec: 2
nr_doubles: 65536
nr_of_strided_rec: 2
nr_doubles: 65536
nr_of_strided_rec: 2
nr_doubles: 65536
nr_of_strided_rec: 2
nr_doubles: 65536
nr_of_strided_rec: 2
nr_doubles: 65536
nr_of_strided_rec: 2
nr_doubles: 65536
nr_of_strided_rec: 2
nr_doubles: 65536
nr_of_strided_rec: 2
nr_doubles: 65536

Write the data to file:8388608 bytes
***********WAITING************

Write the data to file:8388608 bytes
***********WAITING************

Write the data to file:8388608 bytes
***********WAITING************

Write the data to file:8388608 bytes
***********WAITING************

Write the data to file:8388608 bytes
***********WAITING************

Write the data to file:8388608 bytes
***********WAITING************

Write the data to file:8388608 bytes
***********WAITING************

Write the data to file:8388608 bytes
***********WAITING************

Write the data to file:8388608 bytes
***********WAITING************

Write the data to file:8388608 bytes
***********WAITING************

Write the data to file:8388608 bytes
***********WAITING************

Write the data to file:8388608 bytes
***********WAITING************

Write the data to file:8388608 bytes
***********WAITING************

Write the data to file:8388608 bytes
***********WAITING************

Write the data to file:8388608 bytes
***********WAITING************

Write the data to file:8388608 bytes
***********WAITING************
nr_of_strided_rec: 2
nr_doubles: 65536
nr_of_strided_rec: 2
nr_doubles: 65536
nr_of_strided_rec: 2
nr_doubles: 65536
nr_of_strided_rec: 2
nr_doubles: 65536
nr_of_strided_rec: 2
nr_doubles: 65536
nr_of_strided_rec: 2
nr_doubles: 65536
nr_of_strided_rec: 2
nr_doubles: 65536
nr_of_strided_rec: 2
nr_doubles: 65536
nr_of_strided_rec: 2
nr_doubles: 65536
nr_of_strided_rec: 2
nr_doubles: 65536
nr_of_strided_rec: 2
nr_doubles: 65536
nr_of_strided_rec: 2
nr_doubles: 65536
nr_of_strided_rec: 2
nr_doubles: 65536
nr_of_strided_rec: 2
nr_doubles: 65536
nr_of_strided_rec: 2
nr_doubles: 65536
nr_of_strided_rec: 2
nr_doubles: 65536

Write the data to file:8388608 bytes
***********WAITING************

Write the data to file:8388608 bytes
***********WAITING************

Write the data to file:8388608 bytes
***********WAITING************

Write the data to file:8388608 bytes
***********WAITING************

Write the data to file:8388608 bytes
***********WAITING************

Write the data to file:8388608 bytes
***********WAITING************

Write the data to file:8388608 bytes
***********WAITING************

Write the data to file:8388608 bytes
***********WAITING************

Write the data to file:8388608 bytes
***********WAITING************

Write the data to file:8388608 bytes
***********WAITING************

Write the data to file:8388608 bytes
***********WAITING************

Write the data to file:8388608 bytes
***********WAITING************

Write the data to file:8388608 bytes
***********WAITING************

Write the data to file:8388608 bytes
***********WAITING************

Write the data to file:8388608 bytes
***********WAITING************

Write the data to file:8388608 bytes
***********WAITING************
nr_of_strided_rec: 2
nr_doubles: 65536
nr_of_strided_rec: 2
nr_doubles: 65536
nr_of_strided_rec: 2
nr_doubles: 65536
nr_of_strided_rec: 2
nr_doubles: 65536
nr_of_strided_rec: 2
nr_doubles: 65536
nr_of_strided_rec: 2
nr_doubles: 65536
nr_of_strided_rec: 2
nr_doubles: 65536
nr_of_strided_rec: 2
nr_doubles: 65536
nr_of_strided_rec: 2
nr_doubles: 65536
nr_of_strided_rec: 2
nr_doubles: 65536
nr_of_strided_rec: 2
nr_doubles: 65536
nr_of_strided_rec: 2
nr_doubles: 65536
nr_of_strided_rec: 2
nr_doubles: 65536
nr_of_strided_rec: 2
nr_doubles: 65536
nr_of_strided_rec: 2
nr_doubles: 65536
nr_of_strided_rec: 2
nr_doubles: 65536

Write the data to file:8388608 bytes
***********WAITING************

Write the data to file:8388608 bytes
***********WAITING************

Write the data to file:8388608 bytes
***********WAITING************

Write the data to file:8388608 bytes
***********WAITING************

Write the data to file:8388608 bytes
***********WAITING************

Write the data to file:8388608 bytes
***********WAITING************

Write the data to file:8388608 bytes
***********WAITING************

Write the data to file:8388608 bytes
***********WAITING************

Write the data to file:8388608 bytes
***********WAITING************

Write the data to file:8388608 bytes
***********WAITING************

Write the data to file:8388608 bytes
***********WAITING************

Write the data to file:8388608 bytes
***********WAITING************

Write the data to file:8388608 bytes
***********WAITING************

Write the data to file:8388608 bytes
***********WAITING************

Write the data to file:8388608 bytes
***********WAITING************

Write the data to file:8388608 bytes
***********WAITING************
nr_of_strided_rec: 2
nr_doubles: 65536
nr_of_strided_rec: 2
nr_doubles: 65536
nr_of_strided_rec: 2
nr_doubles: 65536
nr_of_strided_rec: 2
nr_doubles: 65536
nr_of_strided_rec: 2
nr_doubles: 65536
nr_of_strided_rec: 2
nr_doubles: 65536
nr_of_strided_rec: 2
nr_doubles: 65536
nr_of_strided_rec: 2
nr_doubles: 65536
nr_of_strided_rec: 2
nr_doubles: 65536
nr_of_strided_rec: 2
nr_doubles: 65536
nr_of_strided_rec: 2
nr_doubles: 65536
nr_of_strided_rec: 2
nr_doubles: 65536
nr_of_strided_rec: 2
nr_doubles: 65536
nr_of_strided_rec: 2
nr_doubles: 65536
nr_of_strided_rec: 2
nr_doubles: 65536
nr_of_strided_rec: 2
nr_doubles: 65536

Write the data to file:8388608 bytes
***********WAITING************

Write the data to file:8388608 bytes
***********WAITING************

Write the data to file:8388608 bytes
***********WAITING************

Write the data to file:8388608 bytes
***********WAITING************

Write the data to file:8388608 bytes
***********WAITING************

Write the data to file:8388608 bytes
***********WAITING************

Write the data to file:8388608 bytes
***********WAITING************

Write the data to file:8388608 bytes
***********WAITING************

Write the data to file:8388608 bytes
***********WAITING************

Write the data to file:8388608 bytes
***********WAITING************

Write the data to file:8388608 bytes
***********WAITING************

Write the data to file:8388608 bytes
***********WAITING************

Write the data to file:8388608 bytes
***********WAITING************

Write the data to file:8388608 bytes
***********WAITING************

Write the data to file:8388608 bytes
***********WAITING************

Write the data to file:8388608 bytes
***********WAITING************
nr_of_strided_rec: 2
nr_doubles: 65536
nr_of_strided_rec: 2
nr_doubles: 65536
nr_of_strided_rec: 2
nr_doubles: 65536
nr_of_strided_rec: 2
nr_doubles: 65536
nr_of_strided_rec: 2
nr_doubles: 65536
nr_of_strided_rec: 2
nr_doubles: 65536
nr_of_strided_rec: 2
nr_doubles: 65536
nr_of_strided_rec: 2
nr_doubles: 65536
nr_of_strided_rec: 2
nr_doubles: 65536
nr_of_strided_rec: 2
nr_doubles: 65536
nr_of_strided_rec: 2
nr_doubles: 65536
nr_of_strided_rec: 2
nr_doubles: 65536
nr_of_strided_rec: 2
nr_doubles: 65536
nr_of_strided_rec: 2
nr_doubles: 65536
nr_of_strided_rec: 2
nr_doubles: 65536
nr_of_strided_rec: 2
nr_doubles: 65536

Write the data to file:8388608 bytes
***********WAITING************

Write the data to file:8388608 bytes
***********WAITING************

Write the data to file:8388608 bytes
***********WAITING************

Write the data to file:8388608 bytes
***********WAITING************

Write the data to file:8388608 bytes
***********WAITING************

Write the data to file:8388608 bytes
***********WAITING************

Write the data to file:8388608 bytes
***********WAITING************

Write the data to file:8388608 bytes
***********WAITING************

Write the data to file:8388608 bytes
***********WAITING************

Write the data to file:8388608 bytes
***********WAITING************

Write the data to file:8388608 bytes
***********WAITING************

Write the data to file:8388608 bytes
***********WAITING************

Write the data to file:8388608 bytes
***********WAITING************

Write the data to file:8388608 bytes
***********WAITING************

Write the data to file:8388608 bytes
***********WAITING************

Write the data to file:8388608 bytes
***********WAITING************
nr_of_strided_rec: 2
nr_doubles: 65536
nr_of_strided_rec: 2
nr_doubles: 65536
nr_of_strided_rec: 2
nr_doubles: 65536
nr_of_strided_rec: 2
nr_doubles: 65536
nr_of_strided_rec: 2
nr_doubles: 65536
nr_of_strided_rec: 2
nr_doubles: 65536
nr_of_strided_rec: 2
nr_doubles: 65536
nr_of_strided_rec: 2
nr_doubles: 65536
nr_of_strided_rec: 2
nr_doubles: 65536
nr_of_strided_rec: 2
nr_doubles: 65536
nr_of_strided_rec: 2
nr_doubles: 65536
nr_of_strided_rec: 2
nr_doubles: 65536
nr_of_strided_rec: 2
nr_doubles: 65536
nr_of_strided_rec: 2
nr_doubles: 65536
nr_of_strided_rec: 2
nr_doubles: 65536
nr_of_strided_rec: 2
nr_doubles: 65536

Write the data to file:8388608 bytes
***********WAITING************

Write the data to file:8388608 bytes
***********WAITING************

Write the data to file:8388608 bytes
***********WAITING************

Write the data to file:8388608 bytes
***********WAITING************

Write the data to file:8388608 bytes
***********WAITING************

Write the data to file:8388608 bytes
***********WAITING************

Write the data to file:8388608 bytes
***********WAITING************

Write the data to file:8388608 bytes
***********WAITING************

Write the data to file:8388608 bytes
***********WAITING************

Write the data to file:8388608 bytes
***********WAITING************

Write the data to file:8388608 bytes
***********WAITING************

Write the data to file:8388608 bytes
***********WAITING************

Write the data to file:8388608 bytes
***********WAITING************

Write the data to file:8388608 bytes
***********WAITING************

Write the data to file:8388608 bytes
***********WAITING************

Write the data to file:8388608 bytes
***********WAITING************
nr_of_strided_rec: 2
nr_doubles: 65536
nr_of_strided_rec: 2
nr_doubles: 65536
nr_of_strided_rec: 2
nr_doubles: 65536
nr_of_strided_rec: 2
nr_doubles: 65536
nr_of_strided_rec: 2
nr_doubles: 65536
nr_of_strided_rec: 2
nr_doubles: 65536
nr_of_strided_rec: 2
nr_doubles: 65536
nr_of_strided_rec: 2
nr_doubles: 65536
nr_of_strided_rec: 2
nr_doubles: 65536
nr_of_strided_rec: 2
nr_doubles: 65536
nr_of_strided_rec: 2
nr_doubles: 65536
nr_of_strided_rec: 2
nr_doubles: 65536
nr_of_strided_rec: 2
nr_doubles: 65536
nr_of_strided_rec: 2
nr_doubles: 65536
nr_of_strided_rec: 2
nr_doubles: 65536
nr_of_strided_rec: 2
nr_doubles: 65536

Write the data to file:8388608 bytes
***********WAITING************

Write the data to file:8388608 bytes
***********WAITING************

Write the data to file:8388608 bytes
***********WAITING************

Write the data to file:8388608 bytes
***********WAITING************

Write the data to file:8388608 bytes
***********WAITING************

Write the data to file:8388608 bytes
***********WAITING************

Write the data to file:8388608 bytes
***********WAITING************

Write the data to file:8388608 bytes
***********WAITING************

Write the data to file:8388608 bytes
***********WAITING************

Write the data to file:8388608 bytes
***********WAITING************

Write the data to file:8388608 bytes
***********WAITING************

Write the data to file:8388608 bytes
***********WAITING************

Write the data to file:8388608 bytes
***********WAITING************

Write the data to file:8388608 bytes
***********WAITING************

Write the data to file:8388608 bytes
***********WAITING************

Write the data to file:8388608 bytes
***********WAITING************
nr_of_strided_rec: 2
nr_doubles: 65536
nr_of_strided_rec: 2
nr_doubles: 65536
nr_of_strided_rec: 2
nr_doubles: 65536
nr_of_strided_rec: 2
nr_doubles: 65536
nr_of_strided_rec: 2
nr_doubles: 65536
nr_of_strided_rec: 2
nr_doubles: 65536
nr_of_strided_rec: 2
nr_doubles: 65536
nr_of_strided_rec: 2
nr_doubles: 65536
nr_of_strided_rec: 2
nr_doubles: 65536
nr_of_strided_rec: 2
nr_doubles: 65536
nr_of_strided_rec: 2
nr_doubles: 65536
nr_of_strided_rec: 2
nr_doubles: 65536
nr_of_strided_rec: 2
nr_doubles: 65536
nr_of_strided_rec: 2
nr_doubles: 65536
nr_of_strided_rec: 2
nr_doubles: 65536
nr_of_strided_rec: 2
nr_doubles: 65536

Write the data to file:8388608 bytes
***********WAITING************

Write the data to file:8388608 bytes
***********WAITING************

Write the data to file:8388608 bytes
***********WAITING************

Write the data to file:8388608 bytes
***********WAITING************

Write the data to file:8388608 bytes
***********WAITING************

Write the data to file:8388608 bytes
***********WAITING************

Write the data to file:8388608 bytes
***********WAITING************

Write the data to file:8388608 bytes
***********WAITING************

Write the data to file:8388608 bytes
***********WAITING************

Write the data to file:8388608 bytes
***********WAITING************

Write the data to file:8388608 bytes
***********WAITING************

Write the data to file:8388608 bytes
***********WAITING************

Write the data to file:8388608 bytes
***********WAITING************

Write the data to file:8388608 bytes
***********WAITING************

Write the data to file:8388608 bytes
***********WAITING************

Write the data to file:8388608 bytes
***********WAITING************
nr_of_strided_rec: 2
nr_doubles: 65536
nr_of_strided_rec: 2
nr_doubles: 65536
nr_of_strided_rec: 2
nr_doubles: 65536
nr_of_strided_rec: 2
nr_doubles: 65536
nr_of_strided_rec: 2
nr_doubles: 65536
nr_of_strided_rec: 2
nr_doubles: 65536
nr_of_strided_rec: 2
nr_doubles: 65536
nr_of_strided_rec: 2
nr_doubles: 65536
nr_of_strided_rec: 2
nr_doubles: 65536
nr_of_strided_rec: 2
nr_doubles: 65536
nr_of_strided_rec: 2
nr_doubles: 65536
nr_of_strided_rec: 2
nr_doubles: 65536
nr_of_strided_rec: 2
nr_doubles: 65536
nr_of_strided_rec: 2
nr_doubles: 65536
nr_of_strided_rec: 2
nr_doubles: 65536
nr_of_strided_rec: 2
nr_doubles: 65536

Write the data to file:8388608 bytes
***********WAITING************

Write the data to file:8388608 bytes
***********WAITING************

Write the data to file:8388608 bytes
***********WAITING************

Write the data to file:8388608 bytes
***********WAITING************

Write the data to file:8388608 bytes
***********WAITING************

Write the data to file:8388608 bytes
***********WAITING************

Write the data to file:8388608 bytes
***********WAITING************

Write the data to file:8388608 bytes
***********WAITING************

Write the data to file:8388608 bytes
***********WAITING************

Write the data to file:8388608 bytes
***********WAITING************

Write the data to file:8388608 bytes
***********WAITING************

Write the data to file:8388608 bytes
***********WAITING************

Write the data to file:8388608 bytes
***********WAITING************

Write the data to file:8388608 bytes
***********WAITING************

Write the data to file:8388608 bytes
***********WAITING************

Write the data to file:8388608 bytes
***********WAITING************
nr_of_strided_rec: 2
nr_doubles: 65536
nr_of_strided_rec: 2
nr_doubles: 65536
nr_of_strided_rec: 2
nr_doubles: 65536
nr_of_strided_rec: 2
nr_doubles: 65536
nr_of_strided_rec: 2
nr_doubles: 65536
nr_of_strided_rec: 2
nr_doubles: 65536
nr_of_strided_rec: 2
nr_doubles: 65536
nr_of_strided_rec: 2
nr_doubles: 65536
nr_of_strided_rec: 2
nr_doubles: 65536
nr_of_strided_rec: 2
nr_doubles: 65536
nr_of_strided_rec: 2
nr_doubles: 65536
nr_of_strided_rec: 2
nr_doubles: 65536
nr_of_strided_rec: 2
nr_doubles: 65536
nr_of_strided_rec: 2
nr_doubles: 65536
nr_of_strided_rec: 2
nr_doubles: 65536
nr_of_strided_rec: 2
nr_doubles: 65536

Write the data to file:8388608 bytes
***********WAITING************

Write the data to file:8388608 bytes
***********WAITING************

Write the data to file:8388608 bytes
***********WAITING************

Write the data to file:8388608 bytes
***********WAITING************

Write the data to file:8388608 bytes
***********WAITING************

Write the data to file:8388608 bytes
***********WAITING************

Write the data to file:8388608 bytes
***********WAITING************

Write the data to file:8388608 bytes
***********WAITING************

Write the data to file:8388608 bytes
***********WAITING************

Write the data to file:8388608 bytes
***********WAITING************

Write the data to file:8388608 bytes
***********WAITING************

Write the data to file:8388608 bytes
***********WAITING************

Write the data to file:8388608 bytes
***********WAITING************

Write the data to file:8388608 bytes
***********WAITING************

Write the data to file:8388608 bytes
***********WAITING************

Write the data to file:8388608 bytes
***********WAITING************
nr_of_strided_rec: 2
nr_doubles: 65536
nr_of_strided_rec: 2
nr_doubles: 65536
nr_of_strided_rec: 2
nr_doubles: 65536
nr_of_strided_rec: 2
nr_doubles: 65536
nr_of_strided_rec: 2
nr_doubles: 65536
nr_of_strided_rec: 2
nr_doubles: 65536
nr_of_strided_rec: 2
nr_doubles: 65536
nr_of_strided_rec: 2
nr_doubles: 65536
nr_of_strided_rec: 2
nr_doubles: 65536
nr_of_strided_rec: 2
nr_doubles: 65536
nr_of_strided_rec: 2
nr_doubles: 65536
nr_of_strided_rec: 2
nr_doubles: 65536
nr_of_strided_rec: 2
nr_doubles: 65536
nr_of_strided_rec: 2
nr_doubles: 65536
nr_of_strided_rec: 2
nr_doubles: 65536
nr_of_strided_rec: 2
nr_doubles: 65536

Write the data to file:8388608 bytes
***********WAITING************

Write the data to file:8388608 bytes
***********WAITING************

Write the data to file:8388608 bytes
***********WAITING************

Write the data to file:8388608 bytes
***********WAITING************

Write the data to file:8388608 bytes
***********WAITING************

Write the data to file:8388608 bytes
***********WAITING************

Write the data to file:8388608 bytes
***********WAITING************

Write the data to file:8388608 bytes
***********WAITING************

Write the data to file:8388608 bytes
***********WAITING************

Write the data to file:8388608 bytes
***********WAITING************

Write the data to file:8388608 bytes
***********WAITING************

Write the data to file:8388608 bytes
***********WAITING************

Write the data to file:8388608 bytes
***********WAITING************

Write the data to file:8388608 bytes
***********WAITING************

Write the data to file:8388608 bytes
***********WAITING************

Write the data to file:8388608 bytes
***********WAITING************
nr_of_strided_rec: 2
nr_doubles: 65536
nr_of_strided_rec: 2
nr_doubles: 65536
nr_of_strided_rec: 2
nr_doubles: 65536
nr_of_strided_rec: 2
nr_doubles: 65536
nr_of_strided_rec: 2
nr_doubles: 65536
nr_of_strided_rec: 2
nr_doubles: 65536
nr_of_strided_rec: 2
nr_doubles: 65536
nr_of_strided_rec: 2
nr_doubles: 65536
nr_of_strided_rec: 2
nr_doubles: 65536
nr_of_strided_rec: 2
nr_doubles: 65536
nr_of_strided_rec: 2
nr_doubles: 65536
nr_of_strided_rec: 2
nr_doubles: 65536
nr_of_strided_rec: 2
nr_doubles: 65536
nr_of_strided_rec: 2
nr_doubles: 65536
nr_of_strided_rec: 2
nr_doubles: 65536
nr_of_strided_rec: 2
nr_doubles: 65536

Write the data to file:8388608 bytes
***********WAITING************

Write the data to file:8388608 bytes
***********WAITING************

Write the data to file:8388608 bytes
***********WAITING************

Write the data to file:8388608 bytes
***********WAITING************

Write the data to file:8388608 bytes
***********WAITING************

Write the data to file:8388608 bytes
***********WAITING************

Write the data to file:8388608 bytes
***********WAITING************

Write the data to file:8388608 bytes
***********WAITING************

Write the data to file:8388608 bytes
***********WAITING************

Write the data to file:8388608 bytes
***********WAITING************

Write the data to file:8388608 bytes
***********WAITING************

Write the data to file:8388608 bytes
***********WAITING************

Write the data to file:8388608 bytes
***********WAITING************

Write the data to file:8388608 bytes
***********WAITING************

Write the data to file:8388608 bytes
***********WAITING************

Write the data to file:8388608 bytes
***********WAITING************
nr_of_strided_rec: 2
nr_doubles: 65536
nr_of_strided_rec: 2
nr_doubles: 65536
nr_of_strided_rec: 2
nr_doubles: 65536
nr_of_strided_rec: 2
nr_doubles: 65536
nr_of_strided_rec: 2
nr_doubles: 65536
nr_of_strided_rec: 2
nr_doubles: 65536
nr_of_strided_rec: 2
nr_doubles: 65536
nr_of_strided_rec: 2
nr_doubles: 65536
nr_of_strided_rec: 2
nr_doubles: 65536
nr_of_strided_rec: 2
nr_doubles: 65536
nr_of_strided_rec: 2
nr_doubles: 65536
nr_of_strided_rec: 2
nr_doubles: 65536
nr_of_strided_rec: 2
nr_doubles: 65536
nr_of_strided_rec: 2
nr_doubles: 65536
nr_of_strided_rec: 2
nr_doubles: 65536
nr_of_strided_rec: 2
nr_doubles: 65536

Write the data to file:8388608 bytes
***********WAITING************

Write the data to file:8388608 bytes
***********WAITING************

Write the data to file:8388608 bytes
***********WAITING************

Write the data to file:8388608 bytes
***********WAITING************

Write the data to file:8388608 bytes
***********WAITING************

Write the data to file:8388608 bytes
***********WAITING************

Write the data to file:8388608 bytes
***********WAITING************

Write the data to file:8388608 bytes
***********WAITING************

Write the data to file:8388608 bytes
***********WAITING************

Write the data to file:8388608 bytes
***********WAITING************

Write the data to file:8388608 bytes
***********WAITING************

Write the data to file:8388608 bytes
***********WAITING************

Write the data to file:8388608 bytes
***********WAITING************

Write the data to file:8388608 bytes
***********WAITING************

Write the data to file:8388608 bytes
***********WAITING************

Write the data to file:8388608 bytes
***********WAITING************
nr_of_strided_rec: 2
nr_doubles: 65536
nr_of_strided_rec: 2
nr_doubles: 65536
nr_of_strided_rec: 2
nr_doubles: 65536
nr_of_strided_rec: 2
nr_doubles: 65536
nr_of_strided_rec: 2
nr_doubles: 65536
nr_of_strided_rec: 2
nr_doubles: 65536
nr_of_strided_rec: 2
nr_doubles: 65536
nr_of_strided_rec: 2
nr_doubles: 65536
nr_of_strided_rec: 2
nr_doubles: 65536
nr_of_strided_rec: 2
nr_doubles: 65536
nr_of_strided_rec: 2
nr_doubles: 65536
nr_of_strided_rec: 2
nr_doubles: 65536
nr_of_strided_rec: 2
nr_doubles: 65536
nr_of_strided_rec: 2
nr_doubles: 65536
nr_of_strided_rec: 2
nr_doubles: 65536
nr_of_strided_rec: 2
nr_doubles: 65536

Write the data to file:8388608 bytes
***********WAITING************

Write the data to file:8388608 bytes
***********WAITING************

Write the data to file:8388608 bytes
***********WAITING************

Write the data to file:8388608 bytes
***********WAITING************

Write the data to file:8388608 bytes
***********WAITING************

Write the data to file:8388608 bytes
***********WAITING************

Write the data to file:8388608 bytes
***********WAITING************

Write the data to file:8388608 bytes
***********WAITING************

Write the data to file:8388608 bytes
***********WAITING************

Write the data to file:8388608 bytes
***********WAITING************

Write the data to file:8388608 bytes
***********WAITING************

Write the data to file:8388608 bytes
***********WAITING************

Write the data to file:8388608 bytes
***********WAITING************

Write the data to file:8388608 bytes
***********WAITING************

Write the data to file:8388608 bytes
***********WAITING************

Write the data to file:8388608 bytes
***********WAITING************
nr_of_strided_rec: 2
nr_doubles: 65536
nr_of_strided_rec: 2
nr_doubles: 65536
nr_of_strided_rec: 2
nr_doubles: 65536
nr_of_strided_rec: 2
nr_doubles: 65536
nr_of_strided_rec: 2
nr_doubles: 65536
nr_of_strided_rec: 2
nr_doubles: 65536
nr_of_strided_rec: 2
nr_doubles: 65536
nr_of_strided_rec: 2
nr_doubles: 65536
nr_of_strided_rec: 2
nr_doubles: 65536
nr_of_strided_rec: 2
nr_doubles: 65536
nr_of_strided_rec: 2
nr_doubles: 65536
nr_of_strided_rec: 2
nr_doubles: 65536
nr_of_strided_rec: 2
nr_doubles: 65536
nr_of_strided_rec: 2
nr_doubles: 65536
nr_of_strided_rec: 2
nr_doubles: 65536
nr_of_strided_rec: 2
nr_doubles: 65536

Write the data to file:8388608 bytes
***********WAITING************

Write the data to file:8388608 bytes
***********WAITING************

Write the data to file:8388608 bytes
***********WAITING************

Write the data to file:8388608 bytes
***********WAITING************

Write the data to file:8388608 bytes
***********WAITING************

Write the data to file:8388608 bytes
***********WAITING************

Write the data to file:8388608 bytes
***********WAITING************

Write the data to file:8388608 bytes
***********WAITING************

Write the data to file:8388608 bytes
***********WAITING************

Write the data to file:8388608 bytes
***********WAITING************

Write the data to file:8388608 bytes
***********WAITING************

Write the data to file:8388608 bytes
***********WAITING************

Write the data to file:8388608 bytes
***********WAITING************

Write the data to file:8388608 bytes
***********WAITING************

Write the data to file:8388608 bytes
***********WAITING************

Write the data to file:8388608 bytes
***********WAITING************
nr_of_strided_rec: 2
nr_doubles: 65536
nr_of_strided_rec: 2
nr_doubles: 65536
nr_of_strided_rec: 2
nr_doubles: 65536
nr_of_strided_rec: 2
nr_doubles: 65536
nr_of_strided_rec: 2
nr_doubles: 65536
nr_of_strided_rec: 2
nr_doubles: 65536
nr_of_strided_rec: 2
nr_doubles: 65536
nr_of_strided_rec: 2
nr_doubles: 65536
nr_of_strided_rec: 2
nr_doubles: 65536
nr_of_strided_rec: 2
nr_doubles: 65536
nr_of_strided_rec: 2
nr_doubles: 65536
nr_of_strided_rec: 2
nr_doubles: 65536
nr_of_strided_rec: 2
nr_doubles: 65536
nr_of_strided_rec: 2
nr_doubles: 65536
nr_of_strided_rec: 2
nr_doubles: 65536
nr_of_strided_rec: 2
nr_doubles: 65536

Write the data to file:8388608 bytes
***********WAITING************

Write the data to file:8388608 bytes
***********WAITING************

Write the data to file:8388608 bytes
***********WAITING************

Write the data to file:8388608 bytes
***********WAITING************

Write the data to file:8388608 bytes
***********WAITING************

Write the data to file:8388608 bytes
***********WAITING************

Write the data to file:8388608 bytes
***********WAITING************

Write the data to file:8388608 bytes
***********WAITING************

Write the data to file:8388608 bytes
***********WAITING************

Write the data to file:8388608 bytes
***********WAITING************

Write the data to file:8388608 bytes
***********WAITING************

Write the data to file:8388608 bytes
***********WAITING************

Write the data to file:8388608 bytes
***********WAITING************

Write the data to file:8388608 bytes
***********WAITING************

Write the data to file:8388608 bytes
***********WAITING************

Write the data to file:8388608 bytes
***********WAITING************
nr_of_strided_rec: 2
nr_doubles: 65536
nr_of_strided_rec: 2
nr_doubles: 65536
nr_of_strided_rec: 2
nr_doubles: 65536
nr_of_strided_rec: 2
nr_doubles: 65536
nr_of_strided_rec: 2
nr_doubles: 65536
nr_of_strided_rec: 2
nr_doubles: 65536
nr_of_strided_rec: 2
nr_doubles: 65536
nr_of_strided_rec: 2
nr_doubles: 65536
nr_of_strided_rec: 2
nr_doubles: 65536
nr_of_strided_rec: 2
nr_doubles: 65536
nr_of_strided_rec: 2
nr_doubles: 65536
nr_of_strided_rec: 2
nr_doubles: 65536
nr_of_strided_rec: 2
nr_doubles: 65536
nr_of_strided_rec: 2
nr_doubles: 65536
nr_of_strided_rec: 2
nr_doubles: 65536
nr_of_strided_rec: 2
nr_doubles: 65536

Write the data to file:8388608 bytes
***********WAITING************

Write the data to file:8388608 bytes
***********WAITING************

Write the data to file:8388608 bytes
***********WAITING************

Write the data to file:8388608 bytes
***********WAITING************

Write the data to file:8388608 bytes
***********WAITING************

Write the data to file:8388608 bytes
***********WAITING************

Write the data to file:8388608 bytes
***********WAITING************

Write the data to file:8388608 bytes
***********WAITING************

Write the data to file:8388608 bytes
***********WAITING************

Write the data to file:8388608 bytes
***********WAITING************

Write the data to file:8388608 bytes
***********WAITING************

Write the data to file:8388608 bytes
***********WAITING************

Write the data to file:8388608 bytes
***********WAITING************

Write the data to file:8388608 bytes
***********WAITING************

Write the data to file:8388608 bytes
***********WAITING************

Write the data to file:8388608 bytes
***********WAITING************
nr_of_strided_rec: 2
nr_doubles: 65536
nr_of_strided_rec: 2
nr_doubles: 65536
nr_of_strided_rec: 2
nr_doubles: 65536
nr_of_strided_rec: 2
nr_doubles: 65536
nr_of_strided_rec: 2
nr_doubles: 65536
nr_of_strided_rec: 2
nr_doubles: 65536
nr_of_strided_rec: 2
nr_doubles: 65536
nr_of_strided_rec: 2
nr_doubles: 65536
nr_of_strided_rec: 2
nr_doubles: 65536
nr_of_strided_rec: 2
nr_doubles: 65536
nr_of_strided_rec: 2
nr_doubles: 65536
nr_of_strided_rec: 2
nr_doubles: 65536
nr_of_strided_rec: 2
nr_doubles: 65536
nr_of_strided_rec: 2
nr_doubles: 65536
nr_of_strided_rec: 2
nr_doubles: 65536
nr_of_strided_rec: 2
nr_doubles: 65536

Write the data to file:8388608 bytes
***********WAITING************

Write the data to file:8388608 bytes
***********WAITING************

Write the data to file:8388608 bytes
***********WAITING************

Write the data to file:8388608 bytes
***********WAITING************

Write the data to file:8388608 bytes
***********WAITING************

Write the data to file:8388608 bytes
***********WAITING************

Write the data to file:8388608 bytes
***********WAITING************

Write the data to file:8388608 bytes
***********WAITING************

Write the data to file:8388608 bytes
***********WAITING************

Write the data to file:8388608 bytes
***********WAITING************

Write the data to file:8388608 bytes
***********WAITING************

Write the data to file:8388608 bytes
***********WAITING************

Write the data to file:8388608 bytes
***********WAITING************

Write the data to file:8388608 bytes
***********WAITING************

Write the data to file:8388608 bytes
***********WAITING************

Write the data to file:8388608 bytes
***********WAITING************
nr_of_strided_rec: 2
nr_doubles: 65536
nr_of_strided_rec: 2
nr_doubles: 65536
nr_of_strided_rec: 2
nr_doubles: 65536
nr_of_strided_rec: 2
nr_doubles: 65536
nr_of_strided_rec: 2
nr_doubles: 65536
nr_of_strided_rec: 2
nr_doubles: 65536
nr_of_strided_rec: 2
nr_doubles: 65536
nr_of_strided_rec: 2
nr_doubles: 65536
nr_of_strided_rec: 2
nr_doubles: 65536
nr_of_strided_rec: 2
nr_doubles: 65536
nr_of_strided_rec: 2
nr_doubles: 65536
nr_of_strided_rec: 2
nr_doubles: 65536
nr_of_strided_rec: 2
nr_doubles: 65536
nr_of_strided_rec: 2
nr_doubles: 65536
nr_of_strided_rec: 2
nr_doubles: 65536
nr_of_strided_rec: 2
nr_doubles: 65536

Write the data to file:8388608 bytes
***********WAITING************

Write the data to file:8388608 bytes
***********WAITING************

Write the data to file:8388608 bytes
***********WAITING************

Write the data to file:8388608 bytes
***********WAITING************

Write the data to file:8388608 bytes
***********WAITING************

Write the data to file:8388608 bytes
***********WAITING************

Write the data to file:8388608 bytes
***********WAITING************

Write the data to file:8388608 bytes
***********WAITING************

Write the data to file:8388608 bytes
***********WAITING************

Write the data to file:8388608 bytes
***********WAITING************

Write the data to file:8388608 bytes
***********WAITING************

Write the data to file:8388608 bytes
***********WAITING************

Write the data to file:8388608 bytes
***********WAITING************

Write the data to file:8388608 bytes
***********WAITING************

Write the data to file:8388608 bytes
***********WAITING************

Write the data to file:8388608 bytes
***********WAITING************
nr_of_strided_rec: 2
nr_doubles: 65536
nr_of_strided_rec: 2
nr_doubles: 65536
nr_of_strided_rec: 2
nr_doubles: 65536
nr_of_strided_rec: 2
nr_doubles: 65536
nr_of_strided_rec: 2
nr_doubles: 65536
nr_of_strided_rec: 2
nr_doubles: 65536
nr_of_strided_rec: 2
nr_doubles: 65536
nr_of_strided_rec: 2
nr_doubles: 65536
nr_of_strided_rec: 2
nr_doubles: 65536
nr_of_strided_rec: 2
nr_doubles: 65536
nr_of_strided_rec: 2
nr_doubles: 65536
nr_of_strided_rec: 2
nr_doubles: 65536
nr_of_strided_rec: 2
nr_doubles: 65536
nr_of_strided_rec: 2
nr_doubles: 65536
nr_of_strided_rec: 2
nr_doubles: 65536
nr_of_strided_rec: 2
nr_doubles: 65536

Write the data to file:8388608 bytes
***********WAITING************

Write the data to file:8388608 bytes
***********WAITING************

Write the data to file:8388608 bytes
***********WAITING************

Write the data to file:8388608 bytes
***********WAITING************

Write the data to file:8388608 bytes
***********WAITING************

Write the data to file:8388608 bytes
***********WAITING************

Write the data to file:8388608 bytes
***********WAITING************

Write the data to file:8388608 bytes
***********WAITING************

Write the data to file:8388608 bytes
***********WAITING************

Write the data to file:8388608 bytes
***********WAITING************

Write the data to file:8388608 bytes
***********WAITING************

Write the data to file:8388608 bytes
***********WAITING************

Write the data to file:8388608 bytes
***********WAITING************

Write the data to file:8388608 bytes
***********WAITING************

Write the data to file:8388608 bytes
***********WAITING************

Write the data to file:8388608 bytes
***********WAITING************
nr_of_strided_rec: 2
nr_doubles: 65536
nr_of_strided_rec: 2
nr_doubles: 65536
nr_of_strided_rec: 2
nr_doubles: 65536
nr_of_strided_rec: 2
nr_doubles: 65536
nr_of_strided_rec: 2
nr_doubles: 65536
nr_of_strided_rec: 2
nr_doubles: 65536
nr_of_strided_rec: 2
nr_doubles: 65536
nr_of_strided_rec: 2
nr_doubles: 65536
nr_of_strided_rec: 2
nr_doubles: 65536
nr_of_strided_rec: 2
nr_doubles: 65536
nr_of_strided_rec: 2
nr_doubles: 65536
nr_of_strided_rec: 2
nr_doubles: 65536
nr_of_strided_rec: 2
nr_doubles: 65536
nr_of_strided_rec: 2
nr_doubles: 65536
nr_of_strided_rec: 2
nr_doubles: 65536
nr_of_strided_rec: 2
nr_doubles: 65536

Write the data to file:8388608 bytes
***********WAITING************

Write the data to file:8388608 bytes
***********WAITING************

Write the data to file:8388608 bytes
***********WAITING************

Write the data to file:8388608 bytes
***********WAITING************

Write the data to file:8388608 bytes
***********WAITING************

Write the data to file:8388608 bytes
***********WAITING************

Write the data to file:8388608 bytes
***********WAITING************

Write the data to file:8388608 bytes
***********WAITING************

Write the data to file:8388608 bytes
***********WAITING************

Write the data to file:8388608 bytes
***********WAITING************

Write the data to file:8388608 bytes
***********WAITING************

Write the data to file:8388608 bytes
***********WAITING************

Write the data to file:8388608 bytes
***********WAITING************

Write the data to file:8388608 bytes
***********WAITING************

Write the data to file:8388608 bytes
***********WAITING************

Write the data to file:8388608 bytes
***********WAITING************
nr_of_strided_rec: 2
nr_doubles: 65536
nr_of_strided_rec: 2
nr_doubles: 65536
nr_of_strided_rec: 2
nr_doubles: 65536
nr_of_strided_rec: 2
nr_doubles: 65536
nr_of_strided_rec: 2
nr_doubles: 65536
nr_of_strided_rec: 2
nr_doubles: 65536
nr_of_strided_rec: 2
nr_doubles: 65536
nr_of_strided_rec: 2
nr_doubles: 65536
nr_of_strided_rec: 2
nr_doubles: 65536
nr_of_strided_rec: 2
nr_doubles: 65536
nr_of_strided_rec: 2
nr_doubles: 65536
nr_of_strided_rec: 2
nr_doubles: 65536
nr_of_strided_rec: 2
nr_doubles: 65536
nr_of_strided_rec: 2
nr_doubles: 65536
nr_of_strided_rec: 2
nr_doubles: 65536
nr_of_strided_rec: 2
nr_doubles: 65536

Write the data to file:8388608 bytes
***********WAITING************

Write the data to file:8388608 bytes
***********WAITING************

Write the data to file:8388608 bytes
***********WAITING************

Write the data to file:8388608 bytes
***********WAITING************

Write the data to file:8388608 bytes
***********WAITING************

Write the data to file:8388608 bytes
***********WAITING************

Write the data to file:8388608 bytes
***********WAITING************

Write the data to file:8388608 bytes
***********WAITING************

Write the data to file:8388608 bytes
***********WAITING************

Write the data to file:8388608 bytes
***********WAITING************

Write the data to file:8388608 bytes
***********WAITING************

Write the data to file:8388608 bytes
***********WAITING************

Write the data to file:8388608 bytes
***********WAITING************

Write the data to file:8388608 bytes
***********WAITING************

Write the data to file:8388608 bytes
***********WAITING************

Write the data to file:8388608 bytes
***********WAITING************
nr_of_strided_rec: 2
nr_doubles: 65536
nr_of_strided_rec: 2
nr_doubles: 65536
nr_of_strided_rec: 2
nr_doubles: 65536
nr_of_strided_rec: 2
nr_doubles: 65536
nr_of_strided_rec: 2
nr_doubles: 65536
nr_of_strided_rec: 2
nr_doubles: 65536
nr_of_strided_rec: 2
nr_doubles: 65536
nr_of_strided_rec: 2
nr_doubles: 65536
nr_of_strided_rec: 2
nr_doubles: 65536
nr_of_strided_rec: 2
nr_doubles: 65536
nr_of_strided_rec: 2
nr_doubles: 65536
nr_of_strided_rec: 2
nr_doubles: 65536
nr_of_strided_rec: 2
nr_doubles: 65536
nr_of_strided_rec: 2
nr_doubles: 65536
nr_of_strided_rec: 2
nr_doubles: 65536
nr_of_strided_rec: 2
nr_doubles: 65536

Write the data to file:8388608 bytes
***********WAITING************

Write the data to file:8388608 bytes
***********WAITING************

Write the data to file:8388608 bytes
***********WAITING************

Write the data to file:8388608 bytes
***********WAITING************

Write the data to file:8388608 bytes
***********WAITING************

Write the data to file:8388608 bytes
***********WAITING************

Write the data to file:8388608 bytes
***********WAITING************

Write the data to file:8388608 bytes
***********WAITING************

Write the data to file:8388608 bytes
***********WAITING************

Write the data to file:8388608 bytes
***********WAITING************

Write the data to file:8388608 bytes
***********WAITING************

Write the data to file:8388608 bytes
***********WAITING************

Write the data to file:8388608 bytes
***********WAITING************

Write the data to file:8388608 bytes
***********WAITING************

Write the data to file:8388608 bytes
***********WAITING************

Write the data to file:8388608 bytes
***********WAITING************
nr_of_strided_rec: 2
nr_doubles: 65536
nr_of_strided_rec: 2
nr_doubles: 65536
nr_of_strided_rec: 2
nr_doubles: 65536
nr_of_strided_rec: 2
nr_doubles: 65536
nr_of_strided_rec: 2
nr_doubles: 65536
nr_of_strided_rec: 2
nr_doubles: 65536
nr_of_strided_rec: 2
nr_doubles: 65536
nr_of_strided_rec: 2
nr_doubles: 65536
nr_of_strided_rec: 2
nr_doubles: 65536
nr_of_strided_rec: 2
nr_doubles: 65536
nr_of_strided_rec: 2
nr_doubles: 65536
nr_of_strided_rec: 2
nr_doubles: 65536
nr_of_strided_rec: 2
nr_doubles: 65536
nr_of_strided_rec: 2
nr_doubles: 65536
nr_of_strided_rec: 2
nr_doubles: 65536
nr_of_strided_rec: 2
nr_doubles: 65536

Write the data to file:8388608 bytes
***********WAITING************

Write the data to file:8388608 bytes
***********WAITING************

Write the data to file:8388608 bytes
***********WAITING************

Write the data to file:8388608 bytes
***********WAITING************

Write the data to file:8388608 bytes
***********WAITING************

Write the data to file:8388608 bytes
***********WAITING************

Write the data to file:8388608 bytes
***********WAITING************

Write the data to file:8388608 bytes
***********WAITING************

Write the data to file:8388608 bytes
***********WAITING************

Write the data to file:8388608 bytes
***********WAITING************

Write the data to file:8388608 bytes
***********WAITING************

Write the data to file:8388608 bytes
***********WAITING************

Write the data to file:8388608 bytes
***********WAITING************

Write the data to file:8388608 bytes
***********WAITING************

Write the data to file:8388608 bytes
***********WAITING************

Write the data to file:8388608 bytes
***********WAITING************
nr_of_strided_rec: 2
nr_doubles: 65536
nr_of_strided_rec: 2
nr_doubles: 65536
nr_of_strided_rec: 2
nr_doubles: 65536
nr_of_strided_rec: 2
nr_doubles: 65536
nr_of_strided_rec: 2
nr_doubles: 65536
nr_of_strided_rec: 2
nr_doubles: 65536
nr_of_strided_rec: 2
nr_doubles: 65536
nr_of_strided_rec: 2
nr_doubles: 65536
nr_of_strided_rec: 2
nr_doubles: 65536
nr_of_strided_rec: 2
nr_doubles: 65536
nr_of_strided_rec: 2
nr_doubles: 65536
nr_of_strided_rec: 2
nr_doubles: 65536
nr_of_strided_rec: 2
nr_doubles: 65536
nr_of_strided_rec: 2
nr_doubles: 65536
nr_of_strided_rec: 2
nr_doubles: 65536
nr_of_strided_rec: 2
nr_doubles: 65536

Write the data to file:8388608 bytes
***********WAITING************

Write the data to file:8388608 bytes
***********WAITING************

Write the data to file:8388608 bytes
***********WAITING************

Write the data to file:8388608 bytes
***********WAITING************

Write the data to file:8388608 bytes
***********WAITING************

Write the data to file:8388608 bytes
***********WAITING************

Write the data to file:8388608 bytes
***********WAITING************

Write the data to file:8388608 bytes
***********WAITING************

Write the data to file:8388608 bytes
***********WAITING************

Write the data to file:8388608 bytes
***********WAITING************

Write the data to file:8388608 bytes
***********WAITING************

Write the data to file:8388608 bytes
***********WAITING************

Write the data to file:8388608 bytes
***********WAITING************

Write the data to file:8388608 bytes
***********WAITING************

Write the data to file:8388608 bytes
***********WAITING************

Write the data to file:8388608 bytes
***********WAITING************
nr_of_strided_rec: 2
nr_doubles: 65536
nr_of_strided_rec: 2
nr_doubles: 65536
nr_of_strided_rec: 2
nr_doubles: 65536
nr_of_strided_rec: 2
nr_doubles: 65536
nr_of_strided_rec: 2
nr_doubles: 65536
nr_of_strided_rec: 2
nr_doubles: 65536
nr_of_strided_rec: 2
nr_doubles: 65536
nr_of_strided_rec: 2
nr_doubles: 65536
nr_of_strided_rec: 2
nr_doubles: 65536
nr_of_strided_rec: 2
nr_doubles: 65536
nr_of_strided_rec: 2
nr_doubles: 65536
nr_of_strided_rec: 2
nr_doubles: 65536
nr_of_strided_rec: 2
nr_doubles: 65536
nr_of_strided_rec: 2
nr_doubles: 65536
nr_of_strided_rec: 2
nr_doubles: 65536
nr_of_strided_rec: 2
nr_doubles: 65536

Write the data to file:8388608 bytes
***********WAITING************

Write the data to file:8388608 bytes
***********WAITING************

Write the data to file:8388608 bytes
***********WAITING************

Write the data to file:8388608 bytes
***********WAITING************

Write the data to file:8388608 bytes
***********WAITING************

Write the data to file:8388608 bytes
***********WAITING************

Write the data to file:8388608 bytes
***********WAITING************

Write the data to file:8388608 bytes
***********WAITING************

Write the data to file:8388608 bytes
***********WAITING************

Write the data to file:8388608 bytes
***********WAITING************

Write the data to file:8388608 bytes
***********WAITING************

Write the data to file:8388608 bytes
***********WAITING************

Write the data to file:8388608 bytes
***********WAITING************

Write the data to file:8388608 bytes
***********WAITING************

Write the data to file:8388608 bytes
***********WAITING************

Write the data to file:8388608 bytes
***********WAITING************
nr_of_strided_rec: 2
nr_doubles: 65536
nr_of_strided_rec: 2
nr_doubles: 65536
nr_of_strided_rec: 2
nr_doubles: 65536
nr_of_strided_rec: 2
nr_doubles: 65536
nr_of_strided_rec: 2
nr_doubles: 65536
nr_of_strided_rec: 2
nr_doubles: 65536
nr_of_strided_rec: 2
nr_doubles: 65536
nr_of_strided_rec: 2
nr_doubles: 65536
nr_of_strided_rec: 2
nr_doubles: 65536
nr_of_strided_rec: 2
nr_doubles: 65536
nr_of_strided_rec: 2
nr_doubles: 65536
nr_of_strided_rec: 2
nr_doubles: 65536
nr_of_strided_rec: 2
nr_doubles: 65536
nr_of_strided_rec: 2
nr_doubles: 65536
nr_of_strided_rec: 2
nr_doubles: 65536
nr_of_strided_rec: 2
nr_doubles: 65536

Write the data to file:8388608 bytes
***********WAITING************

Write the data to file:8388608 bytes
***********WAITING************

Write the data to file:8388608 bytes
***********WAITING************

Write the data to file:8388608 bytes
***********WAITING************

Write the data to file:8388608 bytes
***********WAITING************

Write the data to file:8388608 bytes
***********WAITING************

Write the data to file:8388608 bytes
***********WAITING************

Write the data to file:8388608 bytes
***********WAITING************

Write the data to file:8388608 bytes
***********WAITING************

Write the data to file:8388608 bytes
***********WAITING************

Write the data to file:8388608 bytes
***********WAITING************

Write the data to file:8388608 bytes
***********WAITING************

Write the data to file:8388608 bytes
***********WAITING************

Write the data to file:8388608 bytes
***********WAITING************

Write the data to file:8388608 bytes
***********WAITING************

Write the data to file:8388608 bytes
***********WAITING************

Write the data to file:8388608 bytes
***********WAITING************

Write the data to file:8388608 bytes
***********WAITING************

Write the data to file:8388608 bytes
***********WAITING************

Write the data to file:8388608 bytes
***********WAITING************

Write the data to file:8388608 bytes
***********WAITING************

Write the data to file:8388608 bytes
***********WAITING************

Write the data to file:8388608 bytes
***********WAITING************

Write the data to file:8388608 bytes
***********WAITING************

Write the data to file:8388608 bytes
***********WAITING************

Write the data to file:8388608 bytes
***********WAITING************

Write the data to file:8388608 bytes
***********WAITING************

Write the data to file:8388608 bytes
***********WAITING************

Write the data to file:8388608 bytes
***********WAITING************

Write the data to file:8388608 bytes
***********WAITING************

Write the data to file:8388608 bytes
***********WAITING************

Write the data to file:8388608 bytes
***********WAITING************
W_cc         0.58   [      0.57:      0.58]
W_r         15.49   [     15.49:     15.49]
W_w          3.42   [      3.42:      3.42]
          -------
W_total     19.49   [     19.49:     19.49]

calc_W done
calc_W done
calc_W done
calc_W done
calc_W done
calc_W done
calc_W done
calc_W done
nr_of_strided_rec: 2
nr_doubles: 65536
calc_W done
nr_of_strided_rec: 2
nr_doubles: 65536
calc_W done
nr_of_strided_rec: 2
nr_doubles: 65536
calc_W done
nr_of_strided_rec: 2
nr_doubles: 65536
calc_W done
nr_of_strided_rec: 2
nr_doubles: 65536
calc_W done
nr_of_strided_rec: 2
nr_doubles: 65536
calc_W done
nr_of_strided_rec: 2
nr_doubles: 65536
calc_W done
nr_of_strided_rec: 2
nr_doubles: 65536
calc_W done
nr_of_strided_rec: 2
nr_doubles: 65536
nr_of_strided_rec: 2
nr_doubles: 65536
nr_of_strided_rec: 2
nr_doubles: 65536
nr_of_strided_rec: 2
nr_doubles: 65536
nr_of_strided_rec: 2
nr_doubles: 65536
nr_of_strided_rec: 2
nr_doubles: 65536
nr_of_strided_rec: 2
nr_doubles: 65536
nr_of_strided_rec: 2
nr_doubles: 65536
nr_of_strided_rec: 2
nr_doubles: 65536
nr_of_strided_rec: 2
nr_doubles: 65536
nr_of_strided_rec: 2
nr_doubles: 65536
nr_of_strided_rec: 2
nr_doubles: 65536
nr_of_strided_rec: 2
nr_doubles: 65536
nr_of_strided_rec: 2
nr_doubles: 65536
nr_of_strided_rec: 2
nr_doubles: 65536
nr_of_strided_rec: 2
nr_doubles: 65536
nr_of_strided_rec: 2
nr_doubles: 65536
nr_of_strided_rec: 2
nr_doubles: 65536
nr_of_strided_rec: 2
nr_doubles: 65536
nr_of_strided_rec: 2
nr_doubles: 65536
nr_of_strided_rec: 2
nr_doubles: 65536
nr_of_strided_rec: 2
nr_doubles: 65536
nr_of_strided_rec: 2
nr_doubles: 65536
nr_of_strided_rec: 2
nr_doubles: 65536
nr_of_strided_rec: 2
nr_doubles: 65536
nr_of_strided_rec: 2
nr_doubles: 65536
nr_of_strided_rec: 2
nr_doubles: 65536
nr_of_strided_rec: 2
nr_doubles: 65536
nr_of_strided_rec: 2
nr_doubles: 65536
nr_of_strided_rec: 2
nr_doubles: 65536
nr_of_strided_rec: 2
nr_doubles: 65536
nr_of_strided_rec: 2
nr_doubles: 65536
nr_of_strided_rec: 2
nr_doubles: 65536
nr_of_strided_rec: 2
nr_doubles: 65536
nr_of_strided_rec: 2
nr_doubles: 65536
nr_of_strided_rec: 2
nr_doubles: 65536
nr_of_strided_rec: 2
nr_doubles: 65536
nr_of_strided_rec: 2
nr_doubles: 65536
nr_of_strided_rec: 2
nr_doubles: 65536
nr_of_strided_rec: 2
nr_doubles: 65536
nr_of_strided_rec: 2
nr_doubles: 65536
nr_of_strided_rec: 2
nr_doubles: 65536
nr_of_strided_rec: 2
nr_doubles: 65536
nr_of_strided_rec: 2
nr_doubles: 65536
nr_of_strided_rec: 2
nr_doubles: 65536
nr_of_strided_rec: 2
nr_doubles: 65536
nr_of_strided_rec: 2
nr_doubles: 65536
nr_of_strided_rec: 2
nr_doubles: 65536
nr_of_strided_rec: 2
nr_doubles: 65536
nr_of_strided_rec: 2
nr_doubles: 65536
nr_of_strided_rec: 2
nr_doubles: 65536
nr_of_strided_rec: 2
nr_doubles: 65536
nr_of_strided_rec: 2
nr_doubles: 65536
nr_of_strided_rec: 2
nr_doubles: 65536
nr_of_strided_rec: 2
nr_doubles: 65536
nr_of_strided_rec: 2
nr_doubles: 65536
nr_of_strided_rec: 2
nr_doubles: 65536
nr_of_strided_rec: 2
nr_doubles: 65536
nr_of_strided_rec: 2
nr_doubles: 65536
nr_of_strided_rec: 2
nr_doubles: 65536
nr_of_strided_rec: 2
nr_doubles: 65536
nr_of_strided_rec: 2
nr_doubles: 65536
nr_of_strided_rec: 2
nr_doubles: 65536
nr_of_strided_rec: 2
nr_doubles: 65536
nr_of_strided_rec: 2
nr_doubles: 65536
nr_of_strided_rec: 2
nr_doubles: 65536
nr_of_strided_rec: 2
nr_doubles: 65536
nr_of_strided_rec: 2
nr_doubles: 65536
nr_of_strided_rec: 2
nr_doubles: 65536
nr_of_strided_rec: 2
nr_doubles: 65536
nr_of_strided_rec: 2
nr_doubles: 65536
nr_of_strided_rec: 2
nr_doubles: 65536
nr_of_strided_rec: 2
nr_doubles: 65536
nr_of_strided_rec: 2
nr_doubles: 65536
nr_of_strided_rec: 2
nr_doubles: 65536
nr_of_strided_rec: 2
nr_doubles: 65536
nr_of_strided_rec: 2
nr_doubles: 65536
nr_of_strided_rec: 2
nr_doubles: 65536
nr_of_strided_rec: 2
nr_doubles: 65536
nr_of_strided_rec: 2
nr_doubles: 65536
nr_of_strided_rec: 2
nr_doubles: 65536
nr_of_strided_rec: 2
nr_doubles: 65536
nr_of_strided_rec: 2
nr_doubles: 65536
nr_of_strided_rec: 2
nr_doubles: 65536
nr_of_strided_rec: 2
nr_doubles: 65536
nr_of_strided_rec: 2
nr_doubles: 65536
nr_of_strided_rec: 2
nr_doubles: 65536
nr_of_strided_rec: 2
nr_doubles: 65536
nr_of_strided_rec: 2
nr_doubles: 65536
nr_of_strided_rec: 2
nr_doubles: 65536
nr_of_strided_rec: 2
nr_doubles: 65536
nr_of_strided_rec: 2
nr_doubles: 65536
nr_of_strided_rec: 2
nr_doubles: 65536
nr_of_strided_rec: 2
nr_doubles: 65536
nr_of_strided_rec: 2
nr_doubles: 65536
nr_of_strided_rec: 2
nr_doubles: 65536
nr_of_strided_rec: 2
nr_doubles: 65536
nr_of_strided_rec: 2
nr_doubles: 65536
nr_of_strided_rec: 2
nr_doubles: 65536
nr_of_strided_rec: 2
nr_doubles: 65536
nr_of_strided_rec: 2
nr_doubles: 65536
nr_of_strided_rec: 2
nr_doubles: 65536
nr_of_strided_rec: 2
nr_doubles: 65536
nr_of_strided_rec: 2
nr_doubles: 65536
nr_of_strided_rec: 2
nr_doubles: 65536
nr_of_strided_rec: 2
nr_doubles: 65536
nr_of_strided_rec: 2
nr_doubles: 65536
nr_of_strided_rec: 2
nr_doubles: 65536
nr_of_strided_rec: 2
nr_doubles: 65536
nr_of_strided_rec: 2
nr_doubles: 65536
nr_of_strided_rec: 2
nr_doubles: 65536
nr_of_strided_rec: 2
nr_doubles: 65536
nr_of_strided_rec: 2
nr_doubles: 65536
nr_of_strided_rec: 2
nr_doubles: 65536
nr_of_strided_rec: 2
nr_doubles: 65536
nr_of_strided_rec: 2
nr_doubles: 65536
nr_of_strided_rec: 2
nr_doubles: 65536
nr_of_strided_rec: 2
nr_doubles: 65536
nr_of_strided_rec: 2
nr_doubles: 65536
nr_of_strided_rec: 2
nr_doubles: 65536
nr_of_strided_rec: 2
nr_doubles: 65536
nr_of_strided_rec: 2
nr_doubles: 65536
nr_of_strided_rec: 2
nr_doubles: 65536
nr_of_strided_rec: 2
nr_doubles: 65536
nr_of_strided_rec: 2
nr_doubles: 65536
nr_of_strided_rec: 2
nr_doubles: 65536
nr_of_strided_rec: 2
nr_doubles: 65536
nr_of_strided_rec: 2
nr_doubles: 65536
nr_of_strided_rec: 2
nr_doubles: 65536
nr_of_strided_rec: 2
nr_doubles: 65536
nr_of_strided_rec: 2
nr_doubles: 65536
nr_of_strided_rec: 2
nr_doubles: 65536
nr_of_strided_rec: 2
nr_doubles: 65536
nr_of_strided_rec: 2
nr_doubles: 65536
nr_of_strided_rec: 2
nr_doubles: 65536
nr_of_strided_rec: 2
nr_doubles: 65536
nr_of_strided_rec: 2
nr_doubles: 65536
nr_of_strided_rec: 2
nr_doubles: 65536
nr_of_strided_rec: 2
nr_doubles: 65536
nr_of_strided_rec: 2
nr_doubles: 65536
nr_of_strided_rec: 2
nr_doubles: 65536
nr_of_strided_rec: 2
nr_doubles: 65536
nr_of_strided_rec: 2
nr_doubles: 65536
nr_of_strided_rec: 2
nr_doubles: 65536
nr_of_strided_rec: 2
nr_doubles: 65536
nr_of_strided_rec: 2
nr_doubles: 65536
nr_of_strided_rec: 2
nr_doubles: 65536
nr_of_strided_rec: 2
nr_doubles: 65536
nr_of_strided_rec: 2
nr_doubles: 65536
nr_of_strided_rec: 2
nr_doubles: 65536
nr_of_strided_rec: 2
nr_doubles: 65536
nr_of_strided_rec: 2
nr_doubles: 65536
nr_of_strided_rec: 2
nr_doubles: 65536
nr_of_strided_rec: 2
nr_doubles: 65536
nr_of_strided_rec: 2
nr_doubles: 65536
nr_of_strided_rec: 2
nr_doubles: 65536
nr_of_strided_rec: 2
nr_doubles: 65536
nr_of_strided_rec: 2
nr_doubles: 65536
nr_of_strided_rec: 2
nr_doubles: 65536
nr_of_strided_rec: 2
nr_doubles: 65536
nr_of_strided_rec: 2
nr_doubles: 65536
nr_of_strided_rec: 2
nr_doubles: 65536
nr_of_strided_rec: 2
nr_doubles: 65536
nr_of_strided_rec: 2
nr_doubles: 65536
nr_of_strided_rec: 2
nr_doubles: 65536
nr_of_strided_rec: 2
nr_doubles: 65536
nr_of_strided_rec: 2
nr_doubles: 65536
nr_of_strided_rec: 2
nr_doubles: 65536
nr_of_strided_rec: 2
nr_doubles: 65536
nr_of_strided_rec: 2
nr_doubles: 65536
nr_of_strided_rec: 2
nr_doubles: 65536
nr_of_strided_rec: 2
nr_doubles: 65536
nr_of_strided_rec: 2
nr_doubles: 65536
nr_of_strided_rec: 2
nr_doubles: 65536
nr_of_strided_rec: 2
nr_doubles: 65536
nr_of_strided_rec: 2
nr_doubles: 65536
nr_of_strided_rec: 2
nr_doubles: 65536
nr_of_strided_rec: 2
nr_doubles: 65536
nr_of_strided_rec: 2
nr_doubles: 65536
nr_of_strided_rec: 2
nr_doubles: 65536
nr_of_strided_rec: 2
nr_doubles: 65536
nr_of_strided_rec: 2
nr_doubles: 65536
nr_of_strided_rec: 2
nr_doubles: 65536
nr_of_strided_rec: 2
nr_doubles: 65536
nr_of_strided_rec: 2
nr_doubles: 65536
nr_of_strided_rec: 2
nr_doubles: 65536
nr_of_strided_rec: 2
nr_doubles: 65536
nr_of_strided_rec: 2
nr_doubles: 65536
nr_of_strided_rec: 2
nr_doubles: 65536
nr_of_strided_rec: 2
nr_doubles: 65536
nr_of_strided_rec: 2
nr_doubles: 65536
nr_of_strided_rec: 2
nr_doubles: 65536
nr_of_strided_rec: 2
nr_doubles: 65536
nr_of_strided_rec: 2
nr_doubles: 65536
nr_of_strided_rec: 2
nr_doubles: 65536
nr_of_strided_rec: 2
nr_doubles: 65536
nr_of_strided_rec: 2
nr_doubles: 65536
nr_of_strided_rec: 2
nr_doubles: 65536
nr_of_strided_rec: 2
nr_doubles: 65536
nr_of_strided_rec: 2
nr_doubles: 65536
nr_of_strided_rec: 2
nr_doubles: 65536
nr_of_strided_rec: 2
nr_doubles: 65536
nr_of_strided_rec: 2
nr_doubles: 65536
nr_of_strided_rec: 2
nr_doubles: 65536
nr_of_strided_rec: 2
nr_doubles: 65536
nr_of_strided_rec: 2
nr_doubles: 65536
nr_of_strided_rec: 2
nr_doubles: 65536
nr_of_strided_rec: 2
nr_doubles: 65536
nr_of_strided_rec: 2
nr_doubles: 65536
nr_of_strided_rec: 2
nr_doubles: 65536
nr_of_strided_rec: 2
nr_doubles: 65536
nr_of_strided_rec: 2
nr_doubles: 65536
nr_of_strided_rec: 2
nr_doubles: 65536
nr_of_strided_rec: 2
nr_doubles: 65536
nr_of_strided_rec: 2
nr_doubles: 65536
nr_of_strided_rec: 2
nr_doubles: 65536
nr_of_strided_rec: 2
nr_doubles: 65536
nr_of_strided_rec: 2
nr_doubles: 65536
nr_of_strided_rec: 2
nr_doubles: 65536
nr_of_strided_rec: 2
nr_doubles: 65536
nr_of_strided_rec: 2
nr_doubles: 65536
nr_of_strided_rec: 2
nr_doubles: 65536
nr_of_strided_rec: 2
nr_doubles: 65536
nr_of_strided_rec: 2
nr_doubles: 65536
nr_of_strided_rec: 2
nr_doubles: 65536
nr_of_strided_rec: 2
nr_doubles: 65536
nr_of_strided_rec: 2
nr_doubles: 65536
nr_of_strided_rec: 2
nr_doubles: 65536
nr_of_strided_rec: 2
nr_doubles: 65536
nr_of_strided_rec: 2
nr_doubles: 65536
nr_of_strided_rec: 2
nr_doubles: 65536
nr_of_strided_rec: 2
nr_doubles: 65536
nr_of_strided_rec: 2
nr_doubles: 65536
nr_of_strided_rec: 2
nr_doubles: 65536
nr_of_strided_rec: 2
nr_doubles: 65536
nr_of_strided_rec: 2
nr_doubles: 65536
nr_of_strided_rec: 2
nr_doubles: 65536
nr_of_strided_rec: 2
nr_doubles: 65536
nr_of_strided_rec: 2
nr_doubles: 65536
nr_of_strided_rec: 2
nr_doubles: 65536
nr_of_strided_rec: 2
nr_doubles: 65536
nr_of_strided_rec: 2
nr_doubles: 65536
nr_of_strided_rec: 2
nr_doubles: 65536
nr_of_strided_rec: 2
nr_doubles: 65536
nr_of_strided_rec: 2
nr_doubles: 65536
nr_of_strided_rec: 2
nr_doubles: 65536
nr_of_strided_rec: 2
nr_doubles: 65536
nr_of_strided_rec: 2
nr_doubles: 65536
nr_of_strided_rec: 2
nr_doubles: 65536
nr_of_strided_rec: 2
nr_doubles: 65536
nr_of_strided_rec: 2
nr_doubles: 65536
nr_of_strided_rec: 2
nr_doubles: 65536
nr_of_strided_rec: 2
nr_doubles: 65536
nr_of_strided_rec: 2
nr_doubles: 65536
nr_of_strided_rec: 2
nr_doubles: 65536
nr_of_strided_rec: 2
nr_doubles: 65536
nr_of_strided_rec: 2
nr_doubles: 65536
nr_of_strided_rec: 2
nr_doubles: 65536
nr_of_strided_rec: 2
nr_doubles: 65536
nr_of_strided_rec: 2
nr_doubles: 65536
nr_of_strided_rec: 2
nr_doubles: 65536
nr_of_strided_rec: 2
nr_doubles: 65536
nr_of_strided_rec: 2
nr_doubles: 65536
nr_of_strided_rec: 2
nr_doubles: 65536
nr_of_strided_rec: 2
nr_doubles: 65536
nr_of_strided_rec: 2
nr_doubles: 65536
nr_of_strided_rec: 2
nr_doubles: 65536
nr_of_strided_rec: 2
nr_doubles: 65536
nr_of_strided_rec: 2
nr_doubles: 65536
nr_of_strided_rec: 2
nr_doubles: 65536
nr_of_strided_rec: 2
nr_doubles: 65536
nr_of_strided_rec: 2
nr_doubles: 65536
nr_of_strided_rec: 2
nr_doubles: 65536
nr_of_strided_rec: 2
nr_doubles: 65536
nr_of_strided_rec: 2
nr_doubles: 65536
nr_of_strided_rec: 2
nr_doubles: 65536
nr_of_strided_rec: 2
nr_doubles: 65536
nr_of_strided_rec: 2
nr_doubles: 65536
nr_of_strided_rec: 2
nr_doubles: 65536
nr_of_strided_rec: 2
nr_doubles: 65536
nr_of_strided_rec: 2
nr_doubles: 65536
nr_of_strided_rec: 2
nr_doubles: 65536
nr_of_strided_rec: 2
nr_doubles: 65536
nr_of_strided_rec: 2
nr_doubles: 65536
nr_of_strided_rec: 2
nr_doubles: 65536
nr_of_strided_rec: 2
nr_doubles: 65536
nr_of_strided_rec: 2
nr_doubles: 65536
nr_of_strided_rec: 2
nr_doubles: 65536
nr_of_strided_rec: 2
nr_doubles: 65536
nr_of_strided_rec: 2
nr_doubles: 65536
nr_of_strided_rec: 2
nr_doubles: 65536
nr_of_strided_rec: 2
nr_doubles: 65536
nr_of_strided_rec: 2
nr_doubles: 65536
nr_of_strided_rec: 2
nr_doubles: 65536
nr_of_strided_rec: 2
nr_doubles: 65536
nr_of_strided_rec: 2
nr_doubles: 65536
nr_of_strided_rec: 2
nr_doubles: 65536
nr_of_strided_rec: 2
nr_doubles: 65536
nr_of_strided_rec: 2
nr_doubles: 65536
nr_of_strided_rec: 2
nr_doubles: 65536
nr_of_strided_rec: 2
nr_doubles: 65536
nr_of_strided_rec: 2
nr_doubles: 65536
nr_of_strided_rec: 2
nr_doubles: 65536
nr_of_strided_rec: 2
nr_doubles: 65536
nr_of_strided_rec: 2
nr_doubles: 65536
nr_of_strided_rec: 2
nr_doubles: 65536
nr_of_strided_rec: 2
nr_doubles: 65536
nr_of_strided_rec: 2
nr_doubles: 65536
nr_of_strided_rec: 2
nr_doubles: 65536
nr_of_strided_rec: 2
nr_doubles: 65536
nr_of_strided_rec: 2
nr_doubles: 65536
nr_of_strided_rec: 2
nr_doubles: 65536
nr_of_strided_rec: 2
nr_doubles: 65536
nr_of_strided_rec: 2
nr_doubles: 65536
nr_of_strided_rec: 2
nr_doubles: 65536
nr_of_strided_rec: 2
nr_doubles: 65536
nr_of_strided_rec: 2
nr_doubles: 65536
nr_of_strided_rec: 2
nr_doubles: 65536
nr_of_strided_rec: 2
nr_doubles: 65536
nr_of_strided_rec: 2
nr_doubles: 65536
nr_of_strided_rec: 2
