fclose PID:35184 fd:3
fclose PID:35184 fd:4
fclose PID:35184 fd:4
fclose PID:35184 fd:3
available: 2 nodes (0-1)
fclose PID:35184 fd:3
node 0 cpus:fclose PID:35184 fd:3
 0 1 2 3 4 5 6 7 8 9 20 21 22 23 24 25 26 27 28 29
node 0 size: 80440 MB
node 0 free: 80125 MB
fclose PID:35184 fd:3
node 1 cpus:fclose PID:35184 fd:3
 10 11 12 13 14 15 16 17 18 19 30 31 32 33 34 35 36 37 38 39
node 1 size: 80635 MB
node 1 free: 80373 MB
fclose PID:35184 fd:3
fclose PID:35184 fd:3
node distances:
node   0   1 
  0:  10  21 
  1:  21  10 
READAHEAD_TIME:0.000000 us
MaxRSS= 2244 KB, SharedMem= 0 KB, HardPageFault= 10
fclose PID:35190 fd:10
fclose PID:35189 fd:12
fclose PID:35192 fd:8
fclose PID:35191 fd:8

MADbench 2.0 IO-mode
no_pe = 4  no_pix = 16384  no_bin = 30  no_gang = 1 sblocksize = 8  fblocksize = 64  r_mod = 1  w_mod = 1 record_size=16777216 stride=7


IOMETHOD = POSIX  IOMODE = SYNC  FILETYPE = UNIQUE  REMAP = CUSTOMbuild_S
build_S
build_S
build_S

Write the data to file:536870912 bytes
***********WAITING************

Write the data to file:536870912 bytes
***********WAITING************

Write the data to file:536870912 bytes
***********WAITING************

Write the data to file:536870912 bytes
***********WAITING************

Write the data to file:536870912 bytes
***********WAITING************

Write the data to file:536870912 bytes
***********WAITING************

Write the data to file:536870912 bytes
***********WAITING************

Write the data to file:536870912 bytes
***********WAITING************

Write the data to file:536870912 bytes
***********WAITING************

Write the data to file:536870912 bytes
***********WAITING************

Write the data to file:536870912 bytes
***********WAITING************

Write the data to file:536870912 bytes
***********WAITING************

Write the data to file:536870912 bytes
***********WAITING************

Write the data to file:536870912 bytes
***********WAITING************

Write the data to file:536870912 bytes
***********WAITING************

Write the data to file:536870912 bytes
***********WAITING************

Write the data to file:536870912 bytes
***********WAITING************

Write the data to file:536870912 bytes
***********WAITING************

Write the data to file:536870912 bytes
***********WAITING************

Write the data to file:536870912 bytes
***********WAITING************

Write the data to file:536870912 bytes
***********WAITING************

Write the data to file:536870912 bytes
***********WAITING************

Write the data to file:536870912 bytes
***********WAITING************

Write the data to file:536870912 bytes
***********WAITING************

Write the data to file:536870912 bytes
***********WAITING************

Write the data to file:536870912 bytes
***********WAITING************

Write the data to file:536870912 bytes
***********WAITING************

Write the data to file:536870912 bytes
***********WAITING************

Write the data to file:536870912 bytes
***********WAITING************

Write the data to file:536870912 bytes
***********WAITING************

Write the data to file:536870912 bytes
***********WAITING************

Write the data to file:536870912 bytes
***********WAITING************

Write the data to file:536870912 bytes
***********WAITING************

Write the data to file:536870912 bytes
***********WAITING************

Write the data to file:536870912 bytes
***********WAITING************

Write the data to file:536870912 bytes
***********WAITING************

Write the data to file:536870912 bytes
***********WAITING************

Write the data to file:536870912 bytes
***********WAITING************

Write the data to file:536870912 bytes
***********WAITING************

Write the data to file:536870912 bytes
***********WAITING************

Write the data to file:536870912 bytes
***********WAITING************

Write the data to file:536870912 bytes
***********WAITING************

Write the data to file:536870912 bytes
***********WAITING************

Write the data to file:536870912 bytes
***********WAITING************

Write the data to file:536870912 bytes
***********WAITING************

Write the data to file:536870912 bytes
***********WAITING************

Write the data to file:536870912 bytes
***********WAITING************

Write the data to file:536870912 bytes
***********WAITING************

Write the data to file:536870912 bytes
***********WAITING************

Write the data to file:536870912 bytes
***********WAITING************

Write the data to file:536870912 bytes
***********WAITING************

Write the data to file:536870912 bytes
***********WAITING************

Write the data to file:536870912 bytes
***********WAITING************

Write the data to file:536870912 bytes
***********WAITING************

Write the data to file:536870912 bytes
***********WAITING************

Write the data to file:536870912 bytes
***********WAITING************

Write the data to file:536870912 bytes
***********WAITING************

Write the data to file:536870912 bytes
***********WAITING************

Write the data to file:536870912 bytes
***********WAITING************

Write the data to file:536870912 bytes
***********WAITING************

Write the data to file:536870912 bytes
***********WAITING************

Write the data to file:536870912 bytes
***********WAITING************

Write the data to file:536870912 bytes
***********WAITING************

Write the data to file:536870912 bytes
***********WAITING************

Write the data to file:536870912 bytes
***********WAITING************

Write the data to file:536870912 bytes
***********WAITING************

Write the data to file:536870912 bytes
***********WAITING************

Write the data to file:536870912 bytes
***********WAITING************

Write the data to file:536870912 bytes
***********WAITING************

Write the data to file:536870912 bytes
***********WAITING************

Write the data to file:536870912 bytes
***********WAITING************

Write the data to file:536870912 bytes
***********WAITING************

Write the data to file:536870912 bytes
***********WAITING************

Write the data to file:536870912 bytes
***********WAITING************

Write the data to file:536870912 bytes
***********WAITING************

Write the data to file:536870912 bytes
***********WAITING************

Write the data to file:536870912 bytes
***********WAITING************

Write the data to file:536870912 bytes
***********WAITING************

Write the data to file:536870912 bytes
***********WAITING************

Write the data to file:536870912 bytes
***********WAITING************

Write the data to file:536870912 bytes
***********WAITING************

Write the data to file:536870912 bytes
***********WAITING************

Write the data to file:536870912 bytes
***********WAITING************

Write the data to file:536870912 bytes
***********WAITING************

Write the data to file:536870912 bytes
***********WAITING************

Write the data to file:536870912 bytes
***********WAITING************

Write the data to file:536870912 bytes
***********WAITING************

Write the data to file:536870912 bytes
***********WAITING************

Write the data to file:536870912 bytes
***********WAITING************

Write the data to file:536870912 bytes
***********WAITING************

Write the data to file:536870912 bytes
***********WAITING************

Write the data to file:536870912 bytes
***********WAITING************

Write the data to file:536870912 bytes
***********WAITING************

Write the data to file:536870912 bytes
***********WAITING************

Write the data to file:536870912 bytes
***********WAITING************

Write the data to file:536870912 bytes
***********WAITING************

Write the data to file:536870912 bytes
***********WAITING************

Write the data to file:536870912 bytes
***********WAITING************

Write the data to file:536870912 bytes
***********WAITING************

Write the data to file:536870912 bytes
***********WAITING************

Write the data to file:536870912 bytes
***********WAITING************

Write the data to file:536870912 bytes
***********WAITING************

Write the data to file:536870912 bytes
***********WAITING************

Write the data to file:536870912 bytes
***********WAITING************

Write the data to file:536870912 bytes
***********WAITING************

Write the data to file:536870912 bytes
***********WAITING************

Write the data to file:536870912 bytes
***********WAITING************

Write the data to file:536870912 bytes
***********WAITING************

Write the data to file:536870912 bytes
***********WAITING************

Write the data to file:536870912 bytes
***********WAITING************

Write the data to file:536870912 bytes
***********WAITING************

Write the data to file:536870912 bytes
***********WAITING************

Write the data to file:536870912 bytes
***********WAITING************

Write the data to file:536870912 bytes
***********WAITING************

Write the data to file:536870912 bytes
***********WAITING************

Write the data to file:536870912 bytes
***********WAITING************

Write the data to file:536870912 bytes
***********WAITING************

Write the data to file:536870912 bytes
***********WAITING************

Write the data to file:536870912 bytes
***********WAITING************

Write the data to file:536870912 bytes
***********WAITING************
S_cc         3.46   [      3.45:      3.47]
S_bw         2.56   [      2.56:      2.56]
S_w         81.66   [     81.66:     81.66]
          -------
S_total     87.68   [     87.67:     87.69]

build_S done
calc_W
build_S done
calc_W
nr_of_strided_rec: 4
nr_doubles: 2097152
build_S done
calc_W
nr_of_strided_rec: 4
nr_doubles: 2097152
build_S done
calc_W
nr_of_strided_rec: 4
nr_doubles: 2097152
nr_of_strided_rec: 4
nr_doubles: 2097152
nr_of_strided_rec: 4
nr_doubles: 2097152
nr_of_strided_rec: 4
nr_doubles: 2097152
nr_of_strided_rec: 4
nr_doubles: 2097152
nr_of_strided_rec: 4
nr_doubles: 2097152

Write the data to file:536870912 bytes
***********WAITING************

Write the data to file:536870912 bytes
***********WAITING************

Write the data to file:536870912 bytes
***********WAITING************

Write the data to file:536870912 bytes
***********WAITING************
nr_of_strided_rec: 4
nr_doubles: 2097152
nr_of_strided_rec: 4
nr_doubles: 2097152
nr_of_strided_rec: 4
nr_doubles: 2097152
nr_of_strided_rec: 4
nr_doubles: 2097152

Write the data to file:536870912 bytes
***********WAITING************

Write the data to file:536870912 bytes
***********WAITING************

Write the data to file:536870912 bytes
***********WAITING************

Write the data to file:536870912 bytes
***********WAITING************
nr_of_strided_rec: 4
nr_doubles: 2097152
nr_of_strided_rec: 4
nr_doubles: 2097152
nr_of_strided_rec: 4
nr_doubles: 2097152
nr_of_strided_rec: 4
nr_doubles: 2097152

Write the data to file:536870912 bytes
***********WAITING************

Write the data to file:536870912 bytes
***********WAITING************

Write the data to file:536870912 bytes
***********WAITING************

Write the data to file:536870912 bytes
***********WAITING************
nr_of_strided_rec: 4
nr_doubles: 2097152
nr_of_strided_rec: 4
nr_doubles: 2097152
nr_of_strided_rec: 4
nr_doubles: 2097152
nr_of_strided_rec: 4
nr_doubles: 2097152

Write the data to file:536870912 bytes
***********WAITING************

Write the data to file:536870912 bytes
***********WAITING************

Write the data to file:536870912 bytes
***********WAITING************

Write the data to file:536870912 bytes
***********WAITING************
nr_of_strided_rec: 4
nr_doubles: 2097152
nr_of_strided_rec: 4
nr_doubles: 2097152
nr_of_strided_rec: 4
nr_doubles: 2097152
nr_of_strided_rec: 4
nr_doubles: 2097152

Write the data to file:536870912 bytes
***********WAITING************

Write the data to file:536870912 bytes
***********WAITING************

Write the data to file:536870912 bytes
***********WAITING************

Write the data to file:536870912 bytes
***********WAITING************
nr_of_strided_rec: 4
nr_doubles: 2097152
nr_of_strided_rec: 4
nr_doubles: 2097152
nr_of_strided_rec: 4
nr_doubles: 2097152
nr_of_strided_rec: 4
nr_doubles: 2097152

Write the data to file:536870912 bytes
***********WAITING************

Write the data to file:536870912 bytes
***********WAITING************

Write the data to file:536870912 bytes
***********WAITING************

Write the data to file:536870912 bytes
***********WAITING************
nr_of_strided_rec: 4
nr_doubles: 2097152
nr_of_strided_rec: 4
nr_doubles: 2097152
nr_of_strided_rec: 4
nr_doubles: 2097152
nr_of_strided_rec: 4
nr_doubles: 2097152

Write the data to file:536870912 bytes
***********WAITING************

Write the data to file:536870912 bytes
***********WAITING************

Write the data to file:536870912 bytes
***********WAITING************

Write the data to file:536870912 bytes
***********WAITING************
nr_of_strided_rec: 4
nr_doubles: 2097152
nr_of_strided_rec: 4
nr_doubles: 2097152
nr_of_strided_rec: 4
nr_doubles: 2097152
nr_of_strided_rec: 4
nr_doubles: 2097152

Write the data to file:536870912 bytes
***********WAITING************

Write the data to file:536870912 bytes
***********WAITING************

Write the data to file:536870912 bytes
***********WAITING************

Write the data to file:536870912 bytes
***********WAITING************
nr_of_strided_rec: 4
nr_doubles: 2097152
nr_of_strided_rec: 4
nr_doubles: 2097152
nr_of_strided_rec: 4
nr_doubles: 2097152
nr_of_strided_rec: 4
nr_doubles: 2097152

Write the data to file:536870912 bytes
***********WAITING************

Write the data to file:536870912 bytes
***********WAITING************

Write the data to file:536870912 bytes
***********WAITING************

Write the data to file:536870912 bytes
***********WAITING************
nr_of_strided_rec: 4
nr_doubles: 2097152
nr_of_strided_rec: 4
nr_doubles: 2097152
nr_of_strided_rec: 4
nr_doubles: 2097152
nr_of_strided_rec: 4
nr_doubles: 2097152

Write the data to file:536870912 bytes
***********WAITING************

Write the data to file:536870912 bytes
***********WAITING************

Write the data to file:536870912 bytes
***********WAITING************

Write the data to file:536870912 bytes
***********WAITING************
nr_of_strided_rec: 4
nr_doubles: 2097152
nr_of_strided_rec: 4
nr_doubles: 2097152
nr_of_strided_rec: 4
nr_doubles: 2097152
nr_of_strided_rec: 4
nr_doubles: 2097152

Write the data to file:536870912 bytes
***********WAITING************

Write the data to file:536870912 bytes
***********WAITING************

Write the data to file:536870912 bytes
***********WAITING************

Write the data to file:536870912 bytes
***********WAITING************
nr_of_strided_rec: 4
nr_doubles: 2097152
nr_of_strided_rec: 4
nr_doubles: 2097152
nr_of_strided_rec: 4
nr_doubles: 2097152
nr_of_strided_rec: 4
nr_doubles: 2097152

Write the data to file:536870912 bytes
***********WAITING************

Write the data to file:536870912 bytes
***********WAITING************

Write the data to file:536870912 bytes
***********WAITING************

Write the data to file:536870912 bytes
***********WAITING************
nr_of_strided_rec: 4
nr_doubles: 2097152
nr_of_strided_rec: 4
nr_doubles: 2097152
nr_of_strided_rec: 4
nr_doubles: 2097152
nr_of_strided_rec: 4
nr_doubles: 2097152

Write the data to file:536870912 bytes
***********WAITING************

Write the data to file:536870912 bytes
***********WAITING************

Write the data to file:536870912 bytes
***********WAITING************

Write the data to file:536870912 bytes
***********WAITING************
nr_of_strided_rec: 4
nr_doubles: 2097152
nr_of_strided_rec: 4
nr_doubles: 2097152
nr_of_strided_rec: 4
nr_doubles: 2097152
nr_of_strided_rec: 4
nr_doubles: 2097152

Write the data to file:536870912 bytes
***********WAITING************

Write the data to file:536870912 bytes
***********WAITING************

Write the data to file:536870912 bytes
***********WAITING************

Write the data to file:536870912 bytes
***********WAITING************
nr_of_strided_rec: 4
nr_doubles: 2097152
nr_of_strided_rec: 4
nr_doubles: 2097152
nr_of_strided_rec: 4
nr_doubles: 2097152
nr_of_strided_rec: 4
nr_doubles: 2097152

Write the data to file:536870912 bytes
***********WAITING************

Write the data to file:536870912 bytes
***********WAITING************

Write the data to file:536870912 bytes
***********WAITING************

Write the data to file:536870912 bytes
***********WAITING************
nr_of_strided_rec: 4
nr_doubles: 2097152
nr_of_strided_rec: 4
nr_doubles: 2097152
nr_of_strided_rec: 4
nr_doubles: 2097152
nr_of_strided_rec: 4
nr_doubles: 2097152

Write the data to file:536870912 bytes
***********WAITING************

Write the data to file:536870912 bytes
***********WAITING************

Write the data to file:536870912 bytes
***********WAITING************

Write the data to file:536870912 bytes
***********WAITING************
nr_of_strided_rec: 4
nr_doubles: 2097152
nr_of_strided_rec: 4
nr_doubles: 2097152
nr_of_strided_rec: 4
nr_doubles: 2097152
nr_of_strided_rec: 4
nr_doubles: 2097152

Write the data to file:536870912 bytes
***********WAITING************

Write the data to file:536870912 bytes
***********WAITING************

Write the data to file:536870912 bytes
***********WAITING************

Write the data to file:536870912 bytes
***********WAITING************
nr_of_strided_rec: 4
nr_doubles: 2097152
nr_of_strided_rec: 4
nr_doubles: 2097152
nr_of_strided_rec: 4
nr_doubles: 2097152
nr_of_strided_rec: 4
nr_doubles: 2097152

Write the data to file:536870912 bytes
***********WAITING************

Write the data to file:536870912 bytes
***********WAITING************

Write the data to file:536870912 bytes
***********WAITING************

Write the data to file:536870912 bytes
***********WAITING************
nr_of_strided_rec: 4
nr_doubles: 2097152
nr_of_strided_rec: 4
nr_doubles: 2097152
nr_of_strided_rec: 4
nr_doubles: 2097152
nr_of_strided_rec: 4
nr_doubles: 2097152

Write the data to file:536870912 bytes
***********WAITING************

Write the data to file:536870912 bytes
***********WAITING************

Write the data to file:536870912 bytes
***********WAITING************

Write the data to file:536870912 bytes
***********WAITING************
nr_of_strided_rec: 4
nr_doubles: 2097152
nr_of_strided_rec: 4
nr_doubles: 2097152
nr_of_strided_rec: 4
nr_doubles: 2097152
nr_of_strided_rec: 4
nr_doubles: 2097152

Write the data to file:536870912 bytes
***********WAITING************

Write the data to file:536870912 bytes
***********WAITING************

Write the data to file:536870912 bytes
***********WAITING************

Write the data to file:536870912 bytes
***********WAITING************
nr_of_strided_rec: 4
nr_doubles: 2097152
nr_of_strided_rec: 4
nr_doubles: 2097152
nr_of_strided_rec: 4
nr_doubles: 2097152
nr_of_strided_rec: 4
nr_doubles: 2097152

Write the data to file:536870912 bytes
***********WAITING************

Write the data to file:536870912 bytes
***********WAITING************

Write the data to file:536870912 bytes
***********WAITING************

Write the data to file:536870912 bytes
***********WAITING************
nr_of_strided_rec: 4
nr_doubles: 2097152
nr_of_strided_rec: 4
nr_doubles: 2097152
nr_of_strided_rec: 4
nr_doubles: 2097152
nr_of_strided_rec: 4
nr_doubles: 2097152

Write the data to file:536870912 bytes
***********WAITING************

Write the data to file:536870912 bytes
***********WAITING************

Write the data to file:536870912 bytes
***********WAITING************

Write the data to file:536870912 bytes
***********WAITING************
nr_of_strided_rec: 4
nr_doubles: 2097152
nr_of_strided_rec: 4
nr_doubles: 2097152
nr_of_strided_rec: 4
nr_doubles: 2097152
nr_of_strided_rec: 4
nr_doubles: 2097152

Write the data to file:536870912 bytes
***********WAITING************

Write the data to file:536870912 bytes
***********WAITING************

Write the data to file:536870912 bytes
***********WAITING************

Write the data to file:536870912 bytes
***********WAITING************
nr_of_strided_rec: 4
nr_doubles: 2097152
nr_of_strided_rec: 4
nr_doubles: 2097152
nr_of_strided_rec: 4
nr_doubles: 2097152
nr_of_strided_rec: 4
nr_doubles: 2097152

Write the data to file:536870912 bytes
***********WAITING************

Write the data to file:536870912 bytes
***********WAITING************

Write the data to file:536870912 bytes
***********WAITING************

Write the data to file:536870912 bytes
***********WAITING************
nr_of_strided_rec: 4
nr_doubles: 2097152
nr_of_strided_rec: 4
nr_doubles: 2097152
nr_of_strided_rec: 4
nr_doubles: 2097152
nr_of_strided_rec: 4
nr_doubles: 2097152

Write the data to file:536870912 bytes
***********WAITING************

Write the data to file:536870912 bytes
***********WAITING************

Write the data to file:536870912 bytes
***********WAITING************

Write the data to file:536870912 bytes
***********WAITING************
nr_of_strided_rec: 4
nr_doubles: 2097152
nr_of_strided_rec: 4
nr_doubles: 2097152
nr_of_strided_rec: 4
nr_doubles: 2097152
nr_of_strided_rec: 4
nr_doubles: 2097152

Write the data to file:536870912 bytes
***********WAITING************

Write the data to file:536870912 bytes
***********WAITING************

Write the data to file:536870912 bytes
***********WAITING************

Write the data to file:536870912 bytes
***********WAITING************
nr_of_strided_rec: 4
nr_doubles: 2097152
nr_of_strided_rec: 4
nr_doubles: 2097152
nr_of_strided_rec: 4
nr_doubles: 2097152
nr_of_strided_rec: 4
nr_doubles: 2097152

Write the data to file:536870912 bytes
***********WAITING************

Write the data to file:536870912 bytes
***********WAITING************

Write the data to file:536870912 bytes
***********WAITING************

Write the data to file:536870912 bytes
***********WAITING************
nr_of_strided_rec: 4
nr_doubles: 2097152
nr_of_strided_rec: 4
nr_doubles: 2097152
nr_of_strided_rec: 4
nr_doubles: 2097152
nr_of_strided_rec: 4
nr_doubles: 2097152

Write the data to file:536870912 bytes
***********WAITING************

Write the data to file:536870912 bytes
***********WAITING************

Write the data to file:536870912 bytes
***********WAITING************

Write the data to file:536870912 bytes
***********WAITING************
nr_of_strided_rec: 4
nr_doubles: 2097152
nr_of_strided_rec: 4
nr_doubles: 2097152
nr_of_strided_rec: 4
nr_doubles: 2097152
nr_of_strided_rec: 4
nr_doubles: 2097152

Write the data to file:536870912 bytes
***********WAITING************

Write the data to file:536870912 bytes
***********WAITING************

Write the data to file:536870912 bytes
***********WAITING************

Write the data to file:536870912 bytes
***********WAITING************

Write the data to file:536870912 bytes
***********WAITING************

Write the data to file:536870912 bytes
***********WAITING************

Write the data to file:536870912 bytes
***********WAITING************

Write the data to file:536870912 bytes
***********WAITING************
W_cc         9.40   [      9.37:      9.42]
W_r        256.66   [    256.66:    256.67]
W_w         93.33   [     93.33:     93.34]
          -------
W_total    359.39   [    359.36:    359.42]

calc_W done
calc_W done
calc_W done
calc_W done
nr_of_strided_rec: 4
nr_doubles: 2097152
nr_of_strided_rec: 4
nr_doubles: 2097152
nr_of_strided_rec: 4
nr_doubles: 2097152
nr_of_strided_rec: 4
nr_doubles: 2097152
nr_of_strided_rec: 4
nr_doubles: 2097152
nr_of_strided_rec: 4
nr_doubles: 2097152
nr_of_strided_rec: 4
nr_doubles: 2097152
nr_of_strided_rec: 4
nr_doubles: 2097152
nr_of_strided_rec: 4
nr_doubles: 2097152
nr_of_strided_rec: 4
nr_doubles: 2097152
nr_of_strided_rec: 4
nr_doubles: 2097152
nr_of_strided_rec: 4
nr_doubles: 2097152
nr_of_strided_rec: 4
nr_doubles: 2097152
nr_of_strided_rec: 4
nr_doubles: 2097152
nr_of_strided_rec: 4
nr_doubles: 2097152
nr_of_strided_rec: 4
nr_doubles: 2097152
nr_of_strided_rec: 4
nr_doubles: 2097152
nr_of_strided_rec: 4
nr_doubles: 2097152
nr_of_strided_rec: 4
nr_doubles: 2097152
nr_of_strided_rec: 4
nr_doubles: 2097152
nr_of_strided_rec: 4
nr_doubles: 2097152
nr_of_strided_rec: 4
nr_doubles: 2097152
nr_of_strided_rec: 4
nr_doubles: 2097152
nr_of_strided_rec: 4
nr_doubles: 2097152
nr_of_strided_rec: 4
nr_doubles: 2097152
nr_of_strided_rec: 4
nr_doubles: 2097152
nr_of_strided_rec: 4
nr_doubles: 2097152
nr_of_strided_rec: 4
nr_doubles: 2097152
nr_of_strided_rec: 4
nr_doubles: 2097152
nr_of_strided_rec: 4
nr_doubles: 2097152
nr_of_strided_rec: 4
nr_doubles: 2097152
nr_of_strided_rec: 4
nr_doubles: 2097152
nr_of_strided_rec: 4
nr_doubles: 2097152
nr_of_strided_rec: 4
nr_doubles: 2097152
nr_of_strided_rec: 4
nr_doubles: 2097152
nr_of_strided_rec: 4
nr_doubles: 2097152
nr_of_strided_rec: 4
nr_doubles: 2097152
nr_of_strided_rec: 4
nr_doubles: 2097152
nr_of_strided_rec: 4
nr_doubles: 2097152
nr_of_strided_rec: 4
nr_doubles: 2097152
nr_of_strided_rec: 4
nr_doubles: 2097152
nr_of_strided_rec: 4
nr_doubles: 2097152
nr_of_strided_rec: 4
nr_doubles: 2097152
nr_of_strided_rec: 4
nr_doubles: 2097152
nr_of_strided_rec: 4
nr_doubles: 2097152
nr_of_strided_rec: 4
nr_doubles: 2097152
nr_of_strided_rec: 4
nr_doubles: 2097152
nr_of_strided_rec: 4
nr_doubles: 2097152
nr_of_strided_rec: 4
nr_doubles: 2097152
nr_of_strided_rec: 4
nr_doubles: 2097152
nr_of_strided_rec: 4
nr_doubles: 2097152
nr_of_strided_rec: 4
nr_doubles: 2097152
nr_of_strided_rec: 4
nr_doubles: 2097152
nr_of_strided_rec: 4
nr_doubles: 2097152
nr_of_strided_rec: 4
nr_doubles: 2097152
nr_of_strided_rec: 4
nr_doubles: 2097152
nr_of_strided_rec: 4
nr_doubles: 2097152
nr_of_strided_rec: 4
nr_doubles: 2097152
nr_of_strided_rec: 4
nr_doubles: 2097152
nr_of_strided_rec: 4
nr_doubles: 2097152
nr_of_strided_rec: 4
nr_doubles: 2097152
nr_of_strided_rec: 4
nr_doubles: 2097152
nr_of_strided_rec: 4
nr_doubles: 2097152
nr_of_strided_rec: 4
nr_doubles: 2097152
nr_of_strided_rec: 4
nr_doubles: 2097152
nr_of_strided_rec: 4
nr_doubles: 2097152
nr_of_strided_rec: 4
nr_doubles: 2097152
nr_of_strided_rec: 4
nr_doubles: 2097152
nr_of_strided_rec: 4
nr_doubles: 2097152
nr_of_strided_rec: 4
nr_doubles: 2097152
nr_of_strided_rec: 4
nr_doubles: 2097152
nr_of_strided_rec: 4
nr_doubles: 2097152
nr_of_strided_rec: 4
nr_doubles: 2097152
nr_of_strided_rec: 4
nr_doubles: 2097152
nr_of_strided_rec: 4
nr_doubles: 2097152
nr_of_strided_rec: 4
nr_doubles: 2097152
nr_of_strided_rec: 4
nr_doubles: 2097152
nr_of_strided_rec: 4
nr_doubles: 2097152
nr_of_strided_rec: 4
nr_doubles: 2097152
nr_of_strided_rec: 4
nr_doubles: 2097152
nr_of_strided_rec: 4
nr_doubles: 2097152
nr_of_strided_rec: 4
nr_doubles: 2097152
nr_of_strided_rec: 4
nr_doubles: 2097152
nr_of_strided_rec: 4
nr_doubles: 2097152
nr_of_strided_rec: 4
nr_doubles: 2097152
nr_of_strided_rec: 4
nr_doubles: 2097152
nr_of_strided_rec: 4
nr_doubles: 2097152
nr_of_strided_rec: 4
nr_doubles: 2097152
nr_of_strided_rec: 4
nr_doubles: 2097152
nr_of_strided_rec: 4
nr_doubles: 2097152
nr_of_strided_rec: 4
nr_doubles: 2097152
nr_of_strided_rec: 4
nr_doubles: 2097152
nr_of_strided_rec: 4
nr_doubles: 2097152
nr_of_strided_rec: 4
nr_doubles: 2097152
nr_of_strided_rec: 4
nr_doubles: 2097152
nr_of_strided_rec: 4
nr_doubles: 2097152
nr_of_strided_rec: 4
nr_doubles: 2097152
nr_of_strided_rec: 4
nr_doubles: 2097152
nr_of_strided_rec: 4
nr_doubles: 2097152
nr_of_strided_rec: 4
nr_doubles: 2097152
nr_of_strided_rec: 4
nr_doubles: 2097152
nr_of_strided_rec: 4
nr_doubles: 2097152
nr_of_strided_rec: 4
nr_doubles: 2097152
nr_of_strided_rec: 4
nr_doubles: 2097152
nr_of_strided_rec: 4
nr_doubles: 2097152
nr_of_strided_rec: 4
nr_doubles: 2097152
nr_of_strided_rec: 4
nr_doubles: 2097152
nr_of_strided_rec: 4
nr_doubles: 2097152
nr_of_strided_rec: 4
nr_doubles: 2097152
nr_of_strided_rec: 4
nr_doubles: 2097152
nr_of_strided_rec: 4
nr_doubles: 2097152
nr_of_strided_rec: 4
nr_doubles: 2097152
nr_of_strided_rec: 4
nr_doubles: 2097152
nr_of_strided_rec: 4
nr_doubles: 2097152
nr_of_strided_rec: 4
nr_doubles: 2097152
nr_of_strided_rec: 4
nr_doubles: 2097152
nr_of_strided_rec: 4
nr_doubles: 2097152
nr_of_strided_rec: 4
nr_doubles: 2097152
nr_of_strided_rec: 4
nr_doubles: 2097152
nr_of_strided_rec: 4
nr_doubles: 2097152
C_cc         2.97   [      2.97:      2.97]
C_bw         2.54   [      2.54:      2.54]
C_r        132.28   [    132.28:    132.29]
          -------
C_total    137.80   [    137.79:    137.80]


dC[0] = 0.00000e+00
fclose PID:35189 fd:12
fclose PID:35190 fd:10
fclose PID:35191 fd:8
fclose PID:35192 fd:8
READAHEAD_TIME:1551.000000 us
MaxRSS= 2107764 KB, SharedMem= 0 KB, HardPageFault= 7
READAHEAD_TIME:1623.000000 us
MaxRSS= 2108020 KB, SharedMem= 0 KB, HardPageFault= 14
READAHEAD_TIME:1630.000000 us
MaxRSS= 2108028 KB, SharedMem= 0 KB, HardPageFault= 6
READAHEAD_TIME:1592.000000 us
MaxRSS= 2107800 KB, SharedMem= 0 KB, HardPageFault= 8
fclose PID:35188 fd:0
fclose PID:35188 fd:6
fclose PID:35188 fd:6
fclose PID:35188 fd:0
READAHEAD_TIME:0.000000 us
MaxRSS= 5324 KB, SharedMem= 0 KB, HardPageFault= 2
fclose PID:35187 fd:3
fclose PID:35187 fd:4
fclose PID:35187 fd:4
fclose PID:35187 fd:3
READAHEAD_TIME:0.000000 us
MaxRSS= 4964 KB, SharedMem= 0 KB, HardPageFault= 4
	Command being timed: "mpiexec -n 4 ./MADbench2_io 16384 30 1 8 64 1 1 16777216 7 1"
	User time (seconds): 376.67
	System time (seconds): 244.62
	Percent of CPU this job got: 106%
	Elapsed (wall clock) time (h:mm:ss or m:ss): 9:45.63
	Average shared text size (kbytes): 0
	Average unshared data size (kbytes): 0
	Average stack size (kbytes): 0
	Average total size (kbytes): 0
	Maximum resident set size (kbytes): 2108028
	Average resident set size (kbytes): 0
	Major (requiring I/O) page faults: 42
	Minor (reclaiming a frame) page faults: 8586094
	Voluntary context switches: 123276
	Involuntary context switches: 2699
	Swaps: 0
	File system inputs: 249542888
	File system outputs: 251658472
	Socket messages sent: 0
	Socket messages received: 0
	Signals delivered: 0
	Page size (bytes): 4096
	Exit status: 0
READAHEAD_TIME:0.000000 us
MaxRSS= 2196 KB, SharedMem= 0 KB, HardPageFault= 0
*******************DMESG OUTPUT******************
