fclose PID:35969 fd:3
fclose PID:35969 fd:4
fclose PID:35969 fd:4
fclose PID:35969 fd:3
available: 2 nodes (0-1)
fclose PID:35969 fd:3
node 0 cpus:fclose PID:35969 fd:3
 0 1 2 3 4 5 6 7 8 9 20 21 22 23 24 25 26 27 28 29
node 0 size: 80440 MB
node 0 free: 80122 MB
fclose PID:35969 fd:3
node 1 cpus:fclose PID:35969 fd:3
 10 11 12 13 14 15 16 17 18 19 30 31 32 33 34 35 36 37 38 39
node 1 size: 80635 MB
node 1 free: 80370 MB
fclose PID:35969 fd:3
fclose PID:35969 fd:3
node distances:
node   0   1 
  0:  10  21 
  1:  21  10 
READAHEAD_TIME:0.000000 us
MaxRSS= 2260 KB, SharedMem= 0 KB, HardPageFault= 10
fclose PID:35982 fd:8
fclose PID:35986 fd:8
fclose PID:35979 fd:8
fclose PID:35980 fd:8
fclose PID:35978 fd:8
fclose PID:35983 fd:8
fclose PID:35987 fd:8
fclose PID:35989 fd:8
fclose PID:35984 fd:8
fclose PID:35985 fd:8
fclose PID:35988 fd:8
fclose PID:35975 fd:10
fclose PID:35976 fd:8
fclose PID:35974 fd:12
fclose PID:35977 fd:8
fclose PID:35981 fd:8

MADbench 2.0 IO-mode
no_pe = 16  no_pix = 4096  no_bin = 30  no_gang = 1 sblocksize = 8  fblocksize = 64  r_mod = 1  w_mod = 1 record_size=524288 stride=7


IOMETHOD = POSIX  IOMODE = SYNC  FILETYPE = UNIQUE  REMAP = CUSTOMbuild_S
build_S
build_S
build_S
build_S
build_S
build_S
build_S
build_S
build_S
build_S
build_S
build_S
build_S
build_S
build_S

Write the data to file:8388608 bytes
***********WAITING************

Write the data to file:8388608 bytes
***********WAITING************

Write the data to file:8388608 bytes
***********WAITING************

Write the data to file:8388608 bytes
***********WAITING************

Write the data to file:8388608 bytes
***********WAITING************

Write the data to file:8388608 bytes
***********WAITING************

Write the data to file:8388608 bytes
***********WAITING************

Write the data to file:8388608 bytes
***********WAITING************

Write the data to file:8388608 bytes
***********WAITING************

Write the data to file:8388608 bytes
***********WAITING************

Write the data to file:8388608 bytes
***********WAITING************

Write the data to file:8388608 bytes
***********WAITING************

Write the data to file:8388608 bytes
***********WAITING************

Write the data to file:8388608 bytes
***********WAITING************

Write the data to file:8388608 bytes
***********WAITING************

Write the data to file:8388608 bytes
***********WAITING************

Write the data to file:8388608 bytes
***********WAITING************

Write the data to file:8388608 bytes
***********WAITING************

Write the data to file:8388608 bytes
***********WAITING************

Write the data to file:8388608 bytes
***********WAITING************

Write the data to file:8388608 bytes
***********WAITING************

Write the data to file:8388608 bytes
***********WAITING************

Write the data to file:8388608 bytes
***********WAITING************

Write the data to file:8388608 bytes
***********WAITING************

Write the data to file:8388608 bytes
***********WAITING************

Write the data to file:8388608 bytes
***********WAITING************

Write the data to file:8388608 bytes
***********WAITING************

Write the data to file:8388608 bytes
***********WAITING************

Write the data to file:8388608 bytes
***********WAITING************

Write the data to file:8388608 bytes
***********WAITING************

Write the data to file:8388608 bytes
***********WAITING************

Write the data to file:8388608 bytes
***********WAITING************

Write the data to file:8388608 bytes
***********WAITING************

Write the data to file:8388608 bytes
***********WAITING************

Write the data to file:8388608 bytes
***********WAITING************

Write the data to file:8388608 bytes
***********WAITING************

Write the data to file:8388608 bytes
***********WAITING************

Write the data to file:8388608 bytes
***********WAITING************

Write the data to file:8388608 bytes
***********WAITING************

Write the data to file:8388608 bytes
***********WAITING************

Write the data to file:8388608 bytes
***********WAITING************

Write the data to file:8388608 bytes
***********WAITING************

Write the data to file:8388608 bytes
***********WAITING************

Write the data to file:8388608 bytes
***********WAITING************

Write the data to file:8388608 bytes
***********WAITING************

Write the data to file:8388608 bytes
***********WAITING************

Write the data to file:8388608 bytes
***********WAITING************

Write the data to file:8388608 bytes
***********WAITING************

Write the data to file:8388608 bytes
***********WAITING************

Write the data to file:8388608 bytes
***********WAITING************

Write the data to file:8388608 bytes
***********WAITING************

Write the data to file:8388608 bytes
***********WAITING************

Write the data to file:8388608 bytes
***********WAITING************

Write the data to file:8388608 bytes
***********WAITING************

Write the data to file:8388608 bytes
***********WAITING************

Write the data to file:8388608 bytes
***********WAITING************

Write the data to file:8388608 bytes
***********WAITING************

Write the data to file:8388608 bytes
***********WAITING************

Write the data to file:8388608 bytes
***********WAITING************

Write the data to file:8388608 bytes
***********WAITING************

Write the data to file:8388608 bytes
***********WAITING************

Write the data to file:8388608 bytes
***********WAITING************

Write the data to file:8388608 bytes
***********WAITING************

Write the data to file:8388608 bytes
***********WAITING************

Write the data to file:8388608 bytes
***********WAITING************

Write the data to file:8388608 bytes
***********WAITING************

Write the data to file:8388608 bytes
***********WAITING************

Write the data to file:8388608 bytes
***********WAITING************

Write the data to file:8388608 bytes
***********WAITING************

Write the data to file:8388608 bytes
***********WAITING************

Write the data to file:8388608 bytes
***********WAITING************

Write the data to file:8388608 bytes
***********WAITING************

Write the data to file:8388608 bytes
***********WAITING************

Write the data to file:8388608 bytes
***********WAITING************

Write the data to file:8388608 bytes
***********WAITING************

Write the data to file:8388608 bytes
***********WAITING************

Write the data to file:8388608 bytes
***********WAITING************

Write the data to file:8388608 bytes
***********WAITING************

Write the data to file:8388608 bytes
***********WAITING************

Write the data to file:8388608 bytes
***********WAITING************

Write the data to file:8388608 bytes
***********WAITING************

Write the data to file:8388608 bytes
***********WAITING************

Write the data to file:8388608 bytes
***********WAITING************

Write the data to file:8388608 bytes
***********WAITING************

Write the data to file:8388608 bytes
***********WAITING************

Write the data to file:8388608 bytes
***********WAITING************

Write the data to file:8388608 bytes
***********WAITING************

Write the data to file:8388608 bytes
***********WAITING************

Write the data to file:8388608 bytes
***********WAITING************

Write the data to file:8388608 bytes
***********WAITING************

Write the data to file:8388608 bytes
***********WAITING************

Write the data to file:8388608 bytes
***********WAITING************

Write the data to file:8388608 bytes
***********WAITING************

Write the data to file:8388608 bytes
***********WAITING************

Write the data to file:8388608 bytes
***********WAITING************

Write the data to file:8388608 bytes
***********WAITING************

Write the data to file:8388608 bytes
***********WAITING************

Write the data to file:8388608 bytes
***********WAITING************

Write the data to file:8388608 bytes
***********WAITING************

Write the data to file:8388608 bytes
***********WAITING************

Write the data to file:8388608 bytes
***********WAITING************

Write the data to file:8388608 bytes
***********WAITING************

Write the data to file:8388608 bytes
***********WAITING************

Write the data to file:8388608 bytes
***********WAITING************

Write the data to file:8388608 bytes
***********WAITING************

Write the data to file:8388608 bytes
***********WAITING************

Write the data to file:8388608 bytes
***********WAITING************

Write the data to file:8388608 bytes
***********WAITING************

Write the data to file:8388608 bytes
***********WAITING************

Write the data to file:8388608 bytes
***********WAITING************

Write the data to file:8388608 bytes
***********WAITING************

Write the data to file:8388608 bytes
***********WAITING************

Write the data to file:8388608 bytes
***********WAITING************

Write the data to file:8388608 bytes
***********WAITING************

Write the data to file:8388608 bytes
***********WAITING************

Write the data to file:8388608 bytes
***********WAITING************

Write the data to file:8388608 bytes
***********WAITING************

Write the data to file:8388608 bytes
***********WAITING************

Write the data to file:8388608 bytes
***********WAITING************

Write the data to file:8388608 bytes
***********WAITING************

Write the data to file:8388608 bytes
***********WAITING************

Write the data to file:8388608 bytes
***********WAITING************

Write the data to file:8388608 bytes
***********WAITING************

Write the data to file:8388608 bytes
***********WAITING************

Write the data to file:8388608 bytes
***********WAITING************

Write the data to file:8388608 bytes
***********WAITING************

Write the data to file:8388608 bytes
***********WAITING************

Write the data to file:8388608 bytes
***********WAITING************

Write the data to file:8388608 bytes
***********WAITING************

Write the data to file:8388608 bytes
***********WAITING************

Write the data to file:8388608 bytes
***********WAITING************

Write the data to file:8388608 bytes
***********WAITING************

Write the data to file:8388608 bytes
***********WAITING************

Write the data to file:8388608 bytes
***********WAITING************

Write the data to file:8388608 bytes
***********WAITING************

Write the data to file:8388608 bytes
***********WAITING************

Write the data to file:8388608 bytes
***********WAITING************

Write the data to file:8388608 bytes
***********WAITING************

Write the data to file:8388608 bytes
***********WAITING************

Write the data to file:8388608 bytes
***********WAITING************

Write the data to file:8388608 bytes
***********WAITING************

Write the data to file:8388608 bytes
***********WAITING************

Write the data to file:8388608 bytes
***********WAITING************

Write the data to file:8388608 bytes
***********WAITING************

Write the data to file:8388608 bytes
***********WAITING************

Write the data to file:8388608 bytes
***********WAITING************

Write the data to file:8388608 bytes
***********WAITING************

Write the data to file:8388608 bytes
***********WAITING************

Write the data to file:8388608 bytes
***********WAITING************

Write the data to file:8388608 bytes
***********WAITING************

Write the data to file:8388608 bytes
***********WAITING************

Write the data to file:8388608 bytes
***********WAITING************

Write the data to file:8388608 bytes
***********WAITING************

Write the data to file:8388608 bytes
***********WAITING************

Write the data to file:8388608 bytes
***********WAITING************

Write the data to file:8388608 bytes
***********WAITING************

Write the data to file:8388608 bytes
***********WAITING************

Write the data to file:8388608 bytes
***********WAITING************

Write the data to file:8388608 bytes
***********WAITING************

Write the data to file:8388608 bytes
***********WAITING************

Write the data to file:8388608 bytes
***********WAITING************

Write the data to file:8388608 bytes
***********WAITING************

Write the data to file:8388608 bytes
***********WAITING************

Write the data to file:8388608 bytes
***********WAITING************

Write the data to file:8388608 bytes
***********WAITING************

Write the data to file:8388608 bytes
***********WAITING************

Write the data to file:8388608 bytes
***********WAITING************

Write the data to file:8388608 bytes
***********WAITING************

Write the data to file:8388608 bytes
***********WAITING************

Write the data to file:8388608 bytes
***********WAITING************

Write the data to file:8388608 bytes
***********WAITING************

Write the data to file:8388608 bytes
***********WAITING************

Write the data to file:8388608 bytes
***********WAITING************

Write the data to file:8388608 bytes
***********WAITING************

Write the data to file:8388608 bytes
***********WAITING************

Write the data to file:8388608 bytes
***********WAITING************

Write the data to file:8388608 bytes
***********WAITING************

Write the data to file:8388608 bytes
***********WAITING************

Write the data to file:8388608 bytes
***********WAITING************

Write the data to file:8388608 bytes
***********WAITING************

Write the data to file:8388608 bytes
***********WAITING************

Write the data to file:8388608 bytes
***********WAITING************

Write the data to file:8388608 bytes
***********WAITING************

Write the data to file:8388608 bytes
***********WAITING************

Write the data to file:8388608 bytes
***********WAITING************

Write the data to file:8388608 bytes
***********WAITING************

Write the data to file:8388608 bytes
***********WAITING************

Write the data to file:8388608 bytes
***********WAITING************

Write the data to file:8388608 bytes
***********WAITING************

Write the data to file:8388608 bytes
***********WAITING************

Write the data to file:8388608 bytes
***********WAITING************

Write the data to file:8388608 bytes
***********WAITING************

Write the data to file:8388608 bytes
***********WAITING************

Write the data to file:8388608 bytes
***********WAITING************

Write the data to file:8388608 bytes
***********WAITING************

Write the data to file:8388608 bytes
***********WAITING************

Write the data to file:8388608 bytes
***********WAITING************

Write the data to file:8388608 bytes
***********WAITING************

Write the data to file:8388608 bytes
***********WAITING************

Write the data to file:8388608 bytes
***********WAITING************

Write the data to file:8388608 bytes
***********WAITING************

Write the data to file:8388608 bytes
***********WAITING************

Write the data to file:8388608 bytes
***********WAITING************

Write the data to file:8388608 bytes
***********WAITING************

Write the data to file:8388608 bytes
***********WAITING************

Write the data to file:8388608 bytes
***********WAITING************

Write the data to file:8388608 bytes
***********WAITING************

Write the data to file:8388608 bytes
***********WAITING************

Write the data to file:8388608 bytes
***********WAITING************

Write the data to file:8388608 bytes
***********WAITING************

Write the data to file:8388608 bytes
***********WAITING************

Write the data to file:8388608 bytes
***********WAITING************

Write the data to file:8388608 bytes
***********WAITING************

Write the data to file:8388608 bytes
***********WAITING************

Write the data to file:8388608 bytes
***********WAITING************

Write the data to file:8388608 bytes
***********WAITING************

Write the data to file:8388608 bytes
***********WAITING************

Write the data to file:8388608 bytes
***********WAITING************

Write the data to file:8388608 bytes
***********WAITING************

Write the data to file:8388608 bytes
***********WAITING************

Write the data to file:8388608 bytes
***********WAITING************

Write the data to file:8388608 bytes
***********WAITING************

Write the data to file:8388608 bytes
***********WAITING************

Write the data to file:8388608 bytes
***********WAITING************

Write the data to file:8388608 bytes
***********WAITING************

Write the data to file:8388608 bytes
***********WAITING************

Write the data to file:8388608 bytes
***********WAITING************

Write the data to file:8388608 bytes
***********WAITING************

Write the data to file:8388608 bytes
***********WAITING************

Write the data to file:8388608 bytes
***********WAITING************

Write the data to file:8388608 bytes
***********WAITING************

Write the data to file:8388608 bytes
***********WAITING************

Write the data to file:8388608 bytes
***********WAITING************

Write the data to file:8388608 bytes
***********WAITING************

Write the data to file:8388608 bytes
***********WAITING************

Write the data to file:8388608 bytes
***********WAITING************

Write the data to file:8388608 bytes
***********WAITING************

Write the data to file:8388608 bytes
***********WAITING************

Write the data to file:8388608 bytes
***********WAITING************

Write the data to file:8388608 bytes
***********WAITING************

Write the data to file:8388608 bytes
***********WAITING************

Write the data to file:8388608 bytes
***********WAITING************

Write the data to file:8388608 bytes
***********WAITING************

Write the data to file:8388608 bytes
***********WAITING************

Write the data to file:8388608 bytes
***********WAITING************

Write the data to file:8388608 bytes
***********WAITING************

Write the data to file:8388608 bytes
***********WAITING************

Write the data to file:8388608 bytes
***********WAITING************

Write the data to file:8388608 bytes
***********WAITING************

Write the data to file:8388608 bytes
***********WAITING************

Write the data to file:8388608 bytes
***********WAITING************

Write the data to file:8388608 bytes
***********WAITING************

Write the data to file:8388608 bytes
***********WAITING************

Write the data to file:8388608 bytes
***********WAITING************

Write the data to file:8388608 bytes
***********WAITING************

Write the data to file:8388608 bytes
***********WAITING************

Write the data to file:8388608 bytes
***********WAITING************

Write the data to file:8388608 bytes
***********WAITING************

Write the data to file:8388608 bytes
***********WAITING************

Write the data to file:8388608 bytes
***********WAITING************

Write the data to file:8388608 bytes
***********WAITING************

Write the data to file:8388608 bytes
***********WAITING************

Write the data to file:8388608 bytes
***********WAITING************

Write the data to file:8388608 bytes
***********WAITING************

Write the data to file:8388608 bytes
***********WAITING************

Write the data to file:8388608 bytes
***********WAITING************

Write the data to file:8388608 bytes
***********WAITING************

Write the data to file:8388608 bytes
***********WAITING************

Write the data to file:8388608 bytes
***********WAITING************

Write the data to file:8388608 bytes
***********WAITING************

Write the data to file:8388608 bytes
***********WAITING************

Write the data to file:8388608 bytes
***********WAITING************

Write the data to file:8388608 bytes
***********WAITING************

Write the data to file:8388608 bytes
***********WAITING************

Write the data to file:8388608 bytes
***********WAITING************

Write the data to file:8388608 bytes
***********WAITING************

Write the data to file:8388608 bytes
***********WAITING************

Write the data to file:8388608 bytes
***********WAITING************

Write the data to file:8388608 bytes
***********WAITING************

Write the data to file:8388608 bytes
***********WAITING************

Write the data to file:8388608 bytes
***********WAITING************

Write the data to file:8388608 bytes
***********WAITING************

Write the data to file:8388608 bytes
***********WAITING************

Write the data to file:8388608 bytes
***********WAITING************

Write the data to file:8388608 bytes
***********WAITING************

Write the data to file:8388608 bytes
***********WAITING************

Write the data to file:8388608 bytes
***********WAITING************

Write the data to file:8388608 bytes
***********WAITING************

Write the data to file:8388608 bytes
***********WAITING************

Write the data to file:8388608 bytes
***********WAITING************

Write the data to file:8388608 bytes
***********WAITING************

Write the data to file:8388608 bytes
***********WAITING************

Write the data to file:8388608 bytes
***********WAITING************

Write the data to file:8388608 bytes
***********WAITING************

Write the data to file:8388608 bytes
***********WAITING************

Write the data to file:8388608 bytes
***********WAITING************

Write the data to file:8388608 bytes
***********WAITING************

Write the data to file:8388608 bytes
***********WAITING************

Write the data to file:8388608 bytes
***********WAITING************

Write the data to file:8388608 bytes
***********WAITING************

Write the data to file:8388608 bytes
***********WAITING************

Write the data to file:8388608 bytes
***********WAITING************

Write the data to file:8388608 bytes
***********WAITING************

Write the data to file:8388608 bytes
***********WAITING************

Write the data to file:8388608 bytes
***********WAITING************

Write the data to file:8388608 bytes
***********WAITING************

Write the data to file:8388608 bytes
***********WAITING************

Write the data to file:8388608 bytes
***********WAITING************

Write the data to file:8388608 bytes
***********WAITING************

Write the data to file:8388608 bytes
***********WAITING************

Write the data to file:8388608 bytes
***********WAITING************

Write the data to file:8388608 bytes
***********WAITING************

Write the data to file:8388608 bytes
***********WAITING************

Write the data to file:8388608 bytes
***********WAITING************

Write the data to file:8388608 bytes
***********WAITING************

Write the data to file:8388608 bytes
***********WAITING************

Write the data to file:8388608 bytes
***********WAITING************

Write the data to file:8388608 bytes
***********WAITING************

Write the data to file:8388608 bytes
***********WAITING************

Write the data to file:8388608 bytes
***********WAITING************

Write the data to file:8388608 bytes
***********WAITING************

Write the data to file:8388608 bytes
***********WAITING************

Write the data to file:8388608 bytes
***********WAITING************

Write the data to file:8388608 bytes
***********WAITING************

Write the data to file:8388608 bytes
***********WAITING************

Write the data to file:8388608 bytes
***********WAITING************

Write the data to file:8388608 bytes
***********WAITING************

Write the data to file:8388608 bytes
***********WAITING************

Write the data to file:8388608 bytes
***********WAITING************

Write the data to file:8388608 bytes
***********WAITING************

Write the data to file:8388608 bytes
***********WAITING************

Write the data to file:8388608 bytes
***********WAITING************

Write the data to file:8388608 bytes
***********WAITING************

Write the data to file:8388608 bytes
***********WAITING************

Write the data to file:8388608 bytes
***********WAITING************

Write the data to file:8388608 bytes
***********WAITING************

Write the data to file:8388608 bytes
***********WAITING************

Write the data to file:8388608 bytes
***********WAITING************

Write the data to file:8388608 bytes
***********WAITING************

Write the data to file:8388608 bytes
***********WAITING************

Write the data to file:8388608 bytes
***********WAITING************

Write the data to file:8388608 bytes
***********WAITING************

Write the data to file:8388608 bytes
***********WAITING************

Write the data to file:8388608 bytes
***********WAITING************

Write the data to file:8388608 bytes
***********WAITING************

Write the data to file:8388608 bytes
***********WAITING************

Write the data to file:8388608 bytes
***********WAITING************

Write the data to file:8388608 bytes
***********WAITING************

Write the data to file:8388608 bytes
***********WAITING************

Write the data to file:8388608 bytes
***********WAITING************

Write the data to file:8388608 bytes
***********WAITING************

Write the data to file:8388608 bytes
***********WAITING************

Write the data to file:8388608 bytes
***********WAITING************

Write the data to file:8388608 bytes
***********WAITING************

Write the data to file:8388608 bytes
***********WAITING************

Write the data to file:8388608 bytes
***********WAITING************

Write the data to file:8388608 bytes
***********WAITING************

Write the data to file:8388608 bytes
***********WAITING************

Write the data to file:8388608 bytes
***********WAITING************

Write the data to file:8388608 bytes
***********WAITING************

Write the data to file:8388608 bytes
***********WAITING************

Write the data to file:8388608 bytes
***********WAITING************

Write the data to file:8388608 bytes
***********WAITING************

Write the data to file:8388608 bytes
***********WAITING************

Write the data to file:8388608 bytes
***********WAITING************

Write the data to file:8388608 bytes
***********WAITING************

Write the data to file:8388608 bytes
***********WAITING************

Write the data to file:8388608 bytes
***********WAITING************

Write the data to file:8388608 bytes
***********WAITING************

Write the data to file:8388608 bytes
***********WAITING************

Write the data to file:8388608 bytes
***********WAITING************

Write the data to file:8388608 bytes
***********WAITING************

Write the data to file:8388608 bytes
***********WAITING************

Write the data to file:8388608 bytes
***********WAITING************

Write the data to file:8388608 bytes
***********WAITING************

Write the data to file:8388608 bytes
***********WAITING************

Write the data to file:8388608 bytes
***********WAITING************

Write the data to file:8388608 bytes
***********WAITING************

Write the data to file:8388608 bytes
***********WAITING************

Write the data to file:8388608 bytes
***********WAITING************

Write the data to file:8388608 bytes
***********WAITING************

Write the data to file:8388608 bytes
***********WAITING************

Write the data to file:8388608 bytes
***********WAITING************

Write the data to file:8388608 bytes
***********WAITING************

Write the data to file:8388608 bytes
***********WAITING************

Write the data to file:8388608 bytes
***********WAITING************

Write the data to file:8388608 bytes
***********WAITING************

Write the data to file:8388608 bytes
***********WAITING************

Write the data to file:8388608 bytes
***********WAITING************

Write the data to file:8388608 bytes
***********WAITING************

Write the data to file:8388608 bytes
***********WAITING************

Write the data to file:8388608 bytes
***********WAITING************

Write the data to file:8388608 bytes
***********WAITING************

Write the data to file:8388608 bytes
***********WAITING************

Write the data to file:8388608 bytes
***********WAITING************

Write the data to file:8388608 bytes
***********WAITING************

Write the data to file:8388608 bytes
***********WAITING************

Write the data to file:8388608 bytes
***********WAITING************

Write the data to file:8388608 bytes
***********WAITING************

Write the data to file:8388608 bytes
***********WAITING************

Write the data to file:8388608 bytes
***********WAITING************

Write the data to file:8388608 bytes
***********WAITING************

Write the data to file:8388608 bytes
***********WAITING************

Write the data to file:8388608 bytes
***********WAITING************

Write the data to file:8388608 bytes
***********WAITING************

Write the data to file:8388608 bytes
***********WAITING************

Write the data to file:8388608 bytes
***********WAITING************

Write the data to file:8388608 bytes
***********WAITING************

Write the data to file:8388608 bytes
***********WAITING************

Write the data to file:8388608 bytes
***********WAITING************

Write the data to file:8388608 bytes
***********WAITING************

Write the data to file:8388608 bytes
***********WAITING************

Write the data to file:8388608 bytes
***********WAITING************

Write the data to file:8388608 bytes
***********WAITING************

Write the data to file:8388608 bytes
***********WAITING************

Write the data to file:8388608 bytes
***********WAITING************

Write the data to file:8388608 bytes
***********WAITING************

Write the data to file:8388608 bytes
***********WAITING************

Write the data to file:8388608 bytes
***********WAITING************

Write the data to file:8388608 bytes
***********WAITING************

Write the data to file:8388608 bytes
***********WAITING************

Write the data to file:8388608 bytes
***********WAITING************

Write the data to file:8388608 bytes
***********WAITING************

Write the data to file:8388608 bytes
***********WAITING************

Write the data to file:8388608 bytes
***********WAITING************

Write the data to file:8388608 bytes
***********WAITING************

Write the data to file:8388608 bytes
***********WAITING************

Write the data to file:8388608 bytes
***********WAITING************

Write the data to file:8388608 bytes
***********WAITING************

Write the data to file:8388608 bytes
***********WAITING************

Write the data to file:8388608 bytes
***********WAITING************

Write the data to file:8388608 bytes
***********WAITING************

Write the data to file:8388608 bytes
***********WAITING************

Write the data to file:8388608 bytes
***********WAITING************

Write the data to file:8388608 bytes
***********WAITING************

Write the data to file:8388608 bytes
***********WAITING************

Write the data to file:8388608 bytes
***********WAITING************

Write the data to file:8388608 bytes
***********WAITING************

Write the data to file:8388608 bytes
***********WAITING************

Write the data to file:8388608 bytes
***********WAITING************

Write the data to file:8388608 bytes
***********WAITING************

Write the data to file:8388608 bytes
***********WAITING************

Write the data to file:8388608 bytes
***********WAITING************

Write the data to file:8388608 bytes
***********WAITING************

Write the data to file:8388608 bytes
***********WAITING************

Write the data to file:8388608 bytes
***********WAITING************

Write the data to file:8388608 bytes
***********WAITING************

Write the data to file:8388608 bytes
***********WAITING************

Write the data to file:8388608 bytes
***********WAITING************

Write the data to file:8388608 bytes
***********WAITING************

Write the data to file:8388608 bytes
***********WAITING************

Write the data to file:8388608 bytes
***********WAITING************

Write the data to file:8388608 bytes
***********WAITING************

Write the data to file:8388608 bytes
***********WAITING************

Write the data to file:8388608 bytes
***********WAITING************

Write the data to file:8388608 bytes
***********WAITING************

Write the data to file:8388608 bytes
***********WAITING************

Write the data to file:8388608 bytes
***********WAITING************

Write the data to file:8388608 bytes
***********WAITING************

Write the data to file:8388608 bytes
***********WAITING************

Write the data to file:8388608 bytes
***********WAITING************

Write the data to file:8388608 bytes
***********WAITING************

Write the data to file:8388608 bytes
***********WAITING************

Write the data to file:8388608 bytes
***********WAITING************

Write the data to file:8388608 bytes
***********WAITING************

Write the data to file:8388608 bytes
***********WAITING************

Write the data to file:8388608 bytes
***********WAITING************

Write the data to file:8388608 bytes
***********WAITING************

Write the data to file:8388608 bytes
***********WAITING************

Write the data to file:8388608 bytes
***********WAITING************

Write the data to file:8388608 bytes
***********WAITING************

Write the data to file:8388608 bytes
***********WAITING************

Write the data to file:8388608 bytes
***********WAITING************

Write the data to file:8388608 bytes
***********WAITING************

Write the data to file:8388608 bytes
***********WAITING************

Write the data to file:8388608 bytes
***********WAITING************

Write the data to file:8388608 bytes
***********WAITING************

Write the data to file:8388608 bytes
***********WAITING************

Write the data to file:8388608 bytes
***********WAITING************

Write the data to file:8388608 bytes
***********WAITING************
S_cc         0.26   [      0.26:      0.26]
S_bw         0.07   [      0.07:      0.07]
S_w          7.08   [      7.08:      7.08]
          -------
S_total      7.41   [      7.41:      7.41]

build_S done
calc_W
build_S done
calc_W
build_S done
calc_W
build_S done
calc_W
nr_of_strided_rec: 2
nr_doubles: 65536
build_S done
calc_W
nr_of_strided_rec: 2
nr_doubles: 65536
build_S done
calc_W
nr_of_strided_rec: 2
nr_doubles: 65536
build_S done
calc_W
nr_of_strided_rec: 2
nr_doubles: 65536
build_S done
calc_W
nr_of_strided_rec: 2
nr_doubles: 65536
build_S done
calc_W
nr_of_strided_rec: 2
nr_doubles: 65536
build_S done
calc_W
nr_of_strided_rec: 2
nr_doubles: 65536
build_S done
calc_W
nr_of_strided_rec: 2
nr_doubles: 65536
build_S done
calc_W
nr_of_strided_rec: 2
nr_doubles: 65536
build_S done
calc_W
nr_of_strided_rec: 2
nr_doubles: 65536
build_S done
calc_W
nr_of_strided_rec: 2
nr_doubles: 65536
build_S done
calc_W
nr_of_strided_rec: 2
nr_doubles: 65536
build_S done
calc_W
nr_of_strided_rec: 2
nr_doubles: 65536
nr_of_strided_rec: 2
nr_doubles: 65536
nr_of_strided_rec: 2
nr_doubles: 65536
nr_of_strided_rec: 2
nr_doubles: 65536
nr_of_strided_rec: 2
nr_doubles: 65536
nr_of_strided_rec: 2
nr_doubles: 65536
nr_of_strided_rec: 2
nr_doubles: 65536
nr_of_strided_rec: 2
nr_doubles: 65536
nr_of_strided_rec: 2
nr_doubles: 65536
nr_of_strided_rec: 2
nr_doubles: 65536
nr_of_strided_rec: 2
nr_doubles: 65536
nr_of_strided_rec: 2
nr_doubles: 65536
nr_of_strided_rec: 2
nr_doubles: 65536
nr_of_strided_rec: 2
nr_doubles: 65536
nr_of_strided_rec: 2
nr_doubles: 65536
nr_of_strided_rec: 2
nr_doubles: 65536
nr_of_strided_rec: 2
nr_doubles: 65536
nr_of_strided_rec: 2
nr_doubles: 65536
nr_of_strided_rec: 2
nr_doubles: 65536
nr_of_strided_rec: 2
nr_doubles: 65536

Write the data to file:8388608 bytes
***********WAITING************

Write the data to file:8388608 bytes
***********WAITING************

Write the data to file:8388608 bytes
***********WAITING************

Write the data to file:8388608 bytes
***********WAITING************

Write the data to file:8388608 bytes
***********WAITING************

Write the data to file:8388608 bytes
***********WAITING************

Write the data to file:8388608 bytes
***********WAITING************

Write the data to file:8388608 bytes
***********WAITING************

Write the data to file:8388608 bytes
***********WAITING************

Write the data to file:8388608 bytes
***********WAITING************

Write the data to file:8388608 bytes
***********WAITING************

Write the data to file:8388608 bytes
***********WAITING************

Write the data to file:8388608 bytes
***********WAITING************

Write the data to file:8388608 bytes
***********WAITING************

Write the data to file:8388608 bytes
***********WAITING************

Write the data to file:8388608 bytes
***********WAITING************
nr_of_strided_rec: 2
nr_doubles: 65536
nr_of_strided_rec: 2
nr_doubles: 65536
nr_of_strided_rec: 2
nr_doubles: 65536
nr_of_strided_rec: 2
nr_doubles: 65536
nr_of_strided_rec: 2
nr_doubles: 65536
nr_of_strided_rec: 2
nr_doubles: 65536
nr_of_strided_rec: 2
nr_doubles: 65536
nr_of_strided_rec: 2
nr_doubles: 65536
nr_of_strided_rec: 2
nr_doubles: 65536
nr_of_strided_rec: 2
nr_doubles: 65536
nr_of_strided_rec: 2
nr_doubles: 65536
nr_of_strided_rec: 2
nr_doubles: 65536
nr_of_strided_rec: 2
nr_doubles: 65536
nr_of_strided_rec: 2
nr_doubles: 65536
nr_of_strided_rec: 2
nr_doubles: 65536
nr_of_strided_rec: 2
nr_doubles: 65536

Write the data to file:8388608 bytes
***********WAITING************

Write the data to file:8388608 bytes
***********WAITING************

Write the data to file:8388608 bytes
***********WAITING************

Write the data to file:8388608 bytes
***********WAITING************

Write the data to file:8388608 bytes
***********WAITING************

Write the data to file:8388608 bytes
***********WAITING************

Write the data to file:8388608 bytes
***********WAITING************

Write the data to file:8388608 bytes
***********WAITING************

Write the data to file:8388608 bytes
***********WAITING************

Write the data to file:8388608 bytes
***********WAITING************

Write the data to file:8388608 bytes
***********WAITING************

Write the data to file:8388608 bytes
***********WAITING************

Write the data to file:8388608 bytes
***********WAITING************

Write the data to file:8388608 bytes
***********WAITING************

Write the data to file:8388608 bytes
***********WAITING************

Write the data to file:8388608 bytes
***********WAITING************
nr_of_strided_rec: 2
nr_doubles: 65536
nr_of_strided_rec: 2
nr_doubles: 65536
nr_of_strided_rec: 2
nr_doubles: 65536
nr_of_strided_rec: 2
nr_doubles: 65536
nr_of_strided_rec: 2
nr_doubles: 65536
nr_of_strided_rec: 2
nr_doubles: 65536
nr_of_strided_rec: 2
nr_doubles: 65536
nr_of_strided_rec: 2
nr_doubles: 65536
nr_of_strided_rec: 2
nr_doubles: 65536
nr_of_strided_rec: 2
nr_doubles: 65536
nr_of_strided_rec: 2
nr_doubles: 65536
nr_of_strided_rec: 2
nr_doubles: 65536
nr_of_strided_rec: 2
nr_doubles: 65536
nr_of_strided_rec: 2
nr_doubles: 65536
nr_of_strided_rec: 2
nr_doubles: 65536
nr_of_strided_rec: 2
nr_doubles: 65536

Write the data to file:8388608 bytes
***********WAITING************

Write the data to file:8388608 bytes
***********WAITING************

Write the data to file:8388608 bytes
***********WAITING************

Write the data to file:8388608 bytes
***********WAITING************

Write the data to file:8388608 bytes
***********WAITING************

Write the data to file:8388608 bytes
***********WAITING************

Write the data to file:8388608 bytes
***********WAITING************

Write the data to file:8388608 bytes
***********WAITING************

Write the data to file:8388608 bytes
***********WAITING************

Write the data to file:8388608 bytes
***********WAITING************

Write the data to file:8388608 bytes
***********WAITING************

Write the data to file:8388608 bytes
***********WAITING************

Write the data to file:8388608 bytes
***********WAITING************

Write the data to file:8388608 bytes
***********WAITING************

Write the data to file:8388608 bytes
***********WAITING************

Write the data to file:8388608 bytes
***********WAITING************
nr_of_strided_rec: 2
nr_doubles: 65536
nr_of_strided_rec: 2
nr_doubles: 65536
nr_of_strided_rec: 2
nr_doubles: 65536
nr_of_strided_rec: 2
nr_doubles: 65536
nr_of_strided_rec: 2
nr_doubles: 65536
nr_of_strided_rec: 2
nr_doubles: 65536
nr_of_strided_rec: 2
nr_doubles: 65536
nr_of_strided_rec: 2
nr_doubles: 65536
nr_of_strided_rec: 2
nr_doubles: 65536
nr_of_strided_rec: 2
nr_doubles: 65536
nr_of_strided_rec: 2
nr_doubles: 65536
nr_of_strided_rec: 2
nr_doubles: 65536
nr_of_strided_rec: 2
nr_doubles: 65536
nr_of_strided_rec: 2
nr_doubles: 65536
nr_of_strided_rec: 2
nr_doubles: 65536
nr_of_strided_rec: 2
nr_doubles: 65536

Write the data to file:8388608 bytes
***********WAITING************

Write the data to file:8388608 bytes
***********WAITING************

Write the data to file:8388608 bytes
***********WAITING************

Write the data to file:8388608 bytes
***********WAITING************

Write the data to file:8388608 bytes
***********WAITING************

Write the data to file:8388608 bytes
***********WAITING************

Write the data to file:8388608 bytes
***********WAITING************

Write the data to file:8388608 bytes
***********WAITING************

Write the data to file:8388608 bytes
***********WAITING************

Write the data to file:8388608 bytes
***********WAITING************

Write the data to file:8388608 bytes
***********WAITING************

Write the data to file:8388608 bytes
***********WAITING************

Write the data to file:8388608 bytes
***********WAITING************

Write the data to file:8388608 bytes
***********WAITING************

Write the data to file:8388608 bytes
***********WAITING************

Write the data to file:8388608 bytes
***********WAITING************
nr_of_strided_rec: 2
nr_doubles: 65536
nr_of_strided_rec: 2
nr_doubles: 65536
nr_of_strided_rec: 2
nr_doubles: 65536
nr_of_strided_rec: 2
nr_doubles: 65536
nr_of_strided_rec: 2
nr_doubles: 65536
nr_of_strided_rec: 2
nr_doubles: 65536
nr_of_strided_rec: 2
nr_doubles: 65536
nr_of_strided_rec: 2
nr_doubles: 65536
nr_of_strided_rec: 2
nr_doubles: 65536
nr_of_strided_rec: 2
nr_doubles: 65536
nr_of_strided_rec: 2
nr_doubles: 65536
nr_of_strided_rec: 2
nr_doubles: 65536
nr_of_strided_rec: 2
nr_doubles: 65536
nr_of_strided_rec: 2
nr_doubles: 65536
nr_of_strided_rec: 2
nr_doubles: 65536
nr_of_strided_rec: 2
nr_doubles: 65536

Write the data to file:8388608 bytes
***********WAITING************

Write the data to file:8388608 bytes
***********WAITING************

Write the data to file:8388608 bytes
***********WAITING************

Write the data to file:8388608 bytes
***********WAITING************

Write the data to file:8388608 bytes
***********WAITING************

Write the data to file:8388608 bytes
***********WAITING************

Write the data to file:8388608 bytes
***********WAITING************

Write the data to file:8388608 bytes
***********WAITING************

Write the data to file:8388608 bytes
***********WAITING************

Write the data to file:8388608 bytes
***********WAITING************

Write the data to file:8388608 bytes
***********WAITING************

Write the data to file:8388608 bytes
***********WAITING************

Write the data to file:8388608 bytes
***********WAITING************

Write the data to file:8388608 bytes
***********WAITING************

Write the data to file:8388608 bytes
***********WAITING************

Write the data to file:8388608 bytes
***********WAITING************
nr_of_strided_rec: 2
nr_doubles: 65536
nr_of_strided_rec: 2
nr_doubles: 65536
nr_of_strided_rec: 2
nr_doubles: 65536
nr_of_strided_rec: 2
nr_doubles: 65536
nr_of_strided_rec: 2
nr_doubles: 65536
nr_of_strided_rec: 2
nr_doubles: 65536
nr_of_strided_rec: 2
nr_doubles: 65536
nr_of_strided_rec: 2
nr_doubles: 65536
nr_of_strided_rec: 2
nr_doubles: 65536
nr_of_strided_rec: 2
nr_doubles: 65536
nr_of_strided_rec: 2
nr_doubles: 65536
nr_of_strided_rec: 2
nr_doubles: 65536
nr_of_strided_rec: 2
nr_doubles: 65536
nr_of_strided_rec: 2
nr_doubles: 65536
nr_of_strided_rec: 2
nr_doubles: 65536
nr_of_strided_rec: 2
nr_doubles: 65536

Write the data to file:8388608 bytes
***********WAITING************

Write the data to file:8388608 bytes
***********WAITING************

Write the data to file:8388608 bytes
***********WAITING************

Write the data to file:8388608 bytes
***********WAITING************

Write the data to file:8388608 bytes
***********WAITING************

Write the data to file:8388608 bytes
***********WAITING************

Write the data to file:8388608 bytes
***********WAITING************

Write the data to file:8388608 bytes
***********WAITING************

Write the data to file:8388608 bytes
***********WAITING************

Write the data to file:8388608 bytes
***********WAITING************

Write the data to file:8388608 bytes
***********WAITING************

Write the data to file:8388608 bytes
***********WAITING************

Write the data to file:8388608 bytes
***********WAITING************

Write the data to file:8388608 bytes
***********WAITING************

Write the data to file:8388608 bytes
***********WAITING************

Write the data to file:8388608 bytes
***********WAITING************
nr_of_strided_rec: 2
nr_doubles: 65536
nr_of_strided_rec: 2
nr_doubles: 65536
nr_of_strided_rec: 2
nr_doubles: 65536
nr_of_strided_rec: 2
nr_doubles: 65536
nr_of_strided_rec: 2
nr_doubles: 65536
nr_of_strided_rec: 2
nr_doubles: 65536
nr_of_strided_rec: 2
nr_doubles: 65536
nr_of_strided_rec: 2
nr_doubles: 65536
nr_of_strided_rec: 2
nr_doubles: 65536
nr_of_strided_rec: 2
nr_doubles: 65536
nr_of_strided_rec: 2
nr_doubles: 65536
nr_of_strided_rec: 2
nr_doubles: 65536
nr_of_strided_rec: 2
nr_doubles: 65536
nr_of_strided_rec: 2
nr_doubles: 65536
nr_of_strided_rec: 2
nr_doubles: 65536
nr_of_strided_rec: 2
nr_doubles: 65536

Write the data to file:8388608 bytes
***********WAITING************

Write the data to file:8388608 bytes
***********WAITING************

Write the data to file:8388608 bytes
***********WAITING************

Write the data to file:8388608 bytes
***********WAITING************

Write the data to file:8388608 bytes
***********WAITING************

Write the data to file:8388608 bytes
***********WAITING************

Write the data to file:8388608 bytes
***********WAITING************

Write the data to file:8388608 bytes
***********WAITING************

Write the data to file:8388608 bytes
***********WAITING************

Write the data to file:8388608 bytes
***********WAITING************

Write the data to file:8388608 bytes
***********WAITING************

Write the data to file:8388608 bytes
***********WAITING************

Write the data to file:8388608 bytes
***********WAITING************

Write the data to file:8388608 bytes
***********WAITING************

Write the data to file:8388608 bytes
***********WAITING************

Write the data to file:8388608 bytes
***********WAITING************
nr_of_strided_rec: 2
nr_doubles: 65536
nr_of_strided_rec: 2
nr_doubles: 65536
nr_of_strided_rec: 2
nr_doubles: 65536
nr_of_strided_rec: 2
nr_doubles: 65536
nr_of_strided_rec: 2
nr_doubles: 65536
nr_of_strided_rec: 2
nr_doubles: 65536
nr_of_strided_rec: 2
nr_doubles: 65536
nr_of_strided_rec: 2
nr_doubles: 65536
nr_of_strided_rec: 2
nr_doubles: 65536
nr_of_strided_rec: 2
nr_doubles: 65536
nr_of_strided_rec: 2
nr_doubles: 65536
nr_of_strided_rec: 2
nr_doubles: 65536
nr_of_strided_rec: 2
nr_doubles: 65536
nr_of_strided_rec: 2
nr_doubles: 65536
nr_of_strided_rec: 2
nr_doubles: 65536
nr_of_strided_rec: 2
nr_doubles: 65536

Write the data to file:8388608 bytes
***********WAITING************

Write the data to file:8388608 bytes
***********WAITING************

Write the data to file:8388608 bytes
***********WAITING************

Write the data to file:8388608 bytes
***********WAITING************

Write the data to file:8388608 bytes
***********WAITING************

Write the data to file:8388608 bytes
***********WAITING************

Write the data to file:8388608 bytes
***********WAITING************

Write the data to file:8388608 bytes
***********WAITING************

Write the data to file:8388608 bytes
***********WAITING************

Write the data to file:8388608 bytes
***********WAITING************

Write the data to file:8388608 bytes
***********WAITING************

Write the data to file:8388608 bytes
***********WAITING************

Write the data to file:8388608 bytes
***********WAITING************

Write the data to file:8388608 bytes
***********WAITING************

Write the data to file:8388608 bytes
***********WAITING************

Write the data to file:8388608 bytes
***********WAITING************
nr_of_strided_rec: 2
nr_doubles: 65536
nr_of_strided_rec: 2
nr_doubles: 65536
nr_of_strided_rec: 2
nr_doubles: 65536
nr_of_strided_rec: 2
nr_doubles: 65536
nr_of_strided_rec: 2
nr_doubles: 65536
nr_of_strided_rec: 2
nr_doubles: 65536
nr_of_strided_rec: 2
nr_doubles: 65536
nr_of_strided_rec: 2
nr_doubles: 65536
nr_of_strided_rec: 2
nr_doubles: 65536
nr_of_strided_rec: 2
nr_doubles: 65536
nr_of_strided_rec: 2
nr_doubles: 65536
nr_of_strided_rec: 2
nr_doubles: 65536
nr_of_strided_rec: 2
nr_doubles: 65536
nr_of_strided_rec: 2
nr_doubles: 65536
nr_of_strided_rec: 2
nr_doubles: 65536
nr_of_strided_rec: 2
nr_doubles: 65536

Write the data to file:8388608 bytes
***********WAITING************

Write the data to file:8388608 bytes
***********WAITING************

Write the data to file:8388608 bytes
***********WAITING************

Write the data to file:8388608 bytes
***********WAITING************

Write the data to file:8388608 bytes
***********WAITING************

Write the data to file:8388608 bytes
***********WAITING************

Write the data to file:8388608 bytes
***********WAITING************

Write the data to file:8388608 bytes
***********WAITING************

Write the data to file:8388608 bytes
***********WAITING************

Write the data to file:8388608 bytes
***********WAITING************

Write the data to file:8388608 bytes
***********WAITING************

Write the data to file:8388608 bytes
***********WAITING************

Write the data to file:8388608 bytes
***********WAITING************

Write the data to file:8388608 bytes
***********WAITING************

Write the data to file:8388608 bytes
***********WAITING************

Write the data to file:8388608 bytes
***********WAITING************
nr_of_strided_rec: 2
nr_doubles: 65536
nr_of_strided_rec: 2
nr_doubles: 65536
nr_of_strided_rec: 2
nr_doubles: 65536
nr_of_strided_rec: 2
nr_doubles: 65536
nr_of_strided_rec: 2
nr_doubles: 65536
nr_of_strided_rec: 2
nr_doubles: 65536
nr_of_strided_rec: 2
nr_doubles: 65536
nr_of_strided_rec: 2
nr_doubles: 65536
nr_of_strided_rec: 2
nr_doubles: 65536
nr_of_strided_rec: 2
nr_doubles: 65536
nr_of_strided_rec: 2
nr_doubles: 65536
nr_of_strided_rec: 2
nr_doubles: 65536
nr_of_strided_rec: 2
nr_doubles: 65536
nr_of_strided_rec: 2
nr_doubles: 65536
nr_of_strided_rec: 2
nr_doubles: 65536
nr_of_strided_rec: 2
nr_doubles: 65536

Write the data to file:8388608 bytes
***********WAITING************

Write the data to file:8388608 bytes
***********WAITING************

Write the data to file:8388608 bytes
***********WAITING************

Write the data to file:8388608 bytes
***********WAITING************

Write the data to file:8388608 bytes
***********WAITING************

Write the data to file:8388608 bytes
***********WAITING************

Write the data to file:8388608 bytes
***********WAITING************

Write the data to file:8388608 bytes
***********WAITING************

Write the data to file:8388608 bytes
***********WAITING************

Write the data to file:8388608 bytes
***********WAITING************

Write the data to file:8388608 bytes
***********WAITING************

Write the data to file:8388608 bytes
***********WAITING************

Write the data to file:8388608 bytes
***********WAITING************

Write the data to file:8388608 bytes
***********WAITING************

Write the data to file:8388608 bytes
***********WAITING************

Write the data to file:8388608 bytes
***********WAITING************
nr_of_strided_rec: 2
nr_doubles: 65536
nr_of_strided_rec: 2
nr_doubles: 65536
nr_of_strided_rec: 2
nr_doubles: 65536
nr_of_strided_rec: 2
nr_doubles: 65536
nr_of_strided_rec: 2
nr_doubles: 65536
nr_of_strided_rec: 2
nr_doubles: 65536
nr_of_strided_rec: 2
nr_doubles: 65536
nr_of_strided_rec: 2
nr_doubles: 65536
nr_of_strided_rec: 2
nr_doubles: 65536
nr_of_strided_rec: 2
nr_doubles: 65536
nr_of_strided_rec: 2
nr_doubles: 65536
nr_of_strided_rec: 2
nr_doubles: 65536
nr_of_strided_rec: 2
nr_doubles: 65536
nr_of_strided_rec: 2
nr_doubles: 65536
nr_of_strided_rec: 2
nr_doubles: 65536
nr_of_strided_rec: 2
nr_doubles: 65536

Write the data to file:8388608 bytes
***********WAITING************

Write the data to file:8388608 bytes
***********WAITING************

Write the data to file:8388608 bytes
***********WAITING************

Write the data to file:8388608 bytes
***********WAITING************

Write the data to file:8388608 bytes
***********WAITING************

Write the data to file:8388608 bytes
***********WAITING************

Write the data to file:8388608 bytes
***********WAITING************

Write the data to file:8388608 bytes
***********WAITING************

Write the data to file:8388608 bytes
***********WAITING************

Write the data to file:8388608 bytes
***********WAITING************

Write the data to file:8388608 bytes
***********WAITING************

Write the data to file:8388608 bytes
***********WAITING************

Write the data to file:8388608 bytes
***********WAITING************

Write the data to file:8388608 bytes
***********WAITING************

Write the data to file:8388608 bytes
***********WAITING************

Write the data to file:8388608 bytes
***********WAITING************
nr_of_strided_rec: 2
nr_doubles: 65536
nr_of_strided_rec: 2
nr_doubles: 65536
nr_of_strided_rec: 2
nr_doubles: 65536
nr_of_strided_rec: 2
nr_doubles: 65536
nr_of_strided_rec: 2
nr_doubles: 65536
nr_of_strided_rec: 2
nr_doubles: 65536
nr_of_strided_rec: 2
nr_doubles: 65536
nr_of_strided_rec: 2
nr_doubles: 65536
nr_of_strided_rec: 2
nr_doubles: 65536
nr_of_strided_rec: 2
nr_doubles: 65536
nr_of_strided_rec: 2
nr_doubles: 65536
nr_of_strided_rec: 2
nr_doubles: 65536
nr_of_strided_rec: 2
nr_doubles: 65536
nr_of_strided_rec: 2
nr_doubles: 65536
nr_of_strided_rec: 2
nr_doubles: 65536
nr_of_strided_rec: 2
nr_doubles: 65536

Write the data to file:8388608 bytes
***********WAITING************

Write the data to file:8388608 bytes
***********WAITING************

Write the data to file:8388608 bytes
***********WAITING************

Write the data to file:8388608 bytes
***********WAITING************

Write the data to file:8388608 bytes
***********WAITING************

Write the data to file:8388608 bytes
***********WAITING************

Write the data to file:8388608 bytes
***********WAITING************

Write the data to file:8388608 bytes
***********WAITING************

Write the data to file:8388608 bytes
***********WAITING************

Write the data to file:8388608 bytes
***********WAITING************

Write the data to file:8388608 bytes
***********WAITING************

Write the data to file:8388608 bytes
***********WAITING************

Write the data to file:8388608 bytes
***********WAITING************

Write the data to file:8388608 bytes
***********WAITING************

Write the data to file:8388608 bytes
***********WAITING************

Write the data to file:8388608 bytes
***********WAITING************
nr_of_strided_rec: 2
nr_doubles: 65536
nr_of_strided_rec: 2
nr_doubles: 65536
nr_of_strided_rec: 2
nr_doubles: 65536
nr_of_strided_rec: 2
nr_doubles: 65536
nr_of_strided_rec: 2
nr_doubles: 65536
nr_of_strided_rec: 2
nr_doubles: 65536
nr_of_strided_rec: 2
nr_doubles: 65536
nr_of_strided_rec: 2
nr_doubles: 65536
nr_of_strided_rec: 2
nr_doubles: 65536
nr_of_strided_rec: 2
nr_doubles: 65536
nr_of_strided_rec: 2
nr_doubles: 65536
nr_of_strided_rec: 2
nr_doubles: 65536
nr_of_strided_rec: 2
nr_doubles: 65536
nr_of_strided_rec: 2
nr_doubles: 65536
nr_of_strided_rec: 2
nr_doubles: 65536
nr_of_strided_rec: 2
nr_doubles: 65536

Write the data to file:8388608 bytes
***********WAITING************

Write the data to file:8388608 bytes
***********WAITING************

Write the data to file:8388608 bytes
***********WAITING************

Write the data to file:8388608 bytes
***********WAITING************

Write the data to file:8388608 bytes
***********WAITING************

Write the data to file:8388608 bytes
***********WAITING************

Write the data to file:8388608 bytes
***********WAITING************

Write the data to file:8388608 bytes
***********WAITING************

Write the data to file:8388608 bytes
***********WAITING************

Write the data to file:8388608 bytes
***********WAITING************

Write the data to file:8388608 bytes
***********WAITING************

Write the data to file:8388608 bytes
***********WAITING************

Write the data to file:8388608 bytes
***********WAITING************

Write the data to file:8388608 bytes
***********WAITING************

Write the data to file:8388608 bytes
***********WAITING************

Write the data to file:8388608 bytes
***********WAITING************
nr_of_strided_rec: 2
nr_doubles: 65536
nr_of_strided_rec: 2
nr_doubles: 65536
nr_of_strided_rec: 2
nr_doubles: 65536
nr_of_strided_rec: 2
nr_doubles: 65536
nr_of_strided_rec: 2
nr_doubles: 65536
nr_of_strided_rec: 2
nr_doubles: 65536
nr_of_strided_rec: 2
nr_doubles: 65536
nr_of_strided_rec: 2
nr_doubles: 65536
nr_of_strided_rec: 2
nr_doubles: 65536
nr_of_strided_rec: 2
nr_doubles: 65536
nr_of_strided_rec: 2
nr_doubles: 65536
nr_of_strided_rec: 2
nr_doubles: 65536
nr_of_strided_rec: 2
nr_doubles: 65536
nr_of_strided_rec: 2
nr_doubles: 65536
nr_of_strided_rec: 2
nr_doubles: 65536
nr_of_strided_rec: 2
nr_doubles: 65536

Write the data to file:8388608 bytes
***********WAITING************

Write the data to file:8388608 bytes
***********WAITING************

Write the data to file:8388608 bytes
***********WAITING************

Write the data to file:8388608 bytes
***********WAITING************

Write the data to file:8388608 bytes
***********WAITING************

Write the data to file:8388608 bytes
***********WAITING************

Write the data to file:8388608 bytes
***********WAITING************

Write the data to file:8388608 bytes
***********WAITING************

Write the data to file:8388608 bytes
***********WAITING************

Write the data to file:8388608 bytes
***********WAITING************

Write the data to file:8388608 bytes
***********WAITING************

Write the data to file:8388608 bytes
***********WAITING************

Write the data to file:8388608 bytes
***********WAITING************

Write the data to file:8388608 bytes
***********WAITING************

Write the data to file:8388608 bytes
***********WAITING************

Write the data to file:8388608 bytes
***********WAITING************
nr_of_strided_rec: 2
nr_doubles: 65536
nr_of_strided_rec: 2
nr_doubles: 65536
nr_of_strided_rec: 2
nr_doubles: 65536
nr_of_strided_rec: 2
nr_doubles: 65536
nr_of_strided_rec: 2
nr_doubles: 65536
nr_of_strided_rec: 2
nr_doubles: 65536
nr_of_strided_rec: 2
nr_doubles: 65536
nr_of_strided_rec: 2
nr_doubles: 65536
nr_of_strided_rec: 2
nr_doubles: 65536
nr_of_strided_rec: 2
nr_doubles: 65536
nr_of_strided_rec: 2
nr_doubles: 65536
nr_of_strided_rec: 2
nr_doubles: 65536
nr_of_strided_rec: 2
nr_doubles: 65536
nr_of_strided_rec: 2
nr_doubles: 65536
nr_of_strided_rec: 2
nr_doubles: 65536
nr_of_strided_rec: 2
nr_doubles: 65536

Write the data to file:8388608 bytes
***********WAITING************

Write the data to file:8388608 bytes
***********WAITING************

Write the data to file:8388608 bytes
***********WAITING************

Write the data to file:8388608 bytes
***********WAITING************

Write the data to file:8388608 bytes
***********WAITING************

Write the data to file:8388608 bytes
***********WAITING************

Write the data to file:8388608 bytes
***********WAITING************

Write the data to file:8388608 bytes
***********WAITING************

Write the data to file:8388608 bytes
***********WAITING************

Write the data to file:8388608 bytes
***********WAITING************

Write the data to file:8388608 bytes
***********WAITING************

Write the data to file:8388608 bytes
***********WAITING************

Write the data to file:8388608 bytes
***********WAITING************

Write the data to file:8388608 bytes
***********WAITING************

Write the data to file:8388608 bytes
***********WAITING************

Write the data to file:8388608 bytes
***********WAITING************
nr_of_strided_rec: 2
nr_doubles: 65536
nr_of_strided_rec: 2
nr_doubles: 65536
nr_of_strided_rec: 2
nr_doubles: 65536
nr_of_strided_rec: 2
nr_doubles: 65536
nr_of_strided_rec: 2
nr_doubles: 65536
nr_of_strided_rec: 2
nr_doubles: 65536
nr_of_strided_rec: 2
nr_doubles: 65536
nr_of_strided_rec: 2
nr_doubles: 65536
nr_of_strided_rec: 2
nr_doubles: 65536
nr_of_strided_rec: 2
nr_doubles: 65536
nr_of_strided_rec: 2
nr_doubles: 65536
nr_of_strided_rec: 2
nr_doubles: 65536
nr_of_strided_rec: 2
nr_doubles: 65536
nr_of_strided_rec: 2
nr_doubles: 65536
nr_of_strided_rec: 2
nr_doubles: 65536
nr_of_strided_rec: 2
nr_doubles: 65536

Write the data to file:8388608 bytes
***********WAITING************

Write the data to file:8388608 bytes
***********WAITING************

Write the data to file:8388608 bytes
***********WAITING************

Write the data to file:8388608 bytes
***********WAITING************

Write the data to file:8388608 bytes
***********WAITING************

Write the data to file:8388608 bytes
***********WAITING************

Write the data to file:8388608 bytes
***********WAITING************

Write the data to file:8388608 bytes
***********WAITING************

Write the data to file:8388608 bytes
***********WAITING************

Write the data to file:8388608 bytes
***********WAITING************

Write the data to file:8388608 bytes
***********WAITING************

Write the data to file:8388608 bytes
***********WAITING************

Write the data to file:8388608 bytes
***********WAITING************

Write the data to file:8388608 bytes
***********WAITING************

Write the data to file:8388608 bytes
***********WAITING************

Write the data to file:8388608 bytes
***********WAITING************
nr_of_strided_rec: 2
nr_doubles: 65536
nr_of_strided_rec: 2
nr_doubles: 65536
nr_of_strided_rec: 2
nr_doubles: 65536
nr_of_strided_rec: 2
nr_doubles: 65536
nr_of_strided_rec: 2
nr_doubles: 65536
nr_of_strided_rec: 2
nr_doubles: 65536
nr_of_strided_rec: 2
nr_doubles: 65536
nr_of_strided_rec: 2
nr_doubles: 65536
nr_of_strided_rec: 2
nr_doubles: 65536
nr_of_strided_rec: 2
nr_doubles: 65536
nr_of_strided_rec: 2
nr_doubles: 65536
nr_of_strided_rec: 2
nr_doubles: 65536
nr_of_strided_rec: 2
nr_doubles: 65536
nr_of_strided_rec: 2
nr_doubles: 65536
nr_of_strided_rec: 2
nr_doubles: 65536
nr_of_strided_rec: 2
nr_doubles: 65536

Write the data to file:8388608 bytes
***********WAITING************

Write the data to file:8388608 bytes
***********WAITING************

Write the data to file:8388608 bytes
***********WAITING************

Write the data to file:8388608 bytes
***********WAITING************

Write the data to file:8388608 bytes
***********WAITING************

Write the data to file:8388608 bytes
***********WAITING************

Write the data to file:8388608 bytes
***********WAITING************

Write the data to file:8388608 bytes
***********WAITING************

Write the data to file:8388608 bytes
***********WAITING************

Write the data to file:8388608 bytes
***********WAITING************

Write the data to file:8388608 bytes
***********WAITING************

Write the data to file:8388608 bytes
***********WAITING************

Write the data to file:8388608 bytes
***********WAITING************

Write the data to file:8388608 bytes
***********WAITING************

Write the data to file:8388608 bytes
***********WAITING************

Write the data to file:8388608 bytes
***********WAITING************
nr_of_strided_rec: 2
nr_doubles: 65536
nr_of_strided_rec: 2
nr_doubles: 65536
nr_of_strided_rec: 2
nr_doubles: 65536
nr_of_strided_rec: 2
nr_doubles: 65536
nr_of_strided_rec: 2
nr_doubles: 65536
nr_of_strided_rec: 2
nr_doubles: 65536
nr_of_strided_rec: 2
nr_doubles: 65536
nr_of_strided_rec: 2
nr_doubles: 65536
nr_of_strided_rec: 2
nr_doubles: 65536
nr_of_strided_rec: 2
nr_doubles: 65536
nr_of_strided_rec: 2
nr_doubles: 65536
nr_of_strided_rec: 2
nr_doubles: 65536
nr_of_strided_rec: 2
nr_doubles: 65536
nr_of_strided_rec: 2
nr_doubles: 65536
nr_of_strided_rec: 2
nr_doubles: 65536
nr_of_strided_rec: 2
nr_doubles: 65536

Write the data to file:8388608 bytes
***********WAITING************

Write the data to file:8388608 bytes
***********WAITING************

Write the data to file:8388608 bytes
***********WAITING************

Write the data to file:8388608 bytes
***********WAITING************

Write the data to file:8388608 bytes
***********WAITING************

Write the data to file:8388608 bytes
***********WAITING************

Write the data to file:8388608 bytes
***********WAITING************

Write the data to file:8388608 bytes
***********WAITING************

Write the data to file:8388608 bytes
***********WAITING************

Write the data to file:8388608 bytes
***********WAITING************

Write the data to file:8388608 bytes
***********WAITING************

Write the data to file:8388608 bytes
***********WAITING************

Write the data to file:8388608 bytes
***********WAITING************

Write the data to file:8388608 bytes
***********WAITING************

Write the data to file:8388608 bytes
***********WAITING************

Write the data to file:8388608 bytes
***********WAITING************
nr_of_strided_rec: 2
nr_doubles: 65536
nr_of_strided_rec: 2
nr_doubles: 65536
nr_of_strided_rec: 2
nr_doubles: 65536
nr_of_strided_rec: 2
nr_doubles: 65536
nr_of_strided_rec: 2
nr_doubles: 65536
nr_of_strided_rec: 2
nr_doubles: 65536
nr_of_strided_rec: 2
nr_doubles: 65536
nr_of_strided_rec: 2
nr_doubles: 65536
nr_of_strided_rec: 2
nr_doubles: 65536
nr_of_strided_rec: 2
nr_doubles: 65536
nr_of_strided_rec: 2
nr_doubles: 65536
nr_of_strided_rec: 2
nr_doubles: 65536
nr_of_strided_rec: 2
nr_doubles: 65536
nr_of_strided_rec: 2
nr_doubles: 65536
nr_of_strided_rec: 2
nr_doubles: 65536
nr_of_strided_rec: 2
nr_doubles: 65536

Write the data to file:8388608 bytes
***********WAITING************

Write the data to file:8388608 bytes
***********WAITING************

Write the data to file:8388608 bytes
***********WAITING************

Write the data to file:8388608 bytes
***********WAITING************

Write the data to file:8388608 bytes
***********WAITING************

Write the data to file:8388608 bytes
***********WAITING************

Write the data to file:8388608 bytes
***********WAITING************

Write the data to file:8388608 bytes
***********WAITING************

Write the data to file:8388608 bytes
***********WAITING************

Write the data to file:8388608 bytes
***********WAITING************

Write the data to file:8388608 bytes
***********WAITING************

Write the data to file:8388608 bytes
***********WAITING************

Write the data to file:8388608 bytes
***********WAITING************

Write the data to file:8388608 bytes
***********WAITING************

Write the data to file:8388608 bytes
***********WAITING************

Write the data to file:8388608 bytes
***********WAITING************
nr_of_strided_rec: 2
nr_doubles: 65536
nr_of_strided_rec: 2
nr_doubles: 65536
nr_of_strided_rec: 2
nr_doubles: 65536
nr_of_strided_rec: 2
nr_doubles: 65536
nr_of_strided_rec: 2
nr_doubles: 65536
nr_of_strided_rec: 2
nr_doubles: 65536
nr_of_strided_rec: 2
nr_doubles: 65536
nr_of_strided_rec: 2
nr_doubles: 65536
nr_of_strided_rec: 2
nr_doubles: 65536
nr_of_strided_rec: 2
nr_doubles: 65536
nr_of_strided_rec: 2
nr_doubles: 65536
nr_of_strided_rec: 2
nr_doubles: 65536
nr_of_strided_rec: 2
nr_doubles: 65536
nr_of_strided_rec: 2
nr_doubles: 65536
nr_of_strided_rec: 2
nr_doubles: 65536
nr_of_strided_rec: 2
nr_doubles: 65536

Write the data to file:8388608 bytes
***********WAITING************

Write the data to file:8388608 bytes
***********WAITING************

Write the data to file:8388608 bytes
***********WAITING************

Write the data to file:8388608 bytes
***********WAITING************

Write the data to file:8388608 bytes
***********WAITING************

Write the data to file:8388608 bytes
***********WAITING************

Write the data to file:8388608 bytes
***********WAITING************

Write the data to file:8388608 bytes
***********WAITING************

Write the data to file:8388608 bytes
***********WAITING************

Write the data to file:8388608 bytes
***********WAITING************

Write the data to file:8388608 bytes
***********WAITING************

Write the data to file:8388608 bytes
***********WAITING************

Write the data to file:8388608 bytes
***********WAITING************

Write the data to file:8388608 bytes
***********WAITING************

Write the data to file:8388608 bytes
***********WAITING************

Write the data to file:8388608 bytes
***********WAITING************
nr_of_strided_rec: 2
nr_doubles: 65536
nr_of_strided_rec: 2
nr_doubles: 65536
nr_of_strided_rec: 2
nr_doubles: 65536
nr_of_strided_rec: 2
nr_doubles: 65536
nr_of_strided_rec: 2
nr_doubles: 65536
nr_of_strided_rec: 2
nr_doubles: 65536
nr_of_strided_rec: 2
nr_doubles: 65536
nr_of_strided_rec: 2
nr_doubles: 65536
nr_of_strided_rec: 2
nr_doubles: 65536
nr_of_strided_rec: 2
nr_doubles: 65536
nr_of_strided_rec: 2
nr_doubles: 65536
nr_of_strided_rec: 2
nr_doubles: 65536
nr_of_strided_rec: 2
nr_doubles: 65536
nr_of_strided_rec: 2
nr_doubles: 65536
nr_of_strided_rec: 2
nr_doubles: 65536
nr_of_strided_rec: 2
nr_doubles: 65536

Write the data to file:8388608 bytes
***********WAITING************

Write the data to file:8388608 bytes
***********WAITING************

Write the data to file:8388608 bytes
***********WAITING************

Write the data to file:8388608 bytes
***********WAITING************

Write the data to file:8388608 bytes
***********WAITING************

Write the data to file:8388608 bytes
***********WAITING************

Write the data to file:8388608 bytes
***********WAITING************

Write the data to file:8388608 bytes
***********WAITING************

Write the data to file:8388608 bytes
***********WAITING************

Write the data to file:8388608 bytes
***********WAITING************

Write the data to file:8388608 bytes
***********WAITING************

Write the data to file:8388608 bytes
***********WAITING************

Write the data to file:8388608 bytes
***********WAITING************

Write the data to file:8388608 bytes
***********WAITING************

Write the data to file:8388608 bytes
***********WAITING************

Write the data to file:8388608 bytes
***********WAITING************
nr_of_strided_rec: 2
nr_doubles: 65536
nr_of_strided_rec: 2
nr_doubles: 65536
nr_of_strided_rec: 2
nr_doubles: 65536
nr_of_strided_rec: 2
nr_doubles: 65536
nr_of_strided_rec: 2
nr_doubles: 65536
nr_of_strided_rec: 2
nr_doubles: 65536
nr_of_strided_rec: 2
nr_doubles: 65536
nr_of_strided_rec: 2
nr_doubles: 65536
nr_of_strided_rec: 2
nr_doubles: 65536
nr_of_strided_rec: 2
nr_doubles: 65536
nr_of_strided_rec: 2
nr_doubles: 65536
nr_of_strided_rec: 2
nr_doubles: 65536
nr_of_strided_rec: 2
nr_doubles: 65536
nr_of_strided_rec: 2
nr_doubles: 65536
nr_of_strided_rec: 2
nr_doubles: 65536
nr_of_strided_rec: 2
nr_doubles: 65536

Write the data to file:8388608 bytes
***********WAITING************

Write the data to file:8388608 bytes
***********WAITING************

Write the data to file:8388608 bytes
***********WAITING************

Write the data to file:8388608 bytes
***********WAITING************

Write the data to file:8388608 bytes
***********WAITING************

Write the data to file:8388608 bytes
***********WAITING************

Write the data to file:8388608 bytes
***********WAITING************

Write the data to file:8388608 bytes
***********WAITING************

Write the data to file:8388608 bytes
***********WAITING************

Write the data to file:8388608 bytes
***********WAITING************

Write the data to file:8388608 bytes
***********WAITING************

Write the data to file:8388608 bytes
***********WAITING************

Write the data to file:8388608 bytes
***********WAITING************

Write the data to file:8388608 bytes
***********WAITING************

Write the data to file:8388608 bytes
***********WAITING************

Write the data to file:8388608 bytes
***********WAITING************
nr_of_strided_rec: 2
nr_doubles: 65536
nr_of_strided_rec: 2
nr_doubles: 65536
nr_of_strided_rec: 2
nr_doubles: 65536
nr_of_strided_rec: 2
nr_doubles: 65536
nr_of_strided_rec: 2
nr_doubles: 65536
nr_of_strided_rec: 2
nr_doubles: 65536
nr_of_strided_rec: 2
nr_doubles: 65536
nr_of_strided_rec: 2
nr_doubles: 65536
nr_of_strided_rec: 2
nr_doubles: 65536
nr_of_strided_rec: 2
nr_doubles: 65536
nr_of_strided_rec: 2
nr_doubles: 65536
nr_of_strided_rec: 2
nr_doubles: 65536
nr_of_strided_rec: 2
nr_of_strided_rec: 2
nr_doubles: 65536
nr_of_strided_rec: 2
nr_doubles: 65536
nr_of_strided_rec: 2
nr_doubles: 65536
nr_doubles: 65536

Write the data to file:8388608 bytes
***********WAITING************

Write the data to file:8388608 bytes
***********WAITING************

Write the data to file:8388608 bytes
***********WAITING************

Write the data to file:8388608 bytes
***********WAITING************

Write the data to file:8388608 bytes
***********WAITING************

Write the data to file:8388608 bytes
***********WAITING************

Write the data to file:8388608 bytes
***********WAITING************

Write the data to file:8388608 bytes
***********WAITING************

Write the data to file:8388608 bytes
***********WAITING************

Write the data to file:8388608 bytes
***********WAITING************

Write the data to file:8388608 bytes
***********WAITING************

Write the data to file:8388608 bytes
***********WAITING************

Write the data to file:8388608 bytes
***********WAITING************

Write the data to file:8388608 bytes
***********WAITING************

Write the data to file:8388608 bytes
***********WAITING************

Write the data to file:8388608 bytes
***********WAITING************
nr_of_strided_rec: 2
nr_doubles: 65536
nr_of_strided_rec: 2
nr_doubles: 65536
nr_of_strided_rec: 2
nr_doubles: 65536
nr_of_strided_rec: 2
nr_doubles: 65536
nr_of_strided_rec: 2
nr_doubles: 65536
nr_of_strided_rec: 2
nr_doubles: 65536
nr_of_strided_rec: 2
nr_doubles: 65536
nr_of_strided_rec: 2
nr_doubles: 65536
nr_of_strided_rec: 2
nr_doubles: 65536
nr_of_strided_rec: 2
nr_doubles: 65536
nr_of_strided_rec: 2
nr_doubles: 65536
nr_of_strided_rec: 2
nr_doubles: 65536
nr_of_strided_rec: 2
nr_doubles: 65536
nr_of_strided_rec: 2
nr_doubles: 65536
nr_of_strided_rec: 2
nr_doubles: 65536
nr_of_strided_rec: 2
nr_doubles: 65536

Write the data to file:8388608 bytes
***********WAITING************

Write the data to file:8388608 bytes
***********WAITING************

Write the data to file:8388608 bytes
***********WAITING************

Write the data to file:8388608 bytes
***********WAITING************

Write the data to file:8388608 bytes
***********WAITING************

Write the data to file:8388608 bytes
***********WAITING************

Write the data to file:8388608 bytes
***********WAITING************

Write the data to file:8388608 bytes
***********WAITING************

Write the data to file:8388608 bytes
***********WAITING************

Write the data to file:8388608 bytes
***********WAITING************

Write the data to file:8388608 bytes
***********WAITING************

Write the data to file:8388608 bytes
***********WAITING************

Write the data to file:8388608 bytes
***********WAITING************

Write the data to file:8388608 bytes
***********WAITING************

Write the data to file:8388608 bytes
***********WAITING************

Write the data to file:8388608 bytes
***********WAITING************
nr_of_strided_rec: 2
nr_doubles: 65536
nr_of_strided_rec: 2
nr_doubles: 65536
nr_of_strided_rec: 2
nr_doubles: 65536
nr_of_strided_rec: 2
nr_doubles: 65536
nr_of_strided_rec: 2
nr_doubles: 65536
nr_of_strided_rec: 2
nr_doubles: 65536
nr_of_strided_rec: 2
nr_doubles: 65536
nr_of_strided_rec: 2
nr_doubles: 65536
nr_of_strided_rec: 2
nr_doubles: 65536
nr_of_strided_rec: 2
nr_doubles: 65536
nr_of_strided_rec: 2
nr_doubles: 65536
nr_of_strided_rec: 2
nr_doubles: 65536
nr_of_strided_rec: 2
nr_doubles: 65536
nr_of_strided_rec: 2
nr_doubles: 65536
nr_of_strided_rec: 2
nr_doubles: 65536
nr_of_strided_rec: 2
nr_doubles: 65536

Write the data to file:8388608 bytes
***********WAITING************

Write the data to file:8388608 bytes
***********WAITING************

Write the data to file:8388608 bytes
***********WAITING************

Write the data to file:8388608 bytes
***********WAITING************

Write the data to file:8388608 bytes
***********WAITING************

Write the data to file:8388608 bytes
***********WAITING************

Write the data to file:8388608 bytes
***********WAITING************

Write the data to file:8388608 bytes
***********WAITING************

Write the data to file:8388608 bytes
***********WAITING************

Write the data to file:8388608 bytes
***********WAITING************

Write the data to file:8388608 bytes
***********WAITING************

Write the data to file:8388608 bytes
***********WAITING************

Write the data to file:8388608 bytes
***********WAITING************

Write the data to file:8388608 bytes
***********WAITING************

Write the data to file:8388608 bytes
***********WAITING************

Write the data to file:8388608 bytes
***********WAITING************
nr_of_strided_rec: 2
nr_doubles: 65536
nr_of_strided_rec: 2
nr_doubles: 65536
nr_of_strided_rec: 2
nr_doubles: 65536
nr_of_strided_rec: 2
nr_doubles: 65536
nr_of_strided_rec: 2
nr_doubles: 65536
nr_of_strided_rec: 2
nr_doubles: 65536
nr_of_strided_rec: 2
nr_doubles: 65536
nr_of_strided_rec: 2
nr_doubles: 65536
nr_of_strided_rec: 2
nr_doubles: 65536
nr_of_strided_rec: 2
nr_doubles: 65536
nr_of_strided_rec: 2
nr_doubles: 65536
nr_of_strided_rec: 2
nr_doubles: 65536
nr_of_strided_rec: 2
nr_doubles: 65536
nr_of_strided_rec: 2
nr_doubles: 65536
nr_of_strided_rec: 2
nr_doubles: 65536
nr_of_strided_rec: 2
nr_doubles: 65536

Write the data to file:8388608 bytes
***********WAITING************

Write the data to file:8388608 bytes
***********WAITING************

Write the data to file:8388608 bytes
***********WAITING************

Write the data to file:8388608 bytes
***********WAITING************

Write the data to file:8388608 bytes
***********WAITING************

Write the data to file:8388608 bytes
***********WAITING************

Write the data to file:8388608 bytes
***********WAITING************

Write the data to file:8388608 bytes
***********WAITING************

Write the data to file:8388608 bytes
***********WAITING************

Write the data to file:8388608 bytes
***********WAITING************

Write the data to file:8388608 bytes
***********WAITING************

Write the data to file:8388608 bytes
***********WAITING************

Write the data to file:8388608 bytes
***********WAITING************

Write the data to file:8388608 bytes
***********WAITING************

Write the data to file:8388608 bytes
***********WAITING************

Write the data to file:8388608 bytes
***********WAITING************
nr_of_strided_rec: 2
nr_doubles: 65536
nr_of_strided_rec: 2
nr_doubles: 65536
nr_of_strided_rec: 2
nr_doubles: 65536
nr_of_strided_rec: 2
nr_doubles: 65536
nr_of_strided_rec: 2
nr_doubles: 65536
nr_of_strided_rec: 2
nr_doubles: 65536
nr_of_strided_rec: 2
nr_doubles: 65536
nr_of_strided_rec: 2
nr_doubles: 65536
nr_of_strided_rec: 2
nr_doubles: 65536
nr_of_strided_rec: 2
nr_doubles: 65536
nr_of_strided_rec: 2
nr_doubles: 65536
nr_of_strided_rec: 2
nr_doubles: 65536
nr_of_strided_rec: 2
nr_doubles: 65536
nr_of_strided_rec: 2
nr_doubles: 65536
nr_of_strided_rec: 2
nr_doubles: 65536
nr_of_strided_rec: 2
nr_doubles: 65536

Write the data to file:8388608 bytes
***********WAITING************

Write the data to file:8388608 bytes
***********WAITING************

Write the data to file:8388608 bytes
***********WAITING************

Write the data to file:8388608 bytes
***********WAITING************

Write the data to file:8388608 bytes
***********WAITING************

Write the data to file:8388608 bytes
***********WAITING************

Write the data to file:8388608 bytes
***********WAITING************

Write the data to file:8388608 bytes
***********WAITING************

Write the data to file:8388608 bytes
***********WAITING************

Write the data to file:8388608 bytes
***********WAITING************

Write the data to file:8388608 bytes
***********WAITING************

Write the data to file:8388608 bytes
***********WAITING************

Write the data to file:8388608 bytes
***********WAITING************

Write the data to file:8388608 bytes
***********WAITING************

Write the data to file:8388608 bytes
***********WAITING************

Write the data to file:8388608 bytes
***********WAITING************
nr_of_strided_rec: 2
nr_doubles: 65536
nr_of_strided_rec: 2
nr_doubles: 65536
nr_of_strided_rec: 2
nr_doubles: 65536
nr_of_strided_rec: 2
nr_doubles: 65536
nr_of_strided_rec: 2
nr_doubles: 65536
nr_of_strided_rec: 2
nr_doubles: 65536
nr_of_strided_rec: 2
nr_doubles: 65536
nr_of_strided_rec: 2
nr_doubles: 65536
nr_of_strided_rec: 2
nr_doubles: 65536
nr_of_strided_rec: 2
nr_doubles: 65536
nr_of_strided_rec: 2
nr_doubles: 65536
nr_of_strided_rec: 2
nr_doubles: 65536
nr_of_strided_rec: 2
nr_doubles: 65536
nr_of_strided_rec: 2
nr_doubles: 65536
nr_of_strided_rec: 2
nr_doubles: 65536
nr_of_strided_rec: 2
nr_doubles: 65536

Write the data to file:8388608 bytes
***********WAITING************

Write the data to file:8388608 bytes
***********WAITING************

Write the data to file:8388608 bytes
***********WAITING************

Write the data to file:8388608 bytes
***********WAITING************

Write the data to file:8388608 bytes
***********WAITING************

Write the data to file:8388608 bytes
***********WAITING************

Write the data to file:8388608 bytes
***********WAITING************

Write the data to file:8388608 bytes
***********WAITING************

Write the data to file:8388608 bytes
***********WAITING************

Write the data to file:8388608 bytes
***********WAITING************

Write the data to file:8388608 bytes
***********WAITING************

Write the data to file:8388608 bytes
***********WAITING************

Write the data to file:8388608 bytes
***********WAITING************

Write the data to file:8388608 bytes
***********WAITING************

Write the data to file:8388608 bytes
***********WAITING************

Write the data to file:8388608 bytes
***********WAITING************
nr_of_strided_rec: 2
nr_doubles: 65536
nr_of_strided_rec: 2
nr_doubles: 65536
nr_of_strided_rec: 2
nr_doubles: 65536
nr_of_strided_rec: 2
nr_doubles: 65536
nr_of_strided_rec: 2
nr_doubles: 65536
nr_of_strided_rec: 2
nr_doubles: 65536
nr_of_strided_rec: 2
nr_doubles: 65536
nr_of_strided_rec: 2
nr_doubles: 65536
nr_of_strided_rec: 2
nr_doubles: 65536
nr_of_strided_rec: 2
nr_doubles: 65536
nr_of_strided_rec: 2
nr_doubles: 65536
nr_of_strided_rec: 2
nr_doubles: 65536
nr_of_strided_rec: 2
nr_doubles: 65536
nr_of_strided_rec: 2
nr_doubles: 65536
nr_of_strided_rec: 2
nr_doubles: 65536
nr_of_strided_rec: 2
nr_doubles: 65536

Write the data to file:8388608 bytes
***********WAITING************

Write the data to file:8388608 bytes
***********WAITING************

Write the data to file:8388608 bytes
***********WAITING************

Write the data to file:8388608 bytes
***********WAITING************

Write the data to file:8388608 bytes
***********WAITING************

Write the data to file:8388608 bytes
***********WAITING************

Write the data to file:8388608 bytes
***********WAITING************

Write the data to file:8388608 bytes
***********WAITING************

Write the data to file:8388608 bytes
***********WAITING************

Write the data to file:8388608 bytes
***********WAITING************

Write the data to file:8388608 bytes
***********WAITING************

Write the data to file:8388608 bytes
***********WAITING************

Write the data to file:8388608 bytes
***********WAITING************

Write the data to file:8388608 bytes
***********WAITING************

Write the data to file:8388608 bytes
***********WAITING************

Write the data to file:8388608 bytes
***********WAITING************

Write the data to file:8388608 bytes
***********WAITING************

Write the data to file:8388608 bytes
***********WAITING************

Write the data to file:8388608 bytes
***********WAITING************

Write the data to file:8388608 bytes
***********WAITING************

Write the data to file:8388608 bytes
***********WAITING************

Write the data to file:8388608 bytes
***********WAITING************

Write the data to file:8388608 bytes
***********WAITING************

Write the data to file:8388608 bytes
***********WAITING************

Write the data to file:8388608 bytes
***********WAITING************

Write the data to file:8388608 bytes
***********WAITING************

Write the data to file:8388608 bytes
***********WAITING************

Write the data to file:8388608 bytes
***********WAITING************

Write the data to file:8388608 bytes
***********WAITING************

Write the data to file:8388608 bytes
***********WAITING************

Write the data to file:8388608 bytes
***********WAITING************

Write the data to file:8388608 bytes
***********WAITING************
W_cc         0.57   [      0.57:      0.57]
W_r         13.91   [     13.91:     13.91]
W_w          3.39   [      3.39:      3.39]
          -------
W_total     17.87   [     17.87:     17.87]

calc_W done
calc_W done
calc_W done
calc_W done
calc_W done
calc_W done
calc_W done
calc_W done
calc_W done
calc_W done
calc_W done
calc_W done
nr_of_strided_rec: 2
nr_doubles: 65536
calc_W done
nr_of_strided_rec: 2
nr_doubles: 65536
calc_W done
nr_of_strided_rec: 2
nr_doubles: 65536
calc_W done
nr_of_strided_rec: 2
nr_doubles: 65536
calc_W done
nr_of_strided_rec: 2
nr_doubles: 65536
nr_of_strided_rec: 2
nr_doubles: 65536
nr_of_strided_rec: 2
nr_doubles: 65536
nr_of_strided_rec: 2
nr_doubles: 65536
nr_of_strided_rec: 2
nr_doubles: 65536
nr_of_strided_rec: 2
nr_doubles: 65536
nr_of_strided_rec: 2
nr_doubles: 65536
nr_of_strided_rec: 2
nr_doubles: 65536
nr_of_strided_rec: 2
nr_doubles: 65536
nr_of_strided_rec: 2
nr_doubles: 65536
nr_of_strided_rec: 2
nr_doubles: 65536
nr_of_strided_rec: 2
nr_doubles: 65536
nr_of_strided_rec: 2
nr_doubles: 65536
nr_of_strided_rec: 2
nr_doubles: 65536
nr_of_strided_rec: 2
nr_doubles: 65536
nr_of_strided_rec: 2
nr_doubles: 65536
nr_of_strided_rec: 2
nr_doubles: 65536
nr_of_strided_rec: 2
nr_doubles: 65536
nr_of_strided_rec: 2
nr_doubles: 65536
nr_of_strided_rec: 2
nr_doubles: 65536
nr_of_strided_rec: 2
nr_doubles: 65536
nr_of_strided_rec: 2
nr_doubles: 65536
nr_of_strided_rec: 2
nr_doubles: 65536
nr_of_strided_rec: 2
nr_doubles: 65536
nr_of_strided_rec: 2
nr_doubles: 65536
nr_of_strided_rec: 2
nr_doubles: 65536
nr_of_strided_rec: 2
nr_doubles: 65536
nr_of_strided_rec: 2
nr_doubles: 65536
nr_of_strided_rec: 2
nr_doubles: 65536
nr_of_strided_rec: 2
nr_doubles: 65536
nr_of_strided_rec: 2
nr_doubles: 65536
nr_of_strided_rec: 2
nr_doubles: 65536
nr_of_strided_rec: 2
nr_doubles: 65536
nr_of_strided_rec: 2
nr_doubles: 65536
nr_of_strided_rec: 2
nr_doubles: 65536
nr_of_strided_rec: 2
nr_doubles: 65536
nr_of_strided_rec: 2
nr_doubles: 65536
nr_of_strided_rec: 2
nr_doubles: 65536
nr_of_strided_rec: 2
nr_doubles: 65536
nr_of_strided_rec: 2
nr_doubles: 65536
nr_of_strided_rec: 2
nr_doubles: 65536
nr_of_strided_rec: 2
nr_doubles: 65536
nr_of_strided_rec: 2
nr_doubles: 65536
nr_of_strided_rec: 2
nr_doubles: 65536
nr_of_strided_rec: 2
nr_doubles: 65536
nr_of_strided_rec: 2
nr_doubles: 65536
nr_of_strided_rec: 2
nr_doubles: 65536
nr_of_strided_rec: 2
nr_doubles: 65536
nr_of_strided_rec: 2
nr_doubles: 65536
nr_of_strided_rec: 2
nr_doubles: 65536
nr_of_strided_rec: 2
nr_doubles: 65536
nr_of_strided_rec: 2
nr_doubles: 65536
nr_of_strided_rec: 2
nr_doubles: 65536
nr_of_strided_rec: 2
nr_doubles: 65536
nr_of_strided_rec: 2
nr_doubles: 65536
nr_of_strided_rec: 2
nr_doubles: 65536
nr_of_strided_rec: 2
nr_doubles: 65536
nr_of_strided_rec: 2
nr_doubles: 65536
nr_of_strided_rec: 2
nr_doubles: 65536
nr_of_strided_rec: 2
nr_doubles: 65536
nr_of_strided_rec: 2
nr_doubles: 65536
nr_of_strided_rec: 2
nr_doubles: 65536
nr_of_strided_rec: 2
nr_doubles: 65536
nr_of_strided_rec: 2
nr_doubles: 65536
nr_of_strided_rec: 2
nr_doubles: 65536
nr_of_strided_rec: 2
nr_doubles: 65536
nr_of_strided_rec: 2
nr_doubles: 65536
nr_of_strided_rec: 2
nr_doubles: 65536
nr_of_strided_rec: 2
nr_doubles: 65536
nr_of_strided_rec: 2
nr_doubles: 65536
nr_of_strided_rec: 2
nr_doubles: 65536
nr_of_strided_rec: 2
nr_doubles: 65536
nr_of_strided_rec: 2
nr_doubles: 65536
nr_of_strided_rec: 2
nr_doubles: 65536
nr_of_strided_rec: 2
nr_doubles: 65536
nr_of_strided_rec: 2
nr_doubles: 65536
nr_of_strided_rec: 2
nr_doubles: 65536
nr_of_strided_rec: 2
nr_doubles: 65536
nr_of_strided_rec: 2
nr_doubles: 65536
nr_of_strided_rec: 2
nr_doubles: 65536
nr_of_strided_rec: 2
nr_doubles: 65536
nr_of_strided_rec: 2
nr_doubles: 65536
nr_of_strided_rec: 2
nr_doubles: 65536
nr_of_strided_rec: 2
nr_doubles: 65536
nr_of_strided_rec: 2
nr_doubles: 65536
nr_of_strided_rec: 2
nr_doubles: 65536
nr_of_strided_rec: 2
nr_doubles: 65536
nr_of_strided_rec: 2
nr_doubles: 65536
nr_of_strided_rec: 2
nr_doubles: 65536
nr_of_strided_rec: 2
nr_doubles: 65536
nr_of_strided_rec: 2
nr_doubles: 65536
nr_of_strided_rec: 2
nr_doubles: 65536
nr_of_strided_rec: 2
nr_doubles: 65536
nr_of_strided_rec: 2
nr_doubles: 65536
nr_of_strided_rec: 2
nr_doubles: 65536
nr_of_strided_rec: 2
nr_doubles: 65536
nr_of_strided_rec: 2
nr_doubles: 65536
nr_of_strided_rec: 2
nr_doubles: 65536
nr_of_strided_rec: 2
nr_doubles: 65536
nr_of_strided_rec: 2
nr_doubles: 65536
nr_of_strided_rec: 2
nr_doubles: 65536
nr_of_strided_rec: 2
nr_doubles: 65536
nr_of_strided_rec: 2
nr_doubles: 65536
nr_of_strided_rec: 2
nr_doubles: 65536
nr_of_strided_rec: 2
nr_doubles: 65536
nr_of_strided_rec: 2
nr_doubles: 65536
nr_of_strided_rec: 2
nr_doubles: 65536
nr_of_strided_rec: 2
nr_doubles: 65536
nr_of_strided_rec: 2
nr_doubles: 65536
nr_of_strided_rec: 2
nr_doubles: 65536
nr_of_strided_rec: 2
nr_doubles: 65536
nr_of_strided_rec: 2
nr_doubles: 65536
nr_of_strided_rec: 2
nr_doubles: 65536
nr_of_strided_rec: 2
nr_doubles: 65536
nr_of_strided_rec: 2
nr_doubles: 65536
nr_of_strided_rec: 2
nr_doubles: 65536
nr_of_strided_rec: 2
nr_doubles: 65536
nr_of_strided_rec: 2
nr_doubles: 65536
nr_of_strided_rec: 2
nr_doubles: 65536
nr_of_strided_rec: 2
nr_doubles: 65536
nr_of_strided_rec: 2
nr_doubles: 65536
nr_of_strided_rec: 2
nr_doubles: 65536
nr_of_strided_rec: 2
nr_doubles: 65536
nr_of_strided_rec: 2
nr_doubles: 65536
nr_of_strided_rec: 2
nr_doubles: 65536
nr_of_strided_rec: 2
nr_doubles: 65536
nr_of_strided_rec: 2
nr_doubles: 65536
nr_of_strided_rec: 2
nr_doubles: 65536
nr_of_strided_rec: 2
nr_doubles: 65536
nr_of_strided_rec: 2
nr_doubles: 65536
nr_of_strided_rec: 2
nr_doubles: 65536
nr_of_strided_rec: 2
nr_doubles: 65536
nr_of_strided_rec: 2
nr_doubles: 65536
nr_of_strided_rec: 2
nr_doubles: 65536
nr_of_strided_rec: 2
nr_doubles: 65536
nr_of_strided_rec: 2
nr_doubles: 65536
nr_of_strided_rec: 2
nr_doubles: 65536
nr_of_strided_rec: 2
nr_doubles: 65536
nr_of_strided_rec: 2
nr_doubles: 65536
nr_of_strided_rec: 2
nr_doubles: 65536
nr_of_strided_rec: 2
nr_doubles: 65536
nr_of_strided_rec: 2
nr_doubles: 65536
nr_of_strided_rec: 2
nr_doubles: 65536
nr_of_strided_rec: 2
nr_doubles: 65536
nr_of_strided_rec: 2
nr_doubles: 65536
nr_of_strided_rec: 2
nr_doubles: 65536
nr_of_strided_rec: 2
nr_doubles: 65536
nr_of_strided_rec: 2
nr_doubles: 65536
nr_of_strided_rec: 2
nr_doubles: 65536
nr_of_strided_rec: 2
nr_doubles: 65536
nr_of_strided_rec: 2
nr_doubles: 65536
nr_of_strided_rec: 2
nr_doubles: 65536
nr_of_strided_rec: 2
nr_doubles: 65536
nr_of_strided_rec: 2
nr_doubles: 65536
nr_of_strided_rec: 2
nr_doubles: 65536
nr_of_strided_rec: 2
nr_doubles: 65536
nr_of_strided_rec: 2
nr_doubles: 65536
nr_of_strided_rec: 2
nr_doubles: 65536
nr_of_strided_rec: 2
nr_doubles: 65536
nr_of_strided_rec: 2
nr_doubles: 65536
nr_of_strided_rec: 2
nr_doubles: 65536
nr_of_strided_rec: 2
nr_doubles: 65536
nr_of_strided_rec: 2
nr_doubles: 65536
nr_of_strided_rec: 2
nr_doubles: 65536
nr_of_strided_rec: 2
nr_doubles: 65536
nr_of_strided_rec: 2
nr_doubles: 65536
nr_of_strided_rec: 2
nr_doubles: 65536
nr_of_strided_rec: 2
nr_doubles: 65536
nr_of_strided_rec: 2
nr_doubles: 65536
nr_of_strided_rec: 2
nr_doubles: 65536
nr_of_strided_rec: 2
nr_doubles: 65536
nr_of_strided_rec: 2
nr_doubles: 65536
nr_of_strided_rec: 2
nr_doubles: 65536
nr_of_strided_rec: 2
nr_doubles: 65536
nr_of_strided_rec: 2
nr_doubles: 65536
nr_of_strided_rec: 2
nr_doubles: 65536
nr_of_strided_rec: 2
nr_doubles: 65536
nr_of_strided_rec: 2
nr_doubles: 65536
nr_of_strided_rec: 2
nr_doubles: 65536
nr_of_strided_rec: 2
nr_doubles: 65536
nr_of_strided_rec: 2
nr_doubles: 65536
nr_of_strided_rec: 2
nr_doubles: 65536
nr_of_strided_rec: 2
nr_doubles: 65536
nr_of_strided_rec: 2
nr_doubles: 65536
nr_of_strided_rec: 2
nr_doubles: 65536
nr_of_strided_rec: 2
nr_doubles: 65536
nr_of_strided_rec: 2
nr_doubles: 65536
nr_of_strided_rec: 2
nr_doubles: 65536
nr_of_strided_rec: 2
nr_doubles: 65536
nr_of_strided_rec: 2
nr_doubles: 65536
nr_of_strided_rec: 2
nr_doubles: 65536
nr_of_strided_rec: 2
nr_doubles: 65536
nr_of_strided_rec: 2
nr_doubles: 65536
nr_of_strided_rec: 2
nr_doubles: 65536
nr_of_strided_rec: 2
nr_doubles: 65536
nr_of_strided_rec: 2
nr_doubles: 65536
nr_of_strided_rec: 2
nr_doubles: 65536
nr_of_strided_rec: 2
nr_doubles: 65536
nr_of_strided_rec: 2
nr_doubles: 65536
nr_of_strided_rec: 2
nr_doubles: 65536
nr_of_strided_rec: 2
nr_doubles: 65536
nr_of_strided_rec: 2
nr_doubles: 65536
nr_of_strided_rec: 2
nr_doubles: 65536
nr_of_strided_rec: 2
nr_doubles: 65536
nr_of_strided_rec: 2
nr_doubles: 65536
nr_of_strided_rec: 2
nr_doubles: 65536
nr_of_strided_rec: 2
nr_doubles: 65536
nr_of_strided_rec: 2
nr_doubles: 65536
nr_of_strided_rec: 2
nr_doubles: 65536
nr_of_strided_rec: 2
nr_doubles: 65536
nr_of_strided_rec: 2
nr_doubles: 65536
nr_of_strided_rec: 2
nr_doubles: 65536
nr_of_strided_rec: 2
nr_doubles: 65536
nr_of_strided_rec: 2
nr_doubles: 65536
nr_of_strided_rec: 2
nr_doubles: 65536
nr_of_strided_rec: 2
nr_doubles: 65536
nr_of_strided_rec: 2
nr_doubles: 65536
nr_of_strided_rec: 2
nr_doubles: 65536
nr_of_strided_rec: 2
nr_doubles: 65536
nr_of_strided_rec: 2
nr_doubles: 65536
nr_of_strided_rec: 2
nr_doubles: 65536
nr_of_strided_rec: 2
nr_doubles: 65536
nr_of_strided_rec: 2
nr_doubles: 65536
nr_of_strided_rec: 2
nr_doubles: 65536
nr_of_strided_rec: 2
nr_doubles: 65536
nr_of_strided_rec: 2
nr_doubles: 65536
nr_of_strided_rec: 2
nr_doubles: 65536
nr_of_strided_rec: 2
nr_doubles: 65536
nr_of_strided_rec: 2
nr_doubles: 65536
nr_of_strided_rec: 2
nr_doubles: 65536
nr_of_strided_rec: 2
nr_doubles: 65536
nr_of_strided_rec: 2
nr_doubles: 65536
nr_of_strided_rec: 2
nr_doubles: 65536
nr_of_strided_rec: 2
nr_doubles: 65536
nr_of_strided_rec: 2
nr_doubles: 65536
nr_of_strided_rec: 2
nr_doubles: 65536
nr_of_strided_rec: 2
nr_doubles: 65536
nr_of_strided_rec: 2
nr_doubles: 65536
nr_of_strided_rec: 2
nr_doubles: 65536
nr_of_strided_rec: 2
nr_doubles: 65536
nr_of_strided_rec: 2
nr_doubles: 65536
nr_of_strided_rec: 2
nr_doubles: 65536
nr_of_strided_rec: 2
nr_doubles: 65536
nr_of_strided_rec: 2
nr_doubles: 65536
nr_of_strided_rec: 2
nr_doubles: 65536
nr_of_strided_rec: 2
nr_doubles: 65536
nr_of_strided_rec: 2
nr_doubles: 65536
nr_of_strided_rec: 2
nr_doubles: 65536
nr_of_strided_rec: 2
nr_doubles: 65536
nr_of_strided_rec: 2
nr_doubles: 65536
nr_of_strided_rec: 2
nr_doubles: 65536
nr_of_strided_rec: 2
nr_doubles: 65536
nr_of_strided_rec: 2
nr_doubles: 65536
nr_of_strided_rec: 2
nr_doubles: 65536
nr_of_strided_rec: 2
nr_doubles: 65536
nr_of_strided_rec: 2
nr_doubles: 65536
nr_of_strided_rec: 2
nr_doubles: 65536
nr_of_strided_rec: 2
nr_doubles: 65536
nr_of_strided_rec: 2
nr_doubles: 65536
nr_of_strided_rec: 2
nr_doubles: 65536
nr_of_strided_rec: 2
nr_doubles: 65536
nr_of_strided_rec: 2
nr_doubles: 65536
nr_of_strided_rec: 2
nr_doubles: 65536
nr_of_strided_rec: 2
nr_doubles: 65536
nr_of_strided_rec: 2
nr_doubles: 65536
nr_of_strided_rec: 2
nr_doubles: 65536
nr_of_strided_rec: 2
nr_doubles: 65536
nr_of_strided_rec: 2
nr_doubles: 65536
nr_of_strided_rec: 2
nr_doubles: 65536
nr_of_strided_rec: 2
nr_doubles: 65536
nr_of_strided_rec: 2
nr_doubles: 65536
nr_of_strided_rec: 2
nr_doubles: 65536
nr_of_strided_rec: 2
nr_doubles: 65536
nr_of_strided_rec: 2
nr_doubles: 65536
nr_of_strided_rec: 2
nr_doubles: 65536
nr_of_strided_rec: 2
nr_doubles: 65536
nr_of_strided_rec: 2
nr_doubles: 65536
nr_of_strided_rec: 2
nr_doubles: 65536
nr_of_strided_rec: 2
nr_doubles: 65536
nr_of_strided_rec: 2
nr_doubles: 65536
nr_of_strided_rec: 2
nr_doubles: 65536
nr_of_strided_rec: 2
nr_doubles: 65536
nr_of_strided_rec: 2
nr_doubles: 65536
nr_of_strided_rec: 2
nr_doubles: 65536
nr_of_strided_rec: 2
nr_doubles: 65536
nr_of_strided_rec: 2
nr_doubles: 65536
nr_of_strided_rec: 2
nr_doubles: 65536
nr_of_strided_rec: 2
nr_doubles: 65536
nr_of_strided_rec: 2
nr_doubles: 65536
nr_of_strided_rec: 2
nr_doubles: 65536
nr_of_strided_rec: 2
nr_doubles: 65536
nr_of_strided_rec: 2
nr_doubles: 65536
nr_of_strided_rec: 2
nr_doubles: 65536
nr_of_strided_rec: 2
nr_doubles: 65536
nr_of_strided_rec: 2
nr_doubles: 65536
nr_of_strided_rec: 2
nr_doubles: 65536
nr_of_strided_rec: 2
nr_doubles: 65536
nr_of_strided_rec: 2
nr_doubles: 65536
nr_of_strided_rec: 2
nr_doubles: 65536
nr_of_strided_rec: 2
nr_doubles: 65536
nr_of_strided_rec: 2
nr_doubles: 65536
nr_of_strided_rec: 2
nr_doubles: 65536
nr_of_strided_rec: 2
nr_doubles: 65536
nr_of_strided_rec: 2
nr_doubles: 65536
nr_of_strided_rec: 2
nr_doubles: 65536
nr_of_strided_rec: 2
nr_doubles: 65536
nr_of_strided_rec: 2
nr_doubles: 65536
nr_of_strided_rec: 2
nr_doubles: 65536
nr_of_strided_rec: 2
nr_doubles: 65536
nr_of_strided_rec: 2
nr_doubles: 65536
nr_of_strided_rec: 2
nr_doubles: 65536
nr_of_strided_rec: 2
nr_doubles: 65536
nr_of_strided_rec: 2
nr_doubles: 65536
nr_of_strided_rec: 2
nr_doubles: 65536
nr_of_strided_rec: 2
nr_doubles: 65536
nr_of_strided_rec: 2
nr_doubles: 65536
nr_of_strided_rec: 2
nr_doubles: 65536
nr_of_strided_rec: 2
nr_doubles: 65536
nr_of_strided_rec: 2
nr_doubles: 65536
nr_of_strided_rec: 2
nr_doubles: 65536
nr_of_strided_rec: 2
nr_doubles: 65536
nr_of_strided_rec: 2
nr_doubles: 65536
nr_of_strided_rec: 2
nr_doubles: 65536
nr_of_strided_rec: 2
nr_doubles: 65536
nr_of_strided_rec: 2
