fclose PID:33026 fd:3
fclose PID:33026 fd:4
fclose PID:33026 fd:4
fclose PID:33026 fd:3
available: 2 nodes (0-1)
fclose PID:33026 fd:3
node 0 cpus:fclose PID:33026 fd:3
 0 1 2 3 4 5 6 7 8 9 20 21 22 23 24 25 26 27 28 29
node 0 size: 80440 MB
node 0 free: 80123 MB
fclose PID:33026 fd:3
node 1 cpus:fclose PID:33026 fd:3
 10 11 12 13 14 15 16 17 18 19 30 31 32 33 34 35 36 37 38 39
node 1 size: 80635 MB
node 1 free: 80376 MB
fclose PID:33026 fd:3
fclose PID:33026 fd:3
node distances:
node   0   1 
  0:  10  21 
  1:  21  10 
READAHEAD_TIME:0.000000 us
MaxRSS= 2248 KB, SharedMem= 0 KB, HardPageFault= 10
fclose PID:33032 fd:12
fclose PID:33033 fd:10
fclose PID:33034 fd:8
fclose PID:33035 fd:8

MADbench 2.0 IO-mode
no_pe = 4  no_pix = 16384  no_bin = 30  no_gang = 1 sblocksize = 8  fblocksize = 64  r_mod = 1  w_mod = 1 record_size=524288 stride=7


IOMETHOD = POSIX  IOMODE = SYNC  FILETYPE = UNIQUE  REMAP = CUSTOMbuild_S
build_S
build_S
build_S

Write the data to file:536870912 bytes
***********WAITING************

Write the data to file:536870912 bytes
***********WAITING************

Write the data to file:536870912 bytes
***********WAITING************

Write the data to file:536870912 bytes
***********WAITING************

Write the data to file:536870912 bytes
***********WAITING************

Write the data to file:536870912 bytes
***********WAITING************

Write the data to file:536870912 bytes
***********WAITING************

Write the data to file:536870912 bytes
***********WAITING************

Write the data to file:536870912 bytes
***********WAITING************

Write the data to file:536870912 bytes
***********WAITING************

Write the data to file:536870912 bytes
***********WAITING************

Write the data to file:536870912 bytes
***********WAITING************

Write the data to file:536870912 bytes
***********WAITING************

Write the data to file:536870912 bytes
***********WAITING************

Write the data to file:536870912 bytes
***********WAITING************

Write the data to file:536870912 bytes
***********WAITING************

Write the data to file:536870912 bytes
***********WAITING************

Write the data to file:536870912 bytes
***********WAITING************

Write the data to file:536870912 bytes
***********WAITING************

Write the data to file:536870912 bytes
***********WAITING************

Write the data to file:536870912 bytes
***********WAITING************

Write the data to file:536870912 bytes
***********WAITING************

Write the data to file:536870912 bytes
***********WAITING************

Write the data to file:536870912 bytes
***********WAITING************

Write the data to file:536870912 bytes
***********WAITING************

Write the data to file:536870912 bytes
***********WAITING************

Write the data to file:536870912 bytes
***********WAITING************

Write the data to file:536870912 bytes
***********WAITING************

Write the data to file:536870912 bytes
***********WAITING************

Write the data to file:536870912 bytes
***********WAITING************

Write the data to file:536870912 bytes
***********WAITING************

Write the data to file:536870912 bytes
***********WAITING************

Write the data to file:536870912 bytes
***********WAITING************

Write the data to file:536870912 bytes
***********WAITING************

Write the data to file:536870912 bytes
***********WAITING************

Write the data to file:536870912 bytes
***********WAITING************

Write the data to file:536870912 bytes
***********WAITING************

Write the data to file:536870912 bytes
***********WAITING************

Write the data to file:536870912 bytes
***********WAITING************

Write the data to file:536870912 bytes
***********WAITING************

Write the data to file:536870912 bytes
***********WAITING************

Write the data to file:536870912 bytes
***********WAITING************

Write the data to file:536870912 bytes
***********WAITING************

Write the data to file:536870912 bytes
***********WAITING************

Write the data to file:536870912 bytes
***********WAITING************

Write the data to file:536870912 bytes
***********WAITING************

Write the data to file:536870912 bytes
***********WAITING************

Write the data to file:536870912 bytes
***********WAITING************

Write the data to file:536870912 bytes
***********WAITING************

Write the data to file:536870912 bytes
***********WAITING************

Write the data to file:536870912 bytes
***********WAITING************

Write the data to file:536870912 bytes
***********WAITING************

Write the data to file:536870912 bytes
***********WAITING************

Write the data to file:536870912 bytes
***********WAITING************

Write the data to file:536870912 bytes
***********WAITING************

Write the data to file:536870912 bytes
***********WAITING************

Write the data to file:536870912 bytes
***********WAITING************

Write the data to file:536870912 bytes
***********WAITING************

Write the data to file:536870912 bytes
***********WAITING************

Write the data to file:536870912 bytes
***********WAITING************

Write the data to file:536870912 bytes
***********WAITING************

Write the data to file:536870912 bytes
***********WAITING************

Write the data to file:536870912 bytes
***********WAITING************

Write the data to file:536870912 bytes
***********WAITING************

Write the data to file:536870912 bytes
***********WAITING************

Write the data to file:536870912 bytes
***********WAITING************

Write the data to file:536870912 bytes
***********WAITING************

Write the data to file:536870912 bytes
***********WAITING************

Write the data to file:536870912 bytes
***********WAITING************

Write the data to file:536870912 bytes
***********WAITING************

Write the data to file:536870912 bytes
***********WAITING************

Write the data to file:536870912 bytes
***********WAITING************

Write the data to file:536870912 bytes
***********WAITING************

Write the data to file:536870912 bytes
***********WAITING************

Write the data to file:536870912 bytes
***********WAITING************

Write the data to file:536870912 bytes
***********WAITING************

Write the data to file:536870912 bytes
***********WAITING************

Write the data to file:536870912 bytes
***********WAITING************

Write the data to file:536870912 bytes
***********WAITING************

Write the data to file:536870912 bytes
***********WAITING************

Write the data to file:536870912 bytes
***********WAITING************

Write the data to file:536870912 bytes
***********WAITING************

Write the data to file:536870912 bytes
***********WAITING************

Write the data to file:536870912 bytes
***********WAITING************

Write the data to file:536870912 bytes
***********WAITING************

Write the data to file:536870912 bytes
***********WAITING************

Write the data to file:536870912 bytes
***********WAITING************

Write the data to file:536870912 bytes
***********WAITING************

Write the data to file:536870912 bytes
***********WAITING************

Write the data to file:536870912 bytes
***********WAITING************

Write the data to file:536870912 bytes
***********WAITING************

Write the data to file:536870912 bytes
***********WAITING************

Write the data to file:536870912 bytes
***********WAITING************

Write the data to file:536870912 bytes
***********WAITING************

Write the data to file:536870912 bytes
***********WAITING************

Write the data to file:536870912 bytes
***********WAITING************

Write the data to file:536870912 bytes
***********WAITING************

Write the data to file:536870912 bytes
***********WAITING************

Write the data to file:536870912 bytes
***********WAITING************

Write the data to file:536870912 bytes
***********WAITING************

Write the data to file:536870912 bytes
***********WAITING************

Write the data to file:536870912 bytes
***********WAITING************

Write the data to file:536870912 bytes
***********WAITING************

Write the data to file:536870912 bytes
***********WAITING************

Write the data to file:536870912 bytes
***********WAITING************

Write the data to file:536870912 bytes
***********WAITING************

Write the data to file:536870912 bytes
***********WAITING************

Write the data to file:536870912 bytes
***********WAITING************

Write the data to file:536870912 bytes
***********WAITING************

Write the data to file:536870912 bytes
***********WAITING************

Write the data to file:536870912 bytes
***********WAITING************

Write the data to file:536870912 bytes
***********WAITING************

Write the data to file:536870912 bytes
***********WAITING************

Write the data to file:536870912 bytes
***********WAITING************

Write the data to file:536870912 bytes
***********WAITING************

Write the data to file:536870912 bytes
***********WAITING************

Write the data to file:536870912 bytes
***********WAITING************

Write the data to file:536870912 bytes
***********WAITING************

Write the data to file:536870912 bytes
***********WAITING************

Write the data to file:536870912 bytes
***********WAITING************
S_cc         4.16   [      4.15:      4.17]
S_bw         2.56   [      2.56:      2.56]
S_w         82.22   [     82.22:     82.22]
          -------
S_total     88.94   [     88.93:     88.95]

build_S done
calc_W
nr_of_strided_rec: 128
nr_doubles: 65536
build_S done
calc_W
nr_of_strided_rec: 128
nr_doubles: 65536
build_S done
calc_W
nr_of_strided_rec: 128
nr_doubles: 65536
build_S done
calc_W
nr_of_strided_rec: 128
nr_doubles: 65536
nr_of_strided_rec: 128
nr_doubles: 65536
nr_of_strided_rec: 128
nr_doubles: 65536
nr_of_strided_rec: 128
nr_doubles: 65536
nr_of_strided_rec: 128
nr_doubles: 65536

Write the data to file:536870912 bytes
***********WAITING************

Write the data to file:536870912 bytes
***********WAITING************

Write the data to file:536870912 bytes
***********WAITING************

Write the data to file:536870912 bytes
***********WAITING************
nr_of_strided_rec: 128
nr_doubles: 65536
nr_of_strided_rec: 128
nr_doubles: 65536
nr_of_strided_rec: 128
nr_doubles: 65536
nr_of_strided_rec: 128
nr_doubles: 65536

Write the data to file:536870912 bytes
***********WAITING************

Write the data to file:536870912 bytes
***********WAITING************

Write the data to file:536870912 bytes
***********WAITING************

Write the data to file:536870912 bytes
***********WAITING************
nr_of_strided_rec: 128
nr_doubles: 65536
nr_of_strided_rec: 128
nr_doubles: 65536
nr_of_strided_rec: 128
nr_doubles: 65536
nr_of_strided_rec: 128
nr_doubles: 65536

Write the data to file:536870912 bytes
***********WAITING************

Write the data to file:536870912 bytes
***********WAITING************

Write the data to file:536870912 bytes
***********WAITING************

Write the data to file:536870912 bytes
***********WAITING************
nr_of_strided_rec: 128
nr_doubles: 65536
nr_of_strided_rec: 128
nr_doubles: 65536
nr_of_strided_rec: 128
nr_doubles: 65536
nr_of_strided_rec: 128
nr_doubles: 65536

Write the data to file:536870912 bytes
***********WAITING************

Write the data to file:536870912 bytes
***********WAITING************

Write the data to file:536870912 bytes
***********WAITING************

Write the data to file:536870912 bytes
***********WAITING************
nr_of_strided_rec: 128
nr_doubles: 65536
nr_of_strided_rec: 128
nr_doubles: 65536
nr_of_strided_rec: 128
nr_doubles: 65536
nr_of_strided_rec: 128
nr_doubles: 65536

Write the data to file:536870912 bytes
***********WAITING************

Write the data to file:536870912 bytes
***********WAITING************

Write the data to file:536870912 bytes
***********WAITING************

Write the data to file:536870912 bytes
***********WAITING************
nr_of_strided_rec: 128
nr_doubles: 65536
nr_of_strided_rec: 128
nr_doubles: 65536
nr_of_strided_rec: 128
nr_doubles: 65536
nr_of_strided_rec: 128
nr_doubles: 65536

Write the data to file:536870912 bytes
***********WAITING************

Write the data to file:536870912 bytes
***********WAITING************

Write the data to file:536870912 bytes
***********WAITING************

Write the data to file:536870912 bytes
***********WAITING************
nr_of_strided_rec: 128
nr_doubles: 65536
nr_of_strided_rec: 128
nr_doubles: 65536
nr_of_strided_rec: 128
nr_doubles: 65536
nr_of_strided_rec: 128
nr_doubles: 65536

Write the data to file:536870912 bytes
***********WAITING************

Write the data to file:536870912 bytes
***********WAITING************

Write the data to file:536870912 bytes
***********WAITING************

Write the data to file:536870912 bytes
***********WAITING************
nr_of_strided_rec: 128
nr_doubles: 65536
nr_of_strided_rec: 128
nr_doubles: 65536
nr_of_strided_rec: 128
nr_doubles: 65536
nr_of_strided_rec: 128
nr_doubles: 65536

Write the data to file:536870912 bytes
***********WAITING************

Write the data to file:536870912 bytes
***********WAITING************

Write the data to file:536870912 bytes
***********WAITING************

Write the data to file:536870912 bytes
***********WAITING************
nr_of_strided_rec: 128
nr_doubles: 65536
nr_of_strided_rec: 128
nr_doubles: 65536
nr_of_strided_rec: 128
nr_doubles: 65536
nr_of_strided_rec: 128
nr_doubles: 65536

Write the data to file:536870912 bytes
***********WAITING************

Write the data to file:536870912 bytes
***********WAITING************

Write the data to file:536870912 bytes
***********WAITING************

Write the data to file:536870912 bytes
***********WAITING************
nr_of_strided_rec: 128
nr_doubles: 65536
nr_of_strided_rec: 128
nr_doubles: 65536
nr_of_strided_rec: 128
nr_doubles: 65536
nr_of_strided_rec: 128
nr_doubles: 65536

Write the data to file:536870912 bytes
***********WAITING************

Write the data to file:536870912 bytes
***********WAITING************

Write the data to file:536870912 bytes
***********WAITING************

Write the data to file:536870912 bytes
***********WAITING************
nr_of_strided_rec: 128
nr_doubles: 65536
nr_of_strided_rec: 128
nr_doubles: 65536
nr_of_strided_rec: 128
nr_doubles: 65536
nr_of_strided_rec: 128
nr_doubles: 65536

Write the data to file:536870912 bytes
***********WAITING************

Write the data to file:536870912 bytes
***********WAITING************

Write the data to file:536870912 bytes
***********WAITING************

Write the data to file:536870912 bytes
***********WAITING************
nr_of_strided_rec: 128
nr_doubles: 65536
nr_of_strided_rec: 128
nr_doubles: 65536
nr_of_strided_rec: 128
nr_doubles: 65536
nr_of_strided_rec: 128
nr_doubles: 65536

Write the data to file:536870912 bytes
***********WAITING************

Write the data to file:536870912 bytes
***********WAITING************

Write the data to file:536870912 bytes
***********WAITING************

Write the data to file:536870912 bytes
***********WAITING************
nr_of_strided_rec: 128
nr_doubles: 65536
nr_of_strided_rec: 128
nr_doubles: 65536
nr_of_strided_rec: 128
nr_doubles: 65536
nr_of_strided_rec: 128
nr_doubles: 65536

Write the data to file:536870912 bytes
***********WAITING************

Write the data to file:536870912 bytes
***********WAITING************

Write the data to file:536870912 bytes
***********WAITING************

Write the data to file:536870912 bytes
***********WAITING************
nr_of_strided_rec: 128
nr_doubles: 65536
nr_of_strided_rec: 128
nr_doubles: 65536
nr_of_strided_rec: 128
nr_doubles: 65536
nr_of_strided_rec: 128
nr_doubles: 65536

Write the data to file:536870912 bytes
***********WAITING************

Write the data to file:536870912 bytes
***********WAITING************

Write the data to file:536870912 bytes
***********WAITING************

Write the data to file:536870912 bytes
***********WAITING************
nr_of_strided_rec: 128
nr_doubles: 65536
nr_of_strided_rec: 128
nr_doubles: 65536
nr_of_strided_rec: 128
nr_doubles: 65536
nr_of_strided_rec: 128
nr_doubles: 65536

Write the data to file:536870912 bytes
***********WAITING************

Write the data to file:536870912 bytes
***********WAITING************

Write the data to file:536870912 bytes
***********WAITING************

Write the data to file:536870912 bytes
***********WAITING************
nr_of_strided_rec: 128
nr_doubles: 65536
nr_of_strided_rec: 128
nr_doubles: 65536
nr_of_strided_rec: 128
nr_doubles: 65536
nr_of_strided_rec: 128
nr_doubles: 65536

Write the data to file:536870912 bytes
***********WAITING************

Write the data to file:536870912 bytes
***********WAITING************

Write the data to file:536870912 bytes
***********WAITING************

Write the data to file:536870912 bytes
***********WAITING************
nr_of_strided_rec: 128
nr_doubles: 65536
nr_of_strided_rec: 128
nr_doubles: 65536
nr_of_strided_rec: 128
nr_doubles: 65536
nr_of_strided_rec: 128
nr_doubles: 65536

Write the data to file:536870912 bytes
***********WAITING************

Write the data to file:536870912 bytes
***********WAITING************

Write the data to file:536870912 bytes
***********WAITING************

Write the data to file:536870912 bytes
***********WAITING************
nr_of_strided_rec: 128
nr_doubles: 65536
nr_of_strided_rec: 128
nr_doubles: 65536
nr_of_strided_rec: 128
nr_doubles: 65536
nr_of_strided_rec: 128
nr_doubles: 65536

Write the data to file:536870912 bytes
***********WAITING************

Write the data to file:536870912 bytes
***********WAITING************

Write the data to file:536870912 bytes
***********WAITING************

Write the data to file:536870912 bytes
***********WAITING************
nr_of_strided_rec: 128
nr_doubles: 65536
nr_of_strided_rec: 128
nr_doubles: 65536
nr_of_strided_rec: 128
nr_doubles: 65536
nr_of_strided_rec: 128
nr_doubles: 65536

Write the data to file:536870912 bytes
***********WAITING************

Write the data to file:536870912 bytes
***********WAITING************

Write the data to file:536870912 bytes
***********WAITING************

Write the data to file:536870912 bytes
***********WAITING************
nr_of_strided_rec: 128
nr_doubles: 65536
nr_of_strided_rec: 128
nr_doubles: 65536
nr_of_strided_rec: 128
nr_doubles: 65536
nr_of_strided_rec: 128
nr_doubles: 65536

Write the data to file:536870912 bytes
***********WAITING************

Write the data to file:536870912 bytes
***********WAITING************

Write the data to file:536870912 bytes
***********WAITING************

Write the data to file:536870912 bytes
***********WAITING************
nr_of_strided_rec: 128
nr_doubles: 65536
nr_of_strided_rec: 128
nr_doubles: 65536
nr_of_strided_rec: 128
nr_doubles: 65536
nr_of_strided_rec: 128
nr_doubles: 65536

Write the data to file:536870912 bytes
***********WAITING************

Write the data to file:536870912 bytes
***********WAITING************

Write the data to file:536870912 bytes
***********WAITING************

Write the data to file:536870912 bytes
***********WAITING************
nr_of_strided_rec: 128
nr_doubles: 65536
nr_of_strided_rec: 128
nr_doubles: 65536
nr_of_strided_rec: 128
nr_doubles: 65536
nr_of_strided_rec: 128
nr_doubles: 65536

Write the data to file:536870912 bytes
***********WAITING************

Write the data to file:536870912 bytes
***********WAITING************

Write the data to file:536870912 bytes
***********WAITING************

Write the data to file:536870912 bytes
***********WAITING************
nr_of_strided_rec: 128
nr_doubles: 65536
nr_of_strided_rec: 128
nr_doubles: 65536
nr_of_strided_rec: 128
nr_doubles: 65536
nr_of_strided_rec: 128
nr_doubles: 65536

Write the data to file:536870912 bytes
***********WAITING************

Write the data to file:536870912 bytes
***********WAITING************

Write the data to file:536870912 bytes
***********WAITING************

Write the data to file:536870912 bytes
***********WAITING************
nr_of_strided_rec: 128
nr_doubles: 65536
nr_of_strided_rec: 128
nr_doubles: 65536
nr_of_strided_rec: 128
nr_doubles: 65536
nr_of_strided_rec: 128
nr_doubles: 65536

Write the data to file:536870912 bytes
***********WAITING************

Write the data to file:536870912 bytes
***********WAITING************

Write the data to file:536870912 bytes
***********WAITING************

Write the data to file:536870912 bytes
***********WAITING************
nr_of_strided_rec: 128
nr_doubles: 65536
nr_of_strided_rec: 128
nr_doubles: 65536
nr_of_strided_rec: 128
nr_doubles: 65536
nr_of_strided_rec: 128
nr_doubles: 65536

Write the data to file:536870912 bytes
***********WAITING************

Write the data to file:536870912 bytes
***********WAITING************

Write the data to file:536870912 bytes
***********WAITING************

Write the data to file:536870912 bytes
***********WAITING************
nr_of_strided_rec: 128
nr_doubles: 65536
nr_of_strided_rec: 128
nr_doubles: 65536
nr_of_strided_rec: 128
nr_doubles: 65536
nr_of_strided_rec: 128
nr_doubles: 65536

Write the data to file:536870912 bytes
***********WAITING************

Write the data to file:536870912 bytes
***********WAITING************

Write the data to file:536870912 bytes
***********WAITING************

Write the data to file:536870912 bytes
***********WAITING************
nr_of_strided_rec: 128
nr_doubles: 65536
nr_of_strided_rec: 128
nr_doubles: 65536
nr_of_strided_rec: 128
nr_doubles: 65536
nr_of_strided_rec: 128
nr_doubles: 65536

Write the data to file:536870912 bytes
***********WAITING************

Write the data to file:536870912 bytes
***********WAITING************

Write the data to file:536870912 bytes
***********WAITING************

Write the data to file:536870912 bytes
***********WAITING************
nr_of_strided_rec: 128
nr_doubles: 65536
nr_of_strided_rec: 128
nr_doubles: 65536
nr_of_strided_rec: 128
nr_doubles: 65536
nr_of_strided_rec: 128
nr_doubles: 65536

Write the data to file:536870912 bytes
***********WAITING************

Write the data to file:536870912 bytes
***********WAITING************

Write the data to file:536870912 bytes
***********WAITING************

Write the data to file:536870912 bytes
***********WAITING************
nr_of_strided_rec: 128
nr_doubles: 65536
nr_of_strided_rec: 128
nr_doubles: 65536
nr_of_strided_rec: 128
nr_doubles: 65536
nr_of_strided_rec: 128
nr_doubles: 65536

Write the data to file:536870912 bytes
***********WAITING************

Write the data to file:536870912 bytes
***********WAITING************

Write the data to file:536870912 bytes
***********WAITING************

Write the data to file:536870912 bytes
***********WAITING************

Write the data to file:536870912 bytes
***********WAITING************

Write the data to file:536870912 bytes
***********WAITING************

Write the data to file:536870912 bytes
***********WAITING************

Write the data to file:536870912 bytes
***********WAITING************
W_cc         8.35   [      8.33:      8.37]
W_r        238.56   [    238.54:    238.59]
W_w         47.00   [     47.00:     47.00]
          -------
W_total    293.91   [    293.90:    293.92]

calc_W done
calc_W done
nr_of_strided_rec: 128
nr_doubles: 65536
calc_W done
nr_of_strided_rec: 128
nr_doubles: 65536
calc_W done
nr_of_strided_rec: 128
nr_doubles: 65536
nr_of_strided_rec: 128
nr_doubles: 65536
nr_of_strided_rec: 128
nr_doubles: 65536
nr_of_strided_rec: 128
nr_doubles: 65536
nr_of_strided_rec: 128
nr_doubles: 65536
nr_of_strided_rec: 128
nr_doubles: 65536
nr_of_strided_rec: 128
nr_doubles: 65536
nr_of_strided_rec: 128
nr_doubles: 65536
nr_of_strided_rec: 128
nr_doubles: 65536
nr_of_strided_rec: 128
nr_doubles: 65536
nr_of_strided_rec: 128
nr_doubles: 65536
nr_of_strided_rec: 128
nr_doubles: 65536
nr_of_strided_rec: 128
nr_doubles: 65536
nr_of_strided_rec: 128
nr_doubles: 65536
nr_of_strided_rec: 128
nr_doubles: 65536
nr_of_strided_rec: 128
nr_doubles: 65536
nr_of_strided_rec: 128
nr_doubles: 65536
nr_of_strided_rec: 128
nr_doubles: 65536
nr_of_strided_rec: 128
nr_doubles: 65536
nr_of_strided_rec: 128
nr_doubles: 65536
nr_of_strided_rec: 128
nr_doubles: 65536
nr_of_strided_rec: 128
nr_doubles: 65536
nr_of_strided_rec: 128
nr_doubles: 65536
nr_of_strided_rec: 128
nr_doubles: 65536
nr_of_strided_rec: 128
nr_doubles: 65536
nr_of_strided_rec: 128
nr_doubles: 65536
nr_of_strided_rec: 128
nr_doubles: 65536
nr_of_strided_rec: 128
nr_doubles: 65536
nr_of_strided_rec: 128
nr_doubles: 65536
nr_of_strided_rec: 128
nr_doubles: 65536
nr_of_strided_rec: 128
nr_doubles: 65536
nr_of_strided_rec: 128
nr_doubles: 65536
nr_of_strided_rec: 128
nr_doubles: 65536
nr_of_strided_rec: 128
nr_doubles: 65536
nr_of_strided_rec: 128
nr_doubles: 65536
nr_of_strided_rec: 128
nr_doubles: 65536
nr_of_strided_rec: 128
nr_doubles: 65536
nr_of_strided_rec: 128
nr_doubles: 65536
nr_of_strided_rec: 128
nr_doubles: 65536
nr_of_strided_rec: 128
nr_doubles: 65536
nr_of_strided_rec: 128
nr_doubles: 65536
nr_of_strided_rec: 128
nr_doubles: 65536
nr_of_strided_rec: 128
nr_doubles: 65536
nr_of_strided_rec: 128
nr_doubles: 65536
nr_of_strided_rec: 128
nr_doubles: 65536
nr_of_strided_rec: 128
nr_doubles: 65536
nr_of_strided_rec: 128
nr_doubles: 65536
nr_of_strided_rec: 128
nr_doubles: 65536
nr_of_strided_rec: 128
nr_doubles: 65536
nr_of_strided_rec: 128
nr_doubles: 65536
nr_of_strided_rec: 128
nr_doubles: 65536
nr_of_strided_rec: 128
nr_doubles: 65536
nr_of_strided_rec: 128
nr_doubles: 65536
nr_of_strided_rec: 128
nr_doubles: 65536
nr_of_strided_rec: 128
nr_doubles: 65536
nr_of_strided_rec: 128
nr_doubles: 65536
nr_of_strided_rec: 128
nr_doubles: 65536
nr_of_strided_rec: 128
nr_doubles: 65536
nr_of_strided_rec: 128
nr_doubles: 65536
nr_of_strided_rec: 128
nr_doubles: 65536
nr_of_strided_rec: 128
nr_doubles: 65536
nr_of_strided_rec: 128
nr_doubles: 65536
nr_of_strided_rec: 128
nr_doubles: 65536
nr_of_strided_rec: 128
nr_doubles: 65536
nr_of_strided_rec: 128
nr_doubles: 65536
nr_of_strided_rec: 128
nr_doubles: 65536
nr_of_strided_rec: 128
nr_doubles: 65536
nr_of_strided_rec: 128
nr_doubles: 65536
nr_of_strided_rec: 128
nr_doubles: 65536
nr_of_strided_rec: 128
nr_doubles: 65536
nr_of_strided_rec: 128
nr_doubles: 65536
nr_of_strided_rec: 128
nr_doubles: 65536
nr_of_strided_rec: 128
nr_doubles: 65536
nr_of_strided_rec: 128
nr_doubles: 65536
nr_of_strided_rec: 128
nr_doubles: 65536
nr_of_strided_rec: 128
nr_doubles: 65536
nr_of_strided_rec: 128
nr_doubles: 65536
nr_of_strided_rec: 128
nr_doubles: 65536
nr_of_strided_rec: 128
nr_doubles: 65536
nr_of_strided_rec: 128
nr_doubles: 65536
nr_of_strided_rec: 128
nr_doubles: 65536
nr_of_strided_rec: 128
nr_doubles: 65536
nr_of_strided_rec: 128
nr_doubles: 65536
nr_of_strided_rec: 128
nr_doubles: 65536
nr_of_strided_rec: 128
nr_doubles: 65536
nr_of_strided_rec: 128
nr_doubles: 65536
nr_of_strided_rec: 128
nr_doubles: 65536
nr_of_strided_rec: 128
nr_doubles: 65536
nr_of_strided_rec: 128
nr_doubles: 65536
nr_of_strided_rec: 128
nr_doubles: 65536
nr_of_strided_rec: 128
nr_doubles: 65536
nr_of_strided_rec: 128
nr_doubles: 65536
nr_of_strided_rec: 128
nr_doubles: 65536
nr_of_strided_rec: 128
nr_doubles: 65536
nr_of_strided_rec: 128
nr_doubles: 65536
nr_of_strided_rec: 128
nr_doubles: 65536
nr_of_strided_rec: 128
nr_doubles: 65536
nr_of_strided_rec: 128
nr_doubles: 65536
nr_of_strided_rec: 128
nr_doubles: 65536
nr_of_strided_rec: 128
nr_doubles: 65536
nr_of_strided_rec: 128
nr_doubles: 65536
nr_of_strided_rec: 128
nr_doubles: 65536
nr_of_strided_rec: 128
nr_doubles: 65536
nr_of_strided_rec: 128
nr_doubles: 65536
nr_of_strided_rec: 128
nr_doubles: 65536
nr_of_strided_rec: 128
nr_doubles: 65536
nr_of_strided_rec: 128
nr_doubles: 65536
nr_of_strided_rec: 128
nr_doubles: 65536
nr_of_strided_rec: 128
nr_doubles: 65536
nr_of_strided_rec: 128
nr_doubles: 65536
nr_of_strided_rec: 128
nr_doubles: 65536
nr_of_strided_rec: 128
nr_doubles: 65536
nr_of_strided_rec: 128
nr_doubles: 65536
nr_of_strided_rec: 128
nr_doubles: 65536
nr_of_strided_rec: 128
nr_doubles: 65536
nr_of_strided_rec: 128
nr_doubles: 65536
nr_of_strided_rec: 128
nr_doubles: 65536
nr_of_strided_rec: 128
nr_doubles: 65536
C_cc         4.74   [      4.74:      4.75]
C_bw         2.81   [      2.81:      2.82]
C_r        137.55   [    137.54:    137.55]
          -------
C_total    145.10   [    145.10:    145.11]


dC[0] = 0.00000e+00
fclose PID:33032 fd:12
fclose PID:33033 fd:10
fclose PID:33034 fd:8
fclose PID:33035 fd:8
READAHEAD_TIME:74751109.000000 us
MaxRSS= 2107980 KB, SharedMem= 0 KB, HardPageFault= 11
READAHEAD_TIME:54263740.000000 us
MaxRSS= 2107828 KB, SharedMem= 0 KB, HardPageFault= 11
READAHEAD_TIME:76392547.000000 us
MaxRSS= 2107732 KB, SharedMem= 0 KB, HardPageFault= 11
READAHEAD_TIME:76563051.000000 us
MaxRSS= 2107828 KB, SharedMem= 0 KB, HardPageFault= 8
fclose PID:33031 fd:0
fclose PID:33031 fd:6
fclose PID:33031 fd:6
fclose PID:33031 fd:0
READAHEAD_TIME:0.000000 us
MaxRSS= 5464 KB, SharedMem= 0 KB, HardPageFault= 2
fclose PID:33030 fd:3
fclose PID:33030 fd:4
fclose PID:33030 fd:4
fclose PID:33030 fd:3
READAHEAD_TIME:0.000000 us
MaxRSS= 4952 KB, SharedMem= 0 KB, HardPageFault= 4
	Command being timed: "mpiexec -n 4 ./MADbench2_io 16384 30 1 8 64 1 1 524288 7 1"
	User time (seconds): 182.62
	System time (seconds): 250.58
	Percent of CPU this job got: 81%
	Elapsed (wall clock) time (h:mm:ss or m:ss): 8:48.60
	Average shared text size (kbytes): 0
	Average unshared data size (kbytes): 0
	Average stack size (kbytes): 0
	Average total size (kbytes): 0
	Maximum resident set size (kbytes): 2107980
	Average resident set size (kbytes): 0
	Major (requiring I/O) page faults: 48
	Minor (reclaiming a frame) page faults: 11267484
	Voluntary context switches: 51934
	Involuntary context switches: 3335
	Swaps: 0
	File system inputs: 200016960
	File system outputs: 251658680
	Socket messages sent: 0
	Socket messages received: 0
	Signals delivered: 0
	Page size (bytes): 4096
	Exit status: 0
READAHEAD_TIME:0.000000 us
MaxRSS= 2048 KB, SharedMem= 0 KB, HardPageFault= 0
*******************DMESG OUTPUT******************
