fclose PID:29670 fd:3
fclose PID:29670 fd:4
fclose PID:29670 fd:4
fclose PID:29670 fd:3
available: 2 nodes (0-1)
fclose PID:29670 fd:3
node 0 cpus:fclose PID:29670 fd:3
 0 1 2 3 4 5 6 7 8 9 20 21 22 23 24 25 26 27 28 29
node 0 size: 80440 MB
node 0 free: 80127 MB
fclose PID:29670 fd:3
node 1 cpus:fclose PID:29670 fd:3
 10 11 12 13 14 15 16 17 18 19 30 31 32 33 34 35 36 37 38 39
node 1 size: 80635 MB
node 1 free: 80375 MB
fclose PID:29670 fd:3
fclose PID:29670 fd:3
node distances:
node   0   1 
  0:  10  21 
  1:  21  10 
READAHEAD_TIME:0.000000 us
MaxRSS= 2204 KB, SharedMem= 0 KB, HardPageFault= 10
fclose PID:29677 fd:8
fclose PID:29678 fd:8
fclose PID:29676 fd:10
fclose PID:29675 fd:12

MADbench 2.0 IO-mode
no_pe = 4  no_pix = 8192  no_bin = 30  no_gang = 1 sblocksize = 8  fblocksize = 64  r_mod = 1  w_mod = 1 record_size=131072 stride=7


IOMETHOD = POSIX  IOMODE = SYNC  FILETYPE = UNIQUE  REMAP = CUSTOMbuild_S
build_S
build_S
build_S

Write the data to file:134217728 bytes
***********WAITING************

Write the data to file:134217728 bytes
***********WAITING************

Write the data to file:134217728 bytes
***********WAITING************

Write the data to file:134217728 bytes
***********WAITING************

Write the data to file:134217728 bytes
***********WAITING************

Write the data to file:134217728 bytes
***********WAITING************

Write the data to file:134217728 bytes
***********WAITING************

Write the data to file:134217728 bytes
***********WAITING************

Write the data to file:134217728 bytes
***********WAITING************

Write the data to file:134217728 bytes
***********WAITING************

Write the data to file:134217728 bytes
***********WAITING************

Write the data to file:134217728 bytes
***********WAITING************

Write the data to file:134217728 bytes
***********WAITING************

Write the data to file:134217728 bytes
***********WAITING************

Write the data to file:134217728 bytes
***********WAITING************

Write the data to file:134217728 bytes
***********WAITING************

Write the data to file:134217728 bytes
***********WAITING************

Write the data to file:134217728 bytes
***********WAITING************

Write the data to file:134217728 bytes
***********WAITING************

Write the data to file:134217728 bytes
***********WAITING************

Write the data to file:134217728 bytes
***********WAITING************

Write the data to file:134217728 bytes
***********WAITING************

Write the data to file:134217728 bytes
***********WAITING************

Write the data to file:134217728 bytes
***********WAITING************

Write the data to file:134217728 bytes
***********WAITING************

Write the data to file:134217728 bytes
***********WAITING************

Write the data to file:134217728 bytes
***********WAITING************

Write the data to file:134217728 bytes
***********WAITING************

Write the data to file:134217728 bytes
***********WAITING************

Write the data to file:134217728 bytes
***********WAITING************

Write the data to file:134217728 bytes
***********WAITING************

Write the data to file:134217728 bytes
***********WAITING************

Write the data to file:134217728 bytes
***********WAITING************

Write the data to file:134217728 bytes
***********WAITING************

Write the data to file:134217728 bytes
***********WAITING************

Write the data to file:134217728 bytes
***********WAITING************

Write the data to file:134217728 bytes
***********WAITING************

Write the data to file:134217728 bytes
***********WAITING************

Write the data to file:134217728 bytes
***********WAITING************

Write the data to file:134217728 bytes
***********WAITING************

Write the data to file:134217728 bytes
***********WAITING************

Write the data to file:134217728 bytes
***********WAITING************

Write the data to file:134217728 bytes
***********WAITING************

Write the data to file:134217728 bytes
***********WAITING************

Write the data to file:134217728 bytes
***********WAITING************

Write the data to file:134217728 bytes
***********WAITING************

Write the data to file:134217728 bytes
***********WAITING************

Write the data to file:134217728 bytes
***********WAITING************

Write the data to file:134217728 bytes
***********WAITING************

Write the data to file:134217728 bytes
***********WAITING************

Write the data to file:134217728 bytes
***********WAITING************

Write the data to file:134217728 bytes
***********WAITING************

Write the data to file:134217728 bytes
***********WAITING************

Write the data to file:134217728 bytes
***********WAITING************

Write the data to file:134217728 bytes
***********WAITING************

Write the data to file:134217728 bytes
***********WAITING************

Write the data to file:134217728 bytes
***********WAITING************

Write the data to file:134217728 bytes
***********WAITING************

Write the data to file:134217728 bytes
***********WAITING************

Write the data to file:134217728 bytes
***********WAITING************

Write the data to file:134217728 bytes
***********WAITING************

Write the data to file:134217728 bytes
***********WAITING************

Write the data to file:134217728 bytes
***********WAITING************

Write the data to file:134217728 bytes
***********WAITING************

Write the data to file:134217728 bytes
***********WAITING************

Write the data to file:134217728 bytes
***********WAITING************

Write the data to file:134217728 bytes
***********WAITING************

Write the data to file:134217728 bytes
***********WAITING************

Write the data to file:134217728 bytes
***********WAITING************

Write the data to file:134217728 bytes
***********WAITING************

Write the data to file:134217728 bytes
***********WAITING************

Write the data to file:134217728 bytes
***********WAITING************

Write the data to file:134217728 bytes
***********WAITING************

Write the data to file:134217728 bytes
***********WAITING************

Write the data to file:134217728 bytes
***********WAITING************

Write the data to file:134217728 bytes
***********WAITING************

Write the data to file:134217728 bytes
***********WAITING************

Write the data to file:134217728 bytes
***********WAITING************

Write the data to file:134217728 bytes
***********WAITING************

Write the data to file:134217728 bytes
***********WAITING************

Write the data to file:134217728 bytes
***********WAITING************

Write the data to file:134217728 bytes
***********WAITING************

Write the data to file:134217728 bytes
***********WAITING************

Write the data to file:134217728 bytes
***********WAITING************

Write the data to file:134217728 bytes
***********WAITING************

Write the data to file:134217728 bytes
***********WAITING************

Write the data to file:134217728 bytes
***********WAITING************

Write the data to file:134217728 bytes
***********WAITING************

Write the data to file:134217728 bytes
***********WAITING************

Write the data to file:134217728 bytes
***********WAITING************

Write the data to file:134217728 bytes
***********WAITING************

Write the data to file:134217728 bytes
***********WAITING************

Write the data to file:134217728 bytes
***********WAITING************

Write the data to file:134217728 bytes
***********WAITING************

Write the data to file:134217728 bytes
***********WAITING************

Write the data to file:134217728 bytes
***********WAITING************

Write the data to file:134217728 bytes
***********WAITING************

Write the data to file:134217728 bytes
***********WAITING************

Write the data to file:134217728 bytes
***********WAITING************

Write the data to file:134217728 bytes
***********WAITING************

Write the data to file:134217728 bytes
***********WAITING************

Write the data to file:134217728 bytes
***********WAITING************

Write the data to file:134217728 bytes
***********WAITING************

Write the data to file:134217728 bytes
***********WAITING************

Write the data to file:134217728 bytes
***********WAITING************

Write the data to file:134217728 bytes
***********WAITING************

Write the data to file:134217728 bytes
***********WAITING************

Write the data to file:134217728 bytes
***********WAITING************

Write the data to file:134217728 bytes
***********WAITING************

Write the data to file:134217728 bytes
***********WAITING************

Write the data to file:134217728 bytes
***********WAITING************

Write the data to file:134217728 bytes
***********WAITING************

Write the data to file:134217728 bytes
***********WAITING************

Write the data to file:134217728 bytes
***********WAITING************

Write the data to file:134217728 bytes
***********WAITING************

Write the data to file:134217728 bytes
***********WAITING************

Write the data to file:134217728 bytes
***********WAITING************

Write the data to file:134217728 bytes
***********WAITING************

Write the data to file:134217728 bytes
***********WAITING************

Write the data to file:134217728 bytes
***********WAITING************
S_cc         1.61   [      1.61:      1.62]
S_bw         0.71   [      0.71:      0.71]
S_w         36.32   [     36.32:     36.32]
          -------
S_total     38.65   [     38.65:     38.65]

build_S done
calc_W
build_S done
calc_W
nr_of_strided_rec: 128
nr_doubles: 16384
build_S done
calc_W
nr_of_strided_rec: 128
nr_doubles: 16384
build_S done
calc_W
nr_of_strided_rec: 128
nr_doubles: 16384
nr_of_strided_rec: 128
nr_doubles: 16384
nr_of_strided_rec: 128
nr_doubles: 16384
nr_of_strided_rec: 128
nr_doubles: 16384
nr_of_strided_rec: 128
nr_doubles: 16384
nr_of_strided_rec: 128
nr_doubles: 16384

Write the data to file:134217728 bytes
***********WAITING************

Write the data to file:134217728 bytes
***********WAITING************

Write the data to file:134217728 bytes
***********WAITING************

Write the data to file:134217728 bytes
***********WAITING************
nr_of_strided_rec: 128
nr_doubles: 16384
nr_of_strided_rec: 128
nr_doubles: 16384
nr_of_strided_rec: 128
nr_doubles: 16384
nr_of_strided_rec: 128
nr_doubles: 16384

Write the data to file:134217728 bytes
***********WAITING************

Write the data to file:134217728 bytes
***********WAITING************

Write the data to file:134217728 bytes
***********WAITING************

Write the data to file:134217728 bytes
***********WAITING************
nr_of_strided_rec: 128
nr_doubles: 16384
nr_of_strided_rec: 128
nr_doubles: 16384
nr_of_strided_rec: 128
nr_doubles: 16384
nr_of_strided_rec: 128
nr_doubles: 16384

Write the data to file:134217728 bytes
***********WAITING************

Write the data to file:134217728 bytes
***********WAITING************

Write the data to file:134217728 bytes
***********WAITING************

Write the data to file:134217728 bytes
***********WAITING************
nr_of_strided_rec: 128
nr_doubles: 16384
nr_of_strided_rec: 128
nr_doubles: 16384
nr_of_strided_rec: 128
nr_doubles: 16384
nr_of_strided_rec: 128
nr_doubles: 16384

Write the data to file:134217728 bytes
***********WAITING************

Write the data to file:134217728 bytes
***********WAITING************

Write the data to file:134217728 bytes
***********WAITING************

Write the data to file:134217728 bytes
***********WAITING************
nr_of_strided_rec: 128
nr_doubles: 16384
nr_of_strided_rec: 128
nr_doubles: 16384
nr_of_strided_rec: 128
nr_doubles: 16384
nr_of_strided_rec: 128
nr_doubles: 16384

Write the data to file:134217728 bytes
***********WAITING************

Write the data to file:134217728 bytes
***********WAITING************

Write the data to file:134217728 bytes
***********WAITING************

Write the data to file:134217728 bytes
***********WAITING************
nr_of_strided_rec: 128
nr_doubles: 16384
nr_of_strided_rec: 128
nr_doubles: 16384
nr_of_strided_rec: 128
nr_doubles: 16384
nr_of_strided_rec: 128
nr_doubles: 16384

Write the data to file:134217728 bytes
***********WAITING************

Write the data to file:134217728 bytes
***********WAITING************

Write the data to file:134217728 bytes
***********WAITING************

Write the data to file:134217728 bytes
***********WAITING************
nr_of_strided_rec: 128
nr_doubles: 16384
nr_of_strided_rec: 128
nr_doubles: 16384
nr_of_strided_rec: 128
nr_doubles: 16384
nr_of_strided_rec: 128
nr_doubles: 16384

Write the data to file:134217728 bytes
***********WAITING************

Write the data to file:134217728 bytes
***********WAITING************

Write the data to file:134217728 bytes
***********WAITING************

Write the data to file:134217728 bytes
***********WAITING************
nr_of_strided_rec: 128
nr_doubles: 16384
nr_of_strided_rec: 128
nr_doubles: 16384
nr_of_strided_rec: 128
nr_doubles: 16384
nr_of_strided_rec: 128
nr_doubles: 16384

Write the data to file:134217728 bytes
***********WAITING************

Write the data to file:134217728 bytes
***********WAITING************

Write the data to file:134217728 bytes
***********WAITING************

Write the data to file:134217728 bytes
***********WAITING************
nr_of_strided_rec: 128
nr_doubles: 16384
nr_of_strided_rec: 128
nr_doubles: 16384
nr_of_strided_rec: 128
nr_doubles: 16384
nr_of_strided_rec: 128
nr_doubles: 16384

Write the data to file:134217728 bytes
***********WAITING************

Write the data to file:134217728 bytes
***********WAITING************

Write the data to file:134217728 bytes
***********WAITING************

Write the data to file:134217728 bytes
***********WAITING************
nr_of_strided_rec: 128
nr_doubles: 16384
nr_of_strided_rec: 128
nr_doubles: 16384
nr_of_strided_rec: 128
nr_doubles: 16384
nr_of_strided_rec: 128
nr_doubles: 16384

Write the data to file:134217728 bytes
***********WAITING************

Write the data to file:134217728 bytes
***********WAITING************

Write the data to file:134217728 bytes
***********WAITING************

Write the data to file:134217728 bytes
***********WAITING************
nr_of_strided_rec: 128
nr_doubles: 16384
nr_of_strided_rec: 128
nr_doubles: 16384
nr_of_strided_rec: 128
nr_doubles: 16384
nr_of_strided_rec: 128
nr_doubles: 16384

Write the data to file:134217728 bytes
***********WAITING************

Write the data to file:134217728 bytes
***********WAITING************

Write the data to file:134217728 bytes
***********WAITING************

Write the data to file:134217728 bytes
***********WAITING************
nr_of_strided_rec: 128
nr_doubles: 16384
nr_of_strided_rec: 128
nr_doubles: 16384
nr_of_strided_rec: 128
nr_doubles: 16384
nr_of_strided_rec: 128
nr_doubles: 16384

Write the data to file:134217728 bytes
***********WAITING************

Write the data to file:134217728 bytes
***********WAITING************

Write the data to file:134217728 bytes
***********WAITING************

Write the data to file:134217728 bytes
***********WAITING************
nr_of_strided_rec: 128
nr_doubles: 16384
nr_of_strided_rec: 128
nr_doubles: 16384
nr_of_strided_rec: 128
nr_doubles: 16384
nr_of_strided_rec: 128
nr_doubles: 16384

Write the data to file:134217728 bytes
***********WAITING************

Write the data to file:134217728 bytes
***********WAITING************

Write the data to file:134217728 bytes
***********WAITING************

Write the data to file:134217728 bytes
***********WAITING************
nr_of_strided_rec: 128
nr_doubles: 16384
nr_of_strided_rec: 128
nr_doubles: 16384
nr_of_strided_rec: 128
nr_doubles: 16384
nr_of_strided_rec: 128
nr_doubles: 16384

Write the data to file:134217728 bytes
***********WAITING************

Write the data to file:134217728 bytes
***********WAITING************

Write the data to file:134217728 bytes
***********WAITING************

Write the data to file:134217728 bytes
***********WAITING************
nr_of_strided_rec: 128
nr_doubles: 16384
nr_of_strided_rec: 128
nr_doubles: 16384
nr_of_strided_rec: 128
nr_doubles: 16384
nr_of_strided_rec: 128
nr_doubles: 16384

Write the data to file:134217728 bytes
***********WAITING************

Write the data to file:134217728 bytes
***********WAITING************

Write the data to file:134217728 bytes
***********WAITING************

Write the data to file:134217728 bytes
***********WAITING************
nr_of_strided_rec: 128
nr_doubles: 16384
nr_of_strided_rec: 128
nr_doubles: 16384
nr_of_strided_rec: 128
nr_doubles: 16384
nr_of_strided_rec: 128
nr_doubles: 16384

Write the data to file:134217728 bytes
***********WAITING************

Write the data to file:134217728 bytes
***********WAITING************

Write the data to file:134217728 bytes
***********WAITING************

Write the data to file:134217728 bytes
***********WAITING************
nr_of_strided_rec: 128
nr_doubles: 16384
nr_of_strided_rec: 128
nr_doubles: 16384
nr_of_strided_rec: 128
nr_doubles: 16384
nr_of_strided_rec: 128
nr_doubles: 16384

Write the data to file:134217728 bytes
***********WAITING************

Write the data to file:134217728 bytes
***********WAITING************

Write the data to file:134217728 bytes
***********WAITING************

Write the data to file:134217728 bytes
***********WAITING************
nr_of_strided_rec: 128
nr_doubles: 16384
nr_of_strided_rec: 128
nr_doubles: 16384
nr_of_strided_rec: 128
nr_doubles: 16384
nr_of_strided_rec: 128
nr_doubles: 16384

Write the data to file:134217728 bytes
***********WAITING************

Write the data to file:134217728 bytes
***********WAITING************

Write the data to file:134217728 bytes
***********WAITING************

Write the data to file:134217728 bytes
***********WAITING************
nr_of_strided_rec: 128
nr_doubles: 16384
nr_of_strided_rec: 128
nr_doubles: 16384
nr_of_strided_rec: 128
nr_doubles: 16384
nr_of_strided_rec: 128
nr_doubles: 16384

Write the data to file:134217728 bytes
***********WAITING************

Write the data to file:134217728 bytes
***********WAITING************

Write the data to file:134217728 bytes
***********WAITING************

Write the data to file:134217728 bytes
***********WAITING************
nr_of_strided_rec: 128
nr_doubles: 16384
nr_of_strided_rec: 128
nr_doubles: 16384
nr_of_strided_rec: 128
nr_doubles: 16384
nr_of_strided_rec: 128
nr_doubles: 16384

Write the data to file:134217728 bytes
***********WAITING************

Write the data to file:134217728 bytes
***********WAITING************

Write the data to file:134217728 bytes
***********WAITING************

Write the data to file:134217728 bytes
***********WAITING************
nr_of_strided_rec: 128
nr_doubles: 16384
nr_of_strided_rec: 128
nr_doubles: 16384
nr_of_strided_rec: 128
nr_doubles: 16384
nr_of_strided_rec: 128
nr_doubles: 16384

Write the data to file:134217728 bytes
***********WAITING************

Write the data to file:134217728 bytes
***********WAITING************

Write the data to file:134217728 bytes
***********WAITING************

Write the data to file:134217728 bytes
***********WAITING************
nr_of_strided_rec: 128
nr_doubles: 16384
nr_of_strided_rec: 128
nr_doubles: 16384
nr_of_strided_rec: 128
nr_doubles: 16384
nr_of_strided_rec: 128
nr_doubles: 16384

Write the data to file:134217728 bytes
***********WAITING************

Write the data to file:134217728 bytes
***********WAITING************

Write the data to file:134217728 bytes
***********WAITING************

Write the data to file:134217728 bytes
***********WAITING************
nr_of_strided_rec: 128
nr_doubles: 16384
nr_of_strided_rec: 128
nr_doubles: 16384
nr_of_strided_rec: 128
nr_doubles: 16384
nr_of_strided_rec: 128
nr_doubles: 16384

Write the data to file:134217728 bytes
***********WAITING************

Write the data to file:134217728 bytes
***********WAITING************

Write the data to file:134217728 bytes
***********WAITING************

Write the data to file:134217728 bytes
***********WAITING************
nr_of_strided_rec: 128
nr_doubles: 16384
nr_of_strided_rec: 128
nr_doubles: 16384
nr_of_strided_rec: 128
nr_doubles: 16384
nr_of_strided_rec: 128
nr_doubles: 16384

Write the data to file:134217728 bytes
***********WAITING************

Write the data to file:134217728 bytes
***********WAITING************

Write the data to file:134217728 bytes
***********WAITING************

Write the data to file:134217728 bytes
***********WAITING************
nr_of_strided_rec: 128
nr_doubles: 16384
nr_of_strided_rec: 128
nr_doubles: 16384
nr_of_strided_rec: 128
nr_doubles: 16384
nr_of_strided_rec: 128
nr_doubles: 16384

Write the data to file:134217728 bytes
***********WAITING************

Write the data to file:134217728 bytes
***********WAITING************

Write the data to file:134217728 bytes
***********WAITING************

Write the data to file:134217728 bytes
***********WAITING************
nr_of_strided_rec: 128
nr_doubles: 16384
nr_of_strided_rec: 128
nr_doubles: 16384
nr_of_strided_rec: 128
nr_doubles: 16384
nr_of_strided_rec: 128
nr_doubles: 16384

Write the data to file:134217728 bytes
***********WAITING************

Write the data to file:134217728 bytes
***********WAITING************

Write the data to file:134217728 bytes
***********WAITING************

Write the data to file:134217728 bytes
***********WAITING************
nr_of_strided_rec: 128
nr_doubles: 16384
nr_of_strided_rec: 128
nr_doubles: 16384
nr_of_strided_rec: 128
nr_doubles: 16384
nr_of_strided_rec: 128
nr_doubles: 16384

Write the data to file:134217728 bytes
***********WAITING************

Write the data to file:134217728 bytes
***********WAITING************

Write the data to file:134217728 bytes
***********WAITING************

Write the data to file:134217728 bytes
***********WAITING************
nr_of_strided_rec: 128
nr_doubles: 16384
nr_of_strided_rec: 128
nr_doubles: 16384
nr_of_strided_rec: 128
nr_doubles: 16384
nr_of_strided_rec: 128
nr_doubles: 16384

Write the data to file:134217728 bytes
***********WAITING************

Write the data to file:134217728 bytes
***********WAITING************

Write the data to file:134217728 bytes
***********WAITING************

Write the data to file:134217728 bytes
***********WAITING************
nr_of_strided_rec: 128
nr_doubles: 16384
nr_of_strided_rec: 128
nr_doubles: 16384
nr_of_strided_rec: 128
nr_doubles: 16384
nr_of_strided_rec: 128
nr_doubles: 16384

Write the data to file:134217728 bytes
***********WAITING************

Write the data to file:134217728 bytes
***********WAITING************

Write the data to file:134217728 bytes
***********WAITING************

Write the data to file:134217728 bytes
***********WAITING************

Write the data to file:134217728 bytes
***********WAITING************

Write the data to file:134217728 bytes
***********WAITING************

Write the data to file:134217728 bytes
***********WAITING************

Write the data to file:134217728 bytes
***********WAITING************
W_cc         3.52   [      3.51:      3.52]
W_r         49.85   [     49.85:     49.85]
W_w         32.03   [     32.03:     32.03]
          -------
W_total     85.39   [     85.39:     85.39]

calc_W done
calc_W done
nr_of_strided_rec: 128
nr_doubles: 16384
calc_W done
nr_of_strided_rec: 128
nr_doubles: 16384
calc_W done
nr_of_strided_rec: 128
nr_doubles: 16384
nr_of_strided_rec: 128
nr_doubles: 16384
nr_of_strided_rec: 128
nr_doubles: 16384
nr_of_strided_rec: 128
nr_doubles: 16384
nr_of_strided_rec: 128
nr_doubles: 16384
nr_of_strided_rec: 128
nr_doubles: 16384
nr_of_strided_rec: 128
nr_doubles: 16384
nr_of_strided_rec: 128
nr_doubles: 16384
nr_of_strided_rec: 128
nr_doubles: 16384
nr_of_strided_rec: 128
nr_doubles: 16384
nr_of_strided_rec: 128
nr_doubles: 16384
nr_of_strided_rec: 128
nr_doubles: 16384
nr_of_strided_rec: 128
nr_doubles: 16384
nr_of_strided_rec: 128
nr_doubles: 16384
nr_of_strided_rec: 128
nr_doubles: 16384
nr_of_strided_rec: 128
nr_doubles: 16384
nr_of_strided_rec: 128
nr_doubles: 16384
nr_of_strided_rec: 128
nr_doubles: 16384
nr_of_strided_rec: 128
nr_doubles: 16384
nr_of_strided_rec: 128
nr_doubles: 16384
nr_of_strided_rec: 128
nr_doubles: 16384
nr_of_strided_rec: 128
nr_doubles: 16384
nr_of_strided_rec: 128
nr_doubles: 16384
nr_of_strided_rec: 128
nr_doubles: 16384
nr_of_strided_rec: 128
nr_doubles: 16384
nr_of_strided_rec: 128
nr_doubles: 16384
nr_of_strided_rec: 128
nr_doubles: 16384
nr_of_strided_rec: 128
nr_doubles: 16384
nr_of_strided_rec: 128
nr_doubles: 16384
nr_of_strided_rec: 128
nr_doubles: 16384
nr_of_strided_rec: 128
nr_doubles: 16384
nr_of_strided_rec: 128
nr_doubles: 16384
nr_of_strided_rec: 128
nr_doubles: 16384
nr_of_strided_rec: 128
nr_doubles: 16384
nr_of_strided_rec: 128
nr_doubles: 16384
nr_of_strided_rec: 128
nr_doubles: 16384
nr_of_strided_rec: 128
nr_doubles: 16384
nr_of_strided_rec: 128
nr_doubles: 16384
nr_of_strided_rec: 128
nr_doubles: 16384
nr_of_strided_rec: 128
nr_doubles: 16384
nr_of_strided_rec: 128
nr_doubles: 16384
nr_of_strided_rec: 128
nr_doubles: 16384
nr_of_strided_rec: 128
nr_doubles: 16384
nr_of_strided_rec: 128
nr_doubles: 16384
nr_of_strided_rec: 128
nr_doubles: 16384
nr_of_strided_rec: 128
nr_doubles: 16384
nr_of_strided_rec: 128
nr_doubles: 16384
nr_of_strided_rec: 128
nr_doubles: 16384
nr_of_strided_rec: 128
nr_doubles: 16384
nr_of_strided_rec: 128
nr_doubles: 16384
nr_of_strided_rec: 128
nr_doubles: 16384
nr_of_strided_rec: 128
nr_doubles: 16384
nr_of_strided_rec: 128
nr_doubles: 16384
nr_of_strided_rec: 128
nr_doubles: 16384
nr_of_strided_rec: 128
nr_doubles: 16384
nr_of_strided_rec: 128
nr_doubles: 16384
nr_of_strided_rec: 128
nr_doubles: 16384
nr_of_strided_rec: 128
nr_doubles: 16384
nr_of_strided_rec: 128
nr_doubles: 16384
nr_of_strided_rec: 128
nr_doubles: 16384
nr_of_strided_rec: 128
nr_doubles: 16384
nr_of_strided_rec: 128
nr_doubles: 16384
nr_of_strided_rec: 128
nr_doubles: 16384
nr_of_strided_rec: 128
nr_doubles: 16384
nr_of_strided_rec: 128
nr_doubles: 16384
nr_of_strided_rec: 128
nr_doubles: 16384
nr_of_strided_rec: 128
nr_doubles: 16384
nr_of_strided_rec: 128
nr_doubles: 16384
nr_of_strided_rec: 128
nr_doubles: 16384
nr_of_strided_rec: 128
nr_doubles: 16384
nr_of_strided_rec: 128
nr_doubles: 16384
nr_of_strided_rec: 128
nr_doubles: 16384
nr_of_strided_rec: 128
nr_doubles: 16384
nr_of_strided_rec: 128
nr_doubles: 16384
nr_of_strided_rec: 128
nr_doubles: 16384
nr_of_strided_rec: 128
nr_doubles: 16384
nr_of_strided_rec: 128
nr_doubles: 16384
nr_of_strided_rec: 128
nr_doubles: 16384
nr_of_strided_rec: 128
nr_doubles: 16384
nr_of_strided_rec: 128
nr_doubles: 16384
nr_of_strided_rec: 128
nr_doubles: 16384
nr_of_strided_rec: 128
nr_doubles: 16384
nr_of_strided_rec: 128
nr_doubles: 16384
nr_of_strided_rec: 128
nr_doubles: 16384
nr_of_strided_rec: 128
nr_doubles: 16384
nr_of_strided_rec: 128
nr_doubles: 16384
nr_of_strided_rec: 128
nr_doubles: 16384
nr_of_strided_rec: 128
nr_doubles: 16384
nr_of_strided_rec: 128
nr_doubles: 16384
nr_of_strided_rec: 128
nr_doubles: 16384
nr_of_strided_rec: 128
nr_doubles: 16384
nr_of_strided_rec: 128
nr_doubles: 16384
nr_of_strided_rec: 128
nr_doubles: 16384
nr_of_strided_rec: 128
nr_doubles: 16384
nr_of_strided_rec: 128
nr_doubles: 16384
nr_of_strided_rec: 128
nr_doubles: 16384
nr_of_strided_rec: 128
nr_doubles: 16384
nr_of_strided_rec: 128
nr_doubles: 16384
nr_of_strided_rec: 128
nr_doubles: 16384
nr_of_strided_rec: 128
nr_doubles: 16384
nr_of_strided_rec: 128
nr_doubles: 16384
nr_of_strided_rec: 128
nr_doubles: 16384
nr_of_strided_rec: 128
nr_doubles: 16384
nr_of_strided_rec: 128
nr_doubles: 16384
nr_of_strided_rec: 128
nr_doubles: 16384
nr_of_strided_rec: 128
nr_doubles: 16384
nr_of_strided_rec: 128
nr_doubles: 16384
nr_of_strided_rec: 128
nr_doubles: 16384
nr_of_strided_rec: 128
nr_doubles: 16384
nr_of_strided_rec: 128
nr_doubles: 16384
nr_of_strided_rec: 128
nr_doubles: 16384
nr_of_strided_rec: 128
nr_doubles: 16384
nr_of_strided_rec: 128
nr_doubles: 16384
nr_of_strided_rec: 128
nr_doubles: 16384
nr_of_strided_rec: 128
nr_doubles: 16384
nr_of_strided_rec: 128
nr_doubles: 16384
nr_of_strided_rec: 128
nr_doubles: 16384
nr_of_strided_rec: 128
nr_doubles: 16384
C_cc         1.84   [      1.84:      1.84]
C_bw         0.80   [      0.80:      0.80]
C_r         35.56   [     35.56:     35.56]
          -------
C_total     38.21   [     38.20:     38.21]


dC[0] = 0.00000e+00
fclose PID:29677 fd:8
fclose PID:29676 fd:10
fclose PID:29675 fd:12
fclose PID:29678 fd:8
READAHEAD_TIME:25456449.000000 us
MaxRSS= 534916 KB, SharedMem= 0 KB, HardPageFault= 9
READAHEAD_TIME:27234536.000000 us
MaxRSS= 534840 KB, SharedMem= 0 KB, HardPageFault= 14
READAHEAD_TIME:25566070.000000 us
MaxRSS= 535024 KB, SharedMem= 0 KB, HardPageFault= 8
READAHEAD_TIME:25247863.000000 us
MaxRSS= 535100 KB, SharedMem= 0 KB, HardPageFault= 10
fclose PID:29674 fd:0
fclose PID:29674 fd:6
fclose PID:29674 fd:6
fclose PID:29674 fd:0
READAHEAD_TIME:0.000000 us
MaxRSS= 5296 KB, SharedMem= 0 KB, HardPageFault= 2
fclose PID:29673 fd:3
fclose PID:29673 fd:4
fclose PID:29673 fd:4
fclose PID:29673 fd:3
READAHEAD_TIME:0.000000 us
MaxRSS= 4864 KB, SharedMem= 0 KB, HardPageFault= 4
	Command being timed: "mpiexec -n 4 ./MADbench2_io 8192 30 1 8 64 1 1 131072 7 1"
	User time (seconds): 78.50
	System time (seconds): 61.65
	Percent of CPU this job got: 86%
	Elapsed (wall clock) time (h:mm:ss or m:ss): 2:42.61
	Average shared text size (kbytes): 0
	Average unshared data size (kbytes): 0
	Average stack size (kbytes): 0
	Average total size (kbytes): 0
	Maximum resident set size (kbytes): 535100
	Average resident set size (kbytes): 0
	Major (requiring I/O) page faults: 48
	Minor (reclaiming a frame) page faults: 4093272
	Voluntary context switches: 45262
	Involuntary context switches: 1573
	Swaps: 0
	File system inputs: 62438960
	File system outputs: 62914672
	Socket messages sent: 0
	Socket messages received: 0
	Signals delivered: 0
	Page size (bytes): 4096
	Exit status: 0
READAHEAD_TIME:0.000000 us
MaxRSS= 2184 KB, SharedMem= 0 KB, HardPageFault= 0
*******************DMESG OUTPUT******************
