fclose PID:31524 fd:3
fclose PID:31524 fd:4
fclose PID:31524 fd:4
fclose PID:31524 fd:3
available: 2 nodes (0-1)
fclose PID:31524 fd:3
node 0 cpus:fclose PID:31524 fd:3
 0 1 2 3 4 5 6 7 8 9 20 21 22 23 24 25 26 27 28 29
node 0 size: 80440 MB
node 0 free: 80126 MB
fclose PID:31524 fd:3
node 1 cpus:fclose PID:31524 fd:3
 10 11 12 13 14 15 16 17 18 19 30 31 32 33 34 35 36 37 38 39
node 1 size: 80635 MB
node 1 free: 80382 MB
fclose PID:31524 fd:3
fclose PID:31524 fd:3
node distances:
node   0   1 
  0:  10  21 
  1:  21  10 
READAHEAD_TIME:0.000000 us
MaxRSS= 2200 KB, SharedMem= 0 KB, HardPageFault= 10
fclose PID:31529 fd:12
fclose PID:31530 fd:10
fclose PID:31531 fd:8
fclose PID:31532 fd:8

MADbench 2.0 IO-mode
no_pe = 4  no_pix = 16384  no_bin = 30  no_gang = 1 sblocksize = 8  fblocksize = 64  r_mod = 1  w_mod = 1 record_size=4096 stride=7


IOMETHOD = POSIX  IOMODE = SYNC  FILETYPE = UNIQUE  REMAP = CUSTOMbuild_S
build_S
build_S
build_S

Write the data to file:536870912 bytes
***********WAITING************

Write the data to file:536870912 bytes
***********WAITING************

Write the data to file:536870912 bytes
***********WAITING************

Write the data to file:536870912 bytes
***********WAITING************

Write the data to file:536870912 bytes
***********WAITING************

Write the data to file:536870912 bytes
***********WAITING************

Write the data to file:536870912 bytes
***********WAITING************

Write the data to file:536870912 bytes
***********WAITING************

Write the data to file:536870912 bytes
***********WAITING************

Write the data to file:536870912 bytes
***********WAITING************

Write the data to file:536870912 bytes
***********WAITING************

Write the data to file:536870912 bytes
***********WAITING************

Write the data to file:536870912 bytes
***********WAITING************

Write the data to file:536870912 bytes
***********WAITING************

Write the data to file:536870912 bytes
***********WAITING************

Write the data to file:536870912 bytes
***********WAITING************

Write the data to file:536870912 bytes
***********WAITING************

Write the data to file:536870912 bytes
***********WAITING************

Write the data to file:536870912 bytes
***********WAITING************

Write the data to file:536870912 bytes
***********WAITING************

Write the data to file:536870912 bytes
***********WAITING************

Write the data to file:536870912 bytes
***********WAITING************

Write the data to file:536870912 bytes
***********WAITING************

Write the data to file:536870912 bytes
***********WAITING************

Write the data to file:536870912 bytes
***********WAITING************

Write the data to file:536870912 bytes
***********WAITING************

Write the data to file:536870912 bytes
***********WAITING************

Write the data to file:536870912 bytes
***********WAITING************

Write the data to file:536870912 bytes
***********WAITING************

Write the data to file:536870912 bytes
***********WAITING************

Write the data to file:536870912 bytes
***********WAITING************

Write the data to file:536870912 bytes
***********WAITING************

Write the data to file:536870912 bytes
***********WAITING************

Write the data to file:536870912 bytes
***********WAITING************

Write the data to file:536870912 bytes
***********WAITING************

Write the data to file:536870912 bytes
***********WAITING************

Write the data to file:536870912 bytes
***********WAITING************

Write the data to file:536870912 bytes
***********WAITING************

Write the data to file:536870912 bytes
***********WAITING************

Write the data to file:536870912 bytes
***********WAITING************

Write the data to file:536870912 bytes
***********WAITING************

Write the data to file:536870912 bytes
***********WAITING************

Write the data to file:536870912 bytes
***********WAITING************

Write the data to file:536870912 bytes
***********WAITING************

Write the data to file:536870912 bytes
***********WAITING************

Write the data to file:536870912 bytes
***********WAITING************

Write the data to file:536870912 bytes
***********WAITING************

Write the data to file:536870912 bytes
***********WAITING************

Write the data to file:536870912 bytes
***********WAITING************

Write the data to file:536870912 bytes
***********WAITING************

Write the data to file:536870912 bytes
***********WAITING************

Write the data to file:536870912 bytes
***********WAITING************

Write the data to file:536870912 bytes
***********WAITING************

Write the data to file:536870912 bytes
***********WAITING************

Write the data to file:536870912 bytes
***********WAITING************

Write the data to file:536870912 bytes
***********WAITING************

Write the data to file:536870912 bytes
***********WAITING************

Write the data to file:536870912 bytes
***********WAITING************

Write the data to file:536870912 bytes
***********WAITING************

Write the data to file:536870912 bytes
***********WAITING************

Write the data to file:536870912 bytes
***********WAITING************

Write the data to file:536870912 bytes
***********WAITING************

Write the data to file:536870912 bytes
***********WAITING************

Write the data to file:536870912 bytes
***********WAITING************

Write the data to file:536870912 bytes
***********WAITING************

Write the data to file:536870912 bytes
***********WAITING************

Write the data to file:536870912 bytes
***********WAITING************

Write the data to file:536870912 bytes
***********WAITING************

Write the data to file:536870912 bytes
***********WAITING************

Write the data to file:536870912 bytes
***********WAITING************

Write the data to file:536870912 bytes
***********WAITING************

Write the data to file:536870912 bytes
***********WAITING************

Write the data to file:536870912 bytes
***********WAITING************

Write the data to file:536870912 bytes
***********WAITING************

Write the data to file:536870912 bytes
***********WAITING************

Write the data to file:536870912 bytes
***********WAITING************

Write the data to file:536870912 bytes
***********WAITING************

Write the data to file:536870912 bytes
***********WAITING************

Write the data to file:536870912 bytes
***********WAITING************

Write the data to file:536870912 bytes
***********WAITING************

Write the data to file:536870912 bytes
***********WAITING************

Write the data to file:536870912 bytes
***********WAITING************

Write the data to file:536870912 bytes
***********WAITING************

Write the data to file:536870912 bytes
***********WAITING************

Write the data to file:536870912 bytes
***********WAITING************

Write the data to file:536870912 bytes
***********WAITING************

Write the data to file:536870912 bytes
***********WAITING************

Write the data to file:536870912 bytes
***********WAITING************

Write the data to file:536870912 bytes
***********WAITING************

Write the data to file:536870912 bytes
***********WAITING************

Write the data to file:536870912 bytes
***********WAITING************

Write the data to file:536870912 bytes
***********WAITING************

Write the data to file:536870912 bytes
***********WAITING************

Write the data to file:536870912 bytes
***********WAITING************

Write the data to file:536870912 bytes
***********WAITING************

Write the data to file:536870912 bytes
***********WAITING************

Write the data to file:536870912 bytes
***********WAITING************

Write the data to file:536870912 bytes
***********WAITING************

Write the data to file:536870912 bytes
***********WAITING************

Write the data to file:536870912 bytes
***********WAITING************

Write the data to file:536870912 bytes
***********WAITING************

Write the data to file:536870912 bytes
***********WAITING************

Write the data to file:536870912 bytes
***********WAITING************

Write the data to file:536870912 bytes
***********WAITING************

Write the data to file:536870912 bytes
***********WAITING************

Write the data to file:536870912 bytes
***********WAITING************

Write the data to file:536870912 bytes
***********WAITING************

Write the data to file:536870912 bytes
***********WAITING************

Write the data to file:536870912 bytes
***********WAITING************

Write the data to file:536870912 bytes
***********WAITING************

Write the data to file:536870912 bytes
***********WAITING************

Write the data to file:536870912 bytes
***********WAITING************

Write the data to file:536870912 bytes
***********WAITING************

Write the data to file:536870912 bytes
***********WAITING************

Write the data to file:536870912 bytes
***********WAITING************

Write the data to file:536870912 bytes
***********WAITING************

Write the data to file:536870912 bytes
***********WAITING************

Write the data to file:536870912 bytes
***********WAITING************

Write the data to file:536870912 bytes
***********WAITING************

Write the data to file:536870912 bytes
***********WAITING************
S_cc         3.74   [      3.73:      3.74]
S_bw         2.90   [      2.90:      2.90]
S_w        136.78   [    136.78:    136.78]
          -------
S_total    143.42   [    143.42:    143.42]

build_S done
calc_W
nr_of_strided_rec: 16384
nr_doubles: 512
build_S done
calc_W
nr_of_strided_rec: 16384
nr_doubles: 512
build_S done
calc_W
nr_of_strided_rec: 16384
nr_doubles: 512
build_S done
calc_W
nr_of_strided_rec: 16384
nr_doubles: 512
nr_of_strided_rec: 16384
nr_doubles: 512
nr_of_strided_rec: 16384
nr_doubles: 512
nr_of_strided_rec: 16384
nr_doubles: 512
nr_of_strided_rec: 16384
nr_doubles: 512

Write the data to file:536870912 bytes
***********WAITING************

Write the data to file:536870912 bytes
***********WAITING************

Write the data to file:536870912 bytes
***********WAITING************

Write the data to file:536870912 bytes
***********WAITING************
nr_of_strided_rec: 16384
nr_doubles: 512
nr_of_strided_rec: 16384
nr_doubles: 512
nr_of_strided_rec: 16384
nr_doubles: 512
nr_of_strided_rec: 16384
nr_doubles: 512

Write the data to file:536870912 bytes
***********WAITING************

Write the data to file:536870912 bytes
***********WAITING************

Write the data to file:536870912 bytes
***********WAITING************

Write the data to file:536870912 bytes
***********WAITING************
nr_of_strided_rec: 16384
nr_doubles: 512
nr_of_strided_rec: 16384
nr_doubles: 512
nr_of_strided_rec: 16384
nr_doubles: 512
nr_of_strided_rec: 16384
nr_doubles: 512

Write the data to file:536870912 bytes
***********WAITING************

Write the data to file:536870912 bytes
***********WAITING************

Write the data to file:536870912 bytes
***********WAITING************

Write the data to file:536870912 bytes
***********WAITING************
nr_of_strided_rec: 16384
nr_doubles: 512
nr_of_strided_rec: 16384
nr_doubles: 512
nr_of_strided_rec: 16384
nr_doubles: 512
nr_of_strided_rec: 16384
nr_doubles: 512

Write the data to file:536870912 bytes
***********WAITING************

Write the data to file:536870912 bytes
***********WAITING************

Write the data to file:536870912 bytes
***********WAITING************

Write the data to file:536870912 bytes
***********WAITING************
nr_of_strided_rec: 16384
nr_doubles: 512
nr_of_strided_rec: 16384
nr_doubles: 512
nr_of_strided_rec: 16384
nr_doubles: 512
nr_of_strided_rec: 16384
nr_doubles: 512

Write the data to file:536870912 bytes
***********WAITING************

Write the data to file:536870912 bytes
***********WAITING************

Write the data to file:536870912 bytes
***********WAITING************

Write the data to file:536870912 bytes
***********WAITING************
nr_of_strided_rec: 16384
nr_doubles: 512
nr_of_strided_rec: 16384
nr_doubles: 512
nr_of_strided_rec: 16384
nr_doubles: 512
nr_of_strided_rec: 16384
nr_doubles: 512

Write the data to file:536870912 bytes
***********WAITING************

Write the data to file:536870912 bytes
***********WAITING************

Write the data to file:536870912 bytes
***********WAITING************

Write the data to file:536870912 bytes
***********WAITING************
nr_of_strided_rec: 16384
nr_doubles: 512
nr_of_strided_rec: 16384
nr_doubles: 512
nr_of_strided_rec: 16384
nr_doubles: 512
nr_of_strided_rec: 16384
nr_doubles: 512

Write the data to file:536870912 bytes
***********WAITING************

Write the data to file:536870912 bytes
***********WAITING************

Write the data to file:536870912 bytes
***********WAITING************

Write the data to file:536870912 bytes
***********WAITING************
nr_of_strided_rec: 16384
nr_doubles: 512
nr_of_strided_rec: 16384
nr_doubles: 512
nr_of_strided_rec: 16384
nr_doubles: 512
nr_of_strided_rec: 16384
nr_doubles: 512

Write the data to file:536870912 bytes
***********WAITING************

Write the data to file:536870912 bytes
***********WAITING************

Write the data to file:536870912 bytes
***********WAITING************

Write the data to file:536870912 bytes
***********WAITING************
nr_of_strided_rec: 16384
nr_doubles: 512
nr_of_strided_rec: 16384
nr_doubles: 512
nr_of_strided_rec: 16384
nr_doubles: 512
nr_of_strided_rec: 16384
nr_doubles: 512

Write the data to file:536870912 bytes
***********WAITING************

Write the data to file:536870912 bytes
***********WAITING************

Write the data to file:536870912 bytes
***********WAITING************

Write the data to file:536870912 bytes
***********WAITING************
nr_of_strided_rec: 16384
nr_doubles: 512
nr_of_strided_rec: 16384
nr_doubles: 512
nr_of_strided_rec: 16384
nr_doubles: 512
nr_of_strided_rec: 16384
nr_doubles: 512

Write the data to file:536870912 bytes
***********WAITING************

Write the data to file:536870912 bytes
***********WAITING************

Write the data to file:536870912 bytes
***********WAITING************

Write the data to file:536870912 bytes
***********WAITING************
nr_of_strided_rec: 16384
nr_doubles: 512
nr_of_strided_rec: 16384
nr_doubles: 512
nr_of_strided_rec: 16384
nr_doubles: 512
nr_of_strided_rec: 16384
nr_doubles: 512

Write the data to file:536870912 bytes
***********WAITING************

Write the data to file:536870912 bytes
***********WAITING************

Write the data to file:536870912 bytes
***********WAITING************

Write the data to file:536870912 bytes
***********WAITING************
nr_of_strided_rec: 16384
nr_doubles: 512
nr_of_strided_rec: 16384
nr_doubles: 512
nr_of_strided_rec: 16384
nr_doubles: 512
nr_of_strided_rec: 16384
nr_doubles: 512

Write the data to file:536870912 bytes
***********WAITING************

Write the data to file:536870912 bytes
***********WAITING************

Write the data to file:536870912 bytes
***********WAITING************

Write the data to file:536870912 bytes
***********WAITING************
nr_of_strided_rec: 16384
nr_doubles: 512
nr_of_strided_rec: 16384
nr_doubles: 512
nr_of_strided_rec: 16384
nr_doubles: 512
nr_of_strided_rec: 16384
nr_doubles: 512

Write the data to file:536870912 bytes
***********WAITING************

Write the data to file:536870912 bytes
***********WAITING************

Write the data to file:536870912 bytes
***********WAITING************

Write the data to file:536870912 bytes
***********WAITING************
nr_of_strided_rec: 16384
nr_doubles: 512
nr_of_strided_rec: 16384
nr_doubles: 512
nr_of_strided_rec: 16384
nr_doubles: 512
nr_of_strided_rec: 16384
nr_doubles: 512

Write the data to file:536870912 bytes
***********WAITING************

Write the data to file:536870912 bytes
***********WAITING************

Write the data to file:536870912 bytes
***********WAITING************

Write the data to file:536870912 bytes
***********WAITING************
nr_of_strided_rec: 16384
nr_doubles: 512
nr_of_strided_rec: 16384
nr_doubles: 512
nr_of_strided_rec: 16384
nr_doubles: 512
nr_of_strided_rec: 16384
nr_doubles: 512

Write the data to file:536870912 bytes
***********WAITING************

Write the data to file:536870912 bytes
***********WAITING************

Write the data to file:536870912 bytes
***********WAITING************

Write the data to file:536870912 bytes
***********WAITING************
nr_of_strided_rec: 16384
nr_doubles: 512
nr_of_strided_rec: 16384
nr_doubles: 512
nr_of_strided_rec: 16384
nr_doubles: 512
nr_of_strided_rec: 16384
nr_doubles: 512

Write the data to file:536870912 bytes
***********WAITING************

Write the data to file:536870912 bytes
***********WAITING************

Write the data to file:536870912 bytes
***********WAITING************

Write the data to file:536870912 bytes
***********WAITING************
nr_of_strided_rec: 16384
nr_doubles: 512
nr_of_strided_rec: 16384
nr_doubles: 512
nr_of_strided_rec: 16384
nr_doubles: 512
nr_of_strided_rec: 16384
nr_doubles: 512

Write the data to file:536870912 bytes
***********WAITING************

Write the data to file:536870912 bytes
***********WAITING************

Write the data to file:536870912 bytes
***********WAITING************

Write the data to file:536870912 bytes
***********WAITING************
nr_of_strided_rec: 16384
nr_doubles: 512
nr_of_strided_rec: 16384
nr_doubles: 512
nr_of_strided_rec: 16384
nr_doubles: 512
nr_of_strided_rec: 16384
nr_doubles: 512

Write the data to file:536870912 bytes
***********WAITING************

Write the data to file:536870912 bytes
***********WAITING************

Write the data to file:536870912 bytes
***********WAITING************

Write the data to file:536870912 bytes
***********WAITING************
nr_of_strided_rec: 16384
nr_doubles: 512
nr_of_strided_rec: 16384
nr_doubles: 512
nr_of_strided_rec: 16384
nr_doubles: 512
nr_of_strided_rec: 16384
nr_doubles: 512

Write the data to file:536870912 bytes
***********WAITING************

Write the data to file:536870912 bytes
***********WAITING************

Write the data to file:536870912 bytes
***********WAITING************

Write the data to file:536870912 bytes
***********WAITING************
nr_of_strided_rec: 16384
nr_doubles: 512
nr_of_strided_rec: 16384
nr_doubles: 512
nr_of_strided_rec: 16384
nr_doubles: 512
nr_of_strided_rec: 16384
nr_doubles: 512

Write the data to file:536870912 bytes
***********WAITING************

Write the data to file:536870912 bytes
***********WAITING************

Write the data to file:536870912 bytes
***********WAITING************

Write the data to file:536870912 bytes
***********WAITING************
nr_of_strided_rec: 16384
nr_doubles: 512
nr_of_strided_rec: 16384
nr_doubles: 512
nr_of_strided_rec: 16384
nr_doubles: 512
nr_of_strided_rec: 16384
nr_doubles: 512

Write the data to file:536870912 bytes
***********WAITING************

Write the data to file:536870912 bytes
***********WAITING************

Write the data to file:536870912 bytes
***********WAITING************

Write the data to file:536870912 bytes
***********WAITING************
nr_of_strided_rec: 16384
nr_doubles: 512
nr_of_strided_rec: 16384
nr_doubles: 512
nr_of_strided_rec: 16384
nr_doubles: 512
nr_of_strided_rec: 16384
nr_doubles: 512

Write the data to file:536870912 bytes
***********WAITING************

Write the data to file:536870912 bytes
***********WAITING************

Write the data to file:536870912 bytes
***********WAITING************

Write the data to file:536870912 bytes
***********WAITING************
nr_of_strided_rec: 16384
nr_doubles: 512
nr_of_strided_rec: 16384
nr_doubles: 512
nr_of_strided_rec: 16384
nr_doubles: 512
nr_of_strided_rec: 16384
nr_doubles: 512

Write the data to file:536870912 bytes
***********WAITING************

Write the data to file:536870912 bytes
***********WAITING************

Write the data to file:536870912 bytes
***********WAITING************

Write the data to file:536870912 bytes
***********WAITING************
nr_of_strided_rec: 16384
nr_doubles: 512
nr_of_strided_rec: 16384
nr_doubles: 512
nr_of_strided_rec: 16384
nr_doubles: 512
nr_of_strided_rec: 16384
nr_doubles: 512

Write the data to file:536870912 bytes
***********WAITING************

Write the data to file:536870912 bytes
***********WAITING************

Write the data to file:536870912 bytes
***********WAITING************

Write the data to file:536870912 bytes
***********WAITING************
nr_of_strided_rec: 16384
nr_doubles: 512
nr_of_strided_rec: 16384
nr_doubles: 512
nr_of_strided_rec: 16384
nr_doubles: 512
nr_of_strided_rec: 16384
nr_doubles: 512

Write the data to file:536870912 bytes
***********WAITING************

Write the data to file:536870912 bytes
***********WAITING************

Write the data to file:536870912 bytes
***********WAITING************

Write the data to file:536870912 bytes
***********WAITING************
nr_of_strided_rec: 16384
nr_doubles: 512
nr_of_strided_rec: 16384
nr_doubles: 512
nr_of_strided_rec: 16384
nr_doubles: 512
nr_of_strided_rec: 16384
nr_doubles: 512

Write the data to file:536870912 bytes
***********WAITING************

Write the data to file:536870912 bytes
***********WAITING************

Write the data to file:536870912 bytes
***********WAITING************

Write the data to file:536870912 bytes
***********WAITING************
nr_of_strided_rec: 16384
nr_doubles: 512
nr_of_strided_rec: 16384
nr_doubles: 512
nr_of_strided_rec: 16384
nr_doubles: 512
nr_of_strided_rec: 16384
nr_doubles: 512

Write the data to file:536870912 bytes
***********WAITING************

Write the data to file:536870912 bytes
***********WAITING************

Write the data to file:536870912 bytes
***********WAITING************

Write the data to file:536870912 bytes
***********WAITING************
nr_of_strided_rec: 16384
nr_doubles: 512
nr_of_strided_rec: 16384
nr_doubles: 512
nr_of_strided_rec: 16384
nr_doubles: 512
nr_of_strided_rec: 16384
nr_doubles: 512

Write the data to file:536870912 bytes
***********WAITING************

Write the data to file:536870912 bytes
***********WAITING************

Write the data to file:536870912 bytes
***********WAITING************

Write the data to file:536870912 bytes
***********WAITING************
nr_of_strided_rec: 16384
nr_doubles: 512
nr_of_strided_rec: 16384
nr_doubles: 512
nr_of_strided_rec: 16384
nr_doubles: 512
nr_of_strided_rec: 16384
nr_doubles: 512

Write the data to file:536870912 bytes
***********WAITING************

Write the data to file:536870912 bytes
***********WAITING************

Write the data to file:536870912 bytes
***********WAITING************

Write the data to file:536870912 bytes
***********WAITING************

Write the data to file:536870912 bytes
***********WAITING************

Write the data to file:536870912 bytes
***********WAITING************

Write the data to file:536870912 bytes
***********WAITING************

Write the data to file:536870912 bytes
***********WAITING************
W_cc        10.52   [     10.51:     10.54]
W_r        401.54   [    401.54:    401.54]
W_w        118.75   [    118.75:    118.75]
          -------
W_total    530.81   [    530.80:    530.82]

calc_W done
nr_of_strided_rec: 16384
nr_doubles: 512
calc_W done
nr_of_strided_rec: 16384
nr_doubles: 512
calc_W done
nr_of_strided_rec: 16384
nr_doubles: 512
calc_W done
nr_of_strided_rec: 16384
nr_doubles: 512
nr_of_strided_rec: 16384
nr_doubles: 512
nr_of_strided_rec: 16384
nr_doubles: 512
nr_of_strided_rec: 16384
nr_doubles: 512
nr_of_strided_rec: 16384
nr_doubles: 512
nr_of_strided_rec: 16384
nr_doubles: 512
nr_of_strided_rec: 16384
nr_doubles: 512
nr_of_strided_rec: 16384
nr_doubles: 512
nr_of_strided_rec: 16384
nr_doubles: 512
nr_of_strided_rec: 16384
nr_doubles: 512
nr_of_strided_rec: 16384
nr_doubles: 512
nr_of_strided_rec: 16384
nr_doubles: 512
nr_of_strided_rec: 16384
nr_doubles: 512
nr_of_strided_rec: 16384
nr_doubles: 512
nr_of_strided_rec: 16384
nr_doubles: 512
nr_of_strided_rec: 16384
nr_doubles: 512
nr_of_strided_rec: 16384
nr_doubles: 512
nr_of_strided_rec: 16384
nr_doubles: 512
nr_of_strided_rec: 16384
nr_doubles: 512
nr_of_strided_rec: 16384
nr_doubles: 512
nr_of_strided_rec: 16384
nr_doubles: 512
nr_of_strided_rec: 16384
nr_doubles: 512
nr_of_strided_rec: 16384
nr_doubles: 512
nr_of_strided_rec: 16384
nr_doubles: 512
nr_of_strided_rec: 16384
nr_doubles: 512
nr_of_strided_rec: 16384
nr_doubles: 512
nr_of_strided_rec: 16384
nr_doubles: 512
nr_of_strided_rec: 16384
nr_doubles: 512
nr_of_strided_rec: 16384
nr_doubles: 512
nr_of_strided_rec: 16384
nr_doubles: 512
nr_of_strided_rec: 16384
nr_doubles: 512
nr_of_strided_rec: 16384
nr_doubles: 512
nr_of_strided_rec: 16384
nr_doubles: 512
nr_of_strided_rec: 16384
nr_doubles: 512
nr_of_strided_rec: 16384
nr_doubles: 512
nr_of_strided_rec: 16384
nr_doubles: 512
nr_of_strided_rec: 16384
nr_doubles: 512
nr_of_strided_rec: 16384
nr_doubles: 512
nr_of_strided_rec: 16384
nr_doubles: 512
nr_of_strided_rec: 16384
nr_doubles: 512
nr_of_strided_rec: 16384
nr_doubles: 512
nr_of_strided_rec: 16384
nr_doubles: 512
nr_of_strided_rec: 16384
nr_doubles: 512
nr_of_strided_rec: 16384
nr_doubles: 512
nr_of_strided_rec: 16384
nr_doubles: 512
nr_of_strided_rec: 16384
nr_doubles: 512
nr_of_strided_rec: 16384
nr_doubles: 512
nr_of_strided_rec: 16384
nr_doubles: 512
nr_of_strided_rec: 16384
nr_doubles: 512
nr_of_strided_rec: 16384
nr_doubles: 512
nr_of_strided_rec: 16384
nr_doubles: 512
nr_of_strided_rec: 16384
nr_doubles: 512
nr_of_strided_rec: 16384
nr_doubles: 512
nr_of_strided_rec: 16384
nr_doubles: 512
nr_of_strided_rec: 16384
nr_doubles: 512
nr_of_strided_rec: 16384
nr_doubles: 512
nr_of_strided_rec: 16384
nr_doubles: 512
nr_of_strided_rec: 16384
nr_doubles: 512
nr_of_strided_rec: 16384
nr_doubles: 512
nr_of_strided_rec: 16384
nr_doubles: 512
nr_of_strided_rec: 16384
nr_doubles: 512
nr_of_strided_rec: 16384
nr_doubles: 512
nr_of_strided_rec: 16384
nr_doubles: 512
nr_of_strided_rec: 16384
nr_doubles: 512
nr_of_strided_rec: 16384
nr_doubles: 512
nr_of_strided_rec: 16384
nr_doubles: 512
nr_of_strided_rec: 16384
nr_doubles: 512
nr_of_strided_rec: 16384
nr_doubles: 512
nr_of_strided_rec: 16384
nr_doubles: 512
nr_of_strided_rec: 16384
nr_doubles: 512
nr_of_strided_rec: 16384
nr_doubles: 512
nr_of_strided_rec: 16384
nr_doubles: 512
nr_of_strided_rec: 16384
nr_doubles: 512
nr_of_strided_rec: 16384
nr_doubles: 512
nr_of_strided_rec: 16384
nr_doubles: 512
nr_of_strided_rec: 16384
nr_doubles: 512
nr_of_strided_rec: 16384
nr_doubles: 512
nr_of_strided_rec: 16384
nr_doubles: 512
nr_of_strided_rec: 16384
nr_doubles: 512
nr_of_strided_rec: 16384
nr_doubles: 512
nr_of_strided_rec: 16384
nr_doubles: 512
nr_of_strided_rec: 16384
nr_doubles: 512
nr_of_strided_rec: 16384
nr_doubles: 512
nr_of_strided_rec: 16384
nr_doubles: 512
nr_of_strided_rec: 16384
nr_doubles: 512
nr_of_strided_rec: 16384
nr_doubles: 512
nr_of_strided_rec: 16384
nr_doubles: 512
nr_of_strided_rec: 16384
nr_doubles: 512
nr_of_strided_rec: 16384
nr_doubles: 512
nr_of_strided_rec: 16384
nr_doubles: 512
nr_of_strided_rec: 16384
nr_doubles: 512
nr_of_strided_rec: 16384
nr_doubles: 512
nr_of_strided_rec: 16384
nr_doubles: 512
nr_of_strided_rec: 16384
nr_doubles: 512
nr_of_strided_rec: 16384
nr_doubles: 512
nr_of_strided_rec: 16384
nr_doubles: 512
nr_of_strided_rec: 16384
nr_doubles: 512
nr_of_strided_rec: 16384
nr_doubles: 512
nr_of_strided_rec: 16384
nr_doubles: 512
nr_of_strided_rec: 16384
nr_doubles: 512
nr_of_strided_rec: 16384
nr_doubles: 512
nr_of_strided_rec: 16384
nr_doubles: 512
nr_of_strided_rec: 16384
nr_doubles: 512
nr_of_strided_rec: 16384
nr_doubles: 512
nr_of_strided_rec: 16384
nr_doubles: 512
nr_of_strided_rec: 16384
nr_doubles: 512
nr_of_strided_rec: 16384
nr_doubles: 512
nr_of_strided_rec: 16384
nr_doubles: 512
nr_of_strided_rec: 16384
nr_doubles: 512
nr_of_strided_rec: 16384
nr_doubles: 512
nr_of_strided_rec: 16384
nr_doubles: 512
nr_of_strided_rec: 16384
nr_doubles: 512
nr_of_strided_rec: 16384
nr_doubles: 512
nr_of_strided_rec: 16384
nr_doubles: 512
nr_of_strided_rec: 16384
nr_doubles: 512
nr_of_strided_rec: 16384
nr_doubles: 512
nr_of_strided_rec: 16384
nr_doubles: 512
C_cc         6.04   [      6.04:      6.04]
C_bw         2.77   [      2.77:      2.77]
C_r        357.74   [    357.74:    357.74]
          -------
C_total    366.55   [    366.55:    366.55]


dC[0] = 0.00000e+00
fclose PID:31532 fd:8
fclose PID:31529 fd:12
fclose PID:31530 fd:10
fclose PID:31531 fd:8
READAHEAD_TIME:243491377.000000 us
MaxRSS= 2107868 KB, SharedMem= 0 KB, HardPageFault= 13
READAHEAD_TIME:243036014.000000 us
MaxRSS= 2107812 KB, SharedMem= 0 KB, HardPageFault= 15
READAHEAD_TIME:274637902.000000 us
MaxRSS= 2108052 KB, SharedMem= 0 KB, HardPageFault= 13
READAHEAD_TIME:284364103.000000 us
MaxRSS= 2107976 KB, SharedMem= 0 KB, HardPageFault= 13
fclose PID:31528 fd:0
fclose PID:31528 fd:6
fclose PID:31528 fd:6
fclose PID:31528 fd:0
READAHEAD_TIME:0.000000 us
MaxRSS= 5324 KB, SharedMem= 0 KB, HardPageFault= 2
fclose PID:31527 fd:3
fclose PID:31527 fd:4
fclose PID:31527 fd:4
fclose PID:31527 fd:3
READAHEAD_TIME:0.000000 us
MaxRSS= 4896 KB, SharedMem= 0 KB, HardPageFault= 4
	Command being timed: "mpiexec -n 4 ./MADbench2_io 16384 30 1 8 64 1 1 4096 7 1"
	User time (seconds): 1050.40
	System time (seconds): 437.40
	Percent of CPU this job got: 142%
	Elapsed (wall clock) time (h:mm:ss or m:ss): 17:21.52
	Average shared text size (kbytes): 0
	Average unshared data size (kbytes): 0
	Average stack size (kbytes): 0
	Average total size (kbytes): 0
	Maximum resident set size (kbytes): 2108052
	Average resident set size (kbytes): 0
	Major (requiring I/O) page faults: 61
	Minor (reclaiming a frame) page faults: 20813095
	Voluntary context switches: 4762257
	Involuntary context switches: 17454
	Swaps: 0
	File system inputs: 251186736
	File system outputs: 251658664
	Socket messages sent: 0
	Socket messages received: 0
	Signals delivered: 0
	Page size (bytes): 4096
	Exit status: 0
READAHEAD_TIME:0.000000 us
MaxRSS= 2072 KB, SharedMem= 0 KB, HardPageFault= 0
*******************DMESG OUTPUT******************
