fclose PID:33613 fd:3
fclose PID:33613 fd:4
fclose PID:33613 fd:4
fclose PID:33613 fd:3
available: 2 nodes (0-1)
fclose PID:33613 fd:3
node 0 cpus:fclose PID:33613 fd:3
 0 1 2 3 4 5 6 7 8 9 20 21 22 23 24 25 26 27 28 29
node 0 size: 80440 MB
node 0 free: 80126 MB
fclose PID:33613 fd:3
node 1 cpus:fclose PID:33613 fd:3
 10 11 12 13 14 15 16 17 18 19 30 31 32 33 34 35 36 37 38 39
node 1 size: 80635 MB
node 1 free: 80372 MB
fclose PID:33613 fd:3
fclose PID:33613 fd:3
node distances:
node   0   1 
  0:  10  21 
  1:  21  10 
READAHEAD_TIME:0.000000 us
MaxRSS= 2200 KB, SharedMem= 0 KB, HardPageFault= 10
fclose PID:33618 fd:12
fclose PID:33621 fd:8
fclose PID:33620 fd:8
fclose PID:33619 fd:10

MADbench 2.0 IO-mode
no_pe = 4  no_pix = 16384  no_bin = 30  no_gang = 1 sblocksize = 8  fblocksize = 64  r_mod = 1  w_mod = 1 record_size=1048576 stride=7


IOMETHOD = POSIX  IOMODE = SYNC  FILETYPE = UNIQUE  REMAP = CUSTOMbuild_S
build_S
build_S
build_S

Write the data to file:536870912 bytes
***********WAITING************

Write the data to file:536870912 bytes
***********WAITING************

Write the data to file:536870912 bytes
***********WAITING************

Write the data to file:536870912 bytes
***********WAITING************

Write the data to file:536870912 bytes
***********WAITING************

Write the data to file:536870912 bytes
***********WAITING************

Write the data to file:536870912 bytes
***********WAITING************

Write the data to file:536870912 bytes
***********WAITING************

Write the data to file:536870912 bytes
***********WAITING************

Write the data to file:536870912 bytes
***********WAITING************

Write the data to file:536870912 bytes
***********WAITING************

Write the data to file:536870912 bytes
***********WAITING************

Write the data to file:536870912 bytes
***********WAITING************

Write the data to file:536870912 bytes
***********WAITING************

Write the data to file:536870912 bytes
***********WAITING************

Write the data to file:536870912 bytes
***********WAITING************

Write the data to file:536870912 bytes
***********WAITING************

Write the data to file:536870912 bytes
***********WAITING************

Write the data to file:536870912 bytes
***********WAITING************

Write the data to file:536870912 bytes
***********WAITING************

Write the data to file:536870912 bytes
***********WAITING************

Write the data to file:536870912 bytes
***********WAITING************

Write the data to file:536870912 bytes
***********WAITING************

Write the data to file:536870912 bytes
***********WAITING************

Write the data to file:536870912 bytes
***********WAITING************

Write the data to file:536870912 bytes
***********WAITING************

Write the data to file:536870912 bytes
***********WAITING************

Write the data to file:536870912 bytes
***********WAITING************

Write the data to file:536870912 bytes
***********WAITING************

Write the data to file:536870912 bytes
***********WAITING************

Write the data to file:536870912 bytes
***********WAITING************

Write the data to file:536870912 bytes
***********WAITING************

Write the data to file:536870912 bytes
***********WAITING************

Write the data to file:536870912 bytes
***********WAITING************

Write the data to file:536870912 bytes
***********WAITING************

Write the data to file:536870912 bytes
***********WAITING************

Write the data to file:536870912 bytes
***********WAITING************

Write the data to file:536870912 bytes
***********WAITING************

Write the data to file:536870912 bytes
***********WAITING************

Write the data to file:536870912 bytes
***********WAITING************

Write the data to file:536870912 bytes
***********WAITING************

Write the data to file:536870912 bytes
***********WAITING************

Write the data to file:536870912 bytes
***********WAITING************

Write the data to file:536870912 bytes
***********WAITING************

Write the data to file:536870912 bytes
***********WAITING************

Write the data to file:536870912 bytes
***********WAITING************

Write the data to file:536870912 bytes
***********WAITING************

Write the data to file:536870912 bytes
***********WAITING************

Write the data to file:536870912 bytes
***********WAITING************

Write the data to file:536870912 bytes
***********WAITING************

Write the data to file:536870912 bytes
***********WAITING************

Write the data to file:536870912 bytes
***********WAITING************

Write the data to file:536870912 bytes
***********WAITING************

Write the data to file:536870912 bytes
***********WAITING************

Write the data to file:536870912 bytes
***********WAITING************

Write the data to file:536870912 bytes
***********WAITING************

Write the data to file:536870912 bytes
***********WAITING************

Write the data to file:536870912 bytes
***********WAITING************

Write the data to file:536870912 bytes
***********WAITING************

Write the data to file:536870912 bytes
***********WAITING************

Write the data to file:536870912 bytes
***********WAITING************

Write the data to file:536870912 bytes
***********WAITING************

Write the data to file:536870912 bytes
***********WAITING************

Write the data to file:536870912 bytes
***********WAITING************

Write the data to file:536870912 bytes
***********WAITING************

Write the data to file:536870912 bytes
***********WAITING************

Write the data to file:536870912 bytes
***********WAITING************

Write the data to file:536870912 bytes
***********WAITING************

Write the data to file:536870912 bytes
***********WAITING************

Write the data to file:536870912 bytes
***********WAITING************

Write the data to file:536870912 bytes
***********WAITING************

Write the data to file:536870912 bytes
***********WAITING************

Write the data to file:536870912 bytes
***********WAITING************

Write the data to file:536870912 bytes
***********WAITING************

Write the data to file:536870912 bytes
***********WAITING************

Write the data to file:536870912 bytes
***********WAITING************

Write the data to file:536870912 bytes
***********WAITING************

Write the data to file:536870912 bytes
***********WAITING************

Write the data to file:536870912 bytes
***********WAITING************

Write the data to file:536870912 bytes
***********WAITING************

Write the data to file:536870912 bytes
***********WAITING************

Write the data to file:536870912 bytes
***********WAITING************

Write the data to file:536870912 bytes
***********WAITING************

Write the data to file:536870912 bytes
***********WAITING************

Write the data to file:536870912 bytes
***********WAITING************

Write the data to file:536870912 bytes
***********WAITING************

Write the data to file:536870912 bytes
***********WAITING************

Write the data to file:536870912 bytes
***********WAITING************

Write the data to file:536870912 bytes
***********WAITING************

Write the data to file:536870912 bytes
***********WAITING************

Write the data to file:536870912 bytes
***********WAITING************

Write the data to file:536870912 bytes
***********WAITING************

Write the data to file:536870912 bytes
***********WAITING************

Write the data to file:536870912 bytes
***********WAITING************

Write the data to file:536870912 bytes
***********WAITING************

Write the data to file:536870912 bytes
***********WAITING************

Write the data to file:536870912 bytes
***********WAITING************

Write the data to file:536870912 bytes
***********WAITING************

Write the data to file:536870912 bytes
***********WAITING************

Write the data to file:536870912 bytes
***********WAITING************

Write the data to file:536870912 bytes
***********WAITING************

Write the data to file:536870912 bytes
***********WAITING************

Write the data to file:536870912 bytes
***********WAITING************

Write the data to file:536870912 bytes
***********WAITING************

Write the data to file:536870912 bytes
***********WAITING************

Write the data to file:536870912 bytes
***********WAITING************

Write the data to file:536870912 bytes
***********WAITING************

Write the data to file:536870912 bytes
***********WAITING************

Write the data to file:536870912 bytes
***********WAITING************

Write the data to file:536870912 bytes
***********WAITING************

Write the data to file:536870912 bytes
***********WAITING************

Write the data to file:536870912 bytes
***********WAITING************

Write the data to file:536870912 bytes
***********WAITING************

Write the data to file:536870912 bytes
***********WAITING************

Write the data to file:536870912 bytes
***********WAITING************

Write the data to file:536870912 bytes
***********WAITING************

Write the data to file:536870912 bytes
***********WAITING************

Write the data to file:536870912 bytes
***********WAITING************

Write the data to file:536870912 bytes
***********WAITING************

Write the data to file:536870912 bytes
***********WAITING************
S_cc         4.49   [      4.48:      4.49]
S_bw         2.50   [      2.50:      2.50]
S_w        111.65   [    111.65:    111.66]
          -------
S_total    118.64   [    118.64:    118.65]

build_S done
calc_W
nr_of_strided_rec: 64
nr_doubles: 131072
build_S done
calc_W
nr_of_strided_rec: 64
nr_doubles: 131072
build_S done
calc_W
nr_of_strided_rec: 64
nr_doubles: 131072
build_S done
calc_W
nr_of_strided_rec: 64
nr_doubles: 131072
nr_of_strided_rec: 64
nr_doubles: 131072
nr_of_strided_rec: 64
nr_doubles: 131072
nr_of_strided_rec: 64
nr_doubles: 131072
nr_of_strided_rec: 64
nr_doubles: 131072

Write the data to file:536870912 bytes
***********WAITING************

Write the data to file:536870912 bytes
***********WAITING************

Write the data to file:536870912 bytes
***********WAITING************

Write the data to file:536870912 bytes
***********WAITING************
nr_of_strided_rec: 64
nr_doubles: 131072
nr_of_strided_rec: 64
nr_doubles: 131072
nr_of_strided_rec: 64
nr_doubles: 131072
nr_of_strided_rec: 64
nr_doubles: 131072

Write the data to file:536870912 bytes
***********WAITING************

Write the data to file:536870912 bytes
***********WAITING************

Write the data to file:536870912 bytes
***********WAITING************

Write the data to file:536870912 bytes
***********WAITING************
nr_of_strided_rec: 64
nr_doubles: 131072
nr_of_strided_rec: 64
nr_doubles: 131072
nr_of_strided_rec: 64
nr_doubles: 131072
nr_of_strided_rec: 64
nr_doubles: 131072

Write the data to file:536870912 bytes
***********WAITING************

Write the data to file:536870912 bytes
***********WAITING************

Write the data to file:536870912 bytes
***********WAITING************

Write the data to file:536870912 bytes
***********WAITING************
nr_of_strided_rec: 64
nr_doubles: 131072
nr_of_strided_rec: 64
nr_doubles: 131072
nr_of_strided_rec: 64
nr_doubles: 131072
nr_of_strided_rec: 64
nr_doubles: 131072

Write the data to file:536870912 bytes
***********WAITING************

Write the data to file:536870912 bytes
***********WAITING************

Write the data to file:536870912 bytes
***********WAITING************

Write the data to file:536870912 bytes
***********WAITING************
nr_of_strided_rec: 64
nr_doubles: 131072
nr_of_strided_rec: 64
nr_doubles: 131072
nr_of_strided_rec: 64
nr_doubles: 131072
nr_of_strided_rec: 64
nr_doubles: 131072

Write the data to file:536870912 bytes
***********WAITING************

Write the data to file:536870912 bytes
***********WAITING************

Write the data to file:536870912 bytes
***********WAITING************

Write the data to file:536870912 bytes
***********WAITING************
nr_of_strided_rec: 64
nr_doubles: 131072
nr_of_strided_rec: 64
nr_doubles: 131072
nr_of_strided_rec: 64
nr_doubles: 131072
nr_of_strided_rec: 64
nr_doubles: 131072

Write the data to file:536870912 bytes
***********WAITING************

Write the data to file:536870912 bytes
***********WAITING************

Write the data to file:536870912 bytes
***********WAITING************

Write the data to file:536870912 bytes
***********WAITING************
nr_of_strided_rec: 64
nr_doubles: 131072
nr_of_strided_rec: 64
nr_doubles: 131072
nr_of_strided_rec: 64
nr_doubles: 131072
nr_of_strided_rec: 64
nr_doubles: 131072

Write the data to file:536870912 bytes
***********WAITING************

Write the data to file:536870912 bytes
***********WAITING************

Write the data to file:536870912 bytes
***********WAITING************

Write the data to file:536870912 bytes
***********WAITING************
nr_of_strided_rec: 64
nr_doubles: 131072
nr_of_strided_rec: 64
nr_doubles: 131072
nr_of_strided_rec: 64
nr_doubles: 131072
nr_of_strided_rec: 64
nr_doubles: 131072

Write the data to file:536870912 bytes
***********WAITING************

Write the data to file:536870912 bytes
***********WAITING************

Write the data to file:536870912 bytes
***********WAITING************

Write the data to file:536870912 bytes
***********WAITING************
nr_of_strided_rec: 64
nr_doubles: 131072
nr_of_strided_rec: 64
nr_doubles: 131072
nr_of_strided_rec: 64
nr_doubles: 131072
nr_of_strided_rec: 64
nr_doubles: 131072

Write the data to file:536870912 bytes
***********WAITING************

Write the data to file:536870912 bytes
***********WAITING************

Write the data to file:536870912 bytes
***********WAITING************

Write the data to file:536870912 bytes
***********WAITING************
nr_of_strided_rec: 64
nr_doubles: 131072
nr_of_strided_rec: 64
nr_doubles: 131072
nr_of_strided_rec: 64
nr_doubles: 131072
nr_of_strided_rec: 64
nr_doubles: 131072

Write the data to file:536870912 bytes
***********WAITING************

Write the data to file:536870912 bytes
***********WAITING************

Write the data to file:536870912 bytes
***********WAITING************

Write the data to file:536870912 bytes
***********WAITING************
nr_of_strided_rec: 64
nr_doubles: 131072
nr_of_strided_rec: 64
nr_doubles: 131072
nr_of_strided_rec: 64
nr_doubles: 131072
nr_of_strided_rec: 64
nr_doubles: 131072

Write the data to file:536870912 bytes
***********WAITING************

Write the data to file:536870912 bytes
***********WAITING************

Write the data to file:536870912 bytes
***********WAITING************

Write the data to file:536870912 bytes
***********WAITING************
nr_of_strided_rec: 64
nr_doubles: 131072
nr_of_strided_rec: 64
nr_doubles: 131072
nr_of_strided_rec: 64
nr_doubles: 131072
nr_of_strided_rec: 64
nr_doubles: 131072

Write the data to file:536870912 bytes
***********WAITING************

Write the data to file:536870912 bytes
***********WAITING************

Write the data to file:536870912 bytes
***********WAITING************

Write the data to file:536870912 bytes
***********WAITING************
nr_of_strided_rec: 64
nr_doubles: 131072
nr_of_strided_rec: 64
nr_doubles: 131072
nr_of_strided_rec: 64
nr_doubles: 131072
nr_of_strided_rec: 64
nr_doubles: 131072

Write the data to file:536870912 bytes
***********WAITING************

Write the data to file:536870912 bytes
***********WAITING************

Write the data to file:536870912 bytes
***********WAITING************

Write the data to file:536870912 bytes
***********WAITING************
nr_of_strided_rec: 64
nr_doubles: 131072
nr_of_strided_rec: 64
nr_doubles: 131072
nr_of_strided_rec: 64
nr_doubles: 131072
nr_of_strided_rec: 64
nr_doubles: 131072

Write the data to file:536870912 bytes
***********WAITING************

Write the data to file:536870912 bytes
***********WAITING************

Write the data to file:536870912 bytes
***********WAITING************

Write the data to file:536870912 bytes
***********WAITING************
nr_of_strided_rec: 64
nr_doubles: 131072
nr_of_strided_rec: 64
nr_doubles: 131072
nr_of_strided_rec: 64
nr_doubles: 131072
nr_of_strided_rec: 64
nr_doubles: 131072

Write the data to file:536870912 bytes
***********WAITING************

Write the data to file:536870912 bytes
***********WAITING************

Write the data to file:536870912 bytes
***********WAITING************

Write the data to file:536870912 bytes
***********WAITING************
nr_of_strided_rec: 64
nr_doubles: 131072
nr_of_strided_rec: 64
nr_doubles: 131072
nr_of_strided_rec: 64
nr_doubles: 131072
nr_of_strided_rec: 64
nr_doubles: 131072

Write the data to file:536870912 bytes
***********WAITING************

Write the data to file:536870912 bytes
***********WAITING************

Write the data to file:536870912 bytes
***********WAITING************

Write the data to file:536870912 bytes
***********WAITING************
nr_of_strided_rec: 64
nr_doubles: 131072
nr_of_strided_rec: 64
nr_doubles: 131072
nr_of_strided_rec: 64
nr_doubles: 131072
nr_of_strided_rec: 64
nr_doubles: 131072

Write the data to file:536870912 bytes
***********WAITING************

Write the data to file:536870912 bytes
***********WAITING************

Write the data to file:536870912 bytes
***********WAITING************

Write the data to file:536870912 bytes
***********WAITING************
nr_of_strided_rec: 64
nr_doubles: 131072
nr_of_strided_rec: 64
nr_doubles: 131072
nr_of_strided_rec: 64
nr_doubles: 131072
nr_of_strided_rec: 64
nr_doubles: 131072

Write the data to file:536870912 bytes
***********WAITING************

Write the data to file:536870912 bytes
***********WAITING************

Write the data to file:536870912 bytes
***********WAITING************

Write the data to file:536870912 bytes
***********WAITING************
nr_of_strided_rec: 64
nr_doubles: 131072
nr_of_strided_rec: 64
nr_doubles: 131072
nr_of_strided_rec: 64
nr_doubles: 131072
nr_of_strided_rec: 64
nr_doubles: 131072

Write the data to file:536870912 bytes
***********WAITING************

Write the data to file:536870912 bytes
***********WAITING************

Write the data to file:536870912 bytes
***********WAITING************

Write the data to file:536870912 bytes
***********WAITING************
nr_of_strided_rec: 64
nr_doubles: 131072
nr_of_strided_rec: 64
nr_doubles: 131072
nr_of_strided_rec: 64
nr_doubles: 131072
nr_of_strided_rec: 64
nr_doubles: 131072

Write the data to file:536870912 bytes
***********WAITING************

Write the data to file:536870912 bytes
***********WAITING************

Write the data to file:536870912 bytes
***********WAITING************

Write the data to file:536870912 bytes
***********WAITING************
nr_of_strided_rec: 64
nr_doubles: 131072
nr_of_strided_rec: 64
nr_doubles: 131072
nr_of_strided_rec: 64
nr_doubles: 131072
nr_of_strided_rec: 64
nr_doubles: 131072

Write the data to file:536870912 bytes
***********WAITING************

Write the data to file:536870912 bytes
***********WAITING************

Write the data to file:536870912 bytes
***********WAITING************

Write the data to file:536870912 bytes
***********WAITING************
nr_of_strided_rec: 64
nr_doubles: 131072
nr_of_strided_rec: 64
nr_doubles: 131072
nr_of_strided_rec: 64
nr_doubles: 131072
nr_of_strided_rec: 64
nr_doubles: 131072

Write the data to file:536870912 bytes
***********WAITING************

Write the data to file:536870912 bytes
***********WAITING************

Write the data to file:536870912 bytes
***********WAITING************

Write the data to file:536870912 bytes
***********WAITING************
nr_of_strided_rec: 64
nr_doubles: 131072
nr_of_strided_rec: 64
nr_doubles: 131072
nr_of_strided_rec: 64
nr_doubles: 131072
nr_of_strided_rec: 64
nr_doubles: 131072

Write the data to file:536870912 bytes
***********WAITING************

Write the data to file:536870912 bytes
***********WAITING************

Write the data to file:536870912 bytes
***********WAITING************

Write the data to file:536870912 bytes
***********WAITING************
nr_of_strided_rec: 64
nr_doubles: 131072
nr_of_strided_rec: 64
nr_doubles: 131072
nr_of_strided_rec: 64
nr_doubles: 131072
nr_of_strided_rec: 64
nr_doubles: 131072

Write the data to file:536870912 bytes
***********WAITING************

Write the data to file:536870912 bytes
***********WAITING************

Write the data to file:536870912 bytes
***********WAITING************

Write the data to file:536870912 bytes
***********WAITING************
nr_of_strided_rec: 64
nr_doubles: 131072
nr_of_strided_rec: 64
nr_doubles: 131072
nr_of_strided_rec: 64
nr_doubles: 131072
nr_of_strided_rec: 64
nr_doubles: 131072

Write the data to file:536870912 bytes
***********WAITING************

Write the data to file:536870912 bytes
***********WAITING************

Write the data to file:536870912 bytes
***********WAITING************

Write the data to file:536870912 bytes
***********WAITING************
nr_of_strided_rec: 64
nr_doubles: 131072
nr_of_strided_rec: 64
nr_doubles: 131072
nr_of_strided_rec: 64
nr_doubles: 131072
nr_of_strided_rec: 64
nr_doubles: 131072

Write the data to file:536870912 bytes
***********WAITING************

Write the data to file:536870912 bytes
***********WAITING************

Write the data to file:536870912 bytes
***********WAITING************

Write the data to file:536870912 bytes
***********WAITING************
nr_of_strided_rec: 64
nr_doubles: 131072
nr_of_strided_rec: 64
nr_doubles: 131072
nr_of_strided_rec: 64
nr_doubles: 131072
nr_of_strided_rec: 64
nr_doubles: 131072

Write the data to file:536870912 bytes
***********WAITING************

Write the data to file:536870912 bytes
***********WAITING************

Write the data to file:536870912 bytes
***********WAITING************

Write the data to file:536870912 bytes
***********WAITING************
nr_of_strided_rec: 64
nr_doubles: 131072
nr_of_strided_rec: 64
nr_doubles: 131072
nr_of_strided_rec: 64
nr_doubles: 131072
nr_of_strided_rec: 64
nr_doubles: 131072

Write the data to file:536870912 bytes
***********WAITING************

Write the data to file:536870912 bytes
***********WAITING************

Write the data to file:536870912 bytes
***********WAITING************

Write the data to file:536870912 bytes
***********WAITING************
nr_of_strided_rec: 64
nr_doubles: 131072
nr_of_strided_rec: 64
nr_doubles: 131072
nr_of_strided_rec: 64
nr_doubles: 131072
nr_of_strided_rec: 64
nr_doubles: 131072

Write the data to file:536870912 bytes
***********WAITING************

Write the data to file:536870912 bytes
***********WAITING************

Write the data to file:536870912 bytes
***********WAITING************

Write the data to file:536870912 bytes
***********WAITING************

Write the data to file:536870912 bytes
***********WAITING************

Write the data to file:536870912 bytes
***********WAITING************

Write the data to file:536870912 bytes
***********WAITING************

Write the data to file:536870912 bytes
***********WAITING************
W_cc         7.62   [      7.62:      7.63]
W_r        187.14   [    187.14:    187.14]
W_w        129.80   [    129.80:    129.81]
          -------
W_total    324.57   [    324.57:    324.58]

calc_W done
calc_W done
nr_of_strided_rec: 64
nr_doubles: 131072
calc_W done
nr_of_strided_rec: 64
nr_doubles: 131072
calc_W done
nr_of_strided_rec: 64
nr_doubles: 131072
nr_of_strided_rec: 64
nr_doubles: 131072
nr_of_strided_rec: 64
nr_doubles: 131072
nr_of_strided_rec: 64
nr_doubles: 131072
nr_of_strided_rec: 64
nr_doubles: 131072
nr_of_strided_rec: 64
nr_doubles: 131072
nr_of_strided_rec: 64
nr_doubles: 131072
nr_of_strided_rec: 64
nr_doubles: 131072
nr_of_strided_rec: 64
nr_doubles: 131072
nr_of_strided_rec: 64
nr_doubles: 131072
nr_of_strided_rec: 64
nr_doubles: 131072
nr_of_strided_rec: 64
nr_doubles: 131072
nr_of_strided_rec: 64
nr_doubles: 131072
nr_of_strided_rec: 64
nr_doubles: 131072
nr_of_strided_rec: 64
nr_doubles: 131072
nr_of_strided_rec: 64
nr_doubles: 131072
nr_of_strided_rec: 64
nr_doubles: 131072
nr_of_strided_rec: 64
nr_doubles: 131072
nr_of_strided_rec: 64
nr_doubles: 131072
nr_of_strided_rec: 64
nr_doubles: 131072
nr_of_strided_rec: 64
nr_doubles: 131072
nr_of_strided_rec: 64
nr_doubles: 131072
nr_of_strided_rec: 64
nr_doubles: 131072
nr_of_strided_rec: 64
nr_doubles: 131072
nr_of_strided_rec: 64
nr_doubles: 131072
nr_of_strided_rec: 64
nr_doubles: 131072
nr_of_strided_rec: 64
nr_doubles: 131072
nr_of_strided_rec: 64
nr_doubles: 131072
nr_of_strided_rec: 64
nr_doubles: 131072
nr_of_strided_rec: 64
nr_doubles: 131072
nr_of_strided_rec: 64
nr_doubles: 131072
nr_of_strided_rec: 64
nr_doubles: 131072
nr_of_strided_rec: 64
nr_doubles: 131072
nr_of_strided_rec: 64
nr_doubles: 131072
nr_of_strided_rec: 64
nr_doubles: 131072
nr_of_strided_rec: 64
nr_doubles: 131072
nr_of_strided_rec: 64
nr_doubles: 131072
nr_of_strided_rec: 64
nr_doubles: 131072
nr_of_strided_rec: 64
nr_doubles: 131072
nr_of_strided_rec: 64
nr_doubles: 131072
nr_of_strided_rec: 64
nr_doubles: 131072
nr_of_strided_rec: 64
nr_doubles: 131072
nr_of_strided_rec: 64
nr_doubles: 131072
nr_of_strided_rec: 64
nr_doubles: 131072
nr_of_strided_rec: 64
nr_doubles: 131072
nr_of_strided_rec: 64
nr_doubles: 131072
nr_of_strided_rec: 64
nr_doubles: 131072
nr_of_strided_rec: 64
nr_doubles: 131072
nr_of_strided_rec: 64
nr_doubles: 131072
nr_of_strided_rec: 64
nr_doubles: 131072
nr_of_strided_rec: 64
nr_doubles: 131072
nr_of_strided_rec: 64
nr_doubles: 131072
nr_of_strided_rec: 64
nr_doubles: 131072
nr_of_strided_rec: 64
nr_doubles: 131072
nr_of_strided_rec: 64
nr_doubles: 131072
nr_of_strided_rec: 64
nr_doubles: 131072
nr_of_strided_rec: 64
nr_doubles: 131072
nr_of_strided_rec: 64
nr_doubles: 131072
nr_of_strided_rec: 64
nr_doubles: 131072
nr_of_strided_rec: 64
nr_doubles: 131072
nr_of_strided_rec: 64
nr_doubles: 131072
nr_of_strided_rec: 64
nr_doubles: 131072
nr_of_strided_rec: 64
nr_doubles: 131072
nr_of_strided_rec: 64
nr_doubles: 131072
nr_of_strided_rec: 64
nr_doubles: 131072
nr_of_strided_rec: 64
nr_doubles: 131072
nr_of_strided_rec: 64
nr_doubles: 131072
nr_of_strided_rec: 64
nr_doubles: 131072
nr_of_strided_rec: 64
nr_doubles: 131072
nr_of_strided_rec: 64
nr_doubles: 131072
nr_of_strided_rec: 64
nr_doubles: 131072
nr_of_strided_rec: 64
nr_doubles: 131072
nr_of_strided_rec: 64
nr_doubles: 131072
nr_of_strided_rec: 64
nr_doubles: 131072
nr_of_strided_rec: 64
nr_doubles: 131072
nr_of_strided_rec: 64
nr_doubles: 131072
nr_of_strided_rec: 64
nr_doubles: 131072
nr_of_strided_rec: 64
nr_doubles: 131072
nr_of_strided_rec: 64
nr_doubles: 131072
nr_of_strided_rec: 64
nr_doubles: 131072
nr_of_strided_rec: 64
nr_doubles: 131072
nr_of_strided_rec: 64
nr_doubles: 131072
nr_of_strided_rec: 64
nr_doubles: 131072
nr_of_strided_rec: 64
nr_doubles: 131072
nr_of_strided_rec: 64
nr_doubles: 131072
nr_of_strided_rec: 64
nr_doubles: 131072
nr_of_strided_rec: 64
nr_doubles: 131072
nr_of_strided_rec: 64
nr_doubles: 131072
nr_of_strided_rec: 64
nr_doubles: 131072
nr_of_strided_rec: 64
nr_doubles: 131072
nr_of_strided_rec: 64
nr_doubles: 131072
nr_of_strided_rec: 64
nr_doubles: 131072
nr_of_strided_rec: 64
nr_doubles: 131072
nr_of_strided_rec: 64
nr_doubles: 131072
nr_of_strided_rec: 64
nr_doubles: 131072
nr_of_strided_rec: 64
nr_doubles: 131072
nr_of_strided_rec: 64
nr_doubles: 131072
nr_of_strided_rec: 64
nr_doubles: 131072
nr_of_strided_rec: 64
nr_doubles: 131072
nr_of_strided_rec: 64
nr_doubles: 131072
nr_of_strided_rec: 64
nr_doubles: 131072
nr_of_strided_rec: 64
nr_doubles: 131072
nr_of_strided_rec: 64
nr_doubles: 131072
nr_of_strided_rec: 64
nr_doubles: 131072
nr_of_strided_rec: 64
nr_doubles: 131072
nr_of_strided_rec: 64
nr_doubles: 131072
nr_of_strided_rec: 64
nr_doubles: 131072
nr_of_strided_rec: 64
nr_doubles: 131072
nr_of_strided_rec: 64
nr_doubles: 131072
nr_of_strided_rec: 64
nr_doubles: 131072
nr_of_strided_rec: 64
nr_doubles: 131072
nr_of_strided_rec: 64
nr_doubles: 131072
nr_of_strided_rec: 64
nr_doubles: 131072
nr_of_strided_rec: 64
nr_doubles: 131072
nr_of_strided_rec: 64
nr_doubles: 131072
nr_of_strided_rec: 64
nr_doubles: 131072
nr_of_strided_rec: 64
nr_doubles: 131072
nr_of_strided_rec: 64
nr_doubles: 131072
C_cc         3.62   [      3.62:      3.63]
C_bw         2.43   [      2.43:      2.43]
C_r        135.05   [    135.05:    135.05]
          -------
C_total    141.10   [    141.10:    141.10]


dC[0] = 0.00000e+00
fclose PID:33620 fd:8
fclose PID:33618 fd:12
fclose PID:33619 fd:10
fclose PID:33621 fd:8
READAHEAD_TIME:0.000000 us
MaxRSS= 2107864 KB, SharedMem= 0 KB, HardPageFault= 8
READAHEAD_TIME:0.000000 us
MaxRSS= 2107796 KB, SharedMem= 0 KB, HardPageFault= 13
READAHEAD_TIME:0.000000 us
MaxRSS= 2107820 KB, SharedMem= 0 KB, HardPageFault= 9
READAHEAD_TIME:0.000000 us
MaxRSS= 2107964 KB, SharedMem= 0 KB, HardPageFault= 11
fclose PID:33617 fd:0
fclose PID:33617 fd:6
fclose PID:33617 fd:6
fclose PID:33617 fd:0
READAHEAD_TIME:0.000000 us
MaxRSS= 5356 KB, SharedMem= 0 KB, HardPageFault= 2
fclose PID:33616 fd:3
fclose PID:33616 fd:4
fclose PID:33616 fd:4
fclose PID:33616 fd:3
READAHEAD_TIME:0.000000 us
MaxRSS= 4908 KB, SharedMem= 0 KB, HardPageFault= 4
	Command being timed: "mpiexec -n 4 ./MADbench2_io 16384 30 1 8 64 1 1 1048576 7 1"
	User time (seconds): 453.41
	System time (seconds): 236.85
	Percent of CPU this job got: 117%
	Elapsed (wall clock) time (h:mm:ss or m:ss): 9:45.01
	Average shared text size (kbytes): 0
	Average unshared data size (kbytes): 0
	Average stack size (kbytes): 0
	Average total size (kbytes): 0
	Maximum resident set size (kbytes): 2107964
	Average resident set size (kbytes): 0
	Major (requiring I/O) page faults: 48
	Minor (reclaiming a frame) page faults: 10715285
	Voluntary context switches: 194506
	Involuntary context switches: 2847
	Swaps: 0
	File system inputs: 242180192
	File system outputs: 251658496
	Socket messages sent: 0
	Socket messages received: 0
	Signals delivered: 0
	Page size (bytes): 4096
	Exit status: 0
READAHEAD_TIME:0.000000 us
MaxRSS= 2080 KB, SharedMem= 0 KB, HardPageFault= 0
*******************DMESG OUTPUT******************
