fclose PID:31038 fd:3
fclose PID:31038 fd:4
fclose PID:31038 fd:4
fclose PID:31038 fd:3
available: 2 nodes (0-1)
fclose PID:31038 fd:3
node 0 cpus:fclose PID:31038 fd:3
 0 1 2 3 4 5 6 7 8 9 20 21 22 23 24 25 26 27 28 29
node 0 size: 80440 MB
node 0 free: 80119 MB
fclose PID:31038 fd:3
node 1 cpus:fclose PID:31038 fd:3
 10 11 12 13 14 15 16 17 18 19 30 31 32 33 34 35 36 37 38 39
node 1 size: 80635 MB
node 1 free: 80376 MB
fclose PID:31038 fd:3
fclose PID:31038 fd:3
node distances:
node   0   1 
  0:  10  21 
  1:  21  10 
READAHEAD_TIME:0.000000 us
MaxRSS= 2188 KB, SharedMem= 0 KB, HardPageFault= 10
fclose PID:31043 fd:12
fclose PID:31045 fd:8
fclose PID:31044 fd:10
fclose PID:31046 fd:8

MADbench 2.0 IO-mode
no_pe = 4  no_pix = 16384  no_bin = 30  no_gang = 1 sblocksize = 8  fblocksize = 64  r_mod = 1  w_mod = 1 record_size=4096 stride=7


IOMETHOD = POSIX  IOMODE = SYNC  FILETYPE = UNIQUE  REMAP = CUSTOMbuild_S
build_S
build_S
build_S

Write the data to file:536870912 bytes
***********WAITING************

Write the data to file:536870912 bytes
***********WAITING************

Write the data to file:536870912 bytes
***********WAITING************

Write the data to file:536870912 bytes
***********WAITING************

Write the data to file:536870912 bytes
***********WAITING************

Write the data to file:536870912 bytes
***********WAITING************

Write the data to file:536870912 bytes
***********WAITING************

Write the data to file:536870912 bytes
***********WAITING************

Write the data to file:536870912 bytes
***********WAITING************

Write the data to file:536870912 bytes
***********WAITING************

Write the data to file:536870912 bytes
***********WAITING************

Write the data to file:536870912 bytes
***********WAITING************

Write the data to file:536870912 bytes
***********WAITING************

Write the data to file:536870912 bytes
***********WAITING************

Write the data to file:536870912 bytes
***********WAITING************

Write the data to file:536870912 bytes
***********WAITING************

Write the data to file:536870912 bytes
***********WAITING************

Write the data to file:536870912 bytes
***********WAITING************

Write the data to file:536870912 bytes
***********WAITING************

Write the data to file:536870912 bytes
***********WAITING************

Write the data to file:536870912 bytes
***********WAITING************

Write the data to file:536870912 bytes
***********WAITING************

Write the data to file:536870912 bytes
***********WAITING************

Write the data to file:536870912 bytes
***********WAITING************

Write the data to file:536870912 bytes
***********WAITING************

Write the data to file:536870912 bytes
***********WAITING************

Write the data to file:536870912 bytes
***********WAITING************

Write the data to file:536870912 bytes
***********WAITING************

Write the data to file:536870912 bytes
***********WAITING************

Write the data to file:536870912 bytes
***********WAITING************

Write the data to file:536870912 bytes
***********WAITING************

Write the data to file:536870912 bytes
***********WAITING************

Write the data to file:536870912 bytes
***********WAITING************

Write the data to file:536870912 bytes
***********WAITING************

Write the data to file:536870912 bytes
***********WAITING************

Write the data to file:536870912 bytes
***********WAITING************

Write the data to file:536870912 bytes
***********WAITING************

Write the data to file:536870912 bytes
***********WAITING************

Write the data to file:536870912 bytes
***********WAITING************

Write the data to file:536870912 bytes
***********WAITING************

Write the data to file:536870912 bytes
***********WAITING************

Write the data to file:536870912 bytes
***********WAITING************

Write the data to file:536870912 bytes
***********WAITING************

Write the data to file:536870912 bytes
***********WAITING************

Write the data to file:536870912 bytes
***********WAITING************

Write the data to file:536870912 bytes
***********WAITING************

Write the data to file:536870912 bytes
***********WAITING************

Write the data to file:536870912 bytes
***********WAITING************

Write the data to file:536870912 bytes
***********WAITING************

Write the data to file:536870912 bytes
***********WAITING************

Write the data to file:536870912 bytes
***********WAITING************

Write the data to file:536870912 bytes
***********WAITING************

Write the data to file:536870912 bytes
***********WAITING************

Write the data to file:536870912 bytes
***********WAITING************

Write the data to file:536870912 bytes
***********WAITING************

Write the data to file:536870912 bytes
***********WAITING************

Write the data to file:536870912 bytes
***********WAITING************

Write the data to file:536870912 bytes
***********WAITING************

Write the data to file:536870912 bytes
***********WAITING************

Write the data to file:536870912 bytes
***********WAITING************

Write the data to file:536870912 bytes
***********WAITING************

Write the data to file:536870912 bytes
***********WAITING************

Write the data to file:536870912 bytes
***********WAITING************

Write the data to file:536870912 bytes
***********WAITING************

Write the data to file:536870912 bytes
***********WAITING************

Write the data to file:536870912 bytes
***********WAITING************

Write the data to file:536870912 bytes
***********WAITING************

Write the data to file:536870912 bytes
***********WAITING************

Write the data to file:536870912 bytes
***********WAITING************

Write the data to file:536870912 bytes
***********WAITING************

Write the data to file:536870912 bytes
***********WAITING************

Write the data to file:536870912 bytes
***********WAITING************

Write the data to file:536870912 bytes
***********WAITING************

Write the data to file:536870912 bytes
***********WAITING************

Write the data to file:536870912 bytes
***********WAITING************

Write the data to file:536870912 bytes
***********WAITING************

Write the data to file:536870912 bytes
***********WAITING************

Write the data to file:536870912 bytes
***********WAITING************

Write the data to file:536870912 bytes
***********WAITING************

Write the data to file:536870912 bytes
***********WAITING************

Write the data to file:536870912 bytes
***********WAITING************

Write the data to file:536870912 bytes
***********WAITING************

Write the data to file:536870912 bytes
***********WAITING************

Write the data to file:536870912 bytes
***********WAITING************

Write the data to file:536870912 bytes
***********WAITING************

Write the data to file:536870912 bytes
***********WAITING************

Write the data to file:536870912 bytes
***********WAITING************

Write the data to file:536870912 bytes
***********WAITING************

Write the data to file:536870912 bytes
***********WAITING************

Write the data to file:536870912 bytes
***********WAITING************

Write the data to file:536870912 bytes
***********WAITING************

Write the data to file:536870912 bytes
***********WAITING************

Write the data to file:536870912 bytes
***********WAITING************

Write the data to file:536870912 bytes
***********WAITING************

Write the data to file:536870912 bytes
***********WAITING************

Write the data to file:536870912 bytes
***********WAITING************

Write the data to file:536870912 bytes
***********WAITING************

Write the data to file:536870912 bytes
***********WAITING************

Write the data to file:536870912 bytes
***********WAITING************

Write the data to file:536870912 bytes
***********WAITING************

Write the data to file:536870912 bytes
***********WAITING************

Write the data to file:536870912 bytes
***********WAITING************

Write the data to file:536870912 bytes
***********WAITING************

Write the data to file:536870912 bytes
***********WAITING************

Write the data to file:536870912 bytes
***********WAITING************

Write the data to file:536870912 bytes
***********WAITING************

Write the data to file:536870912 bytes
***********WAITING************

Write the data to file:536870912 bytes
***********WAITING************

Write the data to file:536870912 bytes
***********WAITING************

Write the data to file:536870912 bytes
***********WAITING************

Write the data to file:536870912 bytes
***********WAITING************

Write the data to file:536870912 bytes
***********WAITING************

Write the data to file:536870912 bytes
***********WAITING************

Write the data to file:536870912 bytes
***********WAITING************

Write the data to file:536870912 bytes
***********WAITING************

Write the data to file:536870912 bytes
***********WAITING************

Write the data to file:536870912 bytes
***********WAITING************

Write the data to file:536870912 bytes
***********WAITING************

Write the data to file:536870912 bytes
***********WAITING************

Write the data to file:536870912 bytes
***********WAITING************
S_cc         4.30   [      4.30:      4.31]
S_bw         2.54   [      2.54:      2.54]
S_w         87.00   [     86.99:     87.00]
          -------
S_total     93.84   [     93.83:     93.85]

build_S done
calc_W
build_S done
calc_W
build_S done
calc_W
build_S done
calc_W
nr_of_strided_rec: 16384
nr_doubles: 512
nr_of_strided_rec: 16384
nr_doubles: 512
nr_of_strided_rec: 16384
nr_doubles: 512
nr_of_strided_rec: 16384
nr_doubles: 512
nr_of_strided_rec: 16384
nr_doubles: 512
nr_of_strided_rec: 16384
nr_doubles: 512
nr_of_strided_rec: 16384
nr_doubles: 512
nr_of_strided_rec: 16384
nr_doubles: 512

Write the data to file:536870912 bytes
***********WAITING************

Write the data to file:536870912 bytes
***********WAITING************

Write the data to file:536870912 bytes
***********WAITING************

Write the data to file:536870912 bytes
***********WAITING************
nr_of_strided_rec: 16384
nr_doubles: 512
nr_of_strided_rec: 16384
nr_doubles: 512
nr_of_strided_rec: 16384
nr_doubles: 512
nr_of_strided_rec: 16384
nr_doubles: 512

Write the data to file:536870912 bytes
***********WAITING************

Write the data to file:536870912 bytes
***********WAITING************

Write the data to file:536870912 bytes
***********WAITING************

Write the data to file:536870912 bytes
***********WAITING************
nr_of_strided_rec: 16384
nr_doubles: 512
nr_of_strided_rec: 16384
nr_doubles: 512
nr_of_strided_rec: 16384
nr_doubles: 512
nr_of_strided_rec: 16384
nr_doubles: 512

Write the data to file:536870912 bytes
***********WAITING************

Write the data to file:536870912 bytes
***********WAITING************

Write the data to file:536870912 bytes
***********WAITING************

Write the data to file:536870912 bytes
***********WAITING************
nr_of_strided_rec: 16384
nr_doubles: 512
nr_of_strided_rec: 16384
nr_doubles: 512
nr_of_strided_rec: 16384
nr_doubles: 512
nr_of_strided_rec: 16384
nr_doubles: 512

Write the data to file:536870912 bytes
***********WAITING************

Write the data to file:536870912 bytes
***********WAITING************

Write the data to file:536870912 bytes
***********WAITING************

Write the data to file:536870912 bytes
***********WAITING************
nr_of_strided_rec: 16384
nr_doubles: 512
nr_of_strided_rec: 16384
nr_doubles: 512
nr_of_strided_rec: 16384
nr_doubles: 512
nr_of_strided_rec: 16384
nr_doubles: 512

Write the data to file:536870912 bytes
***********WAITING************

Write the data to file:536870912 bytes
***********WAITING************

Write the data to file:536870912 bytes
***********WAITING************

Write the data to file:536870912 bytes
***********WAITING************
nr_of_strided_rec: 16384
nr_doubles: 512
nr_of_strided_rec: 16384
nr_doubles: 512
nr_of_strided_rec: 16384
nr_doubles: 512
nr_of_strided_rec: 16384
nr_doubles: 512

Write the data to file:536870912 bytes
***********WAITING************

Write the data to file:536870912 bytes
***********WAITING************

Write the data to file:536870912 bytes
***********WAITING************

Write the data to file:536870912 bytes
***********WAITING************
nr_of_strided_rec: 16384
nr_doubles: 512
nr_of_strided_rec: 16384
nr_doubles: 512
nr_of_strided_rec: 16384
nr_doubles: 512
nr_of_strided_rec: 16384
nr_doubles: 512

Write the data to file:536870912 bytes
***********WAITING************

Write the data to file:536870912 bytes
***********WAITING************

Write the data to file:536870912 bytes
***********WAITING************

Write the data to file:536870912 bytes
***********WAITING************
nr_of_strided_rec: 16384
nr_doubles: 512
nr_of_strided_rec: 16384
nr_doubles: 512
nr_of_strided_rec: 16384
nr_doubles: 512
nr_of_strided_rec: 16384
nr_doubles: 512

Write the data to file:536870912 bytes
***********WAITING************

Write the data to file:536870912 bytes
***********WAITING************

Write the data to file:536870912 bytes
***********WAITING************

Write the data to file:536870912 bytes
***********WAITING************
nr_of_strided_rec: 16384
nr_doubles: 512
nr_of_strided_rec: 16384
nr_doubles: 512
nr_of_strided_rec: 16384
nr_doubles: 512
nr_of_strided_rec: 16384
nr_doubles: 512

Write the data to file:536870912 bytes
***********WAITING************

Write the data to file:536870912 bytes
***********WAITING************

Write the data to file:536870912 bytes
***********WAITING************

Write the data to file:536870912 bytes
***********WAITING************
nr_of_strided_rec: 16384
nr_doubles: 512
nr_of_strided_rec: 16384
nr_doubles: 512
nr_of_strided_rec: 16384
nr_doubles: 512
nr_of_strided_rec: 16384
nr_doubles: 512

Write the data to file:536870912 bytes
***********WAITING************

Write the data to file:536870912 bytes
***********WAITING************

Write the data to file:536870912 bytes
***********WAITING************

Write the data to file:536870912 bytes
***********WAITING************
nr_of_strided_rec: 16384
nr_doubles: 512
nr_of_strided_rec: 16384
nr_doubles: 512
nr_of_strided_rec: 16384
nr_doubles: 512
nr_of_strided_rec: 16384
nr_doubles: 512

Write the data to file:536870912 bytes
***********WAITING************

Write the data to file:536870912 bytes
***********WAITING************

Write the data to file:536870912 bytes
***********WAITING************

Write the data to file:536870912 bytes
***********WAITING************
nr_of_strided_rec: 16384
nr_doubles: 512
nr_of_strided_rec: 16384
nr_doubles: 512
nr_of_strided_rec: 16384
nr_doubles: 512
nr_of_strided_rec: 16384
nr_doubles: 512

Write the data to file:536870912 bytes
***********WAITING************

Write the data to file:536870912 bytes
***********WAITING************

Write the data to file:536870912 bytes
***********WAITING************

Write the data to file:536870912 bytes
***********WAITING************
nr_of_strided_rec: 16384
nr_doubles: 512
nr_of_strided_rec: 16384
nr_doubles: 512
nr_of_strided_rec: 16384
nr_doubles: 512
nr_of_strided_rec: 16384
nr_doubles: 512

Write the data to file:536870912 bytes
***********WAITING************

Write the data to file:536870912 bytes
***********WAITING************

Write the data to file:536870912 bytes
***********WAITING************

Write the data to file:536870912 bytes
***********WAITING************
nr_of_strided_rec: 16384
nr_doubles: 512
nr_of_strided_rec: 16384
nr_doubles: 512
nr_of_strided_rec: 16384
nr_doubles: 512
nr_of_strided_rec: 16384
nr_doubles: 512

Write the data to file:536870912 bytes
***********WAITING************

Write the data to file:536870912 bytes
***********WAITING************

Write the data to file:536870912 bytes
***********WAITING************

Write the data to file:536870912 bytes
***********WAITING************
nr_of_strided_rec: 16384
nr_doubles: 512
nr_of_strided_rec: 16384
nr_doubles: 512
nr_of_strided_rec: 16384
nr_doubles: 512
nr_of_strided_rec: 16384
nr_doubles: 512

Write the data to file:536870912 bytes
***********WAITING************

Write the data to file:536870912 bytes
***********WAITING************

Write the data to file:536870912 bytes
***********WAITING************

Write the data to file:536870912 bytes
***********WAITING************
nr_of_strided_rec: 16384
nr_doubles: 512
nr_of_strided_rec: 16384
nr_doubles: 512
nr_of_strided_rec: 16384
nr_doubles: 512
nr_of_strided_rec: 16384
nr_doubles: 512

Write the data to file:536870912 bytes
***********WAITING************

Write the data to file:536870912 bytes
***********WAITING************

Write the data to file:536870912 bytes
***********WAITING************

Write the data to file:536870912 bytes
***********WAITING************
nr_of_strided_rec: 16384
nr_doubles: 512
nr_of_strided_rec: 16384
nr_doubles: 512
nr_of_strided_rec: 16384
nr_doubles: 512
nr_of_strided_rec: 16384
nr_doubles: 512

Write the data to file:536870912 bytes
***********WAITING************

Write the data to file:536870912 bytes
***********WAITING************

Write the data to file:536870912 bytes
***********WAITING************

Write the data to file:536870912 bytes
***********WAITING************
nr_of_strided_rec: 16384
nr_doubles: 512
nr_of_strided_rec: 16384
nr_doubles: 512
nr_of_strided_rec: 16384
nr_doubles: 512
nr_of_strided_rec: 16384
nr_doubles: 512

Write the data to file:536870912 bytes
***********WAITING************

Write the data to file:536870912 bytes
***********WAITING************

Write the data to file:536870912 bytes
***********WAITING************

Write the data to file:536870912 bytes
***********WAITING************
nr_of_strided_rec: 16384
nr_doubles: 512
nr_of_strided_rec: 16384
nr_doubles: 512
nr_of_strided_rec: 16384
nr_doubles: 512
nr_of_strided_rec: 16384
nr_doubles: 512

Write the data to file:536870912 bytes
***********WAITING************

Write the data to file:536870912 bytes
***********WAITING************

Write the data to file:536870912 bytes
***********WAITING************

Write the data to file:536870912 bytes
***********WAITING************
nr_of_strided_rec: 16384
nr_doubles: 512
nr_of_strided_rec: 16384
nr_doubles: 512
nr_of_strided_rec: 16384
nr_doubles: 512
nr_of_strided_rec: 16384
nr_doubles: 512

Write the data to file:536870912 bytes
***********WAITING************

Write the data to file:536870912 bytes
***********WAITING************

Write the data to file:536870912 bytes
***********WAITING************

Write the data to file:536870912 bytes
***********WAITING************
nr_of_strided_rec: 16384
nr_doubles: 512
nr_of_strided_rec: 16384
nr_doubles: 512
nr_of_strided_rec: 16384
nr_doubles: 512
nr_of_strided_rec: 16384
nr_doubles: 512

Write the data to file:536870912 bytes
***********WAITING************

Write the data to file:536870912 bytes
***********WAITING************

Write the data to file:536870912 bytes
***********WAITING************

Write the data to file:536870912 bytes
***********WAITING************
nr_of_strided_rec: 16384
nr_doubles: 512
nr_of_strided_rec: 16384
nr_doubles: 512
nr_of_strided_rec: 16384
nr_doubles: 512
nr_of_strided_rec: 16384
nr_doubles: 512

Write the data to file:536870912 bytes
***********WAITING************

Write the data to file:536870912 bytes
***********WAITING************

Write the data to file:536870912 bytes
***********WAITING************

Write the data to file:536870912 bytes
***********WAITING************
nr_of_strided_rec: 16384
nr_doubles: 512
nr_of_strided_rec: 16384
nr_doubles: 512
nr_of_strided_rec: 16384
nr_doubles: 512
nr_of_strided_rec: 16384
nr_doubles: 512

Write the data to file:536870912 bytes
***********WAITING************

Write the data to file:536870912 bytes
***********WAITING************

Write the data to file:536870912 bytes
***********WAITING************

Write the data to file:536870912 bytes
***********WAITING************
nr_of_strided_rec: 16384
nr_doubles: 512
nr_of_strided_rec: 16384
nr_doubles: 512
nr_of_strided_rec: 16384
nr_doubles: 512
nr_of_strided_rec: 16384
nr_doubles: 512

Write the data to file:536870912 bytes
***********WAITING************

Write the data to file:536870912 bytes
***********WAITING************

Write the data to file:536870912 bytes
***********WAITING************

Write the data to file:536870912 bytes
***********WAITING************
nr_of_strided_rec: 16384
nr_doubles: 512
nr_of_strided_rec: 16384
nr_doubles: 512
nr_of_strided_rec: 16384
nr_doubles: 512
nr_of_strided_rec: 16384
nr_doubles: 512

Write the data to file:536870912 bytes
***********WAITING************

Write the data to file:536870912 bytes
***********WAITING************

Write the data to file:536870912 bytes
***********WAITING************

Write the data to file:536870912 bytes
***********WAITING************
nr_of_strided_rec: 16384
nr_doubles: 512
nr_of_strided_rec: 16384
nr_doubles: 512
nr_of_strided_rec: 16384
nr_doubles: 512
nr_of_strided_rec: 16384
nr_doubles: 512

Write the data to file:536870912 bytes
***********WAITING************

Write the data to file:536870912 bytes
***********WAITING************

Write the data to file:536870912 bytes
***********WAITING************

Write the data to file:536870912 bytes
***********WAITING************
nr_of_strided_rec: 16384
nr_doubles: 512
nr_of_strided_rec: 16384
nr_doubles: 512
nr_of_strided_rec: 16384
nr_doubles: 512
nr_of_strided_rec: 16384
nr_doubles: 512

Write the data to file:536870912 bytes
***********WAITING************

Write the data to file:536870912 bytes
***********WAITING************

Write the data to file:536870912 bytes
***********WAITING************

Write the data to file:536870912 bytes
***********WAITING************
nr_of_strided_rec: 16384
nr_doubles: 512
nr_of_strided_rec: 16384
nr_doubles: 512
nr_of_strided_rec: 16384
nr_doubles: 512
nr_of_strided_rec: 16384
nr_doubles: 512

Write the data to file:536870912 bytes
***********WAITING************

Write the data to file:536870912 bytes
***********WAITING************

Write the data to file:536870912 bytes
***********WAITING************

Write the data to file:536870912 bytes
***********WAITING************
nr_of_strided_rec: 16384
nr_doubles: 512
nr_of_strided_rec: 16384
nr_doubles: 512
nr_of_strided_rec: 16384
nr_doubles: 512
nr_of_strided_rec: 16384
nr_doubles: 512

Write the data to file:536870912 bytes
***********WAITING************

Write the data to file:536870912 bytes
***********WAITING************

Write the data to file:536870912 bytes
***********WAITING************

Write the data to file:536870912 bytes
***********WAITING************

Write the data to file:536870912 bytes
***********WAITING************

Write the data to file:536870912 bytes
***********WAITING************

Write the data to file:536870912 bytes
***********WAITING************

Write the data to file:536870912 bytes
***********WAITING************
W_cc         9.95   [      9.94:      9.96]
W_r        389.27   [    389.27:    389.27]
W_w        120.92   [    120.92:    120.92]
          -------
W_total    520.14   [    520.13:    520.15]

calc_W done
calc_W done
nr_of_strided_rec: 16384
nr_doubles: 512
calc_W done
nr_of_strided_rec: 16384
nr_doubles: 512
calc_W done
nr_of_strided_rec: 16384
nr_doubles: 512
nr_of_strided_rec: 16384
nr_doubles: 512
nr_of_strided_rec: 16384
nr_doubles: 512
nr_of_strided_rec: 16384
nr_doubles: 512
nr_of_strided_rec: 16384
nr_doubles: 512
nr_of_strided_rec: 16384
nr_doubles: 512
nr_of_strided_rec: 16384
nr_doubles: 512
nr_of_strided_rec: 16384
nr_doubles: 512
nr_of_strided_rec: 16384
nr_doubles: 512
nr_of_strided_rec: 16384
nr_doubles: 512
nr_of_strided_rec: 16384
nr_doubles: 512
nr_of_strided_rec: 16384
nr_doubles: 512
nr_of_strided_rec: 16384
nr_doubles: 512
nr_of_strided_rec: 16384
nr_doubles: 512
nr_of_strided_rec: 16384
nr_doubles: 512
nr_of_strided_rec: 16384
nr_doubles: 512
nr_of_strided_rec: 16384
nr_doubles: 512
nr_of_strided_rec: 16384
nr_doubles: 512
nr_of_strided_rec: 16384
nr_doubles: 512
nr_of_strided_rec: 16384
nr_doubles: 512
nr_of_strided_rec: 16384
nr_doubles: 512
nr_of_strided_rec: 16384
nr_doubles: 512
nr_of_strided_rec: 16384
nr_doubles: 512
nr_of_strided_rec: 16384
nr_doubles: 512
nr_of_strided_rec: 16384
nr_doubles: 512
nr_of_strided_rec: 16384
nr_doubles: 512
nr_of_strided_rec: 16384
nr_doubles: 512
nr_of_strided_rec: 16384
nr_doubles: 512
nr_of_strided_rec: 16384
nr_doubles: 512
nr_of_strided_rec: 16384
nr_doubles: 512
nr_of_strided_rec: 16384
nr_doubles: 512
nr_of_strided_rec: 16384
nr_doubles: 512
nr_of_strided_rec: 16384
nr_doubles: 512
nr_of_strided_rec: 16384
nr_doubles: 512
nr_of_strided_rec: 16384
nr_doubles: 512
nr_of_strided_rec: 16384
nr_doubles: 512
nr_of_strided_rec: 16384
nr_doubles: 512
nr_of_strided_rec: 16384
nr_doubles: 512
nr_of_strided_rec: 16384
nr_doubles: 512
nr_of_strided_rec: 16384
nr_doubles: 512
nr_of_strided_rec: 16384
nr_doubles: 512
nr_of_strided_rec: 16384
nr_doubles: 512
nr_of_strided_rec: 16384
nr_doubles: 512
nr_of_strided_rec: 16384
nr_doubles: 512
nr_of_strided_rec: 16384
nr_doubles: 512
nr_of_strided_rec: 16384
nr_doubles: 512
nr_of_strided_rec: 16384
nr_doubles: 512
nr_of_strided_rec: 16384
nr_doubles: 512
nr_of_strided_rec: 16384
nr_doubles: 512
nr_of_strided_rec: 16384
nr_doubles: 512
nr_of_strided_rec: 16384
nr_doubles: 512
nr_of_strided_rec: 16384
nr_doubles: 512
nr_of_strided_rec: 16384
nr_doubles: 512
nr_of_strided_rec: 16384
nr_doubles: 512
nr_of_strided_rec: 16384
nr_doubles: 512
nr_of_strided_rec: 16384
nr_doubles: 512
nr_of_strided_rec: 16384
nr_doubles: 512
nr_of_strided_rec: 16384
nr_doubles: 512
nr_of_strided_rec: 16384
nr_doubles: 512
nr_of_strided_rec: 16384
nr_doubles: 512
nr_of_strided_rec: 16384
nr_doubles: 512
nr_of_strided_rec: 16384
nr_doubles: 512
nr_of_strided_rec: 16384
nr_doubles: 512
nr_of_strided_rec: 16384
nr_doubles: 512
nr_of_strided_rec: 16384
nr_doubles: 512
nr_of_strided_rec: 16384
nr_doubles: 512
nr_of_strided_rec: 16384
nr_doubles: 512
nr_of_strided_rec: 16384
nr_doubles: 512
nr_of_strided_rec: 16384
nr_doubles: 512
nr_of_strided_rec: 16384
nr_doubles: 512
nr_of_strided_rec: 16384
nr_doubles: 512
nr_of_strided_rec: 16384
nr_doubles: 512
nr_of_strided_rec: 16384
nr_doubles: 512
nr_of_strided_rec: 16384
nr_doubles: 512
nr_of_strided_rec: 16384
nr_doubles: 512
nr_of_strided_rec: 16384
nr_doubles: 512
nr_of_strided_rec: 16384
nr_doubles: 512
nr_of_strided_rec: 16384
nr_doubles: 512
nr_of_strided_rec: 16384
nr_doubles: 512
nr_of_strided_rec: 16384
nr_doubles: 512
nr_of_strided_rec: 16384
nr_doubles: 512
nr_of_strided_rec: 16384
nr_doubles: 512
nr_of_strided_rec: 16384
nr_doubles: 512
nr_of_strided_rec: 16384
nr_doubles: 512
nr_of_strided_rec: 16384
nr_doubles: 512
nr_of_strided_rec: 16384
nr_doubles: 512
nr_of_strided_rec: 16384
nr_doubles: 512
nr_of_strided_rec: 16384
nr_doubles: 512
nr_of_strided_rec: 16384
nr_doubles: 512
nr_of_strided_rec: 16384
nr_doubles: 512
nr_of_strided_rec: 16384
nr_doubles: 512
nr_of_strided_rec: 16384
nr_doubles: 512
nr_of_strided_rec: 16384
nr_doubles: 512
nr_of_strided_rec: 16384
nr_doubles: 512
nr_of_strided_rec: 16384
nr_doubles: 512
nr_of_strided_rec: 16384
nr_doubles: 512
nr_of_strided_rec: 16384
nr_doubles: 512
nr_of_strided_rec: 16384
nr_doubles: 512
nr_of_strided_rec: 16384
nr_doubles: 512
nr_of_strided_rec: 16384
nr_doubles: 512
nr_of_strided_rec: 16384
nr_doubles: 512
nr_of_strided_rec: 16384
nr_doubles: 512
nr_of_strided_rec: 16384
nr_doubles: 512
nr_of_strided_rec: 16384
nr_doubles: 512
nr_of_strided_rec: 16384
nr_doubles: 512
nr_of_strided_rec: 16384
nr_doubles: 512
nr_of_strided_rec: 16384
nr_doubles: 512
nr_of_strided_rec: 16384
nr_doubles: 512
nr_of_strided_rec: 16384
nr_doubles: 512
nr_of_strided_rec: 16384
nr_doubles: 512
nr_of_strided_rec: 16384
nr_doubles: 512
nr_of_strided_rec: 16384
nr_doubles: 512
nr_of_strided_rec: 16384
nr_doubles: 512
nr_of_strided_rec: 16384
nr_doubles: 512
nr_of_strided_rec: 16384
nr_doubles: 512
nr_of_strided_rec: 16384
nr_doubles: 512
nr_of_strided_rec: 16384
nr_doubles: 512
nr_of_strided_rec: 16384
nr_doubles: 512
C_cc         4.26   [      4.25:      4.27]
C_bw         2.69   [      2.69:      2.69]
C_r        308.76   [    308.76:    308.76]
          -------
C_total    315.71   [    315.70:    315.72]


dC[0] = 0.00000e+00
fclose PID:31045 fd:8
fclose PID:31044 fd:10
fclose PID:31046 fd:8
fclose PID:31043 fd:12
READAHEAD_TIME:0.000000 us
MaxRSS= 2107872 KB, SharedMem= 0 KB, HardPageFault= 14
READAHEAD_TIME:0.000000 us
MaxRSS= 2107864 KB, SharedMem= 0 KB, HardPageFault= 13
READAHEAD_TIME:0.000000 us
MaxRSS= 2107984 KB, SharedMem= 0 KB, HardPageFault= 15
READAHEAD_TIME:0.000000 us
MaxRSS= 2107760 KB, SharedMem= 0 KB, HardPageFault= 15
fclose PID:31042 fd:0
fclose PID:31042 fd:6
fclose PID:31042 fd:6
fclose PID:31042 fd:0
READAHEAD_TIME:0.000000 us
MaxRSS= 5352 KB, SharedMem= 0 KB, HardPageFault= 2
fclose PID:31041 fd:3
fclose PID:31041 fd:4
fclose PID:31041 fd:4
fclose PID:31041 fd:3
READAHEAD_TIME:0.000000 us
MaxRSS= 4856 KB, SharedMem= 0 KB, HardPageFault= 4
	Command being timed: "mpiexec -n 4 ./MADbench2_io 16384 30 1 8 64 1 1 4096 7 1"
	User time (seconds): 494.69
	System time (seconds): 360.98
	Percent of CPU this job got: 91%
	Elapsed (wall clock) time (h:mm:ss or m:ss): 15:30.41
	Average shared text size (kbytes): 0
	Average unshared data size (kbytes): 0
	Average stack size (kbytes): 0
	Average total size (kbytes): 0
	Maximum resident set size (kbytes): 2107984
	Average resident set size (kbytes): 0
	Major (requiring I/O) page faults: 64
	Minor (reclaiming a frame) page faults: 8766152
	Voluntary context switches: 14280319
	Involuntary context switches: 3938
	Swaps: 0
	File system inputs: 248293584
	File system outputs: 251658640
	Socket messages sent: 0
	Socket messages received: 0
	Signals delivered: 0
	Page size (bytes): 4096
	Exit status: 0
READAHEAD_TIME:0.000000 us
MaxRSS= 2184 KB, SharedMem= 0 KB, HardPageFault= 0
*******************DMESG OUTPUT******************
