fclose PID:29265 fd:3
fclose PID:29265 fd:4
fclose PID:29265 fd:4
fclose PID:29265 fd:3
available: 2 nodes (0-1)
fclose PID:29265 fd:3
node 0 cpus:fclose PID:29265 fd:3
 0 1 2 3 4 5 6 7 8 9 20 21 22 23 24 25 26 27 28 29
node 0 size: 80440 MB
node 0 free: 80132 MB
fclose PID:29265 fd:3
node 1 cpus:fclose PID:29265 fd:3
 10 11 12 13 14 15 16 17 18 19 30 31 32 33 34 35 36 37 38 39
node 1 size: 80635 MB
node 1 free: 80380 MB
fclose PID:29265 fd:3
fclose PID:29265 fd:3
node distances:
node   0   1 
  0:  10  21 
  1:  21  10 
READAHEAD_TIME:0.000000 us
MaxRSS= 2248 KB, SharedMem= 0 KB, HardPageFault= 10
fclose PID:29272 fd:8
fclose PID:29273 fd:8
fclose PID:29270 fd:12
fclose PID:29271 fd:10

MADbench 2.0 IO-mode
no_pe = 4  no_pix = 8192  no_bin = 30  no_gang = 1 sblocksize = 8  fblocksize = 64  r_mod = 1  w_mod = 1 record_size=4096 stride=7


IOMETHOD = POSIX  IOMODE = SYNC  FILETYPE = UNIQUE  REMAP = CUSTOMbuild_S
build_S
build_S
build_S

Write the data to file:134217728 bytes
***********WAITING************

Write the data to file:134217728 bytes
***********WAITING************

Write the data to file:134217728 bytes
***********WAITING************

Write the data to file:134217728 bytes
***********WAITING************

Write the data to file:134217728 bytes
***********WAITING************

Write the data to file:134217728 bytes
***********WAITING************

Write the data to file:134217728 bytes
***********WAITING************

Write the data to file:134217728 bytes
***********WAITING************

Write the data to file:134217728 bytes
***********WAITING************

Write the data to file:134217728 bytes
***********WAITING************

Write the data to file:134217728 bytes
***********WAITING************

Write the data to file:134217728 bytes
***********WAITING************

Write the data to file:134217728 bytes
***********WAITING************

Write the data to file:134217728 bytes
***********WAITING************

Write the data to file:134217728 bytes
***********WAITING************

Write the data to file:134217728 bytes
***********WAITING************

Write the data to file:134217728 bytes
***********WAITING************

Write the data to file:134217728 bytes
***********WAITING************

Write the data to file:134217728 bytes
***********WAITING************

Write the data to file:134217728 bytes
***********WAITING************

Write the data to file:134217728 bytes
***********WAITING************

Write the data to file:134217728 bytes
***********WAITING************

Write the data to file:134217728 bytes
***********WAITING************

Write the data to file:134217728 bytes
***********WAITING************

Write the data to file:134217728 bytes
***********WAITING************

Write the data to file:134217728 bytes
***********WAITING************

Write the data to file:134217728 bytes
***********WAITING************

Write the data to file:134217728 bytes
***********WAITING************

Write the data to file:134217728 bytes
***********WAITING************

Write the data to file:134217728 bytes
***********WAITING************

Write the data to file:134217728 bytes
***********WAITING************

Write the data to file:134217728 bytes
***********WAITING************

Write the data to file:134217728 bytes
***********WAITING************

Write the data to file:134217728 bytes
***********WAITING************

Write the data to file:134217728 bytes
***********WAITING************

Write the data to file:134217728 bytes
***********WAITING************

Write the data to file:134217728 bytes
***********WAITING************

Write the data to file:134217728 bytes
***********WAITING************

Write the data to file:134217728 bytes
***********WAITING************

Write the data to file:134217728 bytes
***********WAITING************

Write the data to file:134217728 bytes
***********WAITING************

Write the data to file:134217728 bytes
***********WAITING************

Write the data to file:134217728 bytes
***********WAITING************

Write the data to file:134217728 bytes
***********WAITING************

Write the data to file:134217728 bytes
***********WAITING************

Write the data to file:134217728 bytes
***********WAITING************

Write the data to file:134217728 bytes
***********WAITING************

Write the data to file:134217728 bytes
***********WAITING************

Write the data to file:134217728 bytes
***********WAITING************

Write the data to file:134217728 bytes
***********WAITING************

Write the data to file:134217728 bytes
***********WAITING************

Write the data to file:134217728 bytes
***********WAITING************

Write the data to file:134217728 bytes
***********WAITING************

Write the data to file:134217728 bytes
***********WAITING************

Write the data to file:134217728 bytes
***********WAITING************

Write the data to file:134217728 bytes
***********WAITING************

Write the data to file:134217728 bytes
***********WAITING************

Write the data to file:134217728 bytes
***********WAITING************

Write the data to file:134217728 bytes
***********WAITING************

Write the data to file:134217728 bytes
***********WAITING************

Write the data to file:134217728 bytes
***********WAITING************

Write the data to file:134217728 bytes
***********WAITING************

Write the data to file:134217728 bytes
***********WAITING************

Write the data to file:134217728 bytes
***********WAITING************

Write the data to file:134217728 bytes
***********WAITING************

Write the data to file:134217728 bytes
***********WAITING************

Write the data to file:134217728 bytes
***********WAITING************

Write the data to file:134217728 bytes
***********WAITING************

Write the data to file:134217728 bytes
***********WAITING************

Write the data to file:134217728 bytes
***********WAITING************

Write the data to file:134217728 bytes
***********WAITING************

Write the data to file:134217728 bytes
***********WAITING************

Write the data to file:134217728 bytes
***********WAITING************

Write the data to file:134217728 bytes
***********WAITING************

Write the data to file:134217728 bytes
***********WAITING************

Write the data to file:134217728 bytes
***********WAITING************

Write the data to file:134217728 bytes
***********WAITING************

Write the data to file:134217728 bytes
***********WAITING************

Write the data to file:134217728 bytes
***********WAITING************

Write the data to file:134217728 bytes
***********WAITING************

Write the data to file:134217728 bytes
***********WAITING************

Write the data to file:134217728 bytes
***********WAITING************

Write the data to file:134217728 bytes
***********WAITING************

Write the data to file:134217728 bytes
***********WAITING************

Write the data to file:134217728 bytes
***********WAITING************

Write the data to file:134217728 bytes
***********WAITING************

Write the data to file:134217728 bytes
***********WAITING************

Write the data to file:134217728 bytes
***********WAITING************

Write the data to file:134217728 bytes
***********WAITING************

Write the data to file:134217728 bytes
***********WAITING************

Write the data to file:134217728 bytes
***********WAITING************

Write the data to file:134217728 bytes
***********WAITING************

Write the data to file:134217728 bytes
***********WAITING************

Write the data to file:134217728 bytes
***********WAITING************

Write the data to file:134217728 bytes
***********WAITING************

Write the data to file:134217728 bytes
***********WAITING************

Write the data to file:134217728 bytes
***********WAITING************

Write the data to file:134217728 bytes
***********WAITING************

Write the data to file:134217728 bytes
***********WAITING************

Write the data to file:134217728 bytes
***********WAITING************

Write the data to file:134217728 bytes
***********WAITING************

Write the data to file:134217728 bytes
***********WAITING************

Write the data to file:134217728 bytes
***********WAITING************

Write the data to file:134217728 bytes
***********WAITING************

Write the data to file:134217728 bytes
***********WAITING************

Write the data to file:134217728 bytes
***********WAITING************

Write the data to file:134217728 bytes
***********WAITING************

Write the data to file:134217728 bytes
***********WAITING************

Write the data to file:134217728 bytes
***********WAITING************

Write the data to file:134217728 bytes
***********WAITING************

Write the data to file:134217728 bytes
***********WAITING************

Write the data to file:134217728 bytes
***********WAITING************

Write the data to file:134217728 bytes
***********WAITING************

Write the data to file:134217728 bytes
***********WAITING************

Write the data to file:134217728 bytes
***********WAITING************

Write the data to file:134217728 bytes
***********WAITING************

Write the data to file:134217728 bytes
***********WAITING************

Write the data to file:134217728 bytes
***********WAITING************

Write the data to file:134217728 bytes
***********WAITING************

Write the data to file:134217728 bytes
***********WAITING************
S_cc         1.63   [      1.63:      1.63]
S_bw         0.73   [      0.73:      0.73]
S_w         33.59   [     33.59:     33.59]
          -------
S_total     35.95   [     35.95:     35.95]

build_S done
calc_W
build_S done
calc_W
nr_of_strided_rec: 4096
nr_doubles: 512
build_S done
calc_W
nr_of_strided_rec: 4096
nr_doubles: 512
build_S done
calc_W
nr_of_strided_rec: 4096
nr_doubles: 512
nr_of_strided_rec: 4096
nr_doubles: 512
nr_of_strided_rec: 4096
nr_doubles: 512
nr_of_strided_rec: 4096
nr_doubles: 512
nr_of_strided_rec: 4096
nr_doubles: 512
nr_of_strided_rec: 4096
nr_doubles: 512

Write the data to file:134217728 bytes
***********WAITING************

Write the data to file:134217728 bytes
***********WAITING************

Write the data to file:134217728 bytes
***********WAITING************

Write the data to file:134217728 bytes
***********WAITING************
nr_of_strided_rec: 4096
nr_doubles: 512
nr_of_strided_rec: 4096
nr_doubles: 512
nr_of_strided_rec: 4096
nr_doubles: 512
nr_of_strided_rec: 4096
nr_doubles: 512

Write the data to file:134217728 bytes
***********WAITING************

Write the data to file:134217728 bytes
***********WAITING************

Write the data to file:134217728 bytes
***********WAITING************

Write the data to file:134217728 bytes
***********WAITING************
nr_of_strided_rec: 4096
nr_doubles: 512
nr_of_strided_rec: 4096
nr_doubles: 512
nr_of_strided_rec: 4096
nr_doubles: 512
nr_of_strided_rec: 4096
nr_doubles: 512

Write the data to file:134217728 bytes
***********WAITING************

Write the data to file:134217728 bytes
***********WAITING************

Write the data to file:134217728 bytes
***********WAITING************

Write the data to file:134217728 bytes
***********WAITING************
nr_of_strided_rec: 4096
nr_doubles: 512
nr_of_strided_rec: 4096
nr_doubles: 512
nr_of_strided_rec: 4096
nr_doubles: 512
nr_of_strided_rec: 4096
nr_doubles: 512

Write the data to file:134217728 bytes
***********WAITING************

Write the data to file:134217728 bytes
***********WAITING************

Write the data to file:134217728 bytes
***********WAITING************

Write the data to file:134217728 bytes
***********WAITING************
nr_of_strided_rec: 4096
nr_doubles: 512
nr_of_strided_rec: 4096
nr_doubles: 512
nr_of_strided_rec: 4096
nr_doubles: 512
nr_of_strided_rec: 4096
nr_doubles: 512

Write the data to file:134217728 bytes
***********WAITING************

Write the data to file:134217728 bytes
***********WAITING************

Write the data to file:134217728 bytes
***********WAITING************

Write the data to file:134217728 bytes
***********WAITING************
nr_of_strided_rec: 4096
nr_doubles: 512
nr_of_strided_rec: 4096
nr_doubles: 512
nr_of_strided_rec: 4096
nr_doubles: 512
nr_of_strided_rec: 4096
nr_doubles: 512

Write the data to file:134217728 bytes
***********WAITING************

Write the data to file:134217728 bytes
***********WAITING************

Write the data to file:134217728 bytes
***********WAITING************

Write the data to file:134217728 bytes
***********WAITING************
nr_of_strided_rec: 4096
nr_doubles: 512
nr_of_strided_rec: 4096
nr_doubles: 512
nr_of_strided_rec: 4096
nr_doubles: 512
nr_of_strided_rec: 4096
nr_doubles: 512

Write the data to file:134217728 bytes
***********WAITING************

Write the data to file:134217728 bytes
***********WAITING************

Write the data to file:134217728 bytes
***********WAITING************

Write the data to file:134217728 bytes
***********WAITING************
nr_of_strided_rec: 4096
nr_doubles: 512
nr_of_strided_rec: 4096
nr_doubles: 512
nr_of_strided_rec: 4096
nr_doubles: 512
nr_of_strided_rec: 4096
nr_doubles: 512

Write the data to file:134217728 bytes
***********WAITING************

Write the data to file:134217728 bytes
***********WAITING************

Write the data to file:134217728 bytes
***********WAITING************

Write the data to file:134217728 bytes
***********WAITING************
nr_of_strided_rec: 4096
nr_doubles: 512
nr_of_strided_rec: 4096
nr_doubles: 512
nr_of_strided_rec: 4096
nr_doubles: 512
nr_of_strided_rec: 4096
nr_doubles: 512

Write the data to file:134217728 bytes
***********WAITING************

Write the data to file:134217728 bytes
***********WAITING************

Write the data to file:134217728 bytes
***********WAITING************

Write the data to file:134217728 bytes
***********WAITING************
nr_of_strided_rec: 4096
nr_doubles: 512
nr_of_strided_rec: 4096
nr_doubles: 512
nr_of_strided_rec: 4096
nr_doubles: 512
nr_of_strided_rec: 4096
nr_doubles: 512

Write the data to file:134217728 bytes
***********WAITING************

Write the data to file:134217728 bytes
***********WAITING************

Write the data to file:134217728 bytes
***********WAITING************

Write the data to file:134217728 bytes
***********WAITING************
nr_of_strided_rec: 4096
nr_doubles: 512
nr_of_strided_rec: 4096
nr_doubles: 512
nr_of_strided_rec: 4096
nr_doubles: 512
nr_of_strided_rec: 4096
nr_doubles: 512

Write the data to file:134217728 bytes
***********WAITING************

Write the data to file:134217728 bytes
***********WAITING************

Write the data to file:134217728 bytes
***********WAITING************

Write the data to file:134217728 bytes
***********WAITING************
nr_of_strided_rec: 4096
nr_doubles: 512
nr_of_strided_rec: 4096
nr_doubles: 512
nr_of_strided_rec: 4096
nr_doubles: 512
nr_of_strided_rec: 4096
nr_doubles: 512

Write the data to file:134217728 bytes
***********WAITING************

Write the data to file:134217728 bytes
***********WAITING************

Write the data to file:134217728 bytes
***********WAITING************

Write the data to file:134217728 bytes
***********WAITING************
nr_of_strided_rec: 4096
nr_doubles: 512
nr_of_strided_rec: 4096
nr_doubles: 512
nr_of_strided_rec: 4096
nr_doubles: 512
nr_of_strided_rec: 4096
nr_doubles: 512

Write the data to file:134217728 bytes
***********WAITING************

Write the data to file:134217728 bytes
***********WAITING************

Write the data to file:134217728 bytes
***********WAITING************

Write the data to file:134217728 bytes
***********WAITING************
nr_of_strided_rec: 4096
nr_doubles: 512
nr_of_strided_rec: 4096
nr_doubles: 512
nr_of_strided_rec: 4096
nr_doubles: 512
nr_of_strided_rec: 4096
nr_doubles: 512

Write the data to file:134217728 bytes
***********WAITING************

Write the data to file:134217728 bytes
***********WAITING************

Write the data to file:134217728 bytes
***********WAITING************

Write the data to file:134217728 bytes
***********WAITING************
nr_of_strided_rec: 4096
nr_doubles: 512
nr_of_strided_rec: 4096
nr_doubles: 512
nr_of_strided_rec: 4096
nr_doubles: 512
nr_of_strided_rec: 4096
nr_doubles: 512

Write the data to file:134217728 bytes
***********WAITING************

Write the data to file:134217728 bytes
***********WAITING************

Write the data to file:134217728 bytes
***********WAITING************

Write the data to file:134217728 bytes
***********WAITING************
nr_of_strided_rec: 4096
nr_doubles: 512
nr_of_strided_rec: 4096
nr_doubles: 512
nr_of_strided_rec: 4096
nr_doubles: 512
nr_of_strided_rec: 4096
nr_doubles: 512

Write the data to file:134217728 bytes
***********WAITING************

Write the data to file:134217728 bytes
***********WAITING************

Write the data to file:134217728 bytes
***********WAITING************

Write the data to file:134217728 bytes
***********WAITING************
nr_of_strided_rec: 4096
nr_doubles: 512
nr_of_strided_rec: 4096
nr_doubles: 512
nr_of_strided_rec: 4096
nr_doubles: 512
nr_of_strided_rec: 4096
nr_doubles: 512

Write the data to file:134217728 bytes
***********WAITING************

Write the data to file:134217728 bytes
***********WAITING************

Write the data to file:134217728 bytes
***********WAITING************

Write the data to file:134217728 bytes
***********WAITING************
nr_of_strided_rec: 4096
nr_doubles: 512
nr_of_strided_rec: 4096
nr_doubles: 512
nr_of_strided_rec: 4096
nr_doubles: 512
nr_of_strided_rec: 4096
nr_doubles: 512

Write the data to file:134217728 bytes
***********WAITING************

Write the data to file:134217728 bytes
***********WAITING************

Write the data to file:134217728 bytes
***********WAITING************

Write the data to file:134217728 bytes
***********WAITING************
nr_of_strided_rec: 4096
nr_doubles: 512
nr_of_strided_rec: 4096
nr_doubles: 512
nr_of_strided_rec: 4096
nr_doubles: 512
nr_of_strided_rec: 4096
nr_doubles: 512

Write the data to file:134217728 bytes
***********WAITING************

Write the data to file:134217728 bytes
***********WAITING************

Write the data to file:134217728 bytes
***********WAITING************

Write the data to file:134217728 bytes
***********WAITING************
nr_of_strided_rec: 4096
nr_doubles: 512
nr_of_strided_rec: 4096
nr_doubles: 512
nr_of_strided_rec: 4096
nr_doubles: 512
nr_of_strided_rec: 4096
nr_doubles: 512

Write the data to file:134217728 bytes
***********WAITING************

Write the data to file:134217728 bytes
***********WAITING************

Write the data to file:134217728 bytes
***********WAITING************

Write the data to file:134217728 bytes
***********WAITING************
nr_of_strided_rec: 4096
nr_doubles: 512
nr_of_strided_rec: 4096
nr_doubles: 512
nr_of_strided_rec: 4096
nr_doubles: 512
nr_of_strided_rec: 4096
nr_doubles: 512

Write the data to file:134217728 bytes
***********WAITING************

Write the data to file:134217728 bytes
***********WAITING************

Write the data to file:134217728 bytes
***********WAITING************

Write the data to file:134217728 bytes
***********WAITING************
nr_of_strided_rec: 4096
nr_doubles: 512
nr_of_strided_rec: 4096
nr_doubles: 512
nr_of_strided_rec: 4096
nr_doubles: 512
nr_of_strided_rec: 4096
nr_doubles: 512

Write the data to file:134217728 bytes
***********WAITING************

Write the data to file:134217728 bytes
***********WAITING************

Write the data to file:134217728 bytes
***********WAITING************

Write the data to file:134217728 bytes
***********WAITING************
nr_of_strided_rec: 4096
nr_doubles: 512
nr_of_strided_rec: 4096
nr_doubles: 512
nr_of_strided_rec: 4096
nr_doubles: 512
nr_of_strided_rec: 4096
nr_doubles: 512

Write the data to file:134217728 bytes
***********WAITING************

Write the data to file:134217728 bytes
***********WAITING************

Write the data to file:134217728 bytes
***********WAITING************

Write the data to file:134217728 bytes
***********WAITING************
nr_of_strided_rec: 4096
nr_doubles: 512
nr_of_strided_rec: 4096
nr_doubles: 512
nr_of_strided_rec: 4096
nr_doubles: 512
nr_of_strided_rec: 4096
nr_doubles: 512

Write the data to file:134217728 bytes
***********WAITING************

Write the data to file:134217728 bytes
***********WAITING************

Write the data to file:134217728 bytes
***********WAITING************

Write the data to file:134217728 bytes
***********WAITING************
nr_of_strided_rec: 4096
nr_doubles: 512
nr_of_strided_rec: 4096
nr_doubles: 512
nr_of_strided_rec: 4096
nr_doubles: 512
nr_of_strided_rec: 4096
nr_doubles: 512

Write the data to file:134217728 bytes
***********WAITING************

Write the data to file:134217728 bytes
***********WAITING************

Write the data to file:134217728 bytes
***********WAITING************

Write the data to file:134217728 bytes
***********WAITING************
nr_of_strided_rec: 4096
nr_doubles: 512
nr_of_strided_rec: 4096
nr_doubles: 512
nr_of_strided_rec: 4096
nr_doubles: 512
nr_of_strided_rec: 4096
nr_doubles: 512

Write the data to file:134217728 bytes
***********WAITING************

Write the data to file:134217728 bytes
***********WAITING************

Write the data to file:134217728 bytes
***********WAITING************

Write the data to file:134217728 bytes
***********WAITING************
nr_of_strided_rec: 4096
nr_doubles: 512
nr_of_strided_rec: 4096
nr_doubles: 512
nr_of_strided_rec: 4096
nr_doubles: 512
nr_of_strided_rec: 4096
nr_doubles: 512

Write the data to file:134217728 bytes
***********WAITING************

Write the data to file:134217728 bytes
***********WAITING************

Write the data to file:134217728 bytes
***********WAITING************

Write the data to file:134217728 bytes
***********WAITING************
nr_of_strided_rec: 4096
nr_doubles: 512
nr_of_strided_rec: 4096
nr_doubles: 512
nr_of_strided_rec: 4096
nr_doubles: 512
nr_of_strided_rec: 4096
nr_doubles: 512

Write the data to file:134217728 bytes
***********WAITING************

Write the data to file:134217728 bytes
***********WAITING************

Write the data to file:134217728 bytes
***********WAITING************

Write the data to file:134217728 bytes
***********WAITING************
nr_of_strided_rec: 4096
nr_doubles: 512
nr_of_strided_rec: 4096
nr_doubles: 512
nr_of_strided_rec: 4096
nr_doubles: 512
nr_of_strided_rec: 4096
nr_doubles: 512

Write the data to file:134217728 bytes
***********WAITING************

Write the data to file:134217728 bytes
***********WAITING************

Write the data to file:134217728 bytes
***********WAITING************

Write the data to file:134217728 bytes
***********WAITING************

Write the data to file:134217728 bytes
***********WAITING************

Write the data to file:134217728 bytes
***********WAITING************

Write the data to file:134217728 bytes
***********WAITING************

Write the data to file:134217728 bytes
***********WAITING************
W_cc         3.26   [      3.25:      3.26]
W_r         84.78   [     84.78:     84.78]
W_w         29.62   [     29.61:     29.62]
          -------
W_total    117.66   [    117.65:    117.66]

calc_W done
calc_W done
nr_of_strided_rec: 4096
nr_doubles: 512
calc_W done
nr_of_strided_rec: 4096
nr_doubles: 512
calc_W done
nr_of_strided_rec: 4096
nr_doubles: 512
nr_of_strided_rec: 4096
nr_doubles: 512
nr_of_strided_rec: 4096
nr_doubles: 512
nr_of_strided_rec: 4096
nr_doubles: 512
nr_of_strided_rec: 4096
nr_doubles: 512
nr_of_strided_rec: 4096
nr_doubles: 512
nr_of_strided_rec: 4096
nr_doubles: 512
nr_of_strided_rec: 4096
nr_doubles: 512
nr_of_strided_rec: 4096
nr_doubles: 512
nr_of_strided_rec: 4096
nr_doubles: 512
nr_of_strided_rec: 4096
nr_doubles: 512
nr_of_strided_rec: 4096
nr_doubles: 512
nr_of_strided_rec: 4096
nr_doubles: 512
nr_of_strided_rec: 4096
nr_doubles: 512
nr_of_strided_rec: 4096
nr_doubles: 512
nr_of_strided_rec: 4096
nr_doubles: 512
nr_of_strided_rec: 4096
nr_doubles: 512
nr_of_strided_rec: 4096
nr_doubles: 512
nr_of_strided_rec: 4096
nr_doubles: 512
nr_of_strided_rec: 4096
nr_doubles: 512
nr_of_strided_rec: 4096
nr_doubles: 512
nr_of_strided_rec: 4096
nr_doubles: 512
nr_of_strided_rec: 4096
nr_doubles: 512
nr_of_strided_rec: 4096
nr_doubles: 512
nr_of_strided_rec: 4096
nr_doubles: 512
nr_of_strided_rec: 4096
nr_doubles: 512
nr_of_strided_rec: 4096
nr_doubles: 512
nr_of_strided_rec: 4096
nr_doubles: 512
nr_of_strided_rec: 4096
nr_doubles: 512
nr_of_strided_rec: 4096
nr_doubles: 512
nr_of_strided_rec: 4096
nr_doubles: 512
nr_of_strided_rec: 4096
nr_doubles: 512
nr_of_strided_rec: 4096
nr_doubles: 512
nr_of_strided_rec: 4096
nr_doubles: 512
nr_of_strided_rec: 4096
nr_doubles: 512
nr_of_strided_rec: 4096
nr_doubles: 512
nr_of_strided_rec: 4096
nr_doubles: 512
nr_of_strided_rec: 4096
nr_doubles: 512
nr_of_strided_rec: 4096
nr_doubles: 512
nr_of_strided_rec: 4096
nr_doubles: 512
nr_of_strided_rec: 4096
nr_doubles: 512
nr_of_strided_rec: 4096
nr_doubles: 512
nr_of_strided_rec: 4096
nr_doubles: 512
nr_of_strided_rec: 4096
nr_doubles: 512
nr_of_strided_rec: 4096
nr_doubles: 512
nr_of_strided_rec: 4096
nr_doubles: 512
nr_of_strided_rec: 4096
nr_doubles: 512
nr_of_strided_rec: 4096
nr_doubles: 512
nr_of_strided_rec: 4096
nr_doubles: 512
nr_of_strided_rec: 4096
nr_doubles: 512
nr_of_strided_rec: 4096
nr_doubles: 512
nr_of_strided_rec: 4096
nr_doubles: 512
nr_of_strided_rec: 4096
nr_doubles: 512
nr_of_strided_rec: 4096
nr_doubles: 512
nr_of_strided_rec: 4096
nr_doubles: 512
nr_of_strided_rec: 4096
nr_doubles: 512
nr_of_strided_rec: 4096
nr_doubles: 512
nr_of_strided_rec: 4096
nr_doubles: 512
nr_of_strided_rec: 4096
nr_doubles: 512
nr_of_strided_rec: 4096
nr_doubles: 512
nr_of_strided_rec: 4096
nr_doubles: 512
nr_of_strided_rec: 4096
nr_doubles: 512
nr_of_strided_rec: 4096
nr_doubles: 512
nr_of_strided_rec: 4096
nr_doubles: 512
nr_of_strided_rec: 4096
nr_doubles: 512
nr_of_strided_rec: 4096
nr_doubles: 512
nr_of_strided_rec: 4096
nr_doubles: 512
nr_of_strided_rec: 4096
nr_doubles: 512
nr_of_strided_rec: 4096
nr_doubles: 512
nr_of_strided_rec: 4096
nr_doubles: 512
nr_of_strided_rec: 4096
nr_doubles: 512
nr_of_strided_rec: 4096
nr_doubles: 512
nr_of_strided_rec: 4096
nr_doubles: 512
nr_of_strided_rec: 4096
nr_doubles: 512
nr_of_strided_rec: 4096
nr_doubles: 512
nr_of_strided_rec: 4096
nr_doubles: 512
nr_of_strided_rec: 4096
nr_doubles: 512
nr_of_strided_rec: 4096
nr_doubles: 512
nr_of_strided_rec: 4096
nr_doubles: 512
nr_of_strided_rec: 4096
nr_doubles: 512
nr_of_strided_rec: 4096
nr_doubles: 512
nr_of_strided_rec: 4096
nr_doubles: 512
nr_of_strided_rec: 4096
nr_doubles: 512
nr_of_strided_rec: 4096
nr_doubles: 512
nr_of_strided_rec: 4096
nr_doubles: 512
nr_of_strided_rec: 4096
nr_doubles: 512
nr_of_strided_rec: 4096
nr_doubles: 512
nr_of_strided_rec: 4096
nr_doubles: 512
nr_of_strided_rec: 4096
nr_doubles: 512
nr_of_strided_rec: 4096
nr_doubles: 512
nr_of_strided_rec: 4096
nr_doubles: 512
nr_of_strided_rec: 4096
nr_doubles: 512
nr_of_strided_rec: 4096
nr_doubles: 512
nr_of_strided_rec: 4096
nr_doubles: 512
nr_of_strided_rec: 4096
nr_doubles: 512
nr_of_strided_rec: 4096
nr_doubles: 512
nr_of_strided_rec: 4096
nr_doubles: 512
nr_of_strided_rec: 4096
nr_doubles: 512
nr_of_strided_rec: 4096
nr_doubles: 512
nr_of_strided_rec: 4096
nr_doubles: 512
nr_of_strided_rec: 4096
nr_doubles: 512
nr_of_strided_rec: 4096
nr_doubles: 512
nr_of_strided_rec: 4096
nr_doubles: 512
nr_of_strided_rec: 4096
nr_doubles: 512
nr_of_strided_rec: 4096
nr_doubles: 512
nr_of_strided_rec: 4096
nr_doubles: 512
nr_of_strided_rec: 4096
nr_doubles: 512
nr_of_strided_rec: 4096
nr_doubles: 512
nr_of_strided_rec: 4096
nr_doubles: 512
nr_of_strided_rec: 4096
nr_doubles: 512
nr_of_strided_rec: 4096
nr_doubles: 512
nr_of_strided_rec: 4096
nr_doubles: 512
nr_of_strided_rec: 4096
nr_doubles: 512
nr_of_strided_rec: 4096
nr_doubles: 512
nr_of_strided_rec: 4096
nr_doubles: 512
nr_of_strided_rec: 4096
nr_doubles: 512
nr_of_strided_rec: 4096
nr_doubles: 512
nr_of_strided_rec: 4096
nr_doubles: 512
C_cc         1.23   [      1.22:      1.23]
C_bw         0.67   [      0.67:      0.67]
C_r         77.51   [     77.51:     77.51]
          -------
C_total     79.40   [     79.40:     79.41]


dC[0] = 0.00000e+00
fclose PID:29271 fd:10
fclose PID:29272 fd:8
fclose PID:29273 fd:8
fclose PID:29270 fd:12
READAHEAD_TIME:0.000000 us
MaxRSS= 534948 KB, SharedMem= 0 KB, HardPageFault= 12
READAHEAD_TIME:0.000000 us
MaxRSS= 535016 KB, SharedMem= 0 KB, HardPageFault= 15
READAHEAD_TIME:0.000000 us
MaxRSS= 534872 KB, SharedMem= 0 KB, HardPageFault= 11
READAHEAD_TIME:0.000000 us
MaxRSS= 534972 KB, SharedMem= 0 KB, HardPageFault= 12
fclose PID:29269 fd:0
fclose PID:29269 fd:6
fclose PID:29269 fd:6
fclose PID:29269 fd:0
READAHEAD_TIME:0.000000 us
MaxRSS= 5396 KB, SharedMem= 0 KB, HardPageFault= 2
fclose PID:29268 fd:3
fclose PID:29268 fd:4
fclose PID:29268 fd:4
fclose PID:29268 fd:3
READAHEAD_TIME:0.000000 us
MaxRSS= 4932 KB, SharedMem= 0 KB, HardPageFault= 4
	Command being timed: "mpiexec -n 4 ./MADbench2_io 8192 30 1 8 64 1 1 4096 7 1"
	User time (seconds): 91.36
	System time (seconds): 89.02
	Percent of CPU this job got: 77%
	Elapsed (wall clock) time (h:mm:ss or m:ss): 3:53.36
	Average shared text size (kbytes): 0
	Average unshared data size (kbytes): 0
	Average stack size (kbytes): 0
	Average total size (kbytes): 0
	Maximum resident set size (kbytes): 535016
	Average resident set size (kbytes): 0
	Major (requiring I/O) page faults: 57
	Minor (reclaiming a frame) page faults: 3078978
	Voluntary context switches: 3556132
	Involuntary context switches: 1551
	Swaps: 0
	File system inputs: 62314376
	File system outputs: 62914712
	Socket messages sent: 0
	Socket messages received: 0
	Signals delivered: 0
	Page size (bytes): 4096
	Exit status: 0
READAHEAD_TIME:0.000000 us
MaxRSS= 2060 KB, SharedMem= 0 KB, HardPageFault= 0
*******************DMESG OUTPUT******************
