fclose PID:30082 fd:3
fclose PID:30082 fd:4
fclose PID:30082 fd:4
fclose PID:30082 fd:3
available: 2 nodes (0-1)
fclose PID:30082 fd:3
node 0 cpus:fclose PID:30082 fd:3
 0 1 2 3 4 5 6 7 8 9 20 21 22 23 24 25 26 27 28 29
node 0 size: 80440 MB
node 0 free: 80123 MB
fclose PID:30082 fd:3
node 1 cpus:fclose PID:30082 fd:3
 10 11 12 13 14 15 16 17 18 19 30 31 32 33 34 35 36 37 38 39
node 1 size: 80635 MB
node 1 free: 80379 MB
fclose PID:30082 fd:3
fclose PID:30082 fd:3
node distances:
node   0   1 
  0:  10  21 
  1:  21  10 
READAHEAD_TIME:0.000000 us
MaxRSS= 2160 KB, SharedMem= 0 KB, HardPageFault= 10
fclose PID:30088 fd:10
fclose PID:30089 fd:8
fclose PID:30087 fd:12
fclose PID:30090 fd:8

MADbench 2.0 IO-mode
no_pe = 4  no_pix = 8192  no_bin = 30  no_gang = 1 sblocksize = 8  fblocksize = 64  r_mod = 1  w_mod = 1 record_size=524288 stride=7


IOMETHOD = POSIX  IOMODE = SYNC  FILETYPE = UNIQUE  REMAP = CUSTOMbuild_S
build_S
build_S
build_S

Write the data to file:134217728 bytes
***********WAITING************

Write the data to file:134217728 bytes
***********WAITING************

Write the data to file:134217728 bytes
***********WAITING************

Write the data to file:134217728 bytes
***********WAITING************

Write the data to file:134217728 bytes
***********WAITING************

Write the data to file:134217728 bytes
***********WAITING************

Write the data to file:134217728 bytes
***********WAITING************

Write the data to file:134217728 bytes
***********WAITING************

Write the data to file:134217728 bytes
***********WAITING************

Write the data to file:134217728 bytes
***********WAITING************

Write the data to file:134217728 bytes
***********WAITING************

Write the data to file:134217728 bytes
***********WAITING************

Write the data to file:134217728 bytes
***********WAITING************

Write the data to file:134217728 bytes
***********WAITING************

Write the data to file:134217728 bytes
***********WAITING************

Write the data to file:134217728 bytes
***********WAITING************

Write the data to file:134217728 bytes
***********WAITING************

Write the data to file:134217728 bytes
***********WAITING************

Write the data to file:134217728 bytes
***********WAITING************

Write the data to file:134217728 bytes
***********WAITING************

Write the data to file:134217728 bytes
***********WAITING************

Write the data to file:134217728 bytes
***********WAITING************

Write the data to file:134217728 bytes
***********WAITING************

Write the data to file:134217728 bytes
***********WAITING************

Write the data to file:134217728 bytes
***********WAITING************

Write the data to file:134217728 bytes
***********WAITING************

Write the data to file:134217728 bytes
***********WAITING************

Write the data to file:134217728 bytes
***********WAITING************

Write the data to file:134217728 bytes
***********WAITING************

Write the data to file:134217728 bytes
***********WAITING************

Write the data to file:134217728 bytes
***********WAITING************

Write the data to file:134217728 bytes
***********WAITING************

Write the data to file:134217728 bytes
***********WAITING************

Write the data to file:134217728 bytes
***********WAITING************

Write the data to file:134217728 bytes
***********WAITING************

Write the data to file:134217728 bytes
***********WAITING************

Write the data to file:134217728 bytes
***********WAITING************

Write the data to file:134217728 bytes
***********WAITING************

Write the data to file:134217728 bytes
***********WAITING************

Write the data to file:134217728 bytes
***********WAITING************

Write the data to file:134217728 bytes
***********WAITING************

Write the data to file:134217728 bytes
***********WAITING************

Write the data to file:134217728 bytes
***********WAITING************

Write the data to file:134217728 bytes
***********WAITING************

Write the data to file:134217728 bytes
***********WAITING************

Write the data to file:134217728 bytes
***********WAITING************

Write the data to file:134217728 bytes
***********WAITING************

Write the data to file:134217728 bytes
***********WAITING************

Write the data to file:134217728 bytes
***********WAITING************

Write the data to file:134217728 bytes
***********WAITING************

Write the data to file:134217728 bytes
***********WAITING************

Write the data to file:134217728 bytes
***********WAITING************

Write the data to file:134217728 bytes
***********WAITING************

Write the data to file:134217728 bytes
***********WAITING************

Write the data to file:134217728 bytes
***********WAITING************

Write the data to file:134217728 bytes
***********WAITING************

Write the data to file:134217728 bytes
***********WAITING************

Write the data to file:134217728 bytes
***********WAITING************

Write the data to file:134217728 bytes
***********WAITING************

Write the data to file:134217728 bytes
***********WAITING************

Write the data to file:134217728 bytes
***********WAITING************

Write the data to file:134217728 bytes
***********WAITING************

Write the data to file:134217728 bytes
***********WAITING************

Write the data to file:134217728 bytes
***********WAITING************

Write the data to file:134217728 bytes
***********WAITING************

Write the data to file:134217728 bytes
***********WAITING************

Write the data to file:134217728 bytes
***********WAITING************

Write the data to file:134217728 bytes
***********WAITING************

Write the data to file:134217728 bytes
***********WAITING************

Write the data to file:134217728 bytes
***********WAITING************

Write the data to file:134217728 bytes
***********WAITING************

Write the data to file:134217728 bytes
***********WAITING************

Write the data to file:134217728 bytes
***********WAITING************

Write the data to file:134217728 bytes
***********WAITING************

Write the data to file:134217728 bytes
***********WAITING************

Write the data to file:134217728 bytes
***********WAITING************

Write the data to file:134217728 bytes
***********WAITING************

Write the data to file:134217728 bytes
***********WAITING************

Write the data to file:134217728 bytes
***********WAITING************

Write the data to file:134217728 bytes
***********WAITING************

Write the data to file:134217728 bytes
***********WAITING************

Write the data to file:134217728 bytes
***********WAITING************

Write the data to file:134217728 bytes
***********WAITING************

Write the data to file:134217728 bytes
***********WAITING************

Write the data to file:134217728 bytes
***********WAITING************

Write the data to file:134217728 bytes
***********WAITING************

Write the data to file:134217728 bytes
***********WAITING************

Write the data to file:134217728 bytes
***********WAITING************

Write the data to file:134217728 bytes
***********WAITING************

Write the data to file:134217728 bytes
***********WAITING************

Write the data to file:134217728 bytes
***********WAITING************

Write the data to file:134217728 bytes
***********WAITING************

Write the data to file:134217728 bytes
***********WAITING************

Write the data to file:134217728 bytes
***********WAITING************

Write the data to file:134217728 bytes
***********WAITING************

Write the data to file:134217728 bytes
***********WAITING************

Write the data to file:134217728 bytes
***********WAITING************

Write the data to file:134217728 bytes
***********WAITING************

Write the data to file:134217728 bytes
***********WAITING************

Write the data to file:134217728 bytes
***********WAITING************

Write the data to file:134217728 bytes
***********WAITING************

Write the data to file:134217728 bytes
***********WAITING************

Write the data to file:134217728 bytes
***********WAITING************

Write the data to file:134217728 bytes
***********WAITING************

Write the data to file:134217728 bytes
***********WAITING************

Write the data to file:134217728 bytes
***********WAITING************

Write the data to file:134217728 bytes
***********WAITING************

Write the data to file:134217728 bytes
***********WAITING************

Write the data to file:134217728 bytes
***********WAITING************

Write the data to file:134217728 bytes
***********WAITING************

Write the data to file:134217728 bytes
***********WAITING************

Write the data to file:134217728 bytes
***********WAITING************

Write the data to file:134217728 bytes
***********WAITING************

Write the data to file:134217728 bytes
***********WAITING************

Write the data to file:134217728 bytes
***********WAITING************

Write the data to file:134217728 bytes
***********WAITING************

Write the data to file:134217728 bytes
***********WAITING************

Write the data to file:134217728 bytes
***********WAITING************

Write the data to file:134217728 bytes
***********WAITING************

Write the data to file:134217728 bytes
***********WAITING************
S_cc         1.32   [      1.32:      1.33]
S_bw         0.76   [      0.76:      0.76]
S_w         36.02   [     36.02:     36.02]
          -------
S_total     38.10   [     38.09:     38.10]

build_S done
calc_W
build_S done
calc_W
nr_of_strided_rec: 32
nr_doubles: 65536
build_S done
calc_W
nr_of_strided_rec: 32
nr_doubles: 65536
build_S done
calc_W
nr_of_strided_rec: 32
nr_doubles: 65536
nr_of_strided_rec: 32
nr_doubles: 65536
nr_of_strided_rec: 32
nr_doubles: 65536
nr_of_strided_rec: 32
nr_doubles: 65536
nr_of_strided_rec: 32
nr_doubles: 65536
nr_of_strided_rec: 32
nr_doubles: 65536

Write the data to file:134217728 bytes
***********WAITING************

Write the data to file:134217728 bytes
***********WAITING************

Write the data to file:134217728 bytes
***********WAITING************

Write the data to file:134217728 bytes
***********WAITING************
nr_of_strided_rec: 32
nr_doubles: 65536
nr_of_strided_rec: 32
nr_doubles: 65536
nr_of_strided_rec: 32
nr_doubles: 65536
nr_of_strided_rec: 32
nr_doubles: 65536

Write the data to file:134217728 bytes
***********WAITING************

Write the data to file:134217728 bytes
***********WAITING************

Write the data to file:134217728 bytes
***********WAITING************

Write the data to file:134217728 bytes
***********WAITING************
nr_of_strided_rec: 32
nr_doubles: 65536
nr_of_strided_rec: 32
nr_doubles: 65536
nr_of_strided_rec: 32
nr_doubles: 65536
nr_of_strided_rec: 32
nr_doubles: 65536

Write the data to file:134217728 bytes
***********WAITING************

Write the data to file:134217728 bytes
***********WAITING************

Write the data to file:134217728 bytes
***********WAITING************

Write the data to file:134217728 bytes
***********WAITING************
nr_of_strided_rec: 32
nr_doubles: 65536
nr_of_strided_rec: 32
nr_doubles: 65536
nr_of_strided_rec: 32
nr_doubles: 65536
nr_of_strided_rec: 32
nr_doubles: 65536

Write the data to file:134217728 bytes
***********WAITING************

Write the data to file:134217728 bytes
***********WAITING************

Write the data to file:134217728 bytes
***********WAITING************

Write the data to file:134217728 bytes
***********WAITING************
nr_of_strided_rec: 32
nr_doubles: 65536
nr_of_strided_rec: 32
nr_doubles: 65536
nr_of_strided_rec: 32
nr_doubles: 65536
nr_of_strided_rec: 32
nr_doubles: 65536

Write the data to file:134217728 bytes
***********WAITING************

Write the data to file:134217728 bytes
***********WAITING************

Write the data to file:134217728 bytes
***********WAITING************

Write the data to file:134217728 bytes
***********WAITING************
nr_of_strided_rec: 32
nr_doubles: 65536
nr_of_strided_rec: 32
nr_doubles: 65536
nr_of_strided_rec: 32
nr_doubles: 65536
nr_of_strided_rec: 32
nr_doubles: 65536

Write the data to file:134217728 bytes
***********WAITING************

Write the data to file:134217728 bytes
***********WAITING************

Write the data to file:134217728 bytes
***********WAITING************

Write the data to file:134217728 bytes
***********WAITING************
nr_of_strided_rec: 32
nr_doubles: 65536
nr_of_strided_rec: 32
nr_doubles: 65536
nr_of_strided_rec: 32
nr_doubles: 65536
nr_of_strided_rec: 32
nr_doubles: 65536

Write the data to file:134217728 bytes
***********WAITING************

Write the data to file:134217728 bytes
***********WAITING************

Write the data to file:134217728 bytes
***********WAITING************

Write the data to file:134217728 bytes
***********WAITING************
nr_of_strided_rec: 32
nr_doubles: 65536
nr_of_strided_rec: 32
nr_doubles: 65536
nr_of_strided_rec: 32
nr_doubles: 65536
nr_of_strided_rec: 32
nr_doubles: 65536

Write the data to file:134217728 bytes
***********WAITING************

Write the data to file:134217728 bytes
***********WAITING************

Write the data to file:134217728 bytes
***********WAITING************

Write the data to file:134217728 bytes
***********WAITING************
nr_of_strided_rec: 32
nr_doubles: 65536
nr_of_strided_rec: 32
nr_doubles: 65536
nr_of_strided_rec: 32
nr_doubles: 65536
nr_of_strided_rec: 32
nr_doubles: 65536

Write the data to file:134217728 bytes
***********WAITING************

Write the data to file:134217728 bytes
***********WAITING************

Write the data to file:134217728 bytes
***********WAITING************

Write the data to file:134217728 bytes
***********WAITING************
nr_of_strided_rec: 32
nr_doubles: 65536
nr_of_strided_rec: 32
nr_doubles: 65536
nr_of_strided_rec: 32
nr_doubles: 65536
nr_of_strided_rec: 32
nr_doubles: 65536

Write the data to file:134217728 bytes
***********WAITING************

Write the data to file:134217728 bytes
***********WAITING************

Write the data to file:134217728 bytes
***********WAITING************

Write the data to file:134217728 bytes
***********WAITING************
nr_of_strided_rec: 32
nr_doubles: 65536
nr_of_strided_rec: 32
nr_doubles: 65536
nr_of_strided_rec: 32
nr_doubles: 65536
nr_of_strided_rec: 32
nr_doubles: 65536

Write the data to file:134217728 bytes
***********WAITING************

Write the data to file:134217728 bytes
***********WAITING************

Write the data to file:134217728 bytes
***********WAITING************

Write the data to file:134217728 bytes
***********WAITING************
nr_of_strided_rec: 32
nr_doubles: 65536
nr_of_strided_rec: 32
nr_doubles: 65536
nr_of_strided_rec: 32
nr_doubles: 65536
nr_of_strided_rec: 32
nr_doubles: 65536

Write the data to file:134217728 bytes
***********WAITING************

Write the data to file:134217728 bytes
***********WAITING************

Write the data to file:134217728 bytes
***********WAITING************

Write the data to file:134217728 bytes
***********WAITING************
nr_of_strided_rec: 32
nr_doubles: 65536
nr_of_strided_rec: 32
nr_doubles: 65536
nr_of_strided_rec: 32
nr_doubles: 65536
nr_of_strided_rec: 32
nr_doubles: 65536

Write the data to file:134217728 bytes
***********WAITING************

Write the data to file:134217728 bytes
***********WAITING************

Write the data to file:134217728 bytes
***********WAITING************

Write the data to file:134217728 bytes
***********WAITING************
nr_of_strided_rec: 32
nr_doubles: 65536
nr_of_strided_rec: 32
nr_doubles: 65536
nr_of_strided_rec: 32
nr_doubles: 65536
nr_of_strided_rec: 32
nr_doubles: 65536

Write the data to file:134217728 bytes
***********WAITING************

Write the data to file:134217728 bytes
***********WAITING************

Write the data to file:134217728 bytes
***********WAITING************

Write the data to file:134217728 bytes
***********WAITING************
nr_of_strided_rec: 32
nr_doubles: 65536
nr_of_strided_rec: 32
nr_doubles: 65536
nr_of_strided_rec: 32
nr_doubles: 65536
nr_of_strided_rec: 32
nr_doubles: 65536

Write the data to file:134217728 bytes
***********WAITING************

Write the data to file:134217728 bytes
***********WAITING************

Write the data to file:134217728 bytes
***********WAITING************

Write the data to file:134217728 bytes
***********WAITING************
nr_of_strided_rec: 32
nr_doubles: 65536
nr_of_strided_rec: 32
nr_doubles: 65536
nr_of_strided_rec: 32
nr_doubles: 65536
nr_of_strided_rec: 32
nr_doubles: 65536

Write the data to file:134217728 bytes
***********WAITING************

Write the data to file:134217728 bytes
***********WAITING************

Write the data to file:134217728 bytes
***********WAITING************

Write the data to file:134217728 bytes
***********WAITING************
nr_of_strided_rec: 32
nr_doubles: 65536
nr_of_strided_rec: 32
nr_doubles: 65536
nr_of_strided_rec: 32
nr_doubles: 65536
nr_of_strided_rec: 32
nr_doubles: 65536

Write the data to file:134217728 bytes
***********WAITING************

Write the data to file:134217728 bytes
***********WAITING************

Write the data to file:134217728 bytes
***********WAITING************

Write the data to file:134217728 bytes
***********WAITING************
nr_of_strided_rec: 32
nr_doubles: 65536
nr_of_strided_rec: 32
nr_doubles: 65536
nr_of_strided_rec: 32
nr_doubles: 65536
nr_of_strided_rec: 32
nr_doubles: 65536

Write the data to file:134217728 bytes
***********WAITING************

Write the data to file:134217728 bytes
***********WAITING************

Write the data to file:134217728 bytes
***********WAITING************

Write the data to file:134217728 bytes
***********WAITING************
nr_of_strided_rec: 32
nr_doubles: 65536
nr_of_strided_rec: 32
nr_doubles: 65536
nr_of_strided_rec: 32
nr_doubles: 65536
nr_of_strided_rec: 32
nr_doubles: 65536

Write the data to file:134217728 bytes
***********WAITING************

Write the data to file:134217728 bytes
***********WAITING************

Write the data to file:134217728 bytes
***********WAITING************

Write the data to file:134217728 bytes
***********WAITING************
nr_of_strided_rec: 32
nr_doubles: 65536
nr_of_strided_rec: 32
nr_doubles: 65536
nr_of_strided_rec: 32
nr_doubles: 65536
nr_of_strided_rec: 32
nr_doubles: 65536

Write the data to file:134217728 bytes
***********WAITING************

Write the data to file:134217728 bytes
***********WAITING************

Write the data to file:134217728 bytes
***********WAITING************

Write the data to file:134217728 bytes
***********WAITING************
nr_of_strided_rec: 32
nr_doubles: 65536
nr_of_strided_rec: 32
nr_doubles: 65536
nr_of_strided_rec: 32
nr_doubles: 65536
nr_of_strided_rec: 32
nr_doubles: 65536

Write the data to file:134217728 bytes
***********WAITING************

Write the data to file:134217728 bytes
***********WAITING************

Write the data to file:134217728 bytes
***********WAITING************

Write the data to file:134217728 bytes
***********WAITING************
nr_of_strided_rec: 32
nr_doubles: 65536
nr_of_strided_rec: 32
nr_doubles: 65536
nr_of_strided_rec: 32
nr_doubles: 65536
nr_of_strided_rec: 32
nr_doubles: 65536

Write the data to file:134217728 bytes
***********WAITING************

Write the data to file:134217728 bytes
***********WAITING************

Write the data to file:134217728 bytes
***********WAITING************

Write the data to file:134217728 bytes
***********WAITING************
nr_of_strided_rec: 32
nr_doubles: 65536
nr_of_strided_rec: 32
nr_doubles: 65536
nr_of_strided_rec: 32
nr_doubles: 65536
nr_of_strided_rec: 32
nr_doubles: 65536

Write the data to file:134217728 bytes
***********WAITING************

Write the data to file:134217728 bytes
***********WAITING************

Write the data to file:134217728 bytes
***********WAITING************

Write the data to file:134217728 bytes
***********WAITING************
nr_of_strided_rec: 32
nr_doubles: 65536
nr_of_strided_rec: 32
nr_doubles: 65536
nr_of_strided_rec: 32
nr_doubles: 65536
nr_of_strided_rec: 32
nr_doubles: 65536

Write the data to file:134217728 bytes
***********WAITING************

Write the data to file:134217728 bytes
***********WAITING************

Write the data to file:134217728 bytes
***********WAITING************

Write the data to file:134217728 bytes
***********WAITING************
nr_of_strided_rec: 32
nr_doubles: 65536
nr_of_strided_rec: 32
nr_doubles: 65536
nr_of_strided_rec: 32
nr_doubles: 65536
nr_of_strided_rec: 32
nr_doubles: 65536

Write the data to file:134217728 bytes
***********WAITING************

Write the data to file:134217728 bytes
***********WAITING************

Write the data to file:134217728 bytes
***********WAITING************

Write the data to file:134217728 bytes
***********WAITING************
nr_of_strided_rec: 32
nr_doubles: 65536
nr_of_strided_rec: 32
nr_doubles: 65536
nr_of_strided_rec: 32
nr_doubles: 65536
nr_of_strided_rec: 32
nr_doubles: 65536

Write the data to file:134217728 bytes
***********WAITING************

Write the data to file:134217728 bytes
***********WAITING************

Write the data to file:134217728 bytes
***********WAITING************

Write the data to file:134217728 bytes
***********WAITING************
nr_of_strided_rec: 32
nr_doubles: 65536
nr_of_strided_rec: 32
nr_doubles: 65536
nr_of_strided_rec: 32
nr_doubles: 65536
nr_of_strided_rec: 32
nr_doubles: 65536

Write the data to file:134217728 bytes
***********WAITING************

Write the data to file:134217728 bytes
***********WAITING************

Write the data to file:134217728 bytes
***********WAITING************

Write the data to file:134217728 bytes
***********WAITING************
nr_of_strided_rec: 32
nr_doubles: 65536
nr_of_strided_rec: 32
nr_doubles: 65536
nr_of_strided_rec: 32
nr_doubles: 65536
nr_of_strided_rec: 32
nr_doubles: 65536

Write the data to file:134217728 bytes
***********WAITING************

Write the data to file:134217728 bytes
***********WAITING************

Write the data to file:134217728 bytes
***********WAITING************

Write the data to file:134217728 bytes
***********WAITING************
nr_of_strided_rec: 32
nr_doubles: 65536
nr_of_strided_rec: 32
nr_doubles: 65536
nr_of_strided_rec: 32
nr_doubles: 65536
nr_of_strided_rec: 32
nr_doubles: 65536

Write the data to file:134217728 bytes
***********WAITING************

Write the data to file:134217728 bytes
***********WAITING************

Write the data to file:134217728 bytes
***********WAITING************

Write the data to file:134217728 bytes
***********WAITING************

Write the data to file:134217728 bytes
***********WAITING************

Write the data to file:134217728 bytes
***********WAITING************

Write the data to file:134217728 bytes
***********WAITING************

Write the data to file:134217728 bytes
***********WAITING************
W_cc         3.42   [      3.42:      3.43]
W_r         44.84   [     44.83:     44.84]
W_w         30.70   [     30.70:     30.70]
          -------
W_total     78.96   [     78.95:     78.96]

calc_W done
calc_W done
nr_of_strided_rec: 32
nr_doubles: 65536
calc_W done
nr_of_strided_rec: 32
nr_doubles: 65536
calc_W done
nr_of_strided_rec: 32
nr_doubles: 65536
nr_of_strided_rec: 32
nr_doubles: 65536
nr_of_strided_rec: 32
nr_doubles: 65536
nr_of_strided_rec: 32
nr_doubles: 65536
nr_of_strided_rec: 32
nr_doubles: 65536
nr_of_strided_rec: 32
nr_doubles: 65536
nr_of_strided_rec: 32
nr_doubles: 65536
nr_of_strided_rec: 32
nr_doubles: 65536
nr_of_strided_rec: 32
nr_doubles: 65536
nr_of_strided_rec: 32
nr_doubles: 65536
nr_of_strided_rec: 32
nr_doubles: 65536
nr_of_strided_rec: 32
nr_doubles: 65536
nr_of_strided_rec: 32
nr_doubles: 65536
nr_of_strided_rec: 32
nr_doubles: 65536
nr_of_strided_rec: 32
nr_doubles: 65536
nr_of_strided_rec: 32
nr_doubles: 65536
nr_of_strided_rec: 32
nr_doubles: 65536
nr_of_strided_rec: 32
nr_doubles: 65536
nr_of_strided_rec: 32
nr_doubles: 65536
nr_of_strided_rec: 32
nr_doubles: 65536
nr_of_strided_rec: 32
nr_doubles: 65536
nr_of_strided_rec: 32
nr_doubles: 65536
nr_of_strided_rec: 32
nr_doubles: 65536
nr_of_strided_rec: 32
nr_doubles: 65536
nr_of_strided_rec: 32
nr_doubles: 65536
nr_of_strided_rec: 32
nr_doubles: 65536
nr_of_strided_rec: 32
nr_doubles: 65536
nr_of_strided_rec: 32
nr_doubles: 65536
nr_of_strided_rec: 32
nr_doubles: 65536
nr_of_strided_rec: 32
nr_doubles: 65536
nr_of_strided_rec: 32
nr_doubles: 65536
nr_of_strided_rec: 32
nr_doubles: 65536
nr_of_strided_rec: 32
nr_doubles: 65536
nr_of_strided_rec: 32
nr_doubles: 65536
nr_of_strided_rec: 32
nr_doubles: 65536
nr_of_strided_rec: 32
nr_doubles: 65536
nr_of_strided_rec: 32
nr_doubles: 65536
nr_of_strided_rec: 32
nr_doubles: 65536
nr_of_strided_rec: 32
nr_doubles: 65536
nr_of_strided_rec: 32
nr_doubles: 65536
nr_of_strided_rec: 32
nr_doubles: 65536
nr_of_strided_rec: 32
nr_doubles: 65536
nr_of_strided_rec: 32
nr_doubles: 65536
nr_of_strided_rec: 32
nr_doubles: 65536
nr_of_strided_rec: 32
nr_doubles: 65536
nr_of_strided_rec: 32
nr_doubles: 65536
nr_of_strided_rec: 32
nr_doubles: 65536
nr_of_strided_rec: 32
nr_doubles: 65536
nr_of_strided_rec: 32
nr_doubles: 65536
nr_of_strided_rec: 32
nr_doubles: 65536
nr_of_strided_rec: 32
nr_doubles: 65536
nr_of_strided_rec: 32
nr_doubles: 65536
nr_of_strided_rec: 32
nr_doubles: 65536
nr_of_strided_rec: 32
nr_doubles: 65536
nr_of_strided_rec: 32
nr_doubles: 65536
nr_of_strided_rec: 32
nr_doubles: 65536
nr_of_strided_rec: 32
nr_doubles: 65536
nr_of_strided_rec: 32
nr_doubles: 65536
nr_of_strided_rec: 32
nr_doubles: 65536
nr_of_strided_rec: 32
nr_doubles: 65536
nr_of_strided_rec: 32
nr_doubles: 65536
nr_of_strided_rec: 32
nr_doubles: 65536
nr_of_strided_rec: 32
nr_doubles: 65536
nr_of_strided_rec: 32
nr_doubles: 65536
nr_of_strided_rec: 32
nr_doubles: 65536
nr_of_strided_rec: 32
nr_doubles: 65536
nr_of_strided_rec: 32
nr_doubles: 65536
nr_of_strided_rec: 32
nr_doubles: 65536
nr_of_strided_rec: 32
nr_doubles: 65536
nr_of_strided_rec: 32
nr_doubles: 65536
nr_of_strided_rec: 32
nr_doubles: 65536
nr_of_strided_rec: 32
nr_doubles: 65536
nr_of_strided_rec: 32
nr_doubles: 65536
nr_of_strided_rec: 32
nr_doubles: 65536
nr_of_strided_rec: 32
nr_doubles: 65536
nr_of_strided_rec: 32
nr_doubles: 65536
nr_of_strided_rec: 32
nr_doubles: 65536
nr_of_strided_rec: 32
nr_doubles: 65536
nr_of_strided_rec: 32
nr_doubles: 65536
nr_of_strided_rec: 32
nr_doubles: 65536
nr_of_strided_rec: 32
nr_doubles: 65536
nr_of_strided_rec: 32
nr_doubles: 65536
nr_of_strided_rec: 32
nr_doubles: 65536
nr_of_strided_rec: 32
nr_doubles: 65536
nr_of_strided_rec: 32
nr_doubles: 65536
nr_of_strided_rec: 32
nr_doubles: 65536
nr_of_strided_rec: 32
nr_doubles: 65536
nr_of_strided_rec: 32
nr_doubles: 65536
nr_of_strided_rec: 32
nr_doubles: 65536
nr_of_strided_rec: 32
nr_doubles: 65536
nr_of_strided_rec: 32
nr_doubles: 65536
nr_of_strided_rec: 32
nr_doubles: 65536
nr_of_strided_rec: 32
nr_doubles: 65536
nr_of_strided_rec: 32
nr_doubles: 65536
nr_of_strided_rec: 32
nr_doubles: 65536
nr_of_strided_rec: 32
nr_doubles: 65536
nr_of_strided_rec: 32
nr_doubles: 65536
nr_of_strided_rec: 32
nr_doubles: 65536
nr_of_strided_rec: 32
nr_doubles: 65536
nr_of_strided_rec: 32
nr_doubles: 65536
nr_of_strided_rec: 32
nr_doubles: 65536
nr_of_strided_rec: 32
nr_doubles: 65536
nr_of_strided_rec: 32
nr_doubles: 65536
nr_of_strided_rec: 32
nr_doubles: 65536
nr_of_strided_rec: 32
nr_doubles: 65536
nr_of_strided_rec: 32
nr_doubles: 65536
nr_of_strided_rec: 32
nr_doubles: 65536
nr_of_strided_rec: 32
nr_doubles: 65536
nr_of_strided_rec: 32
nr_doubles: 65536
nr_of_strided_rec: 32
nr_doubles: 65536
nr_of_strided_rec: 32
nr_doubles: 65536
nr_of_strided_rec: 32
nr_doubles: 65536
nr_of_strided_rec: 32
nr_doubles: 65536
nr_of_strided_rec: 32
nr_doubles: 65536
nr_of_strided_rec: 32
nr_doubles: 65536
nr_of_strided_rec: 32
nr_doubles: 65536
nr_of_strided_rec: 32
nr_doubles: 65536
nr_of_strided_rec: 32
nr_doubles: 65536
C_cc         1.29   [      1.28:      1.29]
C_bw         0.75   [      0.75:      0.75]
C_r         34.35   [     34.35:     34.35]
          -------
C_total     36.39   [     36.38:     36.39]


dC[0] = 0.00000e+00
fclose PID:30090 fd:8
fclose PID:30087 fd:12
fclose PID:30089 fd:8
fclose PID:30088 fd:10
READAHEAD_TIME:873349.000000 us
MaxRSS= 534808 KB, SharedMem= 0 KB, HardPageFault= 11
READAHEAD_TIME:882831.000000 us
MaxRSS= 534888 KB, SharedMem= 0 KB, HardPageFault= 12
READAHEAD_TIME:890113.000000 us
MaxRSS= 534872 KB, SharedMem= 0 KB, HardPageFault= 14
READAHEAD_TIME:876546.000000 us
MaxRSS= 535100 KB, SharedMem= 0 KB, HardPageFault= 12
fclose PID:30086 fd:0
fclose PID:30086 fd:6
fclose PID:30086 fd:6
fclose PID:30086 fd:0
READAHEAD_TIME:0.000000 us
MaxRSS= 5348 KB, SharedMem= 0 KB, HardPageFault= 2
fclose PID:30085 fd:3
fclose PID:30085 fd:4
fclose PID:30085 fd:4
fclose PID:30085 fd:3
READAHEAD_TIME:0.000000 us
MaxRSS= 4960 KB, SharedMem= 0 KB, HardPageFault= 4
	Command being timed: "mpiexec -n 4 ./MADbench2_io 8192 30 1 8 64 1 1 524288 7 1"
	User time (seconds): 69.29
	System time (seconds): 58.52
	Percent of CPU this job got: 83%
	Elapsed (wall clock) time (h:mm:ss or m:ss): 2:33.81
	Average shared text size (kbytes): 0
	Average unshared data size (kbytes): 0
	Average stack size (kbytes): 0
	Average total size (kbytes): 0
	Maximum resident set size (kbytes): 535100
	Average resident set size (kbytes): 0
	Major (requiring I/O) page faults: 56
	Minor (reclaiming a frame) page faults: 3166028
	Voluntary context switches: 18439
	Involuntary context switches: 1226
	Swaps: 0
	File system inputs: 63271336
	File system outputs: 62914672
	Socket messages sent: 0
	Socket messages received: 0
	Signals delivered: 0
	Page size (bytes): 4096
	Exit status: 0
READAHEAD_TIME:0.000000 us
MaxRSS= 2072 KB, SharedMem= 0 KB, HardPageFault= 0
*******************DMESG OUTPUT******************
