fclose PID:33234 fd:3
fclose PID:33234 fd:4
fclose PID:33234 fd:4
fclose PID:33234 fd:3
available: 2 nodes (0-1)
fclose PID:33234 fd:3
node 0 cpus:fclose PID:33234 fd:3
 0 1 2 3 4 5 6 7 8 9 20 21 22 23 24 25 26 27 28 29
node 0 size: 80440 MB
node 0 free: 80123 MB
fclose PID:33234 fd:3
node 1 cpus:fclose PID:33234 fd:3
 10 11 12 13 14 15 16 17 18 19 30 31 32 33 34 35 36 37 38 39
node 1 size: 80635 MB
node 1 free: 80373 MB
fclose PID:33234 fd:3
fclose PID:33234 fd:3
node distances:
node   0   1 
  0:  10  21 
  1:  21  10 
READAHEAD_TIME:0.000000 us
MaxRSS= 2252 KB, SharedMem= 0 KB, HardPageFault= 10
fclose PID:33242 fd:8
fclose PID:33239 fd:12
fclose PID:33240 fd:10
fclose PID:33241 fd:8

MADbench 2.0 IO-mode
no_pe = 4  no_pix = 16384  no_bin = 30  no_gang = 1 sblocksize = 8  fblocksize = 64  r_mod = 1  w_mod = 1 record_size=524288 stride=7


IOMETHOD = POSIX  IOMODE = SYNC  FILETYPE = UNIQUE  REMAP = CUSTOMbuild_S
build_S
build_S
build_S

Write the data to file:536870912 bytes
***********WAITING************

Write the data to file:536870912 bytes
***********WAITING************

Write the data to file:536870912 bytes
***********WAITING************

Write the data to file:536870912 bytes
***********WAITING************

Write the data to file:536870912 bytes
***********WAITING************

Write the data to file:536870912 bytes
***********WAITING************

Write the data to file:536870912 bytes
***********WAITING************

Write the data to file:536870912 bytes
***********WAITING************

Write the data to file:536870912 bytes
***********WAITING************

Write the data to file:536870912 bytes
***********WAITING************

Write the data to file:536870912 bytes
***********WAITING************

Write the data to file:536870912 bytes
***********WAITING************

Write the data to file:536870912 bytes
***********WAITING************

Write the data to file:536870912 bytes
***********WAITING************

Write the data to file:536870912 bytes
***********WAITING************

Write the data to file:536870912 bytes
***********WAITING************

Write the data to file:536870912 bytes
***********WAITING************

Write the data to file:536870912 bytes
***********WAITING************

Write the data to file:536870912 bytes
***********WAITING************

Write the data to file:536870912 bytes
***********WAITING************

Write the data to file:536870912 bytes
***********WAITING************

Write the data to file:536870912 bytes
***********WAITING************

Write the data to file:536870912 bytes
***********WAITING************

Write the data to file:536870912 bytes
***********WAITING************

Write the data to file:536870912 bytes
***********WAITING************

Write the data to file:536870912 bytes
***********WAITING************

Write the data to file:536870912 bytes
***********WAITING************

Write the data to file:536870912 bytes
***********WAITING************

Write the data to file:536870912 bytes
***********WAITING************

Write the data to file:536870912 bytes
***********WAITING************

Write the data to file:536870912 bytes
***********WAITING************

Write the data to file:536870912 bytes
***********WAITING************

Write the data to file:536870912 bytes
***********WAITING************

Write the data to file:536870912 bytes
***********WAITING************

Write the data to file:536870912 bytes
***********WAITING************

Write the data to file:536870912 bytes
***********WAITING************

Write the data to file:536870912 bytes
***********WAITING************

Write the data to file:536870912 bytes
***********WAITING************

Write the data to file:536870912 bytes
***********WAITING************

Write the data to file:536870912 bytes
***********WAITING************

Write the data to file:536870912 bytes
***********WAITING************

Write the data to file:536870912 bytes
***********WAITING************

Write the data to file:536870912 bytes
***********WAITING************

Write the data to file:536870912 bytes
***********WAITING************

Write the data to file:536870912 bytes
***********WAITING************

Write the data to file:536870912 bytes
***********WAITING************

Write the data to file:536870912 bytes
***********WAITING************

Write the data to file:536870912 bytes
***********WAITING************

Write the data to file:536870912 bytes
***********WAITING************

Write the data to file:536870912 bytes
***********WAITING************

Write the data to file:536870912 bytes
***********WAITING************

Write the data to file:536870912 bytes
***********WAITING************

Write the data to file:536870912 bytes
***********WAITING************

Write the data to file:536870912 bytes
***********WAITING************

Write the data to file:536870912 bytes
***********WAITING************

Write the data to file:536870912 bytes
***********WAITING************

Write the data to file:536870912 bytes
***********WAITING************

Write the data to file:536870912 bytes
***********WAITING************

Write the data to file:536870912 bytes
***********WAITING************

Write the data to file:536870912 bytes
***********WAITING************

Write the data to file:536870912 bytes
***********WAITING************

Write the data to file:536870912 bytes
***********WAITING************

Write the data to file:536870912 bytes
***********WAITING************

Write the data to file:536870912 bytes
***********WAITING************

Write the data to file:536870912 bytes
***********WAITING************

Write the data to file:536870912 bytes
***********WAITING************

Write the data to file:536870912 bytes
***********WAITING************

Write the data to file:536870912 bytes
***********WAITING************

Write the data to file:536870912 bytes
***********WAITING************

Write the data to file:536870912 bytes
***********WAITING************

Write the data to file:536870912 bytes
***********WAITING************

Write the data to file:536870912 bytes
***********WAITING************

Write the data to file:536870912 bytes
***********WAITING************

Write the data to file:536870912 bytes
***********WAITING************

Write the data to file:536870912 bytes
***********WAITING************

Write the data to file:536870912 bytes
***********WAITING************

Write the data to file:536870912 bytes
***********WAITING************

Write the data to file:536870912 bytes
***********WAITING************

Write the data to file:536870912 bytes
***********WAITING************

Write the data to file:536870912 bytes
***********WAITING************

Write the data to file:536870912 bytes
***********WAITING************

Write the data to file:536870912 bytes
***********WAITING************

Write the data to file:536870912 bytes
***********WAITING************

Write the data to file:536870912 bytes
***********WAITING************

Write the data to file:536870912 bytes
***********WAITING************

Write the data to file:536870912 bytes
***********WAITING************

Write the data to file:536870912 bytes
***********WAITING************

Write the data to file:536870912 bytes
***********WAITING************

Write the data to file:536870912 bytes
***********WAITING************

Write the data to file:536870912 bytes
***********WAITING************

Write the data to file:536870912 bytes
***********WAITING************

Write the data to file:536870912 bytes
***********WAITING************

Write the data to file:536870912 bytes
***********WAITING************

Write the data to file:536870912 bytes
***********WAITING************

Write the data to file:536870912 bytes
***********WAITING************

Write the data to file:536870912 bytes
***********WAITING************

Write the data to file:536870912 bytes
***********WAITING************

Write the data to file:536870912 bytes
***********WAITING************

Write the data to file:536870912 bytes
***********WAITING************

Write the data to file:536870912 bytes
***********WAITING************

Write the data to file:536870912 bytes
***********WAITING************

Write the data to file:536870912 bytes
***********WAITING************

Write the data to file:536870912 bytes
***********WAITING************

Write the data to file:536870912 bytes
***********WAITING************

Write the data to file:536870912 bytes
***********WAITING************

Write the data to file:536870912 bytes
***********WAITING************

Write the data to file:536870912 bytes
***********WAITING************

Write the data to file:536870912 bytes
***********WAITING************

Write the data to file:536870912 bytes
***********WAITING************

Write the data to file:536870912 bytes
***********WAITING************

Write the data to file:536870912 bytes
***********WAITING************

Write the data to file:536870912 bytes
***********WAITING************

Write the data to file:536870912 bytes
***********WAITING************

Write the data to file:536870912 bytes
***********WAITING************

Write the data to file:536870912 bytes
***********WAITING************

Write the data to file:536870912 bytes
***********WAITING************

Write the data to file:536870912 bytes
***********WAITING************

Write the data to file:536870912 bytes
***********WAITING************

Write the data to file:536870912 bytes
***********WAITING************

Write the data to file:536870912 bytes
***********WAITING************
S_cc         3.76   [      3.76:      3.77]
S_bw         2.54   [      2.54:      2.54]
S_w         80.51   [     80.51:     80.51]
          -------
S_total     86.81   [     86.80:     86.82]

build_S done
calc_W
nr_of_strided_rec: 128
nr_doubles: 65536
build_S done
calc_W
nr_of_strided_rec: 128
nr_doubles: 65536
build_S done
calc_W
nr_of_strided_rec: 128
nr_doubles: 65536
build_S done
calc_W
nr_of_strided_rec: 128
nr_doubles: 65536
nr_of_strided_rec: 128
nr_doubles: 65536
nr_of_strided_rec: 128
nr_doubles: 65536
nr_of_strided_rec: 128
nr_doubles: 65536
nr_of_strided_rec: 128
nr_doubles: 65536

Write the data to file:536870912 bytes
***********WAITING************

Write the data to file:536870912 bytes
***********WAITING************

Write the data to file:536870912 bytes
***********WAITING************

Write the data to file:536870912 bytes
***********WAITING************
nr_of_strided_rec: 128
nr_doubles: 65536
nr_of_strided_rec: 128
nr_doubles: 65536
nr_of_strided_rec: 128
nr_doubles: 65536
nr_of_strided_rec: 128
nr_doubles: 65536

Write the data to file:536870912 bytes
***********WAITING************

Write the data to file:536870912 bytes
***********WAITING************

Write the data to file:536870912 bytes
***********WAITING************

Write the data to file:536870912 bytes
***********WAITING************
nr_of_strided_rec: 128
nr_doubles: 65536
nr_of_strided_rec: 128
nr_doubles: 65536
nr_of_strided_rec: 128
nr_doubles: 65536
nr_of_strided_rec: 128
nr_doubles: 65536

Write the data to file:536870912 bytes
***********WAITING************

Write the data to file:536870912 bytes
***********WAITING************

Write the data to file:536870912 bytes
***********WAITING************

Write the data to file:536870912 bytes
***********WAITING************
nr_of_strided_rec: 128
nr_doubles: 65536
nr_of_strided_rec: 128
nr_doubles: 65536
nr_of_strided_rec: 128
nr_doubles: 65536
nr_of_strided_rec: 128
nr_doubles: 65536

Write the data to file:536870912 bytes
***********WAITING************

Write the data to file:536870912 bytes
***********WAITING************

Write the data to file:536870912 bytes
***********WAITING************

Write the data to file:536870912 bytes
***********WAITING************
nr_of_strided_rec: 128
nr_doubles: 65536
nr_of_strided_rec: 128
nr_doubles: 65536
nr_of_strided_rec: 128
nr_doubles: 65536
nr_of_strided_rec: 128
nr_doubles: 65536

Write the data to file:536870912 bytes
***********WAITING************

Write the data to file:536870912 bytes
***********WAITING************

Write the data to file:536870912 bytes
***********WAITING************

Write the data to file:536870912 bytes
***********WAITING************
nr_of_strided_rec: 128
nr_doubles: 65536
nr_of_strided_rec: 128
nr_doubles: 65536
nr_of_strided_rec: 128
nr_doubles: 65536
nr_of_strided_rec: 128
nr_doubles: 65536

Write the data to file:536870912 bytes
***********WAITING************

Write the data to file:536870912 bytes
***********WAITING************

Write the data to file:536870912 bytes
***********WAITING************

Write the data to file:536870912 bytes
***********WAITING************
nr_of_strided_rec: 128
nr_doubles: 65536
nr_of_strided_rec: 128
nr_doubles: 65536
nr_of_strided_rec: 128
nr_doubles: 65536
nr_of_strided_rec: 128
nr_doubles: 65536

Write the data to file:536870912 bytes
***********WAITING************

Write the data to file:536870912 bytes
***********WAITING************

Write the data to file:536870912 bytes
***********WAITING************

Write the data to file:536870912 bytes
***********WAITING************
nr_of_strided_rec: 128
nr_doubles: 65536
nr_of_strided_rec: 128
nr_doubles: 65536
nr_of_strided_rec: 128
nr_doubles: 65536
nr_of_strided_rec: 128
nr_doubles: 65536

Write the data to file:536870912 bytes
***********WAITING************

Write the data to file:536870912 bytes
***********WAITING************

Write the data to file:536870912 bytes
***********WAITING************

Write the data to file:536870912 bytes
***********WAITING************
nr_of_strided_rec: 128
nr_doubles: 65536
nr_of_strided_rec: 128
nr_doubles: 65536
nr_of_strided_rec: 128
nr_doubles: 65536
nr_of_strided_rec: 128
nr_doubles: 65536

Write the data to file:536870912 bytes
***********WAITING************

Write the data to file:536870912 bytes
***********WAITING************

Write the data to file:536870912 bytes
***********WAITING************

Write the data to file:536870912 bytes
***********WAITING************
nr_of_strided_rec: 128
nr_doubles: 65536
nr_of_strided_rec: 128
nr_doubles: 65536
nr_of_strided_rec: 128
nr_doubles: 65536
nr_of_strided_rec: 128
nr_doubles: 65536

Write the data to file:536870912 bytes
***********WAITING************

Write the data to file:536870912 bytes
***********WAITING************

Write the data to file:536870912 bytes
***********WAITING************

Write the data to file:536870912 bytes
***********WAITING************
nr_of_strided_rec: 128
nr_doubles: 65536
nr_of_strided_rec: 128
nr_doubles: 65536
nr_of_strided_rec: 128
nr_doubles: 65536
nr_of_strided_rec: 128
nr_doubles: 65536

Write the data to file:536870912 bytes
***********WAITING************

Write the data to file:536870912 bytes
***********WAITING************

Write the data to file:536870912 bytes
***********WAITING************

Write the data to file:536870912 bytes
***********WAITING************
nr_of_strided_rec: 128
nr_doubles: 65536
nr_of_strided_rec: 128
nr_doubles: 65536
nr_of_strided_rec: 128
nr_doubles: 65536
nr_of_strided_rec: 128
nr_doubles: 65536

Write the data to file:536870912 bytes
***********WAITING************

Write the data to file:536870912 bytes
***********WAITING************

Write the data to file:536870912 bytes
***********WAITING************

Write the data to file:536870912 bytes
***********WAITING************
nr_of_strided_rec: 128
nr_doubles: 65536
nr_of_strided_rec: 128
nr_doubles: 65536
nr_of_strided_rec: 128
nr_doubles: 65536
nr_of_strided_rec: 128
nr_doubles: 65536

Write the data to file:536870912 bytes
***********WAITING************

Write the data to file:536870912 bytes
***********WAITING************

Write the data to file:536870912 bytes
***********WAITING************

Write the data to file:536870912 bytes
***********WAITING************
nr_of_strided_rec: 128
nr_doubles: 65536
nr_of_strided_rec: 128
nr_doubles: 65536
nr_of_strided_rec: 128
nr_doubles: 65536
nr_of_strided_rec: 128
nr_doubles: 65536

Write the data to file:536870912 bytes
***********WAITING************

Write the data to file:536870912 bytes
***********WAITING************

Write the data to file:536870912 bytes
***********WAITING************

Write the data to file:536870912 bytes
***********WAITING************
nr_of_strided_rec: 128
nr_doubles: 65536
nr_of_strided_rec: 128
nr_doubles: 65536
nr_of_strided_rec: 128
nr_doubles: 65536
nr_of_strided_rec: 128
nr_doubles: 65536

Write the data to file:536870912 bytes
***********WAITING************

Write the data to file:536870912 bytes
***********WAITING************

Write the data to file:536870912 bytes
***********WAITING************

Write the data to file:536870912 bytes
***********WAITING************
nr_of_strided_rec: 128
nr_doubles: 65536
nr_of_strided_rec: 128
nr_doubles: 65536
nr_of_strided_rec: 128
nr_doubles: 65536
nr_of_strided_rec: 128
nr_doubles: 65536

Write the data to file:536870912 bytes
***********WAITING************

Write the data to file:536870912 bytes
***********WAITING************

Write the data to file:536870912 bytes
***********WAITING************

Write the data to file:536870912 bytes
***********WAITING************
nr_of_strided_rec: 128
nr_doubles: 65536
nr_of_strided_rec: 128
nr_doubles: 65536
nr_of_strided_rec: 128
nr_doubles: 65536
nr_of_strided_rec: 128
nr_doubles: 65536

Write the data to file:536870912 bytes
***********WAITING************

Write the data to file:536870912 bytes
***********WAITING************

Write the data to file:536870912 bytes
***********WAITING************

Write the data to file:536870912 bytes
***********WAITING************
nr_of_strided_rec: 128
nr_doubles: 65536
nr_of_strided_rec: 128
nr_doubles: 65536
nr_of_strided_rec: 128
nr_doubles: 65536
nr_of_strided_rec: 128
nr_doubles: 65536

Write the data to file:536870912 bytes
***********WAITING************

Write the data to file:536870912 bytes
***********WAITING************

Write the data to file:536870912 bytes
***********WAITING************

Write the data to file:536870912 bytes
***********WAITING************
nr_of_strided_rec: 128
nr_doubles: 65536
nr_of_strided_rec: 128
nr_doubles: 65536
nr_of_strided_rec: 128
nr_doubles: 65536
nr_of_strided_rec: 128
nr_doubles: 65536

Write the data to file:536870912 bytes
***********WAITING************

Write the data to file:536870912 bytes
***********WAITING************

Write the data to file:536870912 bytes
***********WAITING************

Write the data to file:536870912 bytes
***********WAITING************
nr_of_strided_rec: 128
nr_doubles: 65536
nr_of_strided_rec: 128
nr_doubles: 65536
nr_of_strided_rec: 128
nr_doubles: 65536
nr_of_strided_rec: 128
nr_doubles: 65536

Write the data to file:536870912 bytes
***********WAITING************

Write the data to file:536870912 bytes
***********WAITING************

Write the data to file:536870912 bytes
***********WAITING************

Write the data to file:536870912 bytes
***********WAITING************
nr_of_strided_rec: 128
nr_doubles: 65536
nr_of_strided_rec: 128
nr_doubles: 65536
nr_of_strided_rec: 128
nr_doubles: 65536
nr_of_strided_rec: 128
nr_doubles: 65536

Write the data to file:536870912 bytes
***********WAITING************

Write the data to file:536870912 bytes
***********WAITING************

Write the data to file:536870912 bytes
***********WAITING************

Write the data to file:536870912 bytes
***********WAITING************
nr_of_strided_rec: 128
nr_doubles: 65536
nr_of_strided_rec: 128
nr_doubles: 65536
nr_of_strided_rec: 128
nr_doubles: 65536
nr_of_strided_rec: 128
nr_doubles: 65536

Write the data to file:536870912 bytes
***********WAITING************

Write the data to file:536870912 bytes
***********WAITING************

Write the data to file:536870912 bytes
***********WAITING************

Write the data to file:536870912 bytes
***********WAITING************
nr_of_strided_rec: 128
nr_doubles: 65536
nr_of_strided_rec: 128
nr_doubles: 65536
nr_of_strided_rec: 128
nr_doubles: 65536
nr_of_strided_rec: 128
nr_doubles: 65536

Write the data to file:536870912 bytes
***********WAITING************

Write the data to file:536870912 bytes
***********WAITING************

Write the data to file:536870912 bytes
***********WAITING************

Write the data to file:536870912 bytes
***********WAITING************
nr_of_strided_rec: 128
nr_doubles: 65536
nr_of_strided_rec: 128
nr_doubles: 65536
nr_of_strided_rec: 128
nr_doubles: 65536
nr_of_strided_rec: 128
nr_doubles: 65536

Write the data to file:536870912 bytes
***********WAITING************

Write the data to file:536870912 bytes
***********WAITING************

Write the data to file:536870912 bytes
***********WAITING************

Write the data to file:536870912 bytes
***********WAITING************
nr_of_strided_rec: 128
nr_doubles: 65536
nr_of_strided_rec: 128
nr_doubles: 65536
nr_of_strided_rec: 128
nr_doubles: 65536
nr_of_strided_rec: 128
nr_doubles: 65536

Write the data to file:536870912 bytes
***********WAITING************

Write the data to file:536870912 bytes
***********WAITING************

Write the data to file:536870912 bytes
***********WAITING************

Write the data to file:536870912 bytes
***********WAITING************
nr_of_strided_rec: 128
nr_doubles: 65536
nr_of_strided_rec: 128
nr_doubles: 65536
nr_of_strided_rec: 128
nr_doubles: 65536
nr_of_strided_rec: 128
nr_doubles: 65536

Write the data to file:536870912 bytes
***********WAITING************

Write the data to file:536870912 bytes
***********WAITING************

Write the data to file:536870912 bytes
***********WAITING************

Write the data to file:536870912 bytes
***********WAITING************
nr_of_strided_rec: 128
nr_doubles: 65536
nr_of_strided_rec: 128
nr_doubles: 65536
nr_of_strided_rec: 128
nr_doubles: 65536
nr_of_strided_rec: 128
nr_doubles: 65536

Write the data to file:536870912 bytes
***********WAITING************

Write the data to file:536870912 bytes
***********WAITING************

Write the data to file:536870912 bytes
***********WAITING************

Write the data to file:536870912 bytes
***********WAITING************
nr_of_strided_rec: 128
nr_doubles: 65536
nr_of_strided_rec: 128
nr_doubles: 65536
nr_of_strided_rec: 128
nr_doubles: 65536
nr_of_strided_rec: 128
nr_doubles: 65536

Write the data to file:536870912 bytes
***********WAITING************

Write the data to file:536870912 bytes
***********WAITING************

Write the data to file:536870912 bytes
***********WAITING************

Write the data to file:536870912 bytes
***********WAITING************
nr_of_strided_rec: 128
nr_doubles: 65536
nr_of_strided_rec: 128
nr_doubles: 65536
nr_of_strided_rec: 128
nr_doubles: 65536
nr_of_strided_rec: 128
nr_doubles: 65536

Write the data to file:536870912 bytes
***********WAITING************

Write the data to file:536870912 bytes
***********WAITING************

Write the data to file:536870912 bytes
***********WAITING************

Write the data to file:536870912 bytes
***********WAITING************

Write the data to file:536870912 bytes
***********WAITING************

Write the data to file:536870912 bytes
***********WAITING************

Write the data to file:536870912 bytes
***********WAITING************

Write the data to file:536870912 bytes
***********WAITING************
W_cc         8.49   [      8.47:      8.50]
W_r        260.54   [    260.54:    260.54]
W_w         35.90   [     35.90:     35.91]
          -------
W_total    304.93   [    304.92:    304.94]

calc_W done
calc_W done
nr_of_strided_rec: 128
nr_doubles: 65536
calc_W done
nr_of_strided_rec: 128
nr_doubles: 65536
calc_W done
nr_of_strided_rec: 128
nr_doubles: 65536
nr_of_strided_rec: 128
nr_doubles: 65536
nr_of_strided_rec: 128
nr_doubles: 65536
nr_of_strided_rec: 128
nr_doubles: 65536
nr_of_strided_rec: 128
nr_doubles: 65536
nr_of_strided_rec: 128
nr_doubles: 65536
nr_of_strided_rec: 128
nr_doubles: 65536
nr_of_strided_rec: 128
nr_doubles: 65536
nr_of_strided_rec: 128
nr_doubles: 65536
nr_of_strided_rec: 128
nr_doubles: 65536
nr_of_strided_rec: 128
nr_doubles: 65536
nr_of_strided_rec: 128
nr_doubles: 65536
nr_of_strided_rec: 128
nr_doubles: 65536
nr_of_strided_rec: 128
nr_doubles: 65536
nr_of_strided_rec: 128
nr_doubles: 65536
nr_of_strided_rec: 128
nr_doubles: 65536
nr_of_strided_rec: 128
nr_doubles: 65536
nr_of_strided_rec: 128
nr_doubles: 65536
nr_of_strided_rec: 128
nr_doubles: 65536
nr_of_strided_rec: 128
nr_doubles: 65536
nr_of_strided_rec: 128
nr_doubles: 65536
nr_of_strided_rec: 128
nr_doubles: 65536
nr_of_strided_rec: 128
nr_doubles: 65536
nr_of_strided_rec: 128
nr_doubles: 65536
nr_of_strided_rec: 128
nr_doubles: 65536
nr_of_strided_rec: 128
nr_doubles: 65536
nr_of_strided_rec: 128
nr_doubles: 65536
nr_of_strided_rec: 128
nr_doubles: 65536
nr_of_strided_rec: 128
nr_doubles: 65536
nr_of_strided_rec: 128
nr_doubles: 65536
nr_of_strided_rec: 128
nr_doubles: 65536
nr_of_strided_rec: 128
nr_doubles: 65536
nr_of_strided_rec: 128
nr_doubles: 65536
nr_of_strided_rec: 128
nr_doubles: 65536
nr_of_strided_rec: 128
nr_doubles: 65536
nr_of_strided_rec: 128
nr_doubles: 65536
nr_of_strided_rec: 128
nr_doubles: 65536
nr_of_strided_rec: 128
nr_doubles: 65536
nr_of_strided_rec: 128
nr_doubles: 65536
nr_of_strided_rec: 128
nr_doubles: 65536
nr_of_strided_rec: 128
nr_doubles: 65536
nr_of_strided_rec: 128
nr_doubles: 65536
nr_of_strided_rec: 128
nr_doubles: 65536
nr_of_strided_rec: 128
nr_doubles: 65536
nr_of_strided_rec: 128
nr_doubles: 65536
nr_of_strided_rec: 128
nr_doubles: 65536
nr_of_strided_rec: 128
nr_doubles: 65536
nr_of_strided_rec: 128
nr_doubles: 65536
nr_of_strided_rec: 128
nr_doubles: 65536
nr_of_strided_rec: 128
nr_doubles: 65536
nr_of_strided_rec: 128
nr_doubles: 65536
nr_of_strided_rec: 128
nr_doubles: 65536
nr_of_strided_rec: 128
nr_doubles: 65536
nr_of_strided_rec: 128
nr_doubles: 65536
nr_of_strided_rec: 128
nr_doubles: 65536
nr_of_strided_rec: 128
nr_doubles: 65536
nr_of_strided_rec: 128
nr_doubles: 65536
nr_of_strided_rec: 128
nr_doubles: 65536
nr_of_strided_rec: 128
nr_doubles: 65536
nr_of_strided_rec: 128
nr_doubles: 65536
nr_of_strided_rec: 128
nr_doubles: 65536
nr_of_strided_rec: 128
nr_doubles: 65536
nr_of_strided_rec: 128
nr_doubles: 65536
nr_of_strided_rec: 128
nr_doubles: 65536
nr_of_strided_rec: 128
nr_doubles: 65536
nr_of_strided_rec: 128
nr_doubles: 65536
nr_of_strided_rec: 128
nr_doubles: 65536
nr_of_strided_rec: 128
nr_doubles: 65536
nr_of_strided_rec: 128
nr_doubles: 65536
nr_of_strided_rec: 128
nr_doubles: 65536
nr_of_strided_rec: 128
nr_doubles: 65536
nr_of_strided_rec: 128
nr_doubles: 65536
nr_of_strided_rec: 128
nr_doubles: 65536
nr_of_strided_rec: 128
nr_doubles: 65536
nr_of_strided_rec: 128
nr_doubles: 65536
nr_of_strided_rec: 128
nr_doubles: 65536
nr_of_strided_rec: 128
nr_doubles: 65536
nr_of_strided_rec: 128
nr_doubles: 65536
nr_of_strided_rec: 128
nr_doubles: 65536
nr_of_strided_rec: 128
nr_doubles: 65536
nr_of_strided_rec: 128
nr_doubles: 65536
nr_of_strided_rec: 128
nr_doubles: 65536
nr_of_strided_rec: 128
nr_doubles: 65536
nr_of_strided_rec: 128
nr_doubles: 65536
nr_of_strided_rec: 128
nr_doubles: 65536
nr_of_strided_rec: 128
nr_doubles: 65536
nr_of_strided_rec: 128
nr_doubles: 65536
nr_of_strided_rec: 128
nr_doubles: 65536
nr_of_strided_rec: 128
nr_doubles: 65536
nr_of_strided_rec: 128
nr_doubles: 65536
nr_of_strided_rec: 128
nr_doubles: 65536
nr_of_strided_rec: 128
nr_doubles: 65536
nr_of_strided_rec: 128
nr_doubles: 65536
nr_of_strided_rec: 128
nr_doubles: 65536
nr_of_strided_rec: 128
nr_doubles: 65536
nr_of_strided_rec: 128
nr_doubles: 65536
nr_of_strided_rec: 128
nr_doubles: 65536
nr_of_strided_rec: 128
nr_doubles: 65536
nr_of_strided_rec: 128
nr_doubles: 65536
nr_of_strided_rec: 128
nr_doubles: 65536
nr_of_strided_rec: 128
nr_doubles: 65536
nr_of_strided_rec: 128
nr_doubles: 65536
nr_of_strided_rec: 128
nr_doubles: 65536
nr_of_strided_rec: 128
nr_doubles: 65536
nr_of_strided_rec: 128
nr_doubles: 65536
nr_of_strided_rec: 128
nr_doubles: 65536
nr_of_strided_rec: 128
nr_doubles: 65536
nr_of_strided_rec: 128
nr_doubles: 65536
nr_of_strided_rec: 128
nr_doubles: 65536
nr_of_strided_rec: 128
nr_doubles: 65536
nr_of_strided_rec: 128
nr_doubles: 65536
nr_of_strided_rec: 128
nr_doubles: 65536
nr_of_strided_rec: 128
nr_doubles: 65536
nr_of_strided_rec: 128
nr_doubles: 65536
nr_of_strided_rec: 128
nr_doubles: 65536
nr_of_strided_rec: 128
nr_doubles: 65536
nr_of_strided_rec: 128
nr_doubles: 65536
nr_of_strided_rec: 128
nr_doubles: 65536
C_cc         4.65   [      4.64:      4.65]
C_bw         2.85   [      2.85:      2.85]
C_r        143.72   [    143.72:    143.72]
          -------
C_total    151.21   [    151.21:    151.21]


dC[0] = 0.00000e+00
fclose PID:33240 fd:10
fclose PID:33242 fd:8
fclose PID:33241 fd:8
fclose PID:33239 fd:12
READAHEAD_TIME:52139000.000000 us
MaxRSS= 2107784 KB, SharedMem= 0 KB, HardPageFault= 11
READAHEAD_TIME:60523213.000000 us
MaxRSS= 2107824 KB, SharedMem= 0 KB, HardPageFault= 10
READAHEAD_TIME:57567813.000000 us
MaxRSS= 2107796 KB, SharedMem= 0 KB, HardPageFault= 11
READAHEAD_TIME:54110719.000000 us
MaxRSS= 2107800 KB, SharedMem= 0 KB, HardPageFault= 13
fclose PID:33238 fd:0
fclose PID:33238 fd:6
fclose PID:33238 fd:6
fclose PID:33238 fd:0
READAHEAD_TIME:0.000000 us
MaxRSS= 5304 KB, SharedMem= 0 KB, HardPageFault= 2
fclose PID:33237 fd:3
fclose PID:33237 fd:4
fclose PID:33237 fd:4
fclose PID:33237 fd:3
READAHEAD_TIME:0.000000 us
MaxRSS= 4964 KB, SharedMem= 0 KB, HardPageFault= 4
	Command being timed: "mpiexec -n 4 ./MADbench2_io 16384 30 1 8 64 1 1 524288 7 1"
	User time (seconds): 315.96
	System time (seconds): 258.01
	Percent of CPU this job got: 105%
	Elapsed (wall clock) time (h:mm:ss or m:ss): 9:03.66
	Average shared text size (kbytes): 0
	Average unshared data size (kbytes): 0
	Average stack size (kbytes): 0
	Average total size (kbytes): 0
	Maximum resident set size (kbytes): 2107824
	Average resident set size (kbytes): 0
	Major (requiring I/O) page faults: 52
	Minor (reclaiming a frame) page faults: 9408447
	Voluntary context switches: 67838
	Involuntary context switches: 2220
	Swaps: 0
	File system inputs: 202627304
	File system outputs: 251658664
	Socket messages sent: 0
	Socket messages received: 0
	Signals delivered: 0
	Page size (bytes): 4096
	Exit status: 0
READAHEAD_TIME:0.000000 us
MaxRSS= 2160 KB, SharedMem= 0 KB, HardPageFault= 0
*******************DMESG OUTPUT******************
