fclose PID:28552 fd:3
fclose PID:28552 fd:4
fclose PID:28552 fd:4
fclose PID:28552 fd:3
available: 2 nodes (0-1)
fclose PID:28552 fd:3
node 0 cpus:fclose PID:28552 fd:3
 0 1 2 3 4 5 6 7 8 9 20 21 22 23 24 25 26 27 28 29
node 0 size: 80440 MB
node 0 free: 80126 MB
fclose PID:28552 fd:3
node 1 cpus:fclose PID:28552 fd:3
 10 11 12 13 14 15 16 17 18 19 30 31 32 33 34 35 36 37 38 39
node 1 size: 80635 MB
node 1 free: 80375 MB
fclose PID:28552 fd:3
fclose PID:28552 fd:3
node distances:
node   0   1 
  0:  10  21 
  1:  21  10 
READAHEAD_TIME:0.000000 us
MaxRSS= 2176 KB, SharedMem= 0 KB, HardPageFault= 10
fclose PID:28558 fd:10
fclose PID:28559 fd:8
fclose PID:28560 fd:8
fclose PID:28557 fd:12

MADbench 2.0 IO-mode
no_pe = 4  no_pix = 4096  no_bin = 30  no_gang = 1 sblocksize = 8  fblocksize = 64  r_mod = 1  w_mod = 1 record_size=1048576 stride=7


IOMETHOD = POSIX  IOMODE = SYNC  FILETYPE = UNIQUE  REMAP = CUSTOMbuild_S
build_S
build_S
build_S

Write the data to file:33554432 bytes
***********WAITING************

Write the data to file:33554432 bytes
***********WAITING************

Write the data to file:33554432 bytes
***********WAITING************

Write the data to file:33554432 bytes
***********WAITING************

Write the data to file:33554432 bytes
***********WAITING************

Write the data to file:33554432 bytes
***********WAITING************

Write the data to file:33554432 bytes
***********WAITING************

Write the data to file:33554432 bytes
***********WAITING************

Write the data to file:33554432 bytes
***********WAITING************

Write the data to file:33554432 bytes
***********WAITING************

Write the data to file:33554432 bytes
***********WAITING************

Write the data to file:33554432 bytes
***********WAITING************

Write the data to file:33554432 bytes
***********WAITING************

Write the data to file:33554432 bytes
***********WAITING************

Write the data to file:33554432 bytes
***********WAITING************

Write the data to file:33554432 bytes
***********WAITING************

Write the data to file:33554432 bytes
***********WAITING************

Write the data to file:33554432 bytes
***********WAITING************

Write the data to file:33554432 bytes
***********WAITING************

Write the data to file:33554432 bytes
***********WAITING************

Write the data to file:33554432 bytes
***********WAITING************

Write the data to file:33554432 bytes
***********WAITING************

Write the data to file:33554432 bytes
***********WAITING************

Write the data to file:33554432 bytes
***********WAITING************

Write the data to file:33554432 bytes
***********WAITING************

Write the data to file:33554432 bytes
***********WAITING************

Write the data to file:33554432 bytes
***********WAITING************

Write the data to file:33554432 bytes
***********WAITING************

Write the data to file:33554432 bytes
***********WAITING************

Write the data to file:33554432 bytes
***********WAITING************

Write the data to file:33554432 bytes
***********WAITING************

Write the data to file:33554432 bytes
***********WAITING************

Write the data to file:33554432 bytes
***********WAITING************

Write the data to file:33554432 bytes
***********WAITING************

Write the data to file:33554432 bytes
***********WAITING************

Write the data to file:33554432 bytes
***********WAITING************

Write the data to file:33554432 bytes
***********WAITING************

Write the data to file:33554432 bytes
***********WAITING************

Write the data to file:33554432 bytes
***********WAITING************

Write the data to file:33554432 bytes
***********WAITING************

Write the data to file:33554432 bytes
***********WAITING************

Write the data to file:33554432 bytes
***********WAITING************

Write the data to file:33554432 bytes
***********WAITING************

Write the data to file:33554432 bytes
***********WAITING************

Write the data to file:33554432 bytes
***********WAITING************

Write the data to file:33554432 bytes
***********WAITING************

Write the data to file:33554432 bytes
***********WAITING************

Write the data to file:33554432 bytes
***********WAITING************

Write the data to file:33554432 bytes
***********WAITING************

Write the data to file:33554432 bytes
***********WAITING************

Write the data to file:33554432 bytes
***********WAITING************

Write the data to file:33554432 bytes
***********WAITING************

Write the data to file:33554432 bytes
***********WAITING************

Write the data to file:33554432 bytes
***********WAITING************

Write the data to file:33554432 bytes
***********WAITING************

Write the data to file:33554432 bytes
***********WAITING************

Write the data to file:33554432 bytes
***********WAITING************

Write the data to file:33554432 bytes
***********WAITING************

Write the data to file:33554432 bytes
***********WAITING************

Write the data to file:33554432 bytes
***********WAITING************

Write the data to file:33554432 bytes
***********WAITING************

Write the data to file:33554432 bytes
***********WAITING************

Write the data to file:33554432 bytes
***********WAITING************

Write the data to file:33554432 bytes
***********WAITING************

Write the data to file:33554432 bytes
***********WAITING************

Write the data to file:33554432 bytes
***********WAITING************

Write the data to file:33554432 bytes
***********WAITING************

Write the data to file:33554432 bytes
***********WAITING************

Write the data to file:33554432 bytes
***********WAITING************

Write the data to file:33554432 bytes
***********WAITING************

Write the data to file:33554432 bytes
***********WAITING************

Write the data to file:33554432 bytes
***********WAITING************

Write the data to file:33554432 bytes
***********WAITING************

Write the data to file:33554432 bytes
***********WAITING************

Write the data to file:33554432 bytes
***********WAITING************

Write the data to file:33554432 bytes
***********WAITING************

Write the data to file:33554432 bytes
***********WAITING************

Write the data to file:33554432 bytes
***********WAITING************

Write the data to file:33554432 bytes
***********WAITING************

Write the data to file:33554432 bytes
***********WAITING************

Write the data to file:33554432 bytes
***********WAITING************

Write the data to file:33554432 bytes
***********WAITING************

Write the data to file:33554432 bytes
***********WAITING************

Write the data to file:33554432 bytes
***********WAITING************

Write the data to file:33554432 bytes
***********WAITING************

Write the data to file:33554432 bytes
***********WAITING************

Write the data to file:33554432 bytes
***********WAITING************

Write the data to file:33554432 bytes
***********WAITING************

Write the data to file:33554432 bytes
***********WAITING************

Write the data to file:33554432 bytes
***********WAITING************

Write the data to file:33554432 bytes
***********WAITING************

Write the data to file:33554432 bytes
***********WAITING************

Write the data to file:33554432 bytes
***********WAITING************

Write the data to file:33554432 bytes
***********WAITING************

Write the data to file:33554432 bytes
***********WAITING************

Write the data to file:33554432 bytes
***********WAITING************

Write the data to file:33554432 bytes
***********WAITING************

Write the data to file:33554432 bytes
***********WAITING************

Write the data to file:33554432 bytes
***********WAITING************

Write the data to file:33554432 bytes
***********WAITING************

Write the data to file:33554432 bytes
***********WAITING************

Write the data to file:33554432 bytes
***********WAITING************

Write the data to file:33554432 bytes
***********WAITING************

Write the data to file:33554432 bytes
***********WAITING************

Write the data to file:33554432 bytes
***********WAITING************

Write the data to file:33554432 bytes
***********WAITING************

Write the data to file:33554432 bytes
***********WAITING************

Write the data to file:33554432 bytes
***********WAITING************

Write the data to file:33554432 bytes
***********WAITING************

Write the data to file:33554432 bytes
***********WAITING************

Write the data to file:33554432 bytes
***********WAITING************

Write the data to file:33554432 bytes
***********WAITING************

Write the data to file:33554432 bytes
***********WAITING************

Write the data to file:33554432 bytes
***********WAITING************

Write the data to file:33554432 bytes
***********WAITING************

Write the data to file:33554432 bytes
***********WAITING************

Write the data to file:33554432 bytes
***********WAITING************

Write the data to file:33554432 bytes
***********WAITING************

Write the data to file:33554432 bytes
***********WAITING************

Write the data to file:33554432 bytes
***********WAITING************
S_cc         0.43   [      0.43:      0.43]
S_bw         0.18   [      0.18:      0.18]
S_w          8.74   [      8.74:      8.74]
          -------
S_total      9.35   [      9.35:      9.35]

build_S done
calc_W
nr_of_strided_rec: 4
nr_doubles: 131072
build_S done
calc_W
nr_of_strided_rec: 4
nr_doubles: 131072
build_S done
calc_W
nr_of_strided_rec: 4
nr_doubles: 131072
build_S done
calc_W
nr_of_strided_rec: 4
nr_doubles: 131072
nr_of_strided_rec: 4
nr_doubles: 131072
nr_of_strided_rec: 4
nr_doubles: 131072
nr_of_strided_rec: 4
nr_doubles: 131072
nr_of_strided_rec: 4
nr_doubles: 131072

Write the data to file:33554432 bytes
***********WAITING************

Write the data to file:33554432 bytes
***********WAITING************

Write the data to file:33554432 bytes
***********WAITING************

Write the data to file:33554432 bytes
***********WAITING************
nr_of_strided_rec: 4
nr_doubles: 131072
nr_of_strided_rec: 4
nr_doubles: 131072
nr_of_strided_rec: 4
nr_doubles: 131072
nr_of_strided_rec: 4
nr_doubles: 131072

Write the data to file:33554432 bytes
***********WAITING************

Write the data to file:33554432 bytes
***********WAITING************

Write the data to file:33554432 bytes
***********WAITING************

Write the data to file:33554432 bytes
***********WAITING************
nr_of_strided_rec: 4
nr_doubles: 131072
nr_of_strided_rec: 4
nr_doubles: 131072
nr_of_strided_rec: 4
nr_doubles: 131072
nr_of_strided_rec: 4
nr_doubles: 131072

Write the data to file:33554432 bytes
***********WAITING************

Write the data to file:33554432 bytes
***********WAITING************

Write the data to file:33554432 bytes
***********WAITING************

Write the data to file:33554432 bytes
***********WAITING************
nr_of_strided_rec: 4
nr_doubles: 131072
nr_of_strided_rec: 4
nr_doubles: 131072
nr_of_strided_rec: 4
nr_doubles: 131072
nr_of_strided_rec: 4
nr_doubles: 131072

Write the data to file:33554432 bytes
***********WAITING************

Write the data to file:33554432 bytes
***********WAITING************

Write the data to file:33554432 bytes
***********WAITING************

Write the data to file:33554432 bytes
***********WAITING************
nr_of_strided_rec: 4
nr_doubles: 131072
nr_of_strided_rec: 4
nr_doubles: 131072
nr_of_strided_rec: 4
nr_doubles: 131072
nr_of_strided_rec: 4
nr_doubles: 131072

Write the data to file:33554432 bytes
***********WAITING************

Write the data to file:33554432 bytes
***********WAITING************

Write the data to file:33554432 bytes
***********WAITING************

Write the data to file:33554432 bytes
***********WAITING************
nr_of_strided_rec: 4
nr_doubles: 131072
nr_of_strided_rec: 4
nr_doubles: 131072
nr_of_strided_rec: 4
nr_doubles: 131072
nr_of_strided_rec: 4
nr_doubles: 131072

Write the data to file:33554432 bytes
***********WAITING************

Write the data to file:33554432 bytes
***********WAITING************

Write the data to file:33554432 bytes
***********WAITING************

Write the data to file:33554432 bytes
***********WAITING************
nr_of_strided_rec: 4
nr_doubles: 131072
nr_of_strided_rec: 4
nr_doubles: 131072
nr_of_strided_rec: 4
nr_doubles: 131072
nr_of_strided_rec: 4
nr_doubles: 131072

Write the data to file:33554432 bytes
***********WAITING************

Write the data to file:33554432 bytes
***********WAITING************

Write the data to file:33554432 bytes
***********WAITING************

Write the data to file:33554432 bytes
***********WAITING************
nr_of_strided_rec: 4
nr_doubles: 131072
nr_of_strided_rec: 4
nr_doubles: 131072
nr_of_strided_rec: 4
nr_doubles: 131072
nr_of_strided_rec: 4
nr_doubles: 131072

Write the data to file:33554432 bytes
***********WAITING************

Write the data to file:33554432 bytes
***********WAITING************

Write the data to file:33554432 bytes
***********WAITING************

Write the data to file:33554432 bytes
***********WAITING************
nr_of_strided_rec: 4
nr_doubles: 131072
nr_of_strided_rec: 4
nr_doubles: 131072
nr_of_strided_rec: 4
nr_doubles: 131072
nr_of_strided_rec: 4
nr_doubles: 131072

Write the data to file:33554432 bytes
***********WAITING************

Write the data to file:33554432 bytes
***********WAITING************

Write the data to file:33554432 bytes
***********WAITING************

Write the data to file:33554432 bytes
***********WAITING************
nr_of_strided_rec: 4
nr_doubles: 131072
nr_of_strided_rec: 4
nr_doubles: 131072
nr_of_strided_rec: 4
nr_doubles: 131072
nr_of_strided_rec: 4
nr_doubles: 131072

Write the data to file:33554432 bytes
***********WAITING************

Write the data to file:33554432 bytes
***********WAITING************

Write the data to file:33554432 bytes
***********WAITING************

Write the data to file:33554432 bytes
***********WAITING************
nr_of_strided_rec: 4
nr_doubles: 131072
nr_of_strided_rec: 4
nr_doubles: 131072
nr_of_strided_rec: 4
nr_doubles: 131072
nr_of_strided_rec: 4
nr_doubles: 131072

Write the data to file:33554432 bytes
***********WAITING************

Write the data to file:33554432 bytes
***********WAITING************

Write the data to file:33554432 bytes
***********WAITING************

Write the data to file:33554432 bytes
***********WAITING************
nr_of_strided_rec: 4
nr_doubles: 131072
nr_of_strided_rec: 4
nr_doubles: 131072
nr_of_strided_rec: 4
nr_doubles: 131072
nr_of_strided_rec: 4
nr_doubles: 131072

Write the data to file:33554432 bytes
***********WAITING************

Write the data to file:33554432 bytes
***********WAITING************

Write the data to file:33554432 bytes
***********WAITING************

Write the data to file:33554432 bytes
***********WAITING************
nr_of_strided_rec: 4
nr_doubles: 131072
nr_of_strided_rec: 4
nr_doubles: 131072
nr_of_strided_rec: 4
nr_doubles: 131072
nr_of_strided_rec: 4
nr_doubles: 131072

Write the data to file:33554432 bytes
***********WAITING************

Write the data to file:33554432 bytes
***********WAITING************

Write the data to file:33554432 bytes
***********WAITING************

Write the data to file:33554432 bytes
***********WAITING************
nr_of_strided_rec: 4
nr_doubles: 131072
nr_of_strided_rec: 4
nr_doubles: 131072
nr_of_strided_rec: 4
nr_doubles: 131072
nr_of_strided_rec: 4
nr_doubles: 131072

Write the data to file:33554432 bytes
***********WAITING************

Write the data to file:33554432 bytes
***********WAITING************

Write the data to file:33554432 bytes
***********WAITING************

Write the data to file:33554432 bytes
***********WAITING************
nr_of_strided_rec: 4
nr_doubles: 131072
nr_of_strided_rec: 4
nr_doubles: 131072
nr_of_strided_rec: 4
nr_doubles: 131072
nr_of_strided_rec: 4
nr_doubles: 131072

Write the data to file:33554432 bytes
***********WAITING************

Write the data to file:33554432 bytes
***********WAITING************

Write the data to file:33554432 bytes
***********WAITING************

Write the data to file:33554432 bytes
***********WAITING************
nr_of_strided_rec: 4
nr_doubles: 131072
nr_of_strided_rec: 4
nr_doubles: 131072
nr_of_strided_rec: 4
nr_doubles: 131072
nr_of_strided_rec: 4
nr_doubles: 131072

Write the data to file:33554432 bytes
***********WAITING************

Write the data to file:33554432 bytes
***********WAITING************

Write the data to file:33554432 bytes
***********WAITING************

Write the data to file:33554432 bytes
***********WAITING************
nr_of_strided_rec: 4
nr_doubles: 131072
nr_of_strided_rec: 4
nr_doubles: 131072
nr_of_strided_rec: 4
nr_doubles: 131072
nr_of_strided_rec: 4
nr_doubles: 131072

Write the data to file:33554432 bytes
***********WAITING************

Write the data to file:33554432 bytes
***********WAITING************

Write the data to file:33554432 bytes
***********WAITING************

Write the data to file:33554432 bytes
***********WAITING************
nr_of_strided_rec: 4
nr_doubles: 131072
nr_of_strided_rec: 4
nr_doubles: 131072
nr_of_strided_rec: 4
nr_doubles: 131072
nr_of_strided_rec: 4
nr_doubles: 131072

Write the data to file:33554432 bytes
***********WAITING************

Write the data to file:33554432 bytes
***********WAITING************

Write the data to file:33554432 bytes
***********WAITING************

Write the data to file:33554432 bytes
***********WAITING************
nr_of_strided_rec: 4
nr_doubles: 131072
nr_of_strided_rec: 4
nr_doubles: 131072
nr_of_strided_rec: 4
nr_doubles: 131072
nr_of_strided_rec: 4
nr_doubles: 131072

Write the data to file:33554432 bytes
***********WAITING************

Write the data to file:33554432 bytes
***********WAITING************

Write the data to file:33554432 bytes
***********WAITING************

Write the data to file:33554432 bytes
***********WAITING************
nr_of_strided_rec: 4
nr_doubles: 131072
nr_of_strided_rec: 4
nr_doubles: 131072
nr_of_strided_rec: 4
nr_doubles: 131072
nr_of_strided_rec: 4
nr_doubles: 131072

Write the data to file:33554432 bytes
***********WAITING************

Write the data to file:33554432 bytes
***********WAITING************

Write the data to file:33554432 bytes
***********WAITING************

Write the data to file:33554432 bytes
***********WAITING************
nr_of_strided_rec: 4
nr_doubles: 131072
nr_of_strided_rec: 4
nr_doubles: 131072
nr_of_strided_rec: 4
nr_doubles: 131072
nr_of_strided_rec: 4
nr_doubles: 131072

Write the data to file:33554432 bytes
***********WAITING************

Write the data to file:33554432 bytes
***********WAITING************

Write the data to file:33554432 bytes
***********WAITING************

Write the data to file:33554432 bytes
***********WAITING************
nr_of_strided_rec: 4
nr_doubles: 131072
nr_of_strided_rec: 4
nr_doubles: 131072
nr_of_strided_rec: 4
nr_doubles: 131072
nr_of_strided_rec: 4
nr_doubles: 131072

Write the data to file:33554432 bytes
***********WAITING************

Write the data to file:33554432 bytes
***********WAITING************

Write the data to file:33554432 bytes
***********WAITING************

Write the data to file:33554432 bytes
***********WAITING************
nr_of_strided_rec: 4
nr_doubles: 131072
nr_of_strided_rec: 4
nr_doubles: 131072
nr_of_strided_rec: 4
nr_doubles: 131072
nr_of_strided_rec: 4
nr_doubles: 131072

Write the data to file:33554432 bytes
***********WAITING************

Write the data to file:33554432 bytes
***********WAITING************

Write the data to file:33554432 bytes
***********WAITING************

Write the data to file:33554432 bytes
***********WAITING************
nr_of_strided_rec: 4
nr_doubles: 131072
nr_of_strided_rec: 4
nr_doubles: 131072
nr_of_strided_rec: 4
nr_doubles: 131072
nr_of_strided_rec: 4
nr_doubles: 131072

Write the data to file:33554432 bytes
***********WAITING************

Write the data to file:33554432 bytes
***********WAITING************

Write the data to file:33554432 bytes
***********WAITING************

Write the data to file:33554432 bytes
***********WAITING************
nr_of_strided_rec: 4
nr_doubles: 131072
nr_of_strided_rec: 4
nr_doubles: 131072
nr_of_strided_rec: 4
nr_doubles: 131072
nr_of_strided_rec: 4
nr_doubles: 131072

Write the data to file:33554432 bytes
***********WAITING************

Write the data to file:33554432 bytes
***********WAITING************

Write the data to file:33554432 bytes
***********WAITING************

Write the data to file:33554432 bytes
***********WAITING************
nr_of_strided_rec: 4
nr_doubles: 131072
nr_of_strided_rec: 4
nr_doubles: 131072
nr_of_strided_rec: 4
nr_doubles: 131072
nr_of_strided_rec: 4
nr_doubles: 131072

Write the data to file:33554432 bytes
***********WAITING************

Write the data to file:33554432 bytes
***********WAITING************

Write the data to file:33554432 bytes
***********WAITING************

Write the data to file:33554432 bytes
***********WAITING************
nr_of_strided_rec: 4
nr_doubles: 131072
nr_of_strided_rec: 4
nr_doubles: 131072
nr_of_strided_rec: 4
nr_doubles: 131072
nr_of_strided_rec: 4
nr_doubles: 131072

Write the data to file:33554432 bytes
***********WAITING************

Write the data to file:33554432 bytes
***********WAITING************

Write the data to file:33554432 bytes
***********WAITING************

Write the data to file:33554432 bytes
***********WAITING************
nr_of_strided_rec: 4
nr_doubles: 131072
nr_of_strided_rec: 4
nr_doubles: 131072
nr_of_strided_rec: 4
nr_doubles: 131072
nr_of_strided_rec: 4
nr_doubles: 131072

Write the data to file:33554432 bytes
***********WAITING************

Write the data to file:33554432 bytes
***********WAITING************

Write the data to file:33554432 bytes
***********WAITING************

Write the data to file:33554432 bytes
***********WAITING************
nr_of_strided_rec: 4
nr_doubles: 131072
nr_of_strided_rec: 4
nr_doubles: 131072
nr_of_strided_rec: 4
nr_doubles: 131072
nr_of_strided_rec: 4
nr_doubles: 131072

Write the data to file:33554432 bytes
***********WAITING************

Write the data to file:33554432 bytes
***********WAITING************

Write the data to file:33554432 bytes
***********WAITING************

Write the data to file:33554432 bytes
***********WAITING************

Write the data to file:33554432 bytes
***********WAITING************

Write the data to file:33554432 bytes
***********WAITING************

Write the data to file:33554432 bytes
***********WAITING************

Write the data to file:33554432 bytes
***********WAITING************
W_cc         0.81   [      0.81:      0.81]
W_r         19.13   [     19.13:     19.13]
W_w          1.20   [      1.20:      1.20]
          -------
W_total     21.14   [     21.14:     21.14]

calc_W done
calc_W done
calc_W done
calc_W done
nr_of_strided_rec: 4
nr_doubles: 131072
nr_of_strided_rec: 4
nr_doubles: 131072
nr_of_strided_rec: 4
nr_doubles: 131072
nr_of_strided_rec: 4
nr_doubles: 131072
nr_of_strided_rec: 4
nr_doubles: 131072
nr_of_strided_rec: 4
nr_doubles: 131072
nr_of_strided_rec: 4
nr_doubles: 131072
nr_of_strided_rec: 4
nr_doubles: 131072
nr_of_strided_rec: 4
nr_doubles: 131072
nr_of_strided_rec: 4
nr_doubles: 131072
nr_of_strided_rec: 4
nr_doubles: 131072
nr_of_strided_rec: 4
nr_doubles: 131072
nr_of_strided_rec: 4
nr_doubles: 131072
nr_of_strided_rec: 4
nr_doubles: 131072
nr_of_strided_rec: 4
nr_doubles: 131072
nr_of_strided_rec: 4
nr_doubles: 131072
nr_of_strided_rec: 4
nr_doubles: 131072
nr_of_strided_rec: 4
nr_doubles: 131072
nr_of_strided_rec: 4
nr_doubles: 131072
nr_of_strided_rec: 4
nr_doubles: 131072
nr_of_strided_rec: 4
nr_doubles: 131072
nr_of_strided_rec: 4
nr_doubles: 131072
nr_of_strided_rec: 4
nr_doubles: 131072
nr_of_strided_rec: 4
nr_doubles: 131072
nr_of_strided_rec: 4
nr_doubles: 131072
nr_of_strided_rec: 4
nr_doubles: 131072
nr_of_strided_rec: 4
nr_doubles: 131072
nr_of_strided_rec: 4
nr_doubles: 131072
nr_of_strided_rec: 4
nr_doubles: 131072
nr_of_strided_rec: 4
nr_doubles: 131072
nr_of_strided_rec: 4
nr_doubles: 131072
nr_of_strided_rec: 4
nr_doubles: 131072
nr_of_strided_rec: 4
nr_doubles: 131072
nr_of_strided_rec: 4
nr_doubles: 131072
nr_of_strided_rec: 4
nr_doubles: 131072
nr_of_strided_rec: 4
nr_doubles: 131072
nr_of_strided_rec: 4
nr_doubles: 131072
nr_of_strided_rec: 4
nr_doubles: 131072
nr_of_strided_rec: 4
nr_doubles: 131072
nr_of_strided_rec: 4
nr_doubles: 131072
nr_of_strided_rec: 4
nr_doubles: 131072
nr_of_strided_rec: 4
nr_doubles: 131072
nr_of_strided_rec: 4
nr_doubles: 131072
nr_of_strided_rec: 4
nr_doubles: 131072
nr_of_strided_rec: 4
nr_doubles: 131072
nr_of_strided_rec: 4
nr_doubles: 131072
nr_of_strided_rec: 4
nr_doubles: 131072
nr_of_strided_rec: 4
nr_doubles: 131072
nr_of_strided_rec: 4
nr_doubles: 131072
nr_of_strided_rec: 4
nr_doubles: 131072
nr_of_strided_rec: 4
nr_doubles: 131072
nr_of_strided_rec: 4
nr_doubles: 131072
nr_of_strided_rec: 4
nr_doubles: 131072
nr_of_strided_rec: 4
nr_doubles: 131072
nr_of_strided_rec: 4
nr_doubles: 131072
nr_of_strided_rec: 4
nr_doubles: 131072
nr_of_strided_rec: 4
nr_doubles: 131072
nr_of_strided_rec: 4
nr_doubles: 131072
nr_of_strided_rec: 4
nr_doubles: 131072
nr_of_strided_rec: 4
nr_doubles: 131072
nr_of_strided_rec: 4
nr_doubles: 131072
nr_of_strided_rec: 4
nr_doubles: 131072
nr_of_strided_rec: 4
nr_doubles: 131072
nr_of_strided_rec: 4
nr_doubles: 131072
nr_of_strided_rec: 4
nr_doubles: 131072
nr_of_strided_rec: 4
nr_doubles: 131072
nr_of_strided_rec: 4
nr_doubles: 131072
nr_of_strided_rec: 4
nr_doubles: 131072
nr_of_strided_rec: 4
nr_doubles: 131072
nr_of_strided_rec: 4
nr_doubles: 131072
nr_of_strided_rec: 4
nr_doubles: 131072
nr_of_strided_rec: 4
nr_doubles: 131072
nr_of_strided_rec: 4
nr_doubles: 131072
nr_of_strided_rec: 4
nr_doubles: 131072
nr_of_strided_rec: 4
nr_doubles: 131072
nr_of_strided_rec: 4
nr_doubles: 131072
nr_of_strided_rec: 4
nr_doubles: 131072
nr_of_strided_rec: 4
nr_doubles: 131072
nr_of_strided_rec: 4
nr_doubles: 131072
nr_of_strided_rec: 4
nr_doubles: 131072
nr_of_strided_rec: 4
nr_doubles: 131072
nr_of_strided_rec: 4
nr_doubles: 131072
nr_of_strided_rec: 4
nr_doubles: 131072
nr_of_strided_rec: 4
nr_doubles: 131072
nr_of_strided_rec: 4
nr_doubles: 131072
nr_of_strided_rec: 4
nr_doubles: 131072
nr_of_strided_rec: 4
nr_doubles: 131072
nr_of_strided_rec: 4
nr_doubles: 131072
nr_of_strided_rec: 4
nr_doubles: 131072
nr_of_strided_rec: 4
nr_doubles: 131072
nr_of_strided_rec: 4
nr_doubles: 131072
nr_of_strided_rec: 4
nr_doubles: 131072
nr_of_strided_rec: 4
nr_doubles: 131072
nr_of_strided_rec: 4
nr_doubles: 131072
nr_of_strided_rec: 4
nr_doubles: 131072
nr_of_strided_rec: 4
nr_doubles: 131072
nr_of_strided_rec: 4
nr_doubles: 131072
nr_of_strided_rec: 4
nr_doubles: 131072
nr_of_strided_rec: 4
nr_doubles: 131072
nr_of_strided_rec: 4
nr_doubles: 131072
nr_of_strided_rec: 4
nr_doubles: 131072
nr_of_strided_rec: 4
nr_doubles: 131072
nr_of_strided_rec: 4
nr_doubles: 131072
nr_of_strided_rec: 4
nr_doubles: 131072
nr_of_strided_rec: 4
nr_doubles: 131072
nr_of_strided_rec: 4
nr_doubles: 131072
nr_of_strided_rec: 4
nr_doubles: 131072
nr_of_strided_rec: 4
nr_doubles: 131072
nr_of_strided_rec: 4
nr_doubles: 131072
nr_of_strided_rec: 4
nr_doubles: 131072
nr_of_strided_rec: 4
nr_doubles: 131072
nr_of_strided_rec: 4
nr_doubles: 131072
nr_of_strided_rec: 4
nr_doubles: 131072
nr_of_strided_rec: 4
nr_doubles: 131072
nr_of_strided_rec: 4
nr_doubles: 131072
nr_of_strided_rec: 4
nr_doubles: 131072
nr_of_strided_rec: 4
nr_doubles: 131072
nr_of_strided_rec: 4
nr_doubles: 131072
nr_of_strided_rec: 4
nr_doubles: 131072
nr_of_strided_rec: 4
nr_doubles: 131072
C_cc         0.38   [      0.38:      0.38]
C_bw         0.17   [      0.17:      0.17]
C_r          8.94   [      8.94:      8.94]
          -------
C_total      9.50   [      9.50:      9.50]


dC[0] = 0.00000e+00
fclose PID:28559 fd:8
fclose PID:28560 fd:8
fclose PID:28557 fd:12
fclose PID:28558 fd:10
READAHEAD_TIME:0.000000 us
MaxRSS= 141536 KB, SharedMem= 0 KB, HardPageFault= 12
READAHEAD_TIME:0.000000 us
MaxRSS= 141664 KB, SharedMem= 0 KB, HardPageFault= 14
READAHEAD_TIME:0.000000 us
MaxRSS= 141444 KB, SharedMem= 0 KB, HardPageFault= 10
READAHEAD_TIME:0.000000 us
MaxRSS= 141588 KB, SharedMem= 0 KB, HardPageFault= 15
fclose PID:28556 fd:0
fclose PID:28556 fd:6
fclose PID:28556 fd:6
fclose PID:28556 fd:0
READAHEAD_TIME:0.000000 us
MaxRSS= 5396 KB, SharedMem= 0 KB, HardPageFault= 2
fclose PID:28555 fd:3
fclose PID:28555 fd:4
fclose PID:28555 fd:4
fclose PID:28555 fd:3
READAHEAD_TIME:0.000000 us
MaxRSS= 4876 KB, SharedMem= 0 KB, HardPageFault= 4
	Command being timed: "mpiexec -n 4 ./MADbench2_io 4096 30 1 8 64 1 1 1048576 7 1"
	User time (seconds): 14.03
	System time (seconds): 14.39
	Percent of CPU this job got: 70%
	Elapsed (wall clock) time (h:mm:ss or m:ss): 0:40.18
	Average shared text size (kbytes): 0
	Average unshared data size (kbytes): 0
	Average stack size (kbytes): 0
	Average total size (kbytes): 0
	Maximum resident set size (kbytes): 141664
	Average resident set size (kbytes): 0
	Major (requiring I/O) page faults: 60
	Minor (reclaiming a frame) page faults: 433182
	Voluntary context switches: 7862
	Involuntary context switches: 295
	Swaps: 0
	File system inputs: 15225352
	File system outputs: 15728712
	Socket messages sent: 0
	Socket messages received: 0
	Signals delivered: 0
	Page size (bytes): 4096
	Exit status: 0
READAHEAD_TIME:0.000000 us
MaxRSS= 2208 KB, SharedMem= 0 KB, HardPageFault= 0
*******************DMESG OUTPUT******************
