fclose PID:39134 fd:3
fclose PID:39134 fd:4
fclose PID:39134 fd:4
fclose PID:39134 fd:3
available: 2 nodes (0-1)
fclose PID:39134 fd:3
node 0 cpus:fclose PID:39134 fd:3
 0 1 2 3 4 5 6 7 8 9 20 21 22 23 24 25 26 27 28 29
node 0 size: 80440 MB
node 0 free: 80125 MB
fclose PID:39134 fd:3
node 1 cpus:fclose PID:39134 fd:3
 10 11 12 13 14 15 16 17 18 19 30 31 32 33 34 35 36 37 38 39
node 1 size: 80635 MB
node 1 free: 80362 MB
fclose PID:39134 fd:3
fclose PID:39134 fd:3
node distances:
node   0   1 
  0:  10  21 
  1:  21  10 
READAHEAD_TIME:0.000000 us
MaxRSS= 2212 KB, SharedMem= 0 KB, HardPageFault= 10
fclose PID:39147 fd:8
fclose PID:39150 fd:8
fclose PID:39140 fd:12
fclose PID:39153 fd:8
fclose PID:39148 fd:8
fclose PID:39141 fd:10
fclose PID:39152 fd:8
fclose PID:39154 fd:8
fclose PID:39142 fd:8
fclose PID:39149 fd:8
fclose PID:39143 fd:8
fclose PID:39151 fd:8
fclose PID:39144 fd:8
fclose PID:39146 fd:8
fclose PID:39145 fd:8
fclose PID:39155 fd:8

MADbench 2.0 IO-mode
no_pe = 16  no_pix = 8192  no_bin = 30  no_gang = 1 sblocksize = 8  fblocksize = 64  r_mod = 1  w_mod = 1 record_size=16777216 stride=7


IOMETHOD = POSIX  IOMODE = SYNC  FILETYPE = UNIQUE  REMAP = CUSTOMbuild_S
build_S
build_S
build_S
build_S
build_S
build_S
build_S
build_S
build_S
build_S
build_S
build_S
build_S
build_S
build_S

Write the data to file:33554432 bytes
***********WAITING************

Write the data to file:33554432 bytes
***********WAITING************

Write the data to file:33554432 bytes
***********WAITING************

Write the data to file:33554432 bytes
***********WAITING************

Write the data to file:33554432 bytes
***********WAITING************

Write the data to file:33554432 bytes
***********WAITING************

Write the data to file:33554432 bytes
***********WAITING************

Write the data to file:33554432 bytes
***********WAITING************

Write the data to file:33554432 bytes
***********WAITING************

Write the data to file:33554432 bytes
***********WAITING************

Write the data to file:33554432 bytes
***********WAITING************

Write the data to file:33554432 bytes
***********WAITING************

Write the data to file:33554432 bytes
***********WAITING************

Write the data to file:33554432 bytes
***********WAITING************

Write the data to file:33554432 bytes
***********WAITING************

Write the data to file:33554432 bytes
***********WAITING************

Write the data to file:33554432 bytes
***********WAITING************

Write the data to file:33554432 bytes
***********WAITING************

Write the data to file:33554432 bytes
***********WAITING************

Write the data to file:33554432 bytes
***********WAITING************

Write the data to file:33554432 bytes
***********WAITING************

Write the data to file:33554432 bytes
***********WAITING************

Write the data to file:33554432 bytes
***********WAITING************

Write the data to file:33554432 bytes
***********WAITING************

Write the data to file:33554432 bytes
***********WAITING************

Write the data to file:33554432 bytes
***********WAITING************

Write the data to file:33554432 bytes
***********WAITING************

Write the data to file:33554432 bytes
***********WAITING************

Write the data to file:33554432 bytes
***********WAITING************

Write the data to file:33554432 bytes
***********WAITING************

Write the data to file:33554432 bytes
***********WAITING************

Write the data to file:33554432 bytes
***********WAITING************

Write the data to file:33554432 bytes
***********WAITING************

Write the data to file:33554432 bytes
***********WAITING************

Write the data to file:33554432 bytes
***********WAITING************

Write the data to file:33554432 bytes
***********WAITING************

Write the data to file:33554432 bytes
***********WAITING************

Write the data to file:33554432 bytes
***********WAITING************

Write the data to file:33554432 bytes
***********WAITING************

Write the data to file:33554432 bytes
***********WAITING************

Write the data to file:33554432 bytes
***********WAITING************

Write the data to file:33554432 bytes
***********WAITING************

Write the data to file:33554432 bytes
***********WAITING************

Write the data to file:33554432 bytes
***********WAITING************

Write the data to file:33554432 bytes
***********WAITING************

Write the data to file:33554432 bytes
***********WAITING************

Write the data to file:33554432 bytes
***********WAITING************

Write the data to file:33554432 bytes
***********WAITING************

Write the data to file:33554432 bytes
***********WAITING************

Write the data to file:33554432 bytes
***********WAITING************

Write the data to file:33554432 bytes
***********WAITING************

Write the data to file:33554432 bytes
***********WAITING************

Write the data to file:33554432 bytes
***********WAITING************

Write the data to file:33554432 bytes
***********WAITING************

Write the data to file:33554432 bytes
***********WAITING************

Write the data to file:33554432 bytes
***********WAITING************

Write the data to file:33554432 bytes
***********WAITING************

Write the data to file:33554432 bytes
***********WAITING************

Write the data to file:33554432 bytes
***********WAITING************

Write the data to file:33554432 bytes
***********WAITING************

Write the data to file:33554432 bytes
***********WAITING************

Write the data to file:33554432 bytes
***********WAITING************

Write the data to file:33554432 bytes
***********WAITING************

Write the data to file:33554432 bytes
***********WAITING************

Write the data to file:33554432 bytes
***********WAITING************

Write the data to file:33554432 bytes
***********WAITING************

Write the data to file:33554432 bytes
***********WAITING************

Write the data to file:33554432 bytes
***********WAITING************

Write the data to file:33554432 bytes
***********WAITING************

Write the data to file:33554432 bytes
***********WAITING************

Write the data to file:33554432 bytes
***********WAITING************

Write the data to file:33554432 bytes
***********WAITING************

Write the data to file:33554432 bytes
***********WAITING************

Write the data to file:33554432 bytes
***********WAITING************

Write the data to file:33554432 bytes
***********WAITING************

Write the data to file:33554432 bytes
***********WAITING************

Write the data to file:33554432 bytes
***********WAITING************

Write the data to file:33554432 bytes
***********WAITING************

Write the data to file:33554432 bytes
***********WAITING************

Write the data to file:33554432 bytes
***********WAITING************

Write the data to file:33554432 bytes
***********WAITING************

Write the data to file:33554432 bytes
***********WAITING************

Write the data to file:33554432 bytes
***********WAITING************

Write the data to file:33554432 bytes
***********WAITING************

Write the data to file:33554432 bytes
***********WAITING************

Write the data to file:33554432 bytes
***********WAITING************

Write the data to file:33554432 bytes
***********WAITING************

Write the data to file:33554432 bytes
***********WAITING************

Write the data to file:33554432 bytes
***********WAITING************

Write the data to file:33554432 bytes
***********WAITING************

Write the data to file:33554432 bytes
***********WAITING************

Write the data to file:33554432 bytes
***********WAITING************

Write the data to file:33554432 bytes
***********WAITING************

Write the data to file:33554432 bytes
***********WAITING************

Write the data to file:33554432 bytes
***********WAITING************

Write the data to file:33554432 bytes
***********WAITING************

Write the data to file:33554432 bytes
***********WAITING************

Write the data to file:33554432 bytes
***********WAITING************

Write the data to file:33554432 bytes
***********WAITING************

Write the data to file:33554432 bytes
***********WAITING************

Write the data to file:33554432 bytes
***********WAITING************

Write the data to file:33554432 bytes
***********WAITING************

Write the data to file:33554432 bytes
***********WAITING************

Write the data to file:33554432 bytes
***********WAITING************

Write the data to file:33554432 bytes
***********WAITING************

Write the data to file:33554432 bytes
***********WAITING************

Write the data to file:33554432 bytes
***********WAITING************

Write the data to file:33554432 bytes
***********WAITING************

Write the data to file:33554432 bytes
***********WAITING************

Write the data to file:33554432 bytes
***********WAITING************

Write the data to file:33554432 bytes
***********WAITING************

Write the data to file:33554432 bytes
***********WAITING************

Write the data to file:33554432 bytes
***********WAITING************

Write the data to file:33554432 bytes
***********WAITING************

Write the data to file:33554432 bytes
***********WAITING************

Write the data to file:33554432 bytes
***********WAITING************

Write the data to file:33554432 bytes
***********WAITING************

Write the data to file:33554432 bytes
***********WAITING************

Write the data to file:33554432 bytes
***********WAITING************

Write the data to file:33554432 bytes
***********WAITING************

Write the data to file:33554432 bytes
***********WAITING************

Write the data to file:33554432 bytes
***********WAITING************

Write the data to file:33554432 bytes
***********WAITING************

Write the data to file:33554432 bytes
***********WAITING************

Write the data to file:33554432 bytes
***********WAITING************

Write the data to file:33554432 bytes
***********WAITING************

Write the data to file:33554432 bytes
***********WAITING************

Write the data to file:33554432 bytes
***********WAITING************

Write the data to file:33554432 bytes
***********WAITING************

Write the data to file:33554432 bytes
***********WAITING************

Write the data to file:33554432 bytes
***********WAITING************

Write the data to file:33554432 bytes
***********WAITING************

Write the data to file:33554432 bytes
***********WAITING************

Write the data to file:33554432 bytes
***********WAITING************

Write the data to file:33554432 bytes
***********WAITING************

Write the data to file:33554432 bytes
***********WAITING************

Write the data to file:33554432 bytes
***********WAITING************

Write the data to file:33554432 bytes
***********WAITING************

Write the data to file:33554432 bytes
***********WAITING************

Write the data to file:33554432 bytes
***********WAITING************

Write the data to file:33554432 bytes
***********WAITING************

Write the data to file:33554432 bytes
***********WAITING************

Write the data to file:33554432 bytes
***********WAITING************

Write the data to file:33554432 bytes
***********WAITING************

Write the data to file:33554432 bytes
***********WAITING************

Write the data to file:33554432 bytes
***********WAITING************

Write the data to file:33554432 bytes
***********WAITING************

Write the data to file:33554432 bytes
***********WAITING************

Write the data to file:33554432 bytes
***********WAITING************

Write the data to file:33554432 bytes
***********WAITING************

Write the data to file:33554432 bytes
***********WAITING************

Write the data to file:33554432 bytes
***********WAITING************

Write the data to file:33554432 bytes
***********WAITING************

Write the data to file:33554432 bytes
***********WAITING************

Write the data to file:33554432 bytes
***********WAITING************

Write the data to file:33554432 bytes
***********WAITING************

Write the data to file:33554432 bytes
***********WAITING************

Write the data to file:33554432 bytes
***********WAITING************

Write the data to file:33554432 bytes
***********WAITING************

Write the data to file:33554432 bytes
***********WAITING************

Write the data to file:33554432 bytes
***********WAITING************

Write the data to file:33554432 bytes
***********WAITING************

Write the data to file:33554432 bytes
***********WAITING************

Write the data to file:33554432 bytes
***********WAITING************

Write the data to file:33554432 bytes
***********WAITING************

Write the data to file:33554432 bytes
***********WAITING************

Write the data to file:33554432 bytes
***********WAITING************

Write the data to file:33554432 bytes
***********WAITING************

Write the data to file:33554432 bytes
***********WAITING************

Write the data to file:33554432 bytes
***********WAITING************

Write the data to file:33554432 bytes
***********WAITING************

Write the data to file:33554432 bytes
***********WAITING************

Write the data to file:33554432 bytes
***********WAITING************

Write the data to file:33554432 bytes
***********WAITING************

Write the data to file:33554432 bytes
***********WAITING************

Write the data to file:33554432 bytes
***********WAITING************

Write the data to file:33554432 bytes
***********WAITING************

Write the data to file:33554432 bytes
***********WAITING************

Write the data to file:33554432 bytes
***********WAITING************

Write the data to file:33554432 bytes
***********WAITING************

Write the data to file:33554432 bytes
***********WAITING************

Write the data to file:33554432 bytes
***********WAITING************

Write the data to file:33554432 bytes
***********WAITING************

Write the data to file:33554432 bytes
***********WAITING************

Write the data to file:33554432 bytes
***********WAITING************

Write the data to file:33554432 bytes
***********WAITING************

Write the data to file:33554432 bytes
***********WAITING************

Write the data to file:33554432 bytes
***********WAITING************

Write the data to file:33554432 bytes
***********WAITING************

Write the data to file:33554432 bytes
***********WAITING************

Write the data to file:33554432 bytes
***********WAITING************

Write the data to file:33554432 bytes
***********WAITING************

Write the data to file:33554432 bytes
***********WAITING************

Write the data to file:33554432 bytes
***********WAITING************

Write the data to file:33554432 bytes
***********WAITING************

Write the data to file:33554432 bytes
***********WAITING************

Write the data to file:33554432 bytes
***********WAITING************

Write the data to file:33554432 bytes
***********WAITING************

Write the data to file:33554432 bytes
***********WAITING************

Write the data to file:33554432 bytes
***********WAITING************

Write the data to file:33554432 bytes
***********WAITING************

Write the data to file:33554432 bytes
***********WAITING************

Write the data to file:33554432 bytes
***********WAITING************

Write the data to file:33554432 bytes
***********WAITING************

Write the data to file:33554432 bytes
***********WAITING************

Write the data to file:33554432 bytes
***********WAITING************

Write the data to file:33554432 bytes
***********WAITING************

Write the data to file:33554432 bytes
***********WAITING************

Write the data to file:33554432 bytes
***********WAITING************

Write the data to file:33554432 bytes
***********WAITING************

Write the data to file:33554432 bytes
***********WAITING************

Write the data to file:33554432 bytes
***********WAITING************

Write the data to file:33554432 bytes
***********WAITING************

Write the data to file:33554432 bytes
***********WAITING************

Write the data to file:33554432 bytes
***********WAITING************

Write the data to file:33554432 bytes
***********WAITING************

Write the data to file:33554432 bytes
***********WAITING************

Write the data to file:33554432 bytes
***********WAITING************

Write the data to file:33554432 bytes
***********WAITING************

Write the data to file:33554432 bytes
***********WAITING************

Write the data to file:33554432 bytes
***********WAITING************

Write the data to file:33554432 bytes
***********WAITING************

Write the data to file:33554432 bytes
***********WAITING************

Write the data to file:33554432 bytes
***********WAITING************

Write the data to file:33554432 bytes
***********WAITING************

Write the data to file:33554432 bytes
***********WAITING************

Write the data to file:33554432 bytes
***********WAITING************

Write the data to file:33554432 bytes
***********WAITING************

Write the data to file:33554432 bytes
***********WAITING************

Write the data to file:33554432 bytes
***********WAITING************

Write the data to file:33554432 bytes
***********WAITING************

Write the data to file:33554432 bytes
***********WAITING************

Write the data to file:33554432 bytes
***********WAITING************

Write the data to file:33554432 bytes
***********WAITING************

Write the data to file:33554432 bytes
***********WAITING************

Write the data to file:33554432 bytes
***********WAITING************

Write the data to file:33554432 bytes
***********WAITING************

Write the data to file:33554432 bytes
***********WAITING************

Write the data to file:33554432 bytes
***********WAITING************

Write the data to file:33554432 bytes
***********WAITING************

Write the data to file:33554432 bytes
***********WAITING************

Write the data to file:33554432 bytes
***********WAITING************

Write the data to file:33554432 bytes
***********WAITING************

Write the data to file:33554432 bytes
***********WAITING************

Write the data to file:33554432 bytes
***********WAITING************

Write the data to file:33554432 bytes
***********WAITING************

Write the data to file:33554432 bytes
***********WAITING************

Write the data to file:33554432 bytes
***********WAITING************

Write the data to file:33554432 bytes
***********WAITING************

Write the data to file:33554432 bytes
***********WAITING************

Write the data to file:33554432 bytes
***********WAITING************

Write the data to file:33554432 bytes
***********WAITING************

Write the data to file:33554432 bytes
***********WAITING************

Write the data to file:33554432 bytes
***********WAITING************

Write the data to file:33554432 bytes
***********WAITING************

Write the data to file:33554432 bytes
***********WAITING************

Write the data to file:33554432 bytes
***********WAITING************

Write the data to file:33554432 bytes
***********WAITING************

Write the data to file:33554432 bytes
***********WAITING************

Write the data to file:33554432 bytes
***********WAITING************

Write the data to file:33554432 bytes
***********WAITING************

Write the data to file:33554432 bytes
***********WAITING************

Write the data to file:33554432 bytes
***********WAITING************

Write the data to file:33554432 bytes
***********WAITING************

Write the data to file:33554432 bytes
***********WAITING************

Write the data to file:33554432 bytes
***********WAITING************

Write the data to file:33554432 bytes
***********WAITING************

Write the data to file:33554432 bytes
***********WAITING************

Write the data to file:33554432 bytes
***********WAITING************

Write the data to file:33554432 bytes
***********WAITING************

Write the data to file:33554432 bytes
***********WAITING************

Write the data to file:33554432 bytes
***********WAITING************

Write the data to file:33554432 bytes
***********WAITING************

Write the data to file:33554432 bytes
***********WAITING************

Write the data to file:33554432 bytes
***********WAITING************

Write the data to file:33554432 bytes
***********WAITING************

Write the data to file:33554432 bytes
***********WAITING************

Write the data to file:33554432 bytes
***********WAITING************

Write the data to file:33554432 bytes
***********WAITING************

Write the data to file:33554432 bytes
***********WAITING************

Write the data to file:33554432 bytes
***********WAITING************

Write the data to file:33554432 bytes
***********WAITING************

Write the data to file:33554432 bytes
***********WAITING************

Write the data to file:33554432 bytes
***********WAITING************

Write the data to file:33554432 bytes
***********WAITING************

Write the data to file:33554432 bytes
***********WAITING************

Write the data to file:33554432 bytes
***********WAITING************

Write the data to file:33554432 bytes
***********WAITING************

Write the data to file:33554432 bytes
***********WAITING************

Write the data to file:33554432 bytes
***********WAITING************

Write the data to file:33554432 bytes
***********WAITING************

Write the data to file:33554432 bytes
***********WAITING************

Write the data to file:33554432 bytes
***********WAITING************

Write the data to file:33554432 bytes
***********WAITING************

Write the data to file:33554432 bytes
***********WAITING************

Write the data to file:33554432 bytes
***********WAITING************

Write the data to file:33554432 bytes
***********WAITING************

Write the data to file:33554432 bytes
***********WAITING************

Write the data to file:33554432 bytes
***********WAITING************

Write the data to file:33554432 bytes
***********WAITING************

Write the data to file:33554432 bytes
***********WAITING************

Write the data to file:33554432 bytes
***********WAITING************

Write the data to file:33554432 bytes
***********WAITING************

Write the data to file:33554432 bytes
***********WAITING************

Write the data to file:33554432 bytes
***********WAITING************

Write the data to file:33554432 bytes
***********WAITING************

Write the data to file:33554432 bytes
***********WAITING************

Write the data to file:33554432 bytes
***********WAITING************

Write the data to file:33554432 bytes
***********WAITING************

Write the data to file:33554432 bytes
***********WAITING************

Write the data to file:33554432 bytes
***********WAITING************

Write the data to file:33554432 bytes
***********WAITING************

Write the data to file:33554432 bytes
***********WAITING************

Write the data to file:33554432 bytes
***********WAITING************

Write the data to file:33554432 bytes
***********WAITING************

Write the data to file:33554432 bytes
***********WAITING************

Write the data to file:33554432 bytes
***********WAITING************

Write the data to file:33554432 bytes
***********WAITING************

Write the data to file:33554432 bytes
***********WAITING************

Write the data to file:33554432 bytes
***********WAITING************

Write the data to file:33554432 bytes
***********WAITING************

Write the data to file:33554432 bytes
***********WAITING************

Write the data to file:33554432 bytes
***********WAITING************

Write the data to file:33554432 bytes
***********WAITING************

Write the data to file:33554432 bytes
***********WAITING************

Write the data to file:33554432 bytes
***********WAITING************

Write the data to file:33554432 bytes
***********WAITING************

Write the data to file:33554432 bytes
***********WAITING************

Write the data to file:33554432 bytes
***********WAITING************

Write the data to file:33554432 bytes
***********WAITING************

Write the data to file:33554432 bytes
***********WAITING************

Write the data to file:33554432 bytes
***********WAITING************

Write the data to file:33554432 bytes
***********WAITING************

Write the data to file:33554432 bytes
***********WAITING************

Write the data to file:33554432 bytes
***********WAITING************

Write the data to file:33554432 bytes
***********WAITING************

Write the data to file:33554432 bytes
***********WAITING************

Write the data to file:33554432 bytes
***********WAITING************

Write the data to file:33554432 bytes
***********WAITING************

Write the data to file:33554432 bytes
***********WAITING************

Write the data to file:33554432 bytes
***********WAITING************

Write the data to file:33554432 bytes
***********WAITING************

Write the data to file:33554432 bytes
***********WAITING************

Write the data to file:33554432 bytes
***********WAITING************

Write the data to file:33554432 bytes
***********WAITING************

Write the data to file:33554432 bytes
***********WAITING************

Write the data to file:33554432 bytes
***********WAITING************

Write the data to file:33554432 bytes
***********WAITING************

Write the data to file:33554432 bytes
***********WAITING************

Write the data to file:33554432 bytes
***********WAITING************

Write the data to file:33554432 bytes
***********WAITING************

Write the data to file:33554432 bytes
***********WAITING************

Write the data to file:33554432 bytes
***********WAITING************

Write the data to file:33554432 bytes
***********WAITING************

Write the data to file:33554432 bytes
***********WAITING************

Write the data to file:33554432 bytes
***********WAITING************

Write the data to file:33554432 bytes
***********WAITING************

Write the data to file:33554432 bytes
***********WAITING************

Write the data to file:33554432 bytes
***********WAITING************

Write the data to file:33554432 bytes
***********WAITING************

Write the data to file:33554432 bytes
***********WAITING************

Write the data to file:33554432 bytes
***********WAITING************

Write the data to file:33554432 bytes
***********WAITING************

Write the data to file:33554432 bytes
***********WAITING************

Write the data to file:33554432 bytes
***********WAITING************

Write the data to file:33554432 bytes
***********WAITING************

Write the data to file:33554432 bytes
***********WAITING************

Write the data to file:33554432 bytes
***********WAITING************

Write the data to file:33554432 bytes
***********WAITING************

Write the data to file:33554432 bytes
***********WAITING************

Write the data to file:33554432 bytes
***********WAITING************

Write the data to file:33554432 bytes
***********WAITING************

Write the data to file:33554432 bytes
***********WAITING************

Write the data to file:33554432 bytes
***********WAITING************

Write the data to file:33554432 bytes
***********WAITING************

Write the data to file:33554432 bytes
***********WAITING************

Write the data to file:33554432 bytes
***********WAITING************

Write the data to file:33554432 bytes
***********WAITING************

Write the data to file:33554432 bytes
***********WAITING************

Write the data to file:33554432 bytes
***********WAITING************

Write the data to file:33554432 bytes
***********WAITING************

Write the data to file:33554432 bytes
***********WAITING************

Write the data to file:33554432 bytes
***********WAITING************

Write the data to file:33554432 bytes
***********WAITING************

Write the data to file:33554432 bytes
***********WAITING************

Write the data to file:33554432 bytes
***********WAITING************

Write the data to file:33554432 bytes
***********WAITING************

Write the data to file:33554432 bytes
***********WAITING************

Write the data to file:33554432 bytes
***********WAITING************

Write the data to file:33554432 bytes
***********WAITING************

Write the data to file:33554432 bytes
***********WAITING************

Write the data to file:33554432 bytes
***********WAITING************

Write the data to file:33554432 bytes
***********WAITING************

Write the data to file:33554432 bytes
***********WAITING************

Write the data to file:33554432 bytes
***********WAITING************

Write the data to file:33554432 bytes
***********WAITING************

Write the data to file:33554432 bytes
***********WAITING************

Write the data to file:33554432 bytes
***********WAITING************

Write the data to file:33554432 bytes
***********WAITING************

Write the data to file:33554432 bytes
***********WAITING************

Write the data to file:33554432 bytes
***********WAITING************

Write the data to file:33554432 bytes
***********WAITING************

Write the data to file:33554432 bytes
***********WAITING************

Write the data to file:33554432 bytes
***********WAITING************

Write the data to file:33554432 bytes
***********WAITING************

Write the data to file:33554432 bytes
***********WAITING************

Write the data to file:33554432 bytes
***********WAITING************

Write the data to file:33554432 bytes
***********WAITING************

Write the data to file:33554432 bytes
***********WAITING************

Write the data to file:33554432 bytes
***********WAITING************

Write the data to file:33554432 bytes
***********WAITING************

Write the data to file:33554432 bytes
***********WAITING************

Write the data to file:33554432 bytes
***********WAITING************

Write the data to file:33554432 bytes
***********WAITING************

Write the data to file:33554432 bytes
***********WAITING************

Write the data to file:33554432 bytes
***********WAITING************

Write the data to file:33554432 bytes
***********WAITING************

Write the data to file:33554432 bytes
***********WAITING************

Write the data to file:33554432 bytes
***********WAITING************

Write the data to file:33554432 bytes
***********WAITING************

Write the data to file:33554432 bytes
***********WAITING************

Write the data to file:33554432 bytes
***********WAITING************

Write the data to file:33554432 bytes
***********WAITING************

Write the data to file:33554432 bytes
***********WAITING************

Write the data to file:33554432 bytes
***********WAITING************

Write the data to file:33554432 bytes
***********WAITING************

Write the data to file:33554432 bytes
***********WAITING************

Write the data to file:33554432 bytes
***********WAITING************

Write the data to file:33554432 bytes
***********WAITING************

Write the data to file:33554432 bytes
***********WAITING************

Write the data to file:33554432 bytes
***********WAITING************

Write the data to file:33554432 bytes
***********WAITING************

Write the data to file:33554432 bytes
***********WAITING************

Write the data to file:33554432 bytes
***********WAITING************

Write the data to file:33554432 bytes
***********WAITING************

Write the data to file:33554432 bytes
***********WAITING************

Write the data to file:33554432 bytes
***********WAITING************

Write the data to file:33554432 bytes
***********WAITING************

Write the data to file:33554432 bytes
***********WAITING************

Write the data to file:33554432 bytes
***********WAITING************

Write the data to file:33554432 bytes
***********WAITING************

Write the data to file:33554432 bytes
***********WAITING************

Write the data to file:33554432 bytes
***********WAITING************

Write the data to file:33554432 bytes
***********WAITING************

Write the data to file:33554432 bytes
***********WAITING************

Write the data to file:33554432 bytes
***********WAITING************

Write the data to file:33554432 bytes
***********WAITING************

Write the data to file:33554432 bytes
***********WAITING************

Write the data to file:33554432 bytes
***********WAITING************

Write the data to file:33554432 bytes
***********WAITING************

Write the data to file:33554432 bytes
***********WAITING************

Write the data to file:33554432 bytes
***********WAITING************

Write the data to file:33554432 bytes
***********WAITING************

Write the data to file:33554432 bytes
***********WAITING************

Write the data to file:33554432 bytes
***********WAITING************

Write the data to file:33554432 bytes
***********WAITING************

Write the data to file:33554432 bytes
***********WAITING************

Write the data to file:33554432 bytes
***********WAITING************

Write the data to file:33554432 bytes
***********WAITING************

Write the data to file:33554432 bytes
***********WAITING************

Write the data to file:33554432 bytes
***********WAITING************

Write the data to file:33554432 bytes
***********WAITING************

Write the data to file:33554432 bytes
***********WAITING************

Write the data to file:33554432 bytes
***********WAITING************

Write the data to file:33554432 bytes
***********WAITING************

Write the data to file:33554432 bytes
***********WAITING************

Write the data to file:33554432 bytes
***********WAITING************

Write the data to file:33554432 bytes
***********WAITING************

Write the data to file:33554432 bytes
***********WAITING************

Write the data to file:33554432 bytes
***********WAITING************

Write the data to file:33554432 bytes
***********WAITING************

Write the data to file:33554432 bytes
***********WAITING************

Write the data to file:33554432 bytes
***********WAITING************

Write the data to file:33554432 bytes
***********WAITING************

Write the data to file:33554432 bytes
***********WAITING************

Write the data to file:33554432 bytes
***********WAITING************

Write the data to file:33554432 bytes
***********WAITING************

Write the data to file:33554432 bytes
***********WAITING************

Write the data to file:33554432 bytes
***********WAITING************

Write the data to file:33554432 bytes
***********WAITING************
S_cc         0.91   [      0.90:      0.92]
S_bw         0.22   [      0.22:      0.24]
S_w         35.25   [     35.25:     35.25]
          -------
S_total     36.38   [     36.38:     36.39]

build_S done
calc_W
nr_of_strided_rec: 0
WARNING: RECORD_SIZE >> READ_NEEDED
nr_doubles: 4194304
build_S done
calc_W
nr_of_strided_rec: 0
WARNING: RECORD_SIZE >> READ_NEEDED
nr_doubles: 4194304
build_S done
calc_W
nr_of_strided_rec: 0
WARNING: RECORD_SIZE >> READ_NEEDED
nr_doubles: 4194304
build_S done
calc_W
nr_of_strided_rec: 0
WARNING: RECORD_SIZE >> READ_NEEDED
nr_doubles: 4194304
build_S done
calc_W
nr_of_strided_rec: 0
WARNING: RECORD_SIZE >> READ_NEEDED
nr_doubles: 4194304
build_S done
calc_W
nr_of_strided_rec: 0
WARNING: RECORD_SIZE >> READ_NEEDED
nr_doubles: 4194304
build_S done
calc_W
nr_of_strided_rec: 0
WARNING: RECORD_SIZE >> READ_NEEDED
nr_doubles: 4194304
build_S done
calc_W
nr_of_strided_rec: 0
WARNING: RECORD_SIZE >> READ_NEEDED
nr_doubles: 4194304
build_S done
calc_W
nr_of_strided_rec: 0
WARNING: RECORD_SIZE >> READ_NEEDED
nr_doubles: 4194304
build_S done
calc_W
nr_of_strided_rec: 0
WARNING: RECORD_SIZE >> READ_NEEDED
nr_doubles: 4194304
build_S done
calc_W
nr_of_strided_rec: 0
WARNING: RECORD_SIZE >> READ_NEEDED
nr_doubles: 4194304
build_S done
calc_W
nr_of_strided_rec: 0
WARNING: RECORD_SIZE >> READ_NEEDED
nr_doubles: 4194304
build_S done
calc_W
nr_of_strided_rec: 0
WARNING: RECORD_SIZE >> READ_NEEDED
nr_doubles: 4194304
build_S done
calc_W
nr_of_strided_rec: 0
WARNING: RECORD_SIZE >> READ_NEEDED
nr_doubles: 4194304
build_S done
calc_W
nr_of_strided_rec: 0
WARNING: RECORD_SIZE >> READ_NEEDED
nr_doubles: 4194304
build_S done
calc_W
nr_of_strided_rec: 0
WARNING: RECORD_SIZE >> READ_NEEDED
nr_doubles: 4194304
nr_of_strided_rec: 1
nr_doubles: 4194304
nr_of_strided_rec: 1
nr_doubles: 4194304
nr_of_strided_rec: 1
nr_doubles: 4194304
nr_of_strided_rec: 1
nr_doubles: 4194304
nr_of_strided_rec: 1
nr_doubles: 4194304
nr_of_strided_rec: 1
nr_doubles: 4194304
nr_of_strided_rec: 1
nr_doubles: 4194304
nr_of_strided_rec: 1
nr_doubles: 4194304
nr_of_strided_rec: 1
nr_doubles: 4194304
nr_of_strided_rec: 1
nr_doubles: 4194304
nr_of_strided_rec: 1
nr_doubles: 4194304
nr_of_strided_rec: 1
nr_doubles: 4194304
nr_of_strided_rec: 1
nr_doubles: 4194304
nr_of_strided_rec: 1
nr_doubles: 4194304
nr_of_strided_rec: 1
nr_doubles: 4194304
nr_of_strided_rec: 1
nr_doubles: 4194304

Write the data to file:33554432 bytes
***********WAITING************

Write the data to file:33554432 bytes
***********WAITING************

Write the data to file:33554432 bytes
***********WAITING************

Write the data to file:33554432 bytes
***********WAITING************

Write the data to file:33554432 bytes
***********WAITING************

Write the data to file:33554432 bytes
***********WAITING************

Write the data to file:33554432 bytes
***********WAITING************

Write the data to file:33554432 bytes
***********WAITING************

Write the data to file:33554432 bytes
***********WAITING************

Write the data to file:33554432 bytes
***********WAITING************

Write the data to file:33554432 bytes
***********WAITING************

Write the data to file:33554432 bytes
***********WAITING************

Write the data to file:33554432 bytes
***********WAITING************

Write the data to file:33554432 bytes
***********WAITING************

Write the data to file:33554432 bytes
***********WAITING************

Write the data to file:33554432 bytes
***********WAITING************
nr_of_strided_rec: 1
nr_doubles: 4194304
nr_of_strided_rec: 1
nr_doubles: 4194304
nr_of_strided_rec: 1
nr_doubles: 4194304
nr_of_strided_rec: 1
nr_doubles: 4194304
nr_of_strided_rec: 1
nr_doubles: 4194304
nr_of_strided_rec: 1
nr_doubles: 4194304
nr_of_strided_rec: 1
nr_doubles: 4194304
nr_of_strided_rec: 1
nr_doubles: 4194304
nr_of_strided_rec: 1
nr_doubles: 4194304
nr_of_strided_rec: 1
nr_doubles: 4194304
nr_of_strided_rec: 1
nr_doubles: 4194304
nr_of_strided_rec: 1
nr_doubles: 4194304
nr_of_strided_rec: 1
nr_doubles: 4194304
nr_of_strided_rec: 1
nr_doubles: 4194304
nr_of_strided_rec: 1
nr_doubles: 4194304
nr_of_strided_rec: 1
nr_doubles: 4194304

Write the data to file:33554432 bytes
***********WAITING************

Write the data to file:33554432 bytes
***********WAITING************

Write the data to file:33554432 bytes
***********WAITING************

Write the data to file:33554432 bytes
***********WAITING************

Write the data to file:33554432 bytes
***********WAITING************

Write the data to file:33554432 bytes
***********WAITING************

Write the data to file:33554432 bytes
***********WAITING************

Write the data to file:33554432 bytes
***********WAITING************

Write the data to file:33554432 bytes
***********WAITING************

Write the data to file:33554432 bytes
***********WAITING************

Write the data to file:33554432 bytes
***********WAITING************

Write the data to file:33554432 bytes
***********WAITING************

Write the data to file:33554432 bytes
***********WAITING************

Write the data to file:33554432 bytes
***********WAITING************

Write the data to file:33554432 bytes
***********WAITING************

Write the data to file:33554432 bytes
***********WAITING************
nr_of_strided_rec: 1
nr_doubles: 4194304
nr_of_strided_rec: 1
nr_doubles: 4194304
nr_of_strided_rec: 1
nr_doubles: 4194304
nr_of_strided_rec: 1
nr_doubles: 4194304
nr_of_strided_rec: 1
nr_doubles: 4194304
nr_of_strided_rec: 1
nr_doubles: 4194304
nr_of_strided_rec: 1
nr_doubles: 4194304
nr_of_strided_rec: 1
nr_doubles: 4194304
nr_of_strided_rec: 1
nr_doubles: 4194304
nr_of_strided_rec: 1
nr_doubles: 4194304
nr_of_strided_rec: 1
nr_doubles: 4194304
nr_of_strided_rec: 1
nr_doubles: 4194304
nr_of_strided_rec: 1
nr_doubles: 4194304
nr_of_strided_rec: 1
nr_doubles: 4194304
nr_of_strided_rec: 1
nr_doubles: 4194304
nr_of_strided_rec: 1
nr_doubles: 4194304

Write the data to file:33554432 bytes
***********WAITING************

Write the data to file:33554432 bytes
***********WAITING************

Write the data to file:33554432 bytes
***********WAITING************

Write the data to file:33554432 bytes
***********WAITING************

Write the data to file:33554432 bytes
***********WAITING************

Write the data to file:33554432 bytes
***********WAITING************

Write the data to file:33554432 bytes
***********WAITING************

Write the data to file:33554432 bytes
***********WAITING************

Write the data to file:33554432 bytes
***********WAITING************

Write the data to file:33554432 bytes
***********WAITING************

Write the data to file:33554432 bytes
***********WAITING************

Write the data to file:33554432 bytes
***********WAITING************

Write the data to file:33554432 bytes
***********WAITING************

Write the data to file:33554432 bytes
***********WAITING************

Write the data to file:33554432 bytes
***********WAITING************

Write the data to file:33554432 bytes
***********WAITING************
nr_of_strided_rec: 1
nr_doubles: 4194304
nr_of_strided_rec: 1
nr_doubles: 4194304
nr_of_strided_rec: 1
nr_doubles: 4194304
nr_of_strided_rec: 1
nr_doubles: 4194304
nr_of_strided_rec: 1
nr_doubles: 4194304
nr_of_strided_rec: 1
nr_doubles: 4194304
nr_of_strided_rec: 1
nr_doubles: 4194304
nr_of_strided_rec: 1
nr_doubles: 4194304
nr_of_strided_rec: 1
nr_doubles: 4194304
nr_of_strided_rec: 1
nr_doubles: 4194304
nr_of_strided_rec: 1
nr_doubles: 4194304
nr_of_strided_rec: 1
nr_doubles: 4194304
nr_of_strided_rec: 1
nr_doubles: 4194304
nr_of_strided_rec: 1
nr_doubles: 4194304
nr_of_strided_rec: 1
nr_doubles: 4194304
nr_of_strided_rec: 1
nr_doubles: 4194304

Write the data to file:33554432 bytes
***********WAITING************

Write the data to file:33554432 bytes
***********WAITING************

Write the data to file:33554432 bytes
***********WAITING************

Write the data to file:33554432 bytes
***********WAITING************

Write the data to file:33554432 bytes
***********WAITING************

Write the data to file:33554432 bytes
***********WAITING************

Write the data to file:33554432 bytes
***********WAITING************

Write the data to file:33554432 bytes
***********WAITING************

Write the data to file:33554432 bytes
***********WAITING************

Write the data to file:33554432 bytes
***********WAITING************

Write the data to file:33554432 bytes
***********WAITING************

Write the data to file:33554432 bytes
***********WAITING************

Write the data to file:33554432 bytes
***********WAITING************

Write the data to file:33554432 bytes
***********WAITING************

Write the data to file:33554432 bytes
***********WAITING************

Write the data to file:33554432 bytes
***********WAITING************
nr_of_strided_rec: 1
nr_doubles: 4194304
nr_of_strided_rec: 1
nr_doubles: 4194304
nr_of_strided_rec: 1
nr_doubles: 4194304
nr_of_strided_rec: 1
nr_doubles: 4194304
nr_of_strided_rec: 1
nr_doubles: 4194304
nr_of_strided_rec: 1
nr_doubles: 4194304
nr_of_strided_rec: 1
nr_doubles: 4194304
nr_of_strided_rec: 1
nr_doubles: 4194304
nr_of_strided_rec: 1
nr_doubles: 4194304
nr_of_strided_rec: 1
nr_doubles: 4194304
nr_of_strided_rec: 1
nr_doubles: 4194304
nr_of_strided_rec: 1
nr_doubles: 4194304
nr_of_strided_rec: 1
nr_doubles: 4194304
nr_of_strided_rec: 1
nr_doubles: 4194304
nr_of_strided_rec: 1
nr_doubles: 4194304
nr_of_strided_rec: 1
nr_doubles: 4194304

Write the data to file:33554432 bytes
***********WAITING************

Write the data to file:33554432 bytes
***********WAITING************

Write the data to file:33554432 bytes
***********WAITING************

Write the data to file:33554432 bytes
***********WAITING************

Write the data to file:33554432 bytes
***********WAITING************

Write the data to file:33554432 bytes
***********WAITING************

Write the data to file:33554432 bytes
***********WAITING************

Write the data to file:33554432 bytes
***********WAITING************

Write the data to file:33554432 bytes
***********WAITING************

Write the data to file:33554432 bytes
***********WAITING************

Write the data to file:33554432 bytes
***********WAITING************

Write the data to file:33554432 bytes
***********WAITING************

Write the data to file:33554432 bytes
***********WAITING************

Write the data to file:33554432 bytes
***********WAITING************

Write the data to file:33554432 bytes
***********WAITING************

Write the data to file:33554432 bytes
***********WAITING************
nr_of_strided_rec: 1
nr_doubles: 4194304
nr_of_strided_rec: 1
nr_doubles: 4194304
nr_of_strided_rec: 1
nr_doubles: 4194304
nr_of_strided_rec: 1
nr_doubles: 4194304
nr_of_strided_rec: 1
nr_doubles: 4194304
nr_of_strided_rec: 1
nr_doubles: 4194304
nr_of_strided_rec: 1
nr_doubles: 4194304
nr_of_strided_rec: 1
nr_doubles: 4194304
nr_of_strided_rec: 1
nr_doubles: 4194304
nr_of_strided_rec: 1
nr_doubles: 4194304
nr_of_strided_rec: 1
nr_doubles: 4194304
nr_of_strided_rec: 1
nr_doubles: 4194304
nr_of_strided_rec: 1
nr_doubles: 4194304
nr_of_strided_rec: 1
nr_doubles: 4194304
nr_of_strided_rec: 1
nr_doubles: 4194304
nr_of_strided_rec: 1
nr_doubles: 4194304

Write the data to file:33554432 bytes
***********WAITING************

Write the data to file:33554432 bytes
***********WAITING************

Write the data to file:33554432 bytes
***********WAITING************

Write the data to file:33554432 bytes
***********WAITING************

Write the data to file:33554432 bytes
***********WAITING************

Write the data to file:33554432 bytes
***********WAITING************

Write the data to file:33554432 bytes
***********WAITING************

Write the data to file:33554432 bytes
***********WAITING************

Write the data to file:33554432 bytes
***********WAITING************

Write the data to file:33554432 bytes
***********WAITING************

Write the data to file:33554432 bytes
***********WAITING************

Write the data to file:33554432 bytes
***********WAITING************

Write the data to file:33554432 bytes
***********WAITING************

Write the data to file:33554432 bytes
***********WAITING************

Write the data to file:33554432 bytes
***********WAITING************

Write the data to file:33554432 bytes
***********WAITING************
nr_of_strided_rec: 1
nr_doubles: 4194304
nr_of_strided_rec: 1
nr_doubles: 4194304
nr_of_strided_rec: 1
nr_doubles: 4194304
nr_of_strided_rec: 1
nr_doubles: 4194304
nr_of_strided_rec: 1
nr_doubles: 4194304
nr_of_strided_rec: 1
nr_doubles: 4194304
nr_of_strided_rec: 1
nr_doubles: 4194304
nr_of_strided_rec: 1
nr_doubles: 4194304
nr_of_strided_rec: 1
nr_doubles: 4194304
nr_of_strided_rec: 1
nr_doubles: 4194304
nr_of_strided_rec: 1
nr_doubles: 4194304
nr_of_strided_rec: 1
nr_doubles: 4194304
nr_of_strided_rec: 1
nr_doubles: 4194304
nr_of_strided_rec: 1
nr_doubles: 4194304
nr_of_strided_rec: 1
nr_doubles: 4194304
nr_of_strided_rec: 1
nr_doubles: 4194304

Write the data to file:33554432 bytes
***********WAITING************

Write the data to file:33554432 bytes
***********WAITING************

Write the data to file:33554432 bytes
***********WAITING************

Write the data to file:33554432 bytes
***********WAITING************

Write the data to file:33554432 bytes
***********WAITING************

Write the data to file:33554432 bytes
***********WAITING************

Write the data to file:33554432 bytes
***********WAITING************

Write the data to file:33554432 bytes
***********WAITING************

Write the data to file:33554432 bytes
***********WAITING************

Write the data to file:33554432 bytes
***********WAITING************

Write the data to file:33554432 bytes
***********WAITING************

Write the data to file:33554432 bytes
***********WAITING************

Write the data to file:33554432 bytes
***********WAITING************

Write the data to file:33554432 bytes
***********WAITING************

Write the data to file:33554432 bytes
***********WAITING************

Write the data to file:33554432 bytes
***********WAITING************
nr_of_strided_rec: 1
nr_doubles: 4194304
nr_of_strided_rec: 1
nr_doubles: 4194304
nr_of_strided_rec: 1
nr_doubles: 4194304
nr_of_strided_rec: 1
nr_doubles: 4194304
nr_of_strided_rec: 1
nr_doubles: 4194304
nr_of_strided_rec: 1
nr_doubles: 4194304
nr_of_strided_rec: 1
nr_doubles: 4194304
nr_of_strided_rec: 1
nr_doubles: 4194304
nr_of_strided_rec: 1
nr_doubles: 4194304
nr_of_strided_rec: 1
nr_doubles: 4194304
nr_of_strided_rec: 1
nr_doubles: 4194304
nr_of_strided_rec: 1
nr_doubles: 4194304
nr_of_strided_rec: 1
nr_doubles: 4194304
nr_of_strided_rec: 1
nr_doubles: 4194304
nr_of_strided_rec: 1
nr_doubles: 4194304
nr_of_strided_rec: 1
nr_doubles: 4194304

Write the data to file:33554432 bytes
***********WAITING************

Write the data to file:33554432 bytes
***********WAITING************

Write the data to file:33554432 bytes
***********WAITING************

Write the data to file:33554432 bytes
***********WAITING************

Write the data to file:33554432 bytes
***********WAITING************

Write the data to file:33554432 bytes
***********WAITING************

Write the data to file:33554432 bytes
***********WAITING************

Write the data to file:33554432 bytes
***********WAITING************

Write the data to file:33554432 bytes
***********WAITING************

Write the data to file:33554432 bytes
***********WAITING************

Write the data to file:33554432 bytes
***********WAITING************

Write the data to file:33554432 bytes
***********WAITING************

Write the data to file:33554432 bytes
***********WAITING************

Write the data to file:33554432 bytes
***********WAITING************

Write the data to file:33554432 bytes
***********WAITING************

Write the data to file:33554432 bytes
***********WAITING************
nr_of_strided_rec: 1
nr_doubles: 4194304
nr_of_strided_rec: 1
nr_doubles: 4194304
nr_of_strided_rec: 1
nr_doubles: 4194304
nr_of_strided_rec: 1
nr_doubles: 4194304
nr_of_strided_rec: 1
nr_doubles: 4194304
nr_of_strided_rec: 1
nr_doubles: 4194304
nr_of_strided_rec: 1
nr_doubles: 4194304
nr_of_strided_rec: 1
nr_doubles: 4194304
nr_of_strided_rec: 1
nr_doubles: 4194304
nr_of_strided_rec: 1
nr_doubles: 4194304
nr_of_strided_rec: 1
nr_doubles: 4194304
nr_of_strided_rec: 1
nr_doubles: 4194304
nr_of_strided_rec: 1
nr_doubles: 4194304
nr_of_strided_rec: 1
nr_doubles: 4194304
nr_of_strided_rec: 1
nr_doubles: 4194304
nr_of_strided_rec: 1
nr_doubles: 4194304

Write the data to file:33554432 bytes
***********WAITING************

Write the data to file:33554432 bytes
***********WAITING************

Write the data to file:33554432 bytes
***********WAITING************

Write the data to file:33554432 bytes
***********WAITING************

Write the data to file:33554432 bytes
***********WAITING************

Write the data to file:33554432 bytes
***********WAITING************

Write the data to file:33554432 bytes
***********WAITING************

Write the data to file:33554432 bytes
***********WAITING************

Write the data to file:33554432 bytes
***********WAITING************

Write the data to file:33554432 bytes
***********WAITING************

Write the data to file:33554432 bytes
***********WAITING************

Write the data to file:33554432 bytes
***********WAITING************

Write the data to file:33554432 bytes
***********WAITING************

Write the data to file:33554432 bytes
***********WAITING************

Write the data to file:33554432 bytes
***********WAITING************

Write the data to file:33554432 bytes
***********WAITING************
nr_of_strided_rec: 1
nr_doubles: 4194304
nr_of_strided_rec: 1
nr_doubles: 4194304
nr_of_strided_rec: 1
nr_doubles: 4194304
nr_of_strided_rec: 1
nr_doubles: 4194304
nr_of_strided_rec: 1
nr_doubles: 4194304
nr_of_strided_rec: 1
nr_doubles: 4194304
nr_of_strided_rec: 1
nr_doubles: 4194304
nr_of_strided_rec: 1
nr_doubles: 4194304
nr_of_strided_rec: 1
nr_doubles: 4194304
nr_of_strided_rec: 1
nr_doubles: 4194304
nr_of_strided_rec: 1
nr_doubles: 4194304
nr_of_strided_rec: 1
nr_doubles: 4194304
nr_of_strided_rec: 1
nr_doubles: 4194304
nr_of_strided_rec: 1
nr_doubles: 4194304
nr_of_strided_rec: 1
nr_doubles: 4194304
nr_of_strided_rec: 1
nr_doubles: 4194304

Write the data to file:33554432 bytes
***********WAITING************

Write the data to file:33554432 bytes
***********WAITING************

Write the data to file:33554432 bytes
***********WAITING************

Write the data to file:33554432 bytes
***********WAITING************

Write the data to file:33554432 bytes
***********WAITING************

Write the data to file:33554432 bytes
***********WAITING************

Write the data to file:33554432 bytes
***********WAITING************

Write the data to file:33554432 bytes
***********WAITING************

Write the data to file:33554432 bytes
***********WAITING************

Write the data to file:33554432 bytes
***********WAITING************

Write the data to file:33554432 bytes
***********WAITING************

Write the data to file:33554432 bytes
***********WAITING************

Write the data to file:33554432 bytes
***********WAITING************

Write the data to file:33554432 bytes
***********WAITING************

Write the data to file:33554432 bytes
***********WAITING************

Write the data to file:33554432 bytes
***********WAITING************
nr_of_strided_rec: 1
nr_doubles: 4194304
nr_of_strided_rec: 1
nr_doubles: 4194304
nr_of_strided_rec: 1
nr_doubles: 4194304
nr_of_strided_rec: 1
nr_doubles: 4194304
nr_of_strided_rec: 1
nr_doubles: 4194304
nr_of_strided_rec: 1
nr_doubles: 4194304
nr_of_strided_rec: 1
nr_doubles: 4194304
nr_of_strided_rec: 1
nr_doubles: 4194304
nr_of_strided_rec: 1
nr_doubles: 4194304
nr_of_strided_rec: 1
nr_doubles: 4194304
nr_of_strided_rec: 1
nr_doubles: 4194304
nr_of_strided_rec: 1
nr_doubles: 4194304
nr_of_strided_rec: 1
nr_doubles: 4194304
nr_of_strided_rec: 1
nr_doubles: 4194304
nr_of_strided_rec: 1
nr_doubles: 4194304
nr_of_strided_rec: 1
nr_doubles: 4194304

Write the data to file:33554432 bytes
***********WAITING************

Write the data to file:33554432 bytes
***********WAITING************

Write the data to file:33554432 bytes
***********WAITING************

Write the data to file:33554432 bytes
***********WAITING************

Write the data to file:33554432 bytes
***********WAITING************

Write the data to file:33554432 bytes
***********WAITING************

Write the data to file:33554432 bytes
***********WAITING************

Write the data to file:33554432 bytes
***********WAITING************

Write the data to file:33554432 bytes
***********WAITING************

Write the data to file:33554432 bytes
***********WAITING************

Write the data to file:33554432 bytes
***********WAITING************

Write the data to file:33554432 bytes
***********WAITING************

Write the data to file:33554432 bytes
***********WAITING************

Write the data to file:33554432 bytes
***********WAITING************

Write the data to file:33554432 bytes
***********WAITING************

Write the data to file:33554432 bytes
***********WAITING************
nr_of_strided_rec: 1
nr_doubles: 4194304
nr_of_strided_rec: 1
nr_doubles: 4194304
nr_of_strided_rec: 1
nr_doubles: 4194304
nr_of_strided_rec: 1
nr_doubles: 4194304
nr_of_strided_rec: 1
nr_doubles: 4194304
nr_of_strided_rec: 1
nr_doubles: 4194304
nr_of_strided_rec: 1
nr_doubles: 4194304
nr_of_strided_rec: 1
nr_doubles: 4194304
nr_of_strided_rec: 1
nr_doubles: 4194304
nr_of_strided_rec: 1
nr_doubles: 4194304
nr_of_strided_rec: 1
nr_doubles: 4194304
nr_of_strided_rec: 1
nr_doubles: 4194304
nr_of_strided_rec: 1
nr_doubles: 4194304
nr_of_strided_rec: 1
nr_doubles: 4194304
nr_of_strided_rec: 1
nr_doubles: 4194304
nr_of_strided_rec: 1
nr_doubles: 4194304

Write the data to file:33554432 bytes
***********WAITING************

Write the data to file:33554432 bytes
***********WAITING************

Write the data to file:33554432 bytes
***********WAITING************

Write the data to file:33554432 bytes
***********WAITING************

Write the data to file:33554432 bytes
***********WAITING************

Write the data to file:33554432 bytes
***********WAITING************

Write the data to file:33554432 bytes
***********WAITING************

Write the data to file:33554432 bytes
***********WAITING************

Write the data to file:33554432 bytes
***********WAITING************

Write the data to file:33554432 bytes
***********WAITING************

Write the data to file:33554432 bytes
***********WAITING************

Write the data to file:33554432 bytes
***********WAITING************

Write the data to file:33554432 bytes
***********WAITING************

Write the data to file:33554432 bytes
***********WAITING************

Write the data to file:33554432 bytes
***********WAITING************

Write the data to file:33554432 bytes
***********WAITING************
nr_of_strided_rec: 1
nr_doubles: 4194304
nr_of_strided_rec: 1
nr_doubles: 4194304
nr_of_strided_rec: 1
nr_doubles: 4194304
nr_of_strided_rec: 1
nr_doubles: 4194304
nr_of_strided_rec: 1
nr_doubles: 4194304
nr_of_strided_rec: 1
nr_doubles: 4194304
nr_of_strided_rec: 1
nr_doubles: 4194304
nr_of_strided_rec: 1
nr_doubles: 4194304
nr_of_strided_rec: 1
nr_doubles: 4194304
nr_of_strided_rec: 1
nr_doubles: 4194304
nr_of_strided_rec: 1
nr_doubles: 4194304
nr_of_strided_rec: 1
nr_doubles: 4194304
nr_of_strided_rec: 1
nr_doubles: 4194304
nr_of_strided_rec: 1
nr_doubles: 4194304
nr_of_strided_rec: 1
nr_doubles: 4194304
nr_of_strided_rec: 1
nr_doubles: 4194304

Write the data to file:33554432 bytes
***********WAITING************

Write the data to file:33554432 bytes
***********WAITING************

Write the data to file:33554432 bytes
***********WAITING************

Write the data to file:33554432 bytes
***********WAITING************

Write the data to file:33554432 bytes
***********WAITING************

Write the data to file:33554432 bytes
***********WAITING************

Write the data to file:33554432 bytes
***********WAITING************

Write the data to file:33554432 bytes
***********WAITING************

Write the data to file:33554432 bytes
***********WAITING************

Write the data to file:33554432 bytes
***********WAITING************

Write the data to file:33554432 bytes
***********WAITING************

Write the data to file:33554432 bytes
***********WAITING************

Write the data to file:33554432 bytes
***********WAITING************

Write the data to file:33554432 bytes
***********WAITING************

Write the data to file:33554432 bytes
***********WAITING************

Write the data to file:33554432 bytes
***********WAITING************
nr_of_strided_rec: 1
nr_doubles: 4194304
nr_of_strided_rec: 1
nr_doubles: 4194304
nr_of_strided_rec: 1
nr_doubles: 4194304
nr_of_strided_rec: 1
nr_doubles: 4194304
nr_of_strided_rec: 1
nr_doubles: 4194304
nr_of_strided_rec: 1
nr_doubles: 4194304
nr_of_strided_rec: 1
nr_doubles: 4194304
nr_of_strided_rec: 1
nr_doubles: 4194304
nr_of_strided_rec: 1
nr_doubles: 4194304
nr_of_strided_rec: 1
nr_doubles: 4194304
nr_of_strided_rec: 1
nr_doubles: 4194304
nr_of_strided_rec: 1
nr_doubles: 4194304
nr_of_strided_rec: 1
nr_doubles: 4194304
nr_of_strided_rec: 1
nr_doubles: 4194304
nr_of_strided_rec: 1
nr_doubles: 4194304
nr_of_strided_rec: 1
nr_doubles: 4194304

Write the data to file:33554432 bytes
***********WAITING************

Write the data to file:33554432 bytes
***********WAITING************

Write the data to file:33554432 bytes
***********WAITING************

Write the data to file:33554432 bytes
***********WAITING************

Write the data to file:33554432 bytes
***********WAITING************

Write the data to file:33554432 bytes
***********WAITING************

Write the data to file:33554432 bytes
***********WAITING************

Write the data to file:33554432 bytes
***********WAITING************

Write the data to file:33554432 bytes
***********WAITING************

Write the data to file:33554432 bytes
***********WAITING************

Write the data to file:33554432 bytes
***********WAITING************

Write the data to file:33554432 bytes
***********WAITING************

Write the data to file:33554432 bytes
***********WAITING************

Write the data to file:33554432 bytes
***********WAITING************

Write the data to file:33554432 bytes
***********WAITING************

Write the data to file:33554432 bytes
***********WAITING************
nr_of_strided_rec: 1
nr_doubles: 4194304
nr_of_strided_rec: 1
nr_doubles: 4194304
nr_of_strided_rec: 1
nr_doubles: 4194304
nr_of_strided_rec: 1
nr_doubles: 4194304
nr_of_strided_rec: 1
nr_doubles: 4194304
nr_of_strided_rec: 1
nr_doubles: 4194304
nr_of_strided_rec: 1
nr_doubles: 4194304
nr_of_strided_rec: 1
nr_doubles: 4194304
nr_of_strided_rec: 1
nr_doubles: 4194304
nr_of_strided_rec: 1
nr_doubles: 4194304
nr_of_strided_rec: 1
nr_doubles: 4194304
nr_of_strided_rec: 1
nr_doubles: 4194304
nr_of_strided_rec: 1
nr_doubles: 4194304
nr_of_strided_rec: 1
nr_doubles: 4194304
nr_of_strided_rec: 1
nr_doubles: 4194304
nr_of_strided_rec: 1
nr_doubles: 4194304

Write the data to file:33554432 bytes
***********WAITING************

Write the data to file:33554432 bytes
***********WAITING************

Write the data to file:33554432 bytes
***********WAITING************

Write the data to file:33554432 bytes
***********WAITING************

Write the data to file:33554432 bytes
***********WAITING************

Write the data to file:33554432 bytes
***********WAITING************

Write the data to file:33554432 bytes
***********WAITING************

Write the data to file:33554432 bytes
***********WAITING************

Write the data to file:33554432 bytes
***********WAITING************

Write the data to file:33554432 bytes
***********WAITING************

Write the data to file:33554432 bytes
***********WAITING************

Write the data to file:33554432 bytes
***********WAITING************

Write the data to file:33554432 bytes
***********WAITING************

Write the data to file:33554432 bytes
***********WAITING************

Write the data to file:33554432 bytes
***********WAITING************

Write the data to file:33554432 bytes
***********WAITING************
nr_of_strided_rec: 1
nr_doubles: 4194304
nr_of_strided_rec: 1
nr_doubles: 4194304
nr_of_strided_rec: 1
nr_doubles: 4194304
nr_of_strided_rec: 1
nr_doubles: 4194304
nr_of_strided_rec: 1
nr_doubles: 4194304
nr_of_strided_rec: 1
nr_doubles: 4194304
nr_of_strided_rec: 1
nr_doubles: 4194304
nr_of_strided_rec: 1
nr_doubles: 4194304
nr_of_strided_rec: 1
nr_doubles: 4194304
nr_of_strided_rec: 1
nr_doubles: 4194304
nr_of_strided_rec: 1
nr_doubles: 4194304
nr_of_strided_rec: 1
nr_doubles: 4194304
nr_of_strided_rec: 1
nr_doubles: 4194304
nr_of_strided_rec: 1
nr_doubles: 4194304
nr_of_strided_rec: 1
nr_doubles: 4194304
nr_of_strided_rec: 1
nr_doubles: 4194304

Write the data to file:33554432 bytes
***********WAITING************

Write the data to file:33554432 bytes
***********WAITING************

Write the data to file:33554432 bytes
***********WAITING************

Write the data to file:33554432 bytes
***********WAITING************

Write the data to file:33554432 bytes
***********WAITING************

Write the data to file:33554432 bytes
***********WAITING************

Write the data to file:33554432 bytes
***********WAITING************

Write the data to file:33554432 bytes
***********WAITING************

Write the data to file:33554432 bytes
***********WAITING************

Write the data to file:33554432 bytes
***********WAITING************

Write the data to file:33554432 bytes
***********WAITING************

Write the data to file:33554432 bytes
***********WAITING************

Write the data to file:33554432 bytes
***********WAITING************

Write the data to file:33554432 bytes
***********WAITING************

Write the data to file:33554432 bytes
***********WAITING************

Write the data to file:33554432 bytes
***********WAITING************
nr_of_strided_rec: 1
nr_doubles: 4194304
nr_of_strided_rec: 1
nr_doubles: 4194304
nr_of_strided_rec: 1
nr_doubles: 4194304
nr_of_strided_rec: 1
nr_doubles: 4194304
nr_of_strided_rec: 1
nr_doubles: 4194304
nr_of_strided_rec: 1
nr_doubles: 4194304
nr_of_strided_rec: 1
nr_doubles: 4194304
nr_of_strided_rec: 1
nr_doubles: 4194304
nr_of_strided_rec: 1
nr_doubles: 4194304
nr_of_strided_rec: 1
nr_doubles: 4194304
nr_of_strided_rec: 1
nr_doubles: 4194304
nr_of_strided_rec: 1
nr_doubles: 4194304
nr_of_strided_rec: 1
nr_doubles: 4194304
nr_of_strided_rec: 1
nr_doubles: 4194304
nr_of_strided_rec: 1
nr_doubles: 4194304
nr_of_strided_rec: 1
nr_doubles: 4194304

Write the data to file:33554432 bytes
***********WAITING************

Write the data to file:33554432 bytes
***********WAITING************

Write the data to file:33554432 bytes
***********WAITING************

Write the data to file:33554432 bytes
***********WAITING************

Write the data to file:33554432 bytes
***********WAITING************

Write the data to file:33554432 bytes
***********WAITING************

Write the data to file:33554432 bytes
***********WAITING************

Write the data to file:33554432 bytes
***********WAITING************

Write the data to file:33554432 bytes
***********WAITING************

Write the data to file:33554432 bytes
***********WAITING************

Write the data to file:33554432 bytes
***********WAITING************

Write the data to file:33554432 bytes
***********WAITING************

Write the data to file:33554432 bytes
***********WAITING************

Write the data to file:33554432 bytes
***********WAITING************

Write the data to file:33554432 bytes
***********WAITING************

Write the data to file:33554432 bytes
***********WAITING************
nr_of_strided_rec: 1
nr_doubles: 4194304
nr_of_strided_rec: 1
nr_doubles: 4194304
nr_of_strided_rec: 1
nr_doubles: 4194304
nr_of_strided_rec: 1
nr_doubles: 4194304
nr_of_strided_rec: 1
nr_doubles: 4194304
nr_of_strided_rec: 1
nr_doubles: 4194304
nr_of_strided_rec: 1
nr_doubles: 4194304
nr_of_strided_rec: 1
nr_doubles: 4194304
nr_of_strided_rec: 1
nr_doubles: 4194304
nr_of_strided_rec: 1
nr_doubles: 4194304
nr_of_strided_rec: 1
nr_doubles: 4194304
nr_of_strided_rec: 1
nr_doubles: 4194304
nr_of_strided_rec: 1
nr_doubles: 4194304
nr_of_strided_rec: 1
nr_doubles: 4194304
nr_of_strided_rec: 1
nr_doubles: 4194304
nr_of_strided_rec: 1
nr_doubles: 4194304

Write the data to file:33554432 bytes
***********WAITING************

Write the data to file:33554432 bytes
***********WAITING************

Write the data to file:33554432 bytes
***********WAITING************

Write the data to file:33554432 bytes
***********WAITING************

Write the data to file:33554432 bytes
***********WAITING************

Write the data to file:33554432 bytes
***********WAITING************

Write the data to file:33554432 bytes
***********WAITING************

Write the data to file:33554432 bytes
***********WAITING************

Write the data to file:33554432 bytes
***********WAITING************

Write the data to file:33554432 bytes
***********WAITING************

Write the data to file:33554432 bytes
***********WAITING************

Write the data to file:33554432 bytes
***********WAITING************

Write the data to file:33554432 bytes
***********WAITING************

Write the data to file:33554432 bytes
***********WAITING************

Write the data to file:33554432 bytes
***********WAITING************

Write the data to file:33554432 bytes
***********WAITING************
nr_of_strided_rec: 1
nr_doubles: 4194304
nr_of_strided_rec: 1
nr_doubles: 4194304
nr_of_strided_rec: 1
nr_doubles: 4194304
nr_of_strided_rec: 1
nr_doubles: 4194304
nr_of_strided_rec: 1
nr_doubles: 4194304
nr_of_strided_rec: 1
nr_doubles: 4194304
nr_of_strided_rec: 1
nr_doubles: 4194304
nr_of_strided_rec: 1
nr_doubles: 4194304
nr_of_strided_rec: 1
nr_doubles: 4194304
nr_of_strided_rec: 1
nr_doubles: 4194304
nr_of_strided_rec: 1
nr_doubles: 4194304
nr_of_strided_rec: 1
nr_doubles: 4194304
nr_of_strided_rec: 1
nr_doubles: 4194304
nr_of_strided_rec: 1
nr_doubles: 4194304
nr_of_strided_rec: 1
nr_doubles: 4194304
nr_of_strided_rec: 1
nr_doubles: 4194304

Write the data to file:33554432 bytes
***********WAITING************

Write the data to file:33554432 bytes
***********WAITING************

Write the data to file:33554432 bytes
***********WAITING************

Write the data to file:33554432 bytes
***********WAITING************

Write the data to file:33554432 bytes
***********WAITING************

Write the data to file:33554432 bytes
***********WAITING************

Write the data to file:33554432 bytes
***********WAITING************

Write the data to file:33554432 bytes
***********WAITING************

Write the data to file:33554432 bytes
***********WAITING************

Write the data to file:33554432 bytes
***********WAITING************

Write the data to file:33554432 bytes
***********WAITING************

Write the data to file:33554432 bytes
***********WAITING************

Write the data to file:33554432 bytes
***********WAITING************

Write the data to file:33554432 bytes
***********WAITING************

Write the data to file:33554432 bytes
***********WAITING************

Write the data to file:33554432 bytes
***********WAITING************
nr_of_strided_rec: 1
nr_doubles: 4194304
nr_of_strided_rec: 1
nr_doubles: 4194304
nr_of_strided_rec: 1
nr_doubles: 4194304
nr_of_strided_rec: 1
nr_doubles: 4194304
nr_of_strided_rec: 1
nr_doubles: 4194304
nr_of_strided_rec: 1
nr_doubles: 4194304
nr_of_strided_rec: 1
nr_doubles: 4194304
nr_of_strided_rec: 1
nr_doubles: 4194304
nr_of_strided_rec: 1
nr_doubles: 4194304
nr_of_strided_rec: 1
nr_doubles: 4194304
nr_of_strided_rec: 1
nr_doubles: 4194304
nr_of_strided_rec: 1
nr_doubles: 4194304
nr_of_strided_rec: 1
nr_doubles: 4194304
nr_of_strided_rec: 1
nr_doubles: 4194304
nr_of_strided_rec: 1
nr_doubles: 4194304
nr_of_strided_rec: 1
nr_doubles: 4194304

Write the data to file:33554432 bytes
***********WAITING************

Write the data to file:33554432 bytes
***********WAITING************

Write the data to file:33554432 bytes
***********WAITING************

Write the data to file:33554432 bytes
***********WAITING************

Write the data to file:33554432 bytes
***********WAITING************

Write the data to file:33554432 bytes
***********WAITING************

Write the data to file:33554432 bytes
***********WAITING************

Write the data to file:33554432 bytes
***********WAITING************

Write the data to file:33554432 bytes
***********WAITING************

Write the data to file:33554432 bytes
***********WAITING************

Write the data to file:33554432 bytes
***********WAITING************

Write the data to file:33554432 bytes
***********WAITING************

Write the data to file:33554432 bytes
***********WAITING************

Write the data to file:33554432 bytes
***********WAITING************

Write the data to file:33554432 bytes
***********WAITING************

Write the data to file:33554432 bytes
***********WAITING************
nr_of_strided_rec: 1
nr_doubles: 4194304
nr_of_strided_rec: 1
nr_doubles: 4194304
nr_of_strided_rec: 1
nr_doubles: 4194304
nr_of_strided_rec: 1
nr_doubles: 4194304
nr_of_strided_rec: 1
nr_doubles: 4194304
nr_of_strided_rec: 1
nr_doubles: 4194304
nr_of_strided_rec: 1
nr_doubles: 4194304
nr_of_strided_rec: 1
nr_doubles: 4194304
nr_of_strided_rec: 1
nr_doubles: 4194304
nr_of_strided_rec: 1
nr_doubles: 4194304
nr_of_strided_rec: 1
nr_doubles: 4194304
nr_of_strided_rec: 1
nr_doubles: 4194304
nr_of_strided_rec: 1
nr_doubles: 4194304
nr_of_strided_rec: 1
nr_doubles: 4194304
nr_of_strided_rec: 1
nr_doubles: 4194304
nr_of_strided_rec: 1
nr_doubles: 4194304

Write the data to file:33554432 bytes
***********WAITING************

Write the data to file:33554432 bytes
***********WAITING************

Write the data to file:33554432 bytes
***********WAITING************

Write the data to file:33554432 bytes
***********WAITING************

Write the data to file:33554432 bytes
***********WAITING************

Write the data to file:33554432 bytes
***********WAITING************

Write the data to file:33554432 bytes
***********WAITING************

Write the data to file:33554432 bytes
***********WAITING************

Write the data to file:33554432 bytes
***********WAITING************

Write the data to file:33554432 bytes
***********WAITING************

Write the data to file:33554432 bytes
***********WAITING************

Write the data to file:33554432 bytes
***********WAITING************

Write the data to file:33554432 bytes
***********WAITING************

Write the data to file:33554432 bytes
***********WAITING************

Write the data to file:33554432 bytes
***********WAITING************

Write the data to file:33554432 bytes
***********WAITING************
nr_of_strided_rec: 1
nr_doubles: 4194304
nr_of_strided_rec: 1
nr_doubles: 4194304
nr_of_strided_rec: 1
nr_doubles: 4194304
nr_of_strided_rec: 1
nr_doubles: 4194304
nr_of_strided_rec: 1
nr_doubles: 4194304
nr_of_strided_rec: 1
nr_doubles: 4194304
nr_of_strided_rec: 1
nr_doubles: 4194304
nr_of_strided_rec: 1
nr_doubles: 4194304
nr_of_strided_rec: 1
nr_doubles: 4194304
nr_of_strided_rec: 1
nr_doubles: 4194304
nr_of_strided_rec: 1
nr_doubles: 4194304
nr_of_strided_rec: 1
nr_doubles: 4194304
nr_of_strided_rec: 1
nr_doubles: 4194304
nr_of_strided_rec: 1
nr_doubles: 4194304
nr_of_strided_rec: 1
nr_doubles: 4194304
nr_of_strided_rec: 1
nr_doubles: 4194304

Write the data to file:33554432 bytes
***********WAITING************

Write the data to file:33554432 bytes
***********WAITING************

Write the data to file:33554432 bytes
***********WAITING************

Write the data to file:33554432 bytes
***********WAITING************

Write the data to file:33554432 bytes
***********WAITING************

Write the data to file:33554432 bytes
***********WAITING************

Write the data to file:33554432 bytes
***********WAITING************

Write the data to file:33554432 bytes
***********WAITING************

Write the data to file:33554432 bytes
***********WAITING************

Write the data to file:33554432 bytes
***********WAITING************

Write the data to file:33554432 bytes
***********WAITING************

Write the data to file:33554432 bytes
***********WAITING************

Write the data to file:33554432 bytes
***********WAITING************

Write the data to file:33554432 bytes
***********WAITING************

Write the data to file:33554432 bytes
***********WAITING************

Write the data to file:33554432 bytes
***********WAITING************
nr_of_strided_rec: 1
nr_doubles: 4194304
nr_of_strided_rec: 1
nr_doubles: 4194304
nr_of_strided_rec: 1
nr_doubles: 4194304
nr_of_strided_rec: 1
nr_doubles: 4194304
nr_of_strided_rec: 1
nr_doubles: 4194304
nr_of_strided_rec: 1
nr_doubles: 4194304
nr_of_strided_rec: 1
nr_doubles: 4194304
nr_of_strided_rec: 1
nr_doubles: 4194304
nr_of_strided_rec: 1
nr_doubles: 4194304
nr_of_strided_rec: 1
nr_doubles: 4194304
nr_of_strided_rec: 1
nr_doubles: 4194304
nr_of_strided_rec: 1
nr_doubles: 4194304
nr_of_strided_rec: 1
nr_doubles: 4194304
nr_of_strided_rec: 1
nr_doubles: 4194304
nr_of_strided_rec: 1
nr_doubles: 4194304
nr_of_strided_rec: 1
nr_doubles: 4194304

Write the data to file:33554432 bytes
***********WAITING************

Write the data to file:33554432 bytes
***********WAITING************

Write the data to file:33554432 bytes
***********WAITING************

Write the data to file:33554432 bytes
***********WAITING************

Write the data to file:33554432 bytes
***********WAITING************

Write the data to file:33554432 bytes
***********WAITING************

Write the data to file:33554432 bytes
***********WAITING************

Write the data to file:33554432 bytes
***********WAITING************

Write the data to file:33554432 bytes
***********WAITING************

Write the data to file:33554432 bytes
***********WAITING************

Write the data to file:33554432 bytes
***********WAITING************

Write the data to file:33554432 bytes
***********WAITING************

Write the data to file:33554432 bytes
***********WAITING************

Write the data to file:33554432 bytes
***********WAITING************

Write the data to file:33554432 bytes
***********WAITING************

Write the data to file:33554432 bytes
***********WAITING************
nr_of_strided_rec: 1
nr_doubles: 4194304
nr_of_strided_rec: 1
nr_doubles: 4194304
nr_of_strided_rec: 1
nr_doubles: 4194304
nr_of_strided_rec: 1
nr_doubles: 4194304
nr_of_strided_rec: 1
nr_doubles: 4194304
nr_of_strided_rec: 1
nr_doubles: 4194304
nr_of_strided_rec: 1
nr_doubles: 4194304
nr_of_strided_rec: 1
nr_doubles: 4194304
nr_of_strided_rec: 1
nr_doubles: 4194304
nr_of_strided_rec: 1
nr_doubles: 4194304
nr_of_strided_rec: 1
nr_doubles: 4194304
nr_of_strided_rec: 1
nr_doubles: 4194304
nr_of_strided_rec: 1
nr_doubles: 4194304
nr_of_strided_rec: 1
nr_doubles: 4194304
nr_of_strided_rec: 1
nr_doubles: 4194304
nr_of_strided_rec: 1
nr_doubles: 4194304

Write the data to file:33554432 bytes
***********WAITING************

Write the data to file:33554432 bytes
***********WAITING************

Write the data to file:33554432 bytes
***********WAITING************

Write the data to file:33554432 bytes
***********WAITING************

Write the data to file:33554432 bytes
***********WAITING************

Write the data to file:33554432 bytes
***********WAITING************

Write the data to file:33554432 bytes
***********WAITING************

Write the data to file:33554432 bytes
***********WAITING************

Write the data to file:33554432 bytes
***********WAITING************

Write the data to file:33554432 bytes
***********WAITING************

Write the data to file:33554432 bytes
***********WAITING************

Write the data to file:33554432 bytes
***********WAITING************

Write the data to file:33554432 bytes
***********WAITING************

Write the data to file:33554432 bytes
***********WAITING************

Write the data to file:33554432 bytes
***********WAITING************

Write the data to file:33554432 bytes
***********WAITING************
nr_of_strided_rec: 1
nr_doubles: 4194304
nr_of_strided_rec: 1
nr_doubles: 4194304
nr_of_strided_rec: 1
nr_doubles: 4194304
nr_of_strided_rec: 1
nr_doubles: 4194304
nr_of_strided_rec: 1
nr_doubles: 4194304
nr_of_strided_rec: 1
nr_doubles: 4194304
nr_of_strided_rec: 1
nr_doubles: 4194304
nr_of_strided_rec: 1
nr_doubles: 4194304
nr_of_strided_rec: 1
nr_doubles: 4194304
nr_of_strided_rec: 1
nr_doubles: 4194304
nr_of_strided_rec: 1
nr_doubles: 4194304
nr_of_strided_rec: 1
nr_doubles: 4194304
nr_of_strided_rec: 1
nr_doubles: 4194304
nr_of_strided_rec: 1
nr_doubles: 4194304
nr_of_strided_rec: 1
nr_doubles: 4194304
nr_of_strided_rec: 1
nr_doubles: 4194304

Write the data to file:33554432 bytes
***********WAITING************

Write the data to file:33554432 bytes
***********WAITING************

Write the data to file:33554432 bytes
***********WAITING************

Write the data to file:33554432 bytes
***********WAITING************

Write the data to file:33554432 bytes
***********WAITING************

Write the data to file:33554432 bytes
***********WAITING************

Write the data to file:33554432 bytes
***********WAITING************

Write the data to file:33554432 bytes
***********WAITING************

Write the data to file:33554432 bytes
***********WAITING************

Write the data to file:33554432 bytes
***********WAITING************

Write the data to file:33554432 bytes
***********WAITING************

Write the data to file:33554432 bytes
***********WAITING************

Write the data to file:33554432 bytes
***********WAITING************

Write the data to file:33554432 bytes
***********WAITING************

Write the data to file:33554432 bytes
***********WAITING************

Write the data to file:33554432 bytes
***********WAITING************
nr_of_strided_rec: 1
nr_doubles: 4194304
nr_of_strided_rec: 1
nr_doubles: 4194304
nr_of_strided_rec: 1
nr_doubles: 4194304
nr_of_strided_rec: 1
nr_doubles: 4194304
nr_of_strided_rec: 1
nr_doubles: 4194304
nr_of_strided_rec: 1
nr_doubles: 4194304
nr_of_strided_rec: 1
nr_doubles: 4194304
nr_of_strided_rec: 1
nr_doubles: 4194304
nr_of_strided_rec: 1
nr_doubles: 4194304
nr_of_strided_rec: 1
nr_doubles: 4194304
nr_of_strided_rec: 1
nr_doubles: 4194304
nr_of_strided_rec: 1
nr_doubles: 4194304
nr_of_strided_rec: 1
nr_doubles: 4194304
nr_of_strided_rec: 1
nr_doubles: 4194304
nr_of_strided_rec: 1
nr_doubles: 4194304
nr_of_strided_rec: 1
nr_doubles: 4194304

Write the data to file:33554432 bytes
***********WAITING************

Write the data to file:33554432 bytes
***********WAITING************

Write the data to file:33554432 bytes
***********WAITING************

Write the data to file:33554432 bytes
***********WAITING************

Write the data to file:33554432 bytes
***********WAITING************

Write the data to file:33554432 bytes
***********WAITING************

Write the data to file:33554432 bytes
***********WAITING************

Write the data to file:33554432 bytes
***********WAITING************

Write the data to file:33554432 bytes
***********WAITING************

Write the data to file:33554432 bytes
***********WAITING************

Write the data to file:33554432 bytes
***********WAITING************

Write the data to file:33554432 bytes
***********WAITING************

Write the data to file:33554432 bytes
***********WAITING************

Write the data to file:33554432 bytes
***********WAITING************

Write the data to file:33554432 bytes
***********WAITING************

Write the data to file:33554432 bytes
***********WAITING************
nr_of_strided_rec: 1
nr_doubles: 4194304
nr_of_strided_rec: 1
nr_doubles: 4194304
nr_of_strided_rec: 1
nr_doubles: 4194304
nr_of_strided_rec: 1
nr_doubles: 4194304
nr_of_strided_rec: 1
nr_doubles: 4194304
nr_of_strided_rec: 1
nr_doubles: 4194304
nr_of_strided_rec: 1
nr_doubles: 4194304
nr_of_strided_rec: 1
nr_doubles: 4194304
nr_of_strided_rec: 1
nr_doubles: 4194304
nr_of_strided_rec: 1
nr_doubles: 4194304
nr_of_strided_rec: 1
nr_doubles: 4194304
nr_of_strided_rec: 1
nr_doubles: 4194304
nr_of_strided_rec: 1
nr_doubles: 4194304
nr_of_strided_rec: 1
nr_doubles: 4194304
nr_of_strided_rec: 1
nr_doubles: 4194304
nr_of_strided_rec: 1
nr_doubles: 4194304

Write the data to file:33554432 bytes
***********WAITING************

Write the data to file:33554432 bytes
***********WAITING************

Write the data to file:33554432 bytes
***********WAITING************

Write the data to file:33554432 bytes
***********WAITING************

Write the data to file:33554432 bytes
***********WAITING************

Write the data to file:33554432 bytes
***********WAITING************

Write the data to file:33554432 bytes
***********WAITING************

Write the data to file:33554432 bytes
***********WAITING************

Write the data to file:33554432 bytes
***********WAITING************

Write the data to file:33554432 bytes
***********WAITING************

Write the data to file:33554432 bytes
***********WAITING************

Write the data to file:33554432 bytes
***********WAITING************

Write the data to file:33554432 bytes
***********WAITING************

Write the data to file:33554432 bytes
***********WAITING************

Write the data to file:33554432 bytes
***********WAITING************

Write the data to file:33554432 bytes
***********WAITING************
nr_of_strided_rec: 1
nr_doubles: 4194304
nr_of_strided_rec: 1
nr_doubles: 4194304
nr_of_strided_rec: 1
nr_doubles: 4194304
nr_of_strided_rec: 1
nr_doubles: 4194304
nr_of_strided_rec: 1
nr_doubles: 4194304
nr_of_strided_rec: 1
nr_doubles: 4194304
nr_of_strided_rec: 1
nr_doubles: 4194304
nr_of_strided_rec: 1
nr_doubles: 4194304
nr_of_strided_rec: 1
nr_doubles: 4194304
nr_of_strided_rec: 1
nr_doubles: 4194304
nr_of_strided_rec: 1
nr_doubles: 4194304
nr_of_strided_rec: 1
nr_doubles: 4194304
nr_of_strided_rec: 1
nr_doubles: 4194304
nr_of_strided_rec: 1
nr_doubles: 4194304
nr_of_strided_rec: 1
nr_doubles: 4194304
nr_of_strided_rec: 1
nr_doubles: 4194304

Write the data to file:33554432 bytes
***********WAITING************

Write the data to file:33554432 bytes
***********WAITING************

Write the data to file:33554432 bytes
***********WAITING************

Write the data to file:33554432 bytes
***********WAITING************

Write the data to file:33554432 bytes
***********WAITING************

Write the data to file:33554432 bytes
***********WAITING************

Write the data to file:33554432 bytes
***********WAITING************

Write the data to file:33554432 bytes
***********WAITING************

Write the data to file:33554432 bytes
***********WAITING************

Write the data to file:33554432 bytes
***********WAITING************

Write the data to file:33554432 bytes
***********WAITING************

Write the data to file:33554432 bytes
***********WAITING************

Write the data to file:33554432 bytes
***********WAITING************

Write the data to file:33554432 bytes
***********WAITING************

Write the data to file:33554432 bytes
***********WAITING************

Write the data to file:33554432 bytes
***********WAITING************
nr_of_strided_rec: 1
nr_doubles: 4194304
nr_of_strided_rec: 1
nr_doubles: 4194304
nr_of_strided_rec: 1
nr_doubles: 4194304
nr_of_strided_rec: 1
nr_doubles: 4194304
nr_of_strided_rec: 1
nr_doubles: 4194304
nr_of_strided_rec: 1
nr_doubles: 4194304
nr_of_strided_rec: 1
nr_doubles: 4194304
nr_of_strided_rec: 1
nr_doubles: 4194304
nr_of_strided_rec: 1
nr_doubles: 4194304
nr_of_strided_rec: 1
nr_doubles: 4194304
nr_of_strided_rec: 1
nr_doubles: 4194304
nr_of_strided_rec: 1
nr_doubles: 4194304
nr_of_strided_rec: 1
nr_doubles: 4194304
nr_of_strided_rec: 1
nr_doubles: 4194304
nr_of_strided_rec: 1
nr_doubles: 4194304
nr_of_strided_rec: 1
nr_doubles: 4194304

Write the data to file:33554432 bytes
***********WAITING************

Write the data to file:33554432 bytes
***********WAITING************

Write the data to file:33554432 bytes
***********WAITING************

Write the data to file:33554432 bytes
***********WAITING************

Write the data to file:33554432 bytes
***********WAITING************

Write the data to file:33554432 bytes
***********WAITING************

Write the data to file:33554432 bytes
***********WAITING************

Write the data to file:33554432 bytes
***********WAITING************

Write the data to file:33554432 bytes
***********WAITING************

Write the data to file:33554432 bytes
***********WAITING************

Write the data to file:33554432 bytes
***********WAITING************

Write the data to file:33554432 bytes
***********WAITING************

Write the data to file:33554432 bytes
***********WAITING************

Write the data to file:33554432 bytes
***********WAITING************

Write the data to file:33554432 bytes
***********WAITING************

Write the data to file:33554432 bytes
***********WAITING************

Write the data to file:33554432 bytes
***********WAITING************

Write the data to file:33554432 bytes
***********WAITING************

Write the data to file:33554432 bytes
***********WAITING************

Write the data to file:33554432 bytes
***********WAITING************

Write the data to file:33554432 bytes
***********WAITING************

Write the data to file:33554432 bytes
***********WAITING************

Write the data to file:33554432 bytes
***********WAITING************

Write the data to file:33554432 bytes
***********WAITING************

Write the data to file:33554432 bytes
***********WAITING************

Write the data to file:33554432 bytes
***********WAITING************

Write the data to file:33554432 bytes
***********WAITING************

Write the data to file:33554432 bytes
***********WAITING************

Write the data to file:33554432 bytes
***********WAITING************

Write the data to file:33554432 bytes
***********WAITING************

Write the data to file:33554432 bytes
***********WAITING************

Write the data to file:33554432 bytes
***********WAITING************
W_cc         1.65   [      1.64:      1.65]
W_r         38.84   [     38.84:     38.84]
W_w         27.33   [     27.33:     27.33]
          -------
W_total     67.82   [     67.82:     67.82]

calc_W done
calc_W done
nr_of_strided_rec: 1
nr_doubles: 4194304
calc_W done
nr_of_strided_rec: 1
nr_doubles: 4194304
calc_W done
nr_of_strided_rec: 1
nr_doubles: 4194304
calc_W done
nr_of_strided_rec: 1
nr_doubles: 4194304
calc_W done
nr_of_strided_rec: 1
nr_doubles: 4194304
calc_W done
nr_of_strided_rec: 1
nr_doubles: 4194304
calc_W done
nr_of_strided_rec: 1
nr_doubles: 4194304
calc_W done
nr_of_strided_rec: 1
nr_doubles: 4194304
calc_W done
nr_of_strided_rec: 1
nr_doubles: 4194304
calc_W done
nr_of_strided_rec: 1
nr_doubles: 4194304
calc_W done
nr_of_strided_rec: 1
nr_doubles: 4194304
calc_W done
nr_of_strided_rec: 1
nr_doubles: 4194304
calc_W done
nr_of_strided_rec: 1
nr_doubles: 4194304
calc_W done
nr_of_strided_rec: 1
nr_doubles: 4194304
calc_W done
nr_of_strided_rec: 1
nr_doubles: 4194304
nr_of_strided_rec: 1
nr_doubles: 4194304
nr_of_strided_rec: 1
nr_doubles: 4194304
nr_of_strided_rec: 1
nr_doubles: 4194304
nr_of_strided_rec: 1
nr_doubles: 4194304
nr_of_strided_rec: 1
nr_doubles: 4194304
nr_of_strided_rec: 1
nr_doubles: 4194304
nr_of_strided_rec: 1
nr_doubles: 4194304
nr_of_strided_rec: 1
nr_doubles: 4194304
nr_of_strided_rec: 1
nr_doubles: 4194304
nr_of_strided_rec: 1
nr_doubles: 4194304
nr_of_strided_rec: 1
nr_doubles: 4194304
nr_of_strided_rec: 1
nr_doubles: 4194304
nr_of_strided_rec: 1
nr_doubles: 4194304
nr_of_strided_rec: 1
nr_doubles: 4194304
nr_of_strided_rec: 1
nr_doubles: 4194304
nr_of_strided_rec: 1
nr_doubles: 4194304
nr_of_strided_rec: 1
nr_doubles: 4194304
nr_of_strided_rec: 1
nr_doubles: 4194304
nr_of_strided_rec: 1
nr_doubles: 4194304
nr_of_strided_rec: 1
nr_doubles: 4194304
nr_of_strided_rec: 1
nr_doubles: 4194304
nr_of_strided_rec: 1
nr_doubles: 4194304
nr_of_strided_rec: 1
nr_doubles: 4194304
nr_of_strided_rec: 1
nr_doubles: 4194304
nr_of_strided_rec: 1
nr_doubles: 4194304
nr_of_strided_rec: 1
nr_doubles: 4194304
nr_of_strided_rec: 1
nr_doubles: 4194304
nr_of_strided_rec: 1
nr_doubles: 4194304
nr_of_strided_rec: 1
nr_doubles: 4194304
nr_of_strided_rec: 1
nr_doubles: 4194304
nr_of_strided_rec: 1
nr_doubles: 4194304
nr_of_strided_rec: 1
nr_doubles: 4194304
nr_of_strided_rec: 1
nr_doubles: 4194304
nr_of_strided_rec: 1
nr_doubles: 4194304
nr_of_strided_rec: 1
nr_doubles: 4194304
nr_of_strided_rec: 1
nr_doubles: 4194304
nr_of_strided_rec: 1
nr_doubles: 4194304
nr_of_strided_rec: 1
nr_doubles: 4194304
nr_of_strided_rec: 1
nr_doubles: 4194304
nr_of_strided_rec: 1
nr_doubles: 4194304
nr_of_strided_rec: 1
nr_doubles: 4194304
nr_of_strided_rec: 1
nr_doubles: 4194304
nr_of_strided_rec: 1
nr_doubles: 4194304
nr_of_strided_rec: 1
nr_doubles: 4194304
nr_of_strided_rec: 1
nr_doubles: 4194304
nr_of_strided_rec: 1
nr_doubles: 4194304
nr_of_strided_rec: 1
nr_doubles: 4194304
nr_of_strided_rec: 1
nr_doubles: 4194304
nr_of_strided_rec: 1
nr_doubles: 4194304
nr_of_strided_rec: 1
nr_doubles: 4194304
nr_of_strided_rec: 1
nr_doubles: 4194304
nr_of_strided_rec: 1
nr_doubles: 4194304
nr_of_strided_rec: 1
nr_doubles: 4194304
nr_of_strided_rec: 1
nr_doubles: 4194304
nr_of_strided_rec: 1
nr_doubles: 4194304
nr_of_strided_rec: 1
nr_doubles: 4194304
nr_of_strided_rec: 1
nr_doubles: 4194304
nr_of_strided_rec: 1
nr_doubles: 4194304
nr_of_strided_rec: 1
nr_doubles: 4194304
nr_of_strided_rec: 1
nr_doubles: 4194304
nr_of_strided_rec: 1
nr_doubles: 4194304
nr_of_strided_rec: 1
nr_doubles: 4194304
nr_of_strided_rec: 1
nr_doubles: 4194304
nr_of_strided_rec: 1
nr_doubles: 4194304
nr_of_strided_rec: 1
nr_doubles: 4194304
nr_of_strided_rec: 1
nr_doubles: 4194304
nr_of_strided_rec: 1
nr_doubles: 4194304
nr_of_strided_rec: 1
nr_doubles: 4194304
nr_of_strided_rec: 1
nr_doubles: 4194304
nr_of_strided_rec: 1
nr_doubles: 4194304
nr_of_strided_rec: 1
nr_doubles: 4194304
nr_of_strided_rec: 1
nr_doubles: 4194304
nr_of_strided_rec: 1
nr_doubles: 4194304
nr_of_strided_rec: 1
nr_doubles: 4194304
nr_of_strided_rec: 1
nr_doubles: 4194304
nr_of_strided_rec: 1
nr_doubles: 4194304
nr_of_strided_rec: 1
nr_doubles: 4194304
nr_of_strided_rec: 1
nr_doubles: 4194304
nr_of_strided_rec: 1
nr_doubles: 4194304
nr_of_strided_rec: 1
nr_doubles: 4194304
nr_of_strided_rec: 1
nr_doubles: 4194304
nr_of_strided_rec: 1
nr_doubles: 4194304
nr_of_strided_rec: 1
nr_doubles: 4194304
nr_of_strided_rec: 1
nr_doubles: 4194304
nr_of_strided_rec: 1
nr_doubles: 4194304
nr_of_strided_rec: 1
nr_doubles: 4194304
nr_of_strided_rec: 1
nr_doubles: 4194304
nr_of_strided_rec: 1
nr_doubles: 4194304
nr_of_strided_rec: 1
nr_doubles: 4194304
nr_of_strided_rec: 1
nr_doubles: 4194304
nr_of_strided_rec: 1
nr_doubles: 4194304
nr_of_strided_rec: 1
nr_doubles: 4194304
nr_of_strided_rec: 1
nr_doubles: 4194304
nr_of_strided_rec: 1
nr_doubles: 4194304
nr_of_strided_rec: 1
nr_doubles: 4194304
nr_of_strided_rec: 1
nr_doubles: 4194304
nr_of_strided_rec: 1
nr_doubles: 4194304
nr_of_strided_rec: 1
nr_doubles: 4194304
nr_of_strided_rec: 1
nr_doubles: 4194304
nr_of_strided_rec: 1
nr_doubles: 4194304
nr_of_strided_rec: 1
nr_doubles: 4194304
nr_of_strided_rec: 1
nr_doubles: 4194304
nr_of_strided_rec: 1
nr_doubles: 4194304
nr_of_strided_rec: 1
nr_doubles: 4194304
nr_of_strided_rec: 1
nr_doubles: 4194304
nr_of_strided_rec: 1
nr_doubles: 4194304
nr_of_strided_rec: 1
nr_doubles: 4194304
nr_of_strided_rec: 1
nr_doubles: 4194304
nr_of_strided_rec: 1
nr_doubles: 4194304
nr_of_strided_rec: 1
nr_doubles: 4194304
nr_of_strided_rec: 1
nr_doubles: 4194304
nr_of_strided_rec: 1
nr_doubles: 4194304
nr_of_strided_rec: 1
nr_doubles: 4194304
nr_of_strided_rec: 1
nr_doubles: 4194304
nr_of_strided_rec: 1
nr_doubles: 4194304
nr_of_strided_rec: 1
nr_doubles: 4194304
nr_of_strided_rec: 1
nr_doubles: 4194304
nr_of_strided_rec: 1
nr_doubles: 4194304
nr_of_strided_rec: 1
nr_doubles: 4194304
nr_of_strided_rec: 1
nr_doubles: 4194304
nr_of_strided_rec: 1
nr_doubles: 4194304
nr_of_strided_rec: 1
nr_doubles: 4194304
nr_of_strided_rec: 1
nr_doubles: 4194304
nr_of_strided_rec: 1
nr_doubles: 4194304
nr_of_strided_rec: 1
nr_doubles: 4194304
nr_of_strided_rec: 1
nr_doubles: 4194304
nr_of_strided_rec: 1
nr_doubles: 4194304
nr_of_strided_rec: 1
nr_doubles: 4194304
nr_of_strided_rec: 1
nr_doubles: 4194304
nr_of_strided_rec: 1
nr_doubles: 4194304
nr_of_strided_rec: 1
nr_doubles: 4194304
nr_of_strided_rec: 1
nr_doubles: 4194304
nr_of_strided_rec: 1
nr_doubles: 4194304
nr_of_strided_rec: 1
nr_doubles: 4194304
nr_of_strided_rec: 1
nr_doubles: 4194304
nr_of_strided_rec: 1
nr_doubles: 4194304
nr_of_strided_rec: 1
nr_doubles: 4194304
nr_of_strided_rec: 1
nr_doubles: 4194304
nr_of_strided_rec: 1
nr_doubles: 4194304
nr_of_strided_rec: 1
nr_doubles: 4194304
nr_of_strided_rec: 1
nr_doubles: 4194304
nr_of_strided_rec: 1
nr_doubles: 4194304
nr_of_strided_rec: 1
nr_doubles: 4194304
nr_of_strided_rec: 1
nr_doubles: 4194304
nr_of_strided_rec: 1
nr_doubles: 4194304
nr_of_strided_rec: 1
nr_doubles: 4194304
nr_of_strided_rec: 1
nr_doubles: 4194304
nr_of_strided_rec: 1
nr_doubles: 4194304
nr_of_strided_rec: 1
nr_doubles: 4194304
nr_of_strided_rec: 1
nr_doubles: 4194304
nr_of_strided_rec: 1
nr_doubles: 4194304
nr_of_strided_rec: 1
nr_doubles: 4194304
nr_of_strided_rec: 1
nr_doubles: 4194304
nr_of_strided_rec: 1
nr_doubles: 4194304
nr_of_strided_rec: 1
nr_doubles: 4194304
nr_of_strided_rec: 1
nr_doubles: 4194304
nr_of_strided_rec: 1
nr_doubles: 4194304
nr_of_strided_rec: 1
nr_doubles: 4194304
nr_of_strided_rec: 1
nr_doubles: 4194304
nr_of_strided_rec: 1
nr_doubles: 4194304
nr_of_strided_rec: 1
nr_doubles: 4194304
nr_of_strided_rec: 1
nr_doubles: 4194304
nr_of_strided_rec: 1
nr_doubles: 4194304
nr_of_strided_rec: 1
nr_doubles: 4194304
nr_of_strided_rec: 1
nr_doubles: 4194304
nr_of_strided_rec: 1
nr_doubles: 4194304
nr_of_strided_rec: 1
nr_doubles: 4194304
nr_of_strided_rec: 1
nr_doubles: 4194304
nr_of_strided_rec: 1
nr_doubles: 4194304
nr_of_strided_rec: 1
nr_doubles: 4194304
nr_of_strided_rec: 1
nr_doubles: 4194304
nr_of_strided_rec: 1
nr_doubles: 4194304
nr_of_strided_rec: 1
nr_doubles: 4194304
nr_of_strided_rec: 1
nr_doubles: 4194304
nr_of_strided_rec: 1
nr_doubles: 4194304
nr_of_strided_rec: 1
nr_doubles: 4194304
nr_of_strided_rec: 1
nr_doubles: 4194304
nr_of_strided_rec: 1
nr_doubles: 4194304
nr_of_strided_rec: 1
nr_doubles: 4194304
nr_of_strided_rec: 1
nr_doubles: 4194304
nr_of_strided_rec: 1
nr_doubles: 4194304
nr_of_strided_rec: 1
nr_doubles: 4194304
nr_of_strided_rec: 1
nr_doubles: 4194304
nr_of_strided_rec: 1
nr_doubles: 4194304
nr_of_strided_rec: 1
nr_doubles: 4194304
nr_of_strided_rec: 1
nr_doubles: 4194304
nr_of_strided_rec: 1
nr_doubles: 4194304
nr_of_strided_rec: 1
nr_doubles: 4194304
nr_of_strided_rec: 1
nr_doubles: 4194304
nr_of_strided_rec: 1
nr_doubles: 4194304
nr_of_strided_rec: 1
nr_doubles: 4194304
nr_of_strided_rec: 1
nr_doubles: 4194304
nr_of_strided_rec: 1
nr_doubles: 4194304
nr_of_strided_rec: 1
nr_doubles: 4194304
nr_of_strided_rec: 1
nr_doubles: 4194304
nr_of_strided_rec: 1
nr_doubles: 4194304
nr_of_strided_rec: 1
nr_doubles: 4194304
nr_of_strided_rec: 1
nr_doubles: 4194304
nr_of_strided_rec: 1
nr_doubles: 4194304
nr_of_strided_rec: 1
nr_doubles: 4194304
nr_of_strided_rec: 1
nr_doubles: 4194304
nr_of_strided_rec: 1
nr_doubles: 4194304
nr_of_strided_rec: 1
nr_doubles: 4194304
nr_of_strided_rec: 1
nr_doubles: 4194304
nr_of_strided_rec: 1
nr_doubles: 4194304
nr_of_strided_rec: 1
nr_doubles: 4194304
nr_of_strided_rec: 1
nr_doubles: 4194304
nr_of_strided_rec: 1
nr_doubles: 4194304
nr_of_strided_rec: 1
nr_doubles: 4194304
nr_of_strided_rec: 1
nr_doubles: 4194304
nr_of_strided_rec: 1
nr_doubles: 4194304
nr_of_strided_rec: 1
nr_doubles: 4194304
nr_of_strided_rec: 1
nr_doubles: 4194304
nr_of_strided_rec: 1
nr_doubles: 4194304
nr_of_strided_rec: 1
nr_doubles: 4194304
nr_of_strided_rec: 1
nr_doubles: 4194304
nr_of_strided_rec: 1
nr_doubles: 4194304
nr_of_strided_rec: 1
nr_doubles: 4194304
nr_of_strided_rec: 1
nr_doubles: 4194304
nr_of_strided_rec: 1
nr_doubles: 4194304
nr_of_strided_rec: 1
nr_doubles: 4194304
nr_of_strided_rec: 1
nr_doubles: 4194304
nr_of_strided_rec: 1
nr_doubles: 4194304
nr_of_strided_rec: 1
nr_doubles: 4194304
nr_of_strided_rec: 1
nr_doubles: 4194304
nr_of_strided_rec: 1
nr_doubles: 4194304
nr_of_strided_rec: 1
nr_doubles: 4194304
nr_of_strided_rec: 1
nr_doubles: 4194304
nr_of_strided_rec: 1
nr_doubles: 4194304
nr_of_strided_rec: 1
nr_doubles: 4194304
nr_of_strided_rec: 1
nr_doubles: 4194304
nr_of_strided_rec: 1
nr_doubles: 4194304
nr_of_strided_rec: 1
nr_doubles: 4194304
nr_of_strided_rec: 1
nr_doubles: 4194304
nr_of_strided_rec: 1
nr_doubles: 4194304
nr_of_strided_rec: 1
nr_doubles: 4194304
nr_of_strided_rec: 1
