fclose PID:38267 fd:3
fclose PID:38267 fd:4
fclose PID:38267 fd:4
fclose PID:38267 fd:3
available: 2 nodes (0-1)
fclose PID:38267 fd:3
node 0 cpus:fclose PID:38267 fd:3
 0 1 2 3 4 5 6 7 8 9 20 21 22 23 24 25 26 27 28 29
node 0 size: 80440 MB
node 0 free: 80123 MB
fclose PID:38267 fd:3
node 1 cpus:fclose PID:38267 fd:3
 10 11 12 13 14 15 16 17 18 19 30 31 32 33 34 35 36 37 38 39
node 1 size: 80635 MB
node 1 free: 80365 MB
fclose PID:38267 fd:3
fclose PID:38267 fd:3
node distances:
node   0   1 
  0:  10  21 
  1:  21  10 
READAHEAD_TIME:0.000000 us
MaxRSS= 2220 KB, SharedMem= 0 KB, HardPageFault= 10
fclose PID:38283 fd:8
fclose PID:38277 fd:8
fclose PID:38281 fd:8
fclose PID:38272 fd:12
fclose PID:38275 fd:8
fclose PID:38276 fd:8
fclose PID:38285 fd:8
fclose PID:38286 fd:8
fclose PID:38287 fd:8
fclose PID:38279 fd:8
fclose PID:38282 fd:8
fclose PID:38284 fd:8
fclose PID:38274 fd:8
fclose PID:38280 fd:8
fclose PID:38273 fd:10
fclose PID:38278 fd:8

MADbench 2.0 IO-mode
no_pe = 16  no_pix = 8192  no_bin = 30  no_gang = 1 sblocksize = 8  fblocksize = 64  r_mod = 1  w_mod = 1 record_size=1048576 stride=7


IOMETHOD = POSIX  IOMODE = SYNC  FILETYPE = UNIQUE  REMAP = CUSTOMbuild_S
build_S
build_S
build_S
build_S
build_S
build_S
build_S
build_S
build_S
build_S
build_S
build_S
build_S
build_S
build_S

Write the data to file:33554432 bytes
***********WAITING************

Write the data to file:33554432 bytes
***********WAITING************

Write the data to file:33554432 bytes
***********WAITING************

Write the data to file:33554432 bytes
***********WAITING************

Write the data to file:33554432 bytes
***********WAITING************

Write the data to file:33554432 bytes
***********WAITING************

Write the data to file:33554432 bytes
***********WAITING************

Write the data to file:33554432 bytes
***********WAITING************

Write the data to file:33554432 bytes
***********WAITING************

Write the data to file:33554432 bytes
***********WAITING************

Write the data to file:33554432 bytes
***********WAITING************

Write the data to file:33554432 bytes
***********WAITING************

Write the data to file:33554432 bytes
***********WAITING************

Write the data to file:33554432 bytes
***********WAITING************

Write the data to file:33554432 bytes
***********WAITING************

Write the data to file:33554432 bytes
***********WAITING************

Write the data to file:33554432 bytes
***********WAITING************

Write the data to file:33554432 bytes
***********WAITING************

Write the data to file:33554432 bytes
***********WAITING************

Write the data to file:33554432 bytes
***********WAITING************

Write the data to file:33554432 bytes
***********WAITING************

Write the data to file:33554432 bytes
***********WAITING************

Write the data to file:33554432 bytes
***********WAITING************

Write the data to file:33554432 bytes
***********WAITING************

Write the data to file:33554432 bytes
***********WAITING************

Write the data to file:33554432 bytes
***********WAITING************

Write the data to file:33554432 bytes
***********WAITING************

Write the data to file:33554432 bytes
***********WAITING************

Write the data to file:33554432 bytes
***********WAITING************

Write the data to file:33554432 bytes
***********WAITING************

Write the data to file:33554432 bytes
***********WAITING************

Write the data to file:33554432 bytes
***********WAITING************

Write the data to file:33554432 bytes
***********WAITING************

Write the data to file:33554432 bytes
***********WAITING************

Write the data to file:33554432 bytes
***********WAITING************

Write the data to file:33554432 bytes
***********WAITING************

Write the data to file:33554432 bytes
***********WAITING************

Write the data to file:33554432 bytes
***********WAITING************

Write the data to file:33554432 bytes
***********WAITING************

Write the data to file:33554432 bytes
***********WAITING************

Write the data to file:33554432 bytes
***********WAITING************

Write the data to file:33554432 bytes
***********WAITING************

Write the data to file:33554432 bytes
***********WAITING************

Write the data to file:33554432 bytes
***********WAITING************

Write the data to file:33554432 bytes
***********WAITING************

Write the data to file:33554432 bytes
***********WAITING************

Write the data to file:33554432 bytes
***********WAITING************

Write the data to file:33554432 bytes
***********WAITING************

Write the data to file:33554432 bytes
***********WAITING************

Write the data to file:33554432 bytes
***********WAITING************

Write the data to file:33554432 bytes
***********WAITING************

Write the data to file:33554432 bytes
***********WAITING************

Write the data to file:33554432 bytes
***********WAITING************

Write the data to file:33554432 bytes
***********WAITING************

Write the data to file:33554432 bytes
***********WAITING************

Write the data to file:33554432 bytes
***********WAITING************

Write the data to file:33554432 bytes
***********WAITING************

Write the data to file:33554432 bytes
***********WAITING************

Write the data to file:33554432 bytes
***********WAITING************

Write the data to file:33554432 bytes
***********WAITING************

Write the data to file:33554432 bytes
***********WAITING************

Write the data to file:33554432 bytes
***********WAITING************

Write the data to file:33554432 bytes
***********WAITING************

Write the data to file:33554432 bytes
***********WAITING************

Write the data to file:33554432 bytes
***********WAITING************

Write the data to file:33554432 bytes
***********WAITING************

Write the data to file:33554432 bytes
***********WAITING************

Write the data to file:33554432 bytes
***********WAITING************

Write the data to file:33554432 bytes
***********WAITING************

Write the data to file:33554432 bytes
***********WAITING************

Write the data to file:33554432 bytes
***********WAITING************

Write the data to file:33554432 bytes
***********WAITING************

Write the data to file:33554432 bytes
***********WAITING************

Write the data to file:33554432 bytes
***********WAITING************

Write the data to file:33554432 bytes
***********WAITING************

Write the data to file:33554432 bytes
***********WAITING************

Write the data to file:33554432 bytes
***********WAITING************

Write the data to file:33554432 bytes
***********WAITING************

Write the data to file:33554432 bytes
***********WAITING************

Write the data to file:33554432 bytes
***********WAITING************

Write the data to file:33554432 bytes
***********WAITING************

Write the data to file:33554432 bytes
***********WAITING************

Write the data to file:33554432 bytes
***********WAITING************

Write the data to file:33554432 bytes
***********WAITING************

Write the data to file:33554432 bytes
***********WAITING************

Write the data to file:33554432 bytes
***********WAITING************

Write the data to file:33554432 bytes
***********WAITING************

Write the data to file:33554432 bytes
***********WAITING************

Write the data to file:33554432 bytes
***********WAITING************

Write the data to file:33554432 bytes
***********WAITING************

Write the data to file:33554432 bytes
***********WAITING************

Write the data to file:33554432 bytes
***********WAITING************

Write the data to file:33554432 bytes
***********WAITING************

Write the data to file:33554432 bytes
***********WAITING************

Write the data to file:33554432 bytes
***********WAITING************

Write the data to file:33554432 bytes
***********WAITING************

Write the data to file:33554432 bytes
***********WAITING************

Write the data to file:33554432 bytes
***********WAITING************

Write the data to file:33554432 bytes
***********WAITING************

Write the data to file:33554432 bytes
***********WAITING************

Write the data to file:33554432 bytes
***********WAITING************

Write the data to file:33554432 bytes
***********WAITING************

Write the data to file:33554432 bytes
***********WAITING************

Write the data to file:33554432 bytes
***********WAITING************

Write the data to file:33554432 bytes
***********WAITING************

Write the data to file:33554432 bytes
***********WAITING************

Write the data to file:33554432 bytes
***********WAITING************

Write the data to file:33554432 bytes
***********WAITING************

Write the data to file:33554432 bytes
***********WAITING************

Write the data to file:33554432 bytes
***********WAITING************

Write the data to file:33554432 bytes
***********WAITING************

Write the data to file:33554432 bytes
***********WAITING************

Write the data to file:33554432 bytes
***********WAITING************

Write the data to file:33554432 bytes
***********WAITING************

Write the data to file:33554432 bytes
***********WAITING************

Write the data to file:33554432 bytes
***********WAITING************

Write the data to file:33554432 bytes
***********WAITING************

Write the data to file:33554432 bytes
***********WAITING************

Write the data to file:33554432 bytes
***********WAITING************

Write the data to file:33554432 bytes
***********WAITING************

Write the data to file:33554432 bytes
***********WAITING************

Write the data to file:33554432 bytes
***********WAITING************

Write the data to file:33554432 bytes
***********WAITING************

Write the data to file:33554432 bytes
***********WAITING************

Write the data to file:33554432 bytes
***********WAITING************

Write the data to file:33554432 bytes
***********WAITING************

Write the data to file:33554432 bytes
***********WAITING************

Write the data to file:33554432 bytes
***********WAITING************

Write the data to file:33554432 bytes
***********WAITING************

Write the data to file:33554432 bytes
***********WAITING************

Write the data to file:33554432 bytes
***********WAITING************

Write the data to file:33554432 bytes
***********WAITING************

Write the data to file:33554432 bytes
***********WAITING************

Write the data to file:33554432 bytes
***********WAITING************

Write the data to file:33554432 bytes
***********WAITING************

Write the data to file:33554432 bytes
***********WAITING************

Write the data to file:33554432 bytes
***********WAITING************

Write the data to file:33554432 bytes
***********WAITING************

Write the data to file:33554432 bytes
***********WAITING************

Write the data to file:33554432 bytes
***********WAITING************

Write the data to file:33554432 bytes
***********WAITING************

Write the data to file:33554432 bytes
***********WAITING************

Write the data to file:33554432 bytes
***********WAITING************

Write the data to file:33554432 bytes
***********WAITING************

Write the data to file:33554432 bytes
***********WAITING************

Write the data to file:33554432 bytes
***********WAITING************

Write the data to file:33554432 bytes
***********WAITING************

Write the data to file:33554432 bytes
***********WAITING************

Write the data to file:33554432 bytes
***********WAITING************

Write the data to file:33554432 bytes
***********WAITING************

Write the data to file:33554432 bytes
***********WAITING************

Write the data to file:33554432 bytes
***********WAITING************

Write the data to file:33554432 bytes
***********WAITING************

Write the data to file:33554432 bytes
***********WAITING************

Write the data to file:33554432 bytes
***********WAITING************

Write the data to file:33554432 bytes
***********WAITING************

Write the data to file:33554432 bytes
***********WAITING************

Write the data to file:33554432 bytes
***********WAITING************

Write the data to file:33554432 bytes
***********WAITING************

Write the data to file:33554432 bytes
***********WAITING************

Write the data to file:33554432 bytes
***********WAITING************

Write the data to file:33554432 bytes
***********WAITING************

Write the data to file:33554432 bytes
***********WAITING************

Write the data to file:33554432 bytes
***********WAITING************

Write the data to file:33554432 bytes
***********WAITING************

Write the data to file:33554432 bytes
***********WAITING************

Write the data to file:33554432 bytes
***********WAITING************

Write the data to file:33554432 bytes
***********WAITING************

Write the data to file:33554432 bytes
***********WAITING************

Write the data to file:33554432 bytes
***********WAITING************

Write the data to file:33554432 bytes
***********WAITING************

Write the data to file:33554432 bytes
***********WAITING************

Write the data to file:33554432 bytes
***********WAITING************

Write the data to file:33554432 bytes
***********WAITING************

Write the data to file:33554432 bytes
***********WAITING************

Write the data to file:33554432 bytes
***********WAITING************

Write the data to file:33554432 bytes
***********WAITING************

Write the data to file:33554432 bytes
***********WAITING************

Write the data to file:33554432 bytes
***********WAITING************

Write the data to file:33554432 bytes
***********WAITING************

Write the data to file:33554432 bytes
***********WAITING************

Write the data to file:33554432 bytes
***********WAITING************

Write the data to file:33554432 bytes
***********WAITING************

Write the data to file:33554432 bytes
***********WAITING************

Write the data to file:33554432 bytes
***********WAITING************

Write the data to file:33554432 bytes
***********WAITING************

Write the data to file:33554432 bytes
***********WAITING************

Write the data to file:33554432 bytes
***********WAITING************

Write the data to file:33554432 bytes
***********WAITING************

Write the data to file:33554432 bytes
***********WAITING************

Write the data to file:33554432 bytes
***********WAITING************

Write the data to file:33554432 bytes
***********WAITING************

Write the data to file:33554432 bytes
***********WAITING************

Write the data to file:33554432 bytes
***********WAITING************

Write the data to file:33554432 bytes
***********WAITING************

Write the data to file:33554432 bytes
***********WAITING************

Write the data to file:33554432 bytes
***********WAITING************

Write the data to file:33554432 bytes
***********WAITING************

Write the data to file:33554432 bytes
***********WAITING************

Write the data to file:33554432 bytes
***********WAITING************

Write the data to file:33554432 bytes
***********WAITING************

Write the data to file:33554432 bytes
***********WAITING************

Write the data to file:33554432 bytes
***********WAITING************

Write the data to file:33554432 bytes
***********WAITING************

Write the data to file:33554432 bytes
***********WAITING************

Write the data to file:33554432 bytes
***********WAITING************

Write the data to file:33554432 bytes
***********WAITING************

Write the data to file:33554432 bytes
***********WAITING************

Write the data to file:33554432 bytes
***********WAITING************

Write the data to file:33554432 bytes
***********WAITING************

Write the data to file:33554432 bytes
***********WAITING************

Write the data to file:33554432 bytes
***********WAITING************

Write the data to file:33554432 bytes
***********WAITING************

Write the data to file:33554432 bytes
***********WAITING************

Write the data to file:33554432 bytes
***********WAITING************

Write the data to file:33554432 bytes
***********WAITING************

Write the data to file:33554432 bytes
***********WAITING************

Write the data to file:33554432 bytes
***********WAITING************

Write the data to file:33554432 bytes
***********WAITING************

Write the data to file:33554432 bytes
***********WAITING************

Write the data to file:33554432 bytes
***********WAITING************

Write the data to file:33554432 bytes
***********WAITING************

Write the data to file:33554432 bytes
***********WAITING************

Write the data to file:33554432 bytes
***********WAITING************

Write the data to file:33554432 bytes
***********WAITING************

Write the data to file:33554432 bytes
***********WAITING************

Write the data to file:33554432 bytes
***********WAITING************

Write the data to file:33554432 bytes
***********WAITING************

Write the data to file:33554432 bytes
***********WAITING************

Write the data to file:33554432 bytes
***********WAITING************

Write the data to file:33554432 bytes
***********WAITING************

Write the data to file:33554432 bytes
***********WAITING************

Write the data to file:33554432 bytes
***********WAITING************

Write the data to file:33554432 bytes
***********WAITING************

Write the data to file:33554432 bytes
***********WAITING************

Write the data to file:33554432 bytes
***********WAITING************

Write the data to file:33554432 bytes
***********WAITING************

Write the data to file:33554432 bytes
***********WAITING************

Write the data to file:33554432 bytes
***********WAITING************

Write the data to file:33554432 bytes
***********WAITING************

Write the data to file:33554432 bytes
***********WAITING************

Write the data to file:33554432 bytes
***********WAITING************

Write the data to file:33554432 bytes
***********WAITING************

Write the data to file:33554432 bytes
***********WAITING************

Write the data to file:33554432 bytes
***********WAITING************

Write the data to file:33554432 bytes
***********WAITING************

Write the data to file:33554432 bytes
***********WAITING************

Write the data to file:33554432 bytes
***********WAITING************

Write the data to file:33554432 bytes
***********WAITING************

Write the data to file:33554432 bytes
***********WAITING************

Write the data to file:33554432 bytes
***********WAITING************

Write the data to file:33554432 bytes
***********WAITING************

Write the data to file:33554432 bytes
***********WAITING************

Write the data to file:33554432 bytes
***********WAITING************

Write the data to file:33554432 bytes
***********WAITING************

Write the data to file:33554432 bytes
***********WAITING************

Write the data to file:33554432 bytes
***********WAITING************

Write the data to file:33554432 bytes
***********WAITING************

Write the data to file:33554432 bytes
***********WAITING************

Write the data to file:33554432 bytes
***********WAITING************

Write the data to file:33554432 bytes
***********WAITING************

Write the data to file:33554432 bytes
***********WAITING************

Write the data to file:33554432 bytes
***********WAITING************

Write the data to file:33554432 bytes
***********WAITING************

Write the data to file:33554432 bytes
***********WAITING************

Write the data to file:33554432 bytes
***********WAITING************

Write the data to file:33554432 bytes
***********WAITING************

Write the data to file:33554432 bytes
***********WAITING************

Write the data to file:33554432 bytes
***********WAITING************

Write the data to file:33554432 bytes
***********WAITING************

Write the data to file:33554432 bytes
***********WAITING************

Write the data to file:33554432 bytes
***********WAITING************

Write the data to file:33554432 bytes
***********WAITING************

Write the data to file:33554432 bytes
***********WAITING************

Write the data to file:33554432 bytes
***********WAITING************

Write the data to file:33554432 bytes
***********WAITING************

Write the data to file:33554432 bytes
***********WAITING************

Write the data to file:33554432 bytes
***********WAITING************

Write the data to file:33554432 bytes
***********WAITING************

Write the data to file:33554432 bytes
***********WAITING************

Write the data to file:33554432 bytes
***********WAITING************

Write the data to file:33554432 bytes
***********WAITING************

Write the data to file:33554432 bytes
***********WAITING************

Write the data to file:33554432 bytes
***********WAITING************

Write the data to file:33554432 bytes
***********WAITING************

Write the data to file:33554432 bytes
***********WAITING************

Write the data to file:33554432 bytes
***********WAITING************

Write the data to file:33554432 bytes
***********WAITING************

Write the data to file:33554432 bytes
***********WAITING************

Write the data to file:33554432 bytes
***********WAITING************

Write the data to file:33554432 bytes
***********WAITING************

Write the data to file:33554432 bytes
***********WAITING************

Write the data to file:33554432 bytes
***********WAITING************

Write the data to file:33554432 bytes
***********WAITING************

Write the data to file:33554432 bytes
***********WAITING************

Write the data to file:33554432 bytes
***********WAITING************

Write the data to file:33554432 bytes
***********WAITING************

Write the data to file:33554432 bytes
***********WAITING************

Write the data to file:33554432 bytes
***********WAITING************

Write the data to file:33554432 bytes
***********WAITING************

Write the data to file:33554432 bytes
***********WAITING************

Write the data to file:33554432 bytes
***********WAITING************

Write the data to file:33554432 bytes
***********WAITING************

Write the data to file:33554432 bytes
***********WAITING************

Write the data to file:33554432 bytes
***********WAITING************

Write the data to file:33554432 bytes
***********WAITING************

Write the data to file:33554432 bytes
***********WAITING************

Write the data to file:33554432 bytes
***********WAITING************

Write the data to file:33554432 bytes
***********WAITING************

Write the data to file:33554432 bytes
***********WAITING************

Write the data to file:33554432 bytes
***********WAITING************

Write the data to file:33554432 bytes
***********WAITING************

Write the data to file:33554432 bytes
***********WAITING************

Write the data to file:33554432 bytes
***********WAITING************

Write the data to file:33554432 bytes
***********WAITING************

Write the data to file:33554432 bytes
***********WAITING************

Write the data to file:33554432 bytes
***********WAITING************

Write the data to file:33554432 bytes
***********WAITING************

Write the data to file:33554432 bytes
***********WAITING************

Write the data to file:33554432 bytes
***********WAITING************

Write the data to file:33554432 bytes
***********WAITING************

Write the data to file:33554432 bytes
***********WAITING************

Write the data to file:33554432 bytes
***********WAITING************

Write the data to file:33554432 bytes
***********WAITING************

Write the data to file:33554432 bytes
***********WAITING************

Write the data to file:33554432 bytes
***********WAITING************

Write the data to file:33554432 bytes
***********WAITING************

Write the data to file:33554432 bytes
***********WAITING************

Write the data to file:33554432 bytes
***********WAITING************

Write the data to file:33554432 bytes
***********WAITING************

Write the data to file:33554432 bytes
***********WAITING************

Write the data to file:33554432 bytes
***********WAITING************

Write the data to file:33554432 bytes
***********WAITING************

Write the data to file:33554432 bytes
***********WAITING************

Write the data to file:33554432 bytes
***********WAITING************

Write the data to file:33554432 bytes
***********WAITING************

Write the data to file:33554432 bytes
***********WAITING************

Write the data to file:33554432 bytes
***********WAITING************

Write the data to file:33554432 bytes
***********WAITING************

Write the data to file:33554432 bytes
***********WAITING************

Write the data to file:33554432 bytes
***********WAITING************

Write the data to file:33554432 bytes
***********WAITING************

Write the data to file:33554432 bytes
***********WAITING************

Write the data to file:33554432 bytes
***********WAITING************

Write the data to file:33554432 bytes
***********WAITING************

Write the data to file:33554432 bytes
***********WAITING************

Write the data to file:33554432 bytes
***********WAITING************

Write the data to file:33554432 bytes
***********WAITING************

Write the data to file:33554432 bytes
***********WAITING************

Write the data to file:33554432 bytes
***********WAITING************

Write the data to file:33554432 bytes
***********WAITING************

Write the data to file:33554432 bytes
***********WAITING************

Write the data to file:33554432 bytes
***********WAITING************

Write the data to file:33554432 bytes
***********WAITING************

Write the data to file:33554432 bytes
***********WAITING************

Write the data to file:33554432 bytes
***********WAITING************

Write the data to file:33554432 bytes
***********WAITING************

Write the data to file:33554432 bytes
***********WAITING************

Write the data to file:33554432 bytes
***********WAITING************

Write the data to file:33554432 bytes
***********WAITING************

Write the data to file:33554432 bytes
***********WAITING************

Write the data to file:33554432 bytes
***********WAITING************

Write the data to file:33554432 bytes
***********WAITING************

Write the data to file:33554432 bytes
***********WAITING************

Write the data to file:33554432 bytes
***********WAITING************

Write the data to file:33554432 bytes
***********WAITING************

Write the data to file:33554432 bytes
***********WAITING************

Write the data to file:33554432 bytes
***********WAITING************

Write the data to file:33554432 bytes
***********WAITING************

Write the data to file:33554432 bytes
***********WAITING************

Write the data to file:33554432 bytes
***********WAITING************

Write the data to file:33554432 bytes
***********WAITING************

Write the data to file:33554432 bytes
***********WAITING************

Write the data to file:33554432 bytes
***********WAITING************

Write the data to file:33554432 bytes
***********WAITING************

Write the data to file:33554432 bytes
***********WAITING************

Write the data to file:33554432 bytes
***********WAITING************

Write the data to file:33554432 bytes
***********WAITING************

Write the data to file:33554432 bytes
***********WAITING************

Write the data to file:33554432 bytes
***********WAITING************

Write the data to file:33554432 bytes
***********WAITING************

Write the data to file:33554432 bytes
***********WAITING************

Write the data to file:33554432 bytes
***********WAITING************

Write the data to file:33554432 bytes
***********WAITING************

Write the data to file:33554432 bytes
***********WAITING************

Write the data to file:33554432 bytes
***********WAITING************

Write the data to file:33554432 bytes
***********WAITING************

Write the data to file:33554432 bytes
***********WAITING************

Write the data to file:33554432 bytes
***********WAITING************

Write the data to file:33554432 bytes
***********WAITING************

Write the data to file:33554432 bytes
***********WAITING************

Write the data to file:33554432 bytes
***********WAITING************

Write the data to file:33554432 bytes
***********WAITING************

Write the data to file:33554432 bytes
***********WAITING************

Write the data to file:33554432 bytes
***********WAITING************

Write the data to file:33554432 bytes
***********WAITING************

Write the data to file:33554432 bytes
***********WAITING************

Write the data to file:33554432 bytes
***********WAITING************

Write the data to file:33554432 bytes
***********WAITING************

Write the data to file:33554432 bytes
***********WAITING************

Write the data to file:33554432 bytes
***********WAITING************

Write the data to file:33554432 bytes
***********WAITING************

Write the data to file:33554432 bytes
***********WAITING************

Write the data to file:33554432 bytes
***********WAITING************

Write the data to file:33554432 bytes
***********WAITING************

Write the data to file:33554432 bytes
***********WAITING************

Write the data to file:33554432 bytes
***********WAITING************

Write the data to file:33554432 bytes
***********WAITING************

Write the data to file:33554432 bytes
***********WAITING************

Write the data to file:33554432 bytes
***********WAITING************

Write the data to file:33554432 bytes
***********WAITING************

Write the data to file:33554432 bytes
***********WAITING************

Write the data to file:33554432 bytes
***********WAITING************

Write the data to file:33554432 bytes
***********WAITING************

Write the data to file:33554432 bytes
***********WAITING************

Write the data to file:33554432 bytes
***********WAITING************

Write the data to file:33554432 bytes
***********WAITING************

Write the data to file:33554432 bytes
***********WAITING************

Write the data to file:33554432 bytes
***********WAITING************

Write the data to file:33554432 bytes
***********WAITING************

Write the data to file:33554432 bytes
***********WAITING************

Write the data to file:33554432 bytes
***********WAITING************

Write the data to file:33554432 bytes
***********WAITING************

Write the data to file:33554432 bytes
***********WAITING************

Write the data to file:33554432 bytes
***********WAITING************

Write the data to file:33554432 bytes
***********WAITING************

Write the data to file:33554432 bytes
***********WAITING************

Write the data to file:33554432 bytes
***********WAITING************

Write the data to file:33554432 bytes
***********WAITING************

Write the data to file:33554432 bytes
***********WAITING************

Write the data to file:33554432 bytes
***********WAITING************

Write the data to file:33554432 bytes
***********WAITING************

Write the data to file:33554432 bytes
***********WAITING************

Write the data to file:33554432 bytes
***********WAITING************

Write the data to file:33554432 bytes
***********WAITING************

Write the data to file:33554432 bytes
***********WAITING************

Write the data to file:33554432 bytes
***********WAITING************

Write the data to file:33554432 bytes
***********WAITING************

Write the data to file:33554432 bytes
***********WAITING************

Write the data to file:33554432 bytes
***********WAITING************

Write the data to file:33554432 bytes
***********WAITING************

Write the data to file:33554432 bytes
***********WAITING************

Write the data to file:33554432 bytes
***********WAITING************

Write the data to file:33554432 bytes
***********WAITING************

Write the data to file:33554432 bytes
***********WAITING************

Write the data to file:33554432 bytes
***********WAITING************

Write the data to file:33554432 bytes
***********WAITING************

Write the data to file:33554432 bytes
***********WAITING************

Write the data to file:33554432 bytes
***********WAITING************

Write the data to file:33554432 bytes
***********WAITING************

Write the data to file:33554432 bytes
***********WAITING************

Write the data to file:33554432 bytes
***********WAITING************

Write the data to file:33554432 bytes
***********WAITING************

Write the data to file:33554432 bytes
***********WAITING************

Write the data to file:33554432 bytes
***********WAITING************

Write the data to file:33554432 bytes
***********WAITING************

Write the data to file:33554432 bytes
***********WAITING************

Write the data to file:33554432 bytes
***********WAITING************

Write the data to file:33554432 bytes
***********WAITING************

Write the data to file:33554432 bytes
***********WAITING************

Write the data to file:33554432 bytes
***********WAITING************

Write the data to file:33554432 bytes
***********WAITING************

Write the data to file:33554432 bytes
***********WAITING************

Write the data to file:33554432 bytes
***********WAITING************

Write the data to file:33554432 bytes
***********WAITING************

Write the data to file:33554432 bytes
***********WAITING************

Write the data to file:33554432 bytes
***********WAITING************

Write the data to file:33554432 bytes
***********WAITING************

Write the data to file:33554432 bytes
***********WAITING************

Write the data to file:33554432 bytes
***********WAITING************

Write the data to file:33554432 bytes
***********WAITING************

Write the data to file:33554432 bytes
***********WAITING************

Write the data to file:33554432 bytes
***********WAITING************

Write the data to file:33554432 bytes
***********WAITING************

Write the data to file:33554432 bytes
***********WAITING************

Write the data to file:33554432 bytes
***********WAITING************

Write the data to file:33554432 bytes
***********WAITING************

Write the data to file:33554432 bytes
***********WAITING************

Write the data to file:33554432 bytes
***********WAITING************

Write the data to file:33554432 bytes
***********WAITING************
S_cc         0.91   [      0.91:      0.91]
S_bw         0.24   [      0.24:      0.24]
S_w         31.33   [     31.33:     31.33]
          -------
S_total     32.48   [     32.48:     32.48]

build_S done
calc_W
build_S done
calc_W
nr_of_strided_rec: 4
nr_doubles: 131072
build_S done
calc_W
nr_of_strided_rec: 4
nr_doubles: 131072
build_S done
calc_W
nr_of_strided_rec: 4
nr_doubles: 131072
build_S done
calc_W
nr_of_strided_rec: 4
nr_doubles: 131072
build_S done
calc_W
nr_of_strided_rec: 4
nr_doubles: 131072
build_S done
calc_W
nr_of_strided_rec: 4
nr_doubles: 131072
build_S done
calc_W
nr_of_strided_rec: 4
nr_doubles: 131072
build_S done
calc_W
nr_of_strided_rec: 4
nr_doubles: 131072
build_S done
calc_W
nr_of_strided_rec: 4
nr_doubles: 131072
build_S done
calc_W
nr_of_strided_rec: 4
nr_doubles: 131072
build_S done
calc_W
nr_of_strided_rec: 4
nr_doubles: 131072
build_S done
calc_W
nr_of_strided_rec: 4
nr_doubles: 131072
build_S done
calc_W
nr_of_strided_rec: 4
nr_doubles: 131072
build_S done
calc_W
nr_of_strided_rec: 4
nr_doubles: 131072
build_S done
calc_W
nr_of_strided_rec: 4
nr_doubles: 131072
nr_of_strided_rec: 4
nr_doubles: 131072
nr_of_strided_rec: 4
nr_doubles: 131072
nr_of_strided_rec: 4
nr_doubles: 131072
nr_of_strided_rec: 4
nr_doubles: 131072
nr_of_strided_rec: 4
nr_doubles: 131072
nr_of_strided_rec: 4
nr_doubles: 131072
nr_of_strided_rec: 4
nr_doubles: 131072
nr_of_strided_rec: 4
nr_doubles: 131072
nr_of_strided_rec: 4
nr_doubles: 131072
nr_of_strided_rec: 4
nr_doubles: 131072
nr_of_strided_rec: 4
nr_doubles: 131072
nr_of_strided_rec: 4
nr_doubles: 131072
nr_of_strided_rec: 4
nr_doubles: 131072
nr_of_strided_rec: 4
nr_doubles: 131072
nr_of_strided_rec: 4
nr_doubles: 131072
nr_of_strided_rec: 4
nr_doubles: 131072
nr_of_strided_rec: 4
nr_doubles: 131072

Write the data to file:33554432 bytes
***********WAITING************

Write the data to file:33554432 bytes
***********WAITING************

Write the data to file:33554432 bytes
***********WAITING************

Write the data to file:33554432 bytes
***********WAITING************

Write the data to file:33554432 bytes
***********WAITING************

Write the data to file:33554432 bytes
***********WAITING************

Write the data to file:33554432 bytes
***********WAITING************

Write the data to file:33554432 bytes
***********WAITING************

Write the data to file:33554432 bytes
***********WAITING************

Write the data to file:33554432 bytes
***********WAITING************

Write the data to file:33554432 bytes
***********WAITING************

Write the data to file:33554432 bytes
***********WAITING************

Write the data to file:33554432 bytes
***********WAITING************

Write the data to file:33554432 bytes
***********WAITING************

Write the data to file:33554432 bytes
***********WAITING************

Write the data to file:33554432 bytes
***********WAITING************
nr_of_strided_rec: 4
nr_doubles: 131072
nr_of_strided_rec: 4
nr_doubles: 131072
nr_of_strided_rec: 4
nr_doubles: 131072
nr_of_strided_rec: 4
nr_doubles: 131072
nr_of_strided_rec: 4
nr_doubles: 131072
nr_of_strided_rec: 4
nr_doubles: 131072
nr_of_strided_rec: 4
nr_doubles: 131072
nr_of_strided_rec: 4
nr_doubles: 131072
nr_of_strided_rec: 4
nr_doubles: 131072
nr_of_strided_rec: 4
nr_doubles: 131072
nr_of_strided_rec: 4
nr_doubles: 131072
nr_of_strided_rec: 4
nr_doubles: 131072
nr_of_strided_rec: 4
nr_doubles: 131072
nr_of_strided_rec: 4
nr_doubles: 131072
nr_of_strided_rec: 4
nr_doubles: 131072
nr_of_strided_rec: 4
nr_doubles: 131072

Write the data to file:33554432 bytes
***********WAITING************

Write the data to file:33554432 bytes
***********WAITING************

Write the data to file:33554432 bytes
***********WAITING************

Write the data to file:33554432 bytes
***********WAITING************

Write the data to file:33554432 bytes
***********WAITING************

Write the data to file:33554432 bytes
***********WAITING************

Write the data to file:33554432 bytes
***********WAITING************

Write the data to file:33554432 bytes
***********WAITING************

Write the data to file:33554432 bytes
***********WAITING************

Write the data to file:33554432 bytes
***********WAITING************

Write the data to file:33554432 bytes
***********WAITING************

Write the data to file:33554432 bytes
***********WAITING************

Write the data to file:33554432 bytes
***********WAITING************

Write the data to file:33554432 bytes
***********WAITING************

Write the data to file:33554432 bytes
***********WAITING************

Write the data to file:33554432 bytes
***********WAITING************
nr_of_strided_rec: 4
nr_doubles: 131072
nr_of_strided_rec: 4
nr_doubles: 131072
nr_of_strided_rec: 4
nr_doubles: 131072
nr_of_strided_rec: 4
nr_doubles: 131072
nr_of_strided_rec: 4
nr_doubles: 131072
nr_of_strided_rec: 4
nr_doubles: 131072
nr_of_strided_rec: 4
nr_doubles: 131072
nr_of_strided_rec: 4
nr_doubles: 131072
nr_of_strided_rec: 4
nr_doubles: 131072
nr_of_strided_rec: 4
nr_doubles: 131072
nr_of_strided_rec: 4
nr_doubles: 131072
nr_of_strided_rec: 4
nr_doubles: 131072
nr_of_strided_rec: 4
nr_doubles: 131072
nr_of_strided_rec: 4
nr_doubles: 131072
nr_of_strided_rec: 4
nr_doubles: 131072
nr_of_strided_rec: 4
nr_doubles: 131072

Write the data to file:33554432 bytes
***********WAITING************

Write the data to file:33554432 bytes
***********WAITING************

Write the data to file:33554432 bytes
***********WAITING************

Write the data to file:33554432 bytes
***********WAITING************

Write the data to file:33554432 bytes
***********WAITING************

Write the data to file:33554432 bytes
***********WAITING************

Write the data to file:33554432 bytes
***********WAITING************

Write the data to file:33554432 bytes
***********WAITING************

Write the data to file:33554432 bytes
***********WAITING************

Write the data to file:33554432 bytes
***********WAITING************

Write the data to file:33554432 bytes
***********WAITING************

Write the data to file:33554432 bytes
***********WAITING************

Write the data to file:33554432 bytes
***********WAITING************

Write the data to file:33554432 bytes
***********WAITING************

Write the data to file:33554432 bytes
***********WAITING************

Write the data to file:33554432 bytes
***********WAITING************
nr_of_strided_rec: 4
nr_doubles: 131072
nr_of_strided_rec: 4
nr_doubles: 131072
nr_of_strided_rec: 4
nr_doubles: 131072
nr_of_strided_rec: 4
nr_doubles: 131072
nr_of_strided_rec: 4
nr_doubles: 131072
nr_of_strided_rec: 4
nr_doubles: 131072
nr_of_strided_rec: 4
nr_doubles: 131072
nr_of_strided_rec: 4
nr_doubles: 131072
nr_of_strided_rec: 4
nr_doubles: 131072
nr_of_strided_rec: 4
nr_doubles: 131072
nr_of_strided_rec: 4
nr_doubles: 131072
nr_of_strided_rec: 4
nr_doubles: 131072
nr_of_strided_rec: 4
nr_doubles: 131072
nr_of_strided_rec: 4
nr_doubles: 131072
nr_of_strided_rec: 4
nr_doubles: 131072
nr_of_strided_rec: 4
nr_doubles: 131072

Write the data to file:33554432 bytes
***********WAITING************

Write the data to file:33554432 bytes
***********WAITING************

Write the data to file:33554432 bytes
***********WAITING************

Write the data to file:33554432 bytes
***********WAITING************

Write the data to file:33554432 bytes
***********WAITING************

Write the data to file:33554432 bytes
***********WAITING************

Write the data to file:33554432 bytes
***********WAITING************

Write the data to file:33554432 bytes
***********WAITING************

Write the data to file:33554432 bytes
***********WAITING************

Write the data to file:33554432 bytes
***********WAITING************

Write the data to file:33554432 bytes
***********WAITING************

Write the data to file:33554432 bytes
***********WAITING************

Write the data to file:33554432 bytes
***********WAITING************

Write the data to file:33554432 bytes
***********WAITING************

Write the data to file:33554432 bytes
***********WAITING************

Write the data to file:33554432 bytes
***********WAITING************
nr_of_strided_rec: 4
nr_doubles: 131072
nr_of_strided_rec: 4
nr_doubles: 131072
nr_of_strided_rec: 4
nr_doubles: 131072
nr_of_strided_rec: 4
nr_doubles: 131072
nr_of_strided_rec: 4
nr_doubles: 131072
nr_of_strided_rec: 4
nr_doubles: 131072
nr_of_strided_rec: 4
nr_doubles: 131072
nr_of_strided_rec: 4
nr_doubles: 131072
nr_of_strided_rec: 4
nr_doubles: 131072
nr_of_strided_rec: 4
nr_doubles: 131072
nr_of_strided_rec: 4
nr_doubles: 131072
nr_of_strided_rec: 4
nr_doubles: 131072
nr_of_strided_rec: 4
nr_doubles: 131072
nr_of_strided_rec: 4
nr_doubles: 131072
nr_of_strided_rec: 4
nr_doubles: 131072
nr_of_strided_rec: 4
nr_doubles: 131072

Write the data to file:33554432 bytes
***********WAITING************

Write the data to file:33554432 bytes
***********WAITING************

Write the data to file:33554432 bytes
***********WAITING************

Write the data to file:33554432 bytes
***********WAITING************

Write the data to file:33554432 bytes
***********WAITING************

Write the data to file:33554432 bytes
***********WAITING************

Write the data to file:33554432 bytes
***********WAITING************

Write the data to file:33554432 bytes
***********WAITING************

Write the data to file:33554432 bytes
***********WAITING************

Write the data to file:33554432 bytes
***********WAITING************

Write the data to file:33554432 bytes
***********WAITING************

Write the data to file:33554432 bytes
***********WAITING************

Write the data to file:33554432 bytes
***********WAITING************

Write the data to file:33554432 bytes
***********WAITING************

Write the data to file:33554432 bytes
***********WAITING************

Write the data to file:33554432 bytes
***********WAITING************
nr_of_strided_rec: 4
nr_doubles: 131072
nr_of_strided_rec: 4
nr_doubles: 131072
nr_of_strided_rec: 4
nr_doubles: 131072
nr_of_strided_rec: 4
nr_doubles: 131072
nr_of_strided_rec: 4
nr_doubles: 131072
nr_of_strided_rec: 4
nr_doubles: 131072
nr_of_strided_rec: 4
nr_doubles: 131072
nr_of_strided_rec: 4
nr_doubles: 131072
nr_of_strided_rec: 4
nr_doubles: 131072
nr_of_strided_rec: 4
nr_doubles: 131072
nr_of_strided_rec: 4
nr_doubles: 131072
nr_of_strided_rec: 4
nr_doubles: 131072
nr_of_strided_rec: 4
nr_doubles: 131072
nr_of_strided_rec: 4
nr_doubles: 131072
nr_of_strided_rec: 4
nr_doubles: 131072
nr_of_strided_rec: 4
nr_doubles: 131072

Write the data to file:33554432 bytes
***********WAITING************

Write the data to file:33554432 bytes
***********WAITING************

Write the data to file:33554432 bytes
***********WAITING************

Write the data to file:33554432 bytes
***********WAITING************

Write the data to file:33554432 bytes
***********WAITING************

Write the data to file:33554432 bytes
***********WAITING************

Write the data to file:33554432 bytes
***********WAITING************

Write the data to file:33554432 bytes
***********WAITING************

Write the data to file:33554432 bytes
***********WAITING************

Write the data to file:33554432 bytes
***********WAITING************

Write the data to file:33554432 bytes
***********WAITING************

Write the data to file:33554432 bytes
***********WAITING************

Write the data to file:33554432 bytes
***********WAITING************

Write the data to file:33554432 bytes
***********WAITING************

Write the data to file:33554432 bytes
***********WAITING************

Write the data to file:33554432 bytes
***********WAITING************
nr_of_strided_rec: 4
nr_doubles: 131072
nr_of_strided_rec: 4
nr_doubles: 131072
nr_of_strided_rec: 4
nr_doubles: 131072
nr_of_strided_rec: 4
nr_doubles: 131072
nr_of_strided_rec: 4
nr_doubles: 131072
nr_of_strided_rec: 4
nr_doubles: 131072
nr_of_strided_rec: 4
nr_doubles: 131072
nr_of_strided_rec: 4
nr_doubles: 131072
nr_of_strided_rec: 4
nr_doubles: 131072
nr_of_strided_rec: 4
nr_doubles: 131072
nr_of_strided_rec: 4
nr_doubles: 131072
nr_of_strided_rec: 4
nr_doubles: 131072
nr_of_strided_rec: 4
nr_doubles: 131072
nr_of_strided_rec: 4
nr_doubles: 131072
nr_of_strided_rec: 4
nr_doubles: 131072
nr_of_strided_rec: 4
nr_doubles: 131072

Write the data to file:33554432 bytes
***********WAITING************

Write the data to file:33554432 bytes
***********WAITING************

Write the data to file:33554432 bytes
***********WAITING************

Write the data to file:33554432 bytes
***********WAITING************

Write the data to file:33554432 bytes
***********WAITING************

Write the data to file:33554432 bytes
***********WAITING************

Write the data to file:33554432 bytes
***********WAITING************

Write the data to file:33554432 bytes
***********WAITING************

Write the data to file:33554432 bytes
***********WAITING************

Write the data to file:33554432 bytes
***********WAITING************

Write the data to file:33554432 bytes
***********WAITING************

Write the data to file:33554432 bytes
***********WAITING************

Write the data to file:33554432 bytes
***********WAITING************

Write the data to file:33554432 bytes
***********WAITING************

Write the data to file:33554432 bytes
***********WAITING************

Write the data to file:33554432 bytes
***********WAITING************
nr_of_strided_rec: 4
nr_doubles: 131072
nr_of_strided_rec: 4
nr_doubles: 131072
nr_of_strided_rec: 4
nr_doubles: 131072
nr_of_strided_rec: 4
nr_doubles: 131072
nr_of_strided_rec: 4
nr_doubles: 131072
nr_of_strided_rec: 4
nr_doubles: 131072
nr_of_strided_rec: 4
nr_doubles: 131072
nr_of_strided_rec: 4
nr_doubles: 131072
nr_of_strided_rec: 4
nr_doubles: 131072
nr_of_strided_rec: 4
nr_doubles: 131072
nr_of_strided_rec: 4
nr_doubles: 131072
nr_of_strided_rec: 4
nr_doubles: 131072
nr_of_strided_rec: 4
nr_doubles: 131072
nr_of_strided_rec: 4
nr_doubles: 131072
nr_of_strided_rec: 4
nr_doubles: 131072
nr_of_strided_rec: 4
nr_doubles: 131072

Write the data to file:33554432 bytes
***********WAITING************

Write the data to file:33554432 bytes
***********WAITING************

Write the data to file:33554432 bytes
***********WAITING************

Write the data to file:33554432 bytes
***********WAITING************

Write the data to file:33554432 bytes
***********WAITING************

Write the data to file:33554432 bytes
***********WAITING************

Write the data to file:33554432 bytes
***********WAITING************

Write the data to file:33554432 bytes
***********WAITING************

Write the data to file:33554432 bytes
***********WAITING************

Write the data to file:33554432 bytes
***********WAITING************

Write the data to file:33554432 bytes
***********WAITING************

Write the data to file:33554432 bytes
***********WAITING************

Write the data to file:33554432 bytes
***********WAITING************

Write the data to file:33554432 bytes
***********WAITING************

Write the data to file:33554432 bytes
***********WAITING************

Write the data to file:33554432 bytes
***********WAITING************
nr_of_strided_rec: 4
nr_doubles: 131072
nr_of_strided_rec: 4
nr_doubles: 131072
nr_of_strided_rec: 4
nr_doubles: 131072
nr_of_strided_rec: 4
nr_doubles: 131072
nr_of_strided_rec: 4
nr_doubles: 131072
nr_of_strided_rec: 4
nr_doubles: 131072
nr_of_strided_rec: 4
nr_doubles: 131072
nr_of_strided_rec: 4
nr_doubles: 131072
nr_of_strided_rec: 4
nr_doubles: 131072
nr_of_strided_rec: 4
nr_doubles: 131072
nr_of_strided_rec: 4
nr_doubles: 131072
nr_of_strided_rec: 4
nr_doubles: 131072
nr_of_strided_rec: 4
nr_doubles: 131072
nr_of_strided_rec: 4
nr_doubles: 131072
nr_of_strided_rec: 4
nr_doubles: 131072
nr_of_strided_rec: 4
nr_doubles: 131072

Write the data to file:33554432 bytes
***********WAITING************

Write the data to file:33554432 bytes
***********WAITING************

Write the data to file:33554432 bytes
***********WAITING************

Write the data to file:33554432 bytes
***********WAITING************

Write the data to file:33554432 bytes
***********WAITING************

Write the data to file:33554432 bytes
***********WAITING************

Write the data to file:33554432 bytes
***********WAITING************

Write the data to file:33554432 bytes
***********WAITING************

Write the data to file:33554432 bytes
***********WAITING************

Write the data to file:33554432 bytes
***********WAITING************

Write the data to file:33554432 bytes
***********WAITING************

Write the data to file:33554432 bytes
***********WAITING************

Write the data to file:33554432 bytes
***********WAITING************

Write the data to file:33554432 bytes
***********WAITING************

Write the data to file:33554432 bytes
***********WAITING************

Write the data to file:33554432 bytes
***********WAITING************
nr_of_strided_rec: 4
nr_doubles: 131072
nr_of_strided_rec: 4
nr_doubles: 131072
nr_of_strided_rec: 4
nr_doubles: 131072
nr_of_strided_rec: 4
nr_doubles: 131072
nr_of_strided_rec: 4
nr_doubles: 131072
nr_of_strided_rec: 4
nr_doubles: 131072
nr_of_strided_rec: 4
nr_doubles: 131072
nr_of_strided_rec: 4
nr_doubles: 131072
nr_of_strided_rec: 4
nr_doubles: 131072
nr_of_strided_rec: 4
nr_doubles: 131072
nr_of_strided_rec: 4
nr_doubles: 131072
nr_of_strided_rec: 4
nr_doubles: 131072
nr_of_strided_rec: 4
nr_doubles: 131072
nr_of_strided_rec: 4
nr_doubles: 131072
nr_of_strided_rec: 4
nr_doubles: 131072
nr_of_strided_rec: 4
nr_doubles: 131072

Write the data to file:33554432 bytes
***********WAITING************

Write the data to file:33554432 bytes
***********WAITING************

Write the data to file:33554432 bytes
***********WAITING************

Write the data to file:33554432 bytes
***********WAITING************

Write the data to file:33554432 bytes
***********WAITING************

Write the data to file:33554432 bytes
***********WAITING************

Write the data to file:33554432 bytes
***********WAITING************

Write the data to file:33554432 bytes
***********WAITING************

Write the data to file:33554432 bytes
***********WAITING************

Write the data to file:33554432 bytes
***********WAITING************

Write the data to file:33554432 bytes
***********WAITING************

Write the data to file:33554432 bytes
***********WAITING************

Write the data to file:33554432 bytes
***********WAITING************

Write the data to file:33554432 bytes
***********WAITING************

Write the data to file:33554432 bytes
***********WAITING************

Write the data to file:33554432 bytes
***********WAITING************
nr_of_strided_rec: 4
nr_doubles: 131072
nr_of_strided_rec: 4
nr_doubles: 131072
nr_of_strided_rec: 4
nr_doubles: 131072
nr_of_strided_rec: 4
nr_doubles: 131072
nr_of_strided_rec: 4
nr_doubles: 131072
nr_of_strided_rec: 4
nr_doubles: 131072
nr_of_strided_rec: 4
nr_doubles: 131072
nr_of_strided_rec: 4
nr_doubles: 131072
nr_of_strided_rec: 4
nr_doubles: 131072
nr_of_strided_rec: 4
nr_doubles: 131072
nr_of_strided_rec: 4
nr_doubles: 131072
nr_of_strided_rec: 4
nr_doubles: 131072
nr_of_strided_rec: 4
nr_doubles: 131072
nr_of_strided_rec: 4
nr_doubles: 131072
nr_of_strided_rec: 4
nr_doubles: 131072
nr_of_strided_rec: 4
nr_doubles: 131072

Write the data to file:33554432 bytes
***********WAITING************

Write the data to file:33554432 bytes
***********WAITING************

Write the data to file:33554432 bytes
***********WAITING************

Write the data to file:33554432 bytes
***********WAITING************

Write the data to file:33554432 bytes
***********WAITING************

Write the data to file:33554432 bytes
***********WAITING************

Write the data to file:33554432 bytes
***********WAITING************

Write the data to file:33554432 bytes
***********WAITING************

Write the data to file:33554432 bytes
***********WAITING************

Write the data to file:33554432 bytes
***********WAITING************

Write the data to file:33554432 bytes
***********WAITING************

Write the data to file:33554432 bytes
***********WAITING************

Write the data to file:33554432 bytes
***********WAITING************

Write the data to file:33554432 bytes
***********WAITING************

Write the data to file:33554432 bytes
***********WAITING************

Write the data to file:33554432 bytes
***********WAITING************
nr_of_strided_rec: 4
nr_doubles: 131072
nr_of_strided_rec: 4
nr_doubles: 131072
nr_of_strided_rec: 4
nr_doubles: 131072
nr_of_strided_rec: 4
nr_doubles: 131072
nr_of_strided_rec: 4
nr_doubles: 131072
nr_of_strided_rec: 4
nr_doubles: 131072
nr_of_strided_rec: 4
nr_doubles: 131072
nr_of_strided_rec: 4
nr_doubles: 131072
nr_of_strided_rec: 4
nr_doubles: 131072
nr_of_strided_rec: 4
nr_doubles: 131072
nr_of_strided_rec: 4
nr_doubles: 131072
nr_of_strided_rec: 4
nr_doubles: 131072
nr_of_strided_rec: 4
nr_doubles: 131072
nr_of_strided_rec: 4
nr_doubles: 131072
nr_of_strided_rec: 4
nr_doubles: 131072
nr_of_strided_rec: 4
nr_doubles: 131072

Write the data to file:33554432 bytes
***********WAITING************

Write the data to file:33554432 bytes
***********WAITING************

Write the data to file:33554432 bytes
***********WAITING************

Write the data to file:33554432 bytes
***********WAITING************

Write the data to file:33554432 bytes
***********WAITING************

Write the data to file:33554432 bytes
***********WAITING************

Write the data to file:33554432 bytes
***********WAITING************

Write the data to file:33554432 bytes
***********WAITING************

Write the data to file:33554432 bytes
***********WAITING************

Write the data to file:33554432 bytes
***********WAITING************

Write the data to file:33554432 bytes
***********WAITING************

Write the data to file:33554432 bytes
***********WAITING************

Write the data to file:33554432 bytes
***********WAITING************

Write the data to file:33554432 bytes
***********WAITING************

Write the data to file:33554432 bytes
***********WAITING************

Write the data to file:33554432 bytes
***********WAITING************
nr_of_strided_rec: 4
nr_doubles: 131072
nr_of_strided_rec: 4
nr_doubles: 131072
nr_of_strided_rec: 4
nr_doubles: 131072
nr_of_strided_rec: 4
nr_doubles: 131072
nr_of_strided_rec: 4
nr_doubles: 131072
nr_of_strided_rec: 4
nr_doubles: 131072
nr_of_strided_rec: 4
nr_doubles: 131072
nr_of_strided_rec: 4
nr_doubles: 131072
nr_of_strided_rec: 4
nr_doubles: 131072
nr_of_strided_rec: 4
nr_doubles: 131072
nr_of_strided_rec: 4
nr_doubles: 131072
nr_of_strided_rec: 4
nr_doubles: 131072
nr_of_strided_rec: 4
nr_doubles: 131072
nr_of_strided_rec: 4
nr_doubles: 131072
nr_of_strided_rec: 4
nr_doubles: 131072
nr_of_strided_rec: 4
nr_doubles: 131072

Write the data to file:33554432 bytes
***********WAITING************

Write the data to file:33554432 bytes
***********WAITING************

Write the data to file:33554432 bytes
***********WAITING************

Write the data to file:33554432 bytes
***********WAITING************

Write the data to file:33554432 bytes
***********WAITING************

Write the data to file:33554432 bytes
***********WAITING************

Write the data to file:33554432 bytes
***********WAITING************

Write the data to file:33554432 bytes
***********WAITING************

Write the data to file:33554432 bytes
***********WAITING************

Write the data to file:33554432 bytes
***********WAITING************

Write the data to file:33554432 bytes
***********WAITING************

Write the data to file:33554432 bytes
***********WAITING************

Write the data to file:33554432 bytes
***********WAITING************

Write the data to file:33554432 bytes
***********WAITING************

Write the data to file:33554432 bytes
***********WAITING************

Write the data to file:33554432 bytes
***********WAITING************
nr_of_strided_rec: 4
nr_doubles: 131072
nr_of_strided_rec: 4
nr_doubles: 131072
nr_of_strided_rec: 4
nr_doubles: 131072
nr_of_strided_rec: 4
nr_doubles: 131072
nr_of_strided_rec: 4
nr_doubles: 131072
nr_of_strided_rec: 4
nr_doubles: 131072
nr_of_strided_rec: 4
nr_doubles: 131072
nr_of_strided_rec: 4
nr_doubles: 131072
nr_of_strided_rec: 4
nr_doubles: 131072
nr_of_strided_rec: 4
nr_doubles: 131072
nr_of_strided_rec: 4
nr_doubles: 131072
nr_of_strided_rec: 4
nr_doubles: 131072
nr_of_strided_rec: 4
nr_doubles: 131072
nr_of_strided_rec: 4
nr_doubles: 131072
nr_of_strided_rec: 4
nr_doubles: 131072
nr_of_strided_rec: 4
nr_doubles: 131072

Write the data to file:33554432 bytes
***********WAITING************

Write the data to file:33554432 bytes
***********WAITING************

Write the data to file:33554432 bytes
***********WAITING************

Write the data to file:33554432 bytes
***********WAITING************

Write the data to file:33554432 bytes
***********WAITING************

Write the data to file:33554432 bytes
***********WAITING************

Write the data to file:33554432 bytes
***********WAITING************

Write the data to file:33554432 bytes
***********WAITING************

Write the data to file:33554432 bytes
***********WAITING************

Write the data to file:33554432 bytes
***********WAITING************

Write the data to file:33554432 bytes
***********WAITING************

Write the data to file:33554432 bytes
***********WAITING************

Write the data to file:33554432 bytes
***********WAITING************

Write the data to file:33554432 bytes
***********WAITING************

Write the data to file:33554432 bytes
***********WAITING************

Write the data to file:33554432 bytes
***********WAITING************
nr_of_strided_rec: 4
nr_doubles: 131072
nr_of_strided_rec: 4
nr_doubles: 131072
nr_of_strided_rec: 4
nr_doubles: 131072
nr_of_strided_rec: 4
nr_doubles: 131072
nr_of_strided_rec: 4
nr_doubles: 131072
nr_of_strided_rec: 4
nr_doubles: 131072
nr_of_strided_rec: 4
nr_doubles: 131072
nr_of_strided_rec: 4
nr_doubles: 131072
nr_of_strided_rec: 4
nr_doubles: 131072
nr_of_strided_rec: 4
nr_doubles: 131072
nr_of_strided_rec: 4
nr_doubles: 131072
nr_of_strided_rec: 4
nr_doubles: 131072
nr_of_strided_rec: 4
nr_doubles: 131072
nr_of_strided_rec: 4
nr_doubles: 131072
nr_of_strided_rec: 4
nr_doubles: 131072
nr_of_strided_rec: 4
nr_doubles: 131072

Write the data to file:33554432 bytes
***********WAITING************

Write the data to file:33554432 bytes
***********WAITING************

Write the data to file:33554432 bytes
***********WAITING************

Write the data to file:33554432 bytes
***********WAITING************

Write the data to file:33554432 bytes
***********WAITING************

Write the data to file:33554432 bytes
***********WAITING************

Write the data to file:33554432 bytes
***********WAITING************

Write the data to file:33554432 bytes
***********WAITING************

Write the data to file:33554432 bytes
***********WAITING************

Write the data to file:33554432 bytes
***********WAITING************

Write the data to file:33554432 bytes
***********WAITING************

Write the data to file:33554432 bytes
***********WAITING************

Write the data to file:33554432 bytes
***********WAITING************

Write the data to file:33554432 bytes
***********WAITING************

Write the data to file:33554432 bytes
***********WAITING************

Write the data to file:33554432 bytes
***********WAITING************
nr_of_strided_rec: 4
nr_doubles: 131072
nr_of_strided_rec: 4
nr_doubles: 131072
nr_of_strided_rec: 4
nr_doubles: 131072
nr_of_strided_rec: 4
nr_doubles: 131072
nr_of_strided_rec: 4
nr_doubles: 131072
nr_of_strided_rec: 4
nr_doubles: 131072
nr_of_strided_rec: 4
nr_doubles: 131072
nr_of_strided_rec: 4
nr_doubles: 131072
nr_of_strided_rec: 4
nr_doubles: 131072
nr_of_strided_rec: 4
nr_doubles: 131072
nr_of_strided_rec: 4
nr_doubles: 131072
nr_of_strided_rec: 4
nr_doubles: 131072
nr_of_strided_rec: 4
nr_doubles: 131072
nr_of_strided_rec: 4
nr_doubles: 131072
nr_of_strided_rec: 4
nr_doubles: 131072
nr_of_strided_rec: 4
nr_doubles: 131072

Write the data to file:33554432 bytes
***********WAITING************

Write the data to file:33554432 bytes
***********WAITING************

Write the data to file:33554432 bytes
***********WAITING************

Write the data to file:33554432 bytes
***********WAITING************

Write the data to file:33554432 bytes
***********WAITING************

Write the data to file:33554432 bytes
***********WAITING************

Write the data to file:33554432 bytes
***********WAITING************

Write the data to file:33554432 bytes
***********WAITING************

Write the data to file:33554432 bytes
***********WAITING************

Write the data to file:33554432 bytes
***********WAITING************

Write the data to file:33554432 bytes
***********WAITING************

Write the data to file:33554432 bytes
***********WAITING************

Write the data to file:33554432 bytes
***********WAITING************

Write the data to file:33554432 bytes
***********WAITING************

Write the data to file:33554432 bytes
***********WAITING************

Write the data to file:33554432 bytes
***********WAITING************
nr_of_strided_rec: 4
nr_doubles: 131072
nr_of_strided_rec: 4
nr_doubles: 131072
nr_of_strided_rec: 4
nr_doubles: 131072
nr_of_strided_rec: 4
nr_doubles: 131072
nr_of_strided_rec: 4
nr_doubles: 131072
nr_of_strided_rec: 4
nr_doubles: 131072
nr_of_strided_rec: 4
nr_doubles: 131072
nr_of_strided_rec: 4
nr_doubles: 131072
nr_of_strided_rec: 4
nr_doubles: 131072
nr_of_strided_rec: 4
nr_doubles: 131072
nr_of_strided_rec: 4
nr_doubles: 131072
nr_of_strided_rec: 4
nr_doubles: 131072
nr_of_strided_rec: 4
nr_doubles: 131072
nr_of_strided_rec: 4
nr_doubles: 131072
nr_of_strided_rec: 4
nr_doubles: 131072
nr_of_strided_rec: 4
nr_doubles: 131072

Write the data to file:33554432 bytes
***********WAITING************

Write the data to file:33554432 bytes
***********WAITING************

Write the data to file:33554432 bytes
***********WAITING************

Write the data to file:33554432 bytes
***********WAITING************

Write the data to file:33554432 bytes
***********WAITING************

Write the data to file:33554432 bytes
***********WAITING************

Write the data to file:33554432 bytes
***********WAITING************

Write the data to file:33554432 bytes
***********WAITING************

Write the data to file:33554432 bytes
***********WAITING************

Write the data to file:33554432 bytes
***********WAITING************

Write the data to file:33554432 bytes
***********WAITING************

Write the data to file:33554432 bytes
***********WAITING************

Write the data to file:33554432 bytes
***********WAITING************

Write the data to file:33554432 bytes
***********WAITING************

Write the data to file:33554432 bytes
***********WAITING************

Write the data to file:33554432 bytes
***********WAITING************
nr_of_strided_rec: 4
nr_doubles: 131072
nr_of_strided_rec: 4
nr_doubles: 131072
nr_of_strided_rec: 4
nr_doubles: 131072
nr_of_strided_rec: 4
nr_doubles: 131072
nr_of_strided_rec: 4
nr_doubles: 131072
nr_of_strided_rec: 4
nr_doubles: 131072
nr_of_strided_rec: 4
nr_doubles: 131072
nr_of_strided_rec: 4
nr_doubles: 131072
nr_of_strided_rec: 4
nr_doubles: 131072
nr_of_strided_rec: 4
nr_doubles: 131072
nr_of_strided_rec: 4
nr_doubles: 131072
nr_of_strided_rec: 4
nr_doubles: 131072
nr_of_strided_rec: 4
nr_doubles: 131072
nr_of_strided_rec: 4
nr_doubles: 131072
nr_of_strided_rec: 4
nr_doubles: 131072
nr_of_strided_rec: 4
nr_doubles: 131072

Write the data to file:33554432 bytes
***********WAITING************

Write the data to file:33554432 bytes
***********WAITING************

Write the data to file:33554432 bytes
***********WAITING************

Write the data to file:33554432 bytes
***********WAITING************

Write the data to file:33554432 bytes
***********WAITING************

Write the data to file:33554432 bytes
***********WAITING************

Write the data to file:33554432 bytes
***********WAITING************

Write the data to file:33554432 bytes
***********WAITING************

Write the data to file:33554432 bytes
***********WAITING************

Write the data to file:33554432 bytes
***********WAITING************

Write the data to file:33554432 bytes
***********WAITING************

Write the data to file:33554432 bytes
***********WAITING************

Write the data to file:33554432 bytes
***********WAITING************

Write the data to file:33554432 bytes
***********WAITING************

Write the data to file:33554432 bytes
***********WAITING************

Write the data to file:33554432 bytes
***********WAITING************
nr_of_strided_rec: 4
nr_doubles: 131072
nr_of_strided_rec: 4
nr_doubles: 131072
nr_of_strided_rec: 4
nr_doubles: 131072
nr_of_strided_rec: 4
nr_doubles: 131072
nr_of_strided_rec: 4
nr_doubles: 131072
nr_of_strided_rec: 4
nr_doubles: 131072
nr_of_strided_rec: 4
nr_doubles: 131072
nr_of_strided_rec: 4
nr_doubles: 131072
nr_of_strided_rec: 4
nr_doubles: 131072
nr_of_strided_rec: 4
nr_doubles: 131072
nr_of_strided_rec: 4
nr_doubles: 131072
nr_of_strided_rec: 4
nr_doubles: 131072
nr_of_strided_rec: 4
nr_doubles: 131072
nr_of_strided_rec: 4
nr_doubles: 131072
nr_of_strided_rec: 4
nr_doubles: 131072
nr_of_strided_rec: 4
nr_doubles: 131072

Write the data to file:33554432 bytes
***********WAITING************

Write the data to file:33554432 bytes
***********WAITING************

Write the data to file:33554432 bytes
***********WAITING************

Write the data to file:33554432 bytes
***********WAITING************

Write the data to file:33554432 bytes
***********WAITING************

Write the data to file:33554432 bytes
***********WAITING************

Write the data to file:33554432 bytes
***********WAITING************

Write the data to file:33554432 bytes
***********WAITING************

Write the data to file:33554432 bytes
***********WAITING************

Write the data to file:33554432 bytes
***********WAITING************

Write the data to file:33554432 bytes
***********WAITING************

Write the data to file:33554432 bytes
***********WAITING************

Write the data to file:33554432 bytes
***********WAITING************

Write the data to file:33554432 bytes
***********WAITING************

Write the data to file:33554432 bytes
***********WAITING************

Write the data to file:33554432 bytes
***********WAITING************
nr_of_strided_rec: 4
nr_doubles: 131072
nr_of_strided_rec: 4
nr_doubles: 131072
nr_of_strided_rec: 4
nr_doubles: 131072
nr_of_strided_rec: 4
nr_doubles: 131072
nr_of_strided_rec: 4
nr_doubles: 131072
nr_of_strided_rec: 4
nr_doubles: 131072
nr_of_strided_rec: 4
nr_doubles: 131072
nr_of_strided_rec: 4
nr_doubles: 131072
nr_of_strided_rec: 4
nr_doubles: 131072
nr_of_strided_rec: 4
nr_doubles: 131072
nr_of_strided_rec: 4
nr_doubles: 131072
nr_of_strided_rec: 4
nr_doubles: 131072
nr_of_strided_rec: 4
nr_doubles: 131072
nr_of_strided_rec: 4
nr_doubles: 131072
nr_of_strided_rec: 4
nr_doubles: 131072
nr_of_strided_rec: 4
nr_doubles: 131072

Write the data to file:33554432 bytes
***********WAITING************

Write the data to file:33554432 bytes
***********WAITING************

Write the data to file:33554432 bytes
***********WAITING************

Write the data to file:33554432 bytes
***********WAITING************

Write the data to file:33554432 bytes
***********WAITING************

Write the data to file:33554432 bytes
***********WAITING************

Write the data to file:33554432 bytes
***********WAITING************

Write the data to file:33554432 bytes
***********WAITING************

Write the data to file:33554432 bytes
***********WAITING************

Write the data to file:33554432 bytes
***********WAITING************

Write the data to file:33554432 bytes
***********WAITING************

Write the data to file:33554432 bytes
***********WAITING************

Write the data to file:33554432 bytes
***********WAITING************

Write the data to file:33554432 bytes
***********WAITING************

Write the data to file:33554432 bytes
***********WAITING************

Write the data to file:33554432 bytes
***********WAITING************
nr_of_strided_rec: 4
nr_doubles: 131072
nr_of_strided_rec: 4
nr_doubles: 131072
nr_of_strided_rec: 4
nr_doubles: 131072
nr_of_strided_rec: 4
nr_doubles: 131072
nr_of_strided_rec: 4
nr_doubles: 131072
nr_of_strided_rec: 4
nr_doubles: 131072
nr_of_strided_rec: 4
nr_doubles: 131072
nr_of_strided_rec: 4
nr_doubles: 131072
nr_of_strided_rec: 4
nr_doubles: 131072
nr_of_strided_rec: 4
nr_doubles: 131072
nr_of_strided_rec: 4
nr_doubles: 131072
nr_of_strided_rec: 4
nr_doubles: 131072
nr_of_strided_rec: 4
nr_doubles: 131072
nr_of_strided_rec: 4
nr_doubles: 131072
nr_of_strided_rec: 4
nr_doubles: 131072
nr_of_strided_rec: 4
nr_doubles: 131072

Write the data to file:33554432 bytes
***********WAITING************

Write the data to file:33554432 bytes
***********WAITING************

Write the data to file:33554432 bytes
***********WAITING************

Write the data to file:33554432 bytes
***********WAITING************

Write the data to file:33554432 bytes
***********WAITING************

Write the data to file:33554432 bytes
***********WAITING************

Write the data to file:33554432 bytes
***********WAITING************

Write the data to file:33554432 bytes
***********WAITING************

Write the data to file:33554432 bytes
***********WAITING************

Write the data to file:33554432 bytes
***********WAITING************

Write the data to file:33554432 bytes
***********WAITING************

Write the data to file:33554432 bytes
***********WAITING************

Write the data to file:33554432 bytes
***********WAITING************

Write the data to file:33554432 bytes
***********WAITING************

Write the data to file:33554432 bytes
***********WAITING************

Write the data to file:33554432 bytes
***********WAITING************
nr_of_strided_rec: 4
nr_doubles: 131072
nr_of_strided_rec: 4
nr_doubles: 131072
nr_of_strided_rec: 4
nr_doubles: 131072
nr_of_strided_rec: 4
nr_doubles: 131072
nr_of_strided_rec: 4
nr_doubles: 131072
nr_of_strided_rec: 4
nr_doubles: 131072
nr_of_strided_rec: 4
nr_doubles: 131072
nr_of_strided_rec: 4
nr_doubles: 131072
nr_of_strided_rec: 4
nr_doubles: 131072
nr_of_strided_rec: 4
nr_doubles: 131072
nr_of_strided_rec: 4
nr_doubles: 131072
nr_of_strided_rec: 4
nr_doubles: 131072
nr_of_strided_rec: 4
nr_doubles: 131072
nr_of_strided_rec: 4
nr_doubles: 131072
nr_of_strided_rec: 4
nr_doubles: 131072
nr_of_strided_rec: 4
nr_doubles: 131072

Write the data to file:33554432 bytes
***********WAITING************

Write the data to file:33554432 bytes
***********WAITING************

Write the data to file:33554432 bytes
***********WAITING************

Write the data to file:33554432 bytes
***********WAITING************

Write the data to file:33554432 bytes
***********WAITING************

Write the data to file:33554432 bytes
***********WAITING************

Write the data to file:33554432 bytes
***********WAITING************

Write the data to file:33554432 bytes
***********WAITING************

Write the data to file:33554432 bytes
***********WAITING************

Write the data to file:33554432 bytes
***********WAITING************

Write the data to file:33554432 bytes
***********WAITING************

Write the data to file:33554432 bytes
***********WAITING************

Write the data to file:33554432 bytes
***********WAITING************

Write the data to file:33554432 bytes
***********WAITING************

Write the data to file:33554432 bytes
***********WAITING************

Write the data to file:33554432 bytes
***********WAITING************
nr_of_strided_rec: 4
nr_doubles: 131072
nr_of_strided_rec: 4
nr_doubles: 131072
nr_of_strided_rec: 4
nr_doubles: 131072
nr_of_strided_rec: 4
nr_doubles: 131072
nr_of_strided_rec: 4
nr_doubles: 131072
nr_of_strided_rec: 4
nr_doubles: 131072
nr_of_strided_rec: 4
nr_doubles: 131072
nr_of_strided_rec: 4
nr_doubles: 131072
nr_of_strided_rec: 4
nr_doubles: 131072
nr_of_strided_rec: 4
nr_doubles: 131072
nr_of_strided_rec: 4
nr_doubles: 131072
nr_of_strided_rec: 4
nr_doubles: 131072
nr_of_strided_rec: 4
nr_doubles: 131072
nr_of_strided_rec: 4
nr_doubles: 131072
nr_of_strided_rec: 4
nr_doubles: 131072
nr_of_strided_rec: 4
nr_doubles: 131072

Write the data to file:33554432 bytes
***********WAITING************

Write the data to file:33554432 bytes
***********WAITING************

Write the data to file:33554432 bytes
***********WAITING************

Write the data to file:33554432 bytes
***********WAITING************

Write the data to file:33554432 bytes
***********WAITING************

Write the data to file:33554432 bytes
***********WAITING************

Write the data to file:33554432 bytes
***********WAITING************

Write the data to file:33554432 bytes
***********WAITING************

Write the data to file:33554432 bytes
***********WAITING************

Write the data to file:33554432 bytes
***********WAITING************

Write the data to file:33554432 bytes
***********WAITING************

Write the data to file:33554432 bytes
***********WAITING************

Write the data to file:33554432 bytes
***********WAITING************

Write the data to file:33554432 bytes
***********WAITING************

Write the data to file:33554432 bytes
***********WAITING************

Write the data to file:33554432 bytes
***********WAITING************
nr_of_strided_rec: 4
nr_doubles: 131072
nr_of_strided_rec: 4
nr_doubles: 131072
nr_of_strided_rec: 4
nr_doubles: 131072
nr_of_strided_rec: 4
nr_doubles: 131072
nr_of_strided_rec: 4
nr_doubles: 131072
nr_of_strided_rec: 4
nr_doubles: 131072
nr_of_strided_rec: 4
nr_doubles: 131072
nr_of_strided_rec: 4
nr_doubles: 131072
nr_of_strided_rec: 4
nr_doubles: 131072
nr_of_strided_rec: 4
nr_doubles: 131072
nr_of_strided_rec: 4
nr_doubles: 131072
nr_of_strided_rec: 4
nr_doubles: 131072
nr_of_strided_rec: 4
nr_doubles: 131072
nr_of_strided_rec: 4
nr_doubles: 131072
nr_of_strided_rec: 4
nr_doubles: 131072
nr_of_strided_rec: 4
nr_doubles: 131072

Write the data to file:33554432 bytes
***********WAITING************

Write the data to file:33554432 bytes
***********WAITING************

Write the data to file:33554432 bytes
***********WAITING************

Write the data to file:33554432 bytes
***********WAITING************

Write the data to file:33554432 bytes
***********WAITING************

Write the data to file:33554432 bytes
***********WAITING************

Write the data to file:33554432 bytes
***********WAITING************

Write the data to file:33554432 bytes
***********WAITING************

Write the data to file:33554432 bytes
***********WAITING************

Write the data to file:33554432 bytes
***********WAITING************

Write the data to file:33554432 bytes
***********WAITING************

Write the data to file:33554432 bytes
***********WAITING************

Write the data to file:33554432 bytes
***********WAITING************

Write the data to file:33554432 bytes
***********WAITING************

Write the data to file:33554432 bytes
***********WAITING************

Write the data to file:33554432 bytes
***********WAITING************
nr_of_strided_rec: 4
nr_doubles: 131072
nr_of_strided_rec: 4
nr_doubles: 131072
nr_of_strided_rec: 4
nr_doubles: 131072
nr_of_strided_rec: 4
nr_doubles: 131072
nr_of_strided_rec: 4
nr_doubles: 131072
nr_of_strided_rec: 4
nr_doubles: 131072
nr_of_strided_rec: 4
nr_doubles: 131072
nr_of_strided_rec: 4
nr_doubles: 131072
nr_of_strided_rec: 4
nr_doubles: 131072
nr_of_strided_rec: 4
nr_doubles: 131072
nr_of_strided_rec: 4
nr_doubles: 131072
nr_of_strided_rec: 4
nr_doubles: 131072
nr_of_strided_rec: 4
nr_doubles: 131072
nr_of_strided_rec: 4
nr_doubles: 131072
nr_of_strided_rec: 4
nr_doubles: 131072
nr_of_strided_rec: 4
nr_doubles: 131072

Write the data to file:33554432 bytes
***********WAITING************

Write the data to file:33554432 bytes
***********WAITING************

Write the data to file:33554432 bytes
***********WAITING************

Write the data to file:33554432 bytes
***********WAITING************

Write the data to file:33554432 bytes
***********WAITING************

Write the data to file:33554432 bytes
***********WAITING************

Write the data to file:33554432 bytes
***********WAITING************

Write the data to file:33554432 bytes
***********WAITING************

Write the data to file:33554432 bytes
***********WAITING************

Write the data to file:33554432 bytes
***********WAITING************

Write the data to file:33554432 bytes
***********WAITING************

Write the data to file:33554432 bytes
***********WAITING************

Write the data to file:33554432 bytes
***********WAITING************

Write the data to file:33554432 bytes
***********WAITING************

Write the data to file:33554432 bytes
***********WAITING************

Write the data to file:33554432 bytes
***********WAITING************
nr_of_strided_rec: 4
nr_doubles: 131072
nr_of_strided_rec: 4
nr_doubles: 131072
nr_of_strided_rec: 4
nr_doubles: 131072
nr_of_strided_rec: 4
nr_doubles: 131072
nr_of_strided_rec: 4
nr_doubles: 131072
nr_of_strided_rec: 4
nr_doubles: 131072
nr_of_strided_rec: 4
nr_doubles: 131072
nr_of_strided_rec: 4
nr_doubles: 131072
nr_of_strided_rec: 4
nr_doubles: 131072
nr_of_strided_rec: 4
nr_doubles: 131072
nr_of_strided_rec: 4
nr_doubles: 131072
nr_of_strided_rec: 4
nr_doubles: 131072
nr_of_strided_rec: 4
nr_doubles: 131072
nr_of_strided_rec: 4
nr_doubles: 131072
nr_of_strided_rec: 4
nr_doubles: 131072
nr_of_strided_rec: 4
nr_doubles: 131072

Write the data to file:33554432 bytes
***********WAITING************

Write the data to file:33554432 bytes
***********WAITING************

Write the data to file:33554432 bytes
***********WAITING************

Write the data to file:33554432 bytes
***********WAITING************

Write the data to file:33554432 bytes
***********WAITING************

Write the data to file:33554432 bytes
***********WAITING************

Write the data to file:33554432 bytes
***********WAITING************

Write the data to file:33554432 bytes
***********WAITING************

Write the data to file:33554432 bytes
***********WAITING************

Write the data to file:33554432 bytes
***********WAITING************

Write the data to file:33554432 bytes
***********WAITING************

Write the data to file:33554432 bytes
***********WAITING************

Write the data to file:33554432 bytes
***********WAITING************

Write the data to file:33554432 bytes
***********WAITING************

Write the data to file:33554432 bytes
***********WAITING************

Write the data to file:33554432 bytes
***********WAITING************
nr_of_strided_rec: 4
nr_doubles: 131072
nr_of_strided_rec: 4
nr_doubles: 131072
nr_of_strided_rec: 4
nr_doubles: 131072
nr_of_strided_rec: 4
nr_doubles: 131072
nr_of_strided_rec: 4
nr_doubles: 131072
nr_of_strided_rec: 4
nr_doubles: 131072
nr_of_strided_rec: 4
nr_doubles: 131072
nr_of_strided_rec: 4
nr_doubles: 131072
nr_of_strided_rec: 4
nr_doubles: 131072
nr_of_strided_rec: 4
nr_doubles: 131072
nr_of_strided_rec: 4
nr_doubles: 131072
nr_of_strided_rec: 4
nr_doubles: 131072
nr_of_strided_rec: 4
nr_doubles: 131072
nr_of_strided_rec: 4
nr_doubles: 131072
nr_of_strided_rec: 4
nr_doubles: 131072
nr_of_strided_rec: 4
nr_doubles: 131072

Write the data to file:33554432 bytes
***********WAITING************

Write the data to file:33554432 bytes
***********WAITING************

Write the data to file:33554432 bytes
***********WAITING************

Write the data to file:33554432 bytes
***********WAITING************

Write the data to file:33554432 bytes
***********WAITING************

Write the data to file:33554432 bytes
***********WAITING************

Write the data to file:33554432 bytes
***********WAITING************

Write the data to file:33554432 bytes
***********WAITING************

Write the data to file:33554432 bytes
***********WAITING************

Write the data to file:33554432 bytes
***********WAITING************

Write the data to file:33554432 bytes
***********WAITING************

Write the data to file:33554432 bytes
***********WAITING************

Write the data to file:33554432 bytes
***********WAITING************

Write the data to file:33554432 bytes
***********WAITING************

Write the data to file:33554432 bytes
***********WAITING************

Write the data to file:33554432 bytes
***********WAITING************
nr_of_strided_rec: 4
nr_doubles: 131072
nr_of_strided_rec: 4
nr_doubles: 131072
nr_of_strided_rec: 4
nr_doubles: 131072
nr_of_strided_rec: 4
nr_doubles: 131072
nr_of_strided_rec: 4
nr_doubles: 131072
nr_of_strided_rec: 4
nr_doubles: 131072
nr_of_strided_rec: 4
nr_doubles: 131072
nr_of_strided_rec: 4
nr_doubles: 131072
nr_of_strided_rec: 4
nr_doubles: 131072
nr_of_strided_rec: 4
nr_doubles: 131072
nr_of_strided_rec: 4
nr_doubles: 131072
nr_of_strided_rec: 4
nr_doubles: 131072
nr_of_strided_rec: 4
nr_doubles: 131072
nr_of_strided_rec: 4
nr_doubles: 131072
nr_of_strided_rec: 4
nr_doubles: 131072
nr_of_strided_rec: 4
nr_doubles: 131072

Write the data to file:33554432 bytes
***********WAITING************

Write the data to file:33554432 bytes
***********WAITING************

Write the data to file:33554432 bytes
***********WAITING************

Write the data to file:33554432 bytes
***********WAITING************

Write the data to file:33554432 bytes
***********WAITING************

Write the data to file:33554432 bytes
***********WAITING************

Write the data to file:33554432 bytes
***********WAITING************

Write the data to file:33554432 bytes
***********WAITING************

Write the data to file:33554432 bytes
***********WAITING************

Write the data to file:33554432 bytes
***********WAITING************

Write the data to file:33554432 bytes
***********WAITING************

Write the data to file:33554432 bytes
***********WAITING************

Write the data to file:33554432 bytes
***********WAITING************

Write the data to file:33554432 bytes
***********WAITING************

Write the data to file:33554432 bytes
***********WAITING************

Write the data to file:33554432 bytes
***********WAITING************
nr_of_strided_rec: 4
nr_doubles: 131072
nr_of_strided_rec: 4
nr_doubles: 131072
nr_of_strided_rec: 4
nr_doubles: 131072
nr_of_strided_rec: 4
nr_doubles: 131072
nr_of_strided_rec: 4
nr_doubles: 131072
nr_of_strided_rec: 4
nr_doubles: 131072
nr_of_strided_rec: 4
nr_doubles: 131072
nr_of_strided_rec: 4
nr_doubles: 131072
nr_of_strided_rec: 4
nr_doubles: 131072
nr_of_strided_rec: 4
nr_doubles: 131072
nr_of_strided_rec: 4
nr_doubles: 131072
nr_of_strided_rec: 4
nr_doubles: 131072
nr_of_strided_rec: 4
nr_doubles: 131072
nr_of_strided_rec: 4
nr_doubles: 131072
nr_of_strided_rec: 4
nr_doubles: 131072
nr_of_strided_rec: 4
nr_doubles: 131072

Write the data to file:33554432 bytes
***********WAITING************

Write the data to file:33554432 bytes
***********WAITING************

Write the data to file:33554432 bytes
***********WAITING************

Write the data to file:33554432 bytes
***********WAITING************

Write the data to file:33554432 bytes
***********WAITING************

Write the data to file:33554432 bytes
***********WAITING************

Write the data to file:33554432 bytes
***********WAITING************

Write the data to file:33554432 bytes
***********WAITING************

Write the data to file:33554432 bytes
***********WAITING************

Write the data to file:33554432 bytes
***********WAITING************

Write the data to file:33554432 bytes
***********WAITING************

Write the data to file:33554432 bytes
***********WAITING************

Write the data to file:33554432 bytes
***********WAITING************

Write the data to file:33554432 bytes
***********WAITING************

Write the data to file:33554432 bytes
***********WAITING************

Write the data to file:33554432 bytes
***********WAITING************

Write the data to file:33554432 bytes
***********WAITING************

Write the data to file:33554432 bytes
***********WAITING************

Write the data to file:33554432 bytes
***********WAITING************

Write the data to file:33554432 bytes
***********WAITING************

Write the data to file:33554432 bytes
***********WAITING************

Write the data to file:33554432 bytes
***********WAITING************

Write the data to file:33554432 bytes
***********WAITING************

Write the data to file:33554432 bytes
***********WAITING************

Write the data to file:33554432 bytes
***********WAITING************

Write the data to file:33554432 bytes
***********WAITING************

Write the data to file:33554432 bytes
***********WAITING************

Write the data to file:33554432 bytes
***********WAITING************

Write the data to file:33554432 bytes
***********WAITING************

Write the data to file:33554432 bytes
***********WAITING************

Write the data to file:33554432 bytes
***********WAITING************

Write the data to file:33554432 bytes
***********WAITING************
W_cc         1.73   [      1.72:      1.73]
W_r         43.99   [     43.99:     43.99]
W_w         26.99   [     26.99:     26.99]
          -------
W_total     72.70   [     72.70:     72.71]

calc_W done
calc_W done
calc_W done
calc_W done
calc_W done
calc_W done
calc_W done
calc_W done
calc_W done
calc_W done
nr_of_strided_rec: 4
calc_W done
nr_of_strided_rec: 4
nr_doubles: 131072
calc_W done
nr_of_strided_rec: 4
nr_doubles: 131072
calc_W done
nr_of_strided_rec: 4
nr_doubles: 131072
calc_W done
nr_of_strided_rec: 4
nr_doubles: 131072
calc_W done
nr_of_strided_rec: 4
nr_doubles: 131072
calc_W done
nr_of_strided_rec: 4
nr_doubles: 131072
nr_of_strided_rec: 4
nr_doubles: 131072
nr_of_strided_rec: 4
nr_doubles: 131072
nr_of_strided_rec: 4
nr_doubles: 131072
nr_of_strided_rec: 4
nr_doubles: 131072
nr_of_strided_rec: 4
nr_doubles: 131072
nr_of_strided_rec: 4
nr_doubles: 131072
nr_of_strided_rec: 4
nr_doubles: 131072
nr_of_strided_rec: 4
nr_doubles: 131072
nr_of_strided_rec: 4
nr_doubles: 131072
nr_doubles: 131072
nr_of_strided_rec: 4
nr_doubles: 131072
nr_of_strided_rec: 4
nr_doubles: 131072
nr_of_strided_rec: 4
nr_doubles: 131072
nr_of_strided_rec: 4
nr_doubles: 131072
nr_of_strided_rec: 4
nr_doubles: 131072
nr_of_strided_rec: 4
nr_doubles: 131072
nr_of_strided_rec: 4
nr_doubles: 131072
nr_of_strided_rec: 4
nr_doubles: 131072
nr_of_strided_rec: 4
nr_doubles: 131072
nr_of_strided_rec: 4
nr_doubles: 131072
nr_of_strided_rec: 4
nr_doubles: 131072
nr_of_strided_rec: 4
nr_doubles: 131072
nr_of_strided_rec: 4
nr_doubles: 131072
nr_of_strided_rec: 4
nr_doubles: 131072
nr_of_strided_rec: 4
nr_doubles: 131072
nr_of_strided_rec: 4
nr_doubles: 131072
nr_of_strided_rec: 4
nr_doubles: 131072
nr_of_strided_rec: 4
nr_doubles: 131072
nr_of_strided_rec: 4
nr_doubles: 131072
nr_of_strided_rec: 4
nr_doubles: 131072
nr_of_strided_rec: 4
nr_doubles: 131072
nr_of_strided_rec: 4
nr_doubles: 131072
nr_of_strided_rec: 4
nr_doubles: 131072
nr_of_strided_rec: 4
nr_doubles: 131072
nr_of_strided_rec: 4
nr_doubles: 131072
nr_of_strided_rec: 4
nr_doubles: 131072
nr_of_strided_rec: 4
nr_doubles: 131072
nr_of_strided_rec: 4
nr_doubles: 131072
nr_of_strided_rec: 4
nr_doubles: 131072
nr_of_strided_rec: 4
nr_doubles: 131072
nr_of_strided_rec: 4
nr_doubles: 131072
nr_of_strided_rec: 4
nr_doubles: 131072
nr_of_strided_rec: 4
nr_doubles: 131072
nr_of_strided_rec: 4
nr_doubles: 131072
nr_of_strided_rec: 4
nr_doubles: 131072
nr_of_strided_rec: 4
nr_doubles: 131072
nr_of_strided_rec: 4
nr_doubles: 131072
nr_of_strided_rec: 4
nr_doubles: 131072
nr_of_strided_rec: 4
nr_doubles: 131072
nr_of_strided_rec: 4
nr_doubles: 131072
nr_of_strided_rec: 4
nr_doubles: 131072
nr_of_strided_rec: 4
nr_doubles: 131072
nr_of_strided_rec: 4
nr_doubles: 131072
nr_of_strided_rec: 4
nr_doubles: 131072
nr_of_strided_rec: 4
nr_doubles: 131072
nr_of_strided_rec: 4
nr_doubles: 131072
nr_of_strided_rec: 4
nr_doubles: 131072
nr_of_strided_rec: 4
nr_doubles: 131072
nr_of_strided_rec: 4
nr_doubles: 131072
nr_of_strided_rec: 4
nr_doubles: 131072
nr_of_strided_rec: 4
nr_doubles: 131072
nr_of_strided_rec: 4
nr_doubles: 131072
nr_of_strided_rec: 4
nr_doubles: 131072
nr_of_strided_rec: 4
nr_doubles: 131072
nr_of_strided_rec: 4
nr_doubles: 131072
nr_of_strided_rec: 4
nr_doubles: 131072
nr_of_strided_rec: 4
nr_doubles: 131072
nr_of_strided_rec: 4
nr_doubles: 131072
nr_of_strided_rec: 4
nr_doubles: 131072
nr_of_strided_rec: 4
nr_doubles: 131072
nr_of_strided_rec: 4
nr_doubles: 131072
nr_of_strided_rec: 4
nr_doubles: 131072
nr_of_strided_rec: 4
nr_doubles: 131072
nr_of_strided_rec: 4
nr_doubles: 131072
nr_of_strided_rec: 4
nr_doubles: 131072
nr_of_strided_rec: 4
nr_doubles: 131072
nr_of_strided_rec: 4
nr_doubles: 131072
nr_of_strided_rec: 4
nr_doubles: 131072
nr_of_strided_rec: 4
nr_doubles: 131072
nr_of_strided_rec: 4
nr_doubles: 131072
nr_of_strided_rec: 4
nr_doubles: 131072
nr_of_strided_rec: 4
nr_doubles: 131072
nr_of_strided_rec: 4
nr_doubles: 131072
nr_of_strided_rec: 4
nr_doubles: 131072
nr_of_strided_rec: 4
nr_doubles: 131072
nr_of_strided_rec: 4
nr_doubles: 131072
nr_of_strided_rec: 4
nr_doubles: 131072
nr_of_strided_rec: 4
nr_doubles: 131072
nr_of_strided_rec: 4
nr_doubles: 131072
nr_of_strided_rec: 4
nr_doubles: 131072
nr_of_strided_rec: 4
nr_doubles: 131072
nr_of_strided_rec: 4
nr_doubles: 131072
nr_of_strided_rec: 4
nr_doubles: 131072
nr_of_strided_rec: 4
nr_doubles: 131072
nr_of_strided_rec: 4
nr_doubles: 131072
nr_of_strided_rec: 4
nr_doubles: 131072
nr_of_strided_rec: 4
nr_doubles: 131072
nr_of_strided_rec: 4
nr_doubles: 131072
nr_of_strided_rec: 4
nr_doubles: 131072
nr_of_strided_rec: 4
nr_doubles: 131072
nr_of_strided_rec: 4
nr_doubles: 131072
nr_of_strided_rec: 4
nr_doubles: 131072
nr_of_strided_rec: 4
nr_doubles: 131072
nr_of_strided_rec: 4
nr_doubles: 131072
nr_of_strided_rec: 4
nr_doubles: 131072
nr_of_strided_rec: 4
nr_doubles: 131072
nr_of_strided_rec: 4
nr_doubles: 131072
nr_of_strided_rec: 4
nr_doubles: 131072
nr_of_strided_rec: 4
nr_doubles: 131072
nr_of_strided_rec: 4
nr_doubles: 131072
nr_of_strided_rec: 4
nr_doubles: 131072
nr_of_strided_rec: 4
nr_doubles: 131072
nr_of_strided_rec: 4
nr_doubles: 131072
nr_of_strided_rec: 4
nr_doubles: 131072
nr_of_strided_rec: 4
nr_doubles: 131072
nr_of_strided_rec: 4
nr_doubles: 131072
nr_of_strided_rec: 4
nr_doubles: 131072
nr_of_strided_rec: 4
nr_doubles: 131072
nr_of_strided_rec: 4
nr_doubles: 131072
nr_of_strided_rec: 4
nr_doubles: 131072
nr_of_strided_rec: 4
nr_doubles: 131072
nr_of_strided_rec: 4
nr_doubles: 131072
nr_of_strided_rec: 4
nr_doubles: 131072
nr_of_strided_rec: 4
nr_doubles: 131072
nr_of_strided_rec: 4
nr_doubles: 131072
nr_of_strided_rec: 4
nr_doubles: 131072
nr_of_strided_rec: 4
nr_doubles: 131072
nr_of_strided_rec: 4
nr_doubles: 131072
nr_of_strided_rec: 4
nr_doubles: 131072
nr_of_strided_rec: 4
nr_doubles: 131072
nr_of_strided_rec: 4
nr_doubles: 131072
nr_of_strided_rec: 4
nr_doubles: 131072
nr_of_strided_rec: 4
nr_doubles: 131072
nr_of_strided_rec: 4
nr_doubles: 131072
nr_of_strided_rec: 4
nr_doubles: 131072
nr_of_strided_rec: 4
nr_doubles: 131072
nr_of_strided_rec: 4
nr_doubles: 131072
nr_of_strided_rec: 4
nr_doubles: 131072
nr_of_strided_rec: 4
nr_doubles: 131072
nr_of_strided_rec: 4
nr_doubles: 131072
nr_of_strided_rec: 4
nr_doubles: 131072
nr_of_strided_rec: 4
nr_doubles: 131072
nr_of_strided_rec: 4
nr_doubles: 131072
nr_of_strided_rec: 4
nr_doubles: 131072
nr_of_strided_rec: 4
nr_doubles: 131072
nr_of_strided_rec: 4
nr_doubles: 131072
nr_of_strided_rec: 4
nr_doubles: 131072
nr_of_strided_rec: 4
nr_doubles: 131072
nr_of_strided_rec: 4
nr_doubles: 131072
nr_of_strided_rec: 4
nr_doubles: 131072
nr_of_strided_rec: 4
nr_doubles: 131072
nr_of_strided_rec: 4
nr_doubles: 131072
nr_of_strided_rec: 4
nr_doubles: 131072
nr_of_strided_rec: 4
nr_doubles: 131072
nr_of_strided_rec: 4
nr_doubles: 131072
nr_of_strided_rec: 4
nr_doubles: 131072
nr_of_strided_rec: 4
nr_doubles: 131072
nr_of_strided_rec: 4
nr_doubles: 131072
nr_of_strided_rec: 4
nr_doubles: 131072
nr_of_strided_rec: 4
nr_doubles: 131072
nr_of_strided_rec: 4
nr_doubles: 131072
nr_of_strided_rec: 4
nr_doubles: 131072
nr_of_strided_rec: 4
nr_doubles: 131072
nr_of_strided_rec: 4
nr_doubles: 131072
nr_of_strided_rec: 4
nr_doubles: 131072
nr_of_strided_rec: 4
nr_doubles: 131072
nr_of_strided_rec: 4
nr_doubles: 131072
nr_of_strided_rec: 4
nr_doubles: 131072
nr_of_strided_rec: 4
nr_doubles: 131072
nr_of_strided_rec: 4
nr_doubles: 131072
nr_of_strided_rec: 4
nr_doubles: 131072
nr_of_strided_rec: 4
nr_doubles: 131072
nr_of_strided_rec: 4
nr_doubles: 131072
nr_of_strided_rec: 4
nr_doubles: 131072
nr_of_strided_rec: 4
nr_doubles: 131072
nr_of_strided_rec: 4
nr_doubles: 131072
nr_of_strided_rec: 4
nr_doubles: 131072
nr_of_strided_rec: 4
nr_doubles: 131072
nr_of_strided_rec: 4
nr_doubles: 131072
nr_of_strided_rec: 4
nr_doubles: 131072
nr_of_strided_rec: 4
nr_doubles: 131072
nr_of_strided_rec: 4
nr_doubles: 131072
nr_of_strided_rec: 4
nr_doubles: 131072
nr_of_strided_rec: 4
nr_doubles: 131072
nr_of_strided_rec: 4
nr_doubles: 131072
nr_of_strided_rec: 4
nr_doubles: 131072
nr_of_strided_rec: 4
nr_doubles: 131072
nr_of_strided_rec: 4
nr_doubles: 131072
nr_of_strided_rec: 4
nr_doubles: 131072
nr_of_strided_rec: 4
nr_doubles: 131072
nr_of_strided_rec: 4
nr_doubles: 131072
nr_of_strided_rec: 4
nr_doubles: 131072
nr_of_strided_rec: 4
nr_doubles: 131072
nr_of_strided_rec: 4
nr_doubles: 131072
nr_of_strided_rec: 4
nr_doubles: 131072
nr_of_strided_rec: 4
nr_doubles: 131072
nr_of_strided_rec: 4
nr_doubles: 131072
nr_of_strided_rec: 4
nr_doubles: 131072
nr_of_strided_rec: 4
nr_doubles: 131072
nr_of_strided_rec: 4
nr_doubles: 131072
nr_of_strided_rec: 4
nr_doubles: 131072
nr_of_strided_rec: 4
nr_doubles: 131072
nr_of_strided_rec: 4
nr_doubles: 131072
nr_of_strided_rec: 4
nr_doubles: 131072
nr_of_strided_rec: 4
nr_doubles: 131072
nr_of_strided_rec: 4
nr_doubles: 131072
nr_of_strided_rec: 4
nr_doubles: 131072
nr_of_strided_rec: 4
nr_doubles: 131072
nr_of_strided_rec: 4
nr_doubles: 131072
nr_of_strided_rec: 4
nr_doubles: 131072
nr_of_strided_rec: 4
nr_doubles: 131072
nr_of_strided_rec: 4
nr_doubles: 131072
nr_of_strided_rec: 4
nr_doubles: 131072
nr_of_strided_rec: 4
nr_doubles: 131072
nr_of_strided_rec: 4
nr_doubles: 131072
nr_of_strided_rec: 4
nr_doubles: 131072
nr_of_strided_rec: 4
nr_doubles: 131072
nr_of_strided_rec: 4
nr_doubles: 131072
nr_of_strided_rec: 4
nr_doubles: 131072
nr_of_strided_rec: 4
nr_doubles: 131072
nr_of_strided_rec: 4
nr_doubles: 131072
nr_of_strided_rec: 4
nr_doubles: 131072
nr_of_strided_rec: 4
nr_doubles: 131072
nr_of_strided_rec: 4
nr_doubles: 131072
nr_of_strided_rec: 4
nr_doubles: 131072
nr_of_strided_rec: 4
nr_doubles: 131072
nr_of_strided_rec: 4
nr_doubles: 131072
nr_of_strided_rec: 4
nr_doubles: 131072
nr_of_strided_rec: 4
nr_doubles: 131072
nr_of_strided_rec: 4
nr_doubles: 131072
nr_of_strided_rec: 4
nr_doubles: 131072
nr_of_strided_rec: 4
nr_doubles: 131072
nr_of_strided_rec: 4
nr_doubles: 131072
nr_of_strided_rec: 4
nr_doubles: 131072
nr_of_strided_rec: 4
nr_doubles: 131072
nr_of_strided_rec: 4
nr_doubles: 131072
nr_of_strided_rec: 4
nr_doubles: 131072
nr_of_strided_rec: 4
nr_doubles: 131072
nr_of_strided_rec: 4
nr_doubles: 131072
nr_of_strided_rec: 4
nr_doubles: 131072
nr_of_strided_rec: 4
nr_doubles: 131072
nr_of_strided_rec: 4
nr_doubles: 131072
nr_of_strided_rec: 4
nr_doubles: 131072
nr_of_strided_rec: 4
nr_doubles: 131072
nr_of_strided_rec: 4
nr_doubles: 131072
nr_of_strided_rec: 4
nr_doubles: 131072
nr_of_strided_rec: 4
nr_doubles: 131072
nr_of_strided_rec: 4
nr_doubles: 131072
nr_of_strided_rec: 4
nr_doubles: 131072
nr_of_strided_rec: 4
nr_doubles: 131072
nr_of_strided_rec: 4
nr_doubles: 131072
nr_of_strided_rec: 4
nr_doubles: 131072
nr_of_strided_rec: 4
nr_doubles: 131072
nr_of_strided_rec: 4
nr_doubles: 131072
nr_of_strided_rec: 4
nr_doubles: 131072
nr_of_strided_rec: 4
nr_doubles: 131072
nr_of_strided_rec: 4
nr_doubles: 131072
nr_of_strided_rec: 4
nr_doubles: 131072
nr_of_strided_rec: 4
nr_doubles: 131072
nr_of_strided_rec: 4
nr_doubles: 131072
nr_of_strided_rec: 4
nr_doubles: 131072
nr_of_strided_rec: 4
nr_doubles: 131072
nr_of_strided_rec: 4
nr_doubles: 131072
nr_of_strided_rec: 4
nr_doubles: 131072
nr_of_strided_rec: 4
nr_doubles: 131072
nr_of_strided_rec: 4
nr_doubles: 131072
nr_of_strided_rec: 4
nr_doubles: 131072
nr_of_strided_rec: 4
nr_doubles: 131072
nr_of_strided_rec: 4
nr_doubles: 131072
nr_of_strided_rec: 4
nr_doubles: 131072
nr_of_strided_rec: 4
nr_doubles: 131072
nr_of_strided_rec: 4
nr_doubles: 131072
nr_of_strided_rec: 4
nr_doubles: 131072
nr_of_strided_rec: 4
nr_doubles: 131072
nr_of_strided_rec: 4
nr_doubles: 131072
nr_of_strided_rec: 4
nr_doubles: 131072
nr_of_strided_rec: 4
nr_doubles: 131072
nr_of_strided_rec: 4
nr_doubles: 131072
nr_of_strided_rec: 4
