fclose PID:35784 fd:3
fclose PID:35784 fd:4
fclose PID:35784 fd:4
fclose PID:35784 fd:3
available: 2 nodes (0-1)
fclose PID:35784 fd:3
node 0 cpus:fclose PID:35784 fd:3
 0 1 2 3 4 5 6 7 8 9 20 21 22 23 24 25 26 27 28 29
node 0 size: 80440 MB
node 0 free: 80122 MB
fclose PID:35784 fd:3
node 1 cpus:fclose PID:35784 fd:3
 10 11 12 13 14 15 16 17 18 19 30 31 32 33 34 35 36 37 38 39
node 1 size: 80635 MB
node 1 free: 80364 MB
fclose PID:35784 fd:3
fclose PID:35784 fd:3
node distances:
node   0   1 
  0:  10  21 
  1:  21  10 
READAHEAD_TIME:0.000000 us
MaxRSS= 2300 KB, SharedMem= 0 KB, HardPageFault= 10
fclose PID:35797 fd:8
fclose PID:35789 fd:12
fclose PID:35796 fd:8
fclose PID:35795 fd:8
fclose PID:35794 fd:8
fclose PID:35790 fd:10
fclose PID:35791 fd:8
fclose PID:35798 fd:8
fclose PID:35793 fd:8
fclose PID:35802 fd:8
fclose PID:35792 fd:8
fclose PID:35799 fd:8
fclose PID:35801 fd:8
fclose PID:35803 fd:8
fclose PID:35800 fd:8
fclose PID:35804 fd:8

MADbench 2.0 IO-mode
no_pe = 16  no_pix = 4096  no_bin = 30  no_gang = 1 sblocksize = 8  fblocksize = 64  r_mod = 1  w_mod = 1 record_size=131072 stride=7


IOMETHOD = POSIX  IOMODE = SYNC  FILETYPE = UNIQUE  REMAP = CUSTOMbuild_S
build_S
build_S
build_S
build_S
build_S
build_S
build_S
build_S
build_S
build_S
build_S
build_S
build_S
build_S
build_S

Write the data to file:8388608 bytes
***********WAITING************

Write the data to file:8388608 bytes
***********WAITING************

Write the data to file:8388608 bytes
***********WAITING************

Write the data to file:8388608 bytes
***********WAITING************

Write the data to file:8388608 bytes
***********WAITING************

Write the data to file:8388608 bytes
***********WAITING************

Write the data to file:8388608 bytes
***********WAITING************

Write the data to file:8388608 bytes
***********WAITING************

Write the data to file:8388608 bytes
***********WAITING************

Write the data to file:8388608 bytes
***********WAITING************

Write the data to file:8388608 bytes
***********WAITING************

Write the data to file:8388608 bytes
***********WAITING************

Write the data to file:8388608 bytes
***********WAITING************

Write the data to file:8388608 bytes
***********WAITING************

Write the data to file:8388608 bytes
***********WAITING************

Write the data to file:8388608 bytes
***********WAITING************

Write the data to file:8388608 bytes
***********WAITING************

Write the data to file:8388608 bytes
***********WAITING************

Write the data to file:8388608 bytes
***********WAITING************

Write the data to file:8388608 bytes
***********WAITING************

Write the data to file:8388608 bytes
***********WAITING************

Write the data to file:8388608 bytes
***********WAITING************

Write the data to file:8388608 bytes
***********WAITING************

Write the data to file:8388608 bytes
***********WAITING************

Write the data to file:8388608 bytes
***********WAITING************

Write the data to file:8388608 bytes
***********WAITING************

Write the data to file:8388608 bytes
***********WAITING************

Write the data to file:8388608 bytes
***********WAITING************

Write the data to file:8388608 bytes
***********WAITING************

Write the data to file:8388608 bytes
***********WAITING************

Write the data to file:8388608 bytes
***********WAITING************

Write the data to file:8388608 bytes
***********WAITING************

Write the data to file:8388608 bytes
***********WAITING************

Write the data to file:8388608 bytes
***********WAITING************

Write the data to file:8388608 bytes
***********WAITING************

Write the data to file:8388608 bytes
***********WAITING************

Write the data to file:8388608 bytes
***********WAITING************

Write the data to file:8388608 bytes
***********WAITING************

Write the data to file:8388608 bytes
***********WAITING************

Write the data to file:8388608 bytes
***********WAITING************

Write the data to file:8388608 bytes
***********WAITING************

Write the data to file:8388608 bytes
***********WAITING************

Write the data to file:8388608 bytes
***********WAITING************

Write the data to file:8388608 bytes
***********WAITING************

Write the data to file:8388608 bytes
***********WAITING************

Write the data to file:8388608 bytes
***********WAITING************

Write the data to file:8388608 bytes
***********WAITING************

Write the data to file:8388608 bytes
***********WAITING************

Write the data to file:8388608 bytes
***********WAITING************

Write the data to file:8388608 bytes
***********WAITING************

Write the data to file:8388608 bytes
***********WAITING************

Write the data to file:8388608 bytes
***********WAITING************

Write the data to file:8388608 bytes
***********WAITING************

Write the data to file:8388608 bytes
***********WAITING************

Write the data to file:8388608 bytes
***********WAITING************

Write the data to file:8388608 bytes
***********WAITING************

Write the data to file:8388608 bytes
***********WAITING************

Write the data to file:8388608 bytes
***********WAITING************

Write the data to file:8388608 bytes
***********WAITING************

Write the data to file:8388608 bytes
***********WAITING************

Write the data to file:8388608 bytes
***********WAITING************

Write the data to file:8388608 bytes
***********WAITING************

Write the data to file:8388608 bytes
***********WAITING************

Write the data to file:8388608 bytes
***********WAITING************

Write the data to file:8388608 bytes
***********WAITING************

Write the data to file:8388608 bytes
***********WAITING************

Write the data to file:8388608 bytes
***********WAITING************

Write the data to file:8388608 bytes
***********WAITING************

Write the data to file:8388608 bytes
***********WAITING************

Write the data to file:8388608 bytes
***********WAITING************

Write the data to file:8388608 bytes
***********WAITING************

Write the data to file:8388608 bytes
***********WAITING************

Write the data to file:8388608 bytes
***********WAITING************

Write the data to file:8388608 bytes
***********WAITING************

Write the data to file:8388608 bytes
***********WAITING************

Write the data to file:8388608 bytes
***********WAITING************

Write the data to file:8388608 bytes
***********WAITING************

Write the data to file:8388608 bytes
***********WAITING************

Write the data to file:8388608 bytes
***********WAITING************

Write the data to file:8388608 bytes
***********WAITING************

Write the data to file:8388608 bytes
***********WAITING************

Write the data to file:8388608 bytes
***********WAITING************

Write the data to file:8388608 bytes
***********WAITING************

Write the data to file:8388608 bytes
***********WAITING************

Write the data to file:8388608 bytes
***********WAITING************

Write the data to file:8388608 bytes
***********WAITING************

Write the data to file:8388608 bytes
***********WAITING************

Write the data to file:8388608 bytes
***********WAITING************

Write the data to file:8388608 bytes
***********WAITING************

Write the data to file:8388608 bytes
***********WAITING************

Write the data to file:8388608 bytes
***********WAITING************

Write the data to file:8388608 bytes
***********WAITING************

Write the data to file:8388608 bytes
***********WAITING************

Write the data to file:8388608 bytes
***********WAITING************

Write the data to file:8388608 bytes
***********WAITING************

Write the data to file:8388608 bytes
***********WAITING************

Write the data to file:8388608 bytes
***********WAITING************

Write the data to file:8388608 bytes
***********WAITING************

Write the data to file:8388608 bytes
***********WAITING************

Write the data to file:8388608 bytes
***********WAITING************

Write the data to file:8388608 bytes
***********WAITING************

Write the data to file:8388608 bytes
***********WAITING************

Write the data to file:8388608 bytes
***********WAITING************

Write the data to file:8388608 bytes
***********WAITING************

Write the data to file:8388608 bytes
***********WAITING************

Write the data to file:8388608 bytes
***********WAITING************

Write the data to file:8388608 bytes
***********WAITING************

Write the data to file:8388608 bytes
***********WAITING************

Write the data to file:8388608 bytes
***********WAITING************

Write the data to file:8388608 bytes
***********WAITING************

Write the data to file:8388608 bytes
***********WAITING************

Write the data to file:8388608 bytes
***********WAITING************

Write the data to file:8388608 bytes
***********WAITING************

Write the data to file:8388608 bytes
***********WAITING************

Write the data to file:8388608 bytes
***********WAITING************

Write the data to file:8388608 bytes
***********WAITING************

Write the data to file:8388608 bytes
***********WAITING************

Write the data to file:8388608 bytes
***********WAITING************

Write the data to file:8388608 bytes
***********WAITING************

Write the data to file:8388608 bytes
***********WAITING************

Write the data to file:8388608 bytes
***********WAITING************

Write the data to file:8388608 bytes
***********WAITING************

Write the data to file:8388608 bytes
***********WAITING************

Write the data to file:8388608 bytes
***********WAITING************

Write the data to file:8388608 bytes
***********WAITING************

Write the data to file:8388608 bytes
***********WAITING************

Write the data to file:8388608 bytes
***********WAITING************

Write the data to file:8388608 bytes
***********WAITING************

Write the data to file:8388608 bytes
***********WAITING************

Write the data to file:8388608 bytes
***********WAITING************

Write the data to file:8388608 bytes
***********WAITING************

Write the data to file:8388608 bytes
***********WAITING************

Write the data to file:8388608 bytes
***********WAITING************

Write the data to file:8388608 bytes
***********WAITING************

Write the data to file:8388608 bytes
***********WAITING************

Write the data to file:8388608 bytes
***********WAITING************

Write the data to file:8388608 bytes
***********WAITING************

Write the data to file:8388608 bytes
***********WAITING************

Write the data to file:8388608 bytes
***********WAITING************

Write the data to file:8388608 bytes
***********WAITING************

Write the data to file:8388608 bytes
***********WAITING************

Write the data to file:8388608 bytes
***********WAITING************

Write the data to file:8388608 bytes
***********WAITING************

Write the data to file:8388608 bytes
***********WAITING************

Write the data to file:8388608 bytes
***********WAITING************

Write the data to file:8388608 bytes
***********WAITING************

Write the data to file:8388608 bytes
***********WAITING************

Write the data to file:8388608 bytes
***********WAITING************

Write the data to file:8388608 bytes
***********WAITING************

Write the data to file:8388608 bytes
***********WAITING************

Write the data to file:8388608 bytes
***********WAITING************

Write the data to file:8388608 bytes
***********WAITING************

Write the data to file:8388608 bytes
***********WAITING************

Write the data to file:8388608 bytes
***********WAITING************

Write the data to file:8388608 bytes
***********WAITING************

Write the data to file:8388608 bytes
***********WAITING************

Write the data to file:8388608 bytes
***********WAITING************

Write the data to file:8388608 bytes
***********WAITING************

Write the data to file:8388608 bytes
***********WAITING************

Write the data to file:8388608 bytes
***********WAITING************

Write the data to file:8388608 bytes
***********WAITING************

Write the data to file:8388608 bytes
***********WAITING************

Write the data to file:8388608 bytes
***********WAITING************

Write the data to file:8388608 bytes
***********WAITING************

Write the data to file:8388608 bytes
***********WAITING************

Write the data to file:8388608 bytes
***********WAITING************

Write the data to file:8388608 bytes
***********WAITING************

Write the data to file:8388608 bytes
***********WAITING************

Write the data to file:8388608 bytes
***********WAITING************

Write the data to file:8388608 bytes
***********WAITING************

Write the data to file:8388608 bytes
***********WAITING************

Write the data to file:8388608 bytes
***********WAITING************

Write the data to file:8388608 bytes
***********WAITING************

Write the data to file:8388608 bytes
***********WAITING************

Write the data to file:8388608 bytes
***********WAITING************

Write the data to file:8388608 bytes
***********WAITING************

Write the data to file:8388608 bytes
***********WAITING************

Write the data to file:8388608 bytes
***********WAITING************

Write the data to file:8388608 bytes
***********WAITING************

Write the data to file:8388608 bytes
***********WAITING************

Write the data to file:8388608 bytes
***********WAITING************

Write the data to file:8388608 bytes
***********WAITING************

Write the data to file:8388608 bytes
***********WAITING************

Write the data to file:8388608 bytes
***********WAITING************

Write the data to file:8388608 bytes
***********WAITING************

Write the data to file:8388608 bytes
***********WAITING************

Write the data to file:8388608 bytes
***********WAITING************

Write the data to file:8388608 bytes
***********WAITING************

Write the data to file:8388608 bytes
***********WAITING************

Write the data to file:8388608 bytes
***********WAITING************

Write the data to file:8388608 bytes
***********WAITING************

Write the data to file:8388608 bytes
***********WAITING************

Write the data to file:8388608 bytes
***********WAITING************

Write the data to file:8388608 bytes
***********WAITING************

Write the data to file:8388608 bytes
***********WAITING************

Write the data to file:8388608 bytes
***********WAITING************

Write the data to file:8388608 bytes
***********WAITING************

Write the data to file:8388608 bytes
***********WAITING************

Write the data to file:8388608 bytes
***********WAITING************

Write the data to file:8388608 bytes
***********WAITING************

Write the data to file:8388608 bytes
***********WAITING************

Write the data to file:8388608 bytes
***********WAITING************

Write the data to file:8388608 bytes
***********WAITING************

Write the data to file:8388608 bytes
***********WAITING************

Write the data to file:8388608 bytes
***********WAITING************

Write the data to file:8388608 bytes
***********WAITING************

Write the data to file:8388608 bytes
***********WAITING************

Write the data to file:8388608 bytes
***********WAITING************

Write the data to file:8388608 bytes
***********WAITING************

Write the data to file:8388608 bytes
***********WAITING************

Write the data to file:8388608 bytes
***********WAITING************

Write the data to file:8388608 bytes
***********WAITING************

Write the data to file:8388608 bytes
***********WAITING************

Write the data to file:8388608 bytes
***********WAITING************

Write the data to file:8388608 bytes
***********WAITING************

Write the data to file:8388608 bytes
***********WAITING************

Write the data to file:8388608 bytes
***********WAITING************

Write the data to file:8388608 bytes
***********WAITING************

Write the data to file:8388608 bytes
***********WAITING************

Write the data to file:8388608 bytes
***********WAITING************

Write the data to file:8388608 bytes
***********WAITING************

Write the data to file:8388608 bytes
***********WAITING************

Write the data to file:8388608 bytes
***********WAITING************

Write the data to file:8388608 bytes
***********WAITING************

Write the data to file:8388608 bytes
***********WAITING************

Write the data to file:8388608 bytes
***********WAITING************

Write the data to file:8388608 bytes
***********WAITING************

Write the data to file:8388608 bytes
***********WAITING************

Write the data to file:8388608 bytes
***********WAITING************

Write the data to file:8388608 bytes
***********WAITING************

Write the data to file:8388608 bytes
***********WAITING************

Write the data to file:8388608 bytes
***********WAITING************

Write the data to file:8388608 bytes
***********WAITING************

Write the data to file:8388608 bytes
***********WAITING************

Write the data to file:8388608 bytes
***********WAITING************

Write the data to file:8388608 bytes
***********WAITING************

Write the data to file:8388608 bytes
***********WAITING************

Write the data to file:8388608 bytes
***********WAITING************

Write the data to file:8388608 bytes
***********WAITING************

Write the data to file:8388608 bytes
***********WAITING************

Write the data to file:8388608 bytes
***********WAITING************

Write the data to file:8388608 bytes
***********WAITING************

Write the data to file:8388608 bytes
***********WAITING************

Write the data to file:8388608 bytes
***********WAITING************

Write the data to file:8388608 bytes
***********WAITING************

Write the data to file:8388608 bytes
***********WAITING************

Write the data to file:8388608 bytes
***********WAITING************

Write the data to file:8388608 bytes
***********WAITING************

Write the data to file:8388608 bytes
***********WAITING************

Write the data to file:8388608 bytes
***********WAITING************

Write the data to file:8388608 bytes
***********WAITING************

Write the data to file:8388608 bytes
***********WAITING************

Write the data to file:8388608 bytes
***********WAITING************

Write the data to file:8388608 bytes
***********WAITING************

Write the data to file:8388608 bytes
***********WAITING************

Write the data to file:8388608 bytes
***********WAITING************

Write the data to file:8388608 bytes
***********WAITING************

Write the data to file:8388608 bytes
***********WAITING************

Write the data to file:8388608 bytes
***********WAITING************

Write the data to file:8388608 bytes
***********WAITING************

Write the data to file:8388608 bytes
***********WAITING************

Write the data to file:8388608 bytes
***********WAITING************

Write the data to file:8388608 bytes
***********WAITING************

Write the data to file:8388608 bytes
***********WAITING************

Write the data to file:8388608 bytes
***********WAITING************

Write the data to file:8388608 bytes
***********WAITING************

Write the data to file:8388608 bytes
***********WAITING************

Write the data to file:8388608 bytes
***********WAITING************

Write the data to file:8388608 bytes
***********WAITING************

Write the data to file:8388608 bytes
***********WAITING************

Write the data to file:8388608 bytes
***********WAITING************

Write the data to file:8388608 bytes
***********WAITING************

Write the data to file:8388608 bytes
***********WAITING************

Write the data to file:8388608 bytes
***********WAITING************

Write the data to file:8388608 bytes
***********WAITING************

Write the data to file:8388608 bytes
***********WAITING************

Write the data to file:8388608 bytes
***********WAITING************

Write the data to file:8388608 bytes
***********WAITING************

Write the data to file:8388608 bytes
***********WAITING************

Write the data to file:8388608 bytes
***********WAITING************

Write the data to file:8388608 bytes
***********WAITING************

Write the data to file:8388608 bytes
***********WAITING************

Write the data to file:8388608 bytes
***********WAITING************

Write the data to file:8388608 bytes
***********WAITING************

Write the data to file:8388608 bytes
***********WAITING************

Write the data to file:8388608 bytes
***********WAITING************

Write the data to file:8388608 bytes
***********WAITING************

Write the data to file:8388608 bytes
***********WAITING************

Write the data to file:8388608 bytes
***********WAITING************

Write the data to file:8388608 bytes
***********WAITING************

Write the data to file:8388608 bytes
***********WAITING************

Write the data to file:8388608 bytes
***********WAITING************

Write the data to file:8388608 bytes
***********WAITING************

Write the data to file:8388608 bytes
***********WAITING************

Write the data to file:8388608 bytes
***********WAITING************

Write the data to file:8388608 bytes
***********WAITING************

Write the data to file:8388608 bytes
***********WAITING************

Write the data to file:8388608 bytes
***********WAITING************

Write the data to file:8388608 bytes
***********WAITING************

Write the data to file:8388608 bytes
***********WAITING************

Write the data to file:8388608 bytes
***********WAITING************

Write the data to file:8388608 bytes
***********WAITING************

Write the data to file:8388608 bytes
***********WAITING************

Write the data to file:8388608 bytes
***********WAITING************

Write the data to file:8388608 bytes
***********WAITING************

Write the data to file:8388608 bytes
***********WAITING************

Write the data to file:8388608 bytes
***********WAITING************

Write the data to file:8388608 bytes
***********WAITING************

Write the data to file:8388608 bytes
***********WAITING************

Write the data to file:8388608 bytes
***********WAITING************

Write the data to file:8388608 bytes
***********WAITING************

Write the data to file:8388608 bytes
***********WAITING************

Write the data to file:8388608 bytes
***********WAITING************

Write the data to file:8388608 bytes
***********WAITING************

Write the data to file:8388608 bytes
***********WAITING************

Write the data to file:8388608 bytes
***********WAITING************

Write the data to file:8388608 bytes
***********WAITING************

Write the data to file:8388608 bytes
***********WAITING************

Write the data to file:8388608 bytes
***********WAITING************

Write the data to file:8388608 bytes
***********WAITING************

Write the data to file:8388608 bytes
***********WAITING************

Write the data to file:8388608 bytes
***********WAITING************

Write the data to file:8388608 bytes
***********WAITING************

Write the data to file:8388608 bytes
***********WAITING************

Write the data to file:8388608 bytes
***********WAITING************

Write the data to file:8388608 bytes
***********WAITING************

Write the data to file:8388608 bytes
***********WAITING************

Write the data to file:8388608 bytes
***********WAITING************

Write the data to file:8388608 bytes
***********WAITING************

Write the data to file:8388608 bytes
***********WAITING************

Write the data to file:8388608 bytes
***********WAITING************

Write the data to file:8388608 bytes
***********WAITING************

Write the data to file:8388608 bytes
***********WAITING************

Write the data to file:8388608 bytes
***********WAITING************

Write the data to file:8388608 bytes
***********WAITING************

Write the data to file:8388608 bytes
***********WAITING************

Write the data to file:8388608 bytes
***********WAITING************

Write the data to file:8388608 bytes
***********WAITING************

Write the data to file:8388608 bytes
***********WAITING************

Write the data to file:8388608 bytes
***********WAITING************

Write the data to file:8388608 bytes
***********WAITING************

Write the data to file:8388608 bytes
***********WAITING************

Write the data to file:8388608 bytes
***********WAITING************

Write the data to file:8388608 bytes
***********WAITING************

Write the data to file:8388608 bytes
***********WAITING************

Write the data to file:8388608 bytes
***********WAITING************

Write the data to file:8388608 bytes
***********WAITING************

Write the data to file:8388608 bytes
***********WAITING************

Write the data to file:8388608 bytes
***********WAITING************

Write the data to file:8388608 bytes
***********WAITING************

Write the data to file:8388608 bytes
***********WAITING************

Write the data to file:8388608 bytes
***********WAITING************

Write the data to file:8388608 bytes
***********WAITING************

Write the data to file:8388608 bytes
***********WAITING************

Write the data to file:8388608 bytes
***********WAITING************

Write the data to file:8388608 bytes
***********WAITING************

Write the data to file:8388608 bytes
***********WAITING************

Write the data to file:8388608 bytes
***********WAITING************

Write the data to file:8388608 bytes
***********WAITING************

Write the data to file:8388608 bytes
***********WAITING************

Write the data to file:8388608 bytes
***********WAITING************

Write the data to file:8388608 bytes
***********WAITING************

Write the data to file:8388608 bytes
***********WAITING************

Write the data to file:8388608 bytes
***********WAITING************

Write the data to file:8388608 bytes
***********WAITING************

Write the data to file:8388608 bytes
***********WAITING************

Write the data to file:8388608 bytes
***********WAITING************

Write the data to file:8388608 bytes
***********WAITING************

Write the data to file:8388608 bytes
***********WAITING************

Write the data to file:8388608 bytes
***********WAITING************

Write the data to file:8388608 bytes
***********WAITING************

Write the data to file:8388608 bytes
***********WAITING************

Write the data to file:8388608 bytes
***********WAITING************

Write the data to file:8388608 bytes
***********WAITING************

Write the data to file:8388608 bytes
***********WAITING************

Write the data to file:8388608 bytes
***********WAITING************

Write the data to file:8388608 bytes
***********WAITING************

Write the data to file:8388608 bytes
***********WAITING************

Write the data to file:8388608 bytes
***********WAITING************

Write the data to file:8388608 bytes
***********WAITING************

Write the data to file:8388608 bytes
***********WAITING************

Write the data to file:8388608 bytes
***********WAITING************

Write the data to file:8388608 bytes
***********WAITING************

Write the data to file:8388608 bytes
***********WAITING************

Write the data to file:8388608 bytes
***********WAITING************

Write the data to file:8388608 bytes
***********WAITING************

Write the data to file:8388608 bytes
***********WAITING************

Write the data to file:8388608 bytes
***********WAITING************

Write the data to file:8388608 bytes
***********WAITING************

Write the data to file:8388608 bytes
***********WAITING************

Write the data to file:8388608 bytes
***********WAITING************

Write the data to file:8388608 bytes
***********WAITING************

Write the data to file:8388608 bytes
***********WAITING************

Write the data to file:8388608 bytes
***********WAITING************

Write the data to file:8388608 bytes
***********WAITING************

Write the data to file:8388608 bytes
***********WAITING************

Write the data to file:8388608 bytes
***********WAITING************

Write the data to file:8388608 bytes
***********WAITING************

Write the data to file:8388608 bytes
***********WAITING************

Write the data to file:8388608 bytes
***********WAITING************

Write the data to file:8388608 bytes
***********WAITING************

Write the data to file:8388608 bytes
***********WAITING************

Write the data to file:8388608 bytes
***********WAITING************

Write the data to file:8388608 bytes
***********WAITING************

Write the data to file:8388608 bytes
***********WAITING************

Write the data to file:8388608 bytes
***********WAITING************

Write the data to file:8388608 bytes
***********WAITING************

Write the data to file:8388608 bytes
***********WAITING************

Write the data to file:8388608 bytes
***********WAITING************

Write the data to file:8388608 bytes
***********WAITING************

Write the data to file:8388608 bytes
***********WAITING************

Write the data to file:8388608 bytes
***********WAITING************

Write the data to file:8388608 bytes
***********WAITING************

Write the data to file:8388608 bytes
***********WAITING************

Write the data to file:8388608 bytes
***********WAITING************

Write the data to file:8388608 bytes
***********WAITING************

Write the data to file:8388608 bytes
***********WAITING************

Write the data to file:8388608 bytes
***********WAITING************

Write the data to file:8388608 bytes
***********WAITING************

Write the data to file:8388608 bytes
***********WAITING************

Write the data to file:8388608 bytes
***********WAITING************

Write the data to file:8388608 bytes
***********WAITING************

Write the data to file:8388608 bytes
***********WAITING************

Write the data to file:8388608 bytes
***********WAITING************

Write the data to file:8388608 bytes
***********WAITING************

Write the data to file:8388608 bytes
***********WAITING************

Write the data to file:8388608 bytes
***********WAITING************

Write the data to file:8388608 bytes
***********WAITING************

Write the data to file:8388608 bytes
***********WAITING************

Write the data to file:8388608 bytes
***********WAITING************

Write the data to file:8388608 bytes
***********WAITING************

Write the data to file:8388608 bytes
***********WAITING************

Write the data to file:8388608 bytes
***********WAITING************

Write the data to file:8388608 bytes
***********WAITING************

Write the data to file:8388608 bytes
***********WAITING************

Write the data to file:8388608 bytes
***********WAITING************

Write the data to file:8388608 bytes
***********WAITING************

Write the data to file:8388608 bytes
***********WAITING************

Write the data to file:8388608 bytes
***********WAITING************

Write the data to file:8388608 bytes
***********WAITING************

Write the data to file:8388608 bytes
***********WAITING************

Write the data to file:8388608 bytes
***********WAITING************

Write the data to file:8388608 bytes
***********WAITING************

Write the data to file:8388608 bytes
***********WAITING************

Write the data to file:8388608 bytes
***********WAITING************

Write the data to file:8388608 bytes
***********WAITING************

Write the data to file:8388608 bytes
***********WAITING************

Write the data to file:8388608 bytes
***********WAITING************

Write the data to file:8388608 bytes
***********WAITING************

Write the data to file:8388608 bytes
***********WAITING************

Write the data to file:8388608 bytes
***********WAITING************

Write the data to file:8388608 bytes
***********WAITING************

Write the data to file:8388608 bytes
***********WAITING************

Write the data to file:8388608 bytes
***********WAITING************

Write the data to file:8388608 bytes
***********WAITING************

Write the data to file:8388608 bytes
***********WAITING************

Write the data to file:8388608 bytes
***********WAITING************

Write the data to file:8388608 bytes
***********WAITING************

Write the data to file:8388608 bytes
***********WAITING************

Write the data to file:8388608 bytes
***********WAITING************

Write the data to file:8388608 bytes
***********WAITING************

Write the data to file:8388608 bytes
***********WAITING************

Write the data to file:8388608 bytes
***********WAITING************

Write the data to file:8388608 bytes
***********WAITING************

Write the data to file:8388608 bytes
***********WAITING************

Write the data to file:8388608 bytes
***********WAITING************

Write the data to file:8388608 bytes
***********WAITING************

Write the data to file:8388608 bytes
***********WAITING************

Write the data to file:8388608 bytes
***********WAITING************

Write the data to file:8388608 bytes
***********WAITING************

Write the data to file:8388608 bytes
***********WAITING************

Write the data to file:8388608 bytes
***********WAITING************

Write the data to file:8388608 bytes
***********WAITING************

Write the data to file:8388608 bytes
***********WAITING************

Write the data to file:8388608 bytes
***********WAITING************

Write the data to file:8388608 bytes
***********WAITING************

Write the data to file:8388608 bytes
***********WAITING************

Write the data to file:8388608 bytes
***********WAITING************

Write the data to file:8388608 bytes
***********WAITING************

Write the data to file:8388608 bytes
***********WAITING************
S_cc         0.25   [      0.25:      0.25]
S_bw         0.07   [      0.07:      0.07]
S_w          7.81   [      7.81:      7.81]
          -------
S_total      8.14   [      8.14:      8.14]

build_S done
calc_W
build_S done
calc_W
build_S done
calc_W
build_S done
calc_W
nr_of_strided_rec: 8
nr_doubles: 16384
build_S done
calc_W
nr_of_strided_rec: 8
nr_doubles: 16384
build_S done
calc_W
nr_of_strided_rec: 8
nr_doubles: 16384
build_S done
calc_W
nr_of_strided_rec: 8
nr_doubles: 16384
build_S done
calc_W
nr_of_strided_rec: 8
nr_doubles: 16384
build_S done
calc_W
nr_of_strided_rec: 8
nr_doubles: 16384
build_S done
calc_W
nr_of_strided_rec: 8
nr_doubles: 16384
build_S done
calc_W
nr_of_strided_rec: 8
nr_doubles: 16384
build_S done
calc_W
nr_of_strided_rec: 8
nr_doubles: 16384
build_S done
calc_W
nr_of_strided_rec: 8
nr_doubles: 16384
build_S done
calc_W
nr_of_strided_rec: 8
nr_doubles: 16384
build_S done
calc_W
nr_of_strided_rec: 8
nr_doubles: 16384
build_S done
calc_W
nr_of_strided_rec: 8
nr_doubles: 16384
nr_of_strided_rec: 8
nr_doubles: 16384
nr_of_strided_rec: 8
nr_doubles: 16384
nr_of_strided_rec: 8
nr_doubles: 16384
nr_of_strided_rec: 8
nr_doubles: 16384
nr_of_strided_rec: 8
nr_doubles: 16384
nr_of_strided_rec: 8
nr_doubles: 16384
nr_of_strided_rec: 8
nr_doubles: 16384
nr_of_strided_rec: 8
nr_doubles: 16384
nr_of_strided_rec: 8
nr_doubles: 16384
nr_of_strided_rec: 8
nr_doubles: 16384
nr_of_strided_rec: 8
nr_doubles: 16384
nr_of_strided_rec: 8
nr_doubles: 16384
nr_of_strided_rec: 8
nr_doubles: 16384
nr_of_strided_rec: 8
nr_doubles: 16384
nr_of_strided_rec: 8
nr_doubles: 16384
nr_of_strided_rec: 8
nr_doubles: 16384
nr_of_strided_rec: 8
nr_doubles: 16384
nr_of_strided_rec: 8
nr_doubles: 16384
nr_of_strided_rec: 8
nr_doubles: 16384

Write the data to file:8388608 bytes
***********WAITING************

Write the data to file:8388608 bytes
***********WAITING************

Write the data to file:8388608 bytes
***********WAITING************

Write the data to file:8388608 bytes
***********WAITING************

Write the data to file:8388608 bytes
***********WAITING************

Write the data to file:8388608 bytes
***********WAITING************

Write the data to file:8388608 bytes
***********WAITING************

Write the data to file:8388608 bytes
***********WAITING************

Write the data to file:8388608 bytes
***********WAITING************

Write the data to file:8388608 bytes
***********WAITING************

Write the data to file:8388608 bytes
***********WAITING************

Write the data to file:8388608 bytes
***********WAITING************

Write the data to file:8388608 bytes
***********WAITING************

Write the data to file:8388608 bytes
***********WAITING************

Write the data to file:8388608 bytes
***********WAITING************

Write the data to file:8388608 bytes
***********WAITING************
nr_of_strided_rec: 8
nr_doubles: 16384
nr_of_strided_rec: 8
nr_doubles: 16384
nr_of_strided_rec: 8
nr_doubles: 16384
nr_of_strided_rec: 8
nr_doubles: 16384
nr_of_strided_rec: 8
nr_doubles: 16384
nr_of_strided_rec: 8
nr_doubles: 16384
nr_of_strided_rec: 8
nr_doubles: 16384
nr_of_strided_rec: 8
nr_doubles: 16384
nr_of_strided_rec: 8
nr_doubles: 16384
nr_of_strided_rec: 8
nr_doubles: 16384
nr_of_strided_rec: 8
nr_doubles: 16384
nr_of_strided_rec: 8
nr_doubles: 16384
nr_of_strided_rec: 8
nr_doubles: 16384
nr_of_strided_rec: 8
nr_doubles: 16384
nr_of_strided_rec: 8
nr_doubles: 16384
nr_of_strided_rec: 8
nr_doubles: 16384

Write the data to file:8388608 bytes
***********WAITING************

Write the data to file:8388608 bytes
***********WAITING************

Write the data to file:8388608 bytes
***********WAITING************

Write the data to file:8388608 bytes
***********WAITING************

Write the data to file:8388608 bytes
***********WAITING************

Write the data to file:8388608 bytes
***********WAITING************

Write the data to file:8388608 bytes
***********WAITING************

Write the data to file:8388608 bytes
***********WAITING************

Write the data to file:8388608 bytes
***********WAITING************

Write the data to file:8388608 bytes
***********WAITING************

Write the data to file:8388608 bytes
***********WAITING************

Write the data to file:8388608 bytes
***********WAITING************

Write the data to file:8388608 bytes
***********WAITING************

Write the data to file:8388608 bytes
***********WAITING************

Write the data to file:8388608 bytes
***********WAITING************

Write the data to file:8388608 bytes
***********WAITING************
nr_of_strided_rec: 8
nr_doubles: 16384
nr_of_strided_rec: 8
nr_doubles: 16384
nr_of_strided_rec: 8
nr_doubles: 16384
nr_of_strided_rec: 8
nr_doubles: 16384
nr_of_strided_rec: 8
nr_doubles: 16384
nr_of_strided_rec: 8
nr_doubles: 16384
nr_of_strided_rec: 8
nr_doubles: 16384
nr_of_strided_rec: 8
nr_doubles: 16384
nr_of_strided_rec: 8
nr_doubles: 16384
nr_of_strided_rec: 8
nr_doubles: 16384
nr_of_strided_rec: 8
nr_doubles: 16384
nr_of_strided_rec: 8
nr_doubles: 16384
nr_of_strided_rec: 8
nr_doubles: 16384
nr_of_strided_rec: 8
nr_doubles: 16384
nr_of_strided_rec: 8
nr_doubles: 16384
nr_of_strided_rec: 8
nr_doubles: 16384

Write the data to file:8388608 bytes
***********WAITING************

Write the data to file:8388608 bytes
***********WAITING************

Write the data to file:8388608 bytes
***********WAITING************

Write the data to file:8388608 bytes
***********WAITING************

Write the data to file:8388608 bytes
***********WAITING************

Write the data to file:8388608 bytes
***********WAITING************

Write the data to file:8388608 bytes
***********WAITING************

Write the data to file:8388608 bytes
***********WAITING************

Write the data to file:8388608 bytes
***********WAITING************

Write the data to file:8388608 bytes
***********WAITING************

Write the data to file:8388608 bytes
***********WAITING************

Write the data to file:8388608 bytes
***********WAITING************

Write the data to file:8388608 bytes
***********WAITING************

Write the data to file:8388608 bytes
***********WAITING************

Write the data to file:8388608 bytes
***********WAITING************

Write the data to file:8388608 bytes
***********WAITING************
nr_of_strided_rec: 8
nr_doubles: 16384
nr_of_strided_rec: 8
nr_doubles: 16384
nr_of_strided_rec: 8
nr_doubles: 16384
nr_of_strided_rec: 8
nr_doubles: 16384
nr_of_strided_rec: 8
nr_doubles: 16384
nr_of_strided_rec: 8
nr_doubles: 16384
nr_of_strided_rec: 8
nr_doubles: 16384
nr_of_strided_rec: 8
nr_doubles: 16384
nr_of_strided_rec: 8
nr_doubles: 16384
nr_of_strided_rec: 8
nr_doubles: 16384
nr_of_strided_rec: 8
nr_doubles: 16384
nr_of_strided_rec: 8
nr_doubles: 16384
nr_of_strided_rec: 8
nr_doubles: 16384
nr_of_strided_rec: 8
nr_doubles: 16384
nr_of_strided_rec: 8
nr_doubles: 16384
nr_of_strided_rec: 8
nr_doubles: 16384

Write the data to file:8388608 bytes
***********WAITING************

Write the data to file:8388608 bytes
***********WAITING************

Write the data to file:8388608 bytes
***********WAITING************

Write the data to file:8388608 bytes
***********WAITING************

Write the data to file:8388608 bytes
***********WAITING************

Write the data to file:8388608 bytes
***********WAITING************

Write the data to file:8388608 bytes
***********WAITING************

Write the data to file:8388608 bytes
***********WAITING************

Write the data to file:8388608 bytes
***********WAITING************

Write the data to file:8388608 bytes
***********WAITING************

Write the data to file:8388608 bytes
***********WAITING************

Write the data to file:8388608 bytes
***********WAITING************

Write the data to file:8388608 bytes
***********WAITING************

Write the data to file:8388608 bytes
***********WAITING************

Write the data to file:8388608 bytes
***********WAITING************

Write the data to file:8388608 bytes
***********WAITING************
nr_of_strided_rec: 8
nr_doubles: 16384
nr_of_strided_rec: 8
nr_doubles: 16384
nr_of_strided_rec: 8
nr_doubles: 16384
nr_of_strided_rec: 8
nr_doubles: 16384
nr_of_strided_rec: 8
nr_doubles: 16384
nr_of_strided_rec: 8
nr_doubles: 16384
nr_of_strided_rec: 8
nr_doubles: 16384
nr_of_strided_rec: 8
nr_doubles: 16384
nr_of_strided_rec: 8
nr_doubles: 16384
nr_of_strided_rec: 8
nr_doubles: 16384
nr_of_strided_rec: 8
nr_doubles: 16384
nr_of_strided_rec: 8
nr_doubles: 16384
nr_of_strided_rec: 8
nr_doubles: 16384
nr_of_strided_rec: 8
nr_doubles: 16384
nr_of_strided_rec: 8
nr_doubles: 16384
nr_of_strided_rec: 8
nr_doubles: 16384

Write the data to file:8388608 bytes
***********WAITING************

Write the data to file:8388608 bytes
***********WAITING************

Write the data to file:8388608 bytes
***********WAITING************

Write the data to file:8388608 bytes
***********WAITING************

Write the data to file:8388608 bytes
***********WAITING************

Write the data to file:8388608 bytes
***********WAITING************

Write the data to file:8388608 bytes
***********WAITING************

Write the data to file:8388608 bytes
***********WAITING************

Write the data to file:8388608 bytes
***********WAITING************

Write the data to file:8388608 bytes
***********WAITING************

Write the data to file:8388608 bytes
***********WAITING************

Write the data to file:8388608 bytes
***********WAITING************

Write the data to file:8388608 bytes
***********WAITING************

Write the data to file:8388608 bytes
***********WAITING************

Write the data to file:8388608 bytes
***********WAITING************

Write the data to file:8388608 bytes
***********WAITING************
nr_of_strided_rec: 8
nr_doubles: 16384
nr_of_strided_rec: 8
nr_doubles: 16384
nr_of_strided_rec: 8
nr_doubles: 16384
nr_of_strided_rec: 8
nr_doubles: 16384
nr_of_strided_rec: 8
nr_doubles: 16384
nr_of_strided_rec: 8
nr_doubles: 16384
nr_of_strided_rec: 8
nr_doubles: 16384
nr_of_strided_rec: 8
nr_doubles: 16384
nr_of_strided_rec: 8
nr_doubles: 16384
nr_of_strided_rec: 8
nr_doubles: 16384
nr_of_strided_rec: 8
nr_doubles: 16384
nr_of_strided_rec: 8
nr_doubles: 16384
nr_of_strided_rec: 8
nr_doubles: 16384
nr_of_strided_rec: 8
nr_doubles: 16384
nr_of_strided_rec: 8
nr_doubles: 16384
nr_of_strided_rec: 8
nr_doubles: 16384

Write the data to file:8388608 bytes
***********WAITING************

Write the data to file:8388608 bytes
***********WAITING************

Write the data to file:8388608 bytes
***********WAITING************

Write the data to file:8388608 bytes
***********WAITING************

Write the data to file:8388608 bytes
***********WAITING************

Write the data to file:8388608 bytes
***********WAITING************

Write the data to file:8388608 bytes
***********WAITING************

Write the data to file:8388608 bytes
***********WAITING************

Write the data to file:8388608 bytes
***********WAITING************

Write the data to file:8388608 bytes
***********WAITING************

Write the data to file:8388608 bytes
***********WAITING************

Write the data to file:8388608 bytes
***********WAITING************

Write the data to file:8388608 bytes
***********WAITING************

Write the data to file:8388608 bytes
***********WAITING************

Write the data to file:8388608 bytes
***********WAITING************

Write the data to file:8388608 bytes
***********WAITING************
nr_of_strided_rec: 8
nr_doubles: 16384
nr_of_strided_rec: 8
nr_doubles: 16384
nr_of_strided_rec: 8
nr_doubles: 16384
nr_of_strided_rec: 8
nr_doubles: 16384
nr_of_strided_rec: 8
nr_doubles: 16384
nr_of_strided_rec: 8
nr_doubles: 16384
nr_of_strided_rec: 8
nr_doubles: 16384
nr_of_strided_rec: 8
nr_doubles: 16384
nr_of_strided_rec: 8
nr_doubles: 16384
nr_of_strided_rec: 8
nr_doubles: 16384
nr_of_strided_rec: 8
nr_doubles: 16384
nr_of_strided_rec: 8
nr_doubles: 16384
nr_of_strided_rec: 8
nr_doubles: 16384
nr_of_strided_rec: 8
nr_doubles: 16384
nr_of_strided_rec: 8
nr_doubles: 16384
nr_of_strided_rec: 8
nr_doubles: 16384

Write the data to file:8388608 bytes
***********WAITING************

Write the data to file:8388608 bytes
***********WAITING************

Write the data to file:8388608 bytes
***********WAITING************

Write the data to file:8388608 bytes
***********WAITING************

Write the data to file:8388608 bytes
***********WAITING************

Write the data to file:8388608 bytes
***********WAITING************

Write the data to file:8388608 bytes
***********WAITING************

Write the data to file:8388608 bytes
***********WAITING************

Write the data to file:8388608 bytes
***********WAITING************

Write the data to file:8388608 bytes
***********WAITING************

Write the data to file:8388608 bytes
***********WAITING************

Write the data to file:8388608 bytes
***********WAITING************

Write the data to file:8388608 bytes
***********WAITING************

Write the data to file:8388608 bytes
***********WAITING************

Write the data to file:8388608 bytes
***********WAITING************

Write the data to file:8388608 bytes
***********WAITING************
nr_of_strided_rec: 8
nr_doubles: 16384
nr_of_strided_rec: 8
nr_doubles: 16384
nr_of_strided_rec: 8
nr_doubles: 16384
nr_of_strided_rec: 8
nr_doubles: 16384
nr_of_strided_rec: 8
nr_doubles: 16384
nr_of_strided_rec: 8
nr_doubles: 16384
nr_of_strided_rec: 8
nr_doubles: 16384
nr_of_strided_rec: 8
nr_doubles: 16384
nr_of_strided_rec: 8
nr_doubles: 16384
nr_of_strided_rec: 8
nr_doubles: 16384
nr_of_strided_rec: 8
nr_doubles: 16384
nr_of_strided_rec: 8
nr_doubles: 16384
nr_of_strided_rec: 8
nr_doubles: 16384
nr_of_strided_rec: 8
nr_doubles: 16384
nr_of_strided_rec: 8
nr_doubles: 16384
nr_of_strided_rec: 8
nr_doubles: 16384

Write the data to file:8388608 bytes
***********WAITING************

Write the data to file:8388608 bytes
***********WAITING************

Write the data to file:8388608 bytes
***********WAITING************

Write the data to file:8388608 bytes
***********WAITING************

Write the data to file:8388608 bytes
***********WAITING************

Write the data to file:8388608 bytes
***********WAITING************

Write the data to file:8388608 bytes
***********WAITING************

Write the data to file:8388608 bytes
***********WAITING************

Write the data to file:8388608 bytes
***********WAITING************

Write the data to file:8388608 bytes
***********WAITING************

Write the data to file:8388608 bytes
***********WAITING************

Write the data to file:8388608 bytes
***********WAITING************

Write the data to file:8388608 bytes
***********WAITING************

Write the data to file:8388608 bytes
***********WAITING************

Write the data to file:8388608 bytes
***********WAITING************

Write the data to file:8388608 bytes
***********WAITING************
nr_of_strided_rec: 8
nr_doubles: 16384
nr_of_strided_rec: 8
nr_doubles: 16384
nr_of_strided_rec: 8
nr_doubles: 16384
nr_of_strided_rec: 8
nr_doubles: 16384
nr_of_strided_rec: 8
nr_doubles: 16384
nr_of_strided_rec: 8
nr_doubles: 16384
nr_of_strided_rec: 8
nr_doubles: 16384
nr_of_strided_rec: 8
nr_doubles: 16384
nr_of_strided_rec: 8
nr_doubles: 16384
nr_of_strided_rec: 8
nr_doubles: 16384
nr_of_strided_rec: 8
nr_doubles: 16384
nr_of_strided_rec: 8
nr_doubles: 16384
nr_of_strided_rec: 8
nr_doubles: 16384
nr_of_strided_rec: 8
nr_doubles: 16384
nr_of_strided_rec: 8
nr_doubles: 16384
nr_of_strided_rec: 8
nr_doubles: 16384

Write the data to file:8388608 bytes
***********WAITING************

Write the data to file:8388608 bytes
***********WAITING************

Write the data to file:8388608 bytes
***********WAITING************

Write the data to file:8388608 bytes
***********WAITING************

Write the data to file:8388608 bytes
***********WAITING************

Write the data to file:8388608 bytes
***********WAITING************

Write the data to file:8388608 bytes
***********WAITING************

Write the data to file:8388608 bytes
***********WAITING************

Write the data to file:8388608 bytes
***********WAITING************

Write the data to file:8388608 bytes
***********WAITING************

Write the data to file:8388608 bytes
***********WAITING************

Write the data to file:8388608 bytes
***********WAITING************

Write the data to file:8388608 bytes
***********WAITING************

Write the data to file:8388608 bytes
***********WAITING************

Write the data to file:8388608 bytes
***********WAITING************

Write the data to file:8388608 bytes
***********WAITING************
nr_of_strided_rec: 8
nr_doubles: 16384
nr_of_strided_rec: 8
nr_doubles: 16384
nr_of_strided_rec: 8
nr_doubles: 16384
nr_of_strided_rec: 8
nr_doubles: 16384
nr_of_strided_rec: 8
nr_doubles: 16384
nr_of_strided_rec: 8
nr_doubles: 16384
nr_of_strided_rec: 8
nr_doubles: 16384
nr_of_strided_rec: 8
nr_doubles: 16384
nr_of_strided_rec: 8
nr_doubles: 16384
nr_of_strided_rec: 8
nr_doubles: 16384
nr_of_strided_rec: 8
nr_doubles: 16384
nr_of_strided_rec: 8
nr_doubles: 16384
nr_of_strided_rec: 8
nr_doubles: 16384
nr_of_strided_rec: 8
nr_doubles: 16384
nr_of_strided_rec: 8
nr_doubles: 16384
nr_of_strided_rec: 8
nr_doubles: 16384

Write the data to file:8388608 bytes
***********WAITING************

Write the data to file:8388608 bytes
***********WAITING************

Write the data to file:8388608 bytes
***********WAITING************

Write the data to file:8388608 bytes
***********WAITING************

Write the data to file:8388608 bytes
***********WAITING************

Write the data to file:8388608 bytes
***********WAITING************

Write the data to file:8388608 bytes
***********WAITING************

Write the data to file:8388608 bytes
***********WAITING************

Write the data to file:8388608 bytes
***********WAITING************

Write the data to file:8388608 bytes
***********WAITING************

Write the data to file:8388608 bytes
***********WAITING************

Write the data to file:8388608 bytes
***********WAITING************

Write the data to file:8388608 bytes
***********WAITING************

Write the data to file:8388608 bytes
***********WAITING************

Write the data to file:8388608 bytes
***********WAITING************

Write the data to file:8388608 bytes
***********WAITING************
nr_of_strided_rec: 8
nr_doubles: 16384
nr_of_strided_rec: 8
nr_doubles: 16384
nr_of_strided_rec: 8
nr_doubles: 16384
nr_of_strided_rec: 8
nr_doubles: 16384
nr_of_strided_rec: 8
nr_doubles: 16384
nr_of_strided_rec: 8
nr_doubles: 16384
nr_of_strided_rec: 8
nr_doubles: 16384
nr_of_strided_rec: 8
nr_doubles: 16384
nr_of_strided_rec: 8
nr_doubles: 16384
nr_of_strided_rec: 8
nr_doubles: 16384
nr_of_strided_rec: 8
nr_doubles: 16384
nr_of_strided_rec: 8
nr_doubles: 16384
nr_of_strided_rec: 8
nr_doubles: 16384
nr_of_strided_rec: 8
nr_doubles: 16384
nr_of_strided_rec: 8
nr_doubles: 16384
nr_of_strided_rec: 8
nr_doubles: 16384

Write the data to file:8388608 bytes
***********WAITING************

Write the data to file:8388608 bytes
***********WAITING************

Write the data to file:8388608 bytes
***********WAITING************

Write the data to file:8388608 bytes
***********WAITING************

Write the data to file:8388608 bytes
***********WAITING************

Write the data to file:8388608 bytes
***********WAITING************

Write the data to file:8388608 bytes
***********WAITING************

Write the data to file:8388608 bytes
***********WAITING************

Write the data to file:8388608 bytes
***********WAITING************

Write the data to file:8388608 bytes
***********WAITING************

Write the data to file:8388608 bytes
***********WAITING************

Write the data to file:8388608 bytes
***********WAITING************

Write the data to file:8388608 bytes
***********WAITING************

Write the data to file:8388608 bytes
***********WAITING************

Write the data to file:8388608 bytes
***********WAITING************

Write the data to file:8388608 bytes
***********WAITING************
nr_of_strided_rec: 8
nr_doubles: 16384
nr_of_strided_rec: 8
nr_doubles: 16384
nr_of_strided_rec: 8
nr_doubles: 16384
nr_of_strided_rec: 8
nr_doubles: 16384
nr_of_strided_rec: 8
nr_doubles: 16384
nr_of_strided_rec: 8
nr_doubles: 16384
nr_of_strided_rec: 8
nr_doubles: 16384
nr_of_strided_rec: 8
nr_doubles: 16384
nr_of_strided_rec: 8
nr_doubles: 16384
nr_of_strided_rec: 8
nr_doubles: 16384
nr_of_strided_rec: 8
nr_doubles: 16384
nr_of_strided_rec: 8
nr_doubles: 16384
nr_of_strided_rec: 8
nr_doubles: 16384
nr_of_strided_rec: 8
nr_doubles: 16384
nr_of_strided_rec: 8
nr_doubles: 16384
nr_of_strided_rec: 8
nr_doubles: 16384

Write the data to file:8388608 bytes
***********WAITING************

Write the data to file:8388608 bytes
***********WAITING************

Write the data to file:8388608 bytes
***********WAITING************

Write the data to file:8388608 bytes
***********WAITING************

Write the data to file:8388608 bytes
***********WAITING************

Write the data to file:8388608 bytes
***********WAITING************

Write the data to file:8388608 bytes
***********WAITING************

Write the data to file:8388608 bytes
***********WAITING************

Write the data to file:8388608 bytes
***********WAITING************

Write the data to file:8388608 bytes
***********WAITING************

Write the data to file:8388608 bytes
***********WAITING************

Write the data to file:8388608 bytes
***********WAITING************

Write the data to file:8388608 bytes
***********WAITING************

Write the data to file:8388608 bytes
***********WAITING************

Write the data to file:8388608 bytes
***********WAITING************

Write the data to file:8388608 bytes
***********WAITING************
nr_of_strided_rec: 8
nr_doubles: 16384
nr_of_strided_rec: 8
nr_doubles: 16384
nr_of_strided_rec: 8
nr_doubles: 16384
nr_of_strided_rec: 8
nr_doubles: 16384
nr_of_strided_rec: 8
nr_doubles: 16384
nr_of_strided_rec: 8
nr_doubles: 16384
nr_of_strided_rec: 8
nr_doubles: 16384
nr_of_strided_rec: 8
nr_doubles: 16384
nr_of_strided_rec: 8
nr_doubles: 16384
nr_of_strided_rec: 8
nr_doubles: 16384
nr_of_strided_rec: 8
nr_doubles: 16384
nr_of_strided_rec: 8
nr_doubles: 16384
nr_of_strided_rec: 8
nr_doubles: 16384
nr_of_strided_rec: 8
nr_doubles: 16384
nr_of_strided_rec: 8
nr_doubles: 16384
nr_of_strided_rec: 8
nr_doubles: 16384

Write the data to file:8388608 bytes
***********WAITING************

Write the data to file:8388608 bytes
***********WAITING************

Write the data to file:8388608 bytes
***********WAITING************

Write the data to file:8388608 bytes
***********WAITING************

Write the data to file:8388608 bytes
***********WAITING************

Write the data to file:8388608 bytes
***********WAITING************

Write the data to file:8388608 bytes
***********WAITING************

Write the data to file:8388608 bytes
***********WAITING************

Write the data to file:8388608 bytes
***********WAITING************

Write the data to file:8388608 bytes
***********WAITING************

Write the data to file:8388608 bytes
***********WAITING************

Write the data to file:8388608 bytes
***********WAITING************

Write the data to file:8388608 bytes
***********WAITING************

Write the data to file:8388608 bytes
***********WAITING************

Write the data to file:8388608 bytes
***********WAITING************

Write the data to file:8388608 bytes
***********WAITING************
nr_of_strided_rec: 8
nr_doubles: 16384
nr_of_strided_rec: 8
nr_doubles: 16384
nr_of_strided_rec: 8
nr_doubles: 16384
nr_of_strided_rec: 8
nr_doubles: 16384
nr_of_strided_rec: 8
nr_doubles: 16384
nr_of_strided_rec: 8
nr_doubles: 16384
nr_of_strided_rec: 8
nr_doubles: 16384
nr_of_strided_rec: 8
nr_doubles: 16384
nr_of_strided_rec: 8
nr_doubles: 16384
nr_of_strided_rec: 8
nr_doubles: 16384
nr_of_strided_rec: 8
nr_doubles: 16384
nr_of_strided_rec: 8
nr_doubles: 16384
nr_of_strided_rec: 8
nr_doubles: 16384
nr_of_strided_rec: 8
nr_doubles: 16384
nr_of_strided_rec: 8
nr_doubles: 16384
nr_of_strided_rec: 8
nr_doubles: 16384

Write the data to file:8388608 bytes
***********WAITING************

Write the data to file:8388608 bytes
***********WAITING************

Write the data to file:8388608 bytes
***********WAITING************

Write the data to file:8388608 bytes
***********WAITING************

Write the data to file:8388608 bytes
***********WAITING************

Write the data to file:8388608 bytes
***********WAITING************

Write the data to file:8388608 bytes
***********WAITING************

Write the data to file:8388608 bytes
***********WAITING************

Write the data to file:8388608 bytes
***********WAITING************

Write the data to file:8388608 bytes
***********WAITING************

Write the data to file:8388608 bytes
***********WAITING************

Write the data to file:8388608 bytes
***********WAITING************

Write the data to file:8388608 bytes
***********WAITING************

Write the data to file:8388608 bytes
***********WAITING************

Write the data to file:8388608 bytes
***********WAITING************

Write the data to file:8388608 bytes
***********WAITING************
nr_of_strided_rec: 8
nr_doubles: 16384
nr_of_strided_rec: 8
nr_doubles: 16384
nr_of_strided_rec: 8
nr_doubles: 16384
nr_of_strided_rec: 8
nr_doubles: 16384
nr_of_strided_rec: 8
nr_doubles: 16384
nr_of_strided_rec: 8
nr_doubles: 16384
nr_of_strided_rec: 8
nr_doubles: 16384
nr_of_strided_rec: 8
nr_doubles: 16384
nr_of_strided_rec: 8
nr_doubles: 16384
nr_of_strided_rec: 8
nr_doubles: 16384
nr_of_strided_rec: 8
nr_doubles: 16384
nr_of_strided_rec: 8
nr_doubles: 16384
nr_of_strided_rec: 8
nr_doubles: 16384
nr_of_strided_rec: 8
nr_doubles: 16384
nr_of_strided_rec: 8
nr_doubles: 16384
nr_of_strided_rec: 8
nr_doubles: 16384

Write the data to file:8388608 bytes
***********WAITING************

Write the data to file:8388608 bytes
***********WAITING************

Write the data to file:8388608 bytes
***********WAITING************

Write the data to file:8388608 bytes
***********WAITING************

Write the data to file:8388608 bytes
***********WAITING************

Write the data to file:8388608 bytes
***********WAITING************

Write the data to file:8388608 bytes
***********WAITING************

Write the data to file:8388608 bytes
***********WAITING************

Write the data to file:8388608 bytes
***********WAITING************

Write the data to file:8388608 bytes
***********WAITING************

Write the data to file:8388608 bytes
***********WAITING************

Write the data to file:8388608 bytes
***********WAITING************

Write the data to file:8388608 bytes
***********WAITING************

Write the data to file:8388608 bytes
***********WAITING************

Write the data to file:8388608 bytes
***********WAITING************

Write the data to file:8388608 bytes
***********WAITING************
nr_of_strided_rec: 8
nr_doubles: 16384
nr_of_strided_rec: 8
nr_doubles: 16384
nr_of_strided_rec: 8
nr_doubles: 16384
nr_of_strided_rec: 8
nr_doubles: 16384
nr_of_strided_rec: 8
nr_doubles: 16384
nr_of_strided_rec: 8
nr_doubles: 16384
nr_of_strided_rec: 8
nr_doubles: 16384
nr_of_strided_rec: 8
nr_doubles: 16384
nr_of_strided_rec: 8
nr_doubles: 16384
nr_of_strided_rec: 8
nr_doubles: 16384
nr_of_strided_rec: 8
nr_doubles: 16384
nr_of_strided_rec: 8
nr_doubles: 16384
nr_of_strided_rec: 8
nr_doubles: 16384
nr_of_strided_rec: 8
nr_doubles: 16384
nr_of_strided_rec: 8
nr_doubles: 16384
nr_of_strided_rec: 8
nr_doubles: 16384

Write the data to file:8388608 bytes
***********WAITING************

Write the data to file:8388608 bytes
***********WAITING************

Write the data to file:8388608 bytes
***********WAITING************

Write the data to file:8388608 bytes
***********WAITING************

Write the data to file:8388608 bytes
***********WAITING************

Write the data to file:8388608 bytes
***********WAITING************

Write the data to file:8388608 bytes
***********WAITING************

Write the data to file:8388608 bytes
***********WAITING************

Write the data to file:8388608 bytes
***********WAITING************

Write the data to file:8388608 bytes
***********WAITING************

Write the data to file:8388608 bytes
***********WAITING************

Write the data to file:8388608 bytes
***********WAITING************

Write the data to file:8388608 bytes
***********WAITING************

Write the data to file:8388608 bytes
***********WAITING************

Write the data to file:8388608 bytes
***********WAITING************

Write the data to file:8388608 bytes
***********WAITING************
nr_of_strided_rec: 8
nr_doubles: 16384
nr_of_strided_rec: 8
nr_doubles: 16384
nr_of_strided_rec: 8
nr_doubles: 16384
nr_of_strided_rec: 8
nr_doubles: 16384
nr_of_strided_rec: 8
nr_doubles: 16384
nr_of_strided_rec: 8
nr_doubles: 16384
nr_of_strided_rec: 8
nr_doubles: 16384
nr_of_strided_rec: 8
nr_doubles: 16384
nr_of_strided_rec: 8
nr_doubles: 16384
nr_of_strided_rec: 8
nr_doubles: 16384
nr_of_strided_rec: 8
nr_doubles: 16384
nr_of_strided_rec: 8
nr_doubles: 16384
nr_of_strided_rec: 8
nr_doubles: 16384
nr_of_strided_rec: 8
nr_doubles: 16384
nr_of_strided_rec: 8
nr_doubles: 16384
nr_of_strided_rec: 8
nr_doubles: 16384

Write the data to file:8388608 bytes
***********WAITING************

Write the data to file:8388608 bytes
***********WAITING************

Write the data to file:8388608 bytes
***********WAITING************

Write the data to file:8388608 bytes
***********WAITING************

Write the data to file:8388608 bytes
***********WAITING************

Write the data to file:8388608 bytes
***********WAITING************

Write the data to file:8388608 bytes
***********WAITING************

Write the data to file:8388608 bytes
***********WAITING************

Write the data to file:8388608 bytes
***********WAITING************

Write the data to file:8388608 bytes
***********WAITING************

Write the data to file:8388608 bytes
***********WAITING************

Write the data to file:8388608 bytes
***********WAITING************

Write the data to file:8388608 bytes
***********WAITING************

Write the data to file:8388608 bytes
***********WAITING************

Write the data to file:8388608 bytes
***********WAITING************

Write the data to file:8388608 bytes
***********WAITING************
nr_of_strided_rec: 8
nr_doubles: 16384
nr_of_strided_rec: 8
nr_doubles: 16384
nr_of_strided_rec: 8
nr_doubles: 16384
nr_of_strided_rec: 8
nr_doubles: 16384
nr_of_strided_rec: 8
nr_doubles: 16384
nr_of_strided_rec: 8
nr_doubles: 16384
nr_of_strided_rec: 8
nr_doubles: 16384
nr_of_strided_rec: 8
nr_doubles: 16384
nr_of_strided_rec: 8
nr_doubles: 16384
nr_of_strided_rec: 8
nr_doubles: 16384
nr_of_strided_rec: 8
nr_doubles: 16384
nr_of_strided_rec: 8
nr_doubles: 16384
nr_of_strided_rec: 8
nr_doubles: 16384
nr_of_strided_rec: 8
nr_doubles: 16384
nr_of_strided_rec: 8
nr_doubles: 16384
nr_of_strided_rec: 8
nr_doubles: 16384

Write the data to file:8388608 bytes
***********WAITING************

Write the data to file:8388608 bytes
***********WAITING************

Write the data to file:8388608 bytes
***********WAITING************

Write the data to file:8388608 bytes
***********WAITING************

Write the data to file:8388608 bytes
***********WAITING************

Write the data to file:8388608 bytes
***********WAITING************

Write the data to file:8388608 bytes
***********WAITING************

Write the data to file:8388608 bytes
***********WAITING************

Write the data to file:8388608 bytes
***********WAITING************

Write the data to file:8388608 bytes
***********WAITING************

Write the data to file:8388608 bytes
***********WAITING************

Write the data to file:8388608 bytes
***********WAITING************

Write the data to file:8388608 bytes
***********WAITING************

Write the data to file:8388608 bytes
***********WAITING************

Write the data to file:8388608 bytes
***********WAITING************

Write the data to file:8388608 bytes
***********WAITING************
nr_of_strided_rec: 8
nr_doubles: 16384
nr_of_strided_rec: 8
nr_doubles: 16384
nr_of_strided_rec: 8
nr_doubles: 16384
nr_of_strided_rec: 8
nr_doubles: 16384
nr_of_strided_rec: 8
nr_doubles: 16384
nr_of_strided_rec: 8
nr_doubles: 16384
nr_of_strided_rec: 8
nr_doubles: 16384
nr_of_strided_rec: 8
nr_doubles: 16384
nr_of_strided_rec: 8
nr_doubles: 16384
nr_of_strided_rec: 8
nr_doubles: 16384
nr_of_strided_rec: 8
nr_doubles: 16384
nr_of_strided_rec: 8
nr_doubles: 16384
nr_of_strided_rec: 8
nr_doubles: 16384
nr_of_strided_rec: 8
nr_doubles: 16384
nr_of_strided_rec: 8
nr_doubles: 16384
nr_of_strided_rec: 8
nr_doubles: 16384

Write the data to file:8388608 bytes
***********WAITING************

Write the data to file:8388608 bytes
***********WAITING************

Write the data to file:8388608 bytes
***********WAITING************

Write the data to file:8388608 bytes
***********WAITING************

Write the data to file:8388608 bytes
***********WAITING************

Write the data to file:8388608 bytes
***********WAITING************

Write the data to file:8388608 bytes
***********WAITING************

Write the data to file:8388608 bytes
***********WAITING************

Write the data to file:8388608 bytes
***********WAITING************

Write the data to file:8388608 bytes
***********WAITING************

Write the data to file:8388608 bytes
***********WAITING************

Write the data to file:8388608 bytes
***********WAITING************

Write the data to file:8388608 bytes
***********WAITING************

Write the data to file:8388608 bytes
***********WAITING************

Write the data to file:8388608 bytes
***********WAITING************

Write the data to file:8388608 bytes
***********WAITING************
nr_of_strided_rec: 8
nr_doubles: 16384
nr_of_strided_rec: 8
nr_doubles: 16384
nr_of_strided_rec: 8
nr_doubles: 16384
nr_of_strided_rec: 8
nr_doubles: 16384
nr_of_strided_rec: 8
nr_doubles: 16384
nr_of_strided_rec: 8
nr_doubles: 16384
nr_of_strided_rec: 8
nr_doubles: 16384
nr_of_strided_rec: 8
nr_doubles: 16384
nr_of_strided_rec: 8
nr_doubles: 16384
nr_of_strided_rec: 8
nr_doubles: 16384
nr_of_strided_rec: 8
nr_doubles: 16384
nr_of_strided_rec: 8
nr_doubles: 16384
nr_of_strided_rec: 8
nr_doubles: 16384
nr_of_strided_rec: 8
nr_doubles: 16384
nr_of_strided_rec: 8
nr_doubles: 16384
nr_of_strided_rec: 8
nr_doubles: 16384

Write the data to file:8388608 bytes
***********WAITING************

Write the data to file:8388608 bytes
***********WAITING************

Write the data to file:8388608 bytes
***********WAITING************

Write the data to file:8388608 bytes
***********WAITING************

Write the data to file:8388608 bytes
***********WAITING************

Write the data to file:8388608 bytes
***********WAITING************

Write the data to file:8388608 bytes
***********WAITING************

Write the data to file:8388608 bytes
***********WAITING************

Write the data to file:8388608 bytes
***********WAITING************

Write the data to file:8388608 bytes
***********WAITING************

Write the data to file:8388608 bytes
***********WAITING************

Write the data to file:8388608 bytes
***********WAITING************

Write the data to file:8388608 bytes
***********WAITING************

Write the data to file:8388608 bytes
***********WAITING************

Write the data to file:8388608 bytes
***********WAITING************

Write the data to file:8388608 bytes
***********WAITING************
nr_of_strided_rec: 8
nr_doubles: 16384
nr_of_strided_rec: 8
nr_doubles: 16384
nr_of_strided_rec: 8
nr_doubles: 16384
nr_of_strided_rec: 8
nr_doubles: 16384
nr_of_strided_rec: 8
nr_doubles: 16384
nr_of_strided_rec: 8
nr_doubles: 16384
nr_of_strided_rec: 8
nr_doubles: 16384
nr_of_strided_rec: 8
nr_doubles: 16384
nr_of_strided_rec: 8
nr_doubles: 16384
nr_of_strided_rec: 8
nr_doubles: 16384
nr_of_strided_rec: 8
nr_doubles: 16384
nr_of_strided_rec: 8
nr_doubles: 16384
nr_of_strided_rec: 8
nr_doubles: 16384
nr_of_strided_rec: 8
nr_doubles: 16384
nr_of_strided_rec: 8
nr_doubles: 16384
nr_of_strided_rec: 8
nr_doubles: 16384

Write the data to file:8388608 bytes
***********WAITING************

Write the data to file:8388608 bytes
***********WAITING************

Write the data to file:8388608 bytes
***********WAITING************

Write the data to file:8388608 bytes
***********WAITING************

Write the data to file:8388608 bytes
***********WAITING************

Write the data to file:8388608 bytes
***********WAITING************

Write the data to file:8388608 bytes
***********WAITING************

Write the data to file:8388608 bytes
***********WAITING************

Write the data to file:8388608 bytes
***********WAITING************

Write the data to file:8388608 bytes
***********WAITING************

Write the data to file:8388608 bytes
***********WAITING************

Write the data to file:8388608 bytes
***********WAITING************

Write the data to file:8388608 bytes
***********WAITING************

Write the data to file:8388608 bytes
***********WAITING************

Write the data to file:8388608 bytes
***********WAITING************

Write the data to file:8388608 bytes
***********WAITING************
nr_of_strided_rec: 8
nr_doubles: 16384
nr_of_strided_rec: 8
nr_doubles: 16384
nr_of_strided_rec: 8
nr_doubles: 16384
nr_of_strided_rec: 8
nr_doubles: 16384
nr_of_strided_rec: 8
nr_doubles: 16384
nr_of_strided_rec: 8
nr_doubles: 16384
nr_of_strided_rec: 8
nr_doubles: 16384
nr_of_strided_rec: 8
nr_doubles: 16384
nr_of_strided_rec: 8
nr_doubles: 16384
nr_of_strided_rec: 8
nr_doubles: 16384
nr_of_strided_rec: 8
nr_doubles: 16384
nr_of_strided_rec: 8
nr_doubles: 16384
nr_of_strided_rec: 8
nr_doubles: 16384
nr_of_strided_rec: 8
nr_doubles: 16384
nr_of_strided_rec: 8
nr_doubles: 16384
nr_of_strided_rec: 8
nr_doubles: 16384

Write the data to file:8388608 bytes
***********WAITING************

Write the data to file:8388608 bytes
***********WAITING************

Write the data to file:8388608 bytes
***********WAITING************

Write the data to file:8388608 bytes
***********WAITING************

Write the data to file:8388608 bytes
***********WAITING************

Write the data to file:8388608 bytes
***********WAITING************

Write the data to file:8388608 bytes
***********WAITING************

Write the data to file:8388608 bytes
***********WAITING************

Write the data to file:8388608 bytes
***********WAITING************

Write the data to file:8388608 bytes
***********WAITING************

Write the data to file:8388608 bytes
***********WAITING************

Write the data to file:8388608 bytes
***********WAITING************

Write the data to file:8388608 bytes
***********WAITING************

Write the data to file:8388608 bytes
***********WAITING************

Write the data to file:8388608 bytes
***********WAITING************

Write the data to file:8388608 bytes
***********WAITING************
nr_of_strided_rec: 8
nr_doubles: 16384
nr_of_strided_rec: 8
nr_doubles: 16384
nr_of_strided_rec: 8
nr_doubles: 16384
nr_of_strided_rec: 8
nr_doubles: 16384
nr_of_strided_rec: 8
nr_doubles: 16384
nr_of_strided_rec: 8
nr_doubles: 16384
nr_of_strided_rec: 8
nr_doubles: 16384
nr_of_strided_rec: 8
nr_doubles: 16384
nr_of_strided_rec: 8
nr_doubles: 16384
nr_of_strided_rec: 8
nr_doubles: 16384
nr_of_strided_rec: 8
nr_doubles: 16384
nr_of_strided_rec: 8
nr_doubles: 16384
nr_of_strided_rec: 8
nr_doubles: 16384
nr_of_strided_rec: 8
nr_doubles: 16384
nr_of_strided_rec: 8
nr_doubles: 16384
nr_of_strided_rec: 8
nr_doubles: 16384

Write the data to file:8388608 bytes
***********WAITING************

Write the data to file:8388608 bytes
***********WAITING************

Write the data to file:8388608 bytes
***********WAITING************

Write the data to file:8388608 bytes
***********WAITING************

Write the data to file:8388608 bytes
***********WAITING************

Write the data to file:8388608 bytes
***********WAITING************

Write the data to file:8388608 bytes
***********WAITING************

Write the data to file:8388608 bytes
***********WAITING************

Write the data to file:8388608 bytes
***********WAITING************

Write the data to file:8388608 bytes
***********WAITING************

Write the data to file:8388608 bytes
***********WAITING************

Write the data to file:8388608 bytes
***********WAITING************

Write the data to file:8388608 bytes
***********WAITING************

Write the data to file:8388608 bytes
***********WAITING************

Write the data to file:8388608 bytes
***********WAITING************

Write the data to file:8388608 bytes
***********WAITING************
nr_of_strided_rec: 8
nr_doubles: 16384
nr_of_strided_rec: 8
nr_doubles: 16384
nr_of_strided_rec: 8
nr_doubles: 16384
nr_of_strided_rec: 8
nr_doubles: 16384
nr_of_strided_rec: 8
nr_doubles: 16384
nr_of_strided_rec: 8
nr_doubles: 16384
nr_of_strided_rec: 8
nr_doubles: 16384
nr_of_strided_rec: 8
nr_doubles: 16384
nr_of_strided_rec: 8
nr_doubles: 16384
nr_of_strided_rec: 8
nr_doubles: 16384
nr_of_strided_rec: 8
nr_doubles: 16384
nr_of_strided_rec: 8
nr_doubles: 16384
nr_of_strided_rec: 8
nr_doubles: 16384
nr_of_strided_rec: 8
nr_doubles: 16384
nr_of_strided_rec: 8
nr_doubles: 16384
nr_of_strided_rec: 8
nr_doubles: 16384

Write the data to file:8388608 bytes
***********WAITING************

Write the data to file:8388608 bytes
***********WAITING************

Write the data to file:8388608 bytes
***********WAITING************

Write the data to file:8388608 bytes
***********WAITING************

Write the data to file:8388608 bytes
***********WAITING************

Write the data to file:8388608 bytes
***********WAITING************

Write the data to file:8388608 bytes
***********WAITING************

Write the data to file:8388608 bytes
***********WAITING************

Write the data to file:8388608 bytes
***********WAITING************

Write the data to file:8388608 bytes
***********WAITING************

Write the data to file:8388608 bytes
***********WAITING************

Write the data to file:8388608 bytes
***********WAITING************

Write the data to file:8388608 bytes
***********WAITING************

Write the data to file:8388608 bytes
***********WAITING************

Write the data to file:8388608 bytes
***********WAITING************

Write the data to file:8388608 bytes
***********WAITING************
nr_of_strided_rec: 8
nr_doubles: 16384
nr_of_strided_rec: 8
nr_doubles: 16384
nr_of_strided_rec: 8
nr_doubles: 16384
nr_of_strided_rec: 8
nr_doubles: 16384
nr_of_strided_rec: 8
nr_doubles: 16384
nr_of_strided_rec: 8
nr_doubles: 16384
nr_of_strided_rec: 8
nr_doubles: 16384
nr_of_strided_rec: 8
nr_doubles: 16384
nr_of_strided_rec: 8
nr_doubles: 16384
nr_of_strided_rec: 8
nr_doubles: 16384
nr_of_strided_rec: 8
nr_doubles: 16384
nr_of_strided_rec: 8
nr_doubles: 16384
nr_of_strided_rec: 8
nr_doubles: 16384
nr_of_strided_rec: 8
nr_doubles: 16384
nr_of_strided_rec: 8
nr_doubles: 16384
nr_of_strided_rec: 8
nr_doubles: 16384

Write the data to file:8388608 bytes
***********WAITING************

Write the data to file:8388608 bytes
***********WAITING************

Write the data to file:8388608 bytes
***********WAITING************

Write the data to file:8388608 bytes
***********WAITING************

Write the data to file:8388608 bytes
***********WAITING************

Write the data to file:8388608 bytes
***********WAITING************

Write the data to file:8388608 bytes
***********WAITING************

Write the data to file:8388608 bytes
***********WAITING************

Write the data to file:8388608 bytes
***********WAITING************

Write the data to file:8388608 bytes
***********WAITING************

Write the data to file:8388608 bytes
***********WAITING************

Write the data to file:8388608 bytes
***********WAITING************

Write the data to file:8388608 bytes
***********WAITING************

Write the data to file:8388608 bytes
***********WAITING************

Write the data to file:8388608 bytes
***********WAITING************

Write the data to file:8388608 bytes
***********WAITING************
nr_of_strided_rec: 8
nr_doubles: 16384
nr_of_strided_rec: 8
nr_doubles: 16384
nr_of_strided_rec: 8
nr_doubles: 16384
nr_of_strided_rec: 8
nr_doubles: 16384
nr_of_strided_rec: 8
nr_doubles: 16384
nr_of_strided_rec: 8
nr_doubles: 16384
nr_of_strided_rec: 8
nr_doubles: 16384
nr_of_strided_rec: 8
nr_doubles: 16384
nr_of_strided_rec: 8
nr_doubles: 16384
nr_of_strided_rec: 8
nr_doubles: 16384
nr_of_strided_rec: 8
nr_doubles: 16384
nr_of_strided_rec: 8
nr_doubles: 16384
nr_of_strided_rec: 8
nr_doubles: 16384
nr_of_strided_rec: 8
nr_doubles: 16384
nr_of_strided_rec: 8
nr_doubles: 16384
nr_of_strided_rec: 8
nr_doubles: 16384

Write the data to file:8388608 bytes
***********WAITING************

Write the data to file:8388608 bytes
***********WAITING************

Write the data to file:8388608 bytes
***********WAITING************

Write the data to file:8388608 bytes
***********WAITING************

Write the data to file:8388608 bytes
***********WAITING************

Write the data to file:8388608 bytes
***********WAITING************

Write the data to file:8388608 bytes
***********WAITING************

Write the data to file:8388608 bytes
***********WAITING************

Write the data to file:8388608 bytes
***********WAITING************

Write the data to file:8388608 bytes
***********WAITING************

Write the data to file:8388608 bytes
***********WAITING************

Write the data to file:8388608 bytes
***********WAITING************

Write the data to file:8388608 bytes
***********WAITING************

Write the data to file:8388608 bytes
***********WAITING************

Write the data to file:8388608 bytes
***********WAITING************

Write the data to file:8388608 bytes
***********WAITING************
nr_of_strided_rec: 8
nr_doubles: 16384
nr_of_strided_rec: 8
nr_doubles: 16384
nr_of_strided_rec: 8
nr_doubles: 16384
nr_of_strided_rec: 8
nr_doubles: 16384
nr_of_strided_rec: 8
nr_doubles: 16384
nr_of_strided_rec: 8
nr_doubles: 16384
nr_of_strided_rec: 8
nr_doubles: 16384
nr_of_strided_rec: 8
nr_doubles: 16384
nr_of_strided_rec: 8
nr_doubles: 16384
nr_of_strided_rec: 8
nr_doubles: 16384
nr_of_strided_rec: 8
nr_doubles: 16384
nr_of_strided_rec: 8
nr_doubles: 16384
nr_of_strided_rec: 8
nr_doubles: 16384
nr_of_strided_rec: 8
nr_doubles: 16384
nr_of_strided_rec: 8
nr_doubles: 16384
nr_of_strided_rec: 8
nr_doubles: 16384

Write the data to file:8388608 bytes
***********WAITING************

Write the data to file:8388608 bytes
***********WAITING************

Write the data to file:8388608 bytes
***********WAITING************

Write the data to file:8388608 bytes
***********WAITING************

Write the data to file:8388608 bytes
***********WAITING************

Write the data to file:8388608 bytes
***********WAITING************

Write the data to file:8388608 bytes
***********WAITING************

Write the data to file:8388608 bytes
***********WAITING************

Write the data to file:8388608 bytes
***********WAITING************

Write the data to file:8388608 bytes
***********WAITING************

Write the data to file:8388608 bytes
***********WAITING************

Write the data to file:8388608 bytes
***********WAITING************

Write the data to file:8388608 bytes
***********WAITING************

Write the data to file:8388608 bytes
***********WAITING************

Write the data to file:8388608 bytes
***********WAITING************

Write the data to file:8388608 bytes
***********WAITING************
nr_of_strided_rec: 8
nr_doubles: 16384
nr_of_strided_rec: 8
nr_doubles: 16384
nr_of_strided_rec: 8
nr_doubles: 16384
nr_of_strided_rec: 8
nr_doubles: 16384
nr_of_strided_rec: 8
nr_doubles: 16384
nr_of_strided_rec: 8
nr_doubles: 16384
nr_of_strided_rec: 8
nr_doubles: 16384
nr_of_strided_rec: 8
nr_doubles: 16384
nr_of_strided_rec: 8
nr_doubles: 16384
nr_of_strided_rec: 8
nr_doubles: 16384
nr_of_strided_rec: 8
nr_doubles: 16384
nr_of_strided_rec: 8
nr_doubles: 16384
nr_of_strided_rec: 8
nr_doubles: 16384
nr_of_strided_rec: 8
nr_doubles: 16384
nr_of_strided_rec: 8
nr_doubles: 16384
nr_of_strided_rec: 8
nr_doubles: 16384

Write the data to file:8388608 bytes
***********WAITING************

Write the data to file:8388608 bytes
***********WAITING************

Write the data to file:8388608 bytes
***********WAITING************

Write the data to file:8388608 bytes
***********WAITING************

Write the data to file:8388608 bytes
***********WAITING************

Write the data to file:8388608 bytes
***********WAITING************

Write the data to file:8388608 bytes
***********WAITING************

Write the data to file:8388608 bytes
***********WAITING************

Write the data to file:8388608 bytes
***********WAITING************

Write the data to file:8388608 bytes
***********WAITING************

Write the data to file:8388608 bytes
***********WAITING************

Write the data to file:8388608 bytes
***********WAITING************

Write the data to file:8388608 bytes
***********WAITING************

Write the data to file:8388608 bytes
***********WAITING************

Write the data to file:8388608 bytes
***********WAITING************

Write the data to file:8388608 bytes
***********WAITING************
nr_of_strided_rec: 8
nr_doubles: 16384
nr_of_strided_rec: 8
nr_doubles: 16384
nr_of_strided_rec: 8
nr_doubles: 16384
nr_of_strided_rec: 8
nr_doubles: 16384
nr_of_strided_rec: 8
nr_doubles: 16384
nr_of_strided_rec: 8
nr_doubles: 16384
nr_of_strided_rec: 8
nr_doubles: 16384
nr_of_strided_rec: 8
nr_doubles: 16384
nr_of_strided_rec: 8
nr_doubles: 16384
nr_of_strided_rec: 8
nr_doubles: 16384
nr_of_strided_rec: 8
nr_doubles: 16384
nr_of_strided_rec: 8
nr_doubles: 16384
nr_of_strided_rec: 8
nr_doubles: 16384
nr_of_strided_rec: 8
nr_doubles: 16384
nr_of_strided_rec: 8
nr_doubles: 16384
nr_of_strided_rec: 8
nr_doubles: 16384

Write the data to file:8388608 bytes
***********WAITING************

Write the data to file:8388608 bytes
***********WAITING************

Write the data to file:8388608 bytes
***********WAITING************

Write the data to file:8388608 bytes
***********WAITING************

Write the data to file:8388608 bytes
***********WAITING************

Write the data to file:8388608 bytes
***********WAITING************

Write the data to file:8388608 bytes
***********WAITING************

Write the data to file:8388608 bytes
***********WAITING************

Write the data to file:8388608 bytes
***********WAITING************

Write the data to file:8388608 bytes
***********WAITING************

Write the data to file:8388608 bytes
***********WAITING************

Write the data to file:8388608 bytes
***********WAITING************

Write the data to file:8388608 bytes
***********WAITING************

Write the data to file:8388608 bytes
***********WAITING************

Write the data to file:8388608 bytes
***********WAITING************

Write the data to file:8388608 bytes
***********WAITING************

Write the data to file:8388608 bytes
***********WAITING************

Write the data to file:8388608 bytes
***********WAITING************

Write the data to file:8388608 bytes
***********WAITING************

Write the data to file:8388608 bytes
***********WAITING************

Write the data to file:8388608 bytes
***********WAITING************

Write the data to file:8388608 bytes
***********WAITING************

Write the data to file:8388608 bytes
***********WAITING************

Write the data to file:8388608 bytes
***********WAITING************

Write the data to file:8388608 bytes
***********WAITING************

Write the data to file:8388608 bytes
***********WAITING************

Write the data to file:8388608 bytes
***********WAITING************

Write the data to file:8388608 bytes
***********WAITING************

Write the data to file:8388608 bytes
***********WAITING************

Write the data to file:8388608 bytes
***********WAITING************

Write the data to file:8388608 bytes
***********WAITING************

Write the data to file:8388608 bytes
***********WAITING************
W_cc         0.64   [      0.64:      0.64]
W_r         19.52   [     19.52:     19.52]
W_w          2.16   [      2.16:      2.16]
          -------
W_total     22.32   [     22.32:     22.32]

calc_W done
calc_W done
calc_W done
calc_W done
calc_W done
calc_W done
calc_W done
calc_W done
nr_of_strided_rec: 8
nr_doubles: 16384
calc_W done
nr_of_strided_rec: 8
nr_doubles: 16384
calc_W done
nr_of_strided_rec: 8
nr_doubles: 16384
calc_W done
nr_of_strided_rec: 8
nr_doubles: 16384
calc_W done
nr_of_strided_rec: 8
nr_doubles: 16384
calc_W done
nr_of_strided_rec: 8
nr_doubles: 16384
calc_W done
nr_of_strided_rec: 8
nr_doubles: 16384
calc_W done
nr_of_strided_rec: 8
nr_doubles: 16384
calc_W done
nr_of_strided_rec: 8
nr_doubles: 16384
nr_of_strided_rec: 8
nr_doubles: 16384
nr_of_strided_rec: 8
nr_doubles: 16384
nr_of_strided_rec: 8
nr_doubles: 16384
nr_of_strided_rec: 8
nr_doubles: 16384
nr_of_strided_rec: 8
nr_doubles: 16384
nr_of_strided_rec: 8
nr_doubles: 16384
nr_of_strided_rec: 8
nr_doubles: 16384
nr_of_strided_rec: 8
nr_doubles: 16384
nr_of_strided_rec: 8
nr_doubles: 16384
nr_of_strided_rec: 8
nr_doubles: 16384
nr_of_strided_rec: 8
nr_doubles: 16384
nr_of_strided_rec: 8
nr_doubles: 16384
nr_of_strided_rec: 8
nr_doubles: 16384
nr_of_strided_rec: 8
nr_doubles: 16384
nr_of_strided_rec: 8
nr_doubles: 16384
nr_of_strided_rec: 8
nr_doubles: 16384
nr_of_strided_rec: 8
nr_doubles: 16384
nr_of_strided_rec: 8
nr_doubles: 16384
nr_of_strided_rec: 8
nr_doubles: 16384
nr_of_strided_rec: 8
nr_doubles: 16384
nr_of_strided_rec: 8
nr_doubles: 16384
nr_of_strided_rec: 8
nr_doubles: 16384
nr_of_strided_rec: 8
nr_doubles: 16384
nr_of_strided_rec: 8
nr_doubles: 16384
nr_of_strided_rec: 8
nr_doubles: 16384
nr_of_strided_rec: 8
nr_doubles: 16384
nr_of_strided_rec: 8
nr_doubles: 16384
nr_of_strided_rec: 8
nr_doubles: 16384
nr_of_strided_rec: 8
nr_doubles: 16384
nr_of_strided_rec: 8
nr_doubles: 16384
nr_of_strided_rec: 8
nr_doubles: 16384
nr_of_strided_rec: 8
nr_doubles: 16384
nr_of_strided_rec: 8
nr_doubles: 16384
nr_of_strided_rec: 8
nr_doubles: 16384
nr_of_strided_rec: 8
nr_doubles: 16384
nr_of_strided_rec: 8
nr_doubles: 16384
nr_of_strided_rec: 8
nr_doubles: 16384
nr_of_strided_rec: 8
nr_doubles: 16384
nr_of_strided_rec: 8
nr_doubles: 16384
nr_of_strided_rec: 8
nr_doubles: 16384
nr_of_strided_rec: 8
nr_doubles: 16384
nr_of_strided_rec: 8
nr_doubles: 16384
nr_of_strided_rec: 8
nr_doubles: 16384
nr_of_strided_rec: 8
nr_doubles: 16384
nr_of_strided_rec: 8
nr_doubles: 16384
nr_of_strided_rec: 8
nr_doubles: 16384
nr_of_strided_rec: 8
nr_doubles: 16384
nr_of_strided_rec: 8
nr_doubles: 16384
nr_of_strided_rec: 8
nr_doubles: 16384
nr_of_strided_rec: 8
nr_doubles: 16384
nr_of_strided_rec: 8
nr_doubles: 16384
nr_of_strided_rec: 8
nr_doubles: 16384
nr_of_strided_rec: 8
nr_doubles: 16384
nr_of_strided_rec: 8
nr_doubles: 16384
nr_of_strided_rec: 8
nr_doubles: 16384
nr_of_strided_rec: 8
nr_doubles: 16384
nr_of_strided_rec: 8
nr_doubles: 16384
nr_of_strided_rec: 8
nr_doubles: 16384
nr_of_strided_rec: 8
nr_doubles: 16384
nr_of_strided_rec: 8
nr_doubles: 16384
nr_of_strided_rec: 8
nr_doubles: 16384
nr_of_strided_rec: 8
nr_doubles: 16384
nr_of_strided_rec: 8
nr_doubles: 16384
nr_of_strided_rec: 8
nr_doubles: 16384
nr_of_strided_rec: 8
nr_doubles: 16384
nr_of_strided_rec: 8
nr_doubles: 16384
nr_of_strided_rec: 8
nr_doubles: 16384
nr_of_strided_rec: 8
nr_doubles: 16384
nr_of_strided_rec: 8
nr_doubles: 16384
nr_of_strided_rec: 8
nr_doubles: 16384
nr_of_strided_rec: 8
nr_doubles: 16384
nr_of_strided_rec: 8
nr_doubles: 16384
nr_of_strided_rec: 8
nr_doubles: 16384
nr_of_strided_rec: 8
nr_doubles: 16384
nr_of_strided_rec: 8
nr_doubles: 16384
nr_of_strided_rec: 8
nr_doubles: 16384
nr_of_strided_rec: 8
nr_doubles: 16384
nr_of_strided_rec: 8
nr_doubles: 16384
nr_of_strided_rec: 8
nr_doubles: 16384
nr_of_strided_rec: 8
nr_doubles: 16384
nr_of_strided_rec: 8
nr_doubles: 16384
nr_of_strided_rec: 8
nr_doubles: 16384
nr_of_strided_rec: 8
nr_doubles: 16384
nr_of_strided_rec: 8
nr_doubles: 16384
nr_of_strided_rec: 8
nr_doubles: 16384
nr_of_strided_rec: 8
nr_doubles: 16384
nr_of_strided_rec: 8
nr_doubles: 16384
nr_of_strided_rec: 8
nr_doubles: 16384
nr_of_strided_rec: 8
nr_doubles: 16384
nr_of_strided_rec: 8
nr_doubles: 16384
nr_of_strided_rec: 8
nr_doubles: 16384
nr_of_strided_rec: 8
nr_doubles: 16384
nr_of_strided_rec: 8
nr_doubles: 16384
nr_of_strided_rec: 8
nr_doubles: 16384
nr_of_strided_rec: 8
nr_doubles: 16384
nr_of_strided_rec: 8
nr_doubles: 16384
nr_of_strided_rec: 8
nr_doubles: 16384
nr_of_strided_rec: 8
nr_doubles: 16384
nr_of_strided_rec: 8
nr_doubles: 16384
nr_of_strided_rec: 8
nr_doubles: 16384
nr_of_strided_rec: 8
nr_doubles: 16384
nr_of_strided_rec: 8
nr_doubles: 16384
nr_of_strided_rec: 8
nr_doubles: 16384
nr_of_strided_rec: 8
nr_doubles: 16384
nr_of_strided_rec: 8
nr_doubles: 16384
nr_of_strided_rec: 8
nr_doubles: 16384
nr_of_strided_rec: 8
nr_doubles: 16384
nr_of_strided_rec: 8
nr_doubles: 16384
nr_of_strided_rec: 8
nr_doubles: 16384
nr_of_strided_rec: 8
nr_doubles: 16384
nr_of_strided_rec: 8
nr_doubles: 16384
nr_of_strided_rec: 8
nr_doubles: 16384
nr_of_strided_rec: 8
nr_doubles: 16384
nr_of_strided_rec: 8
nr_doubles: 16384
nr_of_strided_rec: 8
nr_doubles: 16384
nr_of_strided_rec: 8
nr_doubles: 16384
nr_of_strided_rec: 8
nr_doubles: 16384
nr_of_strided_rec: 8
nr_doubles: 16384
nr_of_strided_rec: 8
nr_doubles: 16384
nr_of_strided_rec: 8
nr_doubles: 16384
nr_of_strided_rec: 8
nr_doubles: 16384
nr_of_strided_rec: 8
nr_doubles: 16384
nr_of_strided_rec: 8
nr_doubles: 16384
nr_of_strided_rec: 8
nr_doubles: 16384
nr_of_strided_rec: 8
nr_doubles: 16384
nr_of_strided_rec: 8
nr_doubles: 16384
nr_of_strided_rec: 8
nr_doubles: 16384
nr_of_strided_rec: 8
nr_doubles: 16384
nr_of_strided_rec: 8
nr_doubles: 16384
nr_of_strided_rec: 8
nr_doubles: 16384
nr_of_strided_rec: 8
nr_doubles: 16384
nr_of_strided_rec: 8
nr_doubles: 16384
nr_of_strided_rec: 8
nr_doubles: 16384
nr_of_strided_rec: 8
nr_doubles: 16384
nr_of_strided_rec: 8
nr_doubles: 16384
nr_of_strided_rec: 8
nr_doubles: 16384
nr_of_strided_rec: 8
nr_doubles: 16384
nr_of_strided_rec: 8
nr_doubles: 16384
nr_of_strided_rec: 8
nr_doubles: 16384
nr_of_strided_rec: 8
nr_doubles: 16384
nr_of_strided_rec: 8
nr_doubles: 16384
nr_of_strided_rec: 8
nr_doubles: 16384
nr_of_strided_rec: 8
nr_doubles: 16384
nr_of_strided_rec: 8
nr_doubles: 16384
nr_of_strided_rec: 8
nr_doubles: 16384
nr_of_strided_rec: 8
nr_doubles: 16384
nr_of_strided_rec: 8
nr_doubles: 16384
nr_of_strided_rec: 8
nr_doubles: 16384
nr_of_strided_rec: 8
nr_doubles: 16384
nr_of_strided_rec: 8
nr_doubles: 16384
nr_of_strided_rec: 8
nr_doubles: 16384
nr_of_strided_rec: 8
nr_doubles: 16384
nr_of_strided_rec: 8
nr_doubles: 16384
nr_of_strided_rec: 8
nr_doubles: 16384
nr_of_strided_rec: 8
nr_doubles: 16384
nr_of_strided_rec: 8
nr_doubles: 16384
nr_of_strided_rec: 8
nr_doubles: 16384
nr_of_strided_rec: 8
nr_doubles: 16384
nr_of_strided_rec: 8
nr_doubles: 16384
nr_of_strided_rec: 8
nr_doubles: 16384
nr_of_strided_rec: 8
nr_doubles: 16384
nr_of_strided_rec: 8
nr_doubles: 16384
nr_of_strided_rec: 8
nr_doubles: 16384
nr_of_strided_rec: 8
nr_doubles: 16384
nr_of_strided_rec: 8
nr_doubles: 16384
nr_of_strided_rec: 8
nr_doubles: 16384
nr_of_strided_rec: 8
nr_doubles: 16384
nr_of_strided_rec: 8
nr_doubles: 16384
nr_of_strided_rec: 8
nr_doubles: 16384
nr_of_strided_rec: 8
nr_doubles: 16384
nr_of_strided_rec: 8
nr_doubles: 16384
nr_of_strided_rec: 8
nr_doubles: 16384
nr_of_strided_rec: 8
nr_doubles: 16384
nr_of_strided_rec: 8
nr_doubles: 16384
nr_of_strided_rec: 8
nr_doubles: 16384
nr_of_strided_rec: 8
nr_doubles: 16384
nr_of_strided_rec: 8
nr_doubles: 16384
nr_of_strided_rec: 8
nr_doubles: 16384
nr_of_strided_rec: 8
nr_doubles: 16384
nr_of_strided_rec: 8
nr_doubles: 16384
nr_of_strided_rec: 8
nr_doubles: 16384
nr_of_strided_rec: 8
nr_doubles: 16384
nr_of_strided_rec: 8
nr_doubles: 16384
nr_of_strided_rec: 8
nr_doubles: 16384
nr_of_strided_rec: 8
nr_doubles: 16384
nr_of_strided_rec: 8
nr_doubles: 16384
nr_of_strided_rec: 8
nr_doubles: 16384
nr_of_strided_rec: 8
nr_doubles: 16384
nr_of_strided_rec: 8
nr_doubles: 16384
nr_of_strided_rec: 8
nr_doubles: 16384
nr_of_strided_rec: 8
nr_doubles: 16384
nr_of_strided_rec: 8
nr_doubles: 16384
nr_of_strided_rec: 8
nr_doubles: 16384
nr_of_strided_rec: 8
nr_doubles: 16384
nr_of_strided_rec: 8
nr_doubles: 16384
nr_of_strided_rec: 8
nr_doubles: 16384
nr_of_strided_rec: 8
nr_doubles: 16384
nr_of_strided_rec: 8
nr_doubles: 16384
nr_of_strided_rec: 8
nr_doubles: 16384
nr_of_strided_rec: 8
nr_doubles: 16384
nr_of_strided_rec: 8
nr_doubles: 16384
nr_of_strided_rec: 8
nr_doubles: 16384
nr_of_strided_rec: 8
nr_doubles: 16384
nr_of_strided_rec: 8
nr_doubles: 16384
nr_of_strided_rec: 8
nr_doubles: 16384
nr_of_strided_rec: 8
nr_doubles: 16384
nr_of_strided_rec: 8
nr_doubles: 16384
nr_of_strided_rec: 8
nr_doubles: 16384
nr_of_strided_rec: 8
nr_doubles: 16384
nr_of_strided_rec: 8
nr_doubles: 16384
nr_of_strided_rec: 8
nr_doubles: 16384
nr_of_strided_rec: 8
nr_doubles: 16384
nr_of_strided_rec: 8
nr_doubles: 16384
nr_of_strided_rec: 8
nr_doubles: 16384
nr_of_strided_rec: 8
nr_doubles: 16384
nr_of_strided_rec: 8
nr_doubles: 16384
nr_of_strided_rec: 8
nr_doubles: 16384
nr_of_strided_rec: 8
nr_doubles: 16384
nr_of_strided_rec: 8
nr_doubles: 16384
nr_of_strided_rec: 8
nr_doubles: 16384
nr_of_strided_rec: 8
nr_doubles: 16384
nr_of_strided_rec: 8
nr_doubles: 16384
nr_of_strided_rec: 8
nr_doubles: 16384
nr_of_strided_rec: 8
nr_doubles: 16384
nr_of_strided_rec: 8
nr_doubles: 16384
nr_of_strided_rec: 8
nr_doubles: 16384
nr_of_strided_rec: 8
nr_doubles: 16384
nr_of_strided_rec: 8
nr_doubles: 16384
nr_of_strided_rec: 8
nr_doubles: 16384
nr_of_strided_rec: 8
nr_doubles: 16384
nr_of_strided_rec: 8
nr_doubles: 16384
nr_of_strided_rec: 8
nr_doubles: 16384
nr_of_strided_rec: 8
nr_doubles: 16384
nr_of_strided_rec: 8
nr_doubles: 16384
nr_of_strided_rec: 8
nr_doubles: 16384
nr_of_strided_rec: 8
nr_doubles: 16384
nr_of_strided_rec: 8
nr_doubles: 16384
nr_of_strided_rec: 8
nr_doubles: 16384
nr_of_strided_rec: 8
nr_doubles: 16384
nr_of_strided_rec: 8
nr_doubles: 16384
nr_of_strided_rec: 8
nr_doubles: 16384
nr_of_strided_rec: 8
nr_doubles: 16384
nr_of_strided_rec: 8
nr_doubles: 16384
nr_of_strided_rec: 8
nr_doubles: 16384
nr_of_strided_rec: 8
nr_doubles: 16384
nr_of_strided_rec: 8
nr_doubles: 16384
nr_of_strided_rec: 8
nr_doubles: 16384
nr_of_strided_rec: 8
nr_doubles: 16384
nr_of_strided_rec: 8
nr_doubles: 16384
nr_of_strided_rec: 8
nr_doubles: 16384
nr_of_strided_rec: 8
nr_doubles: 16384
nr_of_strided_rec: 8
nr_doubles: 16384
nr_of_strided_rec: 8
nr_doubles: 16384
nr_of_strided_rec: 8
nr_doubles: 16384
nr_of_strided_rec: 8
nr_doubles: 16384
nr_of_strided_rec: 8
nr_doubles: 16384
nr_of_strided_rec: 8
nr_doubles: 16384
nr_of_strided_rec: 8
nr_doubles: 16384
nr_of_strided_rec: 8
nr_doubles: 16384
nr_of_strided_rec: 8
nr_doubles: 16384
nr_of_strided_rec: 8
nr_doubles: 16384
nr_of_strided_rec: 8
nr_doubles: 16384
nr_of_strided_rec: 8
nr_doubles: 16384
nr_of_strided_rec: 8
nr_doubles: 16384
nr_of_strided_rec: 8
nr_doubles: 16384
nr_of_strided_rec: 8
nr_doubles: 16384
nr_of_strided_rec: 8
nr_doubles: 16384
nr_of_strided_rec: 8
nr_doubles: 16384
nr_of_strided_rec: 8
nr_doubles: 16384
nr_of_strided_rec: 8
nr_doubles: 16384
nr_of_strided_rec: 8
nr_doubles: 16384
nr_of_strided_rec: 8
nr_doubles: 16384
nr_of_strided_rec: 8
nr_doubles: 16384
nr_of_strided_rec: 8
nr_doubles: 16384
nr_of_strided_rec: 8
nr_doubles: 16384
nr_of_strided_rec: 8
nr_doubles: 16384
nr_of_strided_rec: 8
nr_doubles: 16384
nr_of_strided_rec: 8
nr_doubles: 16384
nr_of_strided_rec: 8
nr_doubles: 16384
nr_of_strided_rec: 8
nr_doubles: 16384
nr_of_strided_rec: 8
nr_doubles: 16384
nr_of_strided_rec: 8
nr_doubles: 16384
nr_of_strided_rec: 8
nr_doubles: 16384
nr_of_strided_rec: 8
nr_doubles: 16384
nr_of_strided_rec: 8
nr_doubles: 16384
nr_of_strided_rec: 8
nr_doubles: 16384
nr_of_strided_rec: 8
nr_doubles: 16384
nr_of_strided_rec: 8
nr_doubles: 16384
nr_of_strided_rec: 8
nr_doubles: 16384
nr_of_strided_rec: 8
nr_doubles: 16384
nr_of_strided_rec: 8
nr_doubles: 16384
nr_of_strided_rec: 8
nr_doubles: 16384
nr_of_strided_rec: 8
nr_doubles: 16384
nr_of_strided_rec: 8
nr_doubles: 16384
nr_of_strided_rec: 8
nr_doubles: 16384
nr_of_strided_rec: 8
nr_doubles: 16384
nr_of_strided_rec: 8
nr_doubles: 16384
nr_of_strided_rec: 8
nr_doubles: 16384
nr_of_strided_rec: 8
nr_doubles: 16384
nr_of_strided_rec: 8
nr_doubles: 16384
nr_of_strided_rec: 8
nr_doubles: 16384
nr_of_strided_rec: 8
nr_doubles: 16384
nr_of_strided_rec: 8
nr_doubles: 16384
nr_of_strided_rec: 8
nr_doubles: 16384
nr_of_strided_rec: 8
nr_doubles: 16384
nr_of_strided_rec: 8
nr_doubles: 16384
nr_of_strided_rec: 8
nr_doubles: 16384
nr_of_strided_rec: 8
nr_doubles: 16384
nr_of_strided_rec: 8
nr_doubles: 16384
nr_of_strided_rec: 8
nr_doubles: 16384
nr_of_strided_rec: 8
nr_doubles: 16384
nr_of_strided_rec: 8
nr_doubles: 16384
nr_of_strided_rec: 8
nr_doubles: 16384
nr_of_strided_rec: 8
nr_doubles: 16384
nr_of_strided_rec: 8
nr_doubles: 16384
nr_of_strided_rec: 8
nr_doubles: 16384
nr_of_strided_rec: 8
nr_doubles: 16384
nr_of_strided_rec: 8
nr_doubles: 16384
nr_of_strided_rec: 8
nr_doubles: 16384
nr_of_strided_rec: 8
