fclose PID:29627 fd:3
fclose PID:29627 fd:4
fclose PID:29627 fd:4
fclose PID:29627 fd:3
available: 2 nodes (0-1)
fclose PID:29627 fd:3
node 0 cpus:fclose PID:29627 fd:3
 0 1 2 3 4 5 6 7 8 9 20 21 22 23 24 25 26 27 28 29
node 0 size: 80440 MB
node 0 free: 80125 MB
fclose PID:29627 fd:3
node 1 cpus:fclose PID:29627 fd:3
 10 11 12 13 14 15 16 17 18 19 30 31 32 33 34 35 36 37 38 39
node 1 size: 80635 MB
node 1 free: 80373 MB
fclose PID:29627 fd:3
fclose PID:29627 fd:3
node distances:
node   0   1 
  0:  10  21 
  1:  21  10 
READAHEAD_TIME:0.000000 us
MaxRSS= 2220 KB, SharedMem= 0 KB, HardPageFault= 10
fclose PID:29633 fd:10
fclose PID:29635 fd:8
fclose PID:29634 fd:8
fclose PID:29632 fd:12

MADbench 2.0 IO-mode
no_pe = 4  no_pix = 8192  no_bin = 30  no_gang = 1 sblocksize = 8  fblocksize = 64  r_mod = 1  w_mod = 1 record_size=131072 stride=7


IOMETHOD = POSIX  IOMODE = SYNC  FILETYPE = UNIQUE  REMAP = CUSTOMbuild_S
build_S
build_S
build_S

Write the data to file:134217728 bytes
***********WAITING************

Write the data to file:134217728 bytes
***********WAITING************

Write the data to file:134217728 bytes
***********WAITING************

Write the data to file:134217728 bytes
***********WAITING************

Write the data to file:134217728 bytes
***********WAITING************

Write the data to file:134217728 bytes
***********WAITING************

Write the data to file:134217728 bytes
***********WAITING************

Write the data to file:134217728 bytes
***********WAITING************

Write the data to file:134217728 bytes
***********WAITING************

Write the data to file:134217728 bytes
***********WAITING************

Write the data to file:134217728 bytes
***********WAITING************

Write the data to file:134217728 bytes
***********WAITING************

Write the data to file:134217728 bytes
***********WAITING************

Write the data to file:134217728 bytes
***********WAITING************

Write the data to file:134217728 bytes
***********WAITING************

Write the data to file:134217728 bytes
***********WAITING************

Write the data to file:134217728 bytes
***********WAITING************

Write the data to file:134217728 bytes
***********WAITING************

Write the data to file:134217728 bytes
***********WAITING************

Write the data to file:134217728 bytes
***********WAITING************

Write the data to file:134217728 bytes
***********WAITING************

Write the data to file:134217728 bytes
***********WAITING************

Write the data to file:134217728 bytes
***********WAITING************

Write the data to file:134217728 bytes
***********WAITING************

Write the data to file:134217728 bytes
***********WAITING************

Write the data to file:134217728 bytes
***********WAITING************

Write the data to file:134217728 bytes
***********WAITING************

Write the data to file:134217728 bytes
***********WAITING************

Write the data to file:134217728 bytes
***********WAITING************

Write the data to file:134217728 bytes
***********WAITING************

Write the data to file:134217728 bytes
***********WAITING************

Write the data to file:134217728 bytes
***********WAITING************

Write the data to file:134217728 bytes
***********WAITING************

Write the data to file:134217728 bytes
***********WAITING************

Write the data to file:134217728 bytes
***********WAITING************

Write the data to file:134217728 bytes
***********WAITING************

Write the data to file:134217728 bytes
***********WAITING************

Write the data to file:134217728 bytes
***********WAITING************

Write the data to file:134217728 bytes
***********WAITING************

Write the data to file:134217728 bytes
***********WAITING************

Write the data to file:134217728 bytes
***********WAITING************

Write the data to file:134217728 bytes
***********WAITING************

Write the data to file:134217728 bytes
***********WAITING************

Write the data to file:134217728 bytes
***********WAITING************

Write the data to file:134217728 bytes
***********WAITING************

Write the data to file:134217728 bytes
***********WAITING************

Write the data to file:134217728 bytes
***********WAITING************

Write the data to file:134217728 bytes
***********WAITING************

Write the data to file:134217728 bytes
***********WAITING************

Write the data to file:134217728 bytes
***********WAITING************

Write the data to file:134217728 bytes
***********WAITING************

Write the data to file:134217728 bytes
***********WAITING************

Write the data to file:134217728 bytes
***********WAITING************

Write the data to file:134217728 bytes
***********WAITING************

Write the data to file:134217728 bytes
***********WAITING************

Write the data to file:134217728 bytes
***********WAITING************

Write the data to file:134217728 bytes
***********WAITING************

Write the data to file:134217728 bytes
***********WAITING************

Write the data to file:134217728 bytes
***********WAITING************

Write the data to file:134217728 bytes
***********WAITING************

Write the data to file:134217728 bytes
***********WAITING************

Write the data to file:134217728 bytes
***********WAITING************

Write the data to file:134217728 bytes
***********WAITING************

Write the data to file:134217728 bytes
***********WAITING************

Write the data to file:134217728 bytes
***********WAITING************

Write the data to file:134217728 bytes
***********WAITING************

Write the data to file:134217728 bytes
***********WAITING************

Write the data to file:134217728 bytes
***********WAITING************

Write the data to file:134217728 bytes
***********WAITING************

Write the data to file:134217728 bytes
***********WAITING************

Write the data to file:134217728 bytes
***********WAITING************

Write the data to file:134217728 bytes
***********WAITING************

Write the data to file:134217728 bytes
***********WAITING************

Write the data to file:134217728 bytes
***********WAITING************

Write the data to file:134217728 bytes
***********WAITING************

Write the data to file:134217728 bytes
***********WAITING************

Write the data to file:134217728 bytes
***********WAITING************

Write the data to file:134217728 bytes
***********WAITING************

Write the data to file:134217728 bytes
***********WAITING************

Write the data to file:134217728 bytes
***********WAITING************

Write the data to file:134217728 bytes
***********WAITING************

Write the data to file:134217728 bytes
***********WAITING************

Write the data to file:134217728 bytes
***********WAITING************

Write the data to file:134217728 bytes
***********WAITING************

Write the data to file:134217728 bytes
***********WAITING************

Write the data to file:134217728 bytes
***********WAITING************

Write the data to file:134217728 bytes
***********WAITING************

Write the data to file:134217728 bytes
***********WAITING************

Write the data to file:134217728 bytes
***********WAITING************

Write the data to file:134217728 bytes
***********WAITING************

Write the data to file:134217728 bytes
***********WAITING************

Write the data to file:134217728 bytes
***********WAITING************

Write the data to file:134217728 bytes
***********WAITING************

Write the data to file:134217728 bytes
***********WAITING************

Write the data to file:134217728 bytes
***********WAITING************

Write the data to file:134217728 bytes
***********WAITING************

Write the data to file:134217728 bytes
***********WAITING************

Write the data to file:134217728 bytes
***********WAITING************

Write the data to file:134217728 bytes
***********WAITING************

Write the data to file:134217728 bytes
***********WAITING************

Write the data to file:134217728 bytes
***********WAITING************

Write the data to file:134217728 bytes
***********WAITING************

Write the data to file:134217728 bytes
***********WAITING************

Write the data to file:134217728 bytes
***********WAITING************

Write the data to file:134217728 bytes
***********WAITING************

Write the data to file:134217728 bytes
***********WAITING************

Write the data to file:134217728 bytes
***********WAITING************

Write the data to file:134217728 bytes
***********WAITING************

Write the data to file:134217728 bytes
***********WAITING************

Write the data to file:134217728 bytes
***********WAITING************

Write the data to file:134217728 bytes
***********WAITING************

Write the data to file:134217728 bytes
***********WAITING************

Write the data to file:134217728 bytes
***********WAITING************

Write the data to file:134217728 bytes
***********WAITING************

Write the data to file:134217728 bytes
***********WAITING************

Write the data to file:134217728 bytes
***********WAITING************

Write the data to file:134217728 bytes
***********WAITING************

Write the data to file:134217728 bytes
***********WAITING************

Write the data to file:134217728 bytes
***********WAITING************

Write the data to file:134217728 bytes
***********WAITING************
S_cc         1.79   [      1.79:      1.79]
S_bw         0.76   [      0.76:      0.76]
S_w         31.64   [     31.64:     31.64]
          -------
S_total     34.19   [     34.19:     34.20]

build_S done
calc_W
build_S done
calc_W
nr_of_strided_rec: 128
nr_doubles: 16384
build_S done
calc_W
nr_of_strided_rec: 128
nr_doubles: 16384
build_S done
calc_W
nr_of_strided_rec: 128
nr_doubles: 16384
nr_of_strided_rec: 128
nr_doubles: 16384
nr_of_strided_rec: 128
nr_doubles: 16384
nr_of_strided_rec: 128
nr_doubles: 16384
nr_of_strided_rec: 128
nr_doubles: 16384
nr_of_strided_rec: 128
nr_doubles: 16384

Write the data to file:134217728 bytes
***********WAITING************

Write the data to file:134217728 bytes
***********WAITING************

Write the data to file:134217728 bytes
***********WAITING************

Write the data to file:134217728 bytes
***********WAITING************
nr_of_strided_rec: 128
nr_doubles: 16384
nr_of_strided_rec: 128
nr_doubles: 16384
nr_of_strided_rec: 128
nr_doubles: 16384
nr_of_strided_rec: 128
nr_doubles: 16384

Write the data to file:134217728 bytes
***********WAITING************

Write the data to file:134217728 bytes
***********WAITING************

Write the data to file:134217728 bytes
***********WAITING************

Write the data to file:134217728 bytes
***********WAITING************
nr_of_strided_rec: 128
nr_doubles: 16384
nr_of_strided_rec: 128
nr_doubles: 16384
nr_of_strided_rec: 128
nr_doubles: 16384
nr_of_strided_rec: 128
nr_doubles: 16384

Write the data to file:134217728 bytes
***********WAITING************

Write the data to file:134217728 bytes
***********WAITING************

Write the data to file:134217728 bytes
***********WAITING************

Write the data to file:134217728 bytes
***********WAITING************
nr_of_strided_rec: 128
nr_doubles: 16384
nr_of_strided_rec: 128
nr_doubles: 16384
nr_of_strided_rec: 128
nr_doubles: 16384
nr_of_strided_rec: 128
nr_doubles: 16384

Write the data to file:134217728 bytes
***********WAITING************

Write the data to file:134217728 bytes
***********WAITING************

Write the data to file:134217728 bytes
***********WAITING************

Write the data to file:134217728 bytes
***********WAITING************
nr_of_strided_rec: 128
nr_doubles: 16384
nr_of_strided_rec: 128
nr_doubles: 16384
nr_of_strided_rec: 128
nr_doubles: 16384
nr_of_strided_rec: 128
nr_doubles: 16384

Write the data to file:134217728 bytes
***********WAITING************

Write the data to file:134217728 bytes
***********WAITING************

Write the data to file:134217728 bytes
***********WAITING************

Write the data to file:134217728 bytes
***********WAITING************
nr_of_strided_rec: 128
nr_doubles: 16384
nr_of_strided_rec: 128
nr_doubles: 16384
nr_of_strided_rec: 128
nr_doubles: 16384
nr_of_strided_rec: 128
nr_doubles: 16384

Write the data to file:134217728 bytes
***********WAITING************

Write the data to file:134217728 bytes
***********WAITING************

Write the data to file:134217728 bytes
***********WAITING************

Write the data to file:134217728 bytes
***********WAITING************
nr_of_strided_rec: 128
nr_doubles: 16384
nr_of_strided_rec: 128
nr_doubles: 16384
nr_of_strided_rec: 128
nr_doubles: 16384
nr_of_strided_rec: 128
nr_doubles: 16384

Write the data to file:134217728 bytes
***********WAITING************

Write the data to file:134217728 bytes
***********WAITING************

Write the data to file:134217728 bytes
***********WAITING************

Write the data to file:134217728 bytes
***********WAITING************
nr_of_strided_rec: 128
nr_doubles: 16384
nr_of_strided_rec: 128
nr_doubles: 16384
nr_of_strided_rec: 128
nr_doubles: 16384
nr_of_strided_rec: 128
nr_doubles: 16384

Write the data to file:134217728 bytes
***********WAITING************

Write the data to file:134217728 bytes
***********WAITING************

Write the data to file:134217728 bytes
***********WAITING************

Write the data to file:134217728 bytes
***********WAITING************
nr_of_strided_rec: 128
nr_doubles: 16384
nr_of_strided_rec: 128
nr_doubles: 16384
nr_of_strided_rec: 128
nr_doubles: 16384
nr_of_strided_rec: 128
nr_doubles: 16384

Write the data to file:134217728 bytes
***********WAITING************

Write the data to file:134217728 bytes
***********WAITING************

Write the data to file:134217728 bytes
***********WAITING************

Write the data to file:134217728 bytes
***********WAITING************
nr_of_strided_rec: 128
nr_doubles: 16384
nr_of_strided_rec: 128
nr_doubles: 16384
nr_of_strided_rec: 128
nr_doubles: 16384
nr_of_strided_rec: 128
nr_doubles: 16384

Write the data to file:134217728 bytes
***********WAITING************

Write the data to file:134217728 bytes
***********WAITING************

Write the data to file:134217728 bytes
***********WAITING************

Write the data to file:134217728 bytes
***********WAITING************
nr_of_strided_rec: 128
nr_doubles: 16384
nr_of_strided_rec: 128
nr_doubles: 16384
nr_of_strided_rec: 128
nr_doubles: 16384
nr_of_strided_rec: 128
nr_doubles: 16384

Write the data to file:134217728 bytes
***********WAITING************

Write the data to file:134217728 bytes
***********WAITING************

Write the data to file:134217728 bytes
***********WAITING************

Write the data to file:134217728 bytes
***********WAITING************
nr_of_strided_rec: 128
nr_doubles: 16384
nr_of_strided_rec: 128
nr_doubles: 16384
nr_of_strided_rec: 128
nr_doubles: 16384
nr_of_strided_rec: 128
nr_doubles: 16384

Write the data to file:134217728 bytes
***********WAITING************

Write the data to file:134217728 bytes
***********WAITING************

Write the data to file:134217728 bytes
***********WAITING************

Write the data to file:134217728 bytes
***********WAITING************
nr_of_strided_rec: 128
nr_doubles: 16384
nr_of_strided_rec: 128
nr_doubles: 16384
nr_of_strided_rec: 128
nr_doubles: 16384
nr_of_strided_rec: 128
nr_doubles: 16384

Write the data to file:134217728 bytes
***********WAITING************

Write the data to file:134217728 bytes
***********WAITING************

Write the data to file:134217728 bytes
***********WAITING************

Write the data to file:134217728 bytes
***********WAITING************
nr_of_strided_rec: 128
nr_doubles: 16384
nr_of_strided_rec: 128
nr_doubles: 16384
nr_of_strided_rec: 128
nr_doubles: 16384
nr_of_strided_rec: 128
nr_doubles: 16384

Write the data to file:134217728 bytes
***********WAITING************

Write the data to file:134217728 bytes
***********WAITING************

Write the data to file:134217728 bytes
***********WAITING************

Write the data to file:134217728 bytes
***********WAITING************
nr_of_strided_rec: 128
nr_doubles: 16384
nr_of_strided_rec: 128
nr_doubles: 16384
nr_of_strided_rec: 128
nr_doubles: 16384
nr_of_strided_rec: 128
nr_doubles: 16384

Write the data to file:134217728 bytes
***********WAITING************

Write the data to file:134217728 bytes
***********WAITING************

Write the data to file:134217728 bytes
***********WAITING************

Write the data to file:134217728 bytes
***********WAITING************
nr_of_strided_rec: 128
nr_doubles: 16384
nr_of_strided_rec: 128
nr_doubles: 16384
nr_of_strided_rec: 128
nr_doubles: 16384
nr_of_strided_rec: 128
nr_doubles: 16384

Write the data to file:134217728 bytes
***********WAITING************

Write the data to file:134217728 bytes
***********WAITING************

Write the data to file:134217728 bytes
***********WAITING************

Write the data to file:134217728 bytes
***********WAITING************
nr_of_strided_rec: 128
nr_doubles: 16384
nr_of_strided_rec: 128
nr_doubles: 16384
nr_of_strided_rec: 128
nr_doubles: 16384
nr_of_strided_rec: 128
nr_doubles: 16384

Write the data to file:134217728 bytes
***********WAITING************

Write the data to file:134217728 bytes
***********WAITING************

Write the data to file:134217728 bytes
***********WAITING************

Write the data to file:134217728 bytes
***********WAITING************
nr_of_strided_rec: 128
nr_doubles: 16384
nr_of_strided_rec: 128
nr_doubles: 16384
nr_of_strided_rec: 128
nr_doubles: 16384
nr_of_strided_rec: 128
nr_doubles: 16384

Write the data to file:134217728 bytes
***********WAITING************

Write the data to file:134217728 bytes
***********WAITING************

Write the data to file:134217728 bytes
***********WAITING************

Write the data to file:134217728 bytes
***********WAITING************
nr_of_strided_rec: 128
nr_doubles: 16384
nr_of_strided_rec: 128
nr_doubles: 16384
nr_of_strided_rec: 128
nr_doubles: 16384
nr_of_strided_rec: 128
nr_doubles: 16384

Write the data to file:134217728 bytes
***********WAITING************

Write the data to file:134217728 bytes
***********WAITING************

Write the data to file:134217728 bytes
***********WAITING************

Write the data to file:134217728 bytes
***********WAITING************
nr_of_strided_rec: 128
nr_doubles: 16384
nr_of_strided_rec: 128
nr_doubles: 16384
nr_of_strided_rec: 128
nr_doubles: 16384
nr_of_strided_rec: 128
nr_doubles: 16384

Write the data to file:134217728 bytes
***********WAITING************

Write the data to file:134217728 bytes
***********WAITING************

Write the data to file:134217728 bytes
***********WAITING************

Write the data to file:134217728 bytes
***********WAITING************
nr_of_strided_rec: 128
nr_doubles: 16384
nr_of_strided_rec: 128
nr_doubles: 16384
nr_of_strided_rec: 128
nr_doubles: 16384
nr_of_strided_rec: 128
nr_doubles: 16384

Write the data to file:134217728 bytes
***********WAITING************

Write the data to file:134217728 bytes
***********WAITING************

Write the data to file:134217728 bytes
***********WAITING************

Write the data to file:134217728 bytes
***********WAITING************
nr_of_strided_rec: 128
nr_doubles: 16384
nr_of_strided_rec: 128
nr_doubles: 16384
nr_of_strided_rec: 128
nr_doubles: 16384
nr_of_strided_rec: 128
nr_doubles: 16384

Write the data to file:134217728 bytes
***********WAITING************

Write the data to file:134217728 bytes
***********WAITING************

Write the data to file:134217728 bytes
***********WAITING************

Write the data to file:134217728 bytes
***********WAITING************
nr_of_strided_rec: 128
nr_doubles: 16384
nr_of_strided_rec: 128
nr_doubles: 16384
nr_of_strided_rec: 128
nr_doubles: 16384
nr_of_strided_rec: 128
nr_doubles: 16384

Write the data to file:134217728 bytes
***********WAITING************

Write the data to file:134217728 bytes
***********WAITING************

Write the data to file:134217728 bytes
***********WAITING************

Write the data to file:134217728 bytes
***********WAITING************
nr_of_strided_rec: 128
nr_doubles: 16384
nr_of_strided_rec: 128
nr_doubles: 16384
nr_of_strided_rec: 128
nr_doubles: 16384
nr_of_strided_rec: 128
nr_doubles: 16384

Write the data to file:134217728 bytes
***********WAITING************

Write the data to file:134217728 bytes
***********WAITING************

Write the data to file:134217728 bytes
***********WAITING************

Write the data to file:134217728 bytes
***********WAITING************
nr_of_strided_rec: 128
nr_doubles: 16384
nr_of_strided_rec: 128
nr_doubles: 16384
nr_of_strided_rec: 128
nr_doubles: 16384
nr_of_strided_rec: 128
nr_doubles: 16384

Write the data to file:134217728 bytes
***********WAITING************

Write the data to file:134217728 bytes
***********WAITING************

Write the data to file:134217728 bytes
***********WAITING************

Write the data to file:134217728 bytes
***********WAITING************
nr_of_strided_rec: 128
nr_doubles: 16384
nr_of_strided_rec: 128
nr_doubles: 16384
nr_of_strided_rec: 128
nr_doubles: 16384
nr_of_strided_rec: 128
nr_doubles: 16384

Write the data to file:134217728 bytes
***********WAITING************

Write the data to file:134217728 bytes
***********WAITING************

Write the data to file:134217728 bytes
***********WAITING************

Write the data to file:134217728 bytes
***********WAITING************
nr_of_strided_rec: 128
nr_doubles: 16384
nr_of_strided_rec: 128
nr_doubles: 16384
nr_of_strided_rec: 128
nr_doubles: 16384
nr_of_strided_rec: 128
nr_doubles: 16384

Write the data to file:134217728 bytes
***********WAITING************

Write the data to file:134217728 bytes
***********WAITING************

Write the data to file:134217728 bytes
***********WAITING************

Write the data to file:134217728 bytes
***********WAITING************
nr_of_strided_rec: 128
nr_doubles: 16384
nr_of_strided_rec: 128
nr_doubles: 16384
nr_of_strided_rec: 128
nr_doubles: 16384
nr_of_strided_rec: 128
nr_doubles: 16384

Write the data to file:134217728 bytes
***********WAITING************

Write the data to file:134217728 bytes
***********WAITING************

Write the data to file:134217728 bytes
***********WAITING************

Write the data to file:134217728 bytes
***********WAITING************
nr_of_strided_rec: 128
nr_doubles: 16384
nr_of_strided_rec: 128
nr_doubles: 16384
nr_of_strided_rec: 128
nr_doubles: 16384
nr_of_strided_rec: 128
nr_doubles: 16384

Write the data to file:134217728 bytes
***********WAITING************

Write the data to file:134217728 bytes
***********WAITING************

Write the data to file:134217728 bytes
***********WAITING************

Write the data to file:134217728 bytes
***********WAITING************

Write the data to file:134217728 bytes
***********WAITING************

Write the data to file:134217728 bytes
***********WAITING************

Write the data to file:134217728 bytes
***********WAITING************

Write the data to file:134217728 bytes
***********WAITING************
W_cc         2.88   [      2.87:      2.88]
W_r         52.39   [     52.39:     52.39]
W_w         28.99   [     28.99:     28.99]
          -------
W_total     84.26   [     84.26:     84.26]

calc_W done
calc_W done
calc_W done
calc_W done
nr_of_strided_rec: 128
nr_doubles: 16384
nr_of_strided_rec: 128
nr_doubles: 16384
nr_of_strided_rec: 128
nr_doubles: 16384
nr_of_strided_rec: 128
nr_doubles: 16384
nr_of_strided_rec: 128
nr_doubles: 16384
nr_of_strided_rec: 128
nr_doubles: 16384
nr_of_strided_rec: 128
nr_doubles: 16384
nr_of_strided_rec: 128
nr_doubles: 16384
nr_of_strided_rec: 128
nr_doubles: 16384
nr_of_strided_rec: 128
nr_doubles: 16384
nr_of_strided_rec: 128
nr_doubles: 16384
nr_of_strided_rec: 128
nr_doubles: 16384
nr_of_strided_rec: 128
nr_doubles: 16384
nr_of_strided_rec: 128
nr_doubles: 16384
nr_of_strided_rec: 128
nr_doubles: 16384
nr_of_strided_rec: 128
nr_doubles: 16384
nr_of_strided_rec: 128
nr_doubles: 16384
nr_of_strided_rec: 128
nr_doubles: 16384
nr_of_strided_rec: 128
nr_doubles: 16384
nr_of_strided_rec: 128
nr_doubles: 16384
nr_of_strided_rec: 128
nr_doubles: 16384
nr_of_strided_rec: 128
nr_doubles: 16384
nr_of_strided_rec: 128
nr_doubles: 16384
nr_of_strided_rec: 128
nr_doubles: 16384
nr_of_strided_rec: 128
nr_doubles: 16384
nr_of_strided_rec: 128
nr_doubles: 16384
nr_of_strided_rec: 128
nr_doubles: 16384
nr_of_strided_rec: 128
nr_doubles: 16384
nr_of_strided_rec: 128
nr_doubles: 16384
nr_of_strided_rec: 128
nr_doubles: 16384
nr_of_strided_rec: 128
nr_doubles: 16384
nr_of_strided_rec: 128
nr_doubles: 16384
nr_of_strided_rec: 128
nr_doubles: 16384
nr_of_strided_rec: 128
nr_doubles: 16384
nr_of_strided_rec: 128
nr_doubles: 16384
nr_of_strided_rec: 128
nr_doubles: 16384
nr_of_strided_rec: 128
nr_doubles: 16384
nr_of_strided_rec: 128
nr_doubles: 16384
nr_of_strided_rec: 128
nr_doubles: 16384
nr_of_strided_rec: 128
nr_doubles: 16384
nr_of_strided_rec: 128
nr_doubles: 16384
nr_of_strided_rec: 128
nr_doubles: 16384
nr_of_strided_rec: 128
nr_doubles: 16384
nr_of_strided_rec: 128
nr_doubles: 16384
nr_of_strided_rec: 128
nr_doubles: 16384
nr_of_strided_rec: 128
nr_doubles: 16384
nr_of_strided_rec: 128
nr_doubles: 16384
nr_of_strided_rec: 128
nr_doubles: 16384
nr_of_strided_rec: 128
nr_doubles: 16384
nr_of_strided_rec: 128
nr_doubles: 16384
nr_of_strided_rec: 128
nr_doubles: 16384
nr_of_strided_rec: 128
nr_doubles: 16384
nr_of_strided_rec: 128
nr_doubles: 16384
nr_of_strided_rec: 128
nr_doubles: 16384
nr_of_strided_rec: 128
nr_doubles: 16384
nr_of_strided_rec: 128
nr_doubles: 16384
nr_of_strided_rec: 128
nr_doubles: 16384
nr_of_strided_rec: 128
nr_doubles: 16384
nr_of_strided_rec: 128
nr_doubles: 16384
nr_of_strided_rec: 128
nr_doubles: 16384
nr_of_strided_rec: 128
nr_doubles: 16384
nr_of_strided_rec: 128
nr_doubles: 16384
nr_of_strided_rec: 128
nr_doubles: 16384
nr_of_strided_rec: 128
nr_doubles: 16384
nr_of_strided_rec: 128
nr_doubles: 16384
nr_of_strided_rec: 128
nr_doubles: 16384
nr_of_strided_rec: 128
nr_doubles: 16384
nr_of_strided_rec: 128
nr_doubles: 16384
nr_of_strided_rec: 128
nr_doubles: 16384
nr_of_strided_rec: 128
nr_doubles: 16384
nr_of_strided_rec: 128
nr_doubles: 16384
nr_of_strided_rec: 128
nr_doubles: 16384
nr_of_strided_rec: 128
nr_doubles: 16384
nr_of_strided_rec: 128
nr_doubles: 16384
nr_of_strided_rec: 128
nr_doubles: 16384
nr_of_strided_rec: 128
nr_doubles: 16384
nr_of_strided_rec: 128
nr_doubles: 16384
nr_of_strided_rec: 128
nr_doubles: 16384
nr_of_strided_rec: 128
nr_doubles: 16384
nr_of_strided_rec: 128
nr_doubles: 16384
nr_of_strided_rec: 128
nr_doubles: 16384
nr_of_strided_rec: 128
nr_doubles: 16384
nr_of_strided_rec: 128
nr_doubles: 16384
nr_of_strided_rec: 128
nr_doubles: 16384
nr_of_strided_rec: 128
nr_doubles: 16384
nr_of_strided_rec: 128
nr_doubles: 16384
nr_of_strided_rec: 128
nr_doubles: 16384
nr_of_strided_rec: 128
nr_doubles: 16384
nr_of_strided_rec: 128
nr_doubles: 16384
nr_of_strided_rec: 128
nr_doubles: 16384
nr_of_strided_rec: 128
nr_doubles: 16384
nr_of_strided_rec: 128
nr_doubles: 16384
nr_of_strided_rec: 128
nr_doubles: 16384
nr_of_strided_rec: 128
nr_doubles: 16384
nr_of_strided_rec: 128
nr_doubles: 16384
nr_of_strided_rec: 128
nr_doubles: 16384
nr_of_strided_rec: 128
nr_doubles: 16384
nr_of_strided_rec: 128
nr_doubles: 16384
nr_of_strided_rec: 128
nr_doubles: 16384
nr_of_strided_rec: 128
nr_doubles: 16384
nr_of_strided_rec: 128
nr_doubles: 16384
nr_of_strided_rec: 128
nr_doubles: 16384
nr_of_strided_rec: 128
nr_doubles: 16384
nr_of_strided_rec: 128
nr_doubles: 16384
nr_of_strided_rec: 128
nr_doubles: 16384
nr_of_strided_rec: 128
nr_doubles: 16384
nr_of_strided_rec: 128
nr_doubles: 16384
nr_of_strided_rec: 128
nr_doubles: 16384
nr_of_strided_rec: 128
nr_doubles: 16384
nr_of_strided_rec: 128
nr_doubles: 16384
nr_of_strided_rec: 128
nr_doubles: 16384
nr_of_strided_rec: 128
nr_doubles: 16384
nr_of_strided_rec: 128
nr_doubles: 16384
nr_of_strided_rec: 128
nr_doubles: 16384
nr_of_strided_rec: 128
nr_doubles: 16384
nr_of_strided_rec: 128
nr_doubles: 16384
nr_of_strided_rec: 128
nr_doubles: 16384
nr_of_strided_rec: 128
nr_doubles: 16384
nr_of_strided_rec: 128
nr_doubles: 16384
nr_of_strided_rec: 128
nr_doubles: 16384
C_cc         1.21   [      1.21:      1.21]
C_bw         0.61   [      0.61:      0.61]
C_r         42.44   [     42.44:     42.44]
          -------
C_total     44.26   [     44.26:     44.26]


dC[0] = 0.00000e+00
fclose PID:29634 fd:8
fclose PID:29632 fd:12
fclose PID:29633 fd:10
fclose PID:29635 fd:8
READAHEAD_TIME:0.000000 us
MaxRSS= 534852 KB, SharedMem= 0 KB, HardPageFault= 11
READAHEAD_TIME:0.000000 us
MaxRSS= 534696 KB, SharedMem= 0 KB, HardPageFault= 11
READAHEAD_TIME:0.000000 us
MaxRSS= 534784 KB, SharedMem= 0 KB, HardPageFault= 12
READAHEAD_TIME:0.000000 us
MaxRSS= 534896 KB, SharedMem= 0 KB, HardPageFault= 13
fclose PID:29631 fd:0
fclose PID:29631 fd:6
fclose PID:29631 fd:6
fclose PID:29631 fd:0
READAHEAD_TIME:0.000000 us
MaxRSS= 5308 KB, SharedMem= 0 KB, HardPageFault= 2
fclose PID:29630 fd:3
fclose PID:29630 fd:4
fclose PID:29630 fd:4
fclose PID:29630 fd:3
READAHEAD_TIME:0.000000 us
MaxRSS= 4956 KB, SharedMem= 0 KB, HardPageFault= 4
	Command being timed: "mpiexec -n 4 ./MADbench2_io 8192 30 1 8 64 1 1 131072 7 1"
	User time (seconds): 66.83
	System time (seconds): 68.29
	Percent of CPU this job got: 82%
	Elapsed (wall clock) time (h:mm:ss or m:ss): 2:43.04
	Average shared text size (kbytes): 0
	Average unshared data size (kbytes): 0
	Average stack size (kbytes): 0
	Average total size (kbytes): 0
	Maximum resident set size (kbytes): 534896
	Average resident set size (kbytes): 0
	Major (requiring I/O) page faults: 54
	Minor (reclaiming a frame) page faults: 3138382
	Voluntary context switches: 242756
	Involuntary context switches: 1223
	Swaps: 0
	File system inputs: 62011600
	File system outputs: 62914672
	Socket messages sent: 0
	Socket messages received: 0
	Signals delivered: 0
	Page size (bytes): 4096
	Exit status: 0
READAHEAD_TIME:0.000000 us
MaxRSS= 2048 KB, SharedMem= 0 KB, HardPageFault= 0
*******************DMESG OUTPUT******************
