fclose PID:33516 fd:3
fclose PID:33516 fd:4
fclose PID:33516 fd:4
fclose PID:33516 fd:3
available: 2 nodes (0-1)
fclose PID:33516 fd:3
node 0 cpus:fclose PID:33516 fd:3
 0 1 2 3 4 5 6 7 8 9 20 21 22 23 24 25 26 27 28 29
node 0 size: 80440 MB
node 0 free: 80119 MB
fclose PID:33516 fd:3
node 1 cpus:fclose PID:33516 fd:3
 10 11 12 13 14 15 16 17 18 19 30 31 32 33 34 35 36 37 38 39
node 1 size: 80635 MB
node 1 free: 80374 MB
fclose PID:33516 fd:3
fclose PID:33516 fd:3
node distances:
node   0   1 
  0:  10  21 
  1:  21  10 
READAHEAD_TIME:0.000000 us
MaxRSS= 2200 KB, SharedMem= 0 KB, HardPageFault= 10
fclose PID:33522 fd:10
fclose PID:33524 fd:8
fclose PID:33521 fd:12
fclose PID:33523 fd:8

MADbench 2.0 IO-mode
no_pe = 4  no_pix = 16384  no_bin = 30  no_gang = 1 sblocksize = 8  fblocksize = 64  r_mod = 1  w_mod = 1 record_size=1048576 stride=7


IOMETHOD = POSIX  IOMODE = SYNC  FILETYPE = UNIQUE  REMAP = CUSTOMbuild_S
build_S
build_S
build_S

Write the data to file:536870912 bytes
***********WAITING************

Write the data to file:536870912 bytes
***********WAITING************

Write the data to file:536870912 bytes
***********WAITING************

Write the data to file:536870912 bytes
***********WAITING************

Write the data to file:536870912 bytes
***********WAITING************

Write the data to file:536870912 bytes
***********WAITING************

Write the data to file:536870912 bytes
***********WAITING************

Write the data to file:536870912 bytes
***********WAITING************

Write the data to file:536870912 bytes
***********WAITING************

Write the data to file:536870912 bytes
***********WAITING************

Write the data to file:536870912 bytes
***********WAITING************

Write the data to file:536870912 bytes
***********WAITING************

Write the data to file:536870912 bytes
***********WAITING************

Write the data to file:536870912 bytes
***********WAITING************

Write the data to file:536870912 bytes
***********WAITING************

Write the data to file:536870912 bytes
***********WAITING************

Write the data to file:536870912 bytes
***********WAITING************

Write the data to file:536870912 bytes
***********WAITING************

Write the data to file:536870912 bytes
***********WAITING************

Write the data to file:536870912 bytes
***********WAITING************

Write the data to file:536870912 bytes
***********WAITING************

Write the data to file:536870912 bytes
***********WAITING************

Write the data to file:536870912 bytes
***********WAITING************

Write the data to file:536870912 bytes
***********WAITING************

Write the data to file:536870912 bytes
***********WAITING************

Write the data to file:536870912 bytes
***********WAITING************

Write the data to file:536870912 bytes
***********WAITING************

Write the data to file:536870912 bytes
***********WAITING************

Write the data to file:536870912 bytes
***********WAITING************

Write the data to file:536870912 bytes
***********WAITING************

Write the data to file:536870912 bytes
***********WAITING************

Write the data to file:536870912 bytes
***********WAITING************

Write the data to file:536870912 bytes
***********WAITING************

Write the data to file:536870912 bytes
***********WAITING************

Write the data to file:536870912 bytes
***********WAITING************

Write the data to file:536870912 bytes
***********WAITING************

Write the data to file:536870912 bytes
***********WAITING************

Write the data to file:536870912 bytes
***********WAITING************

Write the data to file:536870912 bytes
***********WAITING************

Write the data to file:536870912 bytes
***********WAITING************

Write the data to file:536870912 bytes
***********WAITING************

Write the data to file:536870912 bytes
***********WAITING************

Write the data to file:536870912 bytes
***********WAITING************

Write the data to file:536870912 bytes
***********WAITING************

Write the data to file:536870912 bytes
***********WAITING************

Write the data to file:536870912 bytes
***********WAITING************

Write the data to file:536870912 bytes
***********WAITING************

Write the data to file:536870912 bytes
***********WAITING************

Write the data to file:536870912 bytes
***********WAITING************

Write the data to file:536870912 bytes
***********WAITING************

Write the data to file:536870912 bytes
***********WAITING************

Write the data to file:536870912 bytes
***********WAITING************

Write the data to file:536870912 bytes
***********WAITING************

Write the data to file:536870912 bytes
***********WAITING************

Write the data to file:536870912 bytes
***********WAITING************

Write the data to file:536870912 bytes
***********WAITING************

Write the data to file:536870912 bytes
***********WAITING************

Write the data to file:536870912 bytes
***********WAITING************

Write the data to file:536870912 bytes
***********WAITING************

Write the data to file:536870912 bytes
***********WAITING************

Write the data to file:536870912 bytes
***********WAITING************

Write the data to file:536870912 bytes
***********WAITING************

Write the data to file:536870912 bytes
***********WAITING************

Write the data to file:536870912 bytes
***********WAITING************

Write the data to file:536870912 bytes
***********WAITING************

Write the data to file:536870912 bytes
***********WAITING************

Write the data to file:536870912 bytes
***********WAITING************

Write the data to file:536870912 bytes
***********WAITING************

Write the data to file:536870912 bytes
***********WAITING************

Write the data to file:536870912 bytes
***********WAITING************

Write the data to file:536870912 bytes
***********WAITING************

Write the data to file:536870912 bytes
***********WAITING************

Write the data to file:536870912 bytes
***********WAITING************

Write the data to file:536870912 bytes
***********WAITING************

Write the data to file:536870912 bytes
***********WAITING************

Write the data to file:536870912 bytes
***********WAITING************

Write the data to file:536870912 bytes
***********WAITING************

Write the data to file:536870912 bytes
***********WAITING************

Write the data to file:536870912 bytes
***********WAITING************

Write the data to file:536870912 bytes
***********WAITING************

Write the data to file:536870912 bytes
***********WAITING************

Write the data to file:536870912 bytes
***********WAITING************

Write the data to file:536870912 bytes
***********WAITING************

Write the data to file:536870912 bytes
***********WAITING************

Write the data to file:536870912 bytes
***********WAITING************

Write the data to file:536870912 bytes
***********WAITING************

Write the data to file:536870912 bytes
***********WAITING************

Write the data to file:536870912 bytes
***********WAITING************

Write the data to file:536870912 bytes
***********WAITING************

Write the data to file:536870912 bytes
***********WAITING************

Write the data to file:536870912 bytes
***********WAITING************

Write the data to file:536870912 bytes
***********WAITING************

Write the data to file:536870912 bytes
***********WAITING************

Write the data to file:536870912 bytes
***********WAITING************

Write the data to file:536870912 bytes
***********WAITING************

Write the data to file:536870912 bytes
***********WAITING************

Write the data to file:536870912 bytes
***********WAITING************

Write the data to file:536870912 bytes
***********WAITING************

Write the data to file:536870912 bytes
***********WAITING************

Write the data to file:536870912 bytes
***********WAITING************

Write the data to file:536870912 bytes
***********WAITING************

Write the data to file:536870912 bytes
***********WAITING************

Write the data to file:536870912 bytes
***********WAITING************

Write the data to file:536870912 bytes
***********WAITING************

Write the data to file:536870912 bytes
***********WAITING************

Write the data to file:536870912 bytes
***********WAITING************

Write the data to file:536870912 bytes
***********WAITING************

Write the data to file:536870912 bytes
***********WAITING************

Write the data to file:536870912 bytes
***********WAITING************

Write the data to file:536870912 bytes
***********WAITING************

Write the data to file:536870912 bytes
***********WAITING************

Write the data to file:536870912 bytes
***********WAITING************

Write the data to file:536870912 bytes
***********WAITING************

Write the data to file:536870912 bytes
***********WAITING************

Write the data to file:536870912 bytes
***********WAITING************

Write the data to file:536870912 bytes
***********WAITING************

Write the data to file:536870912 bytes
***********WAITING************

Write the data to file:536870912 bytes
***********WAITING************

Write the data to file:536870912 bytes
***********WAITING************

Write the data to file:536870912 bytes
***********WAITING************
S_cc         4.23   [      4.22:      4.24]
S_bw         2.43   [      2.43:      2.43]
S_w        104.36   [    104.36:    104.36]
          -------
S_total    111.02   [    111.01:    111.03]

build_S done
calc_W
build_S done
calc_W
nr_of_strided_rec: 64
nr_doubles: 131072
build_S done
calc_W
nr_of_strided_rec: 64
nr_doubles: 131072
build_S done
calc_W
nr_of_strided_rec: 64
nr_doubles: 131072
nr_of_strided_rec: 64
nr_doubles: 131072
nr_of_strided_rec: 64
nr_doubles: 131072
nr_of_strided_rec: 64
nr_doubles: 131072
nr_of_strided_rec: 64
nr_doubles: 131072
nr_of_strided_rec: 64
nr_doubles: 131072

Write the data to file:536870912 bytes
***********WAITING************

Write the data to file:536870912 bytes
***********WAITING************

Write the data to file:536870912 bytes
***********WAITING************

Write the data to file:536870912 bytes
***********WAITING************
nr_of_strided_rec: 64
nr_doubles: 131072
nr_of_strided_rec: 64
nr_doubles: 131072
nr_of_strided_rec: 64
nr_doubles: 131072
nr_of_strided_rec: 64
nr_doubles: 131072

Write the data to file:536870912 bytes
***********WAITING************

Write the data to file:536870912 bytes
***********WAITING************

Write the data to file:536870912 bytes
***********WAITING************

Write the data to file:536870912 bytes
***********WAITING************
nr_of_strided_rec: 64
nr_doubles: 131072
nr_of_strided_rec: 64
nr_doubles: 131072
nr_of_strided_rec: 64
nr_doubles: 131072
nr_of_strided_rec: 64
nr_doubles: 131072

Write the data to file:536870912 bytes
***********WAITING************

Write the data to file:536870912 bytes
***********WAITING************

Write the data to file:536870912 bytes
***********WAITING************

Write the data to file:536870912 bytes
***********WAITING************
nr_of_strided_rec: 64
nr_doubles: 131072
nr_of_strided_rec: 64
nr_doubles: 131072
nr_of_strided_rec: 64
nr_doubles: 131072
nr_of_strided_rec: 64
nr_doubles: 131072

Write the data to file:536870912 bytes
***********WAITING************

Write the data to file:536870912 bytes
***********WAITING************

Write the data to file:536870912 bytes
***********WAITING************

Write the data to file:536870912 bytes
***********WAITING************
nr_of_strided_rec: 64
nr_doubles: 131072
nr_of_strided_rec: 64
nr_doubles: 131072
nr_of_strided_rec: 64
nr_doubles: 131072
nr_of_strided_rec: 64
nr_doubles: 131072

Write the data to file:536870912 bytes
***********WAITING************

Write the data to file:536870912 bytes
***********WAITING************

Write the data to file:536870912 bytes
***********WAITING************

Write the data to file:536870912 bytes
***********WAITING************
nr_of_strided_rec: 64
nr_doubles: 131072
nr_of_strided_rec: 64
nr_doubles: 131072
nr_of_strided_rec: 64
nr_doubles: 131072
nr_of_strided_rec: 64
nr_doubles: 131072

Write the data to file:536870912 bytes
***********WAITING************

Write the data to file:536870912 bytes
***********WAITING************

Write the data to file:536870912 bytes
***********WAITING************

Write the data to file:536870912 bytes
***********WAITING************
nr_of_strided_rec: 64
nr_doubles: 131072
nr_of_strided_rec: 64
nr_doubles: 131072
nr_of_strided_rec: 64
nr_doubles: 131072
nr_of_strided_rec: 64
nr_doubles: 131072

Write the data to file:536870912 bytes
***********WAITING************

Write the data to file:536870912 bytes
***********WAITING************

Write the data to file:536870912 bytes
***********WAITING************

Write the data to file:536870912 bytes
***********WAITING************
nr_of_strided_rec: 64
nr_doubles: 131072
nr_of_strided_rec: 64
nr_doubles: 131072
nr_of_strided_rec: 64
nr_doubles: 131072
nr_of_strided_rec: 64
nr_doubles: 131072

Write the data to file:536870912 bytes
***********WAITING************

Write the data to file:536870912 bytes
***********WAITING************

Write the data to file:536870912 bytes
***********WAITING************

Write the data to file:536870912 bytes
***********WAITING************
nr_of_strided_rec: 64
nr_doubles: 131072
nr_of_strided_rec: 64
nr_doubles: 131072
nr_of_strided_rec: 64
nr_doubles: 131072
nr_of_strided_rec: 64
nr_doubles: 131072

Write the data to file:536870912 bytes
***********WAITING************

Write the data to file:536870912 bytes
***********WAITING************

Write the data to file:536870912 bytes
***********WAITING************

Write the data to file:536870912 bytes
***********WAITING************
nr_of_strided_rec: 64
nr_doubles: 131072
nr_of_strided_rec: 64
nr_doubles: 131072
nr_of_strided_rec: 64
nr_doubles: 131072
nr_of_strided_rec: 64
nr_doubles: 131072

Write the data to file:536870912 bytes
***********WAITING************

Write the data to file:536870912 bytes
***********WAITING************

Write the data to file:536870912 bytes
***********WAITING************

Write the data to file:536870912 bytes
***********WAITING************
nr_of_strided_rec: 64
nr_doubles: 131072
nr_of_strided_rec: 64
nr_doubles: 131072
nr_of_strided_rec: 64
nr_doubles: 131072
nr_of_strided_rec: 64
nr_doubles: 131072

Write the data to file:536870912 bytes
***********WAITING************

Write the data to file:536870912 bytes
***********WAITING************

Write the data to file:536870912 bytes
***********WAITING************

Write the data to file:536870912 bytes
***********WAITING************
nr_of_strided_rec: 64
nr_doubles: 131072
nr_of_strided_rec: 64
nr_doubles: 131072
nr_of_strided_rec: 64
nr_doubles: 131072
nr_of_strided_rec: 64
nr_doubles: 131072

Write the data to file:536870912 bytes
***********WAITING************

Write the data to file:536870912 bytes
***********WAITING************

Write the data to file:536870912 bytes
***********WAITING************

Write the data to file:536870912 bytes
***********WAITING************
nr_of_strided_rec: 64
nr_doubles: 131072
nr_of_strided_rec: 64
nr_doubles: 131072
nr_of_strided_rec: 64
nr_doubles: 131072
nr_of_strided_rec: 64
nr_doubles: 131072

Write the data to file:536870912 bytes
***********WAITING************

Write the data to file:536870912 bytes
***********WAITING************

Write the data to file:536870912 bytes
***********WAITING************

Write the data to file:536870912 bytes
***********WAITING************
nr_of_strided_rec: 64
nr_doubles: 131072
nr_of_strided_rec: 64
nr_doubles: 131072
nr_of_strided_rec: 64
nr_doubles: 131072
nr_of_strided_rec: 64
nr_doubles: 131072

Write the data to file:536870912 bytes
***********WAITING************

Write the data to file:536870912 bytes
***********WAITING************

Write the data to file:536870912 bytes
***********WAITING************

Write the data to file:536870912 bytes
***********WAITING************
nr_of_strided_rec: 64
nr_doubles: 131072
nr_of_strided_rec: 64
nr_doubles: 131072
nr_of_strided_rec: 64
nr_doubles: 131072
nr_of_strided_rec: 64
nr_doubles: 131072

Write the data to file:536870912 bytes
***********WAITING************

Write the data to file:536870912 bytes
***********WAITING************

Write the data to file:536870912 bytes
***********WAITING************

Write the data to file:536870912 bytes
***********WAITING************
nr_of_strided_rec: 64
nr_doubles: 131072
nr_of_strided_rec: 64
nr_doubles: 131072
nr_of_strided_rec: 64
nr_doubles: 131072
nr_of_strided_rec: 64
nr_doubles: 131072

Write the data to file:536870912 bytes
***********WAITING************

Write the data to file:536870912 bytes
***********WAITING************

Write the data to file:536870912 bytes
***********WAITING************

Write the data to file:536870912 bytes
***********WAITING************
nr_of_strided_rec: 64
nr_doubles: 131072
nr_of_strided_rec: 64
nr_doubles: 131072
nr_of_strided_rec: 64
nr_doubles: 131072
nr_of_strided_rec: 64
nr_doubles: 131072

Write the data to file:536870912 bytes
***********WAITING************

Write the data to file:536870912 bytes
***********WAITING************

Write the data to file:536870912 bytes
***********WAITING************

Write the data to file:536870912 bytes
***********WAITING************
nr_of_strided_rec: 64
nr_doubles: 131072
nr_of_strided_rec: 64
nr_doubles: 131072
nr_of_strided_rec: 64
nr_doubles: 131072
nr_of_strided_rec: 64
nr_doubles: 131072

Write the data to file:536870912 bytes
***********WAITING************

Write the data to file:536870912 bytes
***********WAITING************

Write the data to file:536870912 bytes
***********WAITING************

Write the data to file:536870912 bytes
***********WAITING************
nr_of_strided_rec: 64
nr_doubles: 131072
nr_of_strided_rec: 64
nr_doubles: 131072
nr_of_strided_rec: 64
nr_doubles: 131072
nr_of_strided_rec: 64
nr_doubles: 131072

Write the data to file:536870912 bytes
***********WAITING************

Write the data to file:536870912 bytes
***********WAITING************

Write the data to file:536870912 bytes
***********WAITING************

Write the data to file:536870912 bytes
***********WAITING************
nr_of_strided_rec: 64
nr_doubles: 131072
nr_of_strided_rec: 64
nr_doubles: 131072
nr_of_strided_rec: 64
nr_doubles: 131072
nr_of_strided_rec: 64
nr_doubles: 131072

Write the data to file:536870912 bytes
***********WAITING************

Write the data to file:536870912 bytes
***********WAITING************

Write the data to file:536870912 bytes
***********WAITING************

Write the data to file:536870912 bytes
***********WAITING************
nr_of_strided_rec: 64
nr_doubles: 131072
nr_of_strided_rec: 64
nr_doubles: 131072
nr_of_strided_rec: 64
nr_doubles: 131072
nr_of_strided_rec: 64
nr_doubles: 131072

Write the data to file:536870912 bytes
***********WAITING************

Write the data to file:536870912 bytes
***********WAITING************

Write the data to file:536870912 bytes
***********WAITING************

Write the data to file:536870912 bytes
***********WAITING************
nr_of_strided_rec: 64
nr_doubles: 131072
nr_of_strided_rec: 64
nr_doubles: 131072
nr_of_strided_rec: 64
nr_doubles: 131072
nr_of_strided_rec: 64
nr_doubles: 131072

Write the data to file:536870912 bytes
***********WAITING************

Write the data to file:536870912 bytes
***********WAITING************

Write the data to file:536870912 bytes
***********WAITING************

Write the data to file:536870912 bytes
***********WAITING************
nr_of_strided_rec: 64
nr_doubles: 131072
nr_of_strided_rec: 64
nr_doubles: 131072
nr_of_strided_rec: 64
nr_doubles: 131072
nr_of_strided_rec: 64
nr_doubles: 131072

Write the data to file:536870912 bytes
***********WAITING************

Write the data to file:536870912 bytes
***********WAITING************

Write the data to file:536870912 bytes
***********WAITING************

Write the data to file:536870912 bytes
***********WAITING************
nr_of_strided_rec: 64
nr_doubles: 131072
nr_of_strided_rec: 64
nr_doubles: 131072
nr_of_strided_rec: 64
nr_doubles: 131072
nr_of_strided_rec: 64
nr_doubles: 131072

Write the data to file:536870912 bytes
***********WAITING************

Write the data to file:536870912 bytes
***********WAITING************

Write the data to file:536870912 bytes
***********WAITING************

Write the data to file:536870912 bytes
***********WAITING************
nr_of_strided_rec: 64
nr_doubles: 131072
nr_of_strided_rec: 64
nr_doubles: 131072
nr_of_strided_rec: 64
nr_doubles: 131072
nr_of_strided_rec: 64
nr_doubles: 131072

Write the data to file:536870912 bytes
***********WAITING************

Write the data to file:536870912 bytes
***********WAITING************

Write the data to file:536870912 bytes
***********WAITING************

Write the data to file:536870912 bytes
***********WAITING************
nr_of_strided_rec: 64
nr_doubles: 131072
nr_of_strided_rec: 64
nr_doubles: 131072
nr_of_strided_rec: 64
nr_doubles: 131072
nr_of_strided_rec: 64
nr_doubles: 131072

Write the data to file:536870912 bytes
***********WAITING************

Write the data to file:536870912 bytes
***********WAITING************

Write the data to file:536870912 bytes
***********WAITING************

Write the data to file:536870912 bytes
***********WAITING************
nr_of_strided_rec: 64
nr_doubles: 131072
nr_of_strided_rec: 64
nr_doubles: 131072
nr_of_strided_rec: 64
nr_doubles: 131072
nr_of_strided_rec: 64
nr_doubles: 131072

Write the data to file:536870912 bytes
***********WAITING************

Write the data to file:536870912 bytes
***********WAITING************

Write the data to file:536870912 bytes
***********WAITING************

Write the data to file:536870912 bytes
***********WAITING************
nr_of_strided_rec: 64
nr_doubles: 131072
nr_of_strided_rec: 64
nr_doubles: 131072
nr_of_strided_rec: 64
nr_doubles: 131072
nr_of_strided_rec: 64
nr_doubles: 131072

Write the data to file:536870912 bytes
***********WAITING************

Write the data to file:536870912 bytes
***********WAITING************

Write the data to file:536870912 bytes
***********WAITING************

Write the data to file:536870912 bytes
***********WAITING************
nr_of_strided_rec: 64
nr_doubles: 131072
nr_of_strided_rec: 64
nr_doubles: 131072
nr_of_strided_rec: 64
nr_doubles: 131072
nr_of_strided_rec: 64
nr_doubles: 131072

Write the data to file:536870912 bytes
***********WAITING************

Write the data to file:536870912 bytes
***********WAITING************

Write the data to file:536870912 bytes
***********WAITING************

Write the data to file:536870912 bytes
***********WAITING************

Write the data to file:536870912 bytes
***********WAITING************

Write the data to file:536870912 bytes
***********WAITING************

Write the data to file:536870912 bytes
***********WAITING************

Write the data to file:536870912 bytes
***********WAITING************
W_cc         6.53   [      6.52:      6.54]
W_r        192.60   [    192.60:    192.60]
W_w        135.68   [    135.68:    135.68]
          -------
W_total    334.82   [    334.81:    334.83]

calc_W done
calc_W done
nr_of_strided_rec: 64
nr_doubles: 131072
calc_W done
nr_of_strided_rec: 64
nr_doubles: 131072
calc_W done
nr_of_strided_rec: 64
nr_doubles: 131072
nr_of_strided_rec: 64
nr_doubles: 131072
nr_of_strided_rec: 64
nr_doubles: 131072
nr_of_strided_rec: 64
nr_doubles: 131072
nr_of_strided_rec: 64
nr_doubles: 131072
nr_of_strided_rec: 64
nr_doubles: 131072
nr_of_strided_rec: 64
nr_doubles: 131072
nr_of_strided_rec: 64
nr_doubles: 131072
nr_of_strided_rec: 64
nr_doubles: 131072
nr_of_strided_rec: 64
nr_doubles: 131072
nr_of_strided_rec: 64
nr_doubles: 131072
nr_of_strided_rec: 64
nr_doubles: 131072
nr_of_strided_rec: 64
nr_doubles: 131072
nr_of_strided_rec: 64
nr_doubles: 131072
nr_of_strided_rec: 64
nr_doubles: 131072
nr_of_strided_rec: 64
nr_doubles: 131072
nr_of_strided_rec: 64
nr_doubles: 131072
nr_of_strided_rec: 64
nr_doubles: 131072
nr_of_strided_rec: 64
nr_doubles: 131072
nr_of_strided_rec: 64
nr_doubles: 131072
nr_of_strided_rec: 64
nr_doubles: 131072
nr_of_strided_rec: 64
nr_doubles: 131072
nr_of_strided_rec: 64
nr_doubles: 131072
nr_of_strided_rec: 64
nr_doubles: 131072
nr_of_strided_rec: 64
nr_doubles: 131072
nr_of_strided_rec: 64
nr_doubles: 131072
nr_of_strided_rec: 64
nr_doubles: 131072
nr_of_strided_rec: 64
nr_doubles: 131072
nr_of_strided_rec: 64
nr_doubles: 131072
nr_of_strided_rec: 64
nr_doubles: 131072
nr_of_strided_rec: 64
nr_doubles: 131072
nr_of_strided_rec: 64
nr_doubles: 131072
nr_of_strided_rec: 64
nr_doubles: 131072
nr_of_strided_rec: 64
nr_doubles: 131072
nr_of_strided_rec: 64
nr_doubles: 131072
nr_of_strided_rec: 64
nr_doubles: 131072
nr_of_strided_rec: 64
nr_doubles: 131072
nr_of_strided_rec: 64
nr_doubles: 131072
nr_of_strided_rec: 64
nr_doubles: 131072
nr_of_strided_rec: 64
nr_doubles: 131072
nr_of_strided_rec: 64
nr_doubles: 131072
nr_of_strided_rec: 64
nr_doubles: 131072
nr_of_strided_rec: 64
nr_doubles: 131072
nr_of_strided_rec: 64
nr_doubles: 131072
nr_of_strided_rec: 64
nr_doubles: 131072
nr_of_strided_rec: 64
nr_doubles: 131072
nr_of_strided_rec: 64
nr_doubles: 131072
nr_of_strided_rec: 64
nr_doubles: 131072
nr_of_strided_rec: 64
nr_doubles: 131072
nr_of_strided_rec: 64
nr_doubles: 131072
nr_of_strided_rec: 64
nr_doubles: 131072
nr_of_strided_rec: 64
nr_doubles: 131072
nr_of_strided_rec: 64
nr_doubles: 131072
nr_of_strided_rec: 64
nr_doubles: 131072
nr_of_strided_rec: 64
nr_doubles: 131072
nr_of_strided_rec: 64
nr_doubles: 131072
nr_of_strided_rec: 64
nr_doubles: 131072
nr_of_strided_rec: 64
nr_doubles: 131072
nr_of_strided_rec: 64
nr_doubles: 131072
nr_of_strided_rec: 64
nr_doubles: 131072
nr_of_strided_rec: 64
nr_doubles: 131072
nr_of_strided_rec: 64
nr_doubles: 131072
nr_of_strided_rec: 64
nr_doubles: 131072
nr_of_strided_rec: 64
nr_doubles: 131072
nr_of_strided_rec: 64
nr_doubles: 131072
nr_of_strided_rec: 64
nr_doubles: 131072
nr_of_strided_rec: 64
nr_doubles: 131072
nr_of_strided_rec: 64
nr_doubles: 131072
nr_of_strided_rec: 64
nr_doubles: 131072
nr_of_strided_rec: 64
nr_doubles: 131072
nr_of_strided_rec: 64
nr_doubles: 131072
nr_of_strided_rec: 64
nr_doubles: 131072
nr_of_strided_rec: 64
nr_doubles: 131072
nr_of_strided_rec: 64
nr_doubles: 131072
nr_of_strided_rec: 64
nr_doubles: 131072
nr_of_strided_rec: 64
nr_doubles: 131072
nr_of_strided_rec: 64
nr_doubles: 131072
nr_of_strided_rec: 64
nr_doubles: 131072
nr_of_strided_rec: 64
nr_doubles: 131072
nr_of_strided_rec: 64
nr_doubles: 131072
nr_of_strided_rec: 64
nr_doubles: 131072
nr_of_strided_rec: 64
nr_doubles: 131072
nr_of_strided_rec: 64
nr_doubles: 131072
nr_of_strided_rec: 64
nr_doubles: 131072
nr_of_strided_rec: 64
nr_doubles: 131072
nr_of_strided_rec: 64
nr_doubles: 131072
nr_of_strided_rec: 64
nr_doubles: 131072
nr_of_strided_rec: 64
nr_doubles: 131072
nr_of_strided_rec: 64
nr_doubles: 131072
nr_of_strided_rec: 64
nr_doubles: 131072
nr_of_strided_rec: 64
nr_doubles: 131072
nr_of_strided_rec: 64
nr_doubles: 131072
nr_of_strided_rec: 64
nr_doubles: 131072
nr_of_strided_rec: 64
nr_doubles: 131072
nr_of_strided_rec: 64
nr_doubles: 131072
nr_of_strided_rec: 64
nr_doubles: 131072
nr_of_strided_rec: 64
nr_doubles: 131072
nr_of_strided_rec: 64
nr_doubles: 131072
nr_of_strided_rec: 64
nr_doubles: 131072
nr_of_strided_rec: 64
nr_doubles: 131072
nr_of_strided_rec: 64
nr_doubles: 131072
nr_of_strided_rec: 64
nr_doubles: 131072
nr_of_strided_rec: 64
nr_doubles: 131072
nr_of_strided_rec: 64
nr_doubles: 131072
nr_of_strided_rec: 64
nr_doubles: 131072
nr_of_strided_rec: 64
nr_doubles: 131072
nr_of_strided_rec: 64
nr_doubles: 131072
nr_of_strided_rec: 64
nr_doubles: 131072
nr_of_strided_rec: 64
nr_doubles: 131072
nr_of_strided_rec: 64
nr_doubles: 131072
nr_of_strided_rec: 64
nr_doubles: 131072
nr_of_strided_rec: 64
nr_doubles: 131072
nr_of_strided_rec: 64
nr_doubles: 131072
nr_of_strided_rec: 64
nr_doubles: 131072
nr_of_strided_rec: 64
nr_doubles: 131072
nr_of_strided_rec: 64
nr_doubles: 131072
nr_of_strided_rec: 64
nr_doubles: 131072
nr_of_strided_rec: 64
nr_doubles: 131072
C_cc         2.89   [      2.89:      2.89]
C_bw         2.53   [      2.53:      2.53]
C_r        142.65   [    142.65:    142.65]
          -------
C_total    148.07   [    148.07:    148.08]


dC[0] = 0.00000e+00
fclose PID:33521 fd:12
fclose PID:33522 fd:10
fclose PID:33524 fd:8
fclose PID:33523 fd:8
READAHEAD_TIME:0.000000 us
MaxRSS= 2107844 KB, SharedMem= 0 KB, HardPageFault= 9
READAHEAD_TIME:0.000000 us
MaxRSS= 2107812 KB, SharedMem= 0 KB, HardPageFault= 12
READAHEAD_TIME:0.000000 us
MaxRSS= 2107608 KB, SharedMem= 0 KB, HardPageFault= 11
READAHEAD_TIME:0.000000 us
MaxRSS= 2107820 KB, SharedMem= 0 KB, HardPageFault= 14
fclose PID:33520 fd:0
fclose PID:33520 fd:6
fclose PID:33520 fd:6
fclose PID:33520 fd:0
READAHEAD_TIME:0.000000 us
MaxRSS= 5396 KB, SharedMem= 0 KB, HardPageFault= 2
fclose PID:33519 fd:3
fclose PID:33519 fd:4
fclose PID:33519 fd:4
fclose PID:33519 fd:3
READAHEAD_TIME:0.000000 us
MaxRSS= 4880 KB, SharedMem= 0 KB, HardPageFault= 4
	Command being timed: "mpiexec -n 4 ./MADbench2_io 16384 30 1 8 64 1 1 1048576 7 1"
	User time (seconds): 460.94
	System time (seconds): 241.21
	Percent of CPU this job got: 118%
	Elapsed (wall clock) time (h:mm:ss or m:ss): 9:54.64
	Average shared text size (kbytes): 0
	Average unshared data size (kbytes): 0
	Average stack size (kbytes): 0
	Average total size (kbytes): 0
	Maximum resident set size (kbytes): 2107844
	Average resident set size (kbytes): 0
	Major (requiring I/O) page faults: 53
	Minor (reclaiming a frame) page faults: 8001509
	Voluntary context switches: 218600
	Involuntary context switches: 2647
	Swaps: 0
	File system inputs: 245422568
	File system outputs: 251658504
	Socket messages sent: 0
	Socket messages received: 0
	Signals delivered: 0
	Page size (bytes): 4096
	Exit status: 0
READAHEAD_TIME:0.000000 us
MaxRSS= 2096 KB, SharedMem= 0 KB, HardPageFault= 0
*******************DMESG OUTPUT******************
