fclose PID:30474 fd:3
fclose PID:30474 fd:4
fclose PID:30474 fd:4
fclose PID:30474 fd:3
available: 2 nodes (0-1)
fclose PID:30474 fd:3
node 0 cpus:fclose PID:30474 fd:3
 0 1 2 3 4 5 6 7 8 9 20 21 22 23 24 25 26 27 28 29
node 0 size: 80440 MB
node 0 free: 80118 MB
fclose PID:30474 fd:3
node 1 cpus:fclose PID:30474 fd:3
 10 11 12 13 14 15 16 17 18 19 30 31 32 33 34 35 36 37 38 39
node 1 size: 80635 MB
node 1 free: 80377 MB
fclose PID:30474 fd:3
fclose PID:30474 fd:3
node distances:
node   0   1 
  0:  10  21 
  1:  21  10 
READAHEAD_TIME:0.000000 us
MaxRSS= 2300 KB, SharedMem= 0 KB, HardPageFault= 10
fclose PID:30479 fd:12
fclose PID:30480 fd:10
fclose PID:30481 fd:8
fclose PID:30482 fd:8

MADbench 2.0 IO-mode
no_pe = 4  no_pix = 8192  no_bin = 30  no_gang = 1 sblocksize = 8  fblocksize = 64  r_mod = 1  w_mod = 1 record_size=4194304 stride=7


IOMETHOD = POSIX  IOMODE = SYNC  FILETYPE = UNIQUE  REMAP = CUSTOMbuild_S
build_S
build_S
build_S

Write the data to file:134217728 bytes
***********WAITING************

Write the data to file:134217728 bytes
***********WAITING************

Write the data to file:134217728 bytes
***********WAITING************

Write the data to file:134217728 bytes
***********WAITING************

Write the data to file:134217728 bytes
***********WAITING************

Write the data to file:134217728 bytes
***********WAITING************

Write the data to file:134217728 bytes
***********WAITING************

Write the data to file:134217728 bytes
***********WAITING************

Write the data to file:134217728 bytes
***********WAITING************

Write the data to file:134217728 bytes
***********WAITING************

Write the data to file:134217728 bytes
***********WAITING************

Write the data to file:134217728 bytes
***********WAITING************

Write the data to file:134217728 bytes
***********WAITING************

Write the data to file:134217728 bytes
***********WAITING************

Write the data to file:134217728 bytes
***********WAITING************

Write the data to file:134217728 bytes
***********WAITING************

Write the data to file:134217728 bytes
***********WAITING************

Write the data to file:134217728 bytes
***********WAITING************

Write the data to file:134217728 bytes
***********WAITING************

Write the data to file:134217728 bytes
***********WAITING************

Write the data to file:134217728 bytes
***********WAITING************

Write the data to file:134217728 bytes
***********WAITING************

Write the data to file:134217728 bytes
***********WAITING************

Write the data to file:134217728 bytes
***********WAITING************

Write the data to file:134217728 bytes
***********WAITING************

Write the data to file:134217728 bytes
***********WAITING************

Write the data to file:134217728 bytes
***********WAITING************

Write the data to file:134217728 bytes
***********WAITING************

Write the data to file:134217728 bytes
***********WAITING************

Write the data to file:134217728 bytes
***********WAITING************

Write the data to file:134217728 bytes
***********WAITING************

Write the data to file:134217728 bytes
***********WAITING************

Write the data to file:134217728 bytes
***********WAITING************

Write the data to file:134217728 bytes
***********WAITING************

Write the data to file:134217728 bytes
***********WAITING************

Write the data to file:134217728 bytes
***********WAITING************

Write the data to file:134217728 bytes
***********WAITING************

Write the data to file:134217728 bytes
***********WAITING************

Write the data to file:134217728 bytes
***********WAITING************

Write the data to file:134217728 bytes
***********WAITING************

Write the data to file:134217728 bytes
***********WAITING************

Write the data to file:134217728 bytes
***********WAITING************

Write the data to file:134217728 bytes
***********WAITING************

Write the data to file:134217728 bytes
***********WAITING************

Write the data to file:134217728 bytes
***********WAITING************

Write the data to file:134217728 bytes
***********WAITING************

Write the data to file:134217728 bytes
***********WAITING************

Write the data to file:134217728 bytes
***********WAITING************

Write the data to file:134217728 bytes
***********WAITING************

Write the data to file:134217728 bytes
***********WAITING************

Write the data to file:134217728 bytes
***********WAITING************

Write the data to file:134217728 bytes
***********WAITING************

Write the data to file:134217728 bytes
***********WAITING************

Write the data to file:134217728 bytes
***********WAITING************

Write the data to file:134217728 bytes
***********WAITING************

Write the data to file:134217728 bytes
***********WAITING************

Write the data to file:134217728 bytes
***********WAITING************

Write the data to file:134217728 bytes
***********WAITING************

Write the data to file:134217728 bytes
***********WAITING************

Write the data to file:134217728 bytes
***********WAITING************

Write the data to file:134217728 bytes
***********WAITING************

Write the data to file:134217728 bytes
***********WAITING************

Write the data to file:134217728 bytes
***********WAITING************

Write the data to file:134217728 bytes
***********WAITING************

Write the data to file:134217728 bytes
***********WAITING************

Write the data to file:134217728 bytes
***********WAITING************

Write the data to file:134217728 bytes
***********WAITING************

Write the data to file:134217728 bytes
***********WAITING************

Write the data to file:134217728 bytes
***********WAITING************

Write the data to file:134217728 bytes
***********WAITING************

Write the data to file:134217728 bytes
***********WAITING************

Write the data to file:134217728 bytes
***********WAITING************

Write the data to file:134217728 bytes
***********WAITING************

Write the data to file:134217728 bytes
***********WAITING************

Write the data to file:134217728 bytes
***********WAITING************

Write the data to file:134217728 bytes
***********WAITING************

Write the data to file:134217728 bytes
***********WAITING************

Write the data to file:134217728 bytes
***********WAITING************

Write the data to file:134217728 bytes
***********WAITING************

Write the data to file:134217728 bytes
***********WAITING************

Write the data to file:134217728 bytes
***********WAITING************

Write the data to file:134217728 bytes
***********WAITING************

Write the data to file:134217728 bytes
***********WAITING************

Write the data to file:134217728 bytes
***********WAITING************

Write the data to file:134217728 bytes
***********WAITING************

Write the data to file:134217728 bytes
***********WAITING************

Write the data to file:134217728 bytes
***********WAITING************

Write the data to file:134217728 bytes
***********WAITING************

Write the data to file:134217728 bytes
***********WAITING************

Write the data to file:134217728 bytes
***********WAITING************

Write the data to file:134217728 bytes
***********WAITING************

Write the data to file:134217728 bytes
***********WAITING************

Write the data to file:134217728 bytes
***********WAITING************

Write the data to file:134217728 bytes
***********WAITING************

Write the data to file:134217728 bytes
***********WAITING************

Write the data to file:134217728 bytes
***********WAITING************

Write the data to file:134217728 bytes
***********WAITING************

Write the data to file:134217728 bytes
***********WAITING************

Write the data to file:134217728 bytes
***********WAITING************

Write the data to file:134217728 bytes
***********WAITING************

Write the data to file:134217728 bytes
***********WAITING************

Write the data to file:134217728 bytes
***********WAITING************

Write the data to file:134217728 bytes
***********WAITING************

Write the data to file:134217728 bytes
***********WAITING************

Write the data to file:134217728 bytes
***********WAITING************

Write the data to file:134217728 bytes
***********WAITING************

Write the data to file:134217728 bytes
***********WAITING************

Write the data to file:134217728 bytes
***********WAITING************

Write the data to file:134217728 bytes
***********WAITING************

Write the data to file:134217728 bytes
***********WAITING************

Write the data to file:134217728 bytes
***********WAITING************

Write the data to file:134217728 bytes
***********WAITING************

Write the data to file:134217728 bytes
***********WAITING************

Write the data to file:134217728 bytes
***********WAITING************

Write the data to file:134217728 bytes
***********WAITING************

Write the data to file:134217728 bytes
***********WAITING************

Write the data to file:134217728 bytes
***********WAITING************

Write the data to file:134217728 bytes
***********WAITING************

Write the data to file:134217728 bytes
***********WAITING************

Write the data to file:134217728 bytes
***********WAITING************
S_cc         1.63   [      1.62:      1.63]
S_bw         0.76   [      0.75:      0.76]
S_w         29.37   [     29.37:     29.37]
          -------
S_total     31.75   [     31.74:     31.75]

build_S done
calc_W
nr_of_strided_rec: 4
nr_doubles: 524288
build_S done
calc_W
nr_of_strided_rec: 4
nr_doubles: 524288
build_S done
calc_W
nr_of_strided_rec: 4
nr_doubles: 524288
build_S done
calc_W
nr_of_strided_rec: 4
nr_doubles: 524288
nr_of_strided_rec: 4
nr_doubles: 524288
nr_of_strided_rec: 4
nr_doubles: 524288
nr_of_strided_rec: 4
nr_doubles: 524288
nr_of_strided_rec: 4
nr_doubles: 524288

Write the data to file:134217728 bytes
***********WAITING************

Write the data to file:134217728 bytes
***********WAITING************

Write the data to file:134217728 bytes
***********WAITING************

Write the data to file:134217728 bytes
***********WAITING************
nr_of_strided_rec: 4
nr_doubles: 524288
nr_of_strided_rec: 4
nr_doubles: 524288
nr_of_strided_rec: 4
nr_doubles: 524288
nr_of_strided_rec: 4
nr_doubles: 524288

Write the data to file:134217728 bytes
***********WAITING************

Write the data to file:134217728 bytes
***********WAITING************

Write the data to file:134217728 bytes
***********WAITING************

Write the data to file:134217728 bytes
***********WAITING************
nr_of_strided_rec: 4
nr_doubles: 524288
nr_of_strided_rec: 4
nr_doubles: 524288
nr_of_strided_rec: 4
nr_doubles: 524288
nr_of_strided_rec: 4
nr_doubles: 524288

Write the data to file:134217728 bytes
***********WAITING************

Write the data to file:134217728 bytes
***********WAITING************

Write the data to file:134217728 bytes
***********WAITING************

Write the data to file:134217728 bytes
***********WAITING************
nr_of_strided_rec: 4
nr_doubles: 524288
nr_of_strided_rec: 4
nr_doubles: 524288
nr_of_strided_rec: 4
nr_doubles: 524288
nr_of_strided_rec: 4
nr_doubles: 524288

Write the data to file:134217728 bytes
***********WAITING************

Write the data to file:134217728 bytes
***********WAITING************

Write the data to file:134217728 bytes
***********WAITING************

Write the data to file:134217728 bytes
***********WAITING************
nr_of_strided_rec: 4
nr_doubles: 524288
nr_of_strided_rec: 4
nr_doubles: 524288
nr_of_strided_rec: 4
nr_doubles: 524288
nr_of_strided_rec: 4
nr_doubles: 524288

Write the data to file:134217728 bytes
***********WAITING************

Write the data to file:134217728 bytes
***********WAITING************

Write the data to file:134217728 bytes
***********WAITING************

Write the data to file:134217728 bytes
***********WAITING************
nr_of_strided_rec: 4
nr_doubles: 524288
nr_of_strided_rec: 4
nr_doubles: 524288
nr_of_strided_rec: 4
nr_doubles: 524288
nr_of_strided_rec: 4
nr_doubles: 524288

Write the data to file:134217728 bytes
***********WAITING************

Write the data to file:134217728 bytes
***********WAITING************

Write the data to file:134217728 bytes
***********WAITING************

Write the data to file:134217728 bytes
***********WAITING************
nr_of_strided_rec: 4
nr_doubles: 524288
nr_of_strided_rec: 4
nr_doubles: 524288
nr_of_strided_rec: 4
nr_doubles: 524288
nr_of_strided_rec: 4
nr_doubles: 524288

Write the data to file:134217728 bytes
***********WAITING************

Write the data to file:134217728 bytes
***********WAITING************

Write the data to file:134217728 bytes
***********WAITING************

Write the data to file:134217728 bytes
***********WAITING************
nr_of_strided_rec: 4
nr_doubles: 524288
nr_of_strided_rec: 4
nr_doubles: 524288
nr_of_strided_rec: 4
nr_doubles: 524288
nr_of_strided_rec: 4
nr_doubles: 524288

Write the data to file:134217728 bytes
***********WAITING************

Write the data to file:134217728 bytes
***********WAITING************

Write the data to file:134217728 bytes
***********WAITING************

Write the data to file:134217728 bytes
***********WAITING************
nr_of_strided_rec: 4
nr_doubles: 524288
nr_of_strided_rec: 4
nr_doubles: 524288
nr_of_strided_rec: 4
nr_doubles: 524288
nr_of_strided_rec: 4
nr_doubles: 524288

Write the data to file:134217728 bytes
***********WAITING************

Write the data to file:134217728 bytes
***********WAITING************

Write the data to file:134217728 bytes
***********WAITING************

Write the data to file:134217728 bytes
***********WAITING************
nr_of_strided_rec: 4
nr_doubles: 524288
nr_of_strided_rec: 4
nr_doubles: 524288
nr_of_strided_rec: 4
nr_doubles: 524288
nr_of_strided_rec: 4
nr_doubles: 524288

Write the data to file:134217728 bytes
***********WAITING************

Write the data to file:134217728 bytes
***********WAITING************

Write the data to file:134217728 bytes
***********WAITING************

Write the data to file:134217728 bytes
***********WAITING************
nr_of_strided_rec: 4
nr_doubles: 524288
nr_of_strided_rec: 4
nr_doubles: 524288
nr_of_strided_rec: 4
nr_doubles: 524288
nr_of_strided_rec: 4
nr_doubles: 524288

Write the data to file:134217728 bytes
***********WAITING************

Write the data to file:134217728 bytes
***********WAITING************

Write the data to file:134217728 bytes
***********WAITING************

Write the data to file:134217728 bytes
***********WAITING************
nr_of_strided_rec: 4
nr_doubles: 524288
nr_of_strided_rec: 4
nr_doubles: 524288
nr_of_strided_rec: 4
nr_doubles: 524288
nr_of_strided_rec: 4
nr_doubles: 524288

Write the data to file:134217728 bytes
***********WAITING************

Write the data to file:134217728 bytes
***********WAITING************

Write the data to file:134217728 bytes
***********WAITING************

Write the data to file:134217728 bytes
***********WAITING************
nr_of_strided_rec: 4
nr_doubles: 524288
nr_of_strided_rec: 4
nr_doubles: 524288
nr_of_strided_rec: 4
nr_doubles: 524288
nr_of_strided_rec: 4
nr_doubles: 524288

Write the data to file:134217728 bytes
***********WAITING************

Write the data to file:134217728 bytes
***********WAITING************

Write the data to file:134217728 bytes
***********WAITING************

Write the data to file:134217728 bytes
***********WAITING************
nr_of_strided_rec: 4
nr_doubles: 524288
nr_of_strided_rec: 4
nr_doubles: 524288
nr_of_strided_rec: 4
nr_doubles: 524288
nr_of_strided_rec: 4
nr_doubles: 524288

Write the data to file:134217728 bytes
***********WAITING************

Write the data to file:134217728 bytes
***********WAITING************

Write the data to file:134217728 bytes
***********WAITING************

Write the data to file:134217728 bytes
***********WAITING************
nr_of_strided_rec: 4
nr_doubles: 524288
nr_of_strided_rec: 4
nr_doubles: 524288
nr_of_strided_rec: 4
nr_doubles: 524288
nr_of_strided_rec: 4
nr_doubles: 524288

Write the data to file:134217728 bytes
***********WAITING************

Write the data to file:134217728 bytes
***********WAITING************

Write the data to file:134217728 bytes
***********WAITING************

Write the data to file:134217728 bytes
***********WAITING************
nr_of_strided_rec: 4
nr_doubles: 524288
nr_of_strided_rec: 4
nr_doubles: 524288
nr_of_strided_rec: 4
nr_doubles: 524288
nr_of_strided_rec: 4
nr_doubles: 524288

Write the data to file:134217728 bytes
***********WAITING************

Write the data to file:134217728 bytes
***********WAITING************

Write the data to file:134217728 bytes
***********WAITING************

Write the data to file:134217728 bytes
***********WAITING************
nr_of_strided_rec: 4
nr_doubles: 524288
nr_of_strided_rec: 4
nr_doubles: 524288
nr_of_strided_rec: 4
nr_doubles: 524288
nr_of_strided_rec: 4
nr_doubles: 524288

Write the data to file:134217728 bytes
***********WAITING************

Write the data to file:134217728 bytes
***********WAITING************

Write the data to file:134217728 bytes
***********WAITING************

Write the data to file:134217728 bytes
***********WAITING************
nr_of_strided_rec: 4
nr_doubles: 524288
nr_of_strided_rec: 4
nr_doubles: 524288
nr_of_strided_rec: 4
nr_doubles: 524288
nr_of_strided_rec: 4
nr_doubles: 524288

Write the data to file:134217728 bytes
***********WAITING************

Write the data to file:134217728 bytes
***********WAITING************

Write the data to file:134217728 bytes
***********WAITING************

Write the data to file:134217728 bytes
***********WAITING************
nr_of_strided_rec: 4
nr_doubles: 524288
nr_of_strided_rec: 4
nr_doubles: 524288
nr_of_strided_rec: 4
nr_doubles: 524288
nr_of_strided_rec: 4
nr_doubles: 524288

Write the data to file:134217728 bytes
***********WAITING************

Write the data to file:134217728 bytes
***********WAITING************

Write the data to file:134217728 bytes
***********WAITING************

Write the data to file:134217728 bytes
***********WAITING************
nr_of_strided_rec: 4
nr_doubles: 524288
nr_of_strided_rec: 4
nr_doubles: 524288
nr_of_strided_rec: 4
nr_doubles: 524288
nr_of_strided_rec: 4
nr_doubles: 524288

Write the data to file:134217728 bytes
***********WAITING************

Write the data to file:134217728 bytes
***********WAITING************

Write the data to file:134217728 bytes
***********WAITING************

Write the data to file:134217728 bytes
***********WAITING************
nr_of_strided_rec: 4
nr_doubles: 524288
nr_of_strided_rec: 4
nr_doubles: 524288
nr_of_strided_rec: 4
nr_doubles: 524288
nr_of_strided_rec: 4
nr_doubles: 524288

Write the data to file:134217728 bytes
***********WAITING************

Write the data to file:134217728 bytes
***********WAITING************

Write the data to file:134217728 bytes
***********WAITING************

Write the data to file:134217728 bytes
***********WAITING************
nr_of_strided_rec: 4
nr_doubles: 524288
nr_of_strided_rec: 4
nr_doubles: 524288
nr_of_strided_rec: 4
nr_doubles: 524288
nr_of_strided_rec: 4
nr_doubles: 524288

Write the data to file:134217728 bytes
***********WAITING************

Write the data to file:134217728 bytes
***********WAITING************

Write the data to file:134217728 bytes
***********WAITING************

Write the data to file:134217728 bytes
***********WAITING************
nr_of_strided_rec: 4
nr_doubles: 524288
nr_of_strided_rec: 4
nr_doubles: 524288
nr_of_strided_rec: 4
nr_doubles: 524288
nr_of_strided_rec: 4
nr_doubles: 524288

Write the data to file:134217728 bytes
***********WAITING************

Write the data to file:134217728 bytes
***********WAITING************

Write the data to file:134217728 bytes
***********WAITING************

Write the data to file:134217728 bytes
***********WAITING************
nr_of_strided_rec: 4
nr_doubles: 524288
nr_of_strided_rec: 4
nr_doubles: 524288
nr_of_strided_rec: 4
nr_doubles: 524288
nr_of_strided_rec: 4
nr_doubles: 524288

Write the data to file:134217728 bytes
***********WAITING************

Write the data to file:134217728 bytes
***********WAITING************

Write the data to file:134217728 bytes
***********WAITING************

Write the data to file:134217728 bytes
***********WAITING************
nr_of_strided_rec: 4
nr_doubles: 524288
nr_of_strided_rec: 4
nr_doubles: 524288
nr_of_strided_rec: 4
nr_doubles: 524288
nr_of_strided_rec: 4
nr_doubles: 524288

Write the data to file:134217728 bytes
***********WAITING************

Write the data to file:134217728 bytes
***********WAITING************

Write the data to file:134217728 bytes
***********WAITING************

Write the data to file:134217728 bytes
***********WAITING************
nr_of_strided_rec: 4
nr_doubles: 524288
nr_of_strided_rec: 4
nr_doubles: 524288
nr_of_strided_rec: 4
nr_doubles: 524288
nr_of_strided_rec: 4
nr_doubles: 524288

Write the data to file:134217728 bytes
***********WAITING************

Write the data to file:134217728 bytes
***********WAITING************

Write the data to file:134217728 bytes
***********WAITING************

Write the data to file:134217728 bytes
***********WAITING************
nr_of_strided_rec: 4
nr_doubles: 524288
nr_of_strided_rec: 4
nr_doubles: 524288
nr_of_strided_rec: 4
nr_doubles: 524288
nr_of_strided_rec: 4
nr_doubles: 524288

Write the data to file:134217728 bytes
***********WAITING************

Write the data to file:134217728 bytes
***********WAITING************

Write the data to file:134217728 bytes
***********WAITING************

Write the data to file:134217728 bytes
***********WAITING************
nr_of_strided_rec: 4
nr_doubles: 524288
nr_of_strided_rec: 4
nr_doubles: 524288
nr_of_strided_rec: 4
nr_doubles: 524288
nr_of_strided_rec: 4
nr_doubles: 524288

Write the data to file:134217728 bytes
***********WAITING************

Write the data to file:134217728 bytes
***********WAITING************

Write the data to file:134217728 bytes
***********WAITING************

Write the data to file:134217728 bytes
***********WAITING************
nr_of_strided_rec: 4
nr_doubles: 524288
nr_of_strided_rec: 4
nr_doubles: 524288
nr_of_strided_rec: 4
nr_doubles: 524288
nr_of_strided_rec: 4
nr_doubles: 524288

Write the data to file:134217728 bytes
***********WAITING************

Write the data to file:134217728 bytes
***********WAITING************

Write the data to file:134217728 bytes
***********WAITING************

Write the data to file:134217728 bytes
***********WAITING************

Write the data to file:134217728 bytes
***********WAITING************

Write the data to file:134217728 bytes
***********WAITING************

Write the data to file:134217728 bytes
***********WAITING************

Write the data to file:134217728 bytes
***********WAITING************
W_cc         2.29   [      2.28:      2.29]
W_r         42.10   [     42.10:     42.10]
W_w         31.59   [     31.59:     31.59]
          -------
W_total     75.98   [     75.98:     75.98]

calc_W done
calc_W done
calc_W done
calc_W done
nr_of_strided_rec: 4
nr_doubles: 524288
nr_of_strided_rec: 4
nr_doubles: 524288
nr_of_strided_rec: 4
nr_doubles: 524288
nr_of_strided_rec: 4
nr_doubles: 524288
nr_of_strided_rec: 4
nr_doubles: 524288
nr_of_strided_rec: 4
nr_doubles: 524288
nr_of_strided_rec: 4
nr_doubles: 524288
nr_of_strided_rec: 4
nr_doubles: 524288
nr_of_strided_rec: 4
nr_doubles: 524288
nr_of_strided_rec: 4
nr_doubles: 524288
nr_of_strided_rec: 4
nr_doubles: 524288
nr_of_strided_rec: 4
nr_doubles: 524288
nr_of_strided_rec: 4
nr_doubles: 524288
nr_of_strided_rec: 4
nr_doubles: 524288
nr_of_strided_rec: 4
nr_doubles: 524288
nr_of_strided_rec: 4
nr_doubles: 524288
nr_of_strided_rec: 4
nr_doubles: 524288
nr_of_strided_rec: 4
nr_doubles: 524288
nr_of_strided_rec: 4
nr_doubles: 524288
nr_of_strided_rec: 4
nr_doubles: 524288
nr_of_strided_rec: 4
nr_doubles: 524288
nr_of_strided_rec: 4
nr_doubles: 524288
nr_of_strided_rec: 4
nr_doubles: 524288
nr_of_strided_rec: 4
nr_doubles: 524288
nr_of_strided_rec: 4
nr_doubles: 524288
nr_of_strided_rec: 4
nr_doubles: 524288
nr_of_strided_rec: 4
nr_doubles: 524288
nr_of_strided_rec: 4
nr_doubles: 524288
nr_of_strided_rec: 4
nr_doubles: 524288
nr_of_strided_rec: 4
nr_doubles: 524288
nr_of_strided_rec: 4
nr_doubles: 524288
nr_of_strided_rec: 4
nr_doubles: 524288
nr_of_strided_rec: 4
nr_doubles: 524288
nr_of_strided_rec: 4
nr_doubles: 524288
nr_of_strided_rec: 4
nr_doubles: 524288
nr_of_strided_rec: 4
nr_doubles: 524288
nr_of_strided_rec: 4
nr_doubles: 524288
nr_of_strided_rec: 4
nr_doubles: 524288
nr_of_strided_rec: 4
nr_doubles: 524288
nr_of_strided_rec: 4
nr_doubles: 524288
nr_of_strided_rec: 4
nr_doubles: 524288
nr_of_strided_rec: 4
nr_doubles: 524288
nr_of_strided_rec: 4
nr_doubles: 524288
nr_of_strided_rec: 4
nr_doubles: 524288
nr_of_strided_rec: 4
nr_doubles: 524288
nr_of_strided_rec: 4
nr_doubles: 524288
nr_of_strided_rec: 4
nr_doubles: 524288
nr_of_strided_rec: 4
nr_doubles: 524288
nr_of_strided_rec: 4
nr_doubles: 524288
nr_of_strided_rec: 4
nr_doubles: 524288
nr_of_strided_rec: 4
nr_doubles: 524288
nr_of_strided_rec: 4
nr_doubles: 524288
nr_of_strided_rec: 4
nr_doubles: 524288
nr_of_strided_rec: 4
nr_doubles: 524288
nr_of_strided_rec: 4
nr_doubles: 524288
nr_of_strided_rec: 4
nr_doubles: 524288
nr_of_strided_rec: 4
nr_doubles: 524288
nr_of_strided_rec: 4
nr_doubles: 524288
nr_of_strided_rec: 4
nr_doubles: 524288
nr_of_strided_rec: 4
nr_doubles: 524288
nr_of_strided_rec: 4
nr_doubles: 524288
nr_of_strided_rec: 4
nr_doubles: 524288
nr_of_strided_rec: 4
nr_doubles: 524288
nr_of_strided_rec: 4
nr_doubles: 524288
nr_of_strided_rec: 4
nr_doubles: 524288
nr_of_strided_rec: 4
nr_doubles: 524288
nr_of_strided_rec: 4
nr_doubles: 524288
nr_of_strided_rec: 4
nr_doubles: 524288
nr_of_strided_rec: 4
nr_doubles: 524288
nr_of_strided_rec: 4
nr_doubles: 524288
nr_of_strided_rec: 4
nr_doubles: 524288
nr_of_strided_rec: 4
nr_doubles: 524288
nr_of_strided_rec: 4
nr_doubles: 524288
nr_of_strided_rec: 4
nr_doubles: 524288
nr_of_strided_rec: 4
nr_doubles: 524288
nr_of_strided_rec: 4
nr_doubles: 524288
nr_of_strided_rec: 4
nr_doubles: 524288
nr_of_strided_rec: 4
nr_doubles: 524288
nr_of_strided_rec: 4
nr_doubles: 524288
nr_of_strided_rec: 4
nr_doubles: 524288
nr_of_strided_rec: 4
nr_doubles: 524288
nr_of_strided_rec: 4
nr_doubles: 524288
nr_of_strided_rec: 4
nr_doubles: 524288
nr_of_strided_rec: 4
nr_doubles: 524288
nr_of_strided_rec: 4
nr_doubles: 524288
nr_of_strided_rec: 4
nr_doubles: 524288
nr_of_strided_rec: 4
nr_doubles: 524288
nr_of_strided_rec: 4
nr_doubles: 524288
nr_of_strided_rec: 4
nr_doubles: 524288
nr_of_strided_rec: 4
nr_doubles: 524288
nr_of_strided_rec: 4
nr_doubles: 524288
nr_of_strided_rec: 4
nr_doubles: 524288
nr_of_strided_rec: 4
nr_doubles: 524288
nr_of_strided_rec: 4
nr_doubles: 524288
nr_of_strided_rec: 4
nr_doubles: 524288
nr_of_strided_rec: 4
nr_doubles: 524288
nr_of_strided_rec: 4
nr_doubles: 524288
nr_of_strided_rec: 4
nr_doubles: 524288
nr_of_strided_rec: 4
nr_doubles: 524288
nr_of_strided_rec: 4
nr_doubles: 524288
nr_of_strided_rec: 4
nr_doubles: 524288
nr_of_strided_rec: 4
nr_doubles: 524288
nr_of_strided_rec: 4
nr_doubles: 524288
nr_of_strided_rec: 4
nr_doubles: 524288
nr_of_strided_rec: 4
nr_doubles: 524288
nr_of_strided_rec: 4
nr_doubles: 524288
nr_of_strided_rec: 4
nr_doubles: 524288
nr_of_strided_rec: 4
nr_doubles: 524288
nr_of_strided_rec: 4
nr_doubles: 524288
nr_of_strided_rec: 4
nr_doubles: 524288
nr_of_strided_rec: 4
nr_doubles: 524288
nr_of_strided_rec: 4
nr_doubles: 524288
nr_of_strided_rec: 4
nr_doubles: 524288
nr_of_strided_rec: 4
nr_doubles: 524288
nr_of_strided_rec: 4
nr_doubles: 524288
nr_of_strided_rec: 4
nr_doubles: 524288
nr_of_strided_rec: 4
nr_doubles: 524288
nr_of_strided_rec: 4
nr_doubles: 524288
nr_of_strided_rec: 4
nr_doubles: 524288
nr_of_strided_rec: 4
nr_doubles: 524288
C_cc         1.18   [      1.18:      1.18]
C_bw         0.69   [      0.69:      0.69]
C_r         31.91   [     31.91:     31.91]
          -------
C_total     33.77   [     33.77:     33.77]


dC[0] = 0.00000e+00
fclose PID:30479 fd:12
fclose PID:30482 fd:8
fclose PID:30481 fd:8
fclose PID:30480 fd:10
READAHEAD_TIME:0.000000 us
MaxRSS= 534920 KB, SharedMem= 0 KB, HardPageFault= 10
READAHEAD_TIME:0.000000 us
MaxRSS= 534868 KB, SharedMem= 0 KB, HardPageFault= 9
READAHEAD_TIME:0.000000 us
MaxRSS= 534908 KB, SharedMem= 0 KB, HardPageFault= 10
READAHEAD_TIME:0.000000 us
MaxRSS= 535112 KB, SharedMem= 0 KB, HardPageFault= 11
fclose PID:30478 fd:0
fclose PID:30478 fd:6
fclose PID:30478 fd:6
fclose PID:30478 fd:0
READAHEAD_TIME:0.000000 us
MaxRSS= 5424 KB, SharedMem= 0 KB, HardPageFault= 2
fclose PID:30477 fd:3
fclose PID:30477 fd:4
fclose PID:30477 fd:4
fclose PID:30477 fd:3
READAHEAD_TIME:0.000000 us
MaxRSS= 4868 KB, SharedMem= 0 KB, HardPageFault= 4
	Command being timed: "mpiexec -n 4 ./MADbench2_io 8192 30 1 8 64 1 1 4194304 7 1"
	User time (seconds): 72.31
	System time (seconds): 55.99
	Percent of CPU this job got: 90%
	Elapsed (wall clock) time (h:mm:ss or m:ss): 2:21.83
	Average shared text size (kbytes): 0
	Average unshared data size (kbytes): 0
	Average stack size (kbytes): 0
	Average total size (kbytes): 0
	Maximum resident set size (kbytes): 535112
	Average resident set size (kbytes): 0
	Major (requiring I/O) page faults: 47
	Minor (reclaiming a frame) page faults: 1953638
	Voluntary context switches: 33931
	Involuntary context switches: 1113
	Swaps: 0
	File system inputs: 62597344
	File system outputs: 62914656
	Socket messages sent: 0
	Socket messages received: 0
	Signals delivered: 0
	Page size (bytes): 4096
	Exit status: 0
READAHEAD_TIME:0.000000 us
MaxRSS= 2208 KB, SharedMem= 0 KB, HardPageFault= 0
*******************DMESG OUTPUT******************
