fclose PID:36580 fd:3
fclose PID:36580 fd:4
fclose PID:36580 fd:4
fclose PID:36580 fd:3
available: 2 nodes (0-1)
fclose PID:36580 fd:3
node 0 cpus:fclose PID:36580 fd:3
 0 1 2 3 4 5 6 7 8 9 20 21 22 23 24 25 26 27 28 29
node 0 size: 80440 MB
node 0 free: 80121 MB
fclose PID:36580 fd:3
node 1 cpus:fclose PID:36580 fd:3
 10 11 12 13 14 15 16 17 18 19 30 31 32 33 34 35 36 37 38 39
node 1 size: 80635 MB
node 1 free: 80363 MB
fclose PID:36580 fd:3
fclose PID:36580 fd:3
node distances:
node   0   1 
  0:  10  21 
  1:  21  10 
READAHEAD_TIME:0.000000 us
MaxRSS= 2252 KB, SharedMem= 0 KB, HardPageFault= 10
fclose PID:36593 fd:8
fclose PID:36597 fd:8
fclose PID:36595 fd:8
fclose PID:36585 fd:12
fclose PID:36591 fd:8
fclose PID:36590 fd:8
fclose PID:36594 fd:8
fclose PID:36598 fd:8
fclose PID:36587 fd:8
fclose PID:36592 fd:8
fclose PID:36586 fd:10
fclose PID:36596 fd:8
fclose PID:36588 fd:8
fclose PID:36589 fd:8
fclose PID:36599 fd:8
fclose PID:36600 fd:8

MADbench 2.0 IO-mode
no_pe = 16  no_pix = 4096  no_bin = 30  no_gang = 1 sblocksize = 8  fblocksize = 64  r_mod = 1  w_mod = 1 record_size=4194304 stride=7


IOMETHOD = POSIX  IOMODE = SYNC  FILETYPE = UNIQUE  REMAP = CUSTOMbuild_S
build_S
build_S
build_S
build_S
build_S
build_S
build_S
build_S
build_S
build_S
build_S
build_S
build_S
build_S
build_S

Write the data to file:8388608 bytes
***********WAITING************

Write the data to file:8388608 bytes
***********WAITING************

Write the data to file:8388608 bytes
***********WAITING************

Write the data to file:8388608 bytes
***********WAITING************

Write the data to file:8388608 bytes
***********WAITING************

Write the data to file:8388608 bytes
***********WAITING************

Write the data to file:8388608 bytes
***********WAITING************

Write the data to file:8388608 bytes
***********WAITING************

Write the data to file:8388608 bytes
***********WAITING************

Write the data to file:8388608 bytes
***********WAITING************

Write the data to file:8388608 bytes
***********WAITING************

Write the data to file:8388608 bytes
***********WAITING************

Write the data to file:8388608 bytes
***********WAITING************

Write the data to file:8388608 bytes
***********WAITING************

Write the data to file:8388608 bytes
***********WAITING************

Write the data to file:8388608 bytes
***********WAITING************

Write the data to file:8388608 bytes
***********WAITING************

Write the data to file:8388608 bytes
***********WAITING************

Write the data to file:8388608 bytes
***********WAITING************

Write the data to file:8388608 bytes
***********WAITING************

Write the data to file:8388608 bytes
***********WAITING************

Write the data to file:8388608 bytes
***********WAITING************

Write the data to file:8388608 bytes
***********WAITING************

Write the data to file:8388608 bytes
***********WAITING************

Write the data to file:8388608 bytes
***********WAITING************

Write the data to file:8388608 bytes
***********WAITING************

Write the data to file:8388608 bytes
***********WAITING************

Write the data to file:8388608 bytes
***********WAITING************

Write the data to file:8388608 bytes
***********WAITING************

Write the data to file:8388608 bytes
***********WAITING************

Write the data to file:8388608 bytes
***********WAITING************

Write the data to file:8388608 bytes
***********WAITING************

Write the data to file:8388608 bytes
***********WAITING************

Write the data to file:8388608 bytes
***********WAITING************

Write the data to file:8388608 bytes
***********WAITING************

Write the data to file:8388608 bytes
***********WAITING************

Write the data to file:8388608 bytes
***********WAITING************

Write the data to file:8388608 bytes
***********WAITING************

Write the data to file:8388608 bytes
***********WAITING************

Write the data to file:8388608 bytes
***********WAITING************

Write the data to file:8388608 bytes
***********WAITING************

Write the data to file:8388608 bytes
***********WAITING************

Write the data to file:8388608 bytes
***********WAITING************

Write the data to file:8388608 bytes
***********WAITING************

Write the data to file:8388608 bytes
***********WAITING************

Write the data to file:8388608 bytes
***********WAITING************

Write the data to file:8388608 bytes
***********WAITING************

Write the data to file:8388608 bytes
***********WAITING************

Write the data to file:8388608 bytes
***********WAITING************

Write the data to file:8388608 bytes
***********WAITING************

Write the data to file:8388608 bytes
***********WAITING************

Write the data to file:8388608 bytes
***********WAITING************

Write the data to file:8388608 bytes
***********WAITING************

Write the data to file:8388608 bytes
***********WAITING************

Write the data to file:8388608 bytes
***********WAITING************

Write the data to file:8388608 bytes
***********WAITING************

Write the data to file:8388608 bytes
***********WAITING************

Write the data to file:8388608 bytes
***********WAITING************

Write the data to file:8388608 bytes
***********WAITING************

Write the data to file:8388608 bytes
***********WAITING************

Write the data to file:8388608 bytes
***********WAITING************

Write the data to file:8388608 bytes
***********WAITING************

Write the data to file:8388608 bytes
***********WAITING************

Write the data to file:8388608 bytes
***********WAITING************

Write the data to file:8388608 bytes
***********WAITING************

Write the data to file:8388608 bytes
***********WAITING************

Write the data to file:8388608 bytes
***********WAITING************

Write the data to file:8388608 bytes
***********WAITING************

Write the data to file:8388608 bytes
***********WAITING************

Write the data to file:8388608 bytes
***********WAITING************

Write the data to file:8388608 bytes
***********WAITING************

Write the data to file:8388608 bytes
***********WAITING************

Write the data to file:8388608 bytes
***********WAITING************

Write the data to file:8388608 bytes
***********WAITING************

Write the data to file:8388608 bytes
***********WAITING************

Write the data to file:8388608 bytes
***********WAITING************

Write the data to file:8388608 bytes
***********WAITING************

Write the data to file:8388608 bytes
***********WAITING************

Write the data to file:8388608 bytes
***********WAITING************

Write the data to file:8388608 bytes
***********WAITING************

Write the data to file:8388608 bytes
***********WAITING************

Write the data to file:8388608 bytes
***********WAITING************

Write the data to file:8388608 bytes
***********WAITING************

Write the data to file:8388608 bytes
***********WAITING************

Write the data to file:8388608 bytes
***********WAITING************

Write the data to file:8388608 bytes
***********WAITING************

Write the data to file:8388608 bytes
***********WAITING************

Write the data to file:8388608 bytes
***********WAITING************

Write the data to file:8388608 bytes
***********WAITING************

Write the data to file:8388608 bytes
***********WAITING************

Write the data to file:8388608 bytes
***********WAITING************

Write the data to file:8388608 bytes
***********WAITING************

Write the data to file:8388608 bytes
***********WAITING************

Write the data to file:8388608 bytes
***********WAITING************

Write the data to file:8388608 bytes
***********WAITING************

Write the data to file:8388608 bytes
***********WAITING************

Write the data to file:8388608 bytes
***********WAITING************

Write the data to file:8388608 bytes
***********WAITING************

Write the data to file:8388608 bytes
***********WAITING************

Write the data to file:8388608 bytes
***********WAITING************

Write the data to file:8388608 bytes
***********WAITING************

Write the data to file:8388608 bytes
***********WAITING************

Write the data to file:8388608 bytes
***********WAITING************

Write the data to file:8388608 bytes
***********WAITING************

Write the data to file:8388608 bytes
***********WAITING************

Write the data to file:8388608 bytes
***********WAITING************

Write the data to file:8388608 bytes
***********WAITING************

Write the data to file:8388608 bytes
***********WAITING************

Write the data to file:8388608 bytes
***********WAITING************

Write the data to file:8388608 bytes
***********WAITING************

Write the data to file:8388608 bytes
***********WAITING************

Write the data to file:8388608 bytes
***********WAITING************

Write the data to file:8388608 bytes
***********WAITING************

Write the data to file:8388608 bytes
***********WAITING************

Write the data to file:8388608 bytes
***********WAITING************

Write the data to file:8388608 bytes
***********WAITING************

Write the data to file:8388608 bytes
***********WAITING************

Write the data to file:8388608 bytes
***********WAITING************

Write the data to file:8388608 bytes
***********WAITING************

Write the data to file:8388608 bytes
***********WAITING************

Write the data to file:8388608 bytes
***********WAITING************

Write the data to file:8388608 bytes
***********WAITING************

Write the data to file:8388608 bytes
***********WAITING************

Write the data to file:8388608 bytes
***********WAITING************

Write the data to file:8388608 bytes
***********WAITING************

Write the data to file:8388608 bytes
***********WAITING************

Write the data to file:8388608 bytes
***********WAITING************

Write the data to file:8388608 bytes
***********WAITING************

Write the data to file:8388608 bytes
***********WAITING************

Write the data to file:8388608 bytes
***********WAITING************

Write the data to file:8388608 bytes
***********WAITING************

Write the data to file:8388608 bytes
***********WAITING************

Write the data to file:8388608 bytes
***********WAITING************

Write the data to file:8388608 bytes
***********WAITING************

Write the data to file:8388608 bytes
***********WAITING************

Write the data to file:8388608 bytes
***********WAITING************

Write the data to file:8388608 bytes
***********WAITING************

Write the data to file:8388608 bytes
***********WAITING************

Write the data to file:8388608 bytes
***********WAITING************

Write the data to file:8388608 bytes
***********WAITING************

Write the data to file:8388608 bytes
***********WAITING************

Write the data to file:8388608 bytes
***********WAITING************

Write the data to file:8388608 bytes
***********WAITING************

Write the data to file:8388608 bytes
***********WAITING************

Write the data to file:8388608 bytes
***********WAITING************

Write the data to file:8388608 bytes
***********WAITING************

Write the data to file:8388608 bytes
***********WAITING************

Write the data to file:8388608 bytes
***********WAITING************

Write the data to file:8388608 bytes
***********WAITING************

Write the data to file:8388608 bytes
***********WAITING************

Write the data to file:8388608 bytes
***********WAITING************

Write the data to file:8388608 bytes
***********WAITING************

Write the data to file:8388608 bytes
***********WAITING************

Write the data to file:8388608 bytes
***********WAITING************

Write the data to file:8388608 bytes
***********WAITING************

Write the data to file:8388608 bytes
***********WAITING************

Write the data to file:8388608 bytes
***********WAITING************

Write the data to file:8388608 bytes
***********WAITING************

Write the data to file:8388608 bytes
***********WAITING************

Write the data to file:8388608 bytes
***********WAITING************

Write the data to file:8388608 bytes
***********WAITING************

Write the data to file:8388608 bytes
***********WAITING************

Write the data to file:8388608 bytes
***********WAITING************

Write the data to file:8388608 bytes
***********WAITING************

Write the data to file:8388608 bytes
***********WAITING************

Write the data to file:8388608 bytes
***********WAITING************

Write the data to file:8388608 bytes
***********WAITING************

Write the data to file:8388608 bytes
***********WAITING************

Write the data to file:8388608 bytes
***********WAITING************

Write the data to file:8388608 bytes
***********WAITING************

Write the data to file:8388608 bytes
***********WAITING************

Write the data to file:8388608 bytes
***********WAITING************

Write the data to file:8388608 bytes
***********WAITING************

Write the data to file:8388608 bytes
***********WAITING************

Write the data to file:8388608 bytes
***********WAITING************

Write the data to file:8388608 bytes
***********WAITING************

Write the data to file:8388608 bytes
***********WAITING************

Write the data to file:8388608 bytes
***********WAITING************

Write the data to file:8388608 bytes
***********WAITING************

Write the data to file:8388608 bytes
***********WAITING************

Write the data to file:8388608 bytes
***********WAITING************

Write the data to file:8388608 bytes
***********WAITING************

Write the data to file:8388608 bytes
***********WAITING************

Write the data to file:8388608 bytes
***********WAITING************

Write the data to file:8388608 bytes
***********WAITING************

Write the data to file:8388608 bytes
***********WAITING************

Write the data to file:8388608 bytes
***********WAITING************

Write the data to file:8388608 bytes
***********WAITING************

Write the data to file:8388608 bytes
***********WAITING************

Write the data to file:8388608 bytes
***********WAITING************

Write the data to file:8388608 bytes
***********WAITING************

Write the data to file:8388608 bytes
***********WAITING************

Write the data to file:8388608 bytes
***********WAITING************

Write the data to file:8388608 bytes
***********WAITING************

Write the data to file:8388608 bytes
***********WAITING************

Write the data to file:8388608 bytes
***********WAITING************

Write the data to file:8388608 bytes
***********WAITING************

Write the data to file:8388608 bytes
***********WAITING************

Write the data to file:8388608 bytes
***********WAITING************

Write the data to file:8388608 bytes
***********WAITING************

Write the data to file:8388608 bytes
***********WAITING************

Write the data to file:8388608 bytes
***********WAITING************

Write the data to file:8388608 bytes
***********WAITING************

Write the data to file:8388608 bytes
***********WAITING************

Write the data to file:8388608 bytes
***********WAITING************

Write the data to file:8388608 bytes
***********WAITING************

Write the data to file:8388608 bytes
***********WAITING************

Write the data to file:8388608 bytes
***********WAITING************

Write the data to file:8388608 bytes
***********WAITING************

Write the data to file:8388608 bytes
***********WAITING************

Write the data to file:8388608 bytes
***********WAITING************

Write the data to file:8388608 bytes
***********WAITING************

Write the data to file:8388608 bytes
***********WAITING************

Write the data to file:8388608 bytes
***********WAITING************

Write the data to file:8388608 bytes
***********WAITING************

Write the data to file:8388608 bytes
***********WAITING************

Write the data to file:8388608 bytes
***********WAITING************

Write the data to file:8388608 bytes
***********WAITING************

Write the data to file:8388608 bytes
***********WAITING************

Write the data to file:8388608 bytes
***********WAITING************

Write the data to file:8388608 bytes
***********WAITING************

Write the data to file:8388608 bytes
***********WAITING************

Write the data to file:8388608 bytes
***********WAITING************

Write the data to file:8388608 bytes
***********WAITING************

Write the data to file:8388608 bytes
***********WAITING************

Write the data to file:8388608 bytes
***********WAITING************

Write the data to file:8388608 bytes
***********WAITING************

Write the data to file:8388608 bytes
***********WAITING************

Write the data to file:8388608 bytes
***********WAITING************

Write the data to file:8388608 bytes
***********WAITING************

Write the data to file:8388608 bytes
***********WAITING************

Write the data to file:8388608 bytes
***********WAITING************

Write the data to file:8388608 bytes
***********WAITING************

Write the data to file:8388608 bytes
***********WAITING************

Write the data to file:8388608 bytes
***********WAITING************

Write the data to file:8388608 bytes
***********WAITING************

Write the data to file:8388608 bytes
***********WAITING************

Write the data to file:8388608 bytes
***********WAITING************

Write the data to file:8388608 bytes
***********WAITING************

Write the data to file:8388608 bytes
***********WAITING************

Write the data to file:8388608 bytes
***********WAITING************

Write the data to file:8388608 bytes
***********WAITING************

Write the data to file:8388608 bytes
***********WAITING************

Write the data to file:8388608 bytes
***********WAITING************

Write the data to file:8388608 bytes
***********WAITING************

Write the data to file:8388608 bytes
***********WAITING************

Write the data to file:8388608 bytes
***********WAITING************

Write the data to file:8388608 bytes
***********WAITING************

Write the data to file:8388608 bytes
***********WAITING************

Write the data to file:8388608 bytes
***********WAITING************

Write the data to file:8388608 bytes
***********WAITING************

Write the data to file:8388608 bytes
***********WAITING************

Write the data to file:8388608 bytes
***********WAITING************

Write the data to file:8388608 bytes
***********WAITING************

Write the data to file:8388608 bytes
***********WAITING************

Write the data to file:8388608 bytes
***********WAITING************

Write the data to file:8388608 bytes
***********WAITING************

Write the data to file:8388608 bytes
***********WAITING************

Write the data to file:8388608 bytes
***********WAITING************

Write the data to file:8388608 bytes
***********WAITING************

Write the data to file:8388608 bytes
***********WAITING************

Write the data to file:8388608 bytes
***********WAITING************

Write the data to file:8388608 bytes
***********WAITING************

Write the data to file:8388608 bytes
***********WAITING************

Write the data to file:8388608 bytes
***********WAITING************

Write the data to file:8388608 bytes
***********WAITING************

Write the data to file:8388608 bytes
***********WAITING************

Write the data to file:8388608 bytes
***********WAITING************

Write the data to file:8388608 bytes
***********WAITING************

Write the data to file:8388608 bytes
***********WAITING************

Write the data to file:8388608 bytes
***********WAITING************

Write the data to file:8388608 bytes
***********WAITING************

Write the data to file:8388608 bytes
***********WAITING************

Write the data to file:8388608 bytes
***********WAITING************

Write the data to file:8388608 bytes
***********WAITING************

Write the data to file:8388608 bytes
***********WAITING************

Write the data to file:8388608 bytes
***********WAITING************

Write the data to file:8388608 bytes
***********WAITING************

Write the data to file:8388608 bytes
***********WAITING************

Write the data to file:8388608 bytes
***********WAITING************

Write the data to file:8388608 bytes
***********WAITING************

Write the data to file:8388608 bytes
***********WAITING************

Write the data to file:8388608 bytes
***********WAITING************

Write the data to file:8388608 bytes
***********WAITING************

Write the data to file:8388608 bytes
***********WAITING************

Write the data to file:8388608 bytes
***********WAITING************

Write the data to file:8388608 bytes
***********WAITING************

Write the data to file:8388608 bytes
***********WAITING************

Write the data to file:8388608 bytes
***********WAITING************

Write the data to file:8388608 bytes
***********WAITING************

Write the data to file:8388608 bytes
***********WAITING************

Write the data to file:8388608 bytes
***********WAITING************

Write the data to file:8388608 bytes
***********WAITING************

Write the data to file:8388608 bytes
***********WAITING************

Write the data to file:8388608 bytes
***********WAITING************

Write the data to file:8388608 bytes
***********WAITING************

Write the data to file:8388608 bytes
***********WAITING************

Write the data to file:8388608 bytes
***********WAITING************

Write the data to file:8388608 bytes
***********WAITING************

Write the data to file:8388608 bytes
***********WAITING************

Write the data to file:8388608 bytes
***********WAITING************

Write the data to file:8388608 bytes
***********WAITING************

Write the data to file:8388608 bytes
***********WAITING************

Write the data to file:8388608 bytes
***********WAITING************

Write the data to file:8388608 bytes
***********WAITING************

Write the data to file:8388608 bytes
***********WAITING************

Write the data to file:8388608 bytes
***********WAITING************

Write the data to file:8388608 bytes
***********WAITING************

Write the data to file:8388608 bytes
***********WAITING************

Write the data to file:8388608 bytes
***********WAITING************

Write the data to file:8388608 bytes
***********WAITING************

Write the data to file:8388608 bytes
***********WAITING************

Write the data to file:8388608 bytes
***********WAITING************

Write the data to file:8388608 bytes
***********WAITING************

Write the data to file:8388608 bytes
***********WAITING************

Write the data to file:8388608 bytes
***********WAITING************

Write the data to file:8388608 bytes
***********WAITING************

Write the data to file:8388608 bytes
***********WAITING************

Write the data to file:8388608 bytes
***********WAITING************

Write the data to file:8388608 bytes
***********WAITING************

Write the data to file:8388608 bytes
***********WAITING************

Write the data to file:8388608 bytes
***********WAITING************

Write the data to file:8388608 bytes
***********WAITING************

Write the data to file:8388608 bytes
***********WAITING************

Write the data to file:8388608 bytes
***********WAITING************

Write the data to file:8388608 bytes
***********WAITING************

Write the data to file:8388608 bytes
***********WAITING************

Write the data to file:8388608 bytes
***********WAITING************

Write the data to file:8388608 bytes
***********WAITING************

Write the data to file:8388608 bytes
***********WAITING************

Write the data to file:8388608 bytes
***********WAITING************

Write the data to file:8388608 bytes
***********WAITING************

Write the data to file:8388608 bytes
***********WAITING************

Write the data to file:8388608 bytes
***********WAITING************

Write the data to file:8388608 bytes
***********WAITING************

Write the data to file:8388608 bytes
***********WAITING************

Write the data to file:8388608 bytes
***********WAITING************

Write the data to file:8388608 bytes
***********WAITING************

Write the data to file:8388608 bytes
***********WAITING************

Write the data to file:8388608 bytes
***********WAITING************

Write the data to file:8388608 bytes
***********WAITING************

Write the data to file:8388608 bytes
***********WAITING************

Write the data to file:8388608 bytes
***********WAITING************

Write the data to file:8388608 bytes
***********WAITING************

Write the data to file:8388608 bytes
***********WAITING************

Write the data to file:8388608 bytes
***********WAITING************

Write the data to file:8388608 bytes
***********WAITING************

Write the data to file:8388608 bytes
***********WAITING************

Write the data to file:8388608 bytes
***********WAITING************

Write the data to file:8388608 bytes
***********WAITING************

Write the data to file:8388608 bytes
***********WAITING************

Write the data to file:8388608 bytes
***********WAITING************

Write the data to file:8388608 bytes
***********WAITING************

Write the data to file:8388608 bytes
***********WAITING************

Write the data to file:8388608 bytes
***********WAITING************

Write the data to file:8388608 bytes
***********WAITING************

Write the data to file:8388608 bytes
***********WAITING************

Write the data to file:8388608 bytes
***********WAITING************

Write the data to file:8388608 bytes
***********WAITING************

Write the data to file:8388608 bytes
***********WAITING************

Write the data to file:8388608 bytes
***********WAITING************

Write the data to file:8388608 bytes
***********WAITING************

Write the data to file:8388608 bytes
***********WAITING************

Write the data to file:8388608 bytes
***********WAITING************

Write the data to file:8388608 bytes
***********WAITING************

Write the data to file:8388608 bytes
***********WAITING************

Write the data to file:8388608 bytes
***********WAITING************

Write the data to file:8388608 bytes
***********WAITING************

Write the data to file:8388608 bytes
***********WAITING************

Write the data to file:8388608 bytes
***********WAITING************

Write the data to file:8388608 bytes
***********WAITING************

Write the data to file:8388608 bytes
***********WAITING************

Write the data to file:8388608 bytes
***********WAITING************

Write the data to file:8388608 bytes
***********WAITING************

Write the data to file:8388608 bytes
***********WAITING************

Write the data to file:8388608 bytes
***********WAITING************

Write the data to file:8388608 bytes
***********WAITING************

Write the data to file:8388608 bytes
***********WAITING************

Write the data to file:8388608 bytes
***********WAITING************

Write the data to file:8388608 bytes
***********WAITING************

Write the data to file:8388608 bytes
***********WAITING************

Write the data to file:8388608 bytes
***********WAITING************

Write the data to file:8388608 bytes
***********WAITING************

Write the data to file:8388608 bytes
***********WAITING************

Write the data to file:8388608 bytes
***********WAITING************

Write the data to file:8388608 bytes
***********WAITING************

Write the data to file:8388608 bytes
***********WAITING************

Write the data to file:8388608 bytes
***********WAITING************

Write the data to file:8388608 bytes
***********WAITING************

Write the data to file:8388608 bytes
***********WAITING************

Write the data to file:8388608 bytes
***********WAITING************

Write the data to file:8388608 bytes
***********WAITING************

Write the data to file:8388608 bytes
***********WAITING************

Write the data to file:8388608 bytes
***********WAITING************

Write the data to file:8388608 bytes
***********WAITING************

Write the data to file:8388608 bytes
***********WAITING************

Write the data to file:8388608 bytes
***********WAITING************

Write the data to file:8388608 bytes
***********WAITING************

Write the data to file:8388608 bytes
***********WAITING************

Write the data to file:8388608 bytes
***********WAITING************

Write the data to file:8388608 bytes
***********WAITING************

Write the data to file:8388608 bytes
***********WAITING************

Write the data to file:8388608 bytes
***********WAITING************

Write the data to file:8388608 bytes
***********WAITING************

Write the data to file:8388608 bytes
***********WAITING************

Write the data to file:8388608 bytes
***********WAITING************

Write the data to file:8388608 bytes
***********WAITING************

Write the data to file:8388608 bytes
***********WAITING************

Write the data to file:8388608 bytes
***********WAITING************

Write the data to file:8388608 bytes
***********WAITING************

Write the data to file:8388608 bytes
***********WAITING************

Write the data to file:8388608 bytes
***********WAITING************

Write the data to file:8388608 bytes
***********WAITING************

Write the data to file:8388608 bytes
***********WAITING************

Write the data to file:8388608 bytes
***********WAITING************

Write the data to file:8388608 bytes
***********WAITING************

Write the data to file:8388608 bytes
***********WAITING************

Write the data to file:8388608 bytes
***********WAITING************

Write the data to file:8388608 bytes
***********WAITING************

Write the data to file:8388608 bytes
***********WAITING************

Write the data to file:8388608 bytes
***********WAITING************

Write the data to file:8388608 bytes
***********WAITING************

Write the data to file:8388608 bytes
***********WAITING************

Write the data to file:8388608 bytes
***********WAITING************

Write the data to file:8388608 bytes
***********WAITING************

Write the data to file:8388608 bytes
***********WAITING************

Write the data to file:8388608 bytes
***********WAITING************

Write the data to file:8388608 bytes
***********WAITING************

Write the data to file:8388608 bytes
***********WAITING************

Write the data to file:8388608 bytes
***********WAITING************

Write the data to file:8388608 bytes
***********WAITING************

Write the data to file:8388608 bytes
***********WAITING************

Write the data to file:8388608 bytes
***********WAITING************

Write the data to file:8388608 bytes
***********WAITING************

Write the data to file:8388608 bytes
***********WAITING************

Write the data to file:8388608 bytes
***********WAITING************

Write the data to file:8388608 bytes
***********WAITING************

Write the data to file:8388608 bytes
***********WAITING************

Write the data to file:8388608 bytes
***********WAITING************

Write the data to file:8388608 bytes
***********WAITING************

Write the data to file:8388608 bytes
***********WAITING************

Write the data to file:8388608 bytes
***********WAITING************

Write the data to file:8388608 bytes
***********WAITING************

Write the data to file:8388608 bytes
***********WAITING************

Write the data to file:8388608 bytes
***********WAITING************

Write the data to file:8388608 bytes
***********WAITING************

Write the data to file:8388608 bytes
***********WAITING************

Write the data to file:8388608 bytes
***********WAITING************

Write the data to file:8388608 bytes
***********WAITING************

Write the data to file:8388608 bytes
***********WAITING************

Write the data to file:8388608 bytes
***********WAITING************

Write the data to file:8388608 bytes
***********WAITING************

Write the data to file:8388608 bytes
***********WAITING************

Write the data to file:8388608 bytes
***********WAITING************

Write the data to file:8388608 bytes
***********WAITING************

Write the data to file:8388608 bytes
***********WAITING************

Write the data to file:8388608 bytes
***********WAITING************

Write the data to file:8388608 bytes
***********WAITING************

Write the data to file:8388608 bytes
***********WAITING************

Write the data to file:8388608 bytes
***********WAITING************

Write the data to file:8388608 bytes
***********WAITING************

Write the data to file:8388608 bytes
***********WAITING************

Write the data to file:8388608 bytes
***********WAITING************

Write the data to file:8388608 bytes
***********WAITING************

Write the data to file:8388608 bytes
***********WAITING************

Write the data to file:8388608 bytes
***********WAITING************

Write the data to file:8388608 bytes
***********WAITING************

Write the data to file:8388608 bytes
***********WAITING************

Write the data to file:8388608 bytes
***********WAITING************

Write the data to file:8388608 bytes
***********WAITING************

Write the data to file:8388608 bytes
***********WAITING************

Write the data to file:8388608 bytes
***********WAITING************

Write the data to file:8388608 bytes
***********WAITING************

Write the data to file:8388608 bytes
***********WAITING************

Write the data to file:8388608 bytes
***********WAITING************

Write the data to file:8388608 bytes
***********WAITING************

Write the data to file:8388608 bytes
***********WAITING************

Write the data to file:8388608 bytes
***********WAITING************

Write the data to file:8388608 bytes
***********WAITING************

Write the data to file:8388608 bytes
***********WAITING************
S_cc         0.26   [      0.26:      0.26]
S_bw         0.08   [      0.08:      0.08]
S_w          6.65   [      6.65:      6.65]
          -------
S_total      6.99   [      6.99:      6.99]

build_S done
calc_W
nr_of_strided_rec: 0
WARNING: RECORD_SIZE >> READ_NEEDED
build_S done
calc_W
nr_of_strided_rec: 0
WARNING: RECORD_SIZE >> READ_NEEDED
nr_doubles: 1048576
build_S done
calc_W
nr_of_strided_rec: 0
WARNING: RECORD_SIZE >> READ_NEEDED
nr_doubles: 1048576
build_S done
calc_W
nr_of_strided_rec: 0
WARNING: RECORD_SIZE >> READ_NEEDED
nr_doubles: 1048576
build_S done
calc_W
nr_of_strided_rec: 0
WARNING: RECORD_SIZE >> READ_NEEDED
nr_doubles: 1048576
build_S done
calc_W
nr_of_strided_rec: 0
WARNING: RECORD_SIZE >> READ_NEEDED
nr_doubles: 1048576
build_S done
calc_W
nr_of_strided_rec: 0
WARNING: RECORD_SIZE >> READ_NEEDED
nr_doubles: 1048576
build_S done
calc_W
nr_of_strided_rec: 0
WARNING: RECORD_SIZE >> READ_NEEDED
nr_doubles: 1048576
build_S done
calc_W
nr_of_strided_rec: 0
WARNING: RECORD_SIZE >> READ_NEEDED
nr_doubles: 1048576
build_S done
calc_W
nr_of_strided_rec: 0
WARNING: RECORD_SIZE >> READ_NEEDED
nr_doubles: 1048576
build_S done
calc_W
nr_of_strided_rec: 0
WARNING: RECORD_SIZE >> READ_NEEDED
nr_doubles: 1048576
build_S done
calc_W
nr_of_strided_rec: 0
WARNING: RECORD_SIZE >> READ_NEEDED
nr_doubles: 1048576
build_S done
calc_W
nr_of_strided_rec: 0
WARNING: RECORD_SIZE >> READ_NEEDED
nr_doubles: 1048576
build_S done
calc_W
nr_of_strided_rec: 0
WARNING: RECORD_SIZE >> READ_NEEDED
nr_doubles: 1048576
build_S done
calc_W
nr_of_strided_rec: 0
WARNING: RECORD_SIZE >> READ_NEEDED
nr_doubles: 1048576
build_S done
calc_W
nr_of_strided_rec: 0
WARNING: RECORD_SIZE >> READ_NEEDED
nr_doubles: 1048576
nr_doubles: 1048576
nr_of_strided_rec: 1
nr_doubles: 1048576
nr_of_strided_rec: 1
nr_doubles: 1048576
nr_of_strided_rec: 1
nr_doubles: 1048576
nr_of_strided_rec: 1
nr_doubles: 1048576
nr_of_strided_rec: 1
nr_doubles: 1048576
nr_of_strided_rec: 1
nr_doubles: 1048576
nr_of_strided_rec: 1
nr_doubles: 1048576
nr_of_strided_rec: 1
nr_doubles: 1048576
nr_of_strided_rec: 1
nr_doubles: 1048576
nr_of_strided_rec: 1
nr_doubles: 1048576
nr_of_strided_rec: 1
nr_doubles: 1048576
nr_of_strided_rec: 1
nr_doubles: 1048576
nr_of_strided_rec: 1
nr_doubles: 1048576
nr_of_strided_rec: 1
nr_doubles: 1048576
nr_of_strided_rec: 1
nr_doubles: 1048576
nr_of_strided_rec: 1
nr_doubles: 1048576

Write the data to file:8388608 bytes
***********WAITING************

Write the data to file:8388608 bytes
***********WAITING************

Write the data to file:8388608 bytes
***********WAITING************

Write the data to file:8388608 bytes
***********WAITING************

Write the data to file:8388608 bytes
***********WAITING************

Write the data to file:8388608 bytes
***********WAITING************

Write the data to file:8388608 bytes
***********WAITING************

Write the data to file:8388608 bytes
***********WAITING************

Write the data to file:8388608 bytes
***********WAITING************

Write the data to file:8388608 bytes
***********WAITING************

Write the data to file:8388608 bytes
***********WAITING************

Write the data to file:8388608 bytes
***********WAITING************

Write the data to file:8388608 bytes
***********WAITING************

Write the data to file:8388608 bytes
***********WAITING************

Write the data to file:8388608 bytes
***********WAITING************

Write the data to file:8388608 bytes
***********WAITING************
nr_of_strided_rec: 1
nr_doubles: 1048576
nr_of_strided_rec: 1
nr_doubles: 1048576
nr_of_strided_rec: 1
nr_doubles: 1048576
nr_of_strided_rec: 1
nr_doubles: 1048576
nr_of_strided_rec: 1
nr_doubles: 1048576
nr_of_strided_rec: 1
nr_doubles: 1048576
nr_of_strided_rec: 1
nr_doubles: 1048576
nr_of_strided_rec: 1
nr_doubles: 1048576
nr_of_strided_rec: 1
nr_doubles: 1048576
nr_of_strided_rec: 1
nr_doubles: 1048576
nr_of_strided_rec: 1
nr_doubles: 1048576
nr_of_strided_rec: 1
nr_doubles: 1048576
nr_of_strided_rec: 1
nr_doubles: 1048576
nr_of_strided_rec: 1
nr_doubles: 1048576
nr_of_strided_rec: 1
nr_doubles: 1048576
nr_of_strided_rec: 1
nr_doubles: 1048576

Write the data to file:8388608 bytes
***********WAITING************

Write the data to file:8388608 bytes
***********WAITING************

Write the data to file:8388608 bytes
***********WAITING************

Write the data to file:8388608 bytes
***********WAITING************

Write the data to file:8388608 bytes
***********WAITING************

Write the data to file:8388608 bytes
***********WAITING************

Write the data to file:8388608 bytes
***********WAITING************

Write the data to file:8388608 bytes
***********WAITING************

Write the data to file:8388608 bytes
***********WAITING************

Write the data to file:8388608 bytes
***********WAITING************

Write the data to file:8388608 bytes
***********WAITING************

Write the data to file:8388608 bytes
***********WAITING************

Write the data to file:8388608 bytes
***********WAITING************

Write the data to file:8388608 bytes
***********WAITING************

Write the data to file:8388608 bytes
***********WAITING************

Write the data to file:8388608 bytes
***********WAITING************
nr_of_strided_rec: 1
nr_doubles: 1048576
nr_of_strided_rec: 1
nr_doubles: 1048576
nr_of_strided_rec: 1
nr_doubles: 1048576
nr_of_strided_rec: 1
nr_doubles: 1048576
nr_of_strided_rec: 1
nr_doubles: 1048576
nr_of_strided_rec: 1
nr_doubles: 1048576
nr_of_strided_rec: 1
nr_doubles: 1048576
nr_of_strided_rec: 1
nr_doubles: 1048576
nr_of_strided_rec: 1
nr_doubles: 1048576
nr_of_strided_rec: 1
nr_doubles: 1048576
nr_of_strided_rec: 1
nr_doubles: 1048576
nr_of_strided_rec: 1
nr_doubles: 1048576
nr_of_strided_rec: 1
nr_doubles: 1048576
nr_of_strided_rec: 1
nr_doubles: 1048576
nr_of_strided_rec: 1
nr_doubles: 1048576
nr_of_strided_rec: 1
nr_doubles: 1048576

Write the data to file:8388608 bytes
***********WAITING************

Write the data to file:8388608 bytes
***********WAITING************

Write the data to file:8388608 bytes
***********WAITING************

Write the data to file:8388608 bytes
***********WAITING************

Write the data to file:8388608 bytes
***********WAITING************

Write the data to file:8388608 bytes
***********WAITING************

Write the data to file:8388608 bytes
***********WAITING************

Write the data to file:8388608 bytes
***********WAITING************

Write the data to file:8388608 bytes
***********WAITING************

Write the data to file:8388608 bytes
***********WAITING************

Write the data to file:8388608 bytes
***********WAITING************

Write the data to file:8388608 bytes
***********WAITING************

Write the data to file:8388608 bytes
***********WAITING************

Write the data to file:8388608 bytes
***********WAITING************

Write the data to file:8388608 bytes
***********WAITING************

Write the data to file:8388608 bytes
***********WAITING************
nr_of_strided_rec: 1
nr_doubles: 1048576
nr_of_strided_rec: 1
nr_doubles: 1048576
nr_of_strided_rec: 1
nr_doubles: 1048576
nr_of_strided_rec: 1
nr_doubles: 1048576
nr_of_strided_rec: 1
nr_doubles: 1048576
nr_of_strided_rec: 1
nr_doubles: 1048576
nr_of_strided_rec: 1
nr_doubles: 1048576
nr_of_strided_rec: 1
nr_doubles: 1048576
nr_of_strided_rec: 1
nr_doubles: 1048576
nr_of_strided_rec: 1
nr_doubles: 1048576
nr_of_strided_rec: 1
nr_doubles: 1048576
nr_of_strided_rec: 1
nr_doubles: 1048576
nr_of_strided_rec: 1
nr_doubles: 1048576
nr_of_strided_rec: 1
nr_doubles: 1048576
nr_of_strided_rec: 1
nr_doubles: 1048576
nr_of_strided_rec: 1
nr_doubles: 1048576

Write the data to file:8388608 bytes
***********WAITING************

Write the data to file:8388608 bytes
***********WAITING************

Write the data to file:8388608 bytes
***********WAITING************

Write the data to file:8388608 bytes
***********WAITING************

Write the data to file:8388608 bytes
***********WAITING************

Write the data to file:8388608 bytes
***********WAITING************

Write the data to file:8388608 bytes
***********WAITING************

Write the data to file:8388608 bytes
***********WAITING************

Write the data to file:8388608 bytes
***********WAITING************

Write the data to file:8388608 bytes
***********WAITING************

Write the data to file:8388608 bytes
***********WAITING************

Write the data to file:8388608 bytes
***********WAITING************

Write the data to file:8388608 bytes
***********WAITING************

Write the data to file:8388608 bytes
***********WAITING************

Write the data to file:8388608 bytes
***********WAITING************

Write the data to file:8388608 bytes
***********WAITING************
nr_of_strided_rec: 1
nr_doubles: 1048576
nr_of_strided_rec: 1
nr_doubles: 1048576
nr_of_strided_rec: 1
nr_doubles: 1048576
nr_of_strided_rec: 1
nr_doubles: 1048576
nr_of_strided_rec: 1
nr_doubles: 1048576
nr_of_strided_rec: 1
nr_doubles: 1048576
nr_of_strided_rec: 1
nr_doubles: 1048576
nr_of_strided_rec: 1
nr_doubles: 1048576
nr_of_strided_rec: 1
nr_doubles: 1048576
nr_of_strided_rec: 1
nr_doubles: 1048576
nr_of_strided_rec: 1
nr_doubles: 1048576
nr_of_strided_rec: 1
nr_doubles: 1048576
nr_of_strided_rec: 1
nr_doubles: 1048576
nr_of_strided_rec: 1
nr_doubles: 1048576
nr_of_strided_rec: 1
nr_doubles: 1048576
nr_of_strided_rec: 1
nr_doubles: 1048576

Write the data to file:8388608 bytes
***********WAITING************

Write the data to file:8388608 bytes
***********WAITING************

Write the data to file:8388608 bytes
***********WAITING************

Write the data to file:8388608 bytes
***********WAITING************

Write the data to file:8388608 bytes
***********WAITING************

Write the data to file:8388608 bytes
***********WAITING************

Write the data to file:8388608 bytes
***********WAITING************

Write the data to file:8388608 bytes
***********WAITING************

Write the data to file:8388608 bytes
***********WAITING************

Write the data to file:8388608 bytes
***********WAITING************

Write the data to file:8388608 bytes
***********WAITING************

Write the data to file:8388608 bytes
***********WAITING************

Write the data to file:8388608 bytes
***********WAITING************

Write the data to file:8388608 bytes
***********WAITING************

Write the data to file:8388608 bytes
***********WAITING************

Write the data to file:8388608 bytes
***********WAITING************
nr_of_strided_rec: 1
nr_doubles: 1048576
nr_of_strided_rec: 1
nr_doubles: 1048576
nr_of_strided_rec: 1
nr_doubles: 1048576
nr_of_strided_rec: 1
nr_doubles: 1048576
nr_of_strided_rec: 1
nr_doubles: 1048576
nr_of_strided_rec: 1
nr_doubles: 1048576
nr_of_strided_rec: 1
nr_doubles: 1048576
nr_of_strided_rec: 1
nr_doubles: 1048576
nr_of_strided_rec: 1
nr_doubles: 1048576
nr_of_strided_rec: 1
nr_doubles: 1048576
nr_of_strided_rec: 1
nr_doubles: 1048576
nr_of_strided_rec: 1
nr_doubles: 1048576
nr_of_strided_rec: 1
nr_doubles: 1048576
nr_of_strided_rec: 1
nr_doubles: 1048576
nr_of_strided_rec: 1
nr_doubles: 1048576
nr_of_strided_rec: 1
nr_doubles: 1048576

Write the data to file:8388608 bytes
***********WAITING************

Write the data to file:8388608 bytes
***********WAITING************

Write the data to file:8388608 bytes
***********WAITING************

Write the data to file:8388608 bytes
***********WAITING************

Write the data to file:8388608 bytes
***********WAITING************

Write the data to file:8388608 bytes
***********WAITING************

Write the data to file:8388608 bytes
***********WAITING************

Write the data to file:8388608 bytes
***********WAITING************

Write the data to file:8388608 bytes
***********WAITING************

Write the data to file:8388608 bytes
***********WAITING************

Write the data to file:8388608 bytes
***********WAITING************

Write the data to file:8388608 bytes
***********WAITING************

Write the data to file:8388608 bytes
***********WAITING************

Write the data to file:8388608 bytes
***********WAITING************

Write the data to file:8388608 bytes
***********WAITING************

Write the data to file:8388608 bytes
***********WAITING************
nr_of_strided_rec: 1
nr_doubles: 1048576
nr_of_strided_rec: 1
nr_doubles: 1048576
nr_of_strided_rec: 1
nr_doubles: 1048576
nr_of_strided_rec: 1
nr_doubles: 1048576
nr_of_strided_rec: 1
nr_doubles: 1048576
nr_of_strided_rec: 1
nr_doubles: 1048576
nr_of_strided_rec: 1
nr_doubles: 1048576
nr_of_strided_rec: 1
nr_doubles: 1048576
nr_of_strided_rec: 1
nr_doubles: 1048576
nr_of_strided_rec: 1
nr_doubles: 1048576
nr_of_strided_rec: 1
nr_doubles: 1048576
nr_of_strided_rec: 1
nr_doubles: 1048576
nr_of_strided_rec: 1
nr_doubles: 1048576
nr_of_strided_rec: 1
nr_doubles: 1048576
nr_of_strided_rec: 1
nr_doubles: 1048576
nr_of_strided_rec: 1
nr_doubles: 1048576

Write the data to file:8388608 bytes
***********WAITING************

Write the data to file:8388608 bytes
***********WAITING************

Write the data to file:8388608 bytes
***********WAITING************

Write the data to file:8388608 bytes
***********WAITING************

Write the data to file:8388608 bytes
***********WAITING************

Write the data to file:8388608 bytes
***********WAITING************

Write the data to file:8388608 bytes
***********WAITING************

Write the data to file:8388608 bytes
***********WAITING************

Write the data to file:8388608 bytes
***********WAITING************

Write the data to file:8388608 bytes
***********WAITING************

Write the data to file:8388608 bytes
***********WAITING************

Write the data to file:8388608 bytes
***********WAITING************

Write the data to file:8388608 bytes
***********WAITING************

Write the data to file:8388608 bytes
***********WAITING************

Write the data to file:8388608 bytes
***********WAITING************

Write the data to file:8388608 bytes
***********WAITING************
nr_of_strided_rec: 1
nr_doubles: 1048576
nr_of_strided_rec: 1
nr_doubles: 1048576
nr_of_strided_rec: 1
nr_doubles: 1048576
nr_of_strided_rec: 1
nr_doubles: 1048576
nr_of_strided_rec: 1
nr_doubles: 1048576
nr_of_strided_rec: 1
nr_doubles: 1048576
nr_of_strided_rec: 1
nr_doubles: 1048576
nr_of_strided_rec: 1
nr_doubles: 1048576
nr_of_strided_rec: 1
nr_doubles: 1048576
nr_of_strided_rec: 1
nr_doubles: 1048576
nr_of_strided_rec: 1
nr_doubles: 1048576
nr_of_strided_rec: 1
nr_doubles: 1048576
nr_of_strided_rec: 1
nr_doubles: 1048576
nr_of_strided_rec: 1
nr_doubles: 1048576
nr_of_strided_rec: 1
nr_doubles: 1048576
nr_of_strided_rec: 1
nr_doubles: 1048576

Write the data to file:8388608 bytes
***********WAITING************

Write the data to file:8388608 bytes
***********WAITING************

Write the data to file:8388608 bytes
***********WAITING************

Write the data to file:8388608 bytes
***********WAITING************

Write the data to file:8388608 bytes
***********WAITING************

Write the data to file:8388608 bytes
***********WAITING************

Write the data to file:8388608 bytes
***********WAITING************

Write the data to file:8388608 bytes
***********WAITING************

Write the data to file:8388608 bytes
***********WAITING************

Write the data to file:8388608 bytes
***********WAITING************

Write the data to file:8388608 bytes
***********WAITING************

Write the data to file:8388608 bytes
***********WAITING************

Write the data to file:8388608 bytes
***********WAITING************

Write the data to file:8388608 bytes
***********WAITING************

Write the data to file:8388608 bytes
***********WAITING************

Write the data to file:8388608 bytes
***********WAITING************
nr_of_strided_rec: 1
nr_doubles: 1048576
nr_of_strided_rec: 1
nr_doubles: 1048576
nr_of_strided_rec: 1
nr_doubles: 1048576
nr_of_strided_rec: 1
nr_doubles: 1048576
nr_of_strided_rec: 1
nr_doubles: 1048576
nr_of_strided_rec: 1
nr_doubles: 1048576
nr_of_strided_rec: 1
nr_doubles: 1048576
nr_of_strided_rec: 1
nr_doubles: 1048576
nr_of_strided_rec: 1
nr_doubles: 1048576
nr_of_strided_rec: 1
nr_doubles: 1048576
nr_of_strided_rec: 1
nr_doubles: 1048576
nr_of_strided_rec: 1
nr_doubles: 1048576
nr_of_strided_rec: 1
nr_doubles: 1048576
nr_of_strided_rec: 1
nr_doubles: 1048576
nr_of_strided_rec: 1
nr_doubles: 1048576
nr_of_strided_rec: 1
nr_doubles: 1048576

Write the data to file:8388608 bytes
***********WAITING************

Write the data to file:8388608 bytes
***********WAITING************

Write the data to file:8388608 bytes
***********WAITING************

Write the data to file:8388608 bytes
***********WAITING************

Write the data to file:8388608 bytes
***********WAITING************

Write the data to file:8388608 bytes
***********WAITING************

Write the data to file:8388608 bytes
***********WAITING************

Write the data to file:8388608 bytes
***********WAITING************

Write the data to file:8388608 bytes
***********WAITING************

Write the data to file:8388608 bytes
***********WAITING************

Write the data to file:8388608 bytes
***********WAITING************

Write the data to file:8388608 bytes
***********WAITING************

Write the data to file:8388608 bytes
***********WAITING************

Write the data to file:8388608 bytes
***********WAITING************

Write the data to file:8388608 bytes
***********WAITING************

Write the data to file:8388608 bytes
***********WAITING************
nr_of_strided_rec: 1
nr_doubles: 1048576
nr_of_strided_rec: 1
nr_doubles: 1048576
nr_of_strided_rec: 1
nr_doubles: 1048576
nr_of_strided_rec: 1
nr_doubles: 1048576
nr_of_strided_rec: 1
nr_doubles: 1048576
nr_of_strided_rec: 1
nr_doubles: 1048576
nr_of_strided_rec: 1
nr_doubles: 1048576
nr_of_strided_rec: 1
nr_doubles: 1048576
nr_of_strided_rec: 1
nr_doubles: 1048576
nr_of_strided_rec: 1
nr_doubles: 1048576
nr_of_strided_rec: 1
nr_doubles: 1048576
nr_of_strided_rec: 1
nr_doubles: 1048576
nr_of_strided_rec: 1
nr_doubles: 1048576
nr_of_strided_rec: 1
nr_doubles: 1048576
nr_of_strided_rec: 1
nr_doubles: 1048576
nr_of_strided_rec: 1
nr_doubles: 1048576

Write the data to file:8388608 bytes
***********WAITING************

Write the data to file:8388608 bytes
***********WAITING************

Write the data to file:8388608 bytes
***********WAITING************

Write the data to file:8388608 bytes
***********WAITING************

Write the data to file:8388608 bytes
***********WAITING************

Write the data to file:8388608 bytes
***********WAITING************

Write the data to file:8388608 bytes
***********WAITING************

Write the data to file:8388608 bytes
***********WAITING************

Write the data to file:8388608 bytes
***********WAITING************

Write the data to file:8388608 bytes
***********WAITING************

Write the data to file:8388608 bytes
***********WAITING************

Write the data to file:8388608 bytes
***********WAITING************

Write the data to file:8388608 bytes
***********WAITING************

Write the data to file:8388608 bytes
***********WAITING************

Write the data to file:8388608 bytes
***********WAITING************

Write the data to file:8388608 bytes
***********WAITING************
nr_of_strided_rec: 1
nr_doubles: 1048576
nr_of_strided_rec: 1
nr_doubles: 1048576
nr_of_strided_rec: 1
nr_doubles: 1048576
nr_of_strided_rec: 1
nr_doubles: 1048576
nr_of_strided_rec: 1
nr_doubles: 1048576
nr_of_strided_rec: 1
nr_doubles: 1048576
nr_of_strided_rec: 1
nr_doubles: 1048576
nr_of_strided_rec: 1
nr_doubles: 1048576
nr_of_strided_rec: 1
nr_doubles: 1048576
nr_of_strided_rec: 1
nr_doubles: 1048576
nr_of_strided_rec: 1
nr_doubles: 1048576
nr_of_strided_rec: 1
nr_doubles: 1048576
nr_of_strided_rec: 1
nr_doubles: 1048576
nr_of_strided_rec: 1
nr_doubles: 1048576
nr_of_strided_rec: 1
nr_doubles: 1048576
nr_of_strided_rec: 1
nr_doubles: 1048576

Write the data to file:8388608 bytes
***********WAITING************

Write the data to file:8388608 bytes
***********WAITING************

Write the data to file:8388608 bytes
***********WAITING************

Write the data to file:8388608 bytes
***********WAITING************

Write the data to file:8388608 bytes
***********WAITING************

Write the data to file:8388608 bytes
***********WAITING************

Write the data to file:8388608 bytes
***********WAITING************

Write the data to file:8388608 bytes
***********WAITING************

Write the data to file:8388608 bytes
***********WAITING************

Write the data to file:8388608 bytes
***********WAITING************

Write the data to file:8388608 bytes
***********WAITING************

Write the data to file:8388608 bytes
***********WAITING************

Write the data to file:8388608 bytes
***********WAITING************

Write the data to file:8388608 bytes
***********WAITING************

Write the data to file:8388608 bytes
***********WAITING************

Write the data to file:8388608 bytes
***********WAITING************
nr_of_strided_rec: 1
nr_doubles: 1048576
nr_of_strided_rec: 1
nr_doubles: 1048576
nr_of_strided_rec: 1
nr_doubles: 1048576
nr_of_strided_rec: 1
nr_doubles: 1048576
nr_of_strided_rec: 1
nr_doubles: 1048576
nr_of_strided_rec: 1
nr_doubles: 1048576
nr_of_strided_rec: 1
nr_doubles: 1048576
nr_of_strided_rec: 1
nr_doubles: 1048576
nr_of_strided_rec: 1
nr_doubles: 1048576
nr_of_strided_rec: 1
nr_doubles: 1048576
nr_of_strided_rec: 1
nr_doubles: 1048576
nr_of_strided_rec: 1
nr_doubles: 1048576
nr_of_strided_rec: 1
nr_doubles: 1048576
nr_of_strided_rec: 1
nr_doubles: 1048576
nr_of_strided_rec: 1
nr_doubles: 1048576
nr_of_strided_rec: 1
nr_doubles: 1048576

Write the data to file:8388608 bytes
***********WAITING************

Write the data to file:8388608 bytes
***********WAITING************

Write the data to file:8388608 bytes
***********WAITING************

Write the data to file:8388608 bytes
***********WAITING************

Write the data to file:8388608 bytes
***********WAITING************

Write the data to file:8388608 bytes
***********WAITING************

Write the data to file:8388608 bytes
***********WAITING************

Write the data to file:8388608 bytes
***********WAITING************

Write the data to file:8388608 bytes
***********WAITING************

Write the data to file:8388608 bytes
***********WAITING************

Write the data to file:8388608 bytes
***********WAITING************

Write the data to file:8388608 bytes
***********WAITING************

Write the data to file:8388608 bytes
***********WAITING************

Write the data to file:8388608 bytes
***********WAITING************

Write the data to file:8388608 bytes
***********WAITING************

Write the data to file:8388608 bytes
***********WAITING************
nr_of_strided_rec: 1
nr_doubles: 1048576
nr_of_strided_rec: 1
nr_doubles: 1048576
nr_of_strided_rec: 1
nr_doubles: 1048576
nr_of_strided_rec: 1
nr_doubles: 1048576
nr_of_strided_rec: 1
nr_doubles: 1048576
nr_of_strided_rec: 1
nr_doubles: 1048576
nr_of_strided_rec: 1
nr_doubles: 1048576
nr_of_strided_rec: 1
nr_doubles: 1048576
nr_of_strided_rec: 1
nr_doubles: 1048576
nr_of_strided_rec: 1
nr_doubles: 1048576
nr_of_strided_rec: 1
nr_doubles: 1048576
nr_of_strided_rec: 1
nr_doubles: 1048576
nr_of_strided_rec: 1
nr_doubles: 1048576
nr_of_strided_rec: 1
nr_doubles: 1048576
nr_of_strided_rec: 1
nr_doubles: 1048576
nr_of_strided_rec: 1
nr_doubles: 1048576

Write the data to file:8388608 bytes
***********WAITING************

Write the data to file:8388608 bytes
***********WAITING************

Write the data to file:8388608 bytes
***********WAITING************

Write the data to file:8388608 bytes
***********WAITING************

Write the data to file:8388608 bytes
***********WAITING************

Write the data to file:8388608 bytes
***********WAITING************

Write the data to file:8388608 bytes
***********WAITING************

Write the data to file:8388608 bytes
***********WAITING************

Write the data to file:8388608 bytes
***********WAITING************

Write the data to file:8388608 bytes
***********WAITING************

Write the data to file:8388608 bytes
***********WAITING************

Write the data to file:8388608 bytes
***********WAITING************

Write the data to file:8388608 bytes
***********WAITING************

Write the data to file:8388608 bytes
***********WAITING************

Write the data to file:8388608 bytes
***********WAITING************

Write the data to file:8388608 bytes
***********WAITING************
nr_of_strided_rec: 1
nr_doubles: 1048576
nr_of_strided_rec: 1
nr_doubles: 1048576
nr_of_strided_rec: 1
nr_doubles: 1048576
nr_of_strided_rec: 1
nr_doubles: 1048576
nr_of_strided_rec: 1
nr_doubles: 1048576
nr_of_strided_rec: 1
nr_doubles: 1048576
nr_of_strided_rec: 1
nr_doubles: 1048576
nr_of_strided_rec: 1
nr_doubles: 1048576
nr_of_strided_rec: 1
nr_doubles: 1048576
nr_of_strided_rec: 1
nr_doubles: 1048576
nr_of_strided_rec: 1
nr_doubles: 1048576
nr_of_strided_rec: 1
nr_doubles: 1048576
nr_of_strided_rec: 1
nr_doubles: 1048576
nr_of_strided_rec: 1
nr_doubles: 1048576
nr_of_strided_rec: 1
nr_doubles: 1048576
nr_of_strided_rec: 1
nr_doubles: 1048576

Write the data to file:8388608 bytes
***********WAITING************

Write the data to file:8388608 bytes
***********WAITING************

Write the data to file:8388608 bytes
***********WAITING************

Write the data to file:8388608 bytes
***********WAITING************

Write the data to file:8388608 bytes
***********WAITING************

Write the data to file:8388608 bytes
***********WAITING************

Write the data to file:8388608 bytes
***********WAITING************

Write the data to file:8388608 bytes
***********WAITING************

Write the data to file:8388608 bytes
***********WAITING************

Write the data to file:8388608 bytes
***********WAITING************

Write the data to file:8388608 bytes
***********WAITING************

Write the data to file:8388608 bytes
***********WAITING************

Write the data to file:8388608 bytes
***********WAITING************

Write the data to file:8388608 bytes
***********WAITING************

Write the data to file:8388608 bytes
***********WAITING************

Write the data to file:8388608 bytes
***********WAITING************
nr_of_strided_rec: 1
nr_doubles: 1048576
nr_of_strided_rec: 1
nr_doubles: 1048576
nr_of_strided_rec: 1
nr_doubles: 1048576
nr_of_strided_rec: 1
nr_doubles: 1048576
nr_of_strided_rec: 1
nr_doubles: 1048576
nr_of_strided_rec: 1
nr_doubles: 1048576
nr_of_strided_rec: 1
nr_doubles: 1048576
nr_of_strided_rec: 1
nr_doubles: 1048576
nr_of_strided_rec: 1
nr_doubles: 1048576
nr_of_strided_rec: 1
nr_doubles: 1048576
nr_of_strided_rec: 1
nr_doubles: 1048576
nr_of_strided_rec: 1
nr_doubles: 1048576
nr_of_strided_rec: 1
nr_doubles: 1048576
nr_of_strided_rec: 1
nr_doubles: 1048576
nr_of_strided_rec: 1
nr_doubles: 1048576
nr_of_strided_rec: 1
nr_doubles: 1048576

Write the data to file:8388608 bytes
***********WAITING************

Write the data to file:8388608 bytes
***********WAITING************

Write the data to file:8388608 bytes
***********WAITING************

Write the data to file:8388608 bytes
***********WAITING************

Write the data to file:8388608 bytes
***********WAITING************

Write the data to file:8388608 bytes
***********WAITING************

Write the data to file:8388608 bytes
***********WAITING************

Write the data to file:8388608 bytes
***********WAITING************

Write the data to file:8388608 bytes
***********WAITING************

Write the data to file:8388608 bytes
***********WAITING************

Write the data to file:8388608 bytes
***********WAITING************

Write the data to file:8388608 bytes
***********WAITING************

Write the data to file:8388608 bytes
***********WAITING************

Write the data to file:8388608 bytes
***********WAITING************

Write the data to file:8388608 bytes
***********WAITING************

Write the data to file:8388608 bytes
***********WAITING************
nr_of_strided_rec: 1
nr_doubles: 1048576
nr_of_strided_rec: 1
nr_doubles: 1048576
nr_of_strided_rec: 1
nr_doubles: 1048576
nr_of_strided_rec: 1
nr_doubles: 1048576
nr_of_strided_rec: 1
nr_doubles: 1048576
nr_of_strided_rec: 1
nr_doubles: 1048576
nr_of_strided_rec: 1
nr_doubles: 1048576
nr_of_strided_rec: 1
nr_doubles: 1048576
nr_of_strided_rec: 1
nr_doubles: 1048576
nr_of_strided_rec: 1
nr_doubles: 1048576
nr_of_strided_rec: 1
nr_doubles: 1048576
nr_of_strided_rec: 1
nr_doubles: 1048576
nr_of_strided_rec: 1
nr_doubles: 1048576
nr_of_strided_rec: 1
nr_doubles: 1048576
nr_of_strided_rec: 1
nr_doubles: 1048576
nr_of_strided_rec: 1
nr_doubles: 1048576

Write the data to file:8388608 bytes
***********WAITING************

Write the data to file:8388608 bytes
***********WAITING************

Write the data to file:8388608 bytes
***********WAITING************

Write the data to file:8388608 bytes
***********WAITING************

Write the data to file:8388608 bytes
***********WAITING************

Write the data to file:8388608 bytes
***********WAITING************

Write the data to file:8388608 bytes
***********WAITING************

Write the data to file:8388608 bytes
***********WAITING************

Write the data to file:8388608 bytes
***********WAITING************

Write the data to file:8388608 bytes
***********WAITING************

Write the data to file:8388608 bytes
***********WAITING************

Write the data to file:8388608 bytes
***********WAITING************

Write the data to file:8388608 bytes
***********WAITING************

Write the data to file:8388608 bytes
***********WAITING************

Write the data to file:8388608 bytes
***********WAITING************

Write the data to file:8388608 bytes
***********WAITING************
nr_of_strided_rec: 1
nr_doubles: 1048576
nr_of_strided_rec: 1
nr_doubles: 1048576
nr_of_strided_rec: 1
nr_doubles: 1048576
nr_of_strided_rec: 1
nr_doubles: 1048576
nr_of_strided_rec: 1
nr_doubles: 1048576
nr_of_strided_rec: 1
nr_doubles: 1048576
nr_of_strided_rec: 1
nr_doubles: 1048576
nr_of_strided_rec: 1
nr_doubles: 1048576
nr_of_strided_rec: 1
nr_doubles: 1048576
nr_of_strided_rec: 1
nr_doubles: 1048576
nr_of_strided_rec: 1
nr_doubles: 1048576
nr_of_strided_rec: 1
nr_doubles: 1048576
nr_of_strided_rec: 1
nr_doubles: 1048576
nr_of_strided_rec: 1
nr_doubles: 1048576
nr_of_strided_rec: 1
nr_doubles: 1048576
nr_of_strided_rec: 1
nr_doubles: 1048576

Write the data to file:8388608 bytes
***********WAITING************

Write the data to file:8388608 bytes
***********WAITING************

Write the data to file:8388608 bytes
***********WAITING************

Write the data to file:8388608 bytes
***********WAITING************

Write the data to file:8388608 bytes
***********WAITING************

Write the data to file:8388608 bytes
***********WAITING************

Write the data to file:8388608 bytes
***********WAITING************

Write the data to file:8388608 bytes
***********WAITING************

Write the data to file:8388608 bytes
***********WAITING************

Write the data to file:8388608 bytes
***********WAITING************

Write the data to file:8388608 bytes
***********WAITING************

Write the data to file:8388608 bytes
***********WAITING************

Write the data to file:8388608 bytes
***********WAITING************

Write the data to file:8388608 bytes
***********WAITING************

Write the data to file:8388608 bytes
***********WAITING************

Write the data to file:8388608 bytes
***********WAITING************
nr_of_strided_rec: 1
nr_doubles: 1048576
nr_of_strided_rec: 1
nr_doubles: 1048576
nr_of_strided_rec: 1
nr_doubles: 1048576
nr_of_strided_rec: 1
nr_doubles: 1048576
nr_of_strided_rec: 1
nr_doubles: 1048576
nr_of_strided_rec: 1
nr_doubles: 1048576
nr_of_strided_rec: 1
nr_doubles: 1048576
nr_of_strided_rec: 1
nr_doubles: 1048576
nr_of_strided_rec: 1
nr_doubles: 1048576
nr_of_strided_rec: 1
nr_doubles: 1048576
nr_of_strided_rec: 1
nr_doubles: 1048576
nr_of_strided_rec: 1
nr_doubles: 1048576
nr_of_strided_rec: 1
nr_doubles: 1048576
nr_of_strided_rec: 1
nr_doubles: 1048576
nr_of_strided_rec: 1
nr_doubles: 1048576
nr_of_strided_rec: 1
nr_doubles: 1048576

Write the data to file:8388608 bytes
***********WAITING************

Write the data to file:8388608 bytes
***********WAITING************

Write the data to file:8388608 bytes
***********WAITING************

Write the data to file:8388608 bytes
***********WAITING************

Write the data to file:8388608 bytes
***********WAITING************

Write the data to file:8388608 bytes
***********WAITING************

Write the data to file:8388608 bytes
***********WAITING************

Write the data to file:8388608 bytes
***********WAITING************

Write the data to file:8388608 bytes
***********WAITING************

Write the data to file:8388608 bytes
***********WAITING************

Write the data to file:8388608 bytes
***********WAITING************

Write the data to file:8388608 bytes
***********WAITING************

Write the data to file:8388608 bytes
***********WAITING************

Write the data to file:8388608 bytes
***********WAITING************

Write the data to file:8388608 bytes
***********WAITING************

Write the data to file:8388608 bytes
***********WAITING************
nr_of_strided_rec: 1
nr_doubles: 1048576
nr_of_strided_rec: 1
nr_doubles: 1048576
nr_of_strided_rec: 1
nr_doubles: 1048576
nr_of_strided_rec: 1
nr_doubles: 1048576
nr_of_strided_rec: 1
nr_doubles: 1048576
nr_of_strided_rec: 1
nr_doubles: 1048576
nr_of_strided_rec: 1
nr_doubles: 1048576
nr_of_strided_rec: 1
nr_doubles: 1048576
nr_of_strided_rec: 1
nr_doubles: 1048576
nr_of_strided_rec: 1
nr_doubles: 1048576
nr_of_strided_rec: 1
nr_doubles: 1048576
nr_of_strided_rec: 1
nr_doubles: 1048576
nr_of_strided_rec: 1
nr_doubles: 1048576
nr_of_strided_rec: 1
nr_doubles: 1048576
nr_of_strided_rec: 1
nr_doubles: 1048576
nr_of_strided_rec: 1
nr_doubles: 1048576

Write the data to file:8388608 bytes
***********WAITING************

Write the data to file:8388608 bytes
***********WAITING************

Write the data to file:8388608 bytes
***********WAITING************

Write the data to file:8388608 bytes
***********WAITING************

Write the data to file:8388608 bytes
***********WAITING************

Write the data to file:8388608 bytes
***********WAITING************

Write the data to file:8388608 bytes
***********WAITING************

Write the data to file:8388608 bytes
***********WAITING************

Write the data to file:8388608 bytes
***********WAITING************

Write the data to file:8388608 bytes
***********WAITING************

Write the data to file:8388608 bytes
***********WAITING************

Write the data to file:8388608 bytes
***********WAITING************

Write the data to file:8388608 bytes
***********WAITING************

Write the data to file:8388608 bytes
***********WAITING************

Write the data to file:8388608 bytes
***********WAITING************

Write the data to file:8388608 bytes
***********WAITING************
nr_of_strided_rec: 1
nr_doubles: 1048576
nr_of_strided_rec: 1
nr_doubles: 1048576
nr_of_strided_rec: 1
nr_doubles: 1048576
nr_of_strided_rec: 1
nr_doubles: 1048576
nr_of_strided_rec: 1
nr_doubles: 1048576
nr_of_strided_rec: 1
nr_doubles: 1048576
nr_of_strided_rec: 1
nr_doubles: 1048576
nr_of_strided_rec: 1
nr_doubles: 1048576
nr_of_strided_rec: 1
nr_doubles: 1048576
nr_of_strided_rec: 1
nr_doubles: 1048576
nr_of_strided_rec: 1
nr_doubles: 1048576
nr_of_strided_rec: 1
nr_doubles: 1048576
nr_of_strided_rec: 1
nr_doubles: 1048576
nr_of_strided_rec: 1
nr_doubles: 1048576
nr_of_strided_rec: 1
nr_doubles: 1048576
nr_of_strided_rec: 1
nr_doubles: 1048576

Write the data to file:8388608 bytes
***********WAITING************

Write the data to file:8388608 bytes
***********WAITING************

Write the data to file:8388608 bytes
***********WAITING************

Write the data to file:8388608 bytes
***********WAITING************

Write the data to file:8388608 bytes
***********WAITING************

Write the data to file:8388608 bytes
***********WAITING************

Write the data to file:8388608 bytes
***********WAITING************

Write the data to file:8388608 bytes
***********WAITING************

Write the data to file:8388608 bytes
***********WAITING************

Write the data to file:8388608 bytes
***********WAITING************

Write the data to file:8388608 bytes
***********WAITING************

Write the data to file:8388608 bytes
***********WAITING************

Write the data to file:8388608 bytes
***********WAITING************

Write the data to file:8388608 bytes
***********WAITING************

Write the data to file:8388608 bytes
***********WAITING************

Write the data to file:8388608 bytes
***********WAITING************
nr_of_strided_rec: 1
nr_doubles: 1048576
nr_of_strided_rec: 1
nr_doubles: 1048576
nr_of_strided_rec: 1
nr_doubles: 1048576
nr_of_strided_rec: 1
nr_doubles: 1048576
nr_of_strided_rec: 1
nr_doubles: 1048576
nr_of_strided_rec: 1
nr_doubles: 1048576
nr_of_strided_rec: 1
nr_doubles: 1048576
nr_of_strided_rec: 1
nr_doubles: 1048576
nr_of_strided_rec: 1
nr_doubles: 1048576
nr_of_strided_rec: 1
nr_doubles: 1048576
nr_of_strided_rec: 1
nr_doubles: 1048576
nr_of_strided_rec: 1
nr_doubles: 1048576
nr_of_strided_rec: 1
nr_doubles: 1048576
nr_of_strided_rec: 1
nr_doubles: 1048576
nr_of_strided_rec: 1
nr_doubles: 1048576
nr_of_strided_rec: 1
nr_doubles: 1048576

Write the data to file:8388608 bytes
***********WAITING************

Write the data to file:8388608 bytes
***********WAITING************

Write the data to file:8388608 bytes
***********WAITING************

Write the data to file:8388608 bytes
***********WAITING************

Write the data to file:8388608 bytes
***********WAITING************

Write the data to file:8388608 bytes
***********WAITING************

Write the data to file:8388608 bytes
***********WAITING************

Write the data to file:8388608 bytes
***********WAITING************

Write the data to file:8388608 bytes
***********WAITING************

Write the data to file:8388608 bytes
***********WAITING************

Write the data to file:8388608 bytes
***********WAITING************

Write the data to file:8388608 bytes
***********WAITING************

Write the data to file:8388608 bytes
***********WAITING************

Write the data to file:8388608 bytes
***********WAITING************

Write the data to file:8388608 bytes
***********WAITING************

Write the data to file:8388608 bytes
***********WAITING************
nr_of_strided_rec: 1
nr_doubles: 1048576
nr_of_strided_rec: 1
nr_doubles: 1048576
nr_of_strided_rec: 1
nr_doubles: 1048576
nr_of_strided_rec: 1
nr_doubles: 1048576
nr_of_strided_rec: 1
nr_doubles: 1048576
nr_of_strided_rec: 1
nr_doubles: 1048576
nr_of_strided_rec: 1
nr_doubles: 1048576
nr_of_strided_rec: 1
nr_doubles: 1048576
nr_of_strided_rec: 1
nr_doubles: 1048576
nr_of_strided_rec: 1
nr_doubles: 1048576
nr_of_strided_rec: 1
nr_doubles: 1048576
nr_of_strided_rec: 1
nr_doubles: 1048576
nr_of_strided_rec: 1
nr_doubles: 1048576
nr_of_strided_rec: 1
nr_doubles: 1048576
nr_of_strided_rec: 1
nr_doubles: 1048576
nr_of_strided_rec: 1
nr_doubles: 1048576

Write the data to file:8388608 bytes
***********WAITING************

Write the data to file:8388608 bytes
***********WAITING************

Write the data to file:8388608 bytes
***********WAITING************

Write the data to file:8388608 bytes
***********WAITING************

Write the data to file:8388608 bytes
***********WAITING************

Write the data to file:8388608 bytes
***********WAITING************

Write the data to file:8388608 bytes
***********WAITING************

Write the data to file:8388608 bytes
***********WAITING************

Write the data to file:8388608 bytes
***********WAITING************

Write the data to file:8388608 bytes
***********WAITING************

Write the data to file:8388608 bytes
***********WAITING************

Write the data to file:8388608 bytes
***********WAITING************

Write the data to file:8388608 bytes
***********WAITING************

Write the data to file:8388608 bytes
***********WAITING************

Write the data to file:8388608 bytes
***********WAITING************

Write the data to file:8388608 bytes
***********WAITING************
nr_of_strided_rec: 1
nr_doubles: 1048576
nr_of_strided_rec: 1
nr_doubles: 1048576
nr_of_strided_rec: 1
nr_doubles: 1048576
nr_of_strided_rec: 1
nr_doubles: 1048576
nr_of_strided_rec: 1
nr_doubles: 1048576
nr_of_strided_rec: 1
nr_doubles: 1048576
nr_of_strided_rec: 1
nr_doubles: 1048576
nr_of_strided_rec: 1
nr_doubles: 1048576
nr_of_strided_rec: 1
nr_doubles: 1048576
nr_of_strided_rec: 1
nr_doubles: 1048576
nr_of_strided_rec: 1
nr_doubles: 1048576
nr_of_strided_rec: 1
nr_doubles: 1048576
nr_of_strided_rec: 1
nr_doubles: 1048576
nr_of_strided_rec: 1
nr_doubles: 1048576
nr_of_strided_rec: 1
nr_doubles: 1048576
nr_of_strided_rec: 1
nr_doubles: 1048576

Write the data to file:8388608 bytes
***********WAITING************

Write the data to file:8388608 bytes
***********WAITING************

Write the data to file:8388608 bytes
***********WAITING************

Write the data to file:8388608 bytes
***********WAITING************

Write the data to file:8388608 bytes
***********WAITING************

Write the data to file:8388608 bytes
***********WAITING************

Write the data to file:8388608 bytes
***********WAITING************

Write the data to file:8388608 bytes
***********WAITING************

Write the data to file:8388608 bytes
***********WAITING************

Write the data to file:8388608 bytes
***********WAITING************

Write the data to file:8388608 bytes
***********WAITING************

Write the data to file:8388608 bytes
***********WAITING************

Write the data to file:8388608 bytes
***********WAITING************

Write the data to file:8388608 bytes
***********WAITING************

Write the data to file:8388608 bytes
***********WAITING************

Write the data to file:8388608 bytes
***********WAITING************
nr_of_strided_rec: 1
nr_doubles: 1048576
nr_of_strided_rec: 1
nr_doubles: 1048576
nr_of_strided_rec: 1
nr_doubles: 1048576
nr_of_strided_rec: 1
nr_doubles: 1048576
nr_of_strided_rec: 1
nr_doubles: 1048576
nr_of_strided_rec: 1
nr_doubles: 1048576
nr_of_strided_rec: 1
nr_doubles: 1048576
nr_of_strided_rec: 1
nr_doubles: 1048576
nr_of_strided_rec: 1
nr_doubles: 1048576
nr_of_strided_rec: 1
nr_doubles: 1048576
nr_of_strided_rec: 1
nr_doubles: 1048576
nr_of_strided_rec: 1
nr_doubles: 1048576
nr_of_strided_rec: 1
nr_doubles: 1048576
nr_of_strided_rec: 1
nr_doubles: 1048576
nr_of_strided_rec: 1
nr_doubles: 1048576
nr_of_strided_rec: 1
nr_doubles: 1048576

Write the data to file:8388608 bytes
***********WAITING************

Write the data to file:8388608 bytes
***********WAITING************

Write the data to file:8388608 bytes
***********WAITING************

Write the data to file:8388608 bytes
***********WAITING************

Write the data to file:8388608 bytes
***********WAITING************

Write the data to file:8388608 bytes
***********WAITING************

Write the data to file:8388608 bytes
***********WAITING************

Write the data to file:8388608 bytes
***********WAITING************

Write the data to file:8388608 bytes
***********WAITING************

Write the data to file:8388608 bytes
***********WAITING************

Write the data to file:8388608 bytes
***********WAITING************

Write the data to file:8388608 bytes
***********WAITING************

Write the data to file:8388608 bytes
***********WAITING************

Write the data to file:8388608 bytes
***********WAITING************

Write the data to file:8388608 bytes
***********WAITING************

Write the data to file:8388608 bytes
***********WAITING************
nr_of_strided_rec: 1
nr_doubles: 1048576
nr_of_strided_rec: 1
nr_doubles: 1048576
nr_of_strided_rec: 1
nr_doubles: 1048576
nr_of_strided_rec: 1
nr_doubles: 1048576
nr_of_strided_rec: 1
nr_doubles: 1048576
nr_of_strided_rec: 1
nr_doubles: 1048576
nr_of_strided_rec: 1
nr_doubles: 1048576
nr_of_strided_rec: 1
nr_doubles: 1048576
nr_of_strided_rec: 1
nr_doubles: 1048576
nr_of_strided_rec: 1
nr_doubles: 1048576
nr_of_strided_rec: 1
nr_doubles: 1048576
nr_of_strided_rec: 1
nr_doubles: 1048576
nr_of_strided_rec: 1
nr_doubles: 1048576
nr_of_strided_rec: 1
nr_doubles: 1048576
nr_of_strided_rec: 1
nr_doubles: 1048576
nr_of_strided_rec: 1
nr_doubles: 1048576

Write the data to file:8388608 bytes
***********WAITING************

Write the data to file:8388608 bytes
***********WAITING************

Write the data to file:8388608 bytes
***********WAITING************

Write the data to file:8388608 bytes
***********WAITING************

Write the data to file:8388608 bytes
***********WAITING************

Write the data to file:8388608 bytes
***********WAITING************

Write the data to file:8388608 bytes
***********WAITING************

Write the data to file:8388608 bytes
***********WAITING************

Write the data to file:8388608 bytes
***********WAITING************

Write the data to file:8388608 bytes
***********WAITING************

Write the data to file:8388608 bytes
***********WAITING************

Write the data to file:8388608 bytes
***********WAITING************

Write the data to file:8388608 bytes
***********WAITING************

Write the data to file:8388608 bytes
***********WAITING************

Write the data to file:8388608 bytes
***********WAITING************

Write the data to file:8388608 bytes
***********WAITING************
nr_of_strided_rec: 1
nr_doubles: 1048576
nr_of_strided_rec: 1
nr_doubles: 1048576
nr_of_strided_rec: 1
nr_doubles: 1048576
nr_of_strided_rec: 1
nr_doubles: 1048576
nr_of_strided_rec: 1
nr_doubles: 1048576
nr_of_strided_rec: 1
nr_doubles: 1048576
nr_of_strided_rec: 1
nr_doubles: 1048576
nr_of_strided_rec: 1
nr_doubles: 1048576
nr_of_strided_rec: 1
nr_doubles: 1048576
nr_of_strided_rec: 1
nr_doubles: 1048576
nr_of_strided_rec: 1
nr_doubles: 1048576
nr_of_strided_rec: 1
nr_doubles: 1048576
nr_of_strided_rec: 1
nr_doubles: 1048576
nr_of_strided_rec: 1
nr_doubles: 1048576
nr_of_strided_rec: 1
nr_doubles: 1048576
nr_of_strided_rec: 1
nr_doubles: 1048576

Write the data to file:8388608 bytes
***********WAITING************

Write the data to file:8388608 bytes
***********WAITING************

Write the data to file:8388608 bytes
***********WAITING************

Write the data to file:8388608 bytes
***********WAITING************

Write the data to file:8388608 bytes
***********WAITING************

Write the data to file:8388608 bytes
***********WAITING************

Write the data to file:8388608 bytes
***********WAITING************

Write the data to file:8388608 bytes
***********WAITING************

Write the data to file:8388608 bytes
***********WAITING************

Write the data to file:8388608 bytes
***********WAITING************

Write the data to file:8388608 bytes
***********WAITING************

Write the data to file:8388608 bytes
***********WAITING************

Write the data to file:8388608 bytes
***********WAITING************

Write the data to file:8388608 bytes
***********WAITING************

Write the data to file:8388608 bytes
***********WAITING************

Write the data to file:8388608 bytes
***********WAITING************
nr_of_strided_rec: 1
nr_doubles: 1048576
nr_of_strided_rec: 1
nr_doubles: 1048576
nr_of_strided_rec: 1
nr_doubles: 1048576
nr_of_strided_rec: 1
nr_doubles: 1048576
nr_of_strided_rec: 1
nr_doubles: 1048576
nr_of_strided_rec: 1
nr_doubles: 1048576
nr_of_strided_rec: 1
nr_doubles: 1048576
nr_of_strided_rec: 1
nr_doubles: 1048576
nr_of_strided_rec: 1
nr_doubles: 1048576
nr_of_strided_rec: 1
nr_doubles: 1048576
nr_of_strided_rec: 1
nr_doubles: 1048576
nr_of_strided_rec: 1
nr_doubles: 1048576
nr_of_strided_rec: 1
nr_doubles: 1048576
nr_of_strided_rec: 1
nr_doubles: 1048576
nr_of_strided_rec: 1
nr_doubles: 1048576
nr_of_strided_rec: 1
nr_doubles: 1048576

Write the data to file:8388608 bytes
***********WAITING************

Write the data to file:8388608 bytes
***********WAITING************

Write the data to file:8388608 bytes
***********WAITING************

Write the data to file:8388608 bytes
***********WAITING************

Write the data to file:8388608 bytes
***********WAITING************

Write the data to file:8388608 bytes
***********WAITING************

Write the data to file:8388608 bytes
***********WAITING************

Write the data to file:8388608 bytes
***********WAITING************

Write the data to file:8388608 bytes
***********WAITING************

Write the data to file:8388608 bytes
***********WAITING************

Write the data to file:8388608 bytes
***********WAITING************

Write the data to file:8388608 bytes
***********WAITING************

Write the data to file:8388608 bytes
***********WAITING************

Write the data to file:8388608 bytes
***********WAITING************

Write the data to file:8388608 bytes
***********WAITING************

Write the data to file:8388608 bytes
***********WAITING************
nr_of_strided_rec: 1
nr_doubles: 1048576
nr_of_strided_rec: 1
nr_doubles: 1048576
nr_of_strided_rec: 1
nr_doubles: 1048576
nr_of_strided_rec: 1
nr_doubles: 1048576
nr_of_strided_rec: 1
nr_doubles: 1048576
nr_of_strided_rec: 1
nr_doubles: 1048576
nr_of_strided_rec: 1
nr_doubles: 1048576
nr_of_strided_rec: 1
nr_doubles: 1048576
nr_of_strided_rec: 1
nr_doubles: 1048576
nr_of_strided_rec: 1
nr_doubles: 1048576
nr_of_strided_rec: 1
nr_doubles: 1048576
nr_of_strided_rec: 1
nr_doubles: 1048576
nr_of_strided_rec: 1
nr_doubles: 1048576
nr_of_strided_rec: 1
nr_doubles: 1048576
nr_of_strided_rec: 1
nr_doubles: 1048576
nr_of_strided_rec: 1
nr_doubles: 1048576

Write the data to file:8388608 bytes
***********WAITING************

Write the data to file:8388608 bytes
***********WAITING************

Write the data to file:8388608 bytes
***********WAITING************

Write the data to file:8388608 bytes
***********WAITING************

Write the data to file:8388608 bytes
***********WAITING************

Write the data to file:8388608 bytes
***********WAITING************

Write the data to file:8388608 bytes
***********WAITING************

Write the data to file:8388608 bytes
***********WAITING************

Write the data to file:8388608 bytes
***********WAITING************

Write the data to file:8388608 bytes
***********WAITING************

Write the data to file:8388608 bytes
***********WAITING************

Write the data to file:8388608 bytes
***********WAITING************

Write the data to file:8388608 bytes
***********WAITING************

Write the data to file:8388608 bytes
***********WAITING************

Write the data to file:8388608 bytes
***********WAITING************

Write the data to file:8388608 bytes
***********WAITING************
nr_of_strided_rec: 1
nr_doubles: 1048576
nr_of_strided_rec: 1
nr_doubles: 1048576
nr_of_strided_rec: 1
nr_doubles: 1048576
nr_of_strided_rec: 1
nr_doubles: 1048576
nr_of_strided_rec: 1
nr_doubles: 1048576
nr_of_strided_rec: 1
nr_doubles: 1048576
nr_of_strided_rec: 1
nr_doubles: 1048576
nr_of_strided_rec: 1
nr_doubles: 1048576
nr_of_strided_rec: 1
nr_doubles: 1048576
nr_of_strided_rec: 1
nr_doubles: 1048576
nr_of_strided_rec: 1
nr_doubles: 1048576
nr_of_strided_rec: 1
nr_doubles: 1048576
nr_of_strided_rec: 1
nr_doubles: 1048576
nr_of_strided_rec: 1
nr_doubles: 1048576
nr_of_strided_rec: 1
nr_doubles: 1048576
nr_of_strided_rec: 1
nr_doubles: 1048576

Write the data to file:8388608 bytes
***********WAITING************

Write the data to file:8388608 bytes
***********WAITING************

Write the data to file:8388608 bytes
***********WAITING************

Write the data to file:8388608 bytes
***********WAITING************

Write the data to file:8388608 bytes
***********WAITING************

Write the data to file:8388608 bytes
***********WAITING************

Write the data to file:8388608 bytes
***********WAITING************

Write the data to file:8388608 bytes
***********WAITING************

Write the data to file:8388608 bytes
***********WAITING************

Write the data to file:8388608 bytes
***********WAITING************

Write the data to file:8388608 bytes
***********WAITING************

Write the data to file:8388608 bytes
***********WAITING************

Write the data to file:8388608 bytes
***********WAITING************

Write the data to file:8388608 bytes
***********WAITING************

Write the data to file:8388608 bytes
***********WAITING************

Write the data to file:8388608 bytes
***********WAITING************

Write the data to file:8388608 bytes
***********WAITING************

Write the data to file:8388608 bytes
***********WAITING************

Write the data to file:8388608 bytes
***********WAITING************

Write the data to file:8388608 bytes
***********WAITING************

Write the data to file:8388608 bytes
***********WAITING************

Write the data to file:8388608 bytes
***********WAITING************

Write the data to file:8388608 bytes
***********WAITING************

Write the data to file:8388608 bytes
***********WAITING************

Write the data to file:8388608 bytes
***********WAITING************

Write the data to file:8388608 bytes
***********WAITING************

Write the data to file:8388608 bytes
***********WAITING************

Write the data to file:8388608 bytes
***********WAITING************

Write the data to file:8388608 bytes
***********WAITING************

Write the data to file:8388608 bytes
***********WAITING************

Write the data to file:8388608 bytes
***********WAITING************

Write the data to file:8388608 bytes
***********WAITING************
W_cc         0.52   [      0.52:      0.52]
W_r         10.30   [     10.30:     10.30]
W_w          6.33   [      6.33:      6.33]
          -------
W_total     17.15   [     17.15:     17.15]

calc_W done
calc_W done
calc_W done
nr_of_strided_rec: 1
calc_W done
nr_of_strided_rec: 1
nr_doubles: 1048576
calc_W done
nr_of_strided_rec: 1
nr_doubles: 1048576
calc_W done
nr_of_strided_rec: 1
nr_doubles: 1048576
calc_W done
nr_of_strided_rec: 1
nr_doubles: 1048576
calc_W done
nr_of_strided_rec: 1
nr_doubles: 1048576
calc_W done
nr_of_strided_rec: 1
nr_doubles: 1048576
calc_W done
nr_of_strided_rec: 1
nr_doubles: 1048576
calc_W done
nr_of_strided_rec: 1
nr_doubles: 1048576
calc_W done
nr_of_strided_rec: 1
nr_doubles: 1048576
calc_W done
nr_of_strided_rec: 1
nr_doubles: 1048576
calc_W done
nr_of_strided_rec: 1
nr_doubles: 1048576
calc_W done
nr_of_strided_rec: 1
nr_doubles: 1048576
calc_W done
nr_of_strided_rec: 1
nr_doubles: 1048576
nr_of_strided_rec: 1
nr_doubles: 1048576
nr_of_strided_rec: 1
nr_doubles: 1048576
nr_doubles: 1048576
nr_of_strided_rec: 1
nr_doubles: 1048576
nr_of_strided_rec: 1
nr_doubles: 1048576
nr_of_strided_rec: 1
nr_doubles: 1048576
nr_of_strided_rec: 1
nr_doubles: 1048576
nr_of_strided_rec: 1
nr_doubles: 1048576
nr_of_strided_rec: 1
nr_doubles: 1048576
nr_of_strided_rec: 1
nr_doubles: 1048576
nr_of_strided_rec: 1
nr_doubles: 1048576
nr_of_strided_rec: 1
nr_doubles: 1048576
nr_of_strided_rec: 1
nr_doubles: 1048576
nr_of_strided_rec: 1
nr_doubles: 1048576
nr_of_strided_rec: 1
nr_doubles: 1048576
nr_of_strided_rec: 1
nr_doubles: 1048576
nr_of_strided_rec: 1
nr_doubles: 1048576
nr_of_strided_rec: 1
nr_doubles: 1048576
nr_of_strided_rec: 1
nr_doubles: 1048576
nr_of_strided_rec: 1
nr_doubles: 1048576
nr_of_strided_rec: 1
nr_doubles: 1048576
nr_of_strided_rec: 1
nr_doubles: 1048576
nr_of_strided_rec: 1
nr_doubles: 1048576
nr_of_strided_rec: 1
nr_doubles: 1048576
nr_of_strided_rec: 1
nr_doubles: 1048576
nr_of_strided_rec: 1
nr_doubles: 1048576
nr_of_strided_rec: 1
nr_doubles: 1048576
nr_of_strided_rec: 1
nr_doubles: 1048576
nr_of_strided_rec: 1
nr_doubles: 1048576
nr_of_strided_rec: 1
nr_doubles: 1048576
nr_of_strided_rec: 1
nr_doubles: 1048576
nr_of_strided_rec: 1
nr_doubles: 1048576
nr_of_strided_rec: 1
nr_doubles: 1048576
nr_of_strided_rec: 1
nr_doubles: 1048576
nr_of_strided_rec: 1
nr_doubles: 1048576
nr_of_strided_rec: 1
nr_doubles: 1048576
nr_of_strided_rec: 1
nr_doubles: 1048576
nr_of_strided_rec: 1
nr_doubles: 1048576
nr_of_strided_rec: 1
nr_doubles: 1048576
nr_of_strided_rec: 1
nr_doubles: 1048576
nr_of_strided_rec: 1
nr_doubles: 1048576
nr_of_strided_rec: 1
nr_doubles: 1048576
nr_of_strided_rec: 1
nr_doubles: 1048576
nr_of_strided_rec: 1
nr_doubles: 1048576
nr_of_strided_rec: 1
nr_doubles: 1048576
nr_of_strided_rec: 1
nr_doubles: 1048576
nr_of_strided_rec: 1
nr_doubles: 1048576
nr_of_strided_rec: 1
nr_doubles: 1048576
nr_of_strided_rec: 1
nr_doubles: 1048576
nr_of_strided_rec: 1
nr_doubles: 1048576
nr_of_strided_rec: 1
nr_doubles: 1048576
nr_of_strided_rec: 1
nr_doubles: 1048576
nr_of_strided_rec: 1
nr_doubles: 1048576
nr_of_strided_rec: 1
nr_doubles: 1048576
nr_of_strided_rec: 1
nr_doubles: 1048576
nr_of_strided_rec: 1
nr_doubles: 1048576
nr_of_strided_rec: 1
nr_doubles: 1048576
nr_of_strided_rec: 1
nr_doubles: 1048576
nr_of_strided_rec: 1
nr_doubles: 1048576
nr_of_strided_rec: 1
nr_doubles: 1048576
nr_of_strided_rec: 1
nr_doubles: 1048576
nr_of_strided_rec: 1
nr_doubles: 1048576
nr_of_strided_rec: 1
nr_doubles: 1048576
nr_of_strided_rec: 1
nr_doubles: 1048576
nr_of_strided_rec: 1
nr_doubles: 1048576
nr_of_strided_rec: 1
nr_doubles: 1048576
nr_of_strided_rec: 1
nr_doubles: 1048576
nr_of_strided_rec: 1
nr_doubles: 1048576
nr_of_strided_rec: 1
nr_doubles: 1048576
nr_of_strided_rec: 1
nr_doubles: 1048576
nr_of_strided_rec: 1
nr_doubles: 1048576
nr_of_strided_rec: 1
nr_doubles: 1048576
nr_of_strided_rec: 1
nr_doubles: 1048576
nr_of_strided_rec: 1
nr_doubles: 1048576
nr_of_strided_rec: 1
nr_doubles: 1048576
nr_of_strided_rec: 1
nr_doubles: 1048576
nr_of_strided_rec: 1
nr_doubles: 1048576
nr_of_strided_rec: 1
nr_doubles: 1048576
nr_of_strided_rec: 1
nr_doubles: 1048576
nr_of_strided_rec: 1
nr_doubles: 1048576
nr_of_strided_rec: 1
nr_doubles: 1048576
nr_of_strided_rec: 1
nr_doubles: 1048576
nr_of_strided_rec: 1
nr_doubles: 1048576
nr_of_strided_rec: 1
nr_doubles: 1048576
nr_of_strided_rec: 1
nr_doubles: 1048576
nr_of_strided_rec: 1
nr_doubles: 1048576
nr_of_strided_rec: 1
nr_doubles: 1048576
nr_of_strided_rec: 1
nr_doubles: 1048576
nr_of_strided_rec: 1
nr_doubles: 1048576
nr_of_strided_rec: 1
nr_doubles: 1048576
nr_of_strided_rec: 1
nr_doubles: 1048576
nr_of_strided_rec: 1
nr_doubles: 1048576
nr_of_strided_rec: 1
nr_doubles: 1048576
nr_of_strided_rec: 1
nr_doubles: 1048576
nr_of_strided_rec: 1
nr_doubles: 1048576
nr_of_strided_rec: 1
nr_doubles: 1048576
nr_of_strided_rec: 1
nr_doubles: 1048576
nr_of_strided_rec: 1
nr_doubles: 1048576
nr_of_strided_rec: 1
nr_doubles: 1048576
nr_of_strided_rec: 1
nr_doubles: 1048576
nr_of_strided_rec: 1
nr_doubles: 1048576
nr_of_strided_rec: 1
nr_doubles: 1048576
nr_of_strided_rec: 1
nr_doubles: 1048576
nr_of_strided_rec: 1
nr_doubles: 1048576
nr_of_strided_rec: 1
nr_doubles: 1048576
nr_of_strided_rec: 1
nr_doubles: 1048576
nr_of_strided_rec: 1
nr_doubles: 1048576
nr_of_strided_rec: 1
nr_doubles: 1048576
nr_of_strided_rec: 1
nr_doubles: 1048576
nr_of_strided_rec: 1
nr_doubles: 1048576
nr_of_strided_rec: 1
nr_doubles: 1048576
nr_of_strided_rec: 1
nr_doubles: 1048576
nr_of_strided_rec: 1
nr_doubles: 1048576
nr_of_strided_rec: 1
nr_doubles: 1048576
nr_of_strided_rec: 1
nr_doubles: 1048576
nr_of_strided_rec: 1
nr_doubles: 1048576
nr_of_strided_rec: 1
nr_doubles: 1048576
nr_of_strided_rec: 1
nr_doubles: 1048576
nr_of_strided_rec: 1
nr_doubles: 1048576
nr_of_strided_rec: 1
nr_doubles: 1048576
nr_of_strided_rec: 1
nr_doubles: 1048576
nr_of_strided_rec: 1
nr_doubles: 1048576
nr_of_strided_rec: 1
nr_doubles: 1048576
nr_of_strided_rec: 1
nr_doubles: 1048576
nr_of_strided_rec: 1
nr_doubles: 1048576
nr_of_strided_rec: 1
nr_doubles: 1048576
nr_of_strided_rec: 1
nr_doubles: 1048576
nr_of_strided_rec: 1
nr_doubles: 1048576
nr_of_strided_rec: 1
nr_doubles: 1048576
nr_of_strided_rec: 1
nr_doubles: 1048576
nr_of_strided_rec: 1
nr_doubles: 1048576
nr_of_strided_rec: 1
nr_doubles: 1048576
nr_of_strided_rec: 1
nr_doubles: 1048576
nr_of_strided_rec: 1
nr_doubles: 1048576
nr_of_strided_rec: 1
nr_doubles: 1048576
nr_of_strided_rec: 1
nr_doubles: 1048576
nr_of_strided_rec: 1
nr_doubles: 1048576
nr_of_strided_rec: 1
nr_doubles: 1048576
nr_of_strided_rec: 1
nr_doubles: 1048576
nr_of_strided_rec: 1
nr_doubles: 1048576
nr_of_strided_rec: 1
nr_doubles: 1048576
nr_of_strided_rec: 1
nr_doubles: 1048576
nr_of_strided_rec: 1
nr_doubles: 1048576
nr_of_strided_rec: 1
nr_doubles: 1048576
nr_of_strided_rec: 1
nr_doubles: 1048576
nr_of_strided_rec: 1
nr_doubles: 1048576
nr_of_strided_rec: 1
nr_doubles: 1048576
nr_of_strided_rec: 1
nr_doubles: 1048576
nr_of_strided_rec: 1
nr_doubles: 1048576
nr_of_strided_rec: 1
nr_doubles: 1048576
nr_of_strided_rec: 1
nr_doubles: 1048576
nr_of_strided_rec: 1
nr_doubles: 1048576
nr_of_strided_rec: 1
nr_doubles: 1048576
nr_of_strided_rec: 1
nr_doubles: 1048576
nr_of_strided_rec: 1
nr_doubles: 1048576
nr_of_strided_rec: 1
nr_doubles: 1048576
nr_of_strided_rec: 1
nr_doubles: 1048576
nr_of_strided_rec: 1
nr_doubles: 1048576
nr_of_strided_rec: 1
nr_doubles: 1048576
nr_of_strided_rec: 1
nr_doubles: 1048576
nr_of_strided_rec: 1
nr_doubles: 1048576
nr_of_strided_rec: 1
nr_doubles: 1048576
nr_of_strided_rec: 1
nr_doubles: 1048576
nr_of_strided_rec: 1
nr_doubles: 1048576
nr_of_strided_rec: 1
nr_doubles: 1048576
nr_of_strided_rec: 1
nr_doubles: 1048576
nr_of_strided_rec: 1
nr_doubles: 1048576
nr_of_strided_rec: 1
nr_doubles: 1048576
nr_of_strided_rec: 1
nr_doubles: 1048576
nr_of_strided_rec: 1
nr_doubles: 1048576
nr_of_strided_rec: 1
nr_doubles: 1048576
nr_of_strided_rec: 1
nr_doubles: 1048576
nr_of_strided_rec: 1
nr_doubles: 1048576
nr_of_strided_rec: 1
nr_doubles: 1048576
nr_of_strided_rec: 1
nr_doubles: 1048576
nr_of_strided_rec: 1
nr_doubles: 1048576
nr_of_strided_rec: 1
nr_doubles: 1048576
nr_of_strided_rec: 1
nr_doubles: 1048576
nr_of_strided_rec: 1
nr_doubles: 1048576
nr_of_strided_rec: 1
nr_doubles: 1048576
nr_of_strided_rec: 1
nr_doubles: 1048576
nr_of_strided_rec: 1
nr_doubles: 1048576
nr_of_strided_rec: 1
nr_doubles: 1048576
nr_of_strided_rec: 1
nr_doubles: 1048576
nr_of_strided_rec: 1
nr_doubles: 1048576
nr_of_strided_rec: 1
nr_doubles: 1048576
nr_of_strided_rec: 1
nr_doubles: 1048576
nr_of_strided_rec: 1
nr_doubles: 1048576
nr_of_strided_rec: 1
nr_doubles: 1048576
nr_of_strided_rec: 1
nr_doubles: 1048576
nr_of_strided_rec: 1
nr_doubles: 1048576
nr_of_strided_rec: 1
nr_doubles: 1048576
nr_of_strided_rec: 1
nr_doubles: 1048576
nr_of_strided_rec: 1
nr_doubles: 1048576
nr_of_strided_rec: 1
nr_doubles: 1048576
nr_of_strided_rec: 1
nr_doubles: 1048576
nr_of_strided_rec: 1
nr_doubles: 1048576
nr_of_strided_rec: 1
nr_doubles: 1048576
nr_of_strided_rec: 1
nr_doubles: 1048576
nr_of_strided_rec: 1
nr_doubles: 1048576
nr_of_strided_rec: 1
nr_doubles: 1048576
nr_of_strided_rec: 1
nr_doubles: 1048576
nr_of_strided_rec: 1
nr_doubles: 1048576
nr_of_strided_rec: 1
nr_doubles: 1048576
nr_of_strided_rec: 1
nr_doubles: 1048576
nr_of_strided_rec: 1
nr_doubles: 1048576
nr_of_strided_rec: 1
nr_doubles: 1048576
nr_of_strided_rec: 1
nr_doubles: 1048576
nr_of_strided_rec: 1
nr_doubles: 1048576
nr_of_strided_rec: 1
nr_doubles: 1048576
nr_of_strided_rec: 1
nr_doubles: 1048576
nr_of_strided_rec: 1
nr_doubles: 1048576
nr_of_strided_rec: 1
nr_doubles: 1048576
nr_of_strided_rec: 1
nr_doubles: 1048576
nr_of_strided_rec: 1
nr_doubles: 1048576
nr_of_strided_rec: 1
nr_doubles: 1048576
nr_of_strided_rec: 1
nr_doubles: 1048576
nr_of_strided_rec: 1
nr_doubles: 1048576
nr_of_strided_rec: 1
nr_doubles: 1048576
nr_of_strided_rec: 1
nr_doubles: 1048576
nr_of_strided_rec: 1
nr_doubles: 1048576
nr_of_strided_rec: 1
nr_doubles: 1048576
nr_of_strided_rec: 1
nr_doubles: 1048576
nr_of_strided_rec: 1
nr_doubles: 1048576
nr_of_strided_rec: 1
nr_doubles: 1048576
nr_of_strided_rec: 1
nr_doubles: 1048576
nr_of_strided_rec: 1
nr_doubles: 1048576
nr_of_strided_rec: 1
nr_doubles: 1048576
nr_of_strided_rec: 1
nr_doubles: 1048576
nr_of_strided_rec: 1
nr_doubles: 1048576
nr_of_strided_rec: 1
nr_doubles: 1048576
nr_of_strided_rec: 1
nr_doubles: 1048576
nr_of_strided_rec: 1
nr_doubles: 1048576
nr_of_strided_rec: 1
nr_doubles: 1048576
nr_of_strided_rec: 1
nr_doubles: 1048576
nr_of_strided_rec: 1
nr_doubles: 1048576
nr_of_strided_rec: 1
nr_doubles: 1048576
nr_of_strided_rec: 1
nr_doubles: 1048576
nr_of_strided_rec: 1
nr_doubles: 1048576
nr_of_strided_rec: 1
nr_doubles: 1048576
nr_of_strided_rec: 1
nr_doubles: 1048576
nr_of_strided_rec: 1
nr_doubles: 1048576
nr_of_strided_rec: 1
nr_doubles: 1048576
nr_of_strided_rec: 1
nr_doubles: 1048576
nr_of_strided_rec: 1
nr_doubles: 1048576
nr_of_strided_rec: 1
nr_doubles: 1048576
nr_of_strided_rec: 1
nr_doubles: 1048576
nr_of_strided_rec: 1
nr_doubles: 1048576
nr_of_strided_rec: 1
nr_doubles: 1048576
nr_of_strided_rec: 1
nr_doubles: 1048576
nr_of_strided_rec: 1
nr_doubles: 1048576
nr_of_strided_rec: 1
nr_doubles: 1048576
nr_of_strided_rec: 1
nr_doubles: 1048576
nr_of_strided_rec: 1
nr_doubles: 1048576
nr_of_strided_rec: 1
nr_doubles: 1048576
nr_of_strided_rec: 1
nr_doubles: 1048576
nr_of_strided_rec: 1
nr_doubles: 1048576
nr_of_strided_rec: 1
nr_doubles: 1048576
nr_of_strided_rec: 1
nr_doubles: 1048576
nr_of_strided_rec: 1
nr_doubles: 1048576
nr_of_strided_rec: 1
nr_doubles: 1048576
nr_of_strided_rec: 1
nr_doubles: 1048576
