fclose PID:30736 fd:3
fclose PID:30736 fd:4
fclose PID:30736 fd:4
fclose PID:30736 fd:3
available: 2 nodes (0-1)
fclose PID:30736 fd:3
node 0 cpus:fclose PID:30736 fd:3
 0 1 2 3 4 5 6 7 8 9 20 21 22 23 24 25 26 27 28 29
node 0 size: 80440 MB
node 0 free: 80116 MB
fclose PID:30736 fd:3
node 1 cpus:fclose PID:30736 fd:3
 10 11 12 13 14 15 16 17 18 19 30 31 32 33 34 35 36 37 38 39
node 1 size: 80635 MB
node 1 free: 80378 MB
fclose PID:30736 fd:3
fclose PID:30736 fd:3
node distances:
node   0   1 
  0:  10  21 
  1:  21  10 
READAHEAD_TIME:0.000000 us
MaxRSS= 2296 KB, SharedMem= 0 KB, HardPageFault= 10
fclose PID:30741 fd:12
fclose PID:30742 fd:10
fclose PID:30743 fd:8
fclose PID:30744 fd:8

MADbench 2.0 IO-mode
no_pe = 4  no_pix = 8192  no_bin = 30  no_gang = 1 sblocksize = 8  fblocksize = 64  r_mod = 1  w_mod = 1 record_size=16777216 stride=7


IOMETHOD = POSIX  IOMODE = SYNC  FILETYPE = UNIQUE  REMAP = CUSTOMbuild_S
build_S
build_S
build_S

Write the data to file:134217728 bytes
***********WAITING************

Write the data to file:134217728 bytes
***********WAITING************

Write the data to file:134217728 bytes
***********WAITING************

Write the data to file:134217728 bytes
***********WAITING************

Write the data to file:134217728 bytes
***********WAITING************

Write the data to file:134217728 bytes
***********WAITING************

Write the data to file:134217728 bytes
***********WAITING************

Write the data to file:134217728 bytes
***********WAITING************

Write the data to file:134217728 bytes
***********WAITING************

Write the data to file:134217728 bytes
***********WAITING************

Write the data to file:134217728 bytes
***********WAITING************

Write the data to file:134217728 bytes
***********WAITING************

Write the data to file:134217728 bytes
***********WAITING************

Write the data to file:134217728 bytes
***********WAITING************

Write the data to file:134217728 bytes
***********WAITING************

Write the data to file:134217728 bytes
***********WAITING************

Write the data to file:134217728 bytes
***********WAITING************

Write the data to file:134217728 bytes
***********WAITING************

Write the data to file:134217728 bytes
***********WAITING************

Write the data to file:134217728 bytes
***********WAITING************

Write the data to file:134217728 bytes
***********WAITING************

Write the data to file:134217728 bytes
***********WAITING************

Write the data to file:134217728 bytes
***********WAITING************

Write the data to file:134217728 bytes
***********WAITING************

Write the data to file:134217728 bytes
***********WAITING************

Write the data to file:134217728 bytes
***********WAITING************

Write the data to file:134217728 bytes
***********WAITING************

Write the data to file:134217728 bytes
***********WAITING************

Write the data to file:134217728 bytes
***********WAITING************

Write the data to file:134217728 bytes
***********WAITING************

Write the data to file:134217728 bytes
***********WAITING************

Write the data to file:134217728 bytes
***********WAITING************

Write the data to file:134217728 bytes
***********WAITING************

Write the data to file:134217728 bytes
***********WAITING************

Write the data to file:134217728 bytes
***********WAITING************

Write the data to file:134217728 bytes
***********WAITING************

Write the data to file:134217728 bytes
***********WAITING************

Write the data to file:134217728 bytes
***********WAITING************

Write the data to file:134217728 bytes
***********WAITING************

Write the data to file:134217728 bytes
***********WAITING************

Write the data to file:134217728 bytes
***********WAITING************

Write the data to file:134217728 bytes
***********WAITING************

Write the data to file:134217728 bytes
***********WAITING************

Write the data to file:134217728 bytes
***********WAITING************

Write the data to file:134217728 bytes
***********WAITING************

Write the data to file:134217728 bytes
***********WAITING************

Write the data to file:134217728 bytes
***********WAITING************

Write the data to file:134217728 bytes
***********WAITING************

Write the data to file:134217728 bytes
***********WAITING************

Write the data to file:134217728 bytes
***********WAITING************

Write the data to file:134217728 bytes
***********WAITING************

Write the data to file:134217728 bytes
***********WAITING************

Write the data to file:134217728 bytes
***********WAITING************

Write the data to file:134217728 bytes
***********WAITING************

Write the data to file:134217728 bytes
***********WAITING************

Write the data to file:134217728 bytes
***********WAITING************

Write the data to file:134217728 bytes
***********WAITING************

Write the data to file:134217728 bytes
***********WAITING************

Write the data to file:134217728 bytes
***********WAITING************

Write the data to file:134217728 bytes
***********WAITING************

Write the data to file:134217728 bytes
***********WAITING************

Write the data to file:134217728 bytes
***********WAITING************

Write the data to file:134217728 bytes
***********WAITING************

Write the data to file:134217728 bytes
***********WAITING************

Write the data to file:134217728 bytes
***********WAITING************

Write the data to file:134217728 bytes
***********WAITING************

Write the data to file:134217728 bytes
***********WAITING************

Write the data to file:134217728 bytes
***********WAITING************

Write the data to file:134217728 bytes
***********WAITING************

Write the data to file:134217728 bytes
***********WAITING************

Write the data to file:134217728 bytes
***********WAITING************

Write the data to file:134217728 bytes
***********WAITING************

Write the data to file:134217728 bytes
***********WAITING************

Write the data to file:134217728 bytes
***********WAITING************

Write the data to file:134217728 bytes
***********WAITING************

Write the data to file:134217728 bytes
***********WAITING************

Write the data to file:134217728 bytes
***********WAITING************

Write the data to file:134217728 bytes
***********WAITING************

Write the data to file:134217728 bytes
***********WAITING************

Write the data to file:134217728 bytes
***********WAITING************

Write the data to file:134217728 bytes
***********WAITING************

Write the data to file:134217728 bytes
***********WAITING************

Write the data to file:134217728 bytes
***********WAITING************

Write the data to file:134217728 bytes
***********WAITING************

Write the data to file:134217728 bytes
***********WAITING************

Write the data to file:134217728 bytes
***********WAITING************

Write the data to file:134217728 bytes
***********WAITING************

Write the data to file:134217728 bytes
***********WAITING************

Write the data to file:134217728 bytes
***********WAITING************

Write the data to file:134217728 bytes
***********WAITING************

Write the data to file:134217728 bytes
***********WAITING************

Write the data to file:134217728 bytes
***********WAITING************

Write the data to file:134217728 bytes
***********WAITING************

Write the data to file:134217728 bytes
***********WAITING************

Write the data to file:134217728 bytes
***********WAITING************

Write the data to file:134217728 bytes
***********WAITING************

Write the data to file:134217728 bytes
***********WAITING************

Write the data to file:134217728 bytes
***********WAITING************

Write the data to file:134217728 bytes
***********WAITING************

Write the data to file:134217728 bytes
***********WAITING************

Write the data to file:134217728 bytes
***********WAITING************

Write the data to file:134217728 bytes
***********WAITING************

Write the data to file:134217728 bytes
***********WAITING************

Write the data to file:134217728 bytes
***********WAITING************

Write the data to file:134217728 bytes
***********WAITING************

Write the data to file:134217728 bytes
***********WAITING************

Write the data to file:134217728 bytes
***********WAITING************

Write the data to file:134217728 bytes
***********WAITING************

Write the data to file:134217728 bytes
***********WAITING************

Write the data to file:134217728 bytes
***********WAITING************

Write the data to file:134217728 bytes
***********WAITING************

Write the data to file:134217728 bytes
***********WAITING************

Write the data to file:134217728 bytes
***********WAITING************

Write the data to file:134217728 bytes
***********WAITING************

Write the data to file:134217728 bytes
***********WAITING************

Write the data to file:134217728 bytes
***********WAITING************

Write the data to file:134217728 bytes
***********WAITING************

Write the data to file:134217728 bytes
***********WAITING************

Write the data to file:134217728 bytes
***********WAITING************

Write the data to file:134217728 bytes
***********WAITING************
S_cc         1.63   [      1.63:      1.63]
S_bw         0.77   [      0.77:      0.77]
S_w         36.12   [     36.12:     36.13]
          -------
S_total     38.53   [     38.53:     38.53]

build_S done
calc_W
build_S done
calc_W
nr_of_strided_rec: 1
nr_doubles: 2097152
build_S done
calc_W
nr_of_strided_rec: 1
nr_doubles: 2097152
build_S done
calc_W
nr_of_strided_rec: 1
nr_doubles: 2097152
nr_of_strided_rec: 1
nr_doubles: 2097152
nr_of_strided_rec: 1
nr_doubles: 2097152
nr_of_strided_rec: 1
nr_doubles: 2097152
nr_of_strided_rec: 1
nr_doubles: 2097152
nr_of_strided_rec: 1
nr_doubles: 2097152

Write the data to file:134217728 bytes
***********WAITING************

Write the data to file:134217728 bytes
***********WAITING************

Write the data to file:134217728 bytes
***********WAITING************

Write the data to file:134217728 bytes
***********WAITING************
nr_of_strided_rec: 1
nr_doubles: 2097152
nr_of_strided_rec: 1
nr_doubles: 2097152
nr_of_strided_rec: 1
nr_doubles: 2097152
nr_of_strided_rec: 1
nr_doubles: 2097152

Write the data to file:134217728 bytes
***********WAITING************

Write the data to file:134217728 bytes
***********WAITING************

Write the data to file:134217728 bytes
***********WAITING************

Write the data to file:134217728 bytes
***********WAITING************
nr_of_strided_rec: 1
nr_doubles: 2097152
nr_of_strided_rec: 1
nr_doubles: 2097152
nr_of_strided_rec: 1
nr_doubles: 2097152
nr_of_strided_rec: 1
nr_doubles: 2097152

Write the data to file:134217728 bytes
***********WAITING************

Write the data to file:134217728 bytes
***********WAITING************

Write the data to file:134217728 bytes
***********WAITING************

Write the data to file:134217728 bytes
***********WAITING************
nr_of_strided_rec: 1
nr_doubles: 2097152
nr_of_strided_rec: 1
nr_doubles: 2097152
nr_of_strided_rec: 1
nr_doubles: 2097152
nr_of_strided_rec: 1
nr_doubles: 2097152

Write the data to file:134217728 bytes
***********WAITING************

Write the data to file:134217728 bytes
***********WAITING************

Write the data to file:134217728 bytes
***********WAITING************

Write the data to file:134217728 bytes
***********WAITING************
nr_of_strided_rec: 1
nr_doubles: 2097152
nr_of_strided_rec: 1
nr_doubles: 2097152
nr_of_strided_rec: 1
nr_doubles: 2097152
nr_of_strided_rec: 1
nr_doubles: 2097152

Write the data to file:134217728 bytes
***********WAITING************

Write the data to file:134217728 bytes
***********WAITING************

Write the data to file:134217728 bytes
***********WAITING************

Write the data to file:134217728 bytes
***********WAITING************
nr_of_strided_rec: 1
nr_doubles: 2097152
nr_of_strided_rec: 1
nr_doubles: 2097152
nr_of_strided_rec: 1
nr_doubles: 2097152
nr_of_strided_rec: 1
nr_doubles: 2097152

Write the data to file:134217728 bytes
***********WAITING************

Write the data to file:134217728 bytes
***********WAITING************

Write the data to file:134217728 bytes
***********WAITING************

Write the data to file:134217728 bytes
***********WAITING************
nr_of_strided_rec: 1
nr_doubles: 2097152
nr_of_strided_rec: 1
nr_doubles: 2097152
nr_of_strided_rec: 1
nr_doubles: 2097152
nr_of_strided_rec: 1
nr_doubles: 2097152

Write the data to file:134217728 bytes
***********WAITING************

Write the data to file:134217728 bytes
***********WAITING************

Write the data to file:134217728 bytes
***********WAITING************

Write the data to file:134217728 bytes
***********WAITING************
nr_of_strided_rec: 1
nr_doubles: 2097152
nr_of_strided_rec: 1
nr_doubles: 2097152
nr_of_strided_rec: 1
nr_doubles: 2097152
nr_of_strided_rec: 1
nr_doubles: 2097152

Write the data to file:134217728 bytes
***********WAITING************

Write the data to file:134217728 bytes
***********WAITING************

Write the data to file:134217728 bytes
***********WAITING************

Write the data to file:134217728 bytes
***********WAITING************
nr_of_strided_rec: 1
nr_doubles: 2097152
nr_of_strided_rec: 1
nr_doubles: 2097152
nr_of_strided_rec: 1
nr_doubles: 2097152
nr_of_strided_rec: 1
nr_doubles: 2097152

Write the data to file:134217728 bytes
***********WAITING************

Write the data to file:134217728 bytes
***********WAITING************

Write the data to file:134217728 bytes
***********WAITING************

Write the data to file:134217728 bytes
***********WAITING************
nr_of_strided_rec: 1
nr_doubles: 2097152
nr_of_strided_rec: 1
nr_doubles: 2097152
nr_of_strided_rec: 1
nr_doubles: 2097152
nr_of_strided_rec: 1
nr_doubles: 2097152

Write the data to file:134217728 bytes
***********WAITING************

Write the data to file:134217728 bytes
***********WAITING************

Write the data to file:134217728 bytes
***********WAITING************

Write the data to file:134217728 bytes
***********WAITING************
nr_of_strided_rec: 1
nr_doubles: 2097152
nr_of_strided_rec: 1
nr_doubles: 2097152
nr_of_strided_rec: 1
nr_doubles: 2097152
nr_of_strided_rec: 1
nr_doubles: 2097152

Write the data to file:134217728 bytes
***********WAITING************

Write the data to file:134217728 bytes
***********WAITING************

Write the data to file:134217728 bytes
***********WAITING************

Write the data to file:134217728 bytes
***********WAITING************
nr_of_strided_rec: 1
nr_doubles: 2097152
nr_of_strided_rec: 1
nr_doubles: 2097152
nr_of_strided_rec: 1
nr_doubles: 2097152
nr_of_strided_rec: 1
nr_doubles: 2097152

Write the data to file:134217728 bytes
***********WAITING************

Write the data to file:134217728 bytes
***********WAITING************

Write the data to file:134217728 bytes
***********WAITING************

Write the data to file:134217728 bytes
***********WAITING************
nr_of_strided_rec: 1
nr_doubles: 2097152
nr_of_strided_rec: 1
nr_doubles: 2097152
nr_of_strided_rec: 1
nr_doubles: 2097152
nr_of_strided_rec: 1
nr_doubles: 2097152

Write the data to file:134217728 bytes
***********WAITING************

Write the data to file:134217728 bytes
***********WAITING************

Write the data to file:134217728 bytes
***********WAITING************

Write the data to file:134217728 bytes
***********WAITING************
nr_of_strided_rec: 1
nr_doubles: 2097152
nr_of_strided_rec: 1
nr_doubles: 2097152
nr_of_strided_rec: 1
nr_doubles: 2097152
nr_of_strided_rec: 1
nr_doubles: 2097152

Write the data to file:134217728 bytes
***********WAITING************

Write the data to file:134217728 bytes
***********WAITING************

Write the data to file:134217728 bytes
***********WAITING************

Write the data to file:134217728 bytes
***********WAITING************
nr_of_strided_rec: 1
nr_doubles: 2097152
nr_of_strided_rec: 1
nr_doubles: 2097152
nr_of_strided_rec: 1
nr_doubles: 2097152
nr_of_strided_rec: 1
nr_doubles: 2097152

Write the data to file:134217728 bytes
***********WAITING************

Write the data to file:134217728 bytes
***********WAITING************

Write the data to file:134217728 bytes
***********WAITING************

Write the data to file:134217728 bytes
***********WAITING************
nr_of_strided_rec: 1
nr_doubles: 2097152
nr_of_strided_rec: 1
nr_doubles: 2097152
nr_of_strided_rec: 1
nr_doubles: 2097152
nr_of_strided_rec: 1
nr_doubles: 2097152

Write the data to file:134217728 bytes
***********WAITING************

Write the data to file:134217728 bytes
***********WAITING************

Write the data to file:134217728 bytes
***********WAITING************

Write the data to file:134217728 bytes
***********WAITING************
nr_of_strided_rec: 1
nr_doubles: 2097152
nr_of_strided_rec: 1
nr_doubles: 2097152
nr_of_strided_rec: 1
nr_doubles: 2097152
nr_of_strided_rec: 1
nr_doubles: 2097152

Write the data to file:134217728 bytes
***********WAITING************

Write the data to file:134217728 bytes
***********WAITING************

Write the data to file:134217728 bytes
***********WAITING************

Write the data to file:134217728 bytes
***********WAITING************
nr_of_strided_rec: 1
nr_doubles: 2097152
nr_of_strided_rec: 1
nr_doubles: 2097152
nr_of_strided_rec: 1
nr_doubles: 2097152
nr_of_strided_rec: 1
nr_doubles: 2097152

Write the data to file:134217728 bytes
***********WAITING************

Write the data to file:134217728 bytes
***********WAITING************

Write the data to file:134217728 bytes
***********WAITING************

Write the data to file:134217728 bytes
***********WAITING************
nr_of_strided_rec: 1
nr_doubles: 2097152
nr_of_strided_rec: 1
nr_doubles: 2097152
nr_of_strided_rec: 1
nr_doubles: 2097152
nr_of_strided_rec: 1
nr_doubles: 2097152

Write the data to file:134217728 bytes
***********WAITING************

Write the data to file:134217728 bytes
***********WAITING************

Write the data to file:134217728 bytes
***********WAITING************

Write the data to file:134217728 bytes
***********WAITING************
nr_of_strided_rec: 1
nr_doubles: 2097152
nr_of_strided_rec: 1
nr_doubles: 2097152
nr_of_strided_rec: 1
nr_doubles: 2097152
nr_of_strided_rec: 1
nr_doubles: 2097152

Write the data to file:134217728 bytes
***********WAITING************

Write the data to file:134217728 bytes
***********WAITING************

Write the data to file:134217728 bytes
***********WAITING************

Write the data to file:134217728 bytes
***********WAITING************
nr_of_strided_rec: 1
nr_doubles: 2097152
nr_of_strided_rec: 1
nr_doubles: 2097152
nr_of_strided_rec: 1
nr_doubles: 2097152
nr_of_strided_rec: 1
nr_doubles: 2097152

Write the data to file:134217728 bytes
***********WAITING************

Write the data to file:134217728 bytes
***********WAITING************

Write the data to file:134217728 bytes
***********WAITING************

Write the data to file:134217728 bytes
***********WAITING************
nr_of_strided_rec: 1
nr_doubles: 2097152
nr_of_strided_rec: 1
nr_doubles: 2097152
nr_of_strided_rec: 1
nr_doubles: 2097152
nr_of_strided_rec: 1
nr_doubles: 2097152

Write the data to file:134217728 bytes
***********WAITING************

Write the data to file:134217728 bytes
***********WAITING************

Write the data to file:134217728 bytes
***********WAITING************

Write the data to file:134217728 bytes
***********WAITING************
nr_of_strided_rec: 1
nr_doubles: 2097152
nr_of_strided_rec: 1
nr_doubles: 2097152
nr_of_strided_rec: 1
nr_doubles: 2097152
nr_of_strided_rec: 1
nr_doubles: 2097152

Write the data to file:134217728 bytes
***********WAITING************

Write the data to file:134217728 bytes
***********WAITING************

Write the data to file:134217728 bytes
***********WAITING************

Write the data to file:134217728 bytes
***********WAITING************
nr_of_strided_rec: 1
nr_doubles: 2097152
nr_of_strided_rec: 1
nr_doubles: 2097152
nr_of_strided_rec: 1
nr_doubles: 2097152
nr_of_strided_rec: 1
nr_doubles: 2097152

Write the data to file:134217728 bytes
***********WAITING************

Write the data to file:134217728 bytes
***********WAITING************

Write the data to file:134217728 bytes
***********WAITING************

Write the data to file:134217728 bytes
***********WAITING************
nr_of_strided_rec: 1
nr_doubles: 2097152
nr_of_strided_rec: 1
nr_doubles: 2097152
nr_of_strided_rec: 1
nr_doubles: 2097152
nr_of_strided_rec: 1
nr_doubles: 2097152

Write the data to file:134217728 bytes
***********WAITING************

Write the data to file:134217728 bytes
***********WAITING************

Write the data to file:134217728 bytes
***********WAITING************

Write the data to file:134217728 bytes
***********WAITING************
nr_of_strided_rec: 1
nr_doubles: 2097152
nr_of_strided_rec: 1
nr_doubles: 2097152
nr_of_strided_rec: 1
nr_doubles: 2097152
nr_of_strided_rec: 1
nr_doubles: 2097152

Write the data to file:134217728 bytes
***********WAITING************

Write the data to file:134217728 bytes
***********WAITING************

Write the data to file:134217728 bytes
***********WAITING************

Write the data to file:134217728 bytes
***********WAITING************
nr_of_strided_rec: 1
nr_doubles: 2097152
nr_of_strided_rec: 1
nr_doubles: 2097152
nr_of_strided_rec: 1
nr_doubles: 2097152
nr_of_strided_rec: 1
nr_doubles: 2097152

Write the data to file:134217728 bytes
***********WAITING************

Write the data to file:134217728 bytes
***********WAITING************

Write the data to file:134217728 bytes
***********WAITING************

Write the data to file:134217728 bytes
***********WAITING************
nr_of_strided_rec: 1
nr_doubles: 2097152
nr_of_strided_rec: 1
nr_doubles: 2097152
nr_of_strided_rec: 1
nr_doubles: 2097152
nr_of_strided_rec: 1
nr_doubles: 2097152

Write the data to file:134217728 bytes
***********WAITING************

Write the data to file:134217728 bytes
***********WAITING************

Write the data to file:134217728 bytes
***********WAITING************

Write the data to file:134217728 bytes
***********WAITING************
nr_of_strided_rec: 1
nr_doubles: 2097152
nr_of_strided_rec: 1
nr_doubles: 2097152
nr_of_strided_rec: 1
nr_doubles: 2097152
nr_of_strided_rec: 1
nr_doubles: 2097152

Write the data to file:134217728 bytes
***********WAITING************

Write the data to file:134217728 bytes
***********WAITING************

Write the data to file:134217728 bytes
***********WAITING************

Write the data to file:134217728 bytes
***********WAITING************

Write the data to file:134217728 bytes
***********WAITING************

Write the data to file:134217728 bytes
***********WAITING************

Write the data to file:134217728 bytes
***********WAITING************

Write the data to file:134217728 bytes
***********WAITING************
W_cc         3.07   [      3.06:      3.08]
W_r         45.75   [     45.75:     45.75]
W_w         30.38   [     30.38:     30.38]
          -------
W_total     79.20   [     79.20:     79.21]

calc_W done
calc_W done
nr_of_strided_rec: 1
nr_doubles: 2097152
calc_W done
nr_of_strided_rec: 1
nr_doubles: 2097152
calc_W done
nr_of_strided_rec: 1
nr_doubles: 2097152
nr_of_strided_rec: 1
nr_doubles: 2097152
nr_of_strided_rec: 1
nr_doubles: 2097152
nr_of_strided_rec: 1
nr_doubles: 2097152
nr_of_strided_rec: 1
nr_doubles: 2097152
nr_of_strided_rec: 1
nr_doubles: 2097152
nr_of_strided_rec: 1
nr_doubles: 2097152
nr_of_strided_rec: 1
nr_doubles: 2097152
nr_of_strided_rec: 1
nr_doubles: 2097152
nr_of_strided_rec: 1
nr_doubles: 2097152
nr_of_strided_rec: 1
nr_doubles: 2097152
nr_of_strided_rec: 1
nr_doubles: 2097152
nr_of_strided_rec: 1
nr_doubles: 2097152
nr_of_strided_rec: 1
nr_doubles: 2097152
nr_of_strided_rec: 1
nr_doubles: 2097152
nr_of_strided_rec: 1
nr_doubles: 2097152
nr_of_strided_rec: 1
nr_doubles: 2097152
nr_of_strided_rec: 1
nr_doubles: 2097152
nr_of_strided_rec: 1
nr_doubles: 2097152
nr_of_strided_rec: 1
nr_doubles: 2097152
nr_of_strided_rec: 1
nr_doubles: 2097152
nr_of_strided_rec: 1
nr_doubles: 2097152
nr_of_strided_rec: 1
nr_doubles: 2097152
nr_of_strided_rec: 1
nr_doubles: 2097152
nr_of_strided_rec: 1
nr_doubles: 2097152
nr_of_strided_rec: 1
nr_doubles: 2097152
nr_of_strided_rec: 1
nr_doubles: 2097152
nr_of_strided_rec: 1
nr_doubles: 2097152
nr_of_strided_rec: 1
nr_doubles: 2097152
nr_of_strided_rec: 1
nr_doubles: 2097152
nr_of_strided_rec: 1
nr_doubles: 2097152
nr_of_strided_rec: 1
nr_doubles: 2097152
nr_of_strided_rec: 1
nr_doubles: 2097152
nr_of_strided_rec: 1
nr_doubles: 2097152
nr_of_strided_rec: 1
nr_doubles: 2097152
nr_of_strided_rec: 1
nr_doubles: 2097152
nr_of_strided_rec: 1
nr_doubles: 2097152
nr_of_strided_rec: 1
nr_doubles: 2097152
nr_of_strided_rec: 1
nr_doubles: 2097152
nr_of_strided_rec: 1
nr_doubles: 2097152
nr_of_strided_rec: 1
nr_doubles: 2097152
nr_of_strided_rec: 1
nr_doubles: 2097152
nr_of_strided_rec: 1
nr_doubles: 2097152
nr_of_strided_rec: 1
nr_doubles: 2097152
nr_of_strided_rec: 1
nr_doubles: 2097152
nr_of_strided_rec: 1
nr_doubles: 2097152
nr_of_strided_rec: 1
nr_doubles: 2097152
nr_of_strided_rec: 1
nr_doubles: 2097152
nr_of_strided_rec: 1
nr_doubles: 2097152
nr_of_strided_rec: 1
nr_doubles: 2097152
nr_of_strided_rec: 1
nr_doubles: 2097152
nr_of_strided_rec: 1
nr_doubles: 2097152
nr_of_strided_rec: 1
nr_doubles: 2097152
nr_of_strided_rec: 1
nr_doubles: 2097152
nr_of_strided_rec: 1
nr_doubles: 2097152
nr_of_strided_rec: 1
nr_doubles: 2097152
nr_of_strided_rec: 1
nr_doubles: 2097152
nr_of_strided_rec: 1
nr_doubles: 2097152
nr_of_strided_rec: 1
nr_doubles: 2097152
nr_of_strided_rec: 1
nr_doubles: 2097152
nr_of_strided_rec: 1
nr_doubles: 2097152
nr_of_strided_rec: 1
nr_doubles: 2097152
nr_of_strided_rec: 1
nr_doubles: 2097152
nr_of_strided_rec: 1
nr_doubles: 2097152
nr_of_strided_rec: 1
nr_doubles: 2097152
nr_of_strided_rec: 1
nr_doubles: 2097152
nr_of_strided_rec: 1
nr_doubles: 2097152
nr_of_strided_rec: 1
nr_doubles: 2097152
nr_of_strided_rec: 1
nr_doubles: 2097152
nr_of_strided_rec: 1
nr_doubles: 2097152
nr_of_strided_rec: 1
nr_doubles: 2097152
nr_of_strided_rec: 1
nr_doubles: 2097152
nr_of_strided_rec: 1
nr_doubles: 2097152
nr_of_strided_rec: 1
nr_doubles: 2097152
nr_of_strided_rec: 1
nr_doubles: 2097152
nr_of_strided_rec: 1
nr_doubles: 2097152
nr_of_strided_rec: 1
nr_doubles: 2097152
nr_of_strided_rec: 1
nr_doubles: 2097152
nr_of_strided_rec: 1
nr_doubles: 2097152
nr_of_strided_rec: 1
nr_doubles: 2097152
nr_of_strided_rec: 1
nr_doubles: 2097152
nr_of_strided_rec: 1
nr_doubles: 2097152
nr_of_strided_rec: 1
nr_doubles: 2097152
nr_of_strided_rec: 1
nr_doubles: 2097152
nr_of_strided_rec: 1
nr_doubles: 2097152
nr_of_strided_rec: 1
nr_doubles: 2097152
nr_of_strided_rec: 1
nr_doubles: 2097152
nr_of_strided_rec: 1
nr_doubles: 2097152
nr_of_strided_rec: 1
nr_doubles: 2097152
nr_of_strided_rec: 1
nr_doubles: 2097152
nr_of_strided_rec: 1
nr_doubles: 2097152
nr_of_strided_rec: 1
nr_doubles: 2097152
nr_of_strided_rec: 1
nr_doubles: 2097152
nr_of_strided_rec: 1
nr_doubles: 2097152
nr_of_strided_rec: 1
nr_doubles: 2097152
nr_of_strided_rec: 1
nr_doubles: 2097152
nr_of_strided_rec: 1
nr_doubles: 2097152
nr_of_strided_rec: 1
nr_doubles: 2097152
nr_of_strided_rec: 1
nr_doubles: 2097152
nr_of_strided_rec: 1
nr_doubles: 2097152
nr_of_strided_rec: 1
nr_doubles: 2097152
nr_of_strided_rec: 1
nr_doubles: 2097152
nr_of_strided_rec: 1
nr_doubles: 2097152
nr_of_strided_rec: 1
nr_doubles: 2097152
nr_of_strided_rec: 1
nr_doubles: 2097152
nr_of_strided_rec: 1
nr_doubles: 2097152
nr_of_strided_rec: 1
nr_doubles: 2097152
nr_of_strided_rec: 1
nr_doubles: 2097152
nr_of_strided_rec: 1
nr_doubles: 2097152
nr_of_strided_rec: 1
nr_doubles: 2097152
nr_of_strided_rec: 1
nr_doubles: 2097152
nr_of_strided_rec: 1
nr_doubles: 2097152
nr_of_strided_rec: 1
nr_doubles: 2097152
nr_of_strided_rec: 1
nr_doubles: 2097152
nr_of_strided_rec: 1
nr_doubles: 2097152
nr_of_strided_rec: 1
nr_doubles: 2097152
nr_of_strided_rec: 1
nr_doubles: 2097152
nr_of_strided_rec: 1
nr_doubles: 2097152
C_cc         1.20   [      1.20:      1.20]
C_bw         0.64   [      0.64:      0.64]
C_r         31.86   [     31.86:     31.86]
          -------
C_total     33.69   [     33.69:     33.70]


dC[0] = 0.00000e+00
fclose PID:30741 fd:12
fclose PID:30743 fd:8
fclose PID:30742 fd:10
fclose PID:30744 fd:8
READAHEAD_TIME:0.000000 us
MaxRSS= 534996 KB, SharedMem= 0 KB, HardPageFault= 5
READAHEAD_TIME:0.000000 us
MaxRSS= 534964 KB, SharedMem= 0 KB, HardPageFault= 10
READAHEAD_TIME:0.000000 us
MaxRSS= 534816 KB, SharedMem= 0 KB, HardPageFault= 13
READAHEAD_TIME:0.000000 us
MaxRSS= 534880 KB, SharedMem= 0 KB, HardPageFault= 12
fclose PID:30740 fd:0
fclose PID:30740 fd:6
fclose PID:30740 fd:6
fclose PID:30740 fd:0
READAHEAD_TIME:0.000000 us
MaxRSS= 5336 KB, SharedMem= 0 KB, HardPageFault= 2
fclose PID:30739 fd:3
fclose PID:30739 fd:4
fclose PID:30739 fd:4
fclose PID:30739 fd:3
READAHEAD_TIME:0.000000 us
MaxRSS= 4952 KB, SharedMem= 0 KB, HardPageFault= 4
	Command being timed: "mpiexec -n 4 ./MADbench2_io 8192 30 1 8 64 1 1 16777216 7 1"
	User time (seconds): 79.66
	System time (seconds): 56.18
	Percent of CPU this job got: 89%
	Elapsed (wall clock) time (h:mm:ss or m:ss): 2:31.80
	Average shared text size (kbytes): 0
	Average unshared data size (kbytes): 0
	Average stack size (kbytes): 0
	Average total size (kbytes): 0
	Maximum resident set size (kbytes): 534996
	Average resident set size (kbytes): 0
	Major (requiring I/O) page faults: 47
	Minor (reclaiming a frame) page faults: 2722203
	Voluntary context switches: 29144
	Involuntary context switches: 1135
	Swaps: 0
	File system inputs: 61792896
	File system outputs: 62914656
	Socket messages sent: 0
	Socket messages received: 0
	Signals delivered: 0
	Page size (bytes): 4096
	Exit status: 0
READAHEAD_TIME:0.000000 us
MaxRSS= 2084 KB, SharedMem= 0 KB, HardPageFault= 0
*******************DMESG OUTPUT******************
