fclose PID:27987 fd:3
fclose PID:27987 fd:4
fclose PID:27987 fd:4
fclose PID:27987 fd:3
available: 2 nodes (0-1)
fclose PID:27987 fd:3
node 0 cpus:fclose PID:27987 fd:3
 0 1 2 3 4 5 6 7 8 9 20 21 22 23 24 25 26 27 28 29
node 0 size: 80440 MB
node 0 free: 80129 MB
fclose PID:27987 fd:3
node 1 cpus:fclose PID:27987 fd:3
 10 11 12 13 14 15 16 17 18 19 30 31 32 33 34 35 36 37 38 39
node 1 size: 80635 MB
node 1 free: 80379 MB
fclose PID:27987 fd:3
fclose PID:27987 fd:3
node distances:
node   0   1 
  0:  10  21 
  1:  21  10 
READAHEAD_TIME:0.000000 us
MaxRSS= 2248 KB, SharedMem= 0 KB, HardPageFault= 10
fclose PID:27993 fd:10
fclose PID:27994 fd:8
fclose PID:27995 fd:8
fclose PID:27992 fd:12

MADbench 2.0 IO-mode
no_pe = 4  no_pix = 4096  no_bin = 30  no_gang = 1 sblocksize = 8  fblocksize = 64  r_mod = 1  w_mod = 1 record_size=4096 stride=7


IOMETHOD = POSIX  IOMODE = SYNC  FILETYPE = UNIQUE  REMAP = CUSTOMbuild_S
build_S
build_S
build_S

Write the data to file:33554432 bytes
***********WAITING************

Write the data to file:33554432 bytes
***********WAITING************

Write the data to file:33554432 bytes
***********WAITING************

Write the data to file:33554432 bytes
***********WAITING************

Write the data to file:33554432 bytes
***********WAITING************

Write the data to file:33554432 bytes
***********WAITING************

Write the data to file:33554432 bytes
***********WAITING************

Write the data to file:33554432 bytes
***********WAITING************

Write the data to file:33554432 bytes
***********WAITING************

Write the data to file:33554432 bytes
***********WAITING************

Write the data to file:33554432 bytes
***********WAITING************

Write the data to file:33554432 bytes
***********WAITING************

Write the data to file:33554432 bytes
***********WAITING************

Write the data to file:33554432 bytes
***********WAITING************

Write the data to file:33554432 bytes
***********WAITING************

Write the data to file:33554432 bytes
***********WAITING************

Write the data to file:33554432 bytes
***********WAITING************

Write the data to file:33554432 bytes
***********WAITING************

Write the data to file:33554432 bytes
***********WAITING************

Write the data to file:33554432 bytes
***********WAITING************

Write the data to file:33554432 bytes
***********WAITING************

Write the data to file:33554432 bytes
***********WAITING************

Write the data to file:33554432 bytes
***********WAITING************

Write the data to file:33554432 bytes
***********WAITING************

Write the data to file:33554432 bytes
***********WAITING************

Write the data to file:33554432 bytes
***********WAITING************

Write the data to file:33554432 bytes
***********WAITING************

Write the data to file:33554432 bytes
***********WAITING************

Write the data to file:33554432 bytes
***********WAITING************

Write the data to file:33554432 bytes
***********WAITING************

Write the data to file:33554432 bytes
***********WAITING************

Write the data to file:33554432 bytes
***********WAITING************

Write the data to file:33554432 bytes
***********WAITING************

Write the data to file:33554432 bytes
***********WAITING************

Write the data to file:33554432 bytes
***********WAITING************

Write the data to file:33554432 bytes
***********WAITING************

Write the data to file:33554432 bytes
***********WAITING************

Write the data to file:33554432 bytes
***********WAITING************

Write the data to file:33554432 bytes
***********WAITING************

Write the data to file:33554432 bytes
***********WAITING************

Write the data to file:33554432 bytes
***********WAITING************

Write the data to file:33554432 bytes
***********WAITING************

Write the data to file:33554432 bytes
***********WAITING************

Write the data to file:33554432 bytes
***********WAITING************

Write the data to file:33554432 bytes
***********WAITING************

Write the data to file:33554432 bytes
***********WAITING************

Write the data to file:33554432 bytes
***********WAITING************

Write the data to file:33554432 bytes
***********WAITING************

Write the data to file:33554432 bytes
***********WAITING************

Write the data to file:33554432 bytes
***********WAITING************

Write the data to file:33554432 bytes
***********WAITING************

Write the data to file:33554432 bytes
***********WAITING************

Write the data to file:33554432 bytes
***********WAITING************

Write the data to file:33554432 bytes
***********WAITING************

Write the data to file:33554432 bytes
***********WAITING************

Write the data to file:33554432 bytes
***********WAITING************

Write the data to file:33554432 bytes
***********WAITING************

Write the data to file:33554432 bytes
***********WAITING************

Write the data to file:33554432 bytes
***********WAITING************

Write the data to file:33554432 bytes
***********WAITING************

Write the data to file:33554432 bytes
***********WAITING************

Write the data to file:33554432 bytes
***********WAITING************

Write the data to file:33554432 bytes
***********WAITING************

Write the data to file:33554432 bytes
***********WAITING************

Write the data to file:33554432 bytes
***********WAITING************

Write the data to file:33554432 bytes
***********WAITING************

Write the data to file:33554432 bytes
***********WAITING************

Write the data to file:33554432 bytes
***********WAITING************

Write the data to file:33554432 bytes
***********WAITING************

Write the data to file:33554432 bytes
***********WAITING************

Write the data to file:33554432 bytes
***********WAITING************

Write the data to file:33554432 bytes
***********WAITING************

Write the data to file:33554432 bytes
***********WAITING************

Write the data to file:33554432 bytes
***********WAITING************

Write the data to file:33554432 bytes
***********WAITING************

Write the data to file:33554432 bytes
***********WAITING************

Write the data to file:33554432 bytes
***********WAITING************

Write the data to file:33554432 bytes
***********WAITING************

Write the data to file:33554432 bytes
***********WAITING************

Write the data to file:33554432 bytes
***********WAITING************

Write the data to file:33554432 bytes
***********WAITING************

Write the data to file:33554432 bytes
***********WAITING************

Write the data to file:33554432 bytes
***********WAITING************

Write the data to file:33554432 bytes
***********WAITING************

Write the data to file:33554432 bytes
***********WAITING************

Write the data to file:33554432 bytes
***********WAITING************

Write the data to file:33554432 bytes
***********WAITING************

Write the data to file:33554432 bytes
***********WAITING************

Write the data to file:33554432 bytes
***********WAITING************

Write the data to file:33554432 bytes
***********WAITING************

Write the data to file:33554432 bytes
***********WAITING************

Write the data to file:33554432 bytes
***********WAITING************

Write the data to file:33554432 bytes
***********WAITING************

Write the data to file:33554432 bytes
***********WAITING************

Write the data to file:33554432 bytes
***********WAITING************

Write the data to file:33554432 bytes
***********WAITING************

Write the data to file:33554432 bytes
***********WAITING************

Write the data to file:33554432 bytes
***********WAITING************

Write the data to file:33554432 bytes
***********WAITING************

Write the data to file:33554432 bytes
***********WAITING************

Write the data to file:33554432 bytes
***********WAITING************

Write the data to file:33554432 bytes
***********WAITING************

Write the data to file:33554432 bytes
***********WAITING************

Write the data to file:33554432 bytes
***********WAITING************

Write the data to file:33554432 bytes
***********WAITING************

Write the data to file:33554432 bytes
***********WAITING************

Write the data to file:33554432 bytes
***********WAITING************

Write the data to file:33554432 bytes
***********WAITING************

Write the data to file:33554432 bytes
***********WAITING************

Write the data to file:33554432 bytes
***********WAITING************

Write the data to file:33554432 bytes
***********WAITING************

Write the data to file:33554432 bytes
***********WAITING************

Write the data to file:33554432 bytes
***********WAITING************

Write the data to file:33554432 bytes
***********WAITING************

Write the data to file:33554432 bytes
***********WAITING************

Write the data to file:33554432 bytes
***********WAITING************

Write the data to file:33554432 bytes
***********WAITING************

Write the data to file:33554432 bytes
***********WAITING************

Write the data to file:33554432 bytes
***********WAITING************

Write the data to file:33554432 bytes
***********WAITING************
S_cc         0.41   [      0.41:      0.41]
S_bw         0.18   [      0.18:      0.18]
S_w          8.06   [      8.06:      8.06]
          -------
S_total      8.65   [      8.65:      8.65]

build_S done
calc_W
build_S done
calc_W
nr_of_strided_rec: 1024
nr_doubles: 512
build_S done
calc_W
nr_of_strided_rec: 1024
nr_doubles: 512
build_S done
calc_W
nr_of_strided_rec: 1024
nr_doubles: 512
nr_of_strided_rec: 1024
nr_doubles: 512
nr_of_strided_rec: 1024
nr_doubles: 512
nr_of_strided_rec: 1024
nr_doubles: 512
nr_of_strided_rec: 1024
nr_doubles: 512
nr_of_strided_rec: 1024
nr_doubles: 512

Write the data to file:33554432 bytes
***********WAITING************

Write the data to file:33554432 bytes
***********WAITING************

Write the data to file:33554432 bytes
***********WAITING************

Write the data to file:33554432 bytes
***********WAITING************
nr_of_strided_rec: 1024
nr_doubles: 512
nr_of_strided_rec: 1024
nr_doubles: 512
nr_of_strided_rec: 1024
nr_doubles: 512
nr_of_strided_rec: 1024
nr_doubles: 512

Write the data to file:33554432 bytes
***********WAITING************

Write the data to file:33554432 bytes
***********WAITING************

Write the data to file:33554432 bytes
***********WAITING************

Write the data to file:33554432 bytes
***********WAITING************
nr_of_strided_rec: 1024
nr_doubles: 512
nr_of_strided_rec: 1024
nr_doubles: 512
nr_of_strided_rec: 1024
nr_doubles: 512
nr_of_strided_rec: 1024
nr_doubles: 512

Write the data to file:33554432 bytes
***********WAITING************

Write the data to file:33554432 bytes
***********WAITING************

Write the data to file:33554432 bytes
***********WAITING************

Write the data to file:33554432 bytes
***********WAITING************
nr_of_strided_rec: 1024
nr_doubles: 512
nr_of_strided_rec: 1024
nr_doubles: 512
nr_of_strided_rec: 1024
nr_doubles: 512
nr_of_strided_rec: 1024
nr_doubles: 512

Write the data to file:33554432 bytes
***********WAITING************

Write the data to file:33554432 bytes
***********WAITING************

Write the data to file:33554432 bytes
***********WAITING************

Write the data to file:33554432 bytes
***********WAITING************
nr_of_strided_rec: 1024
nr_doubles: 512
nr_of_strided_rec: 1024
nr_doubles: 512
nr_of_strided_rec: 1024
nr_doubles: 512
nr_of_strided_rec: 1024
nr_doubles: 512

Write the data to file:33554432 bytes
***********WAITING************

Write the data to file:33554432 bytes
***********WAITING************

Write the data to file:33554432 bytes
***********WAITING************

Write the data to file:33554432 bytes
***********WAITING************
nr_of_strided_rec: 1024
nr_doubles: 512
nr_of_strided_rec: 1024
nr_doubles: 512
nr_of_strided_rec: 1024
nr_doubles: 512
nr_of_strided_rec: 1024
nr_doubles: 512

Write the data to file:33554432 bytes
***********WAITING************

Write the data to file:33554432 bytes
***********WAITING************

Write the data to file:33554432 bytes
***********WAITING************

Write the data to file:33554432 bytes
***********WAITING************
nr_of_strided_rec: 1024
nr_doubles: 512
nr_of_strided_rec: 1024
nr_doubles: 512
nr_of_strided_rec: 1024
nr_doubles: 512
nr_of_strided_rec: 1024
nr_doubles: 512

Write the data to file:33554432 bytes
***********WAITING************

Write the data to file:33554432 bytes
***********WAITING************

Write the data to file:33554432 bytes
***********WAITING************

Write the data to file:33554432 bytes
***********WAITING************
nr_of_strided_rec: 1024
nr_doubles: 512
nr_of_strided_rec: 1024
nr_doubles: 512
nr_of_strided_rec: 1024
nr_doubles: 512
nr_of_strided_rec: 1024
nr_doubles: 512

Write the data to file:33554432 bytes
***********WAITING************

Write the data to file:33554432 bytes
***********WAITING************

Write the data to file:33554432 bytes
***********WAITING************

Write the data to file:33554432 bytes
***********WAITING************
nr_of_strided_rec: 1024
nr_doubles: 512
nr_of_strided_rec: 1024
nr_doubles: 512
nr_of_strided_rec: 1024
nr_doubles: 512
nr_of_strided_rec: 1024
nr_doubles: 512

Write the data to file:33554432 bytes
***********WAITING************

Write the data to file:33554432 bytes
***********WAITING************

Write the data to file:33554432 bytes
***********WAITING************

Write the data to file:33554432 bytes
***********WAITING************
nr_of_strided_rec: 1024
nr_doubles: 512
nr_of_strided_rec: 1024
nr_doubles: 512
nr_of_strided_rec: 1024
nr_doubles: 512
nr_of_strided_rec: 1024
nr_doubles: 512

Write the data to file:33554432 bytes
***********WAITING************

Write the data to file:33554432 bytes
***********WAITING************

Write the data to file:33554432 bytes
***********WAITING************

Write the data to file:33554432 bytes
***********WAITING************
nr_of_strided_rec: 1024
nr_doubles: 512
nr_of_strided_rec: 1024
nr_doubles: 512
nr_of_strided_rec: 1024
nr_doubles: 512
nr_of_strided_rec: 1024
nr_doubles: 512

Write the data to file:33554432 bytes
***********WAITING************

Write the data to file:33554432 bytes
***********WAITING************

Write the data to file:33554432 bytes
***********WAITING************

Write the data to file:33554432 bytes
***********WAITING************
nr_of_strided_rec: 1024
nr_doubles: 512
nr_of_strided_rec: 1024
nr_doubles: 512
nr_of_strided_rec: 1024
nr_doubles: 512
nr_of_strided_rec: 1024
nr_doubles: 512

Write the data to file:33554432 bytes
***********WAITING************

Write the data to file:33554432 bytes
***********WAITING************

Write the data to file:33554432 bytes
***********WAITING************

Write the data to file:33554432 bytes
***********WAITING************
nr_of_strided_rec: 1024
nr_doubles: 512
nr_of_strided_rec: 1024
nr_doubles: 512
nr_of_strided_rec: 1024
nr_doubles: 512
nr_of_strided_rec: 1024
nr_doubles: 512

Write the data to file:33554432 bytes
***********WAITING************

Write the data to file:33554432 bytes
***********WAITING************

Write the data to file:33554432 bytes
***********WAITING************

Write the data to file:33554432 bytes
***********WAITING************
nr_of_strided_rec: 1024
nr_doubles: 512
nr_of_strided_rec: 1024
nr_doubles: 512
nr_of_strided_rec: 1024
nr_doubles: 512
nr_of_strided_rec: 1024
nr_doubles: 512

Write the data to file:33554432 bytes
***********WAITING************

Write the data to file:33554432 bytes
***********WAITING************

Write the data to file:33554432 bytes
***********WAITING************

Write the data to file:33554432 bytes
***********WAITING************
nr_of_strided_rec: 1024
nr_doubles: 512
nr_of_strided_rec: 1024
nr_doubles: 512
nr_of_strided_rec: 1024
nr_doubles: 512
nr_of_strided_rec: 1024
nr_doubles: 512

Write the data to file:33554432 bytes
***********WAITING************

Write the data to file:33554432 bytes
***********WAITING************

Write the data to file:33554432 bytes
***********WAITING************

Write the data to file:33554432 bytes
***********WAITING************
nr_of_strided_rec: 1024
nr_doubles: 512
nr_of_strided_rec: 1024
nr_doubles: 512
nr_of_strided_rec: 1024
nr_doubles: 512
nr_of_strided_rec: 1024
nr_doubles: 512

Write the data to file:33554432 bytes
***********WAITING************

Write the data to file:33554432 bytes
***********WAITING************

Write the data to file:33554432 bytes
***********WAITING************

Write the data to file:33554432 bytes
***********WAITING************
nr_of_strided_rec: 1024
nr_doubles: 512
nr_of_strided_rec: 1024
nr_doubles: 512
nr_of_strided_rec: 1024
nr_doubles: 512
nr_of_strided_rec: 1024
nr_doubles: 512

Write the data to file:33554432 bytes
***********WAITING************

Write the data to file:33554432 bytes
***********WAITING************

Write the data to file:33554432 bytes
***********WAITING************

Write the data to file:33554432 bytes
***********WAITING************
nr_of_strided_rec: 1024
nr_doubles: 512
nr_of_strided_rec: 1024
nr_doubles: 512
nr_of_strided_rec: 1024
nr_doubles: 512
nr_of_strided_rec: 1024
nr_doubles: 512

Write the data to file:33554432 bytes
***********WAITING************

Write the data to file:33554432 bytes
***********WAITING************

Write the data to file:33554432 bytes
***********WAITING************

Write the data to file:33554432 bytes
***********WAITING************
nr_of_strided_rec: 1024
nr_doubles: 512
nr_of_strided_rec: 1024
nr_doubles: 512
nr_of_strided_rec: 1024
nr_doubles: 512
nr_of_strided_rec: 1024
nr_doubles: 512

Write the data to file:33554432 bytes
***********WAITING************

Write the data to file:33554432 bytes
***********WAITING************

Write the data to file:33554432 bytes
***********WAITING************

Write the data to file:33554432 bytes
***********WAITING************
nr_of_strided_rec: 1024
nr_doubles: 512
nr_of_strided_rec: 1024
nr_doubles: 512
nr_of_strided_rec: 1024
nr_doubles: 512
nr_of_strided_rec: 1024
nr_doubles: 512

Write the data to file:33554432 bytes
***********WAITING************

Write the data to file:33554432 bytes
***********WAITING************

Write the data to file:33554432 bytes
***********WAITING************

Write the data to file:33554432 bytes
***********WAITING************
nr_of_strided_rec: 1024
nr_doubles: 512
nr_of_strided_rec: 1024
nr_doubles: 512
nr_of_strided_rec: 1024
nr_doubles: 512
nr_of_strided_rec: 1024
nr_doubles: 512

Write the data to file:33554432 bytes
***********WAITING************

Write the data to file:33554432 bytes
***********WAITING************

Write the data to file:33554432 bytes
***********WAITING************

Write the data to file:33554432 bytes
***********WAITING************
nr_of_strided_rec: 1024
nr_doubles: 512
nr_of_strided_rec: 1024
nr_doubles: 512
nr_of_strided_rec: 1024
nr_doubles: 512
nr_of_strided_rec: 1024
nr_doubles: 512

Write the data to file:33554432 bytes
***********WAITING************

Write the data to file:33554432 bytes
***********WAITING************

Write the data to file:33554432 bytes
***********WAITING************

Write the data to file:33554432 bytes
***********WAITING************
nr_of_strided_rec: 1024
nr_doubles: 512
nr_of_strided_rec: 1024
nr_doubles: 512
nr_of_strided_rec: 1024
nr_doubles: 512
nr_of_strided_rec: 1024
nr_doubles: 512

Write the data to file:33554432 bytes
***********WAITING************

Write the data to file:33554432 bytes
***********WAITING************

Write the data to file:33554432 bytes
***********WAITING************

Write the data to file:33554432 bytes
***********WAITING************
nr_of_strided_rec: 1024
nr_doubles: 512
nr_of_strided_rec: 1024
nr_doubles: 512
nr_of_strided_rec: 1024
nr_doubles: 512
nr_of_strided_rec: 1024
nr_doubles: 512

Write the data to file:33554432 bytes
***********WAITING************

Write the data to file:33554432 bytes
***********WAITING************

Write the data to file:33554432 bytes
***********WAITING************

Write the data to file:33554432 bytes
***********WAITING************
nr_of_strided_rec: 1024
nr_doubles: 512
nr_of_strided_rec: 1024
nr_doubles: 512
nr_of_strided_rec: 1024
nr_doubles: 512
nr_of_strided_rec: 1024
nr_doubles: 512

Write the data to file:33554432 bytes
***********WAITING************

Write the data to file:33554432 bytes
***********WAITING************

Write the data to file:33554432 bytes
***********WAITING************

Write the data to file:33554432 bytes
***********WAITING************
nr_of_strided_rec: 1024
nr_doubles: 512
nr_of_strided_rec: 1024
nr_doubles: 512
nr_of_strided_rec: 1024
nr_doubles: 512
nr_of_strided_rec: 1024
nr_doubles: 512

Write the data to file:33554432 bytes
***********WAITING************

Write the data to file:33554432 bytes
***********WAITING************

Write the data to file:33554432 bytes
***********WAITING************

Write the data to file:33554432 bytes
***********WAITING************
nr_of_strided_rec: 1024
nr_doubles: 512
nr_of_strided_rec: 1024
nr_doubles: 512
nr_of_strided_rec: 1024
nr_doubles: 512
nr_of_strided_rec: 1024
nr_doubles: 512

Write the data to file:33554432 bytes
***********WAITING************

Write the data to file:33554432 bytes
***********WAITING************

Write the data to file:33554432 bytes
***********WAITING************

Write the data to file:33554432 bytes
***********WAITING************
nr_of_strided_rec: 1024
nr_doubles: 512
nr_of_strided_rec: 1024
nr_doubles: 512
nr_of_strided_rec: 1024
nr_doubles: 512
nr_of_strided_rec: 1024
nr_doubles: 512

Write the data to file:33554432 bytes
***********WAITING************

Write the data to file:33554432 bytes
***********WAITING************

Write the data to file:33554432 bytes
***********WAITING************

Write the data to file:33554432 bytes
***********WAITING************
nr_of_strided_rec: 1024
nr_doubles: 512
nr_of_strided_rec: 1024
nr_doubles: 512
nr_of_strided_rec: 1024
nr_doubles: 512
nr_of_strided_rec: 1024
nr_doubles: 512

Write the data to file:33554432 bytes
***********WAITING************

Write the data to file:33554432 bytes
***********WAITING************

Write the data to file:33554432 bytes
***********WAITING************

Write the data to file:33554432 bytes
***********WAITING************

Write the data to file:33554432 bytes
***********WAITING************

Write the data to file:33554432 bytes
***********WAITING************

Write the data to file:33554432 bytes
***********WAITING************

Write the data to file:33554432 bytes
***********WAITING************
W_cc         0.91   [      0.91:      0.91]
W_r         28.97   [     28.97:     28.97]
W_w          1.92   [      1.92:      1.92]
          -------
W_total     31.81   [     31.81:     31.81]

calc_W done
calc_W done
calc_W done
calc_W done
nr_of_strided_rec: 1024
nr_doubles: 512
nr_of_strided_rec: 1024
nr_doubles: 512
nr_of_strided_rec: 1024
nr_doubles: 512
nr_of_strided_rec: 1024
nr_doubles: 512
nr_of_strided_rec: 1024
nr_doubles: 512
nr_of_strided_rec: 1024
nr_doubles: 512
nr_of_strided_rec: 1024
nr_doubles: 512
nr_of_strided_rec: 1024
nr_doubles: 512
nr_of_strided_rec: 1024
nr_doubles: 512
nr_of_strided_rec: 1024
nr_doubles: 512
nr_of_strided_rec: 1024
nr_doubles: 512
nr_of_strided_rec: 1024
nr_doubles: 512
nr_of_strided_rec: 1024
nr_doubles: 512
nr_of_strided_rec: 1024
nr_doubles: 512
nr_of_strided_rec: 1024
nr_doubles: 512
nr_of_strided_rec: 1024
nr_doubles: 512
nr_of_strided_rec: 1024
nr_doubles: 512
nr_of_strided_rec: 1024
nr_doubles: 512
nr_of_strided_rec: 1024
nr_doubles: 512
nr_of_strided_rec: 1024
nr_doubles: 512
nr_of_strided_rec: 1024
nr_doubles: 512
nr_of_strided_rec: 1024
nr_doubles: 512
nr_of_strided_rec: 1024
nr_doubles: 512
nr_of_strided_rec: 1024
nr_doubles: 512
nr_of_strided_rec: 1024
nr_doubles: 512
nr_of_strided_rec: 1024
nr_doubles: 512
nr_of_strided_rec: 1024
nr_doubles: 512
nr_of_strided_rec: 1024
nr_doubles: 512
nr_of_strided_rec: 1024
nr_doubles: 512
nr_of_strided_rec: 1024
nr_doubles: 512
nr_of_strided_rec: 1024
nr_doubles: 512
nr_of_strided_rec: 1024
nr_doubles: 512
nr_of_strided_rec: 1024
nr_doubles: 512
nr_of_strided_rec: 1024
nr_doubles: 512
nr_of_strided_rec: 1024
nr_doubles: 512
nr_of_strided_rec: 1024
nr_doubles: 512
nr_of_strided_rec: 1024
nr_doubles: 512
nr_of_strided_rec: 1024
nr_doubles: 512
nr_of_strided_rec: 1024
nr_doubles: 512
nr_of_strided_rec: 1024
nr_doubles: 512
nr_of_strided_rec: 1024
nr_doubles: 512
nr_of_strided_rec: 1024
nr_doubles: 512
nr_of_strided_rec: 1024
nr_doubles: 512
nr_of_strided_rec: 1024
nr_doubles: 512
nr_of_strided_rec: 1024
nr_doubles: 512
nr_of_strided_rec: 1024
nr_doubles: 512
nr_of_strided_rec: 1024
nr_doubles: 512
nr_of_strided_rec: 1024
nr_doubles: 512
nr_of_strided_rec: 1024
nr_doubles: 512
nr_of_strided_rec: 1024
nr_doubles: 512
nr_of_strided_rec: 1024
nr_doubles: 512
nr_of_strided_rec: 1024
nr_doubles: 512
nr_of_strided_rec: 1024
nr_doubles: 512
nr_of_strided_rec: 1024
nr_doubles: 512
nr_of_strided_rec: 1024
nr_doubles: 512
nr_of_strided_rec: 1024
nr_doubles: 512
nr_of_strided_rec: 1024
nr_doubles: 512
nr_of_strided_rec: 1024
nr_doubles: 512
nr_of_strided_rec: 1024
nr_doubles: 512
nr_of_strided_rec: 1024
nr_doubles: 512
nr_of_strided_rec: 1024
nr_doubles: 512
nr_of_strided_rec: 1024
nr_doubles: 512
nr_of_strided_rec: 1024
nr_doubles: 512
nr_of_strided_rec: 1024
nr_doubles: 512
nr_of_strided_rec: 1024
nr_doubles: 512
nr_of_strided_rec: 1024
nr_doubles: 512
nr_of_strided_rec: 1024
nr_doubles: 512
nr_of_strided_rec: 1024
nr_doubles: 512
nr_of_strided_rec: 1024
nr_doubles: 512
nr_of_strided_rec: 1024
nr_doubles: 512
nr_of_strided_rec: 1024
nr_doubles: 512
nr_of_strided_rec: 1024
nr_doubles: 512
nr_of_strided_rec: 1024
nr_doubles: 512
nr_of_strided_rec: 1024
nr_doubles: 512
nr_of_strided_rec: 1024
nr_doubles: 512
nr_of_strided_rec: 1024
nr_doubles: 512
nr_of_strided_rec: 1024
nr_doubles: 512
nr_of_strided_rec: 1024
nr_doubles: 512
nr_of_strided_rec: 1024
nr_doubles: 512
nr_of_strided_rec: 1024
nr_doubles: 512
nr_of_strided_rec: 1024
nr_doubles: 512
nr_of_strided_rec: 1024
nr_doubles: 512
nr_of_strided_rec: 1024
nr_doubles: 512
nr_of_strided_rec: 1024
nr_doubles: 512
nr_of_strided_rec: 1024
nr_doubles: 512
nr_of_strided_rec: 1024
nr_doubles: 512
nr_of_strided_rec: 1024
nr_doubles: 512
nr_of_strided_rec: 1024
nr_doubles: 512
nr_of_strided_rec: 1024
nr_doubles: 512
nr_of_strided_rec: 1024
nr_doubles: 512
nr_of_strided_rec: 1024
nr_doubles: 512
nr_of_strided_rec: 1024
nr_doubles: 512
nr_of_strided_rec: 1024
nr_doubles: 512
nr_of_strided_rec: 1024
nr_doubles: 512
nr_of_strided_rec: 1024
nr_doubles: 512
nr_of_strided_rec: 1024
nr_doubles: 512
nr_of_strided_rec: 1024
nr_doubles: 512
nr_of_strided_rec: 1024
nr_doubles: 512
nr_of_strided_rec: 1024
nr_doubles: 512
nr_of_strided_rec: 1024
nr_doubles: 512
nr_of_strided_rec: 1024
nr_doubles: 512
nr_of_strided_rec: 1024
nr_doubles: 512
nr_of_strided_rec: 1024
nr_doubles: 512
nr_of_strided_rec: 1024
nr_doubles: 512
nr_of_strided_rec: 1024
nr_doubles: 512
nr_of_strided_rec: 1024
nr_doubles: 512
nr_of_strided_rec: 1024
nr_doubles: 512
nr_of_strided_rec: 1024
nr_doubles: 512
nr_of_strided_rec: 1024
nr_doubles: 512
nr_of_strided_rec: 1024
nr_doubles: 512
nr_of_strided_rec: 1024
nr_doubles: 512
nr_of_strided_rec: 1024
nr_doubles: 512
nr_of_strided_rec: 1024
nr_doubles: 512
nr_of_strided_rec: 1024
nr_doubles: 512
nr_of_strided_rec: 1024
nr_doubles: 512
nr_of_strided_rec: 1024
nr_doubles: 512
nr_of_strided_rec: 1024
nr_doubles: 512
nr_of_strided_rec: 1024
nr_doubles: 512
nr_of_strided_rec: 1024
nr_doubles: 512
nr_of_strided_rec: 1024
nr_doubles: 512
C_cc         0.50   [      0.50:      0.50]
C_bw         0.17   [      0.17:      0.17]
C_r         19.72   [     19.72:     19.72]
          -------
C_total     20.39   [     20.39:     20.39]


dC[0] = 0.00000e+00
fclose PID:27994 fd:8
fclose PID:27995 fd:8
fclose PID:27992 fd:12
fclose PID:27993 fd:10
READAHEAD_TIME:12024954.000000 us
MaxRSS= 141612 KB, SharedMem= 0 KB, HardPageFault= 11
READAHEAD_TIME:11548118.000000 us
MaxRSS= 141540 KB, SharedMem= 0 KB, HardPageFault= 10
READAHEAD_TIME:11972414.000000 us
READAHEAD_TIME:11295117.000000 us
MaxRSS= 141592 KB, SharedMem= 0 KB, HardPageFault= 11
MaxRSS= 141660 KB, SharedMem= 0 KB, HardPageFault= 13
fclose PID:27991 fd:0
fclose PID:27991 fd:6
fclose PID:27991 fd:6
fclose PID:27991 fd:0
READAHEAD_TIME:0.000000 us
MaxRSS= 5280 KB, SharedMem= 0 KB, HardPageFault= 2
fclose PID:27990 fd:3
fclose PID:27990 fd:4
fclose PID:27990 fd:4
fclose PID:27990 fd:3
READAHEAD_TIME:0.000000 us
MaxRSS= 4896 KB, SharedMem= 0 KB, HardPageFault= 4
	Command being timed: "mpiexec -n 4 ./MADbench2_io 4096 30 1 8 64 1 1 4096 7 1"
	User time (seconds): 52.70
	System time (seconds): 26.30
	Percent of CPU this job got: 129%
	Elapsed (wall clock) time (h:mm:ss or m:ss): 1:01.13
	Average shared text size (kbytes): 0
	Average unshared data size (kbytes): 0
	Average stack size (kbytes): 0
	Average total size (kbytes): 0
	Maximum resident set size (kbytes): 141660
	Average resident set size (kbytes): 0
	Major (requiring I/O) page faults: 52
	Minor (reclaiming a frame) page faults: 585459
	Voluntary context switches: 275801
	Involuntary context switches: 1379
	Swaps: 0
	File system inputs: 15260472
	File system outputs: 15728712
	Socket messages sent: 0
	Socket messages received: 0
	Signals delivered: 0
	Page size (bytes): 4096
	Exit status: 0
READAHEAD_TIME:0.000000 us
MaxRSS= 3924 KB, SharedMem= 0 KB, HardPageFault= 0
*******************DMESG OUTPUT******************
