fclose PID:30274 fd:3
fclose PID:30274 fd:4
fclose PID:30274 fd:4
fclose PID:30274 fd:3
available: 2 nodes (0-1)
fclose PID:30274 fd:3
node 0 cpus:fclose PID:30274 fd:3
 0 1 2 3 4 5 6 7 8 9 20 21 22 23 24 25 26 27 28 29
node 0 size: 80440 MB
node 0 free: 80122 MB
fclose PID:30274 fd:3
node 1 cpus:fclose PID:30274 fd:3
 10 11 12 13 14 15 16 17 18 19 30 31 32 33 34 35 36 37 38 39
node 1 size: 80635 MB
node 1 free: 80376 MB
fclose PID:30274 fd:3
fclose PID:30274 fd:3
node distances:
node   0   1 
  0:  10  21 
  1:  21  10 
READAHEAD_TIME:0.000000 us
MaxRSS= 2220 KB, SharedMem= 0 KB, HardPageFault= 10
fclose PID:30280 fd:10
fclose PID:30282 fd:8
fclose PID:30279 fd:12
fclose PID:30281 fd:8

MADbench 2.0 IO-mode
no_pe = 4  no_pix = 8192  no_bin = 30  no_gang = 1 sblocksize = 8  fblocksize = 64  r_mod = 1  w_mod = 1 record_size=1048576 stride=7


IOMETHOD = POSIX  IOMODE = SYNC  FILETYPE = UNIQUE  REMAP = CUSTOMbuild_S
build_S
build_S
build_S

Write the data to file:134217728 bytes
***********WAITING************

Write the data to file:134217728 bytes
***********WAITING************

Write the data to file:134217728 bytes
***********WAITING************

Write the data to file:134217728 bytes
***********WAITING************

Write the data to file:134217728 bytes
***********WAITING************

Write the data to file:134217728 bytes
***********WAITING************

Write the data to file:134217728 bytes
***********WAITING************

Write the data to file:134217728 bytes
***********WAITING************

Write the data to file:134217728 bytes
***********WAITING************

Write the data to file:134217728 bytes
***********WAITING************

Write the data to file:134217728 bytes
***********WAITING************

Write the data to file:134217728 bytes
***********WAITING************

Write the data to file:134217728 bytes
***********WAITING************

Write the data to file:134217728 bytes
***********WAITING************

Write the data to file:134217728 bytes
***********WAITING************

Write the data to file:134217728 bytes
***********WAITING************

Write the data to file:134217728 bytes
***********WAITING************

Write the data to file:134217728 bytes
***********WAITING************

Write the data to file:134217728 bytes
***********WAITING************

Write the data to file:134217728 bytes
***********WAITING************

Write the data to file:134217728 bytes
***********WAITING************

Write the data to file:134217728 bytes
***********WAITING************

Write the data to file:134217728 bytes
***********WAITING************

Write the data to file:134217728 bytes
***********WAITING************

Write the data to file:134217728 bytes
***********WAITING************

Write the data to file:134217728 bytes
***********WAITING************

Write the data to file:134217728 bytes
***********WAITING************

Write the data to file:134217728 bytes
***********WAITING************

Write the data to file:134217728 bytes
***********WAITING************

Write the data to file:134217728 bytes
***********WAITING************

Write the data to file:134217728 bytes
***********WAITING************

Write the data to file:134217728 bytes
***********WAITING************

Write the data to file:134217728 bytes
***********WAITING************

Write the data to file:134217728 bytes
***********WAITING************

Write the data to file:134217728 bytes
***********WAITING************

Write the data to file:134217728 bytes
***********WAITING************

Write the data to file:134217728 bytes
***********WAITING************

Write the data to file:134217728 bytes
***********WAITING************

Write the data to file:134217728 bytes
***********WAITING************

Write the data to file:134217728 bytes
***********WAITING************

Write the data to file:134217728 bytes
***********WAITING************

Write the data to file:134217728 bytes
***********WAITING************

Write the data to file:134217728 bytes
***********WAITING************

Write the data to file:134217728 bytes
***********WAITING************

Write the data to file:134217728 bytes
***********WAITING************

Write the data to file:134217728 bytes
***********WAITING************

Write the data to file:134217728 bytes
***********WAITING************

Write the data to file:134217728 bytes
***********WAITING************

Write the data to file:134217728 bytes
***********WAITING************

Write the data to file:134217728 bytes
***********WAITING************

Write the data to file:134217728 bytes
***********WAITING************

Write the data to file:134217728 bytes
***********WAITING************

Write the data to file:134217728 bytes
***********WAITING************

Write the data to file:134217728 bytes
***********WAITING************

Write the data to file:134217728 bytes
***********WAITING************

Write the data to file:134217728 bytes
***********WAITING************

Write the data to file:134217728 bytes
***********WAITING************

Write the data to file:134217728 bytes
***********WAITING************

Write the data to file:134217728 bytes
***********WAITING************

Write the data to file:134217728 bytes
***********WAITING************

Write the data to file:134217728 bytes
***********WAITING************

Write the data to file:134217728 bytes
***********WAITING************

Write the data to file:134217728 bytes
***********WAITING************

Write the data to file:134217728 bytes
***********WAITING************

Write the data to file:134217728 bytes
***********WAITING************

Write the data to file:134217728 bytes
***********WAITING************

Write the data to file:134217728 bytes
***********WAITING************

Write the data to file:134217728 bytes
***********WAITING************

Write the data to file:134217728 bytes
***********WAITING************

Write the data to file:134217728 bytes
***********WAITING************

Write the data to file:134217728 bytes
***********WAITING************

Write the data to file:134217728 bytes
***********WAITING************

Write the data to file:134217728 bytes
***********WAITING************

Write the data to file:134217728 bytes
***********WAITING************

Write the data to file:134217728 bytes
***********WAITING************

Write the data to file:134217728 bytes
***********WAITING************

Write the data to file:134217728 bytes
***********WAITING************

Write the data to file:134217728 bytes
***********WAITING************

Write the data to file:134217728 bytes
***********WAITING************

Write the data to file:134217728 bytes
***********WAITING************

Write the data to file:134217728 bytes
***********WAITING************

Write the data to file:134217728 bytes
***********WAITING************

Write the data to file:134217728 bytes
***********WAITING************

Write the data to file:134217728 bytes
***********WAITING************

Write the data to file:134217728 bytes
***********WAITING************

Write the data to file:134217728 bytes
***********WAITING************

Write the data to file:134217728 bytes
***********WAITING************

Write the data to file:134217728 bytes
***********WAITING************

Write the data to file:134217728 bytes
***********WAITING************

Write the data to file:134217728 bytes
***********WAITING************

Write the data to file:134217728 bytes
***********WAITING************

Write the data to file:134217728 bytes
***********WAITING************

Write the data to file:134217728 bytes
***********WAITING************

Write the data to file:134217728 bytes
***********WAITING************

Write the data to file:134217728 bytes
***********WAITING************

Write the data to file:134217728 bytes
***********WAITING************

Write the data to file:134217728 bytes
***********WAITING************

Write the data to file:134217728 bytes
***********WAITING************

Write the data to file:134217728 bytes
***********WAITING************

Write the data to file:134217728 bytes
***********WAITING************

Write the data to file:134217728 bytes
***********WAITING************

Write the data to file:134217728 bytes
***********WAITING************

Write the data to file:134217728 bytes
***********WAITING************

Write the data to file:134217728 bytes
***********WAITING************

Write the data to file:134217728 bytes
***********WAITING************

Write the data to file:134217728 bytes
***********WAITING************

Write the data to file:134217728 bytes
***********WAITING************

Write the data to file:134217728 bytes
***********WAITING************

Write the data to file:134217728 bytes
***********WAITING************

Write the data to file:134217728 bytes
***********WAITING************

Write the data to file:134217728 bytes
***********WAITING************

Write the data to file:134217728 bytes
***********WAITING************

Write the data to file:134217728 bytes
***********WAITING************

Write the data to file:134217728 bytes
***********WAITING************

Write the data to file:134217728 bytes
***********WAITING************

Write the data to file:134217728 bytes
***********WAITING************

Write the data to file:134217728 bytes
***********WAITING************

Write the data to file:134217728 bytes
***********WAITING************

Write the data to file:134217728 bytes
***********WAITING************

Write the data to file:134217728 bytes
***********WAITING************
S_cc         1.66   [      1.66:      1.66]
S_bw         0.72   [      0.72:      0.72]
S_w         29.35   [     29.35:     29.35]
          -------
S_total     31.73   [     31.72:     31.73]

build_S done
calc_W
build_S done
calc_W
nr_of_strided_rec: 16
nr_doubles: 131072
build_S done
calc_W
nr_of_strided_rec: 16
nr_doubles: 131072
build_S done
calc_W
nr_of_strided_rec: 16
nr_doubles: 131072
nr_of_strided_rec: 16
nr_doubles: 131072
nr_of_strided_rec: 16
nr_doubles: 131072
nr_of_strided_rec: 16
nr_doubles: 131072
nr_of_strided_rec: 16
nr_doubles: 131072
nr_of_strided_rec: 16
nr_doubles: 131072

Write the data to file:134217728 bytes
***********WAITING************

Write the data to file:134217728 bytes
***********WAITING************

Write the data to file:134217728 bytes
***********WAITING************

Write the data to file:134217728 bytes
***********WAITING************
nr_of_strided_rec: 16
nr_doubles: 131072
nr_of_strided_rec: 16
nr_doubles: 131072
nr_of_strided_rec: 16
nr_doubles: 131072
nr_of_strided_rec: 16
nr_doubles: 131072

Write the data to file:134217728 bytes
***********WAITING************

Write the data to file:134217728 bytes
***********WAITING************

Write the data to file:134217728 bytes
***********WAITING************

Write the data to file:134217728 bytes
***********WAITING************
nr_of_strided_rec: 16
nr_doubles: 131072
nr_of_strided_rec: 16
nr_doubles: 131072
nr_of_strided_rec: 16
nr_doubles: 131072
nr_of_strided_rec: 16
nr_doubles: 131072

Write the data to file:134217728 bytes
***********WAITING************

Write the data to file:134217728 bytes
***********WAITING************

Write the data to file:134217728 bytes
***********WAITING************

Write the data to file:134217728 bytes
***********WAITING************
nr_of_strided_rec: 16
nr_doubles: 131072
nr_of_strided_rec: 16
nr_doubles: 131072
nr_of_strided_rec: 16
nr_doubles: 131072
nr_of_strided_rec: 16
nr_doubles: 131072

Write the data to file:134217728 bytes
***********WAITING************

Write the data to file:134217728 bytes
***********WAITING************

Write the data to file:134217728 bytes
***********WAITING************

Write the data to file:134217728 bytes
***********WAITING************
nr_of_strided_rec: 16
nr_doubles: 131072
nr_of_strided_rec: 16
nr_doubles: 131072
nr_of_strided_rec: 16
nr_doubles: 131072
nr_of_strided_rec: 16
nr_doubles: 131072

Write the data to file:134217728 bytes
***********WAITING************

Write the data to file:134217728 bytes
***********WAITING************

Write the data to file:134217728 bytes
***********WAITING************

Write the data to file:134217728 bytes
***********WAITING************
nr_of_strided_rec: 16
nr_doubles: 131072
nr_of_strided_rec: 16
nr_doubles: 131072
nr_of_strided_rec: 16
nr_doubles: 131072
nr_of_strided_rec: 16
nr_doubles: 131072

Write the data to file:134217728 bytes
***********WAITING************

Write the data to file:134217728 bytes
***********WAITING************

Write the data to file:134217728 bytes
***********WAITING************

Write the data to file:134217728 bytes
***********WAITING************
nr_of_strided_rec: 16
nr_doubles: 131072
nr_of_strided_rec: 16
nr_doubles: 131072
nr_of_strided_rec: 16
nr_doubles: 131072
nr_of_strided_rec: 16
nr_doubles: 131072

Write the data to file:134217728 bytes
***********WAITING************

Write the data to file:134217728 bytes
***********WAITING************

Write the data to file:134217728 bytes
***********WAITING************

Write the data to file:134217728 bytes
***********WAITING************
nr_of_strided_rec: 16
nr_doubles: 131072
nr_of_strided_rec: 16
nr_doubles: 131072
nr_of_strided_rec: 16
nr_doubles: 131072
nr_of_strided_rec: 16
nr_doubles: 131072

Write the data to file:134217728 bytes
***********WAITING************

Write the data to file:134217728 bytes
***********WAITING************

Write the data to file:134217728 bytes
***********WAITING************

Write the data to file:134217728 bytes
***********WAITING************
nr_of_strided_rec: 16
nr_doubles: 131072
nr_of_strided_rec: 16
nr_doubles: 131072
nr_of_strided_rec: 16
nr_doubles: 131072
nr_of_strided_rec: 16
nr_doubles: 131072

Write the data to file:134217728 bytes
***********WAITING************

Write the data to file:134217728 bytes
***********WAITING************

Write the data to file:134217728 bytes
***********WAITING************

Write the data to file:134217728 bytes
***********WAITING************
nr_of_strided_rec: 16
nr_doubles: 131072
nr_of_strided_rec: 16
nr_doubles: 131072
nr_of_strided_rec: 16
nr_doubles: 131072
nr_of_strided_rec: 16
nr_doubles: 131072

Write the data to file:134217728 bytes
***********WAITING************

Write the data to file:134217728 bytes
***********WAITING************

Write the data to file:134217728 bytes
***********WAITING************

Write the data to file:134217728 bytes
***********WAITING************
nr_of_strided_rec: 16
nr_doubles: 131072
nr_of_strided_rec: 16
nr_doubles: 131072
nr_of_strided_rec: 16
nr_doubles: 131072
nr_of_strided_rec: 16
nr_doubles: 131072

Write the data to file:134217728 bytes
***********WAITING************

Write the data to file:134217728 bytes
***********WAITING************

Write the data to file:134217728 bytes
***********WAITING************

Write the data to file:134217728 bytes
***********WAITING************
nr_of_strided_rec: 16
nr_doubles: 131072
nr_of_strided_rec: 16
nr_doubles: 131072
nr_of_strided_rec: 16
nr_doubles: 131072
nr_of_strided_rec: 16
nr_doubles: 131072

Write the data to file:134217728 bytes
***********WAITING************

Write the data to file:134217728 bytes
***********WAITING************

Write the data to file:134217728 bytes
***********WAITING************

Write the data to file:134217728 bytes
***********WAITING************
nr_of_strided_rec: 16
nr_doubles: 131072
nr_of_strided_rec: 16
nr_doubles: 131072
nr_of_strided_rec: 16
nr_doubles: 131072
nr_of_strided_rec: 16
nr_doubles: 131072

Write the data to file:134217728 bytes
***********WAITING************

Write the data to file:134217728 bytes
***********WAITING************

Write the data to file:134217728 bytes
***********WAITING************

Write the data to file:134217728 bytes
***********WAITING************
nr_of_strided_rec: 16
nr_doubles: 131072
nr_of_strided_rec: 16
nr_doubles: 131072
nr_of_strided_rec: 16
nr_doubles: 131072
nr_of_strided_rec: 16
nr_doubles: 131072

Write the data to file:134217728 bytes
***********WAITING************

Write the data to file:134217728 bytes
***********WAITING************

Write the data to file:134217728 bytes
***********WAITING************

Write the data to file:134217728 bytes
***********WAITING************
nr_of_strided_rec: 16
nr_doubles: 131072
nr_of_strided_rec: 16
nr_doubles: 131072
nr_of_strided_rec: 16
nr_doubles: 131072
nr_of_strided_rec: 16
nr_doubles: 131072

Write the data to file:134217728 bytes
***********WAITING************

Write the data to file:134217728 bytes
***********WAITING************

Write the data to file:134217728 bytes
***********WAITING************

Write the data to file:134217728 bytes
***********WAITING************
nr_of_strided_rec: 16
nr_doubles: 131072
nr_of_strided_rec: 16
nr_doubles: 131072
nr_of_strided_rec: 16
nr_doubles: 131072
nr_of_strided_rec: 16
nr_doubles: 131072

Write the data to file:134217728 bytes
***********WAITING************

Write the data to file:134217728 bytes
***********WAITING************

Write the data to file:134217728 bytes
***********WAITING************

Write the data to file:134217728 bytes
***********WAITING************
nr_of_strided_rec: 16
nr_doubles: 131072
nr_of_strided_rec: 16
nr_doubles: 131072
nr_of_strided_rec: 16
nr_doubles: 131072
nr_of_strided_rec: 16
nr_doubles: 131072

Write the data to file:134217728 bytes
***********WAITING************

Write the data to file:134217728 bytes
***********WAITING************

Write the data to file:134217728 bytes
***********WAITING************

Write the data to file:134217728 bytes
***********WAITING************
nr_of_strided_rec: 16
nr_doubles: 131072
nr_of_strided_rec: 16
nr_doubles: 131072
nr_of_strided_rec: 16
nr_doubles: 131072
nr_of_strided_rec: 16
nr_doubles: 131072

Write the data to file:134217728 bytes
***********WAITING************

Write the data to file:134217728 bytes
***********WAITING************

Write the data to file:134217728 bytes
***********WAITING************

Write the data to file:134217728 bytes
***********WAITING************
nr_of_strided_rec: 16
nr_doubles: 131072
nr_of_strided_rec: 16
nr_doubles: 131072
nr_of_strided_rec: 16
nr_doubles: 131072
nr_of_strided_rec: 16
nr_doubles: 131072

Write the data to file:134217728 bytes
***********WAITING************

Write the data to file:134217728 bytes
***********WAITING************

Write the data to file:134217728 bytes
***********WAITING************

Write the data to file:134217728 bytes
***********WAITING************
nr_of_strided_rec: 16
nr_doubles: 131072
nr_of_strided_rec: 16
nr_doubles: 131072
nr_of_strided_rec: 16
nr_doubles: 131072
nr_of_strided_rec: 16
nr_doubles: 131072

Write the data to file:134217728 bytes
***********WAITING************

Write the data to file:134217728 bytes
***********WAITING************

Write the data to file:134217728 bytes
***********WAITING************

Write the data to file:134217728 bytes
***********WAITING************
nr_of_strided_rec: 16
nr_doubles: 131072
nr_of_strided_rec: 16
nr_doubles: 131072
nr_of_strided_rec: 16
nr_doubles: 131072
nr_of_strided_rec: 16
nr_doubles: 131072

Write the data to file:134217728 bytes
***********WAITING************

Write the data to file:134217728 bytes
***********WAITING************

Write the data to file:134217728 bytes
***********WAITING************

Write the data to file:134217728 bytes
***********WAITING************
nr_of_strided_rec: 16
nr_doubles: 131072
nr_of_strided_rec: 16
nr_doubles: 131072
nr_of_strided_rec: 16
nr_doubles: 131072
nr_of_strided_rec: 16
nr_doubles: 131072

Write the data to file:134217728 bytes
***********WAITING************

Write the data to file:134217728 bytes
***********WAITING************

Write the data to file:134217728 bytes
***********WAITING************

Write the data to file:134217728 bytes
***********WAITING************
nr_of_strided_rec: 16
nr_doubles: 131072
nr_of_strided_rec: 16
nr_doubles: 131072
nr_of_strided_rec: 16
nr_doubles: 131072
nr_of_strided_rec: 16
nr_doubles: 131072

Write the data to file:134217728 bytes
***********WAITING************

Write the data to file:134217728 bytes
***********WAITING************

Write the data to file:134217728 bytes
***********WAITING************

Write the data to file:134217728 bytes
***********WAITING************
nr_of_strided_rec: 16
nr_doubles: 131072
nr_of_strided_rec: 16
nr_doubles: 131072
nr_of_strided_rec: 16
nr_doubles: 131072
nr_of_strided_rec: 16
nr_doubles: 131072

Write the data to file:134217728 bytes
***********WAITING************

Write the data to file:134217728 bytes
***********WAITING************

Write the data to file:134217728 bytes
***********WAITING************

Write the data to file:134217728 bytes
***********WAITING************
nr_of_strided_rec: 16
nr_doubles: 131072
nr_of_strided_rec: 16
nr_doubles: 131072
nr_of_strided_rec: 16
nr_doubles: 131072
nr_of_strided_rec: 16
nr_doubles: 131072

Write the data to file:134217728 bytes
***********WAITING************

Write the data to file:134217728 bytes
***********WAITING************

Write the data to file:134217728 bytes
***********WAITING************

Write the data to file:134217728 bytes
***********WAITING************
nr_of_strided_rec: 16
nr_doubles: 131072
nr_of_strided_rec: 16
nr_doubles: 131072
nr_of_strided_rec: 16
nr_doubles: 131072
nr_of_strided_rec: 16
nr_doubles: 131072

Write the data to file:134217728 bytes
***********WAITING************

Write the data to file:134217728 bytes
***********WAITING************

Write the data to file:134217728 bytes
***********WAITING************

Write the data to file:134217728 bytes
***********WAITING************
nr_of_strided_rec: 16
nr_doubles: 131072
nr_of_strided_rec: 16
nr_doubles: 131072
nr_of_strided_rec: 16
nr_doubles: 131072
nr_of_strided_rec: 16
nr_doubles: 131072

Write the data to file:134217728 bytes
***********WAITING************

Write the data to file:134217728 bytes
***********WAITING************

Write the data to file:134217728 bytes
***********WAITING************

Write the data to file:134217728 bytes
***********WAITING************
nr_of_strided_rec: 16
nr_doubles: 131072
nr_of_strided_rec: 16
nr_doubles: 131072
nr_of_strided_rec: 16
nr_doubles: 131072
nr_of_strided_rec: 16
nr_doubles: 131072

Write the data to file:134217728 bytes
***********WAITING************

Write the data to file:134217728 bytes
***********WAITING************

Write the data to file:134217728 bytes
***********WAITING************

Write the data to file:134217728 bytes
***********WAITING************
nr_of_strided_rec: 16
nr_doubles: 131072
nr_of_strided_rec: 16
nr_doubles: 131072
nr_of_strided_rec: 16
nr_doubles: 131072
nr_of_strided_rec: 16
nr_doubles: 131072

Write the data to file:134217728 bytes
***********WAITING************

Write the data to file:134217728 bytes
***********WAITING************

Write the data to file:134217728 bytes
***********WAITING************

Write the data to file:134217728 bytes
***********WAITING************

Write the data to file:134217728 bytes
***********WAITING************

Write the data to file:134217728 bytes
***********WAITING************

Write the data to file:134217728 bytes
***********WAITING************

Write the data to file:134217728 bytes
***********WAITING************
W_cc         3.13   [      3.12:      3.13]
W_r         43.48   [     43.48:     43.48]
W_w         33.74   [     33.74:     33.74]
          -------
W_total     80.35   [     80.34:     80.35]

calc_W done
calc_W done
nr_of_strided_rec: 16
nr_doubles: 131072
calc_W done
nr_of_strided_rec: 16
nr_doubles: 131072
calc_W done
nr_of_strided_rec: 16
nr_doubles: 131072
nr_of_strided_rec: 16
nr_doubles: 131072
nr_of_strided_rec: 16
nr_doubles: 131072
nr_of_strided_rec: 16
nr_doubles: 131072
nr_of_strided_rec: 16
nr_doubles: 131072
nr_of_strided_rec: 16
nr_doubles: 131072
nr_of_strided_rec: 16
nr_doubles: 131072
nr_of_strided_rec: 16
nr_doubles: 131072
nr_of_strided_rec: 16
nr_doubles: 131072
nr_of_strided_rec: 16
nr_doubles: 131072
nr_of_strided_rec: 16
nr_doubles: 131072
nr_of_strided_rec: 16
nr_doubles: 131072
nr_of_strided_rec: 16
nr_doubles: 131072
nr_of_strided_rec: 16
nr_doubles: 131072
nr_of_strided_rec: 16
nr_doubles: 131072
nr_of_strided_rec: 16
nr_doubles: 131072
nr_of_strided_rec: 16
nr_doubles: 131072
nr_of_strided_rec: 16
nr_doubles: 131072
nr_of_strided_rec: 16
nr_doubles: 131072
nr_of_strided_rec: 16
nr_doubles: 131072
nr_of_strided_rec: 16
nr_doubles: 131072
nr_of_strided_rec: 16
nr_doubles: 131072
nr_of_strided_rec: 16
nr_doubles: 131072
nr_of_strided_rec: 16
nr_doubles: 131072
nr_of_strided_rec: 16
nr_doubles: 131072
nr_of_strided_rec: 16
nr_doubles: 131072
nr_of_strided_rec: 16
nr_doubles: 131072
nr_of_strided_rec: 16
nr_doubles: 131072
nr_of_strided_rec: 16
nr_doubles: 131072
nr_of_strided_rec: 16
nr_doubles: 131072
nr_of_strided_rec: 16
nr_doubles: 131072
nr_of_strided_rec: 16
nr_doubles: 131072
nr_of_strided_rec: 16
nr_doubles: 131072
nr_of_strided_rec: 16
nr_doubles: 131072
nr_of_strided_rec: 16
nr_doubles: 131072
nr_of_strided_rec: 16
nr_doubles: 131072
nr_of_strided_rec: 16
nr_doubles: 131072
nr_of_strided_rec: 16
nr_doubles: 131072
nr_of_strided_rec: 16
nr_doubles: 131072
nr_of_strided_rec: 16
nr_doubles: 131072
nr_of_strided_rec: 16
nr_doubles: 131072
nr_of_strided_rec: 16
nr_doubles: 131072
nr_of_strided_rec: 16
nr_doubles: 131072
nr_of_strided_rec: 16
nr_doubles: 131072
nr_of_strided_rec: 16
nr_doubles: 131072
nr_of_strided_rec: 16
nr_doubles: 131072
nr_of_strided_rec: 16
nr_doubles: 131072
nr_of_strided_rec: 16
nr_doubles: 131072
nr_of_strided_rec: 16
nr_doubles: 131072
nr_of_strided_rec: 16
nr_doubles: 131072
nr_of_strided_rec: 16
nr_doubles: 131072
nr_of_strided_rec: 16
nr_doubles: 131072
nr_of_strided_rec: 16
nr_doubles: 131072
nr_of_strided_rec: 16
nr_doubles: 131072
nr_of_strided_rec: 16
nr_doubles: 131072
nr_of_strided_rec: 16
nr_doubles: 131072
nr_of_strided_rec: 16
nr_doubles: 131072
nr_of_strided_rec: 16
nr_doubles: 131072
nr_of_strided_rec: 16
nr_doubles: 131072
nr_of_strided_rec: 16
nr_doubles: 131072
nr_of_strided_rec: 16
nr_doubles: 131072
nr_of_strided_rec: 16
nr_doubles: 131072
nr_of_strided_rec: 16
nr_doubles: 131072
nr_of_strided_rec: 16
nr_doubles: 131072
nr_of_strided_rec: 16
nr_doubles: 131072
nr_of_strided_rec: 16
nr_doubles: 131072
nr_of_strided_rec: 16
nr_doubles: 131072
nr_of_strided_rec: 16
nr_doubles: 131072
nr_of_strided_rec: 16
nr_doubles: 131072
nr_of_strided_rec: 16
nr_doubles: 131072
nr_of_strided_rec: 16
nr_doubles: 131072
nr_of_strided_rec: 16
nr_doubles: 131072
nr_of_strided_rec: 16
nr_doubles: 131072
nr_of_strided_rec: 16
nr_doubles: 131072
nr_of_strided_rec: 16
nr_doubles: 131072
nr_of_strided_rec: 16
nr_doubles: 131072
nr_of_strided_rec: 16
nr_doubles: 131072
nr_of_strided_rec: 16
nr_doubles: 131072
nr_of_strided_rec: 16
nr_doubles: 131072
nr_of_strided_rec: 16
nr_doubles: 131072
nr_of_strided_rec: 16
nr_doubles: 131072
nr_of_strided_rec: 16
nr_doubles: 131072
nr_of_strided_rec: 16
nr_doubles: 131072
nr_of_strided_rec: 16
nr_doubles: 131072
nr_of_strided_rec: 16
nr_doubles: 131072
nr_of_strided_rec: 16
nr_doubles: 131072
nr_of_strided_rec: 16
nr_doubles: 131072
nr_of_strided_rec: 16
nr_doubles: 131072
nr_of_strided_rec: 16
nr_doubles: 131072
nr_of_strided_rec: 16
nr_doubles: 131072
nr_of_strided_rec: 16
nr_doubles: 131072
nr_of_strided_rec: 16
nr_doubles: 131072
nr_of_strided_rec: 16
nr_doubles: 131072
nr_of_strided_rec: 16
nr_doubles: 131072
nr_of_strided_rec: 16
nr_doubles: 131072
nr_of_strided_rec: 16
nr_doubles: 131072
nr_of_strided_rec: 16
nr_doubles: 131072
nr_of_strided_rec: 16
nr_doubles: 131072
nr_of_strided_rec: 16
nr_doubles: 131072
nr_of_strided_rec: 16
nr_doubles: 131072
nr_of_strided_rec: 16
nr_doubles: 131072
nr_of_strided_rec: 16
nr_doubles: 131072
nr_of_strided_rec: 16
nr_doubles: 131072
nr_of_strided_rec: 16
nr_doubles: 131072
nr_of_strided_rec: 16
nr_doubles: 131072
nr_of_strided_rec: 16
nr_doubles: 131072
nr_of_strided_rec: 16
nr_doubles: 131072
nr_of_strided_rec: 16
nr_doubles: 131072
nr_of_strided_rec: 16
nr_doubles: 131072
nr_of_strided_rec: 16
nr_doubles: 131072
nr_of_strided_rec: 16
nr_doubles: 131072
nr_of_strided_rec: 16
nr_doubles: 131072
nr_of_strided_rec: 16
nr_doubles: 131072
nr_of_strided_rec: 16
nr_doubles: 131072
nr_of_strided_rec: 16
nr_doubles: 131072
nr_of_strided_rec: 16
nr_doubles: 131072
nr_of_strided_rec: 16
nr_doubles: 131072
nr_of_strided_rec: 16
nr_doubles: 131072
C_cc         1.11   [      1.11:      1.11]
C_bw         0.82   [      0.82:      0.82]
C_r         31.58   [     31.58:     31.58]
          -------
C_total     33.51   [     33.50:     33.51]


dC[0] = 0.00000e+00
fclose PID:30280 fd:10
fclose PID:30282 fd:8
fclose PID:30279 fd:12
fclose PID:30281 fd:8
READAHEAD_TIME:626354.000000 us
MaxRSS= 534864 KB, SharedMem= 0 KB, HardPageFault= 10
READAHEAD_TIME:620161.000000 us
MaxRSS= 534864 KB, SharedMem= 0 KB, HardPageFault= 12
READAHEAD_TIME:603002.000000 us
MaxRSS= 534780 KB, SharedMem= 0 KB, HardPageFault= 9
READAHEAD_TIME:605669.000000 us
MaxRSS= 534832 KB, SharedMem= 0 KB, HardPageFault= 8
fclose PID:30278 fd:0
fclose PID:30278 fd:6
fclose PID:30278 fd:6
fclose PID:30278 fd:0
READAHEAD_TIME:0.000000 us
MaxRSS= 5404 KB, SharedMem= 0 KB, HardPageFault= 2
fclose PID:30277 fd:3
fclose PID:30277 fd:4
fclose PID:30277 fd:4
fclose PID:30277 fd:3
READAHEAD_TIME:0.000000 us
MaxRSS= 4872 KB, SharedMem= 0 KB, HardPageFault= 4
	Command being timed: "mpiexec -n 4 ./MADbench2_io 8192 30 1 8 64 1 1 1048576 7 1"
	User time (seconds): 79.94
	System time (seconds): 57.16
	Percent of CPU this job got: 93%
	Elapsed (wall clock) time (h:mm:ss or m:ss): 2:25.97
	Average shared text size (kbytes): 0
	Average unshared data size (kbytes): 0
	Average stack size (kbytes): 0
	Average total size (kbytes): 0
	Maximum resident set size (kbytes): 534864
	Average resident set size (kbytes): 0
	Major (requiring I/O) page faults: 46
	Minor (reclaiming a frame) page faults: 2334114
	Voluntary context switches: 19586
	Involuntary context switches: 1113
	Swaps: 0
	File system inputs: 64285600
	File system outputs: 62914656
	Socket messages sent: 0
	Socket messages received: 0
	Signals delivered: 0
	Page size (bytes): 4096
	Exit status: 0
READAHEAD_TIME:0.000000 us
MaxRSS= 2200 KB, SharedMem= 0 KB, HardPageFault= 0
*******************DMESG OUTPUT******************
