fclose PID:31696 fd:3
fclose PID:31696 fd:4
fclose PID:31696 fd:4
fclose PID:31696 fd:3
available: 2 nodes (0-1)
fclose PID:31696 fd:3
node 0 cpus:fclose PID:31696 fd:3
 0 1 2 3 4 5 6 7 8 9 20 21 22 23 24 25 26 27 28 29
node 0 size: 80440 MB
node 0 free: 80121 MB
fclose PID:31696 fd:3
node 1 cpus:fclose PID:31696 fd:3
 10 11 12 13 14 15 16 17 18 19 30 31 32 33 34 35 36 37 38 39
node 1 size: 80635 MB
node 1 free: 80380 MB
fclose PID:31696 fd:3
fclose PID:31696 fd:3
node distances:
node   0   1 
  0:  10  21 
  1:  21  10 
READAHEAD_TIME:0.000000 us
MaxRSS= 2232 KB, SharedMem= 0 KB, HardPageFault= 10
fclose PID:31701 fd:12
fclose PID:31703 fd:8
fclose PID:31702 fd:10
fclose PID:31704 fd:8

MADbench 2.0 IO-mode
no_pe = 4  no_pix = 16384  no_bin = 30  no_gang = 1 sblocksize = 8  fblocksize = 64  r_mod = 1  w_mod = 1 record_size=4096 stride=7


IOMETHOD = POSIX  IOMODE = SYNC  FILETYPE = UNIQUE  REMAP = CUSTOMbuild_S
build_S
build_S
build_S

Write the data to file:536870912 bytes
***********WAITING************

Write the data to file:536870912 bytes
***********WAITING************

Write the data to file:536870912 bytes
***********WAITING************

Write the data to file:536870912 bytes
***********WAITING************

Write the data to file:536870912 bytes
***********WAITING************

Write the data to file:536870912 bytes
***********WAITING************

Write the data to file:536870912 bytes
***********WAITING************

Write the data to file:536870912 bytes
***********WAITING************

Write the data to file:536870912 bytes
***********WAITING************

Write the data to file:536870912 bytes
***********WAITING************

Write the data to file:536870912 bytes
***********WAITING************

Write the data to file:536870912 bytes
***********WAITING************

Write the data to file:536870912 bytes
***********WAITING************

Write the data to file:536870912 bytes
***********WAITING************

Write the data to file:536870912 bytes
***********WAITING************

Write the data to file:536870912 bytes
***********WAITING************

Write the data to file:536870912 bytes
***********WAITING************

Write the data to file:536870912 bytes
***********WAITING************

Write the data to file:536870912 bytes
***********WAITING************

Write the data to file:536870912 bytes
***********WAITING************

Write the data to file:536870912 bytes
***********WAITING************

Write the data to file:536870912 bytes
***********WAITING************

Write the data to file:536870912 bytes
***********WAITING************

Write the data to file:536870912 bytes
***********WAITING************

Write the data to file:536870912 bytes
***********WAITING************

Write the data to file:536870912 bytes
***********WAITING************

Write the data to file:536870912 bytes
***********WAITING************

Write the data to file:536870912 bytes
***********WAITING************

Write the data to file:536870912 bytes
***********WAITING************

Write the data to file:536870912 bytes
***********WAITING************

Write the data to file:536870912 bytes
***********WAITING************

Write the data to file:536870912 bytes
***********WAITING************

Write the data to file:536870912 bytes
***********WAITING************

Write the data to file:536870912 bytes
***********WAITING************

Write the data to file:536870912 bytes
***********WAITING************

Write the data to file:536870912 bytes
***********WAITING************

Write the data to file:536870912 bytes
***********WAITING************

Write the data to file:536870912 bytes
***********WAITING************

Write the data to file:536870912 bytes
***********WAITING************

Write the data to file:536870912 bytes
***********WAITING************

Write the data to file:536870912 bytes
***********WAITING************

Write the data to file:536870912 bytes
***********WAITING************

Write the data to file:536870912 bytes
***********WAITING************

Write the data to file:536870912 bytes
***********WAITING************

Write the data to file:536870912 bytes
***********WAITING************

Write the data to file:536870912 bytes
***********WAITING************

Write the data to file:536870912 bytes
***********WAITING************

Write the data to file:536870912 bytes
***********WAITING************

Write the data to file:536870912 bytes
***********WAITING************

Write the data to file:536870912 bytes
***********WAITING************

Write the data to file:536870912 bytes
***********WAITING************

Write the data to file:536870912 bytes
***********WAITING************

Write the data to file:536870912 bytes
***********WAITING************

Write the data to file:536870912 bytes
***********WAITING************

Write the data to file:536870912 bytes
***********WAITING************

Write the data to file:536870912 bytes
***********WAITING************

Write the data to file:536870912 bytes
***********WAITING************

Write the data to file:536870912 bytes
***********WAITING************

Write the data to file:536870912 bytes
***********WAITING************

Write the data to file:536870912 bytes
***********WAITING************

Write the data to file:536870912 bytes
***********WAITING************

Write the data to file:536870912 bytes
***********WAITING************

Write the data to file:536870912 bytes
***********WAITING************

Write the data to file:536870912 bytes
***********WAITING************

Write the data to file:536870912 bytes
***********WAITING************

Write the data to file:536870912 bytes
***********WAITING************

Write the data to file:536870912 bytes
***********WAITING************

Write the data to file:536870912 bytes
***********WAITING************

Write the data to file:536870912 bytes
***********WAITING************

Write the data to file:536870912 bytes
***********WAITING************

Write the data to file:536870912 bytes
***********WAITING************

Write the data to file:536870912 bytes
***********WAITING************

Write the data to file:536870912 bytes
***********WAITING************

Write the data to file:536870912 bytes
***********WAITING************

Write the data to file:536870912 bytes
***********WAITING************

Write the data to file:536870912 bytes
***********WAITING************

Write the data to file:536870912 bytes
***********WAITING************

Write the data to file:536870912 bytes
***********WAITING************

Write the data to file:536870912 bytes
***********WAITING************

Write the data to file:536870912 bytes
***********WAITING************

Write the data to file:536870912 bytes
***********WAITING************

Write the data to file:536870912 bytes
***********WAITING************

Write the data to file:536870912 bytes
***********WAITING************

Write the data to file:536870912 bytes
***********WAITING************

Write the data to file:536870912 bytes
***********WAITING************

Write the data to file:536870912 bytes
***********WAITING************

Write the data to file:536870912 bytes
***********WAITING************

Write the data to file:536870912 bytes
***********WAITING************

Write the data to file:536870912 bytes
***********WAITING************

Write the data to file:536870912 bytes
***********WAITING************

Write the data to file:536870912 bytes
***********WAITING************

Write the data to file:536870912 bytes
***********WAITING************

Write the data to file:536870912 bytes
***********WAITING************

Write the data to file:536870912 bytes
***********WAITING************

Write the data to file:536870912 bytes
***********WAITING************

Write the data to file:536870912 bytes
***********WAITING************

Write the data to file:536870912 bytes
***********WAITING************

Write the data to file:536870912 bytes
***********WAITING************

Write the data to file:536870912 bytes
***********WAITING************

Write the data to file:536870912 bytes
***********WAITING************

Write the data to file:536870912 bytes
***********WAITING************

Write the data to file:536870912 bytes
***********WAITING************

Write the data to file:536870912 bytes
***********WAITING************

Write the data to file:536870912 bytes
***********WAITING************

Write the data to file:536870912 bytes
***********WAITING************

Write the data to file:536870912 bytes
***********WAITING************

Write the data to file:536870912 bytes
***********WAITING************

Write the data to file:536870912 bytes
***********WAITING************

Write the data to file:536870912 bytes
***********WAITING************

Write the data to file:536870912 bytes
***********WAITING************

Write the data to file:536870912 bytes
***********WAITING************

Write the data to file:536870912 bytes
***********WAITING************

Write the data to file:536870912 bytes
***********WAITING************

Write the data to file:536870912 bytes
***********WAITING************

Write the data to file:536870912 bytes
***********WAITING************

Write the data to file:536870912 bytes
***********WAITING************

Write the data to file:536870912 bytes
***********WAITING************

Write the data to file:536870912 bytes
***********WAITING************

Write the data to file:536870912 bytes
***********WAITING************

Write the data to file:536870912 bytes
***********WAITING************
S_cc         4.82   [      4.81:      4.82]
S_bw         2.81   [      2.81:      2.81]
S_w        152.76   [    152.76:    152.76]
          -------
S_total    160.38   [    160.37:    160.38]

build_S done
calc_W
nr_of_strided_rec: 16384
nr_doubles: 512
build_S done
calc_W
nr_of_strided_rec: 16384
nr_doubles: 512
build_S done
calc_W
nr_of_strided_rec: 16384
nr_doubles: 512
build_S done
calc_W
nr_of_strided_rec: 16384
nr_doubles: 512
nr_of_strided_rec: 16384
nr_doubles: 512
nr_of_strided_rec: 16384
nr_doubles: 512
nr_of_strided_rec: 16384
nr_doubles: 512
nr_of_strided_rec: 16384
nr_doubles: 512

Write the data to file:536870912 bytes
***********WAITING************

Write the data to file:536870912 bytes
***********WAITING************

Write the data to file:536870912 bytes
***********WAITING************

Write the data to file:536870912 bytes
***********WAITING************
nr_of_strided_rec: 16384
nr_doubles: 512
nr_of_strided_rec: 16384
nr_doubles: 512
nr_of_strided_rec: 16384
nr_doubles: 512
nr_of_strided_rec: 16384
nr_doubles: 512

Write the data to file:536870912 bytes
***********WAITING************

Write the data to file:536870912 bytes
***********WAITING************

Write the data to file:536870912 bytes
***********WAITING************

Write the data to file:536870912 bytes
***********WAITING************
nr_of_strided_rec: 16384
nr_doubles: 512
nr_of_strided_rec: 16384
nr_doubles: 512
nr_of_strided_rec: 16384
nr_doubles: 512
nr_of_strided_rec: 16384
nr_doubles: 512

Write the data to file:536870912 bytes
***********WAITING************

Write the data to file:536870912 bytes
***********WAITING************

Write the data to file:536870912 bytes
***********WAITING************

Write the data to file:536870912 bytes
***********WAITING************
nr_of_strided_rec: 16384
nr_doubles: 512
nr_of_strided_rec: 16384
nr_doubles: 512
nr_of_strided_rec: 16384
nr_doubles: 512
nr_of_strided_rec: 16384
nr_doubles: 512

Write the data to file:536870912 bytes
***********WAITING************

Write the data to file:536870912 bytes
***********WAITING************

Write the data to file:536870912 bytes
***********WAITING************

Write the data to file:536870912 bytes
***********WAITING************
nr_of_strided_rec: 16384
nr_doubles: 512
nr_of_strided_rec: 16384
nr_doubles: 512
nr_of_strided_rec: 16384
nr_doubles: 512
nr_of_strided_rec: 16384
nr_doubles: 512

Write the data to file:536870912 bytes
***********WAITING************

Write the data to file:536870912 bytes
***********WAITING************

Write the data to file:536870912 bytes
***********WAITING************

Write the data to file:536870912 bytes
***********WAITING************
nr_of_strided_rec: 16384
nr_doubles: 512
nr_of_strided_rec: 16384
nr_doubles: 512
nr_of_strided_rec: 16384
nr_doubles: 512
nr_of_strided_rec: 16384
nr_doubles: 512

Write the data to file:536870912 bytes
***********WAITING************

Write the data to file:536870912 bytes
***********WAITING************

Write the data to file:536870912 bytes
***********WAITING************

Write the data to file:536870912 bytes
***********WAITING************
nr_of_strided_rec: 16384
nr_doubles: 512
nr_of_strided_rec: 16384
nr_doubles: 512
nr_of_strided_rec: 16384
nr_doubles: 512
nr_of_strided_rec: 16384
nr_doubles: 512

Write the data to file:536870912 bytes
***********WAITING************

Write the data to file:536870912 bytes
***********WAITING************

Write the data to file:536870912 bytes
***********WAITING************

Write the data to file:536870912 bytes
***********WAITING************
nr_of_strided_rec: 16384
nr_doubles: 512
nr_of_strided_rec: 16384
nr_doubles: 512
nr_of_strided_rec: 16384
nr_doubles: 512
nr_of_strided_rec: 16384
nr_doubles: 512

Write the data to file:536870912 bytes
***********WAITING************

Write the data to file:536870912 bytes
***********WAITING************

Write the data to file:536870912 bytes
***********WAITING************

Write the data to file:536870912 bytes
***********WAITING************
nr_of_strided_rec: 16384
nr_doubles: 512
nr_of_strided_rec: 16384
nr_doubles: 512
nr_of_strided_rec: 16384
nr_doubles: 512
nr_of_strided_rec: 16384
nr_doubles: 512

Write the data to file:536870912 bytes
***********WAITING************

Write the data to file:536870912 bytes
***********WAITING************

Write the data to file:536870912 bytes
***********WAITING************

Write the data to file:536870912 bytes
***********WAITING************
nr_of_strided_rec: 16384
nr_doubles: 512
nr_of_strided_rec: 16384
nr_doubles: 512
nr_of_strided_rec: 16384
nr_doubles: 512
nr_of_strided_rec: 16384
nr_doubles: 512

Write the data to file:536870912 bytes
***********WAITING************

Write the data to file:536870912 bytes
***********WAITING************

Write the data to file:536870912 bytes
***********WAITING************

Write the data to file:536870912 bytes
***********WAITING************
nr_of_strided_rec: 16384
nr_doubles: 512
nr_of_strided_rec: 16384
nr_doubles: 512
nr_of_strided_rec: 16384
nr_doubles: 512
nr_of_strided_rec: 16384
nr_doubles: 512

Write the data to file:536870912 bytes
***********WAITING************

Write the data to file:536870912 bytes
***********WAITING************

Write the data to file:536870912 bytes
***********WAITING************

Write the data to file:536870912 bytes
***********WAITING************
nr_of_strided_rec: 16384
nr_doubles: 512
nr_of_strided_rec: 16384
nr_doubles: 512
nr_of_strided_rec: 16384
nr_doubles: 512
nr_of_strided_rec: 16384
nr_doubles: 512

Write the data to file:536870912 bytes
***********WAITING************

Write the data to file:536870912 bytes
***********WAITING************

Write the data to file:536870912 bytes
***********WAITING************

Write the data to file:536870912 bytes
***********WAITING************
nr_of_strided_rec: 16384
nr_doubles: 512
nr_of_strided_rec: 16384
nr_doubles: 512
nr_of_strided_rec: 16384
nr_doubles: 512
nr_of_strided_rec: 16384
nr_doubles: 512

Write the data to file:536870912 bytes
***********WAITING************

Write the data to file:536870912 bytes
***********WAITING************

Write the data to file:536870912 bytes
***********WAITING************

Write the data to file:536870912 bytes
***********WAITING************
nr_of_strided_rec: 16384
nr_doubles: 512
nr_of_strided_rec: 16384
nr_doubles: 512
nr_of_strided_rec: 16384
nr_doubles: 512
nr_of_strided_rec: 16384
nr_doubles: 512

Write the data to file:536870912 bytes
***********WAITING************

Write the data to file:536870912 bytes
***********WAITING************

Write the data to file:536870912 bytes
***********WAITING************

Write the data to file:536870912 bytes
***********WAITING************
nr_of_strided_rec: 16384
nr_doubles: 512
nr_of_strided_rec: 16384
nr_doubles: 512
nr_of_strided_rec: 16384
nr_doubles: 512
nr_of_strided_rec: 16384
nr_doubles: 512

Write the data to file:536870912 bytes
***********WAITING************

Write the data to file:536870912 bytes
***********WAITING************

Write the data to file:536870912 bytes
***********WAITING************

Write the data to file:536870912 bytes
***********WAITING************
nr_of_strided_rec: 16384
nr_doubles: 512
nr_of_strided_rec: 16384
nr_doubles: 512
nr_of_strided_rec: 16384
nr_doubles: 512
nr_of_strided_rec: 16384
nr_doubles: 512

Write the data to file:536870912 bytes
***********WAITING************

Write the data to file:536870912 bytes
***********WAITING************

Write the data to file:536870912 bytes
***********WAITING************

Write the data to file:536870912 bytes
***********WAITING************
nr_of_strided_rec: 16384
nr_doubles: 512
nr_of_strided_rec: 16384
nr_doubles: 512
nr_of_strided_rec: 16384
nr_doubles: 512
nr_of_strided_rec: 16384
nr_doubles: 512

Write the data to file:536870912 bytes
***********WAITING************

Write the data to file:536870912 bytes
***********WAITING************

Write the data to file:536870912 bytes
***********WAITING************

Write the data to file:536870912 bytes
***********WAITING************
nr_of_strided_rec: 16384
nr_doubles: 512
nr_of_strided_rec: 16384
nr_doubles: 512
nr_of_strided_rec: 16384
nr_doubles: 512
nr_of_strided_rec: 16384
nr_doubles: 512

Write the data to file:536870912 bytes
***********WAITING************

Write the data to file:536870912 bytes
***********WAITING************

Write the data to file:536870912 bytes
***********WAITING************

Write the data to file:536870912 bytes
***********WAITING************
nr_of_strided_rec: 16384
nr_doubles: 512
nr_of_strided_rec: 16384
nr_doubles: 512
nr_of_strided_rec: 16384
nr_doubles: 512
nr_of_strided_rec: 16384
nr_doubles: 512

Write the data to file:536870912 bytes
***********WAITING************

Write the data to file:536870912 bytes
***********WAITING************

Write the data to file:536870912 bytes
***********WAITING************

Write the data to file:536870912 bytes
***********WAITING************
nr_of_strided_rec: 16384
nr_doubles: 512
nr_of_strided_rec: 16384
nr_doubles: 512
nr_of_strided_rec: 16384
nr_doubles: 512
nr_of_strided_rec: 16384
nr_doubles: 512

Write the data to file:536870912 bytes
***********WAITING************

Write the data to file:536870912 bytes
***********WAITING************

Write the data to file:536870912 bytes
***********WAITING************

Write the data to file:536870912 bytes
***********WAITING************
nr_of_strided_rec: 16384
nr_doubles: 512
nr_of_strided_rec: 16384
nr_doubles: 512
nr_of_strided_rec: 16384
nr_doubles: 512
nr_of_strided_rec: 16384
nr_doubles: 512

Write the data to file:536870912 bytes
***********WAITING************

Write the data to file:536870912 bytes
***********WAITING************

Write the data to file:536870912 bytes
***********WAITING************

Write the data to file:536870912 bytes
***********WAITING************
nr_of_strided_rec: 16384
nr_doubles: 512
nr_of_strided_rec: 16384
nr_doubles: 512
nr_of_strided_rec: 16384
nr_doubles: 512
nr_of_strided_rec: 16384
nr_doubles: 512

Write the data to file:536870912 bytes
***********WAITING************

Write the data to file:536870912 bytes
***********WAITING************

Write the data to file:536870912 bytes
***********WAITING************

Write the data to file:536870912 bytes
***********WAITING************
nr_of_strided_rec: 16384
nr_doubles: 512
nr_of_strided_rec: 16384
nr_doubles: 512
nr_of_strided_rec: 16384
nr_doubles: 512
nr_of_strided_rec: 16384
nr_doubles: 512

Write the data to file:536870912 bytes
***********WAITING************

Write the data to file:536870912 bytes
***********WAITING************

Write the data to file:536870912 bytes
***********WAITING************

Write the data to file:536870912 bytes
***********WAITING************
nr_of_strided_rec: 16384
nr_doubles: 512
nr_of_strided_rec: 16384
nr_doubles: 512
nr_of_strided_rec: 16384
nr_doubles: 512
nr_of_strided_rec: 16384
nr_doubles: 512

Write the data to file:536870912 bytes
***********WAITING************

Write the data to file:536870912 bytes
***********WAITING************

Write the data to file:536870912 bytes
***********WAITING************

Write the data to file:536870912 bytes
***********WAITING************
nr_of_strided_rec: 16384
nr_doubles: 512
nr_of_strided_rec: 16384
nr_doubles: 512
nr_of_strided_rec: 16384
nr_doubles: 512
nr_of_strided_rec: 16384
nr_doubles: 512

Write the data to file:536870912 bytes
***********WAITING************

Write the data to file:536870912 bytes
***********WAITING************

Write the data to file:536870912 bytes
***********WAITING************

Write the data to file:536870912 bytes
***********WAITING************
nr_of_strided_rec: 16384
nr_doubles: 512
nr_of_strided_rec: 16384
nr_doubles: 512
nr_of_strided_rec: 16384
nr_doubles: 512
nr_of_strided_rec: 16384
nr_doubles: 512

Write the data to file:536870912 bytes
***********WAITING************

Write the data to file:536870912 bytes
***********WAITING************

Write the data to file:536870912 bytes
***********WAITING************

Write the data to file:536870912 bytes
***********WAITING************
nr_of_strided_rec: 16384
nr_doubles: 512
nr_of_strided_rec: 16384
nr_doubles: 512
nr_of_strided_rec: 16384
nr_doubles: 512
nr_of_strided_rec: 16384
nr_doubles: 512

Write the data to file:536870912 bytes
***********WAITING************

Write the data to file:536870912 bytes
***********WAITING************

Write the data to file:536870912 bytes
***********WAITING************

Write the data to file:536870912 bytes
***********WAITING************
nr_of_strided_rec: 16384
nr_doubles: 512
nr_of_strided_rec: 16384
nr_doubles: 512
nr_of_strided_rec: 16384
nr_doubles: 512
nr_of_strided_rec: 16384
nr_doubles: 512

Write the data to file:536870912 bytes
***********WAITING************

Write the data to file:536870912 bytes
***********WAITING************

Write the data to file:536870912 bytes
***********WAITING************

Write the data to file:536870912 bytes
***********WAITING************
nr_of_strided_rec: 16384
nr_doubles: 512
nr_of_strided_rec: 16384
nr_doubles: 512
nr_of_strided_rec: 16384
nr_doubles: 512
nr_of_strided_rec: 16384
nr_doubles: 512

Write the data to file:536870912 bytes
***********WAITING************

Write the data to file:536870912 bytes
***********WAITING************

Write the data to file:536870912 bytes
***********WAITING************

Write the data to file:536870912 bytes
***********WAITING************

Write the data to file:536870912 bytes
***********WAITING************

Write the data to file:536870912 bytes
***********WAITING************

Write the data to file:536870912 bytes
***********WAITING************

Write the data to file:536870912 bytes
***********WAITING************
W_cc        11.32   [     11.31:     11.34]
W_r        367.53   [    367.53:    367.53]
W_w        102.98   [    102.98:    102.99]
          -------
W_total    481.83   [    481.83:    481.85]

calc_W done
calc_W done
calc_W done
nr_of_strided_rec: 16384
nr_doubles: 512
calc_W done
nr_of_strided_rec: 16384
nr_doubles: 512
nr_of_strided_rec: 16384
nr_doubles: 512
nr_of_strided_rec: 16384
nr_doubles: 512
nr_of_strided_rec: 16384
nr_doubles: 512
nr_of_strided_rec: 16384
nr_doubles: 512
nr_of_strided_rec: 16384
nr_doubles: 512
nr_of_strided_rec: 16384
nr_doubles: 512
nr_of_strided_rec: 16384
nr_doubles: 512
nr_of_strided_rec: 16384
nr_doubles: 512
nr_of_strided_rec: 16384
nr_doubles: 512
nr_of_strided_rec: 16384
nr_doubles: 512
nr_of_strided_rec: 16384
nr_doubles: 512
nr_of_strided_rec: 16384
nr_doubles: 512
nr_of_strided_rec: 16384
nr_doubles: 512
nr_of_strided_rec: 16384
nr_doubles: 512
nr_of_strided_rec: 16384
nr_doubles: 512
nr_of_strided_rec: 16384
nr_doubles: 512
nr_of_strided_rec: 16384
nr_doubles: 512
nr_of_strided_rec: 16384
nr_doubles: 512
nr_of_strided_rec: 16384
nr_doubles: 512
nr_of_strided_rec: 16384
nr_doubles: 512
nr_of_strided_rec: 16384
nr_doubles: 512
nr_of_strided_rec: 16384
nr_doubles: 512
nr_of_strided_rec: 16384
nr_doubles: 512
nr_of_strided_rec: 16384
nr_doubles: 512
nr_of_strided_rec: 16384
nr_doubles: 512
nr_of_strided_rec: 16384
nr_doubles: 512
nr_of_strided_rec: 16384
nr_doubles: 512
nr_of_strided_rec: 16384
nr_doubles: 512
nr_of_strided_rec: 16384
nr_doubles: 512
nr_of_strided_rec: 16384
nr_doubles: 512
nr_of_strided_rec: 16384
nr_doubles: 512
nr_of_strided_rec: 16384
nr_doubles: 512
nr_of_strided_rec: 16384
nr_doubles: 512
nr_of_strided_rec: 16384
nr_doubles: 512
nr_of_strided_rec: 16384
nr_doubles: 512
nr_of_strided_rec: 16384
nr_doubles: 512
nr_of_strided_rec: 16384
nr_doubles: 512
nr_of_strided_rec: 16384
nr_doubles: 512
nr_of_strided_rec: 16384
nr_doubles: 512
nr_of_strided_rec: 16384
nr_doubles: 512
nr_of_strided_rec: 16384
nr_doubles: 512
nr_of_strided_rec: 16384
nr_doubles: 512
nr_of_strided_rec: 16384
nr_doubles: 512
nr_of_strided_rec: 16384
nr_doubles: 512
nr_of_strided_rec: 16384
nr_doubles: 512
nr_of_strided_rec: 16384
nr_doubles: 512
nr_of_strided_rec: 16384
nr_doubles: 512
nr_of_strided_rec: 16384
nr_doubles: 512
nr_of_strided_rec: 16384
nr_doubles: 512
nr_of_strided_rec: 16384
nr_doubles: 512
nr_of_strided_rec: 16384
nr_doubles: 512
nr_of_strided_rec: 16384
nr_doubles: 512
nr_of_strided_rec: 16384
nr_doubles: 512
nr_of_strided_rec: 16384
nr_doubles: 512
nr_of_strided_rec: 16384
nr_doubles: 512
nr_of_strided_rec: 16384
nr_doubles: 512
nr_of_strided_rec: 16384
nr_doubles: 512
nr_of_strided_rec: 16384
nr_doubles: 512
nr_of_strided_rec: 16384
nr_doubles: 512
nr_of_strided_rec: 16384
nr_doubles: 512
nr_of_strided_rec: 16384
nr_doubles: 512
nr_of_strided_rec: 16384
nr_doubles: 512
nr_of_strided_rec: 16384
nr_doubles: 512
nr_of_strided_rec: 16384
nr_doubles: 512
nr_of_strided_rec: 16384
nr_doubles: 512
nr_of_strided_rec: 16384
nr_doubles: 512
nr_of_strided_rec: 16384
nr_doubles: 512
nr_of_strided_rec: 16384
nr_doubles: 512
nr_of_strided_rec: 16384
nr_doubles: 512
nr_of_strided_rec: 16384
nr_doubles: 512
nr_of_strided_rec: 16384
nr_doubles: 512
nr_of_strided_rec: 16384
nr_doubles: 512
nr_of_strided_rec: 16384
nr_doubles: 512
nr_of_strided_rec: 16384
nr_doubles: 512
nr_of_strided_rec: 16384
nr_doubles: 512
nr_of_strided_rec: 16384
nr_doubles: 512
nr_of_strided_rec: 16384
nr_doubles: 512
nr_of_strided_rec: 16384
nr_doubles: 512
nr_of_strided_rec: 16384
nr_doubles: 512
nr_of_strided_rec: 16384
nr_doubles: 512
nr_of_strided_rec: 16384
nr_doubles: 512
nr_of_strided_rec: 16384
nr_doubles: 512
nr_of_strided_rec: 16384
nr_doubles: 512
nr_of_strided_rec: 16384
nr_doubles: 512
nr_of_strided_rec: 16384
nr_doubles: 512
nr_of_strided_rec: 16384
nr_doubles: 512
nr_of_strided_rec: 16384
nr_doubles: 512
nr_of_strided_rec: 16384
nr_doubles: 512
nr_of_strided_rec: 16384
nr_doubles: 512
nr_of_strided_rec: 16384
nr_doubles: 512
nr_of_strided_rec: 16384
nr_doubles: 512
nr_of_strided_rec: 16384
nr_doubles: 512
nr_of_strided_rec: 16384
nr_doubles: 512
nr_of_strided_rec: 16384
nr_doubles: 512
nr_of_strided_rec: 16384
nr_doubles: 512
nr_of_strided_rec: 16384
nr_doubles: 512
nr_of_strided_rec: 16384
nr_doubles: 512
nr_of_strided_rec: 16384
nr_doubles: 512
nr_of_strided_rec: 16384
nr_doubles: 512
nr_of_strided_rec: 16384
nr_doubles: 512
nr_of_strided_rec: 16384
nr_doubles: 512
nr_of_strided_rec: 16384
nr_doubles: 512
nr_of_strided_rec: 16384
nr_doubles: 512
nr_of_strided_rec: 16384
nr_doubles: 512
nr_of_strided_rec: 16384
nr_doubles: 512
nr_of_strided_rec: 16384
nr_doubles: 512
nr_of_strided_rec: 16384
nr_doubles: 512
nr_of_strided_rec: 16384
nr_doubles: 512
nr_of_strided_rec: 16384
nr_doubles: 512
nr_of_strided_rec: 16384
nr_doubles: 512
nr_of_strided_rec: 16384
nr_doubles: 512
nr_of_strided_rec: 16384
nr_doubles: 512
nr_of_strided_rec: 16384
nr_doubles: 512
nr_of_strided_rec: 16384
nr_doubles: 512
nr_of_strided_rec: 16384
nr_doubles: 512
nr_of_strided_rec: 16384
nr_doubles: 512
nr_of_strided_rec: 16384
nr_doubles: 512
nr_of_strided_rec: 16384
nr_doubles: 512
C_cc         4.76   [      4.75:      4.76]
C_bw         2.64   [      2.64:      2.64]
C_r        317.21   [    317.21:    317.21]
          -------
C_total    324.61   [    324.61:    324.61]


dC[0] = 0.00000e+00
fclose PID:31701 fd:12
fclose PID:31703 fd:8
fclose PID:31702 fd:10
fclose PID:31704 fd:8
READAHEAD_TIME:200795188.000000 us
MaxRSS= 2107776 KB, SharedMem= 0 KB, HardPageFault= 16
READAHEAD_TIME:234336393.000000 us
MaxRSS= 2107912 KB, SharedMem= 0 KB, HardPageFault= 10
READAHEAD_TIME:219930094.000000 us
MaxRSS= 2107792 KB, SharedMem= 0 KB, HardPageFault= 8
READAHEAD_TIME:216418756.000000 us
MaxRSS= 2107880 KB, SharedMem= 0 KB, HardPageFault= 12
fclose PID:31700 fd:0
fclose PID:31700 fd:6
fclose PID:31700 fd:6
fclose PID:31700 fd:0
READAHEAD_TIME:0.000000 us
MaxRSS= 5420 KB, SharedMem= 0 KB, HardPageFault= 2
fclose PID:31699 fd:3
fclose PID:31699 fd:4
fclose PID:31699 fd:4
fclose PID:31699 fd:3
READAHEAD_TIME:0.000000 us
MaxRSS= 4896 KB, SharedMem= 0 KB, HardPageFault= 4
	Command being timed: "mpiexec -n 4 ./MADbench2_io 16384 30 1 8 64 1 1 4096 7 1"
	User time (seconds): 905.92
	System time (seconds): 424.46
	Percent of CPU this job got: 137%
	Elapsed (wall clock) time (h:mm:ss or m:ss): 16:07.53
	Average shared text size (kbytes): 0
	Average unshared data size (kbytes): 0
	Average stack size (kbytes): 0
	Average total size (kbytes): 0
	Maximum resident set size (kbytes): 2107912
	Average resident set size (kbytes): 0
	Major (requiring I/O) page faults: 53
	Minor (reclaiming a frame) page faults: 20438526
	Voluntary context switches: 4431741
	Involuntary context switches: 15205
	Swaps: 0
	File system inputs: 241780408
	File system outputs: 251658632
	Socket messages sent: 0
	Socket messages received: 0
	Signals delivered: 0
	Page size (bytes): 4096
	Exit status: 0
READAHEAD_TIME:0.000000 us
MaxRSS= 2184 KB, SharedMem= 0 KB, HardPageFault= 0
*******************DMESG OUTPUT******************
[25956.195152] perf: interrupt took too long (4022 > 3930), lowering kernel.perf_event_max_sample_rate to 49500
