fclose PID:38569 fd:3
fclose PID:38569 fd:4
fclose PID:38569 fd:4
fclose PID:38569 fd:3
available: 2 nodes (0-1)
fclose PID:38569 fd:3
node 0 cpus:fclose PID:38569 fd:3
 0 1 2 3 4 5 6 7 8 9 20 21 22 23 24 25 26 27 28 29
node 0 size: 80440 MB
node 0 free: 80125 MB
fclose PID:38569 fd:3
node 1 cpus:fclose PID:38569 fd:3
 10 11 12 13 14 15 16 17 18 19 30 31 32 33 34 35 36 37 38 39
node 1 size: 80635 MB
node 1 free: 80364 MB
fclose PID:38569 fd:3
fclose PID:38569 fd:3
node distances:
node   0   1 
  0:  10  21 
  1:  21  10 
READAHEAD_TIME:0.000000 us
MaxRSS= 2260 KB, SharedMem= 0 KB, HardPageFault= 10
fclose PID:38579 fd:8
fclose PID:38584 fd:8
fclose PID:38587 fd:8
fclose PID:38574 fd:12
fclose PID:38575 fd:10
fclose PID:38585 fd:8
fclose PID:38577 fd:8
fclose PID:38578 fd:8
fclose PID:38580 fd:8
fclose PID:38583 fd:8
fclose PID:38576 fd:8
fclose PID:38582 fd:8
fclose PID:38586 fd:8
fclose PID:38589 fd:8
fclose PID:38581 fd:8
fclose PID:38588 fd:8

MADbench 2.0 IO-mode
no_pe = 16  no_pix = 8192  no_bin = 30  no_gang = 1 sblocksize = 8  fblocksize = 64  r_mod = 1  w_mod = 1 record_size=4194304 stride=7


IOMETHOD = POSIX  IOMODE = SYNC  FILETYPE = UNIQUE  REMAP = CUSTOMbuild_S
build_S
build_S
build_S
build_S
build_S
build_S
build_S
build_S
build_S
build_S
build_S
build_S
build_S
build_S
build_S

Write the data to file:33554432 bytes
***********WAITING************

Write the data to file:33554432 bytes
***********WAITING************

Write the data to file:33554432 bytes
***********WAITING************

Write the data to file:33554432 bytes
***********WAITING************

Write the data to file:33554432 bytes
***********WAITING************

Write the data to file:33554432 bytes
***********WAITING************

Write the data to file:33554432 bytes
***********WAITING************

Write the data to file:33554432 bytes
***********WAITING************

Write the data to file:33554432 bytes
***********WAITING************

Write the data to file:33554432 bytes
***********WAITING************

Write the data to file:33554432 bytes
***********WAITING************

Write the data to file:33554432 bytes
***********WAITING************

Write the data to file:33554432 bytes
***********WAITING************

Write the data to file:33554432 bytes
***********WAITING************

Write the data to file:33554432 bytes
***********WAITING************

Write the data to file:33554432 bytes
***********WAITING************

Write the data to file:33554432 bytes
***********WAITING************

Write the data to file:33554432 bytes
***********WAITING************

Write the data to file:33554432 bytes
***********WAITING************

Write the data to file:33554432 bytes
***********WAITING************

Write the data to file:33554432 bytes
***********WAITING************

Write the data to file:33554432 bytes
***********WAITING************

Write the data to file:33554432 bytes
***********WAITING************

Write the data to file:33554432 bytes
***********WAITING************

Write the data to file:33554432 bytes
***********WAITING************

Write the data to file:33554432 bytes
***********WAITING************

Write the data to file:33554432 bytes
***********WAITING************

Write the data to file:33554432 bytes
***********WAITING************

Write the data to file:33554432 bytes
***********WAITING************

Write the data to file:33554432 bytes
***********WAITING************

Write the data to file:33554432 bytes
***********WAITING************

Write the data to file:33554432 bytes
***********WAITING************

Write the data to file:33554432 bytes
***********WAITING************

Write the data to file:33554432 bytes
***********WAITING************

Write the data to file:33554432 bytes
***********WAITING************

Write the data to file:33554432 bytes
***********WAITING************

Write the data to file:33554432 bytes
***********WAITING************

Write the data to file:33554432 bytes
***********WAITING************

Write the data to file:33554432 bytes
***********WAITING************

Write the data to file:33554432 bytes
***********WAITING************

Write the data to file:33554432 bytes
***********WAITING************

Write the data to file:33554432 bytes
***********WAITING************

Write the data to file:33554432 bytes
***********WAITING************

Write the data to file:33554432 bytes
***********WAITING************

Write the data to file:33554432 bytes
***********WAITING************

Write the data to file:33554432 bytes
***********WAITING************

Write the data to file:33554432 bytes
***********WAITING************

Write the data to file:33554432 bytes
***********WAITING************

Write the data to file:33554432 bytes
***********WAITING************

Write the data to file:33554432 bytes
***********WAITING************

Write the data to file:33554432 bytes
***********WAITING************

Write the data to file:33554432 bytes
***********WAITING************

Write the data to file:33554432 bytes
***********WAITING************

Write the data to file:33554432 bytes
***********WAITING************

Write the data to file:33554432 bytes
***********WAITING************

Write the data to file:33554432 bytes
***********WAITING************

Write the data to file:33554432 bytes
***********WAITING************

Write the data to file:33554432 bytes
***********WAITING************

Write the data to file:33554432 bytes
***********WAITING************

Write the data to file:33554432 bytes
***********WAITING************

Write the data to file:33554432 bytes
***********WAITING************

Write the data to file:33554432 bytes
***********WAITING************

Write the data to file:33554432 bytes
***********WAITING************

Write the data to file:33554432 bytes
***********WAITING************

Write the data to file:33554432 bytes
***********WAITING************

Write the data to file:33554432 bytes
***********WAITING************

Write the data to file:33554432 bytes
***********WAITING************

Write the data to file:33554432 bytes
***********WAITING************

Write the data to file:33554432 bytes
***********WAITING************

Write the data to file:33554432 bytes
***********WAITING************

Write the data to file:33554432 bytes
***********WAITING************

Write the data to file:33554432 bytes
***********WAITING************

Write the data to file:33554432 bytes
***********WAITING************

Write the data to file:33554432 bytes
***********WAITING************

Write the data to file:33554432 bytes
***********WAITING************

Write the data to file:33554432 bytes
***********WAITING************

Write the data to file:33554432 bytes
***********WAITING************

Write the data to file:33554432 bytes
***********WAITING************

Write the data to file:33554432 bytes
***********WAITING************

Write the data to file:33554432 bytes
***********WAITING************

Write the data to file:33554432 bytes
***********WAITING************

Write the data to file:33554432 bytes
***********WAITING************

Write the data to file:33554432 bytes
***********WAITING************

Write the data to file:33554432 bytes
***********WAITING************

Write the data to file:33554432 bytes
***********WAITING************

Write the data to file:33554432 bytes
***********WAITING************

Write the data to file:33554432 bytes
***********WAITING************

Write the data to file:33554432 bytes
***********WAITING************

Write the data to file:33554432 bytes
***********WAITING************

Write the data to file:33554432 bytes
***********WAITING************

Write the data to file:33554432 bytes
***********WAITING************

Write the data to file:33554432 bytes
***********WAITING************

Write the data to file:33554432 bytes
***********WAITING************

Write the data to file:33554432 bytes
***********WAITING************

Write the data to file:33554432 bytes
***********WAITING************

Write the data to file:33554432 bytes
***********WAITING************

Write the data to file:33554432 bytes
***********WAITING************

Write the data to file:33554432 bytes
***********WAITING************

Write the data to file:33554432 bytes
***********WAITING************

Write the data to file:33554432 bytes
***********WAITING************

Write the data to file:33554432 bytes
***********WAITING************

Write the data to file:33554432 bytes
***********WAITING************

Write the data to file:33554432 bytes
***********WAITING************

Write the data to file:33554432 bytes
***********WAITING************

Write the data to file:33554432 bytes
***********WAITING************

Write the data to file:33554432 bytes
***********WAITING************

Write the data to file:33554432 bytes
***********WAITING************

Write the data to file:33554432 bytes
***********WAITING************

Write the data to file:33554432 bytes
***********WAITING************

Write the data to file:33554432 bytes
***********WAITING************

Write the data to file:33554432 bytes
***********WAITING************

Write the data to file:33554432 bytes
***********WAITING************

Write the data to file:33554432 bytes
***********WAITING************

Write the data to file:33554432 bytes
***********WAITING************

Write the data to file:33554432 bytes
***********WAITING************

Write the data to file:33554432 bytes
***********WAITING************

Write the data to file:33554432 bytes
***********WAITING************

Write the data to file:33554432 bytes
***********WAITING************

Write the data to file:33554432 bytes
***********WAITING************

Write the data to file:33554432 bytes
***********WAITING************

Write the data to file:33554432 bytes
***********WAITING************

Write the data to file:33554432 bytes
***********WAITING************

Write the data to file:33554432 bytes
***********WAITING************

Write the data to file:33554432 bytes
***********WAITING************

Write the data to file:33554432 bytes
***********WAITING************

Write the data to file:33554432 bytes
***********WAITING************

Write the data to file:33554432 bytes
***********WAITING************

Write the data to file:33554432 bytes
***********WAITING************

Write the data to file:33554432 bytes
***********WAITING************

Write the data to file:33554432 bytes
***********WAITING************

Write the data to file:33554432 bytes
***********WAITING************

Write the data to file:33554432 bytes
***********WAITING************

Write the data to file:33554432 bytes
***********WAITING************

Write the data to file:33554432 bytes
***********WAITING************

Write the data to file:33554432 bytes
***********WAITING************

Write the data to file:33554432 bytes
***********WAITING************

Write the data to file:33554432 bytes
***********WAITING************

Write the data to file:33554432 bytes
***********WAITING************

Write the data to file:33554432 bytes
***********WAITING************

Write the data to file:33554432 bytes
***********WAITING************

Write the data to file:33554432 bytes
***********WAITING************

Write the data to file:33554432 bytes
***********WAITING************

Write the data to file:33554432 bytes
***********WAITING************

Write the data to file:33554432 bytes
***********WAITING************

Write the data to file:33554432 bytes
***********WAITING************

Write the data to file:33554432 bytes
***********WAITING************

Write the data to file:33554432 bytes
***********WAITING************

Write the data to file:33554432 bytes
***********WAITING************

Write the data to file:33554432 bytes
***********WAITING************

Write the data to file:33554432 bytes
***********WAITING************

Write the data to file:33554432 bytes
***********WAITING************

Write the data to file:33554432 bytes
***********WAITING************

Write the data to file:33554432 bytes
***********WAITING************

Write the data to file:33554432 bytes
***********WAITING************

Write the data to file:33554432 bytes
***********WAITING************

Write the data to file:33554432 bytes
***********WAITING************

Write the data to file:33554432 bytes
***********WAITING************

Write the data to file:33554432 bytes
***********WAITING************

Write the data to file:33554432 bytes
***********WAITING************

Write the data to file:33554432 bytes
***********WAITING************

Write the data to file:33554432 bytes
***********WAITING************

Write the data to file:33554432 bytes
***********WAITING************

Write the data to file:33554432 bytes
***********WAITING************

Write the data to file:33554432 bytes
***********WAITING************

Write the data to file:33554432 bytes
***********WAITING************

Write the data to file:33554432 bytes
***********WAITING************

Write the data to file:33554432 bytes
***********WAITING************

Write the data to file:33554432 bytes
***********WAITING************

Write the data to file:33554432 bytes
***********WAITING************

Write the data to file:33554432 bytes
***********WAITING************

Write the data to file:33554432 bytes
***********WAITING************

Write the data to file:33554432 bytes
***********WAITING************

Write the data to file:33554432 bytes
***********WAITING************

Write the data to file:33554432 bytes
***********WAITING************

Write the data to file:33554432 bytes
***********WAITING************

Write the data to file:33554432 bytes
***********WAITING************

Write the data to file:33554432 bytes
***********WAITING************

Write the data to file:33554432 bytes
***********WAITING************

Write the data to file:33554432 bytes
***********WAITING************

Write the data to file:33554432 bytes
***********WAITING************

Write the data to file:33554432 bytes
***********WAITING************

Write the data to file:33554432 bytes
***********WAITING************

Write the data to file:33554432 bytes
***********WAITING************

Write the data to file:33554432 bytes
***********WAITING************

Write the data to file:33554432 bytes
***********WAITING************

Write the data to file:33554432 bytes
***********WAITING************

Write the data to file:33554432 bytes
***********WAITING************

Write the data to file:33554432 bytes
***********WAITING************

Write the data to file:33554432 bytes
***********WAITING************

Write the data to file:33554432 bytes
***********WAITING************

Write the data to file:33554432 bytes
***********WAITING************

Write the data to file:33554432 bytes
***********WAITING************

Write the data to file:33554432 bytes
***********WAITING************

Write the data to file:33554432 bytes
***********WAITING************

Write the data to file:33554432 bytes
***********WAITING************

Write the data to file:33554432 bytes
***********WAITING************

Write the data to file:33554432 bytes
***********WAITING************

Write the data to file:33554432 bytes
***********WAITING************

Write the data to file:33554432 bytes
***********WAITING************

Write the data to file:33554432 bytes
***********WAITING************

Write the data to file:33554432 bytes
***********WAITING************

Write the data to file:33554432 bytes
***********WAITING************

Write the data to file:33554432 bytes
***********WAITING************

Write the data to file:33554432 bytes
***********WAITING************

Write the data to file:33554432 bytes
***********WAITING************

Write the data to file:33554432 bytes
***********WAITING************

Write the data to file:33554432 bytes
***********WAITING************

Write the data to file:33554432 bytes
***********WAITING************

Write the data to file:33554432 bytes
***********WAITING************

Write the data to file:33554432 bytes
***********WAITING************

Write the data to file:33554432 bytes
***********WAITING************

Write the data to file:33554432 bytes
***********WAITING************

Write the data to file:33554432 bytes
***********WAITING************

Write the data to file:33554432 bytes
***********WAITING************

Write the data to file:33554432 bytes
***********WAITING************

Write the data to file:33554432 bytes
***********WAITING************

Write the data to file:33554432 bytes
***********WAITING************

Write the data to file:33554432 bytes
***********WAITING************

Write the data to file:33554432 bytes
***********WAITING************

Write the data to file:33554432 bytes
***********WAITING************

Write the data to file:33554432 bytes
***********WAITING************

Write the data to file:33554432 bytes
***********WAITING************

Write the data to file:33554432 bytes
***********WAITING************

Write the data to file:33554432 bytes
***********WAITING************

Write the data to file:33554432 bytes
***********WAITING************

Write the data to file:33554432 bytes
***********WAITING************

Write the data to file:33554432 bytes
***********WAITING************

Write the data to file:33554432 bytes
***********WAITING************

Write the data to file:33554432 bytes
***********WAITING************

Write the data to file:33554432 bytes
***********WAITING************

Write the data to file:33554432 bytes
***********WAITING************

Write the data to file:33554432 bytes
***********WAITING************

Write the data to file:33554432 bytes
***********WAITING************

Write the data to file:33554432 bytes
***********WAITING************

Write the data to file:33554432 bytes
***********WAITING************

Write the data to file:33554432 bytes
***********WAITING************

Write the data to file:33554432 bytes
***********WAITING************

Write the data to file:33554432 bytes
***********WAITING************

Write the data to file:33554432 bytes
***********WAITING************

Write the data to file:33554432 bytes
***********WAITING************

Write the data to file:33554432 bytes
***********WAITING************

Write the data to file:33554432 bytes
***********WAITING************

Write the data to file:33554432 bytes
***********WAITING************

Write the data to file:33554432 bytes
***********WAITING************

Write the data to file:33554432 bytes
***********WAITING************

Write the data to file:33554432 bytes
***********WAITING************

Write the data to file:33554432 bytes
***********WAITING************

Write the data to file:33554432 bytes
***********WAITING************

Write the data to file:33554432 bytes
***********WAITING************

Write the data to file:33554432 bytes
***********WAITING************

Write the data to file:33554432 bytes
***********WAITING************

Write the data to file:33554432 bytes
***********WAITING************

Write the data to file:33554432 bytes
***********WAITING************

Write the data to file:33554432 bytes
***********WAITING************

Write the data to file:33554432 bytes
***********WAITING************

Write the data to file:33554432 bytes
***********WAITING************

Write the data to file:33554432 bytes
***********WAITING************

Write the data to file:33554432 bytes
***********WAITING************

Write the data to file:33554432 bytes
***********WAITING************

Write the data to file:33554432 bytes
***********WAITING************

Write the data to file:33554432 bytes
***********WAITING************

Write the data to file:33554432 bytes
***********WAITING************

Write the data to file:33554432 bytes
***********WAITING************

Write the data to file:33554432 bytes
***********WAITING************

Write the data to file:33554432 bytes
***********WAITING************

Write the data to file:33554432 bytes
***********WAITING************

Write the data to file:33554432 bytes
***********WAITING************

Write the data to file:33554432 bytes
***********WAITING************

Write the data to file:33554432 bytes
***********WAITING************

Write the data to file:33554432 bytes
***********WAITING************

Write the data to file:33554432 bytes
***********WAITING************

Write the data to file:33554432 bytes
***********WAITING************

Write the data to file:33554432 bytes
***********WAITING************

Write the data to file:33554432 bytes
***********WAITING************

Write the data to file:33554432 bytes
***********WAITING************

Write the data to file:33554432 bytes
***********WAITING************

Write the data to file:33554432 bytes
***********WAITING************

Write the data to file:33554432 bytes
***********WAITING************

Write the data to file:33554432 bytes
***********WAITING************

Write the data to file:33554432 bytes
***********WAITING************

Write the data to file:33554432 bytes
***********WAITING************

Write the data to file:33554432 bytes
***********WAITING************

Write the data to file:33554432 bytes
***********WAITING************

Write the data to file:33554432 bytes
***********WAITING************

Write the data to file:33554432 bytes
***********WAITING************

Write the data to file:33554432 bytes
***********WAITING************

Write the data to file:33554432 bytes
***********WAITING************

Write the data to file:33554432 bytes
***********WAITING************

Write the data to file:33554432 bytes
***********WAITING************

Write the data to file:33554432 bytes
***********WAITING************

Write the data to file:33554432 bytes
***********WAITING************

Write the data to file:33554432 bytes
***********WAITING************

Write the data to file:33554432 bytes
***********WAITING************

Write the data to file:33554432 bytes
***********WAITING************

Write the data to file:33554432 bytes
***********WAITING************

Write the data to file:33554432 bytes
***********WAITING************

Write the data to file:33554432 bytes
***********WAITING************

Write the data to file:33554432 bytes
***********WAITING************

Write the data to file:33554432 bytes
***********WAITING************

Write the data to file:33554432 bytes
***********WAITING************

Write the data to file:33554432 bytes
***********WAITING************

Write the data to file:33554432 bytes
***********WAITING************

Write the data to file:33554432 bytes
***********WAITING************

Write the data to file:33554432 bytes
***********WAITING************

Write the data to file:33554432 bytes
***********WAITING************

Write the data to file:33554432 bytes
***********WAITING************

Write the data to file:33554432 bytes
***********WAITING************

Write the data to file:33554432 bytes
***********WAITING************

Write the data to file:33554432 bytes
***********WAITING************

Write the data to file:33554432 bytes
***********WAITING************

Write the data to file:33554432 bytes
***********WAITING************

Write the data to file:33554432 bytes
***********WAITING************

Write the data to file:33554432 bytes
***********WAITING************

Write the data to file:33554432 bytes
***********WAITING************

Write the data to file:33554432 bytes
***********WAITING************

Write the data to file:33554432 bytes
***********WAITING************

Write the data to file:33554432 bytes
***********WAITING************

Write the data to file:33554432 bytes
***********WAITING************

Write the data to file:33554432 bytes
***********WAITING************

Write the data to file:33554432 bytes
***********WAITING************

Write the data to file:33554432 bytes
***********WAITING************

Write the data to file:33554432 bytes
***********WAITING************

Write the data to file:33554432 bytes
***********WAITING************

Write the data to file:33554432 bytes
***********WAITING************

Write the data to file:33554432 bytes
***********WAITING************

Write the data to file:33554432 bytes
***********WAITING************

Write the data to file:33554432 bytes
***********WAITING************

Write the data to file:33554432 bytes
***********WAITING************

Write the data to file:33554432 bytes
***********WAITING************

Write the data to file:33554432 bytes
***********WAITING************

Write the data to file:33554432 bytes
***********WAITING************

Write the data to file:33554432 bytes
***********WAITING************

Write the data to file:33554432 bytes
***********WAITING************

Write the data to file:33554432 bytes
***********WAITING************

Write the data to file:33554432 bytes
***********WAITING************

Write the data to file:33554432 bytes
***********WAITING************

Write the data to file:33554432 bytes
***********WAITING************

Write the data to file:33554432 bytes
***********WAITING************

Write the data to file:33554432 bytes
***********WAITING************

Write the data to file:33554432 bytes
***********WAITING************

Write the data to file:33554432 bytes
***********WAITING************

Write the data to file:33554432 bytes
***********WAITING************

Write the data to file:33554432 bytes
***********WAITING************

Write the data to file:33554432 bytes
***********WAITING************

Write the data to file:33554432 bytes
***********WAITING************

Write the data to file:33554432 bytes
***********WAITING************

Write the data to file:33554432 bytes
***********WAITING************

Write the data to file:33554432 bytes
***********WAITING************

Write the data to file:33554432 bytes
***********WAITING************

Write the data to file:33554432 bytes
***********WAITING************

Write the data to file:33554432 bytes
***********WAITING************

Write the data to file:33554432 bytes
***********WAITING************

Write the data to file:33554432 bytes
***********WAITING************

Write the data to file:33554432 bytes
***********WAITING************

Write the data to file:33554432 bytes
***********WAITING************

Write the data to file:33554432 bytes
***********WAITING************

Write the data to file:33554432 bytes
***********WAITING************

Write the data to file:33554432 bytes
***********WAITING************

Write the data to file:33554432 bytes
***********WAITING************

Write the data to file:33554432 bytes
***********WAITING************

Write the data to file:33554432 bytes
***********WAITING************

Write the data to file:33554432 bytes
***********WAITING************

Write the data to file:33554432 bytes
***********WAITING************

Write the data to file:33554432 bytes
***********WAITING************

Write the data to file:33554432 bytes
***********WAITING************

Write the data to file:33554432 bytes
***********WAITING************

Write the data to file:33554432 bytes
***********WAITING************

Write the data to file:33554432 bytes
***********WAITING************

Write the data to file:33554432 bytes
***********WAITING************

Write the data to file:33554432 bytes
***********WAITING************

Write the data to file:33554432 bytes
***********WAITING************

Write the data to file:33554432 bytes
***********WAITING************

Write the data to file:33554432 bytes
***********WAITING************

Write the data to file:33554432 bytes
***********WAITING************

Write the data to file:33554432 bytes
***********WAITING************

Write the data to file:33554432 bytes
***********WAITING************

Write the data to file:33554432 bytes
***********WAITING************

Write the data to file:33554432 bytes
***********WAITING************

Write the data to file:33554432 bytes
***********WAITING************

Write the data to file:33554432 bytes
***********WAITING************

Write the data to file:33554432 bytes
***********WAITING************

Write the data to file:33554432 bytes
***********WAITING************

Write the data to file:33554432 bytes
***********WAITING************

Write the data to file:33554432 bytes
***********WAITING************

Write the data to file:33554432 bytes
***********WAITING************

Write the data to file:33554432 bytes
***********WAITING************

Write the data to file:33554432 bytes
***********WAITING************

Write the data to file:33554432 bytes
***********WAITING************

Write the data to file:33554432 bytes
***********WAITING************

Write the data to file:33554432 bytes
***********WAITING************

Write the data to file:33554432 bytes
***********WAITING************

Write the data to file:33554432 bytes
***********WAITING************

Write the data to file:33554432 bytes
***********WAITING************

Write the data to file:33554432 bytes
***********WAITING************

Write the data to file:33554432 bytes
***********WAITING************

Write the data to file:33554432 bytes
***********WAITING************

Write the data to file:33554432 bytes
***********WAITING************

Write the data to file:33554432 bytes
***********WAITING************

Write the data to file:33554432 bytes
***********WAITING************

Write the data to file:33554432 bytes
***********WAITING************

Write the data to file:33554432 bytes
***********WAITING************

Write the data to file:33554432 bytes
***********WAITING************

Write the data to file:33554432 bytes
***********WAITING************

Write the data to file:33554432 bytes
***********WAITING************

Write the data to file:33554432 bytes
***********WAITING************

Write the data to file:33554432 bytes
***********WAITING************

Write the data to file:33554432 bytes
***********WAITING************

Write the data to file:33554432 bytes
***********WAITING************

Write the data to file:33554432 bytes
***********WAITING************

Write the data to file:33554432 bytes
***********WAITING************

Write the data to file:33554432 bytes
***********WAITING************

Write the data to file:33554432 bytes
***********WAITING************

Write the data to file:33554432 bytes
***********WAITING************

Write the data to file:33554432 bytes
***********WAITING************

Write the data to file:33554432 bytes
***********WAITING************

Write the data to file:33554432 bytes
***********WAITING************

Write the data to file:33554432 bytes
***********WAITING************

Write the data to file:33554432 bytes
***********WAITING************

Write the data to file:33554432 bytes
***********WAITING************

Write the data to file:33554432 bytes
***********WAITING************

Write the data to file:33554432 bytes
***********WAITING************

Write the data to file:33554432 bytes
***********WAITING************

Write the data to file:33554432 bytes
***********WAITING************

Write the data to file:33554432 bytes
***********WAITING************

Write the data to file:33554432 bytes
***********WAITING************

Write the data to file:33554432 bytes
***********WAITING************

Write the data to file:33554432 bytes
***********WAITING************

Write the data to file:33554432 bytes
***********WAITING************

Write the data to file:33554432 bytes
***********WAITING************

Write the data to file:33554432 bytes
***********WAITING************

Write the data to file:33554432 bytes
***********WAITING************

Write the data to file:33554432 bytes
***********WAITING************

Write the data to file:33554432 bytes
***********WAITING************

Write the data to file:33554432 bytes
***********WAITING************

Write the data to file:33554432 bytes
***********WAITING************

Write the data to file:33554432 bytes
***********WAITING************

Write the data to file:33554432 bytes
***********WAITING************

Write the data to file:33554432 bytes
***********WAITING************

Write the data to file:33554432 bytes
***********WAITING************

Write the data to file:33554432 bytes
***********WAITING************

Write the data to file:33554432 bytes
***********WAITING************

Write the data to file:33554432 bytes
***********WAITING************

Write the data to file:33554432 bytes
***********WAITING************

Write the data to file:33554432 bytes
***********WAITING************

Write the data to file:33554432 bytes
***********WAITING************

Write the data to file:33554432 bytes
***********WAITING************

Write the data to file:33554432 bytes
***********WAITING************

Write the data to file:33554432 bytes
***********WAITING************

Write the data to file:33554432 bytes
***********WAITING************

Write the data to file:33554432 bytes
***********WAITING************

Write the data to file:33554432 bytes
***********WAITING************

Write the data to file:33554432 bytes
***********WAITING************

Write the data to file:33554432 bytes
***********WAITING************

Write the data to file:33554432 bytes
***********WAITING************

Write the data to file:33554432 bytes
***********WAITING************

Write the data to file:33554432 bytes
***********WAITING************

Write the data to file:33554432 bytes
***********WAITING************

Write the data to file:33554432 bytes
***********WAITING************

Write the data to file:33554432 bytes
***********WAITING************

Write the data to file:33554432 bytes
***********WAITING************

Write the data to file:33554432 bytes
***********WAITING************

Write the data to file:33554432 bytes
***********WAITING************

Write the data to file:33554432 bytes
***********WAITING************

Write the data to file:33554432 bytes
***********WAITING************

Write the data to file:33554432 bytes
***********WAITING************

Write the data to file:33554432 bytes
***********WAITING************

Write the data to file:33554432 bytes
***********WAITING************

Write the data to file:33554432 bytes
***********WAITING************

Write the data to file:33554432 bytes
***********WAITING************

Write the data to file:33554432 bytes
***********WAITING************

Write the data to file:33554432 bytes
***********WAITING************

Write the data to file:33554432 bytes
***********WAITING************

Write the data to file:33554432 bytes
***********WAITING************

Write the data to file:33554432 bytes
***********WAITING************

Write the data to file:33554432 bytes
***********WAITING************

Write the data to file:33554432 bytes
***********WAITING************

Write the data to file:33554432 bytes
***********WAITING************

Write the data to file:33554432 bytes
***********WAITING************

Write the data to file:33554432 bytes
***********WAITING************

Write the data to file:33554432 bytes
***********WAITING************
S_cc         1.06   [      1.05:      1.06]
S_bw         0.24   [      0.24:      0.24]
S_w         30.66   [     30.66:     30.66]
          -------
S_total     31.96   [     31.95:     31.96]

build_S done
calc_W
build_S done
calc_W
nr_of_strided_rec: 1
nr_doubles: 524288
build_S done
calc_W
nr_of_strided_rec: 1
nr_doubles: 524288
build_S done
calc_W
nr_of_strided_rec: 1
nr_doubles: 524288
build_S done
calc_W
nr_of_strided_rec: 1
nr_doubles: 524288
build_S done
calc_W
nr_of_strided_rec: 1
nr_doubles: 524288
build_S done
calc_W
nr_of_strided_rec: 1
nr_doubles: 524288
build_S done
calc_W
nr_of_strided_rec: 1
nr_doubles: 524288
build_S done
calc_W
nr_of_strided_rec: 1
nr_doubles: 524288
build_S done
calc_W
nr_of_strided_rec: 1
nr_doubles: 524288
build_S done
calc_W
nr_of_strided_rec: 1
nr_doubles: 524288
build_S done
calc_W
nr_of_strided_rec: 1
nr_doubles: 524288
build_S done
calc_W
nr_of_strided_rec: 1
nr_doubles: 524288
build_S done
calc_W
nr_of_strided_rec: 1
nr_doubles: 524288
build_S done
calc_W
nr_of_strided_rec: 1
nr_doubles: 524288
build_S done
calc_W
nr_of_strided_rec: 1
nr_doubles: 524288
nr_of_strided_rec: 1
nr_doubles: 524288
nr_of_strided_rec: 1
nr_doubles: 524288
nr_of_strided_rec: 1
nr_doubles: 524288
nr_of_strided_rec: 1
nr_doubles: 524288
nr_of_strided_rec: 1
nr_doubles: 524288
nr_of_strided_rec: 1
nr_doubles: 524288
nr_of_strided_rec: 1
nr_doubles: 524288
nr_of_strided_rec: 1
nr_doubles: 524288
nr_of_strided_rec: 1
nr_doubles: 524288
nr_of_strided_rec: 1
nr_doubles: 524288
nr_of_strided_rec: 1
nr_doubles: 524288
nr_of_strided_rec: 1
nr_doubles: 524288
nr_of_strided_rec: 1
nr_doubles: 524288
nr_of_strided_rec: 1
nr_doubles: 524288
nr_of_strided_rec: 1
nr_doubles: 524288
nr_of_strided_rec: 1
nr_doubles: 524288
nr_of_strided_rec: 1
nr_doubles: 524288

Write the data to file:33554432 bytes
***********WAITING************

Write the data to file:33554432 bytes
***********WAITING************

Write the data to file:33554432 bytes
***********WAITING************

Write the data to file:33554432 bytes
***********WAITING************

Write the data to file:33554432 bytes
***********WAITING************

Write the data to file:33554432 bytes
***********WAITING************

Write the data to file:33554432 bytes
***********WAITING************

Write the data to file:33554432 bytes
***********WAITING************

Write the data to file:33554432 bytes
***********WAITING************

Write the data to file:33554432 bytes
***********WAITING************

Write the data to file:33554432 bytes
***********WAITING************

Write the data to file:33554432 bytes
***********WAITING************

Write the data to file:33554432 bytes
***********WAITING************

Write the data to file:33554432 bytes
***********WAITING************

Write the data to file:33554432 bytes
***********WAITING************

Write the data to file:33554432 bytes
***********WAITING************
nr_of_strided_rec: 1
nr_doubles: 524288
nr_of_strided_rec: 1
nr_doubles: 524288
nr_of_strided_rec: 1
nr_doubles: 524288
nr_of_strided_rec: 1
nr_doubles: 524288
nr_of_strided_rec: 1
nr_doubles: 524288
nr_of_strided_rec: 1
nr_doubles: 524288
nr_of_strided_rec: 1
nr_doubles: 524288
nr_of_strided_rec: 1
nr_doubles: 524288
nr_of_strided_rec: 1
nr_doubles: 524288
nr_of_strided_rec: 1
nr_doubles: 524288
nr_of_strided_rec: 1
nr_doubles: 524288
nr_of_strided_rec: 1
nr_doubles: 524288
nr_of_strided_rec: 1
nr_doubles: 524288
nr_of_strided_rec: 1
nr_doubles: 524288
nr_of_strided_rec: 1
nr_doubles: 524288
nr_of_strided_rec: 1
nr_doubles: 524288

Write the data to file:33554432 bytes
***********WAITING************

Write the data to file:33554432 bytes
***********WAITING************

Write the data to file:33554432 bytes
***********WAITING************

Write the data to file:33554432 bytes
***********WAITING************

Write the data to file:33554432 bytes
***********WAITING************

Write the data to file:33554432 bytes
***********WAITING************

Write the data to file:33554432 bytes
***********WAITING************

Write the data to file:33554432 bytes
***********WAITING************

Write the data to file:33554432 bytes
***********WAITING************

Write the data to file:33554432 bytes
***********WAITING************

Write the data to file:33554432 bytes
***********WAITING************

Write the data to file:33554432 bytes
***********WAITING************

Write the data to file:33554432 bytes
***********WAITING************

Write the data to file:33554432 bytes
***********WAITING************

Write the data to file:33554432 bytes
***********WAITING************

Write the data to file:33554432 bytes
***********WAITING************
nr_of_strided_rec: 1
nr_doubles: 524288
nr_of_strided_rec: 1
nr_doubles: 524288
nr_of_strided_rec: 1
nr_doubles: 524288
nr_of_strided_rec: 1
nr_doubles: 524288
nr_of_strided_rec: 1
nr_doubles: 524288
nr_of_strided_rec: 1
nr_doubles: 524288
nr_of_strided_rec: 1
nr_doubles: 524288
nr_of_strided_rec: 1
nr_doubles: 524288
nr_of_strided_rec: 1
nr_doubles: 524288
nr_of_strided_rec: 1
nr_doubles: 524288
nr_of_strided_rec: 1
nr_doubles: 524288
nr_of_strided_rec: 1
nr_doubles: 524288
nr_of_strided_rec: 1
nr_doubles: 524288
nr_of_strided_rec: 1
nr_doubles: 524288
nr_of_strided_rec: 1
nr_doubles: 524288
nr_of_strided_rec: 1
nr_doubles: 524288

Write the data to file:33554432 bytes
***********WAITING************

Write the data to file:33554432 bytes
***********WAITING************

Write the data to file:33554432 bytes
***********WAITING************

Write the data to file:33554432 bytes
***********WAITING************

Write the data to file:33554432 bytes
***********WAITING************

Write the data to file:33554432 bytes
***********WAITING************

Write the data to file:33554432 bytes
***********WAITING************

Write the data to file:33554432 bytes
***********WAITING************

Write the data to file:33554432 bytes
***********WAITING************

Write the data to file:33554432 bytes
***********WAITING************

Write the data to file:33554432 bytes
***********WAITING************

Write the data to file:33554432 bytes
***********WAITING************

Write the data to file:33554432 bytes
***********WAITING************

Write the data to file:33554432 bytes
***********WAITING************

Write the data to file:33554432 bytes
***********WAITING************

Write the data to file:33554432 bytes
***********WAITING************
nr_of_strided_rec: 1
nr_doubles: 524288
nr_of_strided_rec: 1
nr_doubles: 524288
nr_of_strided_rec: 1
nr_doubles: 524288
nr_of_strided_rec: 1
nr_doubles: 524288
nr_of_strided_rec: 1
nr_doubles: 524288
nr_of_strided_rec: 1
nr_doubles: 524288
nr_of_strided_rec: 1
nr_doubles: 524288
nr_of_strided_rec: 1
nr_doubles: 524288
nr_of_strided_rec: 1
nr_doubles: 524288
nr_of_strided_rec: 1
nr_doubles: 524288
nr_of_strided_rec: 1
nr_doubles: 524288
nr_of_strided_rec: 1
nr_doubles: 524288
nr_of_strided_rec: 1
nr_doubles: 524288
nr_of_strided_rec: 1
nr_doubles: 524288
nr_of_strided_rec: 1
nr_doubles: 524288
nr_of_strided_rec: 1
nr_doubles: 524288

Write the data to file:33554432 bytes
***********WAITING************

Write the data to file:33554432 bytes
***********WAITING************

Write the data to file:33554432 bytes
***********WAITING************

Write the data to file:33554432 bytes
***********WAITING************

Write the data to file:33554432 bytes
***********WAITING************

Write the data to file:33554432 bytes
***********WAITING************

Write the data to file:33554432 bytes
***********WAITING************

Write the data to file:33554432 bytes
***********WAITING************

Write the data to file:33554432 bytes
***********WAITING************

Write the data to file:33554432 bytes
***********WAITING************

Write the data to file:33554432 bytes
***********WAITING************

Write the data to file:33554432 bytes
***********WAITING************

Write the data to file:33554432 bytes
***********WAITING************

Write the data to file:33554432 bytes
***********WAITING************

Write the data to file:33554432 bytes
***********WAITING************

Write the data to file:33554432 bytes
***********WAITING************
nr_of_strided_rec: 1
nr_doubles: 524288
nr_of_strided_rec: 1
nr_doubles: 524288
nr_of_strided_rec: 1
nr_doubles: 524288
nr_of_strided_rec: 1
nr_doubles: 524288
nr_of_strided_rec: 1
nr_doubles: 524288
nr_of_strided_rec: 1
nr_doubles: 524288
nr_of_strided_rec: 1
nr_doubles: 524288
nr_of_strided_rec: 1
nr_doubles: 524288
nr_of_strided_rec: 1
nr_doubles: 524288
nr_of_strided_rec: 1
nr_doubles: 524288
nr_of_strided_rec: 1
nr_doubles: 524288
nr_of_strided_rec: 1
nr_doubles: 524288
nr_of_strided_rec: 1
nr_doubles: 524288
nr_of_strided_rec: 1
nr_doubles: 524288
nr_of_strided_rec: 1
nr_doubles: 524288
nr_of_strided_rec: 1
nr_doubles: 524288

Write the data to file:33554432 bytes
***********WAITING************

Write the data to file:33554432 bytes
***********WAITING************

Write the data to file:33554432 bytes
***********WAITING************

Write the data to file:33554432 bytes
***********WAITING************

Write the data to file:33554432 bytes
***********WAITING************

Write the data to file:33554432 bytes
***********WAITING************

Write the data to file:33554432 bytes
***********WAITING************

Write the data to file:33554432 bytes
***********WAITING************

Write the data to file:33554432 bytes
***********WAITING************

Write the data to file:33554432 bytes
***********WAITING************

Write the data to file:33554432 bytes
***********WAITING************

Write the data to file:33554432 bytes
***********WAITING************

Write the data to file:33554432 bytes
***********WAITING************

Write the data to file:33554432 bytes
***********WAITING************

Write the data to file:33554432 bytes
***********WAITING************

Write the data to file:33554432 bytes
***********WAITING************
nr_of_strided_rec: 1
nr_doubles: 524288
nr_of_strided_rec: 1
nr_doubles: 524288
nr_of_strided_rec: 1
nr_doubles: 524288
nr_of_strided_rec: 1
nr_doubles: 524288
nr_of_strided_rec: 1
nr_doubles: 524288
nr_of_strided_rec: 1
nr_doubles: 524288
nr_of_strided_rec: 1
nr_doubles: 524288
nr_of_strided_rec: 1
nr_doubles: 524288
nr_of_strided_rec: 1
nr_doubles: 524288
nr_of_strided_rec: 1
nr_doubles: 524288
nr_of_strided_rec: 1
nr_doubles: 524288
nr_of_strided_rec: 1
nr_doubles: 524288
nr_of_strided_rec: 1
nr_doubles: 524288
nr_of_strided_rec: 1
nr_doubles: 524288
nr_of_strided_rec: 1
nr_doubles: 524288
nr_of_strided_rec: 1
nr_doubles: 524288

Write the data to file:33554432 bytes
***********WAITING************

Write the data to file:33554432 bytes
***********WAITING************

Write the data to file:33554432 bytes
***********WAITING************

Write the data to file:33554432 bytes
***********WAITING************

Write the data to file:33554432 bytes
***********WAITING************

Write the data to file:33554432 bytes
***********WAITING************

Write the data to file:33554432 bytes
***********WAITING************

Write the data to file:33554432 bytes
***********WAITING************

Write the data to file:33554432 bytes
***********WAITING************

Write the data to file:33554432 bytes
***********WAITING************

Write the data to file:33554432 bytes
***********WAITING************

Write the data to file:33554432 bytes
***********WAITING************

Write the data to file:33554432 bytes
***********WAITING************

Write the data to file:33554432 bytes
***********WAITING************

Write the data to file:33554432 bytes
***********WAITING************

Write the data to file:33554432 bytes
***********WAITING************
nr_of_strided_rec: 1
nr_doubles: 524288
nr_of_strided_rec: 1
nr_doubles: 524288
nr_of_strided_rec: 1
nr_doubles: 524288
nr_of_strided_rec: 1
nr_doubles: 524288
nr_of_strided_rec: 1
nr_doubles: 524288
nr_of_strided_rec: 1
nr_doubles: 524288
nr_of_strided_rec: 1
nr_doubles: 524288
nr_of_strided_rec: 1
nr_doubles: 524288
nr_of_strided_rec: 1
nr_doubles: 524288
nr_of_strided_rec: 1
nr_doubles: 524288
nr_of_strided_rec: 1
nr_doubles: 524288
nr_of_strided_rec: 1
nr_doubles: 524288
nr_of_strided_rec: 1
nr_doubles: 524288
nr_of_strided_rec: 1
nr_doubles: 524288
nr_of_strided_rec: 1
nr_doubles: 524288
nr_of_strided_rec: 1
nr_doubles: 524288

Write the data to file:33554432 bytes
***********WAITING************

Write the data to file:33554432 bytes
***********WAITING************

Write the data to file:33554432 bytes
***********WAITING************

Write the data to file:33554432 bytes
***********WAITING************

Write the data to file:33554432 bytes
***********WAITING************

Write the data to file:33554432 bytes
***********WAITING************

Write the data to file:33554432 bytes
***********WAITING************

Write the data to file:33554432 bytes
***********WAITING************

Write the data to file:33554432 bytes
***********WAITING************

Write the data to file:33554432 bytes
***********WAITING************

Write the data to file:33554432 bytes
***********WAITING************

Write the data to file:33554432 bytes
***********WAITING************

Write the data to file:33554432 bytes
***********WAITING************

Write the data to file:33554432 bytes
***********WAITING************

Write the data to file:33554432 bytes
***********WAITING************

Write the data to file:33554432 bytes
***********WAITING************
nr_of_strided_rec: 1
nr_doubles: 524288
nr_of_strided_rec: 1
nr_doubles: 524288
nr_of_strided_rec: 1
nr_doubles: 524288
nr_of_strided_rec: 1
nr_doubles: 524288
nr_of_strided_rec: 1
nr_doubles: 524288
nr_of_strided_rec: 1
nr_doubles: 524288
nr_of_strided_rec: 1
nr_doubles: 524288
nr_of_strided_rec: 1
nr_doubles: 524288
nr_of_strided_rec: 1
nr_doubles: 524288
nr_of_strided_rec: 1
nr_doubles: 524288
nr_of_strided_rec: 1
nr_doubles: 524288
nr_of_strided_rec: 1
nr_doubles: 524288
nr_of_strided_rec: 1
nr_doubles: 524288
nr_of_strided_rec: 1
nr_doubles: 524288
nr_of_strided_rec: 1
nr_doubles: 524288
nr_of_strided_rec: 1
nr_doubles: 524288

Write the data to file:33554432 bytes
***********WAITING************

Write the data to file:33554432 bytes
***********WAITING************

Write the data to file:33554432 bytes
***********WAITING************

Write the data to file:33554432 bytes
***********WAITING************

Write the data to file:33554432 bytes
***********WAITING************

Write the data to file:33554432 bytes
***********WAITING************

Write the data to file:33554432 bytes
***********WAITING************

Write the data to file:33554432 bytes
***********WAITING************

Write the data to file:33554432 bytes
***********WAITING************

Write the data to file:33554432 bytes
***********WAITING************

Write the data to file:33554432 bytes
***********WAITING************

Write the data to file:33554432 bytes
***********WAITING************

Write the data to file:33554432 bytes
***********WAITING************

Write the data to file:33554432 bytes
***********WAITING************

Write the data to file:33554432 bytes
***********WAITING************

Write the data to file:33554432 bytes
***********WAITING************
nr_of_strided_rec: 1
nr_doubles: 524288
nr_of_strided_rec: 1
nr_doubles: 524288
nr_of_strided_rec: 1
nr_doubles: 524288
nr_of_strided_rec: 1
nr_doubles: 524288
nr_of_strided_rec: 1
nr_doubles: 524288
nr_of_strided_rec: 1
nr_doubles: 524288
nr_of_strided_rec: 1
nr_doubles: 524288
nr_of_strided_rec: 1
nr_doubles: 524288
nr_of_strided_rec: 1
nr_doubles: 524288
nr_of_strided_rec: 1
nr_doubles: 524288
nr_of_strided_rec: 1
nr_doubles: 524288
nr_of_strided_rec: 1
nr_doubles: 524288
nr_of_strided_rec: 1
nr_doubles: 524288
nr_of_strided_rec: 1
nr_doubles: 524288
nr_of_strided_rec: 1
nr_doubles: 524288
nr_of_strided_rec: 1
nr_doubles: 524288

Write the data to file:33554432 bytes
***********WAITING************

Write the data to file:33554432 bytes
***********WAITING************

Write the data to file:33554432 bytes
***********WAITING************

Write the data to file:33554432 bytes
***********WAITING************

Write the data to file:33554432 bytes
***********WAITING************

Write the data to file:33554432 bytes
***********WAITING************

Write the data to file:33554432 bytes
***********WAITING************

Write the data to file:33554432 bytes
***********WAITING************

Write the data to file:33554432 bytes
***********WAITING************

Write the data to file:33554432 bytes
***********WAITING************

Write the data to file:33554432 bytes
***********WAITING************

Write the data to file:33554432 bytes
***********WAITING************

Write the data to file:33554432 bytes
***********WAITING************

Write the data to file:33554432 bytes
***********WAITING************

Write the data to file:33554432 bytes
***********WAITING************

Write the data to file:33554432 bytes
***********WAITING************
nr_of_strided_rec: 1
nr_doubles: 524288
nr_of_strided_rec: 1
nr_doubles: 524288
nr_of_strided_rec: 1
nr_doubles: 524288
nr_of_strided_rec: 1
nr_doubles: 524288
nr_of_strided_rec: 1
nr_doubles: 524288
nr_of_strided_rec: 1
nr_doubles: 524288
nr_of_strided_rec: 1
nr_doubles: 524288
nr_of_strided_rec: 1
nr_doubles: 524288
nr_of_strided_rec: 1
nr_doubles: 524288
nr_of_strided_rec: 1
nr_doubles: 524288
nr_of_strided_rec: 1
nr_doubles: 524288
nr_of_strided_rec: 1
nr_doubles: 524288
nr_of_strided_rec: 1
nr_doubles: 524288
nr_of_strided_rec: 1
nr_doubles: 524288
nr_of_strided_rec: 1
nr_doubles: 524288
nr_of_strided_rec: 1
nr_doubles: 524288

Write the data to file:33554432 bytes
***********WAITING************

Write the data to file:33554432 bytes
***********WAITING************

Write the data to file:33554432 bytes
***********WAITING************

Write the data to file:33554432 bytes
***********WAITING************

Write the data to file:33554432 bytes
***********WAITING************

Write the data to file:33554432 bytes
***********WAITING************

Write the data to file:33554432 bytes
***********WAITING************

Write the data to file:33554432 bytes
***********WAITING************

Write the data to file:33554432 bytes
***********WAITING************

Write the data to file:33554432 bytes
***********WAITING************

Write the data to file:33554432 bytes
***********WAITING************

Write the data to file:33554432 bytes
***********WAITING************

Write the data to file:33554432 bytes
***********WAITING************

Write the data to file:33554432 bytes
***********WAITING************

Write the data to file:33554432 bytes
***********WAITING************

Write the data to file:33554432 bytes
***********WAITING************
nr_of_strided_rec: 1
nr_doubles: 524288
nr_of_strided_rec: 1
nr_doubles: 524288
nr_of_strided_rec: 1
nr_doubles: 524288
nr_of_strided_rec: 1
nr_doubles: 524288
nr_of_strided_rec: 1
nr_doubles: 524288
nr_of_strided_rec: 1
nr_doubles: 524288
nr_of_strided_rec: 1
nr_doubles: 524288
nr_of_strided_rec: 1
nr_doubles: 524288
nr_of_strided_rec: 1
nr_doubles: 524288
nr_of_strided_rec: 1
nr_doubles: 524288
nr_of_strided_rec: 1
nr_doubles: 524288
nr_of_strided_rec: 1
nr_doubles: 524288
nr_of_strided_rec: 1
nr_doubles: 524288
nr_of_strided_rec: 1
nr_doubles: 524288
nr_of_strided_rec: 1
nr_doubles: 524288
nr_of_strided_rec: 1
nr_doubles: 524288

Write the data to file:33554432 bytes
***********WAITING************

Write the data to file:33554432 bytes
***********WAITING************

Write the data to file:33554432 bytes
***********WAITING************

Write the data to file:33554432 bytes
***********WAITING************

Write the data to file:33554432 bytes
***********WAITING************

Write the data to file:33554432 bytes
***********WAITING************

Write the data to file:33554432 bytes
***********WAITING************

Write the data to file:33554432 bytes
***********WAITING************

Write the data to file:33554432 bytes
***********WAITING************

Write the data to file:33554432 bytes
***********WAITING************

Write the data to file:33554432 bytes
***********WAITING************

Write the data to file:33554432 bytes
***********WAITING************

Write the data to file:33554432 bytes
***********WAITING************

Write the data to file:33554432 bytes
***********WAITING************

Write the data to file:33554432 bytes
***********WAITING************

Write the data to file:33554432 bytes
***********WAITING************
nr_of_strided_rec: 1
nr_doubles: 524288
nr_of_strided_rec: 1
nr_doubles: 524288
nr_of_strided_rec: 1
nr_doubles: 524288
nr_of_strided_rec: 1
nr_doubles: 524288
nr_of_strided_rec: 1
nr_doubles: 524288
nr_of_strided_rec: 1
nr_doubles: 524288
nr_of_strided_rec: 1
nr_doubles: 524288
nr_of_strided_rec: 1
nr_doubles: 524288
nr_of_strided_rec: 1
nr_doubles: 524288
nr_of_strided_rec: 1
nr_doubles: 524288
nr_of_strided_rec: 1
nr_doubles: 524288
nr_of_strided_rec: 1
nr_doubles: 524288
nr_of_strided_rec: 1
nr_doubles: 524288
nr_of_strided_rec: 1
nr_doubles: 524288
nr_of_strided_rec: 1
nr_doubles: 524288
nr_of_strided_rec: 1
nr_doubles: 524288

Write the data to file:33554432 bytes
***********WAITING************

Write the data to file:33554432 bytes
***********WAITING************

Write the data to file:33554432 bytes
***********WAITING************

Write the data to file:33554432 bytes
***********WAITING************

Write the data to file:33554432 bytes
***********WAITING************

Write the data to file:33554432 bytes
***********WAITING************

Write the data to file:33554432 bytes
***********WAITING************

Write the data to file:33554432 bytes
***********WAITING************

Write the data to file:33554432 bytes
***********WAITING************

Write the data to file:33554432 bytes
***********WAITING************

Write the data to file:33554432 bytes
***********WAITING************

Write the data to file:33554432 bytes
***********WAITING************

Write the data to file:33554432 bytes
***********WAITING************

Write the data to file:33554432 bytes
***********WAITING************

Write the data to file:33554432 bytes
***********WAITING************

Write the data to file:33554432 bytes
***********WAITING************
nr_of_strided_rec: 1
nr_doubles: 524288
nr_of_strided_rec: 1
nr_doubles: 524288
nr_of_strided_rec: 1
nr_doubles: 524288
nr_of_strided_rec: 1
nr_doubles: 524288
nr_of_strided_rec: 1
nr_doubles: 524288
nr_of_strided_rec: 1
nr_doubles: 524288
nr_of_strided_rec: 1
nr_doubles: 524288
nr_of_strided_rec: 1
nr_doubles: 524288
nr_of_strided_rec: 1
nr_doubles: 524288
nr_of_strided_rec: 1
nr_doubles: 524288
nr_of_strided_rec: 1
nr_doubles: 524288
nr_of_strided_rec: 1
nr_doubles: 524288
nr_of_strided_rec: 1
nr_doubles: 524288
nr_of_strided_rec: 1
nr_doubles: 524288
nr_of_strided_rec: 1
nr_doubles: 524288
nr_of_strided_rec: 1
nr_doubles: 524288

Write the data to file:33554432 bytes
***********WAITING************

Write the data to file:33554432 bytes
***********WAITING************

Write the data to file:33554432 bytes
***********WAITING************

Write the data to file:33554432 bytes
***********WAITING************

Write the data to file:33554432 bytes
***********WAITING************

Write the data to file:33554432 bytes
***********WAITING************

Write the data to file:33554432 bytes
***********WAITING************

Write the data to file:33554432 bytes
***********WAITING************

Write the data to file:33554432 bytes
***********WAITING************

Write the data to file:33554432 bytes
***********WAITING************

Write the data to file:33554432 bytes
***********WAITING************

Write the data to file:33554432 bytes
***********WAITING************

Write the data to file:33554432 bytes
***********WAITING************

Write the data to file:33554432 bytes
***********WAITING************

Write the data to file:33554432 bytes
***********WAITING************

Write the data to file:33554432 bytes
***********WAITING************
nr_of_strided_rec: 1
nr_doubles: 524288
nr_of_strided_rec: 1
nr_doubles: 524288
nr_of_strided_rec: 1
nr_doubles: 524288
nr_of_strided_rec: 1
nr_doubles: 524288
nr_of_strided_rec: 1
nr_doubles: 524288
nr_of_strided_rec: 1
nr_doubles: 524288
nr_of_strided_rec: 1
nr_doubles: 524288
nr_of_strided_rec: 1
nr_doubles: 524288
nr_of_strided_rec: 1
nr_doubles: 524288
nr_of_strided_rec: 1
nr_doubles: 524288
nr_of_strided_rec: 1
nr_doubles: 524288
nr_of_strided_rec: 1
nr_doubles: 524288
nr_of_strided_rec: 1
nr_doubles: 524288
nr_of_strided_rec: 1
nr_doubles: 524288
nr_of_strided_rec: 1
nr_doubles: 524288
nr_of_strided_rec: 1
nr_doubles: 524288

Write the data to file:33554432 bytes
***********WAITING************

Write the data to file:33554432 bytes
***********WAITING************

Write the data to file:33554432 bytes
***********WAITING************

Write the data to file:33554432 bytes
***********WAITING************

Write the data to file:33554432 bytes
***********WAITING************

Write the data to file:33554432 bytes
***********WAITING************

Write the data to file:33554432 bytes
***********WAITING************

Write the data to file:33554432 bytes
***********WAITING************

Write the data to file:33554432 bytes
***********WAITING************

Write the data to file:33554432 bytes
***********WAITING************

Write the data to file:33554432 bytes
***********WAITING************

Write the data to file:33554432 bytes
***********WAITING************

Write the data to file:33554432 bytes
***********WAITING************

Write the data to file:33554432 bytes
***********WAITING************

Write the data to file:33554432 bytes
***********WAITING************

Write the data to file:33554432 bytes
***********WAITING************
nr_of_strided_rec: 1
nr_doubles: 524288
nr_of_strided_rec: 1
nr_doubles: 524288
nr_of_strided_rec: 1
nr_doubles: 524288
nr_of_strided_rec: 1
nr_doubles: 524288
nr_of_strided_rec: 1
nr_doubles: 524288
nr_of_strided_rec: 1
nr_doubles: 524288
nr_of_strided_rec: 1
nr_doubles: 524288
nr_of_strided_rec: 1
nr_doubles: 524288
nr_of_strided_rec: 1
nr_doubles: 524288
nr_of_strided_rec: 1
nr_doubles: 524288
nr_of_strided_rec: 1
nr_doubles: 524288
nr_of_strided_rec: 1
nr_doubles: 524288
nr_of_strided_rec: 1
nr_doubles: 524288
nr_of_strided_rec: 1
nr_doubles: 524288
nr_of_strided_rec: 1
nr_doubles: 524288
nr_of_strided_rec: 1
nr_doubles: 524288

Write the data to file:33554432 bytes
***********WAITING************

Write the data to file:33554432 bytes
***********WAITING************

Write the data to file:33554432 bytes
***********WAITING************

Write the data to file:33554432 bytes
***********WAITING************

Write the data to file:33554432 bytes
***********WAITING************

Write the data to file:33554432 bytes
***********WAITING************

Write the data to file:33554432 bytes
***********WAITING************

Write the data to file:33554432 bytes
***********WAITING************

Write the data to file:33554432 bytes
***********WAITING************

Write the data to file:33554432 bytes
***********WAITING************

Write the data to file:33554432 bytes
***********WAITING************

Write the data to file:33554432 bytes
***********WAITING************

Write the data to file:33554432 bytes
***********WAITING************

Write the data to file:33554432 bytes
***********WAITING************

Write the data to file:33554432 bytes
***********WAITING************

Write the data to file:33554432 bytes
***********WAITING************
nr_of_strided_rec: 1
nr_doubles: 524288
nr_of_strided_rec: 1
nr_doubles: 524288
nr_of_strided_rec: 1
nr_doubles: 524288
nr_of_strided_rec: 1
nr_doubles: 524288
nr_of_strided_rec: 1
nr_doubles: 524288
nr_of_strided_rec: 1
nr_doubles: 524288
nr_of_strided_rec: 1
nr_doubles: 524288
nr_of_strided_rec: 1
nr_doubles: 524288
nr_of_strided_rec: 1
nr_doubles: 524288
nr_of_strided_rec: 1
nr_doubles: 524288
nr_of_strided_rec: 1
nr_doubles: 524288
nr_of_strided_rec: 1
nr_doubles: 524288
nr_of_strided_rec: 1
nr_doubles: 524288
nr_of_strided_rec: 1
nr_doubles: 524288
nr_of_strided_rec: 1
nr_doubles: 524288
nr_of_strided_rec: 1
nr_doubles: 524288

Write the data to file:33554432 bytes
***********WAITING************

Write the data to file:33554432 bytes
***********WAITING************

Write the data to file:33554432 bytes
***********WAITING************

Write the data to file:33554432 bytes
***********WAITING************

Write the data to file:33554432 bytes
***********WAITING************

Write the data to file:33554432 bytes
***********WAITING************

Write the data to file:33554432 bytes
***********WAITING************

Write the data to file:33554432 bytes
***********WAITING************

Write the data to file:33554432 bytes
***********WAITING************

Write the data to file:33554432 bytes
***********WAITING************

Write the data to file:33554432 bytes
***********WAITING************

Write the data to file:33554432 bytes
***********WAITING************

Write the data to file:33554432 bytes
***********WAITING************

Write the data to file:33554432 bytes
***********WAITING************

Write the data to file:33554432 bytes
***********WAITING************

Write the data to file:33554432 bytes
***********WAITING************
nr_of_strided_rec: 1
nr_doubles: 524288
nr_of_strided_rec: 1
nr_doubles: 524288
nr_of_strided_rec: 1
nr_doubles: 524288
nr_of_strided_rec: 1
nr_doubles: 524288
nr_of_strided_rec: 1
nr_doubles: 524288
nr_of_strided_rec: 1
nr_doubles: 524288
nr_of_strided_rec: 1
nr_doubles: 524288
nr_of_strided_rec: 1
nr_doubles: 524288
nr_of_strided_rec: 1
nr_doubles: 524288
nr_of_strided_rec: 1
nr_doubles: 524288
nr_of_strided_rec: 1
nr_doubles: 524288
nr_of_strided_rec: 1
nr_doubles: 524288
nr_of_strided_rec: 1
nr_doubles: 524288
nr_of_strided_rec: 1
nr_doubles: 524288
nr_of_strided_rec: 1
nr_doubles: 524288
nr_of_strided_rec: 1
nr_doubles: 524288

Write the data to file:33554432 bytes
***********WAITING************

Write the data to file:33554432 bytes
***********WAITING************

Write the data to file:33554432 bytes
***********WAITING************

Write the data to file:33554432 bytes
***********WAITING************

Write the data to file:33554432 bytes
***********WAITING************

Write the data to file:33554432 bytes
***********WAITING************

Write the data to file:33554432 bytes
***********WAITING************

Write the data to file:33554432 bytes
***********WAITING************

Write the data to file:33554432 bytes
***********WAITING************

Write the data to file:33554432 bytes
***********WAITING************

Write the data to file:33554432 bytes
***********WAITING************

Write the data to file:33554432 bytes
***********WAITING************

Write the data to file:33554432 bytes
***********WAITING************

Write the data to file:33554432 bytes
***********WAITING************

Write the data to file:33554432 bytes
***********WAITING************

Write the data to file:33554432 bytes
***********WAITING************
nr_of_strided_rec: 1
nr_doubles: 524288
nr_of_strided_rec: 1
nr_doubles: 524288
nr_of_strided_rec: 1
nr_doubles: 524288
nr_of_strided_rec: 1
nr_doubles: 524288
nr_of_strided_rec: 1
nr_doubles: 524288
nr_of_strided_rec: 1
nr_doubles: 524288
nr_of_strided_rec: 1
nr_doubles: 524288
nr_of_strided_rec: 1
nr_doubles: 524288
nr_of_strided_rec: 1
nr_doubles: 524288
nr_of_strided_rec: 1
nr_doubles: 524288
nr_of_strided_rec: 1
nr_doubles: 524288
nr_of_strided_rec: 1
nr_doubles: 524288
nr_of_strided_rec: 1
nr_doubles: 524288
nr_of_strided_rec: 1
nr_doubles: 524288
nr_of_strided_rec: 1
nr_doubles: 524288
nr_of_strided_rec: 1
nr_doubles: 524288

Write the data to file:33554432 bytes
***********WAITING************

Write the data to file:33554432 bytes
***********WAITING************

Write the data to file:33554432 bytes
***********WAITING************

Write the data to file:33554432 bytes
***********WAITING************

Write the data to file:33554432 bytes
***********WAITING************

Write the data to file:33554432 bytes
***********WAITING************

Write the data to file:33554432 bytes
***********WAITING************

Write the data to file:33554432 bytes
***********WAITING************

Write the data to file:33554432 bytes
***********WAITING************

Write the data to file:33554432 bytes
***********WAITING************

Write the data to file:33554432 bytes
***********WAITING************

Write the data to file:33554432 bytes
***********WAITING************

Write the data to file:33554432 bytes
***********WAITING************

Write the data to file:33554432 bytes
***********WAITING************

Write the data to file:33554432 bytes
***********WAITING************

Write the data to file:33554432 bytes
***********WAITING************
nr_of_strided_rec: 1
nr_doubles: 524288
nr_of_strided_rec: 1
nr_doubles: 524288
nr_of_strided_rec: 1
nr_doubles: 524288
nr_of_strided_rec: 1
nr_doubles: 524288
nr_of_strided_rec: 1
nr_doubles: 524288
nr_of_strided_rec: 1
nr_doubles: 524288
nr_of_strided_rec: 1
nr_doubles: 524288
nr_of_strided_rec: 1
nr_doubles: 524288
nr_of_strided_rec: 1
nr_doubles: 524288
nr_of_strided_rec: 1
nr_doubles: 524288
nr_of_strided_rec: 1
nr_doubles: 524288
nr_of_strided_rec: 1
nr_doubles: 524288
nr_of_strided_rec: 1
nr_doubles: 524288
nr_of_strided_rec: 1
nr_doubles: 524288
nr_of_strided_rec: 1
nr_doubles: 524288
nr_of_strided_rec: 1
nr_doubles: 524288

Write the data to file:33554432 bytes
***********WAITING************

Write the data to file:33554432 bytes
***********WAITING************

Write the data to file:33554432 bytes
***********WAITING************

Write the data to file:33554432 bytes
***********WAITING************

Write the data to file:33554432 bytes
***********WAITING************

Write the data to file:33554432 bytes
***********WAITING************

Write the data to file:33554432 bytes
***********WAITING************

Write the data to file:33554432 bytes
***********WAITING************

Write the data to file:33554432 bytes
***********WAITING************

Write the data to file:33554432 bytes
***********WAITING************

Write the data to file:33554432 bytes
***********WAITING************

Write the data to file:33554432 bytes
***********WAITING************

Write the data to file:33554432 bytes
***********WAITING************

Write the data to file:33554432 bytes
***********WAITING************

Write the data to file:33554432 bytes
***********WAITING************

Write the data to file:33554432 bytes
***********WAITING************
nr_of_strided_rec: 1
nr_doubles: 524288
nr_of_strided_rec: 1
nr_doubles: 524288
nr_of_strided_rec: 1
nr_doubles: 524288
nr_of_strided_rec: 1
nr_doubles: 524288
nr_of_strided_rec: 1
nr_doubles: 524288
nr_of_strided_rec: 1
nr_doubles: 524288
nr_of_strided_rec: 1
nr_doubles: 524288
nr_of_strided_rec: 1
nr_doubles: 524288
nr_of_strided_rec: 1
nr_doubles: 524288
nr_of_strided_rec: 1
nr_doubles: 524288
nr_of_strided_rec: 1
nr_doubles: 524288
nr_of_strided_rec: 1
nr_doubles: 524288
nr_of_strided_rec: 1
nr_doubles: 524288
nr_of_strided_rec: 1
nr_doubles: 524288
nr_of_strided_rec: 1
nr_doubles: 524288
nr_of_strided_rec: 1
nr_doubles: 524288

Write the data to file:33554432 bytes
***********WAITING************

Write the data to file:33554432 bytes
***********WAITING************

Write the data to file:33554432 bytes
***********WAITING************

Write the data to file:33554432 bytes
***********WAITING************

Write the data to file:33554432 bytes
***********WAITING************

Write the data to file:33554432 bytes
***********WAITING************

Write the data to file:33554432 bytes
***********WAITING************

Write the data to file:33554432 bytes
***********WAITING************

Write the data to file:33554432 bytes
***********WAITING************

Write the data to file:33554432 bytes
***********WAITING************

Write the data to file:33554432 bytes
***********WAITING************

Write the data to file:33554432 bytes
***********WAITING************

Write the data to file:33554432 bytes
***********WAITING************

Write the data to file:33554432 bytes
***********WAITING************

Write the data to file:33554432 bytes
***********WAITING************

Write the data to file:33554432 bytes
***********WAITING************
nr_of_strided_rec: 1
nr_doubles: 524288
nr_of_strided_rec: 1
nr_doubles: 524288
nr_of_strided_rec: 1
nr_doubles: 524288
nr_of_strided_rec: 1
nr_doubles: 524288
nr_of_strided_rec: 1
nr_doubles: 524288
nr_of_strided_rec: 1
nr_doubles: 524288
nr_of_strided_rec: 1
nr_doubles: 524288
nr_of_strided_rec: 1
nr_doubles: 524288
nr_of_strided_rec: 1
nr_doubles: 524288
nr_of_strided_rec: 1
nr_doubles: 524288
nr_of_strided_rec: 1
nr_doubles: 524288
nr_of_strided_rec: 1
nr_doubles: 524288
nr_of_strided_rec: 1
nr_doubles: 524288
nr_of_strided_rec: 1
nr_doubles: 524288
nr_of_strided_rec: 1
nr_doubles: 524288
nr_of_strided_rec: 1
nr_doubles: 524288

Write the data to file:33554432 bytes
***********WAITING************

Write the data to file:33554432 bytes
***********WAITING************

Write the data to file:33554432 bytes
***********WAITING************

Write the data to file:33554432 bytes
***********WAITING************

Write the data to file:33554432 bytes
***********WAITING************

Write the data to file:33554432 bytes
***********WAITING************

Write the data to file:33554432 bytes
***********WAITING************

Write the data to file:33554432 bytes
***********WAITING************

Write the data to file:33554432 bytes
***********WAITING************

Write the data to file:33554432 bytes
***********WAITING************

Write the data to file:33554432 bytes
***********WAITING************

Write the data to file:33554432 bytes
***********WAITING************

Write the data to file:33554432 bytes
***********WAITING************

Write the data to file:33554432 bytes
***********WAITING************

Write the data to file:33554432 bytes
***********WAITING************

Write the data to file:33554432 bytes
***********WAITING************
nr_of_strided_rec: 1
nr_doubles: 524288
nr_of_strided_rec: 1
nr_doubles: 524288
nr_of_strided_rec: 1
nr_doubles: 524288
nr_of_strided_rec: 1
nr_doubles: 524288
nr_of_strided_rec: 1
nr_doubles: 524288
nr_of_strided_rec: 1
nr_doubles: 524288
nr_of_strided_rec: 1
nr_doubles: 524288
nr_of_strided_rec: 1
nr_doubles: 524288
nr_of_strided_rec: 1
nr_doubles: 524288
nr_of_strided_rec: 1
nr_doubles: 524288
nr_of_strided_rec: 1
nr_doubles: 524288
nr_of_strided_rec: 1
nr_doubles: 524288
nr_of_strided_rec: 1
nr_doubles: 524288
nr_of_strided_rec: 1
nr_doubles: 524288
nr_of_strided_rec: 1
nr_doubles: 524288
nr_of_strided_rec: 1
nr_doubles: 524288

Write the data to file:33554432 bytes
***********WAITING************

Write the data to file:33554432 bytes
***********WAITING************

Write the data to file:33554432 bytes
***********WAITING************

Write the data to file:33554432 bytes
***********WAITING************

Write the data to file:33554432 bytes
***********WAITING************

Write the data to file:33554432 bytes
***********WAITING************

Write the data to file:33554432 bytes
***********WAITING************

Write the data to file:33554432 bytes
***********WAITING************

Write the data to file:33554432 bytes
***********WAITING************

Write the data to file:33554432 bytes
***********WAITING************

Write the data to file:33554432 bytes
***********WAITING************

Write the data to file:33554432 bytes
***********WAITING************

Write the data to file:33554432 bytes
***********WAITING************

Write the data to file:33554432 bytes
***********WAITING************

Write the data to file:33554432 bytes
***********WAITING************

Write the data to file:33554432 bytes
***********WAITING************
nr_of_strided_rec: 1
nr_doubles: 524288
nr_of_strided_rec: 1
nr_doubles: 524288
nr_of_strided_rec: 1
nr_doubles: 524288
nr_of_strided_rec: 1
nr_doubles: 524288
nr_of_strided_rec: 1
nr_doubles: 524288
nr_of_strided_rec: 1
nr_doubles: 524288
nr_of_strided_rec: 1
nr_doubles: 524288
nr_of_strided_rec: 1
nr_doubles: 524288
nr_of_strided_rec: 1
nr_doubles: 524288
nr_of_strided_rec: 1
nr_doubles: 524288
nr_of_strided_rec: 1
nr_doubles: 524288
nr_of_strided_rec: 1
nr_doubles: 524288
nr_of_strided_rec: 1
nr_doubles: 524288
nr_of_strided_rec: 1
nr_doubles: 524288
nr_of_strided_rec: 1
nr_doubles: 524288
nr_of_strided_rec: 1
nr_doubles: 524288

Write the data to file:33554432 bytes
***********WAITING************

Write the data to file:33554432 bytes
***********WAITING************

Write the data to file:33554432 bytes
***********WAITING************

Write the data to file:33554432 bytes
***********WAITING************

Write the data to file:33554432 bytes
***********WAITING************

Write the data to file:33554432 bytes
***********WAITING************

Write the data to file:33554432 bytes
***********WAITING************

Write the data to file:33554432 bytes
***********WAITING************

Write the data to file:33554432 bytes
***********WAITING************

Write the data to file:33554432 bytes
***********WAITING************

Write the data to file:33554432 bytes
***********WAITING************

Write the data to file:33554432 bytes
***********WAITING************

Write the data to file:33554432 bytes
***********WAITING************

Write the data to file:33554432 bytes
***********WAITING************

Write the data to file:33554432 bytes
***********WAITING************

Write the data to file:33554432 bytes
***********WAITING************
nr_of_strided_rec: 1
nr_doubles: 524288
nr_of_strided_rec: 1
nr_doubles: 524288
nr_of_strided_rec: 1
nr_doubles: 524288
nr_of_strided_rec: 1
nr_doubles: 524288
nr_of_strided_rec: 1
nr_doubles: 524288
nr_of_strided_rec: 1
nr_doubles: 524288
nr_of_strided_rec: 1
nr_doubles: 524288
nr_of_strided_rec: 1
nr_doubles: 524288
nr_of_strided_rec: 1
nr_doubles: 524288
nr_of_strided_rec: 1
nr_doubles: 524288
nr_of_strided_rec: 1
nr_doubles: 524288
nr_of_strided_rec: 1
nr_doubles: 524288
nr_of_strided_rec: 1
nr_doubles: 524288
nr_of_strided_rec: 1
nr_doubles: 524288
nr_of_strided_rec: 1
nr_doubles: 524288
nr_of_strided_rec: 1
nr_doubles: 524288

Write the data to file:33554432 bytes
***********WAITING************

Write the data to file:33554432 bytes
***********WAITING************

Write the data to file:33554432 bytes
***********WAITING************

Write the data to file:33554432 bytes
***********WAITING************

Write the data to file:33554432 bytes
***********WAITING************

Write the data to file:33554432 bytes
***********WAITING************

Write the data to file:33554432 bytes
***********WAITING************

Write the data to file:33554432 bytes
***********WAITING************

Write the data to file:33554432 bytes
***********WAITING************

Write the data to file:33554432 bytes
***********WAITING************

Write the data to file:33554432 bytes
***********WAITING************

Write the data to file:33554432 bytes
***********WAITING************

Write the data to file:33554432 bytes
***********WAITING************

Write the data to file:33554432 bytes
***********WAITING************

Write the data to file:33554432 bytes
***********WAITING************

Write the data to file:33554432 bytes
***********WAITING************
nr_of_strided_rec: 1
nr_doubles: 524288
nr_of_strided_rec: 1
nr_doubles: 524288
nr_of_strided_rec: 1
nr_doubles: 524288
nr_of_strided_rec: 1
nr_doubles: 524288
nr_of_strided_rec: 1
nr_doubles: 524288
nr_of_strided_rec: 1
nr_doubles: 524288
nr_of_strided_rec: 1
nr_doubles: 524288
nr_of_strided_rec: 1
nr_doubles: 524288
nr_of_strided_rec: 1
nr_doubles: 524288
nr_of_strided_rec: 1
nr_doubles: 524288
nr_of_strided_rec: 1
nr_doubles: 524288
nr_of_strided_rec: 1
nr_doubles: 524288
nr_of_strided_rec: 1
nr_doubles: 524288
nr_of_strided_rec: 1
nr_doubles: 524288
nr_of_strided_rec: 1
nr_doubles: 524288
nr_of_strided_rec: 1
nr_doubles: 524288

Write the data to file:33554432 bytes
***********WAITING************

Write the data to file:33554432 bytes
***********WAITING************

Write the data to file:33554432 bytes
***********WAITING************

Write the data to file:33554432 bytes
***********WAITING************

Write the data to file:33554432 bytes
***********WAITING************

Write the data to file:33554432 bytes
***********WAITING************

Write the data to file:33554432 bytes
***********WAITING************

Write the data to file:33554432 bytes
***********WAITING************

Write the data to file:33554432 bytes
***********WAITING************

Write the data to file:33554432 bytes
***********WAITING************

Write the data to file:33554432 bytes
***********WAITING************

Write the data to file:33554432 bytes
***********WAITING************

Write the data to file:33554432 bytes
***********WAITING************

Write the data to file:33554432 bytes
***********WAITING************

Write the data to file:33554432 bytes
***********WAITING************

Write the data to file:33554432 bytes
***********WAITING************
nr_of_strided_rec: 1
nr_doubles: 524288
nr_of_strided_rec: 1
nr_doubles: 524288
nr_of_strided_rec: 1
nr_doubles: 524288
nr_of_strided_rec: 1
nr_doubles: 524288
nr_of_strided_rec: 1
nr_doubles: 524288
nr_of_strided_rec: 1
nr_doubles: 524288
nr_of_strided_rec: 1
nr_doubles: 524288
nr_of_strided_rec: 1
nr_doubles: 524288
nr_of_strided_rec: 1
nr_doubles: 524288
nr_of_strided_rec: 1
nr_doubles: 524288
nr_of_strided_rec: 1
nr_doubles: 524288
nr_of_strided_rec: 1
nr_doubles: 524288
nr_of_strided_rec: 1
nr_doubles: 524288
nr_of_strided_rec: 1
nr_doubles: 524288
nr_of_strided_rec: 1
nr_doubles: 524288
nr_of_strided_rec: 1
nr_doubles: 524288

Write the data to file:33554432 bytes
***********WAITING************

Write the data to file:33554432 bytes
***********WAITING************

Write the data to file:33554432 bytes
***********WAITING************

Write the data to file:33554432 bytes
***********WAITING************

Write the data to file:33554432 bytes
***********WAITING************

Write the data to file:33554432 bytes
***********WAITING************

Write the data to file:33554432 bytes
***********WAITING************

Write the data to file:33554432 bytes
***********WAITING************

Write the data to file:33554432 bytes
***********WAITING************

Write the data to file:33554432 bytes
***********WAITING************

Write the data to file:33554432 bytes
***********WAITING************

Write the data to file:33554432 bytes
***********WAITING************

Write the data to file:33554432 bytes
***********WAITING************

Write the data to file:33554432 bytes
***********WAITING************

Write the data to file:33554432 bytes
***********WAITING************

Write the data to file:33554432 bytes
***********WAITING************
nr_of_strided_rec: 1
nr_doubles: 524288
nr_of_strided_rec: 1
nr_doubles: 524288
nr_of_strided_rec: 1
nr_doubles: 524288
nr_of_strided_rec: 1
nr_doubles: 524288
nr_of_strided_rec: 1
nr_doubles: 524288
nr_of_strided_rec: 1
nr_doubles: 524288
nr_of_strided_rec: 1
nr_doubles: 524288
nr_of_strided_rec: 1
nr_doubles: 524288
nr_of_strided_rec: 1
nr_doubles: 524288
nr_of_strided_rec: 1
nr_doubles: 524288
nr_of_strided_rec: 1
nr_doubles: 524288
nr_of_strided_rec: 1
nr_doubles: 524288
nr_of_strided_rec: 1
nr_doubles: 524288
nr_of_strided_rec: 1
nr_doubles: 524288
nr_of_strided_rec: 1
nr_doubles: 524288
nr_of_strided_rec: 1
nr_doubles: 524288

Write the data to file:33554432 bytes
***********WAITING************

Write the data to file:33554432 bytes
***********WAITING************

Write the data to file:33554432 bytes
***********WAITING************

Write the data to file:33554432 bytes
***********WAITING************

Write the data to file:33554432 bytes
***********WAITING************

Write the data to file:33554432 bytes
***********WAITING************

Write the data to file:33554432 bytes
***********WAITING************

Write the data to file:33554432 bytes
***********WAITING************

Write the data to file:33554432 bytes
***********WAITING************

Write the data to file:33554432 bytes
***********WAITING************

Write the data to file:33554432 bytes
***********WAITING************

Write the data to file:33554432 bytes
***********WAITING************

Write the data to file:33554432 bytes
***********WAITING************

Write the data to file:33554432 bytes
***********WAITING************

Write the data to file:33554432 bytes
***********WAITING************

Write the data to file:33554432 bytes
***********WAITING************
nr_of_strided_rec: 1
nr_doubles: 524288
nr_of_strided_rec: 1
nr_doubles: 524288
nr_of_strided_rec: 1
nr_doubles: 524288
nr_of_strided_rec: 1
nr_doubles: 524288
nr_of_strided_rec: 1
nr_doubles: 524288
nr_of_strided_rec: 1
nr_doubles: 524288
nr_of_strided_rec: 1
nr_doubles: 524288
nr_of_strided_rec: 1
nr_doubles: 524288
nr_of_strided_rec: 1
nr_doubles: 524288
nr_of_strided_rec: 1
nr_doubles: 524288
nr_of_strided_rec: 1
nr_doubles: 524288
nr_of_strided_rec: 1
nr_doubles: 524288
nr_of_strided_rec: 1
nr_doubles: 524288
nr_of_strided_rec: 1
nr_doubles: 524288
nr_of_strided_rec: 1
nr_doubles: 524288
nr_of_strided_rec: 1
nr_doubles: 524288

Write the data to file:33554432 bytes
***********WAITING************

Write the data to file:33554432 bytes
***********WAITING************

Write the data to file:33554432 bytes
***********WAITING************

Write the data to file:33554432 bytes
***********WAITING************

Write the data to file:33554432 bytes
***********WAITING************

Write the data to file:33554432 bytes
***********WAITING************

Write the data to file:33554432 bytes
***********WAITING************

Write the data to file:33554432 bytes
***********WAITING************

Write the data to file:33554432 bytes
***********WAITING************

Write the data to file:33554432 bytes
***********WAITING************

Write the data to file:33554432 bytes
***********WAITING************

Write the data to file:33554432 bytes
***********WAITING************

Write the data to file:33554432 bytes
***********WAITING************

Write the data to file:33554432 bytes
***********WAITING************

Write the data to file:33554432 bytes
***********WAITING************

Write the data to file:33554432 bytes
***********WAITING************
nr_of_strided_rec: 1
nr_doubles: 524288
nr_of_strided_rec: 1
nr_doubles: 524288
nr_of_strided_rec: 1
nr_doubles: 524288
nr_of_strided_rec: 1
nr_doubles: 524288
nr_of_strided_rec: 1
nr_doubles: 524288
nr_of_strided_rec: 1
nr_doubles: 524288
nr_of_strided_rec: 1
nr_doubles: 524288
nr_of_strided_rec: 1
nr_doubles: 524288
nr_of_strided_rec: 1
nr_doubles: 524288
nr_of_strided_rec: 1
nr_doubles: 524288
nr_of_strided_rec: 1
nr_doubles: 524288
nr_of_strided_rec: 1
nr_doubles: 524288
nr_of_strided_rec: 1
nr_doubles: 524288
nr_of_strided_rec: 1
nr_doubles: 524288
nr_of_strided_rec: 1
nr_doubles: 524288
nr_of_strided_rec: 1
nr_doubles: 524288

Write the data to file:33554432 bytes
***********WAITING************

Write the data to file:33554432 bytes
***********WAITING************

Write the data to file:33554432 bytes
***********WAITING************

Write the data to file:33554432 bytes
***********WAITING************

Write the data to file:33554432 bytes
***********WAITING************

Write the data to file:33554432 bytes
***********WAITING************

Write the data to file:33554432 bytes
***********WAITING************

Write the data to file:33554432 bytes
***********WAITING************

Write the data to file:33554432 bytes
***********WAITING************

Write the data to file:33554432 bytes
***********WAITING************

Write the data to file:33554432 bytes
***********WAITING************

Write the data to file:33554432 bytes
***********WAITING************

Write the data to file:33554432 bytes
***********WAITING************

Write the data to file:33554432 bytes
***********WAITING************

Write the data to file:33554432 bytes
***********WAITING************

Write the data to file:33554432 bytes
***********WAITING************

Write the data to file:33554432 bytes
***********WAITING************

Write the data to file:33554432 bytes
***********WAITING************

Write the data to file:33554432 bytes
***********WAITING************

Write the data to file:33554432 bytes
***********WAITING************

Write the data to file:33554432 bytes
***********WAITING************

Write the data to file:33554432 bytes
***********WAITING************

Write the data to file:33554432 bytes
***********WAITING************

Write the data to file:33554432 bytes
***********WAITING************

Write the data to file:33554432 bytes
***********WAITING************

Write the data to file:33554432 bytes
***********WAITING************

Write the data to file:33554432 bytes
***********WAITING************

Write the data to file:33554432 bytes
***********WAITING************

Write the data to file:33554432 bytes
***********WAITING************

Write the data to file:33554432 bytes
***********WAITING************

Write the data to file:33554432 bytes
***********WAITING************

Write the data to file:33554432 bytes
***********WAITING************
W_cc         2.27   [      2.26:      2.27]
W_r         40.68   [     40.68:     40.68]
W_w         25.77   [     25.77:     25.77]
          -------
W_total     68.72   [     68.71:     68.72]

calc_W done
calc_W done
calc_W done
calc_W done
calc_W done
calc_W done
calc_W done
calc_W done
calc_W done
nr_of_strided_rec: 1
calc_W done
nr_of_strided_rec: 1
nr_doubles: 524288
calc_W done
nr_of_strided_rec: 1
nr_doubles: 524288
calc_W done
nr_of_strided_rec: 1
nr_doubles: 524288
calc_W done
nr_of_strided_rec: 1
nr_doubles: 524288
calc_W done
nr_of_strided_rec: 1
nr_doubles: 524288
calc_W done
nr_of_strided_rec: 1
nr_doubles: 524288
calc_W done
nr_of_strided_rec: 1
nr_doubles: 524288
nr_of_strided_rec: 1
nr_doubles: 524288
nr_of_strided_rec: 1
nr_doubles: 524288
nr_of_strided_rec: 1
nr_doubles: 524288
nr_of_strided_rec: 1
nr_doubles: 524288
nr_of_strided_rec: 1
nr_doubles: 524288
nr_of_strided_rec: 1
nr_doubles: 524288
nr_of_strided_rec: 1
nr_doubles: 524288
nr_doubles: 524288
nr_of_strided_rec: 1
nr_doubles: 524288
nr_of_strided_rec: 1
nr_doubles: 524288
nr_of_strided_rec: 1
nr_doubles: 524288
nr_of_strided_rec: 1
nr_doubles: 524288
nr_of_strided_rec: 1
nr_doubles: 524288
nr_of_strided_rec: 1
nr_doubles: 524288
nr_of_strided_rec: 1
nr_doubles: 524288
nr_of_strided_rec: 1
nr_doubles: 524288
nr_of_strided_rec: 1
nr_doubles: 524288
nr_of_strided_rec: 1
nr_doubles: 524288
nr_of_strided_rec: 1
nr_doubles: 524288
nr_of_strided_rec: 1
nr_doubles: 524288
nr_of_strided_rec: 1
nr_doubles: 524288
nr_of_strided_rec: 1
nr_doubles: 524288
nr_of_strided_rec: 1
nr_doubles: 524288
nr_of_strided_rec: 1
nr_doubles: 524288
nr_of_strided_rec: 1
nr_doubles: 524288
nr_of_strided_rec: 1
nr_doubles: 524288
nr_of_strided_rec: 1
nr_doubles: 524288
nr_of_strided_rec: 1
nr_doubles: 524288
nr_of_strided_rec: 1
nr_doubles: 524288
nr_of_strided_rec: 1
nr_doubles: 524288
nr_of_strided_rec: 1
nr_doubles: 524288
nr_of_strided_rec: 1
nr_doubles: 524288
nr_of_strided_rec: 1
nr_doubles: 524288
nr_of_strided_rec: 1
nr_doubles: 524288
nr_of_strided_rec: 1
nr_doubles: 524288
nr_of_strided_rec: 1
nr_doubles: 524288
nr_of_strided_rec: 1
nr_doubles: 524288
nr_of_strided_rec: 1
nr_doubles: 524288
nr_of_strided_rec: 1
nr_doubles: 524288
nr_of_strided_rec: 1
nr_doubles: 524288
nr_of_strided_rec: 1
nr_doubles: 524288
nr_of_strided_rec: 1
nr_doubles: 524288
nr_of_strided_rec: 1
nr_doubles: 524288
nr_of_strided_rec: 1
nr_doubles: 524288
nr_of_strided_rec: 1
nr_doubles: 524288
nr_of_strided_rec: 1
nr_doubles: 524288
nr_of_strided_rec: 1
nr_doubles: 524288
nr_of_strided_rec: 1
nr_doubles: 524288
nr_of_strided_rec: 1
nr_doubles: 524288
nr_of_strided_rec: 1
nr_doubles: 524288
nr_of_strided_rec: 1
nr_doubles: 524288
nr_of_strided_rec: 1
nr_doubles: 524288
nr_of_strided_rec: 1
nr_doubles: 524288
nr_of_strided_rec: 1
nr_doubles: 524288
nr_of_strided_rec: 1
nr_doubles: 524288
nr_of_strided_rec: 1
nr_doubles: 524288
nr_of_strided_rec: 1
nr_doubles: 524288
nr_of_strided_rec: 1
nr_doubles: 524288
nr_of_strided_rec: 1
nr_doubles: 524288
nr_of_strided_rec: 1
nr_doubles: 524288
nr_of_strided_rec: 1
nr_doubles: 524288
nr_of_strided_rec: 1
nr_doubles: 524288
nr_of_strided_rec: 1
nr_doubles: 524288
nr_of_strided_rec: 1
nr_doubles: 524288
nr_of_strided_rec: 1
nr_doubles: 524288
nr_of_strided_rec: 1
nr_doubles: 524288
nr_of_strided_rec: 1
nr_doubles: 524288
nr_of_strided_rec: 1
nr_doubles: 524288
nr_of_strided_rec: 1
nr_doubles: 524288
nr_of_strided_rec: 1
nr_doubles: 524288
nr_of_strided_rec: 1
nr_doubles: 524288
nr_of_strided_rec: 1
nr_doubles: 524288
nr_of_strided_rec: 1
nr_doubles: 524288
nr_of_strided_rec: 1
nr_doubles: 524288
nr_of_strided_rec: 1
nr_doubles: 524288
nr_of_strided_rec: 1
nr_doubles: 524288
nr_of_strided_rec: 1
nr_doubles: 524288
nr_of_strided_rec: 1
nr_doubles: 524288
nr_of_strided_rec: 1
nr_doubles: 524288
nr_of_strided_rec: 1
nr_doubles: 524288
nr_of_strided_rec: 1
nr_doubles: 524288
nr_of_strided_rec: 1
nr_doubles: 524288
nr_of_strided_rec: 1
nr_doubles: 524288
nr_of_strided_rec: 1
nr_doubles: 524288
nr_of_strided_rec: 1
nr_doubles: 524288
nr_of_strided_rec: 1
nr_doubles: 524288
nr_of_strided_rec: 1
nr_doubles: 524288
nr_of_strided_rec: 1
nr_doubles: 524288
nr_of_strided_rec: 1
nr_doubles: 524288
nr_of_strided_rec: 1
nr_doubles: 524288
nr_of_strided_rec: 1
nr_doubles: 524288
nr_of_strided_rec: 1
nr_doubles: 524288
nr_of_strided_rec: 1
nr_doubles: 524288
nr_of_strided_rec: 1
nr_doubles: 524288
nr_of_strided_rec: 1
nr_doubles: 524288
nr_of_strided_rec: 1
nr_doubles: 524288
nr_of_strided_rec: 1
nr_doubles: 524288
nr_of_strided_rec: 1
nr_doubles: 524288
nr_of_strided_rec: 1
nr_doubles: 524288
nr_of_strided_rec: 1
nr_doubles: 524288
nr_of_strided_rec: 1
nr_doubles: 524288
nr_of_strided_rec: 1
nr_doubles: 524288
nr_of_strided_rec: 1
nr_doubles: 524288
nr_of_strided_rec: 1
nr_doubles: 524288
nr_of_strided_rec: 1
nr_doubles: 524288
nr_of_strided_rec: 1
nr_doubles: 524288
nr_of_strided_rec: 1
nr_doubles: 524288
nr_of_strided_rec: 1
nr_doubles: 524288
nr_of_strided_rec: 1
nr_doubles: 524288
nr_of_strided_rec: 1
nr_doubles: 524288
nr_of_strided_rec: 1
nr_doubles: 524288
nr_of_strided_rec: 1
nr_doubles: 524288
nr_of_strided_rec: 1
nr_doubles: 524288
nr_of_strided_rec: 1
nr_doubles: 524288
nr_of_strided_rec: 1
nr_doubles: 524288
nr_of_strided_rec: 1
nr_doubles: 524288
nr_of_strided_rec: 1
nr_doubles: 524288
nr_of_strided_rec: 1
nr_doubles: 524288
nr_of_strided_rec: 1
nr_doubles: 524288
nr_of_strided_rec: 1
nr_doubles: 524288
nr_of_strided_rec: 1
nr_doubles: 524288
nr_of_strided_rec: 1
nr_doubles: 524288
nr_of_strided_rec: 1
nr_doubles: 524288
nr_of_strided_rec: 1
nr_doubles: 524288
nr_of_strided_rec: 1
nr_doubles: 524288
nr_of_strided_rec: 1
nr_doubles: 524288
nr_of_strided_rec: 1
nr_doubles: 524288
nr_of_strided_rec: 1
nr_doubles: 524288
nr_of_strided_rec: 1
nr_doubles: 524288
nr_of_strided_rec: 1
nr_doubles: 524288
nr_of_strided_rec: 1
nr_doubles: 524288
nr_of_strided_rec: 1
nr_doubles: 524288
nr_of_strided_rec: 1
nr_doubles: 524288
nr_of_strided_rec: 1
nr_doubles: 524288
nr_of_strided_rec: 1
nr_doubles: 524288
nr_of_strided_rec: 1
nr_doubles: 524288
nr_of_strided_rec: 1
nr_doubles: 524288
nr_of_strided_rec: 1
nr_doubles: 524288
nr_of_strided_rec: 1
nr_doubles: 524288
nr_of_strided_rec: 1
nr_doubles: 524288
nr_of_strided_rec: 1
nr_doubles: 524288
nr_of_strided_rec: 1
nr_doubles: 524288
nr_of_strided_rec: 1
nr_doubles: 524288
nr_of_strided_rec: 1
nr_doubles: 524288
nr_of_strided_rec: 1
nr_doubles: 524288
nr_of_strided_rec: 1
nr_doubles: 524288
nr_of_strided_rec: 1
nr_doubles: 524288
nr_of_strided_rec: 1
nr_doubles: 524288
nr_of_strided_rec: 1
nr_doubles: 524288
nr_of_strided_rec: 1
nr_doubles: 524288
nr_of_strided_rec: 1
nr_doubles: 524288
nr_of_strided_rec: 1
nr_doubles: 524288
nr_of_strided_rec: 1
nr_doubles: 524288
nr_of_strided_rec: 1
nr_doubles: 524288
nr_of_strided_rec: 1
nr_doubles: 524288
nr_of_strided_rec: 1
nr_doubles: 524288
nr_of_strided_rec: 1
nr_doubles: 524288
nr_of_strided_rec: 1
nr_doubles: 524288
nr_of_strided_rec: 1
nr_doubles: 524288
nr_of_strided_rec: 1
nr_doubles: 524288
nr_of_strided_rec: 1
nr_doubles: 524288
nr_of_strided_rec: 1
nr_doubles: 524288
nr_of_strided_rec: 1
nr_doubles: 524288
nr_of_strided_rec: 1
nr_doubles: 524288
nr_of_strided_rec: 1
nr_doubles: 524288
nr_of_strided_rec: 1
nr_doubles: 524288
nr_of_strided_rec: 1
nr_doubles: 524288
nr_of_strided_rec: 1
nr_doubles: 524288
nr_of_strided_rec: 1
nr_doubles: 524288
nr_of_strided_rec: 1
nr_doubles: 524288
nr_of_strided_rec: 1
nr_doubles: 524288
nr_of_strided_rec: 1
nr_doubles: 524288
nr_of_strided_rec: 1
nr_doubles: 524288
nr_of_strided_rec: 1
nr_doubles: 524288
nr_of_strided_rec: 1
nr_doubles: 524288
nr_of_strided_rec: 1
nr_doubles: 524288
nr_of_strided_rec: 1
nr_doubles: 524288
nr_of_strided_rec: 1
nr_doubles: 524288
nr_of_strided_rec: 1
nr_doubles: 524288
nr_of_strided_rec: 1
nr_doubles: 524288
nr_of_strided_rec: 1
nr_doubles: 524288
nr_of_strided_rec: 1
nr_doubles: 524288
nr_of_strided_rec: 1
nr_doubles: 524288
nr_of_strided_rec: 1
nr_doubles: 524288
nr_of_strided_rec: 1
nr_doubles: 524288
nr_of_strided_rec: 1
nr_doubles: 524288
nr_of_strided_rec: 1
nr_doubles: 524288
nr_of_strided_rec: 1
nr_doubles: 524288
nr_of_strided_rec: 1
nr_doubles: 524288
nr_of_strided_rec: 1
nr_doubles: 524288
nr_of_strided_rec: 1
nr_doubles: 524288
nr_of_strided_rec: 1
nr_doubles: 524288
nr_of_strided_rec: 1
nr_doubles: 524288
nr_of_strided_rec: 1
nr_doubles: 524288
nr_of_strided_rec: 1
nr_doubles: 524288
nr_of_strided_rec: 1
nr_doubles: 524288
nr_of_strided_rec: 1
nr_doubles: 524288
nr_of_strided_rec: 1
nr_doubles: 524288
nr_of_strided_rec: 1
nr_doubles: 524288
nr_of_strided_rec: 1
nr_doubles: 524288
nr_of_strided_rec: 1
nr_doubles: 524288
nr_of_strided_rec: 1
nr_doubles: 524288
nr_of_strided_rec: 1
nr_doubles: 524288
nr_of_strided_rec: 1
nr_doubles: 524288
nr_of_strided_rec: 1
nr_doubles: 524288
nr_of_strided_rec: 1
nr_doubles: 524288
nr_of_strided_rec: 1
nr_doubles: 524288
nr_of_strided_rec: 1
nr_doubles: 524288
nr_of_strided_rec: 1
nr_doubles: 524288
nr_of_strided_rec: 1
nr_doubles: 524288
nr_of_strided_rec: 1
nr_doubles: 524288
nr_of_strided_rec: 1
nr_doubles: 524288
nr_of_strided_rec: 1
nr_doubles: 524288
nr_of_strided_rec: 1
nr_doubles: 524288
nr_of_strided_rec: 1
nr_doubles: 524288
nr_of_strided_rec: 1
nr_doubles: 524288
nr_of_strided_rec: 1
nr_doubles: 524288
nr_of_strided_rec: 1
nr_doubles: 524288
nr_of_strided_rec: 1
nr_doubles: 524288
nr_of_strided_rec: 1
nr_doubles: 524288
nr_of_strided_rec: 1
nr_doubles: 524288
nr_of_strided_rec: 1
nr_doubles: 524288
nr_of_strided_rec: 1
nr_doubles: 524288
nr_of_strided_rec: 1
nr_doubles: 524288
nr_of_strided_rec: 1
nr_doubles: 524288
nr_of_strided_rec: 1
nr_doubles: 524288
nr_of_strided_rec: 1
nr_doubles: 524288
nr_of_strided_rec: 1
nr_doubles: 524288
nr_of_strided_rec: 1
nr_doubles: 524288
nr_of_strided_rec: 1
nr_doubles: 524288
nr_of_strided_rec: 1
nr_doubles: 524288
nr_of_strided_rec: 1
nr_doubles: 524288
nr_of_strided_rec: 1
nr_doubles: 524288
nr_of_strided_rec: 1
nr_doubles: 524288
nr_of_strided_rec: 1
nr_doubles: 524288
nr_of_strided_rec: 1
nr_doubles: 524288
nr_of_strided_rec: 1
nr_doubles: 524288
nr_of_strided_rec: 1
nr_doubles: 524288
nr_of_strided_rec: 1
nr_doubles: 524288
nr_of_strided_rec: 1
nr_doubles: 524288
nr_of_strided_rec: 1
nr_doubles: 524288
nr_of_strided_rec: 1
nr_doubles: 524288
nr_of_strided_rec: 1
nr_doubles: 524288
nr_of_strided_rec: 1
nr_doubles: 524288
nr_of_strided_rec: 1
nr_doubles: 524288
nr_of_strided_rec: 1
nr_doubles: 524288
nr_of_strided_rec: 1
nr_doubles: 524288
nr_of_strided_rec: 1
nr_doubles: 524288
nr_of_strided_rec: 1
nr_doubles: 524288
nr_of_strided_rec: 1
nr_doubles: 524288
nr_of_strided_rec: 1
nr_doubles: 524288
nr_of_strided_rec: 1
nr_doubles: 524288
nr_of_strided_rec: 1
nr_doubles: 524288
nr_of_strided_rec: 1
nr_doubles: 524288
nr_of_strided_rec: 1
nr_doubles: 524288
nr_of_strided_rec: 1
nr_doubles: 524288
nr_of_strided_rec: 1
nr_doubles: 524288
nr_of_strided_rec: 1
nr_doubles: 524288
nr_of_strided_rec: 1
nr_doubles: 524288
nr_of_strided_rec: 1
nr_doubles: 524288
nr_of_strided_rec: 1
nr_doubles: 524288
nr_of_strided_rec: 1
nr_doubles: 524288
nr_of_strided_rec: 1
nr_doubles: 524288
nr_of_strided_rec: 1
nr_doubles: 524288
nr_of_strided_rec: 1
nr_doubles: 524288
nr_of_strided_rec: 1
nr_doubles: 524288
nr_of_strided_rec: 1
nr_doubles: 524288
nr_of_strided_rec: 1
nr_doubles: 524288
nr_of_strided_rec: 1
nr_doubles: 524288
nr_of_strided_rec: 1
nr_doubles: 524288
nr_of_strided_rec: 1
nr_doubles: 524288
nr_of_strided_rec: 1
nr_doubles: 524288
nr_of_strided_rec: 1
nr_doubles: 524288
nr_of_strided_rec: 1
nr_doubles: 524288
nr_of_strided_rec: 1
nr_doubles: 524288
nr_of_strided_rec: 1
nr_doubles: 524288
nr_of_strided_rec: 1
nr_doubles: 524288
nr_of_strided_rec: 1
