fclose PID:29732 fd:3
fclose PID:29732 fd:4
fclose PID:29732 fd:4
fclose PID:29732 fd:3
available: 2 nodes (0-1)
fclose PID:29732 fd:3
node 0 cpus:fclose PID:29732 fd:3
 0 1 2 3 4 5 6 7 8 9 20 21 22 23 24 25 26 27 28 29
node 0 size: 80440 MB
node 0 free: 80123 MB
fclose PID:29732 fd:3
node 1 cpus:fclose PID:29732 fd:3
 10 11 12 13 14 15 16 17 18 19 30 31 32 33 34 35 36 37 38 39
node 1 size: 80635 MB
node 1 free: 80376 MB
fclose PID:29732 fd:3
fclose PID:29732 fd:3
node distances:
node   0   1 
  0:  10  21 
  1:  21  10 
READAHEAD_TIME:0.000000 us
MaxRSS= 2220 KB, SharedMem= 0 KB, HardPageFault= 10
fclose PID:29737 fd:12
fclose PID:29739 fd:8
fclose PID:29740 fd:8
fclose PID:29738 fd:10

MADbench 2.0 IO-mode
no_pe = 4  no_pix = 8192  no_bin = 30  no_gang = 1 sblocksize = 8  fblocksize = 64  r_mod = 1  w_mod = 1 record_size=131072 stride=7


IOMETHOD = POSIX  IOMODE = SYNC  FILETYPE = UNIQUE  REMAP = CUSTOMbuild_S
build_S
build_S
build_S

Write the data to file:134217728 bytes
***********WAITING************

Write the data to file:134217728 bytes
***********WAITING************

Write the data to file:134217728 bytes
***********WAITING************

Write the data to file:134217728 bytes
***********WAITING************

Write the data to file:134217728 bytes
***********WAITING************

Write the data to file:134217728 bytes
***********WAITING************

Write the data to file:134217728 bytes
***********WAITING************

Write the data to file:134217728 bytes
***********WAITING************

Write the data to file:134217728 bytes
***********WAITING************

Write the data to file:134217728 bytes
***********WAITING************

Write the data to file:134217728 bytes
***********WAITING************

Write the data to file:134217728 bytes
***********WAITING************

Write the data to file:134217728 bytes
***********WAITING************

Write the data to file:134217728 bytes
***********WAITING************

Write the data to file:134217728 bytes
***********WAITING************

Write the data to file:134217728 bytes
***********WAITING************

Write the data to file:134217728 bytes
***********WAITING************

Write the data to file:134217728 bytes
***********WAITING************

Write the data to file:134217728 bytes
***********WAITING************

Write the data to file:134217728 bytes
***********WAITING************

Write the data to file:134217728 bytes
***********WAITING************

Write the data to file:134217728 bytes
***********WAITING************

Write the data to file:134217728 bytes
***********WAITING************

Write the data to file:134217728 bytes
***********WAITING************

Write the data to file:134217728 bytes
***********WAITING************

Write the data to file:134217728 bytes
***********WAITING************

Write the data to file:134217728 bytes
***********WAITING************

Write the data to file:134217728 bytes
***********WAITING************

Write the data to file:134217728 bytes
***********WAITING************

Write the data to file:134217728 bytes
***********WAITING************

Write the data to file:134217728 bytes
***********WAITING************

Write the data to file:134217728 bytes
***********WAITING************

Write the data to file:134217728 bytes
***********WAITING************

Write the data to file:134217728 bytes
***********WAITING************

Write the data to file:134217728 bytes
***********WAITING************

Write the data to file:134217728 bytes
***********WAITING************

Write the data to file:134217728 bytes
***********WAITING************

Write the data to file:134217728 bytes
***********WAITING************

Write the data to file:134217728 bytes
***********WAITING************

Write the data to file:134217728 bytes
***********WAITING************

Write the data to file:134217728 bytes
***********WAITING************

Write the data to file:134217728 bytes
***********WAITING************

Write the data to file:134217728 bytes
***********WAITING************

Write the data to file:134217728 bytes
***********WAITING************

Write the data to file:134217728 bytes
***********WAITING************

Write the data to file:134217728 bytes
***********WAITING************

Write the data to file:134217728 bytes
***********WAITING************

Write the data to file:134217728 bytes
***********WAITING************

Write the data to file:134217728 bytes
***********WAITING************

Write the data to file:134217728 bytes
***********WAITING************

Write the data to file:134217728 bytes
***********WAITING************

Write the data to file:134217728 bytes
***********WAITING************

Write the data to file:134217728 bytes
***********WAITING************

Write the data to file:134217728 bytes
***********WAITING************

Write the data to file:134217728 bytes
***********WAITING************

Write the data to file:134217728 bytes
***********WAITING************

Write the data to file:134217728 bytes
***********WAITING************

Write the data to file:134217728 bytes
***********WAITING************

Write the data to file:134217728 bytes
***********WAITING************

Write the data to file:134217728 bytes
***********WAITING************

Write the data to file:134217728 bytes
***********WAITING************

Write the data to file:134217728 bytes
***********WAITING************

Write the data to file:134217728 bytes
***********WAITING************

Write the data to file:134217728 bytes
***********WAITING************

Write the data to file:134217728 bytes
***********WAITING************

Write the data to file:134217728 bytes
***********WAITING************

Write the data to file:134217728 bytes
***********WAITING************

Write the data to file:134217728 bytes
***********WAITING************

Write the data to file:134217728 bytes
***********WAITING************

Write the data to file:134217728 bytes
***********WAITING************

Write the data to file:134217728 bytes
***********WAITING************

Write the data to file:134217728 bytes
***********WAITING************

Write the data to file:134217728 bytes
***********WAITING************

Write the data to file:134217728 bytes
***********WAITING************

Write the data to file:134217728 bytes
***********WAITING************

Write the data to file:134217728 bytes
***********WAITING************

Write the data to file:134217728 bytes
***********WAITING************

Write the data to file:134217728 bytes
***********WAITING************

Write the data to file:134217728 bytes
***********WAITING************

Write the data to file:134217728 bytes
***********WAITING************

Write the data to file:134217728 bytes
***********WAITING************

Write the data to file:134217728 bytes
***********WAITING************

Write the data to file:134217728 bytes
***********WAITING************

Write the data to file:134217728 bytes
***********WAITING************

Write the data to file:134217728 bytes
***********WAITING************

Write the data to file:134217728 bytes
***********WAITING************

Write the data to file:134217728 bytes
***********WAITING************

Write the data to file:134217728 bytes
***********WAITING************

Write the data to file:134217728 bytes
***********WAITING************

Write the data to file:134217728 bytes
***********WAITING************

Write the data to file:134217728 bytes
***********WAITING************

Write the data to file:134217728 bytes
***********WAITING************

Write the data to file:134217728 bytes
***********WAITING************

Write the data to file:134217728 bytes
***********WAITING************

Write the data to file:134217728 bytes
***********WAITING************

Write the data to file:134217728 bytes
***********WAITING************

Write the data to file:134217728 bytes
***********WAITING************

Write the data to file:134217728 bytes
***********WAITING************

Write the data to file:134217728 bytes
***********WAITING************

Write the data to file:134217728 bytes
***********WAITING************

Write the data to file:134217728 bytes
***********WAITING************

Write the data to file:134217728 bytes
***********WAITING************

Write the data to file:134217728 bytes
***********WAITING************

Write the data to file:134217728 bytes
***********WAITING************

Write the data to file:134217728 bytes
***********WAITING************

Write the data to file:134217728 bytes
***********WAITING************

Write the data to file:134217728 bytes
***********WAITING************

Write the data to file:134217728 bytes
***********WAITING************

Write the data to file:134217728 bytes
***********WAITING************

Write the data to file:134217728 bytes
***********WAITING************

Write the data to file:134217728 bytes
***********WAITING************

Write the data to file:134217728 bytes
***********WAITING************

Write the data to file:134217728 bytes
***********WAITING************

Write the data to file:134217728 bytes
***********WAITING************

Write the data to file:134217728 bytes
***********WAITING************

Write the data to file:134217728 bytes
***********WAITING************

Write the data to file:134217728 bytes
***********WAITING************

Write the data to file:134217728 bytes
***********WAITING************

Write the data to file:134217728 bytes
***********WAITING************

Write the data to file:134217728 bytes
***********WAITING************
S_cc         1.52   [      1.51:      1.52]
S_bw         0.69   [      0.69:      0.69]
S_w         32.01   [     32.01:     32.01]
          -------
S_total     34.21   [     34.21:     34.22]

build_S done
calc_W
nr_of_strided_rec: 128
nr_doubles: 16384
build_S done
calc_W
nr_of_strided_rec: 128
nr_doubles: 16384
build_S done
calc_W
nr_of_strided_rec: 128
nr_doubles: 16384
build_S done
calc_W
nr_of_strided_rec: 128
nr_doubles: 16384
nr_of_strided_rec: 128
nr_doubles: 16384
nr_of_strided_rec: 128
nr_doubles: 16384
nr_of_strided_rec: 128
nr_doubles: 16384
nr_of_strided_rec: 128
nr_doubles: 16384

Write the data to file:134217728 bytes
***********WAITING************

Write the data to file:134217728 bytes
***********WAITING************

Write the data to file:134217728 bytes
***********WAITING************

Write the data to file:134217728 bytes
***********WAITING************
nr_of_strided_rec: 128
nr_doubles: 16384
nr_of_strided_rec: 128
nr_doubles: 16384
nr_of_strided_rec: 128
nr_doubles: 16384
nr_of_strided_rec: 128
nr_doubles: 16384

Write the data to file:134217728 bytes
***********WAITING************

Write the data to file:134217728 bytes
***********WAITING************

Write the data to file:134217728 bytes
***********WAITING************

Write the data to file:134217728 bytes
***********WAITING************
nr_of_strided_rec: 128
nr_doubles: 16384
nr_of_strided_rec: 128
nr_doubles: 16384
nr_of_strided_rec: 128
nr_doubles: 16384
nr_of_strided_rec: 128
nr_doubles: 16384

Write the data to file:134217728 bytes
***********WAITING************

Write the data to file:134217728 bytes
***********WAITING************

Write the data to file:134217728 bytes
***********WAITING************

Write the data to file:134217728 bytes
***********WAITING************
nr_of_strided_rec: 128
nr_doubles: 16384
nr_of_strided_rec: 128
nr_doubles: 16384
nr_of_strided_rec: 128
nr_doubles: 16384
nr_of_strided_rec: 128
nr_doubles: 16384

Write the data to file:134217728 bytes
***********WAITING************

Write the data to file:134217728 bytes
***********WAITING************

Write the data to file:134217728 bytes
***********WAITING************

Write the data to file:134217728 bytes
***********WAITING************
nr_of_strided_rec: 128
nr_doubles: 16384
nr_of_strided_rec: 128
nr_doubles: 16384
nr_of_strided_rec: 128
nr_doubles: 16384
nr_of_strided_rec: 128
nr_doubles: 16384

Write the data to file:134217728 bytes
***********WAITING************

Write the data to file:134217728 bytes
***********WAITING************

Write the data to file:134217728 bytes
***********WAITING************

Write the data to file:134217728 bytes
***********WAITING************
nr_of_strided_rec: 128
nr_doubles: 16384
nr_of_strided_rec: 128
nr_doubles: 16384
nr_of_strided_rec: 128
nr_doubles: 16384
nr_of_strided_rec: 128
nr_doubles: 16384

Write the data to file:134217728 bytes
***********WAITING************

Write the data to file:134217728 bytes
***********WAITING************

Write the data to file:134217728 bytes
***********WAITING************

Write the data to file:134217728 bytes
***********WAITING************
nr_of_strided_rec: 128
nr_doubles: 16384
nr_of_strided_rec: 128
nr_doubles: 16384
nr_of_strided_rec: 128
nr_doubles: 16384
nr_of_strided_rec: 128
nr_doubles: 16384

Write the data to file:134217728 bytes
***********WAITING************

Write the data to file:134217728 bytes
***********WAITING************

Write the data to file:134217728 bytes
***********WAITING************

Write the data to file:134217728 bytes
***********WAITING************
nr_of_strided_rec: 128
nr_doubles: 16384
nr_of_strided_rec: 128
nr_doubles: 16384
nr_of_strided_rec: 128
nr_doubles: 16384
nr_of_strided_rec: 128
nr_doubles: 16384

Write the data to file:134217728 bytes
***********WAITING************

Write the data to file:134217728 bytes
***********WAITING************

Write the data to file:134217728 bytes
***********WAITING************

Write the data to file:134217728 bytes
***********WAITING************
nr_of_strided_rec: 128
nr_doubles: 16384
nr_of_strided_rec: 128
nr_doubles: 16384
nr_of_strided_rec: 128
nr_doubles: 16384
nr_of_strided_rec: 128
nr_doubles: 16384

Write the data to file:134217728 bytes
***********WAITING************

Write the data to file:134217728 bytes
***********WAITING************

Write the data to file:134217728 bytes
***********WAITING************

Write the data to file:134217728 bytes
***********WAITING************
nr_of_strided_rec: 128
nr_doubles: 16384
nr_of_strided_rec: 128
nr_doubles: 16384
nr_of_strided_rec: 128
nr_doubles: 16384
nr_of_strided_rec: 128
nr_doubles: 16384

Write the data to file:134217728 bytes
***********WAITING************

Write the data to file:134217728 bytes
***********WAITING************

Write the data to file:134217728 bytes
***********WAITING************

Write the data to file:134217728 bytes
***********WAITING************
nr_of_strided_rec: 128
nr_doubles: 16384
nr_of_strided_rec: 128
nr_doubles: 16384
nr_of_strided_rec: 128
nr_doubles: 16384
nr_of_strided_rec: 128
nr_doubles: 16384

Write the data to file:134217728 bytes
***********WAITING************

Write the data to file:134217728 bytes
***********WAITING************

Write the data to file:134217728 bytes
***********WAITING************

Write the data to file:134217728 bytes
***********WAITING************
nr_of_strided_rec: 128
nr_doubles: 16384
nr_of_strided_rec: 128
nr_doubles: 16384
nr_of_strided_rec: 128
nr_doubles: 16384
nr_of_strided_rec: 128
nr_doubles: 16384

Write the data to file:134217728 bytes
***********WAITING************

Write the data to file:134217728 bytes
***********WAITING************

Write the data to file:134217728 bytes
***********WAITING************

Write the data to file:134217728 bytes
***********WAITING************
nr_of_strided_rec: 128
nr_doubles: 16384
nr_of_strided_rec: 128
nr_doubles: 16384
nr_of_strided_rec: 128
nr_doubles: 16384
nr_of_strided_rec: 128
nr_doubles: 16384

Write the data to file:134217728 bytes
***********WAITING************

Write the data to file:134217728 bytes
***********WAITING************

Write the data to file:134217728 bytes
***********WAITING************

Write the data to file:134217728 bytes
***********WAITING************
nr_of_strided_rec: 128
nr_doubles: 16384
nr_of_strided_rec: 128
nr_doubles: 16384
nr_of_strided_rec: 128
nr_doubles: 16384
nr_of_strided_rec: 128
nr_doubles: 16384

Write the data to file:134217728 bytes
***********WAITING************

Write the data to file:134217728 bytes
***********WAITING************

Write the data to file:134217728 bytes
***********WAITING************

Write the data to file:134217728 bytes
***********WAITING************
nr_of_strided_rec: 128
nr_doubles: 16384
nr_of_strided_rec: 128
nr_doubles: 16384
nr_of_strided_rec: 128
nr_doubles: 16384
nr_of_strided_rec: 128
nr_doubles: 16384

Write the data to file:134217728 bytes
***********WAITING************

Write the data to file:134217728 bytes
***********WAITING************

Write the data to file:134217728 bytes
***********WAITING************

Write the data to file:134217728 bytes
***********WAITING************
nr_of_strided_rec: 128
nr_doubles: 16384
nr_of_strided_rec: 128
nr_doubles: 16384
nr_of_strided_rec: 128
nr_doubles: 16384
nr_of_strided_rec: 128
nr_doubles: 16384

Write the data to file:134217728 bytes
***********WAITING************

Write the data to file:134217728 bytes
***********WAITING************

Write the data to file:134217728 bytes
***********WAITING************

Write the data to file:134217728 bytes
***********WAITING************
nr_of_strided_rec: 128
nr_doubles: 16384
nr_of_strided_rec: 128
nr_doubles: 16384
nr_of_strided_rec: 128
nr_doubles: 16384
nr_of_strided_rec: 128
nr_doubles: 16384

Write the data to file:134217728 bytes
***********WAITING************

Write the data to file:134217728 bytes
***********WAITING************

Write the data to file:134217728 bytes
***********WAITING************

Write the data to file:134217728 bytes
***********WAITING************
nr_of_strided_rec: 128
nr_doubles: 16384
nr_of_strided_rec: 128
nr_doubles: 16384
nr_of_strided_rec: 128
nr_doubles: 16384
nr_of_strided_rec: 128
nr_doubles: 16384

Write the data to file:134217728 bytes
***********WAITING************

Write the data to file:134217728 bytes
***********WAITING************

Write the data to file:134217728 bytes
***********WAITING************

Write the data to file:134217728 bytes
***********WAITING************
nr_of_strided_rec: 128
nr_doubles: 16384
nr_of_strided_rec: 128
nr_doubles: 16384
nr_of_strided_rec: 128
nr_doubles: 16384
nr_of_strided_rec: 128
nr_doubles: 16384

Write the data to file:134217728 bytes
***********WAITING************

Write the data to file:134217728 bytes
***********WAITING************

Write the data to file:134217728 bytes
***********WAITING************

Write the data to file:134217728 bytes
***********WAITING************
nr_of_strided_rec: 128
nr_doubles: 16384
nr_of_strided_rec: 128
nr_doubles: 16384
nr_of_strided_rec: 128
nr_doubles: 16384
nr_of_strided_rec: 128
nr_doubles: 16384

Write the data to file:134217728 bytes
***********WAITING************

Write the data to file:134217728 bytes
***********WAITING************

Write the data to file:134217728 bytes
***********WAITING************

Write the data to file:134217728 bytes
***********WAITING************
nr_of_strided_rec: 128
nr_doubles: 16384
nr_of_strided_rec: 128
nr_doubles: 16384
nr_of_strided_rec: 128
nr_doubles: 16384
nr_of_strided_rec: 128
nr_doubles: 16384

Write the data to file:134217728 bytes
***********WAITING************

Write the data to file:134217728 bytes
***********WAITING************

Write the data to file:134217728 bytes
***********WAITING************

Write the data to file:134217728 bytes
***********WAITING************
nr_of_strided_rec: 128
nr_doubles: 16384
nr_of_strided_rec: 128
nr_doubles: 16384
nr_of_strided_rec: 128
nr_doubles: 16384
nr_of_strided_rec: 128
nr_doubles: 16384

Write the data to file:134217728 bytes
***********WAITING************

Write the data to file:134217728 bytes
***********WAITING************

Write the data to file:134217728 bytes
***********WAITING************

Write the data to file:134217728 bytes
***********WAITING************
nr_of_strided_rec: 128
nr_doubles: 16384
nr_of_strided_rec: 128
nr_doubles: 16384
nr_of_strided_rec: 128
nr_doubles: 16384
nr_of_strided_rec: 128
nr_doubles: 16384

Write the data to file:134217728 bytes
***********WAITING************

Write the data to file:134217728 bytes
***********WAITING************

Write the data to file:134217728 bytes
***********WAITING************

Write the data to file:134217728 bytes
***********WAITING************
nr_of_strided_rec: 128
nr_doubles: 16384
nr_of_strided_rec: 128
nr_doubles: 16384
nr_of_strided_rec: 128
nr_doubles: 16384
nr_of_strided_rec: 128
nr_doubles: 16384

Write the data to file:134217728 bytes
***********WAITING************

Write the data to file:134217728 bytes
***********WAITING************

Write the data to file:134217728 bytes
***********WAITING************

Write the data to file:134217728 bytes
***********WAITING************
nr_of_strided_rec: 128
nr_doubles: 16384
nr_of_strided_rec: 128
nr_doubles: 16384
nr_of_strided_rec: 128
nr_doubles: 16384
nr_of_strided_rec: 128
nr_doubles: 16384

Write the data to file:134217728 bytes
***********WAITING************

Write the data to file:134217728 bytes
***********WAITING************

Write the data to file:134217728 bytes
***********WAITING************

Write the data to file:134217728 bytes
***********WAITING************
nr_of_strided_rec: 128
nr_doubles: 16384
nr_of_strided_rec: 128
nr_doubles: 16384
nr_of_strided_rec: 128
nr_doubles: 16384
nr_of_strided_rec: 128
nr_doubles: 16384

Write the data to file:134217728 bytes
***********WAITING************

Write the data to file:134217728 bytes
***********WAITING************

Write the data to file:134217728 bytes
***********WAITING************

Write the data to file:134217728 bytes
***********WAITING************
nr_of_strided_rec: 128
nr_doubles: 16384
nr_of_strided_rec: 128
nr_doubles: 16384
nr_of_strided_rec: 128
nr_doubles: 16384
nr_of_strided_rec: 128
nr_doubles: 16384

Write the data to file:134217728 bytes
***********WAITING************

Write the data to file:134217728 bytes
***********WAITING************

Write the data to file:134217728 bytes
***********WAITING************

Write the data to file:134217728 bytes
***********WAITING************
nr_of_strided_rec: 128
nr_doubles: 16384
nr_of_strided_rec: 128
nr_doubles: 16384
nr_of_strided_rec: 128
nr_doubles: 16384
nr_of_strided_rec: 128
nr_doubles: 16384

Write the data to file:134217728 bytes
***********WAITING************

Write the data to file:134217728 bytes
***********WAITING************

Write the data to file:134217728 bytes
***********WAITING************

Write the data to file:134217728 bytes
***********WAITING************
nr_of_strided_rec: 128
nr_doubles: 16384
nr_of_strided_rec: 128
nr_doubles: 16384
nr_of_strided_rec: 128
nr_doubles: 16384
nr_of_strided_rec: 128
nr_doubles: 16384

Write the data to file:134217728 bytes
***********WAITING************

Write the data to file:134217728 bytes
***********WAITING************

Write the data to file:134217728 bytes
***********WAITING************

Write the data to file:134217728 bytes
***********WAITING************

Write the data to file:134217728 bytes
***********WAITING************

Write the data to file:134217728 bytes
***********WAITING************

Write the data to file:134217728 bytes
***********WAITING************

Write the data to file:134217728 bytes
***********WAITING************
W_cc         3.53   [      3.52:      3.53]
W_r         46.28   [     46.28:     46.28]
W_w         28.45   [     28.45:     28.45]
          -------
W_total     78.26   [     78.26:     78.27]

calc_W done
calc_W done
calc_W done
calc_W done
nr_of_strided_rec: 128
nr_doubles: 16384
nr_of_strided_rec: 128
nr_doubles: 16384
nr_of_strided_rec: 128
nr_doubles: 16384
nr_of_strided_rec: 128
nr_doubles: 16384
nr_of_strided_rec: 128
nr_doubles: 16384
nr_of_strided_rec: 128
nr_doubles: 16384
nr_of_strided_rec: 128
nr_doubles: 16384
nr_of_strided_rec: 128
nr_doubles: 16384
nr_of_strided_rec: 128
nr_doubles: 16384
nr_of_strided_rec: 128
nr_doubles: 16384
nr_of_strided_rec: 128
nr_doubles: 16384
nr_of_strided_rec: 128
nr_doubles: 16384
nr_of_strided_rec: 128
nr_doubles: 16384
nr_of_strided_rec: 128
nr_doubles: 16384
nr_of_strided_rec: 128
nr_doubles: 16384
nr_of_strided_rec: 128
nr_doubles: 16384
nr_of_strided_rec: 128
nr_doubles: 16384
nr_of_strided_rec: 128
nr_doubles: 16384
nr_of_strided_rec: 128
nr_doubles: 16384
nr_of_strided_rec: 128
nr_doubles: 16384
nr_of_strided_rec: 128
nr_doubles: 16384
nr_of_strided_rec: 128
nr_doubles: 16384
nr_of_strided_rec: 128
nr_doubles: 16384
nr_of_strided_rec: 128
nr_doubles: 16384
nr_of_strided_rec: 128
nr_doubles: 16384
nr_of_strided_rec: 128
nr_doubles: 16384
nr_of_strided_rec: 128
nr_doubles: 16384
nr_of_strided_rec: 128
nr_doubles: 16384
nr_of_strided_rec: 128
nr_doubles: 16384
nr_of_strided_rec: 128
nr_doubles: 16384
nr_of_strided_rec: 128
nr_doubles: 16384
nr_of_strided_rec: 128
nr_doubles: 16384
nr_of_strided_rec: 128
nr_doubles: 16384
nr_of_strided_rec: 128
nr_doubles: 16384
nr_of_strided_rec: 128
nr_doubles: 16384
nr_of_strided_rec: 128
nr_doubles: 16384
nr_of_strided_rec: 128
nr_doubles: 16384
nr_of_strided_rec: 128
nr_doubles: 16384
nr_of_strided_rec: 128
nr_doubles: 16384
nr_of_strided_rec: 128
nr_doubles: 16384
nr_of_strided_rec: 128
nr_doubles: 16384
nr_of_strided_rec: 128
nr_doubles: 16384
nr_of_strided_rec: 128
nr_doubles: 16384
nr_of_strided_rec: 128
nr_doubles: 16384
nr_of_strided_rec: 128
nr_doubles: 16384
nr_of_strided_rec: 128
nr_doubles: 16384
nr_of_strided_rec: 128
nr_doubles: 16384
nr_of_strided_rec: 128
nr_doubles: 16384
nr_of_strided_rec: 128
nr_doubles: 16384
nr_of_strided_rec: 128
nr_doubles: 16384
nr_of_strided_rec: 128
nr_doubles: 16384
nr_of_strided_rec: 128
nr_doubles: 16384
nr_of_strided_rec: 128
nr_doubles: 16384
nr_of_strided_rec: 128
nr_doubles: 16384
nr_of_strided_rec: 128
nr_doubles: 16384
nr_of_strided_rec: 128
nr_doubles: 16384
nr_of_strided_rec: 128
nr_doubles: 16384
nr_of_strided_rec: 128
nr_doubles: 16384
nr_of_strided_rec: 128
nr_doubles: 16384
nr_of_strided_rec: 128
nr_doubles: 16384
nr_of_strided_rec: 128
nr_doubles: 16384
nr_of_strided_rec: 128
nr_doubles: 16384
nr_of_strided_rec: 128
nr_doubles: 16384
nr_of_strided_rec: 128
nr_doubles: 16384
nr_of_strided_rec: 128
nr_doubles: 16384
nr_of_strided_rec: 128
nr_doubles: 16384
nr_of_strided_rec: 128
nr_doubles: 16384
nr_of_strided_rec: 128
nr_doubles: 16384
nr_of_strided_rec: 128
nr_doubles: 16384
nr_of_strided_rec: 128
nr_doubles: 16384
nr_of_strided_rec: 128
nr_doubles: 16384
nr_of_strided_rec: 128
nr_doubles: 16384
nr_of_strided_rec: 128
nr_doubles: 16384
nr_of_strided_rec: 128
nr_doubles: 16384
nr_of_strided_rec: 128
nr_doubles: 16384
nr_of_strided_rec: 128
nr_doubles: 16384
nr_of_strided_rec: 128
nr_doubles: 16384
nr_of_strided_rec: 128
nr_doubles: 16384
nr_of_strided_rec: 128
nr_doubles: 16384
nr_of_strided_rec: 128
nr_doubles: 16384
nr_of_strided_rec: 128
nr_doubles: 16384
nr_of_strided_rec: 128
nr_doubles: 16384
nr_of_strided_rec: 128
nr_doubles: 16384
nr_of_strided_rec: 128
nr_doubles: 16384
nr_of_strided_rec: 128
nr_doubles: 16384
nr_of_strided_rec: 128
nr_doubles: 16384
nr_of_strided_rec: 128
nr_doubles: 16384
nr_of_strided_rec: 128
nr_doubles: 16384
nr_of_strided_rec: 128
nr_doubles: 16384
nr_of_strided_rec: 128
nr_doubles: 16384
nr_of_strided_rec: 128
nr_doubles: 16384
nr_of_strided_rec: 128
nr_doubles: 16384
nr_of_strided_rec: 128
nr_doubles: 16384
nr_of_strided_rec: 128
nr_doubles: 16384
nr_of_strided_rec: 128
nr_doubles: 16384
nr_of_strided_rec: 128
nr_doubles: 16384
nr_of_strided_rec: 128
nr_doubles: 16384
nr_of_strided_rec: 128
nr_doubles: 16384
nr_of_strided_rec: 128
nr_doubles: 16384
nr_of_strided_rec: 128
nr_doubles: 16384
nr_of_strided_rec: 128
nr_doubles: 16384
nr_of_strided_rec: 128
nr_doubles: 16384
nr_of_strided_rec: 128
nr_doubles: 16384
nr_of_strided_rec: 128
nr_doubles: 16384
nr_of_strided_rec: 128
nr_doubles: 16384
nr_of_strided_rec: 128
nr_doubles: 16384
nr_of_strided_rec: 128
nr_doubles: 16384
nr_of_strided_rec: 128
nr_doubles: 16384
nr_of_strided_rec: 128
nr_doubles: 16384
nr_of_strided_rec: 128
nr_doubles: 16384
nr_of_strided_rec: 128
nr_doubles: 16384
nr_of_strided_rec: 128
nr_doubles: 16384
nr_of_strided_rec: 128
nr_doubles: 16384
nr_of_strided_rec: 128
nr_doubles: 16384
nr_of_strided_rec: 128
nr_doubles: 16384
nr_of_strided_rec: 128
nr_doubles: 16384
nr_of_strided_rec: 128
nr_doubles: 16384
nr_of_strided_rec: 128
nr_doubles: 16384
nr_of_strided_rec: 128
nr_doubles: 16384
nr_of_strided_rec: 128
nr_doubles: 16384
C_cc         1.69   [      1.69:      1.69]
C_bw         0.74   [      0.74:      0.74]
C_r         35.07   [     35.07:     35.07]
          -------
C_total     37.51   [     37.51:     37.51]


dC[0] = 0.00000e+00
fclose PID:29738 fd:10
fclose PID:29737 fd:12
fclose PID:29739 fd:8
fclose PID:29740 fd:8
READAHEAD_TIME:22396101.000000 us
MaxRSS= 534768 KB, SharedMem= 0 KB, HardPageFault= 12
READAHEAD_TIME:24044820.000000 us
MaxRSS= 534928 KB, SharedMem= 0 KB, HardPageFault= 13
READAHEAD_TIME:23929002.000000 us
MaxRSS= 534892 KB, SharedMem= 0 KB, HardPageFault= 15
READAHEAD_TIME:24085274.000000 us
MaxRSS= 535052 KB, SharedMem= 0 KB, HardPageFault= 13
fclose PID:29736 fd:0
fclose PID:29736 fd:6
fclose PID:29736 fd:6
fclose PID:29736 fd:0
READAHEAD_TIME:0.000000 us
MaxRSS= 5408 KB, SharedMem= 0 KB, HardPageFault= 2
fclose PID:29735 fd:3
fclose PID:29735 fd:4
fclose PID:29735 fd:4
fclose PID:29735 fd:3
READAHEAD_TIME:0.000000 us
MaxRSS= 4952 KB, SharedMem= 0 KB, HardPageFault= 4
	Command being timed: "mpiexec -n 4 ./MADbench2_io 8192 30 1 8 64 1 1 131072 7 1"
	User time (seconds): 80.45
	System time (seconds): 61.34
	Percent of CPU this job got: 94%
	Elapsed (wall clock) time (h:mm:ss or m:ss): 2:30.39
	Average shared text size (kbytes): 0
	Average unshared data size (kbytes): 0
	Average stack size (kbytes): 0
	Average total size (kbytes): 0
	Maximum resident set size (kbytes): 535052
	Average resident set size (kbytes): 0
	Major (requiring I/O) page faults: 60
	Minor (reclaiming a frame) page faults: 3322797
	Voluntary context switches: 44302
	Involuntary context switches: 1543
	Swaps: 0
	File system inputs: 62301088
	File system outputs: 62914656
	Socket messages sent: 0
	Socket messages received: 0
	Signals delivered: 0
	Page size (bytes): 4096
	Exit status: 0
READAHEAD_TIME:0.000000 us
MaxRSS= 3924 KB, SharedMem= 0 KB, HardPageFault= 0
*******************DMESG OUTPUT******************
