fclose PID:34531 fd:3
fclose PID:34531 fd:4
fclose PID:34531 fd:4
fclose PID:34531 fd:3
available: 2 nodes (0-1)
fclose PID:34531 fd:3
node 0 cpus:fclose PID:34531 fd:3
 0 1 2 3 4 5 6 7 8 9 20 21 22 23 24 25 26 27 28 29
node 0 size: 80440 MB
node 0 free: 80119 MB
fclose PID:34531 fd:3
node 1 cpus:fclose PID:34531 fd:3
 10 11 12 13 14 15 16 17 18 19 30 31 32 33 34 35 36 37 38 39
node 1 size: 80635 MB
node 1 free: 80374 MB
fclose PID:34531 fd:3
fclose PID:34531 fd:3
node distances:
node   0   1 
  0:  10  21 
  1:  21  10 
READAHEAD_TIME:0.000000 us
MaxRSS= 2160 KB, SharedMem= 0 KB, HardPageFault= 10
fclose PID:34537 fd:10
fclose PID:34539 fd:8
fclose PID:34536 fd:12
fclose PID:34538 fd:8

MADbench 2.0 IO-mode
no_pe = 4  no_pix = 16384  no_bin = 30  no_gang = 1 sblocksize = 8  fblocksize = 64  r_mod = 1  w_mod = 1 record_size=4194304 stride=7


IOMETHOD = POSIX  IOMODE = SYNC  FILETYPE = UNIQUE  REMAP = CUSTOMbuild_S
build_S
build_S
build_S

Write the data to file:536870912 bytes
***********WAITING************

Write the data to file:536870912 bytes
***********WAITING************

Write the data to file:536870912 bytes
***********WAITING************

Write the data to file:536870912 bytes
***********WAITING************

Write the data to file:536870912 bytes
***********WAITING************

Write the data to file:536870912 bytes
***********WAITING************

Write the data to file:536870912 bytes
***********WAITING************

Write the data to file:536870912 bytes
***********WAITING************

Write the data to file:536870912 bytes
***********WAITING************

Write the data to file:536870912 bytes
***********WAITING************

Write the data to file:536870912 bytes
***********WAITING************

Write the data to file:536870912 bytes
***********WAITING************

Write the data to file:536870912 bytes
***********WAITING************

Write the data to file:536870912 bytes
***********WAITING************

Write the data to file:536870912 bytes
***********WAITING************

Write the data to file:536870912 bytes
***********WAITING************

Write the data to file:536870912 bytes
***********WAITING************

Write the data to file:536870912 bytes
***********WAITING************

Write the data to file:536870912 bytes
***********WAITING************

Write the data to file:536870912 bytes
***********WAITING************

Write the data to file:536870912 bytes
***********WAITING************

Write the data to file:536870912 bytes
***********WAITING************

Write the data to file:536870912 bytes
***********WAITING************

Write the data to file:536870912 bytes
***********WAITING************

Write the data to file:536870912 bytes
***********WAITING************

Write the data to file:536870912 bytes
***********WAITING************

Write the data to file:536870912 bytes
***********WAITING************

Write the data to file:536870912 bytes
***********WAITING************

Write the data to file:536870912 bytes
***********WAITING************

Write the data to file:536870912 bytes
***********WAITING************

Write the data to file:536870912 bytes
***********WAITING************

Write the data to file:536870912 bytes
***********WAITING************

Write the data to file:536870912 bytes
***********WAITING************

Write the data to file:536870912 bytes
***********WAITING************

Write the data to file:536870912 bytes
***********WAITING************

Write the data to file:536870912 bytes
***********WAITING************

Write the data to file:536870912 bytes
***********WAITING************

Write the data to file:536870912 bytes
***********WAITING************

Write the data to file:536870912 bytes
***********WAITING************

Write the data to file:536870912 bytes
***********WAITING************

Write the data to file:536870912 bytes
***********WAITING************

Write the data to file:536870912 bytes
***********WAITING************

Write the data to file:536870912 bytes
***********WAITING************

Write the data to file:536870912 bytes
***********WAITING************

Write the data to file:536870912 bytes
***********WAITING************

Write the data to file:536870912 bytes
***********WAITING************

Write the data to file:536870912 bytes
***********WAITING************

Write the data to file:536870912 bytes
***********WAITING************

Write the data to file:536870912 bytes
***********WAITING************

Write the data to file:536870912 bytes
***********WAITING************

Write the data to file:536870912 bytes
***********WAITING************

Write the data to file:536870912 bytes
***********WAITING************

Write the data to file:536870912 bytes
***********WAITING************

Write the data to file:536870912 bytes
***********WAITING************

Write the data to file:536870912 bytes
***********WAITING************

Write the data to file:536870912 bytes
***********WAITING************

Write the data to file:536870912 bytes
***********WAITING************

Write the data to file:536870912 bytes
***********WAITING************

Write the data to file:536870912 bytes
***********WAITING************

Write the data to file:536870912 bytes
***********WAITING************

Write the data to file:536870912 bytes
***********WAITING************

Write the data to file:536870912 bytes
***********WAITING************

Write the data to file:536870912 bytes
***********WAITING************

Write the data to file:536870912 bytes
***********WAITING************

Write the data to file:536870912 bytes
***********WAITING************

Write the data to file:536870912 bytes
***********WAITING************

Write the data to file:536870912 bytes
***********WAITING************

Write the data to file:536870912 bytes
***********WAITING************

Write the data to file:536870912 bytes
***********WAITING************

Write the data to file:536870912 bytes
***********WAITING************

Write the data to file:536870912 bytes
***********WAITING************

Write the data to file:536870912 bytes
***********WAITING************

Write the data to file:536870912 bytes
***********WAITING************

Write the data to file:536870912 bytes
***********WAITING************

Write the data to file:536870912 bytes
***********WAITING************

Write the data to file:536870912 bytes
***********WAITING************

Write the data to file:536870912 bytes
***********WAITING************

Write the data to file:536870912 bytes
***********WAITING************

Write the data to file:536870912 bytes
***********WAITING************

Write the data to file:536870912 bytes
***********WAITING************

Write the data to file:536870912 bytes
***********WAITING************

Write the data to file:536870912 bytes
***********WAITING************

Write the data to file:536870912 bytes
***********WAITING************

Write the data to file:536870912 bytes
***********WAITING************

Write the data to file:536870912 bytes
***********WAITING************

Write the data to file:536870912 bytes
***********WAITING************

Write the data to file:536870912 bytes
***********WAITING************

Write the data to file:536870912 bytes
***********WAITING************

Write the data to file:536870912 bytes
***********WAITING************

Write the data to file:536870912 bytes
***********WAITING************

Write the data to file:536870912 bytes
***********WAITING************

Write the data to file:536870912 bytes
***********WAITING************

Write the data to file:536870912 bytes
***********WAITING************

Write the data to file:536870912 bytes
***********WAITING************

Write the data to file:536870912 bytes
***********WAITING************

Write the data to file:536870912 bytes
***********WAITING************

Write the data to file:536870912 bytes
***********WAITING************

Write the data to file:536870912 bytes
***********WAITING************

Write the data to file:536870912 bytes
***********WAITING************

Write the data to file:536870912 bytes
***********WAITING************

Write the data to file:536870912 bytes
***********WAITING************

Write the data to file:536870912 bytes
***********WAITING************

Write the data to file:536870912 bytes
***********WAITING************

Write the data to file:536870912 bytes
***********WAITING************

Write the data to file:536870912 bytes
***********WAITING************

Write the data to file:536870912 bytes
***********WAITING************

Write the data to file:536870912 bytes
***********WAITING************

Write the data to file:536870912 bytes
***********WAITING************

Write the data to file:536870912 bytes
***********WAITING************

Write the data to file:536870912 bytes
***********WAITING************

Write the data to file:536870912 bytes
***********WAITING************

Write the data to file:536870912 bytes
***********WAITING************

Write the data to file:536870912 bytes
***********WAITING************

Write the data to file:536870912 bytes
***********WAITING************

Write the data to file:536870912 bytes
***********WAITING************

Write the data to file:536870912 bytes
***********WAITING************

Write the data to file:536870912 bytes
***********WAITING************

Write the data to file:536870912 bytes
***********WAITING************

Write the data to file:536870912 bytes
***********WAITING************

Write the data to file:536870912 bytes
***********WAITING************
S_cc         4.53   [      4.53:      4.54]
S_bw         2.54   [      2.54:      2.54]
S_w        106.15   [    106.15:    106.15]
          -------
S_total    113.22   [    113.22:    113.22]

build_S done
calc_W
build_S done
calc_W
nr_of_strided_rec: 16
nr_doubles: 524288
build_S done
calc_W
nr_of_strided_rec: 16
nr_doubles: 524288
build_S done
calc_W
nr_of_strided_rec: 16
nr_doubles: 524288
nr_of_strided_rec: 16
nr_doubles: 524288
nr_of_strided_rec: 16
nr_doubles: 524288
nr_of_strided_rec: 16
nr_doubles: 524288
nr_of_strided_rec: 16
nr_doubles: 524288
nr_of_strided_rec: 16
nr_doubles: 524288

Write the data to file:536870912 bytes
***********WAITING************

Write the data to file:536870912 bytes
***********WAITING************

Write the data to file:536870912 bytes
***********WAITING************

Write the data to file:536870912 bytes
***********WAITING************
nr_of_strided_rec: 16
nr_doubles: 524288
nr_of_strided_rec: 16
nr_doubles: 524288
nr_of_strided_rec: 16
nr_doubles: 524288
nr_of_strided_rec: 16
nr_doubles: 524288

Write the data to file:536870912 bytes
***********WAITING************

Write the data to file:536870912 bytes
***********WAITING************

Write the data to file:536870912 bytes
***********WAITING************

Write the data to file:536870912 bytes
***********WAITING************
nr_of_strided_rec: 16
nr_doubles: 524288
nr_of_strided_rec: 16
nr_doubles: 524288
nr_of_strided_rec: 16
nr_doubles: 524288
nr_of_strided_rec: 16
nr_doubles: 524288

Write the data to file:536870912 bytes
***********WAITING************

Write the data to file:536870912 bytes
***********WAITING************

Write the data to file:536870912 bytes
***********WAITING************

Write the data to file:536870912 bytes
***********WAITING************
nr_of_strided_rec: 16
nr_doubles: 524288
nr_of_strided_rec: 16
nr_doubles: 524288
nr_of_strided_rec: 16
nr_doubles: 524288
nr_of_strided_rec: 16
nr_doubles: 524288

Write the data to file:536870912 bytes
***********WAITING************

Write the data to file:536870912 bytes
***********WAITING************

Write the data to file:536870912 bytes
***********WAITING************

Write the data to file:536870912 bytes
***********WAITING************
nr_of_strided_rec: 16
nr_doubles: 524288
nr_of_strided_rec: 16
nr_doubles: 524288
nr_of_strided_rec: 16
nr_doubles: 524288
nr_of_strided_rec: 16
nr_doubles: 524288

Write the data to file:536870912 bytes
***********WAITING************

Write the data to file:536870912 bytes
***********WAITING************

Write the data to file:536870912 bytes
***********WAITING************

Write the data to file:536870912 bytes
***********WAITING************
nr_of_strided_rec: 16
nr_doubles: 524288
nr_of_strided_rec: 16
nr_doubles: 524288
nr_of_strided_rec: 16
nr_doubles: 524288
nr_of_strided_rec: 16
nr_doubles: 524288

Write the data to file:536870912 bytes
***********WAITING************

Write the data to file:536870912 bytes
***********WAITING************

Write the data to file:536870912 bytes
***********WAITING************

Write the data to file:536870912 bytes
***********WAITING************
nr_of_strided_rec: 16
nr_doubles: 524288
nr_of_strided_rec: 16
nr_doubles: 524288
nr_of_strided_rec: 16
nr_doubles: 524288
nr_of_strided_rec: 16
nr_doubles: 524288

Write the data to file:536870912 bytes
***********WAITING************

Write the data to file:536870912 bytes
***********WAITING************

Write the data to file:536870912 bytes
***********WAITING************

Write the data to file:536870912 bytes
***********WAITING************
nr_of_strided_rec: 16
nr_doubles: 524288
nr_of_strided_rec: 16
nr_doubles: 524288
nr_of_strided_rec: 16
nr_doubles: 524288
nr_of_strided_rec: 16
nr_doubles: 524288

Write the data to file:536870912 bytes
***********WAITING************

Write the data to file:536870912 bytes
***********WAITING************

Write the data to file:536870912 bytes
***********WAITING************

Write the data to file:536870912 bytes
***********WAITING************
nr_of_strided_rec: 16
nr_doubles: 524288
nr_of_strided_rec: 16
nr_doubles: 524288
nr_of_strided_rec: 16
nr_doubles: 524288
nr_of_strided_rec: 16
nr_doubles: 524288

Write the data to file:536870912 bytes
***********WAITING************

Write the data to file:536870912 bytes
***********WAITING************

Write the data to file:536870912 bytes
***********WAITING************

Write the data to file:536870912 bytes
***********WAITING************
nr_of_strided_rec: 16
nr_doubles: 524288
nr_of_strided_rec: 16
nr_doubles: 524288
nr_of_strided_rec: 16
nr_doubles: 524288
nr_of_strided_rec: 16
nr_doubles: 524288

Write the data to file:536870912 bytes
***********WAITING************

Write the data to file:536870912 bytes
***********WAITING************

Write the data to file:536870912 bytes
***********WAITING************

Write the data to file:536870912 bytes
***********WAITING************
nr_of_strided_rec: 16
nr_doubles: 524288
nr_of_strided_rec: 16
nr_doubles: 524288
nr_of_strided_rec: 16
nr_doubles: 524288
nr_of_strided_rec: 16
nr_doubles: 524288

Write the data to file:536870912 bytes
***********WAITING************

Write the data to file:536870912 bytes
***********WAITING************

Write the data to file:536870912 bytes
***********WAITING************

Write the data to file:536870912 bytes
***********WAITING************
nr_of_strided_rec: 16
nr_doubles: 524288
nr_of_strided_rec: 16
nr_doubles: 524288
nr_of_strided_rec: 16
nr_doubles: 524288
nr_of_strided_rec: 16
nr_doubles: 524288

Write the data to file:536870912 bytes
***********WAITING************

Write the data to file:536870912 bytes
***********WAITING************

Write the data to file:536870912 bytes
***********WAITING************

Write the data to file:536870912 bytes
***********WAITING************
nr_of_strided_rec: 16
nr_doubles: 524288
nr_of_strided_rec: 16
nr_doubles: 524288
nr_of_strided_rec: 16
nr_doubles: 524288
nr_of_strided_rec: 16
nr_doubles: 524288

Write the data to file:536870912 bytes
***********WAITING************

Write the data to file:536870912 bytes
***********WAITING************

Write the data to file:536870912 bytes
***********WAITING************

Write the data to file:536870912 bytes
***********WAITING************
nr_of_strided_rec: 16
nr_doubles: 524288
nr_of_strided_rec: 16
nr_doubles: 524288
nr_of_strided_rec: 16
nr_doubles: 524288
nr_of_strided_rec: 16
nr_doubles: 524288

Write the data to file:536870912 bytes
***********WAITING************

Write the data to file:536870912 bytes
***********WAITING************

Write the data to file:536870912 bytes
***********WAITING************

Write the data to file:536870912 bytes
***********WAITING************
nr_of_strided_rec: 16
nr_doubles: 524288
nr_of_strided_rec: 16
nr_doubles: 524288
nr_of_strided_rec: 16
nr_doubles: 524288
nr_of_strided_rec: 16
nr_doubles: 524288

Write the data to file:536870912 bytes
***********WAITING************

Write the data to file:536870912 bytes
***********WAITING************

Write the data to file:536870912 bytes
***********WAITING************

Write the data to file:536870912 bytes
***********WAITING************
nr_of_strided_rec: 16
nr_doubles: 524288
nr_of_strided_rec: 16
nr_doubles: 524288
nr_of_strided_rec: 16
nr_doubles: 524288
nr_of_strided_rec: 16
nr_doubles: 524288

Write the data to file:536870912 bytes
***********WAITING************

Write the data to file:536870912 bytes
***********WAITING************

Write the data to file:536870912 bytes
***********WAITING************

Write the data to file:536870912 bytes
***********WAITING************
nr_of_strided_rec: 16
nr_doubles: 524288
nr_of_strided_rec: 16
nr_doubles: 524288
nr_of_strided_rec: 16
nr_doubles: 524288
nr_of_strided_rec: 16
nr_doubles: 524288

Write the data to file:536870912 bytes
***********WAITING************

Write the data to file:536870912 bytes
***********WAITING************

Write the data to file:536870912 bytes
***********WAITING************

Write the data to file:536870912 bytes
***********WAITING************
nr_of_strided_rec: 16
nr_doubles: 524288
nr_of_strided_rec: 16
nr_doubles: 524288
nr_of_strided_rec: 16
nr_doubles: 524288
nr_of_strided_rec: 16
nr_doubles: 524288

Write the data to file:536870912 bytes
***********WAITING************

Write the data to file:536870912 bytes
***********WAITING************

Write the data to file:536870912 bytes
***********WAITING************

Write the data to file:536870912 bytes
***********WAITING************
nr_of_strided_rec: 16
nr_doubles: 524288
nr_of_strided_rec: 16
nr_doubles: 524288
nr_of_strided_rec: 16
nr_doubles: 524288
nr_of_strided_rec: 16
nr_doubles: 524288

Write the data to file:536870912 bytes
***********WAITING************

Write the data to file:536870912 bytes
***********WAITING************

Write the data to file:536870912 bytes
***********WAITING************

Write the data to file:536870912 bytes
***********WAITING************
nr_of_strided_rec: 16
nr_doubles: 524288
nr_of_strided_rec: 16
nr_doubles: 524288
nr_of_strided_rec: 16
nr_doubles: 524288
nr_of_strided_rec: 16
nr_doubles: 524288

Write the data to file:536870912 bytes
***********WAITING************

Write the data to file:536870912 bytes
***********WAITING************

Write the data to file:536870912 bytes
***********WAITING************

Write the data to file:536870912 bytes
***********WAITING************
nr_of_strided_rec: 16
nr_doubles: 524288
nr_of_strided_rec: 16
nr_doubles: 524288
nr_of_strided_rec: 16
nr_doubles: 524288
nr_of_strided_rec: 16
nr_doubles: 524288

Write the data to file:536870912 bytes
***********WAITING************

Write the data to file:536870912 bytes
***********WAITING************

Write the data to file:536870912 bytes
***********WAITING************

Write the data to file:536870912 bytes
***********WAITING************
nr_of_strided_rec: 16
nr_doubles: 524288
nr_of_strided_rec: 16
nr_doubles: 524288
nr_of_strided_rec: 16
nr_doubles: 524288
nr_of_strided_rec: 16
nr_doubles: 524288

Write the data to file:536870912 bytes
***********WAITING************

Write the data to file:536870912 bytes
***********WAITING************

Write the data to file:536870912 bytes
***********WAITING************

Write the data to file:536870912 bytes
***********WAITING************
nr_of_strided_rec: 16
nr_doubles: 524288
nr_of_strided_rec: 16
nr_doubles: 524288
nr_of_strided_rec: 16
nr_doubles: 524288
nr_of_strided_rec: 16
nr_doubles: 524288

Write the data to file:536870912 bytes
***********WAITING************

Write the data to file:536870912 bytes
***********WAITING************

Write the data to file:536870912 bytes
***********WAITING************

Write the data to file:536870912 bytes
***********WAITING************
nr_of_strided_rec: 16
nr_doubles: 524288
nr_of_strided_rec: 16
nr_doubles: 524288
nr_of_strided_rec: 16
nr_doubles: 524288
nr_of_strided_rec: 16
nr_doubles: 524288

Write the data to file:536870912 bytes
***********WAITING************

Write the data to file:536870912 bytes
***********WAITING************

Write the data to file:536870912 bytes
***********WAITING************

Write the data to file:536870912 bytes
***********WAITING************
nr_of_strided_rec: 16
nr_doubles: 524288
nr_of_strided_rec: 16
nr_doubles: 524288
nr_of_strided_rec: 16
nr_doubles: 524288
nr_of_strided_rec: 16
nr_doubles: 524288

Write the data to file:536870912 bytes
***********WAITING************

Write the data to file:536870912 bytes
***********WAITING************

Write the data to file:536870912 bytes
***********WAITING************

Write the data to file:536870912 bytes
***********WAITING************
nr_of_strided_rec: 16
nr_doubles: 524288
nr_of_strided_rec: 16
nr_doubles: 524288
nr_of_strided_rec: 16
nr_doubles: 524288
nr_of_strided_rec: 16
nr_doubles: 524288

Write the data to file:536870912 bytes
***********WAITING************

Write the data to file:536870912 bytes
***********WAITING************

Write the data to file:536870912 bytes
***********WAITING************

Write the data to file:536870912 bytes
***********WAITING************
nr_of_strided_rec: 16
nr_doubles: 524288
nr_of_strided_rec: 16
nr_doubles: 524288
nr_of_strided_rec: 16
nr_doubles: 524288
nr_of_strided_rec: 16
nr_doubles: 524288

Write the data to file:536870912 bytes
***********WAITING************

Write the data to file:536870912 bytes
***********WAITING************

Write the data to file:536870912 bytes
***********WAITING************

Write the data to file:536870912 bytes
***********WAITING************
nr_of_strided_rec: 16
nr_doubles: 524288
nr_of_strided_rec: 16
nr_doubles: 524288
nr_of_strided_rec: 16
nr_doubles: 524288
nr_of_strided_rec: 16
nr_doubles: 524288

Write the data to file:536870912 bytes
***********WAITING************

Write the data to file:536870912 bytes
***********WAITING************

Write the data to file:536870912 bytes
***********WAITING************

Write the data to file:536870912 bytes
***********WAITING************
nr_of_strided_rec: 16
nr_doubles: 524288
nr_of_strided_rec: 16
nr_doubles: 524288
nr_of_strided_rec: 16
nr_doubles: 524288
nr_of_strided_rec: 16
nr_doubles: 524288

Write the data to file:536870912 bytes
***********WAITING************

Write the data to file:536870912 bytes
***********WAITING************

Write the data to file:536870912 bytes
***********WAITING************

Write the data to file:536870912 bytes
***********WAITING************

Write the data to file:536870912 bytes
***********WAITING************

Write the data to file:536870912 bytes
***********WAITING************

Write the data to file:536870912 bytes
***********WAITING************

Write the data to file:536870912 bytes
***********WAITING************
W_cc         7.90   [      7.89:      7.92]
W_r        205.08   [    205.08:    205.08]
W_w        119.32   [    119.32:    119.32]
          -------
W_total    332.30   [    332.29:    332.32]

calc_W done
calc_W done
nr_of_strided_rec: 16
nr_doubles: 524288
calc_W done
nr_of_strided_rec: 16
nr_doubles: 524288
calc_W done
nr_of_strided_rec: 16
nr_doubles: 524288
nr_of_strided_rec: 16
nr_doubles: 524288
nr_of_strided_rec: 16
nr_doubles: 524288
nr_of_strided_rec: 16
nr_doubles: 524288
nr_of_strided_rec: 16
nr_doubles: 524288
nr_of_strided_rec: 16
nr_doubles: 524288
nr_of_strided_rec: 16
nr_doubles: 524288
nr_of_strided_rec: 16
nr_doubles: 524288
nr_of_strided_rec: 16
nr_doubles: 524288
nr_of_strided_rec: 16
nr_doubles: 524288
nr_of_strided_rec: 16
nr_doubles: 524288
nr_of_strided_rec: 16
nr_doubles: 524288
nr_of_strided_rec: 16
nr_doubles: 524288
nr_of_strided_rec: 16
nr_doubles: 524288
nr_of_strided_rec: 16
nr_doubles: 524288
nr_of_strided_rec: 16
nr_doubles: 524288
nr_of_strided_rec: 16
nr_doubles: 524288
nr_of_strided_rec: 16
nr_doubles: 524288
nr_of_strided_rec: 16
nr_doubles: 524288
nr_of_strided_rec: 16
nr_doubles: 524288
nr_of_strided_rec: 16
nr_doubles: 524288
nr_of_strided_rec: 16
nr_doubles: 524288
nr_of_strided_rec: 16
nr_doubles: 524288
nr_of_strided_rec: 16
nr_doubles: 524288
nr_of_strided_rec: 16
nr_doubles: 524288
nr_of_strided_rec: 16
nr_doubles: 524288
nr_of_strided_rec: 16
nr_doubles: 524288
nr_of_strided_rec: 16
nr_doubles: 524288
nr_of_strided_rec: 16
nr_doubles: 524288
nr_of_strided_rec: 16
nr_doubles: 524288
nr_of_strided_rec: 16
nr_doubles: 524288
nr_of_strided_rec: 16
nr_doubles: 524288
nr_of_strided_rec: 16
nr_doubles: 524288
nr_of_strided_rec: 16
nr_doubles: 524288
nr_of_strided_rec: 16
nr_doubles: 524288
nr_of_strided_rec: 16
nr_doubles: 524288
nr_of_strided_rec: 16
nr_doubles: 524288
nr_of_strided_rec: 16
nr_doubles: 524288
nr_of_strided_rec: 16
nr_doubles: 524288
nr_of_strided_rec: 16
nr_doubles: 524288
nr_of_strided_rec: 16
nr_doubles: 524288
nr_of_strided_rec: 16
nr_doubles: 524288
nr_of_strided_rec: 16
nr_doubles: 524288
nr_of_strided_rec: 16
nr_doubles: 524288
nr_of_strided_rec: 16
nr_doubles: 524288
nr_of_strided_rec: 16
nr_doubles: 524288
nr_of_strided_rec: 16
nr_doubles: 524288
nr_of_strided_rec: 16
nr_doubles: 524288
nr_of_strided_rec: 16
nr_doubles: 524288
nr_of_strided_rec: 16
nr_doubles: 524288
nr_of_strided_rec: 16
nr_doubles: 524288
nr_of_strided_rec: 16
nr_doubles: 524288
nr_of_strided_rec: 16
nr_doubles: 524288
nr_of_strided_rec: 16
nr_doubles: 524288
nr_of_strided_rec: 16
nr_doubles: 524288
nr_of_strided_rec: 16
nr_doubles: 524288
nr_of_strided_rec: 16
nr_doubles: 524288
nr_of_strided_rec: 16
nr_doubles: 524288
nr_of_strided_rec: 16
nr_doubles: 524288
nr_of_strided_rec: 16
nr_doubles: 524288
nr_of_strided_rec: 16
nr_doubles: 524288
nr_of_strided_rec: 16
nr_doubles: 524288
nr_of_strided_rec: 16
nr_doubles: 524288
nr_of_strided_rec: 16
nr_doubles: 524288
nr_of_strided_rec: 16
nr_doubles: 524288
nr_of_strided_rec: 16
nr_doubles: 524288
nr_of_strided_rec: 16
nr_doubles: 524288
nr_of_strided_rec: 16
nr_doubles: 524288
nr_of_strided_rec: 16
nr_doubles: 524288
nr_of_strided_rec: 16
nr_doubles: 524288
nr_of_strided_rec: 16
nr_doubles: 524288
nr_of_strided_rec: 16
nr_doubles: 524288
nr_of_strided_rec: 16
nr_doubles: 524288
nr_of_strided_rec: 16
nr_doubles: 524288
nr_of_strided_rec: 16
nr_doubles: 524288
nr_of_strided_rec: 16
nr_doubles: 524288
nr_of_strided_rec: 16
nr_doubles: 524288
nr_of_strided_rec: 16
nr_doubles: 524288
nr_of_strided_rec: 16
nr_doubles: 524288
nr_of_strided_rec: 16
nr_doubles: 524288
nr_of_strided_rec: 16
nr_doubles: 524288
nr_of_strided_rec: 16
nr_doubles: 524288
nr_of_strided_rec: 16
nr_doubles: 524288
nr_of_strided_rec: 16
nr_doubles: 524288
nr_of_strided_rec: 16
nr_doubles: 524288
nr_of_strided_rec: 16
nr_doubles: 524288
nr_of_strided_rec: 16
nr_doubles: 524288
nr_of_strided_rec: 16
nr_doubles: 524288
nr_of_strided_rec: 16
nr_doubles: 524288
nr_of_strided_rec: 16
nr_doubles: 524288
nr_of_strided_rec: 16
nr_doubles: 524288
nr_of_strided_rec: 16
nr_doubles: 524288
nr_of_strided_rec: 16
nr_doubles: 524288
nr_of_strided_rec: 16
nr_doubles: 524288
nr_of_strided_rec: 16
nr_doubles: 524288
nr_of_strided_rec: 16
nr_doubles: 524288
nr_of_strided_rec: 16
nr_doubles: 524288
nr_of_strided_rec: 16
nr_doubles: 524288
nr_of_strided_rec: 16
nr_doubles: 524288
nr_of_strided_rec: 16
nr_doubles: 524288
nr_of_strided_rec: 16
nr_doubles: 524288
nr_of_strided_rec: 16
nr_doubles: 524288
nr_of_strided_rec: 16
nr_doubles: 524288
nr_of_strided_rec: 16
nr_doubles: 524288
nr_of_strided_rec: 16
nr_doubles: 524288
nr_of_strided_rec: 16
nr_doubles: 524288
nr_of_strided_rec: 16
nr_doubles: 524288
nr_of_strided_rec: 16
nr_doubles: 524288
nr_of_strided_rec: 16
nr_doubles: 524288
nr_of_strided_rec: 16
nr_doubles: 524288
nr_of_strided_rec: 16
nr_doubles: 524288
nr_of_strided_rec: 16
nr_doubles: 524288
nr_of_strided_rec: 16
nr_doubles: 524288
nr_of_strided_rec: 16
nr_doubles: 524288
nr_of_strided_rec: 16
nr_doubles: 524288
nr_of_strided_rec: 16
nr_doubles: 524288
nr_of_strided_rec: 16
nr_doubles: 524288
nr_of_strided_rec: 16
nr_doubles: 524288
C_cc         3.07   [      3.06:      3.09]
C_bw         2.40   [      2.40:      2.40]
C_r        130.44   [    130.44:    130.44]
          -------
C_total    135.92   [    135.91:    135.93]


dC[0] = 0.00000e+00
fclose PID:34538 fd:8
fclose PID:34537 fd:10
fclose PID:34536 fd:12
fclose PID:34539 fd:8
READAHEAD_TIME:710984.000000 us
MaxRSS= 2107964 KB, SharedMem= 0 KB, HardPageFault= 12
READAHEAD_TIME:717586.000000 us
MaxRSS= 2107776 KB, SharedMem= 0 KB, HardPageFault= 14
READAHEAD_TIME:700719.000000 us
MaxRSS= 2108012 KB, SharedMem= 0 KB, HardPageFault= 12
READAHEAD_TIME:701953.000000 us
MaxRSS= 2107736 KB, SharedMem= 0 KB, HardPageFault= 14
fclose PID:34535 fd:0
fclose PID:34535 fd:6
fclose PID:34535 fd:6
fclose PID:34535 fd:0
READAHEAD_TIME:0.000000 us
MaxRSS= 5476 KB, SharedMem= 0 KB, HardPageFault= 2
fclose PID:34534 fd:3
fclose PID:34534 fd:4
fclose PID:34534 fd:4
fclose PID:34534 fd:3
READAHEAD_TIME:0.000000 us
MaxRSS= 4940 KB, SharedMem= 0 KB, HardPageFault= 4
	Command being timed: "mpiexec -n 4 ./MADbench2_io 16384 30 1 8 64 1 1 4194304 7 1"
	User time (seconds): 433.81
	System time (seconds): 227.26
	Percent of CPU this job got: 113%
	Elapsed (wall clock) time (h:mm:ss or m:ss): 9:42.16
	Average shared text size (kbytes): 0
	Average unshared data size (kbytes): 0
	Average stack size (kbytes): 0
	Average total size (kbytes): 0
	Maximum resident set size (kbytes): 2108012
	Average resident set size (kbytes): 0
	Major (requiring I/O) page faults: 59
	Minor (reclaiming a frame) page faults: 8833561
	Voluntary context switches: 157881
	Involuntary context switches: 2758
	Swaps: 0
	File system inputs: 251767968
	File system outputs: 251658472
	Socket messages sent: 0
	Socket messages received: 0
	Signals delivered: 0
	Page size (bytes): 4096
	Exit status: 0
READAHEAD_TIME:0.000000 us
MaxRSS= 2088 KB, SharedMem= 0 KB, HardPageFault= 0
*******************DMESG OUTPUT******************
