fclose PID:37482 fd:3
fclose PID:37482 fd:4
fclose PID:37482 fd:4
fclose PID:37482 fd:3
available: 2 nodes (0-1)
fclose PID:37482 fd:3
node 0 cpus:fclose PID:37482 fd:3
 0 1 2 3 4 5 6 7 8 9 20 21 22 23 24 25 26 27 28 29
node 0 size: 80440 MB
node 0 free: 80123 MB
fclose PID:37482 fd:3
node 1 cpus:fclose PID:37482 fd:3
 10 11 12 13 14 15 16 17 18 19 30 31 32 33 34 35 36 37 38 39
node 1 size: 80635 MB
node 1 free: 80368 MB
fclose PID:37482 fd:3
fclose PID:37482 fd:3
node distances:
node   0   1 
  0:  10  21 
  1:  21  10 
READAHEAD_TIME:0.000000 us
MaxRSS= 2200 KB, SharedMem= 0 KB, HardPageFault= 10
fclose PID:37490 fd:8
fclose PID:37491 fd:8
fclose PID:37497 fd:8
fclose PID:37499 fd:8
fclose PID:37487 fd:12
fclose PID:37493 fd:8
fclose PID:37492 fd:8
fclose PID:37494 fd:8
fclose PID:37496 fd:8
fclose PID:37502 fd:8
fclose PID:37488 fd:10
fclose PID:37489 fd:8
fclose PID:37498 fd:8
fclose PID:37500 fd:8
fclose PID:37495 fd:8
fclose PID:37501 fd:8

MADbench 2.0 IO-mode
no_pe = 16  no_pix = 8192  no_bin = 30  no_gang = 1 sblocksize = 8  fblocksize = 64  r_mod = 1  w_mod = 1 record_size=131072 stride=7


IOMETHOD = POSIX  IOMODE = SYNC  FILETYPE = UNIQUE  REMAP = CUSTOMbuild_S
build_S
build_S
build_S
build_S
build_S
build_S
build_S
build_S
build_S
build_S
build_S
build_S
build_S
build_S
build_S

Write the data to file:33554432 bytes
***********WAITING************

Write the data to file:33554432 bytes
***********WAITING************

Write the data to file:33554432 bytes
***********WAITING************

Write the data to file:33554432 bytes
***********WAITING************

Write the data to file:33554432 bytes
***********WAITING************

Write the data to file:33554432 bytes
***********WAITING************

Write the data to file:33554432 bytes
***********WAITING************

Write the data to file:33554432 bytes
***********WAITING************

Write the data to file:33554432 bytes
***********WAITING************

Write the data to file:33554432 bytes
***********WAITING************

Write the data to file:33554432 bytes
***********WAITING************

Write the data to file:33554432 bytes
***********WAITING************

Write the data to file:33554432 bytes
***********WAITING************

Write the data to file:33554432 bytes
***********WAITING************

Write the data to file:33554432 bytes
***********WAITING************

Write the data to file:33554432 bytes
***********WAITING************

Write the data to file:33554432 bytes
***********WAITING************

Write the data to file:33554432 bytes
***********WAITING************

Write the data to file:33554432 bytes
***********WAITING************

Write the data to file:33554432 bytes
***********WAITING************

Write the data to file:33554432 bytes
***********WAITING************

Write the data to file:33554432 bytes
***********WAITING************

Write the data to file:33554432 bytes
***********WAITING************

Write the data to file:33554432 bytes
***********WAITING************

Write the data to file:33554432 bytes
***********WAITING************

Write the data to file:33554432 bytes
***********WAITING************

Write the data to file:33554432 bytes
***********WAITING************

Write the data to file:33554432 bytes
***********WAITING************

Write the data to file:33554432 bytes
***********WAITING************

Write the data to file:33554432 bytes
***********WAITING************

Write the data to file:33554432 bytes
***********WAITING************

Write the data to file:33554432 bytes
***********WAITING************

Write the data to file:33554432 bytes
***********WAITING************

Write the data to file:33554432 bytes
***********WAITING************

Write the data to file:33554432 bytes
***********WAITING************

Write the data to file:33554432 bytes
***********WAITING************

Write the data to file:33554432 bytes
***********WAITING************

Write the data to file:33554432 bytes
***********WAITING************

Write the data to file:33554432 bytes
***********WAITING************

Write the data to file:33554432 bytes
***********WAITING************

Write the data to file:33554432 bytes
***********WAITING************

Write the data to file:33554432 bytes
***********WAITING************

Write the data to file:33554432 bytes
***********WAITING************

Write the data to file:33554432 bytes
***********WAITING************

Write the data to file:33554432 bytes
***********WAITING************

Write the data to file:33554432 bytes
***********WAITING************

Write the data to file:33554432 bytes
***********WAITING************

Write the data to file:33554432 bytes
***********WAITING************

Write the data to file:33554432 bytes
***********WAITING************

Write the data to file:33554432 bytes
***********WAITING************

Write the data to file:33554432 bytes
***********WAITING************

Write the data to file:33554432 bytes
***********WAITING************

Write the data to file:33554432 bytes
***********WAITING************

Write the data to file:33554432 bytes
***********WAITING************

Write the data to file:33554432 bytes
***********WAITING************

Write the data to file:33554432 bytes
***********WAITING************

Write the data to file:33554432 bytes
***********WAITING************

Write the data to file:33554432 bytes
***********WAITING************

Write the data to file:33554432 bytes
***********WAITING************

Write the data to file:33554432 bytes
***********WAITING************

Write the data to file:33554432 bytes
***********WAITING************

Write the data to file:33554432 bytes
***********WAITING************

Write the data to file:33554432 bytes
***********WAITING************

Write the data to file:33554432 bytes
***********WAITING************

Write the data to file:33554432 bytes
***********WAITING************

Write the data to file:33554432 bytes
***********WAITING************

Write the data to file:33554432 bytes
***********WAITING************

Write the data to file:33554432 bytes
***********WAITING************

Write the data to file:33554432 bytes
***********WAITING************

Write the data to file:33554432 bytes
***********WAITING************

Write the data to file:33554432 bytes
***********WAITING************

Write the data to file:33554432 bytes
***********WAITING************

Write the data to file:33554432 bytes
***********WAITING************

Write the data to file:33554432 bytes
***********WAITING************

Write the data to file:33554432 bytes
***********WAITING************

Write the data to file:33554432 bytes
***********WAITING************

Write the data to file:33554432 bytes
***********WAITING************

Write the data to file:33554432 bytes
***********WAITING************

Write the data to file:33554432 bytes
***********WAITING************

Write the data to file:33554432 bytes
***********WAITING************

Write the data to file:33554432 bytes
***********WAITING************

Write the data to file:33554432 bytes
***********WAITING************

Write the data to file:33554432 bytes
***********WAITING************

Write the data to file:33554432 bytes
***********WAITING************

Write the data to file:33554432 bytes
***********WAITING************

Write the data to file:33554432 bytes
***********WAITING************

Write the data to file:33554432 bytes
***********WAITING************

Write the data to file:33554432 bytes
***********WAITING************

Write the data to file:33554432 bytes
***********WAITING************

Write the data to file:33554432 bytes
***********WAITING************

Write the data to file:33554432 bytes
***********WAITING************

Write the data to file:33554432 bytes
***********WAITING************

Write the data to file:33554432 bytes
***********WAITING************

Write the data to file:33554432 bytes
***********WAITING************

Write the data to file:33554432 bytes
***********WAITING************

Write the data to file:33554432 bytes
***********WAITING************

Write the data to file:33554432 bytes
***********WAITING************

Write the data to file:33554432 bytes
***********WAITING************

Write the data to file:33554432 bytes
***********WAITING************

Write the data to file:33554432 bytes
***********WAITING************

Write the data to file:33554432 bytes
***********WAITING************

Write the data to file:33554432 bytes
***********WAITING************

Write the data to file:33554432 bytes
***********WAITING************

Write the data to file:33554432 bytes
***********WAITING************

Write the data to file:33554432 bytes
***********WAITING************

Write the data to file:33554432 bytes
***********WAITING************

Write the data to file:33554432 bytes
***********WAITING************

Write the data to file:33554432 bytes
***********WAITING************

Write the data to file:33554432 bytes
***********WAITING************

Write the data to file:33554432 bytes
***********WAITING************

Write the data to file:33554432 bytes
***********WAITING************

Write the data to file:33554432 bytes
***********WAITING************

Write the data to file:33554432 bytes
***********WAITING************

Write the data to file:33554432 bytes
***********WAITING************

Write the data to file:33554432 bytes
***********WAITING************

Write the data to file:33554432 bytes
***********WAITING************

Write the data to file:33554432 bytes
***********WAITING************

Write the data to file:33554432 bytes
***********WAITING************

Write the data to file:33554432 bytes
***********WAITING************

Write the data to file:33554432 bytes
***********WAITING************

Write the data to file:33554432 bytes
***********WAITING************

Write the data to file:33554432 bytes
***********WAITING************

Write the data to file:33554432 bytes
***********WAITING************

Write the data to file:33554432 bytes
***********WAITING************

Write the data to file:33554432 bytes
***********WAITING************

Write the data to file:33554432 bytes
***********WAITING************

Write the data to file:33554432 bytes
***********WAITING************

Write the data to file:33554432 bytes
***********WAITING************

Write the data to file:33554432 bytes
***********WAITING************

Write the data to file:33554432 bytes
***********WAITING************

Write the data to file:33554432 bytes
***********WAITING************

Write the data to file:33554432 bytes
***********WAITING************

Write the data to file:33554432 bytes
***********WAITING************

Write the data to file:33554432 bytes
***********WAITING************

Write the data to file:33554432 bytes
***********WAITING************

Write the data to file:33554432 bytes
***********WAITING************

Write the data to file:33554432 bytes
***********WAITING************

Write the data to file:33554432 bytes
***********WAITING************

Write the data to file:33554432 bytes
***********WAITING************

Write the data to file:33554432 bytes
***********WAITING************

Write the data to file:33554432 bytes
***********WAITING************

Write the data to file:33554432 bytes
***********WAITING************

Write the data to file:33554432 bytes
***********WAITING************

Write the data to file:33554432 bytes
***********WAITING************

Write the data to file:33554432 bytes
***********WAITING************

Write the data to file:33554432 bytes
***********WAITING************

Write the data to file:33554432 bytes
***********WAITING************

Write the data to file:33554432 bytes
***********WAITING************

Write the data to file:33554432 bytes
***********WAITING************

Write the data to file:33554432 bytes
***********WAITING************

Write the data to file:33554432 bytes
***********WAITING************

Write the data to file:33554432 bytes
***********WAITING************

Write the data to file:33554432 bytes
***********WAITING************

Write the data to file:33554432 bytes
***********WAITING************

Write the data to file:33554432 bytes
***********WAITING************

Write the data to file:33554432 bytes
***********WAITING************

Write the data to file:33554432 bytes
***********WAITING************

Write the data to file:33554432 bytes
***********WAITING************

Write the data to file:33554432 bytes
***********WAITING************

Write the data to file:33554432 bytes
***********WAITING************

Write the data to file:33554432 bytes
***********WAITING************

Write the data to file:33554432 bytes
***********WAITING************

Write the data to file:33554432 bytes
***********WAITING************

Write the data to file:33554432 bytes
***********WAITING************

Write the data to file:33554432 bytes
***********WAITING************

Write the data to file:33554432 bytes
***********WAITING************

Write the data to file:33554432 bytes
***********WAITING************

Write the data to file:33554432 bytes
***********WAITING************

Write the data to file:33554432 bytes
***********WAITING************

Write the data to file:33554432 bytes
***********WAITING************

Write the data to file:33554432 bytes
***********WAITING************

Write the data to file:33554432 bytes
***********WAITING************

Write the data to file:33554432 bytes
***********WAITING************

Write the data to file:33554432 bytes
***********WAITING************

Write the data to file:33554432 bytes
***********WAITING************

Write the data to file:33554432 bytes
***********WAITING************

Write the data to file:33554432 bytes
***********WAITING************

Write the data to file:33554432 bytes
***********WAITING************

Write the data to file:33554432 bytes
***********WAITING************

Write the data to file:33554432 bytes
***********WAITING************

Write the data to file:33554432 bytes
***********WAITING************

Write the data to file:33554432 bytes
***********WAITING************

Write the data to file:33554432 bytes
***********WAITING************

Write the data to file:33554432 bytes
***********WAITING************

Write the data to file:33554432 bytes
***********WAITING************

Write the data to file:33554432 bytes
***********WAITING************

Write the data to file:33554432 bytes
***********WAITING************

Write the data to file:33554432 bytes
***********WAITING************

Write the data to file:33554432 bytes
***********WAITING************

Write the data to file:33554432 bytes
***********WAITING************

Write the data to file:33554432 bytes
***********WAITING************

Write the data to file:33554432 bytes
***********WAITING************

Write the data to file:33554432 bytes
***********WAITING************

Write the data to file:33554432 bytes
***********WAITING************

Write the data to file:33554432 bytes
***********WAITING************

Write the data to file:33554432 bytes
***********WAITING************

Write the data to file:33554432 bytes
***********WAITING************

Write the data to file:33554432 bytes
***********WAITING************

Write the data to file:33554432 bytes
***********WAITING************

Write the data to file:33554432 bytes
***********WAITING************

Write the data to file:33554432 bytes
***********WAITING************

Write the data to file:33554432 bytes
***********WAITING************

Write the data to file:33554432 bytes
***********WAITING************

Write the data to file:33554432 bytes
***********WAITING************

Write the data to file:33554432 bytes
***********WAITING************

Write the data to file:33554432 bytes
***********WAITING************

Write the data to file:33554432 bytes
***********WAITING************

Write the data to file:33554432 bytes
***********WAITING************

Write the data to file:33554432 bytes
***********WAITING************

Write the data to file:33554432 bytes
***********WAITING************

Write the data to file:33554432 bytes
***********WAITING************

Write the data to file:33554432 bytes
***********WAITING************

Write the data to file:33554432 bytes
***********WAITING************

Write the data to file:33554432 bytes
***********WAITING************

Write the data to file:33554432 bytes
***********WAITING************

Write the data to file:33554432 bytes
***********WAITING************

Write the data to file:33554432 bytes
***********WAITING************

Write the data to file:33554432 bytes
***********WAITING************

Write the data to file:33554432 bytes
***********WAITING************

Write the data to file:33554432 bytes
***********WAITING************

Write the data to file:33554432 bytes
***********WAITING************

Write the data to file:33554432 bytes
***********WAITING************

Write the data to file:33554432 bytes
***********WAITING************

Write the data to file:33554432 bytes
***********WAITING************

Write the data to file:33554432 bytes
***********WAITING************

Write the data to file:33554432 bytes
***********WAITING************

Write the data to file:33554432 bytes
***********WAITING************

Write the data to file:33554432 bytes
***********WAITING************

Write the data to file:33554432 bytes
***********WAITING************

Write the data to file:33554432 bytes
***********WAITING************

Write the data to file:33554432 bytes
***********WAITING************

Write the data to file:33554432 bytes
***********WAITING************

Write the data to file:33554432 bytes
***********WAITING************

Write the data to file:33554432 bytes
***********WAITING************

Write the data to file:33554432 bytes
***********WAITING************

Write the data to file:33554432 bytes
***********WAITING************

Write the data to file:33554432 bytes
***********WAITING************

Write the data to file:33554432 bytes
***********WAITING************

Write the data to file:33554432 bytes
***********WAITING************

Write the data to file:33554432 bytes
***********WAITING************

Write the data to file:33554432 bytes
***********WAITING************

Write the data to file:33554432 bytes
***********WAITING************

Write the data to file:33554432 bytes
***********WAITING************

Write the data to file:33554432 bytes
***********WAITING************

Write the data to file:33554432 bytes
***********WAITING************

Write the data to file:33554432 bytes
***********WAITING************

Write the data to file:33554432 bytes
***********WAITING************

Write the data to file:33554432 bytes
***********WAITING************

Write the data to file:33554432 bytes
***********WAITING************

Write the data to file:33554432 bytes
***********WAITING************

Write the data to file:33554432 bytes
***********WAITING************

Write the data to file:33554432 bytes
***********WAITING************

Write the data to file:33554432 bytes
***********WAITING************

Write the data to file:33554432 bytes
***********WAITING************

Write the data to file:33554432 bytes
***********WAITING************

Write the data to file:33554432 bytes
***********WAITING************

Write the data to file:33554432 bytes
***********WAITING************

Write the data to file:33554432 bytes
***********WAITING************

Write the data to file:33554432 bytes
***********WAITING************

Write the data to file:33554432 bytes
***********WAITING************

Write the data to file:33554432 bytes
***********WAITING************

Write the data to file:33554432 bytes
***********WAITING************

Write the data to file:33554432 bytes
***********WAITING************

Write the data to file:33554432 bytes
***********WAITING************

Write the data to file:33554432 bytes
***********WAITING************

Write the data to file:33554432 bytes
***********WAITING************

Write the data to file:33554432 bytes
***********WAITING************

Write the data to file:33554432 bytes
***********WAITING************

Write the data to file:33554432 bytes
***********WAITING************

Write the data to file:33554432 bytes
***********WAITING************

Write the data to file:33554432 bytes
***********WAITING************

Write the data to file:33554432 bytes
***********WAITING************

Write the data to file:33554432 bytes
***********WAITING************

Write the data to file:33554432 bytes
***********WAITING************

Write the data to file:33554432 bytes
***********WAITING************

Write the data to file:33554432 bytes
***********WAITING************

Write the data to file:33554432 bytes
***********WAITING************

Write the data to file:33554432 bytes
***********WAITING************

Write the data to file:33554432 bytes
***********WAITING************

Write the data to file:33554432 bytes
***********WAITING************

Write the data to file:33554432 bytes
***********WAITING************

Write the data to file:33554432 bytes
***********WAITING************

Write the data to file:33554432 bytes
***********WAITING************

Write the data to file:33554432 bytes
***********WAITING************

Write the data to file:33554432 bytes
***********WAITING************

Write the data to file:33554432 bytes
***********WAITING************

Write the data to file:33554432 bytes
***********WAITING************

Write the data to file:33554432 bytes
***********WAITING************

Write the data to file:33554432 bytes
***********WAITING************

Write the data to file:33554432 bytes
***********WAITING************

Write the data to file:33554432 bytes
***********WAITING************

Write the data to file:33554432 bytes
***********WAITING************

Write the data to file:33554432 bytes
***********WAITING************

Write the data to file:33554432 bytes
***********WAITING************

Write the data to file:33554432 bytes
***********WAITING************

Write the data to file:33554432 bytes
***********WAITING************

Write the data to file:33554432 bytes
***********WAITING************

Write the data to file:33554432 bytes
***********WAITING************

Write the data to file:33554432 bytes
***********WAITING************

Write the data to file:33554432 bytes
***********WAITING************

Write the data to file:33554432 bytes
***********WAITING************

Write the data to file:33554432 bytes
***********WAITING************

Write the data to file:33554432 bytes
***********WAITING************

Write the data to file:33554432 bytes
***********WAITING************

Write the data to file:33554432 bytes
***********WAITING************

Write the data to file:33554432 bytes
***********WAITING************

Write the data to file:33554432 bytes
***********WAITING************

Write the data to file:33554432 bytes
***********WAITING************

Write the data to file:33554432 bytes
***********WAITING************

Write the data to file:33554432 bytes
***********WAITING************

Write the data to file:33554432 bytes
***********WAITING************

Write the data to file:33554432 bytes
***********WAITING************

Write the data to file:33554432 bytes
***********WAITING************

Write the data to file:33554432 bytes
***********WAITING************

Write the data to file:33554432 bytes
***********WAITING************

Write the data to file:33554432 bytes
***********WAITING************

Write the data to file:33554432 bytes
***********WAITING************

Write the data to file:33554432 bytes
***********WAITING************

Write the data to file:33554432 bytes
***********WAITING************

Write the data to file:33554432 bytes
***********WAITING************

Write the data to file:33554432 bytes
***********WAITING************

Write the data to file:33554432 bytes
***********WAITING************

Write the data to file:33554432 bytes
***********WAITING************

Write the data to file:33554432 bytes
***********WAITING************

Write the data to file:33554432 bytes
***********WAITING************

Write the data to file:33554432 bytes
***********WAITING************

Write the data to file:33554432 bytes
***********WAITING************

Write the data to file:33554432 bytes
***********WAITING************

Write the data to file:33554432 bytes
***********WAITING************

Write the data to file:33554432 bytes
***********WAITING************

Write the data to file:33554432 bytes
***********WAITING************

Write the data to file:33554432 bytes
***********WAITING************

Write the data to file:33554432 bytes
***********WAITING************

Write the data to file:33554432 bytes
***********WAITING************

Write the data to file:33554432 bytes
***********WAITING************

Write the data to file:33554432 bytes
***********WAITING************

Write the data to file:33554432 bytes
***********WAITING************

Write the data to file:33554432 bytes
***********WAITING************

Write the data to file:33554432 bytes
***********WAITING************

Write the data to file:33554432 bytes
***********WAITING************

Write the data to file:33554432 bytes
***********WAITING************

Write the data to file:33554432 bytes
***********WAITING************

Write the data to file:33554432 bytes
***********WAITING************

Write the data to file:33554432 bytes
***********WAITING************

Write the data to file:33554432 bytes
***********WAITING************

Write the data to file:33554432 bytes
***********WAITING************

Write the data to file:33554432 bytes
***********WAITING************

Write the data to file:33554432 bytes
***********WAITING************

Write the data to file:33554432 bytes
***********WAITING************

Write the data to file:33554432 bytes
***********WAITING************

Write the data to file:33554432 bytes
***********WAITING************

Write the data to file:33554432 bytes
***********WAITING************

Write the data to file:33554432 bytes
***********WAITING************

Write the data to file:33554432 bytes
***********WAITING************

Write the data to file:33554432 bytes
***********WAITING************

Write the data to file:33554432 bytes
***********WAITING************

Write the data to file:33554432 bytes
***********WAITING************

Write the data to file:33554432 bytes
***********WAITING************

Write the data to file:33554432 bytes
***********WAITING************

Write the data to file:33554432 bytes
***********WAITING************

Write the data to file:33554432 bytes
***********WAITING************

Write the data to file:33554432 bytes
***********WAITING************

Write the data to file:33554432 bytes
***********WAITING************

Write the data to file:33554432 bytes
***********WAITING************

Write the data to file:33554432 bytes
***********WAITING************

Write the data to file:33554432 bytes
***********WAITING************

Write the data to file:33554432 bytes
***********WAITING************

Write the data to file:33554432 bytes
***********WAITING************

Write the data to file:33554432 bytes
***********WAITING************

Write the data to file:33554432 bytes
***********WAITING************

Write the data to file:33554432 bytes
***********WAITING************

Write the data to file:33554432 bytes
***********WAITING************

Write the data to file:33554432 bytes
***********WAITING************

Write the data to file:33554432 bytes
***********WAITING************

Write the data to file:33554432 bytes
***********WAITING************

Write the data to file:33554432 bytes
***********WAITING************

Write the data to file:33554432 bytes
***********WAITING************

Write the data to file:33554432 bytes
***********WAITING************

Write the data to file:33554432 bytes
***********WAITING************

Write the data to file:33554432 bytes
***********WAITING************

Write the data to file:33554432 bytes
***********WAITING************

Write the data to file:33554432 bytes
***********WAITING************

Write the data to file:33554432 bytes
***********WAITING************

Write the data to file:33554432 bytes
***********WAITING************

Write the data to file:33554432 bytes
***********WAITING************

Write the data to file:33554432 bytes
***********WAITING************

Write the data to file:33554432 bytes
***********WAITING************

Write the data to file:33554432 bytes
***********WAITING************

Write the data to file:33554432 bytes
***********WAITING************

Write the data to file:33554432 bytes
***********WAITING************

Write the data to file:33554432 bytes
***********WAITING************

Write the data to file:33554432 bytes
***********WAITING************

Write the data to file:33554432 bytes
***********WAITING************

Write the data to file:33554432 bytes
***********WAITING************

Write the data to file:33554432 bytes
***********WAITING************

Write the data to file:33554432 bytes
***********WAITING************

Write the data to file:33554432 bytes
***********WAITING************

Write the data to file:33554432 bytes
***********WAITING************

Write the data to file:33554432 bytes
***********WAITING************

Write the data to file:33554432 bytes
***********WAITING************

Write the data to file:33554432 bytes
***********WAITING************

Write the data to file:33554432 bytes
***********WAITING************

Write the data to file:33554432 bytes
***********WAITING************

Write the data to file:33554432 bytes
***********WAITING************

Write the data to file:33554432 bytes
***********WAITING************

Write the data to file:33554432 bytes
***********WAITING************

Write the data to file:33554432 bytes
***********WAITING************

Write the data to file:33554432 bytes
***********WAITING************

Write the data to file:33554432 bytes
***********WAITING************

Write the data to file:33554432 bytes
***********WAITING************

Write the data to file:33554432 bytes
***********WAITING************

Write the data to file:33554432 bytes
***********WAITING************

Write the data to file:33554432 bytes
***********WAITING************

Write the data to file:33554432 bytes
***********WAITING************

Write the data to file:33554432 bytes
***********WAITING************

Write the data to file:33554432 bytes
***********WAITING************

Write the data to file:33554432 bytes
***********WAITING************

Write the data to file:33554432 bytes
***********WAITING************

Write the data to file:33554432 bytes
***********WAITING************

Write the data to file:33554432 bytes
***********WAITING************

Write the data to file:33554432 bytes
***********WAITING************

Write the data to file:33554432 bytes
***********WAITING************

Write the data to file:33554432 bytes
***********WAITING************

Write the data to file:33554432 bytes
***********WAITING************

Write the data to file:33554432 bytes
***********WAITING************

Write the data to file:33554432 bytes
***********WAITING************

Write the data to file:33554432 bytes
***********WAITING************

Write the data to file:33554432 bytes
***********WAITING************

Write the data to file:33554432 bytes
***********WAITING************

Write the data to file:33554432 bytes
***********WAITING************

Write the data to file:33554432 bytes
***********WAITING************

Write the data to file:33554432 bytes
***********WAITING************

Write the data to file:33554432 bytes
***********WAITING************

Write the data to file:33554432 bytes
***********WAITING************

Write the data to file:33554432 bytes
***********WAITING************

Write the data to file:33554432 bytes
***********WAITING************

Write the data to file:33554432 bytes
***********WAITING************

Write the data to file:33554432 bytes
***********WAITING************

Write the data to file:33554432 bytes
***********WAITING************

Write the data to file:33554432 bytes
***********WAITING************

Write the data to file:33554432 bytes
***********WAITING************

Write the data to file:33554432 bytes
***********WAITING************

Write the data to file:33554432 bytes
***********WAITING************

Write the data to file:33554432 bytes
***********WAITING************

Write the data to file:33554432 bytes
***********WAITING************

Write the data to file:33554432 bytes
***********WAITING************

Write the data to file:33554432 bytes
***********WAITING************

Write the data to file:33554432 bytes
***********WAITING************

Write the data to file:33554432 bytes
***********WAITING************

Write the data to file:33554432 bytes
***********WAITING************

Write the data to file:33554432 bytes
***********WAITING************

Write the data to file:33554432 bytes
***********WAITING************

Write the data to file:33554432 bytes
***********WAITING************

Write the data to file:33554432 bytes
***********WAITING************

Write the data to file:33554432 bytes
***********WAITING************

Write the data to file:33554432 bytes
***********WAITING************

Write the data to file:33554432 bytes
***********WAITING************

Write the data to file:33554432 bytes
***********WAITING************

Write the data to file:33554432 bytes
***********WAITING************

Write the data to file:33554432 bytes
***********WAITING************

Write the data to file:33554432 bytes
***********WAITING************

Write the data to file:33554432 bytes
***********WAITING************

Write the data to file:33554432 bytes
***********WAITING************

Write the data to file:33554432 bytes
***********WAITING************

Write the data to file:33554432 bytes
***********WAITING************

Write the data to file:33554432 bytes
***********WAITING************

Write the data to file:33554432 bytes
***********WAITING************

Write the data to file:33554432 bytes
***********WAITING************

Write the data to file:33554432 bytes
***********WAITING************

Write the data to file:33554432 bytes
***********WAITING************

Write the data to file:33554432 bytes
***********WAITING************

Write the data to file:33554432 bytes
***********WAITING************

Write the data to file:33554432 bytes
***********WAITING************

Write the data to file:33554432 bytes
***********WAITING************

Write the data to file:33554432 bytes
***********WAITING************

Write the data to file:33554432 bytes
***********WAITING************

Write the data to file:33554432 bytes
***********WAITING************

Write the data to file:33554432 bytes
***********WAITING************

Write the data to file:33554432 bytes
***********WAITING************

Write the data to file:33554432 bytes
***********WAITING************
S_cc         0.86   [      0.86:      0.86]
S_bw         0.23   [      0.23:      0.23]
S_w         31.96   [     31.96:     31.96]
          -------
S_total     33.05   [     33.05:     33.05]

build_S done
calc_W
build_S done
calc_W
nr_of_strided_rec: 32
nr_doubles: 16384
build_S done
calc_W
nr_of_strided_rec: 32
nr_doubles: 16384
build_S done
calc_W
nr_of_strided_rec: 32
nr_doubles: 16384
build_S done
calc_W
nr_of_strided_rec: 32
nr_doubles: 16384
build_S done
calc_W
nr_of_strided_rec: 32
nr_doubles: 16384
build_S done
calc_W
nr_of_strided_rec: 32
nr_doubles: 16384
build_S done
calc_W
nr_of_strided_rec: 32
nr_doubles: 16384
build_S done
calc_W
nr_of_strided_rec: 32
nr_doubles: 16384
build_S done
calc_W
nr_of_strided_rec: 32
nr_doubles: 16384
build_S done
calc_W
nr_of_strided_rec: 32
nr_doubles: 16384
build_S done
calc_W
nr_of_strided_rec: 32
nr_doubles: 16384
build_S done
calc_W
nr_of_strided_rec: 32
nr_doubles: 16384
build_S done
calc_W
nr_of_strided_rec: 32
nr_doubles: 16384
build_S done
calc_W
nr_of_strided_rec: 32
nr_doubles: 16384
build_S done
calc_W
nr_of_strided_rec: 32
nr_doubles: 16384
nr_of_strided_rec: 32
nr_doubles: 16384
nr_of_strided_rec: 32
nr_doubles: 16384
nr_of_strided_rec: 32
nr_doubles: 16384
nr_of_strided_rec: 32
nr_doubles: 16384
nr_of_strided_rec: 32
nr_doubles: 16384
nr_of_strided_rec: 32
nr_doubles: 16384
nr_of_strided_rec: 32
nr_doubles: 16384
nr_of_strided_rec: 32
nr_doubles: 16384
nr_of_strided_rec: 32
nr_doubles: 16384
nr_of_strided_rec: 32
nr_doubles: 16384
nr_of_strided_rec: 32
nr_doubles: 16384
nr_of_strided_rec: 32
nr_doubles: 16384
nr_of_strided_rec: 32
nr_doubles: 16384
nr_of_strided_rec: 32
nr_doubles: 16384
nr_of_strided_rec: 32
nr_doubles: 16384
nr_of_strided_rec: 32
nr_doubles: 16384
nr_of_strided_rec: 32
nr_doubles: 16384

Write the data to file:33554432 bytes
***********WAITING************

Write the data to file:33554432 bytes
***********WAITING************

Write the data to file:33554432 bytes
***********WAITING************

Write the data to file:33554432 bytes
***********WAITING************

Write the data to file:33554432 bytes
***********WAITING************

Write the data to file:33554432 bytes
***********WAITING************

Write the data to file:33554432 bytes
***********WAITING************

Write the data to file:33554432 bytes
***********WAITING************

Write the data to file:33554432 bytes
***********WAITING************

Write the data to file:33554432 bytes
***********WAITING************

Write the data to file:33554432 bytes
***********WAITING************

Write the data to file:33554432 bytes
***********WAITING************

Write the data to file:33554432 bytes
***********WAITING************

Write the data to file:33554432 bytes
***********WAITING************

Write the data to file:33554432 bytes
***********WAITING************

Write the data to file:33554432 bytes
***********WAITING************
nr_of_strided_rec: 32
nr_doubles: 16384
nr_of_strided_rec: 32
nr_doubles: 16384
nr_of_strided_rec: 32
nr_doubles: 16384
nr_of_strided_rec: 32
nr_doubles: 16384
nr_of_strided_rec: 32
nr_doubles: 16384
nr_of_strided_rec: 32
nr_doubles: 16384
nr_of_strided_rec: 32
nr_doubles: 16384
nr_of_strided_rec: 32
nr_doubles: 16384
nr_of_strided_rec: 32
nr_doubles: 16384
nr_of_strided_rec: 32
nr_doubles: 16384
nr_of_strided_rec: 32
nr_doubles: 16384
nr_of_strided_rec: 32
nr_doubles: 16384
nr_of_strided_rec: 32
nr_doubles: 16384
nr_of_strided_rec: 32
nr_doubles: 16384
nr_of_strided_rec: 32
nr_doubles: 16384
nr_of_strided_rec: 32
nr_doubles: 16384

Write the data to file:33554432 bytes
***********WAITING************

Write the data to file:33554432 bytes
***********WAITING************

Write the data to file:33554432 bytes
***********WAITING************

Write the data to file:33554432 bytes
***********WAITING************

Write the data to file:33554432 bytes
***********WAITING************

Write the data to file:33554432 bytes
***********WAITING************

Write the data to file:33554432 bytes
***********WAITING************

Write the data to file:33554432 bytes
***********WAITING************

Write the data to file:33554432 bytes
***********WAITING************

Write the data to file:33554432 bytes
***********WAITING************

Write the data to file:33554432 bytes
***********WAITING************

Write the data to file:33554432 bytes
***********WAITING************

Write the data to file:33554432 bytes
***********WAITING************

Write the data to file:33554432 bytes
***********WAITING************

Write the data to file:33554432 bytes
***********WAITING************

Write the data to file:33554432 bytes
***********WAITING************
nr_of_strided_rec: 32
nr_doubles: 16384
nr_of_strided_rec: 32
nr_doubles: 16384
nr_of_strided_rec: 32
nr_doubles: 16384
nr_of_strided_rec: 32
nr_doubles: 16384
nr_of_strided_rec: 32
nr_doubles: 16384
nr_of_strided_rec: 32
nr_doubles: 16384
nr_of_strided_rec: 32
nr_doubles: 16384
nr_of_strided_rec: 32
nr_doubles: 16384
nr_of_strided_rec: 32
nr_doubles: 16384
nr_of_strided_rec: 32
nr_doubles: 16384
nr_of_strided_rec: 32
nr_doubles: 16384
nr_of_strided_rec: 32
nr_doubles: 16384
nr_of_strided_rec: 32
nr_doubles: 16384
nr_of_strided_rec: 32
nr_doubles: 16384
nr_of_strided_rec: 32
nr_doubles: 16384
nr_of_strided_rec: 32
nr_doubles: 16384

Write the data to file:33554432 bytes
***********WAITING************

Write the data to file:33554432 bytes
***********WAITING************

Write the data to file:33554432 bytes
***********WAITING************

Write the data to file:33554432 bytes
***********WAITING************

Write the data to file:33554432 bytes
***********WAITING************

Write the data to file:33554432 bytes
***********WAITING************

Write the data to file:33554432 bytes
***********WAITING************

Write the data to file:33554432 bytes
***********WAITING************

Write the data to file:33554432 bytes
***********WAITING************

Write the data to file:33554432 bytes
***********WAITING************

Write the data to file:33554432 bytes
***********WAITING************

Write the data to file:33554432 bytes
***********WAITING************

Write the data to file:33554432 bytes
***********WAITING************

Write the data to file:33554432 bytes
***********WAITING************

Write the data to file:33554432 bytes
***********WAITING************

Write the data to file:33554432 bytes
***********WAITING************
nr_of_strided_rec: 32
nr_doubles: 16384
nr_of_strided_rec: 32
nr_doubles: 16384
nr_of_strided_rec: 32
nr_doubles: 16384
nr_of_strided_rec: 32
nr_doubles: 16384
nr_of_strided_rec: 32
nr_doubles: 16384
nr_of_strided_rec: 32
nr_doubles: 16384
nr_of_strided_rec: 32
nr_doubles: 16384
nr_of_strided_rec: 32
nr_doubles: 16384
nr_of_strided_rec: 32
nr_doubles: 16384
nr_of_strided_rec: 32
nr_doubles: 16384
nr_of_strided_rec: 32
nr_doubles: 16384
nr_of_strided_rec: 32
nr_doubles: 16384
nr_of_strided_rec: 32
nr_doubles: 16384
nr_of_strided_rec: 32
nr_doubles: 16384
nr_of_strided_rec: 32
nr_doubles: 16384
nr_of_strided_rec: 32
nr_doubles: 16384

Write the data to file:33554432 bytes
***********WAITING************

Write the data to file:33554432 bytes
***********WAITING************

Write the data to file:33554432 bytes
***********WAITING************

Write the data to file:33554432 bytes
***********WAITING************

Write the data to file:33554432 bytes
***********WAITING************

Write the data to file:33554432 bytes
***********WAITING************

Write the data to file:33554432 bytes
***********WAITING************

Write the data to file:33554432 bytes
***********WAITING************

Write the data to file:33554432 bytes
***********WAITING************

Write the data to file:33554432 bytes
***********WAITING************

Write the data to file:33554432 bytes
***********WAITING************

Write the data to file:33554432 bytes
***********WAITING************

Write the data to file:33554432 bytes
***********WAITING************

Write the data to file:33554432 bytes
***********WAITING************

Write the data to file:33554432 bytes
***********WAITING************

Write the data to file:33554432 bytes
***********WAITING************
nr_of_strided_rec: 32
nr_doubles: 16384
nr_of_strided_rec: 32
nr_doubles: 16384
nr_of_strided_rec: 32
nr_doubles: 16384
nr_of_strided_rec: 32
nr_doubles: 16384
nr_of_strided_rec: 32
nr_doubles: 16384
nr_of_strided_rec: 32
nr_doubles: 16384
nr_of_strided_rec: 32
nr_doubles: 16384
nr_of_strided_rec: 32
nr_doubles: 16384
nr_of_strided_rec: 32
nr_doubles: 16384
nr_of_strided_rec: 32
nr_doubles: 16384
nr_of_strided_rec: 32
nr_doubles: 16384
nr_of_strided_rec: 32
nr_doubles: 16384
nr_of_strided_rec: 32
nr_doubles: 16384
nr_of_strided_rec: 32
nr_doubles: 16384
nr_of_strided_rec: 32
nr_doubles: 16384
nr_of_strided_rec: 32
nr_doubles: 16384

Write the data to file:33554432 bytes
***********WAITING************

Write the data to file:33554432 bytes
***********WAITING************

Write the data to file:33554432 bytes
***********WAITING************

Write the data to file:33554432 bytes
***********WAITING************

Write the data to file:33554432 bytes
***********WAITING************

Write the data to file:33554432 bytes
***********WAITING************

Write the data to file:33554432 bytes
***********WAITING************

Write the data to file:33554432 bytes
***********WAITING************

Write the data to file:33554432 bytes
***********WAITING************

Write the data to file:33554432 bytes
***********WAITING************

Write the data to file:33554432 bytes
***********WAITING************

Write the data to file:33554432 bytes
***********WAITING************

Write the data to file:33554432 bytes
***********WAITING************

Write the data to file:33554432 bytes
***********WAITING************

Write the data to file:33554432 bytes
***********WAITING************

Write the data to file:33554432 bytes
***********WAITING************
nr_of_strided_rec: 32
nr_doubles: 16384
nr_of_strided_rec: 32
nr_doubles: 16384
nr_of_strided_rec: 32
nr_doubles: 16384
nr_of_strided_rec: 32
nr_doubles: 16384
nr_of_strided_rec: 32
nr_doubles: 16384
nr_of_strided_rec: 32
nr_doubles: 16384
nr_of_strided_rec: 32
nr_doubles: 16384
nr_of_strided_rec: 32
nr_doubles: 16384
nr_of_strided_rec: 32
nr_doubles: 16384
nr_of_strided_rec: 32
nr_doubles: 16384
nr_of_strided_rec: 32
nr_doubles: 16384
nr_of_strided_rec: 32
nr_doubles: 16384
nr_of_strided_rec: 32
nr_doubles: 16384
nr_of_strided_rec: 32
nr_doubles: 16384
nr_of_strided_rec: 32
nr_doubles: 16384
nr_of_strided_rec: 32
nr_doubles: 16384

Write the data to file:33554432 bytes
***********WAITING************

Write the data to file:33554432 bytes
***********WAITING************

Write the data to file:33554432 bytes
***********WAITING************

Write the data to file:33554432 bytes
***********WAITING************

Write the data to file:33554432 bytes
***********WAITING************

Write the data to file:33554432 bytes
***********WAITING************

Write the data to file:33554432 bytes
***********WAITING************

Write the data to file:33554432 bytes
***********WAITING************

Write the data to file:33554432 bytes
***********WAITING************

Write the data to file:33554432 bytes
***********WAITING************

Write the data to file:33554432 bytes
***********WAITING************

Write the data to file:33554432 bytes
***********WAITING************

Write the data to file:33554432 bytes
***********WAITING************

Write the data to file:33554432 bytes
***********WAITING************

Write the data to file:33554432 bytes
***********WAITING************

Write the data to file:33554432 bytes
***********WAITING************
nr_of_strided_rec: 32
nr_doubles: 16384
nr_of_strided_rec: 32
nr_doubles: 16384
nr_of_strided_rec: 32
nr_doubles: 16384
nr_of_strided_rec: 32
nr_doubles: 16384
nr_of_strided_rec: 32
nr_doubles: 16384
nr_of_strided_rec: 32
nr_doubles: 16384
nr_of_strided_rec: 32
nr_doubles: 16384
nr_of_strided_rec: 32
nr_doubles: 16384
nr_of_strided_rec: 32
nr_doubles: 16384
nr_of_strided_rec: 32
nr_doubles: 16384
nr_of_strided_rec: 32
nr_doubles: 16384
nr_of_strided_rec: 32
nr_doubles: 16384
nr_of_strided_rec: 32
nr_doubles: 16384
nr_of_strided_rec: 32
nr_doubles: 16384
nr_of_strided_rec: 32
nr_doubles: 16384
nr_of_strided_rec: 32
nr_doubles: 16384

Write the data to file:33554432 bytes
***********WAITING************

Write the data to file:33554432 bytes
***********WAITING************

Write the data to file:33554432 bytes
***********WAITING************

Write the data to file:33554432 bytes
***********WAITING************

Write the data to file:33554432 bytes
***********WAITING************

Write the data to file:33554432 bytes
***********WAITING************

Write the data to file:33554432 bytes
***********WAITING************

Write the data to file:33554432 bytes
***********WAITING************

Write the data to file:33554432 bytes
***********WAITING************

Write the data to file:33554432 bytes
***********WAITING************

Write the data to file:33554432 bytes
***********WAITING************

Write the data to file:33554432 bytes
***********WAITING************

Write the data to file:33554432 bytes
***********WAITING************

Write the data to file:33554432 bytes
***********WAITING************

Write the data to file:33554432 bytes
***********WAITING************

Write the data to file:33554432 bytes
***********WAITING************
nr_of_strided_rec: 32
nr_doubles: 16384
nr_of_strided_rec: 32
nr_doubles: 16384
nr_of_strided_rec: 32
nr_doubles: 16384
nr_of_strided_rec: 32
nr_doubles: 16384
nr_of_strided_rec: 32
nr_doubles: 16384
nr_of_strided_rec: 32
nr_doubles: 16384
nr_of_strided_rec: 32
nr_doubles: 16384
nr_of_strided_rec: 32
nr_doubles: 16384
nr_of_strided_rec: 32
nr_doubles: 16384
nr_of_strided_rec: 32
nr_doubles: 16384
nr_of_strided_rec: 32
nr_doubles: 16384
nr_of_strided_rec: 32
nr_doubles: 16384
nr_of_strided_rec: 32
nr_doubles: 16384
nr_of_strided_rec: 32
nr_doubles: 16384
nr_of_strided_rec: 32
nr_doubles: 16384
nr_of_strided_rec: 32
nr_doubles: 16384

Write the data to file:33554432 bytes
***********WAITING************

Write the data to file:33554432 bytes
***********WAITING************

Write the data to file:33554432 bytes
***********WAITING************

Write the data to file:33554432 bytes
***********WAITING************

Write the data to file:33554432 bytes
***********WAITING************

Write the data to file:33554432 bytes
***********WAITING************

Write the data to file:33554432 bytes
***********WAITING************

Write the data to file:33554432 bytes
***********WAITING************

Write the data to file:33554432 bytes
***********WAITING************

Write the data to file:33554432 bytes
***********WAITING************

Write the data to file:33554432 bytes
***********WAITING************

Write the data to file:33554432 bytes
***********WAITING************

Write the data to file:33554432 bytes
***********WAITING************

Write the data to file:33554432 bytes
***********WAITING************

Write the data to file:33554432 bytes
***********WAITING************

Write the data to file:33554432 bytes
***********WAITING************
nr_of_strided_rec: 32
nr_doubles: 16384
nr_of_strided_rec: 32
nr_doubles: 16384
nr_of_strided_rec: 32
nr_doubles: 16384
nr_of_strided_rec: 32
nr_doubles: 16384
nr_of_strided_rec: 32
nr_doubles: 16384
nr_of_strided_rec: 32
nr_doubles: 16384
nr_of_strided_rec: 32
nr_doubles: 16384
nr_of_strided_rec: 32
nr_doubles: 16384
nr_of_strided_rec: 32
nr_doubles: 16384
nr_of_strided_rec: 32
nr_doubles: 16384
nr_of_strided_rec: 32
nr_doubles: 16384
nr_of_strided_rec: 32
nr_doubles: 16384
nr_of_strided_rec: 32
nr_doubles: 16384
nr_of_strided_rec: 32
nr_doubles: 16384
nr_of_strided_rec: 32
nr_doubles: 16384
nr_of_strided_rec: 32
nr_doubles: 16384

Write the data to file:33554432 bytes
***********WAITING************

Write the data to file:33554432 bytes
***********WAITING************

Write the data to file:33554432 bytes
***********WAITING************

Write the data to file:33554432 bytes
***********WAITING************

Write the data to file:33554432 bytes
***********WAITING************

Write the data to file:33554432 bytes
***********WAITING************

Write the data to file:33554432 bytes
***********WAITING************

Write the data to file:33554432 bytes
***********WAITING************

Write the data to file:33554432 bytes
***********WAITING************

Write the data to file:33554432 bytes
***********WAITING************

Write the data to file:33554432 bytes
***********WAITING************

Write the data to file:33554432 bytes
***********WAITING************

Write the data to file:33554432 bytes
***********WAITING************

Write the data to file:33554432 bytes
***********WAITING************

Write the data to file:33554432 bytes
***********WAITING************

Write the data to file:33554432 bytes
***********WAITING************
nr_of_strided_rec: 32
nr_doubles: 16384
nr_of_strided_rec: 32
nr_doubles: 16384
nr_of_strided_rec: 32
nr_doubles: 16384
nr_of_strided_rec: 32
nr_doubles: 16384
nr_of_strided_rec: 32
nr_doubles: 16384
nr_of_strided_rec: 32
nr_doubles: 16384
nr_of_strided_rec: 32
nr_doubles: 16384
nr_of_strided_rec: 32
nr_doubles: 16384
nr_of_strided_rec: 32
nr_doubles: 16384
nr_of_strided_rec: 32
nr_doubles: 16384
nr_of_strided_rec: 32
nr_doubles: 16384
nr_of_strided_rec: 32
nr_doubles: 16384
nr_of_strided_rec: 32
nr_doubles: 16384
nr_of_strided_rec: 32
nr_doubles: 16384
nr_of_strided_rec: 32
nr_doubles: 16384
nr_of_strided_rec: 32
nr_doubles: 16384

Write the data to file:33554432 bytes
***********WAITING************

Write the data to file:33554432 bytes
***********WAITING************

Write the data to file:33554432 bytes
***********WAITING************

Write the data to file:33554432 bytes
***********WAITING************

Write the data to file:33554432 bytes
***********WAITING************

Write the data to file:33554432 bytes
***********WAITING************

Write the data to file:33554432 bytes
***********WAITING************

Write the data to file:33554432 bytes
***********WAITING************

Write the data to file:33554432 bytes
***********WAITING************

Write the data to file:33554432 bytes
***********WAITING************

Write the data to file:33554432 bytes
***********WAITING************

Write the data to file:33554432 bytes
***********WAITING************

Write the data to file:33554432 bytes
***********WAITING************

Write the data to file:33554432 bytes
***********WAITING************

Write the data to file:33554432 bytes
***********WAITING************

Write the data to file:33554432 bytes
***********WAITING************
nr_of_strided_rec: 32
nr_doubles: 16384
nr_of_strided_rec: 32
nr_doubles: 16384
nr_of_strided_rec: 32
nr_doubles: 16384
nr_of_strided_rec: 32
nr_doubles: 16384
nr_of_strided_rec: 32
nr_doubles: 16384
nr_of_strided_rec: 32
nr_doubles: 16384
nr_of_strided_rec: 32
nr_doubles: 16384
nr_of_strided_rec: 32
nr_doubles: 16384
nr_of_strided_rec: 32
nr_doubles: 16384
nr_of_strided_rec: 32
nr_doubles: 16384
nr_of_strided_rec: 32
nr_doubles: 16384
nr_of_strided_rec: 32
nr_doubles: 16384
nr_of_strided_rec: 32
nr_doubles: 16384
nr_of_strided_rec: 32
nr_doubles: 16384
nr_of_strided_rec: 32
nr_doubles: 16384
nr_of_strided_rec: 32
nr_doubles: 16384

Write the data to file:33554432 bytes
***********WAITING************

Write the data to file:33554432 bytes
***********WAITING************

Write the data to file:33554432 bytes
***********WAITING************

Write the data to file:33554432 bytes
***********WAITING************

Write the data to file:33554432 bytes
***********WAITING************

Write the data to file:33554432 bytes
***********WAITING************

Write the data to file:33554432 bytes
***********WAITING************

Write the data to file:33554432 bytes
***********WAITING************

Write the data to file:33554432 bytes
***********WAITING************

Write the data to file:33554432 bytes
***********WAITING************

Write the data to file:33554432 bytes
***********WAITING************

Write the data to file:33554432 bytes
***********WAITING************

Write the data to file:33554432 bytes
***********WAITING************

Write the data to file:33554432 bytes
***********WAITING************

Write the data to file:33554432 bytes
***********WAITING************

Write the data to file:33554432 bytes
***********WAITING************
nr_of_strided_rec: 32
nr_doubles: 16384
nr_of_strided_rec: 32
nr_doubles: 16384
nr_of_strided_rec: 32
nr_doubles: 16384
nr_of_strided_rec: 32
nr_doubles: 16384
nr_of_strided_rec: 32
nr_doubles: 16384
nr_of_strided_rec: 32
nr_doubles: 16384
nr_of_strided_rec: 32
nr_doubles: 16384
nr_of_strided_rec: 32
nr_doubles: 16384
nr_of_strided_rec: 32
nr_doubles: 16384
nr_of_strided_rec: 32
nr_doubles: 16384
nr_of_strided_rec: 32
nr_doubles: 16384
nr_of_strided_rec: 32
nr_doubles: 16384
nr_of_strided_rec: 32
nr_doubles: 16384
nr_of_strided_rec: 32
nr_doubles: 16384
nr_of_strided_rec: 32
nr_doubles: 16384
nr_of_strided_rec: 32
nr_doubles: 16384

Write the data to file:33554432 bytes
***********WAITING************

Write the data to file:33554432 bytes
***********WAITING************

Write the data to file:33554432 bytes
***********WAITING************

Write the data to file:33554432 bytes
***********WAITING************

Write the data to file:33554432 bytes
***********WAITING************

Write the data to file:33554432 bytes
***********WAITING************

Write the data to file:33554432 bytes
***********WAITING************

Write the data to file:33554432 bytes
***********WAITING************

Write the data to file:33554432 bytes
***********WAITING************

Write the data to file:33554432 bytes
***********WAITING************

Write the data to file:33554432 bytes
***********WAITING************

Write the data to file:33554432 bytes
***********WAITING************

Write the data to file:33554432 bytes
***********WAITING************

Write the data to file:33554432 bytes
***********WAITING************

Write the data to file:33554432 bytes
***********WAITING************

Write the data to file:33554432 bytes
***********WAITING************
nr_of_strided_rec: 32
nr_doubles: 16384
nr_of_strided_rec: 32
nr_doubles: 16384
nr_of_strided_rec: 32
nr_doubles: 16384
nr_of_strided_rec: 32
nr_doubles: 16384
nr_of_strided_rec: 32
nr_doubles: 16384
nr_of_strided_rec: 32
nr_doubles: 16384
nr_of_strided_rec: 32
nr_doubles: 16384
nr_of_strided_rec: 32
nr_doubles: 16384
nr_of_strided_rec: 32
nr_doubles: 16384
nr_of_strided_rec: 32
nr_doubles: 16384
nr_of_strided_rec: 32
nr_doubles: 16384
nr_of_strided_rec: 32
nr_doubles: 16384
nr_of_strided_rec: 32
nr_doubles: 16384
nr_of_strided_rec: 32
nr_doubles: 16384
nr_of_strided_rec: 32
nr_doubles: 16384
nr_of_strided_rec: 32
nr_doubles: 16384

Write the data to file:33554432 bytes
***********WAITING************

Write the data to file:33554432 bytes
***********WAITING************

Write the data to file:33554432 bytes
***********WAITING************

Write the data to file:33554432 bytes
***********WAITING************

Write the data to file:33554432 bytes
***********WAITING************

Write the data to file:33554432 bytes
***********WAITING************

Write the data to file:33554432 bytes
***********WAITING************

Write the data to file:33554432 bytes
***********WAITING************

Write the data to file:33554432 bytes
***********WAITING************

Write the data to file:33554432 bytes
***********WAITING************

Write the data to file:33554432 bytes
***********WAITING************

Write the data to file:33554432 bytes
***********WAITING************

Write the data to file:33554432 bytes
***********WAITING************

Write the data to file:33554432 bytes
***********WAITING************

Write the data to file:33554432 bytes
***********WAITING************

Write the data to file:33554432 bytes
***********WAITING************
nr_of_strided_rec: 32
nr_doubles: 16384
nr_of_strided_rec: 32
nr_doubles: 16384
nr_of_strided_rec: 32
nr_doubles: 16384
nr_of_strided_rec: 32
nr_doubles: 16384
nr_of_strided_rec: 32
nr_doubles: 16384
nr_of_strided_rec: 32
nr_doubles: 16384
nr_of_strided_rec: 32
nr_doubles: 16384
nr_of_strided_rec: 32
nr_doubles: 16384
nr_of_strided_rec: 32
nr_doubles: 16384
nr_of_strided_rec: 32
nr_doubles: 16384
nr_of_strided_rec: 32
nr_doubles: 16384
nr_of_strided_rec: 32
nr_doubles: 16384
nr_of_strided_rec: 32
nr_doubles: 16384
nr_of_strided_rec: 32
nr_doubles: 16384
nr_of_strided_rec: 32
nr_doubles: 16384
nr_of_strided_rec: 32
nr_doubles: 16384

Write the data to file:33554432 bytes
***********WAITING************

Write the data to file:33554432 bytes
***********WAITING************

Write the data to file:33554432 bytes
***********WAITING************

Write the data to file:33554432 bytes
***********WAITING************

Write the data to file:33554432 bytes
***********WAITING************

Write the data to file:33554432 bytes
***********WAITING************

Write the data to file:33554432 bytes
***********WAITING************

Write the data to file:33554432 bytes
***********WAITING************

Write the data to file:33554432 bytes
***********WAITING************

Write the data to file:33554432 bytes
***********WAITING************

Write the data to file:33554432 bytes
***********WAITING************

Write the data to file:33554432 bytes
***********WAITING************

Write the data to file:33554432 bytes
***********WAITING************

Write the data to file:33554432 bytes
***********WAITING************

Write the data to file:33554432 bytes
***********WAITING************

Write the data to file:33554432 bytes
***********WAITING************
nr_of_strided_rec: 32
nr_doubles: 16384
nr_of_strided_rec: 32
nr_doubles: 16384
nr_of_strided_rec: 32
nr_doubles: 16384
nr_of_strided_rec: 32
nr_doubles: 16384
nr_of_strided_rec: 32
nr_doubles: 16384
nr_of_strided_rec: 32
nr_doubles: 16384
nr_of_strided_rec: 32
nr_doubles: 16384
nr_of_strided_rec: 32
nr_doubles: 16384
nr_of_strided_rec: 32
nr_doubles: 16384
nr_of_strided_rec: 32
nr_doubles: 16384
nr_of_strided_rec: 32
nr_doubles: 16384
nr_of_strided_rec: 32
nr_doubles: 16384
nr_of_strided_rec: 32
nr_doubles: 16384
nr_of_strided_rec: 32
nr_doubles: 16384
nr_of_strided_rec: 32
nr_doubles: 16384
nr_of_strided_rec: 32
nr_doubles: 16384

Write the data to file:33554432 bytes
***********WAITING************

Write the data to file:33554432 bytes
***********WAITING************

Write the data to file:33554432 bytes
***********WAITING************

Write the data to file:33554432 bytes
***********WAITING************

Write the data to file:33554432 bytes
***********WAITING************

Write the data to file:33554432 bytes
***********WAITING************

Write the data to file:33554432 bytes
***********WAITING************

Write the data to file:33554432 bytes
***********WAITING************

Write the data to file:33554432 bytes
***********WAITING************

Write the data to file:33554432 bytes
***********WAITING************

Write the data to file:33554432 bytes
***********WAITING************

Write the data to file:33554432 bytes
***********WAITING************

Write the data to file:33554432 bytes
***********WAITING************

Write the data to file:33554432 bytes
***********WAITING************

Write the data to file:33554432 bytes
***********WAITING************

Write the data to file:33554432 bytes
***********WAITING************
nr_of_strided_rec: 32
nr_doubles: 16384
nr_of_strided_rec: 32
nr_doubles: 16384
nr_of_strided_rec: 32
nr_doubles: 16384
nr_of_strided_rec: 32
nr_doubles: 16384
nr_of_strided_rec: 32
nr_doubles: 16384
nr_of_strided_rec: 32
nr_doubles: 16384
nr_of_strided_rec: 32
nr_doubles: 16384
nr_of_strided_rec: 32
nr_doubles: 16384
nr_of_strided_rec: 32
nr_doubles: 16384
nr_of_strided_rec: 32
nr_doubles: 16384
nr_of_strided_rec: 32
nr_doubles: 16384
nr_of_strided_rec: 32
nr_doubles: 16384
nr_of_strided_rec: 32
nr_doubles: 16384
nr_of_strided_rec: 32
nr_doubles: 16384
nr_of_strided_rec: 32
nr_doubles: 16384
nr_of_strided_rec: 32
nr_doubles: 16384

Write the data to file:33554432 bytes
***********WAITING************

Write the data to file:33554432 bytes
***********WAITING************

Write the data to file:33554432 bytes
***********WAITING************

Write the data to file:33554432 bytes
***********WAITING************

Write the data to file:33554432 bytes
***********WAITING************

Write the data to file:33554432 bytes
***********WAITING************

Write the data to file:33554432 bytes
***********WAITING************

Write the data to file:33554432 bytes
***********WAITING************

Write the data to file:33554432 bytes
***********WAITING************

Write the data to file:33554432 bytes
***********WAITING************

Write the data to file:33554432 bytes
***********WAITING************

Write the data to file:33554432 bytes
***********WAITING************

Write the data to file:33554432 bytes
***********WAITING************

Write the data to file:33554432 bytes
***********WAITING************

Write the data to file:33554432 bytes
***********WAITING************

Write the data to file:33554432 bytes
***********WAITING************
nr_of_strided_rec: 32
nr_doubles: 16384
nr_of_strided_rec: 32
nr_doubles: 16384
nr_of_strided_rec: 32
nr_doubles: 16384
nr_of_strided_rec: 32
nr_doubles: 16384
nr_of_strided_rec: 32
nr_doubles: 16384
nr_of_strided_rec: 32
nr_doubles: 16384
nr_of_strided_rec: 32
nr_doubles: 16384
nr_of_strided_rec: 32
nr_doubles: 16384
nr_of_strided_rec: 32
nr_doubles: 16384
nr_of_strided_rec: 32
nr_doubles: 16384
nr_of_strided_rec: 32
nr_doubles: 16384
nr_of_strided_rec: 32
nr_doubles: 16384
nr_of_strided_rec: 32
nr_doubles: 16384
nr_of_strided_rec: 32
nr_doubles: 16384
nr_of_strided_rec: 32
nr_doubles: 16384
nr_of_strided_rec: 32
nr_doubles: 16384

Write the data to file:33554432 bytes
***********WAITING************

Write the data to file:33554432 bytes
***********WAITING************

Write the data to file:33554432 bytes
***********WAITING************

Write the data to file:33554432 bytes
***********WAITING************

Write the data to file:33554432 bytes
***********WAITING************

Write the data to file:33554432 bytes
***********WAITING************

Write the data to file:33554432 bytes
***********WAITING************

Write the data to file:33554432 bytes
***********WAITING************

Write the data to file:33554432 bytes
***********WAITING************

Write the data to file:33554432 bytes
***********WAITING************

Write the data to file:33554432 bytes
***********WAITING************

Write the data to file:33554432 bytes
***********WAITING************

Write the data to file:33554432 bytes
***********WAITING************

Write the data to file:33554432 bytes
***********WAITING************

Write the data to file:33554432 bytes
***********WAITING************

Write the data to file:33554432 bytes
***********WAITING************
nr_of_strided_rec: 32
nr_doubles: 16384
nr_of_strided_rec: 32
nr_doubles: 16384
nr_of_strided_rec: 32
nr_doubles: 16384
nr_of_strided_rec: 32
nr_doubles: 16384
nr_of_strided_rec: 32
nr_doubles: 16384
nr_of_strided_rec: 32
nr_doubles: 16384
nr_of_strided_rec: 32
nr_doubles: 16384
nr_of_strided_rec: 32
nr_doubles: 16384
nr_of_strided_rec: 32
nr_doubles: 16384
nr_of_strided_rec: 32
nr_doubles: 16384
nr_of_strided_rec: 32
nr_doubles: 16384
nr_of_strided_rec: 32
nr_doubles: 16384
nr_of_strided_rec: 32
nr_doubles: 16384
nr_of_strided_rec: 32
nr_doubles: 16384
nr_of_strided_rec: 32
nr_doubles: 16384
nr_of_strided_rec: 32
nr_doubles: 16384

Write the data to file:33554432 bytes
***********WAITING************

Write the data to file:33554432 bytes
***********WAITING************

Write the data to file:33554432 bytes
***********WAITING************

Write the data to file:33554432 bytes
***********WAITING************

Write the data to file:33554432 bytes
***********WAITING************

Write the data to file:33554432 bytes
***********WAITING************

Write the data to file:33554432 bytes
***********WAITING************

Write the data to file:33554432 bytes
***********WAITING************

Write the data to file:33554432 bytes
***********WAITING************

Write the data to file:33554432 bytes
***********WAITING************

Write the data to file:33554432 bytes
***********WAITING************

Write the data to file:33554432 bytes
***********WAITING************

Write the data to file:33554432 bytes
***********WAITING************

Write the data to file:33554432 bytes
***********WAITING************

Write the data to file:33554432 bytes
***********WAITING************

Write the data to file:33554432 bytes
***********WAITING************
nr_of_strided_rec: 32
nr_doubles: 16384
nr_of_strided_rec: 32
nr_doubles: 16384
nr_of_strided_rec: 32
nr_doubles: 16384
nr_of_strided_rec: 32
nr_doubles: 16384
nr_of_strided_rec: 32
nr_doubles: 16384
nr_of_strided_rec: 32
nr_doubles: 16384
nr_of_strided_rec: 32
nr_doubles: 16384
nr_of_strided_rec: 32
nr_doubles: 16384
nr_of_strided_rec: 32
nr_doubles: 16384
nr_of_strided_rec: 32
nr_doubles: 16384
nr_of_strided_rec: 32
nr_doubles: 16384
nr_of_strided_rec: 32
nr_doubles: 16384
nr_of_strided_rec: 32
nr_doubles: 16384
nr_of_strided_rec: 32
nr_doubles: 16384
nr_of_strided_rec: 32
nr_doubles: 16384
nr_of_strided_rec: 32
nr_doubles: 16384

Write the data to file:33554432 bytes
***********WAITING************

Write the data to file:33554432 bytes
***********WAITING************

Write the data to file:33554432 bytes
***********WAITING************

Write the data to file:33554432 bytes
***********WAITING************

Write the data to file:33554432 bytes
***********WAITING************

Write the data to file:33554432 bytes
***********WAITING************

Write the data to file:33554432 bytes
***********WAITING************

Write the data to file:33554432 bytes
***********WAITING************

Write the data to file:33554432 bytes
***********WAITING************

Write the data to file:33554432 bytes
***********WAITING************

Write the data to file:33554432 bytes
***********WAITING************

Write the data to file:33554432 bytes
***********WAITING************

Write the data to file:33554432 bytes
***********WAITING************

Write the data to file:33554432 bytes
***********WAITING************

Write the data to file:33554432 bytes
***********WAITING************

Write the data to file:33554432 bytes
***********WAITING************
nr_of_strided_rec: 32
nr_doubles: 16384
nr_of_strided_rec: 32
nr_doubles: 16384
nr_of_strided_rec: 32
nr_doubles: 16384
nr_of_strided_rec: 32
nr_doubles: 16384
nr_of_strided_rec: 32
nr_doubles: 16384
nr_of_strided_rec: 32
nr_doubles: 16384
nr_of_strided_rec: 32
nr_doubles: 16384
nr_of_strided_rec: 32
nr_doubles: 16384
nr_of_strided_rec: 32
nr_doubles: 16384
nr_of_strided_rec: 32
nr_doubles: 16384
nr_of_strided_rec: 32
nr_doubles: 16384
nr_of_strided_rec: 32
nr_doubles: 16384
nr_of_strided_rec: 32
nr_doubles: 16384
nr_of_strided_rec: 32
nr_doubles: 16384
nr_of_strided_rec: 32
nr_doubles: 16384
nr_of_strided_rec: 32
nr_doubles: 16384

Write the data to file:33554432 bytes
***********WAITING************

Write the data to file:33554432 bytes
***********WAITING************

Write the data to file:33554432 bytes
***********WAITING************

Write the data to file:33554432 bytes
***********WAITING************

Write the data to file:33554432 bytes
***********WAITING************

Write the data to file:33554432 bytes
***********WAITING************

Write the data to file:33554432 bytes
***********WAITING************

Write the data to file:33554432 bytes
***********WAITING************

Write the data to file:33554432 bytes
***********WAITING************

Write the data to file:33554432 bytes
***********WAITING************

Write the data to file:33554432 bytes
***********WAITING************

Write the data to file:33554432 bytes
***********WAITING************

Write the data to file:33554432 bytes
***********WAITING************

Write the data to file:33554432 bytes
***********WAITING************

Write the data to file:33554432 bytes
***********WAITING************

Write the data to file:33554432 bytes
***********WAITING************
nr_of_strided_rec: 32
nr_doubles: 16384
nr_of_strided_rec: 32
nr_doubles: 16384
nr_of_strided_rec: 32
nr_doubles: 16384
nr_of_strided_rec: 32
nr_doubles: 16384
nr_of_strided_rec: 32
nr_doubles: 16384
nr_of_strided_rec: 32
nr_doubles: 16384
nr_of_strided_rec: 32
nr_doubles: 16384
nr_of_strided_rec: 32
nr_doubles: 16384
nr_of_strided_rec: 32
nr_doubles: 16384
nr_of_strided_rec: 32
nr_doubles: 16384
nr_of_strided_rec: 32
nr_doubles: 16384
nr_of_strided_rec: 32
nr_doubles: 16384
nr_of_strided_rec: 32
nr_doubles: 16384
nr_of_strided_rec: 32
nr_doubles: 16384
nr_of_strided_rec: 32
nr_doubles: 16384
nr_of_strided_rec: 32
nr_doubles: 16384

Write the data to file:33554432 bytes
***********WAITING************

Write the data to file:33554432 bytes
***********WAITING************

Write the data to file:33554432 bytes
***********WAITING************

Write the data to file:33554432 bytes
***********WAITING************

Write the data to file:33554432 bytes
***********WAITING************

Write the data to file:33554432 bytes
***********WAITING************

Write the data to file:33554432 bytes
***********WAITING************

Write the data to file:33554432 bytes
***********WAITING************

Write the data to file:33554432 bytes
***********WAITING************

Write the data to file:33554432 bytes
***********WAITING************

Write the data to file:33554432 bytes
***********WAITING************

Write the data to file:33554432 bytes
***********WAITING************

Write the data to file:33554432 bytes
***********WAITING************

Write the data to file:33554432 bytes
***********WAITING************

Write the data to file:33554432 bytes
***********WAITING************

Write the data to file:33554432 bytes
***********WAITING************
nr_of_strided_rec: 32
nr_doubles: 16384
nr_of_strided_rec: 32
nr_doubles: 16384
nr_of_strided_rec: 32
nr_doubles: 16384
nr_of_strided_rec: 32
nr_doubles: 16384
nr_of_strided_rec: 32
nr_doubles: 16384
nr_of_strided_rec: 32
nr_doubles: 16384
nr_of_strided_rec: 32
nr_doubles: 16384
nr_of_strided_rec: 32
nr_doubles: 16384
nr_of_strided_rec: 32
nr_doubles: 16384
nr_of_strided_rec: 32
nr_doubles: 16384
nr_of_strided_rec: 32
nr_doubles: 16384
nr_of_strided_rec: 32
nr_doubles: 16384
nr_of_strided_rec: 32
nr_doubles: 16384
nr_of_strided_rec: 32
nr_doubles: 16384
nr_of_strided_rec: 32
nr_doubles: 16384
nr_of_strided_rec: 32
nr_doubles: 16384

Write the data to file:33554432 bytes
***********WAITING************

Write the data to file:33554432 bytes
***********WAITING************

Write the data to file:33554432 bytes
***********WAITING************

Write the data to file:33554432 bytes
***********WAITING************

Write the data to file:33554432 bytes
***********WAITING************

Write the data to file:33554432 bytes
***********WAITING************

Write the data to file:33554432 bytes
***********WAITING************

Write the data to file:33554432 bytes
***********WAITING************

Write the data to file:33554432 bytes
***********WAITING************

Write the data to file:33554432 bytes
***********WAITING************

Write the data to file:33554432 bytes
***********WAITING************

Write the data to file:33554432 bytes
***********WAITING************

Write the data to file:33554432 bytes
***********WAITING************

Write the data to file:33554432 bytes
***********WAITING************

Write the data to file:33554432 bytes
***********WAITING************

Write the data to file:33554432 bytes
***********WAITING************
nr_of_strided_rec: 32
nr_doubles: 16384
nr_of_strided_rec: 32
nr_doubles: 16384
nr_of_strided_rec: 32
nr_doubles: 16384
nr_of_strided_rec: 32
nr_doubles: 16384
nr_of_strided_rec: 32
nr_doubles: 16384
nr_of_strided_rec: 32
nr_doubles: 16384
nr_of_strided_rec: 32
nr_doubles: 16384
nr_of_strided_rec: 32
nr_doubles: 16384
nr_of_strided_rec: 32
nr_doubles: 16384
nr_of_strided_rec: 32
nr_doubles: 16384
nr_of_strided_rec: 32
nr_doubles: 16384
nr_of_strided_rec: 32
nr_doubles: 16384
nr_of_strided_rec: 32
nr_doubles: 16384
nr_of_strided_rec: 32
nr_doubles: 16384
nr_of_strided_rec: 32
nr_doubles: 16384
nr_of_strided_rec: 32
nr_doubles: 16384

Write the data to file:33554432 bytes
***********WAITING************

Write the data to file:33554432 bytes
***********WAITING************

Write the data to file:33554432 bytes
***********WAITING************

Write the data to file:33554432 bytes
***********WAITING************

Write the data to file:33554432 bytes
***********WAITING************

Write the data to file:33554432 bytes
***********WAITING************

Write the data to file:33554432 bytes
***********WAITING************

Write the data to file:33554432 bytes
***********WAITING************

Write the data to file:33554432 bytes
***********WAITING************

Write the data to file:33554432 bytes
***********WAITING************

Write the data to file:33554432 bytes
***********WAITING************

Write the data to file:33554432 bytes
***********WAITING************

Write the data to file:33554432 bytes
***********WAITING************

Write the data to file:33554432 bytes
***********WAITING************

Write the data to file:33554432 bytes
***********WAITING************

Write the data to file:33554432 bytes
***********WAITING************
nr_of_strided_rec: 32
nr_doubles: 16384
nr_of_strided_rec: 32
nr_doubles: 16384
nr_of_strided_rec: 32
nr_doubles: 16384
nr_of_strided_rec: 32
nr_doubles: 16384
nr_of_strided_rec: 32
nr_doubles: 16384
nr_of_strided_rec: 32
nr_doubles: 16384
nr_of_strided_rec: 32
nr_doubles: 16384
nr_of_strided_rec: 32
nr_doubles: 16384
nr_of_strided_rec: 32
nr_doubles: 16384
nr_of_strided_rec: 32
nr_doubles: 16384
nr_of_strided_rec: 32
nr_doubles: 16384
nr_of_strided_rec: 32
nr_doubles: 16384
nr_of_strided_rec: 32
nr_doubles: 16384
nr_of_strided_rec: 32
nr_doubles: 16384
nr_of_strided_rec: 32
nr_doubles: 16384
nr_of_strided_rec: 32
nr_doubles: 16384

Write the data to file:33554432 bytes
***********WAITING************

Write the data to file:33554432 bytes
***********WAITING************

Write the data to file:33554432 bytes
***********WAITING************

Write the data to file:33554432 bytes
***********WAITING************

Write the data to file:33554432 bytes
***********WAITING************

Write the data to file:33554432 bytes
***********WAITING************

Write the data to file:33554432 bytes
***********WAITING************

Write the data to file:33554432 bytes
***********WAITING************

Write the data to file:33554432 bytes
***********WAITING************

Write the data to file:33554432 bytes
***********WAITING************

Write the data to file:33554432 bytes
***********WAITING************

Write the data to file:33554432 bytes
***********WAITING************

Write the data to file:33554432 bytes
***********WAITING************

Write the data to file:33554432 bytes
***********WAITING************

Write the data to file:33554432 bytes
***********WAITING************

Write the data to file:33554432 bytes
***********WAITING************
nr_of_strided_rec: 32
nr_doubles: 16384
nr_of_strided_rec: 32
nr_doubles: 16384
nr_of_strided_rec: 32
nr_doubles: 16384
nr_of_strided_rec: 32
nr_doubles: 16384
nr_of_strided_rec: 32
nr_doubles: 16384
nr_of_strided_rec: 32
nr_doubles: 16384
nr_of_strided_rec: 32
nr_doubles: 16384
nr_of_strided_rec: 32
nr_doubles: 16384
nr_of_strided_rec: 32
nr_doubles: 16384
nr_of_strided_rec: 32
nr_doubles: 16384
nr_of_strided_rec: 32
nr_doubles: 16384
nr_of_strided_rec: 32
nr_doubles: 16384
nr_of_strided_rec: 32
nr_doubles: 16384
nr_of_strided_rec: 32
nr_doubles: 16384
nr_of_strided_rec: 32
nr_doubles: 16384
nr_of_strided_rec: 32
nr_doubles: 16384

Write the data to file:33554432 bytes
***********WAITING************

Write the data to file:33554432 bytes
***********WAITING************

Write the data to file:33554432 bytes
***********WAITING************

Write the data to file:33554432 bytes
***********WAITING************

Write the data to file:33554432 bytes
***********WAITING************

Write the data to file:33554432 bytes
***********WAITING************

Write the data to file:33554432 bytes
***********WAITING************

Write the data to file:33554432 bytes
***********WAITING************

Write the data to file:33554432 bytes
***********WAITING************

Write the data to file:33554432 bytes
***********WAITING************

Write the data to file:33554432 bytes
***********WAITING************

Write the data to file:33554432 bytes
***********WAITING************

Write the data to file:33554432 bytes
***********WAITING************

Write the data to file:33554432 bytes
***********WAITING************

Write the data to file:33554432 bytes
***********WAITING************

Write the data to file:33554432 bytes
***********WAITING************
nr_of_strided_rec: 32
nr_doubles: 16384
nr_of_strided_rec: 32
nr_doubles: 16384
nr_of_strided_rec: 32
nr_doubles: 16384
nr_of_strided_rec: 32
nr_doubles: 16384
nr_of_strided_rec: 32
nr_doubles: 16384
nr_of_strided_rec: 32
nr_doubles: 16384
nr_of_strided_rec: 32
nr_doubles: 16384
nr_of_strided_rec: 32
nr_doubles: 16384
nr_of_strided_rec: 32
nr_doubles: 16384
nr_of_strided_rec: 32
nr_doubles: 16384
nr_of_strided_rec: 32
nr_doubles: 16384
nr_of_strided_rec: 32
nr_doubles: 16384
nr_of_strided_rec: 32
nr_doubles: 16384
nr_of_strided_rec: 32
nr_doubles: 16384
nr_of_strided_rec: 32
nr_doubles: 16384
nr_of_strided_rec: 32
nr_doubles: 16384

Write the data to file:33554432 bytes
***********WAITING************

Write the data to file:33554432 bytes
***********WAITING************

Write the data to file:33554432 bytes
***********WAITING************

Write the data to file:33554432 bytes
***********WAITING************

Write the data to file:33554432 bytes
***********WAITING************

Write the data to file:33554432 bytes
***********WAITING************

Write the data to file:33554432 bytes
***********WAITING************

Write the data to file:33554432 bytes
***********WAITING************

Write the data to file:33554432 bytes
***********WAITING************

Write the data to file:33554432 bytes
***********WAITING************

Write the data to file:33554432 bytes
***********WAITING************

Write the data to file:33554432 bytes
***********WAITING************

Write the data to file:33554432 bytes
***********WAITING************

Write the data to file:33554432 bytes
***********WAITING************

Write the data to file:33554432 bytes
***********WAITING************

Write the data to file:33554432 bytes
***********WAITING************
nr_of_strided_rec: 32
nr_doubles: 16384
nr_of_strided_rec: 32
nr_doubles: 16384
nr_of_strided_rec: 32
nr_doubles: 16384
nr_of_strided_rec: 32
nr_doubles: 16384
nr_of_strided_rec: 32
nr_doubles: 16384
nr_of_strided_rec: 32
nr_doubles: 16384
nr_of_strided_rec: 32
nr_doubles: 16384
nr_of_strided_rec: 32
nr_doubles: 16384
nr_of_strided_rec: 32
nr_doubles: 16384
nr_of_strided_rec: 32
nr_doubles: 16384
nr_of_strided_rec: 32
nr_doubles: 16384
nr_of_strided_rec: 32
nr_doubles: 16384
nr_of_strided_rec: 32
nr_doubles: 16384
nr_of_strided_rec: 32
nr_doubles: 16384
nr_of_strided_rec: 32
nr_doubles: 16384
nr_of_strided_rec: 32
nr_doubles: 16384

Write the data to file:33554432 bytes
***********WAITING************

Write the data to file:33554432 bytes
***********WAITING************

Write the data to file:33554432 bytes
***********WAITING************

Write the data to file:33554432 bytes
***********WAITING************

Write the data to file:33554432 bytes
***********WAITING************

Write the data to file:33554432 bytes
***********WAITING************

Write the data to file:33554432 bytes
***********WAITING************

Write the data to file:33554432 bytes
***********WAITING************

Write the data to file:33554432 bytes
***********WAITING************

Write the data to file:33554432 bytes
***********WAITING************

Write the data to file:33554432 bytes
***********WAITING************

Write the data to file:33554432 bytes
***********WAITING************

Write the data to file:33554432 bytes
***********WAITING************

Write the data to file:33554432 bytes
***********WAITING************

Write the data to file:33554432 bytes
***********WAITING************

Write the data to file:33554432 bytes
***********WAITING************
nr_of_strided_rec: 32
nr_doubles: 16384
nr_of_strided_rec: 32
nr_doubles: 16384
nr_of_strided_rec: 32
nr_doubles: 16384
nr_of_strided_rec: 32
nr_doubles: 16384
nr_of_strided_rec: 32
nr_doubles: 16384
nr_of_strided_rec: 32
nr_doubles: 16384
nr_of_strided_rec: 32
nr_doubles: 16384
nr_of_strided_rec: 32
nr_doubles: 16384
nr_of_strided_rec: 32
nr_doubles: 16384
nr_of_strided_rec: 32
nr_doubles: 16384
nr_of_strided_rec: 32
nr_doubles: 16384
nr_of_strided_rec: 32
nr_doubles: 16384
nr_of_strided_rec: 32
nr_doubles: 16384
nr_of_strided_rec: 32
nr_doubles: 16384
nr_of_strided_rec: 32
nr_doubles: 16384
nr_of_strided_rec: 32
nr_doubles: 16384

Write the data to file:33554432 bytes
***********WAITING************

Write the data to file:33554432 bytes
***********WAITING************

Write the data to file:33554432 bytes
***********WAITING************

Write the data to file:33554432 bytes
***********WAITING************

Write the data to file:33554432 bytes
***********WAITING************

Write the data to file:33554432 bytes
***********WAITING************

Write the data to file:33554432 bytes
***********WAITING************

Write the data to file:33554432 bytes
***********WAITING************

Write the data to file:33554432 bytes
***********WAITING************

Write the data to file:33554432 bytes
***********WAITING************

Write the data to file:33554432 bytes
***********WAITING************

Write the data to file:33554432 bytes
***********WAITING************

Write the data to file:33554432 bytes
***********WAITING************

Write the data to file:33554432 bytes
***********WAITING************

Write the data to file:33554432 bytes
***********WAITING************

Write the data to file:33554432 bytes
***********WAITING************
nr_of_strided_rec: 32
nr_doubles: 16384
nr_of_strided_rec: 32
nr_doubles: 16384
nr_of_strided_rec: 32
nr_doubles: 16384
nr_of_strided_rec: 32
nr_doubles: 16384
nr_of_strided_rec: 32
nr_doubles: 16384
nr_of_strided_rec: 32
nr_doubles: 16384
nr_of_strided_rec: 32
nr_doubles: 16384
nr_of_strided_rec: 32
nr_doubles: 16384
nr_of_strided_rec: 32
nr_doubles: 16384
nr_of_strided_rec: 32
nr_doubles: 16384
nr_of_strided_rec: 32
nr_doubles: 16384
nr_of_strided_rec: 32
nr_doubles: 16384
nr_of_strided_rec: 32
nr_doubles: 16384
nr_of_strided_rec: 32
nr_doubles: 16384
nr_of_strided_rec: 32
nr_doubles: 16384
nr_of_strided_rec: 32
nr_doubles: 16384

Write the data to file:33554432 bytes
***********WAITING************

Write the data to file:33554432 bytes
***********WAITING************

Write the data to file:33554432 bytes
***********WAITING************

Write the data to file:33554432 bytes
***********WAITING************

Write the data to file:33554432 bytes
***********WAITING************

Write the data to file:33554432 bytes
***********WAITING************

Write the data to file:33554432 bytes
***********WAITING************

Write the data to file:33554432 bytes
***********WAITING************

Write the data to file:33554432 bytes
***********WAITING************

Write the data to file:33554432 bytes
***********WAITING************

Write the data to file:33554432 bytes
***********WAITING************

Write the data to file:33554432 bytes
***********WAITING************

Write the data to file:33554432 bytes
***********WAITING************

Write the data to file:33554432 bytes
***********WAITING************

Write the data to file:33554432 bytes
***********WAITING************

Write the data to file:33554432 bytes
***********WAITING************

Write the data to file:33554432 bytes
***********WAITING************

Write the data to file:33554432 bytes
***********WAITING************

Write the data to file:33554432 bytes
***********WAITING************

Write the data to file:33554432 bytes
***********WAITING************

Write the data to file:33554432 bytes
***********WAITING************

Write the data to file:33554432 bytes
***********WAITING************

Write the data to file:33554432 bytes
***********WAITING************

Write the data to file:33554432 bytes
***********WAITING************

Write the data to file:33554432 bytes
***********WAITING************

Write the data to file:33554432 bytes
***********WAITING************

Write the data to file:33554432 bytes
***********WAITING************

Write the data to file:33554432 bytes
***********WAITING************

Write the data to file:33554432 bytes
***********WAITING************

Write the data to file:33554432 bytes
***********WAITING************

Write the data to file:33554432 bytes
***********WAITING************

Write the data to file:33554432 bytes
***********WAITING************
W_cc         1.98   [      1.98:      1.98]
W_r         44.62   [     44.62:     44.62]
W_w         26.99   [     26.99:     26.99]
          -------
W_total     73.60   [     73.59:     73.60]

calc_W done
calc_W done
nr_of_strided_rec: 32
calc_W done
nr_of_strided_rec: 32
nr_doubles: 16384
calc_W done
nr_of_strided_rec: 32
nr_doubles: 16384
calc_W done
nr_of_strided_rec: 32
nr_doubles: 16384
calc_W done
nr_of_strided_rec: 32
nr_doubles: 16384
calc_W done
nr_of_strided_rec: 32
nr_doubles: 16384
calc_W done
nr_of_strided_rec: 32
nr_doubles: 16384
calc_W done
nr_of_strided_rec: 32
nr_doubles: 16384
calc_W done
nr_of_strided_rec: 32
nr_doubles: 16384
calc_W done
nr_of_strided_rec: 32
nr_doubles: 16384
calc_W done
nr_of_strided_rec: 32
nr_doubles: 16384
calc_W done
nr_of_strided_rec: 32
nr_doubles: 16384
calc_W done
nr_of_strided_rec: 32
nr_doubles: 16384
calc_W done
nr_of_strided_rec: 32
nr_doubles: 16384
calc_W done
nr_of_strided_rec: 32
nr_doubles: 16384
nr_of_strided_rec: 32
nr_doubles: 16384
nr_doubles: 16384
nr_of_strided_rec: 32
nr_doubles: 16384
nr_of_strided_rec: 32
nr_doubles: 16384
nr_of_strided_rec: 32
nr_doubles: 16384
nr_of_strided_rec: 32
nr_doubles: 16384
nr_of_strided_rec: 32
nr_doubles: 16384
nr_of_strided_rec: 32
nr_doubles: 16384
nr_of_strided_rec: 32
nr_doubles: 16384
nr_of_strided_rec: 32
nr_doubles: 16384
nr_of_strided_rec: 32
nr_doubles: 16384
nr_of_strided_rec: 32
nr_doubles: 16384
nr_of_strided_rec: 32
nr_doubles: 16384
nr_of_strided_rec: 32
nr_doubles: 16384
nr_of_strided_rec: 32
nr_doubles: 16384
nr_of_strided_rec: 32
nr_doubles: 16384
nr_of_strided_rec: 32
nr_doubles: 16384
nr_of_strided_rec: 32
nr_doubles: 16384
nr_of_strided_rec: 32
nr_doubles: 16384
nr_of_strided_rec: 32
nr_doubles: 16384
nr_of_strided_rec: 32
nr_doubles: 16384
nr_of_strided_rec: 32
nr_doubles: 16384
nr_of_strided_rec: 32
nr_doubles: 16384
nr_of_strided_rec: 32
nr_doubles: 16384
nr_of_strided_rec: 32
nr_doubles: 16384
nr_of_strided_rec: 32
nr_doubles: 16384
nr_of_strided_rec: 32
nr_doubles: 16384
nr_of_strided_rec: 32
nr_doubles: 16384
nr_of_strided_rec: 32
nr_doubles: 16384
nr_of_strided_rec: 32
nr_doubles: 16384
nr_of_strided_rec: 32
nr_doubles: 16384
nr_of_strided_rec: 32
nr_doubles: 16384
nr_of_strided_rec: 32
nr_doubles: 16384
nr_of_strided_rec: 32
nr_doubles: 16384
nr_of_strided_rec: 32
nr_doubles: 16384
nr_of_strided_rec: 32
nr_doubles: 16384
nr_of_strided_rec: 32
nr_doubles: 16384
nr_of_strided_rec: 32
nr_doubles: 16384
nr_of_strided_rec: 32
nr_doubles: 16384
nr_of_strided_rec: 32
nr_doubles: 16384
nr_of_strided_rec: 32
nr_doubles: 16384
nr_of_strided_rec: 32
nr_doubles: 16384
nr_of_strided_rec: 32
nr_doubles: 16384
nr_of_strided_rec: 32
nr_doubles: 16384
nr_of_strided_rec: 32
nr_doubles: 16384
nr_of_strided_rec: 32
nr_doubles: 16384
nr_of_strided_rec: 32
nr_doubles: 16384
nr_of_strided_rec: 32
nr_doubles: 16384
nr_of_strided_rec: 32
nr_doubles: 16384
nr_of_strided_rec: 32
nr_doubles: 16384
nr_of_strided_rec: 32
nr_doubles: 16384
nr_of_strided_rec: 32
nr_doubles: 16384
nr_of_strided_rec: 32
nr_doubles: 16384
nr_of_strided_rec: 32
nr_doubles: 16384
nr_of_strided_rec: 32
nr_doubles: 16384
nr_of_strided_rec: 32
nr_doubles: 16384
nr_of_strided_rec: 32
nr_doubles: 16384
nr_of_strided_rec: 32
nr_doubles: 16384
nr_of_strided_rec: 32
nr_doubles: 16384
nr_of_strided_rec: 32
nr_doubles: 16384
nr_of_strided_rec: 32
nr_doubles: 16384
nr_of_strided_rec: 32
nr_doubles: 16384
nr_of_strided_rec: 32
nr_doubles: 16384
nr_of_strided_rec: 32
nr_doubles: 16384
nr_of_strided_rec: 32
nr_doubles: 16384
nr_of_strided_rec: 32
nr_doubles: 16384
nr_of_strided_rec: 32
nr_doubles: 16384
nr_of_strided_rec: 32
nr_doubles: 16384
nr_of_strided_rec: 32
nr_doubles: 16384
nr_of_strided_rec: 32
nr_doubles: 16384
nr_of_strided_rec: 32
nr_doubles: 16384
nr_of_strided_rec: 32
nr_doubles: 16384
nr_of_strided_rec: 32
nr_doubles: 16384
nr_of_strided_rec: 32
nr_doubles: 16384
nr_of_strided_rec: 32
nr_doubles: 16384
nr_of_strided_rec: 32
nr_doubles: 16384
nr_of_strided_rec: 32
nr_doubles: 16384
nr_of_strided_rec: 32
nr_doubles: 16384
nr_of_strided_rec: 32
nr_doubles: 16384
nr_of_strided_rec: 32
nr_doubles: 16384
nr_of_strided_rec: 32
nr_doubles: 16384
nr_of_strided_rec: 32
nr_doubles: 16384
nr_of_strided_rec: 32
nr_doubles: 16384
nr_of_strided_rec: 32
nr_doubles: 16384
nr_of_strided_rec: 32
nr_doubles: 16384
nr_of_strided_rec: 32
nr_doubles: 16384
nr_of_strided_rec: 32
nr_doubles: 16384
nr_of_strided_rec: 32
nr_doubles: 16384
nr_of_strided_rec: 32
nr_doubles: 16384
nr_of_strided_rec: 32
nr_doubles: 16384
nr_of_strided_rec: 32
nr_doubles: 16384
nr_of_strided_rec: 32
nr_doubles: 16384
nr_of_strided_rec: 32
nr_doubles: 16384
nr_of_strided_rec: 32
nr_doubles: 16384
nr_of_strided_rec: 32
nr_doubles: 16384
nr_of_strided_rec: 32
nr_doubles: 16384
nr_of_strided_rec: 32
nr_doubles: 16384
nr_of_strided_rec: 32
nr_doubles: 16384
nr_of_strided_rec: 32
nr_doubles: 16384
nr_of_strided_rec: 32
nr_doubles: 16384
nr_of_strided_rec: 32
nr_doubles: 16384
nr_of_strided_rec: 32
nr_doubles: 16384
nr_of_strided_rec: 32
nr_doubles: 16384
nr_of_strided_rec: 32
nr_doubles: 16384
nr_of_strided_rec: 32
nr_doubles: 16384
nr_of_strided_rec: 32
nr_doubles: 16384
nr_of_strided_rec: 32
nr_doubles: 16384
nr_of_strided_rec: 32
nr_doubles: 16384
nr_of_strided_rec: 32
nr_doubles: 16384
nr_of_strided_rec: 32
nr_doubles: 16384
nr_of_strided_rec: 32
nr_doubles: 16384
nr_of_strided_rec: 32
nr_doubles: 16384
nr_of_strided_rec: 32
nr_doubles: 16384
nr_of_strided_rec: 32
nr_doubles: 16384
nr_of_strided_rec: 32
nr_doubles: 16384
nr_of_strided_rec: 32
nr_doubles: 16384
nr_of_strided_rec: 32
nr_doubles: 16384
nr_of_strided_rec: 32
nr_doubles: 16384
nr_of_strided_rec: 32
nr_doubles: 16384
nr_of_strided_rec: 32
nr_doubles: 16384
nr_of_strided_rec: 32
nr_doubles: 16384
nr_of_strided_rec: 32
nr_doubles: 16384
nr_of_strided_rec: 32
nr_doubles: 16384
nr_of_strided_rec: 32
nr_doubles: 16384
nr_of_strided_rec: 32
nr_doubles: 16384
nr_of_strided_rec: 32
nr_doubles: 16384
nr_of_strided_rec: 32
nr_doubles: 16384
nr_of_strided_rec: 32
nr_doubles: 16384
nr_of_strided_rec: 32
nr_doubles: 16384
nr_of_strided_rec: 32
nr_doubles: 16384
nr_of_strided_rec: 32
nr_doubles: 16384
nr_of_strided_rec: 32
nr_doubles: 16384
nr_of_strided_rec: 32
nr_doubles: 16384
nr_of_strided_rec: 32
nr_doubles: 16384
nr_of_strided_rec: 32
nr_doubles: 16384
nr_of_strided_rec: 32
nr_doubles: 16384
nr_of_strided_rec: 32
nr_doubles: 16384
nr_of_strided_rec: 32
nr_doubles: 16384
nr_of_strided_rec: 32
nr_doubles: 16384
nr_of_strided_rec: 32
nr_doubles: 16384
nr_of_strided_rec: 32
nr_doubles: 16384
nr_of_strided_rec: 32
nr_doubles: 16384
nr_of_strided_rec: 32
nr_doubles: 16384
nr_of_strided_rec: 32
nr_doubles: 16384
nr_of_strided_rec: 32
nr_doubles: 16384
nr_of_strided_rec: 32
nr_doubles: 16384
nr_of_strided_rec: 32
nr_doubles: 16384
nr_of_strided_rec: 32
nr_doubles: 16384
nr_of_strided_rec: 32
nr_doubles: 16384
nr_of_strided_rec: 32
nr_doubles: 16384
nr_of_strided_rec: 32
nr_doubles: 16384
nr_of_strided_rec: 32
nr_doubles: 16384
nr_of_strided_rec: 32
nr_doubles: 16384
nr_of_strided_rec: 32
nr_doubles: 16384
nr_of_strided_rec: 32
nr_doubles: 16384
nr_of_strided_rec: 32
nr_doubles: 16384
nr_of_strided_rec: 32
nr_doubles: 16384
nr_of_strided_rec: 32
nr_doubles: 16384
nr_of_strided_rec: 32
nr_doubles: 16384
nr_of_strided_rec: 32
nr_doubles: 16384
nr_of_strided_rec: 32
nr_doubles: 16384
nr_of_strided_rec: 32
nr_doubles: 16384
nr_of_strided_rec: 32
nr_doubles: 16384
nr_of_strided_rec: 32
nr_doubles: 16384
nr_of_strided_rec: 32
nr_doubles: 16384
nr_of_strided_rec: 32
nr_doubles: 16384
nr_of_strided_rec: 32
nr_doubles: 16384
nr_of_strided_rec: 32
nr_doubles: 16384
nr_of_strided_rec: 32
nr_doubles: 16384
nr_of_strided_rec: 32
nr_doubles: 16384
nr_of_strided_rec: 32
nr_doubles: 16384
nr_of_strided_rec: 32
nr_doubles: 16384
nr_of_strided_rec: 32
nr_doubles: 16384
nr_of_strided_rec: 32
nr_doubles: 16384
nr_of_strided_rec: 32
nr_doubles: 16384
nr_of_strided_rec: 32
nr_doubles: 16384
nr_of_strided_rec: 32
nr_doubles: 16384
nr_of_strided_rec: 32
nr_doubles: 16384
nr_of_strided_rec: 32
nr_doubles: 16384
nr_of_strided_rec: 32
nr_doubles: 16384
nr_of_strided_rec: 32
nr_doubles: 16384
nr_of_strided_rec: 32
nr_doubles: 16384
nr_of_strided_rec: 32
nr_doubles: 16384
nr_of_strided_rec: 32
nr_doubles: 16384
nr_of_strided_rec: 32
nr_doubles: 16384
nr_of_strided_rec: 32
nr_doubles: 16384
nr_of_strided_rec: 32
nr_doubles: 16384
nr_of_strided_rec: 32
nr_doubles: 16384
nr_of_strided_rec: 32
nr_doubles: 16384
nr_of_strided_rec: 32
nr_doubles: 16384
nr_of_strided_rec: 32
nr_doubles: 16384
nr_of_strided_rec: 32
nr_doubles: 16384
nr_of_strided_rec: 32
nr_doubles: 16384
nr_of_strided_rec: 32
nr_doubles: 16384
nr_of_strided_rec: 32
nr_doubles: 16384
nr_of_strided_rec: 32
nr_doubles: 16384
nr_of_strided_rec: 32
nr_doubles: 16384
nr_of_strided_rec: 32
nr_doubles: 16384
nr_of_strided_rec: 32
nr_doubles: 16384
nr_of_strided_rec: 32
nr_doubles: 16384
nr_of_strided_rec: 32
nr_doubles: 16384
nr_of_strided_rec: 32
nr_doubles: 16384
nr_of_strided_rec: 32
nr_doubles: 16384
nr_of_strided_rec: 32
nr_doubles: 16384
nr_of_strided_rec: 32
nr_doubles: 16384
nr_of_strided_rec: 32
nr_doubles: 16384
nr_of_strided_rec: 32
nr_doubles: 16384
nr_of_strided_rec: 32
nr_doubles: 16384
nr_of_strided_rec: 32
nr_doubles: 16384
nr_of_strided_rec: 32
nr_doubles: 16384
nr_of_strided_rec: 32
nr_doubles: 16384
nr_of_strided_rec: 32
nr_doubles: 16384
nr_of_strided_rec: 32
nr_doubles: 16384
nr_of_strided_rec: 32
nr_doubles: 16384
nr_of_strided_rec: 32
nr_doubles: 16384
nr_of_strided_rec: 32
nr_doubles: 16384
nr_of_strided_rec: 32
nr_doubles: 16384
nr_of_strided_rec: 32
nr_doubles: 16384
nr_of_strided_rec: 32
nr_doubles: 16384
nr_of_strided_rec: 32
nr_doubles: 16384
nr_of_strided_rec: 32
nr_doubles: 16384
nr_of_strided_rec: 32
nr_doubles: 16384
nr_of_strided_rec: 32
nr_doubles: 16384
nr_of_strided_rec: 32
nr_doubles: 16384
nr_of_strided_rec: 32
nr_doubles: 16384
nr_of_strided_rec: 32
nr_doubles: 16384
nr_of_strided_rec: 32
nr_doubles: 16384
nr_of_strided_rec: 32
nr_doubles: 16384
nr_of_strided_rec: 32
nr_doubles: 16384
nr_of_strided_rec: 32
nr_doubles: 16384
nr_of_strided_rec: 32
nr_doubles: 16384
nr_of_strided_rec: 32
nr_doubles: 16384
nr_of_strided_rec: 32
nr_doubles: 16384
nr_of_strided_rec: 32
nr_doubles: 16384
nr_of_strided_rec: 32
nr_doubles: 16384
nr_of_strided_rec: 32
nr_doubles: 16384
nr_of_strided_rec: 32
nr_doubles: 16384
nr_of_strided_rec: 32
nr_doubles: 16384
nr_of_strided_rec: 32
nr_doubles: 16384
nr_of_strided_rec: 32
nr_doubles: 16384
nr_of_strided_rec: 32
nr_doubles: 16384
nr_of_strided_rec: 32
nr_doubles: 16384
nr_of_strided_rec: 32
nr_doubles: 16384
nr_of_strided_rec: 32
nr_doubles: 16384
nr_of_strided_rec: 32
nr_doubles: 16384
nr_of_strided_rec: 32
nr_doubles: 16384
nr_of_strided_rec: 32
nr_doubles: 16384
nr_of_strided_rec: 32
nr_doubles: 16384
nr_of_strided_rec: 32
nr_doubles: 16384
nr_of_strided_rec: 32
nr_doubles: 16384
nr_of_strided_rec: 32
nr_doubles: 16384
nr_of_strided_rec: 32
nr_doubles: 16384
nr_of_strided_rec: 32
nr_doubles: 16384
nr_of_strided_rec: 32
nr_doubles: 16384
nr_of_strided_rec: 32
nr_doubles: 16384
nr_of_strided_rec: 32
nr_doubles: 16384
nr_of_strided_rec: 32
nr_doubles: 16384
nr_of_strided_rec: 32
nr_doubles: 16384
nr_of_strided_rec: 32
nr_doubles: 16384
nr_of_strided_rec: 32
nr_doubles: 16384
nr_of_strided_rec: 32
nr_doubles: 16384
nr_of_strided_rec: 32
nr_doubles: 16384
nr_of_strided_rec: 32
nr_doubles: 16384
nr_of_strided_rec: 32
nr_doubles: 16384
nr_of_strided_rec: 32
nr_doubles: 16384
nr_of_strided_rec: 32
nr_doubles: 16384
nr_of_strided_rec: 32
nr_doubles: 16384
nr_of_strided_rec: 32
nr_doubles: 16384
nr_of_strided_rec: 32
nr_doubles: 16384
nr_of_strided_rec: 32
nr_doubles: 16384
nr_of_strided_rec: 32
