fclose PID:28440 fd:3
fclose PID:28440 fd:4
fclose PID:28440 fd:4
fclose PID:28440 fd:3
available: 2 nodes (0-1)
fclose PID:28440 fd:3
node 0 cpus:fclose PID:28440 fd:3
 0 1 2 3 4 5 6 7 8 9 20 21 22 23 24 25 26 27 28 29
node 0 size: 80440 MB
node 0 free: 80127 MB
fclose PID:28440 fd:3
node 1 cpus:fclose PID:28440 fd:3
 10 11 12 13 14 15 16 17 18 19 30 31 32 33 34 35 36 37 38 39
node 1 size: 80635 MB
node 1 free: 80375 MB
fclose PID:28440 fd:3
fclose PID:28440 fd:3
node distances:
node   0   1 
  0:  10  21 
  1:  21  10 
READAHEAD_TIME:0.000000 us
MaxRSS= 2220 KB, SharedMem= 0 KB, HardPageFault= 10
fclose PID:28446 fd:10
fclose PID:28447 fd:8
fclose PID:28445 fd:12
fclose PID:28448 fd:8

MADbench 2.0 IO-mode
no_pe = 4  no_pix = 4096  no_bin = 30  no_gang = 1 sblocksize = 8  fblocksize = 64  r_mod = 1  w_mod = 1 record_size=524288 stride=7


IOMETHOD = POSIX  IOMODE = SYNC  FILETYPE = UNIQUE  REMAP = CUSTOMbuild_S
build_S
build_S
build_S

Write the data to file:33554432 bytes
***********WAITING************

Write the data to file:33554432 bytes
***********WAITING************

Write the data to file:33554432 bytes
***********WAITING************

Write the data to file:33554432 bytes
***********WAITING************

Write the data to file:33554432 bytes
***********WAITING************

Write the data to file:33554432 bytes
***********WAITING************

Write the data to file:33554432 bytes
***********WAITING************

Write the data to file:33554432 bytes
***********WAITING************

Write the data to file:33554432 bytes
***********WAITING************

Write the data to file:33554432 bytes
***********WAITING************

Write the data to file:33554432 bytes
***********WAITING************

Write the data to file:33554432 bytes
***********WAITING************

Write the data to file:33554432 bytes
***********WAITING************

Write the data to file:33554432 bytes
***********WAITING************

Write the data to file:33554432 bytes
***********WAITING************

Write the data to file:33554432 bytes
***********WAITING************

Write the data to file:33554432 bytes
***********WAITING************

Write the data to file:33554432 bytes
***********WAITING************

Write the data to file:33554432 bytes
***********WAITING************

Write the data to file:33554432 bytes
***********WAITING************

Write the data to file:33554432 bytes
***********WAITING************

Write the data to file:33554432 bytes
***********WAITING************

Write the data to file:33554432 bytes
***********WAITING************

Write the data to file:33554432 bytes
***********WAITING************

Write the data to file:33554432 bytes
***********WAITING************

Write the data to file:33554432 bytes
***********WAITING************

Write the data to file:33554432 bytes
***********WAITING************

Write the data to file:33554432 bytes
***********WAITING************

Write the data to file:33554432 bytes
***********WAITING************

Write the data to file:33554432 bytes
***********WAITING************

Write the data to file:33554432 bytes
***********WAITING************

Write the data to file:33554432 bytes
***********WAITING************

Write the data to file:33554432 bytes
***********WAITING************

Write the data to file:33554432 bytes
***********WAITING************

Write the data to file:33554432 bytes
***********WAITING************

Write the data to file:33554432 bytes
***********WAITING************

Write the data to file:33554432 bytes
***********WAITING************

Write the data to file:33554432 bytes
***********WAITING************

Write the data to file:33554432 bytes
***********WAITING************

Write the data to file:33554432 bytes
***********WAITING************

Write the data to file:33554432 bytes
***********WAITING************

Write the data to file:33554432 bytes
***********WAITING************

Write the data to file:33554432 bytes
***********WAITING************

Write the data to file:33554432 bytes
***********WAITING************

Write the data to file:33554432 bytes
***********WAITING************

Write the data to file:33554432 bytes
***********WAITING************

Write the data to file:33554432 bytes
***********WAITING************

Write the data to file:33554432 bytes
***********WAITING************

Write the data to file:33554432 bytes
***********WAITING************

Write the data to file:33554432 bytes
***********WAITING************

Write the data to file:33554432 bytes
***********WAITING************

Write the data to file:33554432 bytes
***********WAITING************

Write the data to file:33554432 bytes
***********WAITING************

Write the data to file:33554432 bytes
***********WAITING************

Write the data to file:33554432 bytes
***********WAITING************

Write the data to file:33554432 bytes
***********WAITING************

Write the data to file:33554432 bytes
***********WAITING************

Write the data to file:33554432 bytes
***********WAITING************

Write the data to file:33554432 bytes
***********WAITING************

Write the data to file:33554432 bytes
***********WAITING************

Write the data to file:33554432 bytes
***********WAITING************

Write the data to file:33554432 bytes
***********WAITING************

Write the data to file:33554432 bytes
***********WAITING************

Write the data to file:33554432 bytes
***********WAITING************

Write the data to file:33554432 bytes
***********WAITING************

Write the data to file:33554432 bytes
***********WAITING************

Write the data to file:33554432 bytes
***********WAITING************

Write the data to file:33554432 bytes
***********WAITING************

Write the data to file:33554432 bytes
***********WAITING************

Write the data to file:33554432 bytes
***********WAITING************

Write the data to file:33554432 bytes
***********WAITING************

Write the data to file:33554432 bytes
***********WAITING************

Write the data to file:33554432 bytes
***********WAITING************

Write the data to file:33554432 bytes
***********WAITING************

Write the data to file:33554432 bytes
***********WAITING************

Write the data to file:33554432 bytes
***********WAITING************

Write the data to file:33554432 bytes
***********WAITING************

Write the data to file:33554432 bytes
***********WAITING************

Write the data to file:33554432 bytes
***********WAITING************

Write the data to file:33554432 bytes
***********WAITING************

Write the data to file:33554432 bytes
***********WAITING************

Write the data to file:33554432 bytes
***********WAITING************

Write the data to file:33554432 bytes
***********WAITING************

Write the data to file:33554432 bytes
***********WAITING************

Write the data to file:33554432 bytes
***********WAITING************

Write the data to file:33554432 bytes
***********WAITING************

Write the data to file:33554432 bytes
***********WAITING************

Write the data to file:33554432 bytes
***********WAITING************

Write the data to file:33554432 bytes
***********WAITING************

Write the data to file:33554432 bytes
***********WAITING************

Write the data to file:33554432 bytes
***********WAITING************

Write the data to file:33554432 bytes
***********WAITING************

Write the data to file:33554432 bytes
***********WAITING************

Write the data to file:33554432 bytes
***********WAITING************

Write the data to file:33554432 bytes
***********WAITING************

Write the data to file:33554432 bytes
***********WAITING************

Write the data to file:33554432 bytes
***********WAITING************

Write the data to file:33554432 bytes
***********WAITING************

Write the data to file:33554432 bytes
***********WAITING************

Write the data to file:33554432 bytes
***********WAITING************

Write the data to file:33554432 bytes
***********WAITING************

Write the data to file:33554432 bytes
***********WAITING************

Write the data to file:33554432 bytes
***********WAITING************

Write the data to file:33554432 bytes
***********WAITING************

Write the data to file:33554432 bytes
***********WAITING************

Write the data to file:33554432 bytes
***********WAITING************

Write the data to file:33554432 bytes
***********WAITING************

Write the data to file:33554432 bytes
***********WAITING************

Write the data to file:33554432 bytes
***********WAITING************

Write the data to file:33554432 bytes
***********WAITING************

Write the data to file:33554432 bytes
***********WAITING************

Write the data to file:33554432 bytes
***********WAITING************

Write the data to file:33554432 bytes
***********WAITING************

Write the data to file:33554432 bytes
***********WAITING************

Write the data to file:33554432 bytes
***********WAITING************

Write the data to file:33554432 bytes
***********WAITING************

Write the data to file:33554432 bytes
***********WAITING************

Write the data to file:33554432 bytes
***********WAITING************

Write the data to file:33554432 bytes
***********WAITING************

Write the data to file:33554432 bytes
***********WAITING************
S_cc         0.42   [      0.42:      0.42]
S_bw         0.19   [      0.19:      0.19]
S_w          7.40   [      7.40:      7.40]
          -------
S_total      8.01   [      8.01:      8.01]

build_S done
calc_W
build_S done
calc_W
nr_of_strided_rec: 8
nr_doubles: 65536
build_S done
calc_W
nr_of_strided_rec: 8
nr_doubles: 65536
build_S done
calc_W
nr_of_strided_rec: 8
nr_doubles: 65536
nr_of_strided_rec: 8
nr_doubles: 65536
nr_of_strided_rec: 8
nr_doubles: 65536
nr_of_strided_rec: 8
nr_doubles: 65536
nr_of_strided_rec: 8
nr_doubles: 65536
nr_of_strided_rec: 8
nr_doubles: 65536

Write the data to file:33554432 bytes
***********WAITING************

Write the data to file:33554432 bytes
***********WAITING************

Write the data to file:33554432 bytes
***********WAITING************

Write the data to file:33554432 bytes
***********WAITING************
nr_of_strided_rec: 8
nr_doubles: 65536
nr_of_strided_rec: 8
nr_doubles: 65536
nr_of_strided_rec: 8
nr_doubles: 65536
nr_of_strided_rec: 8
nr_doubles: 65536

Write the data to file:33554432 bytes
***********WAITING************

Write the data to file:33554432 bytes
***********WAITING************

Write the data to file:33554432 bytes
***********WAITING************

Write the data to file:33554432 bytes
***********WAITING************
nr_of_strided_rec: 8
nr_doubles: 65536
nr_of_strided_rec: 8
nr_doubles: 65536
nr_of_strided_rec: 8
nr_doubles: 65536
nr_of_strided_rec: 8
nr_doubles: 65536

Write the data to file:33554432 bytes
***********WAITING************

Write the data to file:33554432 bytes
***********WAITING************

Write the data to file:33554432 bytes
***********WAITING************

Write the data to file:33554432 bytes
***********WAITING************
nr_of_strided_rec: 8
nr_doubles: 65536
nr_of_strided_rec: 8
nr_doubles: 65536
nr_of_strided_rec: 8
nr_doubles: 65536
nr_of_strided_rec: 8
nr_doubles: 65536

Write the data to file:33554432 bytes
***********WAITING************

Write the data to file:33554432 bytes
***********WAITING************

Write the data to file:33554432 bytes
***********WAITING************

Write the data to file:33554432 bytes
***********WAITING************
nr_of_strided_rec: 8
nr_doubles: 65536
nr_of_strided_rec: 8
nr_doubles: 65536
nr_of_strided_rec: 8
nr_doubles: 65536
nr_of_strided_rec: 8
nr_doubles: 65536

Write the data to file:33554432 bytes
***********WAITING************

Write the data to file:33554432 bytes
***********WAITING************

Write the data to file:33554432 bytes
***********WAITING************

Write the data to file:33554432 bytes
***********WAITING************
nr_of_strided_rec: 8
nr_doubles: 65536
nr_of_strided_rec: 8
nr_doubles: 65536
nr_of_strided_rec: 8
nr_doubles: 65536
nr_of_strided_rec: 8
nr_doubles: 65536

Write the data to file:33554432 bytes
***********WAITING************

Write the data to file:33554432 bytes
***********WAITING************

Write the data to file:33554432 bytes
***********WAITING************

Write the data to file:33554432 bytes
***********WAITING************
nr_of_strided_rec: 8
nr_doubles: 65536
nr_of_strided_rec: 8
nr_doubles: 65536
nr_of_strided_rec: 8
nr_doubles: 65536
nr_of_strided_rec: 8
nr_doubles: 65536

Write the data to file:33554432 bytes
***********WAITING************

Write the data to file:33554432 bytes
***********WAITING************

Write the data to file:33554432 bytes
***********WAITING************

Write the data to file:33554432 bytes
***********WAITING************
nr_of_strided_rec: 8
nr_doubles: 65536
nr_of_strided_rec: 8
nr_doubles: 65536
nr_of_strided_rec: 8
nr_doubles: 65536
nr_of_strided_rec: 8
nr_doubles: 65536

Write the data to file:33554432 bytes
***********WAITING************

Write the data to file:33554432 bytes
***********WAITING************

Write the data to file:33554432 bytes
***********WAITING************

Write the data to file:33554432 bytes
***********WAITING************
nr_of_strided_rec: 8
nr_doubles: 65536
nr_of_strided_rec: 8
nr_doubles: 65536
nr_of_strided_rec: 8
nr_doubles: 65536
nr_of_strided_rec: 8
nr_doubles: 65536

Write the data to file:33554432 bytes
***********WAITING************

Write the data to file:33554432 bytes
***********WAITING************

Write the data to file:33554432 bytes
***********WAITING************

Write the data to file:33554432 bytes
***********WAITING************
nr_of_strided_rec: 8
nr_doubles: 65536
nr_of_strided_rec: 8
nr_doubles: 65536
nr_of_strided_rec: 8
nr_doubles: 65536
nr_of_strided_rec: 8
nr_doubles: 65536

Write the data to file:33554432 bytes
***********WAITING************

Write the data to file:33554432 bytes
***********WAITING************

Write the data to file:33554432 bytes
***********WAITING************

Write the data to file:33554432 bytes
***********WAITING************
nr_of_strided_rec: 8
nr_doubles: 65536
nr_of_strided_rec: 8
nr_doubles: 65536
nr_of_strided_rec: 8
nr_doubles: 65536
nr_of_strided_rec: 8
nr_doubles: 65536

Write the data to file:33554432 bytes
***********WAITING************

Write the data to file:33554432 bytes
***********WAITING************

Write the data to file:33554432 bytes
***********WAITING************

Write the data to file:33554432 bytes
***********WAITING************
nr_of_strided_rec: 8
nr_doubles: 65536
nr_of_strided_rec: 8
nr_doubles: 65536
nr_of_strided_rec: 8
nr_doubles: 65536
nr_of_strided_rec: 8
nr_doubles: 65536

Write the data to file:33554432 bytes
***********WAITING************

Write the data to file:33554432 bytes
***********WAITING************

Write the data to file:33554432 bytes
***********WAITING************

Write the data to file:33554432 bytes
***********WAITING************
nr_of_strided_rec: 8
nr_doubles: 65536
nr_of_strided_rec: 8
nr_doubles: 65536
nr_of_strided_rec: 8
nr_doubles: 65536
nr_of_strided_rec: 8
nr_doubles: 65536

Write the data to file:33554432 bytes
***********WAITING************

Write the data to file:33554432 bytes
***********WAITING************

Write the data to file:33554432 bytes
***********WAITING************

Write the data to file:33554432 bytes
***********WAITING************
nr_of_strided_rec: 8
nr_doubles: 65536
nr_of_strided_rec: 8
nr_doubles: 65536
nr_of_strided_rec: 8
nr_doubles: 65536
nr_of_strided_rec: 8
nr_doubles: 65536

Write the data to file:33554432 bytes
***********WAITING************

Write the data to file:33554432 bytes
***********WAITING************

Write the data to file:33554432 bytes
***********WAITING************

Write the data to file:33554432 bytes
***********WAITING************
nr_of_strided_rec: 8
nr_doubles: 65536
nr_of_strided_rec: 8
nr_doubles: 65536
nr_of_strided_rec: 8
nr_doubles: 65536
nr_of_strided_rec: 8
nr_doubles: 65536

Write the data to file:33554432 bytes
***********WAITING************

Write the data to file:33554432 bytes
***********WAITING************

Write the data to file:33554432 bytes
***********WAITING************

Write the data to file:33554432 bytes
***********WAITING************
nr_of_strided_rec: 8
nr_doubles: 65536
nr_of_strided_rec: 8
nr_doubles: 65536
nr_of_strided_rec: 8
nr_doubles: 65536
nr_of_strided_rec: 8
nr_doubles: 65536

Write the data to file:33554432 bytes
***********WAITING************

Write the data to file:33554432 bytes
***********WAITING************

Write the data to file:33554432 bytes
***********WAITING************

Write the data to file:33554432 bytes
***********WAITING************
nr_of_strided_rec: 8
nr_doubles: 65536
nr_of_strided_rec: 8
nr_doubles: 65536
nr_of_strided_rec: 8
nr_doubles: 65536
nr_of_strided_rec: 8
nr_doubles: 65536

Write the data to file:33554432 bytes
***********WAITING************

Write the data to file:33554432 bytes
***********WAITING************

Write the data to file:33554432 bytes
***********WAITING************

Write the data to file:33554432 bytes
***********WAITING************
nr_of_strided_rec: 8
nr_doubles: 65536
nr_of_strided_rec: 8
nr_doubles: 65536
nr_of_strided_rec: 8
nr_doubles: 65536
nr_of_strided_rec: 8
nr_doubles: 65536

Write the data to file:33554432 bytes
***********WAITING************

Write the data to file:33554432 bytes
***********WAITING************

Write the data to file:33554432 bytes
***********WAITING************

Write the data to file:33554432 bytes
***********WAITING************
nr_of_strided_rec: 8
nr_doubles: 65536
nr_of_strided_rec: 8
nr_doubles: 65536
nr_of_strided_rec: 8
nr_doubles: 65536
nr_of_strided_rec: 8
nr_doubles: 65536

Write the data to file:33554432 bytes
***********WAITING************

Write the data to file:33554432 bytes
***********WAITING************

Write the data to file:33554432 bytes
***********WAITING************

Write the data to file:33554432 bytes
***********WAITING************
nr_of_strided_rec: 8
nr_doubles: 65536
nr_of_strided_rec: 8
nr_doubles: 65536
nr_of_strided_rec: 8
nr_doubles: 65536
nr_of_strided_rec: 8
nr_doubles: 65536

Write the data to file:33554432 bytes
***********WAITING************

Write the data to file:33554432 bytes
***********WAITING************

Write the data to file:33554432 bytes
***********WAITING************

Write the data to file:33554432 bytes
***********WAITING************
nr_of_strided_rec: 8
nr_doubles: 65536
nr_of_strided_rec: 8
nr_doubles: 65536
nr_of_strided_rec: 8
nr_doubles: 65536
nr_of_strided_rec: 8
nr_doubles: 65536

Write the data to file:33554432 bytes
***********WAITING************

Write the data to file:33554432 bytes
***********WAITING************

Write the data to file:33554432 bytes
***********WAITING************

Write the data to file:33554432 bytes
***********WAITING************
nr_of_strided_rec: 8
nr_doubles: 65536
nr_of_strided_rec: 8
nr_doubles: 65536
nr_of_strided_rec: 8
nr_doubles: 65536
nr_of_strided_rec: 8
nr_doubles: 65536

Write the data to file:33554432 bytes
***********WAITING************

Write the data to file:33554432 bytes
***********WAITING************

Write the data to file:33554432 bytes
***********WAITING************

Write the data to file:33554432 bytes
***********WAITING************
nr_of_strided_rec: 8
nr_doubles: 65536
nr_of_strided_rec: 8
nr_doubles: 65536
nr_of_strided_rec: 8
nr_doubles: 65536
nr_of_strided_rec: 8
nr_doubles: 65536

Write the data to file:33554432 bytes
***********WAITING************

Write the data to file:33554432 bytes
***********WAITING************

Write the data to file:33554432 bytes
***********WAITING************

Write the data to file:33554432 bytes
***********WAITING************
nr_of_strided_rec: 8
nr_doubles: 65536
nr_of_strided_rec: 8
nr_doubles: 65536
nr_of_strided_rec: 8
nr_doubles: 65536
nr_of_strided_rec: 8
nr_doubles: 65536

Write the data to file:33554432 bytes
***********WAITING************

Write the data to file:33554432 bytes
***********WAITING************

Write the data to file:33554432 bytes
***********WAITING************

Write the data to file:33554432 bytes
***********WAITING************
nr_of_strided_rec: 8
nr_doubles: 65536
nr_of_strided_rec: 8
nr_doubles: 65536
nr_of_strided_rec: 8
nr_doubles: 65536
nr_of_strided_rec: 8
nr_doubles: 65536

Write the data to file:33554432 bytes
***********WAITING************

Write the data to file:33554432 bytes
***********WAITING************

Write the data to file:33554432 bytes
***********WAITING************

Write the data to file:33554432 bytes
***********WAITING************
nr_of_strided_rec: 8
nr_doubles: 65536
nr_of_strided_rec: 8
nr_doubles: 65536
nr_of_strided_rec: 8
nr_doubles: 65536
nr_of_strided_rec: 8
nr_doubles: 65536

Write the data to file:33554432 bytes
***********WAITING************

Write the data to file:33554432 bytes
***********WAITING************

Write the data to file:33554432 bytes
***********WAITING************

Write the data to file:33554432 bytes
***********WAITING************
nr_of_strided_rec: 8
nr_doubles: 65536
nr_of_strided_rec: 8
nr_doubles: 65536
nr_of_strided_rec: 8
nr_doubles: 65536
nr_of_strided_rec: 8
nr_doubles: 65536

Write the data to file:33554432 bytes
***********WAITING************

Write the data to file:33554432 bytes
***********WAITING************

Write the data to file:33554432 bytes
***********WAITING************

Write the data to file:33554432 bytes
***********WAITING************
nr_of_strided_rec: 8
nr_doubles: 65536
nr_of_strided_rec: 8
nr_doubles: 65536
nr_of_strided_rec: 8
nr_doubles: 65536
nr_of_strided_rec: 8
nr_doubles: 65536

Write the data to file:33554432 bytes
***********WAITING************

Write the data to file:33554432 bytes
***********WAITING************

Write the data to file:33554432 bytes
***********WAITING************

Write the data to file:33554432 bytes
***********WAITING************
nr_of_strided_rec: 8
nr_doubles: 65536
nr_of_strided_rec: 8
nr_doubles: 65536
nr_of_strided_rec: 8
nr_doubles: 65536
nr_of_strided_rec: 8
nr_doubles: 65536

Write the data to file:33554432 bytes
***********WAITING************

Write the data to file:33554432 bytes
***********WAITING************

Write the data to file:33554432 bytes
***********WAITING************

Write the data to file:33554432 bytes
***********WAITING************

Write the data to file:33554432 bytes
***********WAITING************

Write the data to file:33554432 bytes
***********WAITING************

Write the data to file:33554432 bytes
***********WAITING************

Write the data to file:33554432 bytes
***********WAITING************
W_cc         1.02   [      1.02:      1.02]
W_r         18.05   [     18.05:     18.05]
W_w          1.39   [      1.39:      1.39]
          -------
W_total     20.46   [     20.46:     20.46]

calc_W done
calc_W done
nr_of_strided_rec: 8
nr_doubles: 65536
calc_W done
nr_of_strided_rec: 8
nr_doubles: 65536
calc_W done
nr_of_strided_rec: 8
nr_doubles: 65536
nr_of_strided_rec: 8
nr_doubles: 65536
nr_of_strided_rec: 8
nr_doubles: 65536
nr_of_strided_rec: 8
nr_doubles: 65536
nr_of_strided_rec: 8
nr_doubles: 65536
nr_of_strided_rec: 8
nr_doubles: 65536
nr_of_strided_rec: 8
nr_doubles: 65536
nr_of_strided_rec: 8
nr_doubles: 65536
nr_of_strided_rec: 8
nr_doubles: 65536
nr_of_strided_rec: 8
nr_doubles: 65536
nr_of_strided_rec: 8
nr_doubles: 65536
nr_of_strided_rec: 8
nr_doubles: 65536
nr_of_strided_rec: 8
nr_doubles: 65536
nr_of_strided_rec: 8
nr_doubles: 65536
nr_of_strided_rec: 8
nr_doubles: 65536
nr_of_strided_rec: 8
nr_doubles: 65536
nr_of_strided_rec: 8
nr_doubles: 65536
nr_of_strided_rec: 8
nr_doubles: 65536
nr_of_strided_rec: 8
nr_doubles: 65536
nr_of_strided_rec: 8
nr_doubles: 65536
nr_of_strided_rec: 8
nr_doubles: 65536
nr_of_strided_rec: 8
nr_doubles: 65536
nr_of_strided_rec: 8
nr_doubles: 65536
nr_of_strided_rec: 8
nr_doubles: 65536
nr_of_strided_rec: 8
nr_doubles: 65536
nr_of_strided_rec: 8
nr_doubles: 65536
nr_of_strided_rec: 8
nr_doubles: 65536
nr_of_strided_rec: 8
nr_doubles: 65536
nr_of_strided_rec: 8
nr_doubles: 65536
nr_of_strided_rec: 8
nr_doubles: 65536
nr_of_strided_rec: 8
nr_doubles: 65536
nr_of_strided_rec: 8
nr_doubles: 65536
nr_of_strided_rec: 8
nr_doubles: 65536
nr_of_strided_rec: 8
nr_doubles: 65536
nr_of_strided_rec: 8
nr_doubles: 65536
nr_of_strided_rec: 8
nr_doubles: 65536
nr_of_strided_rec: 8
nr_doubles: 65536
nr_of_strided_rec: 8
nr_doubles: 65536
nr_of_strided_rec: 8
nr_doubles: 65536
nr_of_strided_rec: 8
nr_doubles: 65536
nr_of_strided_rec: 8
nr_doubles: 65536
nr_of_strided_rec: 8
nr_doubles: 65536
nr_of_strided_rec: 8
nr_doubles: 65536
nr_of_strided_rec: 8
nr_doubles: 65536
nr_of_strided_rec: 8
nr_doubles: 65536
nr_of_strided_rec: 8
nr_doubles: 65536
nr_of_strided_rec: 8
nr_doubles: 65536
nr_of_strided_rec: 8
nr_doubles: 65536
nr_of_strided_rec: 8
nr_doubles: 65536
nr_of_strided_rec: 8
nr_doubles: 65536
nr_of_strided_rec: 8
nr_doubles: 65536
nr_of_strided_rec: 8
nr_doubles: 65536
nr_of_strided_rec: 8
nr_doubles: 65536
nr_of_strided_rec: 8
nr_doubles: 65536
nr_of_strided_rec: 8
nr_doubles: 65536
nr_of_strided_rec: 8
nr_doubles: 65536
nr_of_strided_rec: 8
nr_doubles: 65536
nr_of_strided_rec: 8
nr_doubles: 65536
nr_of_strided_rec: 8
nr_doubles: 65536
nr_of_strided_rec: 8
nr_doubles: 65536
nr_of_strided_rec: 8
nr_doubles: 65536
nr_of_strided_rec: 8
nr_doubles: 65536
nr_of_strided_rec: 8
nr_doubles: 65536
nr_of_strided_rec: 8
nr_doubles: 65536
nr_of_strided_rec: 8
nr_doubles: 65536
nr_of_strided_rec: 8
nr_doubles: 65536
nr_of_strided_rec: 8
nr_doubles: 65536
nr_of_strided_rec: 8
nr_doubles: 65536
nr_of_strided_rec: 8
nr_doubles: 65536
nr_of_strided_rec: 8
nr_doubles: 65536
nr_of_strided_rec: 8
nr_doubles: 65536
nr_of_strided_rec: 8
nr_doubles: 65536
nr_of_strided_rec: 8
nr_doubles: 65536
nr_of_strided_rec: 8
nr_doubles: 65536
nr_of_strided_rec: 8
nr_doubles: 65536
nr_of_strided_rec: 8
nr_doubles: 65536
nr_of_strided_rec: 8
nr_doubles: 65536
nr_of_strided_rec: 8
nr_doubles: 65536
nr_of_strided_rec: 8
nr_doubles: 65536
nr_of_strided_rec: 8
nr_doubles: 65536
nr_of_strided_rec: 8
nr_doubles: 65536
nr_of_strided_rec: 8
nr_doubles: 65536
nr_of_strided_rec: 8
nr_doubles: 65536
nr_of_strided_rec: 8
nr_doubles: 65536
nr_of_strided_rec: 8
nr_doubles: 65536
nr_of_strided_rec: 8
nr_doubles: 65536
nr_of_strided_rec: 8
nr_doubles: 65536
nr_of_strided_rec: 8
nr_doubles: 65536
nr_of_strided_rec: 8
nr_doubles: 65536
nr_of_strided_rec: 8
nr_doubles: 65536
nr_of_strided_rec: 8
nr_doubles: 65536
nr_of_strided_rec: 8
nr_doubles: 65536
nr_of_strided_rec: 8
nr_doubles: 65536
nr_of_strided_rec: 8
nr_doubles: 65536
nr_of_strided_rec: 8
nr_doubles: 65536
nr_of_strided_rec: 8
nr_doubles: 65536
nr_of_strided_rec: 8
nr_doubles: 65536
nr_of_strided_rec: 8
nr_doubles: 65536
nr_of_strided_rec: 8
nr_doubles: 65536
nr_of_strided_rec: 8
nr_doubles: 65536
nr_of_strided_rec: 8
nr_doubles: 65536
nr_of_strided_rec: 8
nr_doubles: 65536
nr_of_strided_rec: 8
nr_doubles: 65536
nr_of_strided_rec: 8
nr_doubles: 65536
nr_of_strided_rec: 8
nr_doubles: 65536
nr_of_strided_rec: 8
nr_doubles: 65536
nr_of_strided_rec: 8
nr_doubles: 65536
nr_of_strided_rec: 8
nr_doubles: 65536
nr_of_strided_rec: 8
nr_doubles: 65536
nr_of_strided_rec: 8
nr_doubles: 65536
nr_of_strided_rec: 8
nr_doubles: 65536
nr_of_strided_rec: 8
nr_doubles: 65536
nr_of_strided_rec: 8
nr_doubles: 65536
nr_of_strided_rec: 8
nr_doubles: 65536
nr_of_strided_rec: 8
nr_doubles: 65536
nr_of_strided_rec: 8
nr_doubles: 65536
nr_of_strided_rec: 8
nr_doubles: 65536
nr_of_strided_rec: 8
nr_doubles: 65536
C_cc         0.35   [      0.35:      0.35]
C_bw         0.18   [      0.18:      0.18]
C_r          8.28   [      8.28:      8.28]
          -------
C_total      8.81   [      8.81:      8.81]


dC[0] = 0.00000e+00
fclose PID:28446 fd:10
fclose PID:28445 fd:12
fclose PID:28447 fd:8
fclose PID:28448 fd:8
READAHEAD_TIME:90314.000000 us
MaxRSS= 141700 KB, SharedMem= 0 KB, HardPageFault= 13
READAHEAD_TIME:92257.000000 us
MaxRSS= 141644 KB, SharedMem= 0 KB, HardPageFault= 12
READAHEAD_TIME:89078.000000 us
MaxRSS= 141720 KB, SharedMem= 0 KB, HardPageFault= 10
READAHEAD_TIME:89747.000000 us
MaxRSS= 141888 KB, SharedMem= 0 KB, HardPageFault= 10
fclose PID:28444 fd:0
fclose PID:28444 fd:6
fclose PID:28444 fd:6
fclose PID:28444 fd:0
READAHEAD_TIME:0.000000 us
MaxRSS= 5412 KB, SharedMem= 0 KB, HardPageFault= 2
fclose PID:28443 fd:3
fclose PID:28443 fd:4
fclose PID:28443 fd:4
fclose PID:28443 fd:3
READAHEAD_TIME:0.000000 us
MaxRSS= 4952 KB, SharedMem= 0 KB, HardPageFault= 4
	Command being timed: "mpiexec -n 4 ./MADbench2_io 4096 30 1 8 64 1 1 524288 7 1"
	User time (seconds): 12.85
	System time (seconds): 14.14
	Percent of CPU this job got: 71%
	Elapsed (wall clock) time (h:mm:ss or m:ss): 0:37.49
	Average shared text size (kbytes): 0
	Average unshared data size (kbytes): 0
	Average stack size (kbytes): 0
	Average total size (kbytes): 0
	Maximum resident set size (kbytes): 141888
	Average resident set size (kbytes): 0
	Major (requiring I/O) page faults: 52
	Minor (reclaiming a frame) page faults: 457716
	Voluntary context switches: 11195
	Involuntary context switches: 324
	Swaps: 0
	File system inputs: 16396624
	File system outputs: 15728704
	Socket messages sent: 0
	Socket messages received: 0
	Signals delivered: 0
	Page size (bytes): 4096
	Exit status: 0
READAHEAD_TIME:0.000000 us
MaxRSS= 2088 KB, SharedMem= 0 KB, HardPageFault= 0
*******************DMESG OUTPUT******************
