fclose PID:28621 fd:3
fclose PID:28621 fd:4
fclose PID:28621 fd:4
fclose PID:28621 fd:3
available: 2 nodes (0-1)
fclose PID:28621 fd:3
node 0 cpus:fclose PID:28621 fd:3
 0 1 2 3 4 5 6 7 8 9 20 21 22 23 24 25 26 27 28 29
node 0 size: 80440 MB
node 0 free: 80127 MB
fclose PID:28621 fd:3
node 1 cpus:fclose PID:28621 fd:3
 10 11 12 13 14 15 16 17 18 19 30 31 32 33 34 35 36 37 38 39
node 1 size: 80635 MB
node 1 free: 80375 MB
fclose PID:28621 fd:3
fclose PID:28621 fd:3
node distances:
node   0   1 
  0:  10  21 
  1:  21  10 
READAHEAD_TIME:0.000000 us
MaxRSS= 2200 KB, SharedMem= 0 KB, HardPageFault= 10
fclose PID:28629 fd:8
fclose PID:28626 fd:12
fclose PID:28627 fd:10
fclose PID:28628 fd:8

MADbench 2.0 IO-mode
no_pe = 4  no_pix = 4096  no_bin = 30  no_gang = 1 sblocksize = 8  fblocksize = 64  r_mod = 1  w_mod = 1 record_size=1048576 stride=7


IOMETHOD = POSIX  IOMODE = SYNC  FILETYPE = UNIQUE  REMAP = CUSTOMbuild_S
build_S
build_S
build_S

Write the data to file:33554432 bytes
***********WAITING************

Write the data to file:33554432 bytes
***********WAITING************

Write the data to file:33554432 bytes
***********WAITING************

Write the data to file:33554432 bytes
***********WAITING************

Write the data to file:33554432 bytes
***********WAITING************

Write the data to file:33554432 bytes
***********WAITING************

Write the data to file:33554432 bytes
***********WAITING************

Write the data to file:33554432 bytes
***********WAITING************

Write the data to file:33554432 bytes
***********WAITING************

Write the data to file:33554432 bytes
***********WAITING************

Write the data to file:33554432 bytes
***********WAITING************

Write the data to file:33554432 bytes
***********WAITING************

Write the data to file:33554432 bytes
***********WAITING************

Write the data to file:33554432 bytes
***********WAITING************

Write the data to file:33554432 bytes
***********WAITING************

Write the data to file:33554432 bytes
***********WAITING************

Write the data to file:33554432 bytes
***********WAITING************

Write the data to file:33554432 bytes
***********WAITING************

Write the data to file:33554432 bytes
***********WAITING************

Write the data to file:33554432 bytes
***********WAITING************

Write the data to file:33554432 bytes
***********WAITING************

Write the data to file:33554432 bytes
***********WAITING************

Write the data to file:33554432 bytes
***********WAITING************

Write the data to file:33554432 bytes
***********WAITING************

Write the data to file:33554432 bytes
***********WAITING************

Write the data to file:33554432 bytes
***********WAITING************

Write the data to file:33554432 bytes
***********WAITING************

Write the data to file:33554432 bytes
***********WAITING************

Write the data to file:33554432 bytes
***********WAITING************

Write the data to file:33554432 bytes
***********WAITING************

Write the data to file:33554432 bytes
***********WAITING************

Write the data to file:33554432 bytes
***********WAITING************

Write the data to file:33554432 bytes
***********WAITING************

Write the data to file:33554432 bytes
***********WAITING************

Write the data to file:33554432 bytes
***********WAITING************

Write the data to file:33554432 bytes
***********WAITING************

Write the data to file:33554432 bytes
***********WAITING************

Write the data to file:33554432 bytes
***********WAITING************

Write the data to file:33554432 bytes
***********WAITING************

Write the data to file:33554432 bytes
***********WAITING************

Write the data to file:33554432 bytes
***********WAITING************

Write the data to file:33554432 bytes
***********WAITING************

Write the data to file:33554432 bytes
***********WAITING************

Write the data to file:33554432 bytes
***********WAITING************

Write the data to file:33554432 bytes
***********WAITING************

Write the data to file:33554432 bytes
***********WAITING************

Write the data to file:33554432 bytes
***********WAITING************

Write the data to file:33554432 bytes
***********WAITING************

Write the data to file:33554432 bytes
***********WAITING************

Write the data to file:33554432 bytes
***********WAITING************

Write the data to file:33554432 bytes
***********WAITING************

Write the data to file:33554432 bytes
***********WAITING************

Write the data to file:33554432 bytes
***********WAITING************

Write the data to file:33554432 bytes
***********WAITING************

Write the data to file:33554432 bytes
***********WAITING************

Write the data to file:33554432 bytes
***********WAITING************

Write the data to file:33554432 bytes
***********WAITING************

Write the data to file:33554432 bytes
***********WAITING************

Write the data to file:33554432 bytes
***********WAITING************

Write the data to file:33554432 bytes
***********WAITING************

Write the data to file:33554432 bytes
***********WAITING************

Write the data to file:33554432 bytes
***********WAITING************

Write the data to file:33554432 bytes
***********WAITING************

Write the data to file:33554432 bytes
***********WAITING************

Write the data to file:33554432 bytes
***********WAITING************

Write the data to file:33554432 bytes
***********WAITING************

Write the data to file:33554432 bytes
***********WAITING************

Write the data to file:33554432 bytes
***********WAITING************

Write the data to file:33554432 bytes
***********WAITING************

Write the data to file:33554432 bytes
***********WAITING************

Write the data to file:33554432 bytes
***********WAITING************

Write the data to file:33554432 bytes
***********WAITING************

Write the data to file:33554432 bytes
***********WAITING************

Write the data to file:33554432 bytes
***********WAITING************

Write the data to file:33554432 bytes
***********WAITING************

Write the data to file:33554432 bytes
***********WAITING************

Write the data to file:33554432 bytes
***********WAITING************

Write the data to file:33554432 bytes
***********WAITING************

Write the data to file:33554432 bytes
***********WAITING************

Write the data to file:33554432 bytes
***********WAITING************

Write the data to file:33554432 bytes
***********WAITING************

Write the data to file:33554432 bytes
***********WAITING************

Write the data to file:33554432 bytes
***********WAITING************

Write the data to file:33554432 bytes
***********WAITING************

Write the data to file:33554432 bytes
***********WAITING************

Write the data to file:33554432 bytes
***********WAITING************

Write the data to file:33554432 bytes
***********WAITING************

Write the data to file:33554432 bytes
***********WAITING************

Write the data to file:33554432 bytes
***********WAITING************

Write the data to file:33554432 bytes
***********WAITING************

Write the data to file:33554432 bytes
***********WAITING************

Write the data to file:33554432 bytes
***********WAITING************

Write the data to file:33554432 bytes
***********WAITING************

Write the data to file:33554432 bytes
***********WAITING************

Write the data to file:33554432 bytes
***********WAITING************

Write the data to file:33554432 bytes
***********WAITING************

Write the data to file:33554432 bytes
***********WAITING************

Write the data to file:33554432 bytes
***********WAITING************

Write the data to file:33554432 bytes
***********WAITING************

Write the data to file:33554432 bytes
***********WAITING************

Write the data to file:33554432 bytes
***********WAITING************

Write the data to file:33554432 bytes
***********WAITING************

Write the data to file:33554432 bytes
***********WAITING************

Write the data to file:33554432 bytes
***********WAITING************

Write the data to file:33554432 bytes
***********WAITING************

Write the data to file:33554432 bytes
***********WAITING************

Write the data to file:33554432 bytes
***********WAITING************

Write the data to file:33554432 bytes
***********WAITING************

Write the data to file:33554432 bytes
***********WAITING************

Write the data to file:33554432 bytes
***********WAITING************

Write the data to file:33554432 bytes
***********WAITING************

Write the data to file:33554432 bytes
***********WAITING************

Write the data to file:33554432 bytes
***********WAITING************

Write the data to file:33554432 bytes
***********WAITING************

Write the data to file:33554432 bytes
***********WAITING************

Write the data to file:33554432 bytes
***********WAITING************

Write the data to file:33554432 bytes
***********WAITING************

Write the data to file:33554432 bytes
***********WAITING************

Write the data to file:33554432 bytes
***********WAITING************

Write the data to file:33554432 bytes
***********WAITING************
S_cc         0.43   [      0.43:      0.44]
S_bw         0.17   [      0.17:      0.17]
S_w          8.72   [      8.72:      8.72]
          -------
S_total      9.33   [      9.32:      9.33]

build_S done
calc_W
build_S done
calc_W
nr_of_strided_rec: 4
nr_doubles: 131072
build_S done
calc_W
nr_of_strided_rec: 4
nr_doubles: 131072
build_S done
calc_W
nr_of_strided_rec: 4
nr_doubles: 131072
nr_of_strided_rec: 4
nr_doubles: 131072
nr_of_strided_rec: 4
nr_doubles: 131072
nr_of_strided_rec: 4
nr_doubles: 131072
nr_of_strided_rec: 4
nr_doubles: 131072
nr_of_strided_rec: 4
nr_doubles: 131072

Write the data to file:33554432 bytes
***********WAITING************

Write the data to file:33554432 bytes
***********WAITING************

Write the data to file:33554432 bytes
***********WAITING************

Write the data to file:33554432 bytes
***********WAITING************
nr_of_strided_rec: 4
nr_doubles: 131072
nr_of_strided_rec: 4
nr_doubles: 131072
nr_of_strided_rec: 4
nr_doubles: 131072
nr_of_strided_rec: 4
nr_doubles: 131072

Write the data to file:33554432 bytes
***********WAITING************

Write the data to file:33554432 bytes
***********WAITING************

Write the data to file:33554432 bytes
***********WAITING************

Write the data to file:33554432 bytes
***********WAITING************
nr_of_strided_rec: 4
nr_doubles: 131072
nr_of_strided_rec: 4
nr_doubles: 131072
nr_of_strided_rec: 4
nr_doubles: 131072
nr_of_strided_rec: 4
nr_doubles: 131072

Write the data to file:33554432 bytes
***********WAITING************

Write the data to file:33554432 bytes
***********WAITING************

Write the data to file:33554432 bytes
***********WAITING************

Write the data to file:33554432 bytes
***********WAITING************
nr_of_strided_rec: 4
nr_doubles: 131072
nr_of_strided_rec: 4
nr_doubles: 131072
nr_of_strided_rec: 4
nr_doubles: 131072
nr_of_strided_rec: 4
nr_doubles: 131072

Write the data to file:33554432 bytes
***********WAITING************

Write the data to file:33554432 bytes
***********WAITING************

Write the data to file:33554432 bytes
***********WAITING************

Write the data to file:33554432 bytes
***********WAITING************
nr_of_strided_rec: 4
nr_doubles: 131072
nr_of_strided_rec: 4
nr_doubles: 131072
nr_of_strided_rec: 4
nr_doubles: 131072
nr_of_strided_rec: 4
nr_doubles: 131072

Write the data to file:33554432 bytes
***********WAITING************

Write the data to file:33554432 bytes
***********WAITING************

Write the data to file:33554432 bytes
***********WAITING************

Write the data to file:33554432 bytes
***********WAITING************
nr_of_strided_rec: 4
nr_doubles: 131072
nr_of_strided_rec: 4
nr_doubles: 131072
nr_of_strided_rec: 4
nr_doubles: 131072
nr_of_strided_rec: 4
nr_doubles: 131072

Write the data to file:33554432 bytes
***********WAITING************

Write the data to file:33554432 bytes
***********WAITING************

Write the data to file:33554432 bytes
***********WAITING************

Write the data to file:33554432 bytes
***********WAITING************
nr_of_strided_rec: 4
nr_doubles: 131072
nr_of_strided_rec: 4
nr_doubles: 131072
nr_of_strided_rec: 4
nr_doubles: 131072
nr_of_strided_rec: 4
nr_doubles: 131072

Write the data to file:33554432 bytes
***********WAITING************

Write the data to file:33554432 bytes
***********WAITING************

Write the data to file:33554432 bytes
***********WAITING************

Write the data to file:33554432 bytes
***********WAITING************
nr_of_strided_rec: 4
nr_doubles: 131072
nr_of_strided_rec: 4
nr_doubles: 131072
nr_of_strided_rec: 4
nr_doubles: 131072
nr_of_strided_rec: 4
nr_doubles: 131072

Write the data to file:33554432 bytes
***********WAITING************

Write the data to file:33554432 bytes
***********WAITING************

Write the data to file:33554432 bytes
***********WAITING************

Write the data to file:33554432 bytes
***********WAITING************
nr_of_strided_rec: 4
nr_doubles: 131072
nr_of_strided_rec: 4
nr_doubles: 131072
nr_of_strided_rec: 4
nr_doubles: 131072
nr_of_strided_rec: 4
nr_doubles: 131072

Write the data to file:33554432 bytes
***********WAITING************

Write the data to file:33554432 bytes
***********WAITING************

Write the data to file:33554432 bytes
***********WAITING************

Write the data to file:33554432 bytes
***********WAITING************
nr_of_strided_rec: 4
nr_doubles: 131072
nr_of_strided_rec: 4
nr_doubles: 131072
nr_of_strided_rec: 4
nr_doubles: 131072
nr_of_strided_rec: 4
nr_doubles: 131072

Write the data to file:33554432 bytes
***********WAITING************

Write the data to file:33554432 bytes
***********WAITING************

Write the data to file:33554432 bytes
***********WAITING************

Write the data to file:33554432 bytes
***********WAITING************
nr_of_strided_rec: 4
nr_doubles: 131072
nr_of_strided_rec: 4
nr_doubles: 131072
nr_of_strided_rec: 4
nr_doubles: 131072
nr_of_strided_rec: 4
nr_doubles: 131072

Write the data to file:33554432 bytes
***********WAITING************

Write the data to file:33554432 bytes
***********WAITING************

Write the data to file:33554432 bytes
***********WAITING************

Write the data to file:33554432 bytes
***********WAITING************
nr_of_strided_rec: 4
nr_doubles: 131072
nr_of_strided_rec: 4
nr_doubles: 131072
nr_of_strided_rec: 4
nr_doubles: 131072
nr_of_strided_rec: 4
nr_doubles: 131072

Write the data to file:33554432 bytes
***********WAITING************

Write the data to file:33554432 bytes
***********WAITING************

Write the data to file:33554432 bytes
***********WAITING************

Write the data to file:33554432 bytes
***********WAITING************
nr_of_strided_rec: 4
nr_doubles: 131072
nr_of_strided_rec: 4
nr_doubles: 131072
nr_of_strided_rec: 4
nr_doubles: 131072
nr_of_strided_rec: 4
nr_doubles: 131072

Write the data to file:33554432 bytes
***********WAITING************

Write the data to file:33554432 bytes
***********WAITING************

Write the data to file:33554432 bytes
***********WAITING************

Write the data to file:33554432 bytes
***********WAITING************
nr_of_strided_rec: 4
nr_doubles: 131072
nr_of_strided_rec: 4
nr_doubles: 131072
nr_of_strided_rec: 4
nr_doubles: 131072
nr_of_strided_rec: 4
nr_doubles: 131072

Write the data to file:33554432 bytes
***********WAITING************

Write the data to file:33554432 bytes
***********WAITING************

Write the data to file:33554432 bytes
***********WAITING************

Write the data to file:33554432 bytes
***********WAITING************
nr_of_strided_rec: 4
nr_doubles: 131072
nr_of_strided_rec: 4
nr_doubles: 131072
nr_of_strided_rec: 4
nr_doubles: 131072
nr_of_strided_rec: 4
nr_doubles: 131072

Write the data to file:33554432 bytes
***********WAITING************

Write the data to file:33554432 bytes
***********WAITING************

Write the data to file:33554432 bytes
***********WAITING************

Write the data to file:33554432 bytes
***********WAITING************
nr_of_strided_rec: 4
nr_doubles: 131072
nr_of_strided_rec: 4
nr_doubles: 131072
nr_of_strided_rec: 4
nr_doubles: 131072
nr_of_strided_rec: 4
nr_doubles: 131072

Write the data to file:33554432 bytes
***********WAITING************

Write the data to file:33554432 bytes
***********WAITING************

Write the data to file:33554432 bytes
***********WAITING************

Write the data to file:33554432 bytes
***********WAITING************
nr_of_strided_rec: 4
nr_doubles: 131072
nr_of_strided_rec: 4
nr_doubles: 131072
nr_of_strided_rec: 4
nr_doubles: 131072
nr_of_strided_rec: 4
nr_doubles: 131072

Write the data to file:33554432 bytes
***********WAITING************

Write the data to file:33554432 bytes
***********WAITING************

Write the data to file:33554432 bytes
***********WAITING************

Write the data to file:33554432 bytes
***********WAITING************
nr_of_strided_rec: 4
nr_doubles: 131072
nr_of_strided_rec: 4
nr_doubles: 131072
nr_of_strided_rec: 4
nr_doubles: 131072
nr_of_strided_rec: 4
nr_doubles: 131072

Write the data to file:33554432 bytes
***********WAITING************

Write the data to file:33554432 bytes
***********WAITING************

Write the data to file:33554432 bytes
***********WAITING************

Write the data to file:33554432 bytes
***********WAITING************
nr_of_strided_rec: 4
nr_doubles: 131072
nr_of_strided_rec: 4
nr_doubles: 131072
nr_of_strided_rec: 4
nr_doubles: 131072
nr_of_strided_rec: 4
nr_doubles: 131072

Write the data to file:33554432 bytes
***********WAITING************

Write the data to file:33554432 bytes
***********WAITING************

Write the data to file:33554432 bytes
***********WAITING************

Write the data to file:33554432 bytes
***********WAITING************
nr_of_strided_rec: 4
nr_doubles: 131072
nr_of_strided_rec: 4
nr_doubles: 131072
nr_of_strided_rec: 4
nr_doubles: 131072
nr_of_strided_rec: 4
nr_doubles: 131072

Write the data to file:33554432 bytes
***********WAITING************

Write the data to file:33554432 bytes
***********WAITING************

Write the data to file:33554432 bytes
***********WAITING************

Write the data to file:33554432 bytes
***********WAITING************
nr_of_strided_rec: 4
nr_doubles: 131072
nr_of_strided_rec: 4
nr_doubles: 131072
nr_of_strided_rec: 4
nr_doubles: 131072
nr_of_strided_rec: 4
nr_doubles: 131072

Write the data to file:33554432 bytes
***********WAITING************

Write the data to file:33554432 bytes
***********WAITING************

Write the data to file:33554432 bytes
***********WAITING************

Write the data to file:33554432 bytes
***********WAITING************
nr_of_strided_rec: 4
nr_doubles: 131072
nr_of_strided_rec: 4
nr_doubles: 131072
nr_of_strided_rec: 4
nr_doubles: 131072
nr_of_strided_rec: 4
nr_doubles: 131072

Write the data to file:33554432 bytes
***********WAITING************

Write the data to file:33554432 bytes
***********WAITING************

Write the data to file:33554432 bytes
***********WAITING************

Write the data to file:33554432 bytes
***********WAITING************
nr_of_strided_rec: 4
nr_doubles: 131072
nr_of_strided_rec: 4
nr_doubles: 131072
nr_of_strided_rec: 4
nr_doubles: 131072
nr_of_strided_rec: 4
nr_doubles: 131072

Write the data to file:33554432 bytes
***********WAITING************

Write the data to file:33554432 bytes
***********WAITING************

Write the data to file:33554432 bytes
***********WAITING************

Write the data to file:33554432 bytes
***********WAITING************
nr_of_strided_rec: 4
nr_doubles: 131072
nr_of_strided_rec: 4
nr_doubles: 131072
nr_of_strided_rec: 4
nr_doubles: 131072
nr_of_strided_rec: 4
nr_doubles: 131072

Write the data to file:33554432 bytes
***********WAITING************

Write the data to file:33554432 bytes
***********WAITING************

Write the data to file:33554432 bytes
***********WAITING************

Write the data to file:33554432 bytes
***********WAITING************
nr_of_strided_rec: 4
nr_doubles: 131072
nr_of_strided_rec: 4
nr_doubles: 131072
nr_of_strided_rec: 4
nr_doubles: 131072
nr_of_strided_rec: 4
nr_doubles: 131072

Write the data to file:33554432 bytes
***********WAITING************

Write the data to file:33554432 bytes
***********WAITING************

Write the data to file:33554432 bytes
***********WAITING************

Write the data to file:33554432 bytes
***********WAITING************
nr_of_strided_rec: 4
nr_doubles: 131072
nr_of_strided_rec: 4
nr_doubles: 131072
nr_of_strided_rec: 4
nr_doubles: 131072
nr_of_strided_rec: 4
nr_doubles: 131072

Write the data to file:33554432 bytes
***********WAITING************

Write the data to file:33554432 bytes
***********WAITING************

Write the data to file:33554432 bytes
***********WAITING************

Write the data to file:33554432 bytes
***********WAITING************
nr_of_strided_rec: 4
nr_doubles: 131072
nr_of_strided_rec: 4
nr_doubles: 131072
nr_of_strided_rec: 4
nr_doubles: 131072
nr_of_strided_rec: 4
nr_doubles: 131072

Write the data to file:33554432 bytes
***********WAITING************

Write the data to file:33554432 bytes
***********WAITING************

Write the data to file:33554432 bytes
***********WAITING************

Write the data to file:33554432 bytes
***********WAITING************
nr_of_strided_rec: 4
nr_doubles: 131072
nr_of_strided_rec: 4
nr_doubles: 131072
nr_of_strided_rec: 4
nr_doubles: 131072
nr_of_strided_rec: 4
nr_doubles: 131072

Write the data to file:33554432 bytes
***********WAITING************

Write the data to file:33554432 bytes
***********WAITING************

Write the data to file:33554432 bytes
***********WAITING************

Write the data to file:33554432 bytes
***********WAITING************
nr_of_strided_rec: 4
nr_doubles: 131072
nr_of_strided_rec: 4
nr_doubles: 131072
nr_of_strided_rec: 4
nr_doubles: 131072
nr_of_strided_rec: 4
nr_doubles: 131072

Write the data to file:33554432 bytes
***********WAITING************

Write the data to file:33554432 bytes
***********WAITING************

Write the data to file:33554432 bytes
***********WAITING************

Write the data to file:33554432 bytes
***********WAITING************

Write the data to file:33554432 bytes
***********WAITING************

Write the data to file:33554432 bytes
***********WAITING************

Write the data to file:33554432 bytes
***********WAITING************

Write the data to file:33554432 bytes
***********WAITING************
W_cc         0.96   [      0.96:      0.97]
W_r         18.64   [     18.64:     18.64]
W_w          1.15   [      1.15:      1.15]
          -------
W_total     20.75   [     20.75:     20.75]

calc_W done
calc_W done
nr_of_strided_rec: 4
nr_doubles: 131072
calc_W done
nr_of_strided_rec: 4
nr_doubles: 131072
calc_W done
nr_of_strided_rec: 4
nr_doubles: 131072
nr_of_strided_rec: 4
nr_doubles: 131072
nr_of_strided_rec: 4
nr_doubles: 131072
nr_of_strided_rec: 4
nr_doubles: 131072
nr_of_strided_rec: 4
nr_doubles: 131072
nr_of_strided_rec: 4
nr_doubles: 131072
nr_of_strided_rec: 4
nr_doubles: 131072
nr_of_strided_rec: 4
nr_doubles: 131072
nr_of_strided_rec: 4
nr_doubles: 131072
nr_of_strided_rec: 4
nr_doubles: 131072
nr_of_strided_rec: 4
nr_doubles: 131072
nr_of_strided_rec: 4
nr_doubles: 131072
nr_of_strided_rec: 4
nr_doubles: 131072
nr_of_strided_rec: 4
nr_doubles: 131072
nr_of_strided_rec: 4
nr_doubles: 131072
nr_of_strided_rec: 4
nr_doubles: 131072
nr_of_strided_rec: 4
nr_doubles: 131072
nr_of_strided_rec: 4
nr_doubles: 131072
nr_of_strided_rec: 4
nr_doubles: 131072
nr_of_strided_rec: 4
nr_doubles: 131072
nr_of_strided_rec: 4
nr_doubles: 131072
nr_of_strided_rec: 4
nr_doubles: 131072
nr_of_strided_rec: 4
nr_doubles: 131072
nr_of_strided_rec: 4
nr_doubles: 131072
nr_of_strided_rec: 4
nr_doubles: 131072
nr_of_strided_rec: 4
nr_doubles: 131072
nr_of_strided_rec: 4
nr_doubles: 131072
nr_of_strided_rec: 4
nr_doubles: 131072
nr_of_strided_rec: 4
nr_doubles: 131072
nr_of_strided_rec: 4
nr_doubles: 131072
nr_of_strided_rec: 4
nr_doubles: 131072
nr_of_strided_rec: 4
nr_doubles: 131072
nr_of_strided_rec: 4
nr_doubles: 131072
nr_of_strided_rec: 4
nr_doubles: 131072
nr_of_strided_rec: 4
nr_doubles: 131072
nr_of_strided_rec: 4
nr_doubles: 131072
nr_of_strided_rec: 4
nr_doubles: 131072
nr_of_strided_rec: 4
nr_doubles: 131072
nr_of_strided_rec: 4
nr_doubles: 131072
nr_of_strided_rec: 4
nr_doubles: 131072
nr_of_strided_rec: 4
nr_doubles: 131072
nr_of_strided_rec: 4
nr_doubles: 131072
nr_of_strided_rec: 4
nr_doubles: 131072
nr_of_strided_rec: 4
nr_doubles: 131072
nr_of_strided_rec: 4
nr_doubles: 131072
nr_of_strided_rec: 4
nr_doubles: 131072
nr_of_strided_rec: 4
nr_doubles: 131072
nr_of_strided_rec: 4
nr_doubles: 131072
nr_of_strided_rec: 4
nr_doubles: 131072
nr_of_strided_rec: 4
nr_doubles: 131072
nr_of_strided_rec: 4
nr_doubles: 131072
nr_of_strided_rec: 4
nr_doubles: 131072
nr_of_strided_rec: 4
nr_doubles: 131072
nr_of_strided_rec: 4
nr_doubles: 131072
nr_of_strided_rec: 4
nr_doubles: 131072
nr_of_strided_rec: 4
nr_doubles: 131072
nr_of_strided_rec: 4
nr_doubles: 131072
nr_of_strided_rec: 4
nr_doubles: 131072
nr_of_strided_rec: 4
nr_doubles: 131072
nr_of_strided_rec: 4
nr_doubles: 131072
nr_of_strided_rec: 4
nr_doubles: 131072
nr_of_strided_rec: 4
nr_doubles: 131072
nr_of_strided_rec: 4
nr_doubles: 131072
nr_of_strided_rec: 4
nr_doubles: 131072
nr_of_strided_rec: 4
nr_doubles: 131072
nr_of_strided_rec: 4
nr_doubles: 131072
nr_of_strided_rec: 4
nr_doubles: 131072
nr_of_strided_rec: 4
nr_doubles: 131072
nr_of_strided_rec: 4
nr_doubles: 131072
nr_of_strided_rec: 4
nr_doubles: 131072
nr_of_strided_rec: 4
nr_doubles: 131072
nr_of_strided_rec: 4
nr_doubles: 131072
nr_of_strided_rec: 4
nr_doubles: 131072
nr_of_strided_rec: 4
nr_doubles: 131072
nr_of_strided_rec: 4
nr_doubles: 131072
nr_of_strided_rec: 4
nr_doubles: 131072
nr_of_strided_rec: 4
nr_doubles: 131072
nr_of_strided_rec: 4
nr_doubles: 131072
nr_of_strided_rec: 4
nr_doubles: 131072
nr_of_strided_rec: 4
nr_doubles: 131072
nr_of_strided_rec: 4
nr_doubles: 131072
nr_of_strided_rec: 4
nr_doubles: 131072
nr_of_strided_rec: 4
nr_doubles: 131072
nr_of_strided_rec: 4
nr_doubles: 131072
nr_of_strided_rec: 4
nr_doubles: 131072
nr_of_strided_rec: 4
nr_doubles: 131072
nr_of_strided_rec: 4
nr_doubles: 131072
nr_of_strided_rec: 4
nr_doubles: 131072
nr_of_strided_rec: 4
nr_doubles: 131072
nr_of_strided_rec: 4
nr_doubles: 131072
nr_of_strided_rec: 4
nr_doubles: 131072
nr_of_strided_rec: 4
nr_doubles: 131072
nr_of_strided_rec: 4
nr_doubles: 131072
nr_of_strided_rec: 4
nr_doubles: 131072
nr_of_strided_rec: 4
nr_doubles: 131072
nr_of_strided_rec: 4
nr_doubles: 131072
nr_of_strided_rec: 4
nr_doubles: 131072
nr_of_strided_rec: 4
nr_doubles: 131072
nr_of_strided_rec: 4
nr_doubles: 131072
nr_of_strided_rec: 4
nr_doubles: 131072
nr_of_strided_rec: 4
nr_doubles: 131072
nr_of_strided_rec: 4
nr_doubles: 131072
nr_of_strided_rec: 4
nr_doubles: 131072
nr_of_strided_rec: 4
nr_doubles: 131072
nr_of_strided_rec: 4
nr_doubles: 131072
nr_of_strided_rec: 4
nr_doubles: 131072
nr_of_strided_rec: 4
nr_doubles: 131072
nr_of_strided_rec: 4
nr_doubles: 131072
nr_of_strided_rec: 4
nr_doubles: 131072
nr_of_strided_rec: 4
nr_doubles: 131072
nr_of_strided_rec: 4
nr_doubles: 131072
nr_of_strided_rec: 4
nr_doubles: 131072
nr_of_strided_rec: 4
nr_doubles: 131072
nr_of_strided_rec: 4
nr_doubles: 131072
nr_of_strided_rec: 4
nr_doubles: 131072
nr_of_strided_rec: 4
nr_doubles: 131072
nr_of_strided_rec: 4
nr_doubles: 131072
nr_of_strided_rec: 4
nr_doubles: 131072
C_cc         0.35   [      0.35:      0.35]
C_bw         0.20   [      0.20:      0.20]
C_r          8.72   [      8.72:      8.72]
          -------
C_total      9.27   [      9.27:      9.27]


dC[0] = 0.00000e+00
fclose PID:28627 fd:10
fclose PID:28628 fd:8
fclose PID:28626 fd:12
fclose PID:28629 fd:8
READAHEAD_TIME:1678.000000 us
MaxRSS= 141636 KB, SharedMem= 0 KB, HardPageFault= 12
READAHEAD_TIME:1618.000000 us
MaxRSS= 141696 KB, SharedMem= 0 KB, HardPageFault= 11
READAHEAD_TIME:1681.000000 us
MaxRSS= 141608 KB, SharedMem= 0 KB, HardPageFault= 14
READAHEAD_TIME:1586.000000 us
MaxRSS= 141640 KB, SharedMem= 0 KB, HardPageFault= 12
fclose PID:28625 fd:0
fclose PID:28625 fd:6
fclose PID:28625 fd:6
fclose PID:28625 fd:0
READAHEAD_TIME:0.000000 us
MaxRSS= 5444 KB, SharedMem= 0 KB, HardPageFault= 2
fclose PID:28624 fd:3
fclose PID:28624 fd:4
fclose PID:28624 fd:4
fclose PID:28624 fd:3
READAHEAD_TIME:0.000000 us
MaxRSS= 4892 KB, SharedMem= 0 KB, HardPageFault= 4
	Command being timed: "mpiexec -n 4 ./MADbench2_io 4096 30 1 8 64 1 1 1048576 7 1"
	User time (seconds): 15.05
	System time (seconds): 14.19
	Percent of CPU this job got: 73%
	Elapsed (wall clock) time (h:mm:ss or m:ss): 0:39.53
	Average shared text size (kbytes): 0
	Average unshared data size (kbytes): 0
	Average stack size (kbytes): 0
	Average total size (kbytes): 0
	Maximum resident set size (kbytes): 141696
	Average resident set size (kbytes): 0
	Major (requiring I/O) page faults: 56
	Minor (reclaiming a frame) page faults: 436570
	Voluntary context switches: 7838
	Involuntary context switches: 306
	Swaps: 0
	File system inputs: 15246472
	File system outputs: 15728712
	Socket messages sent: 0
	Socket messages received: 0
	Signals delivered: 0
	Page size (bytes): 4096
	Exit status: 0
READAHEAD_TIME:0.000000 us
MaxRSS= 3912 KB, SharedMem= 0 KB, HardPageFault= 0
*******************DMESG OUTPUT******************
