fclose PID:36252 fd:3
fclose PID:36252 fd:4
fclose PID:36252 fd:4
fclose PID:36252 fd:3
available: 2 nodes (0-1)
fclose PID:36252 fd:3
node 0 cpus:fclose PID:36252 fd:3
 0 1 2 3 4 5 6 7 8 9 20 21 22 23 24 25 26 27 28 29
node 0 size: 80440 MB
node 0 free: 80121 MB
fclose PID:36252 fd:3
node 1 cpus:fclose PID:36252 fd:3
 10 11 12 13 14 15 16 17 18 19 30 31 32 33 34 35 36 37 38 39
node 1 size: 80635 MB
node 1 free: 80366 MB
fclose PID:36252 fd:3
fclose PID:36252 fd:3
node distances:
node   0   1 
  0:  10  21 
  1:  21  10 
READAHEAD_TIME:0.000000 us
MaxRSS= 2260 KB, SharedMem= 0 KB, HardPageFault= 10
fclose PID:36263 fd:8
fclose PID:36265 fd:8
fclose PID:36257 fd:12
fclose PID:36268 fd:8
fclose PID:36270 fd:8
fclose PID:36261 fd:8
fclose PID:36262 fd:8
fclose PID:36271 fd:8
fclose PID:36266 fd:8
fclose PID:36267 fd:8
fclose PID:36258 fd:10
fclose PID:36259 fd:8
fclose PID:36269 fd:8
fclose PID:36272 fd:8
fclose PID:36260 fd:8
fclose PID:36264 fd:8

MADbench 2.0 IO-mode
no_pe = 16  no_pix = 4096  no_bin = 30  no_gang = 1 sblocksize = 8  fblocksize = 64  r_mod = 1  w_mod = 1 record_size=1048576 stride=7
IOMETHOD = POSIX  IOMODE = SYNC  FILETYPE = UNIQUE  REMAP = CUSTOM

build_S
build_S
build_S
build_S
build_S
build_S
build_S
build_S
build_S
build_S
build_S
build_S
build_S
build_S
build_S
build_S

Write the data to file:8388608 bytes
***********WAITING************

Write the data to file:8388608 bytes
***********WAITING************

Write the data to file:8388608 bytes
***********WAITING************

Write the data to file:8388608 bytes
***********WAITING************

Write the data to file:8388608 bytes
***********WAITING************

Write the data to file:8388608 bytes
***********WAITING************

Write the data to file:8388608 bytes
***********WAITING************

Write the data to file:8388608 bytes
***********WAITING************

Write the data to file:8388608 bytes
***********WAITING************

Write the data to file:8388608 bytes
***********WAITING************

Write the data to file:8388608 bytes
***********WAITING************

Write the data to file:8388608 bytes
***********WAITING************

Write the data to file:8388608 bytes
***********WAITING************

Write the data to file:8388608 bytes
***********WAITING************

Write the data to file:8388608 bytes
***********WAITING************

Write the data to file:8388608 bytes
***********WAITING************

Write the data to file:8388608 bytes
***********WAITING************

Write the data to file:8388608 bytes
***********WAITING************

Write the data to file:8388608 bytes
***********WAITING************

Write the data to file:8388608 bytes
***********WAITING************

Write the data to file:8388608 bytes
***********WAITING************

Write the data to file:8388608 bytes
***********WAITING************

Write the data to file:8388608 bytes
***********WAITING************

Write the data to file:8388608 bytes
***********WAITING************

Write the data to file:8388608 bytes
***********WAITING************

Write the data to file:8388608 bytes
***********WAITING************

Write the data to file:8388608 bytes
***********WAITING************

Write the data to file:8388608 bytes
***********WAITING************

Write the data to file:8388608 bytes
***********WAITING************

Write the data to file:8388608 bytes
***********WAITING************

Write the data to file:8388608 bytes
***********WAITING************

Write the data to file:8388608 bytes
***********WAITING************

Write the data to file:8388608 bytes
***********WAITING************

Write the data to file:8388608 bytes
***********WAITING************

Write the data to file:8388608 bytes
***********WAITING************

Write the data to file:8388608 bytes
***********WAITING************

Write the data to file:8388608 bytes
***********WAITING************

Write the data to file:8388608 bytes
***********WAITING************

Write the data to file:8388608 bytes
***********WAITING************

Write the data to file:8388608 bytes
***********WAITING************

Write the data to file:8388608 bytes
***********WAITING************

Write the data to file:8388608 bytes
***********WAITING************

Write the data to file:8388608 bytes
***********WAITING************

Write the data to file:8388608 bytes
***********WAITING************

Write the data to file:8388608 bytes
***********WAITING************

Write the data to file:8388608 bytes
***********WAITING************

Write the data to file:8388608 bytes
***********WAITING************

Write the data to file:8388608 bytes
***********WAITING************

Write the data to file:8388608 bytes
***********WAITING************

Write the data to file:8388608 bytes
***********WAITING************

Write the data to file:8388608 bytes
***********WAITING************

Write the data to file:8388608 bytes
***********WAITING************

Write the data to file:8388608 bytes
***********WAITING************

Write the data to file:8388608 bytes
***********WAITING************

Write the data to file:8388608 bytes
***********WAITING************

Write the data to file:8388608 bytes
***********WAITING************

Write the data to file:8388608 bytes
***********WAITING************

Write the data to file:8388608 bytes
***********WAITING************

Write the data to file:8388608 bytes
***********WAITING************

Write the data to file:8388608 bytes
***********WAITING************

Write the data to file:8388608 bytes
***********WAITING************

Write the data to file:8388608 bytes
***********WAITING************

Write the data to file:8388608 bytes
***********WAITING************

Write the data to file:8388608 bytes
***********WAITING************

Write the data to file:8388608 bytes
***********WAITING************

Write the data to file:8388608 bytes
***********WAITING************

Write the data to file:8388608 bytes
***********WAITING************

Write the data to file:8388608 bytes
***********WAITING************

Write the data to file:8388608 bytes
***********WAITING************

Write the data to file:8388608 bytes
***********WAITING************

Write the data to file:8388608 bytes
***********WAITING************

Write the data to file:8388608 bytes
***********WAITING************

Write the data to file:8388608 bytes
***********WAITING************

Write the data to file:8388608 bytes
***********WAITING************

Write the data to file:8388608 bytes
***********WAITING************

Write the data to file:8388608 bytes
***********WAITING************

Write the data to file:8388608 bytes
***********WAITING************

Write the data to file:8388608 bytes
***********WAITING************

Write the data to file:8388608 bytes
***********WAITING************

Write the data to file:8388608 bytes
***********WAITING************

Write the data to file:8388608 bytes
***********WAITING************

Write the data to file:8388608 bytes
***********WAITING************

Write the data to file:8388608 bytes
***********WAITING************

Write the data to file:8388608 bytes
***********WAITING************

Write the data to file:8388608 bytes
***********WAITING************

Write the data to file:8388608 bytes
***********WAITING************

Write the data to file:8388608 bytes
***********WAITING************

Write the data to file:8388608 bytes
***********WAITING************

Write the data to file:8388608 bytes
***********WAITING************

Write the data to file:8388608 bytes
***********WAITING************

Write the data to file:8388608 bytes
***********WAITING************

Write the data to file:8388608 bytes
***********WAITING************

Write the data to file:8388608 bytes
***********WAITING************

Write the data to file:8388608 bytes
***********WAITING************

Write the data to file:8388608 bytes
***********WAITING************

Write the data to file:8388608 bytes
***********WAITING************

Write the data to file:8388608 bytes
***********WAITING************

Write the data to file:8388608 bytes
***********WAITING************

Write the data to file:8388608 bytes
***********WAITING************

Write the data to file:8388608 bytes
***********WAITING************

Write the data to file:8388608 bytes
***********WAITING************

Write the data to file:8388608 bytes
***********WAITING************

Write the data to file:8388608 bytes
***********WAITING************

Write the data to file:8388608 bytes
***********WAITING************

Write the data to file:8388608 bytes
***********WAITING************

Write the data to file:8388608 bytes
***********WAITING************

Write the data to file:8388608 bytes
***********WAITING************

Write the data to file:8388608 bytes
***********WAITING************

Write the data to file:8388608 bytes
***********WAITING************

Write the data to file:8388608 bytes
***********WAITING************

Write the data to file:8388608 bytes
***********WAITING************

Write the data to file:8388608 bytes
***********WAITING************

Write the data to file:8388608 bytes
***********WAITING************

Write the data to file:8388608 bytes
***********WAITING************

Write the data to file:8388608 bytes
***********WAITING************

Write the data to file:8388608 bytes
***********WAITING************

Write the data to file:8388608 bytes
***********WAITING************

Write the data to file:8388608 bytes
***********WAITING************

Write the data to file:8388608 bytes
***********WAITING************

Write the data to file:8388608 bytes
***********WAITING************

Write the data to file:8388608 bytes
***********WAITING************

Write the data to file:8388608 bytes
***********WAITING************

Write the data to file:8388608 bytes
***********WAITING************

Write the data to file:8388608 bytes
***********WAITING************

Write the data to file:8388608 bytes
***********WAITING************

Write the data to file:8388608 bytes
***********WAITING************

Write the data to file:8388608 bytes
***********WAITING************

Write the data to file:8388608 bytes
***********WAITING************

Write the data to file:8388608 bytes
***********WAITING************

Write the data to file:8388608 bytes
***********WAITING************

Write the data to file:8388608 bytes
***********WAITING************

Write the data to file:8388608 bytes
***********WAITING************

Write the data to file:8388608 bytes
***********WAITING************

Write the data to file:8388608 bytes
***********WAITING************

Write the data to file:8388608 bytes
***********WAITING************

Write the data to file:8388608 bytes
***********WAITING************

Write the data to file:8388608 bytes
***********WAITING************

Write the data to file:8388608 bytes
***********WAITING************

Write the data to file:8388608 bytes
***********WAITING************

Write the data to file:8388608 bytes
***********WAITING************

Write the data to file:8388608 bytes
***********WAITING************

Write the data to file:8388608 bytes
***********WAITING************

Write the data to file:8388608 bytes
***********WAITING************

Write the data to file:8388608 bytes
***********WAITING************

Write the data to file:8388608 bytes
***********WAITING************

Write the data to file:8388608 bytes
***********WAITING************

Write the data to file:8388608 bytes
***********WAITING************

Write the data to file:8388608 bytes
***********WAITING************

Write the data to file:8388608 bytes
***********WAITING************

Write the data to file:8388608 bytes
***********WAITING************

Write the data to file:8388608 bytes
***********WAITING************

Write the data to file:8388608 bytes
***********WAITING************

Write the data to file:8388608 bytes
***********WAITING************

Write the data to file:8388608 bytes
***********WAITING************

Write the data to file:8388608 bytes
***********WAITING************

Write the data to file:8388608 bytes
***********WAITING************

Write the data to file:8388608 bytes
***********WAITING************

Write the data to file:8388608 bytes
***********WAITING************

Write the data to file:8388608 bytes
***********WAITING************

Write the data to file:8388608 bytes
***********WAITING************

Write the data to file:8388608 bytes
***********WAITING************

Write the data to file:8388608 bytes
***********WAITING************

Write the data to file:8388608 bytes
***********WAITING************

Write the data to file:8388608 bytes
***********WAITING************

Write the data to file:8388608 bytes
***********WAITING************

Write the data to file:8388608 bytes
***********WAITING************

Write the data to file:8388608 bytes
***********WAITING************

Write the data to file:8388608 bytes
***********WAITING************

Write the data to file:8388608 bytes
***********WAITING************

Write the data to file:8388608 bytes
***********WAITING************

Write the data to file:8388608 bytes
***********WAITING************

Write the data to file:8388608 bytes
***********WAITING************

Write the data to file:8388608 bytes
***********WAITING************

Write the data to file:8388608 bytes
***********WAITING************

Write the data to file:8388608 bytes
***********WAITING************

Write the data to file:8388608 bytes
***********WAITING************

Write the data to file:8388608 bytes
***********WAITING************

Write the data to file:8388608 bytes
***********WAITING************

Write the data to file:8388608 bytes
***********WAITING************

Write the data to file:8388608 bytes
***********WAITING************

Write the data to file:8388608 bytes
***********WAITING************

Write the data to file:8388608 bytes
***********WAITING************

Write the data to file:8388608 bytes
***********WAITING************

Write the data to file:8388608 bytes
***********WAITING************

Write the data to file:8388608 bytes
***********WAITING************

Write the data to file:8388608 bytes
***********WAITING************

Write the data to file:8388608 bytes
***********WAITING************

Write the data to file:8388608 bytes
***********WAITING************

Write the data to file:8388608 bytes
***********WAITING************

Write the data to file:8388608 bytes
***********WAITING************

Write the data to file:8388608 bytes
***********WAITING************

Write the data to file:8388608 bytes
***********WAITING************

Write the data to file:8388608 bytes
***********WAITING************

Write the data to file:8388608 bytes
***********WAITING************

Write the data to file:8388608 bytes
***********WAITING************

Write the data to file:8388608 bytes
***********WAITING************

Write the data to file:8388608 bytes
***********WAITING************

Write the data to file:8388608 bytes
***********WAITING************

Write the data to file:8388608 bytes
***********WAITING************

Write the data to file:8388608 bytes
***********WAITING************

Write the data to file:8388608 bytes
***********WAITING************

Write the data to file:8388608 bytes
***********WAITING************

Write the data to file:8388608 bytes
***********WAITING************

Write the data to file:8388608 bytes
***********WAITING************

Write the data to file:8388608 bytes
***********WAITING************

Write the data to file:8388608 bytes
***********WAITING************

Write the data to file:8388608 bytes
***********WAITING************

Write the data to file:8388608 bytes
***********WAITING************

Write the data to file:8388608 bytes
***********WAITING************

Write the data to file:8388608 bytes
***********WAITING************

Write the data to file:8388608 bytes
***********WAITING************

Write the data to file:8388608 bytes
***********WAITING************

Write the data to file:8388608 bytes
***********WAITING************

Write the data to file:8388608 bytes
***********WAITING************

Write the data to file:8388608 bytes
***********WAITING************

Write the data to file:8388608 bytes
***********WAITING************

Write the data to file:8388608 bytes
***********WAITING************

Write the data to file:8388608 bytes
***********WAITING************

Write the data to file:8388608 bytes
***********WAITING************

Write the data to file:8388608 bytes
***********WAITING************

Write the data to file:8388608 bytes
***********WAITING************

Write the data to file:8388608 bytes
***********WAITING************

Write the data to file:8388608 bytes
***********WAITING************

Write the data to file:8388608 bytes
***********WAITING************

Write the data to file:8388608 bytes
***********WAITING************

Write the data to file:8388608 bytes
***********WAITING************

Write the data to file:8388608 bytes
***********WAITING************

Write the data to file:8388608 bytes
***********WAITING************

Write the data to file:8388608 bytes
***********WAITING************

Write the data to file:8388608 bytes
***********WAITING************

Write the data to file:8388608 bytes
***********WAITING************

Write the data to file:8388608 bytes
***********WAITING************

Write the data to file:8388608 bytes
***********WAITING************

Write the data to file:8388608 bytes
***********WAITING************

Write the data to file:8388608 bytes
***********WAITING************

Write the data to file:8388608 bytes
***********WAITING************

Write the data to file:8388608 bytes
***********WAITING************

Write the data to file:8388608 bytes
***********WAITING************

Write the data to file:8388608 bytes
***********WAITING************

Write the data to file:8388608 bytes
***********WAITING************

Write the data to file:8388608 bytes
***********WAITING************

Write the data to file:8388608 bytes
***********WAITING************

Write the data to file:8388608 bytes
***********WAITING************

Write the data to file:8388608 bytes
***********WAITING************

Write the data to file:8388608 bytes
***********WAITING************

Write the data to file:8388608 bytes
***********WAITING************

Write the data to file:8388608 bytes
***********WAITING************

Write the data to file:8388608 bytes
***********WAITING************

Write the data to file:8388608 bytes
***********WAITING************

Write the data to file:8388608 bytes
***********WAITING************

Write the data to file:8388608 bytes
***********WAITING************

Write the data to file:8388608 bytes
***********WAITING************

Write the data to file:8388608 bytes
***********WAITING************

Write the data to file:8388608 bytes
***********WAITING************

Write the data to file:8388608 bytes
***********WAITING************

Write the data to file:8388608 bytes
***********WAITING************

Write the data to file:8388608 bytes
***********WAITING************

Write the data to file:8388608 bytes
***********WAITING************

Write the data to file:8388608 bytes
***********WAITING************

Write the data to file:8388608 bytes
***********WAITING************

Write the data to file:8388608 bytes
***********WAITING************

Write the data to file:8388608 bytes
***********WAITING************

Write the data to file:8388608 bytes
***********WAITING************

Write the data to file:8388608 bytes
***********WAITING************

Write the data to file:8388608 bytes
***********WAITING************

Write the data to file:8388608 bytes
***********WAITING************

Write the data to file:8388608 bytes
***********WAITING************

Write the data to file:8388608 bytes
***********WAITING************

Write the data to file:8388608 bytes
***********WAITING************

Write the data to file:8388608 bytes
***********WAITING************

Write the data to file:8388608 bytes
***********WAITING************

Write the data to file:8388608 bytes
***********WAITING************

Write the data to file:8388608 bytes
***********WAITING************

Write the data to file:8388608 bytes
***********WAITING************

Write the data to file:8388608 bytes
***********WAITING************

Write the data to file:8388608 bytes
***********WAITING************

Write the data to file:8388608 bytes
***********WAITING************

Write the data to file:8388608 bytes
***********WAITING************

Write the data to file:8388608 bytes
***********WAITING************

Write the data to file:8388608 bytes
***********WAITING************

Write the data to file:8388608 bytes
***********WAITING************

Write the data to file:8388608 bytes
***********WAITING************

Write the data to file:8388608 bytes
***********WAITING************

Write the data to file:8388608 bytes
***********WAITING************

Write the data to file:8388608 bytes
***********WAITING************

Write the data to file:8388608 bytes
***********WAITING************

Write the data to file:8388608 bytes
***********WAITING************

Write the data to file:8388608 bytes
***********WAITING************

Write the data to file:8388608 bytes
***********WAITING************

Write the data to file:8388608 bytes
***********WAITING************

Write the data to file:8388608 bytes
***********WAITING************

Write the data to file:8388608 bytes
***********WAITING************

Write the data to file:8388608 bytes
***********WAITING************

Write the data to file:8388608 bytes
***********WAITING************

Write the data to file:8388608 bytes
***********WAITING************

Write the data to file:8388608 bytes
***********WAITING************

Write the data to file:8388608 bytes
***********WAITING************

Write the data to file:8388608 bytes
***********WAITING************

Write the data to file:8388608 bytes
***********WAITING************

Write the data to file:8388608 bytes
***********WAITING************

Write the data to file:8388608 bytes
***********WAITING************

Write the data to file:8388608 bytes
***********WAITING************

Write the data to file:8388608 bytes
***********WAITING************

Write the data to file:8388608 bytes
***********WAITING************

Write the data to file:8388608 bytes
***********WAITING************

Write the data to file:8388608 bytes
***********WAITING************

Write the data to file:8388608 bytes
***********WAITING************

Write the data to file:8388608 bytes
***********WAITING************

Write the data to file:8388608 bytes
***********WAITING************

Write the data to file:8388608 bytes
***********WAITING************

Write the data to file:8388608 bytes
***********WAITING************

Write the data to file:8388608 bytes
***********WAITING************

Write the data to file:8388608 bytes
***********WAITING************

Write the data to file:8388608 bytes
***********WAITING************

Write the data to file:8388608 bytes
***********WAITING************

Write the data to file:8388608 bytes
***********WAITING************

Write the data to file:8388608 bytes
***********WAITING************

Write the data to file:8388608 bytes
***********WAITING************

Write the data to file:8388608 bytes
***********WAITING************

Write the data to file:8388608 bytes
***********WAITING************

Write the data to file:8388608 bytes
***********WAITING************

Write the data to file:8388608 bytes
***********WAITING************

Write the data to file:8388608 bytes
***********WAITING************

Write the data to file:8388608 bytes
***********WAITING************

Write the data to file:8388608 bytes
***********WAITING************

Write the data to file:8388608 bytes
***********WAITING************

Write the data to file:8388608 bytes
***********WAITING************

Write the data to file:8388608 bytes
***********WAITING************

Write the data to file:8388608 bytes
***********WAITING************

Write the data to file:8388608 bytes
***********WAITING************

Write the data to file:8388608 bytes
***********WAITING************

Write the data to file:8388608 bytes
***********WAITING************

Write the data to file:8388608 bytes
***********WAITING************

Write the data to file:8388608 bytes
***********WAITING************

Write the data to file:8388608 bytes
***********WAITING************

Write the data to file:8388608 bytes
***********WAITING************

Write the data to file:8388608 bytes
***********WAITING************

Write the data to file:8388608 bytes
***********WAITING************

Write the data to file:8388608 bytes
***********WAITING************

Write the data to file:8388608 bytes
***********WAITING************

Write the data to file:8388608 bytes
***********WAITING************

Write the data to file:8388608 bytes
***********WAITING************

Write the data to file:8388608 bytes
***********WAITING************

Write the data to file:8388608 bytes
***********WAITING************

Write the data to file:8388608 bytes
***********WAITING************

Write the data to file:8388608 bytes
***********WAITING************

Write the data to file:8388608 bytes
***********WAITING************

Write the data to file:8388608 bytes
***********WAITING************

Write the data to file:8388608 bytes
***********WAITING************

Write the data to file:8388608 bytes
***********WAITING************

Write the data to file:8388608 bytes
***********WAITING************

Write the data to file:8388608 bytes
***********WAITING************

Write the data to file:8388608 bytes
***********WAITING************

Write the data to file:8388608 bytes
***********WAITING************

Write the data to file:8388608 bytes
***********WAITING************

Write the data to file:8388608 bytes
***********WAITING************

Write the data to file:8388608 bytes
***********WAITING************

Write the data to file:8388608 bytes
***********WAITING************

Write the data to file:8388608 bytes
***********WAITING************

Write the data to file:8388608 bytes
***********WAITING************

Write the data to file:8388608 bytes
***********WAITING************

Write the data to file:8388608 bytes
***********WAITING************

Write the data to file:8388608 bytes
***********WAITING************

Write the data to file:8388608 bytes
***********WAITING************

Write the data to file:8388608 bytes
***********WAITING************

Write the data to file:8388608 bytes
***********WAITING************

Write the data to file:8388608 bytes
***********WAITING************

Write the data to file:8388608 bytes
***********WAITING************

Write the data to file:8388608 bytes
***********WAITING************

Write the data to file:8388608 bytes
***********WAITING************

Write the data to file:8388608 bytes
***********WAITING************

Write the data to file:8388608 bytes
***********WAITING************

Write the data to file:8388608 bytes
***********WAITING************

Write the data to file:8388608 bytes
***********WAITING************

Write the data to file:8388608 bytes
***********WAITING************

Write the data to file:8388608 bytes
***********WAITING************

Write the data to file:8388608 bytes
***********WAITING************

Write the data to file:8388608 bytes
***********WAITING************

Write the data to file:8388608 bytes
***********WAITING************

Write the data to file:8388608 bytes
***********WAITING************

Write the data to file:8388608 bytes
***********WAITING************

Write the data to file:8388608 bytes
***********WAITING************

Write the data to file:8388608 bytes
***********WAITING************

Write the data to file:8388608 bytes
***********WAITING************

Write the data to file:8388608 bytes
***********WAITING************

Write the data to file:8388608 bytes
***********WAITING************

Write the data to file:8388608 bytes
***********WAITING************

Write the data to file:8388608 bytes
***********WAITING************

Write the data to file:8388608 bytes
***********WAITING************

Write the data to file:8388608 bytes
***********WAITING************

Write the data to file:8388608 bytes
***********WAITING************

Write the data to file:8388608 bytes
***********WAITING************

Write the data to file:8388608 bytes
***********WAITING************

Write the data to file:8388608 bytes
***********WAITING************

Write the data to file:8388608 bytes
***********WAITING************

Write the data to file:8388608 bytes
***********WAITING************

Write the data to file:8388608 bytes
***********WAITING************

Write the data to file:8388608 bytes
***********WAITING************

Write the data to file:8388608 bytes
***********WAITING************

Write the data to file:8388608 bytes
***********WAITING************

Write the data to file:8388608 bytes
***********WAITING************

Write the data to file:8388608 bytes
***********WAITING************

Write the data to file:8388608 bytes
***********WAITING************

Write the data to file:8388608 bytes
***********WAITING************

Write the data to file:8388608 bytes
***********WAITING************

Write the data to file:8388608 bytes
***********WAITING************

Write the data to file:8388608 bytes
***********WAITING************

Write the data to file:8388608 bytes
***********WAITING************

Write the data to file:8388608 bytes
***********WAITING************

Write the data to file:8388608 bytes
***********WAITING************

Write the data to file:8388608 bytes
***********WAITING************

Write the data to file:8388608 bytes
***********WAITING************

Write the data to file:8388608 bytes
***********WAITING************

Write the data to file:8388608 bytes
***********WAITING************

Write the data to file:8388608 bytes
***********WAITING************

Write the data to file:8388608 bytes
***********WAITING************

Write the data to file:8388608 bytes
***********WAITING************

Write the data to file:8388608 bytes
***********WAITING************

Write the data to file:8388608 bytes
***********WAITING************

Write the data to file:8388608 bytes
***********WAITING************

Write the data to file:8388608 bytes
***********WAITING************

Write the data to file:8388608 bytes
***********WAITING************

Write the data to file:8388608 bytes
***********WAITING************

Write the data to file:8388608 bytes
***********WAITING************

Write the data to file:8388608 bytes
***********WAITING************

Write the data to file:8388608 bytes
***********WAITING************

Write the data to file:8388608 bytes
***********WAITING************

Write the data to file:8388608 bytes
***********WAITING************

Write the data to file:8388608 bytes
***********WAITING************

Write the data to file:8388608 bytes
***********WAITING************

Write the data to file:8388608 bytes
***********WAITING************

Write the data to file:8388608 bytes
***********WAITING************

Write the data to file:8388608 bytes
***********WAITING************

Write the data to file:8388608 bytes
***********WAITING************

Write the data to file:8388608 bytes
***********WAITING************

Write the data to file:8388608 bytes
***********WAITING************

Write the data to file:8388608 bytes
***********WAITING************

Write the data to file:8388608 bytes
***********WAITING************

Write the data to file:8388608 bytes
***********WAITING************

Write the data to file:8388608 bytes
***********WAITING************

Write the data to file:8388608 bytes
***********WAITING************

Write the data to file:8388608 bytes
***********WAITING************

Write the data to file:8388608 bytes
***********WAITING************

Write the data to file:8388608 bytes
***********WAITING************

Write the data to file:8388608 bytes
***********WAITING************

Write the data to file:8388608 bytes
***********WAITING************

Write the data to file:8388608 bytes
***********WAITING************

Write the data to file:8388608 bytes
***********WAITING************

Write the data to file:8388608 bytes
***********WAITING************

Write the data to file:8388608 bytes
***********WAITING************

Write the data to file:8388608 bytes
***********WAITING************

Write the data to file:8388608 bytes
***********WAITING************

Write the data to file:8388608 bytes
***********WAITING************

Write the data to file:8388608 bytes
***********WAITING************

Write the data to file:8388608 bytes
***********WAITING************

Write the data to file:8388608 bytes
***********WAITING************

Write the data to file:8388608 bytes
***********WAITING************

Write the data to file:8388608 bytes
***********WAITING************

Write the data to file:8388608 bytes
***********WAITING************

Write the data to file:8388608 bytes
***********WAITING************

Write the data to file:8388608 bytes
***********WAITING************

Write the data to file:8388608 bytes
***********WAITING************

Write the data to file:8388608 bytes
***********WAITING************

Write the data to file:8388608 bytes
***********WAITING************

Write the data to file:8388608 bytes
***********WAITING************

Write the data to file:8388608 bytes
***********WAITING************

Write the data to file:8388608 bytes
***********WAITING************

Write the data to file:8388608 bytes
***********WAITING************

Write the data to file:8388608 bytes
***********WAITING************

Write the data to file:8388608 bytes
***********WAITING************

Write the data to file:8388608 bytes
***********WAITING************

Write the data to file:8388608 bytes
***********WAITING************

Write the data to file:8388608 bytes
***********WAITING************

Write the data to file:8388608 bytes
***********WAITING************

Write the data to file:8388608 bytes
***********WAITING************

Write the data to file:8388608 bytes
***********WAITING************

Write the data to file:8388608 bytes
***********WAITING************

Write the data to file:8388608 bytes
***********WAITING************

Write the data to file:8388608 bytes
***********WAITING************

Write the data to file:8388608 bytes
***********WAITING************
S_cc         0.25   [      0.24:      0.25]
S_bw         0.06   [      0.06:      0.06]
S_w          7.89   [      7.89:      7.89]
          -------
S_total      8.20   [      8.20:      8.20]

build_S done
calc_W
build_S done
calc_W
build_S done
calc_W
build_S done
calc_W
build_S done
calc_W
build_S done
calc_W
nr_of_strided_rec: 1
nr_doubles: 131072
build_S done
calc_W
nr_of_strided_rec: 1
nr_doubles: 131072
build_S done
calc_W
nr_of_strided_rec: 1
nr_doubles: 131072
build_S done
calc_W
nr_of_strided_rec: 1
nr_doubles: 131072
build_S done
calc_W
nr_of_strided_rec: 1
nr_doubles: 131072
build_S done
calc_W
nr_of_strided_rec: 1
nr_doubles: 131072
build_S done
calc_W
nr_of_strided_rec: 1
nr_doubles: 131072
build_S done
calc_W
nr_of_strided_rec: 1
nr_doubles: 131072
build_S done
calc_W
nr_of_strided_rec: 1
nr_doubles: 131072
build_S done
calc_W
nr_of_strided_rec: 1
nr_doubles: 131072
build_S done
calc_W
nr_of_strided_rec: 1
nr_doubles: 131072
nr_of_strided_rec: 1
nr_doubles: 131072
nr_of_strided_rec: 1
nr_doubles: 131072
nr_of_strided_rec: 1
nr_doubles: 131072
nr_of_strided_rec: 1
nr_doubles: 131072
nr_of_strided_rec: 1
nr_doubles: 131072
nr_of_strided_rec: 1
nr_doubles: 131072
nr_of_strided_rec: 1
nr_doubles: 131072
nr_of_strided_rec: 1
nr_doubles: 131072
nr_of_strided_rec: 1
nr_doubles: 131072
nr_of_strided_rec: 1
nr_doubles: 131072
nr_of_strided_rec: 1
nr_doubles: 131072
nr_of_strided_rec: 1
nr_doubles: 131072
nr_of_strided_rec: 1
nr_doubles: 131072
nr_of_strided_rec: 1
nr_doubles: 131072
nr_of_strided_rec: 1
nr_doubles: 131072
nr_of_strided_rec: 1
nr_doubles: 131072
nr_of_strided_rec: 1
nr_doubles: 131072
nr_of_strided_rec: 1
nr_doubles: 131072
nr_of_strided_rec: 1
nr_doubles: 131072
nr_of_strided_rec: 1
nr_doubles: 131072
nr_of_strided_rec: 1
nr_doubles: 131072

Write the data to file:8388608 bytes
***********WAITING************

Write the data to file:8388608 bytes
***********WAITING************

Write the data to file:8388608 bytes
***********WAITING************

Write the data to file:8388608 bytes
***********WAITING************

Write the data to file:8388608 bytes
***********WAITING************

Write the data to file:8388608 bytes
***********WAITING************

Write the data to file:8388608 bytes
***********WAITING************

Write the data to file:8388608 bytes
***********WAITING************

Write the data to file:8388608 bytes
***********WAITING************

Write the data to file:8388608 bytes
***********WAITING************

Write the data to file:8388608 bytes
***********WAITING************

Write the data to file:8388608 bytes
***********WAITING************

Write the data to file:8388608 bytes
***********WAITING************

Write the data to file:8388608 bytes
***********WAITING************

Write the data to file:8388608 bytes
***********WAITING************

Write the data to file:8388608 bytes
***********WAITING************
nr_of_strided_rec: 1
nr_doubles: 131072
nr_of_strided_rec: 1
nr_doubles: 131072
nr_of_strided_rec: 1
nr_doubles: 131072
nr_of_strided_rec: 1
nr_doubles: 131072
nr_of_strided_rec: 1
nr_doubles: 131072
nr_of_strided_rec: 1
nr_doubles: 131072
nr_of_strided_rec: 1
nr_doubles: 131072
nr_of_strided_rec: 1
nr_doubles: 131072
nr_of_strided_rec: 1
nr_doubles: 131072
nr_of_strided_rec: 1
nr_doubles: 131072
nr_of_strided_rec: 1
nr_doubles: 131072
nr_of_strided_rec: 1
nr_doubles: 131072
nr_of_strided_rec: 1
nr_doubles: 131072
nr_of_strided_rec: 1
nr_doubles: 131072
nr_of_strided_rec: 1
nr_doubles: 131072
nr_of_strided_rec: 1
nr_doubles: 131072

Write the data to file:8388608 bytes
***********WAITING************

Write the data to file:8388608 bytes
***********WAITING************

Write the data to file:8388608 bytes
***********WAITING************

Write the data to file:8388608 bytes
***********WAITING************

Write the data to file:8388608 bytes
***********WAITING************

Write the data to file:8388608 bytes
***********WAITING************

Write the data to file:8388608 bytes
***********WAITING************

Write the data to file:8388608 bytes
***********WAITING************

Write the data to file:8388608 bytes
***********WAITING************

Write the data to file:8388608 bytes
***********WAITING************

Write the data to file:8388608 bytes
***********WAITING************

Write the data to file:8388608 bytes
***********WAITING************

Write the data to file:8388608 bytes
***********WAITING************

Write the data to file:8388608 bytes
***********WAITING************

Write the data to file:8388608 bytes
***********WAITING************

Write the data to file:8388608 bytes
***********WAITING************
nr_of_strided_rec: 1
nr_doubles: 131072
nr_of_strided_rec: 1
nr_doubles: 131072
nr_of_strided_rec: 1
nr_doubles: 131072
nr_of_strided_rec: 1
nr_doubles: 131072
nr_of_strided_rec: 1
nr_doubles: 131072
nr_of_strided_rec: 1
nr_doubles: 131072
nr_of_strided_rec: 1
nr_doubles: 131072
nr_of_strided_rec: 1
nr_doubles: 131072
nr_of_strided_rec: 1
nr_doubles: 131072
nr_of_strided_rec: 1
nr_doubles: 131072
nr_of_strided_rec: 1
nr_doubles: 131072
nr_of_strided_rec: 1
nr_doubles: 131072
nr_of_strided_rec: 1
nr_doubles: 131072
nr_of_strided_rec: 1
nr_doubles: 131072
nr_of_strided_rec: 1
nr_doubles: 131072
nr_of_strided_rec: 1
nr_doubles: 131072

Write the data to file:8388608 bytes
***********WAITING************

Write the data to file:8388608 bytes
***********WAITING************

Write the data to file:8388608 bytes
***********WAITING************

Write the data to file:8388608 bytes
***********WAITING************

Write the data to file:8388608 bytes
***********WAITING************

Write the data to file:8388608 bytes
***********WAITING************

Write the data to file:8388608 bytes
***********WAITING************

Write the data to file:8388608 bytes
***********WAITING************

Write the data to file:8388608 bytes
***********WAITING************

Write the data to file:8388608 bytes
***********WAITING************

Write the data to file:8388608 bytes
***********WAITING************

Write the data to file:8388608 bytes
***********WAITING************

Write the data to file:8388608 bytes
***********WAITING************

Write the data to file:8388608 bytes
***********WAITING************

Write the data to file:8388608 bytes
***********WAITING************

Write the data to file:8388608 bytes
***********WAITING************
nr_of_strided_rec: 1
nr_doubles: 131072
nr_of_strided_rec: 1
nr_doubles: 131072
nr_of_strided_rec: 1
nr_doubles: 131072
nr_of_strided_rec: 1
nr_doubles: 131072
nr_of_strided_rec: 1
nr_doubles: 131072
nr_of_strided_rec: 1
nr_doubles: 131072
nr_of_strided_rec: 1
nr_doubles: 131072
nr_of_strided_rec: 1
nr_doubles: 131072
nr_of_strided_rec: 1
nr_doubles: 131072
nr_of_strided_rec: 1
nr_doubles: 131072
nr_of_strided_rec: 1
nr_doubles: 131072
nr_of_strided_rec: 1
nr_doubles: 131072
nr_of_strided_rec: 1
nr_doubles: 131072
nr_of_strided_rec: 1
nr_doubles: 131072
nr_of_strided_rec: 1
nr_doubles: 131072
nr_of_strided_rec: 1
nr_doubles: 131072

Write the data to file:8388608 bytes
***********WAITING************

Write the data to file:8388608 bytes
***********WAITING************

Write the data to file:8388608 bytes
***********WAITING************

Write the data to file:8388608 bytes
***********WAITING************

Write the data to file:8388608 bytes
***********WAITING************

Write the data to file:8388608 bytes
***********WAITING************

Write the data to file:8388608 bytes
***********WAITING************

Write the data to file:8388608 bytes
***********WAITING************

Write the data to file:8388608 bytes
***********WAITING************

Write the data to file:8388608 bytes
***********WAITING************

Write the data to file:8388608 bytes
***********WAITING************

Write the data to file:8388608 bytes
***********WAITING************

Write the data to file:8388608 bytes
***********WAITING************

Write the data to file:8388608 bytes
***********WAITING************

Write the data to file:8388608 bytes
***********WAITING************

Write the data to file:8388608 bytes
***********WAITING************
nr_of_strided_rec: 1
nr_doubles: 131072
nr_of_strided_rec: 1
nr_doubles: 131072
nr_of_strided_rec: 1
nr_doubles: 131072
nr_of_strided_rec: 1
nr_doubles: 131072
nr_of_strided_rec: 1
nr_doubles: 131072
nr_of_strided_rec: 1
nr_doubles: 131072
nr_of_strided_rec: 1
nr_doubles: 131072
nr_of_strided_rec: 1
nr_doubles: 131072
nr_of_strided_rec: 1
nr_doubles: 131072
nr_of_strided_rec: 1
nr_doubles: 131072
nr_of_strided_rec: 1
nr_doubles: 131072
nr_of_strided_rec: 1
nr_doubles: 131072
nr_of_strided_rec: 1
nr_doubles: 131072
nr_of_strided_rec: 1
nr_doubles: 131072
nr_of_strided_rec: 1
nr_doubles: 131072
nr_of_strided_rec: 1
nr_doubles: 131072

Write the data to file:8388608 bytes
***********WAITING************

Write the data to file:8388608 bytes
***********WAITING************

Write the data to file:8388608 bytes
***********WAITING************

Write the data to file:8388608 bytes
***********WAITING************

Write the data to file:8388608 bytes
***********WAITING************

Write the data to file:8388608 bytes
***********WAITING************

Write the data to file:8388608 bytes
***********WAITING************

Write the data to file:8388608 bytes
***********WAITING************

Write the data to file:8388608 bytes
***********WAITING************

Write the data to file:8388608 bytes
***********WAITING************

Write the data to file:8388608 bytes
***********WAITING************

Write the data to file:8388608 bytes
***********WAITING************

Write the data to file:8388608 bytes
***********WAITING************

Write the data to file:8388608 bytes
***********WAITING************

Write the data to file:8388608 bytes
***********WAITING************

Write the data to file:8388608 bytes
***********WAITING************
nr_of_strided_rec: 1
nr_doubles: 131072
nr_of_strided_rec: 1
nr_doubles: 131072
nr_of_strided_rec: 1
nr_doubles: 131072
nr_of_strided_rec: 1
nr_doubles: 131072
nr_of_strided_rec: 1
nr_doubles: 131072
nr_of_strided_rec: 1
nr_doubles: 131072
nr_of_strided_rec: 1
nr_doubles: 131072
nr_of_strided_rec: 1
nr_doubles: 131072
nr_of_strided_rec: 1
nr_doubles: 131072
nr_of_strided_rec: 1
nr_doubles: 131072
nr_of_strided_rec: 1
nr_doubles: 131072
nr_of_strided_rec: 1
nr_doubles: 131072
nr_of_strided_rec: 1
nr_doubles: 131072
nr_of_strided_rec: 1
nr_doubles: 131072
nr_of_strided_rec: 1
nr_doubles: 131072
nr_of_strided_rec: 1
nr_doubles: 131072

Write the data to file:8388608 bytes
***********WAITING************

Write the data to file:8388608 bytes
***********WAITING************

Write the data to file:8388608 bytes
***********WAITING************

Write the data to file:8388608 bytes
***********WAITING************

Write the data to file:8388608 bytes
***********WAITING************

Write the data to file:8388608 bytes
***********WAITING************

Write the data to file:8388608 bytes
***********WAITING************

Write the data to file:8388608 bytes
***********WAITING************

Write the data to file:8388608 bytes
***********WAITING************

Write the data to file:8388608 bytes
***********WAITING************

Write the data to file:8388608 bytes
***********WAITING************

Write the data to file:8388608 bytes
***********WAITING************

Write the data to file:8388608 bytes
***********WAITING************

Write the data to file:8388608 bytes
***********WAITING************

Write the data to file:8388608 bytes
***********WAITING************

Write the data to file:8388608 bytes
***********WAITING************
nr_of_strided_rec: 1
nr_doubles: 131072
nr_of_strided_rec: 1
nr_doubles: 131072
nr_of_strided_rec: 1
nr_doubles: 131072
nr_of_strided_rec: 1
nr_doubles: 131072
nr_of_strided_rec: 1
nr_doubles: 131072
nr_of_strided_rec: 1
nr_doubles: 131072
nr_of_strided_rec: 1
nr_doubles: 131072
nr_of_strided_rec: 1
nr_doubles: 131072
nr_of_strided_rec: 1
nr_doubles: 131072
nr_of_strided_rec: 1
nr_doubles: 131072
nr_of_strided_rec: 1
nr_doubles: 131072
nr_of_strided_rec: 1
nr_doubles: 131072
nr_of_strided_rec: 1
nr_doubles: 131072
nr_of_strided_rec: 1
nr_doubles: 131072
nr_of_strided_rec: 1
nr_doubles: 131072
nr_of_strided_rec: 1
nr_doubles: 131072

Write the data to file:8388608 bytes
***********WAITING************

Write the data to file:8388608 bytes
***********WAITING************

Write the data to file:8388608 bytes
***********WAITING************

Write the data to file:8388608 bytes
***********WAITING************

Write the data to file:8388608 bytes
***********WAITING************

Write the data to file:8388608 bytes
***********WAITING************

Write the data to file:8388608 bytes
***********WAITING************

Write the data to file:8388608 bytes
***********WAITING************

Write the data to file:8388608 bytes
***********WAITING************

Write the data to file:8388608 bytes
***********WAITING************

Write the data to file:8388608 bytes
***********WAITING************

Write the data to file:8388608 bytes
***********WAITING************

Write the data to file:8388608 bytes
***********WAITING************

Write the data to file:8388608 bytes
***********WAITING************

Write the data to file:8388608 bytes
***********WAITING************

Write the data to file:8388608 bytes
***********WAITING************
nr_of_strided_rec: 1
nr_doubles: 131072
nr_of_strided_rec: 1
nr_doubles: 131072
nr_of_strided_rec: 1
nr_doubles: 131072
nr_of_strided_rec: 1
nr_doubles: 131072
nr_of_strided_rec: 1
nr_doubles: 131072
nr_of_strided_rec: 1
nr_doubles: 131072
nr_of_strided_rec: 1
nr_doubles: 131072
nr_of_strided_rec: 1
nr_doubles: 131072
nr_of_strided_rec: 1
nr_doubles: 131072
nr_of_strided_rec: 1
nr_doubles: 131072
nr_of_strided_rec: 1
nr_doubles: 131072
nr_of_strided_rec: 1
nr_doubles: 131072
nr_of_strided_rec: 1
nr_doubles: 131072
nr_of_strided_rec: 1
nr_doubles: 131072
nr_of_strided_rec: 1
nr_doubles: 131072
nr_of_strided_rec: 1
nr_doubles: 131072

Write the data to file:8388608 bytes
***********WAITING************

Write the data to file:8388608 bytes
***********WAITING************

Write the data to file:8388608 bytes
***********WAITING************

Write the data to file:8388608 bytes
***********WAITING************

Write the data to file:8388608 bytes
***********WAITING************

Write the data to file:8388608 bytes
***********WAITING************

Write the data to file:8388608 bytes
***********WAITING************

Write the data to file:8388608 bytes
***********WAITING************

Write the data to file:8388608 bytes
***********WAITING************

Write the data to file:8388608 bytes
***********WAITING************

Write the data to file:8388608 bytes
***********WAITING************

Write the data to file:8388608 bytes
***********WAITING************

Write the data to file:8388608 bytes
***********WAITING************

Write the data to file:8388608 bytes
***********WAITING************

Write the data to file:8388608 bytes
***********WAITING************

Write the data to file:8388608 bytes
***********WAITING************
nr_of_strided_rec: 1
nr_doubles: 131072
nr_of_strided_rec: 1
nr_doubles: 131072
nr_of_strided_rec: 1
nr_doubles: 131072
nr_of_strided_rec: 1
nr_doubles: 131072
nr_of_strided_rec: 1
nr_doubles: 131072
nr_of_strided_rec: 1
nr_doubles: 131072
nr_of_strided_rec: 1
nr_doubles: 131072
nr_of_strided_rec: 1
nr_doubles: 131072
nr_of_strided_rec: 1
nr_doubles: 131072
nr_of_strided_rec: 1
nr_doubles: 131072
nr_of_strided_rec: 1
nr_doubles: 131072
nr_of_strided_rec: 1
nr_doubles: 131072
nr_of_strided_rec: 1
nr_doubles: 131072
nr_of_strided_rec: 1
nr_doubles: 131072
nr_of_strided_rec: 1
nr_doubles: 131072
nr_of_strided_rec: 1
nr_doubles: 131072

Write the data to file:8388608 bytes
***********WAITING************

Write the data to file:8388608 bytes
***********WAITING************

Write the data to file:8388608 bytes
***********WAITING************

Write the data to file:8388608 bytes
***********WAITING************

Write the data to file:8388608 bytes
***********WAITING************

Write the data to file:8388608 bytes
***********WAITING************

Write the data to file:8388608 bytes
***********WAITING************

Write the data to file:8388608 bytes
***********WAITING************

Write the data to file:8388608 bytes
***********WAITING************

Write the data to file:8388608 bytes
***********WAITING************

Write the data to file:8388608 bytes
***********WAITING************

Write the data to file:8388608 bytes
***********WAITING************

Write the data to file:8388608 bytes
***********WAITING************

Write the data to file:8388608 bytes
***********WAITING************

Write the data to file:8388608 bytes
***********WAITING************

Write the data to file:8388608 bytes
***********WAITING************
nr_of_strided_rec: 1
nr_doubles: 131072
nr_of_strided_rec: 1
nr_doubles: 131072
nr_of_strided_rec: 1
nr_doubles: 131072
nr_of_strided_rec: 1
nr_doubles: 131072
nr_of_strided_rec: 1
nr_doubles: 131072
nr_of_strided_rec: 1
nr_doubles: 131072
nr_of_strided_rec: 1
nr_doubles: 131072
nr_of_strided_rec: 1
nr_doubles: 131072
nr_of_strided_rec: 1
nr_doubles: 131072
nr_of_strided_rec: 1
nr_doubles: 131072
nr_of_strided_rec: 1
nr_doubles: 131072
nr_of_strided_rec: 1
nr_doubles: 131072
nr_of_strided_rec: 1
nr_doubles: 131072
nr_of_strided_rec: 1
nr_doubles: 131072
nr_of_strided_rec: 1
nr_doubles: 131072
nr_of_strided_rec: 1
nr_doubles: 131072

Write the data to file:8388608 bytes
***********WAITING************

Write the data to file:8388608 bytes
***********WAITING************

Write the data to file:8388608 bytes
***********WAITING************

Write the data to file:8388608 bytes
***********WAITING************

Write the data to file:8388608 bytes
***********WAITING************

Write the data to file:8388608 bytes
***********WAITING************

Write the data to file:8388608 bytes
***********WAITING************

Write the data to file:8388608 bytes
***********WAITING************

Write the data to file:8388608 bytes
***********WAITING************

Write the data to file:8388608 bytes
***********WAITING************

Write the data to file:8388608 bytes
***********WAITING************

Write the data to file:8388608 bytes
***********WAITING************

Write the data to file:8388608 bytes
***********WAITING************

Write the data to file:8388608 bytes
***********WAITING************

Write the data to file:8388608 bytes
***********WAITING************

Write the data to file:8388608 bytes
***********WAITING************
nr_of_strided_rec: 1
nr_doubles: 131072
nr_of_strided_rec: 1
nr_doubles: 131072
nr_of_strided_rec: 1
nr_doubles: 131072
nr_of_strided_rec: 1
nr_doubles: 131072
nr_of_strided_rec: 1
nr_doubles: 131072
nr_of_strided_rec: 1
nr_doubles: 131072
nr_of_strided_rec: 1
nr_doubles: 131072
nr_of_strided_rec: 1
nr_doubles: 131072
nr_of_strided_rec: 1
nr_doubles: 131072
nr_of_strided_rec: 1
nr_doubles: 131072
nr_of_strided_rec: 1
nr_doubles: 131072
nr_of_strided_rec: 1
nr_doubles: 131072
nr_of_strided_rec: 1
nr_doubles: 131072
nr_of_strided_rec: 1
nr_doubles: 131072
nr_of_strided_rec: 1
nr_doubles: 131072
nr_of_strided_rec: 1
nr_doubles: 131072

Write the data to file:8388608 bytes
***********WAITING************

Write the data to file:8388608 bytes
***********WAITING************

Write the data to file:8388608 bytes
***********WAITING************

Write the data to file:8388608 bytes
***********WAITING************

Write the data to file:8388608 bytes
***********WAITING************

Write the data to file:8388608 bytes
***********WAITING************

Write the data to file:8388608 bytes
***********WAITING************

Write the data to file:8388608 bytes
***********WAITING************

Write the data to file:8388608 bytes
***********WAITING************

Write the data to file:8388608 bytes
***********WAITING************

Write the data to file:8388608 bytes
***********WAITING************

Write the data to file:8388608 bytes
***********WAITING************

Write the data to file:8388608 bytes
***********WAITING************

Write the data to file:8388608 bytes
***********WAITING************

Write the data to file:8388608 bytes
***********WAITING************

Write the data to file:8388608 bytes
***********WAITING************
nr_of_strided_rec: 1
nr_doubles: 131072
nr_of_strided_rec: 1
nr_doubles: 131072
nr_of_strided_rec: 1
nr_doubles: 131072
nr_of_strided_rec: 1
nr_doubles: 131072
nr_of_strided_rec: 1
nr_doubles: 131072
nr_of_strided_rec: 1
nr_doubles: 131072
nr_of_strided_rec: 1
nr_doubles: 131072
nr_of_strided_rec: 1
nr_doubles: 131072
nr_of_strided_rec: 1
nr_doubles: 131072
nr_of_strided_rec: 1
nr_doubles: 131072
nr_of_strided_rec: 1
nr_doubles: 131072
nr_of_strided_rec: 1
nr_doubles: 131072
nr_of_strided_rec: 1
nr_doubles: 131072
nr_of_strided_rec: 1
nr_doubles: 131072
nr_of_strided_rec: 1
nr_doubles: 131072
nr_of_strided_rec: 1
nr_doubles: 131072

Write the data to file:8388608 bytes
***********WAITING************

Write the data to file:8388608 bytes
***********WAITING************

Write the data to file:8388608 bytes
***********WAITING************

Write the data to file:8388608 bytes
***********WAITING************

Write the data to file:8388608 bytes
***********WAITING************

Write the data to file:8388608 bytes
***********WAITING************

Write the data to file:8388608 bytes
***********WAITING************

Write the data to file:8388608 bytes
***********WAITING************

Write the data to file:8388608 bytes
***********WAITING************

Write the data to file:8388608 bytes
***********WAITING************

Write the data to file:8388608 bytes
***********WAITING************

Write the data to file:8388608 bytes
***********WAITING************

Write the data to file:8388608 bytes
***********WAITING************

Write the data to file:8388608 bytes
***********WAITING************

Write the data to file:8388608 bytes
***********WAITING************

Write the data to file:8388608 bytes
***********WAITING************
nr_of_strided_rec: 1
nr_doubles: 131072
nr_of_strided_rec: 1
nr_doubles: 131072
nr_of_strided_rec: 1
nr_doubles: 131072
nr_of_strided_rec: 1
nr_doubles: 131072
nr_of_strided_rec: 1
nr_doubles: 131072
nr_of_strided_rec: 1
nr_doubles: 131072
nr_of_strided_rec: 1
nr_doubles: 131072
nr_of_strided_rec: 1
nr_doubles: 131072
nr_of_strided_rec: 1
nr_doubles: 131072
nr_of_strided_rec: 1
nr_doubles: 131072
nr_of_strided_rec: 1
nr_doubles: 131072
nr_of_strided_rec: 1
nr_doubles: 131072
nr_of_strided_rec: 1
nr_doubles: 131072
nr_of_strided_rec: 1
nr_doubles: 131072
nr_of_strided_rec: 1
nr_doubles: 131072
nr_of_strided_rec: 1
nr_doubles: 131072

Write the data to file:8388608 bytes
***********WAITING************

Write the data to file:8388608 bytes
***********WAITING************

Write the data to file:8388608 bytes
***********WAITING************

Write the data to file:8388608 bytes
***********WAITING************

Write the data to file:8388608 bytes
***********WAITING************

Write the data to file:8388608 bytes
***********WAITING************

Write the data to file:8388608 bytes
***********WAITING************

Write the data to file:8388608 bytes
***********WAITING************

Write the data to file:8388608 bytes
***********WAITING************

Write the data to file:8388608 bytes
***********WAITING************

Write the data to file:8388608 bytes
***********WAITING************

Write the data to file:8388608 bytes
***********WAITING************

Write the data to file:8388608 bytes
***********WAITING************

Write the data to file:8388608 bytes
***********WAITING************

Write the data to file:8388608 bytes
***********WAITING************

Write the data to file:8388608 bytes
***********WAITING************
nr_of_strided_rec: 1
nr_doubles: 131072
nr_of_strided_rec: 1
nr_doubles: 131072
nr_of_strided_rec: 1
nr_doubles: 131072
nr_of_strided_rec: 1
nr_doubles: 131072
nr_of_strided_rec: 1
nr_doubles: 131072
nr_of_strided_rec: 1
nr_doubles: 131072
nr_of_strided_rec: 1
nr_doubles: 131072
nr_of_strided_rec: 1
nr_doubles: 131072
nr_of_strided_rec: 1
nr_doubles: 131072
nr_of_strided_rec: 1
nr_doubles: 131072
nr_of_strided_rec: 1
nr_doubles: 131072
nr_of_strided_rec: 1
nr_doubles: 131072
nr_of_strided_rec: 1
nr_doubles: 131072
nr_of_strided_rec: 1
nr_doubles: 131072
nr_of_strided_rec: 1
nr_doubles: 131072
nr_of_strided_rec: 1
nr_doubles: 131072

Write the data to file:8388608 bytes
***********WAITING************

Write the data to file:8388608 bytes
***********WAITING************

Write the data to file:8388608 bytes
***********WAITING************

Write the data to file:8388608 bytes
***********WAITING************

Write the data to file:8388608 bytes
***********WAITING************

Write the data to file:8388608 bytes
***********WAITING************

Write the data to file:8388608 bytes
***********WAITING************

Write the data to file:8388608 bytes
***********WAITING************

Write the data to file:8388608 bytes
***********WAITING************

Write the data to file:8388608 bytes
***********WAITING************

Write the data to file:8388608 bytes
***********WAITING************

Write the data to file:8388608 bytes
***********WAITING************

Write the data to file:8388608 bytes
***********WAITING************

Write the data to file:8388608 bytes
***********WAITING************

Write the data to file:8388608 bytes
***********WAITING************

Write the data to file:8388608 bytes
***********WAITING************
nr_of_strided_rec: 1
nr_doubles: 131072
nr_of_strided_rec: 1
nr_doubles: 131072
nr_of_strided_rec: 1
nr_doubles: 131072
nr_of_strided_rec: 1
nr_doubles: 131072
nr_of_strided_rec: 1
nr_doubles: 131072
nr_of_strided_rec: 1
nr_doubles: 131072
nr_of_strided_rec: 1
nr_doubles: 131072
nr_of_strided_rec: 1
nr_doubles: 131072
nr_of_strided_rec: 1
nr_doubles: 131072
nr_of_strided_rec: 1
nr_doubles: 131072
nr_of_strided_rec: 1
nr_doubles: 131072
nr_of_strided_rec: 1
nr_doubles: 131072
nr_of_strided_rec: 1
nr_doubles: 131072
nr_of_strided_rec: 1
nr_doubles: 131072
nr_of_strided_rec: 1
nr_doubles: 131072
nr_of_strided_rec: 1
nr_doubles: 131072

Write the data to file:8388608 bytes
***********WAITING************

Write the data to file:8388608 bytes
***********WAITING************

Write the data to file:8388608 bytes
***********WAITING************

Write the data to file:8388608 bytes
***********WAITING************

Write the data to file:8388608 bytes
***********WAITING************

Write the data to file:8388608 bytes
***********WAITING************

Write the data to file:8388608 bytes
***********WAITING************

Write the data to file:8388608 bytes
***********WAITING************

Write the data to file:8388608 bytes
***********WAITING************

Write the data to file:8388608 bytes
***********WAITING************

Write the data to file:8388608 bytes
***********WAITING************

Write the data to file:8388608 bytes
***********WAITING************

Write the data to file:8388608 bytes
***********WAITING************

Write the data to file:8388608 bytes
***********WAITING************

Write the data to file:8388608 bytes
***********WAITING************

Write the data to file:8388608 bytes
***********WAITING************
nr_of_strided_rec: 1
nr_doubles: 131072
nr_of_strided_rec: 1
nr_doubles: 131072
nr_of_strided_rec: 1
nr_doubles: 131072
nr_of_strided_rec: 1
nr_doubles: 131072
nr_of_strided_rec: 1
nr_doubles: 131072
nr_of_strided_rec: 1
nr_doubles: 131072
nr_of_strided_rec: 1
nr_doubles: 131072
nr_of_strided_rec: 1
nr_doubles: 131072
nr_of_strided_rec: 1
nr_doubles: 131072
nr_of_strided_rec: 1
nr_doubles: 131072
nr_of_strided_rec: 1
nr_doubles: 131072
nr_of_strided_rec: 1
nr_doubles: 131072
nr_of_strided_rec: 1
nr_doubles: 131072
nr_of_strided_rec: 1
nr_doubles: 131072
nr_of_strided_rec: 1
nr_doubles: 131072
nr_of_strided_rec: 1
nr_doubles: 131072

Write the data to file:8388608 bytes
***********WAITING************

Write the data to file:8388608 bytes
***********WAITING************

Write the data to file:8388608 bytes
***********WAITING************

Write the data to file:8388608 bytes
***********WAITING************

Write the data to file:8388608 bytes
***********WAITING************

Write the data to file:8388608 bytes
***********WAITING************

Write the data to file:8388608 bytes
***********WAITING************

Write the data to file:8388608 bytes
***********WAITING************

Write the data to file:8388608 bytes
***********WAITING************

Write the data to file:8388608 bytes
***********WAITING************

Write the data to file:8388608 bytes
***********WAITING************

Write the data to file:8388608 bytes
***********WAITING************

Write the data to file:8388608 bytes
***********WAITING************

Write the data to file:8388608 bytes
***********WAITING************

Write the data to file:8388608 bytes
***********WAITING************

Write the data to file:8388608 bytes
***********WAITING************
nr_of_strided_rec: 1
nr_doubles: 131072
nr_of_strided_rec: 1
nr_doubles: 131072
nr_of_strided_rec: 1
nr_doubles: 131072
nr_of_strided_rec: 1
nr_doubles: 131072
nr_of_strided_rec: 1
nr_doubles: 131072
nr_of_strided_rec: 1
nr_doubles: 131072
nr_of_strided_rec: 1
nr_doubles: 131072
nr_of_strided_rec: 1
nr_doubles: 131072
nr_of_strided_rec: 1
nr_doubles: 131072
nr_of_strided_rec: 1
nr_doubles: 131072
nr_of_strided_rec: 1
nr_doubles: 131072
nr_of_strided_rec: 1
nr_doubles: 131072
nr_of_strided_rec: 1
nr_doubles: 131072
nr_of_strided_rec: 1
nr_doubles: 131072
nr_of_strided_rec: 1
nr_doubles: 131072
nr_of_strided_rec: 1
nr_doubles: 131072

Write the data to file:8388608 bytes
***********WAITING************

Write the data to file:8388608 bytes
***********WAITING************

Write the data to file:8388608 bytes
***********WAITING************

Write the data to file:8388608 bytes
***********WAITING************

Write the data to file:8388608 bytes
***********WAITING************

Write the data to file:8388608 bytes
***********WAITING************

Write the data to file:8388608 bytes
***********WAITING************

Write the data to file:8388608 bytes
***********WAITING************

Write the data to file:8388608 bytes
***********WAITING************

Write the data to file:8388608 bytes
***********WAITING************

Write the data to file:8388608 bytes
***********WAITING************

Write the data to file:8388608 bytes
***********WAITING************

Write the data to file:8388608 bytes
***********WAITING************

Write the data to file:8388608 bytes
***********WAITING************

Write the data to file:8388608 bytes
***********WAITING************

Write the data to file:8388608 bytes
***********WAITING************
nr_of_strided_rec: 1
nr_doubles: 131072
nr_of_strided_rec: 1
nr_doubles: 131072
nr_of_strided_rec: 1
nr_doubles: 131072
nr_of_strided_rec: 1
nr_doubles: 131072
nr_of_strided_rec: 1
nr_doubles: 131072
nr_of_strided_rec: 1
nr_doubles: 131072
nr_of_strided_rec: 1
nr_doubles: 131072
nr_of_strided_rec: 1
nr_doubles: 131072
nr_of_strided_rec: 1
nr_doubles: 131072
nr_of_strided_rec: 1
nr_doubles: 131072
nr_of_strided_rec: 1
nr_doubles: 131072
nr_of_strided_rec: 1
nr_doubles: 131072
nr_of_strided_rec: 1
nr_doubles: 131072
nr_of_strided_rec: 1
nr_doubles: 131072
nr_of_strided_rec: 1
nr_doubles: 131072
nr_of_strided_rec: 1
nr_doubles: 131072

Write the data to file:8388608 bytes
***********WAITING************

Write the data to file:8388608 bytes
***********WAITING************

Write the data to file:8388608 bytes
***********WAITING************

Write the data to file:8388608 bytes
***********WAITING************

Write the data to file:8388608 bytes
***********WAITING************

Write the data to file:8388608 bytes
***********WAITING************

Write the data to file:8388608 bytes
***********WAITING************

Write the data to file:8388608 bytes
***********WAITING************

Write the data to file:8388608 bytes
***********WAITING************

Write the data to file:8388608 bytes
***********WAITING************

Write the data to file:8388608 bytes
***********WAITING************

Write the data to file:8388608 bytes
***********WAITING************

Write the data to file:8388608 bytes
***********WAITING************

Write the data to file:8388608 bytes
***********WAITING************

Write the data to file:8388608 bytes
***********WAITING************

Write the data to file:8388608 bytes
***********WAITING************
nr_of_strided_rec: 1
nr_doubles: 131072
nr_of_strided_rec: 1
nr_doubles: 131072
nr_of_strided_rec: 1
nr_doubles: 131072
nr_of_strided_rec: 1
nr_doubles: 131072
nr_of_strided_rec: 1
nr_doubles: 131072
nr_of_strided_rec: 1
nr_doubles: 131072
nr_of_strided_rec: 1
nr_doubles: 131072
nr_of_strided_rec: 1
nr_doubles: 131072
nr_of_strided_rec: 1
nr_doubles: 131072
nr_of_strided_rec: 1
nr_doubles: 131072
nr_of_strided_rec: 1
nr_doubles: 131072
nr_of_strided_rec: 1
nr_doubles: 131072
nr_of_strided_rec: 1
nr_doubles: 131072
nr_of_strided_rec: 1
nr_doubles: 131072
nr_of_strided_rec: 1
nr_doubles: 131072
nr_of_strided_rec: 1
nr_doubles: 131072

Write the data to file:8388608 bytes
***********WAITING************

Write the data to file:8388608 bytes
***********WAITING************

Write the data to file:8388608 bytes
***********WAITING************

Write the data to file:8388608 bytes
***********WAITING************

Write the data to file:8388608 bytes
***********WAITING************

Write the data to file:8388608 bytes
***********WAITING************

Write the data to file:8388608 bytes
***********WAITING************

Write the data to file:8388608 bytes
***********WAITING************

Write the data to file:8388608 bytes
***********WAITING************

Write the data to file:8388608 bytes
***********WAITING************

Write the data to file:8388608 bytes
***********WAITING************

Write the data to file:8388608 bytes
***********WAITING************

Write the data to file:8388608 bytes
***********WAITING************

Write the data to file:8388608 bytes
***********WAITING************

Write the data to file:8388608 bytes
***********WAITING************

Write the data to file:8388608 bytes
***********WAITING************
nr_of_strided_rec: 1
nr_doubles: 131072
nr_of_strided_rec: 1
nr_doubles: 131072
nr_of_strided_rec: 1
nr_doubles: 131072
nr_of_strided_rec: 1
nr_doubles: 131072
nr_of_strided_rec: 1
nr_doubles: 131072
nr_of_strided_rec: 1
nr_doubles: 131072
nr_of_strided_rec: 1
nr_doubles: 131072
nr_of_strided_rec: 1
nr_doubles: 131072
nr_of_strided_rec: 1
nr_doubles: 131072
nr_of_strided_rec: 1
nr_doubles: 131072
nr_of_strided_rec: 1
nr_doubles: 131072
nr_of_strided_rec: 1
nr_doubles: 131072
nr_of_strided_rec: 1
nr_doubles: 131072
nr_of_strided_rec: 1
nr_doubles: 131072
nr_of_strided_rec: 1
nr_doubles: 131072
nr_of_strided_rec: 1
nr_doubles: 131072

Write the data to file:8388608 bytes
***********WAITING************

Write the data to file:8388608 bytes
***********WAITING************

Write the data to file:8388608 bytes
***********WAITING************

Write the data to file:8388608 bytes
***********WAITING************

Write the data to file:8388608 bytes
***********WAITING************

Write the data to file:8388608 bytes
***********WAITING************

Write the data to file:8388608 bytes
***********WAITING************

Write the data to file:8388608 bytes
***********WAITING************

Write the data to file:8388608 bytes
***********WAITING************

Write the data to file:8388608 bytes
***********WAITING************

Write the data to file:8388608 bytes
***********WAITING************

Write the data to file:8388608 bytes
***********WAITING************

Write the data to file:8388608 bytes
***********WAITING************

Write the data to file:8388608 bytes
***********WAITING************

Write the data to file:8388608 bytes
***********WAITING************

Write the data to file:8388608 bytes
***********WAITING************
nr_of_strided_rec: 1
nr_doubles: 131072
nr_of_strided_rec: 1
nr_doubles: 131072
nr_of_strided_rec: 1
nr_doubles: 131072
nr_of_strided_rec: 1
nr_doubles: 131072
nr_of_strided_rec: 1
nr_doubles: 131072
nr_of_strided_rec: 1
nr_doubles: 131072
nr_of_strided_rec: 1
nr_doubles: 131072
nr_of_strided_rec: 1
nr_doubles: 131072
nr_of_strided_rec: 1
nr_doubles: 131072
nr_of_strided_rec: 1
nr_doubles: 131072
nr_of_strided_rec: 1
nr_doubles: 131072
nr_of_strided_rec: 1
nr_doubles: 131072
nr_of_strided_rec: 1
nr_doubles: 131072
nr_of_strided_rec: 1
nr_doubles: 131072
nr_of_strided_rec: 1
nr_doubles: 131072
nr_of_strided_rec: 1
nr_doubles: 131072

Write the data to file:8388608 bytes
***********WAITING************

Write the data to file:8388608 bytes
***********WAITING************

Write the data to file:8388608 bytes
***********WAITING************

Write the data to file:8388608 bytes
***********WAITING************

Write the data to file:8388608 bytes
***********WAITING************

Write the data to file:8388608 bytes
***********WAITING************

Write the data to file:8388608 bytes
***********WAITING************

Write the data to file:8388608 bytes
***********WAITING************

Write the data to file:8388608 bytes
***********WAITING************

Write the data to file:8388608 bytes
***********WAITING************

Write the data to file:8388608 bytes
***********WAITING************

Write the data to file:8388608 bytes
***********WAITING************

Write the data to file:8388608 bytes
***********WAITING************

Write the data to file:8388608 bytes
***********WAITING************

Write the data to file:8388608 bytes
***********WAITING************

Write the data to file:8388608 bytes
***********WAITING************
nr_of_strided_rec: 1
nr_doubles: 131072
nr_of_strided_rec: 1
nr_doubles: 131072
nr_of_strided_rec: 1
nr_doubles: 131072
nr_of_strided_rec: 1
nr_doubles: 131072
nr_of_strided_rec: 1
nr_doubles: 131072
nr_of_strided_rec: 1
nr_doubles: 131072
nr_of_strided_rec: 1
nr_doubles: 131072
nr_of_strided_rec: 1
nr_doubles: 131072
nr_of_strided_rec: 1
nr_doubles: 131072
nr_of_strided_rec: 1
nr_doubles: 131072
nr_of_strided_rec: 1
nr_doubles: 131072
nr_of_strided_rec: 1
nr_doubles: 131072
nr_of_strided_rec: 1
nr_doubles: 131072
nr_of_strided_rec: 1
nr_doubles: 131072
nr_of_strided_rec: 1
nr_doubles: 131072
nr_of_strided_rec: 1
nr_doubles: 131072

Write the data to file:8388608 bytes
***********WAITING************

Write the data to file:8388608 bytes
***********WAITING************

Write the data to file:8388608 bytes
***********WAITING************

Write the data to file:8388608 bytes
***********WAITING************

Write the data to file:8388608 bytes
***********WAITING************

Write the data to file:8388608 bytes
***********WAITING************

Write the data to file:8388608 bytes
***********WAITING************

Write the data to file:8388608 bytes
***********WAITING************

Write the data to file:8388608 bytes
***********WAITING************

Write the data to file:8388608 bytes
***********WAITING************

Write the data to file:8388608 bytes
***********WAITING************

Write the data to file:8388608 bytes
***********WAITING************

Write the data to file:8388608 bytes
***********WAITING************

Write the data to file:8388608 bytes
***********WAITING************

Write the data to file:8388608 bytes
***********WAITING************

Write the data to file:8388608 bytes
***********WAITING************
nr_of_strided_rec: 1
nr_doubles: 131072
nr_of_strided_rec: 1
nr_doubles: 131072
nr_of_strided_rec: 1
nr_doubles: 131072
nr_of_strided_rec: 1
nr_doubles: 131072
nr_of_strided_rec: 1
nr_doubles: 131072
nr_of_strided_rec: 1
nr_doubles: 131072
nr_of_strided_rec: 1
nr_doubles: 131072
nr_of_strided_rec: 1
nr_doubles: 131072
nr_of_strided_rec: 1
nr_doubles: 131072
nr_of_strided_rec: 1
nr_doubles: 131072
nr_of_strided_rec: 1
nr_doubles: 131072
nr_of_strided_rec: 1
nr_doubles: 131072
nr_of_strided_rec: 1
nr_doubles: 131072
nr_of_strided_rec: 1
nr_doubles: 131072
nr_of_strided_rec: 1
nr_doubles: 131072
nr_of_strided_rec: 1
nr_doubles: 131072

Write the data to file:8388608 bytes
***********WAITING************

Write the data to file:8388608 bytes
***********WAITING************

Write the data to file:8388608 bytes
***********WAITING************

Write the data to file:8388608 bytes
***********WAITING************

Write the data to file:8388608 bytes
***********WAITING************

Write the data to file:8388608 bytes
***********WAITING************

Write the data to file:8388608 bytes
***********WAITING************

Write the data to file:8388608 bytes
***********WAITING************

Write the data to file:8388608 bytes
***********WAITING************

Write the data to file:8388608 bytes
***********WAITING************

Write the data to file:8388608 bytes
***********WAITING************

Write the data to file:8388608 bytes
***********WAITING************

Write the data to file:8388608 bytes
***********WAITING************

Write the data to file:8388608 bytes
***********WAITING************

Write the data to file:8388608 bytes
***********WAITING************

Write the data to file:8388608 bytes
***********WAITING************
nr_of_strided_rec: 1
nr_doubles: 131072
nr_of_strided_rec: 1
nr_doubles: 131072
nr_of_strided_rec: 1
nr_doubles: 131072
nr_of_strided_rec: 1
nr_doubles: 131072
nr_of_strided_rec: 1
nr_doubles: 131072
nr_of_strided_rec: 1
nr_doubles: 131072
nr_of_strided_rec: 1
nr_doubles: 131072
nr_of_strided_rec: 1
nr_doubles: 131072
nr_of_strided_rec: 1
nr_doubles: 131072
nr_of_strided_rec: 1
nr_doubles: 131072
nr_of_strided_rec: 1
nr_doubles: 131072
nr_of_strided_rec: 1
nr_doubles: 131072
nr_of_strided_rec: 1
nr_doubles: 131072
nr_of_strided_rec: 1
nr_doubles: 131072
nr_of_strided_rec: 1
nr_doubles: 131072
nr_of_strided_rec: 1
nr_doubles: 131072

Write the data to file:8388608 bytes
***********WAITING************

Write the data to file:8388608 bytes
***********WAITING************

Write the data to file:8388608 bytes
***********WAITING************

Write the data to file:8388608 bytes
***********WAITING************

Write the data to file:8388608 bytes
***********WAITING************

Write the data to file:8388608 bytes
***********WAITING************

Write the data to file:8388608 bytes
***********WAITING************

Write the data to file:8388608 bytes
***********WAITING************

Write the data to file:8388608 bytes
***********WAITING************

Write the data to file:8388608 bytes
***********WAITING************

Write the data to file:8388608 bytes
***********WAITING************

Write the data to file:8388608 bytes
***********WAITING************

Write the data to file:8388608 bytes
***********WAITING************

Write the data to file:8388608 bytes
***********WAITING************

Write the data to file:8388608 bytes
***********WAITING************

Write the data to file:8388608 bytes
***********WAITING************
nr_of_strided_rec: 1
nr_doubles: 131072
nr_of_strided_rec: 1
nr_doubles: 131072
nr_of_strided_rec: 1
nr_doubles: 131072
nr_of_strided_rec: 1
nr_doubles: 131072
nr_of_strided_rec: 1
nr_doubles: 131072
nr_of_strided_rec: 1
nr_doubles: 131072
nr_of_strided_rec: 1
nr_doubles: 131072
nr_of_strided_rec: 1
nr_doubles: 131072
nr_of_strided_rec: 1
nr_doubles: 131072
nr_of_strided_rec: 1
nr_doubles: 131072
nr_of_strided_rec: 1
nr_doubles: 131072
nr_of_strided_rec: 1
nr_doubles: 131072
nr_of_strided_rec: 1
nr_doubles: 131072
nr_of_strided_rec: 1
nr_doubles: 131072
nr_of_strided_rec: 1
nr_doubles: 131072
nr_of_strided_rec: 1
nr_doubles: 131072

Write the data to file:8388608 bytes
***********WAITING************

Write the data to file:8388608 bytes
***********WAITING************

Write the data to file:8388608 bytes
***********WAITING************

Write the data to file:8388608 bytes
***********WAITING************

Write the data to file:8388608 bytes
***********WAITING************

Write the data to file:8388608 bytes
***********WAITING************

Write the data to file:8388608 bytes
***********WAITING************

Write the data to file:8388608 bytes
***********WAITING************

Write the data to file:8388608 bytes
***********WAITING************

Write the data to file:8388608 bytes
***********WAITING************

Write the data to file:8388608 bytes
***********WAITING************

Write the data to file:8388608 bytes
***********WAITING************

Write the data to file:8388608 bytes
***********WAITING************

Write the data to file:8388608 bytes
***********WAITING************

Write the data to file:8388608 bytes
***********WAITING************

Write the data to file:8388608 bytes
***********WAITING************
nr_of_strided_rec: 1
nr_doubles: 131072
nr_of_strided_rec: 1
nr_doubles: 131072
nr_of_strided_rec: 1
nr_doubles: 131072
nr_of_strided_rec: 1
nr_doubles: 131072
nr_of_strided_rec: 1
nr_doubles: 131072
nr_of_strided_rec: 1
nr_doubles: 131072
nr_of_strided_rec: 1
nr_doubles: 131072
nr_of_strided_rec: 1
nr_doubles: 131072
nr_of_strided_rec: 1
nr_doubles: 131072
nr_of_strided_rec: 1
nr_doubles: 131072
nr_of_strided_rec: 1
nr_doubles: 131072
nr_of_strided_rec: 1
nr_doubles: 131072
nr_of_strided_rec: 1
nr_doubles: 131072
nr_of_strided_rec: 1
nr_doubles: 131072
nr_of_strided_rec: 1
nr_doubles: 131072
nr_of_strided_rec: 1
nr_doubles: 131072

Write the data to file:8388608 bytes
***********WAITING************

Write the data to file:8388608 bytes
***********WAITING************

Write the data to file:8388608 bytes
***********WAITING************

Write the data to file:8388608 bytes
***********WAITING************

Write the data to file:8388608 bytes
***********WAITING************

Write the data to file:8388608 bytes
***********WAITING************

Write the data to file:8388608 bytes
***********WAITING************

Write the data to file:8388608 bytes
***********WAITING************

Write the data to file:8388608 bytes
***********WAITING************

Write the data to file:8388608 bytes
***********WAITING************

Write the data to file:8388608 bytes
***********WAITING************

Write the data to file:8388608 bytes
***********WAITING************

Write the data to file:8388608 bytes
***********WAITING************

Write the data to file:8388608 bytes
***********WAITING************

Write the data to file:8388608 bytes
***********WAITING************

Write the data to file:8388608 bytes
***********WAITING************
nr_of_strided_rec: 1
nr_doubles: 131072
nr_of_strided_rec: 1
nr_doubles: 131072
nr_of_strided_rec: 1
nr_doubles: 131072
nr_of_strided_rec: 1
nr_doubles: 131072
nr_of_strided_rec: 1
nr_doubles: 131072
nr_of_strided_rec: 1
nr_doubles: 131072
nr_of_strided_rec: 1
nr_doubles: 131072
nr_of_strided_rec: 1
nr_doubles: 131072
nr_of_strided_rec: 1
nr_doubles: 131072
nr_of_strided_rec: 1
nr_doubles: 131072
nr_of_strided_rec: 1
nr_doubles: 131072
nr_of_strided_rec: 1
nr_doubles: 131072
nr_of_strided_rec: 1
nr_doubles: 131072
nr_of_strided_rec: 1
nr_doubles: 131072
nr_of_strided_rec: 1
nr_doubles: 131072
nr_of_strided_rec: 1
nr_doubles: 131072

Write the data to file:8388608 bytes
***********WAITING************

Write the data to file:8388608 bytes
***********WAITING************

Write the data to file:8388608 bytes
***********WAITING************

Write the data to file:8388608 bytes
***********WAITING************

Write the data to file:8388608 bytes
***********WAITING************

Write the data to file:8388608 bytes
***********WAITING************

Write the data to file:8388608 bytes
***********WAITING************

Write the data to file:8388608 bytes
***********WAITING************

Write the data to file:8388608 bytes
***********WAITING************

Write the data to file:8388608 bytes
***********WAITING************

Write the data to file:8388608 bytes
***********WAITING************

Write the data to file:8388608 bytes
***********WAITING************

Write the data to file:8388608 bytes
***********WAITING************

Write the data to file:8388608 bytes
***********WAITING************

Write the data to file:8388608 bytes
***********WAITING************

Write the data to file:8388608 bytes
***********WAITING************
nr_of_strided_rec: 1
nr_doubles: 131072
nr_of_strided_rec: 1
nr_doubles: 131072
nr_of_strided_rec: 1
nr_doubles: 131072
nr_of_strided_rec: 1
nr_doubles: 131072
nr_of_strided_rec: 1
nr_doubles: 131072
nr_of_strided_rec: 1
nr_doubles: 131072
nr_of_strided_rec: 1
nr_doubles: 131072
nr_of_strided_rec: 1
nr_doubles: 131072
nr_of_strided_rec: 1
nr_doubles: 131072
nr_of_strided_rec: 1
nr_doubles: 131072
nr_of_strided_rec: 1
nr_doubles: 131072
nr_of_strided_rec: 1
nr_doubles: 131072
nr_of_strided_rec: 1
nr_doubles: 131072
nr_of_strided_rec: 1
nr_doubles: 131072
nr_of_strided_rec: 1
nr_doubles: 131072
nr_of_strided_rec: 1
nr_doubles: 131072

Write the data to file:8388608 bytes
***********WAITING************

Write the data to file:8388608 bytes
***********WAITING************

Write the data to file:8388608 bytes
***********WAITING************

Write the data to file:8388608 bytes
***********WAITING************

Write the data to file:8388608 bytes
***********WAITING************

Write the data to file:8388608 bytes
***********WAITING************

Write the data to file:8388608 bytes
***********WAITING************

Write the data to file:8388608 bytes
***********WAITING************

Write the data to file:8388608 bytes
***********WAITING************

Write the data to file:8388608 bytes
***********WAITING************

Write the data to file:8388608 bytes
***********WAITING************

Write the data to file:8388608 bytes
***********WAITING************

Write the data to file:8388608 bytes
***********WAITING************

Write the data to file:8388608 bytes
***********WAITING************

Write the data to file:8388608 bytes
***********WAITING************

Write the data to file:8388608 bytes
***********WAITING************
nr_of_strided_rec: 1
nr_doubles: 131072
nr_of_strided_rec: 1
nr_doubles: 131072
nr_of_strided_rec: 1
nr_doubles: 131072
nr_of_strided_rec: 1
nr_doubles: 131072
nr_of_strided_rec: 1
nr_doubles: 131072
nr_of_strided_rec: 1
nr_doubles: 131072
nr_of_strided_rec: 1
nr_doubles: 131072
nr_of_strided_rec: 1
nr_doubles: 131072
nr_of_strided_rec: 1
nr_doubles: 131072
nr_of_strided_rec: 1
nr_doubles: 131072
nr_of_strided_rec: 1
nr_doubles: 131072
nr_of_strided_rec: 1
nr_doubles: 131072
nr_of_strided_rec: 1
nr_doubles: 131072
nr_of_strided_rec: 1
nr_doubles: 131072
nr_of_strided_rec: 1
nr_doubles: 131072
nr_of_strided_rec: 1
nr_doubles: 131072

Write the data to file:8388608 bytes
***********WAITING************

Write the data to file:8388608 bytes
***********WAITING************

Write the data to file:8388608 bytes
***********WAITING************

Write the data to file:8388608 bytes
***********WAITING************

Write the data to file:8388608 bytes
***********WAITING************

Write the data to file:8388608 bytes
***********WAITING************

Write the data to file:8388608 bytes
***********WAITING************

Write the data to file:8388608 bytes
***********WAITING************

Write the data to file:8388608 bytes
***********WAITING************

Write the data to file:8388608 bytes
***********WAITING************

Write the data to file:8388608 bytes
***********WAITING************

Write the data to file:8388608 bytes
***********WAITING************

Write the data to file:8388608 bytes
***********WAITING************

Write the data to file:8388608 bytes
***********WAITING************

Write the data to file:8388608 bytes
***********WAITING************

Write the data to file:8388608 bytes
***********WAITING************

Write the data to file:8388608 bytes
***********WAITING************

Write the data to file:8388608 bytes
***********WAITING************

Write the data to file:8388608 bytes
***********WAITING************

Write the data to file:8388608 bytes
***********WAITING************

Write the data to file:8388608 bytes
***********WAITING************

Write the data to file:8388608 bytes
***********WAITING************

Write the data to file:8388608 bytes
***********WAITING************

Write the data to file:8388608 bytes
***********WAITING************

Write the data to file:8388608 bytes
***********WAITING************

Write the data to file:8388608 bytes
***********WAITING************

Write the data to file:8388608 bytes
***********WAITING************

Write the data to file:8388608 bytes
***********WAITING************

Write the data to file:8388608 bytes
***********WAITING************

Write the data to file:8388608 bytes
***********WAITING************

Write the data to file:8388608 bytes
***********WAITING************

Write the data to file:8388608 bytes
***********WAITING************
W_cc         0.59   [      0.59:      0.60]
W_r         12.46   [     12.46:     12.46]
W_w          4.90   [      4.90:      4.90]
          -------
W_total     17.96   [     17.96:     17.96]

calc_W done
calc_W done
calc_W done
calc_W done
nr_of_strided_rec: 1
calc_W done
nr_of_strided_rec: 1
nr_doubles: 131072
calc_W done
nr_of_strided_rec: 1
nr_doubles: 131072
calc_W done
nr_of_strided_rec: 1
nr_doubles: 131072
calc_W done
nr_of_strided_rec: 1
nr_doubles: 131072
calc_W done
nr_of_strided_rec: 1
nr_doubles: 131072
calc_W done
nr_of_strided_rec: 1
nr_doubles: 131072
calc_W done
nr_of_strided_rec: 1
nr_doubles: 131072
calc_W done
nr_of_strided_rec: 1
nr_doubles: 131072
calc_W done
nr_of_strided_rec: 1
nr_doubles: 131072
calc_W done
nr_of_strided_rec: 1
nr_doubles: 131072
calc_W done
nr_of_strided_rec: 1
nr_doubles: 131072
calc_W done
nr_of_strided_rec: 1
nr_doubles: 131072
nr_of_strided_rec: 1
nr_doubles: 131072
nr_of_strided_rec: 1
nr_doubles: 131072
nr_of_strided_rec: 1
nr_doubles: 131072
nr_doubles: 131072
nr_of_strided_rec: 1
nr_doubles: 131072
nr_of_strided_rec: 1
nr_doubles: 131072
nr_of_strided_rec: 1
nr_doubles: 131072
nr_of_strided_rec: 1
nr_doubles: 131072
nr_of_strided_rec: 1
nr_doubles: 131072
nr_of_strided_rec: 1
nr_doubles: 131072
nr_of_strided_rec: 1
nr_doubles: 131072
nr_of_strided_rec: 1
nr_doubles: 131072
nr_of_strided_rec: 1
nr_doubles: 131072
nr_of_strided_rec: 1
nr_doubles: 131072
nr_of_strided_rec: 1
nr_doubles: 131072
nr_of_strided_rec: 1
nr_doubles: 131072
nr_of_strided_rec: 1
nr_doubles: 131072
nr_of_strided_rec: 1
nr_doubles: 131072
nr_of_strided_rec: 1
nr_doubles: 131072
nr_of_strided_rec: 1
nr_doubles: 131072
nr_of_strided_rec: 1
nr_doubles: 131072
nr_of_strided_rec: 1
nr_doubles: 131072
nr_of_strided_rec: 1
nr_doubles: 131072
nr_of_strided_rec: 1
nr_doubles: 131072
nr_of_strided_rec: 1
nr_doubles: 131072
nr_of_strided_rec: 1
nr_doubles: 131072
nr_of_strided_rec: 1
nr_doubles: 131072
nr_of_strided_rec: 1
nr_doubles: 131072
nr_of_strided_rec: 1
nr_doubles: 131072
nr_of_strided_rec: 1
nr_doubles: 131072
nr_of_strided_rec: 1
nr_doubles: 131072
nr_of_strided_rec: 1
nr_doubles: 131072
nr_of_strided_rec: 1
nr_doubles: 131072
nr_of_strided_rec: 1
nr_doubles: 131072
nr_of_strided_rec: 1
nr_doubles: 131072
nr_of_strided_rec: 1
nr_doubles: 131072
nr_of_strided_rec: 1
nr_doubles: 131072
nr_of_strided_rec: 1
nr_doubles: 131072
nr_of_strided_rec: 1
nr_doubles: 131072
nr_of_strided_rec: 1
nr_doubles: 131072
nr_of_strided_rec: 1
nr_doubles: 131072
nr_of_strided_rec: 1
nr_doubles: 131072
nr_of_strided_rec: 1
nr_doubles: 131072
nr_of_strided_rec: 1
nr_doubles: 131072
nr_of_strided_rec: 1
nr_doubles: 131072
nr_of_strided_rec: 1
nr_doubles: 131072
nr_of_strided_rec: 1
nr_doubles: 131072
nr_of_strided_rec: 1
nr_doubles: 131072
nr_of_strided_rec: 1
nr_doubles: 131072
nr_of_strided_rec: 1
nr_doubles: 131072
nr_of_strided_rec: 1
nr_doubles: 131072
nr_of_strided_rec: 1
nr_doubles: 131072
nr_of_strided_rec: 1
nr_doubles: 131072
nr_of_strided_rec: 1
nr_doubles: 131072
nr_of_strided_rec: 1
nr_doubles: 131072
nr_of_strided_rec: 1
nr_doubles: 131072
nr_of_strided_rec: 1
nr_doubles: 131072
nr_of_strided_rec: 1
nr_doubles: 131072
nr_of_strided_rec: 1
nr_doubles: 131072
nr_of_strided_rec: 1
nr_doubles: 131072
nr_of_strided_rec: 1
nr_doubles: 131072
nr_of_strided_rec: 1
nr_doubles: 131072
nr_of_strided_rec: 1
nr_doubles: 131072
nr_of_strided_rec: 1
nr_doubles: 131072
nr_of_strided_rec: 1
nr_doubles: 131072
nr_of_strided_rec: 1
nr_doubles: 131072
nr_of_strided_rec: 1
nr_doubles: 131072
nr_of_strided_rec: 1
nr_doubles: 131072
nr_of_strided_rec: 1
nr_doubles: 131072
nr_of_strided_rec: 1
nr_doubles: 131072
nr_of_strided_rec: 1
nr_doubles: 131072
nr_of_strided_rec: 1
nr_doubles: 131072
nr_of_strided_rec: 1
nr_doubles: 131072
nr_of_strided_rec: 1
nr_doubles: 131072
nr_of_strided_rec: 1
nr_doubles: 131072
nr_of_strided_rec: 1
nr_doubles: 131072
nr_of_strided_rec: 1
nr_doubles: 131072
nr_of_strided_rec: 1
nr_doubles: 131072
nr_of_strided_rec: 1
nr_doubles: 131072
nr_of_strided_rec: 1
nr_doubles: 131072
nr_of_strided_rec: 1
nr_doubles: 131072
nr_of_strided_rec: 1
nr_doubles: 131072
nr_of_strided_rec: 1
nr_doubles: 131072
nr_of_strided_rec: 1
nr_doubles: 131072
nr_of_strided_rec: 1
nr_doubles: 131072
nr_of_strided_rec: 1
nr_doubles: 131072
nr_of_strided_rec: 1
nr_doubles: 131072
nr_of_strided_rec: 1
nr_doubles: 131072
nr_of_strided_rec: 1
nr_doubles: 131072
nr_of_strided_rec: 1
nr_doubles: 131072
nr_of_strided_rec: 1
nr_doubles: 131072
nr_of_strided_rec: 1
nr_doubles: 131072
nr_of_strided_rec: 1
nr_doubles: 131072
nr_of_strided_rec: 1
nr_doubles: 131072
nr_of_strided_rec: 1
nr_doubles: 131072
nr_of_strided_rec: 1
nr_doubles: 131072
nr_of_strided_rec: 1
nr_doubles: 131072
nr_of_strided_rec: 1
nr_doubles: 131072
nr_of_strided_rec: 1
nr_doubles: 131072
nr_of_strided_rec: 1
nr_doubles: 131072
nr_of_strided_rec: 1
nr_doubles: 131072
nr_of_strided_rec: 1
nr_doubles: 131072
nr_of_strided_rec: 1
nr_doubles: 131072
nr_of_strided_rec: 1
nr_doubles: 131072
nr_of_strided_rec: 1
nr_doubles: 131072
nr_of_strided_rec: 1
nr_doubles: 131072
nr_of_strided_rec: 1
nr_doubles: 131072
nr_of_strided_rec: 1
nr_doubles: 131072
nr_of_strided_rec: 1
nr_doubles: 131072
nr_of_strided_rec: 1
nr_doubles: 131072
nr_of_strided_rec: 1
nr_doubles: 131072
nr_of_strided_rec: 1
nr_doubles: 131072
nr_of_strided_rec: 1
nr_doubles: 131072
nr_of_strided_rec: 1
nr_doubles: 131072
nr_of_strided_rec: 1
nr_doubles: 131072
nr_of_strided_rec: 1
nr_doubles: 131072
nr_of_strided_rec: 1
nr_doubles: 131072
nr_of_strided_rec: 1
nr_doubles: 131072
nr_of_strided_rec: 1
nr_doubles: 131072
nr_of_strided_rec: 1
nr_doubles: 131072
nr_of_strided_rec: 1
nr_doubles: 131072
nr_of_strided_rec: 1
nr_doubles: 131072
nr_of_strided_rec: 1
nr_doubles: 131072
nr_of_strided_rec: 1
nr_doubles: 131072
nr_of_strided_rec: 1
nr_doubles: 131072
nr_of_strided_rec: 1
nr_doubles: 131072
nr_of_strided_rec: 1
nr_doubles: 131072
nr_of_strided_rec: 1
nr_doubles: 131072
nr_of_strided_rec: 1
nr_doubles: 131072
nr_of_strided_rec: 1
nr_doubles: 131072
nr_of_strided_rec: 1
nr_doubles: 131072
nr_of_strided_rec: 1
nr_doubles: 131072
nr_of_strided_rec: 1
nr_doubles: 131072
nr_of_strided_rec: 1
nr_doubles: 131072
nr_of_strided_rec: 1
nr_doubles: 131072
nr_of_strided_rec: 1
nr_doubles: 131072
nr_of_strided_rec: 1
nr_doubles: 131072
nr_of_strided_rec: 1
nr_doubles: 131072
nr_of_strided_rec: 1
nr_doubles: 131072
nr_of_strided_rec: 1
nr_doubles: 131072
nr_of_strided_rec: 1
nr_doubles: 131072
nr_of_strided_rec: 1
nr_doubles: 131072
nr_of_strided_rec: 1
nr_doubles: 131072
nr_of_strided_rec: 1
nr_doubles: 131072
nr_of_strided_rec: 1
nr_doubles: 131072
nr_of_strided_rec: 1
nr_doubles: 131072
nr_of_strided_rec: 1
nr_doubles: 131072
nr_of_strided_rec: 1
nr_doubles: 131072
nr_of_strided_rec: 1
nr_doubles: 131072
nr_of_strided_rec: 1
nr_doubles: 131072
nr_of_strided_rec: 1
nr_doubles: 131072
nr_of_strided_rec: 1
nr_doubles: 131072
nr_of_strided_rec: 1
nr_doubles: 131072
nr_of_strided_rec: 1
nr_doubles: 131072
nr_of_strided_rec: 1
nr_doubles: 131072
nr_of_strided_rec: 1
nr_doubles: 131072
nr_of_strided_rec: 1
nr_doubles: 131072
nr_of_strided_rec: 1
nr_doubles: 131072
nr_of_strided_rec: 1
nr_doubles: 131072
nr_of_strided_rec: 1
nr_doubles: 131072
nr_of_strided_rec: 1
nr_doubles: 131072
nr_of_strided_rec: 1
nr_doubles: 131072
nr_of_strided_rec: 1
nr_doubles: 131072
nr_of_strided_rec: 1
nr_doubles: 131072
nr_of_strided_rec: 1
nr_doubles: 131072
nr_of_strided_rec: 1
nr_doubles: 131072
nr_of_strided_rec: 1
nr_doubles: 131072
nr_of_strided_rec: 1
nr_doubles: 131072
nr_of_strided_rec: 1
nr_doubles: 131072
nr_of_strided_rec: 1
nr_doubles: 131072
nr_of_strided_rec: 1
nr_doubles: 131072
nr_of_strided_rec: 1
nr_doubles: 131072
nr_of_strided_rec: 1
nr_doubles: 131072
nr_of_strided_rec: 1
nr_doubles: 131072
nr_of_strided_rec: 1
nr_doubles: 131072
nr_of_strided_rec: 1
nr_doubles: 131072
nr_of_strided_rec: 1
nr_doubles: 131072
nr_of_strided_rec: 1
nr_doubles: 131072
nr_of_strided_rec: 1
nr_doubles: 131072
nr_of_strided_rec: 1
nr_doubles: 131072
nr_of_strided_rec: 1
nr_doubles: 131072
nr_of_strided_rec: 1
nr_doubles: 131072
nr_of_strided_rec: 1
nr_doubles: 131072
nr_of_strided_rec: 1
nr_doubles: 131072
nr_of_strided_rec: 1
nr_doubles: 131072
nr_of_strided_rec: 1
nr_doubles: 131072
nr_of_strided_rec: 1
nr_doubles: 131072
nr_of_strided_rec: 1
nr_doubles: 131072
nr_of_strided_rec: 1
nr_doubles: 131072
nr_of_strided_rec: 1
nr_doubles: 131072
nr_of_strided_rec: 1
nr_doubles: 131072
nr_of_strided_rec: 1
nr_doubles: 131072
nr_of_strided_rec: 1
nr_doubles: 131072
nr_of_strided_rec: 1
nr_doubles: 131072
nr_of_strided_rec: 1
nr_doubles: 131072
nr_of_strided_rec: 1
nr_doubles: 131072
nr_of_strided_rec: 1
nr_doubles: 131072
nr_of_strided_rec: 1
nr_doubles: 131072
nr_of_strided_rec: 1
nr_doubles: 131072
nr_of_strided_rec: 1
nr_doubles: 131072
nr_of_strided_rec: 1
nr_doubles: 131072
nr_of_strided_rec: 1
nr_doubles: 131072
nr_of_strided_rec: 1
nr_doubles: 131072
nr_of_strided_rec: 1
nr_doubles: 131072
nr_of_strided_rec: 1
nr_doubles: 131072
nr_of_strided_rec: 1
nr_doubles: 131072
nr_of_strided_rec: 1
nr_doubles: 131072
nr_of_strided_rec: 1
nr_doubles: 131072
nr_of_strided_rec: 1
nr_doubles: 131072
nr_of_strided_rec: 1
nr_doubles: 131072
nr_of_strided_rec: 1
nr_doubles: 131072
nr_of_strided_rec: 1
nr_doubles: 131072
nr_of_strided_rec: 1
nr_doubles: 131072
nr_of_strided_rec: 1
nr_doubles: 131072
nr_of_strided_rec: 1
nr_doubles: 131072
nr_of_strided_rec: 1
nr_doubles: 131072
nr_of_strided_rec: 1
nr_doubles: 131072
nr_of_strided_rec: 1
nr_doubles: 131072
nr_of_strided_rec: 1
nr_doubles: 131072
nr_of_strided_rec: 1
nr_doubles: 131072
nr_of_strided_rec: 1
nr_doubles: 131072
nr_of_strided_rec: 1
nr_doubles: 131072
nr_of_strided_rec: 1
nr_doubles: 131072
nr_of_strided_rec: 1
nr_doubles: 131072
nr_of_strided_rec: 1
nr_doubles: 131072
nr_of_strided_rec: 1
nr_doubles: 131072
nr_of_strided_rec: 1
nr_doubles: 131072
nr_of_strided_rec: 1
nr_doubles: 131072
nr_of_strided_rec: 1
nr_doubles: 131072
nr_of_strided_rec: 1
nr_doubles: 131072
nr_of_strided_rec: 1
nr_doubles: 131072
nr_of_strided_rec: 1
nr_doubles: 131072
nr_of_strided_rec: 1
nr_doubles: 131072
nr_of_strided_rec: 1
nr_doubles: 131072
nr_of_strided_rec: 1
nr_doubles: 131072
nr_of_strided_rec: 1
nr_doubles: 131072
nr_of_strided_rec: 1
nr_doubles: 131072
nr_of_strided_rec: 1
nr_doubles: 131072
nr_of_strided_rec: 1
nr_doubles: 131072
nr_of_strided_rec: 1
nr_doubles: 131072
nr_of_strided_rec: 1
nr_doubles: 131072
nr_of_strided_rec: 1
nr_doubles: 131072
nr_of_strided_rec: 1
nr_doubles: 131072
nr_of_strided_rec: 1
nr_doubles: 131072
nr_of_strided_rec: 1
nr_doubles: 131072
nr_of_strided_rec: 1
nr_doubles: 131072
nr_of_strided_rec: 1
nr_doubles: 131072
nr_of_strided_rec: 1
nr_doubles: 131072
nr_of_strided_rec: 1
nr_doubles: 131072
nr_of_strided_rec: 1
nr_doubles: 131072
nr_of_strided_rec: 1
nr_doubles: 131072
nr_of_strided_rec: 1
nr_doubles: 131072
nr_of_strided_rec: 1
nr_doubles: 131072
nr_of_strided_rec: 1
nr_doubles: 131072
nr_of_strided_rec: 1
nr_doubles: 131072
nr_of_strided_rec: 1
nr_doubles: 131072
nr_of_strided_rec: 1
nr_doubles: 131072
nr_of_strided_rec: 1
nr_doubles: 131072
nr_of_strided_rec: 1
nr_doubles: 131072
nr_of_strided_rec: 1
nr_doubles: 131072
nr_of_strided_rec: 1
nr_doubles: 131072
nr_of_strided_rec: 1
nr_doubles: 131072
nr_of_strided_rec: 1
nr_doubles: 131072
nr_of_strided_rec: 1
nr_doubles: 131072
nr_of_strided_rec: 1
nr_doubles: 131072
nr_of_strided_rec: 1
nr_doubles: 131072
nr_of_strided_rec: 1
nr_doubles: 131072
nr_of_strided_rec: 1
nr_doubles: 131072
nr_of_strided_rec: 1
nr_doubles: 131072
nr_of_strided_rec: 1
nr_doubles: 131072
nr_of_strided_rec: 1
nr_doubles: 131072
nr_of_strided_rec: 1
nr_doubles: 131072
nr_of_strided_rec: 1
nr_doubles: 131072
nr_of_strided_rec: 1
nr_doubles: 131072
nr_of_strided_rec: 1
nr_doubles: 131072
nr_of_strided_rec: 1
nr_doubles: 131072
nr_of_strided_rec: 1
nr_doubles: 131072
nr_of_strided_rec: 1
nr_doubles: 131072
nr_of_strided_rec: 1
nr_doubles: 131072
nr_of_strided_rec: 1
nr_doubles: 131072
nr_of_strided_rec: 1
nr_doubles: 131072
nr_of_strided_rec: 1
nr_doubles: 131072
nr_of_strided_rec: 1
nr_doubles: 131072
nr_of_strided_rec: 1
nr_doubles: 131072
nr_of_strided_rec: 1
nr_doubles: 131072
nr_of_strided_rec: 1
nr_doubles: 131072
nr_of_strided_rec: 1
nr_doubles: 131072
nr_of_strided_rec: 1
nr_doubles: 131072
nr_of_strided_rec: 1
nr_doubles: 131072
nr_of_strided_rec: 1
nr_doubles: 131072
nr_of_strided_rec: 1
nr_doubles: 131072
nr_of_strided_rec: 1
nr_doubles: 131072
nr_of_strided_rec: 1
nr_doubles: 131072
nr_of_strided_rec: 1
nr_doubles: 131072
nr_of_strided_rec: 1
nr_doubles: 131072
nr_of_strided_rec: 1
nr_doubles: 131072
nr_of_strided_rec: 1
