fclose PID:32787 fd:3
fclose PID:32787 fd:4
fclose PID:32787 fd:4
fclose PID:32787 fd:3
available: 2 nodes (0-1)
fclose PID:32787 fd:3
node 0 cpus:fclose PID:32787 fd:3
 0 1 2 3 4 5 6 7 8 9 20 21 22 23 24 25 26 27 28 29
node 0 size: 80440 MB
node 0 free: 80124 MB
fclose PID:32787 fd:3
node 1 cpus:fclose PID:32787 fd:3
 10 11 12 13 14 15 16 17 18 19 30 31 32 33 34 35 36 37 38 39
node 1 size: 80635 MB
node 1 free: 80378 MB
fclose PID:32787 fd:3
fclose PID:32787 fd:3
node distances:
node   0   1 
  0:  10  21 
  1:  21  10 
READAHEAD_TIME:0.000000 us
MaxRSS= 2192 KB, SharedMem= 0 KB, HardPageFault= 10
fclose PID:32792 fd:12
fclose PID:32793 fd:10
fclose PID:32794 fd:8
fclose PID:32795 fd:8

MADbench 2.0 IO-mode
no_pe = 4  no_pix = 16384  no_bin = 30  no_gang = 1 sblocksize = 8  fblocksize = 64  r_mod = 1  w_mod = 1 record_size=524288 stride=7


IOMETHOD = POSIX  IOMODE = SYNC  FILETYPE = UNIQUE  REMAP = CUSTOMbuild_S
build_S
build_S
build_S

Write the data to file:536870912 bytes
***********WAITING************

Write the data to file:536870912 bytes
***********WAITING************

Write the data to file:536870912 bytes
***********WAITING************

Write the data to file:536870912 bytes
***********WAITING************

Write the data to file:536870912 bytes
***********WAITING************

Write the data to file:536870912 bytes
***********WAITING************

Write the data to file:536870912 bytes
***********WAITING************

Write the data to file:536870912 bytes
***********WAITING************

Write the data to file:536870912 bytes
***********WAITING************

Write the data to file:536870912 bytes
***********WAITING************

Write the data to file:536870912 bytes
***********WAITING************

Write the data to file:536870912 bytes
***********WAITING************

Write the data to file:536870912 bytes
***********WAITING************

Write the data to file:536870912 bytes
***********WAITING************

Write the data to file:536870912 bytes
***********WAITING************

Write the data to file:536870912 bytes
***********WAITING************

Write the data to file:536870912 bytes
***********WAITING************

Write the data to file:536870912 bytes
***********WAITING************

Write the data to file:536870912 bytes
***********WAITING************

Write the data to file:536870912 bytes
***********WAITING************

Write the data to file:536870912 bytes
***********WAITING************

Write the data to file:536870912 bytes
***********WAITING************

Write the data to file:536870912 bytes
***********WAITING************

Write the data to file:536870912 bytes
***********WAITING************

Write the data to file:536870912 bytes
***********WAITING************

Write the data to file:536870912 bytes
***********WAITING************

Write the data to file:536870912 bytes
***********WAITING************

Write the data to file:536870912 bytes
***********WAITING************

Write the data to file:536870912 bytes
***********WAITING************

Write the data to file:536870912 bytes
***********WAITING************

Write the data to file:536870912 bytes
***********WAITING************

Write the data to file:536870912 bytes
***********WAITING************

Write the data to file:536870912 bytes
***********WAITING************

Write the data to file:536870912 bytes
***********WAITING************

Write the data to file:536870912 bytes
***********WAITING************

Write the data to file:536870912 bytes
***********WAITING************

Write the data to file:536870912 bytes
***********WAITING************

Write the data to file:536870912 bytes
***********WAITING************

Write the data to file:536870912 bytes
***********WAITING************

Write the data to file:536870912 bytes
***********WAITING************

Write the data to file:536870912 bytes
***********WAITING************

Write the data to file:536870912 bytes
***********WAITING************

Write the data to file:536870912 bytes
***********WAITING************

Write the data to file:536870912 bytes
***********WAITING************

Write the data to file:536870912 bytes
***********WAITING************

Write the data to file:536870912 bytes
***********WAITING************

Write the data to file:536870912 bytes
***********WAITING************

Write the data to file:536870912 bytes
***********WAITING************

Write the data to file:536870912 bytes
***********WAITING************

Write the data to file:536870912 bytes
***********WAITING************

Write the data to file:536870912 bytes
***********WAITING************

Write the data to file:536870912 bytes
***********WAITING************

Write the data to file:536870912 bytes
***********WAITING************

Write the data to file:536870912 bytes
***********WAITING************

Write the data to file:536870912 bytes
***********WAITING************

Write the data to file:536870912 bytes
***********WAITING************

Write the data to file:536870912 bytes
***********WAITING************

Write the data to file:536870912 bytes
***********WAITING************

Write the data to file:536870912 bytes
***********WAITING************

Write the data to file:536870912 bytes
***********WAITING************

Write the data to file:536870912 bytes
***********WAITING************

Write the data to file:536870912 bytes
***********WAITING************

Write the data to file:536870912 bytes
***********WAITING************

Write the data to file:536870912 bytes
***********WAITING************

Write the data to file:536870912 bytes
***********WAITING************

Write the data to file:536870912 bytes
***********WAITING************

Write the data to file:536870912 bytes
***********WAITING************

Write the data to file:536870912 bytes
***********WAITING************

Write the data to file:536870912 bytes
***********WAITING************

Write the data to file:536870912 bytes
***********WAITING************

Write the data to file:536870912 bytes
***********WAITING************

Write the data to file:536870912 bytes
***********WAITING************

Write the data to file:536870912 bytes
***********WAITING************

Write the data to file:536870912 bytes
***********WAITING************

Write the data to file:536870912 bytes
***********WAITING************

Write the data to file:536870912 bytes
***********WAITING************

Write the data to file:536870912 bytes
***********WAITING************

Write the data to file:536870912 bytes
***********WAITING************

Write the data to file:536870912 bytes
***********WAITING************

Write the data to file:536870912 bytes
***********WAITING************

Write the data to file:536870912 bytes
***********WAITING************

Write the data to file:536870912 bytes
***********WAITING************

Write the data to file:536870912 bytes
***********WAITING************

Write the data to file:536870912 bytes
***********WAITING************

Write the data to file:536870912 bytes
***********WAITING************

Write the data to file:536870912 bytes
***********WAITING************

Write the data to file:536870912 bytes
***********WAITING************

Write the data to file:536870912 bytes
***********WAITING************

Write the data to file:536870912 bytes
***********WAITING************

Write the data to file:536870912 bytes
***********WAITING************

Write the data to file:536870912 bytes
***********WAITING************

Write the data to file:536870912 bytes
***********WAITING************

Write the data to file:536870912 bytes
***********WAITING************

Write the data to file:536870912 bytes
***********WAITING************

Write the data to file:536870912 bytes
***********WAITING************

Write the data to file:536870912 bytes
***********WAITING************

Write the data to file:536870912 bytes
***********WAITING************

Write the data to file:536870912 bytes
***********WAITING************

Write the data to file:536870912 bytes
***********WAITING************

Write the data to file:536870912 bytes
***********WAITING************

Write the data to file:536870912 bytes
***********WAITING************

Write the data to file:536870912 bytes
***********WAITING************

Write the data to file:536870912 bytes
***********WAITING************

Write the data to file:536870912 bytes
***********WAITING************

Write the data to file:536870912 bytes
***********WAITING************

Write the data to file:536870912 bytes
***********WAITING************

Write the data to file:536870912 bytes
***********WAITING************

Write the data to file:536870912 bytes
***********WAITING************

Write the data to file:536870912 bytes
***********WAITING************

Write the data to file:536870912 bytes
***********WAITING************

Write the data to file:536870912 bytes
***********WAITING************

Write the data to file:536870912 bytes
***********WAITING************

Write the data to file:536870912 bytes
***********WAITING************

Write the data to file:536870912 bytes
***********WAITING************

Write the data to file:536870912 bytes
***********WAITING************

Write the data to file:536870912 bytes
***********WAITING************

Write the data to file:536870912 bytes
***********WAITING************

Write the data to file:536870912 bytes
***********WAITING************

Write the data to file:536870912 bytes
***********WAITING************

Write the data to file:536870912 bytes
***********WAITING************
S_cc         4.96   [      4.95:      4.97]
S_bw         2.73   [      2.73:      2.73]
S_w        123.64   [    123.63:    123.64]
          -------
S_total    131.33   [    131.32:    131.34]

build_S done
calc_W
build_S done
calc_W
nr_of_strided_rec: 128
nr_doubles: 65536
build_S done
calc_W
nr_of_strided_rec: 128
nr_doubles: 65536
build_S done
calc_W
nr_of_strided_rec: 128
nr_doubles: 65536
nr_of_strided_rec: 128
nr_doubles: 65536
nr_of_strided_rec: 128
nr_doubles: 65536
nr_of_strided_rec: 128
nr_doubles: 65536
nr_of_strided_rec: 128
nr_doubles: 65536
nr_of_strided_rec: 128
nr_doubles: 65536

Write the data to file:536870912 bytes
***********WAITING************

Write the data to file:536870912 bytes
***********WAITING************

Write the data to file:536870912 bytes
***********WAITING************

Write the data to file:536870912 bytes
***********WAITING************
nr_of_strided_rec: 128
nr_doubles: 65536
nr_of_strided_rec: 128
nr_doubles: 65536
nr_of_strided_rec: 128
nr_doubles: 65536
nr_of_strided_rec: 128
nr_doubles: 65536

Write the data to file:536870912 bytes
***********WAITING************

Write the data to file:536870912 bytes
***********WAITING************

Write the data to file:536870912 bytes
***********WAITING************

Write the data to file:536870912 bytes
***********WAITING************
nr_of_strided_rec: 128
nr_doubles: 65536
nr_of_strided_rec: 128
nr_doubles: 65536
nr_of_strided_rec: 128
nr_doubles: 65536
nr_of_strided_rec: 128
nr_doubles: 65536

Write the data to file:536870912 bytes
***********WAITING************

Write the data to file:536870912 bytes
***********WAITING************

Write the data to file:536870912 bytes
***********WAITING************

Write the data to file:536870912 bytes
***********WAITING************
nr_of_strided_rec: 128
nr_doubles: 65536
nr_of_strided_rec: 128
nr_doubles: 65536
nr_of_strided_rec: 128
nr_doubles: 65536
nr_of_strided_rec: 128
nr_doubles: 65536

Write the data to file:536870912 bytes
***********WAITING************

Write the data to file:536870912 bytes
***********WAITING************

Write the data to file:536870912 bytes
***********WAITING************

Write the data to file:536870912 bytes
***********WAITING************
nr_of_strided_rec: 128
nr_doubles: 65536
nr_of_strided_rec: 128
nr_doubles: 65536
nr_of_strided_rec: 128
nr_doubles: 65536
nr_of_strided_rec: 128
nr_doubles: 65536

Write the data to file:536870912 bytes
***********WAITING************

Write the data to file:536870912 bytes
***********WAITING************

Write the data to file:536870912 bytes
***********WAITING************

Write the data to file:536870912 bytes
***********WAITING************
nr_of_strided_rec: 128
nr_doubles: 65536
nr_of_strided_rec: 128
nr_doubles: 65536
nr_of_strided_rec: 128
nr_doubles: 65536
nr_of_strided_rec: 128
nr_doubles: 65536

Write the data to file:536870912 bytes
***********WAITING************

Write the data to file:536870912 bytes
***********WAITING************

Write the data to file:536870912 bytes
***********WAITING************

Write the data to file:536870912 bytes
***********WAITING************
nr_of_strided_rec: 128
nr_doubles: 65536
nr_of_strided_rec: 128
nr_doubles: 65536
nr_of_strided_rec: 128
nr_doubles: 65536
nr_of_strided_rec: 128
nr_doubles: 65536

Write the data to file:536870912 bytes
***********WAITING************

Write the data to file:536870912 bytes
***********WAITING************

Write the data to file:536870912 bytes
***********WAITING************

Write the data to file:536870912 bytes
***********WAITING************
nr_of_strided_rec: 128
nr_doubles: 65536
nr_of_strided_rec: 128
nr_doubles: 65536
nr_of_strided_rec: 128
nr_doubles: 65536
nr_of_strided_rec: 128
nr_doubles: 65536

Write the data to file:536870912 bytes
***********WAITING************

Write the data to file:536870912 bytes
***********WAITING************

Write the data to file:536870912 bytes
***********WAITING************

Write the data to file:536870912 bytes
***********WAITING************
nr_of_strided_rec: 128
nr_doubles: 65536
nr_of_strided_rec: 128
nr_doubles: 65536
nr_of_strided_rec: 128
nr_doubles: 65536
nr_of_strided_rec: 128
nr_doubles: 65536

Write the data to file:536870912 bytes
***********WAITING************

Write the data to file:536870912 bytes
***********WAITING************

Write the data to file:536870912 bytes
***********WAITING************

Write the data to file:536870912 bytes
***********WAITING************
nr_of_strided_rec: 128
nr_doubles: 65536
nr_of_strided_rec: 128
nr_doubles: 65536
nr_of_strided_rec: 128
nr_doubles: 65536
nr_of_strided_rec: 128
nr_doubles: 65536

Write the data to file:536870912 bytes
***********WAITING************

Write the data to file:536870912 bytes
***********WAITING************

Write the data to file:536870912 bytes
***********WAITING************

Write the data to file:536870912 bytes
***********WAITING************
nr_of_strided_rec: 128
nr_doubles: 65536
nr_of_strided_rec: 128
nr_doubles: 65536
nr_of_strided_rec: 128
nr_doubles: 65536
nr_of_strided_rec: 128
nr_doubles: 65536

Write the data to file:536870912 bytes
***********WAITING************

Write the data to file:536870912 bytes
***********WAITING************

Write the data to file:536870912 bytes
***********WAITING************

Write the data to file:536870912 bytes
***********WAITING************
nr_of_strided_rec: 128
nr_doubles: 65536
nr_of_strided_rec: 128
nr_doubles: 65536
nr_of_strided_rec: 128
nr_doubles: 65536
nr_of_strided_rec: 128
nr_doubles: 65536

Write the data to file:536870912 bytes
***********WAITING************

Write the data to file:536870912 bytes
***********WAITING************

Write the data to file:536870912 bytes
***********WAITING************

Write the data to file:536870912 bytes
***********WAITING************
nr_of_strided_rec: 128
nr_doubles: 65536
nr_of_strided_rec: 128
nr_doubles: 65536
nr_of_strided_rec: 128
nr_doubles: 65536
nr_of_strided_rec: 128
nr_doubles: 65536

Write the data to file:536870912 bytes
***********WAITING************

Write the data to file:536870912 bytes
***********WAITING************

Write the data to file:536870912 bytes
***********WAITING************

Write the data to file:536870912 bytes
***********WAITING************
nr_of_strided_rec: 128
nr_doubles: 65536
nr_of_strided_rec: 128
nr_doubles: 65536
nr_of_strided_rec: 128
nr_doubles: 65536
nr_of_strided_rec: 128
nr_doubles: 65536

Write the data to file:536870912 bytes
***********WAITING************

Write the data to file:536870912 bytes
***********WAITING************

Write the data to file:536870912 bytes
***********WAITING************

Write the data to file:536870912 bytes
***********WAITING************
nr_of_strided_rec: 128
nr_doubles: 65536
nr_of_strided_rec: 128
nr_doubles: 65536
nr_of_strided_rec: 128
nr_doubles: 65536
nr_of_strided_rec: 128
nr_doubles: 65536

Write the data to file:536870912 bytes
***********WAITING************

Write the data to file:536870912 bytes
***********WAITING************

Write the data to file:536870912 bytes
***********WAITING************

Write the data to file:536870912 bytes
***********WAITING************
nr_of_strided_rec: 128
nr_doubles: 65536
nr_of_strided_rec: 128
nr_doubles: 65536
nr_of_strided_rec: 128
nr_doubles: 65536
nr_of_strided_rec: 128
nr_doubles: 65536

Write the data to file:536870912 bytes
***********WAITING************

Write the data to file:536870912 bytes
***********WAITING************

Write the data to file:536870912 bytes
***********WAITING************

Write the data to file:536870912 bytes
***********WAITING************
nr_of_strided_rec: 128
nr_doubles: 65536
nr_of_strided_rec: 128
nr_doubles: 65536
nr_of_strided_rec: 128
nr_doubles: 65536
nr_of_strided_rec: 128
nr_doubles: 65536

Write the data to file:536870912 bytes
***********WAITING************

Write the data to file:536870912 bytes
***********WAITING************

Write the data to file:536870912 bytes
***********WAITING************

Write the data to file:536870912 bytes
***********WAITING************
nr_of_strided_rec: 128
nr_doubles: 65536
nr_of_strided_rec: 128
nr_doubles: 65536
nr_of_strided_rec: 128
nr_doubles: 65536
nr_of_strided_rec: 128
nr_doubles: 65536

Write the data to file:536870912 bytes
***********WAITING************

Write the data to file:536870912 bytes
***********WAITING************

Write the data to file:536870912 bytes
***********WAITING************

Write the data to file:536870912 bytes
***********WAITING************
nr_of_strided_rec: 128
nr_doubles: 65536
nr_of_strided_rec: 128
nr_doubles: 65536
nr_of_strided_rec: 128
nr_doubles: 65536
nr_of_strided_rec: 128
nr_doubles: 65536

Write the data to file:536870912 bytes
***********WAITING************

Write the data to file:536870912 bytes
***********WAITING************

Write the data to file:536870912 bytes
***********WAITING************

Write the data to file:536870912 bytes
***********WAITING************
nr_of_strided_rec: 128
nr_doubles: 65536
nr_of_strided_rec: 128
nr_doubles: 65536
nr_of_strided_rec: 128
nr_doubles: 65536
nr_of_strided_rec: 128
nr_doubles: 65536

Write the data to file:536870912 bytes
***********WAITING************

Write the data to file:536870912 bytes
***********WAITING************

Write the data to file:536870912 bytes
***********WAITING************

Write the data to file:536870912 bytes
***********WAITING************
nr_of_strided_rec: 128
nr_doubles: 65536
nr_of_strided_rec: 128
nr_doubles: 65536
nr_of_strided_rec: 128
nr_doubles: 65536
nr_of_strided_rec: 128
nr_doubles: 65536

Write the data to file:536870912 bytes
***********WAITING************

Write the data to file:536870912 bytes
***********WAITING************

Write the data to file:536870912 bytes
***********WAITING************

Write the data to file:536870912 bytes
***********WAITING************
nr_of_strided_rec: 128
nr_doubles: 65536
nr_of_strided_rec: 128
nr_doubles: 65536
nr_of_strided_rec: 128
nr_doubles: 65536
nr_of_strided_rec: 128
nr_doubles: 65536

Write the data to file:536870912 bytes
***********WAITING************

Write the data to file:536870912 bytes
***********WAITING************

Write the data to file:536870912 bytes
***********WAITING************

Write the data to file:536870912 bytes
***********WAITING************
nr_of_strided_rec: 128
nr_doubles: 65536
nr_of_strided_rec: 128
nr_doubles: 65536
nr_of_strided_rec: 128
nr_doubles: 65536
nr_of_strided_rec: 128
nr_doubles: 65536

Write the data to file:536870912 bytes
***********WAITING************

Write the data to file:536870912 bytes
***********WAITING************

Write the data to file:536870912 bytes
***********WAITING************

Write the data to file:536870912 bytes
***********WAITING************
nr_of_strided_rec: 128
nr_doubles: 65536
nr_of_strided_rec: 128
nr_doubles: 65536
nr_of_strided_rec: 128
nr_doubles: 65536
nr_of_strided_rec: 128
nr_doubles: 65536

Write the data to file:536870912 bytes
***********WAITING************

Write the data to file:536870912 bytes
***********WAITING************

Write the data to file:536870912 bytes
***********WAITING************

Write the data to file:536870912 bytes
***********WAITING************
nr_of_strided_rec: 128
nr_doubles: 65536
nr_of_strided_rec: 128
nr_doubles: 65536
nr_of_strided_rec: 128
nr_doubles: 65536
nr_of_strided_rec: 128
nr_doubles: 65536

Write the data to file:536870912 bytes
***********WAITING************

Write the data to file:536870912 bytes
***********WAITING************

Write the data to file:536870912 bytes
***********WAITING************

Write the data to file:536870912 bytes
***********WAITING************
nr_of_strided_rec: 128
nr_doubles: 65536
nr_of_strided_rec: 128
nr_doubles: 65536
nr_of_strided_rec: 128
nr_doubles: 65536
nr_of_strided_rec: 128
nr_doubles: 65536

Write the data to file:536870912 bytes
***********WAITING************

Write the data to file:536870912 bytes
***********WAITING************

Write the data to file:536870912 bytes
***********WAITING************

Write the data to file:536870912 bytes
***********WAITING************
nr_of_strided_rec: 128
nr_doubles: 65536
nr_of_strided_rec: 128
nr_doubles: 65536
nr_of_strided_rec: 128
nr_doubles: 65536
nr_of_strided_rec: 128
nr_doubles: 65536

Write the data to file:536870912 bytes
***********WAITING************

Write the data to file:536870912 bytes
***********WAITING************

Write the data to file:536870912 bytes
***********WAITING************

Write the data to file:536870912 bytes
***********WAITING************
nr_of_strided_rec: 128
nr_doubles: 65536
nr_of_strided_rec: 128
nr_doubles: 65536
nr_of_strided_rec: 128
nr_doubles: 65536
nr_of_strided_rec: 128
nr_doubles: 65536

Write the data to file:536870912 bytes
***********WAITING************

Write the data to file:536870912 bytes
***********WAITING************

Write the data to file:536870912 bytes
***********WAITING************

Write the data to file:536870912 bytes
***********WAITING************
nr_of_strided_rec: 128
nr_doubles: 65536
nr_of_strided_rec: 128
nr_doubles: 65536
nr_of_strided_rec: 128
nr_doubles: 65536
nr_of_strided_rec: 128
nr_doubles: 65536

Write the data to file:536870912 bytes
***********WAITING************

Write the data to file:536870912 bytes
***********WAITING************

Write the data to file:536870912 bytes
***********WAITING************

Write the data to file:536870912 bytes
***********WAITING************

Write the data to file:536870912 bytes
***********WAITING************

Write the data to file:536870912 bytes
***********WAITING************

Write the data to file:536870912 bytes
***********WAITING************

Write the data to file:536870912 bytes
***********WAITING************
W_cc         8.02   [      8.01:      8.02]
W_r        220.00   [    220.00:    220.00]
W_w        106.37   [    106.37:    106.37]
          -------
W_total    334.38   [    334.38:    334.39]

calc_W done
calc_W done
calc_W done
calc_W done
nr_of_strided_rec: 128
nr_doubles: 65536
nr_of_strided_rec: 128
nr_doubles: 65536
nr_of_strided_rec: 128
nr_doubles: 65536
nr_of_strided_rec: 128
nr_doubles: 65536
nr_of_strided_rec: 128
nr_doubles: 65536
nr_of_strided_rec: 128
nr_doubles: 65536
nr_of_strided_rec: 128
nr_doubles: 65536
nr_of_strided_rec: 128
nr_doubles: 65536
nr_of_strided_rec: 128
nr_doubles: 65536
nr_of_strided_rec: 128
nr_doubles: 65536
nr_of_strided_rec: 128
nr_doubles: 65536
nr_of_strided_rec: 128
nr_doubles: 65536
nr_of_strided_rec: 128
nr_doubles: 65536
nr_of_strided_rec: 128
nr_doubles: 65536
nr_of_strided_rec: 128
nr_doubles: 65536
nr_of_strided_rec: 128
nr_doubles: 65536
nr_of_strided_rec: 128
nr_doubles: 65536
nr_of_strided_rec: 128
nr_doubles: 65536
nr_of_strided_rec: 128
nr_doubles: 65536
nr_of_strided_rec: 128
nr_doubles: 65536
nr_of_strided_rec: 128
nr_doubles: 65536
nr_of_strided_rec: 128
nr_doubles: 65536
nr_of_strided_rec: 128
nr_doubles: 65536
nr_of_strided_rec: 128
nr_doubles: 65536
nr_of_strided_rec: 128
nr_doubles: 65536
nr_of_strided_rec: 128
nr_doubles: 65536
nr_of_strided_rec: 128
nr_doubles: 65536
nr_of_strided_rec: 128
nr_doubles: 65536
nr_of_strided_rec: 128
nr_doubles: 65536
nr_of_strided_rec: 128
nr_doubles: 65536
nr_of_strided_rec: 128
nr_doubles: 65536
nr_of_strided_rec: 128
nr_doubles: 65536
nr_of_strided_rec: 128
nr_doubles: 65536
nr_of_strided_rec: 128
nr_doubles: 65536
nr_of_strided_rec: 128
nr_doubles: 65536
nr_of_strided_rec: 128
nr_doubles: 65536
nr_of_strided_rec: 128
nr_doubles: 65536
nr_of_strided_rec: 128
nr_doubles: 65536
nr_of_strided_rec: 128
nr_doubles: 65536
nr_of_strided_rec: 128
nr_doubles: 65536
nr_of_strided_rec: 128
nr_doubles: 65536
nr_of_strided_rec: 128
nr_doubles: 65536
nr_of_strided_rec: 128
nr_doubles: 65536
nr_of_strided_rec: 128
nr_doubles: 65536
nr_of_strided_rec: 128
nr_doubles: 65536
nr_of_strided_rec: 128
nr_doubles: 65536
nr_of_strided_rec: 128
nr_doubles: 65536
nr_of_strided_rec: 128
nr_doubles: 65536
nr_of_strided_rec: 128
nr_doubles: 65536
nr_of_strided_rec: 128
nr_doubles: 65536
nr_of_strided_rec: 128
nr_doubles: 65536
nr_of_strided_rec: 128
nr_doubles: 65536
nr_of_strided_rec: 128
nr_doubles: 65536
nr_of_strided_rec: 128
nr_doubles: 65536
nr_of_strided_rec: 128
nr_doubles: 65536
nr_of_strided_rec: 128
nr_doubles: 65536
nr_of_strided_rec: 128
nr_doubles: 65536
nr_of_strided_rec: 128
nr_doubles: 65536
nr_of_strided_rec: 128
nr_doubles: 65536
nr_of_strided_rec: 128
nr_doubles: 65536
nr_of_strided_rec: 128
nr_doubles: 65536
nr_of_strided_rec: 128
nr_doubles: 65536
nr_of_strided_rec: 128
nr_doubles: 65536
nr_of_strided_rec: 128
nr_doubles: 65536
nr_of_strided_rec: 128
nr_doubles: 65536
nr_of_strided_rec: 128
nr_doubles: 65536
nr_of_strided_rec: 128
nr_doubles: 65536
nr_of_strided_rec: 128
nr_doubles: 65536
nr_of_strided_rec: 128
nr_doubles: 65536
nr_of_strided_rec: 128
nr_doubles: 65536
nr_of_strided_rec: 128
nr_doubles: 65536
nr_of_strided_rec: 128
nr_doubles: 65536
nr_of_strided_rec: 128
nr_doubles: 65536
nr_of_strided_rec: 128
nr_doubles: 65536
nr_of_strided_rec: 128
nr_doubles: 65536
nr_of_strided_rec: 128
nr_doubles: 65536
nr_of_strided_rec: 128
nr_doubles: 65536
nr_of_strided_rec: 128
nr_doubles: 65536
nr_of_strided_rec: 128
nr_doubles: 65536
nr_of_strided_rec: 128
nr_doubles: 65536
nr_of_strided_rec: 128
nr_doubles: 65536
nr_of_strided_rec: 128
nr_doubles: 65536
nr_of_strided_rec: 128
nr_doubles: 65536
nr_of_strided_rec: 128
nr_doubles: 65536
nr_of_strided_rec: 128
nr_doubles: 65536
nr_of_strided_rec: 128
nr_doubles: 65536
nr_of_strided_rec: 128
nr_doubles: 65536
nr_of_strided_rec: 128
nr_doubles: 65536
nr_of_strided_rec: 128
nr_doubles: 65536
nr_of_strided_rec: 128
nr_doubles: 65536
nr_of_strided_rec: 128
nr_doubles: 65536
nr_of_strided_rec: 128
nr_doubles: 65536
nr_of_strided_rec: 128
nr_doubles: 65536
nr_of_strided_rec: 128
nr_doubles: 65536
nr_of_strided_rec: 128
nr_doubles: 65536
nr_of_strided_rec: 128
nr_doubles: 65536
nr_of_strided_rec: 128
nr_doubles: 65536
nr_of_strided_rec: 128
nr_doubles: 65536
nr_of_strided_rec: 128
nr_doubles: 65536
nr_of_strided_rec: 128
nr_doubles: 65536
nr_of_strided_rec: 128
nr_doubles: 65536
nr_of_strided_rec: 128
nr_doubles: 65536
nr_of_strided_rec: 128
nr_doubles: 65536
nr_of_strided_rec: 128
nr_doubles: 65536
nr_of_strided_rec: 128
nr_doubles: 65536
nr_of_strided_rec: 128
nr_doubles: 65536
nr_of_strided_rec: 128
nr_doubles: 65536
nr_of_strided_rec: 128
nr_doubles: 65536
nr_of_strided_rec: 128
nr_doubles: 65536
nr_of_strided_rec: 128
nr_doubles: 65536
nr_of_strided_rec: 128
nr_doubles: 65536
nr_of_strided_rec: 128
nr_doubles: 65536
nr_of_strided_rec: 128
nr_doubles: 65536
nr_of_strided_rec: 128
nr_doubles: 65536
nr_of_strided_rec: 128
nr_doubles: 65536
nr_of_strided_rec: 128
nr_doubles: 65536
nr_of_strided_rec: 128
nr_doubles: 65536
nr_of_strided_rec: 128
nr_doubles: 65536
nr_of_strided_rec: 128
nr_doubles: 65536
nr_of_strided_rec: 128
nr_doubles: 65536
C_cc         3.38   [      3.38:      3.38]
C_bw         2.47   [      2.47:      2.47]
C_r        144.08   [    144.08:    144.08]
          -------
C_total    149.93   [    149.93:    149.93]


dC[0] = 0.00000e+00
fclose PID:32794 fd:8
fclose PID:32793 fd:10
fclose PID:32792 fd:12
fclose PID:32795 fd:8
READAHEAD_TIME:0.000000 us
MaxRSS= 2107796 KB, SharedMem= 0 KB, HardPageFault= 11
READAHEAD_TIME:0.000000 us
MaxRSS= 2107988 KB, SharedMem= 0 KB, HardPageFault= 13
READAHEAD_TIME:0.000000 us
MaxRSS= 2107860 KB, SharedMem= 0 KB, HardPageFault= 11
READAHEAD_TIME:0.000000 us
MaxRSS= 2107776 KB, SharedMem= 0 KB, HardPageFault= 10
fclose PID:32791 fd:0
fclose PID:32791 fd:6
fclose PID:32791 fd:6
fclose PID:32791 fd:0
READAHEAD_TIME:0.000000 us
MaxRSS= 5420 KB, SharedMem= 0 KB, HardPageFault= 2
fclose PID:32790 fd:3
fclose PID:32790 fd:4
fclose PID:32790 fd:4
fclose PID:32790 fd:3
READAHEAD_TIME:0.000000 us
MaxRSS= 4928 KB, SharedMem= 0 KB, HardPageFault= 4
	Command being timed: "mpiexec -n 4 ./MADbench2_io 16384 30 1 8 64 1 1 524288 7 1"
	User time (seconds): 417.10
	System time (seconds): 238.45
	Percent of CPU this job got: 106%
	Elapsed (wall clock) time (h:mm:ss or m:ss): 10:16.37
	Average shared text size (kbytes): 0
	Average unshared data size (kbytes): 0
	Average stack size (kbytes): 0
	Average total size (kbytes): 0
	Maximum resident set size (kbytes): 2107988
	Average resident set size (kbytes): 0
	Major (requiring I/O) page faults: 52
	Minor (reclaiming a frame) page faults: 10611284
	Voluntary context switches: 277223
	Involuntary context switches: 2847
	Swaps: 0
	File system inputs: 245121992
	File system outputs: 251658512
	Socket messages sent: 0
	Socket messages received: 0
	Signals delivered: 0
	Page size (bytes): 4096
	Exit status: 0
READAHEAD_TIME:0.000000 us
MaxRSS= 2188 KB, SharedMem= 0 KB, HardPageFault= 0
*******************DMESG OUTPUT******************
