fclose PID:38509 fd:3
fclose PID:38509 fd:4
fclose PID:38509 fd:4
fclose PID:38509 fd:3
available: 2 nodes (0-1)
fclose PID:38509 fd:3
node 0 cpus:fclose PID:38509 fd:3
 0 1 2 3 4 5 6 7 8 9 20 21 22 23 24 25 26 27 28 29
node 0 size: 80440 MB
node 0 free: 80126 MB
fclose PID:38509 fd:3
node 1 cpus:fclose PID:38509 fd:3
 10 11 12 13 14 15 16 17 18 19 30 31 32 33 34 35 36 37 38 39
node 1 size: 80635 MB
node 1 free: 80363 MB
fclose PID:38509 fd:3
fclose PID:38509 fd:3
node distances:
node   0   1 
  0:  10  21 
  1:  21  10 
READAHEAD_TIME:0.000000 us
MaxRSS= 2196 KB, SharedMem= 0 KB, HardPageFault= 10
fclose PID:38516 fd:8
fclose PID:38519 fd:8
fclose PID:38523 fd:8
fclose PID:38529 fd:8
fclose PID:38525 fd:8
fclose PID:38521 fd:8
fclose PID:38528 fd:8
fclose PID:38515 fd:10
fclose PID:38524 fd:8
fclose PID:38527 fd:8
fclose PID:38518 fd:8
fclose PID:38526 fd:8
fclose PID:38517 fd:8
fclose PID:38514 fd:12
fclose PID:38520 fd:8
fclose PID:38522 fd:8

MADbench 2.0 IO-mode
no_pe = 16  no_pix = 8192  no_bin = 30  no_gang = 1 sblocksize = 8  fblocksize = 64  r_mod = 1  w_mod = 1 record_size=1048576 stride=7


IOMETHOD = POSIX  IOMODE = SYNC  FILETYPE = UNIQUE  REMAP = CUSTOMbuild_S
build_S
build_S
build_S
build_S
build_S
build_S
build_S
build_S
build_S
build_S
build_S
build_S
build_S
build_S
build_S

Write the data to file:33554432 bytes
***********WAITING************

Write the data to file:33554432 bytes
***********WAITING************

Write the data to file:33554432 bytes
***********WAITING************

Write the data to file:33554432 bytes
***********WAITING************

Write the data to file:33554432 bytes
***********WAITING************

Write the data to file:33554432 bytes
***********WAITING************

Write the data to file:33554432 bytes
***********WAITING************

Write the data to file:33554432 bytes
***********WAITING************

Write the data to file:33554432 bytes
***********WAITING************

Write the data to file:33554432 bytes
***********WAITING************

Write the data to file:33554432 bytes
***********WAITING************

Write the data to file:33554432 bytes
***********WAITING************

Write the data to file:33554432 bytes
***********WAITING************

Write the data to file:33554432 bytes
***********WAITING************

Write the data to file:33554432 bytes
***********WAITING************

Write the data to file:33554432 bytes
***********WAITING************

Write the data to file:33554432 bytes
***********WAITING************

Write the data to file:33554432 bytes
***********WAITING************

Write the data to file:33554432 bytes
***********WAITING************

Write the data to file:33554432 bytes
***********WAITING************

Write the data to file:33554432 bytes
***********WAITING************

Write the data to file:33554432 bytes
***********WAITING************

Write the data to file:33554432 bytes
***********WAITING************

Write the data to file:33554432 bytes
***********WAITING************

Write the data to file:33554432 bytes
***********WAITING************

Write the data to file:33554432 bytes
***********WAITING************

Write the data to file:33554432 bytes
***********WAITING************

Write the data to file:33554432 bytes
***********WAITING************

Write the data to file:33554432 bytes
***********WAITING************

Write the data to file:33554432 bytes
***********WAITING************

Write the data to file:33554432 bytes
***********WAITING************

Write the data to file:33554432 bytes
***********WAITING************

Write the data to file:33554432 bytes
***********WAITING************

Write the data to file:33554432 bytes
***********WAITING************

Write the data to file:33554432 bytes
***********WAITING************

Write the data to file:33554432 bytes
***********WAITING************

Write the data to file:33554432 bytes
***********WAITING************

Write the data to file:33554432 bytes
***********WAITING************

Write the data to file:33554432 bytes
***********WAITING************

Write the data to file:33554432 bytes
***********WAITING************

Write the data to file:33554432 bytes
***********WAITING************

Write the data to file:33554432 bytes
***********WAITING************

Write the data to file:33554432 bytes
***********WAITING************

Write the data to file:33554432 bytes
***********WAITING************

Write the data to file:33554432 bytes
***********WAITING************

Write the data to file:33554432 bytes
***********WAITING************

Write the data to file:33554432 bytes
***********WAITING************

Write the data to file:33554432 bytes
***********WAITING************

Write the data to file:33554432 bytes
***********WAITING************

Write the data to file:33554432 bytes
***********WAITING************

Write the data to file:33554432 bytes
***********WAITING************

Write the data to file:33554432 bytes
***********WAITING************

Write the data to file:33554432 bytes
***********WAITING************

Write the data to file:33554432 bytes
***********WAITING************

Write the data to file:33554432 bytes
***********WAITING************

Write the data to file:33554432 bytes
***********WAITING************

Write the data to file:33554432 bytes
***********WAITING************

Write the data to file:33554432 bytes
***********WAITING************

Write the data to file:33554432 bytes
***********WAITING************

Write the data to file:33554432 bytes
***********WAITING************

Write the data to file:33554432 bytes
***********WAITING************

Write the data to file:33554432 bytes
***********WAITING************

Write the data to file:33554432 bytes
***********WAITING************

Write the data to file:33554432 bytes
***********WAITING************

Write the data to file:33554432 bytes
***********WAITING************

Write the data to file:33554432 bytes
***********WAITING************

Write the data to file:33554432 bytes
***********WAITING************

Write the data to file:33554432 bytes
***********WAITING************

Write the data to file:33554432 bytes
***********WAITING************

Write the data to file:33554432 bytes
***********WAITING************

Write the data to file:33554432 bytes
***********WAITING************

Write the data to file:33554432 bytes
***********WAITING************

Write the data to file:33554432 bytes
***********WAITING************

Write the data to file:33554432 bytes
***********WAITING************

Write the data to file:33554432 bytes
***********WAITING************

Write the data to file:33554432 bytes
***********WAITING************

Write the data to file:33554432 bytes
***********WAITING************

Write the data to file:33554432 bytes
***********WAITING************

Write the data to file:33554432 bytes
***********WAITING************

Write the data to file:33554432 bytes
***********WAITING************

Write the data to file:33554432 bytes
***********WAITING************

Write the data to file:33554432 bytes
***********WAITING************

Write the data to file:33554432 bytes
***********WAITING************

Write the data to file:33554432 bytes
***********WAITING************

Write the data to file:33554432 bytes
***********WAITING************

Write the data to file:33554432 bytes
***********WAITING************

Write the data to file:33554432 bytes
***********WAITING************

Write the data to file:33554432 bytes
***********WAITING************

Write the data to file:33554432 bytes
***********WAITING************

Write the data to file:33554432 bytes
***********WAITING************

Write the data to file:33554432 bytes
***********WAITING************

Write the data to file:33554432 bytes
***********WAITING************

Write the data to file:33554432 bytes
***********WAITING************

Write the data to file:33554432 bytes
***********WAITING************

Write the data to file:33554432 bytes
***********WAITING************

Write the data to file:33554432 bytes
***********WAITING************

Write the data to file:33554432 bytes
***********WAITING************

Write the data to file:33554432 bytes
***********WAITING************

Write the data to file:33554432 bytes
***********WAITING************

Write the data to file:33554432 bytes
***********WAITING************

Write the data to file:33554432 bytes
***********WAITING************

Write the data to file:33554432 bytes
***********WAITING************

Write the data to file:33554432 bytes
***********WAITING************

Write the data to file:33554432 bytes
***********WAITING************

Write the data to file:33554432 bytes
***********WAITING************

Write the data to file:33554432 bytes
***********WAITING************

Write the data to file:33554432 bytes
***********WAITING************

Write the data to file:33554432 bytes
***********WAITING************

Write the data to file:33554432 bytes
***********WAITING************

Write the data to file:33554432 bytes
***********WAITING************

Write the data to file:33554432 bytes
***********WAITING************

Write the data to file:33554432 bytes
***********WAITING************

Write the data to file:33554432 bytes
***********WAITING************

Write the data to file:33554432 bytes
***********WAITING************

Write the data to file:33554432 bytes
***********WAITING************

Write the data to file:33554432 bytes
***********WAITING************

Write the data to file:33554432 bytes
***********WAITING************

Write the data to file:33554432 bytes
***********WAITING************

Write the data to file:33554432 bytes
***********WAITING************

Write the data to file:33554432 bytes
***********WAITING************

Write the data to file:33554432 bytes
***********WAITING************

Write the data to file:33554432 bytes
***********WAITING************

Write the data to file:33554432 bytes
***********WAITING************

Write the data to file:33554432 bytes
***********WAITING************

Write the data to file:33554432 bytes
***********WAITING************

Write the data to file:33554432 bytes
***********WAITING************

Write the data to file:33554432 bytes
***********WAITING************

Write the data to file:33554432 bytes
***********WAITING************

Write the data to file:33554432 bytes
***********WAITING************

Write the data to file:33554432 bytes
***********WAITING************

Write the data to file:33554432 bytes
***********WAITING************

Write the data to file:33554432 bytes
***********WAITING************

Write the data to file:33554432 bytes
***********WAITING************

Write the data to file:33554432 bytes
***********WAITING************

Write the data to file:33554432 bytes
***********WAITING************

Write the data to file:33554432 bytes
***********WAITING************

Write the data to file:33554432 bytes
***********WAITING************

Write the data to file:33554432 bytes
***********WAITING************

Write the data to file:33554432 bytes
***********WAITING************

Write the data to file:33554432 bytes
***********WAITING************

Write the data to file:33554432 bytes
***********WAITING************

Write the data to file:33554432 bytes
***********WAITING************

Write the data to file:33554432 bytes
***********WAITING************

Write the data to file:33554432 bytes
***********WAITING************

Write the data to file:33554432 bytes
***********WAITING************

Write the data to file:33554432 bytes
***********WAITING************

Write the data to file:33554432 bytes
***********WAITING************

Write the data to file:33554432 bytes
***********WAITING************

Write the data to file:33554432 bytes
***********WAITING************

Write the data to file:33554432 bytes
***********WAITING************

Write the data to file:33554432 bytes
***********WAITING************

Write the data to file:33554432 bytes
***********WAITING************

Write the data to file:33554432 bytes
***********WAITING************

Write the data to file:33554432 bytes
***********WAITING************

Write the data to file:33554432 bytes
***********WAITING************

Write the data to file:33554432 bytes
***********WAITING************

Write the data to file:33554432 bytes
***********WAITING************

Write the data to file:33554432 bytes
***********WAITING************

Write the data to file:33554432 bytes
***********WAITING************

Write the data to file:33554432 bytes
***********WAITING************

Write the data to file:33554432 bytes
***********WAITING************

Write the data to file:33554432 bytes
***********WAITING************

Write the data to file:33554432 bytes
***********WAITING************

Write the data to file:33554432 bytes
***********WAITING************

Write the data to file:33554432 bytes
***********WAITING************

Write the data to file:33554432 bytes
***********WAITING************

Write the data to file:33554432 bytes
***********WAITING************

Write the data to file:33554432 bytes
***********WAITING************

Write the data to file:33554432 bytes
***********WAITING************

Write the data to file:33554432 bytes
***********WAITING************

Write the data to file:33554432 bytes
***********WAITING************

Write the data to file:33554432 bytes
***********WAITING************

Write the data to file:33554432 bytes
***********WAITING************

Write the data to file:33554432 bytes
***********WAITING************

Write the data to file:33554432 bytes
***********WAITING************

Write the data to file:33554432 bytes
***********WAITING************

Write the data to file:33554432 bytes
***********WAITING************

Write the data to file:33554432 bytes
***********WAITING************

Write the data to file:33554432 bytes
***********WAITING************

Write the data to file:33554432 bytes
***********WAITING************

Write the data to file:33554432 bytes
***********WAITING************

Write the data to file:33554432 bytes
***********WAITING************

Write the data to file:33554432 bytes
***********WAITING************

Write the data to file:33554432 bytes
***********WAITING************

Write the data to file:33554432 bytes
***********WAITING************

Write the data to file:33554432 bytes
***********WAITING************

Write the data to file:33554432 bytes
***********WAITING************

Write the data to file:33554432 bytes
***********WAITING************

Write the data to file:33554432 bytes
***********WAITING************

Write the data to file:33554432 bytes
***********WAITING************

Write the data to file:33554432 bytes
***********WAITING************

Write the data to file:33554432 bytes
***********WAITING************

Write the data to file:33554432 bytes
***********WAITING************

Write the data to file:33554432 bytes
***********WAITING************

Write the data to file:33554432 bytes
***********WAITING************

Write the data to file:33554432 bytes
***********WAITING************

Write the data to file:33554432 bytes
***********WAITING************

Write the data to file:33554432 bytes
***********WAITING************

Write the data to file:33554432 bytes
***********WAITING************

Write the data to file:33554432 bytes
***********WAITING************

Write the data to file:33554432 bytes
***********WAITING************

Write the data to file:33554432 bytes
***********WAITING************

Write the data to file:33554432 bytes
***********WAITING************

Write the data to file:33554432 bytes
***********WAITING************

Write the data to file:33554432 bytes
***********WAITING************

Write the data to file:33554432 bytes
***********WAITING************

Write the data to file:33554432 bytes
***********WAITING************

Write the data to file:33554432 bytes
***********WAITING************

Write the data to file:33554432 bytes
***********WAITING************

Write the data to file:33554432 bytes
***********WAITING************

Write the data to file:33554432 bytes
***********WAITING************

Write the data to file:33554432 bytes
***********WAITING************

Write the data to file:33554432 bytes
***********WAITING************

Write the data to file:33554432 bytes
***********WAITING************

Write the data to file:33554432 bytes
***********WAITING************

Write the data to file:33554432 bytes
***********WAITING************

Write the data to file:33554432 bytes
***********WAITING************

Write the data to file:33554432 bytes
***********WAITING************

Write the data to file:33554432 bytes
***********WAITING************

Write the data to file:33554432 bytes
***********WAITING************

Write the data to file:33554432 bytes
***********WAITING************

Write the data to file:33554432 bytes
***********WAITING************

Write the data to file:33554432 bytes
***********WAITING************

Write the data to file:33554432 bytes
***********WAITING************

Write the data to file:33554432 bytes
***********WAITING************

Write the data to file:33554432 bytes
***********WAITING************

Write the data to file:33554432 bytes
***********WAITING************

Write the data to file:33554432 bytes
***********WAITING************

Write the data to file:33554432 bytes
***********WAITING************

Write the data to file:33554432 bytes
***********WAITING************

Write the data to file:33554432 bytes
***********WAITING************

Write the data to file:33554432 bytes
***********WAITING************

Write the data to file:33554432 bytes
***********WAITING************

Write the data to file:33554432 bytes
***********WAITING************

Write the data to file:33554432 bytes
***********WAITING************

Write the data to file:33554432 bytes
***********WAITING************

Write the data to file:33554432 bytes
***********WAITING************

Write the data to file:33554432 bytes
***********WAITING************

Write the data to file:33554432 bytes
***********WAITING************

Write the data to file:33554432 bytes
***********WAITING************

Write the data to file:33554432 bytes
***********WAITING************

Write the data to file:33554432 bytes
***********WAITING************

Write the data to file:33554432 bytes
***********WAITING************

Write the data to file:33554432 bytes
***********WAITING************

Write the data to file:33554432 bytes
***********WAITING************

Write the data to file:33554432 bytes
***********WAITING************

Write the data to file:33554432 bytes
***********WAITING************

Write the data to file:33554432 bytes
***********WAITING************

Write the data to file:33554432 bytes
***********WAITING************

Write the data to file:33554432 bytes
***********WAITING************

Write the data to file:33554432 bytes
***********WAITING************

Write the data to file:33554432 bytes
***********WAITING************

Write the data to file:33554432 bytes
***********WAITING************

Write the data to file:33554432 bytes
***********WAITING************

Write the data to file:33554432 bytes
***********WAITING************

Write the data to file:33554432 bytes
***********WAITING************

Write the data to file:33554432 bytes
***********WAITING************

Write the data to file:33554432 bytes
***********WAITING************

Write the data to file:33554432 bytes
***********WAITING************

Write the data to file:33554432 bytes
***********WAITING************

Write the data to file:33554432 bytes
***********WAITING************

Write the data to file:33554432 bytes
***********WAITING************

Write the data to file:33554432 bytes
***********WAITING************

Write the data to file:33554432 bytes
***********WAITING************

Write the data to file:33554432 bytes
***********WAITING************

Write the data to file:33554432 bytes
***********WAITING************

Write the data to file:33554432 bytes
***********WAITING************

Write the data to file:33554432 bytes
***********WAITING************

Write the data to file:33554432 bytes
***********WAITING************

Write the data to file:33554432 bytes
***********WAITING************

Write the data to file:33554432 bytes
***********WAITING************

Write the data to file:33554432 bytes
***********WAITING************

Write the data to file:33554432 bytes
***********WAITING************

Write the data to file:33554432 bytes
***********WAITING************

Write the data to file:33554432 bytes
***********WAITING************

Write the data to file:33554432 bytes
***********WAITING************

Write the data to file:33554432 bytes
***********WAITING************

Write the data to file:33554432 bytes
***********WAITING************

Write the data to file:33554432 bytes
***********WAITING************

Write the data to file:33554432 bytes
***********WAITING************

Write the data to file:33554432 bytes
***********WAITING************

Write the data to file:33554432 bytes
***********WAITING************

Write the data to file:33554432 bytes
***********WAITING************

Write the data to file:33554432 bytes
***********WAITING************

Write the data to file:33554432 bytes
***********WAITING************

Write the data to file:33554432 bytes
***********WAITING************

Write the data to file:33554432 bytes
***********WAITING************

Write the data to file:33554432 bytes
***********WAITING************

Write the data to file:33554432 bytes
***********WAITING************

Write the data to file:33554432 bytes
***********WAITING************

Write the data to file:33554432 bytes
***********WAITING************

Write the data to file:33554432 bytes
***********WAITING************

Write the data to file:33554432 bytes
***********WAITING************

Write the data to file:33554432 bytes
***********WAITING************

Write the data to file:33554432 bytes
***********WAITING************

Write the data to file:33554432 bytes
***********WAITING************

Write the data to file:33554432 bytes
***********WAITING************

Write the data to file:33554432 bytes
***********WAITING************

Write the data to file:33554432 bytes
***********WAITING************

Write the data to file:33554432 bytes
***********WAITING************

Write the data to file:33554432 bytes
***********WAITING************

Write the data to file:33554432 bytes
***********WAITING************

Write the data to file:33554432 bytes
***********WAITING************

Write the data to file:33554432 bytes
***********WAITING************

Write the data to file:33554432 bytes
***********WAITING************

Write the data to file:33554432 bytes
***********WAITING************

Write the data to file:33554432 bytes
***********WAITING************

Write the data to file:33554432 bytes
***********WAITING************

Write the data to file:33554432 bytes
***********WAITING************

Write the data to file:33554432 bytes
***********WAITING************

Write the data to file:33554432 bytes
***********WAITING************

Write the data to file:33554432 bytes
***********WAITING************

Write the data to file:33554432 bytes
***********WAITING************

Write the data to file:33554432 bytes
***********WAITING************

Write the data to file:33554432 bytes
***********WAITING************

Write the data to file:33554432 bytes
***********WAITING************

Write the data to file:33554432 bytes
***********WAITING************

Write the data to file:33554432 bytes
***********WAITING************

Write the data to file:33554432 bytes
***********WAITING************

Write the data to file:33554432 bytes
***********WAITING************

Write the data to file:33554432 bytes
***********WAITING************

Write the data to file:33554432 bytes
***********WAITING************

Write the data to file:33554432 bytes
***********WAITING************

Write the data to file:33554432 bytes
***********WAITING************

Write the data to file:33554432 bytes
***********WAITING************

Write the data to file:33554432 bytes
***********WAITING************

Write the data to file:33554432 bytes
***********WAITING************

Write the data to file:33554432 bytes
***********WAITING************

Write the data to file:33554432 bytes
***********WAITING************

Write the data to file:33554432 bytes
***********WAITING************

Write the data to file:33554432 bytes
***********WAITING************

Write the data to file:33554432 bytes
***********WAITING************

Write the data to file:33554432 bytes
***********WAITING************

Write the data to file:33554432 bytes
***********WAITING************

Write the data to file:33554432 bytes
***********WAITING************

Write the data to file:33554432 bytes
***********WAITING************

Write the data to file:33554432 bytes
***********WAITING************

Write the data to file:33554432 bytes
***********WAITING************

Write the data to file:33554432 bytes
***********WAITING************

Write the data to file:33554432 bytes
***********WAITING************

Write the data to file:33554432 bytes
***********WAITING************

Write the data to file:33554432 bytes
***********WAITING************

Write the data to file:33554432 bytes
***********WAITING************

Write the data to file:33554432 bytes
***********WAITING************

Write the data to file:33554432 bytes
***********WAITING************

Write the data to file:33554432 bytes
***********WAITING************

Write the data to file:33554432 bytes
***********WAITING************

Write the data to file:33554432 bytes
***********WAITING************

Write the data to file:33554432 bytes
***********WAITING************

Write the data to file:33554432 bytes
***********WAITING************

Write the data to file:33554432 bytes
***********WAITING************

Write the data to file:33554432 bytes
***********WAITING************

Write the data to file:33554432 bytes
***********WAITING************

Write the data to file:33554432 bytes
***********WAITING************

Write the data to file:33554432 bytes
***********WAITING************

Write the data to file:33554432 bytes
***********WAITING************

Write the data to file:33554432 bytes
***********WAITING************

Write the data to file:33554432 bytes
***********WAITING************

Write the data to file:33554432 bytes
***********WAITING************

Write the data to file:33554432 bytes
***********WAITING************

Write the data to file:33554432 bytes
***********WAITING************

Write the data to file:33554432 bytes
***********WAITING************

Write the data to file:33554432 bytes
***********WAITING************

Write the data to file:33554432 bytes
***********WAITING************

Write the data to file:33554432 bytes
***********WAITING************

Write the data to file:33554432 bytes
***********WAITING************

Write the data to file:33554432 bytes
***********WAITING************

Write the data to file:33554432 bytes
***********WAITING************

Write the data to file:33554432 bytes
***********WAITING************

Write the data to file:33554432 bytes
***********WAITING************

Write the data to file:33554432 bytes
***********WAITING************

Write the data to file:33554432 bytes
***********WAITING************

Write the data to file:33554432 bytes
***********WAITING************

Write the data to file:33554432 bytes
***********WAITING************

Write the data to file:33554432 bytes
***********WAITING************

Write the data to file:33554432 bytes
***********WAITING************

Write the data to file:33554432 bytes
***********WAITING************

Write the data to file:33554432 bytes
***********WAITING************

Write the data to file:33554432 bytes
***********WAITING************

Write the data to file:33554432 bytes
***********WAITING************

Write the data to file:33554432 bytes
***********WAITING************

Write the data to file:33554432 bytes
***********WAITING************

Write the data to file:33554432 bytes
***********WAITING************

Write the data to file:33554432 bytes
***********WAITING************

Write the data to file:33554432 bytes
***********WAITING************

Write the data to file:33554432 bytes
***********WAITING************

Write the data to file:33554432 bytes
***********WAITING************

Write the data to file:33554432 bytes
***********WAITING************

Write the data to file:33554432 bytes
***********WAITING************

Write the data to file:33554432 bytes
***********WAITING************

Write the data to file:33554432 bytes
***********WAITING************

Write the data to file:33554432 bytes
***********WAITING************

Write the data to file:33554432 bytes
***********WAITING************

Write the data to file:33554432 bytes
***********WAITING************

Write the data to file:33554432 bytes
***********WAITING************

Write the data to file:33554432 bytes
***********WAITING************

Write the data to file:33554432 bytes
***********WAITING************

Write the data to file:33554432 bytes
***********WAITING************

Write the data to file:33554432 bytes
***********WAITING************

Write the data to file:33554432 bytes
***********WAITING************

Write the data to file:33554432 bytes
***********WAITING************

Write the data to file:33554432 bytes
***********WAITING************

Write the data to file:33554432 bytes
***********WAITING************

Write the data to file:33554432 bytes
***********WAITING************

Write the data to file:33554432 bytes
***********WAITING************

Write the data to file:33554432 bytes
***********WAITING************

Write the data to file:33554432 bytes
***********WAITING************

Write the data to file:33554432 bytes
***********WAITING************

Write the data to file:33554432 bytes
***********WAITING************

Write the data to file:33554432 bytes
***********WAITING************

Write the data to file:33554432 bytes
***********WAITING************

Write the data to file:33554432 bytes
***********WAITING************

Write the data to file:33554432 bytes
***********WAITING************

Write the data to file:33554432 bytes
***********WAITING************

Write the data to file:33554432 bytes
***********WAITING************

Write the data to file:33554432 bytes
***********WAITING************

Write the data to file:33554432 bytes
***********WAITING************

Write the data to file:33554432 bytes
***********WAITING************

Write the data to file:33554432 bytes
***********WAITING************

Write the data to file:33554432 bytes
***********WAITING************

Write the data to file:33554432 bytes
***********WAITING************

Write the data to file:33554432 bytes
***********WAITING************

Write the data to file:33554432 bytes
***********WAITING************

Write the data to file:33554432 bytes
***********WAITING************

Write the data to file:33554432 bytes
***********WAITING************

Write the data to file:33554432 bytes
***********WAITING************

Write the data to file:33554432 bytes
***********WAITING************

Write the data to file:33554432 bytes
***********WAITING************

Write the data to file:33554432 bytes
***********WAITING************

Write the data to file:33554432 bytes
***********WAITING************

Write the data to file:33554432 bytes
***********WAITING************

Write the data to file:33554432 bytes
***********WAITING************

Write the data to file:33554432 bytes
***********WAITING************

Write the data to file:33554432 bytes
***********WAITING************

Write the data to file:33554432 bytes
***********WAITING************

Write the data to file:33554432 bytes
***********WAITING************

Write the data to file:33554432 bytes
***********WAITING************

Write the data to file:33554432 bytes
***********WAITING************

Write the data to file:33554432 bytes
***********WAITING************

Write the data to file:33554432 bytes
***********WAITING************

Write the data to file:33554432 bytes
***********WAITING************

Write the data to file:33554432 bytes
***********WAITING************

Write the data to file:33554432 bytes
***********WAITING************

Write the data to file:33554432 bytes
***********WAITING************

Write the data to file:33554432 bytes
***********WAITING************

Write the data to file:33554432 bytes
***********WAITING************

Write the data to file:33554432 bytes
***********WAITING************

Write the data to file:33554432 bytes
***********WAITING************

Write the data to file:33554432 bytes
***********WAITING************

Write the data to file:33554432 bytes
***********WAITING************

Write the data to file:33554432 bytes
***********WAITING************

Write the data to file:33554432 bytes
***********WAITING************

Write the data to file:33554432 bytes
***********WAITING************

Write the data to file:33554432 bytes
***********WAITING************

Write the data to file:33554432 bytes
***********WAITING************

Write the data to file:33554432 bytes
***********WAITING************

Write the data to file:33554432 bytes
***********WAITING************

Write the data to file:33554432 bytes
***********WAITING************

Write the data to file:33554432 bytes
***********WAITING************

Write the data to file:33554432 bytes
***********WAITING************

Write the data to file:33554432 bytes
***********WAITING************

Write the data to file:33554432 bytes
***********WAITING************

Write the data to file:33554432 bytes
***********WAITING************

Write the data to file:33554432 bytes
***********WAITING************

Write the data to file:33554432 bytes
***********WAITING************

Write the data to file:33554432 bytes
***********WAITING************

Write the data to file:33554432 bytes
***********WAITING************

Write the data to file:33554432 bytes
***********WAITING************

Write the data to file:33554432 bytes
***********WAITING************

Write the data to file:33554432 bytes
***********WAITING************

Write the data to file:33554432 bytes
***********WAITING************

Write the data to file:33554432 bytes
***********WAITING************

Write the data to file:33554432 bytes
***********WAITING************

Write the data to file:33554432 bytes
***********WAITING************

Write the data to file:33554432 bytes
***********WAITING************

Write the data to file:33554432 bytes
***********WAITING************

Write the data to file:33554432 bytes
***********WAITING************

Write the data to file:33554432 bytes
***********WAITING************

Write the data to file:33554432 bytes
***********WAITING************

Write the data to file:33554432 bytes
***********WAITING************
S_cc         1.01   [      1.00:      1.01]
S_bw         0.24   [      0.24:      0.24]
S_w         34.01   [     34.01:     34.01]
          -------
S_total     35.25   [     35.25:     35.26]

build_S done
calc_W
build_S done
calc_W
nr_of_strided_rec: 4
nr_doubles: 131072
build_S done
calc_W
nr_of_strided_rec: 4
nr_doubles: 131072
build_S done
calc_W
nr_of_strided_rec: 4
nr_doubles: 131072
build_S done
calc_W
nr_of_strided_rec: 4
nr_doubles: 131072
build_S done
calc_W
nr_of_strided_rec: 4
nr_doubles: 131072
build_S done
calc_W
nr_of_strided_rec: 4
nr_doubles: 131072
build_S done
calc_W
nr_of_strided_rec: 4
nr_doubles: 131072
build_S done
calc_W
nr_of_strided_rec: 4
nr_doubles: 131072
build_S done
calc_W
nr_of_strided_rec: 4
nr_doubles: 131072
build_S done
calc_W
nr_of_strided_rec: 4
nr_doubles: 131072
build_S done
calc_W
nr_of_strided_rec: 4
nr_doubles: 131072
build_S done
calc_W
nr_of_strided_rec: 4
nr_doubles: 131072
build_S done
calc_W
nr_of_strided_rec: 4
nr_doubles: 131072
build_S done
calc_W
nr_of_strided_rec: 4
nr_doubles: 131072
build_S done
calc_W
nr_of_strided_rec: 4
nr_doubles: 131072
nr_of_strided_rec: 4
nr_doubles: 131072
nr_of_strided_rec: 4
nr_doubles: 131072
nr_of_strided_rec: 4
nr_doubles: 131072
nr_of_strided_rec: 4
nr_doubles: 131072
nr_of_strided_rec: 4
nr_doubles: 131072
nr_of_strided_rec: 4
nr_doubles: 131072
nr_of_strided_rec: 4
nr_doubles: 131072
nr_of_strided_rec: 4
nr_doubles: 131072
nr_of_strided_rec: 4
nr_doubles: 131072
nr_of_strided_rec: 4
nr_doubles: 131072
nr_of_strided_rec: 4
nr_doubles: 131072
nr_of_strided_rec: 4
nr_doubles: 131072
nr_of_strided_rec: 4
nr_doubles: 131072
nr_of_strided_rec: 4
nr_doubles: 131072
nr_of_strided_rec: 4
nr_doubles: 131072
nr_of_strided_rec: 4
nr_doubles: 131072
nr_of_strided_rec: 4
nr_doubles: 131072

Write the data to file:33554432 bytes
***********WAITING************

Write the data to file:33554432 bytes
***********WAITING************

Write the data to file:33554432 bytes
***********WAITING************

Write the data to file:33554432 bytes
***********WAITING************

Write the data to file:33554432 bytes
***********WAITING************

Write the data to file:33554432 bytes
***********WAITING************

Write the data to file:33554432 bytes
***********WAITING************

Write the data to file:33554432 bytes
***********WAITING************

Write the data to file:33554432 bytes
***********WAITING************

Write the data to file:33554432 bytes
***********WAITING************

Write the data to file:33554432 bytes
***********WAITING************

Write the data to file:33554432 bytes
***********WAITING************

Write the data to file:33554432 bytes
***********WAITING************

Write the data to file:33554432 bytes
***********WAITING************

Write the data to file:33554432 bytes
***********WAITING************

Write the data to file:33554432 bytes
***********WAITING************
nr_of_strided_rec: 4
nr_doubles: 131072
nr_of_strided_rec: 4
nr_doubles: 131072
nr_of_strided_rec: 4
nr_doubles: 131072
nr_of_strided_rec: 4
nr_doubles: 131072
nr_of_strided_rec: 4
nr_doubles: 131072
nr_of_strided_rec: 4
nr_doubles: 131072
nr_of_strided_rec: 4
nr_doubles: 131072
nr_of_strided_rec: 4
nr_doubles: 131072
nr_of_strided_rec: 4
nr_doubles: 131072
nr_of_strided_rec: 4
nr_doubles: 131072
nr_of_strided_rec: 4
nr_doubles: 131072
nr_of_strided_rec: 4
nr_doubles: 131072
nr_of_strided_rec: 4
nr_doubles: 131072
nr_of_strided_rec: 4
nr_doubles: 131072
nr_of_strided_rec: 4
nr_doubles: 131072
nr_of_strided_rec: 4
nr_doubles: 131072

Write the data to file:33554432 bytes
***********WAITING************

Write the data to file:33554432 bytes
***********WAITING************

Write the data to file:33554432 bytes
***********WAITING************

Write the data to file:33554432 bytes
***********WAITING************

Write the data to file:33554432 bytes
***********WAITING************

Write the data to file:33554432 bytes
***********WAITING************

Write the data to file:33554432 bytes
***********WAITING************

Write the data to file:33554432 bytes
***********WAITING************

Write the data to file:33554432 bytes
***********WAITING************

Write the data to file:33554432 bytes
***********WAITING************

Write the data to file:33554432 bytes
***********WAITING************

Write the data to file:33554432 bytes
***********WAITING************

Write the data to file:33554432 bytes
***********WAITING************

Write the data to file:33554432 bytes
***********WAITING************

Write the data to file:33554432 bytes
***********WAITING************

Write the data to file:33554432 bytes
***********WAITING************
nr_of_strided_rec: 4
nr_doubles: 131072
nr_of_strided_rec: 4
nr_doubles: 131072
nr_of_strided_rec: 4
nr_doubles: 131072
nr_of_strided_rec: 4
nr_doubles: 131072
nr_of_strided_rec: 4
nr_doubles: 131072
nr_of_strided_rec: 4
nr_doubles: 131072
nr_of_strided_rec: 4
nr_doubles: 131072
nr_of_strided_rec: 4
nr_doubles: 131072
nr_of_strided_rec: 4
nr_doubles: 131072
nr_of_strided_rec: 4
nr_doubles: 131072
nr_of_strided_rec: 4
nr_doubles: 131072
nr_of_strided_rec: 4
nr_doubles: 131072
nr_of_strided_rec: 4
nr_doubles: 131072
nr_of_strided_rec: 4
nr_doubles: 131072
nr_of_strided_rec: 4
nr_doubles: 131072
nr_of_strided_rec: 4
nr_doubles: 131072

Write the data to file:33554432 bytes
***********WAITING************

Write the data to file:33554432 bytes
***********WAITING************

Write the data to file:33554432 bytes
***********WAITING************

Write the data to file:33554432 bytes
***********WAITING************

Write the data to file:33554432 bytes
***********WAITING************

Write the data to file:33554432 bytes
***********WAITING************

Write the data to file:33554432 bytes
***********WAITING************

Write the data to file:33554432 bytes
***********WAITING************

Write the data to file:33554432 bytes
***********WAITING************

Write the data to file:33554432 bytes
***********WAITING************

Write the data to file:33554432 bytes
***********WAITING************

Write the data to file:33554432 bytes
***********WAITING************

Write the data to file:33554432 bytes
***********WAITING************

Write the data to file:33554432 bytes
***********WAITING************

Write the data to file:33554432 bytes
***********WAITING************

Write the data to file:33554432 bytes
***********WAITING************
nr_of_strided_rec: 4
nr_doubles: 131072
nr_of_strided_rec: 4
nr_doubles: 131072
nr_of_strided_rec: 4
nr_doubles: 131072
nr_of_strided_rec: 4
nr_doubles: 131072
nr_of_strided_rec: 4
nr_doubles: 131072
nr_of_strided_rec: 4
nr_doubles: 131072
nr_of_strided_rec: 4
nr_doubles: 131072
nr_of_strided_rec: 4
nr_doubles: 131072
nr_of_strided_rec: 4
nr_doubles: 131072
nr_of_strided_rec: 4
nr_doubles: 131072
nr_of_strided_rec: 4
nr_doubles: 131072
nr_of_strided_rec: 4
nr_doubles: 131072
nr_of_strided_rec: 4
nr_doubles: 131072
nr_of_strided_rec: 4
nr_doubles: 131072
nr_of_strided_rec: 4
nr_doubles: 131072
nr_of_strided_rec: 4
nr_doubles: 131072

Write the data to file:33554432 bytes
***********WAITING************

Write the data to file:33554432 bytes
***********WAITING************

Write the data to file:33554432 bytes
***********WAITING************

Write the data to file:33554432 bytes
***********WAITING************

Write the data to file:33554432 bytes
***********WAITING************

Write the data to file:33554432 bytes
***********WAITING************

Write the data to file:33554432 bytes
***********WAITING************

Write the data to file:33554432 bytes
***********WAITING************

Write the data to file:33554432 bytes
***********WAITING************

Write the data to file:33554432 bytes
***********WAITING************

Write the data to file:33554432 bytes
***********WAITING************

Write the data to file:33554432 bytes
***********WAITING************

Write the data to file:33554432 bytes
***********WAITING************

Write the data to file:33554432 bytes
***********WAITING************

Write the data to file:33554432 bytes
***********WAITING************

Write the data to file:33554432 bytes
***********WAITING************
nr_of_strided_rec: 4
nr_doubles: 131072
nr_of_strided_rec: 4
nr_doubles: 131072
nr_of_strided_rec: 4
nr_doubles: 131072
nr_of_strided_rec: 4
nr_doubles: 131072
nr_of_strided_rec: 4
nr_doubles: 131072
nr_of_strided_rec: 4
nr_doubles: 131072
nr_of_strided_rec: 4
nr_doubles: 131072
nr_of_strided_rec: 4
nr_doubles: 131072
nr_of_strided_rec: 4
nr_doubles: 131072
nr_of_strided_rec: 4
nr_doubles: 131072
nr_of_strided_rec: 4
nr_doubles: 131072
nr_of_strided_rec: 4
nr_doubles: 131072
nr_of_strided_rec: 4
nr_doubles: 131072
nr_of_strided_rec: 4
nr_doubles: 131072
nr_of_strided_rec: 4
nr_doubles: 131072
nr_of_strided_rec: 4
nr_doubles: 131072

Write the data to file:33554432 bytes
***********WAITING************

Write the data to file:33554432 bytes
***********WAITING************

Write the data to file:33554432 bytes
***********WAITING************

Write the data to file:33554432 bytes
***********WAITING************

Write the data to file:33554432 bytes
***********WAITING************

Write the data to file:33554432 bytes
***********WAITING************

Write the data to file:33554432 bytes
***********WAITING************

Write the data to file:33554432 bytes
***********WAITING************

Write the data to file:33554432 bytes
***********WAITING************

Write the data to file:33554432 bytes
***********WAITING************

Write the data to file:33554432 bytes
***********WAITING************

Write the data to file:33554432 bytes
***********WAITING************

Write the data to file:33554432 bytes
***********WAITING************

Write the data to file:33554432 bytes
***********WAITING************

Write the data to file:33554432 bytes
***********WAITING************

Write the data to file:33554432 bytes
***********WAITING************
nr_of_strided_rec: 4
nr_doubles: 131072
nr_of_strided_rec: 4
nr_doubles: 131072
nr_of_strided_rec: 4
nr_doubles: 131072
nr_of_strided_rec: 4
nr_doubles: 131072
nr_of_strided_rec: 4
nr_doubles: 131072
nr_of_strided_rec: 4
nr_doubles: 131072
nr_of_strided_rec: 4
nr_doubles: 131072
nr_of_strided_rec: 4
nr_doubles: 131072
nr_of_strided_rec: 4
nr_doubles: 131072
nr_of_strided_rec: 4
nr_doubles: 131072
nr_of_strided_rec: 4
nr_doubles: 131072
nr_of_strided_rec: 4
nr_doubles: 131072
nr_of_strided_rec: 4
nr_doubles: 131072
nr_of_strided_rec: 4
nr_doubles: 131072
nr_of_strided_rec: 4
nr_doubles: 131072
nr_of_strided_rec: 4
nr_doubles: 131072

Write the data to file:33554432 bytes
***********WAITING************

Write the data to file:33554432 bytes
***********WAITING************

Write the data to file:33554432 bytes
***********WAITING************

Write the data to file:33554432 bytes
***********WAITING************

Write the data to file:33554432 bytes
***********WAITING************

Write the data to file:33554432 bytes
***********WAITING************

Write the data to file:33554432 bytes
***********WAITING************

Write the data to file:33554432 bytes
***********WAITING************

Write the data to file:33554432 bytes
***********WAITING************

Write the data to file:33554432 bytes
***********WAITING************

Write the data to file:33554432 bytes
***********WAITING************

Write the data to file:33554432 bytes
***********WAITING************

Write the data to file:33554432 bytes
***********WAITING************

Write the data to file:33554432 bytes
***********WAITING************

Write the data to file:33554432 bytes
***********WAITING************

Write the data to file:33554432 bytes
***********WAITING************
nr_of_strided_rec: 4
nr_doubles: 131072
nr_of_strided_rec: 4
nr_doubles: 131072
nr_of_strided_rec: 4
nr_doubles: 131072
nr_of_strided_rec: 4
nr_doubles: 131072
nr_of_strided_rec: 4
nr_doubles: 131072
nr_of_strided_rec: 4
nr_doubles: 131072
nr_of_strided_rec: 4
nr_doubles: 131072
nr_of_strided_rec: 4
nr_doubles: 131072
nr_of_strided_rec: 4
nr_doubles: 131072
nr_of_strided_rec: 4
nr_doubles: 131072
nr_of_strided_rec: 4
nr_doubles: 131072
nr_of_strided_rec: 4
nr_doubles: 131072
nr_of_strided_rec: 4
nr_doubles: 131072
nr_of_strided_rec: 4
nr_doubles: 131072
nr_of_strided_rec: 4
nr_doubles: 131072
nr_of_strided_rec: 4
nr_doubles: 131072

Write the data to file:33554432 bytes
***********WAITING************

Write the data to file:33554432 bytes
***********WAITING************

Write the data to file:33554432 bytes
***********WAITING************

Write the data to file:33554432 bytes
***********WAITING************

Write the data to file:33554432 bytes
***********WAITING************

Write the data to file:33554432 bytes
***********WAITING************

Write the data to file:33554432 bytes
***********WAITING************

Write the data to file:33554432 bytes
***********WAITING************

Write the data to file:33554432 bytes
***********WAITING************

Write the data to file:33554432 bytes
***********WAITING************

Write the data to file:33554432 bytes
***********WAITING************

Write the data to file:33554432 bytes
***********WAITING************

Write the data to file:33554432 bytes
***********WAITING************

Write the data to file:33554432 bytes
***********WAITING************

Write the data to file:33554432 bytes
***********WAITING************

Write the data to file:33554432 bytes
***********WAITING************
nr_of_strided_rec: 4
nr_doubles: 131072
nr_of_strided_rec: 4
nr_doubles: 131072
nr_of_strided_rec: 4
nr_doubles: 131072
nr_of_strided_rec: 4
nr_doubles: 131072
nr_of_strided_rec: 4
nr_doubles: 131072
nr_of_strided_rec: 4
nr_doubles: 131072
nr_of_strided_rec: 4
nr_doubles: 131072
nr_of_strided_rec: 4
nr_doubles: 131072
nr_of_strided_rec: 4
nr_doubles: 131072
nr_of_strided_rec: 4
nr_doubles: 131072
nr_of_strided_rec: 4
nr_doubles: 131072
nr_of_strided_rec: 4
nr_doubles: 131072
nr_of_strided_rec: 4
nr_doubles: 131072
nr_of_strided_rec: 4
nr_doubles: 131072
nr_of_strided_rec: 4
nr_doubles: 131072
nr_of_strided_rec: 4
nr_doubles: 131072

Write the data to file:33554432 bytes
***********WAITING************

Write the data to file:33554432 bytes
***********WAITING************

Write the data to file:33554432 bytes
***********WAITING************

Write the data to file:33554432 bytes
***********WAITING************

Write the data to file:33554432 bytes
***********WAITING************

Write the data to file:33554432 bytes
***********WAITING************

Write the data to file:33554432 bytes
***********WAITING************

Write the data to file:33554432 bytes
***********WAITING************

Write the data to file:33554432 bytes
***********WAITING************

Write the data to file:33554432 bytes
***********WAITING************

Write the data to file:33554432 bytes
***********WAITING************

Write the data to file:33554432 bytes
***********WAITING************

Write the data to file:33554432 bytes
***********WAITING************

Write the data to file:33554432 bytes
***********WAITING************

Write the data to file:33554432 bytes
***********WAITING************

Write the data to file:33554432 bytes
***********WAITING************
nr_of_strided_rec: 4
nr_doubles: 131072
nr_of_strided_rec: 4
nr_doubles: 131072
nr_of_strided_rec: 4
nr_doubles: 131072
nr_of_strided_rec: 4
nr_doubles: 131072
nr_of_strided_rec: 4
nr_doubles: 131072
nr_of_strided_rec: 4
nr_doubles: 131072
nr_of_strided_rec: 4
nr_doubles: 131072
nr_of_strided_rec: 4
nr_doubles: 131072
nr_of_strided_rec: 4
nr_doubles: 131072
nr_of_strided_rec: 4
nr_doubles: 131072
nr_of_strided_rec: 4
nr_doubles: 131072
nr_of_strided_rec: 4
nr_doubles: 131072
nr_of_strided_rec: 4
nr_doubles: 131072
nr_of_strided_rec: 4
nr_doubles: 131072
nr_of_strided_rec: 4
nr_doubles: 131072
nr_of_strided_rec: 4
nr_doubles: 131072

Write the data to file:33554432 bytes
***********WAITING************

Write the data to file:33554432 bytes
***********WAITING************

Write the data to file:33554432 bytes
***********WAITING************

Write the data to file:33554432 bytes
***********WAITING************

Write the data to file:33554432 bytes
***********WAITING************

Write the data to file:33554432 bytes
***********WAITING************

Write the data to file:33554432 bytes
***********WAITING************

Write the data to file:33554432 bytes
***********WAITING************

Write the data to file:33554432 bytes
***********WAITING************

Write the data to file:33554432 bytes
***********WAITING************

Write the data to file:33554432 bytes
***********WAITING************

Write the data to file:33554432 bytes
***********WAITING************

Write the data to file:33554432 bytes
***********WAITING************

Write the data to file:33554432 bytes
***********WAITING************

Write the data to file:33554432 bytes
***********WAITING************

Write the data to file:33554432 bytes
***********WAITING************
nr_of_strided_rec: 4
nr_doubles: 131072
nr_of_strided_rec: 4
nr_doubles: 131072
nr_of_strided_rec: 4
nr_doubles: 131072
nr_of_strided_rec: 4
nr_doubles: 131072
nr_of_strided_rec: 4
nr_doubles: 131072
nr_of_strided_rec: 4
nr_doubles: 131072
nr_of_strided_rec: 4
nr_doubles: 131072
nr_of_strided_rec: 4
nr_doubles: 131072
nr_of_strided_rec: 4
nr_doubles: 131072
nr_of_strided_rec: 4
nr_doubles: 131072
nr_of_strided_rec: 4
nr_doubles: 131072
nr_of_strided_rec: 4
nr_doubles: 131072
nr_of_strided_rec: 4
nr_doubles: 131072
nr_of_strided_rec: 4
nr_doubles: 131072
nr_of_strided_rec: 4
nr_doubles: 131072
nr_of_strided_rec: 4
nr_doubles: 131072

Write the data to file:33554432 bytes
***********WAITING************

Write the data to file:33554432 bytes
***********WAITING************

Write the data to file:33554432 bytes
***********WAITING************

Write the data to file:33554432 bytes
***********WAITING************

Write the data to file:33554432 bytes
***********WAITING************

Write the data to file:33554432 bytes
***********WAITING************

Write the data to file:33554432 bytes
***********WAITING************

Write the data to file:33554432 bytes
***********WAITING************

Write the data to file:33554432 bytes
***********WAITING************

Write the data to file:33554432 bytes
***********WAITING************

Write the data to file:33554432 bytes
***********WAITING************

Write the data to file:33554432 bytes
***********WAITING************

Write the data to file:33554432 bytes
***********WAITING************

Write the data to file:33554432 bytes
***********WAITING************

Write the data to file:33554432 bytes
***********WAITING************

Write the data to file:33554432 bytes
***********WAITING************
nr_of_strided_rec: 4
nr_doubles: 131072
nr_of_strided_rec: 4
nr_doubles: 131072
nr_of_strided_rec: 4
nr_doubles: 131072
nr_of_strided_rec: 4
nr_doubles: 131072
nr_of_strided_rec: 4
nr_doubles: 131072
nr_of_strided_rec: 4
nr_doubles: 131072
nr_of_strided_rec: 4
nr_doubles: 131072
nr_of_strided_rec: 4
nr_doubles: 131072
nr_of_strided_rec: 4
nr_doubles: 131072
nr_of_strided_rec: 4
nr_doubles: 131072
nr_of_strided_rec: 4
nr_doubles: 131072
nr_of_strided_rec: 4
nr_doubles: 131072
nr_of_strided_rec: 4
nr_doubles: 131072
nr_of_strided_rec: 4
nr_doubles: 131072
nr_of_strided_rec: 4
nr_doubles: 131072
nr_of_strided_rec: 4
nr_doubles: 131072

Write the data to file:33554432 bytes
***********WAITING************

Write the data to file:33554432 bytes
***********WAITING************

Write the data to file:33554432 bytes
***********WAITING************

Write the data to file:33554432 bytes
***********WAITING************

Write the data to file:33554432 bytes
***********WAITING************

Write the data to file:33554432 bytes
***********WAITING************

Write the data to file:33554432 bytes
***********WAITING************

Write the data to file:33554432 bytes
***********WAITING************

Write the data to file:33554432 bytes
***********WAITING************

Write the data to file:33554432 bytes
***********WAITING************

Write the data to file:33554432 bytes
***********WAITING************

Write the data to file:33554432 bytes
***********WAITING************

Write the data to file:33554432 bytes
***********WAITING************

Write the data to file:33554432 bytes
***********WAITING************

Write the data to file:33554432 bytes
***********WAITING************

Write the data to file:33554432 bytes
***********WAITING************
nr_of_strided_rec: 4
nr_doubles: 131072
nr_of_strided_rec: 4
nr_doubles: 131072
nr_of_strided_rec: 4
nr_doubles: 131072
nr_of_strided_rec: 4
nr_doubles: 131072
nr_of_strided_rec: 4
nr_doubles: 131072
nr_of_strided_rec: 4
nr_doubles: 131072
nr_of_strided_rec: 4
nr_doubles: 131072
nr_of_strided_rec: 4
nr_doubles: 131072
nr_of_strided_rec: 4
nr_doubles: 131072
nr_of_strided_rec: 4
nr_doubles: 131072
nr_of_strided_rec: 4
nr_doubles: 131072
nr_of_strided_rec: 4
nr_doubles: 131072
nr_of_strided_rec: 4
nr_doubles: 131072
nr_of_strided_rec: 4
nr_doubles: 131072
nr_of_strided_rec: 4
nr_doubles: 131072
nr_of_strided_rec: 4
nr_doubles: 131072

Write the data to file:33554432 bytes
***********WAITING************

Write the data to file:33554432 bytes
***********WAITING************

Write the data to file:33554432 bytes
***********WAITING************

Write the data to file:33554432 bytes
***********WAITING************

Write the data to file:33554432 bytes
***********WAITING************

Write the data to file:33554432 bytes
***********WAITING************

Write the data to file:33554432 bytes
***********WAITING************

Write the data to file:33554432 bytes
***********WAITING************

Write the data to file:33554432 bytes
***********WAITING************

Write the data to file:33554432 bytes
***********WAITING************

Write the data to file:33554432 bytes
***********WAITING************

Write the data to file:33554432 bytes
***********WAITING************

Write the data to file:33554432 bytes
***********WAITING************

Write the data to file:33554432 bytes
***********WAITING************

Write the data to file:33554432 bytes
***********WAITING************

Write the data to file:33554432 bytes
***********WAITING************
nr_of_strided_rec: 4
nr_doubles: 131072
nr_of_strided_rec: 4
nr_doubles: 131072
nr_of_strided_rec: 4
nr_doubles: 131072
nr_of_strided_rec: 4
nr_doubles: 131072
nr_of_strided_rec: 4
nr_doubles: 131072
nr_of_strided_rec: 4
nr_doubles: 131072
nr_of_strided_rec: 4
nr_doubles: 131072
nr_of_strided_rec: 4
nr_doubles: 131072
nr_of_strided_rec: 4
nr_doubles: 131072
nr_of_strided_rec: 4
nr_doubles: 131072
nr_of_strided_rec: 4
nr_doubles: 131072
nr_of_strided_rec: 4
nr_doubles: 131072
nr_of_strided_rec: 4
nr_doubles: 131072
nr_of_strided_rec: 4
nr_doubles: 131072
nr_of_strided_rec: 4
nr_doubles: 131072
nr_of_strided_rec: 4
nr_doubles: 131072

Write the data to file:33554432 bytes
***********WAITING************

Write the data to file:33554432 bytes
***********WAITING************

Write the data to file:33554432 bytes
***********WAITING************

Write the data to file:33554432 bytes
***********WAITING************

Write the data to file:33554432 bytes
***********WAITING************

Write the data to file:33554432 bytes
***********WAITING************

Write the data to file:33554432 bytes
***********WAITING************

Write the data to file:33554432 bytes
***********WAITING************

Write the data to file:33554432 bytes
***********WAITING************

Write the data to file:33554432 bytes
***********WAITING************

Write the data to file:33554432 bytes
***********WAITING************

Write the data to file:33554432 bytes
***********WAITING************

Write the data to file:33554432 bytes
***********WAITING************

Write the data to file:33554432 bytes
***********WAITING************

Write the data to file:33554432 bytes
***********WAITING************

Write the data to file:33554432 bytes
***********WAITING************
nr_of_strided_rec: 4
nr_doubles: 131072
nr_of_strided_rec: 4
nr_doubles: 131072
nr_of_strided_rec: 4
nr_doubles: 131072
nr_of_strided_rec: 4
nr_doubles: 131072
nr_of_strided_rec: 4
nr_doubles: 131072
nr_of_strided_rec: 4
nr_doubles: 131072
nr_of_strided_rec: 4
nr_doubles: 131072
nr_of_strided_rec: 4
nr_doubles: 131072
nr_of_strided_rec: 4
nr_doubles: 131072
nr_of_strided_rec: 4
nr_doubles: 131072
nr_of_strided_rec: 4
nr_doubles: 131072
nr_of_strided_rec: 4
nr_doubles: 131072
nr_of_strided_rec: 4
nr_doubles: 131072
nr_of_strided_rec: 4
nr_doubles: 131072
nr_of_strided_rec: 4
nr_doubles: 131072
nr_of_strided_rec: 4
nr_doubles: 131072

Write the data to file:33554432 bytes
***********WAITING************

Write the data to file:33554432 bytes
***********WAITING************

Write the data to file:33554432 bytes
***********WAITING************

Write the data to file:33554432 bytes
***********WAITING************

Write the data to file:33554432 bytes
***********WAITING************

Write the data to file:33554432 bytes
***********WAITING************

Write the data to file:33554432 bytes
***********WAITING************

Write the data to file:33554432 bytes
***********WAITING************

Write the data to file:33554432 bytes
***********WAITING************

Write the data to file:33554432 bytes
***********WAITING************

Write the data to file:33554432 bytes
***********WAITING************

Write the data to file:33554432 bytes
***********WAITING************

Write the data to file:33554432 bytes
***********WAITING************

Write the data to file:33554432 bytes
***********WAITING************

Write the data to file:33554432 bytes
***********WAITING************

Write the data to file:33554432 bytes
***********WAITING************
nr_of_strided_rec: 4
nr_doubles: 131072
nr_of_strided_rec: 4
nr_doubles: 131072
nr_of_strided_rec: 4
nr_doubles: 131072
nr_of_strided_rec: 4
nr_doubles: 131072
nr_of_strided_rec: 4
nr_doubles: 131072
nr_of_strided_rec: 4
nr_doubles: 131072
nr_of_strided_rec: 4
nr_doubles: 131072
nr_of_strided_rec: 4
nr_doubles: 131072
nr_of_strided_rec: 4
nr_doubles: 131072
nr_of_strided_rec: 4
nr_doubles: 131072
nr_of_strided_rec: 4
nr_doubles: 131072
nr_of_strided_rec: 4
nr_doubles: 131072
nr_of_strided_rec: 4
nr_doubles: 131072
nr_of_strided_rec: 4
nr_doubles: 131072
nr_of_strided_rec: 4
nr_doubles: 131072
nr_of_strided_rec: 4
nr_doubles: 131072

Write the data to file:33554432 bytes
***********WAITING************

Write the data to file:33554432 bytes
***********WAITING************

Write the data to file:33554432 bytes
***********WAITING************

Write the data to file:33554432 bytes
***********WAITING************

Write the data to file:33554432 bytes
***********WAITING************

Write the data to file:33554432 bytes
***********WAITING************

Write the data to file:33554432 bytes
***********WAITING************

Write the data to file:33554432 bytes
***********WAITING************

Write the data to file:33554432 bytes
***********WAITING************

Write the data to file:33554432 bytes
***********WAITING************

Write the data to file:33554432 bytes
***********WAITING************

Write the data to file:33554432 bytes
***********WAITING************

Write the data to file:33554432 bytes
***********WAITING************

Write the data to file:33554432 bytes
***********WAITING************

Write the data to file:33554432 bytes
***********WAITING************

Write the data to file:33554432 bytes
***********WAITING************
nr_of_strided_rec: 4
nr_doubles: 131072
nr_of_strided_rec: 4
nr_doubles: 131072
nr_of_strided_rec: 4
nr_doubles: 131072
nr_of_strided_rec: 4
nr_doubles: 131072
nr_of_strided_rec: 4
nr_doubles: 131072
nr_of_strided_rec: 4
nr_doubles: 131072
nr_of_strided_rec: 4
nr_doubles: 131072
nr_of_strided_rec: 4
nr_doubles: 131072
nr_of_strided_rec: 4
nr_doubles: 131072
nr_of_strided_rec: 4
nr_doubles: 131072
nr_of_strided_rec: 4
nr_doubles: 131072
nr_of_strided_rec: 4
nr_doubles: 131072
nr_of_strided_rec: 4
nr_doubles: 131072
nr_of_strided_rec: 4
nr_doubles: 131072
nr_of_strided_rec: 4
nr_doubles: 131072
nr_of_strided_rec: 4
nr_doubles: 131072

Write the data to file:33554432 bytes
***********WAITING************

Write the data to file:33554432 bytes
***********WAITING************

Write the data to file:33554432 bytes
***********WAITING************

Write the data to file:33554432 bytes
***********WAITING************

Write the data to file:33554432 bytes
***********WAITING************

Write the data to file:33554432 bytes
***********WAITING************

Write the data to file:33554432 bytes
***********WAITING************

Write the data to file:33554432 bytes
***********WAITING************

Write the data to file:33554432 bytes
***********WAITING************

Write the data to file:33554432 bytes
***********WAITING************

Write the data to file:33554432 bytes
***********WAITING************

Write the data to file:33554432 bytes
***********WAITING************

Write the data to file:33554432 bytes
***********WAITING************

Write the data to file:33554432 bytes
***********WAITING************

Write the data to file:33554432 bytes
***********WAITING************

Write the data to file:33554432 bytes
***********WAITING************
nr_of_strided_rec: 4
nr_doubles: 131072
nr_of_strided_rec: 4
nr_doubles: 131072
nr_of_strided_rec: 4
nr_doubles: 131072
nr_of_strided_rec: 4
nr_doubles: 131072
nr_of_strided_rec: 4
nr_doubles: 131072
nr_of_strided_rec: 4
nr_doubles: 131072
nr_of_strided_rec: 4
nr_doubles: 131072
nr_of_strided_rec: 4
nr_doubles: 131072
nr_of_strided_rec: 4
nr_doubles: 131072
nr_of_strided_rec: 4
nr_doubles: 131072
nr_of_strided_rec: 4
nr_doubles: 131072
nr_of_strided_rec: 4
nr_doubles: 131072
nr_of_strided_rec: 4
nr_doubles: 131072
nr_of_strided_rec: 4
nr_doubles: 131072
nr_of_strided_rec: 4
nr_doubles: 131072
nr_of_strided_rec: 4
nr_doubles: 131072

Write the data to file:33554432 bytes
***********WAITING************

Write the data to file:33554432 bytes
***********WAITING************

Write the data to file:33554432 bytes
***********WAITING************

Write the data to file:33554432 bytes
***********WAITING************

Write the data to file:33554432 bytes
***********WAITING************

Write the data to file:33554432 bytes
***********WAITING************

Write the data to file:33554432 bytes
***********WAITING************

Write the data to file:33554432 bytes
***********WAITING************

Write the data to file:33554432 bytes
***********WAITING************

Write the data to file:33554432 bytes
***********WAITING************

Write the data to file:33554432 bytes
***********WAITING************

Write the data to file:33554432 bytes
***********WAITING************

Write the data to file:33554432 bytes
***********WAITING************

Write the data to file:33554432 bytes
***********WAITING************

Write the data to file:33554432 bytes
***********WAITING************

Write the data to file:33554432 bytes
***********WAITING************
nr_of_strided_rec: 4
nr_doubles: 131072
nr_of_strided_rec: 4
nr_doubles: 131072
nr_of_strided_rec: 4
nr_doubles: 131072
nr_of_strided_rec: 4
nr_doubles: 131072
nr_of_strided_rec: 4
nr_doubles: 131072
nr_of_strided_rec: 4
nr_doubles: 131072
nr_of_strided_rec: 4
nr_doubles: 131072
nr_of_strided_rec: 4
nr_doubles: 131072
nr_of_strided_rec: 4
nr_doubles: 131072
nr_of_strided_rec: 4
nr_doubles: 131072
nr_of_strided_rec: 4
nr_doubles: 131072
nr_of_strided_rec: 4
nr_doubles: 131072
nr_of_strided_rec: 4
nr_doubles: 131072
nr_of_strided_rec: 4
nr_doubles: 131072
nr_of_strided_rec: 4
nr_doubles: 131072
nr_of_strided_rec: 4
nr_doubles: 131072

Write the data to file:33554432 bytes
***********WAITING************

Write the data to file:33554432 bytes
***********WAITING************

Write the data to file:33554432 bytes
***********WAITING************

Write the data to file:33554432 bytes
***********WAITING************

Write the data to file:33554432 bytes
***********WAITING************

Write the data to file:33554432 bytes
***********WAITING************

Write the data to file:33554432 bytes
***********WAITING************

Write the data to file:33554432 bytes
***********WAITING************

Write the data to file:33554432 bytes
***********WAITING************

Write the data to file:33554432 bytes
***********WAITING************

Write the data to file:33554432 bytes
***********WAITING************

Write the data to file:33554432 bytes
***********WAITING************

Write the data to file:33554432 bytes
***********WAITING************

Write the data to file:33554432 bytes
***********WAITING************

Write the data to file:33554432 bytes
***********WAITING************

Write the data to file:33554432 bytes
***********WAITING************
nr_of_strided_rec: 4
nr_doubles: 131072
nr_of_strided_rec: 4
nr_doubles: 131072
nr_of_strided_rec: 4
nr_doubles: 131072
nr_of_strided_rec: 4
nr_doubles: 131072
nr_of_strided_rec: 4
nr_doubles: 131072
nr_of_strided_rec: 4
nr_doubles: 131072
nr_of_strided_rec: 4
nr_doubles: 131072
nr_of_strided_rec: 4
nr_doubles: 131072
nr_of_strided_rec: 4
nr_doubles: 131072
nr_of_strided_rec: 4
nr_doubles: 131072
nr_of_strided_rec: 4
nr_doubles: 131072
nr_of_strided_rec: 4
nr_doubles: 131072
nr_of_strided_rec: 4
nr_doubles: 131072
nr_of_strided_rec: 4
nr_doubles: 131072
nr_of_strided_rec: 4
nr_doubles: 131072
nr_of_strided_rec: 4
nr_doubles: 131072

Write the data to file:33554432 bytes
***********WAITING************

Write the data to file:33554432 bytes
***********WAITING************

Write the data to file:33554432 bytes
***********WAITING************

Write the data to file:33554432 bytes
***********WAITING************

Write the data to file:33554432 bytes
***********WAITING************

Write the data to file:33554432 bytes
***********WAITING************

Write the data to file:33554432 bytes
***********WAITING************

Write the data to file:33554432 bytes
***********WAITING************

Write the data to file:33554432 bytes
***********WAITING************

Write the data to file:33554432 bytes
***********WAITING************

Write the data to file:33554432 bytes
***********WAITING************

Write the data to file:33554432 bytes
***********WAITING************

Write the data to file:33554432 bytes
***********WAITING************

Write the data to file:33554432 bytes
***********WAITING************

Write the data to file:33554432 bytes
***********WAITING************

Write the data to file:33554432 bytes
***********WAITING************
nr_of_strided_rec: 4
nr_doubles: 131072
nr_of_strided_rec: 4
nr_doubles: 131072
nr_of_strided_rec: 4
nr_doubles: 131072
nr_of_strided_rec: 4
nr_doubles: 131072
nr_of_strided_rec: 4
nr_doubles: 131072
nr_of_strided_rec: 4
nr_doubles: 131072
nr_of_strided_rec: 4
nr_doubles: 131072
nr_of_strided_rec: 4
nr_doubles: 131072
nr_of_strided_rec: 4
nr_doubles: 131072
nr_of_strided_rec: 4
nr_doubles: 131072
nr_of_strided_rec: 4
nr_doubles: 131072
nr_of_strided_rec: 4
nr_doubles: 131072
nr_of_strided_rec: 4
nr_doubles: 131072
nr_of_strided_rec: 4
nr_doubles: 131072
nr_of_strided_rec: 4
nr_doubles: 131072
nr_of_strided_rec: 4
nr_doubles: 131072

Write the data to file:33554432 bytes
***********WAITING************

Write the data to file:33554432 bytes
***********WAITING************

Write the data to file:33554432 bytes
***********WAITING************

Write the data to file:33554432 bytes
***********WAITING************

Write the data to file:33554432 bytes
***********WAITING************

Write the data to file:33554432 bytes
***********WAITING************

Write the data to file:33554432 bytes
***********WAITING************

Write the data to file:33554432 bytes
***********WAITING************

Write the data to file:33554432 bytes
***********WAITING************

Write the data to file:33554432 bytes
***********WAITING************

Write the data to file:33554432 bytes
***********WAITING************

Write the data to file:33554432 bytes
***********WAITING************

Write the data to file:33554432 bytes
***********WAITING************

Write the data to file:33554432 bytes
***********WAITING************

Write the data to file:33554432 bytes
***********WAITING************

Write the data to file:33554432 bytes
***********WAITING************
nr_of_strided_rec: 4
nr_doubles: 131072
nr_of_strided_rec: 4
nr_doubles: 131072
nr_of_strided_rec: 4
nr_doubles: 131072
nr_of_strided_rec: 4
nr_doubles: 131072
nr_of_strided_rec: 4
nr_doubles: 131072
nr_of_strided_rec: 4
nr_doubles: 131072
nr_of_strided_rec: 4
nr_doubles: 131072
nr_of_strided_rec: 4
nr_doubles: 131072
nr_of_strided_rec: 4
nr_doubles: 131072
nr_of_strided_rec: 4
nr_doubles: 131072
nr_of_strided_rec: 4
nr_doubles: 131072
nr_of_strided_rec: 4
nr_doubles: 131072
nr_of_strided_rec: 4
nr_doubles: 131072
nr_of_strided_rec: 4
nr_doubles: 131072
nr_of_strided_rec: 4
nr_doubles: 131072
nr_of_strided_rec: 4
nr_doubles: 131072

Write the data to file:33554432 bytes
***********WAITING************

Write the data to file:33554432 bytes
***********WAITING************

Write the data to file:33554432 bytes
***********WAITING************

Write the data to file:33554432 bytes
***********WAITING************

Write the data to file:33554432 bytes
***********WAITING************

Write the data to file:33554432 bytes
***********WAITING************

Write the data to file:33554432 bytes
***********WAITING************

Write the data to file:33554432 bytes
***********WAITING************

Write the data to file:33554432 bytes
***********WAITING************

Write the data to file:33554432 bytes
***********WAITING************

Write the data to file:33554432 bytes
***********WAITING************

Write the data to file:33554432 bytes
***********WAITING************

Write the data to file:33554432 bytes
***********WAITING************

Write the data to file:33554432 bytes
***********WAITING************

Write the data to file:33554432 bytes
***********WAITING************

Write the data to file:33554432 bytes
***********WAITING************
nr_of_strided_rec: 4
nr_doubles: 131072
nr_of_strided_rec: 4
nr_doubles: 131072
nr_of_strided_rec: 4
nr_doubles: 131072
nr_of_strided_rec: 4
nr_doubles: 131072
nr_of_strided_rec: 4
nr_doubles: 131072
nr_of_strided_rec: 4
nr_doubles: 131072
nr_of_strided_rec: 4
nr_doubles: 131072
nr_of_strided_rec: 4
nr_doubles: 131072
nr_of_strided_rec: 4
nr_doubles: 131072
nr_of_strided_rec: 4
nr_doubles: 131072
nr_of_strided_rec: 4
nr_doubles: 131072
nr_of_strided_rec: 4
nr_doubles: 131072
nr_of_strided_rec: 4
nr_doubles: 131072
nr_of_strided_rec: 4
nr_doubles: 131072
nr_of_strided_rec: 4
nr_doubles: 131072
nr_of_strided_rec: 4
nr_doubles: 131072

Write the data to file:33554432 bytes
***********WAITING************

Write the data to file:33554432 bytes
***********WAITING************

Write the data to file:33554432 bytes
***********WAITING************

Write the data to file:33554432 bytes
***********WAITING************

Write the data to file:33554432 bytes
***********WAITING************

Write the data to file:33554432 bytes
***********WAITING************

Write the data to file:33554432 bytes
***********WAITING************

Write the data to file:33554432 bytes
***********WAITING************

Write the data to file:33554432 bytes
***********WAITING************

Write the data to file:33554432 bytes
***********WAITING************

Write the data to file:33554432 bytes
***********WAITING************

Write the data to file:33554432 bytes
***********WAITING************

Write the data to file:33554432 bytes
***********WAITING************

Write the data to file:33554432 bytes
***********WAITING************

Write the data to file:33554432 bytes
***********WAITING************

Write the data to file:33554432 bytes
***********WAITING************
nr_of_strided_rec: 4
nr_doubles: 131072
nr_of_strided_rec: 4
nr_doubles: 131072
nr_of_strided_rec: 4
nr_doubles: 131072
nr_of_strided_rec: 4
nr_doubles: 131072
nr_of_strided_rec: 4
nr_doubles: 131072
nr_of_strided_rec: 4
nr_doubles: 131072
nr_of_strided_rec: 4
nr_doubles: 131072
nr_of_strided_rec: 4
nr_doubles: 131072
nr_of_strided_rec: 4
nr_doubles: 131072
nr_of_strided_rec: 4
nr_doubles: 131072
nr_of_strided_rec: 4
nr_doubles: 131072
nr_of_strided_rec: 4
nr_doubles: 131072
nr_of_strided_rec: 4
nr_doubles: 131072
nr_of_strided_rec: 4
nr_doubles: 131072
nr_of_strided_rec: 4
nr_doubles: 131072
nr_of_strided_rec: 4
nr_doubles: 131072

Write the data to file:33554432 bytes
***********WAITING************

Write the data to file:33554432 bytes
***********WAITING************

Write the data to file:33554432 bytes
***********WAITING************

Write the data to file:33554432 bytes
***********WAITING************

Write the data to file:33554432 bytes
***********WAITING************

Write the data to file:33554432 bytes
***********WAITING************

Write the data to file:33554432 bytes
***********WAITING************

Write the data to file:33554432 bytes
***********WAITING************

Write the data to file:33554432 bytes
***********WAITING************

Write the data to file:33554432 bytes
***********WAITING************

Write the data to file:33554432 bytes
***********WAITING************

Write the data to file:33554432 bytes
***********WAITING************

Write the data to file:33554432 bytes
***********WAITING************

Write the data to file:33554432 bytes
***********WAITING************

Write the data to file:33554432 bytes
***********WAITING************

Write the data to file:33554432 bytes
***********WAITING************
nr_of_strided_rec: 4
nr_doubles: 131072
nr_of_strided_rec: 4
nr_doubles: 131072
nr_of_strided_rec: 4
nr_doubles: 131072
nr_of_strided_rec: 4
nr_doubles: 131072
nr_of_strided_rec: 4
nr_doubles: 131072
nr_of_strided_rec: 4
nr_doubles: 131072
nr_of_strided_rec: 4
nr_doubles: 131072
nr_of_strided_rec: 4
nr_doubles: 131072
nr_of_strided_rec: 4
nr_doubles: 131072
nr_of_strided_rec: 4
nr_doubles: 131072
nr_of_strided_rec: 4
nr_doubles: 131072
nr_of_strided_rec: 4
nr_doubles: 131072
nr_of_strided_rec: 4
nr_doubles: 131072
nr_of_strided_rec: 4
nr_doubles: 131072
nr_of_strided_rec: 4
nr_doubles: 131072
nr_of_strided_rec: 4
nr_doubles: 131072

Write the data to file:33554432 bytes
***********WAITING************

Write the data to file:33554432 bytes
***********WAITING************

Write the data to file:33554432 bytes
***********WAITING************

Write the data to file:33554432 bytes
***********WAITING************

Write the data to file:33554432 bytes
***********WAITING************

Write the data to file:33554432 bytes
***********WAITING************

Write the data to file:33554432 bytes
***********WAITING************

Write the data to file:33554432 bytes
***********WAITING************

Write the data to file:33554432 bytes
***********WAITING************

Write the data to file:33554432 bytes
***********WAITING************

Write the data to file:33554432 bytes
***********WAITING************

Write the data to file:33554432 bytes
***********WAITING************

Write the data to file:33554432 bytes
***********WAITING************

Write the data to file:33554432 bytes
***********WAITING************

Write the data to file:33554432 bytes
***********WAITING************

Write the data to file:33554432 bytes
***********WAITING************
nr_of_strided_rec: 4
nr_doubles: 131072
nr_of_strided_rec: 4
nr_doubles: 131072
nr_of_strided_rec: 4
nr_doubles: 131072
nr_of_strided_rec: 4
nr_doubles: 131072
nr_of_strided_rec: 4
nr_doubles: 131072
nr_of_strided_rec: 4
nr_doubles: 131072
nr_of_strided_rec: 4
nr_doubles: 131072
nr_of_strided_rec: 4
nr_doubles: 131072
nr_of_strided_rec: 4
nr_doubles: 131072
nr_of_strided_rec: 4
nr_doubles: 131072
nr_of_strided_rec: 4
nr_doubles: 131072
nr_of_strided_rec: 4
nr_doubles: 131072
nr_of_strided_rec: 4
nr_doubles: 131072
nr_of_strided_rec: 4
nr_doubles: 131072
nr_of_strided_rec: 4
nr_doubles: 131072
nr_of_strided_rec: 4
nr_doubles: 131072

Write the data to file:33554432 bytes
***********WAITING************

Write the data to file:33554432 bytes
***********WAITING************

Write the data to file:33554432 bytes
***********WAITING************

Write the data to file:33554432 bytes
***********WAITING************

Write the data to file:33554432 bytes
***********WAITING************

Write the data to file:33554432 bytes
***********WAITING************

Write the data to file:33554432 bytes
***********WAITING************

Write the data to file:33554432 bytes
***********WAITING************

Write the data to file:33554432 bytes
***********WAITING************

Write the data to file:33554432 bytes
***********WAITING************

Write the data to file:33554432 bytes
***********WAITING************

Write the data to file:33554432 bytes
***********WAITING************

Write the data to file:33554432 bytes
***********WAITING************

Write the data to file:33554432 bytes
***********WAITING************

Write the data to file:33554432 bytes
***********WAITING************

Write the data to file:33554432 bytes
***********WAITING************
nr_of_strided_rec: 4
nr_doubles: 131072
nr_of_strided_rec: 4
nr_doubles: 131072
nr_of_strided_rec: 4
nr_doubles: 131072
nr_of_strided_rec: 4
nr_doubles: 131072
nr_of_strided_rec: 4
nr_doubles: 131072
nr_of_strided_rec: 4
nr_doubles: 131072
nr_of_strided_rec: 4
nr_doubles: 131072
nr_of_strided_rec: 4
nr_doubles: 131072
nr_of_strided_rec: 4
nr_doubles: 131072
nr_of_strided_rec: 4
nr_doubles: 131072
nr_of_strided_rec: 4
nr_doubles: 131072
nr_of_strided_rec: 4
nr_doubles: 131072
nr_of_strided_rec: 4
nr_doubles: 131072
nr_of_strided_rec: 4
nr_doubles: 131072
nr_of_strided_rec: 4
nr_doubles: 131072
nr_of_strided_rec: 4
nr_doubles: 131072

Write the data to file:33554432 bytes
***********WAITING************

Write the data to file:33554432 bytes
***********WAITING************

Write the data to file:33554432 bytes
***********WAITING************

Write the data to file:33554432 bytes
***********WAITING************

Write the data to file:33554432 bytes
***********WAITING************

Write the data to file:33554432 bytes
***********WAITING************

Write the data to file:33554432 bytes
***********WAITING************

Write the data to file:33554432 bytes
***********WAITING************

Write the data to file:33554432 bytes
***********WAITING************

Write the data to file:33554432 bytes
***********WAITING************

Write the data to file:33554432 bytes
***********WAITING************

Write the data to file:33554432 bytes
***********WAITING************

Write the data to file:33554432 bytes
***********WAITING************

Write the data to file:33554432 bytes
***********WAITING************

Write the data to file:33554432 bytes
***********WAITING************

Write the data to file:33554432 bytes
***********WAITING************
nr_of_strided_rec: 4
nr_doubles: 131072
nr_of_strided_rec: 4
nr_doubles: 131072
nr_of_strided_rec: 4
nr_doubles: 131072
nr_of_strided_rec: 4
nr_doubles: 131072
nr_of_strided_rec: 4
nr_doubles: 131072
nr_of_strided_rec: 4
nr_doubles: 131072
nr_of_strided_rec: 4
nr_doubles: 131072
nr_of_strided_rec: 4
nr_doubles: 131072
nr_of_strided_rec: 4
nr_doubles: 131072
nr_of_strided_rec: 4
nr_doubles: 131072
nr_of_strided_rec: 4
nr_doubles: 131072
nr_of_strided_rec: 4
nr_doubles: 131072
nr_of_strided_rec: 4
nr_doubles: 131072
nr_of_strided_rec: 4
nr_doubles: 131072
nr_of_strided_rec: 4
nr_doubles: 131072
nr_of_strided_rec: 4
nr_doubles: 131072

Write the data to file:33554432 bytes
***********WAITING************

Write the data to file:33554432 bytes
***********WAITING************

Write the data to file:33554432 bytes
***********WAITING************

Write the data to file:33554432 bytes
***********WAITING************

Write the data to file:33554432 bytes
***********WAITING************

Write the data to file:33554432 bytes
***********WAITING************

Write the data to file:33554432 bytes
***********WAITING************

Write the data to file:33554432 bytes
***********WAITING************

Write the data to file:33554432 bytes
***********WAITING************

Write the data to file:33554432 bytes
***********WAITING************

Write the data to file:33554432 bytes
***********WAITING************

Write the data to file:33554432 bytes
***********WAITING************

Write the data to file:33554432 bytes
***********WAITING************

Write the data to file:33554432 bytes
***********WAITING************

Write the data to file:33554432 bytes
***********WAITING************

Write the data to file:33554432 bytes
***********WAITING************
nr_of_strided_rec: 4
nr_doubles: 131072
nr_of_strided_rec: 4
nr_doubles: 131072
nr_of_strided_rec: 4
nr_doubles: 131072
nr_of_strided_rec: 4
nr_doubles: 131072
nr_of_strided_rec: 4
nr_doubles: 131072
nr_of_strided_rec: 4
nr_doubles: 131072
nr_of_strided_rec: 4
nr_doubles: 131072
nr_of_strided_rec: 4
nr_doubles: 131072
nr_of_strided_rec: 4
nr_doubles: 131072
nr_of_strided_rec: 4
nr_doubles: 131072
nr_of_strided_rec: 4
nr_doubles: 131072
nr_of_strided_rec: 4
nr_doubles: 131072
nr_of_strided_rec: 4
nr_doubles: 131072
nr_of_strided_rec: 4
nr_doubles: 131072
nr_of_strided_rec: 4
nr_doubles: 131072
nr_of_strided_rec: 4
nr_doubles: 131072

Write the data to file:33554432 bytes
***********WAITING************

Write the data to file:33554432 bytes
***********WAITING************

Write the data to file:33554432 bytes
***********WAITING************

Write the data to file:33554432 bytes
***********WAITING************

Write the data to file:33554432 bytes
***********WAITING************

Write the data to file:33554432 bytes
***********WAITING************

Write the data to file:33554432 bytes
***********WAITING************

Write the data to file:33554432 bytes
***********WAITING************

Write the data to file:33554432 bytes
***********WAITING************

Write the data to file:33554432 bytes
***********WAITING************

Write the data to file:33554432 bytes
***********WAITING************

Write the data to file:33554432 bytes
***********WAITING************

Write the data to file:33554432 bytes
***********WAITING************

Write the data to file:33554432 bytes
***********WAITING************

Write the data to file:33554432 bytes
***********WAITING************

Write the data to file:33554432 bytes
***********WAITING************
nr_of_strided_rec: 4
nr_doubles: 131072
nr_of_strided_rec: 4
nr_doubles: 131072
nr_of_strided_rec: 4
nr_doubles: 131072
nr_of_strided_rec: 4
nr_doubles: 131072
nr_of_strided_rec: 4
nr_doubles: 131072
nr_of_strided_rec: 4
nr_doubles: 131072
nr_of_strided_rec: 4
nr_doubles: 131072
nr_of_strided_rec: 4
nr_doubles: 131072
nr_of_strided_rec: 4
nr_doubles: 131072
nr_of_strided_rec: 4
nr_doubles: 131072
nr_of_strided_rec: 4
nr_doubles: 131072
nr_of_strided_rec: 4
nr_doubles: 131072
nr_of_strided_rec: 4
nr_doubles: 131072
nr_of_strided_rec: 4
nr_doubles: 131072
nr_of_strided_rec: 4
nr_doubles: 131072
nr_of_strided_rec: 4
nr_doubles: 131072

Write the data to file:33554432 bytes
***********WAITING************

Write the data to file:33554432 bytes
***********WAITING************

Write the data to file:33554432 bytes
***********WAITING************

Write the data to file:33554432 bytes
***********WAITING************

Write the data to file:33554432 bytes
***********WAITING************

Write the data to file:33554432 bytes
***********WAITING************

Write the data to file:33554432 bytes
***********WAITING************

Write the data to file:33554432 bytes
***********WAITING************

Write the data to file:33554432 bytes
***********WAITING************

Write the data to file:33554432 bytes
***********WAITING************

Write the data to file:33554432 bytes
***********WAITING************

Write the data to file:33554432 bytes
***********WAITING************

Write the data to file:33554432 bytes
***********WAITING************

Write the data to file:33554432 bytes
***********WAITING************

Write the data to file:33554432 bytes
***********WAITING************

Write the data to file:33554432 bytes
***********WAITING************

Write the data to file:33554432 bytes
***********WAITING************

Write the data to file:33554432 bytes
***********WAITING************

Write the data to file:33554432 bytes
***********WAITING************

Write the data to file:33554432 bytes
***********WAITING************

Write the data to file:33554432 bytes
***********WAITING************

Write the data to file:33554432 bytes
***********WAITING************

Write the data to file:33554432 bytes
***********WAITING************

Write the data to file:33554432 bytes
***********WAITING************

Write the data to file:33554432 bytes
***********WAITING************

Write the data to file:33554432 bytes
***********WAITING************

Write the data to file:33554432 bytes
***********WAITING************

Write the data to file:33554432 bytes
***********WAITING************

Write the data to file:33554432 bytes
***********WAITING************

Write the data to file:33554432 bytes
***********WAITING************

Write the data to file:33554432 bytes
***********WAITING************

Write the data to file:33554432 bytes
***********WAITING************
W_cc         1.78   [      1.77:      1.78]
W_r         46.59   [     46.59:     46.59]
W_w         31.42   [     31.42:     31.42]
          -------
W_total     79.79   [     79.78:     79.79]

calc_W done
calc_W done
calc_W done
calc_W done
calc_W done
calc_W done
calc_W done
calc_W done
calc_W done
calc_W done
calc_W done
calc_W done
calc_W done
calc_W done
calc_W done
calc_W done
nr_of_strided_rec: 4
nr_doubles: 131072
nr_of_strided_rec: 4
nr_doubles: 131072
nr_of_strided_rec: 4
nr_doubles: 131072
nr_of_strided_rec: 4
nr_doubles: 131072
nr_of_strided_rec: 4
nr_doubles: 131072
nr_of_strided_rec: 4
nr_doubles: 131072
nr_of_strided_rec: 4
nr_doubles: 131072
nr_of_strided_rec: 4
nr_doubles: 131072
nr_of_strided_rec: 4
nr_doubles: 131072
nr_of_strided_rec: 4
nr_doubles: 131072
nr_of_strided_rec: 4
nr_doubles: 131072
nr_of_strided_rec: 4
nr_doubles: 131072
nr_of_strided_rec: 4
nr_doubles: 131072
nr_of_strided_rec: 4
nr_doubles: 131072
nr_of_strided_rec: 4
nr_doubles: 131072
nr_of_strided_rec: 4
nr_doubles: 131072
nr_of_strided_rec: 4
nr_doubles: 131072
nr_of_strided_rec: 4
nr_doubles: 131072
nr_of_strided_rec: 4
nr_doubles: 131072
nr_of_strided_rec: 4
nr_doubles: 131072
nr_of_strided_rec: 4
nr_doubles: 131072
nr_of_strided_rec: 4
nr_doubles: 131072
nr_of_strided_rec: 4
nr_doubles: 131072
nr_of_strided_rec: 4
nr_doubles: 131072
nr_of_strided_rec: 4
nr_doubles: 131072
nr_of_strided_rec: 4
nr_doubles: 131072
nr_of_strided_rec: 4
nr_doubles: 131072
nr_of_strided_rec: 4
nr_doubles: 131072
nr_of_strided_rec: 4
nr_doubles: 131072
nr_of_strided_rec: 4
nr_doubles: 131072
nr_of_strided_rec: 4
nr_doubles: 131072
nr_of_strided_rec: 4
nr_doubles: 131072
nr_of_strided_rec: 4
nr_doubles: 131072
nr_of_strided_rec: 4
nr_doubles: 131072
nr_of_strided_rec: 4
nr_doubles: 131072
nr_of_strided_rec: 4
nr_doubles: 131072
nr_of_strided_rec: 4
nr_doubles: 131072
nr_of_strided_rec: 4
nr_doubles: 131072
nr_of_strided_rec: 4
nr_doubles: 131072
nr_of_strided_rec: 4
nr_doubles: 131072
nr_of_strided_rec: 4
nr_doubles: 131072
nr_of_strided_rec: 4
nr_doubles: 131072
nr_of_strided_rec: 4
nr_doubles: 131072
nr_of_strided_rec: 4
nr_doubles: 131072
nr_of_strided_rec: 4
nr_doubles: 131072
nr_of_strided_rec: 4
nr_doubles: 131072
nr_of_strided_rec: 4
nr_doubles: 131072
nr_of_strided_rec: 4
nr_doubles: 131072
nr_of_strided_rec: 4
nr_doubles: 131072
nr_of_strided_rec: 4
nr_doubles: 131072
nr_of_strided_rec: 4
nr_doubles: 131072
nr_of_strided_rec: 4
nr_doubles: 131072
nr_of_strided_rec: 4
nr_doubles: 131072
nr_of_strided_rec: 4
nr_doubles: 131072
nr_of_strided_rec: 4
nr_doubles: 131072
nr_of_strided_rec: 4
nr_doubles: 131072
nr_of_strided_rec: 4
nr_doubles: 131072
nr_of_strided_rec: 4
nr_doubles: 131072
nr_of_strided_rec: 4
nr_doubles: 131072
nr_of_strided_rec: 4
nr_doubles: 131072
nr_of_strided_rec: 4
nr_doubles: 131072
nr_of_strided_rec: 4
nr_doubles: 131072
nr_of_strided_rec: 4
nr_doubles: 131072
nr_of_strided_rec: 4
nr_doubles: 131072
nr_of_strided_rec: 4
nr_doubles: 131072
nr_of_strided_rec: 4
nr_doubles: 131072
nr_of_strided_rec: 4
nr_doubles: 131072
nr_of_strided_rec: 4
nr_doubles: 131072
nr_of_strided_rec: 4
nr_doubles: 131072
nr_of_strided_rec: 4
nr_doubles: 131072
nr_of_strided_rec: 4
nr_doubles: 131072
nr_of_strided_rec: 4
nr_doubles: 131072
nr_of_strided_rec: 4
nr_doubles: 131072
nr_of_strided_rec: 4
nr_doubles: 131072
nr_of_strided_rec: 4
nr_doubles: 131072
nr_of_strided_rec: 4
nr_doubles: 131072
nr_of_strided_rec: 4
nr_doubles: 131072
nr_of_strided_rec: 4
nr_doubles: 131072
nr_of_strided_rec: 4
nr_doubles: 131072
nr_of_strided_rec: 4
nr_doubles: 131072
nr_of_strided_rec: 4
nr_doubles: 131072
nr_of_strided_rec: 4
nr_doubles: 131072
nr_of_strided_rec: 4
nr_doubles: 131072
nr_of_strided_rec: 4
nr_doubles: 131072
nr_of_strided_rec: 4
nr_doubles: 131072
nr_of_strided_rec: 4
nr_doubles: 131072
nr_of_strided_rec: 4
nr_doubles: 131072
nr_of_strided_rec: 4
nr_doubles: 131072
nr_of_strided_rec: 4
nr_doubles: 131072
nr_of_strided_rec: 4
nr_doubles: 131072
nr_of_strided_rec: 4
nr_doubles: 131072
nr_of_strided_rec: 4
nr_doubles: 131072
nr_of_strided_rec: 4
nr_doubles: 131072
nr_of_strided_rec: 4
nr_doubles: 131072
nr_of_strided_rec: 4
nr_doubles: 131072
nr_of_strided_rec: 4
nr_doubles: 131072
nr_of_strided_rec: 4
nr_doubles: 131072
nr_of_strided_rec: 4
nr_doubles: 131072
nr_of_strided_rec: 4
nr_doubles: 131072
nr_of_strided_rec: 4
nr_doubles: 131072
nr_of_strided_rec: 4
nr_doubles: 131072
nr_of_strided_rec: 4
nr_doubles: 131072
nr_of_strided_rec: 4
nr_doubles: 131072
nr_of_strided_rec: 4
nr_doubles: 131072
nr_of_strided_rec: 4
nr_doubles: 131072
nr_of_strided_rec: 4
nr_doubles: 131072
nr_of_strided_rec: 4
nr_doubles: 131072
nr_of_strided_rec: 4
nr_doubles: 131072
nr_of_strided_rec: 4
nr_doubles: 131072
nr_of_strided_rec: 4
nr_doubles: 131072
nr_of_strided_rec: 4
nr_doubles: 131072
nr_of_strided_rec: 4
nr_doubles: 131072
nr_of_strided_rec: 4
nr_doubles: 131072
nr_of_strided_rec: 4
nr_doubles: 131072
nr_of_strided_rec: 4
nr_doubles: 131072
nr_of_strided_rec: 4
nr_doubles: 131072
nr_of_strided_rec: 4
nr_doubles: 131072
nr_of_strided_rec: 4
nr_doubles: 131072
nr_of_strided_rec: 4
nr_doubles: 131072
nr_of_strided_rec: 4
nr_doubles: 131072
nr_of_strided_rec: 4
nr_doubles: 131072
nr_of_strided_rec: 4
nr_doubles: 131072
nr_of_strided_rec: 4
nr_doubles: 131072
nr_of_strided_rec: 4
nr_doubles: 131072
nr_of_strided_rec: 4
nr_doubles: 131072
nr_of_strided_rec: 4
nr_doubles: 131072
nr_of_strided_rec: 4
nr_doubles: 131072
nr_of_strided_rec: 4
nr_doubles: 131072
nr_of_strided_rec: 4
nr_doubles: 131072
nr_of_strided_rec: 4
nr_doubles: 131072
nr_of_strided_rec: 4
nr_doubles: 131072
nr_of_strided_rec: 4
nr_doubles: 131072
nr_of_strided_rec: 4
nr_doubles: 131072
nr_of_strided_rec: 4
nr_doubles: 131072
nr_of_strided_rec: 4
nr_doubles: 131072
nr_of_strided_rec: 4
nr_doubles: 131072
nr_of_strided_rec: 4
nr_doubles: 131072
nr_of_strided_rec: 4
nr_doubles: 131072
nr_of_strided_rec: 4
nr_doubles: 131072
nr_of_strided_rec: 4
nr_doubles: 131072
nr_of_strided_rec: 4
nr_doubles: 131072
nr_of_strided_rec: 4
nr_doubles: 131072
nr_of_strided_rec: 4
nr_doubles: 131072
nr_of_strided_rec: 4
nr_doubles: 131072
nr_of_strided_rec: 4
nr_doubles: 131072
nr_of_strided_rec: 4
nr_doubles: 131072
nr_of_strided_rec: 4
nr_doubles: 131072
nr_of_strided_rec: 4
nr_doubles: 131072
nr_of_strided_rec: 4
nr_doubles: 131072
nr_of_strided_rec: 4
nr_doubles: 131072
nr_of_strided_rec: 4
nr_doubles: 131072
nr_of_strided_rec: 4
nr_doubles: 131072
nr_of_strided_rec: 4
nr_doubles: 131072
nr_of_strided_rec: 4
nr_doubles: 131072
nr_of_strided_rec: 4
nr_doubles: 131072
nr_of_strided_rec: 4
nr_doubles: 131072
nr_of_strided_rec: 4
nr_doubles: 131072
nr_of_strided_rec: 4
nr_doubles: 131072
nr_of_strided_rec: 4
nr_doubles: 131072
nr_of_strided_rec: 4
nr_doubles: 131072
nr_of_strided_rec: 4
nr_doubles: 131072
nr_of_strided_rec: 4
nr_doubles: 131072
nr_of_strided_rec: 4
nr_doubles: 131072
nr_of_strided_rec: 4
nr_doubles: 131072
nr_of_strided_rec: 4
nr_doubles: 131072
nr_of_strided_rec: 4
nr_doubles: 131072
nr_of_strided_rec: 4
nr_doubles: 131072
nr_of_strided_rec: 4
nr_doubles: 131072
nr_of_strided_rec: 4
nr_doubles: 131072
nr_of_strided_rec: 4
nr_doubles: 131072
nr_of_strided_rec: 4
nr_doubles: 131072
nr_of_strided_rec: 4
nr_doubles: 131072
nr_of_strided_rec: 4
nr_doubles: 131072
nr_of_strided_rec: 4
nr_doubles: 131072
nr_of_strided_rec: 4
nr_doubles: 131072
nr_of_strided_rec: 4
nr_doubles: 131072
nr_of_strided_rec: 4
nr_doubles: 131072
nr_of_strided_rec: 4
nr_doubles: 131072
nr_of_strided_rec: 4
nr_doubles: 131072
nr_of_strided_rec: 4
nr_doubles: 131072
nr_of_strided_rec: 4
nr_doubles: 131072
nr_of_strided_rec: 4
nr_doubles: 131072
nr_of_strided_rec: 4
nr_doubles: 131072
nr_of_strided_rec: 4
nr_doubles: 131072
nr_of_strided_rec: 4
nr_doubles: 131072
nr_of_strided_rec: 4
nr_doubles: 131072
nr_of_strided_rec: 4
nr_doubles: 131072
nr_of_strided_rec: 4
nr_doubles: 131072
nr_of_strided_rec: 4
nr_doubles: 131072
nr_of_strided_rec: 4
nr_doubles: 131072
nr_of_strided_rec: 4
nr_doubles: 131072
nr_of_strided_rec: 4
nr_doubles: 131072
nr_of_strided_rec: 4
nr_doubles: 131072
nr_of_strided_rec: 4
nr_doubles: 131072
nr_of_strided_rec: 4
nr_doubles: 131072
nr_of_strided_rec: 4
nr_doubles: 131072
nr_of_strided_rec: 4
nr_doubles: 131072
nr_of_strided_rec: 4
nr_doubles: 131072
nr_of_strided_rec: 4
nr_doubles: 131072
nr_of_strided_rec: 4
nr_doubles: 131072
nr_of_strided_rec: 4
nr_doubles: 131072
nr_of_strided_rec: 4
nr_doubles: 131072
nr_of_strided_rec: 4
nr_doubles: 131072
nr_of_strided_rec: 4
nr_doubles: 131072
nr_of_strided_rec: 4
nr_doubles: 131072
nr_of_strided_rec: 4
nr_doubles: 131072
nr_of_strided_rec: 4
nr_doubles: 131072
nr_of_strided_rec: 4
nr_doubles: 131072
nr_of_strided_rec: 4
nr_doubles: 131072
nr_of_strided_rec: 4
nr_doubles: 131072
nr_of_strided_rec: 4
nr_doubles: 131072
nr_of_strided_rec: 4
nr_doubles: 131072
nr_of_strided_rec: 4
nr_doubles: 131072
nr_of_strided_rec: 4
nr_doubles: 131072
nr_of_strided_rec: 4
nr_doubles: 131072
nr_of_strided_rec: 4
nr_doubles: 131072
nr_of_strided_rec: 4
nr_doubles: 131072
nr_of_strided_rec: 4
nr_doubles: 131072
nr_of_strided_rec: 4
nr_doubles: 131072
nr_of_strided_rec: 4
nr_doubles: 131072
nr_of_strided_rec: 4
nr_doubles: 131072
nr_of_strided_rec: 4
nr_doubles: 131072
nr_of_strided_rec: 4
nr_doubles: 131072
nr_of_strided_rec: 4
nr_doubles: 131072
nr_of_strided_rec: 4
nr_doubles: 131072
nr_of_strided_rec: 4
nr_doubles: 131072
nr_of_strided_rec: 4
nr_doubles: 131072
nr_of_strided_rec: 4
nr_doubles: 131072
nr_of_strided_rec: 4
nr_doubles: 131072
nr_of_strided_rec: 4
nr_doubles: 131072
nr_of_strided_rec: 4
nr_doubles: 131072
nr_of_strided_rec: 4
nr_doubles: 131072
nr_of_strided_rec: 4
nr_doubles: 131072
nr_of_strided_rec: 4
nr_doubles: 131072
nr_of_strided_rec: 4
nr_doubles: 131072
nr_of_strided_rec: 4
nr_doubles: 131072
nr_of_strided_rec: 4
nr_doubles: 131072
nr_of_strided_rec: 4
nr_doubles: 131072
nr_of_strided_rec: 4
nr_doubles: 131072
nr_of_strided_rec: 4
nr_doubles: 131072
nr_of_strided_rec: 4
nr_doubles: 131072
nr_of_strided_rec: 4
nr_doubles: 131072
nr_of_strided_rec: 4
nr_doubles: 131072
nr_of_strided_rec: 4
nr_doubles: 131072
nr_of_strided_rec: 4
nr_doubles: 131072
nr_of_strided_rec: 4
nr_doubles: 131072
nr_of_strided_rec: 4
nr_doubles: 131072
nr_of_strided_rec: 4
nr_doubles: 131072
nr_of_strided_rec: 4
nr_doubles: 131072
nr_of_strided_rec: 4
nr_doubles: 131072
nr_of_strided_rec: 4
nr_doubles: 131072
nr_of_strided_rec: 4
nr_doubles: 131072
nr_of_strided_rec: 4
nr_doubles: 131072
nr_of_strided_rec: 4
nr_doubles: 131072
nr_of_strided_rec: 4
nr_doubles: 131072
nr_of_strided_rec: 4
nr_doubles: 131072
nr_of_strided_rec: 4
nr_doubles: 131072
nr_of_strided_rec: 4
nr_doubles: 131072
nr_of_strided_rec: 4
nr_doubles: 131072
nr_of_strided_rec: 4
nr_doubles: 131072
nr_of_strided_rec: 4
nr_doubles: 131072
nr_of_strided_rec: 4
nr_doubles: 131072
nr_of_strided_rec: 4
nr_doubles: 131072
nr_of_strided_rec: 4
nr_doubles: 131072
nr_of_strided_rec: 4
nr_doubles: 131072
nr_of_strided_rec: 4
nr_doubles: 131072
nr_of_strided_rec: 4
nr_doubles: 131072
nr_of_strided_rec: 4
nr_doubles: 131072
nr_of_strided_rec: 4
nr_doubles: 131072
nr_of_strided_rec: 4
nr_doubles: 131072
nr_of_strided_rec: 4
nr_doubles: 131072
nr_of_strided_rec: 4
nr_doubles: 131072
nr_of_strided_rec: 4
nr_doubles: 131072
nr_of_strided_rec: 4
nr_doubles: 131072
nr_of_strided_rec: 4
nr_doubles: 131072
nr_of_strided_rec: 4
nr_doubles: 131072
nr_of_strided_rec: 4
nr_doubles: 131072
nr_of_strided_rec: 4
nr_doubles: 131072
nr_of_strided_rec: 4
nr_doubles: 131072
nr_of_strided_rec: 4
nr_doubles: 131072
nr_of_strided_rec: 4
nr_doubles: 131072
nr_of_strided_rec: 4
nr_doubles: 131072
nr_of_strided_rec: 4
nr_doubles: 131072
nr_of_strided_rec: 4
nr_doubles: 131072
nr_of_strided_rec: 4
