fclose PID:36210 fd:3
fclose PID:36210 fd:4
fclose PID:36210 fd:4
fclose PID:36210 fd:3
available: 2 nodes (0-1)
fclose PID:36210 fd:3
node 0 cpus:fclose PID:36210 fd:3
 0 1 2 3 4 5 6 7 8 9 20 21 22 23 24 25 26 27 28 29
node 0 size: 80440 MB
node 0 free: 80121 MB
fclose PID:36210 fd:3
node 1 cpus:fclose PID:36210 fd:3
 10 11 12 13 14 15 16 17 18 19 30 31 32 33 34 35 36 37 38 39
node 1 size: 80635 MB
node 1 free: 80367 MB
fclose PID:36210 fd:3
fclose PID:36210 fd:3
node distances:
node   0   1 
  0:  10  21 
  1:  21  10 
READAHEAD_TIME:0.000000 us
MaxRSS= 2228 KB, SharedMem= 0 KB, HardPageFault= 10
fclose PID:36229 fd:8
fclose PID:36218 fd:8
fclose PID:36221 fd:8
fclose PID:36215 fd:12
fclose PID:36228 fd:8
fclose PID:36230 fd:8
fclose PID:36217 fd:8
fclose PID:36216 fd:10
fclose PID:36222 fd:8
fclose PID:36220 fd:8
fclose PID:36223 fd:8
fclose PID:36224 fd:8
fclose PID:36225 fd:8
fclose PID:36226 fd:8
fclose PID:36219 fd:8
fclose PID:36227 fd:8

MADbench 2.0 IO-mode
no_pe = 16  no_pix = 4096  no_bin = 30  no_gang = 1 sblocksize = 8  fblocksize = 64  r_mod = 1  w_mod = 1 record_size=1048576 stride=7


IOMETHOD = POSIX  IOMODE = SYNC  FILETYPE = UNIQUE  REMAP = CUSTOMbuild_S
build_S
build_S
build_S
build_S
build_S
build_S
build_S
build_S
build_S
build_S
build_S
build_S
build_S
build_S
build_S

Write the data to file:8388608 bytes
***********WAITING************

Write the data to file:8388608 bytes
***********WAITING************

Write the data to file:8388608 bytes
***********WAITING************

Write the data to file:8388608 bytes
***********WAITING************

Write the data to file:8388608 bytes
***********WAITING************

Write the data to file:8388608 bytes
***********WAITING************

Write the data to file:8388608 bytes
***********WAITING************

Write the data to file:8388608 bytes
***********WAITING************

Write the data to file:8388608 bytes
***********WAITING************

Write the data to file:8388608 bytes
***********WAITING************

Write the data to file:8388608 bytes
***********WAITING************

Write the data to file:8388608 bytes
***********WAITING************

Write the data to file:8388608 bytes
***********WAITING************

Write the data to file:8388608 bytes
***********WAITING************

Write the data to file:8388608 bytes
***********WAITING************

Write the data to file:8388608 bytes
***********WAITING************

Write the data to file:8388608 bytes
***********WAITING************

Write the data to file:8388608 bytes
***********WAITING************

Write the data to file:8388608 bytes
***********WAITING************

Write the data to file:8388608 bytes
***********WAITING************

Write the data to file:8388608 bytes
***********WAITING************

Write the data to file:8388608 bytes
***********WAITING************

Write the data to file:8388608 bytes
***********WAITING************

Write the data to file:8388608 bytes
***********WAITING************

Write the data to file:8388608 bytes
***********WAITING************

Write the data to file:8388608 bytes
***********WAITING************

Write the data to file:8388608 bytes
***********WAITING************

Write the data to file:8388608 bytes
***********WAITING************

Write the data to file:8388608 bytes
***********WAITING************

Write the data to file:8388608 bytes
***********WAITING************

Write the data to file:8388608 bytes
***********WAITING************

Write the data to file:8388608 bytes
***********WAITING************

Write the data to file:8388608 bytes
***********WAITING************

Write the data to file:8388608 bytes
***********WAITING************

Write the data to file:8388608 bytes
***********WAITING************

Write the data to file:8388608 bytes
***********WAITING************

Write the data to file:8388608 bytes
***********WAITING************

Write the data to file:8388608 bytes
***********WAITING************

Write the data to file:8388608 bytes
***********WAITING************

Write the data to file:8388608 bytes
***********WAITING************

Write the data to file:8388608 bytes
***********WAITING************

Write the data to file:8388608 bytes
***********WAITING************

Write the data to file:8388608 bytes
***********WAITING************

Write the data to file:8388608 bytes
***********WAITING************

Write the data to file:8388608 bytes
***********WAITING************

Write the data to file:8388608 bytes
***********WAITING************

Write the data to file:8388608 bytes
***********WAITING************

Write the data to file:8388608 bytes
***********WAITING************

Write the data to file:8388608 bytes
***********WAITING************

Write the data to file:8388608 bytes
***********WAITING************

Write the data to file:8388608 bytes
***********WAITING************

Write the data to file:8388608 bytes
***********WAITING************

Write the data to file:8388608 bytes
***********WAITING************

Write the data to file:8388608 bytes
***********WAITING************

Write the data to file:8388608 bytes
***********WAITING************

Write the data to file:8388608 bytes
***********WAITING************

Write the data to file:8388608 bytes
***********WAITING************

Write the data to file:8388608 bytes
***********WAITING************

Write the data to file:8388608 bytes
***********WAITING************

Write the data to file:8388608 bytes
***********WAITING************

Write the data to file:8388608 bytes
***********WAITING************

Write the data to file:8388608 bytes
***********WAITING************

Write the data to file:8388608 bytes
***********WAITING************

Write the data to file:8388608 bytes
***********WAITING************

Write the data to file:8388608 bytes
***********WAITING************

Write the data to file:8388608 bytes
***********WAITING************

Write the data to file:8388608 bytes
***********WAITING************

Write the data to file:8388608 bytes
***********WAITING************

Write the data to file:8388608 bytes
***********WAITING************

Write the data to file:8388608 bytes
***********WAITING************

Write the data to file:8388608 bytes
***********WAITING************

Write the data to file:8388608 bytes
***********WAITING************

Write the data to file:8388608 bytes
***********WAITING************

Write the data to file:8388608 bytes
***********WAITING************

Write the data to file:8388608 bytes
***********WAITING************

Write the data to file:8388608 bytes
***********WAITING************

Write the data to file:8388608 bytes
***********WAITING************

Write the data to file:8388608 bytes
***********WAITING************

Write the data to file:8388608 bytes
***********WAITING************

Write the data to file:8388608 bytes
***********WAITING************

Write the data to file:8388608 bytes
***********WAITING************

Write the data to file:8388608 bytes
***********WAITING************

Write the data to file:8388608 bytes
***********WAITING************

Write the data to file:8388608 bytes
***********WAITING************

Write the data to file:8388608 bytes
***********WAITING************

Write the data to file:8388608 bytes
***********WAITING************

Write the data to file:8388608 bytes
***********WAITING************

Write the data to file:8388608 bytes
***********WAITING************

Write the data to file:8388608 bytes
***********WAITING************

Write the data to file:8388608 bytes
***********WAITING************

Write the data to file:8388608 bytes
***********WAITING************

Write the data to file:8388608 bytes
***********WAITING************

Write the data to file:8388608 bytes
***********WAITING************

Write the data to file:8388608 bytes
***********WAITING************

Write the data to file:8388608 bytes
***********WAITING************

Write the data to file:8388608 bytes
***********WAITING************

Write the data to file:8388608 bytes
***********WAITING************

Write the data to file:8388608 bytes
***********WAITING************

Write the data to file:8388608 bytes
***********WAITING************

Write the data to file:8388608 bytes
***********WAITING************

Write the data to file:8388608 bytes
***********WAITING************

Write the data to file:8388608 bytes
***********WAITING************

Write the data to file:8388608 bytes
***********WAITING************

Write the data to file:8388608 bytes
***********WAITING************

Write the data to file:8388608 bytes
***********WAITING************

Write the data to file:8388608 bytes
***********WAITING************

Write the data to file:8388608 bytes
***********WAITING************

Write the data to file:8388608 bytes
***********WAITING************

Write the data to file:8388608 bytes
***********WAITING************

Write the data to file:8388608 bytes
***********WAITING************

Write the data to file:8388608 bytes
***********WAITING************

Write the data to file:8388608 bytes
***********WAITING************

Write the data to file:8388608 bytes
***********WAITING************

Write the data to file:8388608 bytes
***********WAITING************

Write the data to file:8388608 bytes
***********WAITING************

Write the data to file:8388608 bytes
***********WAITING************

Write the data to file:8388608 bytes
***********WAITING************

Write the data to file:8388608 bytes
***********WAITING************

Write the data to file:8388608 bytes
***********WAITING************

Write the data to file:8388608 bytes
***********WAITING************

Write the data to file:8388608 bytes
***********WAITING************

Write the data to file:8388608 bytes
***********WAITING************

Write the data to file:8388608 bytes
***********WAITING************

Write the data to file:8388608 bytes
***********WAITING************

Write the data to file:8388608 bytes
***********WAITING************

Write the data to file:8388608 bytes
***********WAITING************

Write the data to file:8388608 bytes
***********WAITING************

Write the data to file:8388608 bytes
***********WAITING************

Write the data to file:8388608 bytes
***********WAITING************

Write the data to file:8388608 bytes
***********WAITING************

Write the data to file:8388608 bytes
***********WAITING************

Write the data to file:8388608 bytes
***********WAITING************

Write the data to file:8388608 bytes
***********WAITING************

Write the data to file:8388608 bytes
***********WAITING************

Write the data to file:8388608 bytes
***********WAITING************

Write the data to file:8388608 bytes
***********WAITING************

Write the data to file:8388608 bytes
***********WAITING************

Write the data to file:8388608 bytes
***********WAITING************

Write the data to file:8388608 bytes
***********WAITING************

Write the data to file:8388608 bytes
***********WAITING************

Write the data to file:8388608 bytes
***********WAITING************

Write the data to file:8388608 bytes
***********WAITING************

Write the data to file:8388608 bytes
***********WAITING************

Write the data to file:8388608 bytes
***********WAITING************

Write the data to file:8388608 bytes
***********WAITING************

Write the data to file:8388608 bytes
***********WAITING************

Write the data to file:8388608 bytes
***********WAITING************

Write the data to file:8388608 bytes
***********WAITING************

Write the data to file:8388608 bytes
***********WAITING************

Write the data to file:8388608 bytes
***********WAITING************

Write the data to file:8388608 bytes
***********WAITING************

Write the data to file:8388608 bytes
***********WAITING************

Write the data to file:8388608 bytes
***********WAITING************

Write the data to file:8388608 bytes
***********WAITING************

Write the data to file:8388608 bytes
***********WAITING************

Write the data to file:8388608 bytes
***********WAITING************

Write the data to file:8388608 bytes
***********WAITING************

Write the data to file:8388608 bytes
***********WAITING************

Write the data to file:8388608 bytes
***********WAITING************

Write the data to file:8388608 bytes
***********WAITING************

Write the data to file:8388608 bytes
***********WAITING************

Write the data to file:8388608 bytes
***********WAITING************

Write the data to file:8388608 bytes
***********WAITING************

Write the data to file:8388608 bytes
***********WAITING************

Write the data to file:8388608 bytes
***********WAITING************

Write the data to file:8388608 bytes
***********WAITING************

Write the data to file:8388608 bytes
***********WAITING************

Write the data to file:8388608 bytes
***********WAITING************

Write the data to file:8388608 bytes
***********WAITING************

Write the data to file:8388608 bytes
***********WAITING************

Write the data to file:8388608 bytes
***********WAITING************

Write the data to file:8388608 bytes
***********WAITING************

Write the data to file:8388608 bytes
***********WAITING************

Write the data to file:8388608 bytes
***********WAITING************

Write the data to file:8388608 bytes
***********WAITING************

Write the data to file:8388608 bytes
***********WAITING************

Write the data to file:8388608 bytes
***********WAITING************

Write the data to file:8388608 bytes
***********WAITING************

Write the data to file:8388608 bytes
***********WAITING************

Write the data to file:8388608 bytes
***********WAITING************

Write the data to file:8388608 bytes
***********WAITING************

Write the data to file:8388608 bytes
***********WAITING************

Write the data to file:8388608 bytes
***********WAITING************

Write the data to file:8388608 bytes
***********WAITING************

Write the data to file:8388608 bytes
***********WAITING************

Write the data to file:8388608 bytes
***********WAITING************

Write the data to file:8388608 bytes
***********WAITING************

Write the data to file:8388608 bytes
***********WAITING************

Write the data to file:8388608 bytes
***********WAITING************

Write the data to file:8388608 bytes
***********WAITING************

Write the data to file:8388608 bytes
***********WAITING************

Write the data to file:8388608 bytes
***********WAITING************

Write the data to file:8388608 bytes
***********WAITING************

Write the data to file:8388608 bytes
***********WAITING************

Write the data to file:8388608 bytes
***********WAITING************

Write the data to file:8388608 bytes
***********WAITING************

Write the data to file:8388608 bytes
***********WAITING************

Write the data to file:8388608 bytes
***********WAITING************

Write the data to file:8388608 bytes
***********WAITING************

Write the data to file:8388608 bytes
***********WAITING************

Write the data to file:8388608 bytes
***********WAITING************

Write the data to file:8388608 bytes
***********WAITING************

Write the data to file:8388608 bytes
***********WAITING************

Write the data to file:8388608 bytes
***********WAITING************

Write the data to file:8388608 bytes
***********WAITING************

Write the data to file:8388608 bytes
***********WAITING************

Write the data to file:8388608 bytes
***********WAITING************

Write the data to file:8388608 bytes
***********WAITING************

Write the data to file:8388608 bytes
***********WAITING************

Write the data to file:8388608 bytes
***********WAITING************

Write the data to file:8388608 bytes
***********WAITING************

Write the data to file:8388608 bytes
***********WAITING************

Write the data to file:8388608 bytes
***********WAITING************

Write the data to file:8388608 bytes
***********WAITING************

Write the data to file:8388608 bytes
***********WAITING************

Write the data to file:8388608 bytes
***********WAITING************

Write the data to file:8388608 bytes
***********WAITING************

Write the data to file:8388608 bytes
***********WAITING************

Write the data to file:8388608 bytes
***********WAITING************

Write the data to file:8388608 bytes
***********WAITING************

Write the data to file:8388608 bytes
***********WAITING************

Write the data to file:8388608 bytes
***********WAITING************

Write the data to file:8388608 bytes
***********WAITING************

Write the data to file:8388608 bytes
***********WAITING************

Write the data to file:8388608 bytes
***********WAITING************

Write the data to file:8388608 bytes
***********WAITING************

Write the data to file:8388608 bytes
***********WAITING************

Write the data to file:8388608 bytes
***********WAITING************

Write the data to file:8388608 bytes
***********WAITING************

Write the data to file:8388608 bytes
***********WAITING************

Write the data to file:8388608 bytes
***********WAITING************

Write the data to file:8388608 bytes
***********WAITING************

Write the data to file:8388608 bytes
***********WAITING************

Write the data to file:8388608 bytes
***********WAITING************

Write the data to file:8388608 bytes
***********WAITING************

Write the data to file:8388608 bytes
***********WAITING************

Write the data to file:8388608 bytes
***********WAITING************

Write the data to file:8388608 bytes
***********WAITING************

Write the data to file:8388608 bytes
***********WAITING************

Write the data to file:8388608 bytes
***********WAITING************

Write the data to file:8388608 bytes
***********WAITING************

Write the data to file:8388608 bytes
***********WAITING************

Write the data to file:8388608 bytes
***********WAITING************

Write the data to file:8388608 bytes
***********WAITING************

Write the data to file:8388608 bytes
***********WAITING************

Write the data to file:8388608 bytes
***********WAITING************

Write the data to file:8388608 bytes
***********WAITING************

Write the data to file:8388608 bytes
***********WAITING************

Write the data to file:8388608 bytes
***********WAITING************

Write the data to file:8388608 bytes
***********WAITING************

Write the data to file:8388608 bytes
***********WAITING************

Write the data to file:8388608 bytes
***********WAITING************

Write the data to file:8388608 bytes
***********WAITING************

Write the data to file:8388608 bytes
***********WAITING************

Write the data to file:8388608 bytes
***********WAITING************

Write the data to file:8388608 bytes
***********WAITING************

Write the data to file:8388608 bytes
***********WAITING************

Write the data to file:8388608 bytes
***********WAITING************

Write the data to file:8388608 bytes
***********WAITING************

Write the data to file:8388608 bytes
***********WAITING************

Write the data to file:8388608 bytes
***********WAITING************

Write the data to file:8388608 bytes
***********WAITING************

Write the data to file:8388608 bytes
***********WAITING************

Write the data to file:8388608 bytes
***********WAITING************

Write the data to file:8388608 bytes
***********WAITING************

Write the data to file:8388608 bytes
***********WAITING************

Write the data to file:8388608 bytes
***********WAITING************

Write the data to file:8388608 bytes
***********WAITING************

Write the data to file:8388608 bytes
***********WAITING************

Write the data to file:8388608 bytes
***********WAITING************

Write the data to file:8388608 bytes
***********WAITING************

Write the data to file:8388608 bytes
***********WAITING************

Write the data to file:8388608 bytes
***********WAITING************

Write the data to file:8388608 bytes
***********WAITING************

Write the data to file:8388608 bytes
***********WAITING************

Write the data to file:8388608 bytes
***********WAITING************

Write the data to file:8388608 bytes
***********WAITING************

Write the data to file:8388608 bytes
***********WAITING************

Write the data to file:8388608 bytes
***********WAITING************

Write the data to file:8388608 bytes
***********WAITING************

Write the data to file:8388608 bytes
***********WAITING************

Write the data to file:8388608 bytes
***********WAITING************

Write the data to file:8388608 bytes
***********WAITING************

Write the data to file:8388608 bytes
***********WAITING************

Write the data to file:8388608 bytes
***********WAITING************

Write the data to file:8388608 bytes
***********WAITING************

Write the data to file:8388608 bytes
***********WAITING************

Write the data to file:8388608 bytes
***********WAITING************

Write the data to file:8388608 bytes
***********WAITING************

Write the data to file:8388608 bytes
***********WAITING************

Write the data to file:8388608 bytes
***********WAITING************

Write the data to file:8388608 bytes
***********WAITING************

Write the data to file:8388608 bytes
***********WAITING************

Write the data to file:8388608 bytes
***********WAITING************

Write the data to file:8388608 bytes
***********WAITING************

Write the data to file:8388608 bytes
***********WAITING************

Write the data to file:8388608 bytes
***********WAITING************

Write the data to file:8388608 bytes
***********WAITING************

Write the data to file:8388608 bytes
***********WAITING************

Write the data to file:8388608 bytes
***********WAITING************

Write the data to file:8388608 bytes
***********WAITING************

Write the data to file:8388608 bytes
***********WAITING************

Write the data to file:8388608 bytes
***********WAITING************

Write the data to file:8388608 bytes
***********WAITING************

Write the data to file:8388608 bytes
***********WAITING************

Write the data to file:8388608 bytes
***********WAITING************

Write the data to file:8388608 bytes
***********WAITING************

Write the data to file:8388608 bytes
***********WAITING************

Write the data to file:8388608 bytes
***********WAITING************

Write the data to file:8388608 bytes
***********WAITING************

Write the data to file:8388608 bytes
***********WAITING************

Write the data to file:8388608 bytes
***********WAITING************

Write the data to file:8388608 bytes
***********WAITING************

Write the data to file:8388608 bytes
***********WAITING************

Write the data to file:8388608 bytes
***********WAITING************

Write the data to file:8388608 bytes
***********WAITING************

Write the data to file:8388608 bytes
***********WAITING************

Write the data to file:8388608 bytes
***********WAITING************

Write the data to file:8388608 bytes
***********WAITING************

Write the data to file:8388608 bytes
***********WAITING************

Write the data to file:8388608 bytes
***********WAITING************

Write the data to file:8388608 bytes
***********WAITING************

Write the data to file:8388608 bytes
***********WAITING************

Write the data to file:8388608 bytes
***********WAITING************

Write the data to file:8388608 bytes
***********WAITING************

Write the data to file:8388608 bytes
***********WAITING************

Write the data to file:8388608 bytes
***********WAITING************

Write the data to file:8388608 bytes
***********WAITING************

Write the data to file:8388608 bytes
***********WAITING************

Write the data to file:8388608 bytes
***********WAITING************

Write the data to file:8388608 bytes
***********WAITING************

Write the data to file:8388608 bytes
***********WAITING************

Write the data to file:8388608 bytes
***********WAITING************

Write the data to file:8388608 bytes
***********WAITING************

Write the data to file:8388608 bytes
***********WAITING************

Write the data to file:8388608 bytes
***********WAITING************

Write the data to file:8388608 bytes
***********WAITING************

Write the data to file:8388608 bytes
***********WAITING************

Write the data to file:8388608 bytes
***********WAITING************

Write the data to file:8388608 bytes
***********WAITING************

Write the data to file:8388608 bytes
***********WAITING************

Write the data to file:8388608 bytes
***********WAITING************

Write the data to file:8388608 bytes
***********WAITING************

Write the data to file:8388608 bytes
***********WAITING************

Write the data to file:8388608 bytes
***********WAITING************

Write the data to file:8388608 bytes
***********WAITING************

Write the data to file:8388608 bytes
***********WAITING************

Write the data to file:8388608 bytes
***********WAITING************

Write the data to file:8388608 bytes
***********WAITING************

Write the data to file:8388608 bytes
***********WAITING************

Write the data to file:8388608 bytes
***********WAITING************

Write the data to file:8388608 bytes
***********WAITING************

Write the data to file:8388608 bytes
***********WAITING************

Write the data to file:8388608 bytes
***********WAITING************

Write the data to file:8388608 bytes
***********WAITING************

Write the data to file:8388608 bytes
***********WAITING************

Write the data to file:8388608 bytes
***********WAITING************

Write the data to file:8388608 bytes
***********WAITING************

Write the data to file:8388608 bytes
***********WAITING************

Write the data to file:8388608 bytes
***********WAITING************

Write the data to file:8388608 bytes
***********WAITING************

Write the data to file:8388608 bytes
***********WAITING************

Write the data to file:8388608 bytes
***********WAITING************

Write the data to file:8388608 bytes
***********WAITING************

Write the data to file:8388608 bytes
***********WAITING************

Write the data to file:8388608 bytes
***********WAITING************

Write the data to file:8388608 bytes
***********WAITING************

Write the data to file:8388608 bytes
***********WAITING************

Write the data to file:8388608 bytes
***********WAITING************

Write the data to file:8388608 bytes
***********WAITING************

Write the data to file:8388608 bytes
***********WAITING************

Write the data to file:8388608 bytes
***********WAITING************

Write the data to file:8388608 bytes
***********WAITING************

Write the data to file:8388608 bytes
***********WAITING************

Write the data to file:8388608 bytes
***********WAITING************

Write the data to file:8388608 bytes
***********WAITING************

Write the data to file:8388608 bytes
***********WAITING************

Write the data to file:8388608 bytes
***********WAITING************

Write the data to file:8388608 bytes
***********WAITING************

Write the data to file:8388608 bytes
***********WAITING************

Write the data to file:8388608 bytes
***********WAITING************

Write the data to file:8388608 bytes
***********WAITING************

Write the data to file:8388608 bytes
***********WAITING************

Write the data to file:8388608 bytes
***********WAITING************

Write the data to file:8388608 bytes
***********WAITING************

Write the data to file:8388608 bytes
***********WAITING************

Write the data to file:8388608 bytes
***********WAITING************

Write the data to file:8388608 bytes
***********WAITING************

Write the data to file:8388608 bytes
***********WAITING************

Write the data to file:8388608 bytes
***********WAITING************

Write the data to file:8388608 bytes
***********WAITING************

Write the data to file:8388608 bytes
***********WAITING************

Write the data to file:8388608 bytes
***********WAITING************

Write the data to file:8388608 bytes
***********WAITING************

Write the data to file:8388608 bytes
***********WAITING************

Write the data to file:8388608 bytes
***********WAITING************

Write the data to file:8388608 bytes
***********WAITING************

Write the data to file:8388608 bytes
***********WAITING************

Write the data to file:8388608 bytes
***********WAITING************

Write the data to file:8388608 bytes
***********WAITING************

Write the data to file:8388608 bytes
***********WAITING************

Write the data to file:8388608 bytes
***********WAITING************

Write the data to file:8388608 bytes
***********WAITING************

Write the data to file:8388608 bytes
***********WAITING************

Write the data to file:8388608 bytes
***********WAITING************

Write the data to file:8388608 bytes
***********WAITING************

Write the data to file:8388608 bytes
***********WAITING************

Write the data to file:8388608 bytes
***********WAITING************

Write the data to file:8388608 bytes
***********WAITING************

Write the data to file:8388608 bytes
***********WAITING************

Write the data to file:8388608 bytes
***********WAITING************

Write the data to file:8388608 bytes
***********WAITING************

Write the data to file:8388608 bytes
***********WAITING************

Write the data to file:8388608 bytes
***********WAITING************

Write the data to file:8388608 bytes
***********WAITING************

Write the data to file:8388608 bytes
***********WAITING************

Write the data to file:8388608 bytes
***********WAITING************

Write the data to file:8388608 bytes
***********WAITING************

Write the data to file:8388608 bytes
***********WAITING************

Write the data to file:8388608 bytes
***********WAITING************

Write the data to file:8388608 bytes
***********WAITING************

Write the data to file:8388608 bytes
***********WAITING************

Write the data to file:8388608 bytes
***********WAITING************

Write the data to file:8388608 bytes
***********WAITING************

Write the data to file:8388608 bytes
***********WAITING************

Write the data to file:8388608 bytes
***********WAITING************

Write the data to file:8388608 bytes
***********WAITING************

Write the data to file:8388608 bytes
***********WAITING************

Write the data to file:8388608 bytes
***********WAITING************

Write the data to file:8388608 bytes
***********WAITING************

Write the data to file:8388608 bytes
***********WAITING************

Write the data to file:8388608 bytes
***********WAITING************

Write the data to file:8388608 bytes
***********WAITING************

Write the data to file:8388608 bytes
***********WAITING************

Write the data to file:8388608 bytes
***********WAITING************

Write the data to file:8388608 bytes
***********WAITING************

Write the data to file:8388608 bytes
***********WAITING************

Write the data to file:8388608 bytes
***********WAITING************

Write the data to file:8388608 bytes
***********WAITING************

Write the data to file:8388608 bytes
***********WAITING************

Write the data to file:8388608 bytes
***********WAITING************

Write the data to file:8388608 bytes
***********WAITING************

Write the data to file:8388608 bytes
***********WAITING************

Write the data to file:8388608 bytes
***********WAITING************

Write the data to file:8388608 bytes
***********WAITING************

Write the data to file:8388608 bytes
***********WAITING************

Write the data to file:8388608 bytes
***********WAITING************

Write the data to file:8388608 bytes
***********WAITING************

Write the data to file:8388608 bytes
***********WAITING************

Write the data to file:8388608 bytes
***********WAITING************

Write the data to file:8388608 bytes
***********WAITING************

Write the data to file:8388608 bytes
***********WAITING************

Write the data to file:8388608 bytes
***********WAITING************

Write the data to file:8388608 bytes
***********WAITING************

Write the data to file:8388608 bytes
***********WAITING************

Write the data to file:8388608 bytes
***********WAITING************

Write the data to file:8388608 bytes
***********WAITING************

Write the data to file:8388608 bytes
***********WAITING************

Write the data to file:8388608 bytes
***********WAITING************

Write the data to file:8388608 bytes
***********WAITING************

Write the data to file:8388608 bytes
***********WAITING************

Write the data to file:8388608 bytes
***********WAITING************

Write the data to file:8388608 bytes
***********WAITING************

Write the data to file:8388608 bytes
***********WAITING************

Write the data to file:8388608 bytes
***********WAITING************

Write the data to file:8388608 bytes
***********WAITING************

Write the data to file:8388608 bytes
***********WAITING************

Write the data to file:8388608 bytes
***********WAITING************

Write the data to file:8388608 bytes
***********WAITING************

Write the data to file:8388608 bytes
***********WAITING************

Write the data to file:8388608 bytes
***********WAITING************

Write the data to file:8388608 bytes
***********WAITING************

Write the data to file:8388608 bytes
***********WAITING************

Write the data to file:8388608 bytes
***********WAITING************

Write the data to file:8388608 bytes
***********WAITING************

Write the data to file:8388608 bytes
***********WAITING************

Write the data to file:8388608 bytes
***********WAITING************

Write the data to file:8388608 bytes
***********WAITING************

Write the data to file:8388608 bytes
***********WAITING************

Write the data to file:8388608 bytes
***********WAITING************
S_cc         0.27   [      0.27:      0.27]
S_bw         0.07   [      0.07:      0.07]
S_w          6.34   [      6.34:      6.34]
          -------
S_total      6.68   [      6.68:      6.68]

build_S done
calc_W
build_S done
calc_W
nr_of_strided_rec: 1
build_S done
calc_W
nr_of_strided_rec: 1
nr_doubles: 131072
build_S done
calc_W
nr_of_strided_rec: 1
nr_doubles: 131072
build_S done
calc_W
nr_of_strided_rec: 1
nr_doubles: 131072
build_S done
calc_W
nr_of_strided_rec: 1
nr_doubles: 131072
build_S done
calc_W
nr_of_strided_rec: 1
nr_doubles: 131072
build_S done
calc_W
nr_of_strided_rec: 1
nr_doubles: 131072
build_S done
calc_W
nr_of_strided_rec: 1
nr_doubles: 131072
build_S done
calc_W
nr_of_strided_rec: 1
nr_doubles: 131072
build_S done
calc_W
nr_of_strided_rec: 1
nr_doubles: 131072
build_S done
calc_W
nr_of_strided_rec: 1
nr_doubles: 131072
build_S done
calc_W
nr_of_strided_rec: 1
nr_doubles: 131072
build_S done
calc_W
nr_of_strided_rec: 1
nr_doubles: 131072
build_S done
calc_W
nr_of_strided_rec: 1
nr_doubles: 131072
build_S done
calc_W
nr_of_strided_rec: 1
nr_doubles: 131072
nr_of_strided_rec: 1
nr_doubles: 131072
nr_doubles: 131072
nr_of_strided_rec: 1
nr_doubles: 131072
nr_of_strided_rec: 1
nr_doubles: 131072
nr_of_strided_rec: 1
nr_doubles: 131072
nr_of_strided_rec: 1
nr_doubles: 131072
nr_of_strided_rec: 1
nr_doubles: 131072
nr_of_strided_rec: 1
nr_doubles: 131072
nr_of_strided_rec: 1
nr_doubles: 131072
nr_of_strided_rec: 1
nr_doubles: 131072
nr_of_strided_rec: 1
nr_doubles: 131072
nr_of_strided_rec: 1
nr_doubles: 131072
nr_of_strided_rec: 1
nr_doubles: 131072
nr_of_strided_rec: 1
nr_doubles: 131072
nr_of_strided_rec: 1
nr_doubles: 131072
nr_of_strided_rec: 1
nr_doubles: 131072
nr_of_strided_rec: 1
nr_doubles: 131072
nr_of_strided_rec: 1
nr_doubles: 131072

Write the data to file:8388608 bytes
***********WAITING************

Write the data to file:8388608 bytes
***********WAITING************

Write the data to file:8388608 bytes
***********WAITING************

Write the data to file:8388608 bytes
***********WAITING************

Write the data to file:8388608 bytes
***********WAITING************

Write the data to file:8388608 bytes
***********WAITING************

Write the data to file:8388608 bytes
***********WAITING************

Write the data to file:8388608 bytes
***********WAITING************

Write the data to file:8388608 bytes
***********WAITING************

Write the data to file:8388608 bytes
***********WAITING************

Write the data to file:8388608 bytes
***********WAITING************

Write the data to file:8388608 bytes
***********WAITING************

Write the data to file:8388608 bytes
***********WAITING************

Write the data to file:8388608 bytes
***********WAITING************

Write the data to file:8388608 bytes
***********WAITING************

Write the data to file:8388608 bytes
***********WAITING************
nr_of_strided_rec: 1
nr_doubles: 131072
nr_of_strided_rec: 1
nr_doubles: 131072
nr_of_strided_rec: 1
nr_doubles: 131072
nr_of_strided_rec: 1
nr_doubles: 131072
nr_of_strided_rec: 1
nr_doubles: 131072
nr_of_strided_rec: 1
nr_doubles: 131072
nr_of_strided_rec: 1
nr_doubles: 131072
nr_of_strided_rec: 1
nr_doubles: 131072
nr_of_strided_rec: 1
nr_doubles: 131072
nr_of_strided_rec: 1
nr_doubles: 131072
nr_of_strided_rec: 1
nr_doubles: 131072
nr_of_strided_rec: 1
nr_doubles: 131072
nr_of_strided_rec: 1
nr_doubles: 131072
nr_of_strided_rec: 1
nr_doubles: 131072
nr_of_strided_rec: 1
nr_doubles: 131072
nr_of_strided_rec: 1
nr_doubles: 131072

Write the data to file:8388608 bytes
***********WAITING************

Write the data to file:8388608 bytes
***********WAITING************

Write the data to file:8388608 bytes
***********WAITING************

Write the data to file:8388608 bytes
***********WAITING************

Write the data to file:8388608 bytes
***********WAITING************

Write the data to file:8388608 bytes
***********WAITING************

Write the data to file:8388608 bytes
***********WAITING************

Write the data to file:8388608 bytes
***********WAITING************

Write the data to file:8388608 bytes
***********WAITING************

Write the data to file:8388608 bytes
***********WAITING************

Write the data to file:8388608 bytes
***********WAITING************

Write the data to file:8388608 bytes
***********WAITING************

Write the data to file:8388608 bytes
***********WAITING************

Write the data to file:8388608 bytes
***********WAITING************

Write the data to file:8388608 bytes
***********WAITING************

Write the data to file:8388608 bytes
***********WAITING************
nr_of_strided_rec: 1
nr_doubles: 131072
nr_of_strided_rec: 1
nr_doubles: 131072
nr_of_strided_rec: 1
nr_doubles: 131072
nr_of_strided_rec: 1
nr_doubles: 131072
nr_of_strided_rec: 1
nr_doubles: 131072
nr_of_strided_rec: 1
nr_doubles: 131072
nr_of_strided_rec: 1
nr_doubles: 131072
nr_of_strided_rec: 1
nr_doubles: 131072
nr_of_strided_rec: 1
nr_doubles: 131072
nr_of_strided_rec: 1
nr_doubles: 131072
nr_of_strided_rec: 1
nr_doubles: 131072
nr_of_strided_rec: 1
nr_doubles: 131072
nr_of_strided_rec: 1
nr_doubles: 131072
nr_of_strided_rec: 1
nr_doubles: 131072
nr_of_strided_rec: 1
nr_doubles: 131072
nr_of_strided_rec: 1
nr_doubles: 131072

Write the data to file:8388608 bytes
***********WAITING************

Write the data to file:8388608 bytes
***********WAITING************

Write the data to file:8388608 bytes
***********WAITING************

Write the data to file:8388608 bytes
***********WAITING************

Write the data to file:8388608 bytes
***********WAITING************

Write the data to file:8388608 bytes
***********WAITING************

Write the data to file:8388608 bytes
***********WAITING************

Write the data to file:8388608 bytes
***********WAITING************

Write the data to file:8388608 bytes
***********WAITING************

Write the data to file:8388608 bytes
***********WAITING************

Write the data to file:8388608 bytes
***********WAITING************

Write the data to file:8388608 bytes
***********WAITING************

Write the data to file:8388608 bytes
***********WAITING************

Write the data to file:8388608 bytes
***********WAITING************

Write the data to file:8388608 bytes
***********WAITING************

Write the data to file:8388608 bytes
***********WAITING************
nr_of_strided_rec: 1
nr_doubles: 131072
nr_of_strided_rec: 1
nr_doubles: 131072
nr_of_strided_rec: 1
nr_doubles: 131072
nr_of_strided_rec: 1
nr_doubles: 131072
nr_of_strided_rec: 1
nr_doubles: 131072
nr_of_strided_rec: 1
nr_doubles: 131072
nr_of_strided_rec: 1
nr_doubles: 131072
nr_of_strided_rec: 1
nr_doubles: 131072
nr_of_strided_rec: 1
nr_doubles: 131072
nr_of_strided_rec: 1
nr_doubles: 131072
nr_of_strided_rec: 1
nr_doubles: 131072
nr_of_strided_rec: 1
nr_doubles: 131072
nr_of_strided_rec: 1
nr_doubles: 131072
nr_of_strided_rec: 1
nr_doubles: 131072
nr_of_strided_rec: 1
nr_doubles: 131072
nr_of_strided_rec: 1
nr_doubles: 131072

Write the data to file:8388608 bytes
***********WAITING************

Write the data to file:8388608 bytes
***********WAITING************

Write the data to file:8388608 bytes
***********WAITING************

Write the data to file:8388608 bytes
***********WAITING************

Write the data to file:8388608 bytes
***********WAITING************

Write the data to file:8388608 bytes
***********WAITING************

Write the data to file:8388608 bytes
***********WAITING************

Write the data to file:8388608 bytes
***********WAITING************

Write the data to file:8388608 bytes
***********WAITING************

Write the data to file:8388608 bytes
***********WAITING************

Write the data to file:8388608 bytes
***********WAITING************

Write the data to file:8388608 bytes
***********WAITING************

Write the data to file:8388608 bytes
***********WAITING************

Write the data to file:8388608 bytes
***********WAITING************

Write the data to file:8388608 bytes
***********WAITING************

Write the data to file:8388608 bytes
***********WAITING************
nr_of_strided_rec: 1
nr_doubles: 131072
nr_of_strided_rec: 1
nr_doubles: 131072
nr_of_strided_rec: 1
nr_doubles: 131072
nr_of_strided_rec: 1
nr_doubles: 131072
nr_of_strided_rec: 1
nr_doubles: 131072
nr_of_strided_rec: 1
nr_doubles: 131072
nr_of_strided_rec: 1
nr_doubles: 131072
nr_of_strided_rec: 1
nr_doubles: 131072
nr_of_strided_rec: 1
nr_doubles: 131072
nr_of_strided_rec: 1
nr_doubles: 131072
nr_of_strided_rec: 1
nr_doubles: 131072
nr_of_strided_rec: 1
nr_doubles: 131072
nr_of_strided_rec: 1
nr_doubles: 131072
nr_of_strided_rec: 1
nr_doubles: 131072
nr_of_strided_rec: 1
nr_doubles: 131072
nr_of_strided_rec: 1
nr_doubles: 131072

Write the data to file:8388608 bytes
***********WAITING************

Write the data to file:8388608 bytes
***********WAITING************

Write the data to file:8388608 bytes
***********WAITING************

Write the data to file:8388608 bytes
***********WAITING************

Write the data to file:8388608 bytes
***********WAITING************

Write the data to file:8388608 bytes
***********WAITING************

Write the data to file:8388608 bytes
***********WAITING************

Write the data to file:8388608 bytes
***********WAITING************

Write the data to file:8388608 bytes
***********WAITING************

Write the data to file:8388608 bytes
***********WAITING************

Write the data to file:8388608 bytes
***********WAITING************

Write the data to file:8388608 bytes
***********WAITING************

Write the data to file:8388608 bytes
***********WAITING************

Write the data to file:8388608 bytes
***********WAITING************

Write the data to file:8388608 bytes
***********WAITING************

Write the data to file:8388608 bytes
***********WAITING************
nr_of_strided_rec: 1
nr_doubles: 131072
nr_of_strided_rec: 1
nr_doubles: 131072
nr_of_strided_rec: 1
nr_doubles: 131072
nr_of_strided_rec: 1
nr_doubles: 131072
nr_of_strided_rec: 1
nr_doubles: 131072
nr_of_strided_rec: 1
nr_doubles: 131072
nr_of_strided_rec: 1
nr_doubles: 131072
nr_of_strided_rec: 1
nr_doubles: 131072
nr_of_strided_rec: 1
nr_doubles: 131072
nr_of_strided_rec: 1
nr_doubles: 131072
nr_of_strided_rec: 1
nr_doubles: 131072
nr_of_strided_rec: 1
nr_doubles: 131072
nr_of_strided_rec: 1
nr_doubles: 131072
nr_of_strided_rec: 1
nr_doubles: 131072
nr_of_strided_rec: 1
nr_doubles: 131072
nr_of_strided_rec: 1
nr_doubles: 131072

Write the data to file:8388608 bytes
***********WAITING************

Write the data to file:8388608 bytes
***********WAITING************

Write the data to file:8388608 bytes
***********WAITING************

Write the data to file:8388608 bytes
***********WAITING************

Write the data to file:8388608 bytes
***********WAITING************

Write the data to file:8388608 bytes
***********WAITING************

Write the data to file:8388608 bytes
***********WAITING************

Write the data to file:8388608 bytes
***********WAITING************

Write the data to file:8388608 bytes
***********WAITING************

Write the data to file:8388608 bytes
***********WAITING************

Write the data to file:8388608 bytes
***********WAITING************

Write the data to file:8388608 bytes
***********WAITING************

Write the data to file:8388608 bytes
***********WAITING************

Write the data to file:8388608 bytes
***********WAITING************

Write the data to file:8388608 bytes
***********WAITING************

Write the data to file:8388608 bytes
***********WAITING************
nr_of_strided_rec: 1
nr_doubles: 131072
nr_of_strided_rec: 1
nr_doubles: 131072
nr_of_strided_rec: 1
nr_doubles: 131072
nr_of_strided_rec: 1
nr_doubles: 131072
nr_of_strided_rec: 1
nr_doubles: 131072
nr_of_strided_rec: 1
nr_doubles: 131072
nr_of_strided_rec: 1
nr_doubles: 131072
nr_of_strided_rec: 1
nr_doubles: 131072
nr_of_strided_rec: 1
nr_doubles: 131072
nr_of_strided_rec: 1
nr_doubles: 131072
nr_of_strided_rec: 1
nr_doubles: 131072
nr_of_strided_rec: 1
nr_doubles: 131072
nr_of_strided_rec: 1
nr_doubles: 131072
nr_of_strided_rec: 1
nr_doubles: 131072
nr_of_strided_rec: 1
nr_doubles: 131072
nr_of_strided_rec: 1
nr_doubles: 131072

Write the data to file:8388608 bytes
***********WAITING************

Write the data to file:8388608 bytes
***********WAITING************

Write the data to file:8388608 bytes
***********WAITING************

Write the data to file:8388608 bytes
***********WAITING************

Write the data to file:8388608 bytes
***********WAITING************

Write the data to file:8388608 bytes
***********WAITING************

Write the data to file:8388608 bytes
***********WAITING************

Write the data to file:8388608 bytes
***********WAITING************

Write the data to file:8388608 bytes
***********WAITING************

Write the data to file:8388608 bytes
***********WAITING************

Write the data to file:8388608 bytes
***********WAITING************

Write the data to file:8388608 bytes
***********WAITING************

Write the data to file:8388608 bytes
***********WAITING************

Write the data to file:8388608 bytes
***********WAITING************

Write the data to file:8388608 bytes
***********WAITING************

Write the data to file:8388608 bytes
***********WAITING************
nr_of_strided_rec: 1
nr_doubles: 131072
nr_of_strided_rec: 1
nr_doubles: 131072
nr_of_strided_rec: 1
nr_doubles: 131072
nr_of_strided_rec: 1
nr_doubles: 131072
nr_of_strided_rec: 1
nr_doubles: 131072
nr_of_strided_rec: 1
nr_doubles: 131072
nr_of_strided_rec: 1
nr_doubles: 131072
nr_of_strided_rec: 1
nr_doubles: 131072
nr_of_strided_rec: 1
nr_doubles: 131072
nr_of_strided_rec: 1
nr_doubles: 131072
nr_of_strided_rec: 1
nr_doubles: 131072
nr_of_strided_rec: 1
nr_doubles: 131072
nr_of_strided_rec: 1
nr_doubles: 131072
nr_of_strided_rec: 1
nr_doubles: 131072
nr_of_strided_rec: 1
nr_doubles: 131072
nr_of_strided_rec: 1
nr_doubles: 131072

Write the data to file:8388608 bytes
***********WAITING************

Write the data to file:8388608 bytes
***********WAITING************

Write the data to file:8388608 bytes
***********WAITING************

Write the data to file:8388608 bytes
***********WAITING************

Write the data to file:8388608 bytes
***********WAITING************

Write the data to file:8388608 bytes
***********WAITING************

Write the data to file:8388608 bytes
***********WAITING************

Write the data to file:8388608 bytes
***********WAITING************

Write the data to file:8388608 bytes
***********WAITING************

Write the data to file:8388608 bytes
***********WAITING************

Write the data to file:8388608 bytes
***********WAITING************

Write the data to file:8388608 bytes
***********WAITING************

Write the data to file:8388608 bytes
***********WAITING************

Write the data to file:8388608 bytes
***********WAITING************

Write the data to file:8388608 bytes
***********WAITING************

Write the data to file:8388608 bytes
***********WAITING************
nr_of_strided_rec: 1
nr_doubles: 131072
nr_of_strided_rec: 1
nr_doubles: 131072
nr_of_strided_rec: 1
nr_doubles: 131072
nr_of_strided_rec: 1
nr_doubles: 131072
nr_of_strided_rec: 1
nr_doubles: 131072
nr_of_strided_rec: 1
nr_doubles: 131072
nr_of_strided_rec: 1
nr_doubles: 131072
nr_of_strided_rec: 1
nr_doubles: 131072
nr_of_strided_rec: 1
nr_doubles: 131072
nr_of_strided_rec: 1
nr_doubles: 131072
nr_of_strided_rec: 1
nr_doubles: 131072
nr_of_strided_rec: 1
nr_doubles: 131072
nr_of_strided_rec: 1
nr_doubles: 131072
nr_of_strided_rec: 1
nr_doubles: 131072
nr_of_strided_rec: 1
nr_doubles: 131072
nr_of_strided_rec: 1
nr_doubles: 131072

Write the data to file:8388608 bytes
***********WAITING************

Write the data to file:8388608 bytes
***********WAITING************

Write the data to file:8388608 bytes
***********WAITING************

Write the data to file:8388608 bytes
***********WAITING************

Write the data to file:8388608 bytes
***********WAITING************

Write the data to file:8388608 bytes
***********WAITING************

Write the data to file:8388608 bytes
***********WAITING************

Write the data to file:8388608 bytes
***********WAITING************

Write the data to file:8388608 bytes
***********WAITING************

Write the data to file:8388608 bytes
***********WAITING************

Write the data to file:8388608 bytes
***********WAITING************

Write the data to file:8388608 bytes
***********WAITING************

Write the data to file:8388608 bytes
***********WAITING************

Write the data to file:8388608 bytes
***********WAITING************

Write the data to file:8388608 bytes
***********WAITING************

Write the data to file:8388608 bytes
***********WAITING************
nr_of_strided_rec: 1
nr_doubles: 131072
nr_of_strided_rec: 1
nr_doubles: 131072
nr_of_strided_rec: 1
nr_doubles: 131072
nr_of_strided_rec: 1
nr_doubles: 131072
nr_of_strided_rec: 1
nr_doubles: 131072
nr_of_strided_rec: 1
nr_doubles: 131072
nr_of_strided_rec: 1
nr_doubles: 131072
nr_of_strided_rec: 1
nr_doubles: 131072
nr_of_strided_rec: 1
nr_doubles: 131072
nr_of_strided_rec: 1
nr_doubles: 131072
nr_of_strided_rec: 1
nr_doubles: 131072
nr_of_strided_rec: 1
nr_doubles: 131072
nr_of_strided_rec: 1
nr_doubles: 131072
nr_of_strided_rec: 1
nr_doubles: 131072
nr_of_strided_rec: 1
nr_doubles: 131072
nr_of_strided_rec: 1
nr_doubles: 131072

Write the data to file:8388608 bytes
***********WAITING************

Write the data to file:8388608 bytes
***********WAITING************

Write the data to file:8388608 bytes
***********WAITING************

Write the data to file:8388608 bytes
***********WAITING************

Write the data to file:8388608 bytes
***********WAITING************

Write the data to file:8388608 bytes
***********WAITING************

Write the data to file:8388608 bytes
***********WAITING************

Write the data to file:8388608 bytes
***********WAITING************

Write the data to file:8388608 bytes
***********WAITING************

Write the data to file:8388608 bytes
***********WAITING************

Write the data to file:8388608 bytes
***********WAITING************

Write the data to file:8388608 bytes
***********WAITING************

Write the data to file:8388608 bytes
***********WAITING************

Write the data to file:8388608 bytes
***********WAITING************

Write the data to file:8388608 bytes
***********WAITING************

Write the data to file:8388608 bytes
***********WAITING************
nr_of_strided_rec: 1
nr_doubles: 131072
nr_of_strided_rec: 1
nr_doubles: 131072
nr_of_strided_rec: 1
nr_doubles: 131072
nr_of_strided_rec: 1
nr_doubles: 131072
nr_of_strided_rec: 1
nr_doubles: 131072
nr_of_strided_rec: 1
nr_doubles: 131072
nr_of_strided_rec: 1
nr_doubles: 131072
nr_of_strided_rec: 1
nr_doubles: 131072
nr_of_strided_rec: 1
nr_doubles: 131072
nr_of_strided_rec: 1
nr_doubles: 131072
nr_of_strided_rec: 1
nr_doubles: 131072
nr_of_strided_rec: 1
nr_doubles: 131072
nr_of_strided_rec: 1
nr_doubles: 131072
nr_of_strided_rec: 1
nr_doubles: 131072
nr_of_strided_rec: 1
nr_doubles: 131072
nr_of_strided_rec: 1
nr_doubles: 131072

Write the data to file:8388608 bytes
***********WAITING************

Write the data to file:8388608 bytes
***********WAITING************

Write the data to file:8388608 bytes
***********WAITING************

Write the data to file:8388608 bytes
***********WAITING************

Write the data to file:8388608 bytes
***********WAITING************

Write the data to file:8388608 bytes
***********WAITING************

Write the data to file:8388608 bytes
***********WAITING************

Write the data to file:8388608 bytes
***********WAITING************

Write the data to file:8388608 bytes
***********WAITING************

Write the data to file:8388608 bytes
***********WAITING************

Write the data to file:8388608 bytes
***********WAITING************

Write the data to file:8388608 bytes
***********WAITING************

Write the data to file:8388608 bytes
***********WAITING************

Write the data to file:8388608 bytes
***********WAITING************

Write the data to file:8388608 bytes
***********WAITING************

Write the data to file:8388608 bytes
***********WAITING************
nr_of_strided_rec: 1
nr_doubles: 131072
nr_of_strided_rec: 1
nr_doubles: 131072
nr_of_strided_rec: 1
nr_doubles: 131072
nr_of_strided_rec: 1
nr_doubles: 131072
nr_of_strided_rec: 1
nr_doubles: 131072
nr_of_strided_rec: 1
nr_doubles: 131072
nr_of_strided_rec: 1
nr_doubles: 131072
nr_of_strided_rec: 1
nr_doubles: 131072
nr_of_strided_rec: 1
nr_doubles: 131072
nr_of_strided_rec: 1
nr_doubles: 131072
nr_of_strided_rec: 1
nr_doubles: 131072
nr_of_strided_rec: 1
nr_doubles: 131072
nr_of_strided_rec: 1
nr_doubles: 131072
nr_of_strided_rec: 1
nr_doubles: 131072
nr_of_strided_rec: 1
nr_doubles: 131072
nr_of_strided_rec: 1
nr_doubles: 131072

Write the data to file:8388608 bytes
***********WAITING************

Write the data to file:8388608 bytes
***********WAITING************

Write the data to file:8388608 bytes
***********WAITING************

Write the data to file:8388608 bytes
***********WAITING************

Write the data to file:8388608 bytes
***********WAITING************

Write the data to file:8388608 bytes
***********WAITING************

Write the data to file:8388608 bytes
***********WAITING************

Write the data to file:8388608 bytes
***********WAITING************

Write the data to file:8388608 bytes
***********WAITING************

Write the data to file:8388608 bytes
***********WAITING************

Write the data to file:8388608 bytes
***********WAITING************

Write the data to file:8388608 bytes
***********WAITING************

Write the data to file:8388608 bytes
***********WAITING************

Write the data to file:8388608 bytes
***********WAITING************

Write the data to file:8388608 bytes
***********WAITING************

Write the data to file:8388608 bytes
***********WAITING************
nr_of_strided_rec: 1
nr_doubles: 131072
nr_of_strided_rec: 1
nr_doubles: 131072
nr_of_strided_rec: 1
nr_doubles: 131072
nr_of_strided_rec: 1
nr_doubles: 131072
nr_of_strided_rec: 1
nr_doubles: 131072
nr_of_strided_rec: 1
nr_doubles: 131072
nr_of_strided_rec: 1
nr_doubles: 131072
nr_of_strided_rec: 1
nr_doubles: 131072
nr_of_strided_rec: 1
nr_doubles: 131072
nr_of_strided_rec: 1
nr_doubles: 131072
nr_of_strided_rec: 1
nr_doubles: 131072
nr_of_strided_rec: 1
nr_doubles: 131072
nr_of_strided_rec: 1
nr_doubles: 131072
nr_of_strided_rec: 1
nr_doubles: 131072
nr_of_strided_rec: 1
nr_doubles: 131072
nr_of_strided_rec: 1
nr_doubles: 131072

Write the data to file:8388608 bytes
***********WAITING************

Write the data to file:8388608 bytes
***********WAITING************

Write the data to file:8388608 bytes
***********WAITING************

Write the data to file:8388608 bytes
***********WAITING************

Write the data to file:8388608 bytes
***********WAITING************

Write the data to file:8388608 bytes
***********WAITING************

Write the data to file:8388608 bytes
***********WAITING************

Write the data to file:8388608 bytes
***********WAITING************

Write the data to file:8388608 bytes
***********WAITING************

Write the data to file:8388608 bytes
***********WAITING************

Write the data to file:8388608 bytes
***********WAITING************

Write the data to file:8388608 bytes
***********WAITING************

Write the data to file:8388608 bytes
***********WAITING************

Write the data to file:8388608 bytes
***********WAITING************

Write the data to file:8388608 bytes
***********WAITING************

Write the data to file:8388608 bytes
***********WAITING************
nr_of_strided_rec: 1
nr_doubles: 131072
nr_of_strided_rec: 1
nr_doubles: 131072
nr_of_strided_rec: 1
nr_doubles: 131072
nr_of_strided_rec: 1
nr_doubles: 131072
nr_of_strided_rec: 1
nr_doubles: 131072
nr_of_strided_rec: 1
nr_doubles: 131072
nr_of_strided_rec: 1
nr_doubles: 131072
nr_of_strided_rec: 1
nr_doubles: 131072
nr_of_strided_rec: 1
nr_doubles: 131072
nr_of_strided_rec: 1
nr_doubles: 131072
nr_of_strided_rec: 1
nr_doubles: 131072
nr_of_strided_rec: 1
nr_doubles: 131072
nr_of_strided_rec: 1
nr_doubles: 131072
nr_of_strided_rec: 1
nr_doubles: 131072
nr_of_strided_rec: 1
nr_doubles: 131072
nr_of_strided_rec: 1
nr_doubles: 131072

Write the data to file:8388608 bytes
***********WAITING************

Write the data to file:8388608 bytes
***********WAITING************

Write the data to file:8388608 bytes
***********WAITING************

Write the data to file:8388608 bytes
***********WAITING************

Write the data to file:8388608 bytes
***********WAITING************

Write the data to file:8388608 bytes
***********WAITING************

Write the data to file:8388608 bytes
***********WAITING************

Write the data to file:8388608 bytes
***********WAITING************

Write the data to file:8388608 bytes
***********WAITING************

Write the data to file:8388608 bytes
***********WAITING************

Write the data to file:8388608 bytes
***********WAITING************

Write the data to file:8388608 bytes
***********WAITING************

Write the data to file:8388608 bytes
***********WAITING************

Write the data to file:8388608 bytes
***********WAITING************

Write the data to file:8388608 bytes
***********WAITING************

Write the data to file:8388608 bytes
***********WAITING************
nr_of_strided_rec: 1
nr_doubles: 131072
nr_of_strided_rec: 1
nr_doubles: 131072
nr_of_strided_rec: 1
nr_doubles: 131072
nr_of_strided_rec: 1
nr_doubles: 131072
nr_of_strided_rec: 1
nr_doubles: 131072
nr_of_strided_rec: 1
nr_doubles: 131072
nr_of_strided_rec: 1
nr_doubles: 131072
nr_of_strided_rec: 1
nr_doubles: 131072
nr_of_strided_rec: 1
nr_doubles: 131072
nr_of_strided_rec: 1
nr_doubles: 131072
nr_of_strided_rec: 1
nr_doubles: 131072
nr_of_strided_rec: 1
nr_doubles: 131072
nr_of_strided_rec: 1
nr_doubles: 131072
nr_of_strided_rec: 1
nr_doubles: 131072
nr_of_strided_rec: 1
nr_doubles: 131072
nr_of_strided_rec: 1
nr_doubles: 131072

Write the data to file:8388608 bytes
***********WAITING************

Write the data to file:8388608 bytes
***********WAITING************

Write the data to file:8388608 bytes
***********WAITING************

Write the data to file:8388608 bytes
***********WAITING************

Write the data to file:8388608 bytes
***********WAITING************

Write the data to file:8388608 bytes
***********WAITING************

Write the data to file:8388608 bytes
***********WAITING************

Write the data to file:8388608 bytes
***********WAITING************

Write the data to file:8388608 bytes
***********WAITING************

Write the data to file:8388608 bytes
***********WAITING************

Write the data to file:8388608 bytes
***********WAITING************

Write the data to file:8388608 bytes
***********WAITING************

Write the data to file:8388608 bytes
***********WAITING************

Write the data to file:8388608 bytes
***********WAITING************

Write the data to file:8388608 bytes
***********WAITING************

Write the data to file:8388608 bytes
***********WAITING************
nr_of_strided_rec: 1
nr_doubles: 131072
nr_of_strided_rec: 1
nr_doubles: 131072
nr_of_strided_rec: 1
nr_doubles: 131072
nr_of_strided_rec: 1
nr_doubles: 131072
nr_of_strided_rec: 1
nr_doubles: 131072
nr_of_strided_rec: 1
nr_doubles: 131072
nr_of_strided_rec: 1
nr_doubles: 131072
nr_of_strided_rec: 1
nr_doubles: 131072
nr_of_strided_rec: 1
nr_doubles: 131072
nr_of_strided_rec: 1
nr_doubles: 131072
nr_of_strided_rec: 1
nr_doubles: 131072
nr_of_strided_rec: 1
nr_doubles: 131072
nr_of_strided_rec: 1
nr_doubles: 131072
nr_of_strided_rec: 1
nr_doubles: 131072
nr_of_strided_rec: 1
nr_doubles: 131072
nr_of_strided_rec: 1
nr_doubles: 131072

Write the data to file:8388608 bytes
***********WAITING************

Write the data to file:8388608 bytes
***********WAITING************

Write the data to file:8388608 bytes
***********WAITING************

Write the data to file:8388608 bytes
***********WAITING************

Write the data to file:8388608 bytes
***********WAITING************

Write the data to file:8388608 bytes
***********WAITING************

Write the data to file:8388608 bytes
***********WAITING************

Write the data to file:8388608 bytes
***********WAITING************

Write the data to file:8388608 bytes
***********WAITING************

Write the data to file:8388608 bytes
***********WAITING************

Write the data to file:8388608 bytes
***********WAITING************

Write the data to file:8388608 bytes
***********WAITING************

Write the data to file:8388608 bytes
***********WAITING************

Write the data to file:8388608 bytes
***********WAITING************

Write the data to file:8388608 bytes
***********WAITING************

Write the data to file:8388608 bytes
***********WAITING************
nr_of_strided_rec: 1
nr_doubles: 131072
nr_of_strided_rec: 1
nr_doubles: 131072
nr_of_strided_rec: 1
nr_doubles: 131072
nr_of_strided_rec: 1
nr_doubles: 131072
nr_of_strided_rec: 1
nr_doubles: 131072
nr_of_strided_rec: 1
nr_doubles: 131072
nr_of_strided_rec: 1
nr_doubles: 131072
nr_of_strided_rec: 1
nr_doubles: 131072
nr_of_strided_rec: 1
nr_doubles: 131072
nr_of_strided_rec: 1
nr_doubles: 131072
nr_of_strided_rec: 1
nr_doubles: 131072
nr_of_strided_rec: 1
nr_doubles: 131072
nr_of_strided_rec: 1
nr_doubles: 131072
nr_of_strided_rec: 1
nr_doubles: 131072
nr_of_strided_rec: 1
nr_doubles: 131072
nr_of_strided_rec: 1
nr_doubles: 131072

Write the data to file:8388608 bytes
***********WAITING************

Write the data to file:8388608 bytes
***********WAITING************

Write the data to file:8388608 bytes
***********WAITING************

Write the data to file:8388608 bytes
***********WAITING************

Write the data to file:8388608 bytes
***********WAITING************

Write the data to file:8388608 bytes
***********WAITING************

Write the data to file:8388608 bytes
***********WAITING************

Write the data to file:8388608 bytes
***********WAITING************

Write the data to file:8388608 bytes
***********WAITING************

Write the data to file:8388608 bytes
***********WAITING************

Write the data to file:8388608 bytes
***********WAITING************

Write the data to file:8388608 bytes
***********WAITING************

Write the data to file:8388608 bytes
***********WAITING************

Write the data to file:8388608 bytes
***********WAITING************

Write the data to file:8388608 bytes
***********WAITING************

Write the data to file:8388608 bytes
***********WAITING************
nr_of_strided_rec: 1
nr_doubles: 131072
nr_of_strided_rec: 1
nr_doubles: 131072
nr_of_strided_rec: 1
nr_doubles: 131072
nr_of_strided_rec: 1
nr_doubles: 131072
nr_of_strided_rec: 1
nr_doubles: 131072
nr_of_strided_rec: 1
nr_doubles: 131072
nr_of_strided_rec: 1
nr_doubles: 131072
nr_of_strided_rec: 1
nr_doubles: 131072
nr_of_strided_rec: 1
nr_doubles: 131072
nr_of_strided_rec: 1
nr_doubles: 131072
nr_of_strided_rec: 1
nr_doubles: 131072
nr_of_strided_rec: 1
nr_doubles: 131072
nr_of_strided_rec: 1
nr_doubles: 131072
nr_of_strided_rec: 1
nr_doubles: 131072
nr_of_strided_rec: 1
nr_doubles: 131072
nr_of_strided_rec: 1
nr_doubles: 131072

Write the data to file:8388608 bytes
***********WAITING************

Write the data to file:8388608 bytes
***********WAITING************

Write the data to file:8388608 bytes
***********WAITING************

Write the data to file:8388608 bytes
***********WAITING************

Write the data to file:8388608 bytes
***********WAITING************

Write the data to file:8388608 bytes
***********WAITING************

Write the data to file:8388608 bytes
***********WAITING************

Write the data to file:8388608 bytes
***********WAITING************

Write the data to file:8388608 bytes
***********WAITING************

Write the data to file:8388608 bytes
***********WAITING************

Write the data to file:8388608 bytes
***********WAITING************

Write the data to file:8388608 bytes
***********WAITING************

Write the data to file:8388608 bytes
***********WAITING************

Write the data to file:8388608 bytes
***********WAITING************

Write the data to file:8388608 bytes
***********WAITING************

Write the data to file:8388608 bytes
***********WAITING************
nr_of_strided_rec: 1
nr_doubles: 131072
nr_of_strided_rec: 1
nr_doubles: 131072
nr_of_strided_rec: 1
nr_doubles: 131072
nr_of_strided_rec: 1
nr_doubles: 131072
nr_of_strided_rec: 1
nr_doubles: 131072
nr_of_strided_rec: 1
nr_doubles: 131072
nr_of_strided_rec: 1
nr_doubles: 131072
nr_of_strided_rec: 1
nr_doubles: 131072
nr_of_strided_rec: 1
nr_doubles: 131072
nr_of_strided_rec: 1
nr_doubles: 131072
nr_of_strided_rec: 1
nr_doubles: 131072
nr_of_strided_rec: 1
nr_doubles: 131072
nr_of_strided_rec: 1
nr_doubles: 131072
nr_of_strided_rec: 1
nr_doubles: 131072
nr_of_strided_rec: 1
nr_doubles: 131072
nr_of_strided_rec: 1
nr_doubles: 131072

Write the data to file:8388608 bytes
***********WAITING************

Write the data to file:8388608 bytes
***********WAITING************

Write the data to file:8388608 bytes
***********WAITING************

Write the data to file:8388608 bytes
***********WAITING************

Write the data to file:8388608 bytes
***********WAITING************

Write the data to file:8388608 bytes
***********WAITING************

Write the data to file:8388608 bytes
***********WAITING************

Write the data to file:8388608 bytes
***********WAITING************

Write the data to file:8388608 bytes
***********WAITING************

Write the data to file:8388608 bytes
***********WAITING************

Write the data to file:8388608 bytes
***********WAITING************

Write the data to file:8388608 bytes
***********WAITING************

Write the data to file:8388608 bytes
***********WAITING************

Write the data to file:8388608 bytes
***********WAITING************

Write the data to file:8388608 bytes
***********WAITING************

Write the data to file:8388608 bytes
***********WAITING************
nr_of_strided_rec: 1
nr_doubles: 131072
nr_of_strided_rec: 1
nr_doubles: 131072
nr_of_strided_rec: 1
nr_doubles: 131072
nr_of_strided_rec: 1
nr_doubles: 131072
nr_of_strided_rec: 1
nr_doubles: 131072
nr_of_strided_rec: 1
nr_doubles: 131072
nr_of_strided_rec: 1
nr_doubles: 131072
nr_of_strided_rec: 1
nr_doubles: 131072
nr_of_strided_rec: 1
nr_doubles: 131072
nr_of_strided_rec: 1
nr_doubles: 131072
nr_of_strided_rec: 1
nr_doubles: 131072
nr_of_strided_rec: 1
nr_doubles: 131072
nr_of_strided_rec: 1
nr_doubles: 131072
nr_of_strided_rec: 1
nr_doubles: 131072
nr_of_strided_rec: 1
nr_doubles: 131072
nr_of_strided_rec: 1
nr_doubles: 131072

Write the data to file:8388608 bytes
***********WAITING************

Write the data to file:8388608 bytes
***********WAITING************

Write the data to file:8388608 bytes
***********WAITING************

Write the data to file:8388608 bytes
***********WAITING************

Write the data to file:8388608 bytes
***********WAITING************

Write the data to file:8388608 bytes
***********WAITING************

Write the data to file:8388608 bytes
***********WAITING************

Write the data to file:8388608 bytes
***********WAITING************

Write the data to file:8388608 bytes
***********WAITING************

Write the data to file:8388608 bytes
***********WAITING************

Write the data to file:8388608 bytes
***********WAITING************

Write the data to file:8388608 bytes
***********WAITING************

Write the data to file:8388608 bytes
***********WAITING************

Write the data to file:8388608 bytes
***********WAITING************

Write the data to file:8388608 bytes
***********WAITING************

Write the data to file:8388608 bytes
***********WAITING************
nr_of_strided_rec: 1
nr_doubles: 131072
nr_of_strided_rec: 1
nr_doubles: 131072
nr_of_strided_rec: 1
nr_doubles: 131072
nr_of_strided_rec: 1
nr_doubles: 131072
nr_of_strided_rec: 1
nr_doubles: 131072
nr_of_strided_rec: 1
nr_doubles: 131072
nr_of_strided_rec: 1
nr_doubles: 131072
nr_of_strided_rec: 1
nr_doubles: 131072
nr_of_strided_rec: 1
nr_doubles: 131072
nr_of_strided_rec: 1
nr_doubles: 131072
nr_of_strided_rec: 1
nr_doubles: 131072
nr_of_strided_rec: 1
nr_doubles: 131072
nr_of_strided_rec: 1
nr_doubles: 131072
nr_of_strided_rec: 1
nr_doubles: 131072
nr_of_strided_rec: 1
nr_doubles: 131072
nr_of_strided_rec: 1
nr_doubles: 131072

Write the data to file:8388608 bytes
***********WAITING************

Write the data to file:8388608 bytes
***********WAITING************

Write the data to file:8388608 bytes
***********WAITING************

Write the data to file:8388608 bytes
***********WAITING************

Write the data to file:8388608 bytes
***********WAITING************

Write the data to file:8388608 bytes
***********WAITING************

Write the data to file:8388608 bytes
***********WAITING************

Write the data to file:8388608 bytes
***********WAITING************

Write the data to file:8388608 bytes
***********WAITING************

Write the data to file:8388608 bytes
***********WAITING************

Write the data to file:8388608 bytes
***********WAITING************

Write the data to file:8388608 bytes
***********WAITING************

Write the data to file:8388608 bytes
***********WAITING************

Write the data to file:8388608 bytes
***********WAITING************

Write the data to file:8388608 bytes
***********WAITING************

Write the data to file:8388608 bytes
***********WAITING************
nr_of_strided_rec: 1
nr_doubles: 131072
nr_of_strided_rec: 1
nr_doubles: 131072
nr_of_strided_rec: 1
nr_doubles: 131072
nr_of_strided_rec: 1
nr_doubles: 131072
nr_of_strided_rec: 1
nr_doubles: 131072
nr_of_strided_rec: 1
nr_doubles: 131072
nr_of_strided_rec: 1
nr_doubles: 131072
nr_of_strided_rec: 1
nr_doubles: 131072
nr_of_strided_rec: 1
nr_doubles: 131072
nr_of_strided_rec: 1
nr_doubles: 131072
nr_of_strided_rec: 1
nr_doubles: 131072
nr_of_strided_rec: 1
nr_doubles: 131072
nr_of_strided_rec: 1
nr_doubles: 131072
nr_of_strided_rec: 1
nr_doubles: 131072
nr_of_strided_rec: 1
nr_doubles: 131072
nr_of_strided_rec: 1
nr_doubles: 131072

Write the data to file:8388608 bytes
***********WAITING************

Write the data to file:8388608 bytes
***********WAITING************

Write the data to file:8388608 bytes
***********WAITING************

Write the data to file:8388608 bytes
***********WAITING************

Write the data to file:8388608 bytes
***********WAITING************

Write the data to file:8388608 bytes
***********WAITING************

Write the data to file:8388608 bytes
***********WAITING************

Write the data to file:8388608 bytes
***********WAITING************

Write the data to file:8388608 bytes
***********WAITING************

Write the data to file:8388608 bytes
***********WAITING************

Write the data to file:8388608 bytes
***********WAITING************

Write the data to file:8388608 bytes
***********WAITING************

Write the data to file:8388608 bytes
***********WAITING************

Write the data to file:8388608 bytes
***********WAITING************

Write the data to file:8388608 bytes
***********WAITING************

Write the data to file:8388608 bytes
***********WAITING************
nr_of_strided_rec: 1
nr_doubles: 131072
nr_of_strided_rec: 1
nr_doubles: 131072
nr_of_strided_rec: 1
nr_doubles: 131072
nr_of_strided_rec: 1
nr_doubles: 131072
nr_of_strided_rec: 1
nr_doubles: 131072
nr_of_strided_rec: 1
nr_doubles: 131072
nr_of_strided_rec: 1
nr_doubles: 131072
nr_of_strided_rec: 1
nr_doubles: 131072
nr_of_strided_rec: 1
nr_doubles: 131072
nr_of_strided_rec: 1
nr_doubles: 131072
nr_of_strided_rec: 1
nr_doubles: 131072
nr_of_strided_rec: 1
nr_doubles: 131072
nr_of_strided_rec: 1
nr_doubles: 131072
nr_of_strided_rec: 1
nr_doubles: 131072
nr_of_strided_rec: 1
nr_doubles: 131072
nr_of_strided_rec: 1
nr_doubles: 131072

Write the data to file:8388608 bytes
***********WAITING************

Write the data to file:8388608 bytes
***********WAITING************

Write the data to file:8388608 bytes
***********WAITING************

Write the data to file:8388608 bytes
***********WAITING************

Write the data to file:8388608 bytes
***********WAITING************

Write the data to file:8388608 bytes
***********WAITING************

Write the data to file:8388608 bytes
***********WAITING************

Write the data to file:8388608 bytes
***********WAITING************

Write the data to file:8388608 bytes
***********WAITING************

Write the data to file:8388608 bytes
***********WAITING************

Write the data to file:8388608 bytes
***********WAITING************

Write the data to file:8388608 bytes
***********WAITING************

Write the data to file:8388608 bytes
***********WAITING************

Write the data to file:8388608 bytes
***********WAITING************

Write the data to file:8388608 bytes
***********WAITING************

Write the data to file:8388608 bytes
***********WAITING************
nr_of_strided_rec: 1
nr_doubles: 131072
nr_of_strided_rec: 1
nr_doubles: 131072
nr_of_strided_rec: 1
nr_doubles: 131072
nr_of_strided_rec: 1
nr_doubles: 131072
nr_of_strided_rec: 1
nr_doubles: 131072
nr_of_strided_rec: 1
nr_doubles: 131072
nr_of_strided_rec: 1
nr_doubles: 131072
nr_of_strided_rec: 1
nr_doubles: 131072
nr_of_strided_rec: 1
nr_doubles: 131072
nr_of_strided_rec: 1
nr_doubles: 131072
nr_of_strided_rec: 1
nr_doubles: 131072
nr_of_strided_rec: 1
nr_doubles: 131072
nr_of_strided_rec: 1
nr_doubles: 131072
nr_of_strided_rec: 1
nr_doubles: 131072
nr_of_strided_rec: 1
nr_doubles: 131072
nr_of_strided_rec: 1
nr_doubles: 131072

Write the data to file:8388608 bytes
***********WAITING************

Write the data to file:8388608 bytes
***********WAITING************

Write the data to file:8388608 bytes
***********WAITING************

Write the data to file:8388608 bytes
***********WAITING************

Write the data to file:8388608 bytes
***********WAITING************

Write the data to file:8388608 bytes
***********WAITING************

Write the data to file:8388608 bytes
***********WAITING************

Write the data to file:8388608 bytes
***********WAITING************

Write the data to file:8388608 bytes
***********WAITING************

Write the data to file:8388608 bytes
***********WAITING************

Write the data to file:8388608 bytes
***********WAITING************

Write the data to file:8388608 bytes
***********WAITING************

Write the data to file:8388608 bytes
***********WAITING************

Write the data to file:8388608 bytes
***********WAITING************

Write the data to file:8388608 bytes
***********WAITING************

Write the data to file:8388608 bytes
***********WAITING************
nr_of_strided_rec: 1
nr_doubles: 131072
nr_of_strided_rec: 1
nr_doubles: 131072
nr_of_strided_rec: 1
nr_doubles: 131072
nr_of_strided_rec: 1
nr_doubles: 131072
nr_of_strided_rec: 1
nr_doubles: 131072
nr_of_strided_rec: 1
nr_doubles: 131072
nr_of_strided_rec: 1
nr_doubles: 131072
nr_of_strided_rec: 1
nr_doubles: 131072
nr_of_strided_rec: 1
nr_doubles: 131072
nr_of_strided_rec: 1
nr_doubles: 131072
nr_of_strided_rec: 1
nr_doubles: 131072
nr_of_strided_rec: 1
nr_doubles: 131072
nr_of_strided_rec: 1
nr_doubles: 131072
nr_of_strided_rec: 1
nr_doubles: 131072
nr_of_strided_rec: 1
nr_doubles: 131072
nr_of_strided_rec: 1
nr_doubles: 131072

Write the data to file:8388608 bytes
***********WAITING************

Write the data to file:8388608 bytes
***********WAITING************

Write the data to file:8388608 bytes
***********WAITING************

Write the data to file:8388608 bytes
***********WAITING************

Write the data to file:8388608 bytes
***********WAITING************

Write the data to file:8388608 bytes
***********WAITING************

Write the data to file:8388608 bytes
***********WAITING************

Write the data to file:8388608 bytes
***********WAITING************

Write the data to file:8388608 bytes
***********WAITING************

Write the data to file:8388608 bytes
***********WAITING************

Write the data to file:8388608 bytes
***********WAITING************

Write the data to file:8388608 bytes
***********WAITING************

Write the data to file:8388608 bytes
***********WAITING************

Write the data to file:8388608 bytes
***********WAITING************

Write the data to file:8388608 bytes
***********WAITING************

Write the data to file:8388608 bytes
***********WAITING************
nr_of_strided_rec: 1
nr_doubles: 131072
nr_of_strided_rec: 1
nr_doubles: 131072
nr_of_strided_rec: 1
nr_doubles: 131072
nr_of_strided_rec: 1
nr_doubles: 131072
nr_of_strided_rec: 1
nr_doubles: 131072
nr_of_strided_rec: 1
nr_doubles: 131072
nr_of_strided_rec: 1
nr_doubles: 131072
nr_of_strided_rec: 1
nr_doubles: 131072
nr_of_strided_rec: 1
nr_doubles: 131072
nr_of_strided_rec: 1
nr_doubles: 131072
nr_of_strided_rec: 1
nr_doubles: 131072
nr_of_strided_rec: 1
nr_doubles: 131072
nr_of_strided_rec: 1
nr_doubles: 131072
nr_of_strided_rec: 1
nr_doubles: 131072
nr_of_strided_rec: 1
nr_doubles: 131072
nr_of_strided_rec: 1
nr_doubles: 131072

Write the data to file:8388608 bytes
***********WAITING************

Write the data to file:8388608 bytes
***********WAITING************

Write the data to file:8388608 bytes
***********WAITING************

Write the data to file:8388608 bytes
***********WAITING************

Write the data to file:8388608 bytes
***********WAITING************

Write the data to file:8388608 bytes
***********WAITING************

Write the data to file:8388608 bytes
***********WAITING************

Write the data to file:8388608 bytes
***********WAITING************

Write the data to file:8388608 bytes
***********WAITING************

Write the data to file:8388608 bytes
***********WAITING************

Write the data to file:8388608 bytes
***********WAITING************

Write the data to file:8388608 bytes
***********WAITING************

Write the data to file:8388608 bytes
***********WAITING************

Write the data to file:8388608 bytes
***********WAITING************

Write the data to file:8388608 bytes
***********WAITING************

Write the data to file:8388608 bytes
***********WAITING************
nr_of_strided_rec: 1
nr_doubles: 131072
nr_of_strided_rec: 1
nr_doubles: 131072
nr_of_strided_rec: 1
nr_doubles: 131072
nr_of_strided_rec: 1
nr_doubles: 131072
nr_of_strided_rec: 1
nr_doubles: 131072
nr_of_strided_rec: 1
nr_doubles: 131072
nr_of_strided_rec: 1
nr_doubles: 131072
nr_of_strided_rec: 1
nr_doubles: 131072
nr_of_strided_rec: 1
nr_doubles: 131072
nr_of_strided_rec: 1
nr_doubles: 131072
nr_of_strided_rec: 1
nr_doubles: 131072
nr_of_strided_rec: 1
nr_doubles: 131072
nr_of_strided_rec: 1
nr_doubles: 131072
nr_of_strided_rec: 1
nr_doubles: 131072
nr_of_strided_rec: 1
nr_doubles: 131072
nr_of_strided_rec: 1
nr_doubles: 131072

Write the data to file:8388608 bytes
***********WAITING************

Write the data to file:8388608 bytes
***********WAITING************

Write the data to file:8388608 bytes
***********WAITING************

Write the data to file:8388608 bytes
***********WAITING************

Write the data to file:8388608 bytes
***********WAITING************

Write the data to file:8388608 bytes
***********WAITING************

Write the data to file:8388608 bytes
***********WAITING************

Write the data to file:8388608 bytes
***********WAITING************

Write the data to file:8388608 bytes
***********WAITING************

Write the data to file:8388608 bytes
***********WAITING************

Write the data to file:8388608 bytes
***********WAITING************

Write the data to file:8388608 bytes
***********WAITING************

Write the data to file:8388608 bytes
***********WAITING************

Write the data to file:8388608 bytes
***********WAITING************

Write the data to file:8388608 bytes
***********WAITING************

Write the data to file:8388608 bytes
***********WAITING************
nr_of_strided_rec: 1
nr_doubles: 131072
nr_of_strided_rec: 1
nr_doubles: 131072
nr_of_strided_rec: 1
nr_doubles: 131072
nr_of_strided_rec: 1
nr_doubles: 131072
nr_of_strided_rec: 1
nr_doubles: 131072
nr_of_strided_rec: 1
nr_doubles: 131072
nr_of_strided_rec: 1
nr_doubles: 131072
nr_of_strided_rec: 1
nr_doubles: 131072
nr_of_strided_rec: 1
nr_doubles: 131072
nr_of_strided_rec: 1
nr_doubles: 131072
nr_of_strided_rec: 1
nr_doubles: 131072
nr_of_strided_rec: 1
nr_doubles: 131072
nr_of_strided_rec: 1
nr_doubles: 131072
nr_of_strided_rec: 1
nr_doubles: 131072
nr_of_strided_rec: 1
nr_doubles: 131072
nr_of_strided_rec: 1
nr_doubles: 131072

Write the data to file:8388608 bytes
***********WAITING************

Write the data to file:8388608 bytes
***********WAITING************

Write the data to file:8388608 bytes
***********WAITING************

Write the data to file:8388608 bytes
***********WAITING************

Write the data to file:8388608 bytes
***********WAITING************

Write the data to file:8388608 bytes
***********WAITING************

Write the data to file:8388608 bytes
***********WAITING************

Write the data to file:8388608 bytes
***********WAITING************

Write the data to file:8388608 bytes
***********WAITING************

Write the data to file:8388608 bytes
***********WAITING************

Write the data to file:8388608 bytes
***********WAITING************

Write the data to file:8388608 bytes
***********WAITING************

Write the data to file:8388608 bytes
***********WAITING************

Write the data to file:8388608 bytes
***********WAITING************

Write the data to file:8388608 bytes
***********WAITING************

Write the data to file:8388608 bytes
***********WAITING************
nr_of_strided_rec: 1
nr_doubles: 131072
nr_of_strided_rec: 1
nr_doubles: 131072
nr_of_strided_rec: 1
nr_doubles: 131072
nr_of_strided_rec: 1
nr_doubles: 131072
nr_of_strided_rec: 1
nr_doubles: 131072
nr_of_strided_rec: 1
nr_doubles: 131072
nr_of_strided_rec: 1
nr_doubles: 131072
nr_of_strided_rec: 1
nr_doubles: 131072
nr_of_strided_rec: 1
nr_doubles: 131072
nr_of_strided_rec: 1
nr_doubles: 131072
nr_of_strided_rec: 1
nr_doubles: 131072
nr_of_strided_rec: 1
nr_doubles: 131072
nr_of_strided_rec: 1
nr_doubles: 131072
nr_of_strided_rec: 1
nr_doubles: 131072
nr_of_strided_rec: 1
nr_doubles: 131072
nr_of_strided_rec: 1
nr_doubles: 131072

Write the data to file:8388608 bytes
***********WAITING************

Write the data to file:8388608 bytes
***********WAITING************

Write the data to file:8388608 bytes
***********WAITING************

Write the data to file:8388608 bytes
***********WAITING************

Write the data to file:8388608 bytes
***********WAITING************

Write the data to file:8388608 bytes
***********WAITING************

Write the data to file:8388608 bytes
***********WAITING************

Write the data to file:8388608 bytes
***********WAITING************

Write the data to file:8388608 bytes
***********WAITING************

Write the data to file:8388608 bytes
***********WAITING************

Write the data to file:8388608 bytes
***********WAITING************

Write the data to file:8388608 bytes
***********WAITING************

Write the data to file:8388608 bytes
***********WAITING************

Write the data to file:8388608 bytes
***********WAITING************

Write the data to file:8388608 bytes
***********WAITING************

Write the data to file:8388608 bytes
***********WAITING************

Write the data to file:8388608 bytes
***********WAITING************

Write the data to file:8388608 bytes
***********WAITING************

Write the data to file:8388608 bytes
***********WAITING************

Write the data to file:8388608 bytes
***********WAITING************

Write the data to file:8388608 bytes
***********WAITING************

Write the data to file:8388608 bytes
***********WAITING************

Write the data to file:8388608 bytes
***********WAITING************

Write the data to file:8388608 bytes
***********WAITING************

Write the data to file:8388608 bytes
***********WAITING************

Write the data to file:8388608 bytes
***********WAITING************

Write the data to file:8388608 bytes
***********WAITING************

Write the data to file:8388608 bytes
***********WAITING************

Write the data to file:8388608 bytes
***********WAITING************

Write the data to file:8388608 bytes
***********WAITING************

Write the data to file:8388608 bytes
***********WAITING************

Write the data to file:8388608 bytes
***********WAITING************
W_cc         0.60   [      0.60:      0.60]
W_r         12.20   [     12.20:     12.20]
W_w          6.45   [      6.45:      6.45]
          -------
W_total     19.25   [     19.25:     19.25]

calc_W done
calc_W done
calc_W done
calc_W done
calc_W done
calc_W done
calc_W done
calc_W done
calc_W done
calc_W done
calc_W done
nr_of_strided_rec: 1
nr_doubles: 131072
calc_W done
nr_of_strided_rec: 1
nr_doubles: 131072
calc_W done
nr_of_strided_rec: 1
nr_doubles: 131072
calc_W done
nr_of_strided_rec: 1
nr_doubles: 131072
calc_W done
nr_of_strided_rec: 1
nr_doubles: 131072
calc_W done
nr_of_strided_rec: 1
nr_doubles: 131072
nr_of_strided_rec: 1
nr_doubles: 131072
nr_of_strided_rec: 1
nr_doubles: 131072
nr_of_strided_rec: 1
nr_doubles: 131072
nr_of_strided_rec: 1
nr_doubles: 131072
nr_of_strided_rec: 1
nr_doubles: 131072
nr_of_strided_rec: 1
nr_doubles: 131072
nr_of_strided_rec: 1
nr_doubles: 131072
nr_of_strided_rec: 1
nr_doubles: 131072
nr_of_strided_rec: 1
nr_doubles: 131072
nr_of_strided_rec: 1
nr_doubles: 131072
nr_of_strided_rec: 1
nr_doubles: 131072
nr_of_strided_rec: 1
nr_doubles: 131072
nr_of_strided_rec: 1
nr_doubles: 131072
nr_of_strided_rec: 1
nr_doubles: 131072
nr_of_strided_rec: 1
nr_doubles: 131072
nr_of_strided_rec: 1
nr_doubles: 131072
nr_of_strided_rec: 1
nr_doubles: 131072
nr_of_strided_rec: 1
nr_doubles: 131072
nr_of_strided_rec: 1
nr_doubles: 131072
nr_of_strided_rec: 1
nr_doubles: 131072
nr_of_strided_rec: 1
nr_doubles: 131072
nr_of_strided_rec: 1
nr_doubles: 131072
nr_of_strided_rec: 1
nr_doubles: 131072
nr_of_strided_rec: 1
nr_doubles: 131072
nr_of_strided_rec: 1
nr_doubles: 131072
nr_of_strided_rec: 1
nr_doubles: 131072
nr_of_strided_rec: 1
nr_doubles: 131072
nr_of_strided_rec: 1
nr_doubles: 131072
nr_of_strided_rec: 1
nr_doubles: 131072
nr_of_strided_rec: 1
nr_doubles: 131072
nr_of_strided_rec: 1
nr_doubles: 131072
nr_of_strided_rec: 1
nr_doubles: 131072
nr_of_strided_rec: 1
nr_doubles: 131072
nr_of_strided_rec: 1
nr_doubles: 131072
nr_of_strided_rec: 1
nr_doubles: 131072
nr_of_strided_rec: 1
nr_doubles: 131072
nr_of_strided_rec: 1
nr_doubles: 131072
nr_of_strided_rec: 1
nr_doubles: 131072
nr_of_strided_rec: 1
nr_doubles: 131072
nr_of_strided_rec: 1
nr_doubles: 131072
nr_of_strided_rec: 1
nr_doubles: 131072
nr_of_strided_rec: 1
nr_doubles: 131072
nr_of_strided_rec: 1
nr_doubles: 131072
nr_of_strided_rec: 1
nr_doubles: 131072
nr_of_strided_rec: 1
nr_doubles: 131072
nr_of_strided_rec: 1
nr_doubles: 131072
nr_of_strided_rec: 1
nr_doubles: 131072
nr_of_strided_rec: 1
nr_doubles: 131072
nr_of_strided_rec: 1
nr_doubles: 131072
nr_of_strided_rec: 1
nr_doubles: 131072
nr_of_strided_rec: 1
nr_doubles: 131072
nr_of_strided_rec: 1
nr_doubles: 131072
nr_of_strided_rec: 1
nr_doubles: 131072
nr_of_strided_rec: 1
nr_doubles: 131072
nr_of_strided_rec: 1
nr_doubles: 131072
nr_of_strided_rec: 1
nr_doubles: 131072
nr_of_strided_rec: 1
nr_doubles: 131072
nr_of_strided_rec: 1
nr_doubles: 131072
nr_of_strided_rec: 1
nr_doubles: 131072
nr_of_strided_rec: 1
nr_doubles: 131072
nr_of_strided_rec: 1
nr_doubles: 131072
nr_of_strided_rec: 1
nr_doubles: 131072
nr_of_strided_rec: 1
nr_doubles: 131072
nr_of_strided_rec: 1
nr_doubles: 131072
nr_of_strided_rec: 1
nr_doubles: 131072
nr_of_strided_rec: 1
nr_doubles: 131072
nr_of_strided_rec: 1
nr_doubles: 131072
nr_of_strided_rec: 1
nr_doubles: 131072
nr_of_strided_rec: 1
nr_doubles: 131072
nr_of_strided_rec: 1
nr_doubles: 131072
nr_of_strided_rec: 1
nr_doubles: 131072
nr_of_strided_rec: 1
nr_doubles: 131072
nr_of_strided_rec: 1
nr_doubles: 131072
nr_of_strided_rec: 1
nr_doubles: 131072
nr_of_strided_rec: 1
nr_doubles: 131072
nr_of_strided_rec: 1
nr_doubles: 131072
nr_of_strided_rec: 1
nr_doubles: 131072
nr_of_strided_rec: 1
nr_doubles: 131072
nr_of_strided_rec: 1
nr_doubles: 131072
nr_of_strided_rec: 1
nr_doubles: 131072
nr_of_strided_rec: 1
nr_doubles: 131072
nr_of_strided_rec: 1
nr_doubles: 131072
nr_of_strided_rec: 1
nr_doubles: 131072
nr_of_strided_rec: 1
nr_doubles: 131072
nr_of_strided_rec: 1
nr_doubles: 131072
nr_of_strided_rec: 1
nr_doubles: 131072
nr_of_strided_rec: 1
nr_doubles: 131072
nr_of_strided_rec: 1
nr_doubles: 131072
nr_of_strided_rec: 1
nr_doubles: 131072
nr_of_strided_rec: 1
nr_doubles: 131072
nr_of_strided_rec: 1
nr_doubles: 131072
nr_of_strided_rec: 1
nr_doubles: 131072
nr_of_strided_rec: 1
nr_doubles: 131072
nr_of_strided_rec: 1
nr_doubles: 131072
nr_of_strided_rec: 1
nr_doubles: 131072
nr_of_strided_rec: 1
nr_doubles: 131072
nr_of_strided_rec: 1
nr_doubles: 131072
nr_of_strided_rec: 1
nr_doubles: 131072
nr_of_strided_rec: 1
nr_doubles: 131072
nr_of_strided_rec: 1
nr_doubles: 131072
nr_of_strided_rec: 1
nr_doubles: 131072
nr_of_strided_rec: 1
nr_doubles: 131072
nr_of_strided_rec: 1
nr_doubles: 131072
nr_of_strided_rec: 1
nr_doubles: 131072
nr_of_strided_rec: 1
nr_doubles: 131072
nr_of_strided_rec: 1
nr_doubles: 131072
nr_of_strided_rec: 1
nr_doubles: 131072
nr_of_strided_rec: 1
nr_doubles: 131072
nr_of_strided_rec: 1
nr_doubles: 131072
nr_of_strided_rec: 1
nr_doubles: 131072
nr_of_strided_rec: 1
nr_doubles: 131072
nr_of_strided_rec: 1
nr_doubles: 131072
nr_of_strided_rec: 1
nr_doubles: 131072
nr_of_strided_rec: 1
nr_doubles: 131072
nr_of_strided_rec: 1
nr_doubles: 131072
nr_of_strided_rec: 1
nr_doubles: 131072
nr_of_strided_rec: 1
nr_doubles: 131072
nr_of_strided_rec: 1
nr_doubles: 131072
nr_of_strided_rec: 1
nr_doubles: 131072
nr_of_strided_rec: 1
nr_doubles: 131072
nr_of_strided_rec: 1
nr_doubles: 131072
nr_of_strided_rec: 1
nr_doubles: 131072
nr_of_strided_rec: 1
nr_doubles: 131072
nr_of_strided_rec: 1
nr_doubles: 131072
nr_of_strided_rec: 1
nr_doubles: 131072
nr_of_strided_rec: 1
nr_doubles: 131072
nr_of_strided_rec: 1
nr_doubles: 131072
nr_of_strided_rec: 1
nr_doubles: 131072
nr_of_strided_rec: 1
nr_doubles: 131072
nr_of_strided_rec: 1
nr_doubles: 131072
nr_of_strided_rec: 1
nr_doubles: 131072
nr_of_strided_rec: 1
nr_doubles: 131072
nr_of_strided_rec: 1
nr_doubles: 131072
nr_of_strided_rec: 1
nr_doubles: 131072
nr_of_strided_rec: 1
nr_doubles: 131072
nr_of_strided_rec: 1
nr_doubles: 131072
nr_of_strided_rec: 1
nr_doubles: 131072
nr_of_strided_rec: 1
nr_doubles: 131072
nr_of_strided_rec: 1
nr_doubles: 131072
nr_of_strided_rec: 1
nr_doubles: 131072
nr_of_strided_rec: 1
nr_doubles: 131072
nr_of_strided_rec: 1
nr_doubles: 131072
nr_of_strided_rec: 1
nr_doubles: 131072
nr_of_strided_rec: 1
nr_doubles: 131072
nr_of_strided_rec: 1
nr_doubles: 131072
nr_of_strided_rec: 1
nr_doubles: 131072
nr_of_strided_rec: 1
nr_doubles: 131072
nr_of_strided_rec: 1
nr_doubles: 131072
nr_of_strided_rec: 1
nr_doubles: 131072
nr_of_strided_rec: 1
nr_doubles: 131072
nr_of_strided_rec: 1
nr_doubles: 131072
nr_of_strided_rec: 1
nr_doubles: 131072
nr_of_strided_rec: 1
nr_doubles: 131072
nr_of_strided_rec: 1
nr_doubles: 131072
nr_of_strided_rec: 1
nr_doubles: 131072
nr_of_strided_rec: 1
nr_doubles: 131072
nr_of_strided_rec: 1
nr_doubles: 131072
nr_of_strided_rec: 1
nr_doubles: 131072
nr_of_strided_rec: 1
nr_doubles: 131072
nr_of_strided_rec: 1
nr_doubles: 131072
nr_of_strided_rec: 1
nr_doubles: 131072
nr_of_strided_rec: 1
nr_doubles: 131072
nr_of_strided_rec: 1
nr_doubles: 131072
nr_of_strided_rec: 1
nr_doubles: 131072
nr_of_strided_rec: 1
nr_doubles: 131072
nr_of_strided_rec: 1
nr_doubles: 131072
nr_of_strided_rec: 1
nr_doubles: 131072
nr_of_strided_rec: 1
nr_doubles: 131072
nr_of_strided_rec: 1
nr_doubles: 131072
nr_of_strided_rec: 1
nr_doubles: 131072
nr_of_strided_rec: 1
nr_doubles: 131072
nr_of_strided_rec: 1
nr_doubles: 131072
nr_of_strided_rec: 1
nr_doubles: 131072
nr_of_strided_rec: 1
nr_doubles: 131072
nr_of_strided_rec: 1
nr_doubles: 131072
nr_of_strided_rec: 1
nr_doubles: 131072
nr_of_strided_rec: 1
nr_doubles: 131072
nr_of_strided_rec: 1
nr_doubles: 131072
nr_of_strided_rec: 1
nr_doubles: 131072
nr_of_strided_rec: 1
nr_doubles: 131072
nr_of_strided_rec: 1
nr_doubles: 131072
nr_of_strided_rec: 1
nr_doubles: 131072
nr_of_strided_rec: 1
nr_doubles: 131072
nr_of_strided_rec: 1
nr_doubles: 131072
nr_of_strided_rec: 1
nr_doubles: 131072
nr_of_strided_rec: 1
nr_doubles: 131072
nr_of_strided_rec: 1
nr_doubles: 131072
nr_of_strided_rec: 1
nr_doubles: 131072
nr_of_strided_rec: 1
nr_doubles: 131072
nr_of_strided_rec: 1
nr_doubles: 131072
nr_of_strided_rec: 1
nr_doubles: 131072
nr_of_strided_rec: 1
nr_doubles: 131072
nr_of_strided_rec: 1
nr_doubles: 131072
nr_of_strided_rec: 1
nr_doubles: 131072
nr_of_strided_rec: 1
nr_doubles: 131072
nr_of_strided_rec: 1
nr_doubles: 131072
nr_of_strided_rec: 1
nr_doubles: 131072
nr_of_strided_rec: 1
nr_doubles: 131072
nr_of_strided_rec: 1
nr_doubles: 131072
nr_of_strided_rec: 1
nr_doubles: 131072
nr_of_strided_rec: 1
nr_doubles: 131072
nr_of_strided_rec: 1
nr_doubles: 131072
nr_of_strided_rec: 1
nr_doubles: 131072
nr_of_strided_rec: 1
nr_doubles: 131072
nr_of_strided_rec: 1
nr_doubles: 131072
nr_of_strided_rec: 1
nr_doubles: 131072
nr_of_strided_rec: 1
nr_doubles: 131072
nr_of_strided_rec: 1
nr_doubles: 131072
nr_of_strided_rec: 1
nr_doubles: 131072
nr_of_strided_rec: 1
nr_doubles: 131072
nr_of_strided_rec: 1
nr_doubles: 131072
nr_of_strided_rec: 1
nr_doubles: 131072
nr_of_strided_rec: 1
nr_doubles: 131072
nr_of_strided_rec: 1
nr_doubles: 131072
nr_of_strided_rec: 1
nr_doubles: 131072
nr_of_strided_rec: 1
nr_doubles: 131072
nr_of_strided_rec: 1
nr_doubles: 131072
nr_of_strided_rec: 1
nr_doubles: 131072
nr_of_strided_rec: 1
nr_doubles: 131072
nr_of_strided_rec: 1
nr_doubles: 131072
nr_of_strided_rec: 1
nr_doubles: 131072
nr_of_strided_rec: 1
nr_doubles: 131072
nr_of_strided_rec: 1
nr_doubles: 131072
nr_of_strided_rec: 1
nr_doubles: 131072
nr_of_strided_rec: 1
nr_doubles: 131072
nr_of_strided_rec: 1
nr_doubles: 131072
nr_of_strided_rec: 1
nr_doubles: 131072
nr_of_strided_rec: 1
nr_doubles: 131072
nr_of_strided_rec: 1
nr_doubles: 131072
nr_of_strided_rec: 1
nr_doubles: 131072
nr_of_strided_rec: 1
nr_doubles: 131072
nr_of_strided_rec: 1
nr_doubles: 131072
nr_of_strided_rec: 1
nr_doubles: 131072
nr_of_strided_rec: 1
nr_doubles: 131072
nr_of_strided_rec: 1
nr_doubles: 131072
nr_of_strided_rec: 1
nr_doubles: 131072
nr_of_strided_rec: 1
nr_doubles: 131072
nr_of_strided_rec: 1
nr_doubles: 131072
nr_of_strided_rec: 1
nr_doubles: 131072
nr_of_strided_rec: 1
nr_doubles: 131072
nr_of_strided_rec: 1
nr_doubles: 131072
nr_of_strided_rec: 1
nr_doubles: 131072
nr_of_strided_rec: 1
nr_doubles: 131072
nr_of_strided_rec: 1
nr_doubles: 131072
nr_of_strided_rec: 1
nr_doubles: 131072
nr_of_strided_rec: 1
nr_doubles: 131072
nr_of_strided_rec: 1
nr_doubles: 131072
nr_of_strided_rec: 1
nr_doubles: 131072
nr_of_strided_rec: 1
nr_doubles: 131072
nr_of_strided_rec: 1
nr_doubles: 131072
nr_of_strided_rec: 1
nr_doubles: 131072
nr_of_strided_rec: 1
nr_doubles: 131072
nr_of_strided_rec: 1
nr_doubles: 131072
nr_of_strided_rec: 1
nr_doubles: 131072
nr_of_strided_rec: 1
nr_doubles: 131072
nr_of_strided_rec: 1
nr_doubles: 131072
nr_of_strided_rec: 1
nr_doubles: 131072
nr_of_strided_rec: 1
nr_doubles: 131072
nr_of_strided_rec: 1
nr_doubles: 131072
nr_of_strided_rec: 1
nr_doubles: 131072
nr_of_strided_rec: 1
nr_doubles: 131072
nr_of_strided_rec: 1
nr_doubles: 131072
nr_of_strided_rec: 1
nr_doubles: 131072
nr_of_strided_rec: 1
nr_doubles: 131072
nr_of_strided_rec: 1
nr_doubles: 131072
nr_of_strided_rec: 1
nr_doubles: 131072
nr_of_strided_rec: 1
nr_doubles: 131072
nr_of_strided_rec: 1
nr_doubles: 131072
nr_of_strided_rec: 1
nr_doubles: 131072
nr_of_strided_rec: 1
nr_doubles: 131072
nr_of_strided_rec: 1
nr_doubles: 131072
nr_of_strided_rec: 1
nr_doubles: 131072
nr_of_strided_rec: 1
nr_doubles: 131072
nr_of_strided_rec: 1
nr_doubles: 131072
nr_of_strided_rec: 1
nr_doubles: 131072
nr_of_strided_rec: 1
nr_doubles: 131072
nr_of_strided_rec: 1
nr_doubles: 131072
nr_of_strided_rec: 1
nr_doubles: 131072
nr_of_strided_rec: 1
nr_doubles: 131072
nr_of_strided_rec: 1
nr_doubles: 131072
nr_of_strided_rec: 1
nr_doubles: 131072
nr_of_strided_rec: 1
nr_doubles: 131072
nr_of_strided_rec: 1
nr_doubles: 131072
nr_of_strided_rec: 1
nr_doubles: 131072
nr_of_strided_rec: 1
nr_doubles: 131072
nr_of_strided_rec: 1
nr_doubles: 131072
nr_of_strided_rec: 1
nr_doubles: 131072
nr_of_strided_rec: 1
nr_doubles: 131072
nr_of_strided_rec: 1
nr_doubles: 131072
nr_of_strided_rec: 1
nr_doubles: 131072
nr_of_strided_rec: 1
nr_doubles: 131072
nr_of_strided_rec: 1
nr_doubles: 131072
nr_of_strided_rec: 1
nr_doubles: 131072
nr_of_strided_rec: 1
nr_doubles: 131072
nr_of_strided_rec: 1
nr_doubles: 131072
nr_of_strided_rec: 1
nr_doubles: 131072
nr_of_strided_rec: 1
nr_doubles: 131072
nr_of_strided_rec: 1
nr_doubles: 131072
nr_of_strided_rec: 1
nr_doubles: 131072
nr_of_strided_rec: 1
nr_doubles: 131072
nr_of_strided_rec: 1
nr_doubles: 131072
nr_of_strided_rec: 1
nr_doubles: 131072
nr_of_strided_rec: 1
