fclose PID:35683 fd:3
fclose PID:35683 fd:4
fclose PID:35683 fd:4
fclose PID:35683 fd:3
available: 2 nodes (0-1)
fclose PID:35683 fd:3
node 0 cpus:fclose PID:35683 fd:3
 0 1 2 3 4 5 6 7 8 9 20 21 22 23 24 25 26 27 28 29
node 0 size: 80440 MB
node 0 free: 80119 MB
fclose PID:35683 fd:3
node 1 cpus:fclose PID:35683 fd:3
 10 11 12 13 14 15 16 17 18 19 30 31 32 33 34 35 36 37 38 39
node 1 size: 80635 MB
node 1 free: 80367 MB
fclose PID:35683 fd:3
fclose PID:35683 fd:3
node distances:
node   0   1 
  0:  10  21 
  1:  21  10 
READAHEAD_TIME:0.000000 us
MaxRSS= 2268 KB, SharedMem= 0 KB, HardPageFault= 10
fclose PID:35694 fd:8
fclose PID:35697 fd:8
fclose PID:35699 fd:8
fclose PID:35693 fd:8
fclose PID:35704 fd:8
fclose PID:35696 fd:8
fclose PID:35703 fd:8
fclose PID:35692 fd:8
fclose PID:35701 fd:8
fclose PID:35690 fd:10
fclose PID:35695 fd:8
fclose PID:35698 fd:8
fclose PID:35691 fd:8
fclose PID:35702 fd:8
fclose PID:35689 fd:12
fclose PID:35700 fd:8

MADbench 2.0 IO-mode
no_pe = 16  no_pix = 4096  no_bin = 30  no_gang = 1 sblocksize = 8  fblocksize = 64  r_mod = 1  w_mod = 1 record_size=131072 stride=7
IOMETHOD = POSIX  IOMODE = SYNC  FILETYPE = UNIQUE  REMAP = CUSTOM

build_S
build_S
build_S
build_S
build_S
build_S
build_S
build_S
build_S
build_S
build_S
build_S
build_S
build_S
build_S
build_S

Write the data to file:8388608 bytes
***********WAITING************

Write the data to file:8388608 bytes
***********WAITING************

Write the data to file:8388608 bytes
***********WAITING************

Write the data to file:8388608 bytes
***********WAITING************

Write the data to file:8388608 bytes
***********WAITING************

Write the data to file:8388608 bytes
***********WAITING************

Write the data to file:8388608 bytes
***********WAITING************

Write the data to file:8388608 bytes
***********WAITING************

Write the data to file:8388608 bytes
***********WAITING************

Write the data to file:8388608 bytes
***********WAITING************

Write the data to file:8388608 bytes
***********WAITING************

Write the data to file:8388608 bytes
***********WAITING************

Write the data to file:8388608 bytes
***********WAITING************

Write the data to file:8388608 bytes
***********WAITING************

Write the data to file:8388608 bytes
***********WAITING************

Write the data to file:8388608 bytes
***********WAITING************

Write the data to file:8388608 bytes
***********WAITING************

Write the data to file:8388608 bytes
***********WAITING************

Write the data to file:8388608 bytes
***********WAITING************

Write the data to file:8388608 bytes
***********WAITING************

Write the data to file:8388608 bytes
***********WAITING************

Write the data to file:8388608 bytes
***********WAITING************

Write the data to file:8388608 bytes
***********WAITING************

Write the data to file:8388608 bytes
***********WAITING************

Write the data to file:8388608 bytes
***********WAITING************

Write the data to file:8388608 bytes
***********WAITING************

Write the data to file:8388608 bytes
***********WAITING************

Write the data to file:8388608 bytes
***********WAITING************

Write the data to file:8388608 bytes
***********WAITING************

Write the data to file:8388608 bytes
***********WAITING************

Write the data to file:8388608 bytes
***********WAITING************

Write the data to file:8388608 bytes
***********WAITING************

Write the data to file:8388608 bytes
***********WAITING************

Write the data to file:8388608 bytes
***********WAITING************

Write the data to file:8388608 bytes
***********WAITING************

Write the data to file:8388608 bytes
***********WAITING************

Write the data to file:8388608 bytes
***********WAITING************

Write the data to file:8388608 bytes
***********WAITING************

Write the data to file:8388608 bytes
***********WAITING************

Write the data to file:8388608 bytes
***********WAITING************

Write the data to file:8388608 bytes
***********WAITING************

Write the data to file:8388608 bytes
***********WAITING************

Write the data to file:8388608 bytes
***********WAITING************

Write the data to file:8388608 bytes
***********WAITING************

Write the data to file:8388608 bytes
***********WAITING************

Write the data to file:8388608 bytes
***********WAITING************

Write the data to file:8388608 bytes
***********WAITING************

Write the data to file:8388608 bytes
***********WAITING************

Write the data to file:8388608 bytes
***********WAITING************

Write the data to file:8388608 bytes
***********WAITING************

Write the data to file:8388608 bytes
***********WAITING************

Write the data to file:8388608 bytes
***********WAITING************

Write the data to file:8388608 bytes
***********WAITING************

Write the data to file:8388608 bytes
***********WAITING************

Write the data to file:8388608 bytes
***********WAITING************

Write the data to file:8388608 bytes
***********WAITING************

Write the data to file:8388608 bytes
***********WAITING************

Write the data to file:8388608 bytes
***********WAITING************

Write the data to file:8388608 bytes
***********WAITING************

Write the data to file:8388608 bytes
***********WAITING************

Write the data to file:8388608 bytes
***********WAITING************

Write the data to file:8388608 bytes
***********WAITING************

Write the data to file:8388608 bytes
***********WAITING************

Write the data to file:8388608 bytes
***********WAITING************

Write the data to file:8388608 bytes
***********WAITING************

Write the data to file:8388608 bytes
***********WAITING************

Write the data to file:8388608 bytes
***********WAITING************

Write the data to file:8388608 bytes
***********WAITING************

Write the data to file:8388608 bytes
***********WAITING************

Write the data to file:8388608 bytes
***********WAITING************

Write the data to file:8388608 bytes
***********WAITING************

Write the data to file:8388608 bytes
***********WAITING************

Write the data to file:8388608 bytes
***********WAITING************

Write the data to file:8388608 bytes
***********WAITING************

Write the data to file:8388608 bytes
***********WAITING************

Write the data to file:8388608 bytes
***********WAITING************

Write the data to file:8388608 bytes
***********WAITING************

Write the data to file:8388608 bytes
***********WAITING************

Write the data to file:8388608 bytes
***********WAITING************

Write the data to file:8388608 bytes
***********WAITING************

Write the data to file:8388608 bytes
***********WAITING************

Write the data to file:8388608 bytes
***********WAITING************

Write the data to file:8388608 bytes
***********WAITING************

Write the data to file:8388608 bytes
***********WAITING************

Write the data to file:8388608 bytes
***********WAITING************

Write the data to file:8388608 bytes
***********WAITING************

Write the data to file:8388608 bytes
***********WAITING************

Write the data to file:8388608 bytes
***********WAITING************

Write the data to file:8388608 bytes
***********WAITING************

Write the data to file:8388608 bytes
***********WAITING************

Write the data to file:8388608 bytes
***********WAITING************

Write the data to file:8388608 bytes
***********WAITING************

Write the data to file:8388608 bytes
***********WAITING************

Write the data to file:8388608 bytes
***********WAITING************

Write the data to file:8388608 bytes
***********WAITING************

Write the data to file:8388608 bytes
***********WAITING************

Write the data to file:8388608 bytes
***********WAITING************

Write the data to file:8388608 bytes
***********WAITING************

Write the data to file:8388608 bytes
***********WAITING************

Write the data to file:8388608 bytes
***********WAITING************

Write the data to file:8388608 bytes
***********WAITING************

Write the data to file:8388608 bytes
***********WAITING************

Write the data to file:8388608 bytes
***********WAITING************

Write the data to file:8388608 bytes
***********WAITING************

Write the data to file:8388608 bytes
***********WAITING************

Write the data to file:8388608 bytes
***********WAITING************

Write the data to file:8388608 bytes
***********WAITING************

Write the data to file:8388608 bytes
***********WAITING************

Write the data to file:8388608 bytes
***********WAITING************

Write the data to file:8388608 bytes
***********WAITING************

Write the data to file:8388608 bytes
***********WAITING************

Write the data to file:8388608 bytes
***********WAITING************

Write the data to file:8388608 bytes
***********WAITING************

Write the data to file:8388608 bytes
***********WAITING************

Write the data to file:8388608 bytes
***********WAITING************

Write the data to file:8388608 bytes
***********WAITING************

Write the data to file:8388608 bytes
***********WAITING************

Write the data to file:8388608 bytes
***********WAITING************

Write the data to file:8388608 bytes
***********WAITING************

Write the data to file:8388608 bytes
***********WAITING************

Write the data to file:8388608 bytes
***********WAITING************

Write the data to file:8388608 bytes
***********WAITING************

Write the data to file:8388608 bytes
***********WAITING************

Write the data to file:8388608 bytes
***********WAITING************

Write the data to file:8388608 bytes
***********WAITING************

Write the data to file:8388608 bytes
***********WAITING************

Write the data to file:8388608 bytes
***********WAITING************

Write the data to file:8388608 bytes
***********WAITING************

Write the data to file:8388608 bytes
***********WAITING************

Write the data to file:8388608 bytes
***********WAITING************

Write the data to file:8388608 bytes
***********WAITING************

Write the data to file:8388608 bytes
***********WAITING************

Write the data to file:8388608 bytes
***********WAITING************

Write the data to file:8388608 bytes
***********WAITING************

Write the data to file:8388608 bytes
***********WAITING************

Write the data to file:8388608 bytes
***********WAITING************

Write the data to file:8388608 bytes
***********WAITING************

Write the data to file:8388608 bytes
***********WAITING************

Write the data to file:8388608 bytes
***********WAITING************

Write the data to file:8388608 bytes
***********WAITING************

Write the data to file:8388608 bytes
***********WAITING************

Write the data to file:8388608 bytes
***********WAITING************

Write the data to file:8388608 bytes
***********WAITING************

Write the data to file:8388608 bytes
***********WAITING************

Write the data to file:8388608 bytes
***********WAITING************

Write the data to file:8388608 bytes
***********WAITING************

Write the data to file:8388608 bytes
***********WAITING************

Write the data to file:8388608 bytes
***********WAITING************

Write the data to file:8388608 bytes
***********WAITING************

Write the data to file:8388608 bytes
***********WAITING************

Write the data to file:8388608 bytes
***********WAITING************

Write the data to file:8388608 bytes
***********WAITING************

Write the data to file:8388608 bytes
***********WAITING************

Write the data to file:8388608 bytes
***********WAITING************

Write the data to file:8388608 bytes
***********WAITING************

Write the data to file:8388608 bytes
***********WAITING************

Write the data to file:8388608 bytes
***********WAITING************

Write the data to file:8388608 bytes
***********WAITING************

Write the data to file:8388608 bytes
***********WAITING************

Write the data to file:8388608 bytes
***********WAITING************

Write the data to file:8388608 bytes
***********WAITING************

Write the data to file:8388608 bytes
***********WAITING************

Write the data to file:8388608 bytes
***********WAITING************

Write the data to file:8388608 bytes
***********WAITING************

Write the data to file:8388608 bytes
***********WAITING************

Write the data to file:8388608 bytes
***********WAITING************

Write the data to file:8388608 bytes
***********WAITING************

Write the data to file:8388608 bytes
***********WAITING************

Write the data to file:8388608 bytes
***********WAITING************

Write the data to file:8388608 bytes
***********WAITING************

Write the data to file:8388608 bytes
***********WAITING************

Write the data to file:8388608 bytes
***********WAITING************

Write the data to file:8388608 bytes
***********WAITING************

Write the data to file:8388608 bytes
***********WAITING************

Write the data to file:8388608 bytes
***********WAITING************

Write the data to file:8388608 bytes
***********WAITING************

Write the data to file:8388608 bytes
***********WAITING************

Write the data to file:8388608 bytes
***********WAITING************

Write the data to file:8388608 bytes
***********WAITING************

Write the data to file:8388608 bytes
***********WAITING************

Write the data to file:8388608 bytes
***********WAITING************

Write the data to file:8388608 bytes
***********WAITING************

Write the data to file:8388608 bytes
***********WAITING************

Write the data to file:8388608 bytes
***********WAITING************

Write the data to file:8388608 bytes
***********WAITING************

Write the data to file:8388608 bytes
***********WAITING************

Write the data to file:8388608 bytes
***********WAITING************

Write the data to file:8388608 bytes
***********WAITING************

Write the data to file:8388608 bytes
***********WAITING************

Write the data to file:8388608 bytes
***********WAITING************

Write the data to file:8388608 bytes
***********WAITING************

Write the data to file:8388608 bytes
***********WAITING************

Write the data to file:8388608 bytes
***********WAITING************

Write the data to file:8388608 bytes
***********WAITING************

Write the data to file:8388608 bytes
***********WAITING************

Write the data to file:8388608 bytes
***********WAITING************

Write the data to file:8388608 bytes
***********WAITING************

Write the data to file:8388608 bytes
***********WAITING************

Write the data to file:8388608 bytes
***********WAITING************

Write the data to file:8388608 bytes
***********WAITING************

Write the data to file:8388608 bytes
***********WAITING************

Write the data to file:8388608 bytes
***********WAITING************

Write the data to file:8388608 bytes
***********WAITING************

Write the data to file:8388608 bytes
***********WAITING************

Write the data to file:8388608 bytes
***********WAITING************

Write the data to file:8388608 bytes
***********WAITING************

Write the data to file:8388608 bytes
***********WAITING************

Write the data to file:8388608 bytes
***********WAITING************

Write the data to file:8388608 bytes
***********WAITING************

Write the data to file:8388608 bytes
***********WAITING************

Write the data to file:8388608 bytes
***********WAITING************

Write the data to file:8388608 bytes
***********WAITING************

Write the data to file:8388608 bytes
***********WAITING************

Write the data to file:8388608 bytes
***********WAITING************

Write the data to file:8388608 bytes
***********WAITING************

Write the data to file:8388608 bytes
***********WAITING************

Write the data to file:8388608 bytes
***********WAITING************

Write the data to file:8388608 bytes
***********WAITING************

Write the data to file:8388608 bytes
***********WAITING************

Write the data to file:8388608 bytes
***********WAITING************

Write the data to file:8388608 bytes
***********WAITING************

Write the data to file:8388608 bytes
***********WAITING************

Write the data to file:8388608 bytes
***********WAITING************

Write the data to file:8388608 bytes
***********WAITING************

Write the data to file:8388608 bytes
***********WAITING************

Write the data to file:8388608 bytes
***********WAITING************

Write the data to file:8388608 bytes
***********WAITING************

Write the data to file:8388608 bytes
***********WAITING************

Write the data to file:8388608 bytes
***********WAITING************

Write the data to file:8388608 bytes
***********WAITING************

Write the data to file:8388608 bytes
***********WAITING************

Write the data to file:8388608 bytes
***********WAITING************

Write the data to file:8388608 bytes
***********WAITING************

Write the data to file:8388608 bytes
***********WAITING************

Write the data to file:8388608 bytes
***********WAITING************

Write the data to file:8388608 bytes
***********WAITING************

Write the data to file:8388608 bytes
***********WAITING************

Write the data to file:8388608 bytes
***********WAITING************

Write the data to file:8388608 bytes
***********WAITING************

Write the data to file:8388608 bytes
***********WAITING************

Write the data to file:8388608 bytes
***********WAITING************

Write the data to file:8388608 bytes
***********WAITING************

Write the data to file:8388608 bytes
***********WAITING************

Write the data to file:8388608 bytes
***********WAITING************

Write the data to file:8388608 bytes
***********WAITING************

Write the data to file:8388608 bytes
***********WAITING************

Write the data to file:8388608 bytes
***********WAITING************

Write the data to file:8388608 bytes
***********WAITING************

Write the data to file:8388608 bytes
***********WAITING************

Write the data to file:8388608 bytes
***********WAITING************

Write the data to file:8388608 bytes
***********WAITING************

Write the data to file:8388608 bytes
***********WAITING************

Write the data to file:8388608 bytes
***********WAITING************

Write the data to file:8388608 bytes
***********WAITING************

Write the data to file:8388608 bytes
***********WAITING************

Write the data to file:8388608 bytes
***********WAITING************

Write the data to file:8388608 bytes
***********WAITING************

Write the data to file:8388608 bytes
***********WAITING************

Write the data to file:8388608 bytes
***********WAITING************

Write the data to file:8388608 bytes
***********WAITING************

Write the data to file:8388608 bytes
***********WAITING************

Write the data to file:8388608 bytes
***********WAITING************

Write the data to file:8388608 bytes
***********WAITING************

Write the data to file:8388608 bytes
***********WAITING************

Write the data to file:8388608 bytes
***********WAITING************

Write the data to file:8388608 bytes
***********WAITING************

Write the data to file:8388608 bytes
***********WAITING************

Write the data to file:8388608 bytes
***********WAITING************

Write the data to file:8388608 bytes
***********WAITING************

Write the data to file:8388608 bytes
***********WAITING************

Write the data to file:8388608 bytes
***********WAITING************

Write the data to file:8388608 bytes
***********WAITING************

Write the data to file:8388608 bytes
***********WAITING************

Write the data to file:8388608 bytes
***********WAITING************

Write the data to file:8388608 bytes
***********WAITING************

Write the data to file:8388608 bytes
***********WAITING************

Write the data to file:8388608 bytes
***********WAITING************

Write the data to file:8388608 bytes
***********WAITING************

Write the data to file:8388608 bytes
***********WAITING************

Write the data to file:8388608 bytes
***********WAITING************

Write the data to file:8388608 bytes
***********WAITING************

Write the data to file:8388608 bytes
***********WAITING************

Write the data to file:8388608 bytes
***********WAITING************

Write the data to file:8388608 bytes
***********WAITING************

Write the data to file:8388608 bytes
***********WAITING************

Write the data to file:8388608 bytes
***********WAITING************

Write the data to file:8388608 bytes
***********WAITING************

Write the data to file:8388608 bytes
***********WAITING************

Write the data to file:8388608 bytes
***********WAITING************

Write the data to file:8388608 bytes
***********WAITING************

Write the data to file:8388608 bytes
***********WAITING************

Write the data to file:8388608 bytes
***********WAITING************

Write the data to file:8388608 bytes
***********WAITING************

Write the data to file:8388608 bytes
***********WAITING************

Write the data to file:8388608 bytes
***********WAITING************

Write the data to file:8388608 bytes
***********WAITING************

Write the data to file:8388608 bytes
***********WAITING************

Write the data to file:8388608 bytes
***********WAITING************

Write the data to file:8388608 bytes
***********WAITING************

Write the data to file:8388608 bytes
***********WAITING************

Write the data to file:8388608 bytes
***********WAITING************

Write the data to file:8388608 bytes
***********WAITING************

Write the data to file:8388608 bytes
***********WAITING************

Write the data to file:8388608 bytes
***********WAITING************

Write the data to file:8388608 bytes
***********WAITING************

Write the data to file:8388608 bytes
***********WAITING************

Write the data to file:8388608 bytes
***********WAITING************

Write the data to file:8388608 bytes
***********WAITING************

Write the data to file:8388608 bytes
***********WAITING************

Write the data to file:8388608 bytes
***********WAITING************

Write the data to file:8388608 bytes
***********WAITING************

Write the data to file:8388608 bytes
***********WAITING************

Write the data to file:8388608 bytes
***********WAITING************

Write the data to file:8388608 bytes
***********WAITING************

Write the data to file:8388608 bytes
***********WAITING************

Write the data to file:8388608 bytes
***********WAITING************

Write the data to file:8388608 bytes
***********WAITING************

Write the data to file:8388608 bytes
***********WAITING************

Write the data to file:8388608 bytes
***********WAITING************

Write the data to file:8388608 bytes
***********WAITING************

Write the data to file:8388608 bytes
***********WAITING************

Write the data to file:8388608 bytes
***********WAITING************

Write the data to file:8388608 bytes
***********WAITING************

Write the data to file:8388608 bytes
***********WAITING************

Write the data to file:8388608 bytes
***********WAITING************

Write the data to file:8388608 bytes
***********WAITING************

Write the data to file:8388608 bytes
***********WAITING************

Write the data to file:8388608 bytes
***********WAITING************

Write the data to file:8388608 bytes
***********WAITING************

Write the data to file:8388608 bytes
***********WAITING************

Write the data to file:8388608 bytes
***********WAITING************

Write the data to file:8388608 bytes
***********WAITING************

Write the data to file:8388608 bytes
***********WAITING************

Write the data to file:8388608 bytes
***********WAITING************

Write the data to file:8388608 bytes
***********WAITING************

Write the data to file:8388608 bytes
***********WAITING************

Write the data to file:8388608 bytes
***********WAITING************

Write the data to file:8388608 bytes
***********WAITING************

Write the data to file:8388608 bytes
***********WAITING************

Write the data to file:8388608 bytes
***********WAITING************

Write the data to file:8388608 bytes
***********WAITING************

Write the data to file:8388608 bytes
***********WAITING************

Write the data to file:8388608 bytes
***********WAITING************

Write the data to file:8388608 bytes
***********WAITING************

Write the data to file:8388608 bytes
***********WAITING************

Write the data to file:8388608 bytes
***********WAITING************

Write the data to file:8388608 bytes
***********WAITING************

Write the data to file:8388608 bytes
***********WAITING************

Write the data to file:8388608 bytes
***********WAITING************

Write the data to file:8388608 bytes
***********WAITING************

Write the data to file:8388608 bytes
***********WAITING************

Write the data to file:8388608 bytes
***********WAITING************

Write the data to file:8388608 bytes
***********WAITING************

Write the data to file:8388608 bytes
***********WAITING************

Write the data to file:8388608 bytes
***********WAITING************

Write the data to file:8388608 bytes
***********WAITING************

Write the data to file:8388608 bytes
***********WAITING************

Write the data to file:8388608 bytes
***********WAITING************

Write the data to file:8388608 bytes
***********WAITING************

Write the data to file:8388608 bytes
***********WAITING************

Write the data to file:8388608 bytes
***********WAITING************

Write the data to file:8388608 bytes
***********WAITING************

Write the data to file:8388608 bytes
***********WAITING************

Write the data to file:8388608 bytes
***********WAITING************

Write the data to file:8388608 bytes
***********WAITING************

Write the data to file:8388608 bytes
***********WAITING************

Write the data to file:8388608 bytes
***********WAITING************

Write the data to file:8388608 bytes
***********WAITING************

Write the data to file:8388608 bytes
***********WAITING************

Write the data to file:8388608 bytes
***********WAITING************

Write the data to file:8388608 bytes
***********WAITING************

Write the data to file:8388608 bytes
***********WAITING************

Write the data to file:8388608 bytes
***********WAITING************

Write the data to file:8388608 bytes
***********WAITING************

Write the data to file:8388608 bytes
***********WAITING************

Write the data to file:8388608 bytes
***********WAITING************

Write the data to file:8388608 bytes
***********WAITING************

Write the data to file:8388608 bytes
***********WAITING************

Write the data to file:8388608 bytes
***********WAITING************

Write the data to file:8388608 bytes
***********WAITING************

Write the data to file:8388608 bytes
***********WAITING************

Write the data to file:8388608 bytes
***********WAITING************

Write the data to file:8388608 bytes
***********WAITING************

Write the data to file:8388608 bytes
***********WAITING************

Write the data to file:8388608 bytes
***********WAITING************

Write the data to file:8388608 bytes
***********WAITING************

Write the data to file:8388608 bytes
***********WAITING************

Write the data to file:8388608 bytes
***********WAITING************

Write the data to file:8388608 bytes
***********WAITING************

Write the data to file:8388608 bytes
***********WAITING************

Write the data to file:8388608 bytes
***********WAITING************

Write the data to file:8388608 bytes
***********WAITING************

Write the data to file:8388608 bytes
***********WAITING************

Write the data to file:8388608 bytes
***********WAITING************

Write the data to file:8388608 bytes
***********WAITING************

Write the data to file:8388608 bytes
***********WAITING************

Write the data to file:8388608 bytes
***********WAITING************

Write the data to file:8388608 bytes
***********WAITING************

Write the data to file:8388608 bytes
***********WAITING************

Write the data to file:8388608 bytes
***********WAITING************

Write the data to file:8388608 bytes
***********WAITING************

Write the data to file:8388608 bytes
***********WAITING************

Write the data to file:8388608 bytes
***********WAITING************

Write the data to file:8388608 bytes
***********WAITING************

Write the data to file:8388608 bytes
***********WAITING************

Write the data to file:8388608 bytes
***********WAITING************

Write the data to file:8388608 bytes
***********WAITING************

Write the data to file:8388608 bytes
***********WAITING************

Write the data to file:8388608 bytes
***********WAITING************

Write the data to file:8388608 bytes
***********WAITING************

Write the data to file:8388608 bytes
***********WAITING************

Write the data to file:8388608 bytes
***********WAITING************

Write the data to file:8388608 bytes
***********WAITING************

Write the data to file:8388608 bytes
***********WAITING************

Write the data to file:8388608 bytes
***********WAITING************

Write the data to file:8388608 bytes
***********WAITING************

Write the data to file:8388608 bytes
***********WAITING************

Write the data to file:8388608 bytes
***********WAITING************

Write the data to file:8388608 bytes
***********WAITING************

Write the data to file:8388608 bytes
***********WAITING************

Write the data to file:8388608 bytes
***********WAITING************

Write the data to file:8388608 bytes
***********WAITING************

Write the data to file:8388608 bytes
***********WAITING************

Write the data to file:8388608 bytes
***********WAITING************

Write the data to file:8388608 bytes
***********WAITING************

Write the data to file:8388608 bytes
***********WAITING************

Write the data to file:8388608 bytes
***********WAITING************

Write the data to file:8388608 bytes
***********WAITING************

Write the data to file:8388608 bytes
***********WAITING************

Write the data to file:8388608 bytes
***********WAITING************

Write the data to file:8388608 bytes
***********WAITING************

Write the data to file:8388608 bytes
***********WAITING************

Write the data to file:8388608 bytes
***********WAITING************

Write the data to file:8388608 bytes
***********WAITING************

Write the data to file:8388608 bytes
***********WAITING************

Write the data to file:8388608 bytes
***********WAITING************

Write the data to file:8388608 bytes
***********WAITING************

Write the data to file:8388608 bytes
***********WAITING************

Write the data to file:8388608 bytes
***********WAITING************

Write the data to file:8388608 bytes
***********WAITING************

Write the data to file:8388608 bytes
***********WAITING************

Write the data to file:8388608 bytes
***********WAITING************

Write the data to file:8388608 bytes
***********WAITING************

Write the data to file:8388608 bytes
***********WAITING************

Write the data to file:8388608 bytes
***********WAITING************

Write the data to file:8388608 bytes
***********WAITING************

Write the data to file:8388608 bytes
***********WAITING************

Write the data to file:8388608 bytes
***********WAITING************

Write the data to file:8388608 bytes
***********WAITING************

Write the data to file:8388608 bytes
***********WAITING************

Write the data to file:8388608 bytes
***********WAITING************

Write the data to file:8388608 bytes
***********WAITING************

Write the data to file:8388608 bytes
***********WAITING************

Write the data to file:8388608 bytes
***********WAITING************

Write the data to file:8388608 bytes
***********WAITING************

Write the data to file:8388608 bytes
***********WAITING************

Write the data to file:8388608 bytes
***********WAITING************

Write the data to file:8388608 bytes
***********WAITING************

Write the data to file:8388608 bytes
***********WAITING************

Write the data to file:8388608 bytes
***********WAITING************

Write the data to file:8388608 bytes
***********WAITING************

Write the data to file:8388608 bytes
***********WAITING************

Write the data to file:8388608 bytes
***********WAITING************

Write the data to file:8388608 bytes
***********WAITING************

Write the data to file:8388608 bytes
***********WAITING************

Write the data to file:8388608 bytes
***********WAITING************

Write the data to file:8388608 bytes
***********WAITING************

Write the data to file:8388608 bytes
***********WAITING************

Write the data to file:8388608 bytes
***********WAITING************

Write the data to file:8388608 bytes
***********WAITING************

Write the data to file:8388608 bytes
***********WAITING************

Write the data to file:8388608 bytes
***********WAITING************

Write the data to file:8388608 bytes
***********WAITING************

Write the data to file:8388608 bytes
***********WAITING************

Write the data to file:8388608 bytes
***********WAITING************

Write the data to file:8388608 bytes
***********WAITING************

Write the data to file:8388608 bytes
***********WAITING************

Write the data to file:8388608 bytes
***********WAITING************

Write the data to file:8388608 bytes
***********WAITING************

Write the data to file:8388608 bytes
***********WAITING************
S_cc         0.24   [      0.24:      0.24]
S_bw         0.07   [      0.07:      0.07]
S_w          8.17   [      8.17:      8.17]
          -------
S_total      8.48   [      8.48:      8.48]

build_S done
calc_W
build_S done
calc_W
build_S done
calc_W
build_S done
calc_W
build_S done
calc_W
build_S done
calc_W
nr_of_strided_rec: 8
nr_doubles: 16384
build_S done
calc_W
nr_of_strided_rec: 8
nr_doubles: 16384
build_S done
calc_W
nr_of_strided_rec: 8
nr_doubles: 16384
build_S done
calc_W
nr_of_strided_rec: 8
nr_doubles: 16384
build_S done
calc_W
nr_of_strided_rec: 8
nr_doubles: 16384
build_S done
calc_W
nr_of_strided_rec: 8
nr_doubles: 16384
build_S done
calc_W
nr_of_strided_rec: 8
nr_doubles: 16384
build_S done
calc_W
nr_of_strided_rec: 8
nr_doubles: 16384
build_S done
calc_W
nr_of_strided_rec: 8
nr_doubles: 16384
build_S done
calc_W
nr_of_strided_rec: 8
nr_doubles: 16384
build_S done
calc_W
nr_of_strided_rec: 8
nr_doubles: 16384
nr_of_strided_rec: 8
nr_doubles: 16384
nr_of_strided_rec: 8
nr_doubles: 16384
nr_of_strided_rec: 8
nr_doubles: 16384
nr_of_strided_rec: 8
nr_doubles: 16384
nr_of_strided_rec: 8
nr_doubles: 16384
nr_of_strided_rec: 8
nr_doubles: 16384
nr_of_strided_rec: 8
nr_doubles: 16384
nr_of_strided_rec: 8
nr_doubles: 16384
nr_of_strided_rec: 8
nr_doubles: 16384
nr_of_strided_rec: 8
nr_doubles: 16384
nr_of_strided_rec: 8
nr_doubles: 16384
nr_of_strided_rec: 8
nr_doubles: 16384
nr_of_strided_rec: 8
nr_doubles: 16384
nr_of_strided_rec: 8
nr_doubles: 16384
nr_of_strided_rec: 8
nr_doubles: 16384
nr_of_strided_rec: 8
nr_doubles: 16384
nr_of_strided_rec: 8
nr_doubles: 16384
nr_of_strided_rec: 8
nr_doubles: 16384
nr_of_strided_rec: 8
nr_doubles: 16384
nr_of_strided_rec: 8
nr_doubles: 16384
nr_of_strided_rec: 8
nr_doubles: 16384

Write the data to file:8388608 bytes
***********WAITING************

Write the data to file:8388608 bytes
***********WAITING************

Write the data to file:8388608 bytes
***********WAITING************

Write the data to file:8388608 bytes
***********WAITING************

Write the data to file:8388608 bytes
***********WAITING************

Write the data to file:8388608 bytes
***********WAITING************

Write the data to file:8388608 bytes
***********WAITING************

Write the data to file:8388608 bytes
***********WAITING************

Write the data to file:8388608 bytes
***********WAITING************

Write the data to file:8388608 bytes
***********WAITING************

Write the data to file:8388608 bytes
***********WAITING************

Write the data to file:8388608 bytes
***********WAITING************

Write the data to file:8388608 bytes
***********WAITING************

Write the data to file:8388608 bytes
***********WAITING************

Write the data to file:8388608 bytes
***********WAITING************

Write the data to file:8388608 bytes
***********WAITING************
nr_of_strided_rec: 8
nr_doubles: 16384
nr_of_strided_rec: 8
nr_doubles: 16384
nr_of_strided_rec: 8
nr_doubles: 16384
nr_of_strided_rec: 8
nr_doubles: 16384
nr_of_strided_rec: 8
nr_doubles: 16384
nr_of_strided_rec: 8
nr_doubles: 16384
nr_of_strided_rec: 8
nr_doubles: 16384
nr_of_strided_rec: 8
nr_doubles: 16384
nr_of_strided_rec: 8
nr_doubles: 16384
nr_of_strided_rec: 8
nr_doubles: 16384
nr_of_strided_rec: 8
nr_doubles: 16384
nr_of_strided_rec: 8
nr_doubles: 16384
nr_of_strided_rec: 8
nr_doubles: 16384
nr_of_strided_rec: 8
nr_doubles: 16384
nr_of_strided_rec: 8
nr_doubles: 16384
nr_of_strided_rec: 8
nr_doubles: 16384

Write the data to file:8388608 bytes
***********WAITING************

Write the data to file:8388608 bytes
***********WAITING************

Write the data to file:8388608 bytes
***********WAITING************

Write the data to file:8388608 bytes
***********WAITING************

Write the data to file:8388608 bytes
***********WAITING************

Write the data to file:8388608 bytes
***********WAITING************

Write the data to file:8388608 bytes
***********WAITING************

Write the data to file:8388608 bytes
***********WAITING************

Write the data to file:8388608 bytes
***********WAITING************

Write the data to file:8388608 bytes
***********WAITING************

Write the data to file:8388608 bytes
***********WAITING************

Write the data to file:8388608 bytes
***********WAITING************

Write the data to file:8388608 bytes
***********WAITING************

Write the data to file:8388608 bytes
***********WAITING************

Write the data to file:8388608 bytes
***********WAITING************

Write the data to file:8388608 bytes
***********WAITING************
nr_of_strided_rec: 8
nr_doubles: 16384
nr_of_strided_rec: 8
nr_doubles: 16384
nr_of_strided_rec: 8
nr_doubles: 16384
nr_of_strided_rec: 8
nr_doubles: 16384
nr_of_strided_rec: 8
nr_doubles: 16384
nr_of_strided_rec: 8
nr_doubles: 16384
nr_of_strided_rec: 8
nr_doubles: 16384
nr_of_strided_rec: 8
nr_doubles: 16384
nr_of_strided_rec: 8
nr_doubles: 16384
nr_of_strided_rec: 8
nr_doubles: 16384
nr_of_strided_rec: 8
nr_doubles: 16384
nr_of_strided_rec: 8
nr_doubles: 16384
nr_of_strided_rec: 8
nr_doubles: 16384
nr_of_strided_rec: 8
nr_doubles: 16384
nr_of_strided_rec: 8
nr_doubles: 16384
nr_of_strided_rec: 8
nr_doubles: 16384

Write the data to file:8388608 bytes
***********WAITING************

Write the data to file:8388608 bytes
***********WAITING************

Write the data to file:8388608 bytes
***********WAITING************

Write the data to file:8388608 bytes
***********WAITING************

Write the data to file:8388608 bytes
***********WAITING************

Write the data to file:8388608 bytes
***********WAITING************

Write the data to file:8388608 bytes
***********WAITING************

Write the data to file:8388608 bytes
***********WAITING************

Write the data to file:8388608 bytes
***********WAITING************

Write the data to file:8388608 bytes
***********WAITING************

Write the data to file:8388608 bytes
***********WAITING************

Write the data to file:8388608 bytes
***********WAITING************

Write the data to file:8388608 bytes
***********WAITING************

Write the data to file:8388608 bytes
***********WAITING************

Write the data to file:8388608 bytes
***********WAITING************

Write the data to file:8388608 bytes
***********WAITING************
nr_of_strided_rec: 8
nr_doubles: 16384
nr_of_strided_rec: 8
nr_doubles: 16384
nr_of_strided_rec: 8
nr_doubles: 16384
nr_of_strided_rec: 8
nr_doubles: 16384
nr_of_strided_rec: 8
nr_doubles: 16384
nr_of_strided_rec: 8
nr_doubles: 16384
nr_of_strided_rec: 8
nr_doubles: 16384
nr_of_strided_rec: 8
nr_doubles: 16384
nr_of_strided_rec: 8
nr_doubles: 16384
nr_of_strided_rec: 8
nr_doubles: 16384
nr_of_strided_rec: 8
nr_doubles: 16384
nr_of_strided_rec: 8
nr_doubles: 16384
nr_of_strided_rec: 8
nr_doubles: 16384
nr_of_strided_rec: 8
nr_doubles: 16384
nr_of_strided_rec: 8
nr_doubles: 16384
nr_of_strided_rec: 8
nr_doubles: 16384

Write the data to file:8388608 bytes
***********WAITING************

Write the data to file:8388608 bytes
***********WAITING************

Write the data to file:8388608 bytes
***********WAITING************

Write the data to file:8388608 bytes
***********WAITING************

Write the data to file:8388608 bytes
***********WAITING************

Write the data to file:8388608 bytes
***********WAITING************

Write the data to file:8388608 bytes
***********WAITING************

Write the data to file:8388608 bytes
***********WAITING************

Write the data to file:8388608 bytes
***********WAITING************

Write the data to file:8388608 bytes
***********WAITING************

Write the data to file:8388608 bytes
***********WAITING************

Write the data to file:8388608 bytes
***********WAITING************

Write the data to file:8388608 bytes
***********WAITING************

Write the data to file:8388608 bytes
***********WAITING************

Write the data to file:8388608 bytes
***********WAITING************

Write the data to file:8388608 bytes
***********WAITING************
nr_of_strided_rec: 8
nr_doubles: 16384
nr_of_strided_rec: 8
nr_doubles: 16384
nr_of_strided_rec: 8
nr_doubles: 16384
nr_of_strided_rec: 8
nr_doubles: 16384
nr_of_strided_rec: 8
nr_doubles: 16384
nr_of_strided_rec: 8
nr_doubles: 16384
nr_of_strided_rec: 8
nr_doubles: 16384
nr_of_strided_rec: 8
nr_doubles: 16384
nr_of_strided_rec: 8
nr_doubles: 16384
nr_of_strided_rec: 8
nr_doubles: 16384
nr_of_strided_rec: 8
nr_doubles: 16384
nr_of_strided_rec: 8
nr_doubles: 16384
nr_of_strided_rec: 8
nr_doubles: 16384
nr_of_strided_rec: 8
nr_doubles: 16384
nr_of_strided_rec: 8
nr_doubles: 16384
nr_of_strided_rec: 8
nr_doubles: 16384

Write the data to file:8388608 bytes
***********WAITING************

Write the data to file:8388608 bytes
***********WAITING************

Write the data to file:8388608 bytes
***********WAITING************

Write the data to file:8388608 bytes
***********WAITING************

Write the data to file:8388608 bytes
***********WAITING************

Write the data to file:8388608 bytes
***********WAITING************

Write the data to file:8388608 bytes
***********WAITING************

Write the data to file:8388608 bytes
***********WAITING************

Write the data to file:8388608 bytes
***********WAITING************

Write the data to file:8388608 bytes
***********WAITING************

Write the data to file:8388608 bytes
***********WAITING************

Write the data to file:8388608 bytes
***********WAITING************

Write the data to file:8388608 bytes
***********WAITING************

Write the data to file:8388608 bytes
***********WAITING************

Write the data to file:8388608 bytes
***********WAITING************

Write the data to file:8388608 bytes
***********WAITING************
nr_of_strided_rec: 8
nr_doubles: 16384
nr_of_strided_rec: 8
nr_doubles: 16384
nr_of_strided_rec: 8
nr_doubles: 16384
nr_of_strided_rec: 8
nr_doubles: 16384
nr_of_strided_rec: 8
nr_doubles: 16384
nr_of_strided_rec: 8
nr_doubles: 16384
nr_of_strided_rec: 8
nr_doubles: 16384
nr_of_strided_rec: 8
nr_doubles: 16384
nr_of_strided_rec: 8
nr_doubles: 16384
nr_of_strided_rec: 8
nr_doubles: 16384
nr_of_strided_rec: 8
nr_doubles: 16384
nr_of_strided_rec: 8
nr_doubles: 16384
nr_of_strided_rec: 8
nr_doubles: 16384
nr_of_strided_rec: 8
nr_doubles: 16384
nr_of_strided_rec: 8
nr_doubles: 16384
nr_of_strided_rec: 8
nr_doubles: 16384

Write the data to file:8388608 bytes
***********WAITING************

Write the data to file:8388608 bytes
***********WAITING************

Write the data to file:8388608 bytes
***********WAITING************

Write the data to file:8388608 bytes
***********WAITING************

Write the data to file:8388608 bytes
***********WAITING************

Write the data to file:8388608 bytes
***********WAITING************

Write the data to file:8388608 bytes
***********WAITING************

Write the data to file:8388608 bytes
***********WAITING************

Write the data to file:8388608 bytes
***********WAITING************

Write the data to file:8388608 bytes
***********WAITING************

Write the data to file:8388608 bytes
***********WAITING************

Write the data to file:8388608 bytes
***********WAITING************

Write the data to file:8388608 bytes
***********WAITING************

Write the data to file:8388608 bytes
***********WAITING************

Write the data to file:8388608 bytes
***********WAITING************

Write the data to file:8388608 bytes
***********WAITING************
nr_of_strided_rec: 8
nr_doubles: 16384
nr_of_strided_rec: 8
nr_doubles: 16384
nr_of_strided_rec: 8
nr_doubles: 16384
nr_of_strided_rec: 8
nr_doubles: 16384
nr_of_strided_rec: 8
nr_doubles: 16384
nr_of_strided_rec: 8
nr_doubles: 16384
nr_of_strided_rec: 8
nr_doubles: 16384
nr_of_strided_rec: 8
nr_doubles: 16384
nr_of_strided_rec: 8
nr_doubles: 16384
nr_of_strided_rec: 8
nr_doubles: 16384
nr_of_strided_rec: 8
nr_doubles: 16384
nr_of_strided_rec: 8
nr_doubles: 16384
nr_of_strided_rec: 8
nr_doubles: 16384
nr_of_strided_rec: 8
nr_doubles: 16384
nr_of_strided_rec: 8
nr_doubles: 16384
nr_of_strided_rec: 8
nr_doubles: 16384

Write the data to file:8388608 bytes
***********WAITING************

Write the data to file:8388608 bytes
***********WAITING************

Write the data to file:8388608 bytes
***********WAITING************

Write the data to file:8388608 bytes
***********WAITING************

Write the data to file:8388608 bytes
***********WAITING************

Write the data to file:8388608 bytes
***********WAITING************

Write the data to file:8388608 bytes
***********WAITING************

Write the data to file:8388608 bytes
***********WAITING************

Write the data to file:8388608 bytes
***********WAITING************

Write the data to file:8388608 bytes
***********WAITING************

Write the data to file:8388608 bytes
***********WAITING************

Write the data to file:8388608 bytes
***********WAITING************

Write the data to file:8388608 bytes
***********WAITING************

Write the data to file:8388608 bytes
***********WAITING************

Write the data to file:8388608 bytes
***********WAITING************

Write the data to file:8388608 bytes
***********WAITING************
nr_of_strided_rec: 8
nr_doubles: 16384
nr_of_strided_rec: 8
nr_doubles: 16384
nr_of_strided_rec: 8
nr_doubles: 16384
nr_of_strided_rec: 8
nr_doubles: 16384
nr_of_strided_rec: 8
nr_doubles: 16384
nr_of_strided_rec: 8
nr_doubles: 16384
nr_of_strided_rec: 8
nr_doubles: 16384
nr_of_strided_rec: 8
nr_doubles: 16384
nr_of_strided_rec: 8
nr_doubles: 16384
nr_of_strided_rec: 8
nr_doubles: 16384
nr_of_strided_rec: 8
nr_doubles: 16384
nr_of_strided_rec: 8
nr_doubles: 16384
nr_of_strided_rec: 8
nr_doubles: 16384
nr_of_strided_rec: 8
nr_doubles: 16384
nr_of_strided_rec: 8
nr_doubles: 16384
nr_of_strided_rec: 8
nr_doubles: 16384

Write the data to file:8388608 bytes
***********WAITING************

Write the data to file:8388608 bytes
***********WAITING************

Write the data to file:8388608 bytes
***********WAITING************

Write the data to file:8388608 bytes
***********WAITING************

Write the data to file:8388608 bytes
***********WAITING************

Write the data to file:8388608 bytes
***********WAITING************

Write the data to file:8388608 bytes
***********WAITING************

Write the data to file:8388608 bytes
***********WAITING************

Write the data to file:8388608 bytes
***********WAITING************

Write the data to file:8388608 bytes
***********WAITING************

Write the data to file:8388608 bytes
***********WAITING************

Write the data to file:8388608 bytes
***********WAITING************

Write the data to file:8388608 bytes
***********WAITING************

Write the data to file:8388608 bytes
***********WAITING************

Write the data to file:8388608 bytes
***********WAITING************

Write the data to file:8388608 bytes
***********WAITING************
nr_of_strided_rec: 8
nr_doubles: 16384
nr_of_strided_rec: 8
nr_doubles: 16384
nr_of_strided_rec: 8
nr_doubles: 16384
nr_of_strided_rec: 8
nr_doubles: 16384
nr_of_strided_rec: 8
nr_doubles: 16384
nr_of_strided_rec: 8
nr_doubles: 16384
nr_of_strided_rec: 8
nr_doubles: 16384
nr_of_strided_rec: 8
nr_doubles: 16384
nr_of_strided_rec: 8
nr_doubles: 16384
nr_of_strided_rec: 8
nr_doubles: 16384
nr_of_strided_rec: 8
nr_doubles: 16384
nr_of_strided_rec: 8
nr_doubles: 16384
nr_of_strided_rec: 8
nr_doubles: 16384
nr_of_strided_rec: 8
nr_doubles: 16384
nr_of_strided_rec: 8
nr_doubles: 16384
nr_of_strided_rec: 8
nr_doubles: 16384

Write the data to file:8388608 bytes
***********WAITING************

Write the data to file:8388608 bytes
***********WAITING************

Write the data to file:8388608 bytes
***********WAITING************

Write the data to file:8388608 bytes
***********WAITING************

Write the data to file:8388608 bytes
***********WAITING************

Write the data to file:8388608 bytes
***********WAITING************

Write the data to file:8388608 bytes
***********WAITING************

Write the data to file:8388608 bytes
***********WAITING************

Write the data to file:8388608 bytes
***********WAITING************

Write the data to file:8388608 bytes
***********WAITING************

Write the data to file:8388608 bytes
***********WAITING************

Write the data to file:8388608 bytes
***********WAITING************

Write the data to file:8388608 bytes
***********WAITING************

Write the data to file:8388608 bytes
***********WAITING************

Write the data to file:8388608 bytes
***********WAITING************

Write the data to file:8388608 bytes
***********WAITING************
nr_of_strided_rec: 8
nr_doubles: 16384
nr_of_strided_rec: 8
nr_doubles: 16384
nr_of_strided_rec: 8
nr_doubles: 16384
nr_of_strided_rec: 8
nr_doubles: 16384
nr_of_strided_rec: 8
nr_doubles: 16384
nr_of_strided_rec: 8
nr_doubles: 16384
nr_of_strided_rec: 8
nr_doubles: 16384
nr_of_strided_rec: 8
nr_doubles: 16384
nr_of_strided_rec: 8
nr_doubles: 16384
nr_of_strided_rec: 8
nr_doubles: 16384
nr_of_strided_rec: 8
nr_doubles: 16384
nr_of_strided_rec: 8
nr_doubles: 16384
nr_of_strided_rec: 8
nr_doubles: 16384
nr_of_strided_rec: 8
nr_doubles: 16384
nr_of_strided_rec: 8
nr_doubles: 16384
nr_of_strided_rec: 8
nr_doubles: 16384

Write the data to file:8388608 bytes
***********WAITING************

Write the data to file:8388608 bytes
***********WAITING************

Write the data to file:8388608 bytes
***********WAITING************

Write the data to file:8388608 bytes
***********WAITING************

Write the data to file:8388608 bytes
***********WAITING************

Write the data to file:8388608 bytes
***********WAITING************

Write the data to file:8388608 bytes
***********WAITING************

Write the data to file:8388608 bytes
***********WAITING************

Write the data to file:8388608 bytes
***********WAITING************

Write the data to file:8388608 bytes
***********WAITING************

Write the data to file:8388608 bytes
***********WAITING************

Write the data to file:8388608 bytes
***********WAITING************

Write the data to file:8388608 bytes
***********WAITING************

Write the data to file:8388608 bytes
***********WAITING************

Write the data to file:8388608 bytes
***********WAITING************

Write the data to file:8388608 bytes
***********WAITING************
nr_of_strided_rec: 8
nr_doubles: 16384
nr_of_strided_rec: 8
nr_doubles: 16384
nr_of_strided_rec: 8
nr_doubles: 16384
nr_of_strided_rec: 8
nr_doubles: 16384
nr_of_strided_rec: 8
nr_doubles: 16384
nr_of_strided_rec: 8
nr_doubles: 16384
nr_of_strided_rec: 8
nr_doubles: 16384
nr_of_strided_rec: 8
nr_doubles: 16384
nr_of_strided_rec: 8
nr_doubles: 16384
nr_of_strided_rec: 8
nr_doubles: 16384
nr_of_strided_rec: 8
nr_doubles: 16384
nr_of_strided_rec: 8
nr_doubles: 16384
nr_of_strided_rec: 8
nr_doubles: 16384
nr_of_strided_rec: 8
nr_doubles: 16384
nr_of_strided_rec: 8
nr_doubles: 16384
nr_of_strided_rec: 8
nr_doubles: 16384

Write the data to file:8388608 bytes
***********WAITING************

Write the data to file:8388608 bytes
***********WAITING************

Write the data to file:8388608 bytes
***********WAITING************

Write the data to file:8388608 bytes
***********WAITING************

Write the data to file:8388608 bytes
***********WAITING************

Write the data to file:8388608 bytes
***********WAITING************

Write the data to file:8388608 bytes
***********WAITING************

Write the data to file:8388608 bytes
***********WAITING************

Write the data to file:8388608 bytes
***********WAITING************

Write the data to file:8388608 bytes
***********WAITING************

Write the data to file:8388608 bytes
***********WAITING************

Write the data to file:8388608 bytes
***********WAITING************

Write the data to file:8388608 bytes
***********WAITING************

Write the data to file:8388608 bytes
***********WAITING************

Write the data to file:8388608 bytes
***********WAITING************

Write the data to file:8388608 bytes
***********WAITING************
nr_of_strided_rec: 8
nr_doubles: 16384
nr_of_strided_rec: 8
nr_doubles: 16384
nr_of_strided_rec: 8
nr_doubles: 16384
nr_of_strided_rec: 8
nr_doubles: 16384
nr_of_strided_rec: 8
nr_doubles: 16384
nr_of_strided_rec: 8
nr_doubles: 16384
nr_of_strided_rec: 8
nr_doubles: 16384
nr_of_strided_rec: 8
nr_doubles: 16384
nr_of_strided_rec: 8
nr_doubles: 16384
nr_of_strided_rec: 8
nr_doubles: 16384
nr_of_strided_rec: 8
nr_doubles: 16384
nr_of_strided_rec: 8
nr_doubles: 16384
nr_of_strided_rec: 8
nr_doubles: 16384
nr_of_strided_rec: 8
nr_doubles: 16384
nr_of_strided_rec: 8
nr_doubles: 16384
nr_of_strided_rec: 8
nr_doubles: 16384

Write the data to file:8388608 bytes
***********WAITING************

Write the data to file:8388608 bytes
***********WAITING************

Write the data to file:8388608 bytes
***********WAITING************

Write the data to file:8388608 bytes
***********WAITING************

Write the data to file:8388608 bytes
***********WAITING************

Write the data to file:8388608 bytes
***********WAITING************

Write the data to file:8388608 bytes
***********WAITING************

Write the data to file:8388608 bytes
***********WAITING************

Write the data to file:8388608 bytes
***********WAITING************

Write the data to file:8388608 bytes
***********WAITING************

Write the data to file:8388608 bytes
***********WAITING************

Write the data to file:8388608 bytes
***********WAITING************

Write the data to file:8388608 bytes
***********WAITING************

Write the data to file:8388608 bytes
***********WAITING************

Write the data to file:8388608 bytes
***********WAITING************

Write the data to file:8388608 bytes
***********WAITING************
nr_of_strided_rec: 8
nr_doubles: 16384
nr_of_strided_rec: 8
nr_doubles: 16384
nr_of_strided_rec: 8
nr_doubles: 16384
nr_of_strided_rec: 8
nr_doubles: 16384
nr_of_strided_rec: 8
nr_doubles: 16384
nr_of_strided_rec: 8
nr_doubles: 16384
nr_of_strided_rec: 8
nr_doubles: 16384
nr_of_strided_rec: 8
nr_doubles: 16384
nr_of_strided_rec: 8
nr_doubles: 16384
nr_of_strided_rec: 8
nr_doubles: 16384
nr_of_strided_rec: 8
nr_doubles: 16384
nr_of_strided_rec: 8
nr_doubles: 16384
nr_of_strided_rec: 8
nr_doubles: 16384
nr_of_strided_rec: 8
nr_doubles: 16384
nr_of_strided_rec: 8
nr_doubles: 16384
nr_of_strided_rec: 8
nr_doubles: 16384

Write the data to file:8388608 bytes
***********WAITING************

Write the data to file:8388608 bytes
***********WAITING************

Write the data to file:8388608 bytes
***********WAITING************

Write the data to file:8388608 bytes
***********WAITING************

Write the data to file:8388608 bytes
***********WAITING************

Write the data to file:8388608 bytes
***********WAITING************

Write the data to file:8388608 bytes
***********WAITING************

Write the data to file:8388608 bytes
***********WAITING************

Write the data to file:8388608 bytes
***********WAITING************

Write the data to file:8388608 bytes
***********WAITING************

Write the data to file:8388608 bytes
***********WAITING************

Write the data to file:8388608 bytes
***********WAITING************

Write the data to file:8388608 bytes
***********WAITING************

Write the data to file:8388608 bytes
***********WAITING************

Write the data to file:8388608 bytes
***********WAITING************

Write the data to file:8388608 bytes
***********WAITING************
nr_of_strided_rec: 8
nr_doubles: 16384
nr_of_strided_rec: 8
nr_doubles: 16384
nr_of_strided_rec: 8
nr_doubles: 16384
nr_of_strided_rec: 8
nr_doubles: 16384
nr_of_strided_rec: 8
nr_doubles: 16384
nr_of_strided_rec: 8
nr_doubles: 16384
nr_of_strided_rec: 8
nr_doubles: 16384
nr_of_strided_rec: 8
nr_doubles: 16384
nr_of_strided_rec: 8
nr_doubles: 16384
nr_of_strided_rec: 8
nr_doubles: 16384
nr_of_strided_rec: 8
nr_doubles: 16384
nr_of_strided_rec: 8
nr_doubles: 16384
nr_of_strided_rec: 8
nr_doubles: 16384
nr_of_strided_rec: 8
nr_doubles: 16384
nr_of_strided_rec: 8
nr_doubles: 16384
nr_of_strided_rec: 8
nr_doubles: 16384

Write the data to file:8388608 bytes
***********WAITING************

Write the data to file:8388608 bytes
***********WAITING************

Write the data to file:8388608 bytes
***********WAITING************

Write the data to file:8388608 bytes
***********WAITING************

Write the data to file:8388608 bytes
***********WAITING************

Write the data to file:8388608 bytes
***********WAITING************

Write the data to file:8388608 bytes
***********WAITING************

Write the data to file:8388608 bytes
***********WAITING************

Write the data to file:8388608 bytes
***********WAITING************

Write the data to file:8388608 bytes
***********WAITING************

Write the data to file:8388608 bytes
***********WAITING************

Write the data to file:8388608 bytes
***********WAITING************

Write the data to file:8388608 bytes
***********WAITING************

Write the data to file:8388608 bytes
***********WAITING************

Write the data to file:8388608 bytes
***********WAITING************

Write the data to file:8388608 bytes
***********WAITING************
nr_of_strided_rec: 8
nr_doubles: 16384
nr_of_strided_rec: 8
nr_doubles: 16384
nr_of_strided_rec: 8
nr_doubles: 16384
nr_of_strided_rec: 8
nr_doubles: 16384
nr_of_strided_rec: 8
nr_doubles: 16384
nr_of_strided_rec: 8
nr_doubles: 16384
nr_of_strided_rec: 8
nr_doubles: 16384
nr_of_strided_rec: 8
nr_doubles: 16384
nr_of_strided_rec: 8
nr_doubles: 16384
nr_of_strided_rec: 8
nr_doubles: 16384
nr_of_strided_rec: 8
nr_doubles: 16384
nr_of_strided_rec: 8
nr_doubles: 16384
nr_of_strided_rec: 8
nr_doubles: 16384
nr_of_strided_rec: 8
nr_doubles: 16384
nr_of_strided_rec: 8
nr_doubles: 16384
nr_of_strided_rec: 8
nr_doubles: 16384

Write the data to file:8388608 bytes
***********WAITING************

Write the data to file:8388608 bytes
***********WAITING************

Write the data to file:8388608 bytes
***********WAITING************

Write the data to file:8388608 bytes
***********WAITING************

Write the data to file:8388608 bytes
***********WAITING************

Write the data to file:8388608 bytes
***********WAITING************

Write the data to file:8388608 bytes
***********WAITING************

Write the data to file:8388608 bytes
***********WAITING************

Write the data to file:8388608 bytes
***********WAITING************

Write the data to file:8388608 bytes
***********WAITING************

Write the data to file:8388608 bytes
***********WAITING************

Write the data to file:8388608 bytes
***********WAITING************

Write the data to file:8388608 bytes
***********WAITING************

Write the data to file:8388608 bytes
***********WAITING************

Write the data to file:8388608 bytes
***********WAITING************

Write the data to file:8388608 bytes
***********WAITING************
nr_of_strided_rec: 8
nr_doubles: 16384
nr_of_strided_rec: 8
nr_doubles: 16384
nr_of_strided_rec: 8
nr_doubles: 16384
nr_of_strided_rec: 8
nr_doubles: 16384
nr_of_strided_rec: 8
nr_doubles: 16384
nr_of_strided_rec: 8
nr_doubles: 16384
nr_of_strided_rec: 8
nr_doubles: 16384
nr_of_strided_rec: 8
nr_doubles: 16384
nr_of_strided_rec: 8
nr_doubles: 16384
nr_of_strided_rec: 8
nr_doubles: 16384
nr_of_strided_rec: 8
nr_doubles: 16384
nr_of_strided_rec: 8
nr_doubles: 16384
nr_of_strided_rec: 8
nr_doubles: 16384
nr_of_strided_rec: 8
nr_doubles: 16384
nr_of_strided_rec: 8
nr_doubles: 16384
nr_of_strided_rec: 8
nr_doubles: 16384

Write the data to file:8388608 bytes
***********WAITING************

Write the data to file:8388608 bytes
***********WAITING************

Write the data to file:8388608 bytes
***********WAITING************

Write the data to file:8388608 bytes
***********WAITING************

Write the data to file:8388608 bytes
***********WAITING************

Write the data to file:8388608 bytes
***********WAITING************

Write the data to file:8388608 bytes
***********WAITING************

Write the data to file:8388608 bytes
***********WAITING************

Write the data to file:8388608 bytes
***********WAITING************

Write the data to file:8388608 bytes
***********WAITING************

Write the data to file:8388608 bytes
***********WAITING************

Write the data to file:8388608 bytes
***********WAITING************

Write the data to file:8388608 bytes
***********WAITING************

Write the data to file:8388608 bytes
***********WAITING************

Write the data to file:8388608 bytes
***********WAITING************

Write the data to file:8388608 bytes
***********WAITING************
nr_of_strided_rec: 8
nr_doubles: 16384
nr_of_strided_rec: 8
nr_doubles: 16384
nr_of_strided_rec: 8
nr_doubles: 16384
nr_of_strided_rec: 8
nr_doubles: 16384
nr_of_strided_rec: 8
nr_doubles: 16384
nr_of_strided_rec: 8
nr_doubles: 16384
nr_of_strided_rec: 8
nr_doubles: 16384
nr_of_strided_rec: 8
nr_doubles: 16384
nr_of_strided_rec: 8
nr_doubles: 16384
nr_of_strided_rec: 8
nr_doubles: 16384
nr_of_strided_rec: 8
nr_doubles: 16384
nr_of_strided_rec: 8
nr_doubles: 16384
nr_of_strided_rec: 8
nr_doubles: 16384
nr_of_strided_rec: 8
nr_doubles: 16384
nr_of_strided_rec: 8
nr_doubles: 16384
nr_of_strided_rec: 8
nr_doubles: 16384

Write the data to file:8388608 bytes
***********WAITING************

Write the data to file:8388608 bytes
***********WAITING************

Write the data to file:8388608 bytes
***********WAITING************

Write the data to file:8388608 bytes
***********WAITING************

Write the data to file:8388608 bytes
***********WAITING************

Write the data to file:8388608 bytes
***********WAITING************

Write the data to file:8388608 bytes
***********WAITING************

Write the data to file:8388608 bytes
***********WAITING************

Write the data to file:8388608 bytes
***********WAITING************

Write the data to file:8388608 bytes
***********WAITING************

Write the data to file:8388608 bytes
***********WAITING************

Write the data to file:8388608 bytes
***********WAITING************

Write the data to file:8388608 bytes
***********WAITING************

Write the data to file:8388608 bytes
***********WAITING************

Write the data to file:8388608 bytes
***********WAITING************

Write the data to file:8388608 bytes
***********WAITING************
nr_of_strided_rec: 8
nr_doubles: 16384
nr_of_strided_rec: 8
nr_doubles: 16384
nr_of_strided_rec: 8
nr_doubles: 16384
nr_of_strided_rec: 8
nr_doubles: 16384
nr_of_strided_rec: 8
nr_doubles: 16384
nr_of_strided_rec: 8
nr_doubles: 16384
nr_of_strided_rec: 8
nr_doubles: 16384
nr_of_strided_rec: 8
nr_doubles: 16384
nr_of_strided_rec: 8
nr_doubles: 16384
nr_of_strided_rec: 8
nr_doubles: 16384
nr_of_strided_rec: 8
nr_doubles: 16384
nr_of_strided_rec: 8
nr_doubles: 16384
nr_of_strided_rec: 8
nr_doubles: 16384
nr_of_strided_rec: 8
nr_doubles: 16384
nr_of_strided_rec: 8
nr_doubles: 16384
nr_of_strided_rec: 8
nr_doubles: 16384

Write the data to file:8388608 bytes
***********WAITING************

Write the data to file:8388608 bytes
***********WAITING************

Write the data to file:8388608 bytes
***********WAITING************

Write the data to file:8388608 bytes
***********WAITING************

Write the data to file:8388608 bytes
***********WAITING************

Write the data to file:8388608 bytes
***********WAITING************

Write the data to file:8388608 bytes
***********WAITING************

Write the data to file:8388608 bytes
***********WAITING************

Write the data to file:8388608 bytes
***********WAITING************

Write the data to file:8388608 bytes
***********WAITING************

Write the data to file:8388608 bytes
***********WAITING************

Write the data to file:8388608 bytes
***********WAITING************

Write the data to file:8388608 bytes
***********WAITING************

Write the data to file:8388608 bytes
***********WAITING************

Write the data to file:8388608 bytes
***********WAITING************

Write the data to file:8388608 bytes
***********WAITING************
nr_of_strided_rec: 8
nr_doubles: 16384
nr_of_strided_rec: 8
nr_doubles: 16384
nr_of_strided_rec: 8
nr_doubles: 16384
nr_of_strided_rec: 8
nr_doubles: 16384
nr_of_strided_rec: 8
nr_doubles: 16384
nr_of_strided_rec: 8
nr_doubles: 16384
nr_of_strided_rec: 8
nr_doubles: 16384
nr_of_strided_rec: 8
nr_doubles: 16384
nr_of_strided_rec: 8
nr_doubles: 16384
nr_of_strided_rec: 8
nr_doubles: 16384
nr_of_strided_rec: 8
nr_doubles: 16384
nr_of_strided_rec: 8
nr_doubles: 16384
nr_of_strided_rec: 8
nr_doubles: 16384
nr_of_strided_rec: 8
nr_doubles: 16384
nr_of_strided_rec: 8
nr_doubles: 16384
nr_of_strided_rec: 8
nr_doubles: 16384

Write the data to file:8388608 bytes
***********WAITING************

Write the data to file:8388608 bytes
***********WAITING************

Write the data to file:8388608 bytes
***********WAITING************

Write the data to file:8388608 bytes
***********WAITING************

Write the data to file:8388608 bytes
***********WAITING************

Write the data to file:8388608 bytes
***********WAITING************

Write the data to file:8388608 bytes
***********WAITING************

Write the data to file:8388608 bytes
***********WAITING************

Write the data to file:8388608 bytes
***********WAITING************

Write the data to file:8388608 bytes
***********WAITING************

Write the data to file:8388608 bytes
***********WAITING************

Write the data to file:8388608 bytes
***********WAITING************

Write the data to file:8388608 bytes
***********WAITING************

Write the data to file:8388608 bytes
***********WAITING************

Write the data to file:8388608 bytes
***********WAITING************

Write the data to file:8388608 bytes
***********WAITING************
nr_of_strided_rec: 8
nr_doubles: 16384
nr_of_strided_rec: 8
nr_doubles: 16384
nr_of_strided_rec: 8
nr_doubles: 16384
nr_of_strided_rec: 8
nr_doubles: 16384
nr_of_strided_rec: 8
nr_doubles: 16384
nr_of_strided_rec: 8
nr_doubles: 16384
nr_of_strided_rec: 8
nr_doubles: 16384
nr_of_strided_rec: 8
nr_doubles: 16384
nr_of_strided_rec: 8
nr_doubles: 16384
nr_of_strided_rec: 8
nr_doubles: 16384
nr_of_strided_rec: 8
nr_doubles: 16384
nr_of_strided_rec: 8
nr_doubles: 16384
nr_of_strided_rec: 8
nr_doubles: 16384
nr_of_strided_rec: 8
nr_doubles: 16384
nr_of_strided_rec: 8
nr_doubles: 16384
nr_of_strided_rec: 8
nr_doubles: 16384

Write the data to file:8388608 bytes
***********WAITING************

Write the data to file:8388608 bytes
***********WAITING************

Write the data to file:8388608 bytes
***********WAITING************

Write the data to file:8388608 bytes
***********WAITING************

Write the data to file:8388608 bytes
***********WAITING************

Write the data to file:8388608 bytes
***********WAITING************

Write the data to file:8388608 bytes
***********WAITING************

Write the data to file:8388608 bytes
***********WAITING************

Write the data to file:8388608 bytes
***********WAITING************

Write the data to file:8388608 bytes
***********WAITING************

Write the data to file:8388608 bytes
***********WAITING************

Write the data to file:8388608 bytes
***********WAITING************

Write the data to file:8388608 bytes
***********WAITING************

Write the data to file:8388608 bytes
***********WAITING************

Write the data to file:8388608 bytes
***********WAITING************

Write the data to file:8388608 bytes
***********WAITING************
nr_of_strided_rec: 8
nr_doubles: 16384
nr_of_strided_rec: 8
nr_doubles: 16384
nr_of_strided_rec: 8
nr_doubles: 16384
nr_of_strided_rec: 8
nr_doubles: 16384
nr_of_strided_rec: 8
nr_doubles: 16384
nr_of_strided_rec: 8
nr_doubles: 16384
nr_of_strided_rec: 8
nr_doubles: 16384
nr_of_strided_rec: 8
nr_doubles: 16384
nr_of_strided_rec: 8
nr_doubles: 16384
nr_of_strided_rec: 8
nr_doubles: 16384
nr_of_strided_rec: 8
nr_doubles: 16384
nr_of_strided_rec: 8
nr_doubles: 16384
nr_of_strided_rec: 8
nr_doubles: 16384
nr_of_strided_rec: 8
nr_doubles: 16384
nr_of_strided_rec: 8
nr_doubles: 16384
nr_of_strided_rec: 8
nr_doubles: 16384

Write the data to file:8388608 bytes
***********WAITING************

Write the data to file:8388608 bytes
***********WAITING************

Write the data to file:8388608 bytes
***********WAITING************

Write the data to file:8388608 bytes
***********WAITING************

Write the data to file:8388608 bytes
***********WAITING************

Write the data to file:8388608 bytes
***********WAITING************

Write the data to file:8388608 bytes
***********WAITING************

Write the data to file:8388608 bytes
***********WAITING************

Write the data to file:8388608 bytes
***********WAITING************

Write the data to file:8388608 bytes
***********WAITING************

Write the data to file:8388608 bytes
***********WAITING************

Write the data to file:8388608 bytes
***********WAITING************

Write the data to file:8388608 bytes
***********WAITING************

Write the data to file:8388608 bytes
***********WAITING************

Write the data to file:8388608 bytes
***********WAITING************

Write the data to file:8388608 bytes
***********WAITING************
nr_of_strided_rec: 8
nr_doubles: 16384
nr_of_strided_rec: 8
nr_doubles: 16384
nr_of_strided_rec: 8
nr_doubles: 16384
nr_of_strided_rec: 8
nr_doubles: 16384
nr_of_strided_rec: 8
nr_doubles: 16384
nr_of_strided_rec: 8
nr_doubles: 16384
nr_of_strided_rec: 8
nr_doubles: 16384
nr_of_strided_rec: 8
nr_doubles: 16384
nr_of_strided_rec: 8
nr_doubles: 16384
nr_of_strided_rec: 8
nr_doubles: 16384
nr_of_strided_rec: 8
nr_doubles: 16384
nr_of_strided_rec: 8
nr_doubles: 16384
nr_of_strided_rec: 8
nr_doubles: 16384
nr_of_strided_rec: 8
nr_doubles: 16384
nr_of_strided_rec: 8
nr_doubles: 16384
nr_of_strided_rec: 8
nr_doubles: 16384

Write the data to file:8388608 bytes
***********WAITING************

Write the data to file:8388608 bytes
***********WAITING************

Write the data to file:8388608 bytes
***********WAITING************

Write the data to file:8388608 bytes
***********WAITING************

Write the data to file:8388608 bytes
***********WAITING************

Write the data to file:8388608 bytes
***********WAITING************

Write the data to file:8388608 bytes
***********WAITING************

Write the data to file:8388608 bytes
***********WAITING************

Write the data to file:8388608 bytes
***********WAITING************

Write the data to file:8388608 bytes
***********WAITING************

Write the data to file:8388608 bytes
***********WAITING************

Write the data to file:8388608 bytes
***********WAITING************

Write the data to file:8388608 bytes
***********WAITING************

Write the data to file:8388608 bytes
***********WAITING************

Write the data to file:8388608 bytes
***********WAITING************

Write the data to file:8388608 bytes
***********WAITING************
nr_of_strided_rec: 8
nr_doubles: 16384
nr_of_strided_rec: 8
nr_doubles: 16384
nr_of_strided_rec: 8
nr_doubles: 16384
nr_of_strided_rec: 8
nr_doubles: 16384
nr_of_strided_rec: 8
nr_doubles: 16384
nr_of_strided_rec: 8
nr_doubles: 16384
nr_of_strided_rec: 8
nr_doubles: 16384
nr_of_strided_rec: 8
nr_doubles: 16384
nr_of_strided_rec: 8
nr_doubles: 16384
nr_of_strided_rec: 8
nr_doubles: 16384
nr_of_strided_rec: 8
nr_doubles: 16384
nr_of_strided_rec: 8
nr_doubles: 16384
nr_of_strided_rec: 8
nr_doubles: 16384
nr_of_strided_rec: 8
nr_doubles: 16384
nr_of_strided_rec: 8
nr_doubles: 16384
nr_of_strided_rec: 8
nr_doubles: 16384

Write the data to file:8388608 bytes
***********WAITING************

Write the data to file:8388608 bytes
***********WAITING************

Write the data to file:8388608 bytes
***********WAITING************

Write the data to file:8388608 bytes
***********WAITING************

Write the data to file:8388608 bytes
***********WAITING************

Write the data to file:8388608 bytes
***********WAITING************

Write the data to file:8388608 bytes
***********WAITING************

Write the data to file:8388608 bytes
***********WAITING************

Write the data to file:8388608 bytes
***********WAITING************

Write the data to file:8388608 bytes
***********WAITING************

Write the data to file:8388608 bytes
***********WAITING************

Write the data to file:8388608 bytes
***********WAITING************

Write the data to file:8388608 bytes
***********WAITING************

Write the data to file:8388608 bytes
***********WAITING************

Write the data to file:8388608 bytes
***********WAITING************

Write the data to file:8388608 bytes
***********WAITING************
nr_of_strided_rec: 8
nr_doubles: 16384
nr_of_strided_rec: 8
nr_doubles: 16384
nr_of_strided_rec: 8
nr_doubles: 16384
nr_of_strided_rec: 8
nr_doubles: 16384
nr_of_strided_rec: 8
nr_doubles: 16384
nr_of_strided_rec: 8
nr_doubles: 16384
nr_of_strided_rec: 8
nr_doubles: 16384
nr_of_strided_rec: 8
nr_doubles: 16384
nr_of_strided_rec: 8
nr_doubles: 16384
nr_of_strided_rec: 8
nr_doubles: 16384
nr_of_strided_rec: 8
nr_doubles: 16384
nr_of_strided_rec: 8
nr_doubles: 16384
nr_of_strided_rec: 8
nr_doubles: 16384
nr_of_strided_rec: 8
nr_doubles: 16384
nr_of_strided_rec: 8
nr_doubles: 16384
nr_of_strided_rec: 8
nr_doubles: 16384

Write the data to file:8388608 bytes
***********WAITING************

Write the data to file:8388608 bytes
***********WAITING************

Write the data to file:8388608 bytes
***********WAITING************

Write the data to file:8388608 bytes
***********WAITING************

Write the data to file:8388608 bytes
***********WAITING************

Write the data to file:8388608 bytes
***********WAITING************

Write the data to file:8388608 bytes
***********WAITING************

Write the data to file:8388608 bytes
***********WAITING************

Write the data to file:8388608 bytes
***********WAITING************

Write the data to file:8388608 bytes
***********WAITING************

Write the data to file:8388608 bytes
***********WAITING************

Write the data to file:8388608 bytes
***********WAITING************

Write the data to file:8388608 bytes
***********WAITING************

Write the data to file:8388608 bytes
***********WAITING************

Write the data to file:8388608 bytes
***********WAITING************

Write the data to file:8388608 bytes
***********WAITING************
nr_of_strided_rec: 8
nr_doubles: 16384
nr_of_strided_rec: 8
nr_doubles: 16384
nr_of_strided_rec: 8
nr_doubles: 16384
nr_of_strided_rec: 8
nr_doubles: 16384
nr_of_strided_rec: 8
nr_doubles: 16384
nr_of_strided_rec: 8
nr_doubles: 16384
nr_of_strided_rec: 8
nr_doubles: 16384
nr_of_strided_rec: 8
nr_doubles: 16384
nr_of_strided_rec: 8
nr_doubles: 16384
nr_of_strided_rec: 8
nr_doubles: 16384
nr_of_strided_rec: 8
nr_doubles: 16384
nr_of_strided_rec: 8
nr_doubles: 16384
nr_of_strided_rec: 8
nr_doubles: 16384
nr_of_strided_rec: 8
nr_doubles: 16384
nr_of_strided_rec: 8
nr_doubles: 16384
nr_of_strided_rec: 8
nr_doubles: 16384

Write the data to file:8388608 bytes
***********WAITING************

Write the data to file:8388608 bytes
***********WAITING************

Write the data to file:8388608 bytes
***********WAITING************

Write the data to file:8388608 bytes
***********WAITING************

Write the data to file:8388608 bytes
***********WAITING************

Write the data to file:8388608 bytes
***********WAITING************

Write the data to file:8388608 bytes
***********WAITING************

Write the data to file:8388608 bytes
***********WAITING************

Write the data to file:8388608 bytes
***********WAITING************

Write the data to file:8388608 bytes
***********WAITING************

Write the data to file:8388608 bytes
***********WAITING************

Write the data to file:8388608 bytes
***********WAITING************

Write the data to file:8388608 bytes
***********WAITING************

Write the data to file:8388608 bytes
***********WAITING************

Write the data to file:8388608 bytes
***********WAITING************

Write the data to file:8388608 bytes
***********WAITING************
nr_of_strided_rec: 8
nr_doubles: 16384
nr_of_strided_rec: 8
nr_doubles: 16384
nr_of_strided_rec: 8
nr_doubles: 16384
nr_of_strided_rec: 8
nr_doubles: 16384
nr_of_strided_rec: 8
nr_doubles: 16384
nr_of_strided_rec: 8
nr_doubles: 16384
nr_of_strided_rec: 8
nr_doubles: 16384
nr_of_strided_rec: 8
nr_doubles: 16384
nr_of_strided_rec: 8
nr_doubles: 16384
nr_of_strided_rec: 8
nr_doubles: 16384
nr_of_strided_rec: 8
nr_doubles: 16384
nr_of_strided_rec: 8
nr_doubles: 16384
nr_of_strided_rec: 8
nr_doubles: 16384
nr_of_strided_rec: 8
nr_doubles: 16384
nr_of_strided_rec: 8
nr_doubles: 16384
nr_of_strided_rec: 8
nr_doubles: 16384

Write the data to file:8388608 bytes
***********WAITING************

Write the data to file:8388608 bytes
***********WAITING************

Write the data to file:8388608 bytes
***********WAITING************

Write the data to file:8388608 bytes
***********WAITING************

Write the data to file:8388608 bytes
***********WAITING************

Write the data to file:8388608 bytes
***********WAITING************

Write the data to file:8388608 bytes
***********WAITING************

Write the data to file:8388608 bytes
***********WAITING************

Write the data to file:8388608 bytes
***********WAITING************

Write the data to file:8388608 bytes
***********WAITING************

Write the data to file:8388608 bytes
***********WAITING************

Write the data to file:8388608 bytes
***********WAITING************

Write the data to file:8388608 bytes
***********WAITING************

Write the data to file:8388608 bytes
***********WAITING************

Write the data to file:8388608 bytes
***********WAITING************

Write the data to file:8388608 bytes
***********WAITING************
nr_of_strided_rec: 8
nr_doubles: 16384
nr_of_strided_rec: 8
nr_doubles: 16384
nr_of_strided_rec: 8
nr_doubles: 16384
nr_of_strided_rec: 8
nr_doubles: 16384
nr_of_strided_rec: 8
nr_doubles: 16384
nr_of_strided_rec: 8
nr_doubles: 16384
nr_of_strided_rec: 8
nr_doubles: 16384
nr_of_strided_rec: 8
nr_doubles: 16384
nr_of_strided_rec: 8
nr_doubles: 16384
nr_of_strided_rec: 8
nr_doubles: 16384
nr_of_strided_rec: 8
nr_doubles: 16384
nr_of_strided_rec: 8
nr_doubles: 16384
nr_of_strided_rec: 8
nr_doubles: 16384
nr_of_strided_rec: 8
nr_doubles: 16384
nr_of_strided_rec: 8
nr_doubles: 16384
nr_of_strided_rec: 8
nr_doubles: 16384

Write the data to file:8388608 bytes
***********WAITING************

Write the data to file:8388608 bytes
***********WAITING************

Write the data to file:8388608 bytes
***********WAITING************

Write the data to file:8388608 bytes
***********WAITING************

Write the data to file:8388608 bytes
***********WAITING************

Write the data to file:8388608 bytes
***********WAITING************

Write the data to file:8388608 bytes
***********WAITING************

Write the data to file:8388608 bytes
***********WAITING************

Write the data to file:8388608 bytes
***********WAITING************

Write the data to file:8388608 bytes
***********WAITING************

Write the data to file:8388608 bytes
***********WAITING************

Write the data to file:8388608 bytes
***********WAITING************

Write the data to file:8388608 bytes
***********WAITING************

Write the data to file:8388608 bytes
***********WAITING************

Write the data to file:8388608 bytes
***********WAITING************

Write the data to file:8388608 bytes
***********WAITING************
nr_of_strided_rec: 8
nr_doubles: 16384
nr_of_strided_rec: 8
nr_doubles: 16384
nr_of_strided_rec: 8
nr_doubles: 16384
nr_of_strided_rec: 8
nr_doubles: 16384
nr_of_strided_rec: 8
nr_doubles: 16384
nr_of_strided_rec: 8
nr_doubles: 16384
nr_of_strided_rec: 8
nr_doubles: 16384
nr_of_strided_rec: 8
nr_doubles: 16384
nr_of_strided_rec: 8
nr_doubles: 16384
nr_of_strided_rec: 8
nr_doubles: 16384
nr_of_strided_rec: 8
nr_doubles: 16384
nr_of_strided_rec: 8
nr_doubles: 16384
nr_of_strided_rec: 8
nr_doubles: 16384
nr_of_strided_rec: 8
nr_doubles: 16384
nr_of_strided_rec: 8
nr_doubles: 16384
nr_of_strided_rec: 8
nr_doubles: 16384

Write the data to file:8388608 bytes
***********WAITING************

Write the data to file:8388608 bytes
***********WAITING************

Write the data to file:8388608 bytes
***********WAITING************

Write the data to file:8388608 bytes
***********WAITING************

Write the data to file:8388608 bytes
***********WAITING************

Write the data to file:8388608 bytes
***********WAITING************

Write the data to file:8388608 bytes
***********WAITING************

Write the data to file:8388608 bytes
***********WAITING************

Write the data to file:8388608 bytes
***********WAITING************

Write the data to file:8388608 bytes
***********WAITING************

Write the data to file:8388608 bytes
***********WAITING************

Write the data to file:8388608 bytes
***********WAITING************

Write the data to file:8388608 bytes
***********WAITING************

Write the data to file:8388608 bytes
***********WAITING************

Write the data to file:8388608 bytes
***********WAITING************

Write the data to file:8388608 bytes
***********WAITING************
nr_of_strided_rec: 8
nr_doubles: 16384
nr_of_strided_rec: 8
nr_doubles: 16384
nr_of_strided_rec: 8
nr_doubles: 16384
nr_of_strided_rec: 8
nr_doubles: 16384
nr_of_strided_rec: 8
nr_doubles: 16384
nr_of_strided_rec: 8
nr_doubles: 16384
nr_of_strided_rec: 8
nr_doubles: 16384
nr_of_strided_rec: 8
nr_doubles: 16384
nr_of_strided_rec: 8
nr_doubles: 16384
nr_of_strided_rec: 8
nr_doubles: 16384
nr_of_strided_rec: 8
nr_doubles: 16384
nr_of_strided_rec: 8
nr_doubles: 16384
nr_of_strided_rec: 8
nr_doubles: 16384
nr_of_strided_rec: 8
nr_doubles: 16384
nr_of_strided_rec: 8
nr_doubles: 16384
nr_of_strided_rec: 8
nr_doubles: 16384

Write the data to file:8388608 bytes
***********WAITING************

Write the data to file:8388608 bytes
***********WAITING************

Write the data to file:8388608 bytes
***********WAITING************

Write the data to file:8388608 bytes
***********WAITING************

Write the data to file:8388608 bytes
***********WAITING************

Write the data to file:8388608 bytes
***********WAITING************

Write the data to file:8388608 bytes
***********WAITING************

Write the data to file:8388608 bytes
***********WAITING************

Write the data to file:8388608 bytes
***********WAITING************

Write the data to file:8388608 bytes
***********WAITING************

Write the data to file:8388608 bytes
***********WAITING************

Write the data to file:8388608 bytes
***********WAITING************

Write the data to file:8388608 bytes
***********WAITING************

Write the data to file:8388608 bytes
***********WAITING************

Write the data to file:8388608 bytes
***********WAITING************

Write the data to file:8388608 bytes
***********WAITING************

Write the data to file:8388608 bytes
***********WAITING************

Write the data to file:8388608 bytes
***********WAITING************

Write the data to file:8388608 bytes
***********WAITING************

Write the data to file:8388608 bytes
***********WAITING************

Write the data to file:8388608 bytes
***********WAITING************

Write the data to file:8388608 bytes
***********WAITING************

Write the data to file:8388608 bytes
***********WAITING************

Write the data to file:8388608 bytes
***********WAITING************

Write the data to file:8388608 bytes
***********WAITING************

Write the data to file:8388608 bytes
***********WAITING************

Write the data to file:8388608 bytes
***********WAITING************

Write the data to file:8388608 bytes
***********WAITING************

Write the data to file:8388608 bytes
***********WAITING************

Write the data to file:8388608 bytes
***********WAITING************

Write the data to file:8388608 bytes
***********WAITING************

Write the data to file:8388608 bytes
***********WAITING************
W_cc         0.49   [      0.49:      0.49]
W_r         18.24   [     18.24:     18.24]
W_w          2.26   [      2.26:      2.26]
          -------
W_total     20.99   [     20.99:     20.99]

calc_W done
calc_W done
calc_W done
calc_W done
nr_of_strided_rec: 8
calc_W done
nr_of_strided_rec: 8
nr_doubles: 16384
calc_W done
nr_of_strided_rec: 8
nr_doubles: 16384
calc_W done
nr_of_strided_rec: 8
nr_doubles: 16384
calc_W done
nr_of_strided_rec: 8
nr_doubles: 16384
calc_W done
nr_of_strided_rec: 8
nr_doubles: 16384
calc_W done
nr_of_strided_rec: 8
nr_doubles: 16384
calc_W done
nr_of_strided_rec: 8
nr_doubles: 16384
calc_W done
nr_of_strided_rec: 8
nr_doubles: 16384
calc_W done
nr_of_strided_rec: 8
nr_doubles: 16384
calc_W done
nr_of_strided_rec: 8
nr_doubles: 16384
calc_W done
nr_of_strided_rec: 8
nr_doubles: 16384
calc_W done
nr_of_strided_rec: 8
nr_doubles: 16384
nr_of_strided_rec: 8
nr_doubles: 16384
nr_of_strided_rec: 8
nr_doubles: 16384
nr_of_strided_rec: 8
nr_doubles: 16384
nr_doubles: 16384
nr_of_strided_rec: 8
nr_doubles: 16384
nr_of_strided_rec: 8
nr_doubles: 16384
nr_of_strided_rec: 8
nr_doubles: 16384
nr_of_strided_rec: 8
nr_doubles: 16384
nr_of_strided_rec: 8
nr_doubles: 16384
nr_of_strided_rec: 8
nr_doubles: 16384
nr_of_strided_rec: 8
nr_doubles: 16384
nr_of_strided_rec: 8
nr_doubles: 16384
nr_of_strided_rec: 8
nr_doubles: 16384
nr_of_strided_rec: 8
nr_doubles: 16384
nr_of_strided_rec: 8
nr_doubles: 16384
nr_of_strided_rec: 8
nr_doubles: 16384
nr_of_strided_rec: 8
nr_doubles: 16384
nr_of_strided_rec: 8
nr_doubles: 16384
nr_of_strided_rec: 8
nr_doubles: 16384
nr_of_strided_rec: 8
nr_doubles: 16384
nr_of_strided_rec: 8
nr_doubles: 16384
nr_of_strided_rec: 8
nr_doubles: 16384
nr_of_strided_rec: 8
nr_doubles: 16384
nr_of_strided_rec: 8
nr_doubles: 16384
nr_of_strided_rec: 8
nr_doubles: 16384
nr_of_strided_rec: 8
nr_doubles: 16384
nr_of_strided_rec: 8
nr_doubles: 16384
nr_of_strided_rec: 8
nr_doubles: 16384
nr_of_strided_rec: 8
nr_doubles: 16384
nr_of_strided_rec: 8
nr_doubles: 16384
nr_of_strided_rec: 8
nr_doubles: 16384
nr_of_strided_rec: 8
nr_doubles: 16384
nr_of_strided_rec: 8
nr_doubles: 16384
nr_of_strided_rec: 8
nr_doubles: 16384
nr_of_strided_rec: 8
nr_doubles: 16384
nr_of_strided_rec: 8
nr_doubles: 16384
nr_of_strided_rec: 8
nr_doubles: 16384
nr_of_strided_rec: 8
nr_doubles: 16384
nr_of_strided_rec: 8
nr_doubles: 16384
nr_of_strided_rec: 8
nr_doubles: 16384
nr_of_strided_rec: 8
nr_doubles: 16384
nr_of_strided_rec: 8
nr_doubles: 16384
nr_of_strided_rec: 8
nr_doubles: 16384
nr_of_strided_rec: 8
nr_doubles: 16384
nr_of_strided_rec: 8
nr_doubles: 16384
nr_of_strided_rec: 8
nr_doubles: 16384
nr_of_strided_rec: 8
nr_doubles: 16384
nr_of_strided_rec: 8
nr_doubles: 16384
nr_of_strided_rec: 8
nr_doubles: 16384
nr_of_strided_rec: 8
nr_doubles: 16384
nr_of_strided_rec: 8
nr_doubles: 16384
nr_of_strided_rec: 8
nr_doubles: 16384
nr_of_strided_rec: 8
nr_doubles: 16384
nr_of_strided_rec: 8
nr_doubles: 16384
nr_of_strided_rec: 8
nr_doubles: 16384
nr_of_strided_rec: 8
nr_doubles: 16384
nr_of_strided_rec: 8
nr_doubles: 16384
nr_of_strided_rec: 8
nr_doubles: 16384
nr_of_strided_rec: 8
nr_doubles: 16384
nr_of_strided_rec: 8
nr_doubles: 16384
nr_of_strided_rec: 8
nr_doubles: 16384
nr_of_strided_rec: 8
nr_doubles: 16384
nr_of_strided_rec: 8
nr_doubles: 16384
nr_of_strided_rec: 8
nr_doubles: 16384
nr_of_strided_rec: 8
nr_doubles: 16384
nr_of_strided_rec: 8
nr_doubles: 16384
nr_of_strided_rec: 8
nr_doubles: 16384
nr_of_strided_rec: 8
nr_doubles: 16384
nr_of_strided_rec: 8
nr_doubles: 16384
nr_of_strided_rec: 8
nr_doubles: 16384
nr_of_strided_rec: 8
nr_doubles: 16384
nr_of_strided_rec: 8
nr_doubles: 16384
nr_of_strided_rec: 8
nr_doubles: 16384
nr_of_strided_rec: 8
nr_doubles: 16384
nr_of_strided_rec: 8
nr_doubles: 16384
nr_of_strided_rec: 8
nr_doubles: 16384
nr_of_strided_rec: 8
nr_doubles: 16384
nr_of_strided_rec: 8
nr_doubles: 16384
nr_of_strided_rec: 8
nr_doubles: 16384
nr_of_strided_rec: 8
nr_doubles: 16384
nr_of_strided_rec: 8
nr_doubles: 16384
nr_of_strided_rec: 8
nr_doubles: 16384
nr_of_strided_rec: 8
nr_doubles: 16384
nr_of_strided_rec: 8
nr_doubles: 16384
nr_of_strided_rec: 8
nr_doubles: 16384
nr_of_strided_rec: 8
nr_doubles: 16384
nr_of_strided_rec: 8
nr_doubles: 16384
nr_of_strided_rec: 8
nr_doubles: 16384
nr_of_strided_rec: 8
nr_doubles: 16384
nr_of_strided_rec: 8
nr_doubles: 16384
nr_of_strided_rec: 8
nr_doubles: 16384
nr_of_strided_rec: 8
nr_doubles: 16384
nr_of_strided_rec: 8
nr_doubles: 16384
nr_of_strided_rec: 8
nr_doubles: 16384
nr_of_strided_rec: 8
nr_doubles: 16384
nr_of_strided_rec: 8
nr_doubles: 16384
nr_of_strided_rec: 8
nr_doubles: 16384
nr_of_strided_rec: 8
nr_doubles: 16384
nr_of_strided_rec: 8
nr_doubles: 16384
nr_of_strided_rec: 8
nr_doubles: 16384
nr_of_strided_rec: 8
nr_doubles: 16384
nr_of_strided_rec: 8
nr_doubles: 16384
nr_of_strided_rec: 8
nr_doubles: 16384
nr_of_strided_rec: 8
nr_doubles: 16384
nr_of_strided_rec: 8
nr_doubles: 16384
nr_of_strided_rec: 8
nr_doubles: 16384
nr_of_strided_rec: 8
nr_doubles: 16384
nr_of_strided_rec: 8
nr_doubles: 16384
nr_of_strided_rec: 8
nr_doubles: 16384
nr_of_strided_rec: 8
nr_doubles: 16384
nr_of_strided_rec: 8
nr_doubles: 16384
nr_of_strided_rec: 8
nr_doubles: 16384
nr_of_strided_rec: 8
nr_doubles: 16384
nr_of_strided_rec: 8
nr_doubles: 16384
nr_of_strided_rec: 8
nr_doubles: 16384
nr_of_strided_rec: 8
nr_doubles: 16384
nr_of_strided_rec: 8
nr_doubles: 16384
nr_of_strided_rec: 8
nr_doubles: 16384
nr_of_strided_rec: 8
nr_doubles: 16384
nr_of_strided_rec: 8
nr_doubles: 16384
nr_of_strided_rec: 8
nr_doubles: 16384
nr_of_strided_rec: 8
nr_doubles: 16384
nr_of_strided_rec: 8
nr_doubles: 16384
nr_of_strided_rec: 8
nr_doubles: 16384
nr_of_strided_rec: 8
nr_doubles: 16384
nr_of_strided_rec: 8
nr_doubles: 16384
nr_of_strided_rec: 8
nr_doubles: 16384
nr_of_strided_rec: 8
nr_doubles: 16384
nr_of_strided_rec: 8
nr_doubles: 16384
nr_of_strided_rec: 8
nr_doubles: 16384
nr_of_strided_rec: 8
nr_doubles: 16384
nr_of_strided_rec: 8
nr_doubles: 16384
nr_of_strided_rec: 8
nr_doubles: 16384
nr_of_strided_rec: 8
nr_doubles: 16384
nr_of_strided_rec: 8
nr_doubles: 16384
nr_of_strided_rec: 8
nr_doubles: 16384
nr_of_strided_rec: 8
nr_doubles: 16384
nr_of_strided_rec: 8
nr_doubles: 16384
nr_of_strided_rec: 8
nr_doubles: 16384
nr_of_strided_rec: 8
nr_doubles: 16384
nr_of_strided_rec: 8
nr_doubles: 16384
nr_of_strided_rec: 8
nr_doubles: 16384
nr_of_strided_rec: 8
nr_doubles: 16384
nr_of_strided_rec: 8
nr_doubles: 16384
nr_of_strided_rec: 8
nr_doubles: 16384
nr_of_strided_rec: 8
nr_doubles: 16384
nr_of_strided_rec: 8
nr_doubles: 16384
nr_of_strided_rec: 8
nr_doubles: 16384
nr_of_strided_rec: 8
nr_doubles: 16384
nr_of_strided_rec: 8
nr_doubles: 16384
nr_of_strided_rec: 8
nr_doubles: 16384
nr_of_strided_rec: 8
nr_doubles: 16384
nr_of_strided_rec: 8
nr_doubles: 16384
nr_of_strided_rec: 8
nr_doubles: 16384
nr_of_strided_rec: 8
nr_doubles: 16384
nr_of_strided_rec: 8
nr_doubles: 16384
nr_of_strided_rec: 8
nr_doubles: 16384
nr_of_strided_rec: 8
nr_doubles: 16384
nr_of_strided_rec: 8
nr_doubles: 16384
nr_of_strided_rec: 8
nr_doubles: 16384
nr_of_strided_rec: 8
nr_doubles: 16384
nr_of_strided_rec: 8
nr_doubles: 16384
nr_of_strided_rec: 8
nr_doubles: 16384
nr_of_strided_rec: 8
nr_doubles: 16384
nr_of_strided_rec: 8
nr_doubles: 16384
nr_of_strided_rec: 8
nr_doubles: 16384
nr_of_strided_rec: 8
nr_doubles: 16384
nr_of_strided_rec: 8
nr_doubles: 16384
nr_of_strided_rec: 8
nr_doubles: 16384
nr_of_strided_rec: 8
nr_doubles: 16384
nr_of_strided_rec: 8
nr_doubles: 16384
nr_of_strided_rec: 8
nr_doubles: 16384
nr_of_strided_rec: 8
nr_doubles: 16384
nr_of_strided_rec: 8
nr_doubles: 16384
nr_of_strided_rec: 8
nr_doubles: 16384
nr_of_strided_rec: 8
nr_doubles: 16384
nr_of_strided_rec: 8
nr_doubles: 16384
nr_of_strided_rec: 8
nr_doubles: 16384
nr_of_strided_rec: 8
nr_doubles: 16384
nr_of_strided_rec: 8
nr_doubles: 16384
nr_of_strided_rec: 8
nr_doubles: 16384
nr_of_strided_rec: 8
nr_doubles: 16384
nr_of_strided_rec: 8
nr_doubles: 16384
nr_of_strided_rec: 8
nr_doubles: 16384
nr_of_strided_rec: 8
nr_doubles: 16384
nr_of_strided_rec: 8
nr_doubles: 16384
nr_of_strided_rec: 8
nr_doubles: 16384
nr_of_strided_rec: 8
nr_doubles: 16384
nr_of_strided_rec: 8
nr_doubles: 16384
nr_of_strided_rec: 8
nr_doubles: 16384
nr_of_strided_rec: 8
nr_doubles: 16384
nr_of_strided_rec: 8
nr_doubles: 16384
nr_of_strided_rec: 8
nr_doubles: 16384
nr_of_strided_rec: 8
nr_doubles: 16384
nr_of_strided_rec: 8
nr_doubles: 16384
nr_of_strided_rec: 8
nr_doubles: 16384
nr_of_strided_rec: 8
nr_doubles: 16384
nr_of_strided_rec: 8
nr_doubles: 16384
nr_of_strided_rec: 8
nr_doubles: 16384
nr_of_strided_rec: 8
nr_doubles: 16384
nr_of_strided_rec: 8
nr_doubles: 16384
nr_of_strided_rec: 8
nr_doubles: 16384
nr_of_strided_rec: 8
nr_doubles: 16384
nr_of_strided_rec: 8
nr_doubles: 16384
nr_of_strided_rec: 8
nr_doubles: 16384
nr_of_strided_rec: 8
nr_doubles: 16384
nr_of_strided_rec: 8
nr_doubles: 16384
nr_of_strided_rec: 8
nr_doubles: 16384
nr_of_strided_rec: 8
nr_doubles: 16384
nr_of_strided_rec: 8
nr_doubles: 16384
nr_of_strided_rec: 8
nr_doubles: 16384
nr_of_strided_rec: 8
nr_doubles: 16384
nr_of_strided_rec: 8
nr_doubles: 16384
nr_of_strided_rec: 8
nr_doubles: 16384
nr_of_strided_rec: 8
nr_doubles: 16384
nr_of_strided_rec: 8
nr_doubles: 16384
nr_of_strided_rec: 8
nr_doubles: 16384
nr_of_strided_rec: 8
nr_doubles: 16384
nr_of_strided_rec: 8
nr_doubles: 16384
nr_of_strided_rec: 8
nr_doubles: 16384
nr_of_strided_rec: 8
nr_doubles: 16384
nr_of_strided_rec: 8
nr_doubles: 16384
nr_of_strided_rec: 8
nr_doubles: 16384
nr_of_strided_rec: 8
nr_doubles: 16384
nr_of_strided_rec: 8
nr_doubles: 16384
nr_of_strided_rec: 8
nr_doubles: 16384
nr_of_strided_rec: 8
nr_doubles: 16384
nr_of_strided_rec: 8
nr_doubles: 16384
nr_of_strided_rec: 8
nr_doubles: 16384
nr_of_strided_rec: 8
nr_doubles: 16384
nr_of_strided_rec: 8
nr_doubles: 16384
nr_of_strided_rec: 8
nr_doubles: 16384
nr_of_strided_rec: 8
nr_doubles: 16384
nr_of_strided_rec: 8
nr_doubles: 16384
nr_of_strided_rec: 8
nr_doubles: 16384
nr_of_strided_rec: 8
nr_doubles: 16384
nr_of_strided_rec: 8
nr_doubles: 16384
nr_of_strided_rec: 8
nr_doubles: 16384
nr_of_strided_rec: 8
nr_doubles: 16384
nr_of_strided_rec: 8
nr_doubles: 16384
nr_of_strided_rec: 8
nr_doubles: 16384
nr_of_strided_rec: 8
nr_doubles: 16384
nr_of_strided_rec: 8
nr_doubles: 16384
nr_of_strided_rec: 8
nr_doubles: 16384
nr_of_strided_rec: 8
nr_doubles: 16384
nr_of_strided_rec: 8
nr_doubles: 16384
nr_of_strided_rec: 8
nr_doubles: 16384
nr_of_strided_rec: 8
nr_doubles: 16384
nr_of_strided_rec: 8
nr_doubles: 16384
nr_of_strided_rec: 8
nr_doubles: 16384
nr_of_strided_rec: 8
nr_doubles: 16384
nr_of_strided_rec: 8
nr_doubles: 16384
nr_of_strided_rec: 8
nr_doubles: 16384
nr_of_strided_rec: 8
nr_doubles: 16384
nr_of_strided_rec: 8
nr_doubles: 16384
nr_of_strided_rec: 8
nr_doubles: 16384
nr_of_strided_rec: 8
nr_doubles: 16384
nr_of_strided_rec: 8
nr_doubles: 16384
nr_of_strided_rec: 8
nr_doubles: 16384
nr_of_strided_rec: 8
nr_doubles: 16384
nr_of_strided_rec: 8
nr_doubles: 16384
nr_of_strided_rec: 8
nr_doubles: 16384
nr_of_strided_rec: 8
nr_doubles: 16384
nr_of_strided_rec: 8
nr_doubles: 16384
nr_of_strided_rec: 8
nr_doubles: 16384
nr_of_strided_rec: 8
nr_doubles: 16384
nr_of_strided_rec: 8
nr_doubles: 16384
nr_of_strided_rec: 8
nr_doubles: 16384
nr_of_strided_rec: 8
nr_doubles: 16384
nr_of_strided_rec: 8
nr_doubles: 16384
nr_of_strided_rec: 8
nr_doubles: 16384
nr_of_strided_rec: 8
nr_doubles: 16384
nr_of_strided_rec: 8
nr_doubles: 16384
nr_of_strided_rec: 8
nr_doubles: 16384
nr_of_strided_rec: 8
nr_doubles: 16384
nr_of_strided_rec: 8
nr_doubles: 16384
nr_of_strided_rec: 8
nr_doubles: 16384
nr_of_strided_rec: 8
nr_doubles: 16384
nr_of_strided_rec: 8
nr_doubles: 16384
nr_of_strided_rec: 8
nr_doubles: 16384
nr_of_strided_rec: 8
nr_doubles: 16384
nr_of_strided_rec: 8
nr_doubles: 16384
nr_of_strided_rec: 8
nr_doubles: 16384
nr_of_strided_rec: 8
nr_doubles: 16384
nr_of_strided_rec: 8
nr_doubles: 16384
nr_of_strided_rec: 8
nr_doubles: 16384
nr_of_strided_rec: 8
nr_doubles: 16384
nr_of_strided_rec: 8
nr_doubles: 16384
nr_of_strided_rec: 8
nr_doubles: 16384
nr_of_strided_rec: 8
nr_doubles: 16384
nr_of_strided_rec: 8
nr_doubles: 16384
nr_of_strided_rec: 8
nr_doubles: 16384
nr_of_strided_rec: 8
nr_doubles: 16384
nr_of_strided_rec: 8
nr_doubles: 16384
nr_of_strided_rec: 8
nr_doubles: 16384
nr_of_strided_rec: 8
nr_doubles: 16384
nr_of_strided_rec: 8
nr_doubles: 16384
nr_of_strided_rec: 8
nr_doubles: 16384
nr_of_strided_rec: 8
nr_doubles: 16384
nr_of_strided_rec: 8
nr_doubles: 16384
nr_of_strided_rec: 8
nr_doubles: 16384
nr_of_strided_rec: 8
nr_doubles: 16384
nr_of_strided_rec: 8
nr_doubles: 16384
nr_of_strided_rec: 8
nr_doubles: 16384
nr_of_strided_rec: 8
nr_doubles: 16384
nr_of_strided_rec: 8
nr_doubles: 16384
nr_of_strided_rec: 8
nr_doubles: 16384
nr_of_strided_rec: 8
nr_doubles: 16384
nr_of_strided_rec: 8
nr_doubles: 16384
nr_of_strided_rec: 8
nr_doubles: 16384
nr_of_strided_rec: 8
nr_doubles: 16384
nr_of_strided_rec: 8
nr_doubles: 16384
nr_of_strided_rec: 8
nr_doubles: 16384
nr_of_strided_rec: 8
nr_doubles: 16384
nr_of_strided_rec: 8
nr_doubles: 16384
nr_of_strided_rec: 8
nr_doubles: 16384
nr_of_strided_rec: 8
