fclose PID:28072 fd:3
fclose PID:28072 fd:4
fclose PID:28072 fd:4
fclose PID:28072 fd:3
available: 2 nodes (0-1)
fclose PID:28072 fd:3
node 0 cpus:fclose PID:28072 fd:3
 0 1 2 3 4 5 6 7 8 9 20 21 22 23 24 25 26 27 28 29
node 0 size: 80440 MB
node 0 free: 80126 MB
fclose PID:28072 fd:3
node 1 cpus:fclose PID:28072 fd:3
 10 11 12 13 14 15 16 17 18 19 30 31 32 33 34 35 36 37 38 39
node 1 size: 80635 MB
node 1 free: 80377 MB
fclose PID:28072 fd:3
fclose PID:28072 fd:3
node distances:
node   0   1 
  0:  10  21 
  1:  21  10 
READAHEAD_TIME:0.000000 us
MaxRSS= 2164 KB, SharedMem= 0 KB, HardPageFault= 10
fclose PID:28080 fd:8
fclose PID:28077 fd:12
fclose PID:28079 fd:8
fclose PID:28078 fd:10

MADbench 2.0 IO-mode
no_pe = 4  no_pix = 4096  no_bin = 30  no_gang = 1 sblocksize = 8  fblocksize = 64  r_mod = 1  w_mod = 1 record_size=131072 stride=7


IOMETHOD = POSIX  IOMODE = SYNC  FILETYPE = UNIQUE  REMAP = CUSTOMbuild_S
build_S
build_S
build_S

Write the data to file:33554432 bytes
***********WAITING************

Write the data to file:33554432 bytes
***********WAITING************

Write the data to file:33554432 bytes
***********WAITING************

Write the data to file:33554432 bytes
***********WAITING************

Write the data to file:33554432 bytes
***********WAITING************

Write the data to file:33554432 bytes
***********WAITING************

Write the data to file:33554432 bytes
***********WAITING************

Write the data to file:33554432 bytes
***********WAITING************

Write the data to file:33554432 bytes
***********WAITING************

Write the data to file:33554432 bytes
***********WAITING************

Write the data to file:33554432 bytes
***********WAITING************

Write the data to file:33554432 bytes
***********WAITING************

Write the data to file:33554432 bytes
***********WAITING************

Write the data to file:33554432 bytes
***********WAITING************

Write the data to file:33554432 bytes
***********WAITING************

Write the data to file:33554432 bytes
***********WAITING************

Write the data to file:33554432 bytes
***********WAITING************

Write the data to file:33554432 bytes
***********WAITING************

Write the data to file:33554432 bytes
***********WAITING************

Write the data to file:33554432 bytes
***********WAITING************

Write the data to file:33554432 bytes
***********WAITING************

Write the data to file:33554432 bytes
***********WAITING************

Write the data to file:33554432 bytes
***********WAITING************

Write the data to file:33554432 bytes
***********WAITING************

Write the data to file:33554432 bytes
***********WAITING************

Write the data to file:33554432 bytes
***********WAITING************

Write the data to file:33554432 bytes
***********WAITING************

Write the data to file:33554432 bytes
***********WAITING************

Write the data to file:33554432 bytes
***********WAITING************

Write the data to file:33554432 bytes
***********WAITING************

Write the data to file:33554432 bytes
***********WAITING************

Write the data to file:33554432 bytes
***********WAITING************

Write the data to file:33554432 bytes
***********WAITING************

Write the data to file:33554432 bytes
***********WAITING************

Write the data to file:33554432 bytes
***********WAITING************

Write the data to file:33554432 bytes
***********WAITING************

Write the data to file:33554432 bytes
***********WAITING************

Write the data to file:33554432 bytes
***********WAITING************

Write the data to file:33554432 bytes
***********WAITING************

Write the data to file:33554432 bytes
***********WAITING************

Write the data to file:33554432 bytes
***********WAITING************

Write the data to file:33554432 bytes
***********WAITING************

Write the data to file:33554432 bytes
***********WAITING************

Write the data to file:33554432 bytes
***********WAITING************

Write the data to file:33554432 bytes
***********WAITING************

Write the data to file:33554432 bytes
***********WAITING************

Write the data to file:33554432 bytes
***********WAITING************

Write the data to file:33554432 bytes
***********WAITING************

Write the data to file:33554432 bytes
***********WAITING************

Write the data to file:33554432 bytes
***********WAITING************

Write the data to file:33554432 bytes
***********WAITING************

Write the data to file:33554432 bytes
***********WAITING************

Write the data to file:33554432 bytes
***********WAITING************

Write the data to file:33554432 bytes
***********WAITING************

Write the data to file:33554432 bytes
***********WAITING************

Write the data to file:33554432 bytes
***********WAITING************

Write the data to file:33554432 bytes
***********WAITING************

Write the data to file:33554432 bytes
***********WAITING************

Write the data to file:33554432 bytes
***********WAITING************

Write the data to file:33554432 bytes
***********WAITING************

Write the data to file:33554432 bytes
***********WAITING************

Write the data to file:33554432 bytes
***********WAITING************

Write the data to file:33554432 bytes
***********WAITING************

Write the data to file:33554432 bytes
***********WAITING************

Write the data to file:33554432 bytes
***********WAITING************

Write the data to file:33554432 bytes
***********WAITING************

Write the data to file:33554432 bytes
***********WAITING************

Write the data to file:33554432 bytes
***********WAITING************

Write the data to file:33554432 bytes
***********WAITING************

Write the data to file:33554432 bytes
***********WAITING************

Write the data to file:33554432 bytes
***********WAITING************

Write the data to file:33554432 bytes
***********WAITING************

Write the data to file:33554432 bytes
***********WAITING************

Write the data to file:33554432 bytes
***********WAITING************

Write the data to file:33554432 bytes
***********WAITING************

Write the data to file:33554432 bytes
***********WAITING************

Write the data to file:33554432 bytes
***********WAITING************

Write the data to file:33554432 bytes
***********WAITING************

Write the data to file:33554432 bytes
***********WAITING************

Write the data to file:33554432 bytes
***********WAITING************

Write the data to file:33554432 bytes
***********WAITING************

Write the data to file:33554432 bytes
***********WAITING************

Write the data to file:33554432 bytes
***********WAITING************

Write the data to file:33554432 bytes
***********WAITING************

Write the data to file:33554432 bytes
***********WAITING************

Write the data to file:33554432 bytes
***********WAITING************

Write the data to file:33554432 bytes
***********WAITING************

Write the data to file:33554432 bytes
***********WAITING************

Write the data to file:33554432 bytes
***********WAITING************

Write the data to file:33554432 bytes
***********WAITING************

Write the data to file:33554432 bytes
***********WAITING************

Write the data to file:33554432 bytes
***********WAITING************

Write the data to file:33554432 bytes
***********WAITING************

Write the data to file:33554432 bytes
***********WAITING************

Write the data to file:33554432 bytes
***********WAITING************

Write the data to file:33554432 bytes
***********WAITING************

Write the data to file:33554432 bytes
***********WAITING************

Write the data to file:33554432 bytes
***********WAITING************

Write the data to file:33554432 bytes
***********WAITING************

Write the data to file:33554432 bytes
***********WAITING************

Write the data to file:33554432 bytes
***********WAITING************

Write the data to file:33554432 bytes
***********WAITING************

Write the data to file:33554432 bytes
***********WAITING************

Write the data to file:33554432 bytes
***********WAITING************

Write the data to file:33554432 bytes
***********WAITING************

Write the data to file:33554432 bytes
***********WAITING************

Write the data to file:33554432 bytes
***********WAITING************

Write the data to file:33554432 bytes
***********WAITING************

Write the data to file:33554432 bytes
***********WAITING************

Write the data to file:33554432 bytes
***********WAITING************

Write the data to file:33554432 bytes
***********WAITING************

Write the data to file:33554432 bytes
***********WAITING************

Write the data to file:33554432 bytes
***********WAITING************

Write the data to file:33554432 bytes
***********WAITING************

Write the data to file:33554432 bytes
***********WAITING************

Write the data to file:33554432 bytes
***********WAITING************

Write the data to file:33554432 bytes
***********WAITING************

Write the data to file:33554432 bytes
***********WAITING************

Write the data to file:33554432 bytes
***********WAITING************

Write the data to file:33554432 bytes
***********WAITING************
S_cc         0.41   [      0.41:      0.41]
S_bw         0.17   [      0.17:      0.17]
S_w          8.59   [      8.59:      8.59]
          -------
S_total      9.17   [      9.17:      9.17]

build_S done
calc_W
build_S done
calc_W
nr_of_strided_rec: 32
nr_doubles: 16384
build_S done
calc_W
nr_of_strided_rec: 32
nr_doubles: 16384
build_S done
calc_W
nr_of_strided_rec: 32
nr_doubles: 16384
nr_of_strided_rec: 32
nr_doubles: 16384
nr_of_strided_rec: 32
nr_doubles: 16384
nr_of_strided_rec: 32
nr_doubles: 16384
nr_of_strided_rec: 32
nr_doubles: 16384
nr_of_strided_rec: 32
nr_doubles: 16384

Write the data to file:33554432 bytes
***********WAITING************

Write the data to file:33554432 bytes
***********WAITING************

Write the data to file:33554432 bytes
***********WAITING************

Write the data to file:33554432 bytes
***********WAITING************
nr_of_strided_rec: 32
nr_doubles: 16384
nr_of_strided_rec: 32
nr_doubles: 16384
nr_of_strided_rec: 32
nr_doubles: 16384
nr_of_strided_rec: 32
nr_doubles: 16384

Write the data to file:33554432 bytes
***********WAITING************

Write the data to file:33554432 bytes
***********WAITING************

Write the data to file:33554432 bytes
***********WAITING************

Write the data to file:33554432 bytes
***********WAITING************
nr_of_strided_rec: 32
nr_doubles: 16384
nr_of_strided_rec: 32
nr_doubles: 16384
nr_of_strided_rec: 32
nr_doubles: 16384
nr_of_strided_rec: 32
nr_doubles: 16384

Write the data to file:33554432 bytes
***********WAITING************

Write the data to file:33554432 bytes
***********WAITING************

Write the data to file:33554432 bytes
***********WAITING************

Write the data to file:33554432 bytes
***********WAITING************
nr_of_strided_rec: 32
nr_doubles: 16384
nr_of_strided_rec: 32
nr_doubles: 16384
nr_of_strided_rec: 32
nr_doubles: 16384
nr_of_strided_rec: 32
nr_doubles: 16384

Write the data to file:33554432 bytes
***********WAITING************

Write the data to file:33554432 bytes
***********WAITING************

Write the data to file:33554432 bytes
***********WAITING************

Write the data to file:33554432 bytes
***********WAITING************
nr_of_strided_rec: 32
nr_doubles: 16384
nr_of_strided_rec: 32
nr_doubles: 16384
nr_of_strided_rec: 32
nr_doubles: 16384
nr_of_strided_rec: 32
nr_doubles: 16384

Write the data to file:33554432 bytes
***********WAITING************

Write the data to file:33554432 bytes
***********WAITING************

Write the data to file:33554432 bytes
***********WAITING************

Write the data to file:33554432 bytes
***********WAITING************
nr_of_strided_rec: 32
nr_doubles: 16384
nr_of_strided_rec: 32
nr_doubles: 16384
nr_of_strided_rec: 32
nr_doubles: 16384
nr_of_strided_rec: 32
nr_doubles: 16384

Write the data to file:33554432 bytes
***********WAITING************

Write the data to file:33554432 bytes
***********WAITING************

Write the data to file:33554432 bytes
***********WAITING************

Write the data to file:33554432 bytes
***********WAITING************
nr_of_strided_rec: 32
nr_doubles: 16384
nr_of_strided_rec: 32
nr_doubles: 16384
nr_of_strided_rec: 32
nr_doubles: 16384
nr_of_strided_rec: 32
nr_doubles: 16384

Write the data to file:33554432 bytes
***********WAITING************

Write the data to file:33554432 bytes
***********WAITING************

Write the data to file:33554432 bytes
***********WAITING************

Write the data to file:33554432 bytes
***********WAITING************
nr_of_strided_rec: 32
nr_doubles: 16384
nr_of_strided_rec: 32
nr_doubles: 16384
nr_of_strided_rec: 32
nr_doubles: 16384
nr_of_strided_rec: 32
nr_doubles: 16384

Write the data to file:33554432 bytes
***********WAITING************

Write the data to file:33554432 bytes
***********WAITING************

Write the data to file:33554432 bytes
***********WAITING************

Write the data to file:33554432 bytes
***********WAITING************
nr_of_strided_rec: 32
nr_doubles: 16384
nr_of_strided_rec: 32
nr_doubles: 16384
nr_of_strided_rec: 32
nr_doubles: 16384
nr_of_strided_rec: 32
nr_doubles: 16384

Write the data to file:33554432 bytes
***********WAITING************

Write the data to file:33554432 bytes
***********WAITING************

Write the data to file:33554432 bytes
***********WAITING************

Write the data to file:33554432 bytes
***********WAITING************
nr_of_strided_rec: 32
nr_doubles: 16384
nr_of_strided_rec: 32
nr_doubles: 16384
nr_of_strided_rec: 32
nr_doubles: 16384
nr_of_strided_rec: 32
nr_doubles: 16384

Write the data to file:33554432 bytes
***********WAITING************

Write the data to file:33554432 bytes
***********WAITING************

Write the data to file:33554432 bytes
***********WAITING************

Write the data to file:33554432 bytes
***********WAITING************
nr_of_strided_rec: 32
nr_doubles: 16384
nr_of_strided_rec: 32
nr_doubles: 16384
nr_of_strided_rec: 32
nr_doubles: 16384
nr_of_strided_rec: 32
nr_doubles: 16384

Write the data to file:33554432 bytes
***********WAITING************

Write the data to file:33554432 bytes
***********WAITING************

Write the data to file:33554432 bytes
***********WAITING************

Write the data to file:33554432 bytes
***********WAITING************
nr_of_strided_rec: 32
nr_doubles: 16384
nr_of_strided_rec: 32
nr_doubles: 16384
nr_of_strided_rec: 32
nr_doubles: 16384
nr_of_strided_rec: 32
nr_doubles: 16384

Write the data to file:33554432 bytes
***********WAITING************

Write the data to file:33554432 bytes
***********WAITING************

Write the data to file:33554432 bytes
***********WAITING************

Write the data to file:33554432 bytes
***********WAITING************
nr_of_strided_rec: 32
nr_doubles: 16384
nr_of_strided_rec: 32
nr_doubles: 16384
nr_of_strided_rec: 32
nr_doubles: 16384
nr_of_strided_rec: 32
nr_doubles: 16384

Write the data to file:33554432 bytes
***********WAITING************

Write the data to file:33554432 bytes
***********WAITING************

Write the data to file:33554432 bytes
***********WAITING************

Write the data to file:33554432 bytes
***********WAITING************
nr_of_strided_rec: 32
nr_doubles: 16384
nr_of_strided_rec: 32
nr_doubles: 16384
nr_of_strided_rec: 32
nr_doubles: 16384
nr_of_strided_rec: 32
nr_doubles: 16384

Write the data to file:33554432 bytes
***********WAITING************

Write the data to file:33554432 bytes
***********WAITING************

Write the data to file:33554432 bytes
***********WAITING************

Write the data to file:33554432 bytes
***********WAITING************
nr_of_strided_rec: 32
nr_doubles: 16384
nr_of_strided_rec: 32
nr_doubles: 16384
nr_of_strided_rec: 32
nr_doubles: 16384
nr_of_strided_rec: 32
nr_doubles: 16384

Write the data to file:33554432 bytes
***********WAITING************

Write the data to file:33554432 bytes
***********WAITING************

Write the data to file:33554432 bytes
***********WAITING************

Write the data to file:33554432 bytes
***********WAITING************
nr_of_strided_rec: 32
nr_doubles: 16384
nr_of_strided_rec: 32
nr_doubles: 16384
nr_of_strided_rec: 32
nr_doubles: 16384
nr_of_strided_rec: 32
nr_doubles: 16384

Write the data to file:33554432 bytes
***********WAITING************

Write the data to file:33554432 bytes
***********WAITING************

Write the data to file:33554432 bytes
***********WAITING************

Write the data to file:33554432 bytes
***********WAITING************
nr_of_strided_rec: 32
nr_doubles: 16384
nr_of_strided_rec: 32
nr_doubles: 16384
nr_of_strided_rec: 32
nr_doubles: 16384
nr_of_strided_rec: 32
nr_doubles: 16384

Write the data to file:33554432 bytes
***********WAITING************

Write the data to file:33554432 bytes
***********WAITING************

Write the data to file:33554432 bytes
***********WAITING************

Write the data to file:33554432 bytes
***********WAITING************
nr_of_strided_rec: 32
nr_doubles: 16384
nr_of_strided_rec: 32
nr_doubles: 16384
nr_of_strided_rec: 32
nr_doubles: 16384
nr_of_strided_rec: 32
nr_doubles: 16384

Write the data to file:33554432 bytes
***********WAITING************

Write the data to file:33554432 bytes
***********WAITING************

Write the data to file:33554432 bytes
***********WAITING************

Write the data to file:33554432 bytes
***********WAITING************
nr_of_strided_rec: 32
nr_doubles: 16384
nr_of_strided_rec: 32
nr_doubles: 16384
nr_of_strided_rec: 32
nr_doubles: 16384
nr_of_strided_rec: 32
nr_doubles: 16384

Write the data to file:33554432 bytes
***********WAITING************

Write the data to file:33554432 bytes
***********WAITING************

Write the data to file:33554432 bytes
***********WAITING************

Write the data to file:33554432 bytes
***********WAITING************
nr_of_strided_rec: 32
nr_doubles: 16384
nr_of_strided_rec: 32
nr_doubles: 16384
nr_of_strided_rec: 32
nr_doubles: 16384
nr_of_strided_rec: 32
nr_doubles: 16384

Write the data to file:33554432 bytes
***********WAITING************

Write the data to file:33554432 bytes
***********WAITING************

Write the data to file:33554432 bytes
***********WAITING************

Write the data to file:33554432 bytes
***********WAITING************
nr_of_strided_rec: 32
nr_doubles: 16384
nr_of_strided_rec: 32
nr_doubles: 16384
nr_of_strided_rec: 32
nr_doubles: 16384
nr_of_strided_rec: 32
nr_doubles: 16384

Write the data to file:33554432 bytes
***********WAITING************

Write the data to file:33554432 bytes
***********WAITING************

Write the data to file:33554432 bytes
***********WAITING************

Write the data to file:33554432 bytes
***********WAITING************
nr_of_strided_rec: 32
nr_doubles: 16384
nr_of_strided_rec: 32
nr_doubles: 16384
nr_of_strided_rec: 32
nr_doubles: 16384
nr_of_strided_rec: 32
nr_doubles: 16384

Write the data to file:33554432 bytes
***********WAITING************

Write the data to file:33554432 bytes
***********WAITING************

Write the data to file:33554432 bytes
***********WAITING************

Write the data to file:33554432 bytes
***********WAITING************
nr_of_strided_rec: 32
nr_doubles: 16384
nr_of_strided_rec: 32
nr_doubles: 16384
nr_of_strided_rec: 32
nr_doubles: 16384
nr_of_strided_rec: 32
nr_doubles: 16384

Write the data to file:33554432 bytes
***********WAITING************

Write the data to file:33554432 bytes
***********WAITING************

Write the data to file:33554432 bytes
***********WAITING************

Write the data to file:33554432 bytes
***********WAITING************
nr_of_strided_rec: 32
nr_doubles: 16384
nr_of_strided_rec: 32
nr_doubles: 16384
nr_of_strided_rec: 32
nr_doubles: 16384
nr_of_strided_rec: 32
nr_doubles: 16384

Write the data to file:33554432 bytes
***********WAITING************

Write the data to file:33554432 bytes
***********WAITING************

Write the data to file:33554432 bytes
***********WAITING************

Write the data to file:33554432 bytes
***********WAITING************
nr_of_strided_rec: 32
nr_doubles: 16384
nr_of_strided_rec: 32
nr_doubles: 16384
nr_of_strided_rec: 32
nr_doubles: 16384
nr_of_strided_rec: 32
nr_doubles: 16384

Write the data to file:33554432 bytes
***********WAITING************

Write the data to file:33554432 bytes
***********WAITING************

Write the data to file:33554432 bytes
***********WAITING************

Write the data to file:33554432 bytes
***********WAITING************
nr_of_strided_rec: 32
nr_doubles: 16384
nr_of_strided_rec: 32
nr_doubles: 16384
nr_of_strided_rec: 32
nr_doubles: 16384
nr_of_strided_rec: 32
nr_doubles: 16384

Write the data to file:33554432 bytes
***********WAITING************

Write the data to file:33554432 bytes
***********WAITING************

Write the data to file:33554432 bytes
***********WAITING************

Write the data to file:33554432 bytes
***********WAITING************
nr_of_strided_rec: 32
nr_doubles: 16384
nr_of_strided_rec: 32
nr_doubles: 16384
nr_of_strided_rec: 32
nr_doubles: 16384
nr_of_strided_rec: 32
nr_doubles: 16384

Write the data to file:33554432 bytes
***********WAITING************

Write the data to file:33554432 bytes
***********WAITING************

Write the data to file:33554432 bytes
***********WAITING************

Write the data to file:33554432 bytes
***********WAITING************
nr_of_strided_rec: 32
nr_doubles: 16384
nr_of_strided_rec: 32
nr_doubles: 16384
nr_of_strided_rec: 32
nr_doubles: 16384
nr_of_strided_rec: 32
nr_doubles: 16384

Write the data to file:33554432 bytes
***********WAITING************

Write the data to file:33554432 bytes
***********WAITING************

Write the data to file:33554432 bytes
***********WAITING************

Write the data to file:33554432 bytes
***********WAITING************
nr_of_strided_rec: 32
nr_doubles: 16384
nr_of_strided_rec: 32
nr_doubles: 16384
nr_of_strided_rec: 32
nr_doubles: 16384
nr_of_strided_rec: 32
nr_doubles: 16384

Write the data to file:33554432 bytes
***********WAITING************

Write the data to file:33554432 bytes
***********WAITING************

Write the data to file:33554432 bytes
***********WAITING************

Write the data to file:33554432 bytes
***********WAITING************

Write the data to file:33554432 bytes
***********WAITING************

Write the data to file:33554432 bytes
***********WAITING************

Write the data to file:33554432 bytes
***********WAITING************

Write the data to file:33554432 bytes
***********WAITING************
W_cc         0.70   [      0.70:      0.70]
W_r         20.93   [     20.93:     20.93]
W_w          1.17   [      1.17:      1.17]
          -------
W_total     22.81   [     22.81:     22.81]

calc_W done
calc_W done
calc_W done
nr_of_strided_rec: 32
nr_doubles: 16384
calc_W done
nr_of_strided_rec: 32
nr_doubles: 16384
nr_of_strided_rec: 32
nr_doubles: 16384
nr_of_strided_rec: 32
nr_doubles: 16384
nr_of_strided_rec: 32
nr_doubles: 16384
nr_of_strided_rec: 32
nr_doubles: 16384
nr_of_strided_rec: 32
nr_doubles: 16384
nr_of_strided_rec: 32
nr_doubles: 16384
nr_of_strided_rec: 32
nr_doubles: 16384
nr_of_strided_rec: 32
nr_doubles: 16384
nr_of_strided_rec: 32
nr_doubles: 16384
nr_of_strided_rec: 32
nr_doubles: 16384
nr_of_strided_rec: 32
nr_doubles: 16384
nr_of_strided_rec: 32
nr_doubles: 16384
nr_of_strided_rec: 32
nr_doubles: 16384
nr_of_strided_rec: 32
nr_doubles: 16384
nr_of_strided_rec: 32
nr_doubles: 16384
nr_of_strided_rec: 32
nr_doubles: 16384
nr_of_strided_rec: 32
nr_doubles: 16384
nr_of_strided_rec: 32
nr_doubles: 16384
nr_of_strided_rec: 32
nr_doubles: 16384
nr_of_strided_rec: 32
nr_doubles: 16384
nr_of_strided_rec: 32
nr_doubles: 16384
nr_of_strided_rec: 32
nr_doubles: 16384
nr_of_strided_rec: 32
nr_doubles: 16384
nr_of_strided_rec: 32
nr_doubles: 16384
nr_of_strided_rec: 32
nr_doubles: 16384
nr_of_strided_rec: 32
nr_doubles: 16384
nr_of_strided_rec: 32
nr_doubles: 16384
nr_of_strided_rec: 32
nr_doubles: 16384
nr_of_strided_rec: 32
nr_doubles: 16384
nr_of_strided_rec: 32
nr_doubles: 16384
nr_of_strided_rec: 32
nr_doubles: 16384
nr_of_strided_rec: 32
nr_doubles: 16384
nr_of_strided_rec: 32
nr_doubles: 16384
nr_of_strided_rec: 32
nr_doubles: 16384
nr_of_strided_rec: 32
nr_doubles: 16384
nr_of_strided_rec: 32
nr_doubles: 16384
nr_of_strided_rec: 32
nr_doubles: 16384
nr_of_strided_rec: 32
nr_doubles: 16384
nr_of_strided_rec: 32
nr_doubles: 16384
nr_of_strided_rec: 32
nr_doubles: 16384
nr_of_strided_rec: 32
nr_doubles: 16384
nr_of_strided_rec: 32
nr_doubles: 16384
nr_of_strided_rec: 32
nr_doubles: 16384
nr_of_strided_rec: 32
nr_doubles: 16384
nr_of_strided_rec: 32
nr_doubles: 16384
nr_of_strided_rec: 32
nr_doubles: 16384
nr_of_strided_rec: 32
nr_doubles: 16384
nr_of_strided_rec: 32
nr_doubles: 16384
nr_of_strided_rec: 32
nr_doubles: 16384
nr_of_strided_rec: 32
nr_doubles: 16384
nr_of_strided_rec: 32
nr_doubles: 16384
nr_of_strided_rec: 32
nr_doubles: 16384
nr_of_strided_rec: 32
nr_doubles: 16384
nr_of_strided_rec: 32
nr_doubles: 16384
nr_of_strided_rec: 32
nr_doubles: 16384
nr_of_strided_rec: 32
nr_doubles: 16384
nr_of_strided_rec: 32
nr_doubles: 16384
nr_of_strided_rec: 32
nr_doubles: 16384
nr_of_strided_rec: 32
nr_doubles: 16384
nr_of_strided_rec: 32
nr_doubles: 16384
nr_of_strided_rec: 32
nr_doubles: 16384
nr_of_strided_rec: 32
nr_doubles: 16384
nr_of_strided_rec: 32
nr_doubles: 16384
nr_of_strided_rec: 32
nr_doubles: 16384
nr_of_strided_rec: 32
nr_doubles: 16384
nr_of_strided_rec: 32
nr_doubles: 16384
nr_of_strided_rec: 32
nr_doubles: 16384
nr_of_strided_rec: 32
nr_doubles: 16384
nr_of_strided_rec: 32
nr_doubles: 16384
nr_of_strided_rec: 32
nr_doubles: 16384
nr_of_strided_rec: 32
nr_doubles: 16384
nr_of_strided_rec: 32
nr_doubles: 16384
nr_of_strided_rec: 32
nr_doubles: 16384
nr_of_strided_rec: 32
nr_doubles: 16384
nr_of_strided_rec: 32
nr_doubles: 16384
nr_of_strided_rec: 32
nr_doubles: 16384
nr_of_strided_rec: 32
nr_doubles: 16384
nr_of_strided_rec: 32
nr_doubles: 16384
nr_of_strided_rec: 32
nr_doubles: 16384
nr_of_strided_rec: 32
nr_doubles: 16384
nr_of_strided_rec: 32
nr_doubles: 16384
nr_of_strided_rec: 32
nr_doubles: 16384
nr_of_strided_rec: 32
nr_doubles: 16384
nr_of_strided_rec: 32
nr_doubles: 16384
nr_of_strided_rec: 32
nr_doubles: 16384
nr_of_strided_rec: 32
nr_doubles: 16384
nr_of_strided_rec: 32
nr_doubles: 16384
nr_of_strided_rec: 32
nr_doubles: 16384
nr_of_strided_rec: 32
nr_doubles: 16384
nr_of_strided_rec: 32
nr_doubles: 16384
nr_of_strided_rec: 32
nr_doubles: 16384
nr_of_strided_rec: 32
nr_doubles: 16384
nr_of_strided_rec: 32
nr_doubles: 16384
nr_of_strided_rec: 32
nr_doubles: 16384
nr_of_strided_rec: 32
nr_doubles: 16384
nr_of_strided_rec: 32
nr_doubles: 16384
nr_of_strided_rec: 32
nr_doubles: 16384
nr_of_strided_rec: 32
nr_doubles: 16384
nr_of_strided_rec: 32
nr_doubles: 16384
nr_of_strided_rec: 32
nr_doubles: 16384
nr_of_strided_rec: 32
nr_doubles: 16384
nr_of_strided_rec: 32
nr_doubles: 16384
nr_of_strided_rec: 32
nr_doubles: 16384
nr_of_strided_rec: 32
nr_doubles: 16384
nr_of_strided_rec: 32
nr_doubles: 16384
nr_of_strided_rec: 32
nr_doubles: 16384
nr_of_strided_rec: 32
nr_doubles: 16384
nr_of_strided_rec: 32
nr_doubles: 16384
nr_of_strided_rec: 32
nr_doubles: 16384
nr_of_strided_rec: 32
nr_doubles: 16384
nr_of_strided_rec: 32
nr_doubles: 16384
nr_of_strided_rec: 32
nr_doubles: 16384
nr_of_strided_rec: 32
nr_doubles: 16384
nr_of_strided_rec: 32
nr_doubles: 16384
nr_of_strided_rec: 32
nr_doubles: 16384
nr_of_strided_rec: 32
nr_doubles: 16384
nr_of_strided_rec: 32
nr_doubles: 16384
nr_of_strided_rec: 32
nr_doubles: 16384
C_cc         0.41   [      0.41:      0.41]
C_bw         0.15   [      0.15:      0.15]
C_r          9.93   [      9.93:      9.93]
          -------
C_total     10.49   [     10.49:     10.49]


dC[0] = 0.00000e+00
fclose PID:28080 fd:8
fclose PID:28079 fd:8
fclose PID:28077 fd:12
fclose PID:28078 fd:10
READAHEAD_TIME:0.000000 us
MaxRSS= 141716 KB, SharedMem= 0 KB, HardPageFault= 9
READAHEAD_TIME:0.000000 us
MaxRSS= 141448 KB, SharedMem= 0 KB, HardPageFault= 7
READAHEAD_TIME:0.000000 us
MaxRSS= 141448 KB, SharedMem= 0 KB, HardPageFault= 16
READAHEAD_TIME:0.000000 us
MaxRSS= 141696 KB, SharedMem= 0 KB, HardPageFault= 8
fclose PID:28076 fd:0
fclose PID:28076 fd:6
fclose PID:28076 fd:6
fclose PID:28076 fd:0
READAHEAD_TIME:0.000000 us
MaxRSS= 5340 KB, SharedMem= 0 KB, HardPageFault= 2
fclose PID:28075 fd:3
fclose PID:28075 fd:4
fclose PID:28075 fd:4
fclose PID:28075 fd:3
READAHEAD_TIME:0.000000 us
MaxRSS= 4944 KB, SharedMem= 0 KB, HardPageFault= 4
	Command being timed: "mpiexec -n 4 ./MADbench2_io 4096 30 1 8 64 1 1 131072 7 1"
	User time (seconds): 18.43
	System time (seconds): 17.29
	Percent of CPU this job got: 83%
	Elapsed (wall clock) time (h:mm:ss or m:ss): 0:42.80
	Average shared text size (kbytes): 0
	Average unshared data size (kbytes): 0
	Average stack size (kbytes): 0
	Average total size (kbytes): 0
	Maximum resident set size (kbytes): 141716
	Average resident set size (kbytes): 0
	Major (requiring I/O) page faults: 47
	Minor (reclaiming a frame) page faults: 386856
	Voluntary context switches: 58898
	Involuntary context switches: 268
	Swaps: 0
	File system inputs: 15255312
	File system outputs: 15728712
	Socket messages sent: 0
	Socket messages received: 0
	Signals delivered: 0
	Page size (bytes): 4096
	Exit status: 0
READAHEAD_TIME:0.000000 us
MaxRSS= 2128 KB, SharedMem= 0 KB, HardPageFault= 0
*******************DMESG OUTPUT******************
