fclose PID:35634 fd:3
fclose PID:35634 fd:4
fclose PID:35634 fd:4
fclose PID:35634 fd:3
available: 2 nodes (0-1)
fclose PID:35634 fd:3
node 0 cpus:fclose PID:35634 fd:3
 0 1 2 3 4 5 6 7 8 9 20 21 22 23 24 25 26 27 28 29
node 0 size: 80440 MB
node 0 free: 80120 MB
fclose PID:35634 fd:3
node 1 cpus:fclose PID:35634 fd:3
 10 11 12 13 14 15 16 17 18 19 30 31 32 33 34 35 36 37 38 39
node 1 size: 80635 MB
node 1 free: 80368 MB
fclose PID:35634 fd:3
fclose PID:35634 fd:3
node distances:
node   0   1 
  0:  10  21 
  1:  21  10 
READAHEAD_TIME:0.000000 us
MaxRSS= 2188 KB, SharedMem= 0 KB, HardPageFault= 10
fclose PID:35640 fd:10
fclose PID:35650 fd:8
fclose PID:35645 fd:8
fclose PID:35647 fd:8
fclose PID:35644 fd:8
fclose PID:35646 fd:8
fclose PID:35652 fd:8
fclose PID:35653 fd:8
fclose PID:35648 fd:8
fclose PID:35649 fd:8
fclose PID:35639 fd:12
fclose PID:35642 fd:8
fclose PID:35641 fd:8
fclose PID:35654 fd:8
fclose PID:35643 fd:8
fclose PID:35651 fd:8

MADbench 2.0 IO-mode
no_pe = 16  no_pix = 4096  no_bin = 30  no_gang = 1 sblocksize = 8  fblocksize = 64  r_mod = 1  w_mod = 1 record_size=131072 stride=7


IOMETHOD = POSIX  IOMODE = SYNC  FILETYPE = UNIQUE  REMAP = CUSTOMbuild_S
build_S
build_S
build_S
build_S
build_S
build_S
build_S
build_S
build_S
build_S
build_S
build_S
build_S
build_S
build_S

Write the data to file:8388608 bytes
***********WAITING************

Write the data to file:8388608 bytes
***********WAITING************

Write the data to file:8388608 bytes
***********WAITING************

Write the data to file:8388608 bytes
***********WAITING************

Write the data to file:8388608 bytes
***********WAITING************

Write the data to file:8388608 bytes
***********WAITING************

Write the data to file:8388608 bytes
***********WAITING************

Write the data to file:8388608 bytes
***********WAITING************

Write the data to file:8388608 bytes
***********WAITING************

Write the data to file:8388608 bytes
***********WAITING************

Write the data to file:8388608 bytes
***********WAITING************

Write the data to file:8388608 bytes
***********WAITING************

Write the data to file:8388608 bytes
***********WAITING************

Write the data to file:8388608 bytes
***********WAITING************

Write the data to file:8388608 bytes
***********WAITING************

Write the data to file:8388608 bytes
***********WAITING************

Write the data to file:8388608 bytes
***********WAITING************

Write the data to file:8388608 bytes
***********WAITING************

Write the data to file:8388608 bytes
***********WAITING************

Write the data to file:8388608 bytes
***********WAITING************

Write the data to file:8388608 bytes
***********WAITING************

Write the data to file:8388608 bytes
***********WAITING************

Write the data to file:8388608 bytes
***********WAITING************

Write the data to file:8388608 bytes
***********WAITING************

Write the data to file:8388608 bytes
***********WAITING************

Write the data to file:8388608 bytes
***********WAITING************

Write the data to file:8388608 bytes
***********WAITING************

Write the data to file:8388608 bytes
***********WAITING************

Write the data to file:8388608 bytes
***********WAITING************

Write the data to file:8388608 bytes
***********WAITING************

Write the data to file:8388608 bytes
***********WAITING************

Write the data to file:8388608 bytes
***********WAITING************

Write the data to file:8388608 bytes
***********WAITING************

Write the data to file:8388608 bytes
***********WAITING************

Write the data to file:8388608 bytes
***********WAITING************

Write the data to file:8388608 bytes
***********WAITING************

Write the data to file:8388608 bytes
***********WAITING************

Write the data to file:8388608 bytes
***********WAITING************

Write the data to file:8388608 bytes
***********WAITING************

Write the data to file:8388608 bytes
***********WAITING************

Write the data to file:8388608 bytes
***********WAITING************

Write the data to file:8388608 bytes
***********WAITING************

Write the data to file:8388608 bytes
***********WAITING************

Write the data to file:8388608 bytes
***********WAITING************

Write the data to file:8388608 bytes
***********WAITING************

Write the data to file:8388608 bytes
***********WAITING************

Write the data to file:8388608 bytes
***********WAITING************

Write the data to file:8388608 bytes
***********WAITING************

Write the data to file:8388608 bytes
***********WAITING************

Write the data to file:8388608 bytes
***********WAITING************

Write the data to file:8388608 bytes
***********WAITING************

Write the data to file:8388608 bytes
***********WAITING************

Write the data to file:8388608 bytes
***********WAITING************

Write the data to file:8388608 bytes
***********WAITING************

Write the data to file:8388608 bytes
***********WAITING************

Write the data to file:8388608 bytes
***********WAITING************

Write the data to file:8388608 bytes
***********WAITING************

Write the data to file:8388608 bytes
***********WAITING************

Write the data to file:8388608 bytes
***********WAITING************

Write the data to file:8388608 bytes
***********WAITING************

Write the data to file:8388608 bytes
***********WAITING************

Write the data to file:8388608 bytes
***********WAITING************

Write the data to file:8388608 bytes
***********WAITING************

Write the data to file:8388608 bytes
***********WAITING************

Write the data to file:8388608 bytes
***********WAITING************

Write the data to file:8388608 bytes
***********WAITING************

Write the data to file:8388608 bytes
***********WAITING************

Write the data to file:8388608 bytes
***********WAITING************

Write the data to file:8388608 bytes
***********WAITING************

Write the data to file:8388608 bytes
***********WAITING************

Write the data to file:8388608 bytes
***********WAITING************

Write the data to file:8388608 bytes
***********WAITING************

Write the data to file:8388608 bytes
***********WAITING************

Write the data to file:8388608 bytes
***********WAITING************

Write the data to file:8388608 bytes
***********WAITING************

Write the data to file:8388608 bytes
***********WAITING************

Write the data to file:8388608 bytes
***********WAITING************

Write the data to file:8388608 bytes
***********WAITING************

Write the data to file:8388608 bytes
***********WAITING************

Write the data to file:8388608 bytes
***********WAITING************

Write the data to file:8388608 bytes
***********WAITING************

Write the data to file:8388608 bytes
***********WAITING************

Write the data to file:8388608 bytes
***********WAITING************

Write the data to file:8388608 bytes
***********WAITING************

Write the data to file:8388608 bytes
***********WAITING************

Write the data to file:8388608 bytes
***********WAITING************

Write the data to file:8388608 bytes
***********WAITING************

Write the data to file:8388608 bytes
***********WAITING************

Write the data to file:8388608 bytes
***********WAITING************

Write the data to file:8388608 bytes
***********WAITING************

Write the data to file:8388608 bytes
***********WAITING************

Write the data to file:8388608 bytes
***********WAITING************

Write the data to file:8388608 bytes
***********WAITING************

Write the data to file:8388608 bytes
***********WAITING************

Write the data to file:8388608 bytes
***********WAITING************

Write the data to file:8388608 bytes
***********WAITING************

Write the data to file:8388608 bytes
***********WAITING************

Write the data to file:8388608 bytes
***********WAITING************

Write the data to file:8388608 bytes
***********WAITING************

Write the data to file:8388608 bytes
***********WAITING************

Write the data to file:8388608 bytes
***********WAITING************

Write the data to file:8388608 bytes
***********WAITING************

Write the data to file:8388608 bytes
***********WAITING************

Write the data to file:8388608 bytes
***********WAITING************

Write the data to file:8388608 bytes
***********WAITING************

Write the data to file:8388608 bytes
***********WAITING************

Write the data to file:8388608 bytes
***********WAITING************

Write the data to file:8388608 bytes
***********WAITING************

Write the data to file:8388608 bytes
***********WAITING************

Write the data to file:8388608 bytes
***********WAITING************

Write the data to file:8388608 bytes
***********WAITING************

Write the data to file:8388608 bytes
***********WAITING************

Write the data to file:8388608 bytes
***********WAITING************

Write the data to file:8388608 bytes
***********WAITING************

Write the data to file:8388608 bytes
***********WAITING************

Write the data to file:8388608 bytes
***********WAITING************

Write the data to file:8388608 bytes
***********WAITING************

Write the data to file:8388608 bytes
***********WAITING************

Write the data to file:8388608 bytes
***********WAITING************

Write the data to file:8388608 bytes
***********WAITING************

Write the data to file:8388608 bytes
***********WAITING************

Write the data to file:8388608 bytes
***********WAITING************

Write the data to file:8388608 bytes
***********WAITING************

Write the data to file:8388608 bytes
***********WAITING************

Write the data to file:8388608 bytes
***********WAITING************

Write the data to file:8388608 bytes
***********WAITING************

Write the data to file:8388608 bytes
***********WAITING************

Write the data to file:8388608 bytes
***********WAITING************

Write the data to file:8388608 bytes
***********WAITING************

Write the data to file:8388608 bytes
***********WAITING************

Write the data to file:8388608 bytes
***********WAITING************

Write the data to file:8388608 bytes
***********WAITING************

Write the data to file:8388608 bytes
***********WAITING************

Write the data to file:8388608 bytes
***********WAITING************

Write the data to file:8388608 bytes
***********WAITING************

Write the data to file:8388608 bytes
***********WAITING************

Write the data to file:8388608 bytes
***********WAITING************

Write the data to file:8388608 bytes
***********WAITING************

Write the data to file:8388608 bytes
***********WAITING************

Write the data to file:8388608 bytes
***********WAITING************

Write the data to file:8388608 bytes
***********WAITING************

Write the data to file:8388608 bytes
***********WAITING************

Write the data to file:8388608 bytes
***********WAITING************

Write the data to file:8388608 bytes
***********WAITING************

Write the data to file:8388608 bytes
***********WAITING************

Write the data to file:8388608 bytes
***********WAITING************

Write the data to file:8388608 bytes
***********WAITING************

Write the data to file:8388608 bytes
***********WAITING************

Write the data to file:8388608 bytes
***********WAITING************

Write the data to file:8388608 bytes
***********WAITING************

Write the data to file:8388608 bytes
***********WAITING************

Write the data to file:8388608 bytes
***********WAITING************

Write the data to file:8388608 bytes
***********WAITING************

Write the data to file:8388608 bytes
***********WAITING************

Write the data to file:8388608 bytes
***********WAITING************

Write the data to file:8388608 bytes
***********WAITING************

Write the data to file:8388608 bytes
***********WAITING************

Write the data to file:8388608 bytes
***********WAITING************

Write the data to file:8388608 bytes
***********WAITING************

Write the data to file:8388608 bytes
***********WAITING************

Write the data to file:8388608 bytes
***********WAITING************

Write the data to file:8388608 bytes
***********WAITING************

Write the data to file:8388608 bytes
***********WAITING************

Write the data to file:8388608 bytes
***********WAITING************

Write the data to file:8388608 bytes
***********WAITING************

Write the data to file:8388608 bytes
***********WAITING************

Write the data to file:8388608 bytes
***********WAITING************

Write the data to file:8388608 bytes
***********WAITING************

Write the data to file:8388608 bytes
***********WAITING************

Write the data to file:8388608 bytes
***********WAITING************

Write the data to file:8388608 bytes
***********WAITING************

Write the data to file:8388608 bytes
***********WAITING************

Write the data to file:8388608 bytes
***********WAITING************

Write the data to file:8388608 bytes
***********WAITING************

Write the data to file:8388608 bytes
***********WAITING************

Write the data to file:8388608 bytes
***********WAITING************

Write the data to file:8388608 bytes
***********WAITING************

Write the data to file:8388608 bytes
***********WAITING************

Write the data to file:8388608 bytes
***********WAITING************

Write the data to file:8388608 bytes
***********WAITING************

Write the data to file:8388608 bytes
***********WAITING************

Write the data to file:8388608 bytes
***********WAITING************

Write the data to file:8388608 bytes
***********WAITING************

Write the data to file:8388608 bytes
***********WAITING************

Write the data to file:8388608 bytes
***********WAITING************

Write the data to file:8388608 bytes
***********WAITING************

Write the data to file:8388608 bytes
***********WAITING************

Write the data to file:8388608 bytes
***********WAITING************

Write the data to file:8388608 bytes
***********WAITING************

Write the data to file:8388608 bytes
***********WAITING************

Write the data to file:8388608 bytes
***********WAITING************

Write the data to file:8388608 bytes
***********WAITING************

Write the data to file:8388608 bytes
***********WAITING************

Write the data to file:8388608 bytes
***********WAITING************

Write the data to file:8388608 bytes
***********WAITING************

Write the data to file:8388608 bytes
***********WAITING************

Write the data to file:8388608 bytes
***********WAITING************

Write the data to file:8388608 bytes
***********WAITING************

Write the data to file:8388608 bytes
***********WAITING************

Write the data to file:8388608 bytes
***********WAITING************

Write the data to file:8388608 bytes
***********WAITING************

Write the data to file:8388608 bytes
***********WAITING************

Write the data to file:8388608 bytes
***********WAITING************

Write the data to file:8388608 bytes
***********WAITING************

Write the data to file:8388608 bytes
***********WAITING************

Write the data to file:8388608 bytes
***********WAITING************

Write the data to file:8388608 bytes
***********WAITING************

Write the data to file:8388608 bytes
***********WAITING************

Write the data to file:8388608 bytes
***********WAITING************

Write the data to file:8388608 bytes
***********WAITING************

Write the data to file:8388608 bytes
***********WAITING************

Write the data to file:8388608 bytes
***********WAITING************

Write the data to file:8388608 bytes
***********WAITING************

Write the data to file:8388608 bytes
***********WAITING************

Write the data to file:8388608 bytes
***********WAITING************

Write the data to file:8388608 bytes
***********WAITING************

Write the data to file:8388608 bytes
***********WAITING************

Write the data to file:8388608 bytes
***********WAITING************

Write the data to file:8388608 bytes
***********WAITING************

Write the data to file:8388608 bytes
***********WAITING************

Write the data to file:8388608 bytes
***********WAITING************

Write the data to file:8388608 bytes
***********WAITING************

Write the data to file:8388608 bytes
***********WAITING************

Write the data to file:8388608 bytes
***********WAITING************

Write the data to file:8388608 bytes
***********WAITING************

Write the data to file:8388608 bytes
***********WAITING************

Write the data to file:8388608 bytes
***********WAITING************

Write the data to file:8388608 bytes
***********WAITING************

Write the data to file:8388608 bytes
***********WAITING************

Write the data to file:8388608 bytes
***********WAITING************

Write the data to file:8388608 bytes
***********WAITING************

Write the data to file:8388608 bytes
***********WAITING************

Write the data to file:8388608 bytes
***********WAITING************

Write the data to file:8388608 bytes
***********WAITING************

Write the data to file:8388608 bytes
***********WAITING************

Write the data to file:8388608 bytes
***********WAITING************

Write the data to file:8388608 bytes
***********WAITING************

Write the data to file:8388608 bytes
***********WAITING************

Write the data to file:8388608 bytes
***********WAITING************

Write the data to file:8388608 bytes
***********WAITING************

Write the data to file:8388608 bytes
***********WAITING************

Write the data to file:8388608 bytes
***********WAITING************

Write the data to file:8388608 bytes
***********WAITING************

Write the data to file:8388608 bytes
***********WAITING************

Write the data to file:8388608 bytes
***********WAITING************

Write the data to file:8388608 bytes
***********WAITING************

Write the data to file:8388608 bytes
***********WAITING************

Write the data to file:8388608 bytes
***********WAITING************

Write the data to file:8388608 bytes
***********WAITING************

Write the data to file:8388608 bytes
***********WAITING************

Write the data to file:8388608 bytes
***********WAITING************

Write the data to file:8388608 bytes
***********WAITING************

Write the data to file:8388608 bytes
***********WAITING************

Write the data to file:8388608 bytes
***********WAITING************

Write the data to file:8388608 bytes
***********WAITING************

Write the data to file:8388608 bytes
***********WAITING************

Write the data to file:8388608 bytes
***********WAITING************

Write the data to file:8388608 bytes
***********WAITING************

Write the data to file:8388608 bytes
***********WAITING************

Write the data to file:8388608 bytes
***********WAITING************

Write the data to file:8388608 bytes
***********WAITING************

Write the data to file:8388608 bytes
***********WAITING************

Write the data to file:8388608 bytes
***********WAITING************

Write the data to file:8388608 bytes
***********WAITING************

Write the data to file:8388608 bytes
***********WAITING************

Write the data to file:8388608 bytes
***********WAITING************

Write the data to file:8388608 bytes
***********WAITING************

Write the data to file:8388608 bytes
***********WAITING************

Write the data to file:8388608 bytes
***********WAITING************

Write the data to file:8388608 bytes
***********WAITING************

Write the data to file:8388608 bytes
***********WAITING************

Write the data to file:8388608 bytes
***********WAITING************

Write the data to file:8388608 bytes
***********WAITING************

Write the data to file:8388608 bytes
***********WAITING************

Write the data to file:8388608 bytes
***********WAITING************

Write the data to file:8388608 bytes
***********WAITING************

Write the data to file:8388608 bytes
***********WAITING************

Write the data to file:8388608 bytes
***********WAITING************

Write the data to file:8388608 bytes
***********WAITING************

Write the data to file:8388608 bytes
***********WAITING************

Write the data to file:8388608 bytes
***********WAITING************

Write the data to file:8388608 bytes
***********WAITING************

Write the data to file:8388608 bytes
***********WAITING************

Write the data to file:8388608 bytes
***********WAITING************

Write the data to file:8388608 bytes
***********WAITING************

Write the data to file:8388608 bytes
***********WAITING************

Write the data to file:8388608 bytes
***********WAITING************

Write the data to file:8388608 bytes
***********WAITING************

Write the data to file:8388608 bytes
***********WAITING************

Write the data to file:8388608 bytes
***********WAITING************

Write the data to file:8388608 bytes
***********WAITING************

Write the data to file:8388608 bytes
***********WAITING************

Write the data to file:8388608 bytes
***********WAITING************

Write the data to file:8388608 bytes
***********WAITING************

Write the data to file:8388608 bytes
***********WAITING************

Write the data to file:8388608 bytes
***********WAITING************

Write the data to file:8388608 bytes
***********WAITING************

Write the data to file:8388608 bytes
***********WAITING************

Write the data to file:8388608 bytes
***********WAITING************

Write the data to file:8388608 bytes
***********WAITING************

Write the data to file:8388608 bytes
***********WAITING************

Write the data to file:8388608 bytes
***********WAITING************

Write the data to file:8388608 bytes
***********WAITING************

Write the data to file:8388608 bytes
***********WAITING************

Write the data to file:8388608 bytes
***********WAITING************

Write the data to file:8388608 bytes
***********WAITING************

Write the data to file:8388608 bytes
***********WAITING************

Write the data to file:8388608 bytes
***********WAITING************

Write the data to file:8388608 bytes
***********WAITING************

Write the data to file:8388608 bytes
***********WAITING************

Write the data to file:8388608 bytes
***********WAITING************

Write the data to file:8388608 bytes
***********WAITING************

Write the data to file:8388608 bytes
***********WAITING************

Write the data to file:8388608 bytes
***********WAITING************

Write the data to file:8388608 bytes
***********WAITING************

Write the data to file:8388608 bytes
***********WAITING************

Write the data to file:8388608 bytes
***********WAITING************

Write the data to file:8388608 bytes
***********WAITING************

Write the data to file:8388608 bytes
***********WAITING************

Write the data to file:8388608 bytes
***********WAITING************

Write the data to file:8388608 bytes
***********WAITING************

Write the data to file:8388608 bytes
***********WAITING************

Write the data to file:8388608 bytes
***********WAITING************

Write the data to file:8388608 bytes
***********WAITING************

Write the data to file:8388608 bytes
***********WAITING************

Write the data to file:8388608 bytes
***********WAITING************

Write the data to file:8388608 bytes
***********WAITING************

Write the data to file:8388608 bytes
***********WAITING************

Write the data to file:8388608 bytes
***********WAITING************

Write the data to file:8388608 bytes
***********WAITING************

Write the data to file:8388608 bytes
***********WAITING************

Write the data to file:8388608 bytes
***********WAITING************

Write the data to file:8388608 bytes
***********WAITING************

Write the data to file:8388608 bytes
***********WAITING************

Write the data to file:8388608 bytes
***********WAITING************

Write the data to file:8388608 bytes
***********WAITING************

Write the data to file:8388608 bytes
***********WAITING************

Write the data to file:8388608 bytes
***********WAITING************

Write the data to file:8388608 bytes
***********WAITING************

Write the data to file:8388608 bytes
***********WAITING************

Write the data to file:8388608 bytes
***********WAITING************

Write the data to file:8388608 bytes
***********WAITING************

Write the data to file:8388608 bytes
***********WAITING************

Write the data to file:8388608 bytes
***********WAITING************

Write the data to file:8388608 bytes
***********WAITING************

Write the data to file:8388608 bytes
***********WAITING************

Write the data to file:8388608 bytes
***********WAITING************

Write the data to file:8388608 bytes
***********WAITING************

Write the data to file:8388608 bytes
***********WAITING************

Write the data to file:8388608 bytes
***********WAITING************

Write the data to file:8388608 bytes
***********WAITING************

Write the data to file:8388608 bytes
***********WAITING************

Write the data to file:8388608 bytes
***********WAITING************

Write the data to file:8388608 bytes
***********WAITING************

Write the data to file:8388608 bytes
***********WAITING************

Write the data to file:8388608 bytes
***********WAITING************

Write the data to file:8388608 bytes
***********WAITING************

Write the data to file:8388608 bytes
***********WAITING************

Write the data to file:8388608 bytes
***********WAITING************

Write the data to file:8388608 bytes
***********WAITING************

Write the data to file:8388608 bytes
***********WAITING************

Write the data to file:8388608 bytes
***********WAITING************

Write the data to file:8388608 bytes
***********WAITING************

Write the data to file:8388608 bytes
***********WAITING************

Write the data to file:8388608 bytes
***********WAITING************

Write the data to file:8388608 bytes
***********WAITING************

Write the data to file:8388608 bytes
***********WAITING************

Write the data to file:8388608 bytes
***********WAITING************

Write the data to file:8388608 bytes
***********WAITING************

Write the data to file:8388608 bytes
***********WAITING************

Write the data to file:8388608 bytes
***********WAITING************

Write the data to file:8388608 bytes
***********WAITING************

Write the data to file:8388608 bytes
***********WAITING************

Write the data to file:8388608 bytes
***********WAITING************

Write the data to file:8388608 bytes
***********WAITING************

Write the data to file:8388608 bytes
***********WAITING************

Write the data to file:8388608 bytes
***********WAITING************

Write the data to file:8388608 bytes
***********WAITING************

Write the data to file:8388608 bytes
***********WAITING************

Write the data to file:8388608 bytes
***********WAITING************

Write the data to file:8388608 bytes
***********WAITING************

Write the data to file:8388608 bytes
***********WAITING************

Write the data to file:8388608 bytes
***********WAITING************

Write the data to file:8388608 bytes
***********WAITING************

Write the data to file:8388608 bytes
***********WAITING************

Write the data to file:8388608 bytes
***********WAITING************

Write the data to file:8388608 bytes
***********WAITING************

Write the data to file:8388608 bytes
***********WAITING************

Write the data to file:8388608 bytes
***********WAITING************

Write the data to file:8388608 bytes
***********WAITING************

Write the data to file:8388608 bytes
***********WAITING************

Write the data to file:8388608 bytes
***********WAITING************

Write the data to file:8388608 bytes
***********WAITING************

Write the data to file:8388608 bytes
***********WAITING************

Write the data to file:8388608 bytes
***********WAITING************

Write the data to file:8388608 bytes
***********WAITING************

Write the data to file:8388608 bytes
***********WAITING************

Write the data to file:8388608 bytes
***********WAITING************

Write the data to file:8388608 bytes
***********WAITING************

Write the data to file:8388608 bytes
***********WAITING************

Write the data to file:8388608 bytes
***********WAITING************

Write the data to file:8388608 bytes
***********WAITING************

Write the data to file:8388608 bytes
***********WAITING************

Write the data to file:8388608 bytes
***********WAITING************

Write the data to file:8388608 bytes
***********WAITING************

Write the data to file:8388608 bytes
***********WAITING************

Write the data to file:8388608 bytes
***********WAITING************

Write the data to file:8388608 bytes
***********WAITING************

Write the data to file:8388608 bytes
***********WAITING************

Write the data to file:8388608 bytes
***********WAITING************

Write the data to file:8388608 bytes
***********WAITING************

Write the data to file:8388608 bytes
***********WAITING************

Write the data to file:8388608 bytes
***********WAITING************

Write the data to file:8388608 bytes
***********WAITING************

Write the data to file:8388608 bytes
***********WAITING************

Write the data to file:8388608 bytes
***********WAITING************

Write the data to file:8388608 bytes
***********WAITING************

Write the data to file:8388608 bytes
***********WAITING************

Write the data to file:8388608 bytes
***********WAITING************

Write the data to file:8388608 bytes
***********WAITING************

Write the data to file:8388608 bytes
***********WAITING************

Write the data to file:8388608 bytes
***********WAITING************

Write the data to file:8388608 bytes
***********WAITING************

Write the data to file:8388608 bytes
***********WAITING************

Write the data to file:8388608 bytes
***********WAITING************

Write the data to file:8388608 bytes
***********WAITING************

Write the data to file:8388608 bytes
***********WAITING************

Write the data to file:8388608 bytes
***********WAITING************

Write the data to file:8388608 bytes
***********WAITING************

Write the data to file:8388608 bytes
***********WAITING************

Write the data to file:8388608 bytes
***********WAITING************

Write the data to file:8388608 bytes
***********WAITING************

Write the data to file:8388608 bytes
***********WAITING************

Write the data to file:8388608 bytes
***********WAITING************

Write the data to file:8388608 bytes
***********WAITING************

Write the data to file:8388608 bytes
***********WAITING************

Write the data to file:8388608 bytes
***********WAITING************

Write the data to file:8388608 bytes
***********WAITING************

Write the data to file:8388608 bytes
***********WAITING************

Write the data to file:8388608 bytes
***********WAITING************

Write the data to file:8388608 bytes
***********WAITING************

Write the data to file:8388608 bytes
***********WAITING************

Write the data to file:8388608 bytes
***********WAITING************

Write the data to file:8388608 bytes
***********WAITING************

Write the data to file:8388608 bytes
***********WAITING************

Write the data to file:8388608 bytes
***********WAITING************

Write the data to file:8388608 bytes
***********WAITING************

Write the data to file:8388608 bytes
***********WAITING************

Write the data to file:8388608 bytes
***********WAITING************

Write the data to file:8388608 bytes
***********WAITING************

Write the data to file:8388608 bytes
***********WAITING************

Write the data to file:8388608 bytes
***********WAITING************

Write the data to file:8388608 bytes
***********WAITING************

Write the data to file:8388608 bytes
***********WAITING************

Write the data to file:8388608 bytes
***********WAITING************

Write the data to file:8388608 bytes
***********WAITING************

Write the data to file:8388608 bytes
***********WAITING************

Write the data to file:8388608 bytes
***********WAITING************

Write the data to file:8388608 bytes
***********WAITING************

Write the data to file:8388608 bytes
***********WAITING************

Write the data to file:8388608 bytes
***********WAITING************

Write the data to file:8388608 bytes
***********WAITING************

Write the data to file:8388608 bytes
***********WAITING************

Write the data to file:8388608 bytes
***********WAITING************

Write the data to file:8388608 bytes
***********WAITING************

Write the data to file:8388608 bytes
***********WAITING************

Write the data to file:8388608 bytes
***********WAITING************

Write the data to file:8388608 bytes
***********WAITING************

Write the data to file:8388608 bytes
***********WAITING************

Write the data to file:8388608 bytes
***********WAITING************

Write the data to file:8388608 bytes
***********WAITING************

Write the data to file:8388608 bytes
***********WAITING************

Write the data to file:8388608 bytes
***********WAITING************

Write the data to file:8388608 bytes
***********WAITING************

Write the data to file:8388608 bytes
***********WAITING************

Write the data to file:8388608 bytes
***********WAITING************

Write the data to file:8388608 bytes
***********WAITING************

Write the data to file:8388608 bytes
***********WAITING************

Write the data to file:8388608 bytes
***********WAITING************

Write the data to file:8388608 bytes
***********WAITING************
S_cc         0.23   [      0.23:      0.23]
S_bw         0.06   [      0.06:      0.06]
S_w          8.23   [      8.23:      8.23]
          -------
S_total      8.52   [      8.52:      8.52]

build_S done
calc_W
build_S done
calc_W
build_S done
calc_W
build_S done
calc_W
build_S done
calc_W
build_S done
calc_W
nr_of_strided_rec: 8
build_S done
calc_W
nr_of_strided_rec: 8
nr_doubles: 16384
build_S done
calc_W
nr_of_strided_rec: 8
nr_doubles: 16384
build_S done
calc_W
nr_of_strided_rec: 8
nr_doubles: 16384
build_S done
calc_W
nr_of_strided_rec: 8
nr_doubles: 16384
build_S done
calc_W
nr_of_strided_rec: 8
nr_doubles: 16384
build_S done
calc_W
nr_of_strided_rec: 8
nr_doubles: 16384
build_S done
calc_W
nr_of_strided_rec: 8
nr_doubles: 16384
build_S done
calc_W
nr_of_strided_rec: 8
nr_doubles: 16384
build_S done
calc_W
nr_of_strided_rec: 8
nr_doubles: 16384
build_S done
calc_W
nr_of_strided_rec: 8
nr_doubles: 16384
nr_of_strided_rec: 8
nr_doubles: 16384
nr_of_strided_rec: 8
nr_doubles: 16384
nr_of_strided_rec: 8
nr_doubles: 16384
nr_of_strided_rec: 8
nr_doubles: 16384
nr_of_strided_rec: 8
nr_doubles: 16384
nr_doubles: 16384
nr_of_strided_rec: 8
nr_doubles: 16384
nr_of_strided_rec: 8
nr_doubles: 16384
nr_of_strided_rec: 8
nr_doubles: 16384
nr_of_strided_rec: 8
nr_doubles: 16384
nr_of_strided_rec: 8
nr_doubles: 16384
nr_of_strided_rec: 8
nr_doubles: 16384
nr_of_strided_rec: 8
nr_doubles: 16384
nr_of_strided_rec: 8
nr_doubles: 16384
nr_of_strided_rec: 8
nr_doubles: 16384
nr_of_strided_rec: 8
nr_doubles: 16384
nr_of_strided_rec: 8
nr_doubles: 16384
nr_of_strided_rec: 8
nr_doubles: 16384
nr_of_strided_rec: 8
nr_doubles: 16384
nr_of_strided_rec: 8
nr_doubles: 16384
nr_of_strided_rec: 8
nr_doubles: 16384
nr_of_strided_rec: 8
nr_doubles: 16384

Write the data to file:8388608 bytes
***********WAITING************

Write the data to file:8388608 bytes
***********WAITING************

Write the data to file:8388608 bytes
***********WAITING************

Write the data to file:8388608 bytes
***********WAITING************

Write the data to file:8388608 bytes
***********WAITING************

Write the data to file:8388608 bytes
***********WAITING************

Write the data to file:8388608 bytes
***********WAITING************

Write the data to file:8388608 bytes
***********WAITING************

Write the data to file:8388608 bytes
***********WAITING************

Write the data to file:8388608 bytes
***********WAITING************

Write the data to file:8388608 bytes
***********WAITING************

Write the data to file:8388608 bytes
***********WAITING************

Write the data to file:8388608 bytes
***********WAITING************

Write the data to file:8388608 bytes
***********WAITING************

Write the data to file:8388608 bytes
***********WAITING************

Write the data to file:8388608 bytes
***********WAITING************
nr_of_strided_rec: 8
nr_doubles: 16384
nr_of_strided_rec: 8
nr_doubles: 16384
nr_of_strided_rec: 8
nr_doubles: 16384
nr_of_strided_rec: 8
nr_doubles: 16384
nr_of_strided_rec: 8
nr_doubles: 16384
nr_of_strided_rec: 8
nr_doubles: 16384
nr_of_strided_rec: 8
nr_doubles: 16384
nr_of_strided_rec: 8
nr_doubles: 16384
nr_of_strided_rec: 8
nr_doubles: 16384
nr_of_strided_rec: 8
nr_doubles: 16384
nr_of_strided_rec: 8
nr_doubles: 16384
nr_of_strided_rec: 8
nr_doubles: 16384
nr_of_strided_rec: 8
nr_doubles: 16384
nr_of_strided_rec: 8
nr_doubles: 16384
nr_of_strided_rec: 8
nr_doubles: 16384
nr_of_strided_rec: 8
nr_doubles: 16384

Write the data to file:8388608 bytes
***********WAITING************

Write the data to file:8388608 bytes
***********WAITING************

Write the data to file:8388608 bytes
***********WAITING************

Write the data to file:8388608 bytes
***********WAITING************

Write the data to file:8388608 bytes
***********WAITING************

Write the data to file:8388608 bytes
***********WAITING************

Write the data to file:8388608 bytes
***********WAITING************

Write the data to file:8388608 bytes
***********WAITING************

Write the data to file:8388608 bytes
***********WAITING************

Write the data to file:8388608 bytes
***********WAITING************

Write the data to file:8388608 bytes
***********WAITING************

Write the data to file:8388608 bytes
***********WAITING************

Write the data to file:8388608 bytes
***********WAITING************

Write the data to file:8388608 bytes
***********WAITING************

Write the data to file:8388608 bytes
***********WAITING************

Write the data to file:8388608 bytes
***********WAITING************
nr_of_strided_rec: 8
nr_doubles: 16384
nr_of_strided_rec: 8
nr_doubles: 16384
nr_of_strided_rec: 8
nr_doubles: 16384
nr_of_strided_rec: 8
nr_doubles: 16384
nr_of_strided_rec: 8
nr_doubles: 16384
nr_of_strided_rec: 8
nr_doubles: 16384
nr_of_strided_rec: 8
nr_doubles: 16384
nr_of_strided_rec: 8
nr_doubles: 16384
nr_of_strided_rec: 8
nr_doubles: 16384
nr_of_strided_rec: 8
nr_doubles: 16384
nr_of_strided_rec: 8
nr_doubles: 16384
nr_of_strided_rec: 8
nr_doubles: 16384
nr_of_strided_rec: 8
nr_doubles: 16384
nr_of_strided_rec: 8
nr_doubles: 16384
nr_of_strided_rec: 8
nr_doubles: 16384
nr_of_strided_rec: 8
nr_doubles: 16384

Write the data to file:8388608 bytes
***********WAITING************

Write the data to file:8388608 bytes
***********WAITING************

Write the data to file:8388608 bytes
***********WAITING************

Write the data to file:8388608 bytes
***********WAITING************

Write the data to file:8388608 bytes
***********WAITING************

Write the data to file:8388608 bytes
***********WAITING************

Write the data to file:8388608 bytes
***********WAITING************

Write the data to file:8388608 bytes
***********WAITING************

Write the data to file:8388608 bytes
***********WAITING************

Write the data to file:8388608 bytes
***********WAITING************

Write the data to file:8388608 bytes
***********WAITING************

Write the data to file:8388608 bytes
***********WAITING************

Write the data to file:8388608 bytes
***********WAITING************

Write the data to file:8388608 bytes
***********WAITING************

Write the data to file:8388608 bytes
***********WAITING************

Write the data to file:8388608 bytes
***********WAITING************
nr_of_strided_rec: 8
nr_doubles: 16384
nr_of_strided_rec: 8
nr_doubles: 16384
nr_of_strided_rec: 8
nr_doubles: 16384
nr_of_strided_rec: 8
nr_doubles: 16384
nr_of_strided_rec: 8
nr_doubles: 16384
nr_of_strided_rec: 8
nr_doubles: 16384
nr_of_strided_rec: 8
nr_doubles: 16384
nr_of_strided_rec: 8
nr_doubles: 16384
nr_of_strided_rec: 8
nr_doubles: 16384
nr_of_strided_rec: 8
nr_doubles: 16384
nr_of_strided_rec: 8
nr_doubles: 16384
nr_of_strided_rec: 8
nr_doubles: 16384
nr_of_strided_rec: 8
nr_doubles: 16384
nr_of_strided_rec: 8
nr_doubles: 16384
nr_of_strided_rec: 8
nr_doubles: 16384
nr_of_strided_rec: 8
nr_doubles: 16384

Write the data to file:8388608 bytes
***********WAITING************

Write the data to file:8388608 bytes
***********WAITING************

Write the data to file:8388608 bytes
***********WAITING************

Write the data to file:8388608 bytes
***********WAITING************

Write the data to file:8388608 bytes
***********WAITING************

Write the data to file:8388608 bytes
***********WAITING************

Write the data to file:8388608 bytes
***********WAITING************

Write the data to file:8388608 bytes
***********WAITING************

Write the data to file:8388608 bytes
***********WAITING************

Write the data to file:8388608 bytes
***********WAITING************

Write the data to file:8388608 bytes
***********WAITING************

Write the data to file:8388608 bytes
***********WAITING************

Write the data to file:8388608 bytes
***********WAITING************

Write the data to file:8388608 bytes
***********WAITING************

Write the data to file:8388608 bytes
***********WAITING************

Write the data to file:8388608 bytes
***********WAITING************
nr_of_strided_rec: 8
nr_doubles: 16384
nr_of_strided_rec: 8
nr_doubles: 16384
nr_of_strided_rec: 8
nr_doubles: 16384
nr_of_strided_rec: 8
nr_doubles: 16384
nr_of_strided_rec: 8
nr_doubles: 16384
nr_of_strided_rec: 8
nr_doubles: 16384
nr_of_strided_rec: 8
nr_doubles: 16384
nr_of_strided_rec: 8
nr_doubles: 16384
nr_of_strided_rec: 8
nr_doubles: 16384
nr_of_strided_rec: 8
nr_doubles: 16384
nr_of_strided_rec: 8
nr_doubles: 16384
nr_of_strided_rec: 8
nr_doubles: 16384
nr_of_strided_rec: 8
nr_doubles: 16384
nr_of_strided_rec: 8
nr_doubles: 16384
nr_of_strided_rec: 8
nr_doubles: 16384
nr_of_strided_rec: 8
nr_doubles: 16384

Write the data to file:8388608 bytes
***********WAITING************

Write the data to file:8388608 bytes
***********WAITING************

Write the data to file:8388608 bytes
***********WAITING************

Write the data to file:8388608 bytes
***********WAITING************

Write the data to file:8388608 bytes
***********WAITING************

Write the data to file:8388608 bytes
***********WAITING************

Write the data to file:8388608 bytes
***********WAITING************

Write the data to file:8388608 bytes
***********WAITING************

Write the data to file:8388608 bytes
***********WAITING************

Write the data to file:8388608 bytes
***********WAITING************

Write the data to file:8388608 bytes
***********WAITING************

Write the data to file:8388608 bytes
***********WAITING************

Write the data to file:8388608 bytes
***********WAITING************

Write the data to file:8388608 bytes
***********WAITING************

Write the data to file:8388608 bytes
***********WAITING************

Write the data to file:8388608 bytes
***********WAITING************
nr_of_strided_rec: 8
nr_doubles: 16384
nr_of_strided_rec: 8
nr_doubles: 16384
nr_of_strided_rec: 8
nr_doubles: 16384
nr_of_strided_rec: 8
nr_doubles: 16384
nr_of_strided_rec: 8
nr_doubles: 16384
nr_of_strided_rec: 8
nr_doubles: 16384
nr_of_strided_rec: 8
nr_doubles: 16384
nr_of_strided_rec: 8
nr_doubles: 16384
nr_of_strided_rec: 8
nr_doubles: 16384
nr_of_strided_rec: 8
nr_doubles: 16384
nr_of_strided_rec: 8
nr_doubles: 16384
nr_of_strided_rec: 8
nr_doubles: 16384
nr_of_strided_rec: 8
nr_doubles: 16384
nr_of_strided_rec: 8
nr_doubles: 16384
nr_of_strided_rec: 8
nr_doubles: 16384
nr_of_strided_rec: 8
nr_doubles: 16384

Write the data to file:8388608 bytes
***********WAITING************

Write the data to file:8388608 bytes
***********WAITING************

Write the data to file:8388608 bytes
***********WAITING************

Write the data to file:8388608 bytes
***********WAITING************

Write the data to file:8388608 bytes
***********WAITING************

Write the data to file:8388608 bytes
***********WAITING************

Write the data to file:8388608 bytes
***********WAITING************

Write the data to file:8388608 bytes
***********WAITING************

Write the data to file:8388608 bytes
***********WAITING************

Write the data to file:8388608 bytes
***********WAITING************

Write the data to file:8388608 bytes
***********WAITING************

Write the data to file:8388608 bytes
***********WAITING************

Write the data to file:8388608 bytes
***********WAITING************

Write the data to file:8388608 bytes
***********WAITING************

Write the data to file:8388608 bytes
***********WAITING************

Write the data to file:8388608 bytes
***********WAITING************
nr_of_strided_rec: 8
nr_doubles: 16384
nr_of_strided_rec: 8
nr_doubles: 16384
nr_of_strided_rec: 8
nr_doubles: 16384
nr_of_strided_rec: 8
nr_doubles: 16384
nr_of_strided_rec: 8
nr_doubles: 16384
nr_of_strided_rec: 8
nr_doubles: 16384
nr_of_strided_rec: 8
nr_doubles: 16384
nr_of_strided_rec: 8
nr_doubles: 16384
nr_of_strided_rec: 8
nr_doubles: 16384
nr_of_strided_rec: 8
nr_doubles: 16384
nr_of_strided_rec: 8
nr_doubles: 16384
nr_of_strided_rec: 8
nr_doubles: 16384
nr_of_strided_rec: 8
nr_doubles: 16384
nr_of_strided_rec: 8
nr_doubles: 16384
nr_of_strided_rec: 8
nr_doubles: 16384
nr_of_strided_rec: 8
nr_doubles: 16384

Write the data to file:8388608 bytes
***********WAITING************

Write the data to file:8388608 bytes
***********WAITING************

Write the data to file:8388608 bytes
***********WAITING************

Write the data to file:8388608 bytes
***********WAITING************

Write the data to file:8388608 bytes
***********WAITING************

Write the data to file:8388608 bytes
***********WAITING************

Write the data to file:8388608 bytes
***********WAITING************

Write the data to file:8388608 bytes
***********WAITING************

Write the data to file:8388608 bytes
***********WAITING************

Write the data to file:8388608 bytes
***********WAITING************

Write the data to file:8388608 bytes
***********WAITING************

Write the data to file:8388608 bytes
***********WAITING************

Write the data to file:8388608 bytes
***********WAITING************

Write the data to file:8388608 bytes
***********WAITING************

Write the data to file:8388608 bytes
***********WAITING************

Write the data to file:8388608 bytes
***********WAITING************
nr_of_strided_rec: 8
nr_doubles: 16384
nr_of_strided_rec: 8
nr_doubles: 16384
nr_of_strided_rec: 8
nr_doubles: 16384
nr_of_strided_rec: 8
nr_doubles: 16384
nr_of_strided_rec: 8
nr_doubles: 16384
nr_of_strided_rec: 8
nr_doubles: 16384
nr_of_strided_rec: 8
nr_doubles: 16384
nr_of_strided_rec: 8
nr_doubles: 16384
nr_of_strided_rec: 8
nr_doubles: 16384
nr_of_strided_rec: 8
nr_doubles: 16384
nr_of_strided_rec: 8
nr_doubles: 16384
nr_of_strided_rec: 8
nr_doubles: 16384
nr_of_strided_rec: 8
nr_doubles: 16384
nr_of_strided_rec: 8
nr_doubles: 16384
nr_of_strided_rec: 8
nr_doubles: 16384
nr_of_strided_rec: 8
nr_doubles: 16384

Write the data to file:8388608 bytes
***********WAITING************

Write the data to file:8388608 bytes
***********WAITING************

Write the data to file:8388608 bytes
***********WAITING************

Write the data to file:8388608 bytes
***********WAITING************

Write the data to file:8388608 bytes
***********WAITING************

Write the data to file:8388608 bytes
***********WAITING************

Write the data to file:8388608 bytes
***********WAITING************

Write the data to file:8388608 bytes
***********WAITING************

Write the data to file:8388608 bytes
***********WAITING************

Write the data to file:8388608 bytes
***********WAITING************

Write the data to file:8388608 bytes
***********WAITING************

Write the data to file:8388608 bytes
***********WAITING************

Write the data to file:8388608 bytes
***********WAITING************

Write the data to file:8388608 bytes
***********WAITING************

Write the data to file:8388608 bytes
***********WAITING************

Write the data to file:8388608 bytes
***********WAITING************
nr_of_strided_rec: 8
nr_doubles: 16384
nr_of_strided_rec: 8
nr_doubles: 16384
nr_of_strided_rec: 8
nr_doubles: 16384
nr_of_strided_rec: 8
nr_doubles: 16384
nr_of_strided_rec: 8
nr_doubles: 16384
nr_of_strided_rec: 8
nr_doubles: 16384
nr_of_strided_rec: 8
nr_doubles: 16384
nr_of_strided_rec: 8
nr_doubles: 16384
nr_of_strided_rec: 8
nr_doubles: 16384
nr_of_strided_rec: 8
nr_doubles: 16384
nr_of_strided_rec: 8
nr_doubles: 16384
nr_of_strided_rec: 8
nr_doubles: 16384
nr_of_strided_rec: 8
nr_doubles: 16384
nr_of_strided_rec: 8
nr_doubles: 16384
nr_of_strided_rec: 8
nr_doubles: 16384
nr_of_strided_rec: 8
nr_doubles: 16384

Write the data to file:8388608 bytes
***********WAITING************

Write the data to file:8388608 bytes
***********WAITING************

Write the data to file:8388608 bytes
***********WAITING************

Write the data to file:8388608 bytes
***********WAITING************

Write the data to file:8388608 bytes
***********WAITING************

Write the data to file:8388608 bytes
***********WAITING************

Write the data to file:8388608 bytes
***********WAITING************

Write the data to file:8388608 bytes
***********WAITING************

Write the data to file:8388608 bytes
***********WAITING************

Write the data to file:8388608 bytes
***********WAITING************

Write the data to file:8388608 bytes
***********WAITING************

Write the data to file:8388608 bytes
***********WAITING************

Write the data to file:8388608 bytes
***********WAITING************

Write the data to file:8388608 bytes
***********WAITING************

Write the data to file:8388608 bytes
***********WAITING************

Write the data to file:8388608 bytes
***********WAITING************
nr_of_strided_rec: 8
nr_doubles: 16384
nr_of_strided_rec: 8
nr_doubles: 16384
nr_of_strided_rec: 8
nr_doubles: 16384
nr_of_strided_rec: 8
nr_doubles: 16384
nr_of_strided_rec: 8
nr_doubles: 16384
nr_of_strided_rec: 8
nr_doubles: 16384
nr_of_strided_rec: 8
nr_doubles: 16384
nr_of_strided_rec: 8
nr_doubles: 16384
nr_of_strided_rec: 8
nr_doubles: 16384
nr_of_strided_rec: 8
nr_doubles: 16384
nr_of_strided_rec: 8
nr_doubles: 16384
nr_of_strided_rec: 8
nr_doubles: 16384
nr_of_strided_rec: 8
nr_doubles: 16384
nr_of_strided_rec: 8
nr_doubles: 16384
nr_of_strided_rec: 8
nr_doubles: 16384
nr_of_strided_rec: 8
nr_doubles: 16384

Write the data to file:8388608 bytes
***********WAITING************

Write the data to file:8388608 bytes
***********WAITING************

Write the data to file:8388608 bytes
***********WAITING************

Write the data to file:8388608 bytes
***********WAITING************

Write the data to file:8388608 bytes
***********WAITING************

Write the data to file:8388608 bytes
***********WAITING************

Write the data to file:8388608 bytes
***********WAITING************

Write the data to file:8388608 bytes
***********WAITING************

Write the data to file:8388608 bytes
***********WAITING************

Write the data to file:8388608 bytes
***********WAITING************

Write the data to file:8388608 bytes
***********WAITING************

Write the data to file:8388608 bytes
***********WAITING************

Write the data to file:8388608 bytes
***********WAITING************

Write the data to file:8388608 bytes
***********WAITING************

Write the data to file:8388608 bytes
***********WAITING************

Write the data to file:8388608 bytes
***********WAITING************
nr_of_strided_rec: 8
nr_doubles: 16384
nr_of_strided_rec: 8
nr_doubles: 16384
nr_of_strided_rec: 8
nr_doubles: 16384
nr_of_strided_rec: 8
nr_doubles: 16384
nr_of_strided_rec: 8
nr_doubles: 16384
nr_of_strided_rec: 8
nr_doubles: 16384
nr_of_strided_rec: 8
nr_doubles: 16384
nr_of_strided_rec: 8
nr_doubles: 16384
nr_of_strided_rec: 8
nr_doubles: 16384
nr_of_strided_rec: 8
nr_doubles: 16384
nr_of_strided_rec: 8
nr_doubles: 16384
nr_of_strided_rec: 8
nr_doubles: 16384
nr_of_strided_rec: 8
nr_doubles: 16384
nr_of_strided_rec: 8
nr_doubles: 16384
nr_of_strided_rec: 8
nr_doubles: 16384
nr_of_strided_rec: 8
nr_doubles: 16384

Write the data to file:8388608 bytes
***********WAITING************

Write the data to file:8388608 bytes
***********WAITING************

Write the data to file:8388608 bytes
***********WAITING************

Write the data to file:8388608 bytes
***********WAITING************

Write the data to file:8388608 bytes
***********WAITING************

Write the data to file:8388608 bytes
***********WAITING************

Write the data to file:8388608 bytes
***********WAITING************

Write the data to file:8388608 bytes
***********WAITING************

Write the data to file:8388608 bytes
***********WAITING************

Write the data to file:8388608 bytes
***********WAITING************

Write the data to file:8388608 bytes
***********WAITING************

Write the data to file:8388608 bytes
***********WAITING************

Write the data to file:8388608 bytes
***********WAITING************

Write the data to file:8388608 bytes
***********WAITING************

Write the data to file:8388608 bytes
***********WAITING************

Write the data to file:8388608 bytes
***********WAITING************
nr_of_strided_rec: 8
nr_doubles: 16384
nr_of_strided_rec: 8
nr_doubles: 16384
nr_of_strided_rec: 8
nr_doubles: 16384
nr_of_strided_rec: 8
nr_doubles: 16384
nr_of_strided_rec: 8
nr_doubles: 16384
nr_of_strided_rec: 8
nr_doubles: 16384
nr_of_strided_rec: 8
nr_doubles: 16384
nr_of_strided_rec: 8
nr_doubles: 16384
nr_of_strided_rec: 8
nr_doubles: 16384
nr_of_strided_rec: 8
nr_doubles: 16384
nr_of_strided_rec: 8
nr_doubles: 16384
nr_of_strided_rec: 8
nr_doubles: 16384
nr_of_strided_rec: 8
nr_doubles: 16384
nr_of_strided_rec: 8
nr_doubles: 16384
nr_of_strided_rec: 8
nr_doubles: 16384
nr_of_strided_rec: 8
nr_doubles: 16384

Write the data to file:8388608 bytes
***********WAITING************

Write the data to file:8388608 bytes
***********WAITING************

Write the data to file:8388608 bytes
***********WAITING************

Write the data to file:8388608 bytes
***********WAITING************

Write the data to file:8388608 bytes
***********WAITING************

Write the data to file:8388608 bytes
***********WAITING************

Write the data to file:8388608 bytes
***********WAITING************

Write the data to file:8388608 bytes
***********WAITING************

Write the data to file:8388608 bytes
***********WAITING************

Write the data to file:8388608 bytes
***********WAITING************

Write the data to file:8388608 bytes
***********WAITING************

Write the data to file:8388608 bytes
***********WAITING************

Write the data to file:8388608 bytes
***********WAITING************

Write the data to file:8388608 bytes
***********WAITING************

Write the data to file:8388608 bytes
***********WAITING************

Write the data to file:8388608 bytes
***********WAITING************
nr_of_strided_rec: 8
nr_doubles: 16384
nr_of_strided_rec: 8
nr_doubles: 16384
nr_of_strided_rec: 8
nr_doubles: 16384
nr_of_strided_rec: 8
nr_doubles: 16384
nr_of_strided_rec: 8
nr_doubles: 16384
nr_of_strided_rec: 8
nr_doubles: 16384
nr_of_strided_rec: 8
nr_doubles: 16384
nr_of_strided_rec: 8
nr_doubles: 16384
nr_of_strided_rec: 8
nr_doubles: 16384
nr_of_strided_rec: 8
nr_doubles: 16384
nr_of_strided_rec: 8
nr_doubles: 16384
nr_of_strided_rec: 8
nr_doubles: 16384
nr_of_strided_rec: 8
nr_doubles: 16384
nr_of_strided_rec: 8
nr_doubles: 16384
nr_of_strided_rec: 8
nr_doubles: 16384
nr_of_strided_rec: 8
nr_doubles: 16384

Write the data to file:8388608 bytes
***********WAITING************

Write the data to file:8388608 bytes
***********WAITING************

Write the data to file:8388608 bytes
***********WAITING************

Write the data to file:8388608 bytes
***********WAITING************

Write the data to file:8388608 bytes
***********WAITING************

Write the data to file:8388608 bytes
***********WAITING************

Write the data to file:8388608 bytes
***********WAITING************

Write the data to file:8388608 bytes
***********WAITING************

Write the data to file:8388608 bytes
***********WAITING************

Write the data to file:8388608 bytes
***********WAITING************

Write the data to file:8388608 bytes
***********WAITING************

Write the data to file:8388608 bytes
***********WAITING************

Write the data to file:8388608 bytes
***********WAITING************

Write the data to file:8388608 bytes
***********WAITING************

Write the data to file:8388608 bytes
***********WAITING************

Write the data to file:8388608 bytes
***********WAITING************
nr_of_strided_rec: 8
nr_doubles: 16384
nr_of_strided_rec: 8
nr_doubles: 16384
nr_of_strided_rec: 8
nr_doubles: 16384
nr_of_strided_rec: 8
nr_doubles: 16384
nr_of_strided_rec: 8
nr_doubles: 16384
nr_of_strided_rec: 8
nr_doubles: 16384
nr_of_strided_rec: 8
nr_doubles: 16384
nr_of_strided_rec: 8
nr_doubles: 16384
nr_of_strided_rec: 8
nr_doubles: 16384
nr_of_strided_rec: 8
nr_doubles: 16384
nr_of_strided_rec: 8
nr_doubles: 16384
nr_of_strided_rec: 8
nr_doubles: 16384
nr_of_strided_rec: 8
nr_doubles: 16384
nr_of_strided_rec: 8
nr_doubles: 16384
nr_of_strided_rec: 8
nr_doubles: 16384
nr_of_strided_rec: 8
nr_doubles: 16384

Write the data to file:8388608 bytes
***********WAITING************

Write the data to file:8388608 bytes
***********WAITING************

Write the data to file:8388608 bytes
***********WAITING************

Write the data to file:8388608 bytes
***********WAITING************

Write the data to file:8388608 bytes
***********WAITING************

Write the data to file:8388608 bytes
***********WAITING************

Write the data to file:8388608 bytes
***********WAITING************

Write the data to file:8388608 bytes
***********WAITING************

Write the data to file:8388608 bytes
***********WAITING************

Write the data to file:8388608 bytes
***********WAITING************

Write the data to file:8388608 bytes
***********WAITING************

Write the data to file:8388608 bytes
***********WAITING************

Write the data to file:8388608 bytes
***********WAITING************

Write the data to file:8388608 bytes
***********WAITING************

Write the data to file:8388608 bytes
***********WAITING************

Write the data to file:8388608 bytes
***********WAITING************
nr_of_strided_rec: 8
nr_doubles: 16384
nr_of_strided_rec: 8
nr_doubles: 16384
nr_of_strided_rec: 8
nr_doubles: 16384
nr_of_strided_rec: 8
nr_doubles: 16384
nr_of_strided_rec: 8
nr_doubles: 16384
nr_of_strided_rec: 8
nr_doubles: 16384
nr_of_strided_rec: 8
nr_doubles: 16384
nr_of_strided_rec: 8
nr_doubles: 16384
nr_of_strided_rec: 8
nr_doubles: 16384
nr_of_strided_rec: 8
nr_doubles: 16384
nr_of_strided_rec: 8
nr_doubles: 16384
nr_of_strided_rec: 8
nr_doubles: 16384
nr_of_strided_rec: 8
nr_doubles: 16384
nr_of_strided_rec: 8
nr_doubles: 16384
nr_of_strided_rec: 8
nr_doubles: 16384
nr_of_strided_rec: 8
nr_doubles: 16384

Write the data to file:8388608 bytes
***********WAITING************

Write the data to file:8388608 bytes
***********WAITING************

Write the data to file:8388608 bytes
***********WAITING************

Write the data to file:8388608 bytes
***********WAITING************

Write the data to file:8388608 bytes
***********WAITING************

Write the data to file:8388608 bytes
***********WAITING************

Write the data to file:8388608 bytes
***********WAITING************

Write the data to file:8388608 bytes
***********WAITING************

Write the data to file:8388608 bytes
***********WAITING************

Write the data to file:8388608 bytes
***********WAITING************

Write the data to file:8388608 bytes
***********WAITING************

Write the data to file:8388608 bytes
***********WAITING************

Write the data to file:8388608 bytes
***********WAITING************

Write the data to file:8388608 bytes
***********WAITING************

Write the data to file:8388608 bytes
***********WAITING************

Write the data to file:8388608 bytes
***********WAITING************
nr_of_strided_rec: 8
nr_doubles: 16384
nr_of_strided_rec: 8
nr_doubles: 16384
nr_of_strided_rec: 8
nr_doubles: 16384
nr_of_strided_rec: 8
nr_doubles: 16384
nr_of_strided_rec: 8
nr_doubles: 16384
nr_of_strided_rec: 8
nr_doubles: 16384
nr_of_strided_rec: 8
nr_doubles: 16384
nr_of_strided_rec: 8
nr_doubles: 16384
nr_of_strided_rec: 8
nr_doubles: 16384
nr_of_strided_rec: 8
nr_doubles: 16384
nr_of_strided_rec: 8
nr_doubles: 16384
nr_of_strided_rec: 8
nr_doubles: 16384
nr_of_strided_rec: 8
nr_doubles: 16384
nr_of_strided_rec: 8
nr_doubles: 16384
nr_of_strided_rec: 8
nr_doubles: 16384
nr_of_strided_rec: 8
nr_doubles: 16384

Write the data to file:8388608 bytes
***********WAITING************

Write the data to file:8388608 bytes
***********WAITING************

Write the data to file:8388608 bytes
***********WAITING************

Write the data to file:8388608 bytes
***********WAITING************

Write the data to file:8388608 bytes
***********WAITING************

Write the data to file:8388608 bytes
***********WAITING************

Write the data to file:8388608 bytes
***********WAITING************

Write the data to file:8388608 bytes
***********WAITING************

Write the data to file:8388608 bytes
***********WAITING************

Write the data to file:8388608 bytes
***********WAITING************

Write the data to file:8388608 bytes
***********WAITING************

Write the data to file:8388608 bytes
***********WAITING************

Write the data to file:8388608 bytes
***********WAITING************

Write the data to file:8388608 bytes
***********WAITING************

Write the data to file:8388608 bytes
***********WAITING************

Write the data to file:8388608 bytes
***********WAITING************
nr_of_strided_rec: 8
nr_doubles: 16384
nr_of_strided_rec: 8
nr_doubles: 16384
nr_of_strided_rec: 8
nr_doubles: 16384
nr_of_strided_rec: 8
nr_doubles: 16384
nr_of_strided_rec: 8
nr_doubles: 16384
nr_of_strided_rec: 8
nr_doubles: 16384
nr_of_strided_rec: 8
nr_doubles: 16384
nr_of_strided_rec: 8
nr_doubles: 16384
nr_of_strided_rec: 8
nr_doubles: 16384
nr_of_strided_rec: 8
nr_doubles: 16384
nr_of_strided_rec: 8
nr_doubles: 16384
nr_of_strided_rec: 8
nr_doubles: 16384
nr_of_strided_rec: 8
nr_doubles: 16384
nr_of_strided_rec: 8
nr_doubles: 16384
nr_of_strided_rec: 8
nr_doubles: 16384
nr_of_strided_rec: 8
nr_doubles: 16384

Write the data to file:8388608 bytes
***********WAITING************

Write the data to file:8388608 bytes
***********WAITING************

Write the data to file:8388608 bytes
***********WAITING************

Write the data to file:8388608 bytes
***********WAITING************

Write the data to file:8388608 bytes
***********WAITING************

Write the data to file:8388608 bytes
***********WAITING************

Write the data to file:8388608 bytes
***********WAITING************

Write the data to file:8388608 bytes
***********WAITING************

Write the data to file:8388608 bytes
***********WAITING************

Write the data to file:8388608 bytes
***********WAITING************

Write the data to file:8388608 bytes
***********WAITING************

Write the data to file:8388608 bytes
***********WAITING************

Write the data to file:8388608 bytes
***********WAITING************

Write the data to file:8388608 bytes
***********WAITING************

Write the data to file:8388608 bytes
***********WAITING************

Write the data to file:8388608 bytes
***********WAITING************
nr_of_strided_rec: 8
nr_doubles: 16384
nr_of_strided_rec: 8
nr_doubles: 16384
nr_of_strided_rec: 8
nr_doubles: 16384
nr_of_strided_rec: 8
nr_doubles: 16384
nr_of_strided_rec: 8
nr_doubles: 16384
nr_of_strided_rec: 8
nr_doubles: 16384
nr_of_strided_rec: 8
nr_doubles: 16384
nr_of_strided_rec: 8
nr_doubles: 16384
nr_of_strided_rec: 8
nr_doubles: 16384
nr_of_strided_rec: 8
nr_doubles: 16384
nr_of_strided_rec: 8
nr_doubles: 16384
nr_of_strided_rec: 8
nr_doubles: 16384
nr_of_strided_rec: 8
nr_doubles: 16384
nr_of_strided_rec: 8
nr_doubles: 16384
nr_of_strided_rec: 8
nr_doubles: 16384
nr_of_strided_rec: 8
nr_doubles: 16384

Write the data to file:8388608 bytes
***********WAITING************

Write the data to file:8388608 bytes
***********WAITING************

Write the data to file:8388608 bytes
***********WAITING************

Write the data to file:8388608 bytes
***********WAITING************

Write the data to file:8388608 bytes
***********WAITING************

Write the data to file:8388608 bytes
***********WAITING************

Write the data to file:8388608 bytes
***********WAITING************

Write the data to file:8388608 bytes
***********WAITING************

Write the data to file:8388608 bytes
***********WAITING************

Write the data to file:8388608 bytes
***********WAITING************

Write the data to file:8388608 bytes
***********WAITING************

Write the data to file:8388608 bytes
***********WAITING************

Write the data to file:8388608 bytes
***********WAITING************

Write the data to file:8388608 bytes
***********WAITING************

Write the data to file:8388608 bytes
***********WAITING************

Write the data to file:8388608 bytes
***********WAITING************
nr_of_strided_rec: 8
nr_doubles: 16384
nr_of_strided_rec: 8
nr_doubles: 16384
nr_of_strided_rec: 8
nr_doubles: 16384
nr_of_strided_rec: 8
nr_doubles: 16384
nr_of_strided_rec: 8
nr_doubles: 16384
nr_of_strided_rec: 8
nr_doubles: 16384
nr_of_strided_rec: 8
nr_doubles: 16384
nr_of_strided_rec: 8
nr_doubles: 16384
nr_of_strided_rec: 8
nr_doubles: 16384
nr_of_strided_rec: 8
nr_doubles: 16384
nr_of_strided_rec: 8
nr_doubles: 16384
nr_of_strided_rec: 8
nr_doubles: 16384
nr_of_strided_rec: 8
nr_doubles: 16384
nr_of_strided_rec: 8
nr_doubles: 16384
nr_of_strided_rec: 8
nr_doubles: 16384
nr_of_strided_rec: 8
nr_doubles: 16384

Write the data to file:8388608 bytes
***********WAITING************

Write the data to file:8388608 bytes
***********WAITING************

Write the data to file:8388608 bytes
***********WAITING************

Write the data to file:8388608 bytes
***********WAITING************

Write the data to file:8388608 bytes
***********WAITING************

Write the data to file:8388608 bytes
***********WAITING************

Write the data to file:8388608 bytes
***********WAITING************

Write the data to file:8388608 bytes
***********WAITING************

Write the data to file:8388608 bytes
***********WAITING************

Write the data to file:8388608 bytes
***********WAITING************

Write the data to file:8388608 bytes
***********WAITING************

Write the data to file:8388608 bytes
***********WAITING************

Write the data to file:8388608 bytes
***********WAITING************

Write the data to file:8388608 bytes
***********WAITING************

Write the data to file:8388608 bytes
***********WAITING************

Write the data to file:8388608 bytes
***********WAITING************
nr_of_strided_rec: 8
nr_doubles: 16384
nr_of_strided_rec: 8
nr_doubles: 16384
nr_of_strided_rec: 8
nr_doubles: 16384
nr_of_strided_rec: 8
nr_doubles: 16384
nr_of_strided_rec: 8
nr_doubles: 16384
nr_of_strided_rec: 8
nr_doubles: 16384
nr_of_strided_rec: 8
nr_doubles: 16384
nr_of_strided_rec: 8
nr_doubles: 16384
nr_of_strided_rec: 8
nr_doubles: 16384
nr_of_strided_rec: 8
nr_doubles: 16384
nr_of_strided_rec: 8
nr_doubles: 16384
nr_of_strided_rec: 8
nr_doubles: 16384
nr_of_strided_rec: 8
nr_doubles: 16384
nr_of_strided_rec: 8
nr_doubles: 16384
nr_of_strided_rec: 8
nr_doubles: 16384
nr_of_strided_rec: 8
nr_doubles: 16384

Write the data to file:8388608 bytes
***********WAITING************

Write the data to file:8388608 bytes
***********WAITING************

Write the data to file:8388608 bytes
***********WAITING************

Write the data to file:8388608 bytes
***********WAITING************

Write the data to file:8388608 bytes
***********WAITING************

Write the data to file:8388608 bytes
***********WAITING************

Write the data to file:8388608 bytes
***********WAITING************

Write the data to file:8388608 bytes
***********WAITING************

Write the data to file:8388608 bytes
***********WAITING************

Write the data to file:8388608 bytes
***********WAITING************

Write the data to file:8388608 bytes
***********WAITING************

Write the data to file:8388608 bytes
***********WAITING************

Write the data to file:8388608 bytes
***********WAITING************

Write the data to file:8388608 bytes
***********WAITING************

Write the data to file:8388608 bytes
***********WAITING************

Write the data to file:8388608 bytes
***********WAITING************
nr_of_strided_rec: 8
nr_doubles: 16384
nr_of_strided_rec: 8
nr_doubles: 16384
nr_of_strided_rec: 8
nr_doubles: 16384
nr_of_strided_rec: 8
nr_doubles: 16384
nr_of_strided_rec: 8
nr_doubles: 16384
nr_of_strided_rec: 8
nr_doubles: 16384
nr_of_strided_rec: 8
nr_doubles: 16384
nr_of_strided_rec: 8
nr_doubles: 16384
nr_of_strided_rec: 8
nr_doubles: 16384
nr_of_strided_rec: 8
nr_doubles: 16384
nr_of_strided_rec: 8
nr_doubles: 16384
nr_of_strided_rec: 8
nr_doubles: 16384
nr_of_strided_rec: 8
nr_doubles: 16384
nr_of_strided_rec: 8
nr_doubles: 16384
nr_of_strided_rec: 8
nr_doubles: 16384
nr_of_strided_rec: 8
nr_doubles: 16384

Write the data to file:8388608 bytes
***********WAITING************

Write the data to file:8388608 bytes
***********WAITING************

Write the data to file:8388608 bytes
***********WAITING************

Write the data to file:8388608 bytes
***********WAITING************

Write the data to file:8388608 bytes
***********WAITING************

Write the data to file:8388608 bytes
***********WAITING************

Write the data to file:8388608 bytes
***********WAITING************

Write the data to file:8388608 bytes
***********WAITING************

Write the data to file:8388608 bytes
***********WAITING************

Write the data to file:8388608 bytes
***********WAITING************

Write the data to file:8388608 bytes
***********WAITING************

Write the data to file:8388608 bytes
***********WAITING************

Write the data to file:8388608 bytes
***********WAITING************

Write the data to file:8388608 bytes
***********WAITING************

Write the data to file:8388608 bytes
***********WAITING************

Write the data to file:8388608 bytes
***********WAITING************
nr_of_strided_rec: 8
nr_doubles: 16384
nr_of_strided_rec: 8
nr_doubles: 16384
nr_of_strided_rec: 8
nr_doubles: 16384
nr_of_strided_rec: 8
nr_doubles: 16384
nr_of_strided_rec: 8
nr_doubles: 16384
nr_of_strided_rec: 8
nr_doubles: 16384
nr_of_strided_rec: 8
nr_doubles: 16384
nr_of_strided_rec: 8
nr_doubles: 16384
nr_of_strided_rec: 8
nr_doubles: 16384
nr_of_strided_rec: 8
nr_doubles: 16384
nr_of_strided_rec: 8
nr_doubles: 16384
nr_of_strided_rec: 8
nr_doubles: 16384
nr_of_strided_rec: 8
nr_doubles: 16384
nr_of_strided_rec: 8
nr_doubles: 16384
nr_of_strided_rec: 8
nr_doubles: 16384
nr_of_strided_rec: 8
nr_doubles: 16384

Write the data to file:8388608 bytes
***********WAITING************

Write the data to file:8388608 bytes
***********WAITING************

Write the data to file:8388608 bytes
***********WAITING************

Write the data to file:8388608 bytes
***********WAITING************

Write the data to file:8388608 bytes
***********WAITING************

Write the data to file:8388608 bytes
***********WAITING************

Write the data to file:8388608 bytes
***********WAITING************

Write the data to file:8388608 bytes
***********WAITING************

Write the data to file:8388608 bytes
***********WAITING************

Write the data to file:8388608 bytes
***********WAITING************

Write the data to file:8388608 bytes
***********WAITING************

Write the data to file:8388608 bytes
***********WAITING************

Write the data to file:8388608 bytes
***********WAITING************

Write the data to file:8388608 bytes
***********WAITING************

Write the data to file:8388608 bytes
***********WAITING************

Write the data to file:8388608 bytes
***********WAITING************
nr_of_strided_rec: 8
nr_doubles: 16384
nr_of_strided_rec: 8
nr_doubles: 16384
nr_of_strided_rec: 8
nr_doubles: 16384
nr_of_strided_rec: 8
nr_doubles: 16384
nr_of_strided_rec: 8
nr_doubles: 16384
nr_of_strided_rec: 8
nr_doubles: 16384
nr_of_strided_rec: 8
nr_doubles: 16384
nr_of_strided_rec: 8
nr_doubles: 16384
nr_of_strided_rec: 8
nr_doubles: 16384
nr_of_strided_rec: 8
nr_doubles: 16384
nr_of_strided_rec: 8
nr_doubles: 16384
nr_of_strided_rec: 8
nr_doubles: 16384
nr_of_strided_rec: 8
nr_doubles: 16384
nr_of_strided_rec: 8
nr_doubles: 16384
nr_of_strided_rec: 8
nr_doubles: 16384
nr_of_strided_rec: 8
nr_doubles: 16384

Write the data to file:8388608 bytes
***********WAITING************

Write the data to file:8388608 bytes
***********WAITING************

Write the data to file:8388608 bytes
***********WAITING************

Write the data to file:8388608 bytes
***********WAITING************

Write the data to file:8388608 bytes
***********WAITING************

Write the data to file:8388608 bytes
***********WAITING************

Write the data to file:8388608 bytes
***********WAITING************

Write the data to file:8388608 bytes
***********WAITING************

Write the data to file:8388608 bytes
***********WAITING************

Write the data to file:8388608 bytes
***********WAITING************

Write the data to file:8388608 bytes
***********WAITING************

Write the data to file:8388608 bytes
***********WAITING************

Write the data to file:8388608 bytes
***********WAITING************

Write the data to file:8388608 bytes
***********WAITING************

Write the data to file:8388608 bytes
***********WAITING************

Write the data to file:8388608 bytes
***********WAITING************
nr_of_strided_rec: 8
nr_doubles: 16384
nr_of_strided_rec: 8
nr_doubles: 16384
nr_of_strided_rec: 8
nr_doubles: 16384
nr_of_strided_rec: 8
nr_doubles: 16384
nr_of_strided_rec: 8
nr_doubles: 16384
nr_of_strided_rec: 8
nr_doubles: 16384
nr_of_strided_rec: 8
nr_doubles: 16384
nr_of_strided_rec: 8
nr_doubles: 16384
nr_of_strided_rec: 8
nr_doubles: 16384
nr_of_strided_rec: 8
nr_doubles: 16384
nr_of_strided_rec: 8
nr_doubles: 16384
nr_of_strided_rec: 8
nr_doubles: 16384
nr_of_strided_rec: 8
nr_doubles: 16384
nr_of_strided_rec: 8
nr_doubles: 16384
nr_of_strided_rec: 8
nr_doubles: 16384
nr_of_strided_rec: 8
nr_doubles: 16384

Write the data to file:8388608 bytes
***********WAITING************

Write the data to file:8388608 bytes
***********WAITING************

Write the data to file:8388608 bytes
***********WAITING************

Write the data to file:8388608 bytes
***********WAITING************

Write the data to file:8388608 bytes
***********WAITING************

Write the data to file:8388608 bytes
***********WAITING************

Write the data to file:8388608 bytes
***********WAITING************

Write the data to file:8388608 bytes
***********WAITING************

Write the data to file:8388608 bytes
***********WAITING************

Write the data to file:8388608 bytes
***********WAITING************

Write the data to file:8388608 bytes
***********WAITING************

Write the data to file:8388608 bytes
***********WAITING************

Write the data to file:8388608 bytes
***********WAITING************

Write the data to file:8388608 bytes
***********WAITING************

Write the data to file:8388608 bytes
***********WAITING************

Write the data to file:8388608 bytes
***********WAITING************
nr_of_strided_rec: 8
nr_doubles: 16384
nr_of_strided_rec: 8
nr_doubles: 16384
nr_of_strided_rec: 8
nr_doubles: 16384
nr_of_strided_rec: 8
nr_doubles: 16384
nr_of_strided_rec: 8
nr_doubles: 16384
nr_of_strided_rec: 8
nr_doubles: 16384
nr_of_strided_rec: 8
nr_doubles: 16384
nr_of_strided_rec: 8
nr_doubles: 16384
nr_of_strided_rec: 8
nr_doubles: 16384
nr_of_strided_rec: 8
nr_doubles: 16384
nr_of_strided_rec: 8
nr_doubles: 16384
nr_of_strided_rec: 8
nr_doubles: 16384
nr_of_strided_rec: 8
nr_doubles: 16384
nr_of_strided_rec: 8
nr_doubles: 16384
nr_of_strided_rec: 8
nr_doubles: 16384
nr_of_strided_rec: 8
nr_doubles: 16384

Write the data to file:8388608 bytes
***********WAITING************

Write the data to file:8388608 bytes
***********WAITING************

Write the data to file:8388608 bytes
***********WAITING************

Write the data to file:8388608 bytes
***********WAITING************

Write the data to file:8388608 bytes
***********WAITING************

Write the data to file:8388608 bytes
***********WAITING************

Write the data to file:8388608 bytes
***********WAITING************

Write the data to file:8388608 bytes
***********WAITING************

Write the data to file:8388608 bytes
***********WAITING************

Write the data to file:8388608 bytes
***********WAITING************

Write the data to file:8388608 bytes
***********WAITING************

Write the data to file:8388608 bytes
***********WAITING************

Write the data to file:8388608 bytes
***********WAITING************

Write the data to file:8388608 bytes
***********WAITING************

Write the data to file:8388608 bytes
***********WAITING************

Write the data to file:8388608 bytes
***********WAITING************
nr_of_strided_rec: 8
nr_doubles: 16384
nr_of_strided_rec: 8
nr_doubles: 16384
nr_of_strided_rec: 8
nr_doubles: 16384
nr_of_strided_rec: 8
nr_doubles: 16384
nr_of_strided_rec: 8
nr_doubles: 16384
nr_of_strided_rec: 8
nr_doubles: 16384
nr_of_strided_rec: 8
nr_doubles: 16384
nr_of_strided_rec: 8
nr_doubles: 16384
nr_of_strided_rec: 8
nr_doubles: 16384
nr_of_strided_rec: 8
nr_doubles: 16384
nr_of_strided_rec: 8
nr_doubles: 16384
nr_of_strided_rec: 8
nr_doubles: 16384
nr_of_strided_rec: 8
nr_doubles: 16384
nr_of_strided_rec: 8
nr_doubles: 16384
nr_of_strided_rec: 8
nr_doubles: 16384
nr_of_strided_rec: 8
nr_doubles: 16384

Write the data to file:8388608 bytes
***********WAITING************

Write the data to file:8388608 bytes
***********WAITING************

Write the data to file:8388608 bytes
***********WAITING************

Write the data to file:8388608 bytes
***********WAITING************

Write the data to file:8388608 bytes
***********WAITING************

Write the data to file:8388608 bytes
***********WAITING************

Write the data to file:8388608 bytes
***********WAITING************

Write the data to file:8388608 bytes
***********WAITING************

Write the data to file:8388608 bytes
***********WAITING************

Write the data to file:8388608 bytes
***********WAITING************

Write the data to file:8388608 bytes
***********WAITING************

Write the data to file:8388608 bytes
***********WAITING************

Write the data to file:8388608 bytes
***********WAITING************

Write the data to file:8388608 bytes
***********WAITING************

Write the data to file:8388608 bytes
***********WAITING************

Write the data to file:8388608 bytes
***********WAITING************
nr_of_strided_rec: 8
nr_doubles: 16384
nr_of_strided_rec: 8
nr_doubles: 16384
nr_of_strided_rec: 8
nr_doubles: 16384
nr_of_strided_rec: 8
nr_doubles: 16384
nr_of_strided_rec: 8
nr_doubles: 16384
nr_of_strided_rec: 8
nr_doubles: 16384
nr_of_strided_rec: 8
nr_doubles: 16384
nr_of_strided_rec: 8
nr_doubles: 16384
nr_of_strided_rec: 8
nr_doubles: 16384
nr_of_strided_rec: 8
nr_doubles: 16384
nr_of_strided_rec: 8
nr_doubles: 16384
nr_of_strided_rec: 8
nr_doubles: 16384
nr_of_strided_rec: 8
nr_doubles: 16384
nr_of_strided_rec: 8
nr_doubles: 16384
nr_of_strided_rec: 8
nr_doubles: 16384
nr_of_strided_rec: 8
nr_doubles: 16384

Write the data to file:8388608 bytes
***********WAITING************

Write the data to file:8388608 bytes
***********WAITING************

Write the data to file:8388608 bytes
***********WAITING************

Write the data to file:8388608 bytes
***********WAITING************

Write the data to file:8388608 bytes
***********WAITING************

Write the data to file:8388608 bytes
***********WAITING************

Write the data to file:8388608 bytes
***********WAITING************

Write the data to file:8388608 bytes
***********WAITING************

Write the data to file:8388608 bytes
***********WAITING************

Write the data to file:8388608 bytes
***********WAITING************

Write the data to file:8388608 bytes
***********WAITING************

Write the data to file:8388608 bytes
***********WAITING************

Write the data to file:8388608 bytes
***********WAITING************

Write the data to file:8388608 bytes
***********WAITING************

Write the data to file:8388608 bytes
***********WAITING************

Write the data to file:8388608 bytes
***********WAITING************
nr_of_strided_rec: 8
nr_doubles: 16384
nr_of_strided_rec: 8
nr_doubles: 16384
nr_of_strided_rec: 8
nr_doubles: 16384
nr_of_strided_rec: 8
nr_doubles: 16384
nr_of_strided_rec: 8
nr_doubles: 16384
nr_of_strided_rec: 8
nr_doubles: 16384
nr_of_strided_rec: 8
nr_doubles: 16384
nr_of_strided_rec: 8
nr_doubles: 16384
nr_of_strided_rec: 8
nr_doubles: 16384
nr_of_strided_rec: 8
nr_doubles: 16384
nr_of_strided_rec: 8
nr_doubles: 16384
nr_of_strided_rec: 8
nr_doubles: 16384
nr_of_strided_rec: 8
nr_doubles: 16384
nr_of_strided_rec: 8
nr_doubles: 16384
nr_of_strided_rec: 8
nr_doubles: 16384
nr_of_strided_rec: 8
nr_doubles: 16384

Write the data to file:8388608 bytes
***********WAITING************

Write the data to file:8388608 bytes
***********WAITING************

Write the data to file:8388608 bytes
***********WAITING************

Write the data to file:8388608 bytes
***********WAITING************

Write the data to file:8388608 bytes
***********WAITING************

Write the data to file:8388608 bytes
***********WAITING************

Write the data to file:8388608 bytes
***********WAITING************

Write the data to file:8388608 bytes
***********WAITING************

Write the data to file:8388608 bytes
***********WAITING************

Write the data to file:8388608 bytes
***********WAITING************

Write the data to file:8388608 bytes
***********WAITING************

Write the data to file:8388608 bytes
***********WAITING************

Write the data to file:8388608 bytes
***********WAITING************

Write the data to file:8388608 bytes
***********WAITING************

Write the data to file:8388608 bytes
***********WAITING************

Write the data to file:8388608 bytes
***********WAITING************
nr_of_strided_rec: 8
nr_doubles: 16384
nr_of_strided_rec: 8
nr_doubles: 16384
nr_of_strided_rec: 8
nr_doubles: 16384
nr_of_strided_rec: 8
nr_doubles: 16384
nr_of_strided_rec: 8
nr_doubles: 16384
nr_of_strided_rec: 8
nr_doubles: 16384
nr_of_strided_rec: 8
nr_doubles: 16384
nr_of_strided_rec: 8
nr_doubles: 16384
nr_of_strided_rec: 8
nr_doubles: 16384
nr_of_strided_rec: 8
nr_doubles: 16384
nr_of_strided_rec: 8
nr_doubles: 16384
nr_of_strided_rec: 8
nr_doubles: 16384
nr_of_strided_rec: 8
nr_doubles: 16384
nr_of_strided_rec: 8
nr_doubles: 16384
nr_of_strided_rec: 8
nr_doubles: 16384
nr_of_strided_rec: 8
nr_doubles: 16384

Write the data to file:8388608 bytes
***********WAITING************

Write the data to file:8388608 bytes
***********WAITING************

Write the data to file:8388608 bytes
***********WAITING************

Write the data to file:8388608 bytes
***********WAITING************

Write the data to file:8388608 bytes
***********WAITING************

Write the data to file:8388608 bytes
***********WAITING************

Write the data to file:8388608 bytes
***********WAITING************

Write the data to file:8388608 bytes
***********WAITING************

Write the data to file:8388608 bytes
***********WAITING************

Write the data to file:8388608 bytes
***********WAITING************

Write the data to file:8388608 bytes
***********WAITING************

Write the data to file:8388608 bytes
***********WAITING************

Write the data to file:8388608 bytes
***********WAITING************

Write the data to file:8388608 bytes
***********WAITING************

Write the data to file:8388608 bytes
***********WAITING************

Write the data to file:8388608 bytes
***********WAITING************

Write the data to file:8388608 bytes
***********WAITING************

Write the data to file:8388608 bytes
***********WAITING************

Write the data to file:8388608 bytes
***********WAITING************

Write the data to file:8388608 bytes
***********WAITING************

Write the data to file:8388608 bytes
***********WAITING************

Write the data to file:8388608 bytes
***********WAITING************

Write the data to file:8388608 bytes
***********WAITING************

Write the data to file:8388608 bytes
***********WAITING************

Write the data to file:8388608 bytes
***********WAITING************

Write the data to file:8388608 bytes
***********WAITING************

Write the data to file:8388608 bytes
***********WAITING************

Write the data to file:8388608 bytes
***********WAITING************

Write the data to file:8388608 bytes
***********WAITING************

Write the data to file:8388608 bytes
***********WAITING************

Write the data to file:8388608 bytes
***********WAITING************

Write the data to file:8388608 bytes
***********WAITING************
W_cc         0.62   [      0.62:      0.62]
W_r         18.58   [     18.58:     18.58]
W_w          1.47   [      1.47:      1.47]
          -------
W_total     20.67   [     20.67:     20.67]

calc_W done
calc_W done
calc_W done
calc_W done
calc_W done
calc_W done
calc_W done
calc_W done
calc_W done
calc_W done
calc_W done
calc_W done
calc_W done
calc_W done
calc_W done
calc_W done
nr_of_strided_rec: 8
nr_doubles: 16384
nr_of_strided_rec: 8
nr_doubles: 16384
nr_of_strided_rec: 8
nr_doubles: 16384
nr_of_strided_rec: 8
nr_doubles: 16384
nr_of_strided_rec: 8
nr_doubles: 16384
nr_of_strided_rec: 8
nr_doubles: 16384
nr_of_strided_rec: 8
nr_doubles: 16384
nr_of_strided_rec: 8
nr_doubles: 16384
nr_of_strided_rec: 8
nr_doubles: 16384
nr_of_strided_rec: 8
nr_doubles: 16384
nr_of_strided_rec: 8
nr_doubles: 16384
nr_of_strided_rec: 8
nr_doubles: 16384
nr_of_strided_rec: 8
nr_doubles: 16384
nr_of_strided_rec: 8
nr_doubles: 16384
nr_of_strided_rec: 8
nr_doubles: 16384
nr_of_strided_rec: 8
nr_doubles: 16384
nr_of_strided_rec: 8
nr_doubles: 16384
nr_of_strided_rec: 8
nr_doubles: 16384
nr_of_strided_rec: 8
nr_doubles: 16384
nr_of_strided_rec: 8
nr_doubles: 16384
nr_of_strided_rec: 8
nr_doubles: 16384
nr_of_strided_rec: 8
nr_doubles: 16384
nr_of_strided_rec: 8
nr_doubles: 16384
nr_of_strided_rec: 8
nr_doubles: 16384
nr_of_strided_rec: 8
nr_doubles: 16384
nr_of_strided_rec: 8
nr_doubles: 16384
nr_of_strided_rec: 8
nr_doubles: 16384
nr_of_strided_rec: 8
nr_doubles: 16384
nr_of_strided_rec: 8
nr_doubles: 16384
nr_of_strided_rec: 8
nr_doubles: 16384
nr_of_strided_rec: 8
nr_doubles: 16384
nr_of_strided_rec: 8
nr_doubles: 16384
nr_of_strided_rec: 8
nr_doubles: 16384
nr_of_strided_rec: 8
nr_doubles: 16384
nr_of_strided_rec: 8
nr_doubles: 16384
nr_of_strided_rec: 8
nr_doubles: 16384
nr_of_strided_rec: 8
nr_doubles: 16384
nr_of_strided_rec: 8
nr_doubles: 16384
nr_of_strided_rec: 8
nr_doubles: 16384
nr_of_strided_rec: 8
nr_doubles: 16384
nr_of_strided_rec: 8
nr_doubles: 16384
nr_of_strided_rec: 8
nr_doubles: 16384
nr_of_strided_rec: 8
nr_doubles: 16384
nr_of_strided_rec: 8
nr_doubles: 16384
nr_of_strided_rec: 8
nr_doubles: 16384
nr_of_strided_rec: 8
nr_doubles: 16384
nr_of_strided_rec: 8
nr_doubles: 16384
nr_of_strided_rec: 8
nr_doubles: 16384
nr_of_strided_rec: 8
nr_doubles: 16384
nr_of_strided_rec: 8
nr_doubles: 16384
nr_of_strided_rec: 8
nr_doubles: 16384
nr_of_strided_rec: 8
nr_doubles: 16384
nr_of_strided_rec: 8
nr_doubles: 16384
nr_of_strided_rec: 8
nr_doubles: 16384
nr_of_strided_rec: 8
nr_doubles: 16384
nr_of_strided_rec: 8
nr_doubles: 16384
nr_of_strided_rec: 8
nr_doubles: 16384
nr_of_strided_rec: 8
nr_doubles: 16384
nr_of_strided_rec: 8
nr_doubles: 16384
nr_of_strided_rec: 8
nr_doubles: 16384
nr_of_strided_rec: 8
nr_doubles: 16384
nr_of_strided_rec: 8
nr_doubles: 16384
nr_of_strided_rec: 8
nr_doubles: 16384
nr_of_strided_rec: 8
nr_doubles: 16384
nr_of_strided_rec: 8
nr_doubles: 16384
nr_of_strided_rec: 8
nr_doubles: 16384
nr_of_strided_rec: 8
nr_doubles: 16384
nr_of_strided_rec: 8
nr_doubles: 16384
nr_of_strided_rec: 8
nr_doubles: 16384
nr_of_strided_rec: 8
nr_doubles: 16384
nr_of_strided_rec: 8
nr_doubles: 16384
nr_of_strided_rec: 8
nr_doubles: 16384
nr_of_strided_rec: 8
nr_doubles: 16384
nr_of_strided_rec: 8
nr_doubles: 16384
nr_of_strided_rec: 8
nr_doubles: 16384
nr_of_strided_rec: 8
nr_doubles: 16384
nr_of_strided_rec: 8
nr_doubles: 16384
nr_of_strided_rec: 8
nr_doubles: 16384
nr_of_strided_rec: 8
nr_doubles: 16384
nr_of_strided_rec: 8
nr_doubles: 16384
nr_of_strided_rec: 8
nr_doubles: 16384
nr_of_strided_rec: 8
nr_doubles: 16384
nr_of_strided_rec: 8
nr_doubles: 16384
nr_of_strided_rec: 8
nr_doubles: 16384
nr_of_strided_rec: 8
nr_doubles: 16384
nr_of_strided_rec: 8
nr_doubles: 16384
nr_of_strided_rec: 8
nr_doubles: 16384
nr_of_strided_rec: 8
nr_doubles: 16384
nr_of_strided_rec: 8
nr_doubles: 16384
nr_of_strided_rec: 8
nr_doubles: 16384
nr_of_strided_rec: 8
nr_doubles: 16384
nr_of_strided_rec: 8
nr_doubles: 16384
nr_of_strided_rec: 8
nr_doubles: 16384
nr_of_strided_rec: 8
nr_doubles: 16384
nr_of_strided_rec: 8
nr_doubles: 16384
nr_of_strided_rec: 8
nr_doubles: 16384
nr_of_strided_rec: 8
nr_doubles: 16384
nr_of_strided_rec: 8
nr_doubles: 16384
nr_of_strided_rec: 8
nr_doubles: 16384
nr_of_strided_rec: 8
nr_doubles: 16384
nr_of_strided_rec: 8
nr_doubles: 16384
nr_of_strided_rec: 8
nr_doubles: 16384
nr_of_strided_rec: 8
nr_doubles: 16384
nr_of_strided_rec: 8
nr_doubles: 16384
nr_of_strided_rec: 8
nr_doubles: 16384
nr_of_strided_rec: 8
nr_doubles: 16384
nr_of_strided_rec: 8
nr_doubles: 16384
nr_of_strided_rec: 8
nr_doubles: 16384
nr_of_strided_rec: 8
nr_doubles: 16384
nr_of_strided_rec: 8
nr_doubles: 16384
nr_of_strided_rec: 8
nr_doubles: 16384
nr_of_strided_rec: 8
nr_doubles: 16384
nr_of_strided_rec: 8
nr_doubles: 16384
nr_of_strided_rec: 8
nr_doubles: 16384
nr_of_strided_rec: 8
nr_doubles: 16384
nr_of_strided_rec: 8
nr_doubles: 16384
nr_of_strided_rec: 8
nr_doubles: 16384
nr_of_strided_rec: 8
nr_doubles: 16384
nr_of_strided_rec: 8
nr_doubles: 16384
nr_of_strided_rec: 8
nr_doubles: 16384
nr_of_strided_rec: 8
nr_doubles: 16384
nr_of_strided_rec: 8
nr_doubles: 16384
nr_of_strided_rec: 8
nr_doubles: 16384
nr_of_strided_rec: 8
nr_doubles: 16384
nr_of_strided_rec: 8
nr_doubles: 16384
nr_of_strided_rec: 8
nr_doubles: 16384
nr_of_strided_rec: 8
nr_doubles: 16384
nr_of_strided_rec: 8
nr_doubles: 16384
nr_of_strided_rec: 8
nr_doubles: 16384
nr_of_strided_rec: 8
nr_doubles: 16384
nr_of_strided_rec: 8
nr_doubles: 16384
nr_of_strided_rec: 8
nr_doubles: 16384
nr_of_strided_rec: 8
nr_doubles: 16384
nr_of_strided_rec: 8
nr_doubles: 16384
nr_of_strided_rec: 8
nr_doubles: 16384
nr_of_strided_rec: 8
nr_doubles: 16384
nr_of_strided_rec: 8
nr_doubles: 16384
nr_of_strided_rec: 8
nr_doubles: 16384
nr_of_strided_rec: 8
nr_doubles: 16384
nr_of_strided_rec: 8
nr_doubles: 16384
nr_of_strided_rec: 8
nr_doubles: 16384
nr_of_strided_rec: 8
nr_doubles: 16384
nr_of_strided_rec: 8
nr_doubles: 16384
nr_of_strided_rec: 8
nr_doubles: 16384
nr_of_strided_rec: 8
nr_doubles: 16384
nr_of_strided_rec: 8
nr_doubles: 16384
nr_of_strided_rec: 8
nr_doubles: 16384
nr_of_strided_rec: 8
nr_doubles: 16384
nr_of_strided_rec: 8
nr_doubles: 16384
nr_of_strided_rec: 8
nr_doubles: 16384
nr_of_strided_rec: 8
nr_doubles: 16384
nr_of_strided_rec: 8
nr_doubles: 16384
nr_of_strided_rec: 8
nr_doubles: 16384
nr_of_strided_rec: 8
nr_doubles: 16384
nr_of_strided_rec: 8
nr_doubles: 16384
nr_of_strided_rec: 8
nr_doubles: 16384
nr_of_strided_rec: 8
nr_doubles: 16384
nr_of_strided_rec: 8
nr_doubles: 16384
nr_of_strided_rec: 8
nr_doubles: 16384
nr_of_strided_rec: 8
nr_doubles: 16384
nr_of_strided_rec: 8
nr_doubles: 16384
nr_of_strided_rec: 8
nr_doubles: 16384
nr_of_strided_rec: 8
nr_doubles: 16384
nr_of_strided_rec: 8
nr_doubles: 16384
nr_of_strided_rec: 8
nr_doubles: 16384
nr_of_strided_rec: 8
nr_doubles: 16384
nr_of_strided_rec: 8
nr_doubles: 16384
nr_of_strided_rec: 8
nr_doubles: 16384
nr_of_strided_rec: 8
nr_doubles: 16384
nr_of_strided_rec: 8
nr_doubles: 16384
nr_of_strided_rec: 8
nr_doubles: 16384
nr_of_strided_rec: 8
nr_doubles: 16384
nr_of_strided_rec: 8
nr_doubles: 16384
nr_of_strided_rec: 8
nr_doubles: 16384
nr_of_strided_rec: 8
nr_doubles: 16384
nr_of_strided_rec: 8
nr_doubles: 16384
nr_of_strided_rec: 8
nr_doubles: 16384
nr_of_strided_rec: 8
nr_doubles: 16384
nr_of_strided_rec: 8
nr_doubles: 16384
nr_of_strided_rec: 8
nr_doubles: 16384
nr_of_strided_rec: 8
nr_doubles: 16384
nr_of_strided_rec: 8
nr_doubles: 16384
nr_of_strided_rec: 8
nr_doubles: 16384
nr_of_strided_rec: 8
nr_doubles: 16384
nr_of_strided_rec: 8
nr_doubles: 16384
nr_of_strided_rec: 8
nr_doubles: 16384
nr_of_strided_rec: 8
nr_doubles: 16384
nr_of_strided_rec: 8
nr_doubles: 16384
nr_of_strided_rec: 8
nr_doubles: 16384
nr_of_strided_rec: 8
nr_doubles: 16384
nr_of_strided_rec: 8
nr_doubles: 16384
nr_of_strided_rec: 8
nr_doubles: 16384
nr_of_strided_rec: 8
nr_doubles: 16384
nr_of_strided_rec: 8
nr_doubles: 16384
nr_of_strided_rec: 8
nr_doubles: 16384
nr_of_strided_rec: 8
nr_doubles: 16384
nr_of_strided_rec: 8
nr_doubles: 16384
nr_of_strided_rec: 8
nr_doubles: 16384
nr_of_strided_rec: 8
nr_doubles: 16384
nr_of_strided_rec: 8
nr_doubles: 16384
nr_of_strided_rec: 8
nr_doubles: 16384
nr_of_strided_rec: 8
nr_doubles: 16384
nr_of_strided_rec: 8
nr_doubles: 16384
nr_of_strided_rec: 8
nr_doubles: 16384
nr_of_strided_rec: 8
nr_doubles: 16384
nr_of_strided_rec: 8
nr_doubles: 16384
nr_of_strided_rec: 8
nr_doubles: 16384
nr_of_strided_rec: 8
nr_doubles: 16384
nr_of_strided_rec: 8
nr_doubles: 16384
nr_of_strided_rec: 8
nr_doubles: 16384
nr_of_strided_rec: 8
nr_doubles: 16384
nr_of_strided_rec: 8
nr_doubles: 16384
nr_of_strided_rec: 8
nr_doubles: 16384
nr_of_strided_rec: 8
nr_doubles: 16384
nr_of_strided_rec: 8
nr_doubles: 16384
nr_of_strided_rec: 8
nr_doubles: 16384
nr_of_strided_rec: 8
nr_doubles: 16384
nr_of_strided_rec: 8
nr_doubles: 16384
nr_of_strided_rec: 8
nr_doubles: 16384
nr_of_strided_rec: 8
nr_doubles: 16384
nr_of_strided_rec: 8
nr_doubles: 16384
nr_of_strided_rec: 8
nr_doubles: 16384
nr_of_strided_rec: 8
nr_doubles: 16384
nr_of_strided_rec: 8
nr_doubles: 16384
nr_of_strided_rec: 8
nr_doubles: 16384
nr_of_strided_rec: 8
nr_doubles: 16384
nr_of_strided_rec: 8
nr_doubles: 16384
nr_of_strided_rec: 8
nr_doubles: 16384
nr_of_strided_rec: 8
nr_doubles: 16384
nr_of_strided_rec: 8
nr_doubles: 16384
nr_of_strided_rec: 8
nr_doubles: 16384
nr_of_strided_rec: 8
nr_doubles: 16384
nr_of_strided_rec: 8
nr_doubles: 16384
nr_of_strided_rec: 8
nr_doubles: 16384
nr_of_strided_rec: 8
nr_doubles: 16384
nr_of_strided_rec: 8
nr_doubles: 16384
nr_of_strided_rec: 8
nr_doubles: 16384
nr_of_strided_rec: 8
nr_doubles: 16384
nr_of_strided_rec: 8
nr_doubles: 16384
nr_of_strided_rec: 8
nr_doubles: 16384
nr_of_strided_rec: 8
nr_doubles: 16384
nr_of_strided_rec: 8
nr_doubles: 16384
nr_of_strided_rec: 8
nr_doubles: 16384
nr_of_strided_rec: 8
nr_doubles: 16384
nr_of_strided_rec: 8
nr_doubles: 16384
nr_of_strided_rec: 8
nr_doubles: 16384
nr_of_strided_rec: 8
nr_doubles: 16384
nr_of_strided_rec: 8
nr_doubles: 16384
nr_of_strided_rec: 8
nr_doubles: 16384
nr_of_strided_rec: 8
nr_doubles: 16384
nr_of_strided_rec: 8
nr_doubles: 16384
nr_of_strided_rec: 8
nr_doubles: 16384
nr_of_strided_rec: 8
nr_doubles: 16384
nr_of_strided_rec: 8
nr_doubles: 16384
nr_of_strided_rec: 8
nr_doubles: 16384
nr_of_strided_rec: 8
nr_doubles: 16384
nr_of_strided_rec: 8
nr_doubles: 16384
nr_of_strided_rec: 8
nr_doubles: 16384
nr_of_strided_rec: 8
nr_doubles: 16384
nr_of_strided_rec: 8
nr_doubles: 16384
nr_of_strided_rec: 8
nr_doubles: 16384
nr_of_strided_rec: 8
nr_doubles: 16384
nr_of_strided_rec: 8
nr_doubles: 16384
nr_of_strided_rec: 8
nr_doubles: 16384
nr_of_strided_rec: 8
nr_doubles: 16384
nr_of_strided_rec: 8
nr_doubles: 16384
nr_of_strided_rec: 8
nr_doubles: 16384
nr_of_strided_rec: 8
nr_doubles: 16384
nr_of_strided_rec: 8
nr_doubles: 16384
nr_of_strided_rec: 8
nr_doubles: 16384
nr_of_strided_rec: 8
nr_doubles: 16384
nr_of_strided_rec: 8
nr_doubles: 16384
nr_of_strided_rec: 8
nr_doubles: 16384
nr_of_strided_rec: 8
nr_doubles: 16384
nr_of_strided_rec: 8
nr_doubles: 16384
nr_of_strided_rec: 8
nr_doubles: 16384
nr_of_strided_rec: 8
nr_doubles: 16384
nr_of_strided_rec: 8
nr_doubles: 16384
nr_of_strided_rec: 8
nr_doubles: 16384
nr_of_strided_rec: 8
nr_doubles: 16384
nr_of_strided_rec: 8
nr_doubles: 16384
nr_of_strided_rec: 8
nr_doubles: 16384
nr_of_strided_rec: 8
nr_doubles: 16384
nr_of_strided_rec: 8
nr_doubles: 16384
nr_of_strided_rec: 8
nr_doubles: 16384
nr_of_strided_rec: 8
nr_doubles: 16384
nr_of_strided_rec: 8
nr_doubles: 16384
nr_of_strided_rec: 8
nr_doubles: 16384
nr_of_strided_rec: 8
nr_doubles: 16384
nr_of_strided_rec: 8
nr_doubles: 16384
nr_of_strided_rec: 8
nr_doubles: 16384
nr_of_strided_rec: 8
nr_doubles: 16384
nr_of_strided_rec: 8
nr_doubles: 16384
nr_of_strided_rec: 8
nr_doubles: 16384
nr_of_strided_rec: 8
nr_doubles: 16384
nr_of_strided_rec: 8
nr_doubles: 16384
nr_of_strided_rec: 8
nr_doubles: 16384
nr_of_strided_rec: 8
nr_doubles: 16384
nr_of_strided_rec: 8
nr_doubles: 16384
nr_of_strided_rec: 8
nr_doubles: 16384
nr_of_strided_rec: 8
nr_doubles: 16384
nr_of_strided_rec: 8
nr_doubles: 16384
nr_of_strided_rec: 8
nr_doubles: 16384
nr_of_strided_rec: 8
nr_doubles: 16384
nr_of_strided_rec: 8
nr_doubles: 16384
nr_of_strided_rec: 8
nr_doubles: 16384
nr_of_strided_rec: 8
nr_doubles: 16384
nr_of_strided_rec: 8
nr_doubles: 16384
nr_of_strided_rec: 8
nr_doubles: 16384
nr_of_strided_rec: 8
nr_doubles: 16384
nr_of_strided_rec: 8
nr_doubles: 16384
nr_of_strided_rec: 8
nr_doubles: 16384
nr_of_strided_rec: 8
nr_doubles: 16384
nr_of_strided_rec: 8
nr_doubles: 16384
nr_of_strided_rec: 8
nr_doubles: 16384
nr_of_strided_rec: 8
nr_doubles: 16384
nr_of_strided_rec: 8
nr_doubles: 16384
nr_of_strided_rec: 8
nr_doubles: 16384
nr_of_strided_rec: 8
nr_doubles: 16384
nr_of_strided_rec: 8
nr_doubles: 16384
nr_of_strided_rec: 8
nr_doubles: 16384
nr_of_strided_rec: 8
nr_doubles: 16384
nr_of_strided_rec: 8
nr_doubles: 16384
nr_of_strided_rec: 8
nr_doubles: 16384
nr_of_strided_rec: 8
nr_doubles: 16384
nr_of_strided_rec: 8
nr_doubles: 16384
nr_of_strided_rec: 8
nr_doubles: 16384
nr_of_strided_rec: 8
nr_doubles: 16384
nr_of_strided_rec: 8
