fclose PID:35074 fd:3
fclose PID:35074 fd:4
fclose PID:35074 fd:4
fclose PID:35074 fd:3
available: 2 nodes (0-1)
fclose PID:35074 fd:3
node 0 cpus:fclose PID:35074 fd:3
 0 1 2 3 4 5 6 7 8 9 20 21 22 23 24 25 26 27 28 29
node 0 size: 80440 MB
node 0 free: 80122 MB
fclose PID:35074 fd:3
node 1 cpus:fclose PID:35074 fd:3
 10 11 12 13 14 15 16 17 18 19 30 31 32 33 34 35 36 37 38 39
node 1 size: 80635 MB
node 1 free: 80371 MB
fclose PID:35074 fd:3
fclose PID:35074 fd:3
node distances:
node   0   1 
  0:  10  21 
  1:  21  10 
READAHEAD_TIME:0.000000 us
MaxRSS= 2232 KB, SharedMem= 0 KB, HardPageFault= 10
fclose PID:35079 fd:12
fclose PID:35082 fd:8
fclose PID:35080 fd:10
fclose PID:35081 fd:8

MADbench 2.0 IO-mode
no_pe = 4  no_pix = 16384  no_bin = 30  no_gang = 1 sblocksize = 8  fblocksize = 64  r_mod = 1  w_mod = 1 record_size=16777216 stride=7
IOMETHOD = POSIX  IOMODE = SYNC  FILETYPE = UNIQUE  REMAP = CUSTOM

build_S
build_S
build_S
build_S

Write the data to file:536870912 bytes
***********WAITING************

Write the data to file:536870912 bytes
***********WAITING************

Write the data to file:536870912 bytes
***********WAITING************

Write the data to file:536870912 bytes
***********WAITING************

Write the data to file:536870912 bytes
***********WAITING************

Write the data to file:536870912 bytes
***********WAITING************

Write the data to file:536870912 bytes
***********WAITING************

Write the data to file:536870912 bytes
***********WAITING************

Write the data to file:536870912 bytes
***********WAITING************

Write the data to file:536870912 bytes
***********WAITING************

Write the data to file:536870912 bytes
***********WAITING************

Write the data to file:536870912 bytes
***********WAITING************

Write the data to file:536870912 bytes
***********WAITING************

Write the data to file:536870912 bytes
***********WAITING************

Write the data to file:536870912 bytes
***********WAITING************

Write the data to file:536870912 bytes
***********WAITING************

Write the data to file:536870912 bytes
***********WAITING************

Write the data to file:536870912 bytes
***********WAITING************

Write the data to file:536870912 bytes
***********WAITING************

Write the data to file:536870912 bytes
***********WAITING************

Write the data to file:536870912 bytes
***********WAITING************

Write the data to file:536870912 bytes
***********WAITING************

Write the data to file:536870912 bytes
***********WAITING************

Write the data to file:536870912 bytes
***********WAITING************

Write the data to file:536870912 bytes
***********WAITING************

Write the data to file:536870912 bytes
***********WAITING************

Write the data to file:536870912 bytes
***********WAITING************

Write the data to file:536870912 bytes
***********WAITING************

Write the data to file:536870912 bytes
***********WAITING************

Write the data to file:536870912 bytes
***********WAITING************

Write the data to file:536870912 bytes
***********WAITING************

Write the data to file:536870912 bytes
***********WAITING************

Write the data to file:536870912 bytes
***********WAITING************

Write the data to file:536870912 bytes
***********WAITING************

Write the data to file:536870912 bytes
***********WAITING************

Write the data to file:536870912 bytes
***********WAITING************

Write the data to file:536870912 bytes
***********WAITING************

Write the data to file:536870912 bytes
***********WAITING************

Write the data to file:536870912 bytes
***********WAITING************

Write the data to file:536870912 bytes
***********WAITING************

Write the data to file:536870912 bytes
***********WAITING************

Write the data to file:536870912 bytes
***********WAITING************

Write the data to file:536870912 bytes
***********WAITING************

Write the data to file:536870912 bytes
***********WAITING************

Write the data to file:536870912 bytes
***********WAITING************

Write the data to file:536870912 bytes
***********WAITING************

Write the data to file:536870912 bytes
***********WAITING************

Write the data to file:536870912 bytes
***********WAITING************

Write the data to file:536870912 bytes
***********WAITING************

Write the data to file:536870912 bytes
***********WAITING************

Write the data to file:536870912 bytes
***********WAITING************

Write the data to file:536870912 bytes
***********WAITING************

Write the data to file:536870912 bytes
***********WAITING************

Write the data to file:536870912 bytes
***********WAITING************

Write the data to file:536870912 bytes
***********WAITING************

Write the data to file:536870912 bytes
***********WAITING************

Write the data to file:536870912 bytes
***********WAITING************

Write the data to file:536870912 bytes
***********WAITING************

Write the data to file:536870912 bytes
***********WAITING************

Write the data to file:536870912 bytes
***********WAITING************

Write the data to file:536870912 bytes
***********WAITING************

Write the data to file:536870912 bytes
***********WAITING************

Write the data to file:536870912 bytes
***********WAITING************

Write the data to file:536870912 bytes
***********WAITING************

Write the data to file:536870912 bytes
***********WAITING************

Write the data to file:536870912 bytes
***********WAITING************

Write the data to file:536870912 bytes
***********WAITING************

Write the data to file:536870912 bytes
***********WAITING************

Write the data to file:536870912 bytes
***********WAITING************

Write the data to file:536870912 bytes
***********WAITING************

Write the data to file:536870912 bytes
***********WAITING************

Write the data to file:536870912 bytes
***********WAITING************

Write the data to file:536870912 bytes
***********WAITING************

Write the data to file:536870912 bytes
***********WAITING************

Write the data to file:536870912 bytes
***********WAITING************

Write the data to file:536870912 bytes
***********WAITING************

Write the data to file:536870912 bytes
***********WAITING************

Write the data to file:536870912 bytes
***********WAITING************

Write the data to file:536870912 bytes
***********WAITING************

Write the data to file:536870912 bytes
***********WAITING************

Write the data to file:536870912 bytes
***********WAITING************

Write the data to file:536870912 bytes
***********WAITING************

Write the data to file:536870912 bytes
***********WAITING************

Write the data to file:536870912 bytes
***********WAITING************

Write the data to file:536870912 bytes
***********WAITING************

Write the data to file:536870912 bytes
***********WAITING************

Write the data to file:536870912 bytes
***********WAITING************

Write the data to file:536870912 bytes
***********WAITING************

Write the data to file:536870912 bytes
***********WAITING************

Write the data to file:536870912 bytes
***********WAITING************

Write the data to file:536870912 bytes
***********WAITING************

Write the data to file:536870912 bytes
***********WAITING************

Write the data to file:536870912 bytes
***********WAITING************

Write the data to file:536870912 bytes
***********WAITING************

Write the data to file:536870912 bytes
***********WAITING************

Write the data to file:536870912 bytes
***********WAITING************

Write the data to file:536870912 bytes
***********WAITING************

Write the data to file:536870912 bytes
***********WAITING************

Write the data to file:536870912 bytes
***********WAITING************

Write the data to file:536870912 bytes
***********WAITING************

Write the data to file:536870912 bytes
***********WAITING************

Write the data to file:536870912 bytes
***********WAITING************

Write the data to file:536870912 bytes
***********WAITING************

Write the data to file:536870912 bytes
***********WAITING************

Write the data to file:536870912 bytes
***********WAITING************

Write the data to file:536870912 bytes
***********WAITING************

Write the data to file:536870912 bytes
***********WAITING************

Write the data to file:536870912 bytes
***********WAITING************

Write the data to file:536870912 bytes
***********WAITING************

Write the data to file:536870912 bytes
***********WAITING************

Write the data to file:536870912 bytes
***********WAITING************

Write the data to file:536870912 bytes
***********WAITING************

Write the data to file:536870912 bytes
***********WAITING************

Write the data to file:536870912 bytes
***********WAITING************

Write the data to file:536870912 bytes
***********WAITING************

Write the data to file:536870912 bytes
***********WAITING************

Write the data to file:536870912 bytes
***********WAITING************

Write the data to file:536870912 bytes
***********WAITING************

Write the data to file:536870912 bytes
***********WAITING************

Write the data to file:536870912 bytes
***********WAITING************
S_cc         3.39   [      3.38:      3.40]
S_bw         2.81   [      2.81:      2.81]
S_w         90.36   [     90.36:     90.37]
          -------
S_total     96.56   [     96.56:     96.56]

build_S done
calc_W
build_S done
calc_W
nr_of_strided_rec: 4
nr_doubles: 2097152
build_S done
calc_W
nr_of_strided_rec: 4
nr_doubles: 2097152
build_S done
calc_W
nr_of_strided_rec: 4
nr_doubles: 2097152
nr_of_strided_rec: 4
nr_doubles: 2097152
nr_of_strided_rec: 4
nr_doubles: 2097152
nr_of_strided_rec: 4
nr_doubles: 2097152
nr_of_strided_rec: 4
nr_doubles: 2097152
nr_of_strided_rec: 4
nr_doubles: 2097152

Write the data to file:536870912 bytes
***********WAITING************

Write the data to file:536870912 bytes
***********WAITING************

Write the data to file:536870912 bytes
***********WAITING************

Write the data to file:536870912 bytes
***********WAITING************
nr_of_strided_rec: 4
nr_doubles: 2097152
nr_of_strided_rec: 4
nr_doubles: 2097152
nr_of_strided_rec: 4
nr_doubles: 2097152
nr_of_strided_rec: 4
nr_doubles: 2097152

Write the data to file:536870912 bytes
***********WAITING************

Write the data to file:536870912 bytes
***********WAITING************

Write the data to file:536870912 bytes
***********WAITING************

Write the data to file:536870912 bytes
***********WAITING************
nr_of_strided_rec: 4
nr_doubles: 2097152
nr_of_strided_rec: 4
nr_doubles: 2097152
nr_of_strided_rec: 4
nr_doubles: 2097152
nr_of_strided_rec: 4
nr_doubles: 2097152

Write the data to file:536870912 bytes
***********WAITING************

Write the data to file:536870912 bytes
***********WAITING************

Write the data to file:536870912 bytes
***********WAITING************

Write the data to file:536870912 bytes
***********WAITING************
nr_of_strided_rec: 4
nr_doubles: 2097152
nr_of_strided_rec: 4
nr_doubles: 2097152
nr_of_strided_rec: 4
nr_doubles: 2097152
nr_of_strided_rec: 4
nr_doubles: 2097152

Write the data to file:536870912 bytes
***********WAITING************

Write the data to file:536870912 bytes
***********WAITING************

Write the data to file:536870912 bytes
***********WAITING************

Write the data to file:536870912 bytes
***********WAITING************
nr_of_strided_rec: 4
nr_doubles: 2097152
nr_of_strided_rec: 4
nr_doubles: 2097152
nr_of_strided_rec: 4
nr_doubles: 2097152
nr_of_strided_rec: 4
nr_doubles: 2097152

Write the data to file:536870912 bytes
***********WAITING************

Write the data to file:536870912 bytes
***********WAITING************

Write the data to file:536870912 bytes
***********WAITING************

Write the data to file:536870912 bytes
***********WAITING************
nr_of_strided_rec: 4
nr_doubles: 2097152
nr_of_strided_rec: 4
nr_doubles: 2097152
nr_of_strided_rec: 4
nr_doubles: 2097152
nr_of_strided_rec: 4
nr_doubles: 2097152

Write the data to file:536870912 bytes
***********WAITING************

Write the data to file:536870912 bytes
***********WAITING************

Write the data to file:536870912 bytes
***********WAITING************

Write the data to file:536870912 bytes
***********WAITING************
nr_of_strided_rec: 4
nr_doubles: 2097152
nr_of_strided_rec: 4
nr_doubles: 2097152
nr_of_strided_rec: 4
nr_doubles: 2097152
nr_of_strided_rec: 4
nr_doubles: 2097152

Write the data to file:536870912 bytes
***********WAITING************

Write the data to file:536870912 bytes
***********WAITING************

Write the data to file:536870912 bytes
***********WAITING************

Write the data to file:536870912 bytes
***********WAITING************
nr_of_strided_rec: 4
nr_doubles: 2097152
nr_of_strided_rec: 4
nr_doubles: 2097152
nr_of_strided_rec: 4
nr_doubles: 2097152
nr_of_strided_rec: 4
nr_doubles: 2097152

Write the data to file:536870912 bytes
***********WAITING************

Write the data to file:536870912 bytes
***********WAITING************

Write the data to file:536870912 bytes
***********WAITING************

Write the data to file:536870912 bytes
***********WAITING************
nr_of_strided_rec: 4
nr_doubles: 2097152
nr_of_strided_rec: 4
nr_doubles: 2097152
nr_of_strided_rec: 4
nr_doubles: 2097152
nr_of_strided_rec: 4
nr_doubles: 2097152

Write the data to file:536870912 bytes
***********WAITING************

Write the data to file:536870912 bytes
***********WAITING************

Write the data to file:536870912 bytes
***********WAITING************

Write the data to file:536870912 bytes
***********WAITING************
nr_of_strided_rec: 4
nr_doubles: 2097152
nr_of_strided_rec: 4
nr_doubles: 2097152
nr_of_strided_rec: 4
nr_doubles: 2097152
nr_of_strided_rec: 4
nr_doubles: 2097152

Write the data to file:536870912 bytes
***********WAITING************

Write the data to file:536870912 bytes
***********WAITING************

Write the data to file:536870912 bytes
***********WAITING************

Write the data to file:536870912 bytes
***********WAITING************
nr_of_strided_rec: 4
nr_doubles: 2097152
nr_of_strided_rec: 4
nr_doubles: 2097152
nr_of_strided_rec: 4
nr_doubles: 2097152
nr_of_strided_rec: 4
nr_doubles: 2097152

Write the data to file:536870912 bytes
***********WAITING************

Write the data to file:536870912 bytes
***********WAITING************

Write the data to file:536870912 bytes
***********WAITING************

Write the data to file:536870912 bytes
***********WAITING************
nr_of_strided_rec: 4
nr_doubles: 2097152
nr_of_strided_rec: 4
nr_doubles: 2097152
nr_of_strided_rec: 4
nr_doubles: 2097152
nr_of_strided_rec: 4
nr_doubles: 2097152

Write the data to file:536870912 bytes
***********WAITING************

Write the data to file:536870912 bytes
***********WAITING************

Write the data to file:536870912 bytes
***********WAITING************

Write the data to file:536870912 bytes
***********WAITING************
nr_of_strided_rec: 4
nr_doubles: 2097152
nr_of_strided_rec: 4
nr_doubles: 2097152
nr_of_strided_rec: 4
nr_doubles: 2097152
nr_of_strided_rec: 4
nr_doubles: 2097152

Write the data to file:536870912 bytes
***********WAITING************

Write the data to file:536870912 bytes
***********WAITING************

Write the data to file:536870912 bytes
***********WAITING************

Write the data to file:536870912 bytes
***********WAITING************
nr_of_strided_rec: 4
nr_doubles: 2097152
nr_of_strided_rec: 4
nr_doubles: 2097152
nr_of_strided_rec: 4
nr_doubles: 2097152
nr_of_strided_rec: 4
nr_doubles: 2097152

Write the data to file:536870912 bytes
***********WAITING************

Write the data to file:536870912 bytes
***********WAITING************

Write the data to file:536870912 bytes
***********WAITING************

Write the data to file:536870912 bytes
***********WAITING************
nr_of_strided_rec: 4
nr_doubles: 2097152
nr_of_strided_rec: 4
nr_doubles: 2097152
nr_of_strided_rec: 4
nr_doubles: 2097152
nr_of_strided_rec: 4
nr_doubles: 2097152

Write the data to file:536870912 bytes
***********WAITING************

Write the data to file:536870912 bytes
***********WAITING************

Write the data to file:536870912 bytes
***********WAITING************

Write the data to file:536870912 bytes
***********WAITING************
nr_of_strided_rec: 4
nr_doubles: 2097152
nr_of_strided_rec: 4
nr_doubles: 2097152
nr_of_strided_rec: 4
nr_doubles: 2097152
nr_of_strided_rec: 4
nr_doubles: 2097152

Write the data to file:536870912 bytes
***********WAITING************

Write the data to file:536870912 bytes
***********WAITING************

Write the data to file:536870912 bytes
***********WAITING************

Write the data to file:536870912 bytes
***********WAITING************
nr_of_strided_rec: 4
nr_doubles: 2097152
nr_of_strided_rec: 4
nr_doubles: 2097152
nr_of_strided_rec: 4
nr_doubles: 2097152
nr_of_strided_rec: 4
nr_doubles: 2097152

Write the data to file:536870912 bytes
***********WAITING************

Write the data to file:536870912 bytes
***********WAITING************

Write the data to file:536870912 bytes
***********WAITING************

Write the data to file:536870912 bytes
***********WAITING************
nr_of_strided_rec: 4
nr_doubles: 2097152
nr_of_strided_rec: 4
nr_doubles: 2097152
nr_of_strided_rec: 4
nr_doubles: 2097152
nr_of_strided_rec: 4
nr_doubles: 2097152

Write the data to file:536870912 bytes
***********WAITING************

Write the data to file:536870912 bytes
***********WAITING************

Write the data to file:536870912 bytes
***********WAITING************

Write the data to file:536870912 bytes
***********WAITING************
nr_of_strided_rec: 4
nr_doubles: 2097152
nr_of_strided_rec: 4
nr_doubles: 2097152
nr_of_strided_rec: 4
nr_doubles: 2097152
nr_of_strided_rec: 4
nr_doubles: 2097152

Write the data to file:536870912 bytes
***********WAITING************

Write the data to file:536870912 bytes
***********WAITING************

Write the data to file:536870912 bytes
***********WAITING************

Write the data to file:536870912 bytes
***********WAITING************
nr_of_strided_rec: 4
nr_doubles: 2097152
nr_of_strided_rec: 4
nr_doubles: 2097152
nr_of_strided_rec: 4
nr_doubles: 2097152
nr_of_strided_rec: 4
nr_doubles: 2097152

Write the data to file:536870912 bytes
***********WAITING************

Write the data to file:536870912 bytes
***********WAITING************

Write the data to file:536870912 bytes
***********WAITING************

Write the data to file:536870912 bytes
***********WAITING************
nr_of_strided_rec: 4
nr_doubles: 2097152
nr_of_strided_rec: 4
nr_doubles: 2097152
nr_of_strided_rec: 4
nr_doubles: 2097152
nr_of_strided_rec: 4
nr_doubles: 2097152

Write the data to file:536870912 bytes
***********WAITING************

Write the data to file:536870912 bytes
***********WAITING************

Write the data to file:536870912 bytes
***********WAITING************

Write the data to file:536870912 bytes
***********WAITING************
nr_of_strided_rec: 4
nr_doubles: 2097152
nr_of_strided_rec: 4
nr_doubles: 2097152
nr_of_strided_rec: 4
nr_doubles: 2097152
nr_of_strided_rec: 4
nr_doubles: 2097152

Write the data to file:536870912 bytes
***********WAITING************

Write the data to file:536870912 bytes
***********WAITING************

Write the data to file:536870912 bytes
***********WAITING************

Write the data to file:536870912 bytes
***********WAITING************
nr_of_strided_rec: 4
nr_doubles: 2097152
nr_of_strided_rec: 4
nr_doubles: 2097152
nr_of_strided_rec: 4
nr_doubles: 2097152
nr_of_strided_rec: 4
nr_doubles: 2097152

Write the data to file:536870912 bytes
***********WAITING************

Write the data to file:536870912 bytes
***********WAITING************

Write the data to file:536870912 bytes
***********WAITING************

Write the data to file:536870912 bytes
***********WAITING************
nr_of_strided_rec: 4
nr_doubles: 2097152
nr_of_strided_rec: 4
nr_doubles: 2097152
nr_of_strided_rec: 4
nr_doubles: 2097152
nr_of_strided_rec: 4
nr_doubles: 2097152

Write the data to file:536870912 bytes
***********WAITING************

Write the data to file:536870912 bytes
***********WAITING************

Write the data to file:536870912 bytes
***********WAITING************

Write the data to file:536870912 bytes
***********WAITING************
nr_of_strided_rec: 4
nr_doubles: 2097152
nr_of_strided_rec: 4
nr_doubles: 2097152
nr_of_strided_rec: 4
nr_doubles: 2097152
nr_of_strided_rec: 4
nr_doubles: 2097152

Write the data to file:536870912 bytes
***********WAITING************

Write the data to file:536870912 bytes
***********WAITING************

Write the data to file:536870912 bytes
***********WAITING************

Write the data to file:536870912 bytes
***********WAITING************
nr_of_strided_rec: 4
nr_doubles: 2097152
nr_of_strided_rec: 4
nr_doubles: 2097152
nr_of_strided_rec: 4
nr_doubles: 2097152
nr_of_strided_rec: 4
nr_doubles: 2097152

Write the data to file:536870912 bytes
***********WAITING************

Write the data to file:536870912 bytes
***********WAITING************

Write the data to file:536870912 bytes
***********WAITING************

Write the data to file:536870912 bytes
***********WAITING************
nr_of_strided_rec: 4
nr_doubles: 2097152
nr_of_strided_rec: 4
nr_doubles: 2097152
nr_of_strided_rec: 4
nr_doubles: 2097152
nr_of_strided_rec: 4
nr_doubles: 2097152

Write the data to file:536870912 bytes
***********WAITING************

Write the data to file:536870912 bytes
***********WAITING************

Write the data to file:536870912 bytes
***********WAITING************

Write the data to file:536870912 bytes
***********WAITING************
nr_of_strided_rec: 4
nr_doubles: 2097152
nr_of_strided_rec: 4
nr_doubles: 2097152
nr_of_strided_rec: 4
nr_doubles: 2097152
nr_of_strided_rec: 4
nr_doubles: 2097152

Write the data to file:536870912 bytes
***********WAITING************

Write the data to file:536870912 bytes
***********WAITING************

Write the data to file:536870912 bytes
***********WAITING************

Write the data to file:536870912 bytes
***********WAITING************
nr_of_strided_rec: 4
nr_doubles: 2097152
nr_of_strided_rec: 4
nr_doubles: 2097152
nr_of_strided_rec: 4
nr_doubles: 2097152
nr_of_strided_rec: 4
nr_doubles: 2097152

Write the data to file:536870912 bytes
***********WAITING************

Write the data to file:536870912 bytes
***********WAITING************

Write the data to file:536870912 bytes
***********WAITING************

Write the data to file:536870912 bytes
***********WAITING************

Write the data to file:536870912 bytes
***********WAITING************

Write the data to file:536870912 bytes
***********WAITING************

Write the data to file:536870912 bytes
***********WAITING************

Write the data to file:536870912 bytes
***********WAITING************
W_cc         5.01   [      5.01:      5.02]
W_r        278.53   [    278.53:    278.53]
W_w         23.37   [     23.37:     23.37]
          -------
W_total    306.92   [    306.91:    306.92]

calc_W done
nr_of_strided_rec: 4
nr_doubles: 2097152
calc_W done
nr_of_strided_rec: 4
nr_doubles: 2097152
calc_W done
nr_of_strided_rec: 4
nr_doubles: 2097152
calc_W done
nr_of_strided_rec: 4
nr_doubles: 2097152
nr_of_strided_rec: 4
nr_doubles: 2097152
nr_of_strided_rec: 4
nr_doubles: 2097152
nr_of_strided_rec: 4
nr_doubles: 2097152
nr_of_strided_rec: 4
nr_doubles: 2097152
nr_of_strided_rec: 4
nr_doubles: 2097152
nr_of_strided_rec: 4
nr_doubles: 2097152
nr_of_strided_rec: 4
nr_doubles: 2097152
nr_of_strided_rec: 4
nr_doubles: 2097152
nr_of_strided_rec: 4
nr_doubles: 2097152
nr_of_strided_rec: 4
nr_doubles: 2097152
nr_of_strided_rec: 4
nr_doubles: 2097152
nr_of_strided_rec: 4
nr_doubles: 2097152
nr_of_strided_rec: 4
nr_doubles: 2097152
nr_of_strided_rec: 4
nr_doubles: 2097152
nr_of_strided_rec: 4
nr_doubles: 2097152
nr_of_strided_rec: 4
nr_doubles: 2097152
nr_of_strided_rec: 4
nr_doubles: 2097152
nr_of_strided_rec: 4
nr_doubles: 2097152
nr_of_strided_rec: 4
nr_doubles: 2097152
nr_of_strided_rec: 4
nr_doubles: 2097152
nr_of_strided_rec: 4
nr_doubles: 2097152
nr_of_strided_rec: 4
nr_doubles: 2097152
nr_of_strided_rec: 4
nr_doubles: 2097152
nr_of_strided_rec: 4
nr_doubles: 2097152
nr_of_strided_rec: 4
nr_doubles: 2097152
nr_of_strided_rec: 4
nr_doubles: 2097152
nr_of_strided_rec: 4
nr_doubles: 2097152
nr_of_strided_rec: 4
nr_doubles: 2097152
nr_of_strided_rec: 4
nr_doubles: 2097152
nr_of_strided_rec: 4
nr_doubles: 2097152
nr_of_strided_rec: 4
nr_doubles: 2097152
nr_of_strided_rec: 4
nr_doubles: 2097152
nr_of_strided_rec: 4
nr_doubles: 2097152
nr_of_strided_rec: 4
nr_doubles: 2097152
nr_of_strided_rec: 4
nr_doubles: 2097152
nr_of_strided_rec: 4
nr_doubles: 2097152
nr_of_strided_rec: 4
nr_doubles: 2097152
nr_of_strided_rec: 4
nr_doubles: 2097152
nr_of_strided_rec: 4
nr_doubles: 2097152
nr_of_strided_rec: 4
nr_doubles: 2097152
nr_of_strided_rec: 4
nr_doubles: 2097152
nr_of_strided_rec: 4
nr_doubles: 2097152
nr_of_strided_rec: 4
nr_doubles: 2097152
nr_of_strided_rec: 4
nr_doubles: 2097152
nr_of_strided_rec: 4
nr_doubles: 2097152
nr_of_strided_rec: 4
nr_doubles: 2097152
nr_of_strided_rec: 4
nr_doubles: 2097152
nr_of_strided_rec: 4
nr_doubles: 2097152
nr_of_strided_rec: 4
nr_doubles: 2097152
nr_of_strided_rec: 4
nr_doubles: 2097152
nr_of_strided_rec: 4
nr_doubles: 2097152
nr_of_strided_rec: 4
nr_doubles: 2097152
nr_of_strided_rec: 4
nr_doubles: 2097152
nr_of_strided_rec: 4
nr_doubles: 2097152
nr_of_strided_rec: 4
nr_doubles: 2097152
nr_of_strided_rec: 4
nr_doubles: 2097152
nr_of_strided_rec: 4
nr_doubles: 2097152
nr_of_strided_rec: 4
nr_doubles: 2097152
nr_of_strided_rec: 4
nr_doubles: 2097152
nr_of_strided_rec: 4
nr_doubles: 2097152
nr_of_strided_rec: 4
nr_doubles: 2097152
nr_of_strided_rec: 4
nr_doubles: 2097152
nr_of_strided_rec: 4
nr_doubles: 2097152
nr_of_strided_rec: 4
nr_doubles: 2097152
nr_of_strided_rec: 4
nr_doubles: 2097152
nr_of_strided_rec: 4
nr_doubles: 2097152
nr_of_strided_rec: 4
nr_doubles: 2097152
nr_of_strided_rec: 4
nr_doubles: 2097152
nr_of_strided_rec: 4
nr_doubles: 2097152
nr_of_strided_rec: 4
nr_doubles: 2097152
nr_of_strided_rec: 4
nr_doubles: 2097152
nr_of_strided_rec: 4
nr_doubles: 2097152
nr_of_strided_rec: 4
nr_doubles: 2097152
nr_of_strided_rec: 4
nr_doubles: 2097152
nr_of_strided_rec: 4
nr_doubles: 2097152
nr_of_strided_rec: 4
nr_doubles: 2097152
nr_of_strided_rec: 4
nr_doubles: 2097152
nr_of_strided_rec: 4
nr_doubles: 2097152
nr_of_strided_rec: 4
nr_doubles: 2097152
nr_of_strided_rec: 4
nr_doubles: 2097152
nr_of_strided_rec: 4
nr_doubles: 2097152
nr_of_strided_rec: 4
nr_doubles: 2097152
nr_of_strided_rec: 4
nr_doubles: 2097152
nr_of_strided_rec: 4
nr_doubles: 2097152
nr_of_strided_rec: 4
nr_doubles: 2097152
nr_of_strided_rec: 4
nr_doubles: 2097152
nr_of_strided_rec: 4
nr_doubles: 2097152
nr_of_strided_rec: 4
nr_doubles: 2097152
nr_of_strided_rec: 4
nr_doubles: 2097152
nr_of_strided_rec: 4
nr_doubles: 2097152
nr_of_strided_rec: 4
nr_doubles: 2097152
nr_of_strided_rec: 4
nr_doubles: 2097152
nr_of_strided_rec: 4
nr_doubles: 2097152
nr_of_strided_rec: 4
nr_doubles: 2097152
nr_of_strided_rec: 4
nr_doubles: 2097152
nr_of_strided_rec: 4
nr_doubles: 2097152
nr_of_strided_rec: 4
nr_doubles: 2097152
nr_of_strided_rec: 4
nr_doubles: 2097152
nr_of_strided_rec: 4
nr_doubles: 2097152
nr_of_strided_rec: 4
nr_doubles: 2097152
nr_of_strided_rec: 4
nr_doubles: 2097152
nr_of_strided_rec: 4
nr_doubles: 2097152
nr_of_strided_rec: 4
nr_doubles: 2097152
nr_of_strided_rec: 4
nr_doubles: 2097152
nr_of_strided_rec: 4
nr_doubles: 2097152
nr_of_strided_rec: 4
nr_doubles: 2097152
nr_of_strided_rec: 4
nr_doubles: 2097152
nr_of_strided_rec: 4
nr_doubles: 2097152
nr_of_strided_rec: 4
nr_doubles: 2097152
nr_of_strided_rec: 4
nr_doubles: 2097152
nr_of_strided_rec: 4
nr_doubles: 2097152
nr_of_strided_rec: 4
nr_doubles: 2097152
nr_of_strided_rec: 4
nr_doubles: 2097152
nr_of_strided_rec: 4
nr_doubles: 2097152
nr_of_strided_rec: 4
nr_doubles: 2097152
nr_of_strided_rec: 4
nr_doubles: 2097152
C_cc         3.11   [      3.11:      3.11]
C_bw         2.64   [      2.64:      2.64]
C_r        149.19   [    149.19:    149.19]
          -------
C_total    154.94   [    154.94:    154.94]


dC[0] = 0.00000e+00
fclose PID:35082 fd:8
fclose PID:35080 fd:10
fclose PID:35079 fd:12
fclose PID:35081 fd:8
READAHEAD_TIME:1684.000000 us
MaxRSS= 2108004 KB, SharedMem= 0 KB, HardPageFault= 12
READAHEAD_TIME:1602.000000 us
MaxRSS= 2107880 KB, SharedMem= 0 KB, HardPageFault= 14
READAHEAD_TIME:1653.000000 us
MaxRSS= 2107856 KB, SharedMem= 0 KB, HardPageFault= 13
READAHEAD_TIME:1622.000000 us
MaxRSS= 2107868 KB, SharedMem= 0 KB, HardPageFault= 12
fclose PID:35078 fd:0
fclose PID:35078 fd:6
fclose PID:35078 fd:6
fclose PID:35078 fd:0
READAHEAD_TIME:0.000000 us
MaxRSS= 5352 KB, SharedMem= 0 KB, HardPageFault= 2
fclose PID:35077 fd:3
fclose PID:35077 fd:4
fclose PID:35077 fd:4
fclose PID:35077 fd:3
READAHEAD_TIME:0.000000 us
MaxRSS= 4876 KB, SharedMem= 0 KB, HardPageFault= 4
	Command being timed: "mpiexec -n 4 ./MADbench2_io 16384 30 1 8 64 1 1 16777216 7 1"
	User time (seconds): 207.15
	System time (seconds): 226.92
	Percent of CPU this job got: 77%
	Elapsed (wall clock) time (h:mm:ss or m:ss): 9:19.12
	Average shared text size (kbytes): 0
	Average unshared data size (kbytes): 0
	Average stack size (kbytes): 0
	Average total size (kbytes): 0
	Maximum resident set size (kbytes): 2108004
	Average resident set size (kbytes): 0
	Major (requiring I/O) page faults: 58
	Minor (reclaiming a frame) page faults: 6759407
	Voluntary context switches: 106111
	Involuntary context switches: 2179
	Swaps: 0
	File system inputs: 208702704
	File system outputs: 251658600
	Socket messages sent: 0
	Socket messages received: 0
	Signals delivered: 0
	Page size (bytes): 4096
	Exit status: 0
READAHEAD_TIME:0.000000 us
MaxRSS= 2212 KB, SharedMem= 0 KB, HardPageFault= 0
*******************DMESG OUTPUT******************
