fclose PID:30834 fd:3
fclose PID:30834 fd:4
fclose PID:30834 fd:4
fclose PID:30834 fd:3
available: 2 nodes (0-1)
fclose PID:30834 fd:3
node 0 cpus:fclose PID:30834 fd:3
 0 1 2 3 4 5 6 7 8 9 20 21 22 23 24 25 26 27 28 29
node 0 size: 80440 MB
node 0 free: 80121 MB
fclose PID:30834 fd:3
node 1 cpus:fclose PID:30834 fd:3
 10 11 12 13 14 15 16 17 18 19 30 31 32 33 34 35 36 37 38 39
node 1 size: 80635 MB
node 1 free: 80377 MB
fclose PID:30834 fd:3
fclose PID:30834 fd:3
node distances:
node   0   1 
  0:  10  21 
  1:  21  10 
READAHEAD_TIME:0.000000 us
MaxRSS= 2284 KB, SharedMem= 0 KB, HardPageFault= 10
fclose PID:30840 fd:12
fclose PID:30841 fd:10
fclose PID:30843 fd:8
fclose PID:30842 fd:8

MADbench 2.0 IO-mode
no_pe = 4  no_pix = 8192  no_bin = 30  no_gang = 1 sblocksize = 8  fblocksize = 64  r_mod = 1  w_mod = 1 record_size=16777216 stride=7


IOMETHOD = POSIX  IOMODE = SYNC  FILETYPE = UNIQUE  REMAP = CUSTOMbuild_S
build_S
build_S
build_S

Write the data to file:134217728 bytes
***********WAITING************

Write the data to file:134217728 bytes
***********WAITING************

Write the data to file:134217728 bytes
***********WAITING************

Write the data to file:134217728 bytes
***********WAITING************

Write the data to file:134217728 bytes
***********WAITING************

Write the data to file:134217728 bytes
***********WAITING************

Write the data to file:134217728 bytes
***********WAITING************

Write the data to file:134217728 bytes
***********WAITING************

Write the data to file:134217728 bytes
***********WAITING************

Write the data to file:134217728 bytes
***********WAITING************

Write the data to file:134217728 bytes
***********WAITING************

Write the data to file:134217728 bytes
***********WAITING************

Write the data to file:134217728 bytes
***********WAITING************

Write the data to file:134217728 bytes
***********WAITING************

Write the data to file:134217728 bytes
***********WAITING************

Write the data to file:134217728 bytes
***********WAITING************

Write the data to file:134217728 bytes
***********WAITING************

Write the data to file:134217728 bytes
***********WAITING************

Write the data to file:134217728 bytes
***********WAITING************

Write the data to file:134217728 bytes
***********WAITING************

Write the data to file:134217728 bytes
***********WAITING************

Write the data to file:134217728 bytes
***********WAITING************

Write the data to file:134217728 bytes
***********WAITING************

Write the data to file:134217728 bytes
***********WAITING************

Write the data to file:134217728 bytes
***********WAITING************

Write the data to file:134217728 bytes
***********WAITING************

Write the data to file:134217728 bytes
***********WAITING************

Write the data to file:134217728 bytes
***********WAITING************

Write the data to file:134217728 bytes
***********WAITING************

Write the data to file:134217728 bytes
***********WAITING************

Write the data to file:134217728 bytes
***********WAITING************

Write the data to file:134217728 bytes
***********WAITING************

Write the data to file:134217728 bytes
***********WAITING************

Write the data to file:134217728 bytes
***********WAITING************

Write the data to file:134217728 bytes
***********WAITING************

Write the data to file:134217728 bytes
***********WAITING************

Write the data to file:134217728 bytes
***********WAITING************

Write the data to file:134217728 bytes
***********WAITING************

Write the data to file:134217728 bytes
***********WAITING************

Write the data to file:134217728 bytes
***********WAITING************

Write the data to file:134217728 bytes
***********WAITING************

Write the data to file:134217728 bytes
***********WAITING************

Write the data to file:134217728 bytes
***********WAITING************

Write the data to file:134217728 bytes
***********WAITING************

Write the data to file:134217728 bytes
***********WAITING************

Write the data to file:134217728 bytes
***********WAITING************

Write the data to file:134217728 bytes
***********WAITING************

Write the data to file:134217728 bytes
***********WAITING************

Write the data to file:134217728 bytes
***********WAITING************

Write the data to file:134217728 bytes
***********WAITING************

Write the data to file:134217728 bytes
***********WAITING************

Write the data to file:134217728 bytes
***********WAITING************

Write the data to file:134217728 bytes
***********WAITING************

Write the data to file:134217728 bytes
***********WAITING************

Write the data to file:134217728 bytes
***********WAITING************

Write the data to file:134217728 bytes
***********WAITING************

Write the data to file:134217728 bytes
***********WAITING************

Write the data to file:134217728 bytes
***********WAITING************

Write the data to file:134217728 bytes
***********WAITING************

Write the data to file:134217728 bytes
***********WAITING************

Write the data to file:134217728 bytes
***********WAITING************

Write the data to file:134217728 bytes
***********WAITING************

Write the data to file:134217728 bytes
***********WAITING************

Write the data to file:134217728 bytes
***********WAITING************

Write the data to file:134217728 bytes
***********WAITING************

Write the data to file:134217728 bytes
***********WAITING************

Write the data to file:134217728 bytes
***********WAITING************

Write the data to file:134217728 bytes
***********WAITING************

Write the data to file:134217728 bytes
***********WAITING************

Write the data to file:134217728 bytes
***********WAITING************

Write the data to file:134217728 bytes
***********WAITING************

Write the data to file:134217728 bytes
***********WAITING************

Write the data to file:134217728 bytes
***********WAITING************

Write the data to file:134217728 bytes
***********WAITING************

Write the data to file:134217728 bytes
***********WAITING************

Write the data to file:134217728 bytes
***********WAITING************

Write the data to file:134217728 bytes
***********WAITING************

Write the data to file:134217728 bytes
***********WAITING************

Write the data to file:134217728 bytes
***********WAITING************

Write the data to file:134217728 bytes
***********WAITING************

Write the data to file:134217728 bytes
***********WAITING************

Write the data to file:134217728 bytes
***********WAITING************

Write the data to file:134217728 bytes
***********WAITING************

Write the data to file:134217728 bytes
***********WAITING************

Write the data to file:134217728 bytes
***********WAITING************

Write the data to file:134217728 bytes
***********WAITING************

Write the data to file:134217728 bytes
***********WAITING************

Write the data to file:134217728 bytes
***********WAITING************

Write the data to file:134217728 bytes
***********WAITING************

Write the data to file:134217728 bytes
***********WAITING************

Write the data to file:134217728 bytes
***********WAITING************

Write the data to file:134217728 bytes
***********WAITING************

Write the data to file:134217728 bytes
***********WAITING************

Write the data to file:134217728 bytes
***********WAITING************

Write the data to file:134217728 bytes
***********WAITING************

Write the data to file:134217728 bytes
***********WAITING************

Write the data to file:134217728 bytes
***********WAITING************

Write the data to file:134217728 bytes
***********WAITING************

Write the data to file:134217728 bytes
***********WAITING************

Write the data to file:134217728 bytes
***********WAITING************

Write the data to file:134217728 bytes
***********WAITING************

Write the data to file:134217728 bytes
***********WAITING************

Write the data to file:134217728 bytes
***********WAITING************

Write the data to file:134217728 bytes
***********WAITING************

Write the data to file:134217728 bytes
***********WAITING************

Write the data to file:134217728 bytes
***********WAITING************

Write the data to file:134217728 bytes
***********WAITING************

Write the data to file:134217728 bytes
***********WAITING************

Write the data to file:134217728 bytes
***********WAITING************

Write the data to file:134217728 bytes
***********WAITING************

Write the data to file:134217728 bytes
***********WAITING************

Write the data to file:134217728 bytes
***********WAITING************

Write the data to file:134217728 bytes
***********WAITING************

Write the data to file:134217728 bytes
***********WAITING************

Write the data to file:134217728 bytes
***********WAITING************

Write the data to file:134217728 bytes
***********WAITING************

Write the data to file:134217728 bytes
***********WAITING************

Write the data to file:134217728 bytes
***********WAITING************

Write the data to file:134217728 bytes
***********WAITING************

Write the data to file:134217728 bytes
***********WAITING************
S_cc         1.43   [      1.43:      1.43]
S_bw         0.73   [      0.73:      0.73]
S_w         34.10   [     34.10:     34.10]
          -------
S_total     36.26   [     36.26:     36.26]

build_S done
calc_W
build_S done
calc_W
nr_of_strided_rec: 1
nr_doubles: 2097152
build_S done
calc_W
nr_of_strided_rec: 1
nr_doubles: 2097152
build_S done
calc_W
nr_of_strided_rec: 1
nr_doubles: 2097152
nr_of_strided_rec: 1
nr_doubles: 2097152
nr_of_strided_rec: 1
nr_doubles: 2097152
nr_of_strided_rec: 1
nr_doubles: 2097152
nr_of_strided_rec: 1
nr_doubles: 2097152
nr_of_strided_rec: 1
nr_doubles: 2097152

Write the data to file:134217728 bytes
***********WAITING************

Write the data to file:134217728 bytes
***********WAITING************

Write the data to file:134217728 bytes
***********WAITING************

Write the data to file:134217728 bytes
***********WAITING************
nr_of_strided_rec: 1
nr_doubles: 2097152
nr_of_strided_rec: 1
nr_doubles: 2097152
nr_of_strided_rec: 1
nr_doubles: 2097152
nr_of_strided_rec: 1
nr_doubles: 2097152

Write the data to file:134217728 bytes
***********WAITING************

Write the data to file:134217728 bytes
***********WAITING************

Write the data to file:134217728 bytes
***********WAITING************

Write the data to file:134217728 bytes
***********WAITING************
nr_of_strided_rec: 1
nr_doubles: 2097152
nr_of_strided_rec: 1
nr_doubles: 2097152
nr_of_strided_rec: 1
nr_doubles: 2097152
nr_of_strided_rec: 1
nr_doubles: 2097152

Write the data to file:134217728 bytes
***********WAITING************

Write the data to file:134217728 bytes
***********WAITING************

Write the data to file:134217728 bytes
***********WAITING************

Write the data to file:134217728 bytes
***********WAITING************
nr_of_strided_rec: 1
nr_doubles: 2097152
nr_of_strided_rec: 1
nr_doubles: 2097152
nr_of_strided_rec: 1
nr_doubles: 2097152
nr_of_strided_rec: 1
nr_doubles: 2097152

Write the data to file:134217728 bytes
***********WAITING************

Write the data to file:134217728 bytes
***********WAITING************

Write the data to file:134217728 bytes
***********WAITING************

Write the data to file:134217728 bytes
***********WAITING************
nr_of_strided_rec: 1
nr_doubles: 2097152
nr_of_strided_rec: 1
nr_doubles: 2097152
nr_of_strided_rec: 1
nr_doubles: 2097152
nr_of_strided_rec: 1
nr_doubles: 2097152

Write the data to file:134217728 bytes
***********WAITING************

Write the data to file:134217728 bytes
***********WAITING************

Write the data to file:134217728 bytes
***********WAITING************

Write the data to file:134217728 bytes
***********WAITING************
nr_of_strided_rec: 1
nr_doubles: 2097152
nr_of_strided_rec: 1
nr_doubles: 2097152
nr_of_strided_rec: 1
nr_doubles: 2097152
nr_of_strided_rec: 1
nr_doubles: 2097152

Write the data to file:134217728 bytes
***********WAITING************

Write the data to file:134217728 bytes
***********WAITING************

Write the data to file:134217728 bytes
***********WAITING************

Write the data to file:134217728 bytes
***********WAITING************
nr_of_strided_rec: 1
nr_doubles: 2097152
nr_of_strided_rec: 1
nr_doubles: 2097152
nr_of_strided_rec: 1
nr_doubles: 2097152
nr_of_strided_rec: 1
nr_doubles: 2097152

Write the data to file:134217728 bytes
***********WAITING************

Write the data to file:134217728 bytes
***********WAITING************

Write the data to file:134217728 bytes
***********WAITING************

Write the data to file:134217728 bytes
***********WAITING************
nr_of_strided_rec: 1
nr_doubles: 2097152
nr_of_strided_rec: 1
nr_doubles: 2097152
nr_of_strided_rec: 1
nr_doubles: 2097152
nr_of_strided_rec: 1
nr_doubles: 2097152

Write the data to file:134217728 bytes
***********WAITING************

Write the data to file:134217728 bytes
***********WAITING************

Write the data to file:134217728 bytes
***********WAITING************

Write the data to file:134217728 bytes
***********WAITING************
nr_of_strided_rec: 1
nr_doubles: 2097152
nr_of_strided_rec: 1
nr_doubles: 2097152
nr_of_strided_rec: 1
nr_doubles: 2097152
nr_of_strided_rec: 1
nr_doubles: 2097152

Write the data to file:134217728 bytes
***********WAITING************

Write the data to file:134217728 bytes
***********WAITING************

Write the data to file:134217728 bytes
***********WAITING************

Write the data to file:134217728 bytes
***********WAITING************
nr_of_strided_rec: 1
nr_doubles: 2097152
nr_of_strided_rec: 1
nr_doubles: 2097152
nr_of_strided_rec: 1
nr_doubles: 2097152
nr_of_strided_rec: 1
nr_doubles: 2097152

Write the data to file:134217728 bytes
***********WAITING************

Write the data to file:134217728 bytes
***********WAITING************

Write the data to file:134217728 bytes
***********WAITING************

Write the data to file:134217728 bytes
***********WAITING************
nr_of_strided_rec: 1
nr_doubles: 2097152
nr_of_strided_rec: 1
nr_doubles: 2097152
nr_of_strided_rec: 1
nr_doubles: 2097152
nr_of_strided_rec: 1
nr_doubles: 2097152

Write the data to file:134217728 bytes
***********WAITING************

Write the data to file:134217728 bytes
***********WAITING************

Write the data to file:134217728 bytes
***********WAITING************

Write the data to file:134217728 bytes
***********WAITING************
nr_of_strided_rec: 1
nr_doubles: 2097152
nr_of_strided_rec: 1
nr_doubles: 2097152
nr_of_strided_rec: 1
nr_doubles: 2097152
nr_of_strided_rec: 1
nr_doubles: 2097152

Write the data to file:134217728 bytes
***********WAITING************

Write the data to file:134217728 bytes
***********WAITING************

Write the data to file:134217728 bytes
***********WAITING************

Write the data to file:134217728 bytes
***********WAITING************
nr_of_strided_rec: 1
nr_doubles: 2097152
nr_of_strided_rec: 1
nr_doubles: 2097152
nr_of_strided_rec: 1
nr_doubles: 2097152
nr_of_strided_rec: 1
nr_doubles: 2097152

Write the data to file:134217728 bytes
***********WAITING************

Write the data to file:134217728 bytes
***********WAITING************

Write the data to file:134217728 bytes
***********WAITING************

Write the data to file:134217728 bytes
***********WAITING************
nr_of_strided_rec: 1
nr_doubles: 2097152
nr_of_strided_rec: 1
nr_doubles: 2097152
nr_of_strided_rec: 1
nr_doubles: 2097152
nr_of_strided_rec: 1
nr_doubles: 2097152

Write the data to file:134217728 bytes
***********WAITING************

Write the data to file:134217728 bytes
***********WAITING************

Write the data to file:134217728 bytes
***********WAITING************

Write the data to file:134217728 bytes
***********WAITING************
nr_of_strided_rec: 1
nr_doubles: 2097152
nr_of_strided_rec: 1
nr_doubles: 2097152
nr_of_strided_rec: 1
nr_doubles: 2097152
nr_of_strided_rec: 1
nr_doubles: 2097152

Write the data to file:134217728 bytes
***********WAITING************

Write the data to file:134217728 bytes
***********WAITING************

Write the data to file:134217728 bytes
***********WAITING************

Write the data to file:134217728 bytes
***********WAITING************
nr_of_strided_rec: 1
nr_doubles: 2097152
nr_of_strided_rec: 1
nr_doubles: 2097152
nr_of_strided_rec: 1
nr_doubles: 2097152
nr_of_strided_rec: 1
nr_doubles: 2097152

Write the data to file:134217728 bytes
***********WAITING************

Write the data to file:134217728 bytes
***********WAITING************

Write the data to file:134217728 bytes
***********WAITING************

Write the data to file:134217728 bytes
***********WAITING************
nr_of_strided_rec: 1
nr_doubles: 2097152
nr_of_strided_rec: 1
nr_doubles: 2097152
nr_of_strided_rec: 1
nr_doubles: 2097152
nr_of_strided_rec: 1
nr_doubles: 2097152

Write the data to file:134217728 bytes
***********WAITING************

Write the data to file:134217728 bytes
***********WAITING************

Write the data to file:134217728 bytes
***********WAITING************

Write the data to file:134217728 bytes
***********WAITING************
nr_of_strided_rec: 1
nr_doubles: 2097152
nr_of_strided_rec: 1
nr_doubles: 2097152
nr_of_strided_rec: 1
nr_doubles: 2097152
nr_of_strided_rec: 1
nr_doubles: 2097152

Write the data to file:134217728 bytes
***********WAITING************

Write the data to file:134217728 bytes
***********WAITING************

Write the data to file:134217728 bytes
***********WAITING************

Write the data to file:134217728 bytes
***********WAITING************
nr_of_strided_rec: 1
nr_doubles: 2097152
nr_of_strided_rec: 1
nr_doubles: 2097152
nr_of_strided_rec: 1
nr_doubles: 2097152
nr_of_strided_rec: 1
nr_doubles: 2097152

Write the data to file:134217728 bytes
***********WAITING************

Write the data to file:134217728 bytes
***********WAITING************

Write the data to file:134217728 bytes
***********WAITING************

Write the data to file:134217728 bytes
***********WAITING************
nr_of_strided_rec: 1
nr_doubles: 2097152
nr_of_strided_rec: 1
nr_doubles: 2097152
nr_of_strided_rec: 1
nr_doubles: 2097152
nr_of_strided_rec: 1
nr_doubles: 2097152

Write the data to file:134217728 bytes
***********WAITING************

Write the data to file:134217728 bytes
***********WAITING************

Write the data to file:134217728 bytes
***********WAITING************

Write the data to file:134217728 bytes
***********WAITING************
nr_of_strided_rec: 1
nr_doubles: 2097152
nr_of_strided_rec: 1
nr_doubles: 2097152
nr_of_strided_rec: 1
nr_doubles: 2097152
nr_of_strided_rec: 1
nr_doubles: 2097152

Write the data to file:134217728 bytes
***********WAITING************

Write the data to file:134217728 bytes
***********WAITING************

Write the data to file:134217728 bytes
***********WAITING************

Write the data to file:134217728 bytes
***********WAITING************
nr_of_strided_rec: 1
nr_doubles: 2097152
nr_of_strided_rec: 1
nr_doubles: 2097152
nr_of_strided_rec: 1
nr_doubles: 2097152
nr_of_strided_rec: 1
nr_doubles: 2097152

Write the data to file:134217728 bytes
***********WAITING************

Write the data to file:134217728 bytes
***********WAITING************

Write the data to file:134217728 bytes
***********WAITING************

Write the data to file:134217728 bytes
***********WAITING************
nr_of_strided_rec: 1
nr_doubles: 2097152
nr_of_strided_rec: 1
nr_doubles: 2097152
nr_of_strided_rec: 1
nr_doubles: 2097152
nr_of_strided_rec: 1
nr_doubles: 2097152

Write the data to file:134217728 bytes
***********WAITING************

Write the data to file:134217728 bytes
***********WAITING************

Write the data to file:134217728 bytes
***********WAITING************

Write the data to file:134217728 bytes
***********WAITING************
nr_of_strided_rec: 1
nr_doubles: 2097152
nr_of_strided_rec: 1
nr_doubles: 2097152
nr_of_strided_rec: 1
nr_doubles: 2097152
nr_of_strided_rec: 1
nr_doubles: 2097152

Write the data to file:134217728 bytes
***********WAITING************

Write the data to file:134217728 bytes
***********WAITING************

Write the data to file:134217728 bytes
***********WAITING************

Write the data to file:134217728 bytes
***********WAITING************
nr_of_strided_rec: 1
nr_doubles: 2097152
nr_of_strided_rec: 1
nr_doubles: 2097152
nr_of_strided_rec: 1
nr_doubles: 2097152
nr_of_strided_rec: 1
nr_doubles: 2097152

Write the data to file:134217728 bytes
***********WAITING************

Write the data to file:134217728 bytes
***********WAITING************

Write the data to file:134217728 bytes
***********WAITING************

Write the data to file:134217728 bytes
***********WAITING************
nr_of_strided_rec: 1
nr_doubles: 2097152
nr_of_strided_rec: 1
nr_doubles: 2097152
nr_of_strided_rec: 1
nr_doubles: 2097152
nr_of_strided_rec: 1
nr_doubles: 2097152

Write the data to file:134217728 bytes
***********WAITING************

Write the data to file:134217728 bytes
***********WAITING************

Write the data to file:134217728 bytes
***********WAITING************

Write the data to file:134217728 bytes
***********WAITING************
nr_of_strided_rec: 1
nr_doubles: 2097152
nr_of_strided_rec: 1
nr_doubles: 2097152
nr_of_strided_rec: 1
nr_doubles: 2097152
nr_of_strided_rec: 1
nr_doubles: 2097152

Write the data to file:134217728 bytes
***********WAITING************

Write the data to file:134217728 bytes
***********WAITING************

Write the data to file:134217728 bytes
***********WAITING************

Write the data to file:134217728 bytes
***********WAITING************
nr_of_strided_rec: 1
nr_doubles: 2097152
nr_of_strided_rec: 1
nr_doubles: 2097152
nr_of_strided_rec: 1
nr_doubles: 2097152
nr_of_strided_rec: 1
nr_doubles: 2097152

Write the data to file:134217728 bytes
***********WAITING************

Write the data to file:134217728 bytes
***********WAITING************

Write the data to file:134217728 bytes
***********WAITING************

Write the data to file:134217728 bytes
***********WAITING************
nr_of_strided_rec: 1
nr_doubles: 2097152
nr_of_strided_rec: 1
nr_doubles: 2097152
nr_of_strided_rec: 1
nr_doubles: 2097152
nr_of_strided_rec: 1
nr_doubles: 2097152

Write the data to file:134217728 bytes
***********WAITING************

Write the data to file:134217728 bytes
***********WAITING************

Write the data to file:134217728 bytes
***********WAITING************

Write the data to file:134217728 bytes
***********WAITING************

Write the data to file:134217728 bytes
***********WAITING************

Write the data to file:134217728 bytes
***********WAITING************

Write the data to file:134217728 bytes
***********WAITING************

Write the data to file:134217728 bytes
***********WAITING************
W_cc         3.23   [      3.23:      3.24]
W_r         43.47   [     43.47:     43.47]
W_w         29.01   [     29.01:     29.01]
          -------
W_total     75.71   [     75.71:     75.71]

calc_W done
calc_W done
calc_W done
calc_W done
nr_of_strided_rec: 1
nr_doubles: 2097152
nr_of_strided_rec: 1
nr_doubles: 2097152
nr_of_strided_rec: 1
nr_doubles: 2097152
nr_of_strided_rec: 1
nr_doubles: 2097152
nr_of_strided_rec: 1
nr_doubles: 2097152
nr_of_strided_rec: 1
nr_doubles: 2097152
nr_of_strided_rec: 1
nr_doubles: 2097152
nr_of_strided_rec: 1
nr_doubles: 2097152
nr_of_strided_rec: 1
nr_doubles: 2097152
nr_of_strided_rec: 1
nr_doubles: 2097152
nr_of_strided_rec: 1
nr_doubles: 2097152
nr_of_strided_rec: 1
nr_doubles: 2097152
nr_of_strided_rec: 1
nr_doubles: 2097152
nr_of_strided_rec: 1
nr_doubles: 2097152
nr_of_strided_rec: 1
nr_doubles: 2097152
nr_of_strided_rec: 1
nr_doubles: 2097152
nr_of_strided_rec: 1
nr_doubles: 2097152
nr_of_strided_rec: 1
nr_doubles: 2097152
nr_of_strided_rec: 1
nr_doubles: 2097152
nr_of_strided_rec: 1
nr_doubles: 2097152
nr_of_strided_rec: 1
nr_doubles: 2097152
nr_of_strided_rec: 1
nr_doubles: 2097152
nr_of_strided_rec: 1
nr_doubles: 2097152
nr_of_strided_rec: 1
nr_doubles: 2097152
nr_of_strided_rec: 1
nr_doubles: 2097152
nr_of_strided_rec: 1
nr_doubles: 2097152
nr_of_strided_rec: 1
nr_doubles: 2097152
nr_of_strided_rec: 1
nr_doubles: 2097152
nr_of_strided_rec: 1
nr_doubles: 2097152
nr_of_strided_rec: 1
nr_doubles: 2097152
nr_of_strided_rec: 1
nr_doubles: 2097152
nr_of_strided_rec: 1
nr_doubles: 2097152
nr_of_strided_rec: 1
nr_doubles: 2097152
nr_of_strided_rec: 1
nr_doubles: 2097152
nr_of_strided_rec: 1
nr_doubles: 2097152
nr_of_strided_rec: 1
nr_doubles: 2097152
nr_of_strided_rec: 1
nr_doubles: 2097152
nr_of_strided_rec: 1
nr_doubles: 2097152
nr_of_strided_rec: 1
nr_doubles: 2097152
nr_of_strided_rec: 1
nr_doubles: 2097152
nr_of_strided_rec: 1
nr_doubles: 2097152
nr_of_strided_rec: 1
nr_doubles: 2097152
nr_of_strided_rec: 1
nr_doubles: 2097152
nr_of_strided_rec: 1
nr_doubles: 2097152
nr_of_strided_rec: 1
nr_doubles: 2097152
nr_of_strided_rec: 1
nr_doubles: 2097152
nr_of_strided_rec: 1
nr_doubles: 2097152
nr_of_strided_rec: 1
nr_doubles: 2097152
nr_of_strided_rec: 1
nr_doubles: 2097152
nr_of_strided_rec: 1
nr_doubles: 2097152
nr_of_strided_rec: 1
nr_doubles: 2097152
nr_of_strided_rec: 1
nr_doubles: 2097152
nr_of_strided_rec: 1
nr_doubles: 2097152
nr_of_strided_rec: 1
nr_doubles: 2097152
nr_of_strided_rec: 1
nr_doubles: 2097152
nr_of_strided_rec: 1
nr_doubles: 2097152
nr_of_strided_rec: 1
nr_doubles: 2097152
nr_of_strided_rec: 1
nr_doubles: 2097152
nr_of_strided_rec: 1
nr_doubles: 2097152
nr_of_strided_rec: 1
nr_doubles: 2097152
nr_of_strided_rec: 1
nr_doubles: 2097152
nr_of_strided_rec: 1
nr_doubles: 2097152
nr_of_strided_rec: 1
nr_doubles: 2097152
nr_of_strided_rec: 1
nr_doubles: 2097152
nr_of_strided_rec: 1
nr_doubles: 2097152
nr_of_strided_rec: 1
nr_doubles: 2097152
nr_of_strided_rec: 1
nr_doubles: 2097152
nr_of_strided_rec: 1
nr_doubles: 2097152
nr_of_strided_rec: 1
nr_doubles: 2097152
nr_of_strided_rec: 1
nr_doubles: 2097152
nr_of_strided_rec: 1
nr_doubles: 2097152
nr_of_strided_rec: 1
nr_doubles: 2097152
nr_of_strided_rec: 1
nr_doubles: 2097152
nr_of_strided_rec: 1
nr_doubles: 2097152
nr_of_strided_rec: 1
nr_doubles: 2097152
nr_of_strided_rec: 1
nr_doubles: 2097152
nr_of_strided_rec: 1
nr_doubles: 2097152
nr_of_strided_rec: 1
nr_doubles: 2097152
nr_of_strided_rec: 1
nr_doubles: 2097152
nr_of_strided_rec: 1
nr_doubles: 2097152
nr_of_strided_rec: 1
nr_doubles: 2097152
nr_of_strided_rec: 1
nr_doubles: 2097152
nr_of_strided_rec: 1
nr_doubles: 2097152
nr_of_strided_rec: 1
nr_doubles: 2097152
nr_of_strided_rec: 1
nr_doubles: 2097152
nr_of_strided_rec: 1
nr_doubles: 2097152
nr_of_strided_rec: 1
nr_doubles: 2097152
nr_of_strided_rec: 1
nr_doubles: 2097152
nr_of_strided_rec: 1
nr_doubles: 2097152
nr_of_strided_rec: 1
nr_doubles: 2097152
nr_of_strided_rec: 1
nr_doubles: 2097152
nr_of_strided_rec: 1
nr_doubles: 2097152
nr_of_strided_rec: 1
nr_doubles: 2097152
nr_of_strided_rec: 1
nr_doubles: 2097152
nr_of_strided_rec: 1
nr_doubles: 2097152
nr_of_strided_rec: 1
nr_doubles: 2097152
nr_of_strided_rec: 1
nr_doubles: 2097152
nr_of_strided_rec: 1
nr_doubles: 2097152
nr_of_strided_rec: 1
nr_doubles: 2097152
nr_of_strided_rec: 1
nr_doubles: 2097152
nr_of_strided_rec: 1
nr_doubles: 2097152
nr_of_strided_rec: 1
nr_doubles: 2097152
nr_of_strided_rec: 1
nr_doubles: 2097152
nr_of_strided_rec: 1
nr_doubles: 2097152
nr_of_strided_rec: 1
nr_doubles: 2097152
nr_of_strided_rec: 1
nr_doubles: 2097152
nr_of_strided_rec: 1
nr_doubles: 2097152
nr_of_strided_rec: 1
nr_doubles: 2097152
nr_of_strided_rec: 1
nr_doubles: 2097152
nr_of_strided_rec: 1
nr_doubles: 2097152
nr_of_strided_rec: 1
nr_doubles: 2097152
nr_of_strided_rec: 1
nr_doubles: 2097152
nr_of_strided_rec: 1
nr_doubles: 2097152
nr_of_strided_rec: 1
nr_doubles: 2097152
nr_of_strided_rec: 1
nr_doubles: 2097152
nr_of_strided_rec: 1
nr_doubles: 2097152
nr_of_strided_rec: 1
nr_doubles: 2097152
nr_of_strided_rec: 1
nr_doubles: 2097152
nr_of_strided_rec: 1
nr_doubles: 2097152
nr_of_strided_rec: 1
nr_doubles: 2097152
C_cc         1.22   [      1.22:      1.22]
C_bw         0.65   [      0.65:      0.65]
C_r         32.90   [     32.90:     32.90]
          -------
C_total     34.77   [     34.77:     34.77]


dC[0] = 0.00000e+00
fclose PID:30841 fd:10
fclose PID:30840 fd:12
fclose PID:30843 fd:8
fclose PID:30842 fd:8
READAHEAD_TIME:0.000000 us
MaxRSS= 534932 KB, SharedMem= 0 KB, HardPageFault= 13
READAHEAD_TIME:0.000000 us
MaxRSS= 535016 KB, SharedMem= 0 KB, HardPageFault= 12
READAHEAD_TIME:0.000000 us
MaxRSS= 534824 KB, SharedMem= 0 KB, HardPageFault= 15
READAHEAD_TIME:0.000000 us
MaxRSS= 535100 KB, SharedMem= 0 KB, HardPageFault= 12
fclose PID:30839 fd:0
fclose PID:30839 fd:6
fclose PID:30839 fd:6
fclose PID:30839 fd:0
READAHEAD_TIME:0.000000 us
MaxRSS= 5404 KB, SharedMem= 0 KB, HardPageFault= 2
fclose PID:30838 fd:3
fclose PID:30838 fd:4
fclose PID:30838 fd:4
fclose PID:30838 fd:3
READAHEAD_TIME:0.000000 us
MaxRSS= 4932 KB, SharedMem= 0 KB, HardPageFault= 4
	Command being timed: "mpiexec -n 4 ./MADbench2_io 8192 30 1 8 64 1 1 16777216 7 1"
	User time (seconds): 73.06
	System time (seconds): 56.28
	Percent of CPU this job got: 87%
	Elapsed (wall clock) time (h:mm:ss or m:ss): 2:27.09
	Average shared text size (kbytes): 0
	Average unshared data size (kbytes): 0
	Average stack size (kbytes): 0
	Average total size (kbytes): 0
	Maximum resident set size (kbytes): 535100
	Average resident set size (kbytes): 0
	Major (requiring I/O) page faults: 60
	Minor (reclaiming a frame) page faults: 2762967
	Voluntary context switches: 29140
	Involuntary context switches: 1107
	Swaps: 0
	File system inputs: 62252928
	File system outputs: 62914656
	Socket messages sent: 0
	Socket messages received: 0
	Signals delivered: 0
	Page size (bytes): 4096
	Exit status: 0
READAHEAD_TIME:0.000000 us
MaxRSS= 2188 KB, SharedMem= 0 KB, HardPageFault= 0
*******************DMESG OUTPUT******************
