fclose PID:28334 fd:3
fclose PID:28334 fd:4
fclose PID:28334 fd:4
fclose PID:28334 fd:3
available: 2 nodes (0-1)
fclose PID:28334 fd:3
node 0 cpus:fclose PID:28334 fd:3
 0 1 2 3 4 5 6 7 8 9 20 21 22 23 24 25 26 27 28 29
node 0 size: 80440 MB
node 0 free: 80123 MB
fclose PID:28334 fd:3
node 1 cpus:fclose PID:28334 fd:3
 10 11 12 13 14 15 16 17 18 19 30 31 32 33 34 35 36 37 38 39
node 1 size: 80635 MB
node 1 free: 80377 MB
fclose PID:28334 fd:3
fclose PID:28334 fd:3
node distances:
node   0   1 
  0:  10  21 
  1:  21  10 
READAHEAD_TIME:0.000000 us
MaxRSS= 2220 KB, SharedMem= 0 KB, HardPageFault= 10
fclose PID:28340 fd:10
fclose PID:28341 fd:8
fclose PID:28339 fd:12
fclose PID:28342 fd:8

MADbench 2.0 IO-mode
no_pe = 4  no_pix = 4096  no_bin = 30  no_gang = 1 sblocksize = 8  fblocksize = 64  r_mod = 1  w_mod = 1 record_size=524288 stride=7


IOMETHOD = POSIX  IOMODE = SYNC  FILETYPE = UNIQUE  REMAP = CUSTOMbuild_S
build_S
build_S
build_S

Write the data to file:33554432 bytes
***********WAITING************

Write the data to file:33554432 bytes
***********WAITING************

Write the data to file:33554432 bytes
***********WAITING************

Write the data to file:33554432 bytes
***********WAITING************

Write the data to file:33554432 bytes
***********WAITING************

Write the data to file:33554432 bytes
***********WAITING************

Write the data to file:33554432 bytes
***********WAITING************

Write the data to file:33554432 bytes
***********WAITING************

Write the data to file:33554432 bytes
***********WAITING************

Write the data to file:33554432 bytes
***********WAITING************

Write the data to file:33554432 bytes
***********WAITING************

Write the data to file:33554432 bytes
***********WAITING************

Write the data to file:33554432 bytes
***********WAITING************

Write the data to file:33554432 bytes
***********WAITING************

Write the data to file:33554432 bytes
***********WAITING************

Write the data to file:33554432 bytes
***********WAITING************

Write the data to file:33554432 bytes
***********WAITING************

Write the data to file:33554432 bytes
***********WAITING************

Write the data to file:33554432 bytes
***********WAITING************

Write the data to file:33554432 bytes
***********WAITING************

Write the data to file:33554432 bytes
***********WAITING************

Write the data to file:33554432 bytes
***********WAITING************

Write the data to file:33554432 bytes
***********WAITING************

Write the data to file:33554432 bytes
***********WAITING************

Write the data to file:33554432 bytes
***********WAITING************

Write the data to file:33554432 bytes
***********WAITING************

Write the data to file:33554432 bytes
***********WAITING************

Write the data to file:33554432 bytes
***********WAITING************

Write the data to file:33554432 bytes
***********WAITING************

Write the data to file:33554432 bytes
***********WAITING************

Write the data to file:33554432 bytes
***********WAITING************

Write the data to file:33554432 bytes
***********WAITING************

Write the data to file:33554432 bytes
***********WAITING************

Write the data to file:33554432 bytes
***********WAITING************

Write the data to file:33554432 bytes
***********WAITING************

Write the data to file:33554432 bytes
***********WAITING************

Write the data to file:33554432 bytes
***********WAITING************

Write the data to file:33554432 bytes
***********WAITING************

Write the data to file:33554432 bytes
***********WAITING************

Write the data to file:33554432 bytes
***********WAITING************

Write the data to file:33554432 bytes
***********WAITING************

Write the data to file:33554432 bytes
***********WAITING************

Write the data to file:33554432 bytes
***********WAITING************

Write the data to file:33554432 bytes
***********WAITING************

Write the data to file:33554432 bytes
***********WAITING************

Write the data to file:33554432 bytes
***********WAITING************

Write the data to file:33554432 bytes
***********WAITING************

Write the data to file:33554432 bytes
***********WAITING************

Write the data to file:33554432 bytes
***********WAITING************

Write the data to file:33554432 bytes
***********WAITING************

Write the data to file:33554432 bytes
***********WAITING************

Write the data to file:33554432 bytes
***********WAITING************

Write the data to file:33554432 bytes
***********WAITING************

Write the data to file:33554432 bytes
***********WAITING************

Write the data to file:33554432 bytes
***********WAITING************

Write the data to file:33554432 bytes
***********WAITING************

Write the data to file:33554432 bytes
***********WAITING************

Write the data to file:33554432 bytes
***********WAITING************

Write the data to file:33554432 bytes
***********WAITING************

Write the data to file:33554432 bytes
***********WAITING************

Write the data to file:33554432 bytes
***********WAITING************

Write the data to file:33554432 bytes
***********WAITING************

Write the data to file:33554432 bytes
***********WAITING************

Write the data to file:33554432 bytes
***********WAITING************

Write the data to file:33554432 bytes
***********WAITING************

Write the data to file:33554432 bytes
***********WAITING************

Write the data to file:33554432 bytes
***********WAITING************

Write the data to file:33554432 bytes
***********WAITING************

Write the data to file:33554432 bytes
***********WAITING************

Write the data to file:33554432 bytes
***********WAITING************

Write the data to file:33554432 bytes
***********WAITING************

Write the data to file:33554432 bytes
***********WAITING************

Write the data to file:33554432 bytes
***********WAITING************

Write the data to file:33554432 bytes
***********WAITING************

Write the data to file:33554432 bytes
***********WAITING************

Write the data to file:33554432 bytes
***********WAITING************

Write the data to file:33554432 bytes
***********WAITING************

Write the data to file:33554432 bytes
***********WAITING************

Write the data to file:33554432 bytes
***********WAITING************

Write the data to file:33554432 bytes
***********WAITING************

Write the data to file:33554432 bytes
***********WAITING************

Write the data to file:33554432 bytes
***********WAITING************

Write the data to file:33554432 bytes
***********WAITING************

Write the data to file:33554432 bytes
***********WAITING************

Write the data to file:33554432 bytes
***********WAITING************

Write the data to file:33554432 bytes
***********WAITING************

Write the data to file:33554432 bytes
***********WAITING************

Write the data to file:33554432 bytes
***********WAITING************

Write the data to file:33554432 bytes
***********WAITING************

Write the data to file:33554432 bytes
***********WAITING************

Write the data to file:33554432 bytes
***********WAITING************

Write the data to file:33554432 bytes
***********WAITING************

Write the data to file:33554432 bytes
***********WAITING************

Write the data to file:33554432 bytes
***********WAITING************

Write the data to file:33554432 bytes
***********WAITING************

Write the data to file:33554432 bytes
***********WAITING************

Write the data to file:33554432 bytes
***********WAITING************

Write the data to file:33554432 bytes
***********WAITING************

Write the data to file:33554432 bytes
***********WAITING************

Write the data to file:33554432 bytes
***********WAITING************

Write the data to file:33554432 bytes
***********WAITING************

Write the data to file:33554432 bytes
***********WAITING************

Write the data to file:33554432 bytes
***********WAITING************

Write the data to file:33554432 bytes
***********WAITING************

Write the data to file:33554432 bytes
***********WAITING************

Write the data to file:33554432 bytes
***********WAITING************

Write the data to file:33554432 bytes
***********WAITING************

Write the data to file:33554432 bytes
***********WAITING************

Write the data to file:33554432 bytes
***********WAITING************

Write the data to file:33554432 bytes
***********WAITING************

Write the data to file:33554432 bytes
***********WAITING************

Write the data to file:33554432 bytes
***********WAITING************

Write the data to file:33554432 bytes
***********WAITING************

Write the data to file:33554432 bytes
***********WAITING************

Write the data to file:33554432 bytes
***********WAITING************

Write the data to file:33554432 bytes
***********WAITING************

Write the data to file:33554432 bytes
***********WAITING************

Write the data to file:33554432 bytes
***********WAITING************

Write the data to file:33554432 bytes
***********WAITING************

Write the data to file:33554432 bytes
***********WAITING************
S_cc         0.42   [      0.42:      0.42]
S_bw         0.17   [      0.17:      0.17]
S_w          8.44   [      8.44:      8.44]
          -------
S_total      9.03   [      9.03:      9.03]

build_S done
calc_W
build_S done
calc_W
nr_of_strided_rec: 8
nr_doubles: 65536
build_S done
calc_W
nr_of_strided_rec: 8
nr_doubles: 65536
build_S done
calc_W
nr_of_strided_rec: 8
nr_doubles: 65536
nr_of_strided_rec: 8
nr_doubles: 65536
nr_of_strided_rec: 8
nr_doubles: 65536
nr_of_strided_rec: 8
nr_doubles: 65536
nr_of_strided_rec: 8
nr_doubles: 65536
nr_of_strided_rec: 8
nr_doubles: 65536

Write the data to file:33554432 bytes
***********WAITING************

Write the data to file:33554432 bytes
***********WAITING************

Write the data to file:33554432 bytes
***********WAITING************

Write the data to file:33554432 bytes
***********WAITING************
nr_of_strided_rec: 8
nr_doubles: 65536
nr_of_strided_rec: 8
nr_doubles: 65536
nr_of_strided_rec: 8
nr_doubles: 65536
nr_of_strided_rec: 8
nr_doubles: 65536

Write the data to file:33554432 bytes
***********WAITING************

Write the data to file:33554432 bytes
***********WAITING************

Write the data to file:33554432 bytes
***********WAITING************

Write the data to file:33554432 bytes
***********WAITING************
nr_of_strided_rec: 8
nr_doubles: 65536
nr_of_strided_rec: 8
nr_doubles: 65536
nr_of_strided_rec: 8
nr_doubles: 65536
nr_of_strided_rec: 8
nr_doubles: 65536

Write the data to file:33554432 bytes
***********WAITING************

Write the data to file:33554432 bytes
***********WAITING************

Write the data to file:33554432 bytes
***********WAITING************

Write the data to file:33554432 bytes
***********WAITING************
nr_of_strided_rec: 8
nr_doubles: 65536
nr_of_strided_rec: 8
nr_doubles: 65536
nr_of_strided_rec: 8
nr_doubles: 65536
nr_of_strided_rec: 8
nr_doubles: 65536

Write the data to file:33554432 bytes
***********WAITING************

Write the data to file:33554432 bytes
***********WAITING************

Write the data to file:33554432 bytes
***********WAITING************

Write the data to file:33554432 bytes
***********WAITING************
nr_of_strided_rec: 8
nr_doubles: 65536
nr_of_strided_rec: 8
nr_doubles: 65536
nr_of_strided_rec: 8
nr_doubles: 65536
nr_of_strided_rec: 8
nr_doubles: 65536

Write the data to file:33554432 bytes
***********WAITING************

Write the data to file:33554432 bytes
***********WAITING************

Write the data to file:33554432 bytes
***********WAITING************

Write the data to file:33554432 bytes
***********WAITING************
nr_of_strided_rec: 8
nr_doubles: 65536
nr_of_strided_rec: 8
nr_doubles: 65536
nr_of_strided_rec: 8
nr_doubles: 65536
nr_of_strided_rec: 8
nr_doubles: 65536

Write the data to file:33554432 bytes
***********WAITING************

Write the data to file:33554432 bytes
***********WAITING************

Write the data to file:33554432 bytes
***********WAITING************

Write the data to file:33554432 bytes
***********WAITING************
nr_of_strided_rec: 8
nr_doubles: 65536
nr_of_strided_rec: 8
nr_doubles: 65536
nr_of_strided_rec: 8
nr_doubles: 65536
nr_of_strided_rec: 8
nr_doubles: 65536

Write the data to file:33554432 bytes
***********WAITING************

Write the data to file:33554432 bytes
***********WAITING************

Write the data to file:33554432 bytes
***********WAITING************

Write the data to file:33554432 bytes
***********WAITING************
nr_of_strided_rec: 8
nr_doubles: 65536
nr_of_strided_rec: 8
nr_doubles: 65536
nr_of_strided_rec: 8
nr_doubles: 65536
nr_of_strided_rec: 8
nr_doubles: 65536

Write the data to file:33554432 bytes
***********WAITING************

Write the data to file:33554432 bytes
***********WAITING************

Write the data to file:33554432 bytes
***********WAITING************

Write the data to file:33554432 bytes
***********WAITING************
nr_of_strided_rec: 8
nr_doubles: 65536
nr_of_strided_rec: 8
nr_doubles: 65536
nr_of_strided_rec: 8
nr_doubles: 65536
nr_of_strided_rec: 8
nr_doubles: 65536

Write the data to file:33554432 bytes
***********WAITING************

Write the data to file:33554432 bytes
***********WAITING************

Write the data to file:33554432 bytes
***********WAITING************

Write the data to file:33554432 bytes
***********WAITING************
nr_of_strided_rec: 8
nr_doubles: 65536
nr_of_strided_rec: 8
nr_doubles: 65536
nr_of_strided_rec: 8
nr_doubles: 65536
nr_of_strided_rec: 8
nr_doubles: 65536

Write the data to file:33554432 bytes
***********WAITING************

Write the data to file:33554432 bytes
***********WAITING************

Write the data to file:33554432 bytes
***********WAITING************

Write the data to file:33554432 bytes
***********WAITING************
nr_of_strided_rec: 8
nr_doubles: 65536
nr_of_strided_rec: 8
nr_doubles: 65536
nr_of_strided_rec: 8
nr_doubles: 65536
nr_of_strided_rec: 8
nr_doubles: 65536

Write the data to file:33554432 bytes
***********WAITING************

Write the data to file:33554432 bytes
***********WAITING************

Write the data to file:33554432 bytes
***********WAITING************

Write the data to file:33554432 bytes
***********WAITING************
nr_of_strided_rec: 8
nr_doubles: 65536
nr_of_strided_rec: 8
nr_doubles: 65536
nr_of_strided_rec: 8
nr_doubles: 65536
nr_of_strided_rec: 8
nr_doubles: 65536

Write the data to file:33554432 bytes
***********WAITING************

Write the data to file:33554432 bytes
***********WAITING************

Write the data to file:33554432 bytes
***********WAITING************

Write the data to file:33554432 bytes
***********WAITING************
nr_of_strided_rec: 8
nr_doubles: 65536
nr_of_strided_rec: 8
nr_doubles: 65536
nr_of_strided_rec: 8
nr_doubles: 65536
nr_of_strided_rec: 8
nr_doubles: 65536

Write the data to file:33554432 bytes
***********WAITING************

Write the data to file:33554432 bytes
***********WAITING************

Write the data to file:33554432 bytes
***********WAITING************

Write the data to file:33554432 bytes
***********WAITING************
nr_of_strided_rec: 8
nr_doubles: 65536
nr_of_strided_rec: 8
nr_doubles: 65536
nr_of_strided_rec: 8
nr_doubles: 65536
nr_of_strided_rec: 8
nr_doubles: 65536

Write the data to file:33554432 bytes
***********WAITING************

Write the data to file:33554432 bytes
***********WAITING************

Write the data to file:33554432 bytes
***********WAITING************

Write the data to file:33554432 bytes
***********WAITING************
nr_of_strided_rec: 8
nr_doubles: 65536
nr_of_strided_rec: 8
nr_doubles: 65536
nr_of_strided_rec: 8
nr_doubles: 65536
nr_of_strided_rec: 8
nr_doubles: 65536

Write the data to file:33554432 bytes
***********WAITING************

Write the data to file:33554432 bytes
***********WAITING************

Write the data to file:33554432 bytes
***********WAITING************

Write the data to file:33554432 bytes
***********WAITING************
nr_of_strided_rec: 8
nr_doubles: 65536
nr_of_strided_rec: 8
nr_doubles: 65536
nr_of_strided_rec: 8
nr_doubles: 65536
nr_of_strided_rec: 8
nr_doubles: 65536

Write the data to file:33554432 bytes
***********WAITING************

Write the data to file:33554432 bytes
***********WAITING************

Write the data to file:33554432 bytes
***********WAITING************

Write the data to file:33554432 bytes
***********WAITING************
nr_of_strided_rec: 8
nr_doubles: 65536
nr_of_strided_rec: 8
nr_doubles: 65536
nr_of_strided_rec: 8
nr_doubles: 65536
nr_of_strided_rec: 8
nr_doubles: 65536

Write the data to file:33554432 bytes
***********WAITING************

Write the data to file:33554432 bytes
***********WAITING************

Write the data to file:33554432 bytes
***********WAITING************

Write the data to file:33554432 bytes
***********WAITING************
nr_of_strided_rec: 8
nr_doubles: 65536
nr_of_strided_rec: 8
nr_doubles: 65536
nr_of_strided_rec: 8
nr_doubles: 65536
nr_of_strided_rec: 8
nr_doubles: 65536

Write the data to file:33554432 bytes
***********WAITING************

Write the data to file:33554432 bytes
***********WAITING************

Write the data to file:33554432 bytes
***********WAITING************

Write the data to file:33554432 bytes
***********WAITING************
nr_of_strided_rec: 8
nr_doubles: 65536
nr_of_strided_rec: 8
nr_doubles: 65536
nr_of_strided_rec: 8
nr_doubles: 65536
nr_of_strided_rec: 8
nr_doubles: 65536

Write the data to file:33554432 bytes
***********WAITING************

Write the data to file:33554432 bytes
***********WAITING************

Write the data to file:33554432 bytes
***********WAITING************

Write the data to file:33554432 bytes
***********WAITING************
nr_of_strided_rec: 8
nr_doubles: 65536
nr_of_strided_rec: 8
nr_doubles: 65536
nr_of_strided_rec: 8
nr_doubles: 65536
nr_of_strided_rec: 8
nr_doubles: 65536

Write the data to file:33554432 bytes
***********WAITING************

Write the data to file:33554432 bytes
***********WAITING************

Write the data to file:33554432 bytes
***********WAITING************

Write the data to file:33554432 bytes
***********WAITING************
nr_of_strided_rec: 8
nr_doubles: 65536
nr_of_strided_rec: 8
nr_doubles: 65536
nr_of_strided_rec: 8
nr_doubles: 65536
nr_of_strided_rec: 8
nr_doubles: 65536

Write the data to file:33554432 bytes
***********WAITING************

Write the data to file:33554432 bytes
***********WAITING************

Write the data to file:33554432 bytes
***********WAITING************

Write the data to file:33554432 bytes
***********WAITING************
nr_of_strided_rec: 8
nr_doubles: 65536
nr_of_strided_rec: 8
nr_doubles: 65536
nr_of_strided_rec: 8
nr_doubles: 65536
nr_of_strided_rec: 8
nr_doubles: 65536

Write the data to file:33554432 bytes
***********WAITING************

Write the data to file:33554432 bytes
***********WAITING************

Write the data to file:33554432 bytes
***********WAITING************

Write the data to file:33554432 bytes
***********WAITING************
nr_of_strided_rec: 8
nr_doubles: 65536
nr_of_strided_rec: 8
nr_doubles: 65536
nr_of_strided_rec: 8
nr_doubles: 65536
nr_of_strided_rec: 8
nr_doubles: 65536

Write the data to file:33554432 bytes
***********WAITING************

Write the data to file:33554432 bytes
***********WAITING************

Write the data to file:33554432 bytes
***********WAITING************

Write the data to file:33554432 bytes
***********WAITING************
nr_of_strided_rec: 8
nr_doubles: 65536
nr_of_strided_rec: 8
nr_doubles: 65536
nr_of_strided_rec: 8
nr_doubles: 65536
nr_of_strided_rec: 8
nr_doubles: 65536

Write the data to file:33554432 bytes
***********WAITING************

Write the data to file:33554432 bytes
***********WAITING************

Write the data to file:33554432 bytes
***********WAITING************

Write the data to file:33554432 bytes
***********WAITING************
nr_of_strided_rec: 8
nr_doubles: 65536
nr_of_strided_rec: 8
nr_doubles: 65536
nr_of_strided_rec: 8
nr_doubles: 65536
nr_of_strided_rec: 8
nr_doubles: 65536

Write the data to file:33554432 bytes
***********WAITING************

Write the data to file:33554432 bytes
***********WAITING************

Write the data to file:33554432 bytes
***********WAITING************

Write the data to file:33554432 bytes
***********WAITING************
nr_of_strided_rec: 8
nr_doubles: 65536
nr_of_strided_rec: 8
nr_doubles: 65536
nr_of_strided_rec: 8
nr_doubles: 65536
nr_of_strided_rec: 8
nr_doubles: 65536

Write the data to file:33554432 bytes
***********WAITING************

Write the data to file:33554432 bytes
***********WAITING************

Write the data to file:33554432 bytes
***********WAITING************

Write the data to file:33554432 bytes
***********WAITING************
nr_of_strided_rec: 8
nr_doubles: 65536
nr_of_strided_rec: 8
nr_doubles: 65536
nr_of_strided_rec: 8
nr_doubles: 65536
nr_of_strided_rec: 8
nr_doubles: 65536

Write the data to file:33554432 bytes
***********WAITING************

Write the data to file:33554432 bytes
***********WAITING************

Write the data to file:33554432 bytes
***********WAITING************

Write the data to file:33554432 bytes
***********WAITING************
nr_of_strided_rec: 8
nr_doubles: 65536
nr_of_strided_rec: 8
nr_doubles: 65536
nr_of_strided_rec: 8
nr_doubles: 65536
nr_of_strided_rec: 8
nr_doubles: 65536

Write the data to file:33554432 bytes
***********WAITING************

Write the data to file:33554432 bytes
***********WAITING************

Write the data to file:33554432 bytes
***********WAITING************

Write the data to file:33554432 bytes
***********WAITING************
nr_of_strided_rec: 8
nr_doubles: 65536
nr_of_strided_rec: 8
nr_doubles: 65536
nr_of_strided_rec: 8
nr_doubles: 65536
nr_of_strided_rec: 8
nr_doubles: 65536

Write the data to file:33554432 bytes
***********WAITING************

Write the data to file:33554432 bytes
***********WAITING************

Write the data to file:33554432 bytes
***********WAITING************

Write the data to file:33554432 bytes
***********WAITING************

Write the data to file:33554432 bytes
***********WAITING************

Write the data to file:33554432 bytes
***********WAITING************

Write the data to file:33554432 bytes
***********WAITING************

Write the data to file:33554432 bytes
***********WAITING************
W_cc         0.99   [      0.98:      0.99]
W_r         17.35   [     17.35:     17.35]
W_w          1.13   [      1.13:      1.13]
          -------
W_total     19.47   [     19.47:     19.47]

calc_W done
calc_W done
nr_of_strided_rec: 8
calc_W done
nr_of_strided_rec: 8
nr_doubles: 65536
calc_W done
nr_of_strided_rec: 8
nr_doubles: 65536
nr_of_strided_rec: 8
nr_doubles: 65536
nr_doubles: 65536
nr_of_strided_rec: 8
nr_doubles: 65536
nr_of_strided_rec: 8
nr_doubles: 65536
nr_of_strided_rec: 8
nr_doubles: 65536
nr_of_strided_rec: 8
nr_doubles: 65536
nr_of_strided_rec: 8
nr_doubles: 65536
nr_of_strided_rec: 8
nr_doubles: 65536
nr_of_strided_rec: 8
nr_doubles: 65536
nr_of_strided_rec: 8
nr_doubles: 65536
nr_of_strided_rec: 8
nr_doubles: 65536
nr_of_strided_rec: 8
nr_doubles: 65536
nr_of_strided_rec: 8
nr_doubles: 65536
nr_of_strided_rec: 8
nr_doubles: 65536
nr_of_strided_rec: 8
nr_doubles: 65536
nr_of_strided_rec: 8
nr_doubles: 65536
nr_of_strided_rec: 8
nr_doubles: 65536
nr_of_strided_rec: 8
nr_doubles: 65536
nr_of_strided_rec: 8
nr_doubles: 65536
nr_of_strided_rec: 8
nr_doubles: 65536
nr_of_strided_rec: 8
nr_doubles: 65536
nr_of_strided_rec: 8
nr_doubles: 65536
nr_of_strided_rec: 8
nr_doubles: 65536
nr_of_strided_rec: 8
nr_doubles: 65536
nr_of_strided_rec: 8
nr_doubles: 65536
nr_of_strided_rec: 8
nr_doubles: 65536
nr_of_strided_rec: 8
nr_doubles: 65536
nr_of_strided_rec: 8
nr_doubles: 65536
nr_of_strided_rec: 8
nr_doubles: 65536
nr_of_strided_rec: 8
nr_doubles: 65536
nr_of_strided_rec: 8
nr_doubles: 65536
nr_of_strided_rec: 8
nr_doubles: 65536
nr_of_strided_rec: 8
nr_doubles: 65536
nr_of_strided_rec: 8
nr_doubles: 65536
nr_of_strided_rec: 8
nr_doubles: 65536
nr_of_strided_rec: 8
nr_doubles: 65536
nr_of_strided_rec: 8
nr_doubles: 65536
nr_of_strided_rec: 8
nr_doubles: 65536
nr_of_strided_rec: 8
nr_doubles: 65536
nr_of_strided_rec: 8
nr_doubles: 65536
nr_of_strided_rec: 8
nr_doubles: 65536
nr_of_strided_rec: 8
nr_doubles: 65536
nr_of_strided_rec: 8
nr_doubles: 65536
nr_of_strided_rec: 8
nr_doubles: 65536
nr_of_strided_rec: 8
nr_doubles: 65536
nr_of_strided_rec: 8
nr_doubles: 65536
nr_of_strided_rec: 8
nr_doubles: 65536
nr_of_strided_rec: 8
nr_doubles: 65536
nr_of_strided_rec: 8
nr_doubles: 65536
nr_of_strided_rec: 8
nr_doubles: 65536
nr_of_strided_rec: 8
nr_doubles: 65536
nr_of_strided_rec: 8
nr_doubles: 65536
nr_of_strided_rec: 8
nr_doubles: 65536
nr_of_strided_rec: 8
nr_doubles: 65536
nr_of_strided_rec: 8
nr_doubles: 65536
nr_of_strided_rec: 8
nr_doubles: 65536
nr_of_strided_rec: 8
nr_doubles: 65536
nr_of_strided_rec: 8
nr_doubles: 65536
nr_of_strided_rec: 8
nr_doubles: 65536
nr_of_strided_rec: 8
nr_doubles: 65536
nr_of_strided_rec: 8
nr_doubles: 65536
nr_of_strided_rec: 8
nr_doubles: 65536
nr_of_strided_rec: 8
nr_doubles: 65536
nr_of_strided_rec: 8
nr_doubles: 65536
nr_of_strided_rec: 8
nr_doubles: 65536
nr_of_strided_rec: 8
nr_doubles: 65536
nr_of_strided_rec: 8
nr_doubles: 65536
nr_of_strided_rec: 8
nr_doubles: 65536
nr_of_strided_rec: 8
nr_doubles: 65536
nr_of_strided_rec: 8
nr_doubles: 65536
nr_of_strided_rec: 8
nr_doubles: 65536
nr_of_strided_rec: 8
nr_doubles: 65536
nr_of_strided_rec: 8
nr_doubles: 65536
nr_of_strided_rec: 8
nr_doubles: 65536
nr_of_strided_rec: 8
nr_doubles: 65536
nr_of_strided_rec: 8
nr_doubles: 65536
nr_of_strided_rec: 8
nr_doubles: 65536
nr_of_strided_rec: 8
nr_doubles: 65536
nr_of_strided_rec: 8
nr_doubles: 65536
nr_of_strided_rec: 8
nr_doubles: 65536
nr_of_strided_rec: 8
nr_doubles: 65536
nr_of_strided_rec: 8
nr_doubles: 65536
nr_of_strided_rec: 8
nr_doubles: 65536
nr_of_strided_rec: 8
nr_doubles: 65536
nr_of_strided_rec: 8
nr_doubles: 65536
nr_of_strided_rec: 8
nr_doubles: 65536
nr_of_strided_rec: 8
nr_doubles: 65536
nr_of_strided_rec: 8
nr_doubles: 65536
nr_of_strided_rec: 8
nr_doubles: 65536
nr_of_strided_rec: 8
nr_doubles: 65536
nr_of_strided_rec: 8
nr_doubles: 65536
nr_of_strided_rec: 8
nr_doubles: 65536
nr_of_strided_rec: 8
nr_doubles: 65536
nr_of_strided_rec: 8
nr_doubles: 65536
nr_of_strided_rec: 8
nr_doubles: 65536
nr_of_strided_rec: 8
nr_doubles: 65536
nr_of_strided_rec: 8
nr_doubles: 65536
nr_of_strided_rec: 8
nr_doubles: 65536
nr_of_strided_rec: 8
nr_doubles: 65536
nr_of_strided_rec: 8
nr_doubles: 65536
nr_of_strided_rec: 8
nr_doubles: 65536
nr_of_strided_rec: 8
nr_doubles: 65536
nr_of_strided_rec: 8
nr_doubles: 65536
nr_of_strided_rec: 8
nr_doubles: 65536
nr_of_strided_rec: 8
nr_doubles: 65536
nr_of_strided_rec: 8
nr_doubles: 65536
nr_of_strided_rec: 8
nr_doubles: 65536
nr_of_strided_rec: 8
nr_doubles: 65536
nr_of_strided_rec: 8
nr_doubles: 65536
nr_of_strided_rec: 8
nr_doubles: 65536
nr_of_strided_rec: 8
nr_doubles: 65536
nr_of_strided_rec: 8
nr_doubles: 65536
nr_of_strided_rec: 8
nr_doubles: 65536
nr_of_strided_rec: 8
nr_doubles: 65536
nr_of_strided_rec: 8
nr_doubles: 65536
nr_of_strided_rec: 8
nr_doubles: 65536
nr_of_strided_rec: 8
nr_doubles: 65536
nr_of_strided_rec: 8
nr_doubles: 65536
C_cc         0.57   [      0.56:      0.57]
C_bw         0.18   [      0.18:      0.18]
C_r          8.66   [      8.66:      8.66]
          -------
C_total      9.40   [      9.40:      9.40]


dC[0] = 0.00000e+00
fclose PID:28341 fd:8
fclose PID:28339 fd:12
fclose PID:28342 fd:8
fclose PID:28340 fd:10
READAHEAD_TIME:0.000000 us
MaxRSS= 141576 KB, SharedMem= 0 KB, HardPageFault= 11
READAHEAD_TIME:0.000000 us
MaxRSS= 141636 KB, SharedMem= 0 KB, HardPageFault= 15
READAHEAD_TIME:0.000000 us
MaxRSS= 141584 KB, SharedMem= 0 KB, HardPageFault= 13
READAHEAD_TIME:0.000000 us
MaxRSS= 141524 KB, SharedMem= 0 KB, HardPageFault= 11
fclose PID:28338 fd:0
fclose PID:28338 fd:6
fclose PID:28338 fd:6
fclose PID:28338 fd:0
READAHEAD_TIME:0.000000 us
MaxRSS= 5348 KB, SharedMem= 0 KB, HardPageFault= 2
fclose PID:28337 fd:3
fclose PID:28337 fd:4
fclose PID:28337 fd:4
fclose PID:28337 fd:3
READAHEAD_TIME:0.000000 us
MaxRSS= 4916 KB, SharedMem= 0 KB, HardPageFault= 4
	Command being timed: "mpiexec -n 4 ./MADbench2_io 4096 30 1 8 64 1 1 524288 7 1"
	User time (seconds): 17.35
	System time (seconds): 15.67
	Percent of CPU this job got: 86%
	Elapsed (wall clock) time (h:mm:ss or m:ss): 0:38.19
	Average shared text size (kbytes): 0
	Average unshared data size (kbytes): 0
	Average stack size (kbytes): 0
	Average total size (kbytes): 0
	Maximum resident set size (kbytes): 141636
	Average resident set size (kbytes): 0
	Major (requiring I/O) page faults: 57
	Minor (reclaiming a frame) page faults: 400370
	Voluntary context switches: 15290
	Involuntary context switches: 274
	Swaps: 0
	File system inputs: 15264400
	File system outputs: 15728704
	Socket messages sent: 0
	Socket messages received: 0
	Signals delivered: 0
	Page size (bytes): 4096
	Exit status: 0
READAHEAD_TIME:0.000000 us
MaxRSS= 2100 KB, SharedMem= 0 KB, HardPageFault= 0
*******************DMESG OUTPUT******************
