fclose PID:38087 fd:3
fclose PID:38087 fd:4
fclose PID:38087 fd:4
fclose PID:38087 fd:3
available: 2 nodes (0-1)
fclose PID:38087 fd:3
node 0 cpus:fclose PID:38087 fd:3
 0 1 2 3 4 5 6 7 8 9 20 21 22 23 24 25 26 27 28 29
node 0 size: 80440 MB
node 0 free: 80128 MB
fclose PID:38087 fd:3
node 1 cpus:fclose PID:38087 fd:3
 10 11 12 13 14 15 16 17 18 19 30 31 32 33 34 35 36 37 38 39
node 1 size: 80635 MB
node 1 free: 80363 MB
fclose PID:38087 fd:3
fclose PID:38087 fd:3
node distances:
node   0   1 
  0:  10  21 
  1:  21  10 
READAHEAD_TIME:0.000000 us
MaxRSS= 2224 KB, SharedMem= 0 KB, HardPageFault= 10
fclose PID:38099 fd:8
fclose PID:38101 fd:8
fclose PID:38100 fd:8
fclose PID:38107 fd:8
fclose PID:38097 fd:8
fclose PID:38092 fd:12
fclose PID:38094 fd:8
fclose PID:38102 fd:8
fclose PID:38104 fd:8
fclose PID:38106 fd:8
fclose PID:38096 fd:8
fclose PID:38098 fd:8
fclose PID:38105 fd:8
fclose PID:38093 fd:10
fclose PID:38095 fd:8
fclose PID:38103 fd:8

MADbench 2.0 IO-mode
no_pe = 16  no_pix = 8192  no_bin = 30  no_gang = 1 sblocksize = 8  fblocksize = 64  r_mod = 1  w_mod = 1 record_size=524288 stride=7


IOMETHOD = POSIX  IOMODE = SYNC  FILETYPE = UNIQUE  REMAP = CUSTOMbuild_S
build_S
build_S
build_S
build_S
build_S
build_S
build_S
build_S
build_S
build_S
build_S
build_S
build_S
build_S
build_S

Write the data to file:33554432 bytes
***********WAITING************

Write the data to file:33554432 bytes
***********WAITING************

Write the data to file:33554432 bytes
***********WAITING************

Write the data to file:33554432 bytes
***********WAITING************

Write the data to file:33554432 bytes
***********WAITING************

Write the data to file:33554432 bytes
***********WAITING************

Write the data to file:33554432 bytes
***********WAITING************

Write the data to file:33554432 bytes
***********WAITING************

Write the data to file:33554432 bytes
***********WAITING************

Write the data to file:33554432 bytes
***********WAITING************

Write the data to file:33554432 bytes
***********WAITING************

Write the data to file:33554432 bytes
***********WAITING************

Write the data to file:33554432 bytes
***********WAITING************

Write the data to file:33554432 bytes
***********WAITING************

Write the data to file:33554432 bytes
***********WAITING************

Write the data to file:33554432 bytes
***********WAITING************

Write the data to file:33554432 bytes
***********WAITING************

Write the data to file:33554432 bytes
***********WAITING************

Write the data to file:33554432 bytes
***********WAITING************

Write the data to file:33554432 bytes
***********WAITING************

Write the data to file:33554432 bytes
***********WAITING************

Write the data to file:33554432 bytes
***********WAITING************

Write the data to file:33554432 bytes
***********WAITING************

Write the data to file:33554432 bytes
***********WAITING************

Write the data to file:33554432 bytes
***********WAITING************

Write the data to file:33554432 bytes
***********WAITING************

Write the data to file:33554432 bytes
***********WAITING************

Write the data to file:33554432 bytes
***********WAITING************

Write the data to file:33554432 bytes
***********WAITING************

Write the data to file:33554432 bytes
***********WAITING************

Write the data to file:33554432 bytes
***********WAITING************

Write the data to file:33554432 bytes
***********WAITING************

Write the data to file:33554432 bytes
***********WAITING************

Write the data to file:33554432 bytes
***********WAITING************

Write the data to file:33554432 bytes
***********WAITING************

Write the data to file:33554432 bytes
***********WAITING************

Write the data to file:33554432 bytes
***********WAITING************

Write the data to file:33554432 bytes
***********WAITING************

Write the data to file:33554432 bytes
***********WAITING************

Write the data to file:33554432 bytes
***********WAITING************

Write the data to file:33554432 bytes
***********WAITING************

Write the data to file:33554432 bytes
***********WAITING************

Write the data to file:33554432 bytes
***********WAITING************

Write the data to file:33554432 bytes
***********WAITING************

Write the data to file:33554432 bytes
***********WAITING************

Write the data to file:33554432 bytes
***********WAITING************

Write the data to file:33554432 bytes
***********WAITING************

Write the data to file:33554432 bytes
***********WAITING************

Write the data to file:33554432 bytes
***********WAITING************

Write the data to file:33554432 bytes
***********WAITING************

Write the data to file:33554432 bytes
***********WAITING************

Write the data to file:33554432 bytes
***********WAITING************

Write the data to file:33554432 bytes
***********WAITING************

Write the data to file:33554432 bytes
***********WAITING************

Write the data to file:33554432 bytes
***********WAITING************

Write the data to file:33554432 bytes
***********WAITING************

Write the data to file:33554432 bytes
***********WAITING************

Write the data to file:33554432 bytes
***********WAITING************

Write the data to file:33554432 bytes
***********WAITING************

Write the data to file:33554432 bytes
***********WAITING************

Write the data to file:33554432 bytes
***********WAITING************

Write the data to file:33554432 bytes
***********WAITING************

Write the data to file:33554432 bytes
***********WAITING************

Write the data to file:33554432 bytes
***********WAITING************

Write the data to file:33554432 bytes
***********WAITING************

Write the data to file:33554432 bytes
***********WAITING************

Write the data to file:33554432 bytes
***********WAITING************

Write the data to file:33554432 bytes
***********WAITING************

Write the data to file:33554432 bytes
***********WAITING************

Write the data to file:33554432 bytes
***********WAITING************

Write the data to file:33554432 bytes
***********WAITING************

Write the data to file:33554432 bytes
***********WAITING************

Write the data to file:33554432 bytes
***********WAITING************

Write the data to file:33554432 bytes
***********WAITING************

Write the data to file:33554432 bytes
***********WAITING************

Write the data to file:33554432 bytes
***********WAITING************

Write the data to file:33554432 bytes
***********WAITING************

Write the data to file:33554432 bytes
***********WAITING************

Write the data to file:33554432 bytes
***********WAITING************

Write the data to file:33554432 bytes
***********WAITING************

Write the data to file:33554432 bytes
***********WAITING************

Write the data to file:33554432 bytes
***********WAITING************

Write the data to file:33554432 bytes
***********WAITING************

Write the data to file:33554432 bytes
***********WAITING************

Write the data to file:33554432 bytes
***********WAITING************

Write the data to file:33554432 bytes
***********WAITING************

Write the data to file:33554432 bytes
***********WAITING************

Write the data to file:33554432 bytes
***********WAITING************

Write the data to file:33554432 bytes
***********WAITING************

Write the data to file:33554432 bytes
***********WAITING************

Write the data to file:33554432 bytes
***********WAITING************

Write the data to file:33554432 bytes
***********WAITING************

Write the data to file:33554432 bytes
***********WAITING************

Write the data to file:33554432 bytes
***********WAITING************

Write the data to file:33554432 bytes
***********WAITING************

Write the data to file:33554432 bytes
***********WAITING************

Write the data to file:33554432 bytes
***********WAITING************

Write the data to file:33554432 bytes
***********WAITING************

Write the data to file:33554432 bytes
***********WAITING************

Write the data to file:33554432 bytes
***********WAITING************

Write the data to file:33554432 bytes
***********WAITING************

Write the data to file:33554432 bytes
***********WAITING************

Write the data to file:33554432 bytes
***********WAITING************

Write the data to file:33554432 bytes
***********WAITING************

Write the data to file:33554432 bytes
***********WAITING************

Write the data to file:33554432 bytes
***********WAITING************

Write the data to file:33554432 bytes
***********WAITING************

Write the data to file:33554432 bytes
***********WAITING************

Write the data to file:33554432 bytes
***********WAITING************

Write the data to file:33554432 bytes
***********WAITING************

Write the data to file:33554432 bytes
***********WAITING************

Write the data to file:33554432 bytes
***********WAITING************

Write the data to file:33554432 bytes
***********WAITING************

Write the data to file:33554432 bytes
***********WAITING************

Write the data to file:33554432 bytes
***********WAITING************

Write the data to file:33554432 bytes
***********WAITING************

Write the data to file:33554432 bytes
***********WAITING************

Write the data to file:33554432 bytes
***********WAITING************

Write the data to file:33554432 bytes
***********WAITING************

Write the data to file:33554432 bytes
***********WAITING************

Write the data to file:33554432 bytes
***********WAITING************

Write the data to file:33554432 bytes
***********WAITING************

Write the data to file:33554432 bytes
***********WAITING************

Write the data to file:33554432 bytes
***********WAITING************

Write the data to file:33554432 bytes
***********WAITING************

Write the data to file:33554432 bytes
***********WAITING************

Write the data to file:33554432 bytes
***********WAITING************

Write the data to file:33554432 bytes
***********WAITING************

Write the data to file:33554432 bytes
***********WAITING************

Write the data to file:33554432 bytes
***********WAITING************

Write the data to file:33554432 bytes
***********WAITING************

Write the data to file:33554432 bytes
***********WAITING************

Write the data to file:33554432 bytes
***********WAITING************

Write the data to file:33554432 bytes
***********WAITING************

Write the data to file:33554432 bytes
***********WAITING************

Write the data to file:33554432 bytes
***********WAITING************

Write the data to file:33554432 bytes
***********WAITING************

Write the data to file:33554432 bytes
***********WAITING************

Write the data to file:33554432 bytes
***********WAITING************

Write the data to file:33554432 bytes
***********WAITING************

Write the data to file:33554432 bytes
***********WAITING************

Write the data to file:33554432 bytes
***********WAITING************

Write the data to file:33554432 bytes
***********WAITING************

Write the data to file:33554432 bytes
***********WAITING************

Write the data to file:33554432 bytes
***********WAITING************

Write the data to file:33554432 bytes
***********WAITING************

Write the data to file:33554432 bytes
***********WAITING************

Write the data to file:33554432 bytes
***********WAITING************

Write the data to file:33554432 bytes
***********WAITING************

Write the data to file:33554432 bytes
***********WAITING************

Write the data to file:33554432 bytes
***********WAITING************

Write the data to file:33554432 bytes
***********WAITING************

Write the data to file:33554432 bytes
***********WAITING************

Write the data to file:33554432 bytes
***********WAITING************

Write the data to file:33554432 bytes
***********WAITING************

Write the data to file:33554432 bytes
***********WAITING************

Write the data to file:33554432 bytes
***********WAITING************

Write the data to file:33554432 bytes
***********WAITING************

Write the data to file:33554432 bytes
***********WAITING************

Write the data to file:33554432 bytes
***********WAITING************

Write the data to file:33554432 bytes
***********WAITING************

Write the data to file:33554432 bytes
***********WAITING************

Write the data to file:33554432 bytes
***********WAITING************

Write the data to file:33554432 bytes
***********WAITING************

Write the data to file:33554432 bytes
***********WAITING************

Write the data to file:33554432 bytes
***********WAITING************

Write the data to file:33554432 bytes
***********WAITING************

Write the data to file:33554432 bytes
***********WAITING************

Write the data to file:33554432 bytes
***********WAITING************

Write the data to file:33554432 bytes
***********WAITING************

Write the data to file:33554432 bytes
***********WAITING************

Write the data to file:33554432 bytes
***********WAITING************

Write the data to file:33554432 bytes
***********WAITING************

Write the data to file:33554432 bytes
***********WAITING************

Write the data to file:33554432 bytes
***********WAITING************

Write the data to file:33554432 bytes
***********WAITING************

Write the data to file:33554432 bytes
***********WAITING************

Write the data to file:33554432 bytes
***********WAITING************

Write the data to file:33554432 bytes
***********WAITING************

Write the data to file:33554432 bytes
***********WAITING************

Write the data to file:33554432 bytes
***********WAITING************

Write the data to file:33554432 bytes
***********WAITING************

Write the data to file:33554432 bytes
***********WAITING************

Write the data to file:33554432 bytes
***********WAITING************

Write the data to file:33554432 bytes
***********WAITING************

Write the data to file:33554432 bytes
***********WAITING************

Write the data to file:33554432 bytes
***********WAITING************

Write the data to file:33554432 bytes
***********WAITING************

Write the data to file:33554432 bytes
***********WAITING************

Write the data to file:33554432 bytes
***********WAITING************

Write the data to file:33554432 bytes
***********WAITING************

Write the data to file:33554432 bytes
***********WAITING************

Write the data to file:33554432 bytes
***********WAITING************

Write the data to file:33554432 bytes
***********WAITING************

Write the data to file:33554432 bytes
***********WAITING************

Write the data to file:33554432 bytes
***********WAITING************

Write the data to file:33554432 bytes
***********WAITING************

Write the data to file:33554432 bytes
***********WAITING************

Write the data to file:33554432 bytes
***********WAITING************

Write the data to file:33554432 bytes
***********WAITING************

Write the data to file:33554432 bytes
***********WAITING************

Write the data to file:33554432 bytes
***********WAITING************

Write the data to file:33554432 bytes
***********WAITING************

Write the data to file:33554432 bytes
***********WAITING************

Write the data to file:33554432 bytes
***********WAITING************

Write the data to file:33554432 bytes
***********WAITING************

Write the data to file:33554432 bytes
***********WAITING************

Write the data to file:33554432 bytes
***********WAITING************

Write the data to file:33554432 bytes
***********WAITING************

Write the data to file:33554432 bytes
***********WAITING************

Write the data to file:33554432 bytes
***********WAITING************

Write the data to file:33554432 bytes
***********WAITING************

Write the data to file:33554432 bytes
***********WAITING************

Write the data to file:33554432 bytes
***********WAITING************

Write the data to file:33554432 bytes
***********WAITING************

Write the data to file:33554432 bytes
***********WAITING************

Write the data to file:33554432 bytes
***********WAITING************

Write the data to file:33554432 bytes
***********WAITING************

Write the data to file:33554432 bytes
***********WAITING************

Write the data to file:33554432 bytes
***********WAITING************

Write the data to file:33554432 bytes
***********WAITING************

Write the data to file:33554432 bytes
***********WAITING************

Write the data to file:33554432 bytes
***********WAITING************

Write the data to file:33554432 bytes
***********WAITING************

Write the data to file:33554432 bytes
***********WAITING************

Write the data to file:33554432 bytes
***********WAITING************

Write the data to file:33554432 bytes
***********WAITING************

Write the data to file:33554432 bytes
***********WAITING************

Write the data to file:33554432 bytes
***********WAITING************

Write the data to file:33554432 bytes
***********WAITING************

Write the data to file:33554432 bytes
***********WAITING************

Write the data to file:33554432 bytes
***********WAITING************

Write the data to file:33554432 bytes
***********WAITING************

Write the data to file:33554432 bytes
***********WAITING************

Write the data to file:33554432 bytes
***********WAITING************

Write the data to file:33554432 bytes
***********WAITING************

Write the data to file:33554432 bytes
***********WAITING************

Write the data to file:33554432 bytes
***********WAITING************

Write the data to file:33554432 bytes
***********WAITING************

Write the data to file:33554432 bytes
***********WAITING************

Write the data to file:33554432 bytes
***********WAITING************

Write the data to file:33554432 bytes
***********WAITING************

Write the data to file:33554432 bytes
***********WAITING************

Write the data to file:33554432 bytes
***********WAITING************

Write the data to file:33554432 bytes
***********WAITING************

Write the data to file:33554432 bytes
***********WAITING************

Write the data to file:33554432 bytes
***********WAITING************

Write the data to file:33554432 bytes
***********WAITING************

Write the data to file:33554432 bytes
***********WAITING************

Write the data to file:33554432 bytes
***********WAITING************

Write the data to file:33554432 bytes
***********WAITING************

Write the data to file:33554432 bytes
***********WAITING************

Write the data to file:33554432 bytes
***********WAITING************

Write the data to file:33554432 bytes
***********WAITING************

Write the data to file:33554432 bytes
***********WAITING************

Write the data to file:33554432 bytes
***********WAITING************

Write the data to file:33554432 bytes
***********WAITING************

Write the data to file:33554432 bytes
***********WAITING************

Write the data to file:33554432 bytes
***********WAITING************

Write the data to file:33554432 bytes
***********WAITING************

Write the data to file:33554432 bytes
***********WAITING************

Write the data to file:33554432 bytes
***********WAITING************

Write the data to file:33554432 bytes
***********WAITING************

Write the data to file:33554432 bytes
***********WAITING************

Write the data to file:33554432 bytes
***********WAITING************

Write the data to file:33554432 bytes
***********WAITING************

Write the data to file:33554432 bytes
***********WAITING************

Write the data to file:33554432 bytes
***********WAITING************

Write the data to file:33554432 bytes
***********WAITING************

Write the data to file:33554432 bytes
***********WAITING************

Write the data to file:33554432 bytes
***********WAITING************

Write the data to file:33554432 bytes
***********WAITING************

Write the data to file:33554432 bytes
***********WAITING************

Write the data to file:33554432 bytes
***********WAITING************

Write the data to file:33554432 bytes
***********WAITING************

Write the data to file:33554432 bytes
***********WAITING************

Write the data to file:33554432 bytes
***********WAITING************

Write the data to file:33554432 bytes
***********WAITING************

Write the data to file:33554432 bytes
***********WAITING************

Write the data to file:33554432 bytes
***********WAITING************

Write the data to file:33554432 bytes
***********WAITING************

Write the data to file:33554432 bytes
***********WAITING************

Write the data to file:33554432 bytes
***********WAITING************

Write the data to file:33554432 bytes
***********WAITING************

Write the data to file:33554432 bytes
***********WAITING************

Write the data to file:33554432 bytes
***********WAITING************

Write the data to file:33554432 bytes
***********WAITING************

Write the data to file:33554432 bytes
***********WAITING************

Write the data to file:33554432 bytes
***********WAITING************

Write the data to file:33554432 bytes
***********WAITING************

Write the data to file:33554432 bytes
***********WAITING************

Write the data to file:33554432 bytes
***********WAITING************

Write the data to file:33554432 bytes
***********WAITING************

Write the data to file:33554432 bytes
***********WAITING************

Write the data to file:33554432 bytes
***********WAITING************

Write the data to file:33554432 bytes
***********WAITING************

Write the data to file:33554432 bytes
***********WAITING************

Write the data to file:33554432 bytes
***********WAITING************

Write the data to file:33554432 bytes
***********WAITING************

Write the data to file:33554432 bytes
***********WAITING************

Write the data to file:33554432 bytes
***********WAITING************

Write the data to file:33554432 bytes
***********WAITING************

Write the data to file:33554432 bytes
***********WAITING************

Write the data to file:33554432 bytes
***********WAITING************

Write the data to file:33554432 bytes
***********WAITING************

Write the data to file:33554432 bytes
***********WAITING************

Write the data to file:33554432 bytes
***********WAITING************

Write the data to file:33554432 bytes
***********WAITING************

Write the data to file:33554432 bytes
***********WAITING************

Write the data to file:33554432 bytes
***********WAITING************

Write the data to file:33554432 bytes
***********WAITING************

Write the data to file:33554432 bytes
***********WAITING************

Write the data to file:33554432 bytes
***********WAITING************

Write the data to file:33554432 bytes
***********WAITING************

Write the data to file:33554432 bytes
***********WAITING************

Write the data to file:33554432 bytes
***********WAITING************

Write the data to file:33554432 bytes
***********WAITING************

Write the data to file:33554432 bytes
***********WAITING************

Write the data to file:33554432 bytes
***********WAITING************

Write the data to file:33554432 bytes
***********WAITING************

Write the data to file:33554432 bytes
***********WAITING************

Write the data to file:33554432 bytes
***********WAITING************

Write the data to file:33554432 bytes
***********WAITING************

Write the data to file:33554432 bytes
***********WAITING************

Write the data to file:33554432 bytes
***********WAITING************

Write the data to file:33554432 bytes
***********WAITING************

Write the data to file:33554432 bytes
***********WAITING************

Write the data to file:33554432 bytes
***********WAITING************

Write the data to file:33554432 bytes
***********WAITING************

Write the data to file:33554432 bytes
***********WAITING************

Write the data to file:33554432 bytes
***********WAITING************

Write the data to file:33554432 bytes
***********WAITING************

Write the data to file:33554432 bytes
***********WAITING************

Write the data to file:33554432 bytes
***********WAITING************

Write the data to file:33554432 bytes
***********WAITING************

Write the data to file:33554432 bytes
***********WAITING************

Write the data to file:33554432 bytes
***********WAITING************

Write the data to file:33554432 bytes
***********WAITING************

Write the data to file:33554432 bytes
***********WAITING************

Write the data to file:33554432 bytes
***********WAITING************

Write the data to file:33554432 bytes
***********WAITING************

Write the data to file:33554432 bytes
***********WAITING************

Write the data to file:33554432 bytes
***********WAITING************

Write the data to file:33554432 bytes
***********WAITING************

Write the data to file:33554432 bytes
***********WAITING************

Write the data to file:33554432 bytes
***********WAITING************

Write the data to file:33554432 bytes
***********WAITING************

Write the data to file:33554432 bytes
***********WAITING************

Write the data to file:33554432 bytes
***********WAITING************

Write the data to file:33554432 bytes
***********WAITING************

Write the data to file:33554432 bytes
***********WAITING************

Write the data to file:33554432 bytes
***********WAITING************

Write the data to file:33554432 bytes
***********WAITING************

Write the data to file:33554432 bytes
***********WAITING************

Write the data to file:33554432 bytes
***********WAITING************

Write the data to file:33554432 bytes
***********WAITING************

Write the data to file:33554432 bytes
***********WAITING************

Write the data to file:33554432 bytes
***********WAITING************

Write the data to file:33554432 bytes
***********WAITING************

Write the data to file:33554432 bytes
***********WAITING************

Write the data to file:33554432 bytes
***********WAITING************

Write the data to file:33554432 bytes
***********WAITING************

Write the data to file:33554432 bytes
***********WAITING************

Write the data to file:33554432 bytes
***********WAITING************

Write the data to file:33554432 bytes
***********WAITING************

Write the data to file:33554432 bytes
***********WAITING************

Write the data to file:33554432 bytes
***********WAITING************

Write the data to file:33554432 bytes
***********WAITING************

Write the data to file:33554432 bytes
***********WAITING************

Write the data to file:33554432 bytes
***********WAITING************

Write the data to file:33554432 bytes
***********WAITING************

Write the data to file:33554432 bytes
***********WAITING************

Write the data to file:33554432 bytes
***********WAITING************

Write the data to file:33554432 bytes
***********WAITING************

Write the data to file:33554432 bytes
***********WAITING************

Write the data to file:33554432 bytes
***********WAITING************

Write the data to file:33554432 bytes
***********WAITING************

Write the data to file:33554432 bytes
***********WAITING************

Write the data to file:33554432 bytes
***********WAITING************

Write the data to file:33554432 bytes
***********WAITING************

Write the data to file:33554432 bytes
***********WAITING************

Write the data to file:33554432 bytes
***********WAITING************

Write the data to file:33554432 bytes
***********WAITING************

Write the data to file:33554432 bytes
***********WAITING************

Write the data to file:33554432 bytes
***********WAITING************

Write the data to file:33554432 bytes
***********WAITING************

Write the data to file:33554432 bytes
***********WAITING************

Write the data to file:33554432 bytes
***********WAITING************

Write the data to file:33554432 bytes
***********WAITING************

Write the data to file:33554432 bytes
***********WAITING************

Write the data to file:33554432 bytes
***********WAITING************

Write the data to file:33554432 bytes
***********WAITING************

Write the data to file:33554432 bytes
***********WAITING************

Write the data to file:33554432 bytes
***********WAITING************

Write the data to file:33554432 bytes
***********WAITING************

Write the data to file:33554432 bytes
***********WAITING************

Write the data to file:33554432 bytes
***********WAITING************

Write the data to file:33554432 bytes
***********WAITING************

Write the data to file:33554432 bytes
***********WAITING************

Write the data to file:33554432 bytes
***********WAITING************

Write the data to file:33554432 bytes
***********WAITING************

Write the data to file:33554432 bytes
***********WAITING************

Write the data to file:33554432 bytes
***********WAITING************

Write the data to file:33554432 bytes
***********WAITING************

Write the data to file:33554432 bytes
***********WAITING************

Write the data to file:33554432 bytes
***********WAITING************

Write the data to file:33554432 bytes
***********WAITING************

Write the data to file:33554432 bytes
***********WAITING************

Write the data to file:33554432 bytes
***********WAITING************

Write the data to file:33554432 bytes
***********WAITING************

Write the data to file:33554432 bytes
***********WAITING************

Write the data to file:33554432 bytes
***********WAITING************

Write the data to file:33554432 bytes
***********WAITING************

Write the data to file:33554432 bytes
***********WAITING************

Write the data to file:33554432 bytes
***********WAITING************

Write the data to file:33554432 bytes
***********WAITING************

Write the data to file:33554432 bytes
***********WAITING************

Write the data to file:33554432 bytes
***********WAITING************

Write the data to file:33554432 bytes
***********WAITING************

Write the data to file:33554432 bytes
***********WAITING************

Write the data to file:33554432 bytes
***********WAITING************

Write the data to file:33554432 bytes
***********WAITING************

Write the data to file:33554432 bytes
***********WAITING************

Write the data to file:33554432 bytes
***********WAITING************

Write the data to file:33554432 bytes
***********WAITING************

Write the data to file:33554432 bytes
***********WAITING************

Write the data to file:33554432 bytes
***********WAITING************

Write the data to file:33554432 bytes
***********WAITING************

Write the data to file:33554432 bytes
***********WAITING************

Write the data to file:33554432 bytes
***********WAITING************

Write the data to file:33554432 bytes
***********WAITING************

Write the data to file:33554432 bytes
***********WAITING************

Write the data to file:33554432 bytes
***********WAITING************

Write the data to file:33554432 bytes
***********WAITING************

Write the data to file:33554432 bytes
***********WAITING************

Write the data to file:33554432 bytes
***********WAITING************

Write the data to file:33554432 bytes
***********WAITING************

Write the data to file:33554432 bytes
***********WAITING************

Write the data to file:33554432 bytes
***********WAITING************

Write the data to file:33554432 bytes
***********WAITING************

Write the data to file:33554432 bytes
***********WAITING************

Write the data to file:33554432 bytes
***********WAITING************

Write the data to file:33554432 bytes
***********WAITING************

Write the data to file:33554432 bytes
***********WAITING************

Write the data to file:33554432 bytes
***********WAITING************

Write the data to file:33554432 bytes
***********WAITING************

Write the data to file:33554432 bytes
***********WAITING************

Write the data to file:33554432 bytes
***********WAITING************

Write the data to file:33554432 bytes
***********WAITING************

Write the data to file:33554432 bytes
***********WAITING************

Write the data to file:33554432 bytes
***********WAITING************

Write the data to file:33554432 bytes
***********WAITING************

Write the data to file:33554432 bytes
***********WAITING************

Write the data to file:33554432 bytes
***********WAITING************

Write the data to file:33554432 bytes
***********WAITING************

Write the data to file:33554432 bytes
***********WAITING************

Write the data to file:33554432 bytes
***********WAITING************

Write the data to file:33554432 bytes
***********WAITING************

Write the data to file:33554432 bytes
***********WAITING************

Write the data to file:33554432 bytes
***********WAITING************

Write the data to file:33554432 bytes
***********WAITING************

Write the data to file:33554432 bytes
***********WAITING************

Write the data to file:33554432 bytes
***********WAITING************

Write the data to file:33554432 bytes
***********WAITING************

Write the data to file:33554432 bytes
***********WAITING************

Write the data to file:33554432 bytes
***********WAITING************

Write the data to file:33554432 bytes
***********WAITING************

Write the data to file:33554432 bytes
***********WAITING************

Write the data to file:33554432 bytes
***********WAITING************

Write the data to file:33554432 bytes
***********WAITING************

Write the data to file:33554432 bytes
***********WAITING************

Write the data to file:33554432 bytes
***********WAITING************

Write the data to file:33554432 bytes
***********WAITING************

Write the data to file:33554432 bytes
***********WAITING************

Write the data to file:33554432 bytes
***********WAITING************

Write the data to file:33554432 bytes
***********WAITING************

Write the data to file:33554432 bytes
***********WAITING************

Write the data to file:33554432 bytes
***********WAITING************

Write the data to file:33554432 bytes
***********WAITING************

Write the data to file:33554432 bytes
***********WAITING************
S_cc         1.03   [      1.03:      1.04]
S_bw         0.25   [      0.25:      0.25]
S_w         31.94   [     31.94:     31.94]
          -------
S_total     33.22   [     33.21:     33.22]

build_S done
calc_W
build_S done
calc_W
build_S done
calc_W
build_S done
calc_W
nr_of_strided_rec: 8
nr_doubles: 65536
build_S done
calc_W
nr_of_strided_rec: 8
nr_doubles: 65536
build_S done
calc_W
nr_of_strided_rec: 8
nr_doubles: 65536
build_S done
calc_W
nr_of_strided_rec: 8
nr_doubles: 65536
build_S done
calc_W
nr_of_strided_rec: 8
nr_doubles: 65536
build_S done
calc_W
nr_of_strided_rec: 8
nr_doubles: 65536
build_S done
calc_W
nr_of_strided_rec: 8
nr_doubles: 65536
build_S done
calc_W
nr_of_strided_rec: 8
nr_doubles: 65536
build_S done
calc_W
nr_of_strided_rec: 8
nr_doubles: 65536
build_S done
calc_W
nr_of_strided_rec: 8
nr_doubles: 65536
build_S done
calc_W
nr_of_strided_rec: 8
nr_doubles: 65536
build_S done
calc_W
nr_of_strided_rec: 8
nr_doubles: 65536
build_S done
calc_W
nr_of_strided_rec: 8
nr_doubles: 65536
nr_of_strided_rec: 8
nr_doubles: 65536
nr_of_strided_rec: 8
nr_doubles: 65536
nr_of_strided_rec: 8
nr_doubles: 65536
nr_of_strided_rec: 8
nr_doubles: 65536
nr_of_strided_rec: 8
nr_doubles: 65536
nr_of_strided_rec: 8
nr_doubles: 65536
nr_of_strided_rec: 8
nr_doubles: 65536
nr_of_strided_rec: 8
nr_doubles: 65536
nr_of_strided_rec: 8
nr_doubles: 65536
nr_of_strided_rec: 8
nr_doubles: 65536
nr_of_strided_rec: 8
nr_doubles: 65536
nr_of_strided_rec: 8
nr_doubles: 65536
nr_of_strided_rec: 8
nr_doubles: 65536
nr_of_strided_rec: 8
nr_doubles: 65536
nr_of_strided_rec: 8
nr_doubles: 65536
nr_of_strided_rec: 8
nr_doubles: 65536
nr_of_strided_rec: 8
nr_doubles: 65536
nr_of_strided_rec: 8
nr_doubles: 65536
nr_of_strided_rec: 8
nr_doubles: 65536

Write the data to file:33554432 bytes
***********WAITING************

Write the data to file:33554432 bytes
***********WAITING************

Write the data to file:33554432 bytes
***********WAITING************

Write the data to file:33554432 bytes
***********WAITING************

Write the data to file:33554432 bytes
***********WAITING************

Write the data to file:33554432 bytes
***********WAITING************

Write the data to file:33554432 bytes
***********WAITING************

Write the data to file:33554432 bytes
***********WAITING************

Write the data to file:33554432 bytes
***********WAITING************

Write the data to file:33554432 bytes
***********WAITING************

Write the data to file:33554432 bytes
***********WAITING************

Write the data to file:33554432 bytes
***********WAITING************

Write the data to file:33554432 bytes
***********WAITING************

Write the data to file:33554432 bytes
***********WAITING************

Write the data to file:33554432 bytes
***********WAITING************

Write the data to file:33554432 bytes
***********WAITING************
nr_of_strided_rec: 8
nr_doubles: 65536
nr_of_strided_rec: 8
nr_doubles: 65536
nr_of_strided_rec: 8
nr_doubles: 65536
nr_of_strided_rec: 8
nr_doubles: 65536
nr_of_strided_rec: 8
nr_doubles: 65536
nr_of_strided_rec: 8
nr_doubles: 65536
nr_of_strided_rec: 8
nr_doubles: 65536
nr_of_strided_rec: 8
nr_doubles: 65536
nr_of_strided_rec: 8
nr_doubles: 65536
nr_of_strided_rec: 8
nr_doubles: 65536
nr_of_strided_rec: 8
nr_doubles: 65536
nr_of_strided_rec: 8
nr_doubles: 65536
nr_of_strided_rec: 8
nr_doubles: 65536
nr_of_strided_rec: 8
nr_doubles: 65536
nr_of_strided_rec: 8
nr_doubles: 65536
nr_of_strided_rec: 8
nr_doubles: 65536

Write the data to file:33554432 bytes
***********WAITING************

Write the data to file:33554432 bytes
***********WAITING************

Write the data to file:33554432 bytes
***********WAITING************

Write the data to file:33554432 bytes
***********WAITING************

Write the data to file:33554432 bytes
***********WAITING************

Write the data to file:33554432 bytes
***********WAITING************

Write the data to file:33554432 bytes
***********WAITING************

Write the data to file:33554432 bytes
***********WAITING************

Write the data to file:33554432 bytes
***********WAITING************

Write the data to file:33554432 bytes
***********WAITING************

Write the data to file:33554432 bytes
***********WAITING************

Write the data to file:33554432 bytes
***********WAITING************

Write the data to file:33554432 bytes
***********WAITING************

Write the data to file:33554432 bytes
***********WAITING************

Write the data to file:33554432 bytes
***********WAITING************

Write the data to file:33554432 bytes
***********WAITING************
nr_of_strided_rec: 8
nr_doubles: 65536
nr_of_strided_rec: 8
nr_doubles: 65536
nr_of_strided_rec: 8
nr_doubles: 65536
nr_of_strided_rec: 8
nr_doubles: 65536
nr_of_strided_rec: 8
nr_doubles: 65536
nr_of_strided_rec: 8
nr_doubles: 65536
nr_of_strided_rec: 8
nr_doubles: 65536
nr_of_strided_rec: 8
nr_doubles: 65536
nr_of_strided_rec: 8
nr_doubles: 65536
nr_of_strided_rec: 8
nr_doubles: 65536
nr_of_strided_rec: 8
nr_doubles: 65536
nr_of_strided_rec: 8
nr_doubles: 65536
nr_of_strided_rec: 8
nr_doubles: 65536
nr_of_strided_rec: 8
nr_doubles: 65536
nr_of_strided_rec: 8
nr_doubles: 65536
nr_of_strided_rec: 8
nr_doubles: 65536

Write the data to file:33554432 bytes
***********WAITING************

Write the data to file:33554432 bytes
***********WAITING************

Write the data to file:33554432 bytes
***********WAITING************

Write the data to file:33554432 bytes
***********WAITING************

Write the data to file:33554432 bytes
***********WAITING************

Write the data to file:33554432 bytes
***********WAITING************

Write the data to file:33554432 bytes
***********WAITING************

Write the data to file:33554432 bytes
***********WAITING************

Write the data to file:33554432 bytes
***********WAITING************

Write the data to file:33554432 bytes
***********WAITING************

Write the data to file:33554432 bytes
***********WAITING************

Write the data to file:33554432 bytes
***********WAITING************

Write the data to file:33554432 bytes
***********WAITING************

Write the data to file:33554432 bytes
***********WAITING************

Write the data to file:33554432 bytes
***********WAITING************

Write the data to file:33554432 bytes
***********WAITING************
nr_of_strided_rec: 8
nr_doubles: 65536
nr_of_strided_rec: 8
nr_doubles: 65536
nr_of_strided_rec: 8
nr_doubles: 65536
nr_of_strided_rec: 8
nr_doubles: 65536
nr_of_strided_rec: 8
nr_doubles: 65536
nr_of_strided_rec: 8
nr_doubles: 65536
nr_of_strided_rec: 8
nr_doubles: 65536
nr_of_strided_rec: 8
nr_doubles: 65536
nr_of_strided_rec: 8
nr_doubles: 65536
nr_of_strided_rec: 8
nr_doubles: 65536
nr_of_strided_rec: 8
nr_doubles: 65536
nr_of_strided_rec: 8
nr_doubles: 65536
nr_of_strided_rec: 8
nr_doubles: 65536
nr_of_strided_rec: 8
nr_doubles: 65536
nr_of_strided_rec: 8
nr_doubles: 65536
nr_of_strided_rec: 8
nr_doubles: 65536

Write the data to file:33554432 bytes
***********WAITING************

Write the data to file:33554432 bytes
***********WAITING************

Write the data to file:33554432 bytes
***********WAITING************

Write the data to file:33554432 bytes
***********WAITING************

Write the data to file:33554432 bytes
***********WAITING************

Write the data to file:33554432 bytes
***********WAITING************

Write the data to file:33554432 bytes
***********WAITING************

Write the data to file:33554432 bytes
***********WAITING************

Write the data to file:33554432 bytes
***********WAITING************

Write the data to file:33554432 bytes
***********WAITING************

Write the data to file:33554432 bytes
***********WAITING************

Write the data to file:33554432 bytes
***********WAITING************

Write the data to file:33554432 bytes
***********WAITING************

Write the data to file:33554432 bytes
***********WAITING************

Write the data to file:33554432 bytes
***********WAITING************

Write the data to file:33554432 bytes
***********WAITING************
nr_of_strided_rec: 8
nr_doubles: 65536
nr_of_strided_rec: 8
nr_doubles: 65536
nr_of_strided_rec: 8
nr_doubles: 65536
nr_of_strided_rec: 8
nr_doubles: 65536
nr_of_strided_rec: 8
nr_doubles: 65536
nr_of_strided_rec: 8
nr_doubles: 65536
nr_of_strided_rec: 8
nr_doubles: 65536
nr_of_strided_rec: 8
nr_doubles: 65536
nr_of_strided_rec: 8
nr_doubles: 65536
nr_of_strided_rec: 8
nr_doubles: 65536
nr_of_strided_rec: 8
nr_doubles: 65536
nr_of_strided_rec: 8
nr_doubles: 65536
nr_of_strided_rec: 8
nr_doubles: 65536
nr_of_strided_rec: 8
nr_doubles: 65536
nr_of_strided_rec: 8
nr_doubles: 65536
nr_of_strided_rec: 8
nr_doubles: 65536

Write the data to file:33554432 bytes
***********WAITING************

Write the data to file:33554432 bytes
***********WAITING************

Write the data to file:33554432 bytes
***********WAITING************

Write the data to file:33554432 bytes
***********WAITING************

Write the data to file:33554432 bytes
***********WAITING************

Write the data to file:33554432 bytes
***********WAITING************

Write the data to file:33554432 bytes
***********WAITING************

Write the data to file:33554432 bytes
***********WAITING************

Write the data to file:33554432 bytes
***********WAITING************

Write the data to file:33554432 bytes
***********WAITING************

Write the data to file:33554432 bytes
***********WAITING************

Write the data to file:33554432 bytes
***********WAITING************

Write the data to file:33554432 bytes
***********WAITING************

Write the data to file:33554432 bytes
***********WAITING************

Write the data to file:33554432 bytes
***********WAITING************

Write the data to file:33554432 bytes
***********WAITING************
nr_of_strided_rec: 8
nr_doubles: 65536
nr_of_strided_rec: 8
nr_doubles: 65536
nr_of_strided_rec: 8
nr_doubles: 65536
nr_of_strided_rec: 8
nr_doubles: 65536
nr_of_strided_rec: 8
nr_doubles: 65536
nr_of_strided_rec: 8
nr_doubles: 65536
nr_of_strided_rec: 8
nr_doubles: 65536
nr_of_strided_rec: 8
nr_doubles: 65536
nr_of_strided_rec: 8
nr_doubles: 65536
nr_of_strided_rec: 8
nr_doubles: 65536
nr_of_strided_rec: 8
nr_doubles: 65536
nr_of_strided_rec: 8
nr_doubles: 65536
nr_of_strided_rec: 8
nr_doubles: 65536
nr_of_strided_rec: 8
nr_doubles: 65536
nr_of_strided_rec: 8
nr_doubles: 65536
nr_of_strided_rec: 8
nr_doubles: 65536

Write the data to file:33554432 bytes
***********WAITING************

Write the data to file:33554432 bytes
***********WAITING************

Write the data to file:33554432 bytes
***********WAITING************

Write the data to file:33554432 bytes
***********WAITING************

Write the data to file:33554432 bytes
***********WAITING************

Write the data to file:33554432 bytes
***********WAITING************

Write the data to file:33554432 bytes
***********WAITING************

Write the data to file:33554432 bytes
***********WAITING************

Write the data to file:33554432 bytes
***********WAITING************

Write the data to file:33554432 bytes
***********WAITING************

Write the data to file:33554432 bytes
***********WAITING************

Write the data to file:33554432 bytes
***********WAITING************

Write the data to file:33554432 bytes
***********WAITING************

Write the data to file:33554432 bytes
***********WAITING************

Write the data to file:33554432 bytes
***********WAITING************

Write the data to file:33554432 bytes
***********WAITING************
nr_of_strided_rec: 8
nr_doubles: 65536
nr_of_strided_rec: 8
nr_doubles: 65536
nr_of_strided_rec: 8
nr_doubles: 65536
nr_of_strided_rec: 8
nr_doubles: 65536
nr_of_strided_rec: 8
nr_doubles: 65536
nr_of_strided_rec: 8
nr_doubles: 65536
nr_of_strided_rec: 8
nr_doubles: 65536
nr_of_strided_rec: 8
nr_doubles: 65536
nr_of_strided_rec: 8
nr_doubles: 65536
nr_of_strided_rec: 8
nr_doubles: 65536
nr_of_strided_rec: 8
nr_doubles: 65536
nr_of_strided_rec: 8
nr_doubles: 65536
nr_of_strided_rec: 8
nr_doubles: 65536
nr_of_strided_rec: 8
nr_doubles: 65536
nr_of_strided_rec: 8
nr_doubles: 65536
nr_of_strided_rec: 8
nr_doubles: 65536

Write the data to file:33554432 bytes
***********WAITING************

Write the data to file:33554432 bytes
***********WAITING************

Write the data to file:33554432 bytes
***********WAITING************

Write the data to file:33554432 bytes
***********WAITING************

Write the data to file:33554432 bytes
***********WAITING************

Write the data to file:33554432 bytes
***********WAITING************

Write the data to file:33554432 bytes
***********WAITING************

Write the data to file:33554432 bytes
***********WAITING************

Write the data to file:33554432 bytes
***********WAITING************

Write the data to file:33554432 bytes
***********WAITING************

Write the data to file:33554432 bytes
***********WAITING************

Write the data to file:33554432 bytes
***********WAITING************

Write the data to file:33554432 bytes
***********WAITING************

Write the data to file:33554432 bytes
***********WAITING************

Write the data to file:33554432 bytes
***********WAITING************

Write the data to file:33554432 bytes
***********WAITING************
nr_of_strided_rec: 8
nr_doubles: 65536
nr_of_strided_rec: 8
nr_doubles: 65536
nr_of_strided_rec: 8
nr_doubles: 65536
nr_of_strided_rec: 8
nr_doubles: 65536
nr_of_strided_rec: 8
nr_doubles: 65536
nr_of_strided_rec: 8
nr_doubles: 65536
nr_of_strided_rec: 8
nr_doubles: 65536
nr_of_strided_rec: 8
nr_doubles: 65536
nr_of_strided_rec: 8
nr_doubles: 65536
nr_of_strided_rec: 8
nr_doubles: 65536
nr_of_strided_rec: 8
nr_doubles: 65536
nr_of_strided_rec: 8
nr_doubles: 65536
nr_of_strided_rec: 8
nr_doubles: 65536
nr_of_strided_rec: 8
nr_doubles: 65536
nr_of_strided_rec: 8
nr_doubles: 65536
nr_of_strided_rec: 8
nr_doubles: 65536

Write the data to file:33554432 bytes
***********WAITING************

Write the data to file:33554432 bytes
***********WAITING************

Write the data to file:33554432 bytes
***********WAITING************

Write the data to file:33554432 bytes
***********WAITING************

Write the data to file:33554432 bytes
***********WAITING************

Write the data to file:33554432 bytes
***********WAITING************

Write the data to file:33554432 bytes
***********WAITING************

Write the data to file:33554432 bytes
***********WAITING************

Write the data to file:33554432 bytes
***********WAITING************

Write the data to file:33554432 bytes
***********WAITING************

Write the data to file:33554432 bytes
***********WAITING************

Write the data to file:33554432 bytes
***********WAITING************

Write the data to file:33554432 bytes
***********WAITING************

Write the data to file:33554432 bytes
***********WAITING************

Write the data to file:33554432 bytes
***********WAITING************

Write the data to file:33554432 bytes
***********WAITING************
nr_of_strided_rec: 8
nr_doubles: 65536
nr_of_strided_rec: 8
nr_doubles: 65536
nr_of_strided_rec: 8
nr_doubles: 65536
nr_of_strided_rec: 8
nr_doubles: 65536
nr_of_strided_rec: 8
nr_doubles: 65536
nr_of_strided_rec: 8
nr_doubles: 65536
nr_of_strided_rec: 8
nr_doubles: 65536
nr_of_strided_rec: 8
nr_doubles: 65536
nr_of_strided_rec: 8
nr_doubles: 65536
nr_of_strided_rec: 8
nr_doubles: 65536
nr_of_strided_rec: 8
nr_doubles: 65536
nr_of_strided_rec: 8
nr_doubles: 65536
nr_of_strided_rec: 8
nr_doubles: 65536
nr_of_strided_rec: 8
nr_doubles: 65536
nr_of_strided_rec: 8
nr_doubles: 65536
nr_of_strided_rec: 8
nr_doubles: 65536

Write the data to file:33554432 bytes
***********WAITING************

Write the data to file:33554432 bytes
***********WAITING************

Write the data to file:33554432 bytes
***********WAITING************

Write the data to file:33554432 bytes
***********WAITING************

Write the data to file:33554432 bytes
***********WAITING************

Write the data to file:33554432 bytes
***********WAITING************

Write the data to file:33554432 bytes
***********WAITING************

Write the data to file:33554432 bytes
***********WAITING************

Write the data to file:33554432 bytes
***********WAITING************

Write the data to file:33554432 bytes
***********WAITING************

Write the data to file:33554432 bytes
***********WAITING************

Write the data to file:33554432 bytes
***********WAITING************

Write the data to file:33554432 bytes
***********WAITING************

Write the data to file:33554432 bytes
***********WAITING************

Write the data to file:33554432 bytes
***********WAITING************

Write the data to file:33554432 bytes
***********WAITING************
nr_of_strided_rec: 8
nr_doubles: 65536
nr_of_strided_rec: 8
nr_doubles: 65536
nr_of_strided_rec: 8
nr_doubles: 65536
nr_of_strided_rec: 8
nr_doubles: 65536
nr_of_strided_rec: 8
nr_doubles: 65536
nr_of_strided_rec: 8
nr_doubles: 65536
nr_of_strided_rec: 8
nr_doubles: 65536
nr_of_strided_rec: 8
nr_doubles: 65536
nr_of_strided_rec: 8
nr_doubles: 65536
nr_of_strided_rec: 8
nr_doubles: 65536
nr_of_strided_rec: 8
nr_doubles: 65536
nr_of_strided_rec: 8
nr_doubles: 65536
nr_of_strided_rec: 8
nr_doubles: 65536
nr_of_strided_rec: 8
nr_doubles: 65536
nr_of_strided_rec: 8
nr_doubles: 65536
nr_of_strided_rec: 8
nr_doubles: 65536

Write the data to file:33554432 bytes
***********WAITING************

Write the data to file:33554432 bytes
***********WAITING************

Write the data to file:33554432 bytes
***********WAITING************

Write the data to file:33554432 bytes
***********WAITING************

Write the data to file:33554432 bytes
***********WAITING************

Write the data to file:33554432 bytes
***********WAITING************

Write the data to file:33554432 bytes
***********WAITING************

Write the data to file:33554432 bytes
***********WAITING************

Write the data to file:33554432 bytes
***********WAITING************

Write the data to file:33554432 bytes
***********WAITING************

Write the data to file:33554432 bytes
***********WAITING************

Write the data to file:33554432 bytes
***********WAITING************

Write the data to file:33554432 bytes
***********WAITING************

Write the data to file:33554432 bytes
***********WAITING************

Write the data to file:33554432 bytes
***********WAITING************

Write the data to file:33554432 bytes
***********WAITING************
nr_of_strided_rec: 8
nr_doubles: 65536
nr_of_strided_rec: 8
nr_doubles: 65536
nr_of_strided_rec: 8
nr_doubles: 65536
nr_of_strided_rec: 8
nr_doubles: 65536
nr_of_strided_rec: 8
nr_doubles: 65536
nr_of_strided_rec: 8
nr_doubles: 65536
nr_of_strided_rec: 8
nr_doubles: 65536
nr_of_strided_rec: 8
nr_doubles: 65536
nr_of_strided_rec: 8
nr_doubles: 65536
nr_of_strided_rec: 8
nr_doubles: 65536
nr_of_strided_rec: 8
nr_doubles: 65536
nr_of_strided_rec: 8
nr_doubles: 65536
nr_of_strided_rec: 8
nr_doubles: 65536
nr_of_strided_rec: 8
nr_doubles: 65536
nr_of_strided_rec: 8
nr_doubles: 65536
nr_of_strided_rec: 8
nr_doubles: 65536

Write the data to file:33554432 bytes
***********WAITING************

Write the data to file:33554432 bytes
***********WAITING************

Write the data to file:33554432 bytes
***********WAITING************

Write the data to file:33554432 bytes
***********WAITING************

Write the data to file:33554432 bytes
***********WAITING************

Write the data to file:33554432 bytes
***********WAITING************

Write the data to file:33554432 bytes
***********WAITING************

Write the data to file:33554432 bytes
***********WAITING************

Write the data to file:33554432 bytes
***********WAITING************

Write the data to file:33554432 bytes
***********WAITING************

Write the data to file:33554432 bytes
***********WAITING************

Write the data to file:33554432 bytes
***********WAITING************

Write the data to file:33554432 bytes
***********WAITING************

Write the data to file:33554432 bytes
***********WAITING************

Write the data to file:33554432 bytes
***********WAITING************

Write the data to file:33554432 bytes
***********WAITING************
nr_of_strided_rec: 8
nr_doubles: 65536
nr_of_strided_rec: 8
nr_doubles: 65536
nr_of_strided_rec: 8
nr_doubles: 65536
nr_of_strided_rec: 8
nr_doubles: 65536
nr_of_strided_rec: 8
nr_doubles: 65536
nr_of_strided_rec: 8
nr_doubles: 65536
nr_of_strided_rec: 8
nr_doubles: 65536
nr_of_strided_rec: 8
nr_doubles: 65536
nr_of_strided_rec: 8
nr_doubles: 65536
nr_of_strided_rec: 8
nr_doubles: 65536
nr_of_strided_rec: 8
nr_doubles: 65536
nr_of_strided_rec: 8
nr_doubles: 65536
nr_of_strided_rec: 8
nr_doubles: 65536
nr_of_strided_rec: 8
nr_doubles: 65536
nr_of_strided_rec: 8
nr_doubles: 65536
nr_of_strided_rec: 8
nr_doubles: 65536

Write the data to file:33554432 bytes
***********WAITING************

Write the data to file:33554432 bytes
***********WAITING************

Write the data to file:33554432 bytes
***********WAITING************

Write the data to file:33554432 bytes
***********WAITING************

Write the data to file:33554432 bytes
***********WAITING************

Write the data to file:33554432 bytes
***********WAITING************

Write the data to file:33554432 bytes
***********WAITING************

Write the data to file:33554432 bytes
***********WAITING************

Write the data to file:33554432 bytes
***********WAITING************

Write the data to file:33554432 bytes
***********WAITING************

Write the data to file:33554432 bytes
***********WAITING************

Write the data to file:33554432 bytes
***********WAITING************

Write the data to file:33554432 bytes
***********WAITING************

Write the data to file:33554432 bytes
***********WAITING************

Write the data to file:33554432 bytes
***********WAITING************

Write the data to file:33554432 bytes
***********WAITING************
nr_of_strided_rec: 8
nr_doubles: 65536
nr_of_strided_rec: 8
nr_doubles: 65536
nr_of_strided_rec: 8
nr_doubles: 65536
nr_of_strided_rec: 8
nr_doubles: 65536
nr_of_strided_rec: 8
nr_doubles: 65536
nr_of_strided_rec: 8
nr_doubles: 65536
nr_of_strided_rec: 8
nr_doubles: 65536
nr_of_strided_rec: 8
nr_doubles: 65536
nr_of_strided_rec: 8
nr_doubles: 65536
nr_of_strided_rec: 8
nr_doubles: 65536
nr_of_strided_rec: 8
nr_doubles: 65536
nr_of_strided_rec: 8
nr_doubles: 65536
nr_of_strided_rec: 8
nr_doubles: 65536
nr_of_strided_rec: 8
nr_doubles: 65536
nr_of_strided_rec: 8
nr_doubles: 65536
nr_of_strided_rec: 8
nr_doubles: 65536

Write the data to file:33554432 bytes
***********WAITING************

Write the data to file:33554432 bytes
***********WAITING************

Write the data to file:33554432 bytes
***********WAITING************

Write the data to file:33554432 bytes
***********WAITING************

Write the data to file:33554432 bytes
***********WAITING************

Write the data to file:33554432 bytes
***********WAITING************

Write the data to file:33554432 bytes
***********WAITING************

Write the data to file:33554432 bytes
***********WAITING************

Write the data to file:33554432 bytes
***********WAITING************

Write the data to file:33554432 bytes
***********WAITING************

Write the data to file:33554432 bytes
***********WAITING************

Write the data to file:33554432 bytes
***********WAITING************

Write the data to file:33554432 bytes
***********WAITING************

Write the data to file:33554432 bytes
***********WAITING************

Write the data to file:33554432 bytes
***********WAITING************

Write the data to file:33554432 bytes
***********WAITING************
nr_of_strided_rec: 8
nr_doubles: 65536
nr_of_strided_rec: 8
nr_doubles: 65536
nr_of_strided_rec: 8
nr_doubles: 65536
nr_of_strided_rec: 8
nr_doubles: 65536
nr_of_strided_rec: 8
nr_doubles: 65536
nr_of_strided_rec: 8
nr_doubles: 65536
nr_of_strided_rec: 8
nr_doubles: 65536
nr_of_strided_rec: 8
nr_doubles: 65536
nr_of_strided_rec: 8
nr_doubles: 65536
nr_of_strided_rec: 8
nr_doubles: 65536
nr_of_strided_rec: 8
nr_doubles: 65536
nr_of_strided_rec: 8
nr_doubles: 65536
nr_of_strided_rec: 8
nr_doubles: 65536
nr_of_strided_rec: 8
nr_doubles: 65536
nr_of_strided_rec: 8
nr_doubles: 65536
nr_of_strided_rec: 8
nr_doubles: 65536

Write the data to file:33554432 bytes
***********WAITING************

Write the data to file:33554432 bytes
***********WAITING************

Write the data to file:33554432 bytes
***********WAITING************

Write the data to file:33554432 bytes
***********WAITING************

Write the data to file:33554432 bytes
***********WAITING************

Write the data to file:33554432 bytes
***********WAITING************

Write the data to file:33554432 bytes
***********WAITING************

Write the data to file:33554432 bytes
***********WAITING************

Write the data to file:33554432 bytes
***********WAITING************

Write the data to file:33554432 bytes
***********WAITING************

Write the data to file:33554432 bytes
***********WAITING************

Write the data to file:33554432 bytes
***********WAITING************

Write the data to file:33554432 bytes
***********WAITING************

Write the data to file:33554432 bytes
***********WAITING************

Write the data to file:33554432 bytes
***********WAITING************

Write the data to file:33554432 bytes
***********WAITING************
nr_of_strided_rec: 8
nr_doubles: 65536
nr_of_strided_rec: 8
nr_doubles: 65536
nr_of_strided_rec: 8
nr_doubles: 65536
nr_of_strided_rec: 8
nr_doubles: 65536
nr_of_strided_rec: 8
nr_doubles: 65536
nr_of_strided_rec: 8
nr_doubles: 65536
nr_of_strided_rec: 8
nr_doubles: 65536
nr_of_strided_rec: 8
nr_doubles: 65536
nr_of_strided_rec: 8
nr_doubles: 65536
nr_of_strided_rec: 8
nr_doubles: 65536
nr_of_strided_rec: 8
nr_doubles: 65536
nr_of_strided_rec: 8
nr_doubles: 65536
nr_of_strided_rec: 8
nr_doubles: 65536
nr_of_strided_rec: 8
nr_doubles: 65536
nr_of_strided_rec: 8
nr_doubles: 65536
nr_of_strided_rec: 8
nr_doubles: 65536

Write the data to file:33554432 bytes
***********WAITING************

Write the data to file:33554432 bytes
***********WAITING************

Write the data to file:33554432 bytes
***********WAITING************

Write the data to file:33554432 bytes
***********WAITING************

Write the data to file:33554432 bytes
***********WAITING************

Write the data to file:33554432 bytes
***********WAITING************

Write the data to file:33554432 bytes
***********WAITING************

Write the data to file:33554432 bytes
***********WAITING************

Write the data to file:33554432 bytes
***********WAITING************

Write the data to file:33554432 bytes
***********WAITING************

Write the data to file:33554432 bytes
***********WAITING************

Write the data to file:33554432 bytes
***********WAITING************

Write the data to file:33554432 bytes
***********WAITING************

Write the data to file:33554432 bytes
***********WAITING************

Write the data to file:33554432 bytes
***********WAITING************

Write the data to file:33554432 bytes
***********WAITING************
nr_of_strided_rec: 8
nr_doubles: 65536
nr_of_strided_rec: 8
nr_doubles: 65536
nr_of_strided_rec: 8
nr_doubles: 65536
nr_of_strided_rec: 8
nr_doubles: 65536
nr_of_strided_rec: 8
nr_doubles: 65536
nr_of_strided_rec: 8
nr_doubles: 65536
nr_of_strided_rec: 8
nr_doubles: 65536
nr_of_strided_rec: 8
nr_doubles: 65536
nr_of_strided_rec: 8
nr_doubles: 65536
nr_of_strided_rec: 8
nr_doubles: 65536
nr_of_strided_rec: 8
nr_doubles: 65536
nr_of_strided_rec: 8
nr_doubles: 65536
nr_of_strided_rec: 8
nr_doubles: 65536
nr_of_strided_rec: 8
nr_doubles: 65536
nr_of_strided_rec: 8
nr_doubles: 65536
nr_of_strided_rec: 8
nr_doubles: 65536

Write the data to file:33554432 bytes
***********WAITING************

Write the data to file:33554432 bytes
***********WAITING************

Write the data to file:33554432 bytes
***********WAITING************

Write the data to file:33554432 bytes
***********WAITING************

Write the data to file:33554432 bytes
***********WAITING************

Write the data to file:33554432 bytes
***********WAITING************

Write the data to file:33554432 bytes
***********WAITING************

Write the data to file:33554432 bytes
***********WAITING************

Write the data to file:33554432 bytes
***********WAITING************

Write the data to file:33554432 bytes
***********WAITING************

Write the data to file:33554432 bytes
***********WAITING************

Write the data to file:33554432 bytes
***********WAITING************

Write the data to file:33554432 bytes
***********WAITING************

Write the data to file:33554432 bytes
***********WAITING************

Write the data to file:33554432 bytes
***********WAITING************

Write the data to file:33554432 bytes
***********WAITING************
nr_of_strided_rec: 8
nr_doubles: 65536
nr_of_strided_rec: 8
nr_doubles: 65536
nr_of_strided_rec: 8
nr_doubles: 65536
nr_of_strided_rec: 8
nr_doubles: 65536
nr_of_strided_rec: 8
nr_doubles: 65536
nr_of_strided_rec: 8
nr_doubles: 65536
nr_of_strided_rec: 8
nr_doubles: 65536
nr_of_strided_rec: 8
nr_doubles: 65536
nr_of_strided_rec: 8
nr_doubles: 65536
nr_of_strided_rec: 8
nr_doubles: 65536
nr_of_strided_rec: 8
nr_doubles: 65536
nr_of_strided_rec: 8
nr_doubles: 65536
nr_of_strided_rec: 8
nr_doubles: 65536
nr_of_strided_rec: 8
nr_doubles: 65536
nr_of_strided_rec: 8
nr_doubles: 65536
nr_of_strided_rec: 8
nr_doubles: 65536

Write the data to file:33554432 bytes
***********WAITING************

Write the data to file:33554432 bytes
***********WAITING************

Write the data to file:33554432 bytes
***********WAITING************

Write the data to file:33554432 bytes
***********WAITING************

Write the data to file:33554432 bytes
***********WAITING************

Write the data to file:33554432 bytes
***********WAITING************

Write the data to file:33554432 bytes
***********WAITING************

Write the data to file:33554432 bytes
***********WAITING************

Write the data to file:33554432 bytes
***********WAITING************

Write the data to file:33554432 bytes
***********WAITING************

Write the data to file:33554432 bytes
***********WAITING************

Write the data to file:33554432 bytes
***********WAITING************

Write the data to file:33554432 bytes
***********WAITING************

Write the data to file:33554432 bytes
***********WAITING************

Write the data to file:33554432 bytes
***********WAITING************

Write the data to file:33554432 bytes
***********WAITING************
nr_of_strided_rec: 8
nr_doubles: 65536
nr_of_strided_rec: 8
nr_doubles: 65536
nr_of_strided_rec: 8
nr_doubles: 65536
nr_of_strided_rec: 8
nr_doubles: 65536
nr_of_strided_rec: 8
nr_doubles: 65536
nr_of_strided_rec: 8
nr_doubles: 65536
nr_of_strided_rec: 8
nr_doubles: 65536
nr_of_strided_rec: 8
nr_doubles: 65536
nr_of_strided_rec: 8
nr_doubles: 65536
nr_of_strided_rec: 8
nr_doubles: 65536
nr_of_strided_rec: 8
nr_doubles: 65536
nr_of_strided_rec: 8
nr_doubles: 65536
nr_of_strided_rec: 8
nr_doubles: 65536
nr_of_strided_rec: 8
nr_doubles: 65536
nr_of_strided_rec: 8
nr_doubles: 65536
nr_of_strided_rec: 8
nr_doubles: 65536

Write the data to file:33554432 bytes
***********WAITING************

Write the data to file:33554432 bytes
***********WAITING************

Write the data to file:33554432 bytes
***********WAITING************

Write the data to file:33554432 bytes
***********WAITING************

Write the data to file:33554432 bytes
***********WAITING************

Write the data to file:33554432 bytes
***********WAITING************

Write the data to file:33554432 bytes
***********WAITING************

Write the data to file:33554432 bytes
***********WAITING************

Write the data to file:33554432 bytes
***********WAITING************

Write the data to file:33554432 bytes
***********WAITING************

Write the data to file:33554432 bytes
***********WAITING************

Write the data to file:33554432 bytes
***********WAITING************

Write the data to file:33554432 bytes
***********WAITING************

Write the data to file:33554432 bytes
***********WAITING************

Write the data to file:33554432 bytes
***********WAITING************

Write the data to file:33554432 bytes
***********WAITING************
nr_of_strided_rec: 8
nr_doubles: 65536
nr_of_strided_rec: 8
nr_doubles: 65536
nr_of_strided_rec: 8
nr_doubles: 65536
nr_of_strided_rec: 8
nr_doubles: 65536
nr_of_strided_rec: 8
nr_doubles: 65536
nr_of_strided_rec: 8
nr_doubles: 65536
nr_of_strided_rec: 8
nr_doubles: 65536
nr_of_strided_rec: 8
nr_doubles: 65536
nr_of_strided_rec: 8
nr_doubles: 65536
nr_of_strided_rec: 8
nr_doubles: 65536
nr_of_strided_rec: 8
nr_doubles: 65536
nr_of_strided_rec: 8
nr_doubles: 65536
nr_of_strided_rec: 8
nr_doubles: 65536
nr_of_strided_rec: 8
nr_doubles: 65536
nr_of_strided_rec: 8
nr_doubles: 65536
nr_of_strided_rec: 8
nr_doubles: 65536

Write the data to file:33554432 bytes
***********WAITING************

Write the data to file:33554432 bytes
***********WAITING************

Write the data to file:33554432 bytes
***********WAITING************

Write the data to file:33554432 bytes
***********WAITING************

Write the data to file:33554432 bytes
***********WAITING************

Write the data to file:33554432 bytes
***********WAITING************

Write the data to file:33554432 bytes
***********WAITING************

Write the data to file:33554432 bytes
***********WAITING************

Write the data to file:33554432 bytes
***********WAITING************

Write the data to file:33554432 bytes
***********WAITING************

Write the data to file:33554432 bytes
***********WAITING************

Write the data to file:33554432 bytes
***********WAITING************

Write the data to file:33554432 bytes
***********WAITING************

Write the data to file:33554432 bytes
***********WAITING************

Write the data to file:33554432 bytes
***********WAITING************

Write the data to file:33554432 bytes
***********WAITING************
nr_of_strided_rec: 8
nr_doubles: 65536
nr_of_strided_rec: 8
nr_doubles: 65536
nr_of_strided_rec: 8
nr_doubles: 65536
nr_of_strided_rec: 8
nr_doubles: 65536
nr_of_strided_rec: 8
nr_doubles: 65536
nr_of_strided_rec: 8
nr_doubles: 65536
nr_of_strided_rec: 8
nr_doubles: 65536
nr_of_strided_rec: 8
nr_doubles: 65536
nr_of_strided_rec: 8
nr_doubles: 65536
nr_of_strided_rec: 8
nr_doubles: 65536
nr_of_strided_rec: 8
nr_doubles: 65536
nr_of_strided_rec: 8
nr_doubles: 65536
nr_of_strided_rec: 8
nr_doubles: 65536
nr_of_strided_rec: 8
nr_doubles: 65536
nr_of_strided_rec: 8
nr_doubles: 65536
nr_of_strided_rec: 8
nr_doubles: 65536

Write the data to file:33554432 bytes
***********WAITING************

Write the data to file:33554432 bytes
***********WAITING************

Write the data to file:33554432 bytes
***********WAITING************

Write the data to file:33554432 bytes
***********WAITING************

Write the data to file:33554432 bytes
***********WAITING************

Write the data to file:33554432 bytes
***********WAITING************

Write the data to file:33554432 bytes
***********WAITING************

Write the data to file:33554432 bytes
***********WAITING************

Write the data to file:33554432 bytes
***********WAITING************

Write the data to file:33554432 bytes
***********WAITING************

Write the data to file:33554432 bytes
***********WAITING************

Write the data to file:33554432 bytes
***********WAITING************

Write the data to file:33554432 bytes
***********WAITING************

Write the data to file:33554432 bytes
***********WAITING************

Write the data to file:33554432 bytes
***********WAITING************

Write the data to file:33554432 bytes
***********WAITING************
nr_of_strided_rec: 8
nr_doubles: 65536
nr_of_strided_rec: 8
nr_doubles: 65536
nr_of_strided_rec: 8
nr_doubles: 65536
nr_of_strided_rec: 8
nr_doubles: 65536
nr_of_strided_rec: 8
nr_doubles: 65536
nr_of_strided_rec: 8
nr_doubles: 65536
nr_of_strided_rec: 8
nr_doubles: 65536
nr_of_strided_rec: 8
nr_doubles: 65536
nr_of_strided_rec: 8
nr_doubles: 65536
nr_of_strided_rec: 8
nr_doubles: 65536
nr_of_strided_rec: 8
nr_doubles: 65536
nr_of_strided_rec: 8
nr_doubles: 65536
nr_of_strided_rec: 8
nr_doubles: 65536
nr_of_strided_rec: 8
nr_doubles: 65536
nr_of_strided_rec: 8
nr_doubles: 65536
nr_of_strided_rec: 8
nr_doubles: 65536

Write the data to file:33554432 bytes
***********WAITING************

Write the data to file:33554432 bytes
***********WAITING************

Write the data to file:33554432 bytes
***********WAITING************

Write the data to file:33554432 bytes
***********WAITING************

Write the data to file:33554432 bytes
***********WAITING************

Write the data to file:33554432 bytes
***********WAITING************

Write the data to file:33554432 bytes
***********WAITING************

Write the data to file:33554432 bytes
***********WAITING************

Write the data to file:33554432 bytes
***********WAITING************

Write the data to file:33554432 bytes
***********WAITING************

Write the data to file:33554432 bytes
***********WAITING************

Write the data to file:33554432 bytes
***********WAITING************

Write the data to file:33554432 bytes
***********WAITING************

Write the data to file:33554432 bytes
***********WAITING************

Write the data to file:33554432 bytes
***********WAITING************

Write the data to file:33554432 bytes
***********WAITING************
nr_of_strided_rec: 8
nr_doubles: 65536
nr_of_strided_rec: 8
nr_doubles: 65536
nr_of_strided_rec: 8
nr_doubles: 65536
nr_of_strided_rec: 8
nr_doubles: 65536
nr_of_strided_rec: 8
nr_doubles: 65536
nr_of_strided_rec: 8
nr_doubles: 65536
nr_of_strided_rec: 8
nr_doubles: 65536
nr_of_strided_rec: 8
nr_doubles: 65536
nr_of_strided_rec: 8
nr_doubles: 65536
nr_of_strided_rec: 8
nr_doubles: 65536
nr_of_strided_rec: 8
nr_doubles: 65536
nr_of_strided_rec: 8
nr_doubles: 65536
nr_of_strided_rec: 8
nr_doubles: 65536
nr_of_strided_rec: 8
nr_doubles: 65536
nr_of_strided_rec: 8
nr_doubles: 65536
nr_of_strided_rec: 8
nr_doubles: 65536

Write the data to file:33554432 bytes
***********WAITING************

Write the data to file:33554432 bytes
***********WAITING************

Write the data to file:33554432 bytes
***********WAITING************

Write the data to file:33554432 bytes
***********WAITING************

Write the data to file:33554432 bytes
***********WAITING************

Write the data to file:33554432 bytes
***********WAITING************

Write the data to file:33554432 bytes
***********WAITING************

Write the data to file:33554432 bytes
***********WAITING************

Write the data to file:33554432 bytes
***********WAITING************

Write the data to file:33554432 bytes
***********WAITING************

Write the data to file:33554432 bytes
***********WAITING************

Write the data to file:33554432 bytes
***********WAITING************

Write the data to file:33554432 bytes
***********WAITING************

Write the data to file:33554432 bytes
***********WAITING************

Write the data to file:33554432 bytes
***********WAITING************

Write the data to file:33554432 bytes
***********WAITING************
nr_of_strided_rec: 8
nr_doubles: 65536
nr_of_strided_rec: 8
nr_doubles: 65536
nr_of_strided_rec: 8
nr_doubles: 65536
nr_of_strided_rec: 8
nr_doubles: 65536
nr_of_strided_rec: 8
nr_doubles: 65536
nr_of_strided_rec: 8
nr_doubles: 65536
nr_of_strided_rec: 8
nr_doubles: 65536
nr_of_strided_rec: 8
nr_doubles: 65536
nr_of_strided_rec: 8
nr_doubles: 65536
nr_of_strided_rec: 8
nr_doubles: 65536
nr_of_strided_rec: 8
nr_doubles: 65536
nr_of_strided_rec: 8
nr_doubles: 65536
nr_of_strided_rec: 8
nr_doubles: 65536
nr_of_strided_rec: 8
nr_doubles: 65536
nr_of_strided_rec: 8
nr_doubles: 65536
nr_of_strided_rec: 8
nr_doubles: 65536

Write the data to file:33554432 bytes
***********WAITING************

Write the data to file:33554432 bytes
***********WAITING************

Write the data to file:33554432 bytes
***********WAITING************

Write the data to file:33554432 bytes
***********WAITING************

Write the data to file:33554432 bytes
***********WAITING************

Write the data to file:33554432 bytes
***********WAITING************

Write the data to file:33554432 bytes
***********WAITING************

Write the data to file:33554432 bytes
***********WAITING************

Write the data to file:33554432 bytes
***********WAITING************

Write the data to file:33554432 bytes
***********WAITING************

Write the data to file:33554432 bytes
***********WAITING************

Write the data to file:33554432 bytes
***********WAITING************

Write the data to file:33554432 bytes
***********WAITING************

Write the data to file:33554432 bytes
***********WAITING************

Write the data to file:33554432 bytes
***********WAITING************

Write the data to file:33554432 bytes
***********WAITING************
nr_of_strided_rec: 8
nr_doubles: 65536
nr_of_strided_rec: 8
nr_doubles: 65536
nr_of_strided_rec: 8
nr_doubles: 65536
nr_of_strided_rec: 8
nr_doubles: 65536
nr_of_strided_rec: 8
nr_doubles: 65536
nr_of_strided_rec: 8
nr_doubles: 65536
nr_of_strided_rec: 8
nr_doubles: 65536
nr_of_strided_rec: 8
nr_doubles: 65536
nr_of_strided_rec: 8
nr_doubles: 65536
nr_of_strided_rec: 8
nr_doubles: 65536
nr_of_strided_rec: 8
nr_doubles: 65536
nr_of_strided_rec: 8
nr_doubles: 65536
nr_of_strided_rec: 8
nr_doubles: 65536
nr_of_strided_rec: 8
nr_doubles: 65536
nr_of_strided_rec: 8
nr_doubles: 65536
nr_of_strided_rec: 8
nr_doubles: 65536

Write the data to file:33554432 bytes
***********WAITING************

Write the data to file:33554432 bytes
***********WAITING************

Write the data to file:33554432 bytes
***********WAITING************

Write the data to file:33554432 bytes
***********WAITING************

Write the data to file:33554432 bytes
***********WAITING************

Write the data to file:33554432 bytes
***********WAITING************

Write the data to file:33554432 bytes
***********WAITING************

Write the data to file:33554432 bytes
***********WAITING************

Write the data to file:33554432 bytes
***********WAITING************

Write the data to file:33554432 bytes
***********WAITING************

Write the data to file:33554432 bytes
***********WAITING************

Write the data to file:33554432 bytes
***********WAITING************

Write the data to file:33554432 bytes
***********WAITING************

Write the data to file:33554432 bytes
***********WAITING************

Write the data to file:33554432 bytes
***********WAITING************

Write the data to file:33554432 bytes
***********WAITING************
nr_of_strided_rec: 8
nr_doubles: 65536
nr_of_strided_rec: 8
nr_doubles: 65536
nr_of_strided_rec: 8
nr_doubles: 65536
nr_of_strided_rec: 8
nr_doubles: 65536
nr_of_strided_rec: 8
nr_doubles: 65536
nr_of_strided_rec: 8
nr_doubles: 65536
nr_of_strided_rec: 8
nr_doubles: 65536
nr_of_strided_rec: 8
nr_doubles: 65536
nr_of_strided_rec: 8
nr_doubles: 65536
nr_of_strided_rec: 8
nr_doubles: 65536
nr_of_strided_rec: 8
nr_doubles: 65536
nr_of_strided_rec: 8
nr_doubles: 65536
nr_of_strided_rec: 8
nr_doubles: 65536
nr_of_strided_rec: 8
nr_doubles: 65536
nr_of_strided_rec: 8
nr_doubles: 65536
nr_of_strided_rec: 8
nr_doubles: 65536

Write the data to file:33554432 bytes
***********WAITING************

Write the data to file:33554432 bytes
***********WAITING************

Write the data to file:33554432 bytes
***********WAITING************

Write the data to file:33554432 bytes
***********WAITING************

Write the data to file:33554432 bytes
***********WAITING************

Write the data to file:33554432 bytes
***********WAITING************

Write the data to file:33554432 bytes
***********WAITING************

Write the data to file:33554432 bytes
***********WAITING************

Write the data to file:33554432 bytes
***********WAITING************

Write the data to file:33554432 bytes
***********WAITING************

Write the data to file:33554432 bytes
***********WAITING************

Write the data to file:33554432 bytes
***********WAITING************

Write the data to file:33554432 bytes
***********WAITING************

Write the data to file:33554432 bytes
***********WAITING************

Write the data to file:33554432 bytes
***********WAITING************

Write the data to file:33554432 bytes
***********WAITING************
nr_of_strided_rec: 8
nr_doubles: 65536
nr_of_strided_rec: 8
nr_doubles: 65536
nr_of_strided_rec: 8
nr_doubles: 65536
nr_of_strided_rec: 8
nr_doubles: 65536
nr_of_strided_rec: 8
nr_doubles: 65536
nr_of_strided_rec: 8
nr_doubles: 65536
nr_of_strided_rec: 8
nr_doubles: 65536
nr_of_strided_rec: 8
nr_doubles: 65536
nr_of_strided_rec: 8
nr_doubles: 65536
nr_of_strided_rec: 8
nr_doubles: 65536
nr_of_strided_rec: 8
nr_doubles: 65536
nr_of_strided_rec: 8
nr_doubles: 65536
nr_of_strided_rec: 8
nr_doubles: 65536
nr_of_strided_rec: 8
nr_doubles: 65536
nr_of_strided_rec: 8
nr_doubles: 65536
nr_of_strided_rec: 8
nr_doubles: 65536

Write the data to file:33554432 bytes
***********WAITING************

Write the data to file:33554432 bytes
***********WAITING************

Write the data to file:33554432 bytes
***********WAITING************

Write the data to file:33554432 bytes
***********WAITING************

Write the data to file:33554432 bytes
***********WAITING************

Write the data to file:33554432 bytes
***********WAITING************

Write the data to file:33554432 bytes
***********WAITING************

Write the data to file:33554432 bytes
***********WAITING************

Write the data to file:33554432 bytes
***********WAITING************

Write the data to file:33554432 bytes
***********WAITING************

Write the data to file:33554432 bytes
***********WAITING************

Write the data to file:33554432 bytes
***********WAITING************

Write the data to file:33554432 bytes
***********WAITING************

Write the data to file:33554432 bytes
***********WAITING************

Write the data to file:33554432 bytes
***********WAITING************

Write the data to file:33554432 bytes
***********WAITING************
nr_of_strided_rec: 8
nr_doubles: 65536
nr_of_strided_rec: 8
nr_doubles: 65536
nr_of_strided_rec: 8
nr_doubles: 65536
nr_of_strided_rec: 8
nr_doubles: 65536
nr_of_strided_rec: 8
nr_doubles: 65536
nr_of_strided_rec: 8
nr_doubles: 65536
nr_of_strided_rec: 8
nr_doubles: 65536
nr_of_strided_rec: 8
nr_doubles: 65536
nr_of_strided_rec: 8
nr_doubles: 65536
nr_of_strided_rec: 8
nr_doubles: 65536
nr_of_strided_rec: 8
nr_doubles: 65536
nr_of_strided_rec: 8
nr_doubles: 65536
nr_of_strided_rec: 8
nr_doubles: 65536
nr_of_strided_rec: 8
nr_doubles: 65536
nr_of_strided_rec: 8
nr_doubles: 65536
nr_of_strided_rec: 8
nr_doubles: 65536

Write the data to file:33554432 bytes
***********WAITING************

Write the data to file:33554432 bytes
***********WAITING************

Write the data to file:33554432 bytes
***********WAITING************

Write the data to file:33554432 bytes
***********WAITING************

Write the data to file:33554432 bytes
***********WAITING************

Write the data to file:33554432 bytes
***********WAITING************

Write the data to file:33554432 bytes
***********WAITING************

Write the data to file:33554432 bytes
***********WAITING************

Write the data to file:33554432 bytes
***********WAITING************

Write the data to file:33554432 bytes
***********WAITING************

Write the data to file:33554432 bytes
***********WAITING************

Write the data to file:33554432 bytes
***********WAITING************

Write the data to file:33554432 bytes
***********WAITING************

Write the data to file:33554432 bytes
***********WAITING************

Write the data to file:33554432 bytes
***********WAITING************

Write the data to file:33554432 bytes
***********WAITING************
nr_of_strided_rec: 8
nr_doubles: 65536
nr_of_strided_rec: 8
nr_doubles: 65536
nr_of_strided_rec: 8
nr_doubles: 65536
nr_of_strided_rec: 8
nr_doubles: 65536
nr_of_strided_rec: 8
nr_doubles: 65536
nr_of_strided_rec: 8
nr_doubles: 65536
nr_of_strided_rec: 8
nr_doubles: 65536
nr_of_strided_rec: 8
nr_doubles: 65536
nr_of_strided_rec: 8
nr_doubles: 65536
nr_of_strided_rec: 8
nr_doubles: 65536
nr_of_strided_rec: 8
nr_doubles: 65536
nr_of_strided_rec: 8
nr_doubles: 65536
nr_of_strided_rec: 8
nr_doubles: 65536
nr_of_strided_rec: 8
nr_doubles: 65536
nr_of_strided_rec: 8
nr_doubles: 65536
nr_of_strided_rec: 8
nr_doubles: 65536

Write the data to file:33554432 bytes
***********WAITING************

Write the data to file:33554432 bytes
***********WAITING************

Write the data to file:33554432 bytes
***********WAITING************

Write the data to file:33554432 bytes
***********WAITING************

Write the data to file:33554432 bytes
***********WAITING************

Write the data to file:33554432 bytes
***********WAITING************

Write the data to file:33554432 bytes
***********WAITING************

Write the data to file:33554432 bytes
***********WAITING************

Write the data to file:33554432 bytes
***********WAITING************

Write the data to file:33554432 bytes
***********WAITING************

Write the data to file:33554432 bytes
***********WAITING************

Write the data to file:33554432 bytes
***********WAITING************

Write the data to file:33554432 bytes
***********WAITING************

Write the data to file:33554432 bytes
***********WAITING************

Write the data to file:33554432 bytes
***********WAITING************

Write the data to file:33554432 bytes
***********WAITING************
nr_of_strided_rec: 8
nr_doubles: 65536
nr_of_strided_rec: 8
nr_doubles: 65536
nr_of_strided_rec: 8
nr_doubles: 65536
nr_of_strided_rec: 8
nr_doubles: 65536
nr_of_strided_rec: 8
nr_doubles: 65536
nr_of_strided_rec: 8
nr_doubles: 65536
nr_of_strided_rec: 8
nr_doubles: 65536
nr_of_strided_rec: 8
nr_doubles: 65536
nr_of_strided_rec: 8
nr_doubles: 65536
nr_of_strided_rec: 8
nr_doubles: 65536
nr_of_strided_rec: 8
nr_doubles: 65536
nr_of_strided_rec: 8
nr_doubles: 65536
nr_of_strided_rec: 8
nr_doubles: 65536
nr_of_strided_rec: 8
nr_doubles: 65536
nr_of_strided_rec: 8
nr_doubles: 65536
nr_of_strided_rec: 8
nr_doubles: 65536

Write the data to file:33554432 bytes
***********WAITING************

Write the data to file:33554432 bytes
***********WAITING************

Write the data to file:33554432 bytes
***********WAITING************

Write the data to file:33554432 bytes
***********WAITING************

Write the data to file:33554432 bytes
***********WAITING************

Write the data to file:33554432 bytes
***********WAITING************

Write the data to file:33554432 bytes
***********WAITING************

Write the data to file:33554432 bytes
***********WAITING************

Write the data to file:33554432 bytes
***********WAITING************

Write the data to file:33554432 bytes
***********WAITING************

Write the data to file:33554432 bytes
***********WAITING************

Write the data to file:33554432 bytes
***********WAITING************

Write the data to file:33554432 bytes
***********WAITING************

Write the data to file:33554432 bytes
***********WAITING************

Write the data to file:33554432 bytes
***********WAITING************

Write the data to file:33554432 bytes
***********WAITING************

Write the data to file:33554432 bytes
***********WAITING************

Write the data to file:33554432 bytes
***********WAITING************

Write the data to file:33554432 bytes
***********WAITING************

Write the data to file:33554432 bytes
***********WAITING************

Write the data to file:33554432 bytes
***********WAITING************

Write the data to file:33554432 bytes
***********WAITING************

Write the data to file:33554432 bytes
***********WAITING************

Write the data to file:33554432 bytes
***********WAITING************

Write the data to file:33554432 bytes
***********WAITING************

Write the data to file:33554432 bytes
***********WAITING************

Write the data to file:33554432 bytes
***********WAITING************

Write the data to file:33554432 bytes
***********WAITING************

Write the data to file:33554432 bytes
***********WAITING************

Write the data to file:33554432 bytes
***********WAITING************

Write the data to file:33554432 bytes
***********WAITING************

Write the data to file:33554432 bytes
***********WAITING************
W_cc         1.73   [      1.73:      1.74]
W_r         50.93   [     50.93:     50.93]
W_w         27.72   [     27.72:     27.72]
          -------
W_total     80.39   [     80.38:     80.39]

calc_W done
calc_W done
calc_W done
calc_W done
calc_W done
calc_W done
calc_W done
calc_W done
nr_of_strided_rec: 8
nr_doubles: 65536
calc_W done
nr_of_strided_rec: 8
nr_doubles: 65536
calc_W done
nr_of_strided_rec: 8
nr_doubles: 65536
calc_W done
nr_of_strided_rec: 8
nr_doubles: 65536
calc_W done
nr_of_strided_rec: 8
nr_doubles: 65536
calc_W done
nr_of_strided_rec: 8
nr_doubles: 65536
calc_W done
nr_of_strided_rec: 8
nr_doubles: 65536
calc_W done
nr_of_strided_rec: 8
nr_doubles: 65536
calc_W done
nr_of_strided_rec: 8
nr_doubles: 65536
nr_of_strided_rec: 8
nr_doubles: 65536
nr_of_strided_rec: 8
nr_doubles: 65536
nr_of_strided_rec: 8
nr_doubles: 65536
nr_of_strided_rec: 8
nr_doubles: 65536
nr_of_strided_rec: 8
nr_doubles: 65536
nr_of_strided_rec: 8
nr_doubles: 65536
nr_of_strided_rec: 8
nr_doubles: 65536
nr_of_strided_rec: 8
nr_doubles: 65536
nr_of_strided_rec: 8
nr_doubles: 65536
nr_of_strided_rec: 8
nr_doubles: 65536
nr_of_strided_rec: 8
nr_doubles: 65536
nr_of_strided_rec: 8
nr_doubles: 65536
nr_of_strided_rec: 8
nr_doubles: 65536
nr_of_strided_rec: 8
nr_doubles: 65536
nr_of_strided_rec: 8
nr_doubles: 65536
nr_of_strided_rec: 8
nr_doubles: 65536
nr_of_strided_rec: 8
nr_doubles: 65536
nr_of_strided_rec: 8
nr_doubles: 65536
nr_of_strided_rec: 8
nr_doubles: 65536
nr_of_strided_rec: 8
nr_doubles: 65536
nr_of_strided_rec: 8
nr_doubles: 65536
nr_of_strided_rec: 8
nr_doubles: 65536
nr_of_strided_rec: 8
nr_doubles: 65536
nr_of_strided_rec: 8
nr_doubles: 65536
nr_of_strided_rec: 8
nr_doubles: 65536
nr_of_strided_rec: 8
nr_doubles: 65536
nr_of_strided_rec: 8
nr_doubles: 65536
nr_of_strided_rec: 8
nr_doubles: 65536
nr_of_strided_rec: 8
nr_doubles: 65536
nr_of_strided_rec: 8
nr_doubles: 65536
nr_of_strided_rec: 8
nr_doubles: 65536
nr_of_strided_rec: 8
nr_doubles: 65536
nr_of_strided_rec: 8
nr_doubles: 65536
nr_of_strided_rec: 8
nr_doubles: 65536
nr_of_strided_rec: 8
nr_doubles: 65536
nr_of_strided_rec: 8
nr_doubles: 65536
nr_of_strided_rec: 8
nr_doubles: 65536
nr_of_strided_rec: 8
nr_doubles: 65536
nr_of_strided_rec: 8
nr_doubles: 65536
nr_of_strided_rec: 8
nr_doubles: 65536
nr_of_strided_rec: 8
nr_doubles: 65536
nr_of_strided_rec: 8
nr_doubles: 65536
nr_of_strided_rec: 8
nr_doubles: 65536
nr_of_strided_rec: 8
nr_doubles: 65536
nr_of_strided_rec: 8
nr_doubles: 65536
nr_of_strided_rec: 8
nr_doubles: 65536
nr_of_strided_rec: 8
nr_doubles: 65536
nr_of_strided_rec: 8
nr_doubles: 65536
nr_of_strided_rec: 8
nr_doubles: 65536
nr_of_strided_rec: 8
nr_doubles: 65536
nr_of_strided_rec: 8
nr_doubles: 65536
nr_of_strided_rec: 8
nr_doubles: 65536
nr_of_strided_rec: 8
nr_doubles: 65536
nr_of_strided_rec: 8
nr_doubles: 65536
nr_of_strided_rec: 8
nr_doubles: 65536
nr_of_strided_rec: 8
nr_doubles: 65536
nr_of_strided_rec: 8
nr_doubles: 65536
nr_of_strided_rec: 8
nr_doubles: 65536
nr_of_strided_rec: 8
nr_doubles: 65536
nr_of_strided_rec: 8
nr_doubles: 65536
nr_of_strided_rec: 8
nr_doubles: 65536
nr_of_strided_rec: 8
nr_doubles: 65536
nr_of_strided_rec: 8
nr_doubles: 65536
nr_of_strided_rec: 8
nr_doubles: 65536
nr_of_strided_rec: 8
nr_doubles: 65536
nr_of_strided_rec: 8
nr_doubles: 65536
nr_of_strided_rec: 8
nr_doubles: 65536
nr_of_strided_rec: 8
nr_doubles: 65536
nr_of_strided_rec: 8
nr_doubles: 65536
nr_of_strided_rec: 8
nr_doubles: 65536
nr_of_strided_rec: 8
nr_doubles: 65536
nr_of_strided_rec: 8
nr_doubles: 65536
nr_of_strided_rec: 8
nr_doubles: 65536
nr_of_strided_rec: 8
nr_doubles: 65536
nr_of_strided_rec: 8
nr_doubles: 65536
nr_of_strided_rec: 8
nr_doubles: 65536
nr_of_strided_rec: 8
nr_doubles: 65536
nr_of_strided_rec: 8
nr_doubles: 65536
nr_of_strided_rec: 8
nr_doubles: 65536
nr_of_strided_rec: 8
nr_doubles: 65536
nr_of_strided_rec: 8
nr_doubles: 65536
nr_of_strided_rec: 8
nr_doubles: 65536
nr_of_strided_rec: 8
nr_doubles: 65536
nr_of_strided_rec: 8
nr_doubles: 65536
nr_of_strided_rec: 8
nr_doubles: 65536
nr_of_strided_rec: 8
nr_doubles: 65536
nr_of_strided_rec: 8
nr_doubles: 65536
nr_of_strided_rec: 8
nr_doubles: 65536
nr_of_strided_rec: 8
nr_doubles: 65536
nr_of_strided_rec: 8
nr_doubles: 65536
nr_of_strided_rec: 8
nr_doubles: 65536
nr_of_strided_rec: 8
nr_doubles: 65536
nr_of_strided_rec: 8
nr_doubles: 65536
nr_of_strided_rec: 8
nr_doubles: 65536
nr_of_strided_rec: 8
nr_doubles: 65536
nr_of_strided_rec: 8
nr_doubles: 65536
nr_of_strided_rec: 8
nr_doubles: 65536
nr_of_strided_rec: 8
nr_doubles: 65536
nr_of_strided_rec: 8
nr_doubles: 65536
nr_of_strided_rec: 8
nr_doubles: 65536
nr_of_strided_rec: 8
nr_doubles: 65536
nr_of_strided_rec: 8
nr_doubles: 65536
nr_of_strided_rec: 8
nr_doubles: 65536
nr_of_strided_rec: 8
nr_doubles: 65536
nr_of_strided_rec: 8
nr_doubles: 65536
nr_of_strided_rec: 8
nr_doubles: 65536
nr_of_strided_rec: 8
nr_doubles: 65536
nr_of_strided_rec: 8
nr_doubles: 65536
nr_of_strided_rec: 8
nr_doubles: 65536
nr_of_strided_rec: 8
nr_doubles: 65536
nr_of_strided_rec: 8
nr_doubles: 65536
nr_of_strided_rec: 8
nr_doubles: 65536
nr_of_strided_rec: 8
nr_doubles: 65536
nr_of_strided_rec: 8
nr_doubles: 65536
nr_of_strided_rec: 8
nr_doubles: 65536
nr_of_strided_rec: 8
nr_doubles: 65536
nr_of_strided_rec: 8
nr_doubles: 65536
nr_of_strided_rec: 8
nr_doubles: 65536
nr_of_strided_rec: 8
nr_doubles: 65536
nr_of_strided_rec: 8
nr_doubles: 65536
nr_of_strided_rec: 8
nr_doubles: 65536
nr_of_strided_rec: 8
nr_doubles: 65536
nr_of_strided_rec: 8
nr_doubles: 65536
nr_of_strided_rec: 8
nr_doubles: 65536
nr_of_strided_rec: 8
nr_doubles: 65536
nr_of_strided_rec: 8
nr_doubles: 65536
nr_of_strided_rec: 8
nr_doubles: 65536
nr_of_strided_rec: 8
nr_doubles: 65536
nr_of_strided_rec: 8
nr_doubles: 65536
nr_of_strided_rec: 8
nr_doubles: 65536
nr_of_strided_rec: 8
nr_doubles: 65536
nr_of_strided_rec: 8
nr_doubles: 65536
nr_of_strided_rec: 8
nr_doubles: 65536
nr_of_strided_rec: 8
nr_doubles: 65536
nr_of_strided_rec: 8
nr_doubles: 65536
nr_of_strided_rec: 8
nr_doubles: 65536
nr_of_strided_rec: 8
nr_doubles: 65536
nr_of_strided_rec: 8
nr_doubles: 65536
nr_of_strided_rec: 8
nr_doubles: 65536
nr_of_strided_rec: 8
nr_doubles: 65536
nr_of_strided_rec: 8
nr_doubles: 65536
nr_of_strided_rec: 8
nr_doubles: 65536
nr_of_strided_rec: 8
nr_doubles: 65536
nr_of_strided_rec: 8
nr_doubles: 65536
nr_of_strided_rec: 8
nr_doubles: 65536
nr_of_strided_rec: 8
nr_doubles: 65536
nr_of_strided_rec: 8
nr_doubles: 65536
nr_of_strided_rec: 8
nr_doubles: 65536
nr_of_strided_rec: 8
nr_doubles: 65536
nr_of_strided_rec: 8
nr_doubles: 65536
nr_of_strided_rec: 8
nr_doubles: 65536
nr_of_strided_rec: 8
nr_doubles: 65536
nr_of_strided_rec: 8
nr_doubles: 65536
nr_of_strided_rec: 8
nr_doubles: 65536
nr_of_strided_rec: 8
nr_doubles: 65536
nr_of_strided_rec: 8
nr_doubles: 65536
nr_of_strided_rec: 8
nr_doubles: 65536
nr_of_strided_rec: 8
nr_doubles: 65536
nr_of_strided_rec: 8
nr_doubles: 65536
nr_of_strided_rec: 8
nr_doubles: 65536
nr_of_strided_rec: 8
nr_doubles: 65536
nr_of_strided_rec: 8
nr_doubles: 65536
nr_of_strided_rec: 8
nr_doubles: 65536
nr_of_strided_rec: 8
nr_doubles: 65536
nr_of_strided_rec: 8
nr_doubles: 65536
nr_of_strided_rec: 8
nr_doubles: 65536
nr_of_strided_rec: 8
nr_doubles: 65536
nr_of_strided_rec: 8
nr_doubles: 65536
nr_of_strided_rec: 8
nr_doubles: 65536
nr_of_strided_rec: 8
nr_doubles: 65536
nr_of_strided_rec: 8
nr_doubles: 65536
nr_of_strided_rec: 8
nr_doubles: 65536
nr_of_strided_rec: 8
nr_doubles: 65536
nr_of_strided_rec: 8
nr_doubles: 65536
nr_of_strided_rec: 8
nr_doubles: 65536
nr_of_strided_rec: 8
nr_doubles: 65536
nr_of_strided_rec: 8
nr_doubles: 65536
nr_of_strided_rec: 8
nr_doubles: 65536
nr_of_strided_rec: 8
nr_doubles: 65536
nr_of_strided_rec: 8
nr_doubles: 65536
nr_of_strided_rec: 8
nr_doubles: 65536
nr_of_strided_rec: 8
nr_doubles: 65536
nr_of_strided_rec: 8
nr_doubles: 65536
nr_of_strided_rec: 8
nr_doubles: 65536
nr_of_strided_rec: 8
nr_doubles: 65536
nr_of_strided_rec: 8
nr_doubles: 65536
nr_of_strided_rec: 8
nr_doubles: 65536
nr_of_strided_rec: 8
nr_doubles: 65536
nr_of_strided_rec: 8
nr_doubles: 65536
nr_of_strided_rec: 8
nr_doubles: 65536
nr_of_strided_rec: 8
nr_doubles: 65536
nr_of_strided_rec: 8
nr_doubles: 65536
nr_of_strided_rec: 8
nr_doubles: 65536
nr_of_strided_rec: 8
nr_doubles: 65536
nr_of_strided_rec: 8
nr_doubles: 65536
nr_of_strided_rec: 8
nr_doubles: 65536
nr_of_strided_rec: 8
nr_doubles: 65536
nr_of_strided_rec: 8
nr_doubles: 65536
nr_of_strided_rec: 8
nr_doubles: 65536
nr_of_strided_rec: 8
nr_doubles: 65536
nr_of_strided_rec: 8
nr_doubles: 65536
nr_of_strided_rec: 8
nr_doubles: 65536
nr_of_strided_rec: 8
nr_doubles: 65536
nr_of_strided_rec: 8
nr_doubles: 65536
nr_of_strided_rec: 8
nr_doubles: 65536
nr_of_strided_rec: 8
nr_doubles: 65536
nr_of_strided_rec: 8
nr_doubles: 65536
nr_of_strided_rec: 8
nr_doubles: 65536
nr_of_strided_rec: 8
nr_doubles: 65536
nr_of_strided_rec: 8
nr_doubles: 65536
nr_of_strided_rec: 8
nr_doubles: 65536
nr_of_strided_rec: 8
nr_doubles: 65536
nr_of_strided_rec: 8
nr_doubles: 65536
nr_of_strided_rec: 8
nr_doubles: 65536
nr_of_strided_rec: 8
nr_doubles: 65536
nr_of_strided_rec: 8
nr_doubles: 65536
nr_of_strided_rec: 8
nr_doubles: 65536
nr_of_strided_rec: 8
nr_doubles: 65536
nr_of_strided_rec: 8
nr_doubles: 65536
nr_of_strided_rec: 8
nr_doubles: 65536
nr_of_strided_rec: 8
nr_doubles: 65536
nr_of_strided_rec: 8
nr_doubles: 65536
nr_of_strided_rec: 8
nr_doubles: 65536
nr_of_strided_rec: 8
nr_doubles: 65536
nr_of_strided_rec: 8
nr_doubles: 65536
nr_of_strided_rec: 8
nr_doubles: 65536
nr_of_strided_rec: 8
nr_doubles: 65536
nr_of_strided_rec: 8
nr_doubles: 65536
nr_of_strided_rec: 8
nr_doubles: 65536
nr_of_strided_rec: 8
nr_doubles: 65536
nr_of_strided_rec: 8
nr_doubles: 65536
nr_of_strided_rec: 8
nr_doubles: 65536
nr_of_strided_rec: 8
nr_doubles: 65536
nr_of_strided_rec: 8
nr_doubles: 65536
nr_of_strided_rec: 8
nr_doubles: 65536
nr_of_strided_rec: 8
nr_doubles: 65536
nr_of_strided_rec: 8
nr_doubles: 65536
nr_of_strided_rec: 8
nr_doubles: 65536
nr_of_strided_rec: 8
nr_doubles: 65536
nr_of_strided_rec: 8
nr_doubles: 65536
nr_of_strided_rec: 8
nr_doubles: 65536
nr_of_strided_rec: 8
nr_doubles: 65536
nr_of_strided_rec: 8
nr_doubles: 65536
nr_of_strided_rec: 8
nr_doubles: 65536
nr_of_strided_rec: 8
nr_doubles: 65536
nr_of_strided_rec: 8
nr_doubles: 65536
nr_of_strided_rec: 8
nr_doubles: 65536
nr_of_strided_rec: 8
nr_doubles: 65536
nr_of_strided_rec: 8
nr_doubles: 65536
nr_of_strided_rec: 8
nr_doubles: 65536
nr_of_strided_rec: 8
nr_doubles: 65536
nr_of_strided_rec: 8
nr_doubles: 65536
nr_of_strided_rec: 8
nr_doubles: 65536
nr_of_strided_rec: 8
nr_doubles: 65536
nr_of_strided_rec: 8
nr_doubles: 65536
nr_of_strided_rec: 8
nr_doubles: 65536
nr_of_strided_rec: 8
nr_doubles: 65536
nr_of_strided_rec: 8
nr_doubles: 65536
nr_of_strided_rec: 8
nr_doubles: 65536
nr_of_strided_rec: 8
nr_doubles: 65536
nr_of_strided_rec: 8
nr_doubles: 65536
nr_of_strided_rec: 8
nr_doubles: 65536
nr_of_strided_rec: 8
nr_doubles: 65536
nr_of_strided_rec: 8
nr_doubles: 65536
nr_of_strided_rec: 8
nr_doubles: 65536
nr_of_strided_rec: 8
nr_doubles: 65536
nr_of_strided_rec: 8
nr_doubles: 65536
nr_of_strided_rec: 8
nr_doubles: 65536
nr_of_strided_rec: 8
nr_doubles: 65536
nr_of_strided_rec: 8
nr_doubles: 65536
nr_of_strided_rec: 8
nr_doubles: 65536
nr_of_strided_rec: 8
nr_doubles: 65536
nr_of_strided_rec: 8
nr_doubles: 65536
nr_of_strided_rec: 8
nr_doubles: 65536
nr_of_strided_rec: 8
nr_doubles: 65536
nr_of_strided_rec: 8
nr_doubles: 65536
nr_of_strided_rec: 8
nr_doubles: 65536
nr_of_strided_rec: 8
nr_doubles: 65536
nr_of_strided_rec: 8
nr_doubles: 65536
nr_of_strided_rec: 8
nr_doubles: 65536
nr_of_strided_rec: 8
nr_doubles: 65536
nr_of_strided_rec: 8
nr_doubles: 65536
nr_of_strided_rec: 8
nr_doubles: 65536
nr_of_strided_rec: 8
nr_doubles: 65536
nr_of_strided_rec: 8
nr_doubles: 65536
nr_of_strided_rec: 8
nr_doubles: 65536
nr_of_strided_rec: 8
nr_doubles: 65536
nr_of_strided_rec: 8
nr_doubles: 65536
nr_of_strided_rec: 8
nr_doubles: 65536
nr_of_strided_rec: 8
nr_doubles: 65536
nr_of_strided_rec: 8
nr_doubles: 65536
nr_of_strided_rec: 8
nr_doubles: 65536
nr_of_strided_rec: 8
nr_doubles: 65536
nr_of_strided_rec: 8
nr_doubles: 65536
nr_of_strided_rec: 8
nr_doubles: 65536
