fclose PID:34744 fd:3
fclose PID:34744 fd:4
fclose PID:34744 fd:4
fclose PID:34744 fd:3
available: 2 nodes (0-1)
fclose PID:34744 fd:3
node 0 cpus:fclose PID:34744 fd:3
 0 1 2 3 4 5 6 7 8 9 20 21 22 23 24 25 26 27 28 29
node 0 size: 80440 MB
node 0 free: 80118 MB
fclose PID:34744 fd:3
node 1 cpus:fclose PID:34744 fd:3
 10 11 12 13 14 15 16 17 18 19 30 31 32 33 34 35 36 37 38 39
node 1 size: 80635 MB
node 1 free: 80375 MB
fclose PID:34744 fd:3
fclose PID:34744 fd:3
node distances:
node   0   1 
  0:  10  21 
  1:  21  10 
READAHEAD_TIME:0.000000 us
MaxRSS= 2200 KB, SharedMem= 0 KB, HardPageFault= 10
fclose PID:34751 fd:8
fclose PID:34752 fd:8
fclose PID:34749 fd:12
fclose PID:34750 fd:10

MADbench 2.0 IO-mode
no_pe = 4  no_pix = 16384  no_bin = 30  no_gang = 1 sblocksize = 8  fblocksize = 64  r_mod = 1  w_mod = 1 record_size=16777216 stride=7
IOMETHOD = POSIX  IOMODE = SYNC  FILETYPE = UNIQUE  REMAP = CUSTOM

build_S
build_S
build_S
build_S

Write the data to file:536870912 bytes
***********WAITING************

Write the data to file:536870912 bytes
***********WAITING************

Write the data to file:536870912 bytes
***********WAITING************

Write the data to file:536870912 bytes
***********WAITING************

Write the data to file:536870912 bytes
***********WAITING************

Write the data to file:536870912 bytes
***********WAITING************

Write the data to file:536870912 bytes
***********WAITING************

Write the data to file:536870912 bytes
***********WAITING************

Write the data to file:536870912 bytes
***********WAITING************

Write the data to file:536870912 bytes
***********WAITING************

Write the data to file:536870912 bytes
***********WAITING************

Write the data to file:536870912 bytes
***********WAITING************

Write the data to file:536870912 bytes
***********WAITING************

Write the data to file:536870912 bytes
***********WAITING************

Write the data to file:536870912 bytes
***********WAITING************

Write the data to file:536870912 bytes
***********WAITING************

Write the data to file:536870912 bytes
***********WAITING************

Write the data to file:536870912 bytes
***********WAITING************

Write the data to file:536870912 bytes
***********WAITING************

Write the data to file:536870912 bytes
***********WAITING************

Write the data to file:536870912 bytes
***********WAITING************

Write the data to file:536870912 bytes
***********WAITING************

Write the data to file:536870912 bytes
***********WAITING************

Write the data to file:536870912 bytes
***********WAITING************

Write the data to file:536870912 bytes
***********WAITING************

Write the data to file:536870912 bytes
***********WAITING************

Write the data to file:536870912 bytes
***********WAITING************

Write the data to file:536870912 bytes
***********WAITING************

Write the data to file:536870912 bytes
***********WAITING************

Write the data to file:536870912 bytes
***********WAITING************

Write the data to file:536870912 bytes
***********WAITING************

Write the data to file:536870912 bytes
***********WAITING************

Write the data to file:536870912 bytes
***********WAITING************

Write the data to file:536870912 bytes
***********WAITING************

Write the data to file:536870912 bytes
***********WAITING************

Write the data to file:536870912 bytes
***********WAITING************

Write the data to file:536870912 bytes
***********WAITING************

Write the data to file:536870912 bytes
***********WAITING************

Write the data to file:536870912 bytes
***********WAITING************

Write the data to file:536870912 bytes
***********WAITING************

Write the data to file:536870912 bytes
***********WAITING************

Write the data to file:536870912 bytes
***********WAITING************

Write the data to file:536870912 bytes
***********WAITING************

Write the data to file:536870912 bytes
***********WAITING************

Write the data to file:536870912 bytes
***********WAITING************

Write the data to file:536870912 bytes
***********WAITING************

Write the data to file:536870912 bytes
***********WAITING************

Write the data to file:536870912 bytes
***********WAITING************

Write the data to file:536870912 bytes
***********WAITING************

Write the data to file:536870912 bytes
***********WAITING************

Write the data to file:536870912 bytes
***********WAITING************

Write the data to file:536870912 bytes
***********WAITING************

Write the data to file:536870912 bytes
***********WAITING************

Write the data to file:536870912 bytes
***********WAITING************

Write the data to file:536870912 bytes
***********WAITING************

Write the data to file:536870912 bytes
***********WAITING************

Write the data to file:536870912 bytes
***********WAITING************

Write the data to file:536870912 bytes
***********WAITING************

Write the data to file:536870912 bytes
***********WAITING************

Write the data to file:536870912 bytes
***********WAITING************

Write the data to file:536870912 bytes
***********WAITING************

Write the data to file:536870912 bytes
***********WAITING************

Write the data to file:536870912 bytes
***********WAITING************

Write the data to file:536870912 bytes
***********WAITING************

Write the data to file:536870912 bytes
***********WAITING************

Write the data to file:536870912 bytes
***********WAITING************

Write the data to file:536870912 bytes
***********WAITING************

Write the data to file:536870912 bytes
***********WAITING************

Write the data to file:536870912 bytes
***********WAITING************

Write the data to file:536870912 bytes
***********WAITING************

Write the data to file:536870912 bytes
***********WAITING************

Write the data to file:536870912 bytes
***********WAITING************

Write the data to file:536870912 bytes
***********WAITING************

Write the data to file:536870912 bytes
***********WAITING************

Write the data to file:536870912 bytes
***********WAITING************

Write the data to file:536870912 bytes
***********WAITING************

Write the data to file:536870912 bytes
***********WAITING************

Write the data to file:536870912 bytes
***********WAITING************

Write the data to file:536870912 bytes
***********WAITING************

Write the data to file:536870912 bytes
***********WAITING************

Write the data to file:536870912 bytes
***********WAITING************

Write the data to file:536870912 bytes
***********WAITING************

Write the data to file:536870912 bytes
***********WAITING************

Write the data to file:536870912 bytes
***********WAITING************

Write the data to file:536870912 bytes
***********WAITING************

Write the data to file:536870912 bytes
***********WAITING************

Write the data to file:536870912 bytes
***********WAITING************

Write the data to file:536870912 bytes
***********WAITING************

Write the data to file:536870912 bytes
***********WAITING************

Write the data to file:536870912 bytes
***********WAITING************

Write the data to file:536870912 bytes
***********WAITING************

Write the data to file:536870912 bytes
***********WAITING************

Write the data to file:536870912 bytes
***********WAITING************

Write the data to file:536870912 bytes
***********WAITING************

Write the data to file:536870912 bytes
***********WAITING************

Write the data to file:536870912 bytes
***********WAITING************

Write the data to file:536870912 bytes
***********WAITING************

Write the data to file:536870912 bytes
***********WAITING************

Write the data to file:536870912 bytes
***********WAITING************

Write the data to file:536870912 bytes
***********WAITING************

Write the data to file:536870912 bytes
***********WAITING************

Write the data to file:536870912 bytes
***********WAITING************

Write the data to file:536870912 bytes
***********WAITING************

Write the data to file:536870912 bytes
***********WAITING************

Write the data to file:536870912 bytes
***********WAITING************

Write the data to file:536870912 bytes
***********WAITING************

Write the data to file:536870912 bytes
***********WAITING************

Write the data to file:536870912 bytes
***********WAITING************

Write the data to file:536870912 bytes
***********WAITING************

Write the data to file:536870912 bytes
***********WAITING************

Write the data to file:536870912 bytes
***********WAITING************

Write the data to file:536870912 bytes
***********WAITING************

Write the data to file:536870912 bytes
***********WAITING************

Write the data to file:536870912 bytes
***********WAITING************

Write the data to file:536870912 bytes
***********WAITING************

Write the data to file:536870912 bytes
***********WAITING************

Write the data to file:536870912 bytes
***********WAITING************

Write the data to file:536870912 bytes
***********WAITING************

Write the data to file:536870912 bytes
***********WAITING************

Write the data to file:536870912 bytes
***********WAITING************
S_cc         4.10   [      4.10:      4.11]
S_bw         2.56   [      2.56:      2.56]
S_w        112.53   [    112.53:    112.53]
          -------
S_total    119.19   [    119.19:    119.20]

build_S done
calc_W
build_S done
calc_W
nr_of_strided_rec: 4
nr_doubles: 2097152
build_S done
calc_W
nr_of_strided_rec: 4
nr_doubles: 2097152
build_S done
calc_W
nr_of_strided_rec: 4
nr_doubles: 2097152
nr_of_strided_rec: 4
nr_doubles: 2097152
nr_of_strided_rec: 4
nr_doubles: 2097152
nr_of_strided_rec: 4
nr_doubles: 2097152
nr_of_strided_rec: 4
nr_doubles: 2097152
nr_of_strided_rec: 4
nr_doubles: 2097152

Write the data to file:536870912 bytes
***********WAITING************

Write the data to file:536870912 bytes
***********WAITING************

Write the data to file:536870912 bytes
***********WAITING************

Write the data to file:536870912 bytes
***********WAITING************
nr_of_strided_rec: 4
nr_doubles: 2097152
nr_of_strided_rec: 4
nr_doubles: 2097152
nr_of_strided_rec: 4
nr_doubles: 2097152
nr_of_strided_rec: 4
nr_doubles: 2097152

Write the data to file:536870912 bytes
***********WAITING************

Write the data to file:536870912 bytes
***********WAITING************

Write the data to file:536870912 bytes
***********WAITING************

Write the data to file:536870912 bytes
***********WAITING************
nr_of_strided_rec: 4
nr_doubles: 2097152
nr_of_strided_rec: 4
nr_doubles: 2097152
nr_of_strided_rec: 4
nr_doubles: 2097152
nr_of_strided_rec: 4
nr_doubles: 2097152

Write the data to file:536870912 bytes
***********WAITING************

Write the data to file:536870912 bytes
***********WAITING************

Write the data to file:536870912 bytes
***********WAITING************

Write the data to file:536870912 bytes
***********WAITING************
nr_of_strided_rec: 4
nr_doubles: 2097152
nr_of_strided_rec: 4
nr_doubles: 2097152
nr_of_strided_rec: 4
nr_doubles: 2097152
nr_of_strided_rec: 4
nr_doubles: 2097152

Write the data to file:536870912 bytes
***********WAITING************

Write the data to file:536870912 bytes
***********WAITING************

Write the data to file:536870912 bytes
***********WAITING************

Write the data to file:536870912 bytes
***********WAITING************
nr_of_strided_rec: 4
nr_doubles: 2097152
nr_of_strided_rec: 4
nr_doubles: 2097152
nr_of_strided_rec: 4
nr_doubles: 2097152
nr_of_strided_rec: 4
nr_doubles: 2097152

Write the data to file:536870912 bytes
***********WAITING************

Write the data to file:536870912 bytes
***********WAITING************

Write the data to file:536870912 bytes
***********WAITING************

Write the data to file:536870912 bytes
***********WAITING************
nr_of_strided_rec: 4
nr_doubles: 2097152
nr_of_strided_rec: 4
nr_doubles: 2097152
nr_of_strided_rec: 4
nr_doubles: 2097152
nr_of_strided_rec: 4
nr_doubles: 2097152

Write the data to file:536870912 bytes
***********WAITING************

Write the data to file:536870912 bytes
***********WAITING************

Write the data to file:536870912 bytes
***********WAITING************

Write the data to file:536870912 bytes
***********WAITING************
nr_of_strided_rec: 4
nr_doubles: 2097152
nr_of_strided_rec: 4
nr_doubles: 2097152
nr_of_strided_rec: 4
nr_doubles: 2097152
nr_of_strided_rec: 4
nr_doubles: 2097152

Write the data to file:536870912 bytes
***********WAITING************

Write the data to file:536870912 bytes
***********WAITING************

Write the data to file:536870912 bytes
***********WAITING************

Write the data to file:536870912 bytes
***********WAITING************
nr_of_strided_rec: 4
nr_doubles: 2097152
nr_of_strided_rec: 4
nr_doubles: 2097152
nr_of_strided_rec: 4
nr_doubles: 2097152
nr_of_strided_rec: 4
nr_doubles: 2097152

Write the data to file:536870912 bytes
***********WAITING************

Write the data to file:536870912 bytes
***********WAITING************

Write the data to file:536870912 bytes
***********WAITING************

Write the data to file:536870912 bytes
***********WAITING************
nr_of_strided_rec: 4
nr_doubles: 2097152
nr_of_strided_rec: 4
nr_doubles: 2097152
nr_of_strided_rec: 4
nr_doubles: 2097152
nr_of_strided_rec: 4
nr_doubles: 2097152

Write the data to file:536870912 bytes
***********WAITING************

Write the data to file:536870912 bytes
***********WAITING************

Write the data to file:536870912 bytes
***********WAITING************

Write the data to file:536870912 bytes
***********WAITING************
nr_of_strided_rec: 4
nr_doubles: 2097152
nr_of_strided_rec: 4
nr_doubles: 2097152
nr_of_strided_rec: 4
nr_doubles: 2097152
nr_of_strided_rec: 4
nr_doubles: 2097152

Write the data to file:536870912 bytes
***********WAITING************

Write the data to file:536870912 bytes
***********WAITING************

Write the data to file:536870912 bytes
***********WAITING************

Write the data to file:536870912 bytes
***********WAITING************
nr_of_strided_rec: 4
nr_doubles: 2097152
nr_of_strided_rec: 4
nr_doubles: 2097152
nr_of_strided_rec: 4
nr_doubles: 2097152
nr_of_strided_rec: 4
nr_doubles: 2097152

Write the data to file:536870912 bytes
***********WAITING************

Write the data to file:536870912 bytes
***********WAITING************

Write the data to file:536870912 bytes
***********WAITING************

Write the data to file:536870912 bytes
***********WAITING************
nr_of_strided_rec: 4
nr_doubles: 2097152
nr_of_strided_rec: 4
nr_doubles: 2097152
nr_of_strided_rec: 4
nr_doubles: 2097152
nr_of_strided_rec: 4
nr_doubles: 2097152

Write the data to file:536870912 bytes
***********WAITING************

Write the data to file:536870912 bytes
***********WAITING************

Write the data to file:536870912 bytes
***********WAITING************

Write the data to file:536870912 bytes
***********WAITING************
nr_of_strided_rec: 4
nr_doubles: 2097152
nr_of_strided_rec: 4
nr_doubles: 2097152
nr_of_strided_rec: 4
nr_doubles: 2097152
nr_of_strided_rec: 4
nr_doubles: 2097152

Write the data to file:536870912 bytes
***********WAITING************

Write the data to file:536870912 bytes
***********WAITING************

Write the data to file:536870912 bytes
***********WAITING************

Write the data to file:536870912 bytes
***********WAITING************
nr_of_strided_rec: 4
nr_doubles: 2097152
nr_of_strided_rec: 4
nr_doubles: 2097152
nr_of_strided_rec: 4
nr_doubles: 2097152
nr_of_strided_rec: 4
nr_doubles: 2097152

Write the data to file:536870912 bytes
***********WAITING************

Write the data to file:536870912 bytes
***********WAITING************

Write the data to file:536870912 bytes
***********WAITING************

Write the data to file:536870912 bytes
***********WAITING************
nr_of_strided_rec: 4
nr_doubles: 2097152
nr_of_strided_rec: 4
nr_doubles: 2097152
nr_of_strided_rec: 4
nr_doubles: 2097152
nr_of_strided_rec: 4
nr_doubles: 2097152

Write the data to file:536870912 bytes
***********WAITING************

Write the data to file:536870912 bytes
***********WAITING************

Write the data to file:536870912 bytes
***********WAITING************

Write the data to file:536870912 bytes
***********WAITING************
nr_of_strided_rec: 4
nr_doubles: 2097152
nr_of_strided_rec: 4
nr_doubles: 2097152
nr_of_strided_rec: 4
nr_doubles: 2097152
nr_of_strided_rec: 4
nr_doubles: 2097152

Write the data to file:536870912 bytes
***********WAITING************

Write the data to file:536870912 bytes
***********WAITING************

Write the data to file:536870912 bytes
***********WAITING************

Write the data to file:536870912 bytes
***********WAITING************
nr_of_strided_rec: 4
nr_doubles: 2097152
nr_of_strided_rec: 4
nr_doubles: 2097152
nr_of_strided_rec: 4
nr_doubles: 2097152
nr_of_strided_rec: 4
nr_doubles: 2097152

Write the data to file:536870912 bytes
***********WAITING************

Write the data to file:536870912 bytes
***********WAITING************

Write the data to file:536870912 bytes
***********WAITING************

Write the data to file:536870912 bytes
***********WAITING************
nr_of_strided_rec: 4
nr_doubles: 2097152
nr_of_strided_rec: 4
nr_doubles: 2097152
nr_of_strided_rec: 4
nr_doubles: 2097152
nr_of_strided_rec: 4
nr_doubles: 2097152

Write the data to file:536870912 bytes
***********WAITING************

Write the data to file:536870912 bytes
***********WAITING************

Write the data to file:536870912 bytes
***********WAITING************

Write the data to file:536870912 bytes
***********WAITING************
nr_of_strided_rec: 4
nr_doubles: 2097152
nr_of_strided_rec: 4
nr_doubles: 2097152
nr_of_strided_rec: 4
nr_doubles: 2097152
nr_of_strided_rec: 4
nr_doubles: 2097152

Write the data to file:536870912 bytes
***********WAITING************

Write the data to file:536870912 bytes
***********WAITING************

Write the data to file:536870912 bytes
***********WAITING************

Write the data to file:536870912 bytes
***********WAITING************
nr_of_strided_rec: 4
nr_doubles: 2097152
nr_of_strided_rec: 4
nr_doubles: 2097152
nr_of_strided_rec: 4
nr_doubles: 2097152
nr_of_strided_rec: 4
nr_doubles: 2097152

Write the data to file:536870912 bytes
***********WAITING************

Write the data to file:536870912 bytes
***********WAITING************

Write the data to file:536870912 bytes
***********WAITING************

Write the data to file:536870912 bytes
***********WAITING************
nr_of_strided_rec: 4
nr_doubles: 2097152
nr_of_strided_rec: 4
nr_doubles: 2097152
nr_of_strided_rec: 4
nr_doubles: 2097152
nr_of_strided_rec: 4
nr_doubles: 2097152

Write the data to file:536870912 bytes
***********WAITING************

Write the data to file:536870912 bytes
***********WAITING************

Write the data to file:536870912 bytes
***********WAITING************

Write the data to file:536870912 bytes
***********WAITING************
nr_of_strided_rec: 4
nr_doubles: 2097152
nr_of_strided_rec: 4
nr_doubles: 2097152
nr_of_strided_rec: 4
nr_doubles: 2097152
nr_of_strided_rec: 4
nr_doubles: 2097152

Write the data to file:536870912 bytes
***********WAITING************

Write the data to file:536870912 bytes
***********WAITING************

Write the data to file:536870912 bytes
***********WAITING************

Write the data to file:536870912 bytes
***********WAITING************
nr_of_strided_rec: 4
nr_doubles: 2097152
nr_of_strided_rec: 4
nr_doubles: 2097152
nr_of_strided_rec: 4
nr_doubles: 2097152
nr_of_strided_rec: 4
nr_doubles: 2097152

Write the data to file:536870912 bytes
***********WAITING************

Write the data to file:536870912 bytes
***********WAITING************

Write the data to file:536870912 bytes
***********WAITING************

Write the data to file:536870912 bytes
***********WAITING************
nr_of_strided_rec: 4
nr_doubles: 2097152
nr_of_strided_rec: 4
nr_doubles: 2097152
nr_of_strided_rec: 4
nr_doubles: 2097152
nr_of_strided_rec: 4
nr_doubles: 2097152

Write the data to file:536870912 bytes
***********WAITING************

Write the data to file:536870912 bytes
***********WAITING************

Write the data to file:536870912 bytes
***********WAITING************

Write the data to file:536870912 bytes
***********WAITING************
nr_of_strided_rec: 4
nr_doubles: 2097152
nr_of_strided_rec: 4
nr_doubles: 2097152
nr_of_strided_rec: 4
nr_doubles: 2097152
nr_of_strided_rec: 4
nr_doubles: 2097152

Write the data to file:536870912 bytes
***********WAITING************

Write the data to file:536870912 bytes
***********WAITING************

Write the data to file:536870912 bytes
***********WAITING************

Write the data to file:536870912 bytes
***********WAITING************
nr_of_strided_rec: 4
nr_doubles: 2097152
nr_of_strided_rec: 4
nr_doubles: 2097152
nr_of_strided_rec: 4
nr_doubles: 2097152
nr_of_strided_rec: 4
nr_doubles: 2097152

Write the data to file:536870912 bytes
***********WAITING************

Write the data to file:536870912 bytes
***********WAITING************

Write the data to file:536870912 bytes
***********WAITING************

Write the data to file:536870912 bytes
***********WAITING************
nr_of_strided_rec: 4
nr_doubles: 2097152
nr_of_strided_rec: 4
nr_doubles: 2097152
nr_of_strided_rec: 4
nr_doubles: 2097152
nr_of_strided_rec: 4
nr_doubles: 2097152

Write the data to file:536870912 bytes
***********WAITING************

Write the data to file:536870912 bytes
***********WAITING************

Write the data to file:536870912 bytes
***********WAITING************

Write the data to file:536870912 bytes
***********WAITING************
nr_of_strided_rec: 4
nr_doubles: 2097152
nr_of_strided_rec: 4
nr_doubles: 2097152
nr_of_strided_rec: 4
nr_doubles: 2097152
nr_of_strided_rec: 4
nr_doubles: 2097152

Write the data to file:536870912 bytes
***********WAITING************

Write the data to file:536870912 bytes
***********WAITING************

Write the data to file:536870912 bytes
***********WAITING************

Write the data to file:536870912 bytes
***********WAITING************
nr_of_strided_rec: 4
nr_doubles: 2097152
nr_of_strided_rec: 4
nr_doubles: 2097152
nr_of_strided_rec: 4
nr_doubles: 2097152
nr_of_strided_rec: 4
nr_doubles: 2097152

Write the data to file:536870912 bytes
***********WAITING************

Write the data to file:536870912 bytes
***********WAITING************

Write the data to file:536870912 bytes
***********WAITING************

Write the data to file:536870912 bytes
***********WAITING************

Write the data to file:536870912 bytes
***********WAITING************

Write the data to file:536870912 bytes
***********WAITING************

Write the data to file:536870912 bytes
***********WAITING************

Write the data to file:536870912 bytes
***********WAITING************
W_cc         7.81   [      7.79:      7.83]
W_r        197.59   [    197.58:    197.60]
W_w        106.65   [    106.65:    106.65]
          -------
W_total    312.05   [    312.04:    312.06]

calc_W done
nr_of_strided_rec: 4
nr_doubles: 2097152
calc_W done
nr_of_strided_rec: 4
nr_doubles: 2097152
calc_W done
nr_of_strided_rec: 4
nr_doubles: 2097152
calc_W done
nr_of_strided_rec: 4
nr_doubles: 2097152
nr_of_strided_rec: 4
nr_doubles: 2097152
nr_of_strided_rec: 4
nr_doubles: 2097152
nr_of_strided_rec: 4
nr_doubles: 2097152
nr_of_strided_rec: 4
nr_doubles: 2097152
nr_of_strided_rec: 4
nr_doubles: 2097152
nr_of_strided_rec: 4
nr_doubles: 2097152
nr_of_strided_rec: 4
nr_doubles: 2097152
nr_of_strided_rec: 4
nr_doubles: 2097152
nr_of_strided_rec: 4
nr_doubles: 2097152
nr_of_strided_rec: 4
nr_doubles: 2097152
nr_of_strided_rec: 4
nr_doubles: 2097152
nr_of_strided_rec: 4
nr_doubles: 2097152
nr_of_strided_rec: 4
nr_doubles: 2097152
nr_of_strided_rec: 4
nr_doubles: 2097152
nr_of_strided_rec: 4
nr_doubles: 2097152
nr_of_strided_rec: 4
nr_doubles: 2097152
nr_of_strided_rec: 4
nr_doubles: 2097152
nr_of_strided_rec: 4
nr_doubles: 2097152
nr_of_strided_rec: 4
nr_doubles: 2097152
nr_of_strided_rec: 4
nr_doubles: 2097152
nr_of_strided_rec: 4
nr_doubles: 2097152
nr_of_strided_rec: 4
nr_doubles: 2097152
nr_of_strided_rec: 4
nr_doubles: 2097152
nr_of_strided_rec: 4
nr_doubles: 2097152
nr_of_strided_rec: 4
nr_doubles: 2097152
nr_of_strided_rec: 4
nr_doubles: 2097152
nr_of_strided_rec: 4
nr_doubles: 2097152
nr_of_strided_rec: 4
nr_doubles: 2097152
nr_of_strided_rec: 4
nr_doubles: 2097152
nr_of_strided_rec: 4
nr_doubles: 2097152
nr_of_strided_rec: 4
nr_doubles: 2097152
nr_of_strided_rec: 4
nr_doubles: 2097152
nr_of_strided_rec: 4
nr_doubles: 2097152
nr_of_strided_rec: 4
nr_doubles: 2097152
nr_of_strided_rec: 4
nr_doubles: 2097152
nr_of_strided_rec: 4
nr_doubles: 2097152
nr_of_strided_rec: 4
nr_doubles: 2097152
nr_of_strided_rec: 4
nr_doubles: 2097152
nr_of_strided_rec: 4
nr_doubles: 2097152
nr_of_strided_rec: 4
nr_doubles: 2097152
nr_of_strided_rec: 4
nr_doubles: 2097152
nr_of_strided_rec: 4
nr_doubles: 2097152
nr_of_strided_rec: 4
nr_doubles: 2097152
nr_of_strided_rec: 4
nr_doubles: 2097152
nr_of_strided_rec: 4
nr_doubles: 2097152
nr_of_strided_rec: 4
nr_doubles: 2097152
nr_of_strided_rec: 4
nr_doubles: 2097152
nr_of_strided_rec: 4
nr_doubles: 2097152
nr_of_strided_rec: 4
nr_doubles: 2097152
nr_of_strided_rec: 4
nr_doubles: 2097152
nr_of_strided_rec: 4
nr_doubles: 2097152
nr_of_strided_rec: 4
nr_doubles: 2097152
nr_of_strided_rec: 4
nr_doubles: 2097152
nr_of_strided_rec: 4
nr_doubles: 2097152
nr_of_strided_rec: 4
nr_doubles: 2097152
nr_of_strided_rec: 4
nr_doubles: 2097152
nr_of_strided_rec: 4
nr_doubles: 2097152
nr_of_strided_rec: 4
nr_doubles: 2097152
nr_of_strided_rec: 4
nr_doubles: 2097152
nr_of_strided_rec: 4
nr_doubles: 2097152
nr_of_strided_rec: 4
nr_doubles: 2097152
nr_of_strided_rec: 4
nr_doubles: 2097152
nr_of_strided_rec: 4
nr_doubles: 2097152
nr_of_strided_rec: 4
nr_doubles: 2097152
nr_of_strided_rec: 4
nr_doubles: 2097152
nr_of_strided_rec: 4
nr_doubles: 2097152
nr_of_strided_rec: 4
nr_doubles: 2097152
nr_of_strided_rec: 4
nr_doubles: 2097152
nr_of_strided_rec: 4
nr_doubles: 2097152
nr_of_strided_rec: 4
nr_doubles: 2097152
nr_of_strided_rec: 4
nr_doubles: 2097152
nr_of_strided_rec: 4
nr_doubles: 2097152
nr_of_strided_rec: 4
nr_doubles: 2097152
nr_of_strided_rec: 4
nr_doubles: 2097152
nr_of_strided_rec: 4
nr_doubles: 2097152
nr_of_strided_rec: 4
nr_doubles: 2097152
nr_of_strided_rec: 4
nr_doubles: 2097152
nr_of_strided_rec: 4
nr_doubles: 2097152
nr_of_strided_rec: 4
nr_doubles: 2097152
nr_of_strided_rec: 4
nr_doubles: 2097152
nr_of_strided_rec: 4
nr_doubles: 2097152
nr_of_strided_rec: 4
nr_doubles: 2097152
nr_of_strided_rec: 4
nr_doubles: 2097152
nr_of_strided_rec: 4
nr_doubles: 2097152
nr_of_strided_rec: 4
nr_doubles: 2097152
nr_of_strided_rec: 4
nr_doubles: 2097152
nr_of_strided_rec: 4
nr_doubles: 2097152
nr_of_strided_rec: 4
nr_doubles: 2097152
nr_of_strided_rec: 4
nr_doubles: 2097152
nr_of_strided_rec: 4
nr_doubles: 2097152
nr_of_strided_rec: 4
nr_doubles: 2097152
nr_of_strided_rec: 4
nr_doubles: 2097152
nr_of_strided_rec: 4
nr_doubles: 2097152
nr_of_strided_rec: 4
nr_doubles: 2097152
nr_of_strided_rec: 4
nr_doubles: 2097152
nr_of_strided_rec: 4
nr_doubles: 2097152
nr_of_strided_rec: 4
nr_doubles: 2097152
nr_of_strided_rec: 4
nr_doubles: 2097152
nr_of_strided_rec: 4
nr_doubles: 2097152
nr_of_strided_rec: 4
nr_doubles: 2097152
nr_of_strided_rec: 4
nr_doubles: 2097152
nr_of_strided_rec: 4
nr_doubles: 2097152
nr_of_strided_rec: 4
nr_doubles: 2097152
nr_of_strided_rec: 4
nr_doubles: 2097152
nr_of_strided_rec: 4
nr_doubles: 2097152
nr_of_strided_rec: 4
nr_doubles: 2097152
nr_of_strided_rec: 4
nr_doubles: 2097152
nr_of_strided_rec: 4
nr_doubles: 2097152
nr_of_strided_rec: 4
nr_doubles: 2097152
nr_of_strided_rec: 4
nr_doubles: 2097152
nr_of_strided_rec: 4
nr_doubles: 2097152
nr_of_strided_rec: 4
nr_doubles: 2097152
nr_of_strided_rec: 4
nr_doubles: 2097152
nr_of_strided_rec: 4
nr_doubles: 2097152
nr_of_strided_rec: 4
nr_doubles: 2097152
nr_of_strided_rec: 4
nr_doubles: 2097152
C_cc         3.03   [      3.02:      3.04]
C_bw         2.48   [      2.48:      2.48]
C_r        132.34   [    132.34:    132.35]
          -------
C_total    137.86   [    137.85:    137.86]


dC[0] = 0.00000e+00
fclose PID:34749 fd:12
fclose PID:34750 fd:10
fclose PID:34752 fd:8
fclose PID:34751 fd:8
READAHEAD_TIME:0.000000 us
MaxRSS= 2107740 KB, SharedMem= 0 KB, HardPageFault= 10
READAHEAD_TIME:0.000000 us
MaxRSS= 2107820 KB, SharedMem= 0 KB, HardPageFault= 5
READAHEAD_TIME:0.000000 us
MaxRSS= 2107864 KB, SharedMem= 0 KB, HardPageFault= 7
READAHEAD_TIME:0.000000 us
MaxRSS= 2107816 KB, SharedMem= 0 KB, HardPageFault= 11
fclose PID:34748 fd:0
fclose PID:34748 fd:6
fclose PID:34748 fd:6
fclose PID:34748 fd:0
READAHEAD_TIME:0.000000 us
MaxRSS= 5320 KB, SharedMem= 0 KB, HardPageFault= 2
fclose PID:34747 fd:3
fclose PID:34747 fd:4
fclose PID:34747 fd:4
fclose PID:34747 fd:3
READAHEAD_TIME:0.000000 us
MaxRSS= 4964 KB, SharedMem= 0 KB, HardPageFault= 4
	Command being timed: "mpiexec -n 4 ./MADbench2_io 16384 30 1 8 64 1 1 16777216 7 1"
	User time (seconds): 433.95
	System time (seconds): 226.88
	Percent of CPU this job got: 115%
	Elapsed (wall clock) time (h:mm:ss or m:ss): 9:29.84
	Average shared text size (kbytes): 0
	Average unshared data size (kbytes): 0
	Average stack size (kbytes): 0
	Average total size (kbytes): 0
	Maximum resident set size (kbytes): 2107864
	Average resident set size (kbytes): 0
	Major (requiring I/O) page faults: 40
	Minor (reclaiming a frame) page faults: 8790079
	Voluntary context switches: 175967
	Involuntary context switches: 2584
	Swaps: 0
	File system inputs: 242130480
	File system outputs: 251658480
	Socket messages sent: 0
	Socket messages received: 0
	Signals delivered: 0
	Page size (bytes): 4096
	Exit status: 0
READAHEAD_TIME:0.000000 us
MaxRSS= 2072 KB, SharedMem= 0 KB, HardPageFault= 0
*******************DMESG OUTPUT******************
