fclose PID:33131 fd:3
fclose PID:33131 fd:4
fclose PID:33131 fd:4
fclose PID:33131 fd:3
available: 2 nodes (0-1)
fclose PID:33131 fd:3
node 0 cpus:fclose PID:33131 fd:3
 0 1 2 3 4 5 6 7 8 9 20 21 22 23 24 25 26 27 28 29
node 0 size: 80440 MB
node 0 free: 80123 MB
fclose PID:33131 fd:3
node 1 cpus:fclose PID:33131 fd:3
 10 11 12 13 14 15 16 17 18 19 30 31 32 33 34 35 36 37 38 39
node 1 size: 80635 MB
node 1 free: 80376 MB
fclose PID:33131 fd:3
fclose PID:33131 fd:3
node distances:
node   0   1 
  0:  10  21 
  1:  21  10 
READAHEAD_TIME:0.000000 us
MaxRSS= 2252 KB, SharedMem= 0 KB, HardPageFault= 10
fclose PID:33136 fd:12
fclose PID:33139 fd:8
fclose PID:33137 fd:10
fclose PID:33138 fd:8

MADbench 2.0 IO-mode
no_pe = 4  no_pix = 16384  no_bin = 30  no_gang = 1 sblocksize = 8  fblocksize = 64  r_mod = 1  w_mod = 1 record_size=524288 stride=7


IOMETHOD = POSIX  IOMODE = SYNC  FILETYPE = UNIQUE  REMAP = CUSTOMbuild_S
build_S
build_S
build_S

Write the data to file:536870912 bytes
***********WAITING************

Write the data to file:536870912 bytes
***********WAITING************

Write the data to file:536870912 bytes
***********WAITING************

Write the data to file:536870912 bytes
***********WAITING************

Write the data to file:536870912 bytes
***********WAITING************

Write the data to file:536870912 bytes
***********WAITING************

Write the data to file:536870912 bytes
***********WAITING************

Write the data to file:536870912 bytes
***********WAITING************

Write the data to file:536870912 bytes
***********WAITING************

Write the data to file:536870912 bytes
***********WAITING************

Write the data to file:536870912 bytes
***********WAITING************

Write the data to file:536870912 bytes
***********WAITING************

Write the data to file:536870912 bytes
***********WAITING************

Write the data to file:536870912 bytes
***********WAITING************

Write the data to file:536870912 bytes
***********WAITING************

Write the data to file:536870912 bytes
***********WAITING************

Write the data to file:536870912 bytes
***********WAITING************

Write the data to file:536870912 bytes
***********WAITING************

Write the data to file:536870912 bytes
***********WAITING************

Write the data to file:536870912 bytes
***********WAITING************

Write the data to file:536870912 bytes
***********WAITING************

Write the data to file:536870912 bytes
***********WAITING************

Write the data to file:536870912 bytes
***********WAITING************

Write the data to file:536870912 bytes
***********WAITING************

Write the data to file:536870912 bytes
***********WAITING************

Write the data to file:536870912 bytes
***********WAITING************

Write the data to file:536870912 bytes
***********WAITING************

Write the data to file:536870912 bytes
***********WAITING************

Write the data to file:536870912 bytes
***********WAITING************

Write the data to file:536870912 bytes
***********WAITING************

Write the data to file:536870912 bytes
***********WAITING************

Write the data to file:536870912 bytes
***********WAITING************

Write the data to file:536870912 bytes
***********WAITING************

Write the data to file:536870912 bytes
***********WAITING************

Write the data to file:536870912 bytes
***********WAITING************

Write the data to file:536870912 bytes
***********WAITING************

Write the data to file:536870912 bytes
***********WAITING************

Write the data to file:536870912 bytes
***********WAITING************

Write the data to file:536870912 bytes
***********WAITING************

Write the data to file:536870912 bytes
***********WAITING************

Write the data to file:536870912 bytes
***********WAITING************

Write the data to file:536870912 bytes
***********WAITING************

Write the data to file:536870912 bytes
***********WAITING************

Write the data to file:536870912 bytes
***********WAITING************

Write the data to file:536870912 bytes
***********WAITING************

Write the data to file:536870912 bytes
***********WAITING************

Write the data to file:536870912 bytes
***********WAITING************

Write the data to file:536870912 bytes
***********WAITING************

Write the data to file:536870912 bytes
***********WAITING************

Write the data to file:536870912 bytes
***********WAITING************

Write the data to file:536870912 bytes
***********WAITING************

Write the data to file:536870912 bytes
***********WAITING************

Write the data to file:536870912 bytes
***********WAITING************

Write the data to file:536870912 bytes
***********WAITING************

Write the data to file:536870912 bytes
***********WAITING************

Write the data to file:536870912 bytes
***********WAITING************

Write the data to file:536870912 bytes
***********WAITING************

Write the data to file:536870912 bytes
***********WAITING************

Write the data to file:536870912 bytes
***********WAITING************

Write the data to file:536870912 bytes
***********WAITING************

Write the data to file:536870912 bytes
***********WAITING************

Write the data to file:536870912 bytes
***********WAITING************

Write the data to file:536870912 bytes
***********WAITING************

Write the data to file:536870912 bytes
***********WAITING************

Write the data to file:536870912 bytes
***********WAITING************

Write the data to file:536870912 bytes
***********WAITING************

Write the data to file:536870912 bytes
***********WAITING************

Write the data to file:536870912 bytes
***********WAITING************

Write the data to file:536870912 bytes
***********WAITING************

Write the data to file:536870912 bytes
***********WAITING************

Write the data to file:536870912 bytes
***********WAITING************

Write the data to file:536870912 bytes
***********WAITING************

Write the data to file:536870912 bytes
***********WAITING************

Write the data to file:536870912 bytes
***********WAITING************

Write the data to file:536870912 bytes
***********WAITING************

Write the data to file:536870912 bytes
***********WAITING************

Write the data to file:536870912 bytes
***********WAITING************

Write the data to file:536870912 bytes
***********WAITING************

Write the data to file:536870912 bytes
***********WAITING************

Write the data to file:536870912 bytes
***********WAITING************

Write the data to file:536870912 bytes
***********WAITING************

Write the data to file:536870912 bytes
***********WAITING************

Write the data to file:536870912 bytes
***********WAITING************

Write the data to file:536870912 bytes
***********WAITING************

Write the data to file:536870912 bytes
***********WAITING************

Write the data to file:536870912 bytes
***********WAITING************

Write the data to file:536870912 bytes
***********WAITING************

Write the data to file:536870912 bytes
***********WAITING************

Write the data to file:536870912 bytes
***********WAITING************

Write the data to file:536870912 bytes
***********WAITING************

Write the data to file:536870912 bytes
***********WAITING************

Write the data to file:536870912 bytes
***********WAITING************

Write the data to file:536870912 bytes
***********WAITING************

Write the data to file:536870912 bytes
***********WAITING************

Write the data to file:536870912 bytes
***********WAITING************

Write the data to file:536870912 bytes
***********WAITING************

Write the data to file:536870912 bytes
***********WAITING************

Write the data to file:536870912 bytes
***********WAITING************

Write the data to file:536870912 bytes
***********WAITING************

Write the data to file:536870912 bytes
***********WAITING************

Write the data to file:536870912 bytes
***********WAITING************

Write the data to file:536870912 bytes
***********WAITING************

Write the data to file:536870912 bytes
***********WAITING************

Write the data to file:536870912 bytes
***********WAITING************

Write the data to file:536870912 bytes
***********WAITING************

Write the data to file:536870912 bytes
***********WAITING************

Write the data to file:536870912 bytes
***********WAITING************

Write the data to file:536870912 bytes
***********WAITING************

Write the data to file:536870912 bytes
***********WAITING************

Write the data to file:536870912 bytes
***********WAITING************

Write the data to file:536870912 bytes
***********WAITING************

Write the data to file:536870912 bytes
***********WAITING************

Write the data to file:536870912 bytes
***********WAITING************

Write the data to file:536870912 bytes
***********WAITING************

Write the data to file:536870912 bytes
***********WAITING************

Write the data to file:536870912 bytes
***********WAITING************

Write the data to file:536870912 bytes
***********WAITING************

Write the data to file:536870912 bytes
***********WAITING************

Write the data to file:536870912 bytes
***********WAITING************

Write the data to file:536870912 bytes
***********WAITING************
S_cc         3.55   [      3.55:      3.56]
S_bw         2.81   [      2.81:      2.81]
S_w        142.60   [    142.60:    142.60]
          -------
S_total    148.96   [    148.96:    148.97]

build_S done
calc_W
build_S done
calc_W
nr_of_strided_rec: 128
nr_doubles: 65536
build_S done
calc_W
nr_of_strided_rec: 128
nr_doubles: 65536
build_S done
calc_W
nr_of_strided_rec: 128
nr_doubles: 65536
nr_of_strided_rec: 128
nr_doubles: 65536
nr_of_strided_rec: 128
nr_doubles: 65536
nr_of_strided_rec: 128
nr_doubles: 65536
nr_of_strided_rec: 128
nr_doubles: 65536
nr_of_strided_rec: 128
nr_doubles: 65536

Write the data to file:536870912 bytes
***********WAITING************

Write the data to file:536870912 bytes
***********WAITING************

Write the data to file:536870912 bytes
***********WAITING************

Write the data to file:536870912 bytes
***********WAITING************
nr_of_strided_rec: 128
nr_doubles: 65536
nr_of_strided_rec: 128
nr_doubles: 65536
nr_of_strided_rec: 128
nr_doubles: 65536
nr_of_strided_rec: 128
nr_doubles: 65536

Write the data to file:536870912 bytes
***********WAITING************

Write the data to file:536870912 bytes
***********WAITING************

Write the data to file:536870912 bytes
***********WAITING************

Write the data to file:536870912 bytes
***********WAITING************
nr_of_strided_rec: 128
nr_doubles: 65536
nr_of_strided_rec: 128
nr_doubles: 65536
nr_of_strided_rec: 128
nr_doubles: 65536
nr_of_strided_rec: 128
nr_doubles: 65536

Write the data to file:536870912 bytes
***********WAITING************

Write the data to file:536870912 bytes
***********WAITING************

Write the data to file:536870912 bytes
***********WAITING************

Write the data to file:536870912 bytes
***********WAITING************
nr_of_strided_rec: 128
nr_doubles: 65536
nr_of_strided_rec: 128
nr_doubles: 65536
nr_of_strided_rec: 128
nr_doubles: 65536
nr_of_strided_rec: 128
nr_doubles: 65536

Write the data to file:536870912 bytes
***********WAITING************

Write the data to file:536870912 bytes
***********WAITING************

Write the data to file:536870912 bytes
***********WAITING************

Write the data to file:536870912 bytes
***********WAITING************
nr_of_strided_rec: 128
nr_doubles: 65536
nr_of_strided_rec: 128
nr_doubles: 65536
nr_of_strided_rec: 128
nr_doubles: 65536
nr_of_strided_rec: 128
nr_doubles: 65536

Write the data to file:536870912 bytes
***********WAITING************

Write the data to file:536870912 bytes
***********WAITING************

Write the data to file:536870912 bytes
***********WAITING************

Write the data to file:536870912 bytes
***********WAITING************
nr_of_strided_rec: 128
nr_doubles: 65536
nr_of_strided_rec: 128
nr_doubles: 65536
nr_of_strided_rec: 128
nr_doubles: 65536
nr_of_strided_rec: 128
nr_doubles: 65536

Write the data to file:536870912 bytes
***********WAITING************

Write the data to file:536870912 bytes
***********WAITING************

Write the data to file:536870912 bytes
***********WAITING************

Write the data to file:536870912 bytes
***********WAITING************
nr_of_strided_rec: 128
nr_doubles: 65536
nr_of_strided_rec: 128
nr_doubles: 65536
nr_of_strided_rec: 128
nr_doubles: 65536
nr_of_strided_rec: 128
nr_doubles: 65536

Write the data to file:536870912 bytes
***********WAITING************

Write the data to file:536870912 bytes
***********WAITING************

Write the data to file:536870912 bytes
***********WAITING************

Write the data to file:536870912 bytes
***********WAITING************
nr_of_strided_rec: 128
nr_doubles: 65536
nr_of_strided_rec: 128
nr_doubles: 65536
nr_of_strided_rec: 128
nr_doubles: 65536
nr_of_strided_rec: 128
nr_doubles: 65536

Write the data to file:536870912 bytes
***********WAITING************

Write the data to file:536870912 bytes
***********WAITING************

Write the data to file:536870912 bytes
***********WAITING************

Write the data to file:536870912 bytes
***********WAITING************
nr_of_strided_rec: 128
nr_doubles: 65536
nr_of_strided_rec: 128
nr_doubles: 65536
nr_of_strided_rec: 128
nr_doubles: 65536
nr_of_strided_rec: 128
nr_doubles: 65536

Write the data to file:536870912 bytes
***********WAITING************

Write the data to file:536870912 bytes
***********WAITING************

Write the data to file:536870912 bytes
***********WAITING************

Write the data to file:536870912 bytes
***********WAITING************
nr_of_strided_rec: 128
nr_doubles: 65536
nr_of_strided_rec: 128
nr_doubles: 65536
nr_of_strided_rec: 128
nr_doubles: 65536
nr_of_strided_rec: 128
nr_doubles: 65536

Write the data to file:536870912 bytes
***********WAITING************

Write the data to file:536870912 bytes
***********WAITING************

Write the data to file:536870912 bytes
***********WAITING************

Write the data to file:536870912 bytes
***********WAITING************
nr_of_strided_rec: 128
nr_doubles: 65536
nr_of_strided_rec: 128
nr_doubles: 65536
nr_of_strided_rec: 128
nr_doubles: 65536
nr_of_strided_rec: 128
nr_doubles: 65536

Write the data to file:536870912 bytes
***********WAITING************

Write the data to file:536870912 bytes
***********WAITING************

Write the data to file:536870912 bytes
***********WAITING************

Write the data to file:536870912 bytes
***********WAITING************
nr_of_strided_rec: 128
nr_doubles: 65536
nr_of_strided_rec: 128
nr_doubles: 65536
nr_of_strided_rec: 128
nr_doubles: 65536
nr_of_strided_rec: 128
nr_doubles: 65536

Write the data to file:536870912 bytes
***********WAITING************

Write the data to file:536870912 bytes
***********WAITING************

Write the data to file:536870912 bytes
***********WAITING************

Write the data to file:536870912 bytes
***********WAITING************
nr_of_strided_rec: 128
nr_doubles: 65536
nr_of_strided_rec: 128
nr_doubles: 65536
nr_of_strided_rec: 128
nr_doubles: 65536
nr_of_strided_rec: 128
nr_doubles: 65536

Write the data to file:536870912 bytes
***********WAITING************

Write the data to file:536870912 bytes
***********WAITING************

Write the data to file:536870912 bytes
***********WAITING************

Write the data to file:536870912 bytes
***********WAITING************
nr_of_strided_rec: 128
nr_doubles: 65536
nr_of_strided_rec: 128
nr_doubles: 65536
nr_of_strided_rec: 128
nr_doubles: 65536
nr_of_strided_rec: 128
nr_doubles: 65536

Write the data to file:536870912 bytes
***********WAITING************

Write the data to file:536870912 bytes
***********WAITING************

Write the data to file:536870912 bytes
***********WAITING************

Write the data to file:536870912 bytes
***********WAITING************
nr_of_strided_rec: 128
nr_doubles: 65536
nr_of_strided_rec: 128
nr_doubles: 65536
nr_of_strided_rec: 128
nr_doubles: 65536
nr_of_strided_rec: 128
nr_doubles: 65536

Write the data to file:536870912 bytes
***********WAITING************

Write the data to file:536870912 bytes
***********WAITING************

Write the data to file:536870912 bytes
***********WAITING************

Write the data to file:536870912 bytes
***********WAITING************
nr_of_strided_rec: 128
nr_doubles: 65536
nr_of_strided_rec: 128
nr_doubles: 65536
nr_of_strided_rec: 128
nr_doubles: 65536
nr_of_strided_rec: 128
nr_doubles: 65536

Write the data to file:536870912 bytes
***********WAITING************

Write the data to file:536870912 bytes
***********WAITING************

Write the data to file:536870912 bytes
***********WAITING************

Write the data to file:536870912 bytes
***********WAITING************
nr_of_strided_rec: 128
nr_doubles: 65536
nr_of_strided_rec: 128
nr_doubles: 65536
nr_of_strided_rec: 128
nr_doubles: 65536
nr_of_strided_rec: 128
nr_doubles: 65536

Write the data to file:536870912 bytes
***********WAITING************

Write the data to file:536870912 bytes
***********WAITING************

Write the data to file:536870912 bytes
***********WAITING************

Write the data to file:536870912 bytes
***********WAITING************
nr_of_strided_rec: 128
nr_doubles: 65536
nr_of_strided_rec: 128
nr_doubles: 65536
nr_of_strided_rec: 128
nr_doubles: 65536
nr_of_strided_rec: 128
nr_doubles: 65536

Write the data to file:536870912 bytes
***********WAITING************

Write the data to file:536870912 bytes
***********WAITING************

Write the data to file:536870912 bytes
***********WAITING************

Write the data to file:536870912 bytes
***********WAITING************
nr_of_strided_rec: 128
nr_doubles: 65536
nr_of_strided_rec: 128
nr_doubles: 65536
nr_of_strided_rec: 128
nr_doubles: 65536
nr_of_strided_rec: 128
nr_doubles: 65536

Write the data to file:536870912 bytes
***********WAITING************

Write the data to file:536870912 bytes
***********WAITING************

Write the data to file:536870912 bytes
***********WAITING************

Write the data to file:536870912 bytes
***********WAITING************
nr_of_strided_rec: 128
nr_doubles: 65536
nr_of_strided_rec: 128
nr_doubles: 65536
nr_of_strided_rec: 128
nr_doubles: 65536
nr_of_strided_rec: 128
nr_doubles: 65536

Write the data to file:536870912 bytes
***********WAITING************

Write the data to file:536870912 bytes
***********WAITING************

Write the data to file:536870912 bytes
***********WAITING************

Write the data to file:536870912 bytes
***********WAITING************
nr_of_strided_rec: 128
nr_doubles: 65536
nr_of_strided_rec: 128
nr_doubles: 65536
nr_of_strided_rec: 128
nr_doubles: 65536
nr_of_strided_rec: 128
nr_doubles: 65536

Write the data to file:536870912 bytes
***********WAITING************

Write the data to file:536870912 bytes
***********WAITING************

Write the data to file:536870912 bytes
***********WAITING************

Write the data to file:536870912 bytes
***********WAITING************
nr_of_strided_rec: 128
nr_doubles: 65536
nr_of_strided_rec: 128
nr_doubles: 65536
nr_of_strided_rec: 128
nr_doubles: 65536
nr_of_strided_rec: 128
nr_doubles: 65536

Write the data to file:536870912 bytes
***********WAITING************

Write the data to file:536870912 bytes
***********WAITING************

Write the data to file:536870912 bytes
***********WAITING************

Write the data to file:536870912 bytes
***********WAITING************
nr_of_strided_rec: 128
nr_doubles: 65536
nr_of_strided_rec: 128
nr_doubles: 65536
nr_of_strided_rec: 128
nr_doubles: 65536
nr_of_strided_rec: 128
nr_doubles: 65536

Write the data to file:536870912 bytes
***********WAITING************

Write the data to file:536870912 bytes
***********WAITING************

Write the data to file:536870912 bytes
***********WAITING************

Write the data to file:536870912 bytes
***********WAITING************
nr_of_strided_rec: 128
nr_doubles: 65536
nr_of_strided_rec: 128
nr_doubles: 65536
nr_of_strided_rec: 128
nr_doubles: 65536
nr_of_strided_rec: 128
nr_doubles: 65536

Write the data to file:536870912 bytes
***********WAITING************

Write the data to file:536870912 bytes
***********WAITING************

Write the data to file:536870912 bytes
***********WAITING************

Write the data to file:536870912 bytes
***********WAITING************
nr_of_strided_rec: 128
nr_doubles: 65536
nr_of_strided_rec: 128
nr_doubles: 65536
nr_of_strided_rec: 128
nr_doubles: 65536
nr_of_strided_rec: 128
nr_doubles: 65536

Write the data to file:536870912 bytes
***********WAITING************

Write the data to file:536870912 bytes
***********WAITING************

Write the data to file:536870912 bytes
***********WAITING************

Write the data to file:536870912 bytes
***********WAITING************
nr_of_strided_rec: 128
nr_doubles: 65536
nr_of_strided_rec: 128
nr_doubles: 65536
nr_of_strided_rec: 128
nr_doubles: 65536
nr_of_strided_rec: 128
nr_doubles: 65536

Write the data to file:536870912 bytes
***********WAITING************

Write the data to file:536870912 bytes
***********WAITING************

Write the data to file:536870912 bytes
***********WAITING************

Write the data to file:536870912 bytes
***********WAITING************
nr_of_strided_rec: 128
nr_doubles: 65536
nr_of_strided_rec: 128
nr_doubles: 65536
nr_of_strided_rec: 128
nr_doubles: 65536
nr_of_strided_rec: 128
nr_doubles: 65536

Write the data to file:536870912 bytes
***********WAITING************

Write the data to file:536870912 bytes
***********WAITING************

Write the data to file:536870912 bytes
***********WAITING************

Write the data to file:536870912 bytes
***********WAITING************
nr_of_strided_rec: 128
nr_doubles: 65536
nr_of_strided_rec: 128
nr_doubles: 65536
nr_of_strided_rec: 128
nr_doubles: 65536
nr_of_strided_rec: 128
nr_doubles: 65536

Write the data to file:536870912 bytes
***********WAITING************

Write the data to file:536870912 bytes
***********WAITING************

Write the data to file:536870912 bytes
***********WAITING************

Write the data to file:536870912 bytes
***********WAITING************
nr_of_strided_rec: 128
nr_doubles: 65536
nr_of_strided_rec: 128
nr_doubles: 65536
nr_of_strided_rec: 128
nr_doubles: 65536
nr_of_strided_rec: 128
nr_doubles: 65536

Write the data to file:536870912 bytes
***********WAITING************

Write the data to file:536870912 bytes
***********WAITING************

Write the data to file:536870912 bytes
***********WAITING************

Write the data to file:536870912 bytes
***********WAITING************

Write the data to file:536870912 bytes
***********WAITING************

Write the data to file:536870912 bytes
***********WAITING************

Write the data to file:536870912 bytes
***********WAITING************

Write the data to file:536870912 bytes
***********WAITING************
W_cc         9.13   [      9.12:      9.14]
W_r        165.89   [    165.89:    165.89]
W_w        122.62   [    122.62:    122.62]
          -------
W_total    297.65   [    297.63:    297.66]

calc_W done
nr_of_strided_rec: 128
nr_doubles: 65536
calc_W done
nr_of_strided_rec: 128
nr_doubles: 65536
calc_W done
nr_of_strided_rec: 128
nr_doubles: 65536
calc_W done
nr_of_strided_rec: 128
nr_doubles: 65536
nr_of_strided_rec: 128
nr_doubles: 65536
nr_of_strided_rec: 128
nr_doubles: 65536
nr_of_strided_rec: 128
nr_doubles: 65536
nr_of_strided_rec: 128
nr_doubles: 65536
nr_of_strided_rec: 128
nr_doubles: 65536
nr_of_strided_rec: 128
nr_doubles: 65536
nr_of_strided_rec: 128
nr_doubles: 65536
nr_of_strided_rec: 128
nr_doubles: 65536
nr_of_strided_rec: 128
nr_doubles: 65536
nr_of_strided_rec: 128
nr_doubles: 65536
nr_of_strided_rec: 128
nr_doubles: 65536
nr_of_strided_rec: 128
nr_doubles: 65536
nr_of_strided_rec: 128
nr_doubles: 65536
nr_of_strided_rec: 128
nr_doubles: 65536
nr_of_strided_rec: 128
nr_doubles: 65536
nr_of_strided_rec: 128
nr_doubles: 65536
nr_of_strided_rec: 128
nr_doubles: 65536
nr_of_strided_rec: 128
nr_doubles: 65536
nr_of_strided_rec: 128
nr_doubles: 65536
nr_of_strided_rec: 128
nr_doubles: 65536
nr_of_strided_rec: 128
nr_doubles: 65536
nr_of_strided_rec: 128
nr_doubles: 65536
nr_of_strided_rec: 128
nr_doubles: 65536
nr_of_strided_rec: 128
nr_doubles: 65536
nr_of_strided_rec: 128
nr_doubles: 65536
nr_of_strided_rec: 128
nr_doubles: 65536
nr_of_strided_rec: 128
nr_doubles: 65536
nr_of_strided_rec: 128
nr_doubles: 65536
nr_of_strided_rec: 128
nr_doubles: 65536
nr_of_strided_rec: 128
nr_doubles: 65536
nr_of_strided_rec: 128
nr_doubles: 65536
nr_of_strided_rec: 128
nr_doubles: 65536
nr_of_strided_rec: 128
nr_doubles: 65536
nr_of_strided_rec: 128
nr_doubles: 65536
nr_of_strided_rec: 128
nr_doubles: 65536
nr_of_strided_rec: 128
nr_doubles: 65536
nr_of_strided_rec: 128
nr_doubles: 65536
nr_of_strided_rec: 128
nr_doubles: 65536
nr_of_strided_rec: 128
nr_doubles: 65536
nr_of_strided_rec: 128
nr_doubles: 65536
nr_of_strided_rec: 128
nr_doubles: 65536
nr_of_strided_rec: 128
nr_doubles: 65536
nr_of_strided_rec: 128
nr_doubles: 65536
nr_of_strided_rec: 128
nr_doubles: 65536
nr_of_strided_rec: 128
nr_doubles: 65536
nr_of_strided_rec: 128
nr_doubles: 65536
nr_of_strided_rec: 128
nr_doubles: 65536
nr_of_strided_rec: 128
nr_doubles: 65536
nr_of_strided_rec: 128
nr_doubles: 65536
nr_of_strided_rec: 128
nr_doubles: 65536
nr_of_strided_rec: 128
nr_doubles: 65536
nr_of_strided_rec: 128
nr_doubles: 65536
nr_of_strided_rec: 128
nr_doubles: 65536
nr_of_strided_rec: 128
nr_doubles: 65536
nr_of_strided_rec: 128
nr_doubles: 65536
nr_of_strided_rec: 128
nr_doubles: 65536
nr_of_strided_rec: 128
nr_doubles: 65536
nr_of_strided_rec: 128
nr_doubles: 65536
nr_of_strided_rec: 128
nr_doubles: 65536
nr_of_strided_rec: 128
nr_doubles: 65536
nr_of_strided_rec: 128
nr_doubles: 65536
nr_of_strided_rec: 128
nr_doubles: 65536
nr_of_strided_rec: 128
nr_doubles: 65536
nr_of_strided_rec: 128
nr_doubles: 65536
nr_of_strided_rec: 128
nr_doubles: 65536
nr_of_strided_rec: 128
nr_doubles: 65536
nr_of_strided_rec: 128
nr_doubles: 65536
nr_of_strided_rec: 128
nr_doubles: 65536
nr_of_strided_rec: 128
nr_doubles: 65536
nr_of_strided_rec: 128
nr_doubles: 65536
nr_of_strided_rec: 128
nr_doubles: 65536
nr_of_strided_rec: 128
nr_doubles: 65536
nr_of_strided_rec: 128
nr_doubles: 65536
nr_of_strided_rec: 128
nr_doubles: 65536
nr_of_strided_rec: 128
nr_doubles: 65536
nr_of_strided_rec: 128
nr_doubles: 65536
nr_of_strided_rec: 128
nr_doubles: 65536
nr_of_strided_rec: 128
nr_doubles: 65536
nr_of_strided_rec: 128
nr_doubles: 65536
nr_of_strided_rec: 128
nr_doubles: 65536
nr_of_strided_rec: 128
nr_doubles: 65536
nr_of_strided_rec: 128
nr_doubles: 65536
nr_of_strided_rec: 128
nr_doubles: 65536
nr_of_strided_rec: 128
nr_doubles: 65536
nr_of_strided_rec: 128
nr_doubles: 65536
nr_of_strided_rec: 128
nr_doubles: 65536
nr_of_strided_rec: 128
nr_doubles: 65536
nr_of_strided_rec: 128
nr_doubles: 65536
nr_of_strided_rec: 128
nr_doubles: 65536
nr_of_strided_rec: 128
nr_doubles: 65536
nr_of_strided_rec: 128
nr_doubles: 65536
nr_of_strided_rec: 128
nr_doubles: 65536
nr_of_strided_rec: 128
nr_doubles: 65536
nr_of_strided_rec: 128
nr_doubles: 65536
nr_of_strided_rec: 128
nr_doubles: 65536
nr_of_strided_rec: 128
nr_doubles: 65536
nr_of_strided_rec: 128
nr_doubles: 65536
nr_of_strided_rec: 128
nr_doubles: 65536
nr_of_strided_rec: 128
nr_doubles: 65536
nr_of_strided_rec: 128
nr_doubles: 65536
nr_of_strided_rec: 128
nr_doubles: 65536
nr_of_strided_rec: 128
nr_doubles: 65536
nr_of_strided_rec: 128
nr_doubles: 65536
nr_of_strided_rec: 128
nr_doubles: 65536
nr_of_strided_rec: 128
nr_doubles: 65536
nr_of_strided_rec: 128
nr_doubles: 65536
nr_of_strided_rec: 128
nr_doubles: 65536
nr_of_strided_rec: 128
nr_doubles: 65536
nr_of_strided_rec: 128
nr_doubles: 65536
nr_of_strided_rec: 128
nr_doubles: 65536
nr_of_strided_rec: 128
nr_doubles: 65536
nr_of_strided_rec: 128
nr_doubles: 65536
nr_of_strided_rec: 128
nr_doubles: 65536
nr_of_strided_rec: 128
nr_doubles: 65536
nr_of_strided_rec: 128
nr_doubles: 65536
nr_of_strided_rec: 128
nr_doubles: 65536
C_cc         5.19   [      5.18:      5.20]
C_bw         2.94   [      2.94:      2.94]
C_r        130.95   [    130.95:    130.95]
          -------
C_total    139.07   [    139.07:    139.08]


dC[0] = 0.00000e+00
fclose PID:33136 fd:12
fclose PID:33138 fd:8
fclose PID:33139 fd:8
fclose PID:33137 fd:10
READAHEAD_TIME:85890923.000000 us
MaxRSS= 2108000 KB, SharedMem= 0 KB, HardPageFault= 13
READAHEAD_TIME:85335361.000000 us
MaxRSS= 2107852 KB, SharedMem= 0 KB, HardPageFault= 12
READAHEAD_TIME:83657950.000000 us
MaxRSS= 2107944 KB, SharedMem= 0 KB, HardPageFault= 11
READAHEAD_TIME:84708848.000000 us
MaxRSS= 2107748 KB, SharedMem= 0 KB, HardPageFault= 10
fclose PID:33135 fd:0
fclose PID:33135 fd:6
fclose PID:33135 fd:6
fclose PID:33135 fd:0
READAHEAD_TIME:0.000000 us
MaxRSS= 5348 KB, SharedMem= 0 KB, HardPageFault= 2
fclose PID:33134 fd:3
fclose PID:33134 fd:4
fclose PID:33134 fd:4
fclose PID:33134 fd:3
READAHEAD_TIME:0.000000 us
MaxRSS= 4944 KB, SharedMem= 0 KB, HardPageFault= 4
	Command being timed: "mpiexec -n 4 ./MADbench2_io 16384 30 1 8 64 1 1 524288 7 1"
	User time (seconds): 428.30
	System time (seconds): 234.02
	Percent of CPU this job got: 112%
	Elapsed (wall clock) time (h:mm:ss or m:ss): 9:46.46
	Average shared text size (kbytes): 0
	Average unshared data size (kbytes): 0
	Average stack size (kbytes): 0
	Average total size (kbytes): 0
	Maximum resident set size (kbytes): 2108000
	Average resident set size (kbytes): 0
	Major (requiring I/O) page faults: 53
	Minor (reclaiming a frame) page faults: 12796681
	Voluntary context switches: 96858
	Involuntary context switches: 3305
	Swaps: 0
	File system inputs: 249466288
	File system outputs: 251658480
	Socket messages sent: 0
	Socket messages received: 0
	Signals delivered: 0
	Page size (bytes): 4096
	Exit status: 0
READAHEAD_TIME:0.000000 us
MaxRSS= 2072 KB, SharedMem= 0 KB, HardPageFault= 0
*******************DMESG OUTPUT******************
