fclose PID:34436 fd:3
fclose PID:34436 fd:4
fclose PID:34436 fd:4
fclose PID:34436 fd:3
available: 2 nodes (0-1)
fclose PID:34436 fd:3
node 0 cpus:fclose PID:34436 fd:3
 0 1 2 3 4 5 6 7 8 9 20 21 22 23 24 25 26 27 28 29
node 0 size: 80440 MB
node 0 free: 80122 MB
fclose PID:34436 fd:3
node 1 cpus:fclose PID:34436 fd:3
 10 11 12 13 14 15 16 17 18 19 30 31 32 33 34 35 36 37 38 39
node 1 size: 80635 MB
node 1 free: 80374 MB
fclose PID:34436 fd:3
fclose PID:34436 fd:3
node distances:
node   0   1 
  0:  10  21 
  1:  21  10 
READAHEAD_TIME:0.000000 us
MaxRSS= 2240 KB, SharedMem= 0 KB, HardPageFault= 10
fclose PID:34441 fd:12
fclose PID:34442 fd:10
fclose PID:34443 fd:8
fclose PID:34444 fd:8

MADbench 2.0 IO-mode
no_pe = 4  no_pix = 16384  no_bin = 30  no_gang = 1 sblocksize = 8  fblocksize = 64  r_mod = 1  w_mod = 1 record_size=4194304 stride=7


IOMETHOD = POSIX  IOMODE = SYNC  FILETYPE = UNIQUE  REMAP = CUSTOMbuild_S
build_S
build_S
build_S

Write the data to file:536870912 bytes
***********WAITING************

Write the data to file:536870912 bytes
***********WAITING************

Write the data to file:536870912 bytes
***********WAITING************

Write the data to file:536870912 bytes
***********WAITING************

Write the data to file:536870912 bytes
***********WAITING************

Write the data to file:536870912 bytes
***********WAITING************

Write the data to file:536870912 bytes
***********WAITING************

Write the data to file:536870912 bytes
***********WAITING************

Write the data to file:536870912 bytes
***********WAITING************

Write the data to file:536870912 bytes
***********WAITING************

Write the data to file:536870912 bytes
***********WAITING************

Write the data to file:536870912 bytes
***********WAITING************

Write the data to file:536870912 bytes
***********WAITING************

Write the data to file:536870912 bytes
***********WAITING************

Write the data to file:536870912 bytes
***********WAITING************

Write the data to file:536870912 bytes
***********WAITING************

Write the data to file:536870912 bytes
***********WAITING************

Write the data to file:536870912 bytes
***********WAITING************

Write the data to file:536870912 bytes
***********WAITING************

Write the data to file:536870912 bytes
***********WAITING************

Write the data to file:536870912 bytes
***********WAITING************

Write the data to file:536870912 bytes
***********WAITING************

Write the data to file:536870912 bytes
***********WAITING************

Write the data to file:536870912 bytes
***********WAITING************

Write the data to file:536870912 bytes
***********WAITING************

Write the data to file:536870912 bytes
***********WAITING************

Write the data to file:536870912 bytes
***********WAITING************

Write the data to file:536870912 bytes
***********WAITING************

Write the data to file:536870912 bytes
***********WAITING************

Write the data to file:536870912 bytes
***********WAITING************

Write the data to file:536870912 bytes
***********WAITING************

Write the data to file:536870912 bytes
***********WAITING************

Write the data to file:536870912 bytes
***********WAITING************

Write the data to file:536870912 bytes
***********WAITING************

Write the data to file:536870912 bytes
***********WAITING************

Write the data to file:536870912 bytes
***********WAITING************

Write the data to file:536870912 bytes
***********WAITING************

Write the data to file:536870912 bytes
***********WAITING************

Write the data to file:536870912 bytes
***********WAITING************

Write the data to file:536870912 bytes
***********WAITING************

Write the data to file:536870912 bytes
***********WAITING************

Write the data to file:536870912 bytes
***********WAITING************

Write the data to file:536870912 bytes
***********WAITING************

Write the data to file:536870912 bytes
***********WAITING************

Write the data to file:536870912 bytes
***********WAITING************

Write the data to file:536870912 bytes
***********WAITING************

Write the data to file:536870912 bytes
***********WAITING************

Write the data to file:536870912 bytes
***********WAITING************

Write the data to file:536870912 bytes
***********WAITING************

Write the data to file:536870912 bytes
***********WAITING************

Write the data to file:536870912 bytes
***********WAITING************

Write the data to file:536870912 bytes
***********WAITING************

Write the data to file:536870912 bytes
***********WAITING************

Write the data to file:536870912 bytes
***********WAITING************

Write the data to file:536870912 bytes
***********WAITING************

Write the data to file:536870912 bytes
***********WAITING************

Write the data to file:536870912 bytes
***********WAITING************

Write the data to file:536870912 bytes
***********WAITING************

Write the data to file:536870912 bytes
***********WAITING************

Write the data to file:536870912 bytes
***********WAITING************

Write the data to file:536870912 bytes
***********WAITING************

Write the data to file:536870912 bytes
***********WAITING************

Write the data to file:536870912 bytes
***********WAITING************

Write the data to file:536870912 bytes
***********WAITING************

Write the data to file:536870912 bytes
***********WAITING************

Write the data to file:536870912 bytes
***********WAITING************

Write the data to file:536870912 bytes
***********WAITING************

Write the data to file:536870912 bytes
***********WAITING************

Write the data to file:536870912 bytes
***********WAITING************

Write the data to file:536870912 bytes
***********WAITING************

Write the data to file:536870912 bytes
***********WAITING************

Write the data to file:536870912 bytes
***********WAITING************

Write the data to file:536870912 bytes
***********WAITING************

Write the data to file:536870912 bytes
***********WAITING************

Write the data to file:536870912 bytes
***********WAITING************

Write the data to file:536870912 bytes
***********WAITING************

Write the data to file:536870912 bytes
***********WAITING************

Write the data to file:536870912 bytes
***********WAITING************

Write the data to file:536870912 bytes
***********WAITING************

Write the data to file:536870912 bytes
***********WAITING************

Write the data to file:536870912 bytes
***********WAITING************

Write the data to file:536870912 bytes
***********WAITING************

Write the data to file:536870912 bytes
***********WAITING************

Write the data to file:536870912 bytes
***********WAITING************

Write the data to file:536870912 bytes
***********WAITING************

Write the data to file:536870912 bytes
***********WAITING************

Write the data to file:536870912 bytes
***********WAITING************

Write the data to file:536870912 bytes
***********WAITING************

Write the data to file:536870912 bytes
***********WAITING************

Write the data to file:536870912 bytes
***********WAITING************

Write the data to file:536870912 bytes
***********WAITING************

Write the data to file:536870912 bytes
***********WAITING************

Write the data to file:536870912 bytes
***********WAITING************

Write the data to file:536870912 bytes
***********WAITING************

Write the data to file:536870912 bytes
***********WAITING************

Write the data to file:536870912 bytes
***********WAITING************

Write the data to file:536870912 bytes
***********WAITING************

Write the data to file:536870912 bytes
***********WAITING************

Write the data to file:536870912 bytes
***********WAITING************

Write the data to file:536870912 bytes
***********WAITING************

Write the data to file:536870912 bytes
***********WAITING************

Write the data to file:536870912 bytes
***********WAITING************

Write the data to file:536870912 bytes
***********WAITING************

Write the data to file:536870912 bytes
***********WAITING************

Write the data to file:536870912 bytes
***********WAITING************

Write the data to file:536870912 bytes
***********WAITING************

Write the data to file:536870912 bytes
***********WAITING************

Write the data to file:536870912 bytes
***********WAITING************

Write the data to file:536870912 bytes
***********WAITING************

Write the data to file:536870912 bytes
***********WAITING************

Write the data to file:536870912 bytes
***********WAITING************

Write the data to file:536870912 bytes
***********WAITING************

Write the data to file:536870912 bytes
***********WAITING************

Write the data to file:536870912 bytes
***********WAITING************

Write the data to file:536870912 bytes
***********WAITING************

Write the data to file:536870912 bytes
***********WAITING************

Write the data to file:536870912 bytes
***********WAITING************

Write the data to file:536870912 bytes
***********WAITING************

Write the data to file:536870912 bytes
***********WAITING************

Write the data to file:536870912 bytes
***********WAITING************
S_cc         4.27   [      4.26:      4.28]
S_bw         2.81   [      2.81:      2.81]
S_w        152.22   [    152.22:    152.22]
          -------
S_total    159.29   [    159.28:    159.30]

build_S done
calc_W
build_S done
calc_W
build_S done
calc_W
build_S done
calc_W
nr_of_strided_rec: 16
nr_doubles: 524288
nr_of_strided_rec: 16
nr_doubles: 524288
nr_of_strided_rec: 16
nr_doubles: 524288
nr_of_strided_rec: 16
nr_doubles: 524288
nr_of_strided_rec: 16
nr_doubles: 524288
nr_of_strided_rec: 16
nr_doubles: 524288
nr_of_strided_rec: 16
nr_doubles: 524288
nr_of_strided_rec: 16
nr_doubles: 524288

Write the data to file:536870912 bytes
***********WAITING************

Write the data to file:536870912 bytes
***********WAITING************

Write the data to file:536870912 bytes
***********WAITING************

Write the data to file:536870912 bytes
***********WAITING************
nr_of_strided_rec: 16
nr_doubles: 524288
nr_of_strided_rec: 16
nr_doubles: 524288
nr_of_strided_rec: 16
nr_doubles: 524288
nr_of_strided_rec: 16
nr_doubles: 524288

Write the data to file:536870912 bytes
***********WAITING************

Write the data to file:536870912 bytes
***********WAITING************

Write the data to file:536870912 bytes
***********WAITING************

Write the data to file:536870912 bytes
***********WAITING************
nr_of_strided_rec: 16
nr_doubles: 524288
nr_of_strided_rec: 16
nr_doubles: 524288
nr_of_strided_rec: 16
nr_doubles: 524288
nr_of_strided_rec: 16
nr_doubles: 524288

Write the data to file:536870912 bytes
***********WAITING************

Write the data to file:536870912 bytes
***********WAITING************

Write the data to file:536870912 bytes
***********WAITING************

Write the data to file:536870912 bytes
***********WAITING************
nr_of_strided_rec: 16
nr_doubles: 524288
nr_of_strided_rec: 16
nr_doubles: 524288
nr_of_strided_rec: 16
nr_doubles: 524288
nr_of_strided_rec: 16
nr_doubles: 524288

Write the data to file:536870912 bytes
***********WAITING************

Write the data to file:536870912 bytes
***********WAITING************

Write the data to file:536870912 bytes
***********WAITING************

Write the data to file:536870912 bytes
***********WAITING************
nr_of_strided_rec: 16
nr_doubles: 524288
nr_of_strided_rec: 16
nr_doubles: 524288
nr_of_strided_rec: 16
nr_doubles: 524288
nr_of_strided_rec: 16
nr_doubles: 524288

Write the data to file:536870912 bytes
***********WAITING************

Write the data to file:536870912 bytes
***********WAITING************

Write the data to file:536870912 bytes
***********WAITING************

Write the data to file:536870912 bytes
***********WAITING************
nr_of_strided_rec: 16
nr_doubles: 524288
nr_of_strided_rec: 16
nr_doubles: 524288
nr_of_strided_rec: 16
nr_doubles: 524288
nr_of_strided_rec: 16
nr_doubles: 524288

Write the data to file:536870912 bytes
***********WAITING************

Write the data to file:536870912 bytes
***********WAITING************

Write the data to file:536870912 bytes
***********WAITING************

Write the data to file:536870912 bytes
***********WAITING************
nr_of_strided_rec: 16
nr_doubles: 524288
nr_of_strided_rec: 16
nr_doubles: 524288
nr_of_strided_rec: 16
nr_doubles: 524288
nr_of_strided_rec: 16
nr_doubles: 524288

Write the data to file:536870912 bytes
***********WAITING************

Write the data to file:536870912 bytes
***********WAITING************

Write the data to file:536870912 bytes
***********WAITING************

Write the data to file:536870912 bytes
***********WAITING************
nr_of_strided_rec: 16
nr_doubles: 524288
nr_of_strided_rec: 16
nr_doubles: 524288
nr_of_strided_rec: 16
nr_doubles: 524288
nr_of_strided_rec: 16
nr_doubles: 524288

Write the data to file:536870912 bytes
***********WAITING************

Write the data to file:536870912 bytes
***********WAITING************

Write the data to file:536870912 bytes
***********WAITING************

Write the data to file:536870912 bytes
***********WAITING************
nr_of_strided_rec: 16
nr_doubles: 524288
nr_of_strided_rec: 16
nr_doubles: 524288
nr_of_strided_rec: 16
nr_doubles: 524288
nr_of_strided_rec: 16
nr_doubles: 524288

Write the data to file:536870912 bytes
***********WAITING************

Write the data to file:536870912 bytes
***********WAITING************

Write the data to file:536870912 bytes
***********WAITING************

Write the data to file:536870912 bytes
***********WAITING************
nr_of_strided_rec: 16
nr_doubles: 524288
nr_of_strided_rec: 16
nr_doubles: 524288
nr_of_strided_rec: 16
nr_doubles: 524288
nr_of_strided_rec: 16
nr_doubles: 524288

Write the data to file:536870912 bytes
***********WAITING************

Write the data to file:536870912 bytes
***********WAITING************

Write the data to file:536870912 bytes
***********WAITING************

Write the data to file:536870912 bytes
***********WAITING************
nr_of_strided_rec: 16
nr_doubles: 524288
nr_of_strided_rec: 16
nr_doubles: 524288
nr_of_strided_rec: 16
nr_doubles: 524288
nr_of_strided_rec: 16
nr_doubles: 524288

Write the data to file:536870912 bytes
***********WAITING************

Write the data to file:536870912 bytes
***********WAITING************

Write the data to file:536870912 bytes
***********WAITING************

Write the data to file:536870912 bytes
***********WAITING************
nr_of_strided_rec: 16
nr_doubles: 524288
nr_of_strided_rec: 16
nr_doubles: 524288
nr_of_strided_rec: 16
nr_doubles: 524288
nr_of_strided_rec: 16
nr_doubles: 524288

Write the data to file:536870912 bytes
***********WAITING************

Write the data to file:536870912 bytes
***********WAITING************

Write the data to file:536870912 bytes
***********WAITING************

Write the data to file:536870912 bytes
***********WAITING************
nr_of_strided_rec: 16
nr_doubles: 524288
nr_of_strided_rec: 16
nr_doubles: 524288
nr_of_strided_rec: 16
nr_doubles: 524288
nr_of_strided_rec: 16
nr_doubles: 524288

Write the data to file:536870912 bytes
***********WAITING************

Write the data to file:536870912 bytes
***********WAITING************

Write the data to file:536870912 bytes
***********WAITING************

Write the data to file:536870912 bytes
***********WAITING************
nr_of_strided_rec: 16
nr_doubles: 524288
nr_of_strided_rec: 16
nr_doubles: 524288
nr_of_strided_rec: 16
nr_doubles: 524288
nr_of_strided_rec: 16
nr_doubles: 524288

Write the data to file:536870912 bytes
***********WAITING************

Write the data to file:536870912 bytes
***********WAITING************

Write the data to file:536870912 bytes
***********WAITING************

Write the data to file:536870912 bytes
***********WAITING************
nr_of_strided_rec: 16
nr_doubles: 524288
nr_of_strided_rec: 16
nr_doubles: 524288
nr_of_strided_rec: 16
nr_doubles: 524288
nr_of_strided_rec: 16
nr_doubles: 524288

Write the data to file:536870912 bytes
***********WAITING************

Write the data to file:536870912 bytes
***********WAITING************

Write the data to file:536870912 bytes
***********WAITING************

Write the data to file:536870912 bytes
***********WAITING************
nr_of_strided_rec: 16
nr_doubles: 524288
nr_of_strided_rec: 16
nr_doubles: 524288
nr_of_strided_rec: 16
nr_doubles: 524288
nr_of_strided_rec: 16
nr_doubles: 524288

Write the data to file:536870912 bytes
***********WAITING************

Write the data to file:536870912 bytes
***********WAITING************

Write the data to file:536870912 bytes
***********WAITING************

Write the data to file:536870912 bytes
***********WAITING************
nr_of_strided_rec: 16
nr_doubles: 524288
nr_of_strided_rec: 16
nr_doubles: 524288
nr_of_strided_rec: 16
nr_doubles: 524288
nr_of_strided_rec: 16
nr_doubles: 524288

Write the data to file:536870912 bytes
***********WAITING************

Write the data to file:536870912 bytes
***********WAITING************

Write the data to file:536870912 bytes
***********WAITING************

Write the data to file:536870912 bytes
***********WAITING************
nr_of_strided_rec: 16
nr_doubles: 524288
nr_of_strided_rec: 16
nr_doubles: 524288
nr_of_strided_rec: 16
nr_doubles: 524288
nr_of_strided_rec: 16
nr_doubles: 524288

Write the data to file:536870912 bytes
***********WAITING************

Write the data to file:536870912 bytes
***********WAITING************

Write the data to file:536870912 bytes
***********WAITING************

Write the data to file:536870912 bytes
***********WAITING************
nr_of_strided_rec: 16
nr_doubles: 524288
nr_of_strided_rec: 16
nr_doubles: 524288
nr_of_strided_rec: 16
nr_doubles: 524288
nr_of_strided_rec: 16
nr_doubles: 524288

Write the data to file:536870912 bytes
***********WAITING************

Write the data to file:536870912 bytes
***********WAITING************

Write the data to file:536870912 bytes
***********WAITING************

Write the data to file:536870912 bytes
***********WAITING************
nr_of_strided_rec: 16
nr_doubles: 524288
nr_of_strided_rec: 16
nr_doubles: 524288
nr_of_strided_rec: 16
nr_doubles: 524288
nr_of_strided_rec: 16
nr_doubles: 524288

Write the data to file:536870912 bytes
***********WAITING************

Write the data to file:536870912 bytes
***********WAITING************

Write the data to file:536870912 bytes
***********WAITING************

Write the data to file:536870912 bytes
***********WAITING************
nr_of_strided_rec: 16
nr_doubles: 524288
nr_of_strided_rec: 16
nr_doubles: 524288
nr_of_strided_rec: 16
nr_doubles: 524288
nr_of_strided_rec: 16
nr_doubles: 524288

Write the data to file:536870912 bytes
***********WAITING************

Write the data to file:536870912 bytes
***********WAITING************

Write the data to file:536870912 bytes
***********WAITING************

Write the data to file:536870912 bytes
***********WAITING************
nr_of_strided_rec: 16
nr_doubles: 524288
nr_of_strided_rec: 16
nr_doubles: 524288
nr_of_strided_rec: 16
nr_doubles: 524288
nr_of_strided_rec: 16
nr_doubles: 524288

Write the data to file:536870912 bytes
***********WAITING************

Write the data to file:536870912 bytes
***********WAITING************

Write the data to file:536870912 bytes
***********WAITING************

Write the data to file:536870912 bytes
***********WAITING************
nr_of_strided_rec: 16
nr_doubles: 524288
nr_of_strided_rec: 16
nr_doubles: 524288
nr_of_strided_rec: 16
nr_doubles: 524288
nr_of_strided_rec: 16
nr_doubles: 524288

Write the data to file:536870912 bytes
***********WAITING************

Write the data to file:536870912 bytes
***********WAITING************

Write the data to file:536870912 bytes
***********WAITING************

Write the data to file:536870912 bytes
***********WAITING************
nr_of_strided_rec: 16
nr_doubles: 524288
nr_of_strided_rec: 16
nr_doubles: 524288
nr_of_strided_rec: 16
nr_doubles: 524288
nr_of_strided_rec: 16
nr_doubles: 524288

Write the data to file:536870912 bytes
***********WAITING************

Write the data to file:536870912 bytes
***********WAITING************

Write the data to file:536870912 bytes
***********WAITING************

Write the data to file:536870912 bytes
***********WAITING************
nr_of_strided_rec: 16
nr_doubles: 524288
nr_of_strided_rec: 16
nr_doubles: 524288
nr_of_strided_rec: 16
nr_doubles: 524288
nr_of_strided_rec: 16
nr_doubles: 524288

Write the data to file:536870912 bytes
***********WAITING************

Write the data to file:536870912 bytes
***********WAITING************

Write the data to file:536870912 bytes
***********WAITING************

Write the data to file:536870912 bytes
***********WAITING************
nr_of_strided_rec: 16
nr_doubles: 524288
nr_of_strided_rec: 16
nr_doubles: 524288
nr_of_strided_rec: 16
nr_doubles: 524288
nr_of_strided_rec: 16
nr_doubles: 524288

Write the data to file:536870912 bytes
***********WAITING************

Write the data to file:536870912 bytes
***********WAITING************

Write the data to file:536870912 bytes
***********WAITING************

Write the data to file:536870912 bytes
***********WAITING************
nr_of_strided_rec: 16
nr_doubles: 524288
nr_of_strided_rec: 16
nr_doubles: 524288
nr_of_strided_rec: 16
nr_doubles: 524288
nr_of_strided_rec: 16
nr_doubles: 524288

Write the data to file:536870912 bytes
***********WAITING************

Write the data to file:536870912 bytes
***********WAITING************

Write the data to file:536870912 bytes
***********WAITING************

Write the data to file:536870912 bytes
***********WAITING************
nr_of_strided_rec: 16
nr_doubles: 524288
nr_of_strided_rec: 16
nr_doubles: 524288
nr_of_strided_rec: 16
nr_doubles: 524288
nr_of_strided_rec: 16
nr_doubles: 524288

Write the data to file:536870912 bytes
***********WAITING************

Write the data to file:536870912 bytes
***********WAITING************

Write the data to file:536870912 bytes
***********WAITING************

Write the data to file:536870912 bytes
***********WAITING************
nr_of_strided_rec: 16
nr_doubles: 524288
nr_of_strided_rec: 16
nr_doubles: 524288
nr_of_strided_rec: 16
nr_doubles: 524288
nr_of_strided_rec: 16
nr_doubles: 524288

Write the data to file:536870912 bytes
***********WAITING************

Write the data to file:536870912 bytes
***********WAITING************

Write the data to file:536870912 bytes
***********WAITING************

Write the data to file:536870912 bytes
***********WAITING************

Write the data to file:536870912 bytes
***********WAITING************

Write the data to file:536870912 bytes
***********WAITING************

Write the data to file:536870912 bytes
***********WAITING************

Write the data to file:536870912 bytes
***********WAITING************
W_cc         7.13   [      7.13:      7.14]
W_r        178.80   [    178.80:    178.80]
W_w        115.55   [    115.55:    115.55]
          -------
W_total    301.48   [    301.48:    301.49]

calc_W done
calc_W done
nr_of_strided_rec: 16
nr_doubles: 524288
calc_W done
nr_of_strided_rec: 16
nr_doubles: 524288
calc_W done
nr_of_strided_rec: 16
nr_doubles: 524288
nr_of_strided_rec: 16
nr_doubles: 524288
nr_of_strided_rec: 16
nr_doubles: 524288
nr_of_strided_rec: 16
nr_doubles: 524288
nr_of_strided_rec: 16
nr_doubles: 524288
nr_of_strided_rec: 16
nr_doubles: 524288
nr_of_strided_rec: 16
nr_doubles: 524288
nr_of_strided_rec: 16
nr_doubles: 524288
nr_of_strided_rec: 16
nr_doubles: 524288
nr_of_strided_rec: 16
nr_doubles: 524288
nr_of_strided_rec: 16
nr_doubles: 524288
nr_of_strided_rec: 16
nr_doubles: 524288
nr_of_strided_rec: 16
nr_doubles: 524288
nr_of_strided_rec: 16
nr_doubles: 524288
nr_of_strided_rec: 16
nr_doubles: 524288
nr_of_strided_rec: 16
nr_doubles: 524288
nr_of_strided_rec: 16
nr_doubles: 524288
nr_of_strided_rec: 16
nr_doubles: 524288
nr_of_strided_rec: 16
nr_doubles: 524288
nr_of_strided_rec: 16
nr_doubles: 524288
nr_of_strided_rec: 16
nr_doubles: 524288
nr_of_strided_rec: 16
nr_doubles: 524288
nr_of_strided_rec: 16
nr_doubles: 524288
nr_of_strided_rec: 16
nr_doubles: 524288
nr_of_strided_rec: 16
nr_doubles: 524288
nr_of_strided_rec: 16
nr_doubles: 524288
nr_of_strided_rec: 16
nr_doubles: 524288
nr_of_strided_rec: 16
nr_doubles: 524288
nr_of_strided_rec: 16
nr_doubles: 524288
nr_of_strided_rec: 16
nr_doubles: 524288
nr_of_strided_rec: 16
nr_doubles: 524288
nr_of_strided_rec: 16
nr_doubles: 524288
nr_of_strided_rec: 16
nr_doubles: 524288
nr_of_strided_rec: 16
nr_doubles: 524288
nr_of_strided_rec: 16
nr_doubles: 524288
nr_of_strided_rec: 16
nr_doubles: 524288
nr_of_strided_rec: 16
nr_doubles: 524288
nr_of_strided_rec: 16
nr_doubles: 524288
nr_of_strided_rec: 16
nr_doubles: 524288
nr_of_strided_rec: 16
nr_doubles: 524288
nr_of_strided_rec: 16
nr_doubles: 524288
nr_of_strided_rec: 16
nr_doubles: 524288
nr_of_strided_rec: 16
nr_doubles: 524288
nr_of_strided_rec: 16
nr_doubles: 524288
nr_of_strided_rec: 16
nr_doubles: 524288
nr_of_strided_rec: 16
nr_doubles: 524288
nr_of_strided_rec: 16
nr_doubles: 524288
nr_of_strided_rec: 16
nr_doubles: 524288
nr_of_strided_rec: 16
nr_doubles: 524288
nr_of_strided_rec: 16
nr_doubles: 524288
nr_of_strided_rec: 16
nr_doubles: 524288
nr_of_strided_rec: 16
nr_doubles: 524288
nr_of_strided_rec: 16
nr_doubles: 524288
nr_of_strided_rec: 16
nr_doubles: 524288
nr_of_strided_rec: 16
nr_doubles: 524288
nr_of_strided_rec: 16
nr_doubles: 524288
nr_of_strided_rec: 16
nr_doubles: 524288
nr_of_strided_rec: 16
nr_doubles: 524288
nr_of_strided_rec: 16
nr_doubles: 524288
nr_of_strided_rec: 16
nr_doubles: 524288
nr_of_strided_rec: 16
nr_doubles: 524288
nr_of_strided_rec: 16
nr_doubles: 524288
nr_of_strided_rec: 16
nr_doubles: 524288
nr_of_strided_rec: 16
nr_doubles: 524288
nr_of_strided_rec: 16
nr_doubles: 524288
nr_of_strided_rec: 16
nr_doubles: 524288
nr_of_strided_rec: 16
nr_doubles: 524288
nr_of_strided_rec: 16
nr_doubles: 524288
nr_of_strided_rec: 16
nr_doubles: 524288
nr_of_strided_rec: 16
nr_doubles: 524288
nr_of_strided_rec: 16
nr_doubles: 524288
nr_of_strided_rec: 16
nr_doubles: 524288
nr_of_strided_rec: 16
nr_doubles: 524288
nr_of_strided_rec: 16
nr_doubles: 524288
nr_of_strided_rec: 16
nr_doubles: 524288
nr_of_strided_rec: 16
nr_doubles: 524288
nr_of_strided_rec: 16
nr_doubles: 524288
nr_of_strided_rec: 16
nr_doubles: 524288
nr_of_strided_rec: 16
nr_doubles: 524288
nr_of_strided_rec: 16
nr_doubles: 524288
nr_of_strided_rec: 16
nr_doubles: 524288
nr_of_strided_rec: 16
nr_doubles: 524288
nr_of_strided_rec: 16
nr_doubles: 524288
nr_of_strided_rec: 16
nr_doubles: 524288
nr_of_strided_rec: 16
nr_doubles: 524288
nr_of_strided_rec: 16
nr_doubles: 524288
nr_of_strided_rec: 16
nr_doubles: 524288
nr_of_strided_rec: 16
nr_doubles: 524288
nr_of_strided_rec: 16
nr_doubles: 524288
nr_of_strided_rec: 16
nr_doubles: 524288
nr_of_strided_rec: 16
nr_doubles: 524288
nr_of_strided_rec: 16
nr_doubles: 524288
nr_of_strided_rec: 16
nr_doubles: 524288
nr_of_strided_rec: 16
nr_doubles: 524288
nr_of_strided_rec: 16
nr_doubles: 524288
nr_of_strided_rec: 16
nr_doubles: 524288
nr_of_strided_rec: 16
nr_doubles: 524288
nr_of_strided_rec: 16
nr_doubles: 524288
nr_of_strided_rec: 16
nr_doubles: 524288
nr_of_strided_rec: 16
nr_doubles: 524288
nr_of_strided_rec: 16
nr_doubles: 524288
nr_of_strided_rec: 16
nr_doubles: 524288
nr_of_strided_rec: 16
nr_doubles: 524288
nr_of_strided_rec: 16
nr_doubles: 524288
nr_of_strided_rec: 16
nr_doubles: 524288
nr_of_strided_rec: 16
nr_doubles: 524288
nr_of_strided_rec: 16
nr_doubles: 524288
nr_of_strided_rec: 16
nr_doubles: 524288
nr_of_strided_rec: 16
nr_doubles: 524288
nr_of_strided_rec: 16
nr_doubles: 524288
nr_of_strided_rec: 16
nr_doubles: 524288
nr_of_strided_rec: 16
nr_doubles: 524288
nr_of_strided_rec: 16
nr_doubles: 524288
nr_of_strided_rec: 16
nr_doubles: 524288
nr_of_strided_rec: 16
nr_doubles: 524288
nr_of_strided_rec: 16
nr_doubles: 524288
nr_of_strided_rec: 16
nr_doubles: 524288
nr_of_strided_rec: 16
nr_doubles: 524288
C_cc         2.96   [      2.96:      2.97]
C_bw         2.39   [      2.39:      2.39]
C_r        127.92   [    127.92:    127.92]
          -------
C_total    133.27   [    133.27:    133.27]


dC[0] = 0.00000e+00
fclose PID:34444 fd:8
fclose PID:34441 fd:12
fclose PID:34442 fd:10
fclose PID:34443 fd:8
READAHEAD_TIME:666629.000000 us
MaxRSS= 2107776 KB, SharedMem= 0 KB, HardPageFault= 7
READAHEAD_TIME:669763.000000 us
MaxRSS= 2107892 KB, SharedMem= 0 KB, HardPageFault= 7
READAHEAD_TIME:699157.000000 us
MaxRSS= 2107864 KB, SharedMem= 0 KB, HardPageFault= 8
READAHEAD_TIME:692062.000000 us
MaxRSS= 2107976 KB, SharedMem= 0 KB, HardPageFault= 13
fclose PID:34440 fd:0
fclose PID:34440 fd:6
fclose PID:34440 fd:6
fclose PID:34440 fd:0
READAHEAD_TIME:0.000000 us
MaxRSS= 5460 KB, SharedMem= 0 KB, HardPageFault= 2
fclose PID:34439 fd:3
fclose PID:34439 fd:4
fclose PID:34439 fd:4
fclose PID:34439 fd:3
READAHEAD_TIME:0.000000 us
MaxRSS= 4904 KB, SharedMem= 0 KB, HardPageFault= 4
	Command being timed: "mpiexec -n 4 ./MADbench2_io 16384 30 1 8 64 1 1 4194304 7 1"
	User time (seconds): 357.79
	System time (seconds): 219.73
	Percent of CPU this job got: 97%
	Elapsed (wall clock) time (h:mm:ss or m:ss): 9:54.73
	Average shared text size (kbytes): 0
	Average unshared data size (kbytes): 0
	Average stack size (kbytes): 0
	Average total size (kbytes): 0
	Maximum resident set size (kbytes): 2107976
	Average resident set size (kbytes): 0
	Major (requiring I/O) page faults: 42
	Minor (reclaiming a frame) page faults: 9077417
	Voluntary context switches: 146086
	Involuntary context switches: 3097
	Swaps: 0
	File system inputs: 253924352
	File system outputs: 251658496
	Socket messages sent: 0
	Socket messages received: 0
	Signals delivered: 0
	Page size (bytes): 4096
	Exit status: 0
READAHEAD_TIME:0.000000 us
MaxRSS= 2184 KB, SharedMem= 0 KB, HardPageFault= 0
*******************DMESG OUTPUT******************
