fclose PID:30929 fd:3
fclose PID:30929 fd:4
fclose PID:30929 fd:4
fclose PID:30929 fd:3
available: 2 nodes (0-1)
fclose PID:30929 fd:3
node 0 cpus:fclose PID:30929 fd:3
 0 1 2 3 4 5 6 7 8 9 20 21 22 23 24 25 26 27 28 29
node 0 size: 80440 MB
node 0 free: 80118 MB
fclose PID:30929 fd:3
node 1 cpus:fclose PID:30929 fd:3
 10 11 12 13 14 15 16 17 18 19 30 31 32 33 34 35 36 37 38 39
node 1 size: 80635 MB
node 1 free: 80376 MB
fclose PID:30929 fd:3
fclose PID:30929 fd:3
node distances:
node   0   1 
  0:  10  21 
  1:  21  10 
READAHEAD_TIME:0.000000 us
MaxRSS= 2160 KB, SharedMem= 0 KB, HardPageFault= 10
fclose PID:30934 fd:12
fclose PID:30936 fd:8
fclose PID:30935 fd:10
fclose PID:30937 fd:8

MADbench 2.0 IO-mode
no_pe = 4  no_pix = 8192  no_bin = 30  no_gang = 1 sblocksize = 8  fblocksize = 64  r_mod = 1  w_mod = 1 record_size=16777216 stride=7


IOMETHOD = POSIX  IOMODE = SYNC  FILETYPE = UNIQUE  REMAP = CUSTOMbuild_S
build_S
build_S
build_S

Write the data to file:134217728 bytes
***********WAITING************

Write the data to file:134217728 bytes
***********WAITING************

Write the data to file:134217728 bytes
***********WAITING************

Write the data to file:134217728 bytes
***********WAITING************

Write the data to file:134217728 bytes
***********WAITING************

Write the data to file:134217728 bytes
***********WAITING************

Write the data to file:134217728 bytes
***********WAITING************

Write the data to file:134217728 bytes
***********WAITING************

Write the data to file:134217728 bytes
***********WAITING************

Write the data to file:134217728 bytes
***********WAITING************

Write the data to file:134217728 bytes
***********WAITING************

Write the data to file:134217728 bytes
***********WAITING************

Write the data to file:134217728 bytes
***********WAITING************

Write the data to file:134217728 bytes
***********WAITING************

Write the data to file:134217728 bytes
***********WAITING************

Write the data to file:134217728 bytes
***********WAITING************

Write the data to file:134217728 bytes
***********WAITING************

Write the data to file:134217728 bytes
***********WAITING************

Write the data to file:134217728 bytes
***********WAITING************

Write the data to file:134217728 bytes
***********WAITING************

Write the data to file:134217728 bytes
***********WAITING************

Write the data to file:134217728 bytes
***********WAITING************

Write the data to file:134217728 bytes
***********WAITING************

Write the data to file:134217728 bytes
***********WAITING************

Write the data to file:134217728 bytes
***********WAITING************

Write the data to file:134217728 bytes
***********WAITING************

Write the data to file:134217728 bytes
***********WAITING************

Write the data to file:134217728 bytes
***********WAITING************

Write the data to file:134217728 bytes
***********WAITING************

Write the data to file:134217728 bytes
***********WAITING************

Write the data to file:134217728 bytes
***********WAITING************

Write the data to file:134217728 bytes
***********WAITING************

Write the data to file:134217728 bytes
***********WAITING************

Write the data to file:134217728 bytes
***********WAITING************

Write the data to file:134217728 bytes
***********WAITING************

Write the data to file:134217728 bytes
***********WAITING************

Write the data to file:134217728 bytes
***********WAITING************

Write the data to file:134217728 bytes
***********WAITING************

Write the data to file:134217728 bytes
***********WAITING************

Write the data to file:134217728 bytes
***********WAITING************

Write the data to file:134217728 bytes
***********WAITING************

Write the data to file:134217728 bytes
***********WAITING************

Write the data to file:134217728 bytes
***********WAITING************

Write the data to file:134217728 bytes
***********WAITING************

Write the data to file:134217728 bytes
***********WAITING************

Write the data to file:134217728 bytes
***********WAITING************

Write the data to file:134217728 bytes
***********WAITING************

Write the data to file:134217728 bytes
***********WAITING************

Write the data to file:134217728 bytes
***********WAITING************

Write the data to file:134217728 bytes
***********WAITING************

Write the data to file:134217728 bytes
***********WAITING************

Write the data to file:134217728 bytes
***********WAITING************

Write the data to file:134217728 bytes
***********WAITING************

Write the data to file:134217728 bytes
***********WAITING************

Write the data to file:134217728 bytes
***********WAITING************

Write the data to file:134217728 bytes
***********WAITING************

Write the data to file:134217728 bytes
***********WAITING************

Write the data to file:134217728 bytes
***********WAITING************

Write the data to file:134217728 bytes
***********WAITING************

Write the data to file:134217728 bytes
***********WAITING************

Write the data to file:134217728 bytes
***********WAITING************

Write the data to file:134217728 bytes
***********WAITING************

Write the data to file:134217728 bytes
***********WAITING************

Write the data to file:134217728 bytes
***********WAITING************

Write the data to file:134217728 bytes
***********WAITING************

Write the data to file:134217728 bytes
***********WAITING************

Write the data to file:134217728 bytes
***********WAITING************

Write the data to file:134217728 bytes
***********WAITING************

Write the data to file:134217728 bytes
***********WAITING************

Write the data to file:134217728 bytes
***********WAITING************

Write the data to file:134217728 bytes
***********WAITING************

Write the data to file:134217728 bytes
***********WAITING************

Write the data to file:134217728 bytes
***********WAITING************

Write the data to file:134217728 bytes
***********WAITING************

Write the data to file:134217728 bytes
***********WAITING************

Write the data to file:134217728 bytes
***********WAITING************

Write the data to file:134217728 bytes
***********WAITING************

Write the data to file:134217728 bytes
***********WAITING************

Write the data to file:134217728 bytes
***********WAITING************

Write the data to file:134217728 bytes
***********WAITING************

Write the data to file:134217728 bytes
***********WAITING************

Write the data to file:134217728 bytes
***********WAITING************

Write the data to file:134217728 bytes
***********WAITING************

Write the data to file:134217728 bytes
***********WAITING************

Write the data to file:134217728 bytes
***********WAITING************

Write the data to file:134217728 bytes
***********WAITING************

Write the data to file:134217728 bytes
***********WAITING************

Write the data to file:134217728 bytes
***********WAITING************

Write the data to file:134217728 bytes
***********WAITING************

Write the data to file:134217728 bytes
***********WAITING************

Write the data to file:134217728 bytes
***********WAITING************

Write the data to file:134217728 bytes
***********WAITING************

Write the data to file:134217728 bytes
***********WAITING************

Write the data to file:134217728 bytes
***********WAITING************

Write the data to file:134217728 bytes
***********WAITING************

Write the data to file:134217728 bytes
***********WAITING************

Write the data to file:134217728 bytes
***********WAITING************

Write the data to file:134217728 bytes
***********WAITING************

Write the data to file:134217728 bytes
***********WAITING************

Write the data to file:134217728 bytes
***********WAITING************

Write the data to file:134217728 bytes
***********WAITING************

Write the data to file:134217728 bytes
***********WAITING************

Write the data to file:134217728 bytes
***********WAITING************

Write the data to file:134217728 bytes
***********WAITING************

Write the data to file:134217728 bytes
***********WAITING************

Write the data to file:134217728 bytes
***********WAITING************

Write the data to file:134217728 bytes
***********WAITING************

Write the data to file:134217728 bytes
***********WAITING************

Write the data to file:134217728 bytes
***********WAITING************

Write the data to file:134217728 bytes
***********WAITING************

Write the data to file:134217728 bytes
***********WAITING************

Write the data to file:134217728 bytes
***********WAITING************

Write the data to file:134217728 bytes
***********WAITING************

Write the data to file:134217728 bytes
***********WAITING************

Write the data to file:134217728 bytes
***********WAITING************

Write the data to file:134217728 bytes
***********WAITING************

Write the data to file:134217728 bytes
***********WAITING************

Write the data to file:134217728 bytes
***********WAITING************

Write the data to file:134217728 bytes
***********WAITING************

Write the data to file:134217728 bytes
***********WAITING************
S_cc         1.55   [      1.55:      1.56]
S_bw         0.73   [      0.73:      0.73]
S_w         32.30   [     32.30:     32.30]
          -------
S_total     34.59   [     34.59:     34.59]

build_S done
calc_W
build_S done
calc_W
nr_of_strided_rec: 1
nr_doubles: 2097152
build_S done
calc_W
nr_of_strided_rec: 1
nr_doubles: 2097152
build_S done
calc_W
nr_of_strided_rec: 1
nr_doubles: 2097152
nr_of_strided_rec: 1
nr_doubles: 2097152
nr_of_strided_rec: 1
nr_doubles: 2097152
nr_of_strided_rec: 1
nr_doubles: 2097152
nr_of_strided_rec: 1
nr_doubles: 2097152
nr_of_strided_rec: 1
nr_doubles: 2097152

Write the data to file:134217728 bytes
***********WAITING************

Write the data to file:134217728 bytes
***********WAITING************

Write the data to file:134217728 bytes
***********WAITING************

Write the data to file:134217728 bytes
***********WAITING************
nr_of_strided_rec: 1
nr_doubles: 2097152
nr_of_strided_rec: 1
nr_doubles: 2097152
nr_of_strided_rec: 1
nr_doubles: 2097152
nr_of_strided_rec: 1
nr_doubles: 2097152

Write the data to file:134217728 bytes
***********WAITING************

Write the data to file:134217728 bytes
***********WAITING************

Write the data to file:134217728 bytes
***********WAITING************

Write the data to file:134217728 bytes
***********WAITING************
nr_of_strided_rec: 1
nr_doubles: 2097152
nr_of_strided_rec: 1
nr_doubles: 2097152
nr_of_strided_rec: 1
nr_doubles: 2097152
nr_of_strided_rec: 1
nr_doubles: 2097152

Write the data to file:134217728 bytes
***********WAITING************

Write the data to file:134217728 bytes
***********WAITING************

Write the data to file:134217728 bytes
***********WAITING************

Write the data to file:134217728 bytes
***********WAITING************
nr_of_strided_rec: 1
nr_doubles: 2097152
nr_of_strided_rec: 1
nr_doubles: 2097152
nr_of_strided_rec: 1
nr_doubles: 2097152
nr_of_strided_rec: 1
nr_doubles: 2097152

Write the data to file:134217728 bytes
***********WAITING************

Write the data to file:134217728 bytes
***********WAITING************

Write the data to file:134217728 bytes
***********WAITING************

Write the data to file:134217728 bytes
***********WAITING************
nr_of_strided_rec: 1
nr_doubles: 2097152
nr_of_strided_rec: 1
nr_doubles: 2097152
nr_of_strided_rec: 1
nr_doubles: 2097152
nr_of_strided_rec: 1
nr_doubles: 2097152

Write the data to file:134217728 bytes
***********WAITING************

Write the data to file:134217728 bytes
***********WAITING************

Write the data to file:134217728 bytes
***********WAITING************

Write the data to file:134217728 bytes
***********WAITING************
nr_of_strided_rec: 1
nr_doubles: 2097152
nr_of_strided_rec: 1
nr_doubles: 2097152
nr_of_strided_rec: 1
nr_doubles: 2097152
nr_of_strided_rec: 1
nr_doubles: 2097152

Write the data to file:134217728 bytes
***********WAITING************

Write the data to file:134217728 bytes
***********WAITING************

Write the data to file:134217728 bytes
***********WAITING************

Write the data to file:134217728 bytes
***********WAITING************
nr_of_strided_rec: 1
nr_doubles: 2097152
nr_of_strided_rec: 1
nr_doubles: 2097152
nr_of_strided_rec: 1
nr_doubles: 2097152
nr_of_strided_rec: 1
nr_doubles: 2097152

Write the data to file:134217728 bytes
***********WAITING************

Write the data to file:134217728 bytes
***********WAITING************

Write the data to file:134217728 bytes
***********WAITING************

Write the data to file:134217728 bytes
***********WAITING************
nr_of_strided_rec: 1
nr_doubles: 2097152
nr_of_strided_rec: 1
nr_doubles: 2097152
nr_of_strided_rec: 1
nr_doubles: 2097152
nr_of_strided_rec: 1
nr_doubles: 2097152

Write the data to file:134217728 bytes
***********WAITING************

Write the data to file:134217728 bytes
***********WAITING************

Write the data to file:134217728 bytes
***********WAITING************

Write the data to file:134217728 bytes
***********WAITING************
nr_of_strided_rec: 1
nr_doubles: 2097152
nr_of_strided_rec: 1
nr_doubles: 2097152
nr_of_strided_rec: 1
nr_doubles: 2097152
nr_of_strided_rec: 1
nr_doubles: 2097152

Write the data to file:134217728 bytes
***********WAITING************

Write the data to file:134217728 bytes
***********WAITING************

Write the data to file:134217728 bytes
***********WAITING************

Write the data to file:134217728 bytes
***********WAITING************
nr_of_strided_rec: 1
nr_doubles: 2097152
nr_of_strided_rec: 1
nr_doubles: 2097152
nr_of_strided_rec: 1
nr_doubles: 2097152
nr_of_strided_rec: 1
nr_doubles: 2097152

Write the data to file:134217728 bytes
***********WAITING************

Write the data to file:134217728 bytes
***********WAITING************

Write the data to file:134217728 bytes
***********WAITING************

Write the data to file:134217728 bytes
***********WAITING************
nr_of_strided_rec: 1
nr_doubles: 2097152
nr_of_strided_rec: 1
nr_doubles: 2097152
nr_of_strided_rec: 1
nr_doubles: 2097152
nr_of_strided_rec: 1
nr_doubles: 2097152

Write the data to file:134217728 bytes
***********WAITING************

Write the data to file:134217728 bytes
***********WAITING************

Write the data to file:134217728 bytes
***********WAITING************

Write the data to file:134217728 bytes
***********WAITING************
nr_of_strided_rec: 1
nr_doubles: 2097152
nr_of_strided_rec: 1
nr_doubles: 2097152
nr_of_strided_rec: 1
nr_doubles: 2097152
nr_of_strided_rec: 1
nr_doubles: 2097152

Write the data to file:134217728 bytes
***********WAITING************

Write the data to file:134217728 bytes
***********WAITING************

Write the data to file:134217728 bytes
***********WAITING************

Write the data to file:134217728 bytes
***********WAITING************
nr_of_strided_rec: 1
nr_doubles: 2097152
nr_of_strided_rec: 1
nr_doubles: 2097152
nr_of_strided_rec: 1
nr_doubles: 2097152
nr_of_strided_rec: 1
nr_doubles: 2097152

Write the data to file:134217728 bytes
***********WAITING************

Write the data to file:134217728 bytes
***********WAITING************

Write the data to file:134217728 bytes
***********WAITING************

Write the data to file:134217728 bytes
***********WAITING************
nr_of_strided_rec: 1
nr_doubles: 2097152
nr_of_strided_rec: 1
nr_doubles: 2097152
nr_of_strided_rec: 1
nr_doubles: 2097152
nr_of_strided_rec: 1
nr_doubles: 2097152

Write the data to file:134217728 bytes
***********WAITING************

Write the data to file:134217728 bytes
***********WAITING************

Write the data to file:134217728 bytes
***********WAITING************

Write the data to file:134217728 bytes
***********WAITING************
nr_of_strided_rec: 1
nr_doubles: 2097152
nr_of_strided_rec: 1
nr_doubles: 2097152
nr_of_strided_rec: 1
nr_doubles: 2097152
nr_of_strided_rec: 1
nr_doubles: 2097152

Write the data to file:134217728 bytes
***********WAITING************

Write the data to file:134217728 bytes
***********WAITING************

Write the data to file:134217728 bytes
***********WAITING************

Write the data to file:134217728 bytes
***********WAITING************
nr_of_strided_rec: 1
nr_doubles: 2097152
nr_of_strided_rec: 1
nr_doubles: 2097152
nr_of_strided_rec: 1
nr_doubles: 2097152
nr_of_strided_rec: 1
nr_doubles: 2097152

Write the data to file:134217728 bytes
***********WAITING************

Write the data to file:134217728 bytes
***********WAITING************

Write the data to file:134217728 bytes
***********WAITING************

Write the data to file:134217728 bytes
***********WAITING************
nr_of_strided_rec: 1
nr_doubles: 2097152
nr_of_strided_rec: 1
nr_doubles: 2097152
nr_of_strided_rec: 1
nr_doubles: 2097152
nr_of_strided_rec: 1
nr_doubles: 2097152

Write the data to file:134217728 bytes
***********WAITING************

Write the data to file:134217728 bytes
***********WAITING************

Write the data to file:134217728 bytes
***********WAITING************

Write the data to file:134217728 bytes
***********WAITING************
nr_of_strided_rec: 1
nr_doubles: 2097152
nr_of_strided_rec: 1
nr_doubles: 2097152
nr_of_strided_rec: 1
nr_doubles: 2097152
nr_of_strided_rec: 1
nr_doubles: 2097152

Write the data to file:134217728 bytes
***********WAITING************

Write the data to file:134217728 bytes
***********WAITING************

Write the data to file:134217728 bytes
***********WAITING************

Write the data to file:134217728 bytes
***********WAITING************
nr_of_strided_rec: 1
nr_doubles: 2097152
nr_of_strided_rec: 1
nr_doubles: 2097152
nr_of_strided_rec: 1
nr_doubles: 2097152
nr_of_strided_rec: 1
nr_doubles: 2097152

Write the data to file:134217728 bytes
***********WAITING************

Write the data to file:134217728 bytes
***********WAITING************

Write the data to file:134217728 bytes
***********WAITING************

Write the data to file:134217728 bytes
***********WAITING************
nr_of_strided_rec: 1
nr_doubles: 2097152
nr_of_strided_rec: 1
nr_doubles: 2097152
nr_of_strided_rec: 1
nr_doubles: 2097152
nr_of_strided_rec: 1
nr_doubles: 2097152

Write the data to file:134217728 bytes
***********WAITING************

Write the data to file:134217728 bytes
***********WAITING************

Write the data to file:134217728 bytes
***********WAITING************

Write the data to file:134217728 bytes
***********WAITING************
nr_of_strided_rec: 1
nr_doubles: 2097152
nr_of_strided_rec: 1
nr_doubles: 2097152
nr_of_strided_rec: 1
nr_doubles: 2097152
nr_of_strided_rec: 1
nr_doubles: 2097152

Write the data to file:134217728 bytes
***********WAITING************

Write the data to file:134217728 bytes
***********WAITING************

Write the data to file:134217728 bytes
***********WAITING************

Write the data to file:134217728 bytes
***********WAITING************
nr_of_strided_rec: 1
nr_doubles: 2097152
nr_of_strided_rec: 1
nr_doubles: 2097152
nr_of_strided_rec: 1
nr_doubles: 2097152
nr_of_strided_rec: 1
nr_doubles: 2097152

Write the data to file:134217728 bytes
***********WAITING************

Write the data to file:134217728 bytes
***********WAITING************

Write the data to file:134217728 bytes
***********WAITING************

Write the data to file:134217728 bytes
***********WAITING************
nr_of_strided_rec: 1
nr_doubles: 2097152
nr_of_strided_rec: 1
nr_doubles: 2097152
nr_of_strided_rec: 1
nr_doubles: 2097152
nr_of_strided_rec: 1
nr_doubles: 2097152

Write the data to file:134217728 bytes
***********WAITING************

Write the data to file:134217728 bytes
***********WAITING************

Write the data to file:134217728 bytes
***********WAITING************

Write the data to file:134217728 bytes
***********WAITING************
nr_of_strided_rec: 1
nr_doubles: 2097152
nr_of_strided_rec: 1
nr_doubles: 2097152
nr_of_strided_rec: 1
nr_doubles: 2097152
nr_of_strided_rec: 1
nr_doubles: 2097152

Write the data to file:134217728 bytes
***********WAITING************

Write the data to file:134217728 bytes
***********WAITING************

Write the data to file:134217728 bytes
***********WAITING************

Write the data to file:134217728 bytes
***********WAITING************
nr_of_strided_rec: 1
nr_doubles: 2097152
nr_of_strided_rec: 1
nr_doubles: 2097152
nr_of_strided_rec: 1
nr_doubles: 2097152
nr_of_strided_rec: 1
nr_doubles: 2097152

Write the data to file:134217728 bytes
***********WAITING************

Write the data to file:134217728 bytes
***********WAITING************

Write the data to file:134217728 bytes
***********WAITING************

Write the data to file:134217728 bytes
***********WAITING************
nr_of_strided_rec: 1
nr_doubles: 2097152
nr_of_strided_rec: 1
nr_doubles: 2097152
nr_of_strided_rec: 1
nr_doubles: 2097152
nr_of_strided_rec: 1
nr_doubles: 2097152

Write the data to file:134217728 bytes
***********WAITING************

Write the data to file:134217728 bytes
***********WAITING************

Write the data to file:134217728 bytes
***********WAITING************

Write the data to file:134217728 bytes
***********WAITING************
nr_of_strided_rec: 1
nr_doubles: 2097152
nr_of_strided_rec: 1
nr_doubles: 2097152
nr_of_strided_rec: 1
nr_doubles: 2097152
nr_of_strided_rec: 1
nr_doubles: 2097152

Write the data to file:134217728 bytes
***********WAITING************

Write the data to file:134217728 bytes
***********WAITING************

Write the data to file:134217728 bytes
***********WAITING************

Write the data to file:134217728 bytes
***********WAITING************
nr_of_strided_rec: 1
nr_doubles: 2097152
nr_of_strided_rec: 1
nr_doubles: 2097152
nr_of_strided_rec: 1
nr_doubles: 2097152
nr_of_strided_rec: 1
nr_doubles: 2097152

Write the data to file:134217728 bytes
***********WAITING************

Write the data to file:134217728 bytes
***********WAITING************

Write the data to file:134217728 bytes
***********WAITING************

Write the data to file:134217728 bytes
***********WAITING************
nr_of_strided_rec: 1
nr_doubles: 2097152
nr_of_strided_rec: 1
nr_doubles: 2097152
nr_of_strided_rec: 1
nr_doubles: 2097152
nr_of_strided_rec: 1
nr_doubles: 2097152

Write the data to file:134217728 bytes
***********WAITING************

Write the data to file:134217728 bytes
***********WAITING************

Write the data to file:134217728 bytes
***********WAITING************

Write the data to file:134217728 bytes
***********WAITING************

Write the data to file:134217728 bytes
***********WAITING************

Write the data to file:134217728 bytes
***********WAITING************

Write the data to file:134217728 bytes
***********WAITING************

Write the data to file:134217728 bytes
***********WAITING************
W_cc         3.47   [      3.47:      3.48]
W_r         43.87   [     43.87:     43.87]
W_w         27.83   [     27.83:     27.83]
          -------
W_total     75.17   [     75.16:     75.17]

calc_W done
calc_W done
nr_of_strided_rec: 1
nr_doubles: 2097152
calc_W done
nr_of_strided_rec: 1
nr_doubles: 2097152
calc_W done
nr_of_strided_rec: 1
nr_doubles: 2097152
nr_of_strided_rec: 1
nr_doubles: 2097152
nr_of_strided_rec: 1
nr_doubles: 2097152
nr_of_strided_rec: 1
nr_doubles: 2097152
nr_of_strided_rec: 1
nr_doubles: 2097152
nr_of_strided_rec: 1
nr_doubles: 2097152
nr_of_strided_rec: 1
nr_doubles: 2097152
nr_of_strided_rec: 1
nr_doubles: 2097152
nr_of_strided_rec: 1
nr_doubles: 2097152
nr_of_strided_rec: 1
nr_doubles: 2097152
nr_of_strided_rec: 1
nr_doubles: 2097152
nr_of_strided_rec: 1
nr_doubles: 2097152
nr_of_strided_rec: 1
nr_doubles: 2097152
nr_of_strided_rec: 1
nr_doubles: 2097152
nr_of_strided_rec: 1
nr_doubles: 2097152
nr_of_strided_rec: 1
nr_doubles: 2097152
nr_of_strided_rec: 1
nr_doubles: 2097152
nr_of_strided_rec: 1
nr_doubles: 2097152
nr_of_strided_rec: 1
nr_doubles: 2097152
nr_of_strided_rec: 1
nr_doubles: 2097152
nr_of_strided_rec: 1
nr_doubles: 2097152
nr_of_strided_rec: 1
nr_doubles: 2097152
nr_of_strided_rec: 1
nr_doubles: 2097152
nr_of_strided_rec: 1
nr_doubles: 2097152
nr_of_strided_rec: 1
nr_doubles: 2097152
nr_of_strided_rec: 1
nr_doubles: 2097152
nr_of_strided_rec: 1
nr_doubles: 2097152
nr_of_strided_rec: 1
nr_doubles: 2097152
nr_of_strided_rec: 1
nr_doubles: 2097152
nr_of_strided_rec: 1
nr_doubles: 2097152
nr_of_strided_rec: 1
nr_doubles: 2097152
nr_of_strided_rec: 1
nr_doubles: 2097152
nr_of_strided_rec: 1
nr_doubles: 2097152
nr_of_strided_rec: 1
nr_doubles: 2097152
nr_of_strided_rec: 1
nr_doubles: 2097152
nr_of_strided_rec: 1
nr_doubles: 2097152
nr_of_strided_rec: 1
nr_doubles: 2097152
nr_of_strided_rec: 1
nr_doubles: 2097152
nr_of_strided_rec: 1
nr_doubles: 2097152
nr_of_strided_rec: 1
nr_doubles: 2097152
nr_of_strided_rec: 1
nr_doubles: 2097152
nr_of_strided_rec: 1
nr_doubles: 2097152
nr_of_strided_rec: 1
nr_doubles: 2097152
nr_of_strided_rec: 1
nr_doubles: 2097152
nr_of_strided_rec: 1
nr_doubles: 2097152
nr_of_strided_rec: 1
nr_doubles: 2097152
nr_of_strided_rec: 1
nr_doubles: 2097152
nr_of_strided_rec: 1
nr_doubles: 2097152
nr_of_strided_rec: 1
nr_doubles: 2097152
nr_of_strided_rec: 1
nr_doubles: 2097152
nr_of_strided_rec: 1
nr_doubles: 2097152
nr_of_strided_rec: 1
nr_doubles: 2097152
nr_of_strided_rec: 1
nr_doubles: 2097152
nr_of_strided_rec: 1
nr_doubles: 2097152
nr_of_strided_rec: 1
nr_doubles: 2097152
nr_of_strided_rec: 1
nr_doubles: 2097152
nr_of_strided_rec: 1
nr_doubles: 2097152
nr_of_strided_rec: 1
nr_doubles: 2097152
nr_of_strided_rec: 1
nr_doubles: 2097152
nr_of_strided_rec: 1
nr_doubles: 2097152
nr_of_strided_rec: 1
nr_doubles: 2097152
nr_of_strided_rec: 1
nr_doubles: 2097152
nr_of_strided_rec: 1
nr_doubles: 2097152
nr_of_strided_rec: 1
nr_doubles: 2097152
nr_of_strided_rec: 1
nr_doubles: 2097152
nr_of_strided_rec: 1
nr_doubles: 2097152
nr_of_strided_rec: 1
nr_doubles: 2097152
nr_of_strided_rec: 1
nr_doubles: 2097152
nr_of_strided_rec: 1
nr_doubles: 2097152
nr_of_strided_rec: 1
nr_doubles: 2097152
nr_of_strided_rec: 1
nr_doubles: 2097152
nr_of_strided_rec: 1
nr_doubles: 2097152
nr_of_strided_rec: 1
nr_doubles: 2097152
nr_of_strided_rec: 1
nr_doubles: 2097152
nr_of_strided_rec: 1
nr_doubles: 2097152
nr_of_strided_rec: 1
nr_doubles: 2097152
nr_of_strided_rec: 1
nr_doubles: 2097152
nr_of_strided_rec: 1
nr_doubles: 2097152
nr_of_strided_rec: 1
nr_doubles: 2097152
nr_of_strided_rec: 1
nr_doubles: 2097152
nr_of_strided_rec: 1
nr_doubles: 2097152
nr_of_strided_rec: 1
nr_doubles: 2097152
nr_of_strided_rec: 1
nr_doubles: 2097152
nr_of_strided_rec: 1
nr_doubles: 2097152
nr_of_strided_rec: 1
nr_doubles: 2097152
nr_of_strided_rec: 1
nr_doubles: 2097152
nr_of_strided_rec: 1
nr_doubles: 2097152
nr_of_strided_rec: 1
nr_doubles: 2097152
nr_of_strided_rec: 1
nr_doubles: 2097152
nr_of_strided_rec: 1
nr_doubles: 2097152
nr_of_strided_rec: 1
nr_doubles: 2097152
nr_of_strided_rec: 1
nr_doubles: 2097152
nr_of_strided_rec: 1
nr_doubles: 2097152
nr_of_strided_rec: 1
nr_doubles: 2097152
nr_of_strided_rec: 1
nr_doubles: 2097152
nr_of_strided_rec: 1
nr_doubles: 2097152
nr_of_strided_rec: 1
nr_doubles: 2097152
nr_of_strided_rec: 1
nr_doubles: 2097152
nr_of_strided_rec: 1
nr_doubles: 2097152
nr_of_strided_rec: 1
nr_doubles: 2097152
nr_of_strided_rec: 1
nr_doubles: 2097152
nr_of_strided_rec: 1
nr_doubles: 2097152
nr_of_strided_rec: 1
nr_doubles: 2097152
nr_of_strided_rec: 1
nr_doubles: 2097152
nr_of_strided_rec: 1
nr_doubles: 2097152
nr_of_strided_rec: 1
nr_doubles: 2097152
nr_of_strided_rec: 1
nr_doubles: 2097152
nr_of_strided_rec: 1
nr_doubles: 2097152
nr_of_strided_rec: 1
nr_doubles: 2097152
nr_of_strided_rec: 1
nr_doubles: 2097152
nr_of_strided_rec: 1
nr_doubles: 2097152
nr_of_strided_rec: 1
nr_doubles: 2097152
nr_of_strided_rec: 1
nr_doubles: 2097152
nr_of_strided_rec: 1
nr_doubles: 2097152
nr_of_strided_rec: 1
nr_doubles: 2097152
nr_of_strided_rec: 1
nr_doubles: 2097152
nr_of_strided_rec: 1
nr_doubles: 2097152
nr_of_strided_rec: 1
nr_doubles: 2097152
C_cc         1.71   [      1.71:      1.71]
C_bw         0.64   [      0.64:      0.64]
C_r         31.53   [     31.53:     31.53]
          -------
C_total     33.88   [     33.87:     33.88]


dC[0] = 0.00000e+00
fclose PID:30936 fd:8
fclose PID:30937 fd:8
fclose PID:30934 fd:12
fclose PID:30935 fd:10
READAHEAD_TIME:59962.000000 us
MaxRSS= 534720 KB, SharedMem= 0 KB, HardPageFault= 8
READAHEAD_TIME:58648.000000 us
MaxRSS= 534864 KB, SharedMem= 0 KB, HardPageFault= 8
READAHEAD_TIME:61317.000000 us
MaxRSS= 534752 KB, SharedMem= 0 KB, HardPageFault= 7
READAHEAD_TIME:61128.000000 us
MaxRSS= 535080 KB, SharedMem= 0 KB, HardPageFault= 9
fclose PID:30933 fd:0
fclose PID:30933 fd:6
fclose PID:30933 fd:6
fclose PID:30933 fd:0
READAHEAD_TIME:0.000000 us
MaxRSS= 5408 KB, SharedMem= 0 KB, HardPageFault= 2
fclose PID:30932 fd:3
fclose PID:30932 fd:4
fclose PID:30932 fd:4
fclose PID:30932 fd:3
READAHEAD_TIME:0.000000 us
MaxRSS= 4904 KB, SharedMem= 0 KB, HardPageFault= 4
	Command being timed: "mpiexec -n 4 ./MADbench2_io 8192 30 1 8 64 1 1 16777216 7 1"
	User time (seconds): 74.20
	System time (seconds): 56.06
	Percent of CPU this job got: 90%
	Elapsed (wall clock) time (h:mm:ss or m:ss): 2:23.98
	Average shared text size (kbytes): 0
	Average unshared data size (kbytes): 0
	Average stack size (kbytes): 0
	Average total size (kbytes): 0
	Maximum resident set size (kbytes): 535080
	Average resident set size (kbytes): 0
	Major (requiring I/O) page faults: 39
	Minor (reclaiming a frame) page faults: 2886369
	Voluntary context switches: 26618
	Involuntary context switches: 1137
	Swaps: 0
	File system inputs: 62847360
	File system outputs: 62914656
	Socket messages sent: 0
	Socket messages received: 0
	Signals delivered: 0
	Page size (bytes): 4096
	Exit status: 0
READAHEAD_TIME:0.000000 us
MaxRSS= 2232 KB, SharedMem= 0 KB, HardPageFault= 0
*******************DMESG OUTPUT******************
