fclose PID:37837 fd:3
fclose PID:37837 fd:4
fclose PID:37837 fd:4
fclose PID:37837 fd:3
available: 2 nodes (0-1)
fclose PID:37837 fd:3
node 0 cpus:fclose PID:37837 fd:3
 0 1 2 3 4 5 6 7 8 9 20 21 22 23 24 25 26 27 28 29
node 0 size: 80440 MB
node 0 free: 80126 MB
fclose PID:37837 fd:3
node 1 cpus:fclose PID:37837 fd:3
 10 11 12 13 14 15 16 17 18 19 30 31 32 33 34 35 36 37 38 39
node 1 size: 80635 MB
node 1 free: 80362 MB
fclose PID:37837 fd:3
fclose PID:37837 fd:3
node distances:
node   0   1 
  0:  10  21 
  1:  21  10 
READAHEAD_TIME:0.000000 us
MaxRSS= 2176 KB, SharedMem= 0 KB, HardPageFault= 10
fclose PID:37843 fd:10
fclose PID:37850 fd:8
fclose PID:37853 fd:8
fclose PID:37854 fd:8
fclose PID:37855 fd:8
fclose PID:37848 fd:8
fclose PID:37856 fd:8
fclose PID:37851 fd:8
fclose PID:37845 fd:8
fclose PID:37857 fd:8
fclose PID:37842 fd:12
fclose PID:37846 fd:8
fclose PID:37844 fd:8
fclose PID:37847 fd:8
fclose PID:37852 fd:8
fclose PID:37849 fd:8

MADbench 2.0 IO-mode
no_pe = 16  no_pix = 8192  no_bin = 30  no_gang = 1 sblocksize = 8  fblocksize = 64  r_mod = 1  w_mod = 1 record_size=524288 stride=7


IOMETHOD = POSIX  IOMODE = SYNC  FILETYPE = UNIQUE  REMAP = CUSTOMbuild_S
build_S
build_S
build_S
build_S
build_S
build_S
build_S
build_S
build_S
build_S
build_S
build_S
build_S
build_S
build_S

Write the data to file:33554432 bytes
***********WAITING************

Write the data to file:33554432 bytes
***********WAITING************

Write the data to file:33554432 bytes
***********WAITING************

Write the data to file:33554432 bytes
***********WAITING************

Write the data to file:33554432 bytes
***********WAITING************

Write the data to file:33554432 bytes
***********WAITING************

Write the data to file:33554432 bytes
***********WAITING************

Write the data to file:33554432 bytes
***********WAITING************

Write the data to file:33554432 bytes
***********WAITING************

Write the data to file:33554432 bytes
***********WAITING************

Write the data to file:33554432 bytes
***********WAITING************

Write the data to file:33554432 bytes
***********WAITING************

Write the data to file:33554432 bytes
***********WAITING************

Write the data to file:33554432 bytes
***********WAITING************

Write the data to file:33554432 bytes
***********WAITING************

Write the data to file:33554432 bytes
***********WAITING************

Write the data to file:33554432 bytes
***********WAITING************

Write the data to file:33554432 bytes
***********WAITING************

Write the data to file:33554432 bytes
***********WAITING************

Write the data to file:33554432 bytes
***********WAITING************

Write the data to file:33554432 bytes
***********WAITING************

Write the data to file:33554432 bytes
***********WAITING************

Write the data to file:33554432 bytes
***********WAITING************

Write the data to file:33554432 bytes
***********WAITING************

Write the data to file:33554432 bytes
***********WAITING************

Write the data to file:33554432 bytes
***********WAITING************

Write the data to file:33554432 bytes
***********WAITING************

Write the data to file:33554432 bytes
***********WAITING************

Write the data to file:33554432 bytes
***********WAITING************

Write the data to file:33554432 bytes
***********WAITING************

Write the data to file:33554432 bytes
***********WAITING************

Write the data to file:33554432 bytes
***********WAITING************

Write the data to file:33554432 bytes
***********WAITING************

Write the data to file:33554432 bytes
***********WAITING************

Write the data to file:33554432 bytes
***********WAITING************

Write the data to file:33554432 bytes
***********WAITING************

Write the data to file:33554432 bytes
***********WAITING************

Write the data to file:33554432 bytes
***********WAITING************

Write the data to file:33554432 bytes
***********WAITING************

Write the data to file:33554432 bytes
***********WAITING************

Write the data to file:33554432 bytes
***********WAITING************

Write the data to file:33554432 bytes
***********WAITING************

Write the data to file:33554432 bytes
***********WAITING************

Write the data to file:33554432 bytes
***********WAITING************

Write the data to file:33554432 bytes
***********WAITING************

Write the data to file:33554432 bytes
***********WAITING************

Write the data to file:33554432 bytes
***********WAITING************

Write the data to file:33554432 bytes
***********WAITING************

Write the data to file:33554432 bytes
***********WAITING************

Write the data to file:33554432 bytes
***********WAITING************

Write the data to file:33554432 bytes
***********WAITING************

Write the data to file:33554432 bytes
***********WAITING************

Write the data to file:33554432 bytes
***********WAITING************

Write the data to file:33554432 bytes
***********WAITING************

Write the data to file:33554432 bytes
***********WAITING************

Write the data to file:33554432 bytes
***********WAITING************

Write the data to file:33554432 bytes
***********WAITING************

Write the data to file:33554432 bytes
***********WAITING************

Write the data to file:33554432 bytes
***********WAITING************

Write the data to file:33554432 bytes
***********WAITING************

Write the data to file:33554432 bytes
***********WAITING************

Write the data to file:33554432 bytes
***********WAITING************

Write the data to file:33554432 bytes
***********WAITING************

Write the data to file:33554432 bytes
***********WAITING************

Write the data to file:33554432 bytes
***********WAITING************

Write the data to file:33554432 bytes
***********WAITING************

Write the data to file:33554432 bytes
***********WAITING************

Write the data to file:33554432 bytes
***********WAITING************

Write the data to file:33554432 bytes
***********WAITING************

Write the data to file:33554432 bytes
***********WAITING************

Write the data to file:33554432 bytes
***********WAITING************

Write the data to file:33554432 bytes
***********WAITING************

Write the data to file:33554432 bytes
***********WAITING************

Write the data to file:33554432 bytes
***********WAITING************

Write the data to file:33554432 bytes
***********WAITING************

Write the data to file:33554432 bytes
***********WAITING************

Write the data to file:33554432 bytes
***********WAITING************

Write the data to file:33554432 bytes
***********WAITING************

Write the data to file:33554432 bytes
***********WAITING************

Write the data to file:33554432 bytes
***********WAITING************

Write the data to file:33554432 bytes
***********WAITING************

Write the data to file:33554432 bytes
***********WAITING************

Write the data to file:33554432 bytes
***********WAITING************

Write the data to file:33554432 bytes
***********WAITING************

Write the data to file:33554432 bytes
***********WAITING************

Write the data to file:33554432 bytes
***********WAITING************

Write the data to file:33554432 bytes
***********WAITING************

Write the data to file:33554432 bytes
***********WAITING************

Write the data to file:33554432 bytes
***********WAITING************

Write the data to file:33554432 bytes
***********WAITING************

Write the data to file:33554432 bytes
***********WAITING************

Write the data to file:33554432 bytes
***********WAITING************

Write the data to file:33554432 bytes
***********WAITING************

Write the data to file:33554432 bytes
***********WAITING************

Write the data to file:33554432 bytes
***********WAITING************

Write the data to file:33554432 bytes
***********WAITING************

Write the data to file:33554432 bytes
***********WAITING************

Write the data to file:33554432 bytes
***********WAITING************

Write the data to file:33554432 bytes
***********WAITING************

Write the data to file:33554432 bytes
***********WAITING************

Write the data to file:33554432 bytes
***********WAITING************

Write the data to file:33554432 bytes
***********WAITING************

Write the data to file:33554432 bytes
***********WAITING************

Write the data to file:33554432 bytes
***********WAITING************

Write the data to file:33554432 bytes
***********WAITING************

Write the data to file:33554432 bytes
***********WAITING************

Write the data to file:33554432 bytes
***********WAITING************

Write the data to file:33554432 bytes
***********WAITING************

Write the data to file:33554432 bytes
***********WAITING************

Write the data to file:33554432 bytes
***********WAITING************

Write the data to file:33554432 bytes
***********WAITING************

Write the data to file:33554432 bytes
***********WAITING************

Write the data to file:33554432 bytes
***********WAITING************

Write the data to file:33554432 bytes
***********WAITING************

Write the data to file:33554432 bytes
***********WAITING************

Write the data to file:33554432 bytes
***********WAITING************

Write the data to file:33554432 bytes
***********WAITING************

Write the data to file:33554432 bytes
***********WAITING************

Write the data to file:33554432 bytes
***********WAITING************

Write the data to file:33554432 bytes
***********WAITING************

Write the data to file:33554432 bytes
***********WAITING************

Write the data to file:33554432 bytes
***********WAITING************

Write the data to file:33554432 bytes
***********WAITING************

Write the data to file:33554432 bytes
***********WAITING************

Write the data to file:33554432 bytes
***********WAITING************

Write the data to file:33554432 bytes
***********WAITING************

Write the data to file:33554432 bytes
***********WAITING************

Write the data to file:33554432 bytes
***********WAITING************

Write the data to file:33554432 bytes
***********WAITING************

Write the data to file:33554432 bytes
***********WAITING************

Write the data to file:33554432 bytes
***********WAITING************

Write the data to file:33554432 bytes
***********WAITING************

Write the data to file:33554432 bytes
***********WAITING************

Write the data to file:33554432 bytes
***********WAITING************

Write the data to file:33554432 bytes
***********WAITING************

Write the data to file:33554432 bytes
***********WAITING************

Write the data to file:33554432 bytes
***********WAITING************

Write the data to file:33554432 bytes
***********WAITING************

Write the data to file:33554432 bytes
***********WAITING************

Write the data to file:33554432 bytes
***********WAITING************

Write the data to file:33554432 bytes
***********WAITING************

Write the data to file:33554432 bytes
***********WAITING************

Write the data to file:33554432 bytes
***********WAITING************

Write the data to file:33554432 bytes
***********WAITING************

Write the data to file:33554432 bytes
***********WAITING************

Write the data to file:33554432 bytes
***********WAITING************

Write the data to file:33554432 bytes
***********WAITING************

Write the data to file:33554432 bytes
***********WAITING************

Write the data to file:33554432 bytes
***********WAITING************

Write the data to file:33554432 bytes
***********WAITING************

Write the data to file:33554432 bytes
***********WAITING************

Write the data to file:33554432 bytes
***********WAITING************

Write the data to file:33554432 bytes
***********WAITING************

Write the data to file:33554432 bytes
***********WAITING************

Write the data to file:33554432 bytes
***********WAITING************

Write the data to file:33554432 bytes
***********WAITING************

Write the data to file:33554432 bytes
***********WAITING************

Write the data to file:33554432 bytes
***********WAITING************

Write the data to file:33554432 bytes
***********WAITING************

Write the data to file:33554432 bytes
***********WAITING************

Write the data to file:33554432 bytes
***********WAITING************

Write the data to file:33554432 bytes
***********WAITING************

Write the data to file:33554432 bytes
***********WAITING************

Write the data to file:33554432 bytes
***********WAITING************

Write the data to file:33554432 bytes
***********WAITING************

Write the data to file:33554432 bytes
***********WAITING************

Write the data to file:33554432 bytes
***********WAITING************

Write the data to file:33554432 bytes
***********WAITING************

Write the data to file:33554432 bytes
***********WAITING************

Write the data to file:33554432 bytes
***********WAITING************

Write the data to file:33554432 bytes
***********WAITING************

Write the data to file:33554432 bytes
***********WAITING************

Write the data to file:33554432 bytes
***********WAITING************

Write the data to file:33554432 bytes
***********WAITING************

Write the data to file:33554432 bytes
***********WAITING************

Write the data to file:33554432 bytes
***********WAITING************

Write the data to file:33554432 bytes
***********WAITING************

Write the data to file:33554432 bytes
***********WAITING************

Write the data to file:33554432 bytes
***********WAITING************

Write the data to file:33554432 bytes
***********WAITING************

Write the data to file:33554432 bytes
***********WAITING************

Write the data to file:33554432 bytes
***********WAITING************

Write the data to file:33554432 bytes
***********WAITING************

Write the data to file:33554432 bytes
***********WAITING************

Write the data to file:33554432 bytes
***********WAITING************

Write the data to file:33554432 bytes
***********WAITING************

Write the data to file:33554432 bytes
***********WAITING************

Write the data to file:33554432 bytes
***********WAITING************

Write the data to file:33554432 bytes
***********WAITING************

Write the data to file:33554432 bytes
***********WAITING************

Write the data to file:33554432 bytes
***********WAITING************

Write the data to file:33554432 bytes
***********WAITING************

Write the data to file:33554432 bytes
***********WAITING************

Write the data to file:33554432 bytes
***********WAITING************

Write the data to file:33554432 bytes
***********WAITING************

Write the data to file:33554432 bytes
***********WAITING************

Write the data to file:33554432 bytes
***********WAITING************

Write the data to file:33554432 bytes
***********WAITING************

Write the data to file:33554432 bytes
***********WAITING************

Write the data to file:33554432 bytes
***********WAITING************

Write the data to file:33554432 bytes
***********WAITING************

Write the data to file:33554432 bytes
***********WAITING************

Write the data to file:33554432 bytes
***********WAITING************

Write the data to file:33554432 bytes
***********WAITING************

Write the data to file:33554432 bytes
***********WAITING************

Write the data to file:33554432 bytes
***********WAITING************

Write the data to file:33554432 bytes
***********WAITING************

Write the data to file:33554432 bytes
***********WAITING************

Write the data to file:33554432 bytes
***********WAITING************

Write the data to file:33554432 bytes
***********WAITING************

Write the data to file:33554432 bytes
***********WAITING************

Write the data to file:33554432 bytes
***********WAITING************

Write the data to file:33554432 bytes
***********WAITING************

Write the data to file:33554432 bytes
***********WAITING************

Write the data to file:33554432 bytes
***********WAITING************

Write the data to file:33554432 bytes
***********WAITING************

Write the data to file:33554432 bytes
***********WAITING************

Write the data to file:33554432 bytes
***********WAITING************

Write the data to file:33554432 bytes
***********WAITING************

Write the data to file:33554432 bytes
***********WAITING************

Write the data to file:33554432 bytes
***********WAITING************

Write the data to file:33554432 bytes
***********WAITING************

Write the data to file:33554432 bytes
***********WAITING************

Write the data to file:33554432 bytes
***********WAITING************

Write the data to file:33554432 bytes
***********WAITING************

Write the data to file:33554432 bytes
***********WAITING************

Write the data to file:33554432 bytes
***********WAITING************

Write the data to file:33554432 bytes
***********WAITING************

Write the data to file:33554432 bytes
***********WAITING************

Write the data to file:33554432 bytes
***********WAITING************

Write the data to file:33554432 bytes
***********WAITING************

Write the data to file:33554432 bytes
***********WAITING************

Write the data to file:33554432 bytes
***********WAITING************

Write the data to file:33554432 bytes
***********WAITING************

Write the data to file:33554432 bytes
***********WAITING************

Write the data to file:33554432 bytes
***********WAITING************

Write the data to file:33554432 bytes
***********WAITING************

Write the data to file:33554432 bytes
***********WAITING************

Write the data to file:33554432 bytes
***********WAITING************

Write the data to file:33554432 bytes
***********WAITING************

Write the data to file:33554432 bytes
***********WAITING************

Write the data to file:33554432 bytes
***********WAITING************

Write the data to file:33554432 bytes
***********WAITING************

Write the data to file:33554432 bytes
***********WAITING************

Write the data to file:33554432 bytes
***********WAITING************

Write the data to file:33554432 bytes
***********WAITING************

Write the data to file:33554432 bytes
***********WAITING************

Write the data to file:33554432 bytes
***********WAITING************

Write the data to file:33554432 bytes
***********WAITING************

Write the data to file:33554432 bytes
***********WAITING************

Write the data to file:33554432 bytes
***********WAITING************

Write the data to file:33554432 bytes
***********WAITING************

Write the data to file:33554432 bytes
***********WAITING************

Write the data to file:33554432 bytes
***********WAITING************

Write the data to file:33554432 bytes
***********WAITING************

Write the data to file:33554432 bytes
***********WAITING************

Write the data to file:33554432 bytes
***********WAITING************

Write the data to file:33554432 bytes
***********WAITING************

Write the data to file:33554432 bytes
***********WAITING************

Write the data to file:33554432 bytes
***********WAITING************

Write the data to file:33554432 bytes
***********WAITING************

Write the data to file:33554432 bytes
***********WAITING************

Write the data to file:33554432 bytes
***********WAITING************

Write the data to file:33554432 bytes
***********WAITING************

Write the data to file:33554432 bytes
***********WAITING************

Write the data to file:33554432 bytes
***********WAITING************

Write the data to file:33554432 bytes
***********WAITING************

Write the data to file:33554432 bytes
***********WAITING************

Write the data to file:33554432 bytes
***********WAITING************

Write the data to file:33554432 bytes
***********WAITING************

Write the data to file:33554432 bytes
***********WAITING************

Write the data to file:33554432 bytes
***********WAITING************

Write the data to file:33554432 bytes
***********WAITING************

Write the data to file:33554432 bytes
***********WAITING************

Write the data to file:33554432 bytes
***********WAITING************

Write the data to file:33554432 bytes
***********WAITING************

Write the data to file:33554432 bytes
***********WAITING************

Write the data to file:33554432 bytes
***********WAITING************

Write the data to file:33554432 bytes
***********WAITING************

Write the data to file:33554432 bytes
***********WAITING************

Write the data to file:33554432 bytes
***********WAITING************

Write the data to file:33554432 bytes
***********WAITING************

Write the data to file:33554432 bytes
***********WAITING************

Write the data to file:33554432 bytes
***********WAITING************

Write the data to file:33554432 bytes
***********WAITING************

Write the data to file:33554432 bytes
***********WAITING************

Write the data to file:33554432 bytes
***********WAITING************

Write the data to file:33554432 bytes
***********WAITING************

Write the data to file:33554432 bytes
***********WAITING************

Write the data to file:33554432 bytes
***********WAITING************

Write the data to file:33554432 bytes
***********WAITING************

Write the data to file:33554432 bytes
***********WAITING************

Write the data to file:33554432 bytes
***********WAITING************

Write the data to file:33554432 bytes
***********WAITING************

Write the data to file:33554432 bytes
***********WAITING************

Write the data to file:33554432 bytes
***********WAITING************

Write the data to file:33554432 bytes
***********WAITING************

Write the data to file:33554432 bytes
***********WAITING************

Write the data to file:33554432 bytes
***********WAITING************

Write the data to file:33554432 bytes
***********WAITING************

Write the data to file:33554432 bytes
***********WAITING************

Write the data to file:33554432 bytes
***********WAITING************

Write the data to file:33554432 bytes
***********WAITING************

Write the data to file:33554432 bytes
***********WAITING************

Write the data to file:33554432 bytes
***********WAITING************

Write the data to file:33554432 bytes
***********WAITING************

Write the data to file:33554432 bytes
***********WAITING************

Write the data to file:33554432 bytes
***********WAITING************

Write the data to file:33554432 bytes
***********WAITING************

Write the data to file:33554432 bytes
***********WAITING************

Write the data to file:33554432 bytes
***********WAITING************

Write the data to file:33554432 bytes
***********WAITING************

Write the data to file:33554432 bytes
***********WAITING************

Write the data to file:33554432 bytes
***********WAITING************

Write the data to file:33554432 bytes
***********WAITING************

Write the data to file:33554432 bytes
***********WAITING************

Write the data to file:33554432 bytes
***********WAITING************

Write the data to file:33554432 bytes
***********WAITING************

Write the data to file:33554432 bytes
***********WAITING************

Write the data to file:33554432 bytes
***********WAITING************

Write the data to file:33554432 bytes
***********WAITING************

Write the data to file:33554432 bytes
***********WAITING************

Write the data to file:33554432 bytes
***********WAITING************

Write the data to file:33554432 bytes
***********WAITING************

Write the data to file:33554432 bytes
***********WAITING************

Write the data to file:33554432 bytes
***********WAITING************

Write the data to file:33554432 bytes
***********WAITING************

Write the data to file:33554432 bytes
***********WAITING************

Write the data to file:33554432 bytes
***********WAITING************

Write the data to file:33554432 bytes
***********WAITING************

Write the data to file:33554432 bytes
***********WAITING************

Write the data to file:33554432 bytes
***********WAITING************

Write the data to file:33554432 bytes
***********WAITING************

Write the data to file:33554432 bytes
***********WAITING************

Write the data to file:33554432 bytes
***********WAITING************

Write the data to file:33554432 bytes
***********WAITING************

Write the data to file:33554432 bytes
***********WAITING************

Write the data to file:33554432 bytes
***********WAITING************

Write the data to file:33554432 bytes
***********WAITING************

Write the data to file:33554432 bytes
***********WAITING************

Write the data to file:33554432 bytes
***********WAITING************

Write the data to file:33554432 bytes
***********WAITING************

Write the data to file:33554432 bytes
***********WAITING************

Write the data to file:33554432 bytes
***********WAITING************

Write the data to file:33554432 bytes
***********WAITING************

Write the data to file:33554432 bytes
***********WAITING************

Write the data to file:33554432 bytes
***********WAITING************

Write the data to file:33554432 bytes
***********WAITING************

Write the data to file:33554432 bytes
***********WAITING************

Write the data to file:33554432 bytes
***********WAITING************

Write the data to file:33554432 bytes
***********WAITING************

Write the data to file:33554432 bytes
***********WAITING************

Write the data to file:33554432 bytes
***********WAITING************

Write the data to file:33554432 bytes
***********WAITING************

Write the data to file:33554432 bytes
***********WAITING************

Write the data to file:33554432 bytes
***********WAITING************

Write the data to file:33554432 bytes
***********WAITING************

Write the data to file:33554432 bytes
***********WAITING************

Write the data to file:33554432 bytes
***********WAITING************

Write the data to file:33554432 bytes
***********WAITING************

Write the data to file:33554432 bytes
***********WAITING************

Write the data to file:33554432 bytes
***********WAITING************

Write the data to file:33554432 bytes
***********WAITING************

Write the data to file:33554432 bytes
***********WAITING************

Write the data to file:33554432 bytes
***********WAITING************

Write the data to file:33554432 bytes
***********WAITING************

Write the data to file:33554432 bytes
***********WAITING************

Write the data to file:33554432 bytes
***********WAITING************

Write the data to file:33554432 bytes
***********WAITING************

Write the data to file:33554432 bytes
***********WAITING************

Write the data to file:33554432 bytes
***********WAITING************

Write the data to file:33554432 bytes
***********WAITING************

Write the data to file:33554432 bytes
***********WAITING************

Write the data to file:33554432 bytes
***********WAITING************

Write the data to file:33554432 bytes
***********WAITING************

Write the data to file:33554432 bytes
***********WAITING************

Write the data to file:33554432 bytes
***********WAITING************

Write the data to file:33554432 bytes
***********WAITING************

Write the data to file:33554432 bytes
***********WAITING************

Write the data to file:33554432 bytes
***********WAITING************

Write the data to file:33554432 bytes
***********WAITING************

Write the data to file:33554432 bytes
***********WAITING************

Write the data to file:33554432 bytes
***********WAITING************

Write the data to file:33554432 bytes
***********WAITING************

Write the data to file:33554432 bytes
***********WAITING************

Write the data to file:33554432 bytes
***********WAITING************

Write the data to file:33554432 bytes
***********WAITING************

Write the data to file:33554432 bytes
***********WAITING************

Write the data to file:33554432 bytes
***********WAITING************

Write the data to file:33554432 bytes
***********WAITING************

Write the data to file:33554432 bytes
***********WAITING************

Write the data to file:33554432 bytes
***********WAITING************

Write the data to file:33554432 bytes
***********WAITING************

Write the data to file:33554432 bytes
***********WAITING************

Write the data to file:33554432 bytes
***********WAITING************

Write the data to file:33554432 bytes
***********WAITING************

Write the data to file:33554432 bytes
***********WAITING************

Write the data to file:33554432 bytes
***********WAITING************

Write the data to file:33554432 bytes
***********WAITING************

Write the data to file:33554432 bytes
***********WAITING************

Write the data to file:33554432 bytes
***********WAITING************

Write the data to file:33554432 bytes
***********WAITING************

Write the data to file:33554432 bytes
***********WAITING************

Write the data to file:33554432 bytes
***********WAITING************

Write the data to file:33554432 bytes
***********WAITING************

Write the data to file:33554432 bytes
***********WAITING************

Write the data to file:33554432 bytes
***********WAITING************

Write the data to file:33554432 bytes
***********WAITING************

Write the data to file:33554432 bytes
***********WAITING************

Write the data to file:33554432 bytes
***********WAITING************

Write the data to file:33554432 bytes
***********WAITING************

Write the data to file:33554432 bytes
***********WAITING************

Write the data to file:33554432 bytes
***********WAITING************

Write the data to file:33554432 bytes
***********WAITING************

Write the data to file:33554432 bytes
***********WAITING************

Write the data to file:33554432 bytes
***********WAITING************

Write the data to file:33554432 bytes
***********WAITING************

Write the data to file:33554432 bytes
***********WAITING************

Write the data to file:33554432 bytes
***********WAITING************

Write the data to file:33554432 bytes
***********WAITING************

Write the data to file:33554432 bytes
***********WAITING************

Write the data to file:33554432 bytes
***********WAITING************

Write the data to file:33554432 bytes
***********WAITING************

Write the data to file:33554432 bytes
***********WAITING************

Write the data to file:33554432 bytes
***********WAITING************

Write the data to file:33554432 bytes
***********WAITING************

Write the data to file:33554432 bytes
***********WAITING************

Write the data to file:33554432 bytes
***********WAITING************

Write the data to file:33554432 bytes
***********WAITING************

Write the data to file:33554432 bytes
***********WAITING************

Write the data to file:33554432 bytes
***********WAITING************

Write the data to file:33554432 bytes
***********WAITING************

Write the data to file:33554432 bytes
***********WAITING************

Write the data to file:33554432 bytes
***********WAITING************

Write the data to file:33554432 bytes
***********WAITING************

Write the data to file:33554432 bytes
***********WAITING************

Write the data to file:33554432 bytes
***********WAITING************

Write the data to file:33554432 bytes
***********WAITING************

Write the data to file:33554432 bytes
***********WAITING************

Write the data to file:33554432 bytes
***********WAITING************

Write the data to file:33554432 bytes
***********WAITING************

Write the data to file:33554432 bytes
***********WAITING************

Write the data to file:33554432 bytes
***********WAITING************

Write the data to file:33554432 bytes
***********WAITING************

Write the data to file:33554432 bytes
***********WAITING************

Write the data to file:33554432 bytes
***********WAITING************

Write the data to file:33554432 bytes
***********WAITING************

Write the data to file:33554432 bytes
***********WAITING************

Write the data to file:33554432 bytes
***********WAITING************

Write the data to file:33554432 bytes
***********WAITING************

Write the data to file:33554432 bytes
***********WAITING************

Write the data to file:33554432 bytes
***********WAITING************

Write the data to file:33554432 bytes
***********WAITING************

Write the data to file:33554432 bytes
***********WAITING************

Write the data to file:33554432 bytes
***********WAITING************

Write the data to file:33554432 bytes
***********WAITING************

Write the data to file:33554432 bytes
***********WAITING************

Write the data to file:33554432 bytes
***********WAITING************

Write the data to file:33554432 bytes
***********WAITING************

Write the data to file:33554432 bytes
***********WAITING************

Write the data to file:33554432 bytes
***********WAITING************

Write the data to file:33554432 bytes
***********WAITING************

Write the data to file:33554432 bytes
***********WAITING************

Write the data to file:33554432 bytes
***********WAITING************

Write the data to file:33554432 bytes
***********WAITING************

Write the data to file:33554432 bytes
***********WAITING************

Write the data to file:33554432 bytes
***********WAITING************

Write the data to file:33554432 bytes
***********WAITING************

Write the data to file:33554432 bytes
***********WAITING************

Write the data to file:33554432 bytes
***********WAITING************

Write the data to file:33554432 bytes
***********WAITING************

Write the data to file:33554432 bytes
***********WAITING************

Write the data to file:33554432 bytes
***********WAITING************

Write the data to file:33554432 bytes
***********WAITING************

Write the data to file:33554432 bytes
***********WAITING************

Write the data to file:33554432 bytes
***********WAITING************

Write the data to file:33554432 bytes
***********WAITING************

Write the data to file:33554432 bytes
***********WAITING************

Write the data to file:33554432 bytes
***********WAITING************

Write the data to file:33554432 bytes
***********WAITING************
S_cc         1.01   [      1.00:      1.01]
S_bw         0.24   [      0.24:      0.24]
S_w         31.07   [     31.07:     31.07]
          -------
S_total     32.32   [     32.31:     32.32]

build_S done
calc_W
build_S done
calc_W
nr_of_strided_rec: 8
nr_doubles: 65536
build_S done
calc_W
nr_of_strided_rec: 8
nr_doubles: 65536
build_S done
calc_W
nr_of_strided_rec: 8
nr_doubles: 65536
build_S done
calc_W
nr_of_strided_rec: 8
nr_doubles: 65536
build_S done
calc_W
nr_of_strided_rec: 8
nr_doubles: 65536
build_S done
calc_W
nr_of_strided_rec: 8
nr_doubles: 65536
build_S done
calc_W
nr_of_strided_rec: 8
nr_doubles: 65536
build_S done
calc_W
nr_of_strided_rec: 8
nr_doubles: 65536
build_S done
calc_W
nr_of_strided_rec: 8
nr_doubles: 65536
build_S done
calc_W
nr_of_strided_rec: 8
nr_doubles: 65536
build_S done
calc_W
nr_of_strided_rec: 8
nr_doubles: 65536
build_S done
calc_W
nr_of_strided_rec: 8
nr_doubles: 65536
build_S done
calc_W
nr_of_strided_rec: 8
nr_doubles: 65536
build_S done
calc_W
nr_of_strided_rec: 8
nr_doubles: 65536
build_S done
calc_W
nr_of_strided_rec: 8
nr_doubles: 65536
nr_of_strided_rec: 8
nr_doubles: 65536
nr_of_strided_rec: 8
nr_doubles: 65536
nr_of_strided_rec: 8
nr_doubles: 65536
nr_of_strided_rec: 8
nr_doubles: 65536
nr_of_strided_rec: 8
nr_doubles: 65536
nr_of_strided_rec: 8
nr_doubles: 65536
nr_of_strided_rec: 8
nr_doubles: 65536
nr_of_strided_rec: 8
nr_doubles: 65536
nr_of_strided_rec: 8
nr_doubles: 65536
nr_of_strided_rec: 8
nr_doubles: 65536
nr_of_strided_rec: 8
nr_doubles: 65536
nr_of_strided_rec: 8
nr_doubles: 65536
nr_of_strided_rec: 8
nr_doubles: 65536
nr_of_strided_rec: 8
nr_doubles: 65536
nr_of_strided_rec: 8
nr_doubles: 65536
nr_of_strided_rec: 8
nr_doubles: 65536
nr_of_strided_rec: 8
nr_doubles: 65536

Write the data to file:33554432 bytes
***********WAITING************

Write the data to file:33554432 bytes
***********WAITING************

Write the data to file:33554432 bytes
***********WAITING************

Write the data to file:33554432 bytes
***********WAITING************

Write the data to file:33554432 bytes
***********WAITING************

Write the data to file:33554432 bytes
***********WAITING************

Write the data to file:33554432 bytes
***********WAITING************

Write the data to file:33554432 bytes
***********WAITING************

Write the data to file:33554432 bytes
***********WAITING************

Write the data to file:33554432 bytes
***********WAITING************

Write the data to file:33554432 bytes
***********WAITING************

Write the data to file:33554432 bytes
***********WAITING************

Write the data to file:33554432 bytes
***********WAITING************

Write the data to file:33554432 bytes
***********WAITING************

Write the data to file:33554432 bytes
***********WAITING************

Write the data to file:33554432 bytes
***********WAITING************
nr_of_strided_rec: 8
nr_doubles: 65536
nr_of_strided_rec: 8
nr_doubles: 65536
nr_of_strided_rec: 8
nr_doubles: 65536
nr_of_strided_rec: 8
nr_doubles: 65536
nr_of_strided_rec: 8
nr_doubles: 65536
nr_of_strided_rec: 8
nr_doubles: 65536
nr_of_strided_rec: 8
nr_doubles: 65536
nr_of_strided_rec: 8
nr_doubles: 65536
nr_of_strided_rec: 8
nr_doubles: 65536
nr_of_strided_rec: 8
nr_doubles: 65536
nr_of_strided_rec: 8
nr_doubles: 65536
nr_of_strided_rec: 8
nr_doubles: 65536
nr_of_strided_rec: 8
nr_doubles: 65536
nr_of_strided_rec: 8
nr_doubles: 65536
nr_of_strided_rec: 8
nr_doubles: 65536
nr_of_strided_rec: 8
nr_doubles: 65536

Write the data to file:33554432 bytes
***********WAITING************

Write the data to file:33554432 bytes
***********WAITING************

Write the data to file:33554432 bytes
***********WAITING************

Write the data to file:33554432 bytes
***********WAITING************

Write the data to file:33554432 bytes
***********WAITING************

Write the data to file:33554432 bytes
***********WAITING************

Write the data to file:33554432 bytes
***********WAITING************

Write the data to file:33554432 bytes
***********WAITING************

Write the data to file:33554432 bytes
***********WAITING************

Write the data to file:33554432 bytes
***********WAITING************

Write the data to file:33554432 bytes
***********WAITING************

Write the data to file:33554432 bytes
***********WAITING************

Write the data to file:33554432 bytes
***********WAITING************

Write the data to file:33554432 bytes
***********WAITING************

Write the data to file:33554432 bytes
***********WAITING************

Write the data to file:33554432 bytes
***********WAITING************
nr_of_strided_rec: 8
nr_doubles: 65536
nr_of_strided_rec: 8
nr_doubles: 65536
nr_of_strided_rec: 8
nr_doubles: 65536
nr_of_strided_rec: 8
nr_doubles: 65536
nr_of_strided_rec: 8
nr_doubles: 65536
nr_of_strided_rec: 8
nr_doubles: 65536
nr_of_strided_rec: 8
nr_doubles: 65536
nr_of_strided_rec: 8
nr_doubles: 65536
nr_of_strided_rec: 8
nr_doubles: 65536
nr_of_strided_rec: 8
nr_doubles: 65536
nr_of_strided_rec: 8
nr_doubles: 65536
nr_of_strided_rec: 8
nr_doubles: 65536
nr_of_strided_rec: 8
nr_doubles: 65536
nr_of_strided_rec: 8
nr_doubles: 65536
nr_of_strided_rec: 8
nr_doubles: 65536
nr_of_strided_rec: 8
nr_doubles: 65536

Write the data to file:33554432 bytes
***********WAITING************

Write the data to file:33554432 bytes
***********WAITING************

Write the data to file:33554432 bytes
***********WAITING************

Write the data to file:33554432 bytes
***********WAITING************

Write the data to file:33554432 bytes
***********WAITING************

Write the data to file:33554432 bytes
***********WAITING************

Write the data to file:33554432 bytes
***********WAITING************

Write the data to file:33554432 bytes
***********WAITING************

Write the data to file:33554432 bytes
***********WAITING************

Write the data to file:33554432 bytes
***********WAITING************

Write the data to file:33554432 bytes
***********WAITING************

Write the data to file:33554432 bytes
***********WAITING************

Write the data to file:33554432 bytes
***********WAITING************

Write the data to file:33554432 bytes
***********WAITING************

Write the data to file:33554432 bytes
***********WAITING************

Write the data to file:33554432 bytes
***********WAITING************
nr_of_strided_rec: 8
nr_doubles: 65536
nr_of_strided_rec: 8
nr_doubles: 65536
nr_of_strided_rec: 8
nr_doubles: 65536
nr_of_strided_rec: 8
nr_doubles: 65536
nr_of_strided_rec: 8
nr_doubles: 65536
nr_of_strided_rec: 8
nr_doubles: 65536
nr_of_strided_rec: 8
nr_doubles: 65536
nr_of_strided_rec: 8
nr_doubles: 65536
nr_of_strided_rec: 8
nr_doubles: 65536
nr_of_strided_rec: 8
nr_doubles: 65536
nr_of_strided_rec: 8
nr_doubles: 65536
nr_of_strided_rec: 8
nr_doubles: 65536
nr_of_strided_rec: 8
nr_doubles: 65536
nr_of_strided_rec: 8
nr_doubles: 65536
nr_of_strided_rec: 8
nr_doubles: 65536
nr_of_strided_rec: 8
nr_doubles: 65536

Write the data to file:33554432 bytes
***********WAITING************

Write the data to file:33554432 bytes
***********WAITING************

Write the data to file:33554432 bytes
***********WAITING************

Write the data to file:33554432 bytes
***********WAITING************

Write the data to file:33554432 bytes
***********WAITING************

Write the data to file:33554432 bytes
***********WAITING************

Write the data to file:33554432 bytes
***********WAITING************

Write the data to file:33554432 bytes
***********WAITING************

Write the data to file:33554432 bytes
***********WAITING************

Write the data to file:33554432 bytes
***********WAITING************

Write the data to file:33554432 bytes
***********WAITING************

Write the data to file:33554432 bytes
***********WAITING************

Write the data to file:33554432 bytes
***********WAITING************

Write the data to file:33554432 bytes
***********WAITING************

Write the data to file:33554432 bytes
***********WAITING************

Write the data to file:33554432 bytes
***********WAITING************
nr_of_strided_rec: 8
nr_doubles: 65536
nr_of_strided_rec: 8
nr_doubles: 65536
nr_of_strided_rec: 8
nr_doubles: 65536
nr_of_strided_rec: 8
nr_doubles: 65536
nr_of_strided_rec: 8
nr_doubles: 65536
nr_of_strided_rec: 8
nr_doubles: 65536
nr_of_strided_rec: 8
nr_doubles: 65536
nr_of_strided_rec: 8
nr_doubles: 65536
nr_of_strided_rec: 8
nr_doubles: 65536
nr_of_strided_rec: 8
nr_doubles: 65536
nr_of_strided_rec: 8
nr_doubles: 65536
nr_of_strided_rec: 8
nr_doubles: 65536
nr_of_strided_rec: 8
nr_doubles: 65536
nr_of_strided_rec: 8
nr_doubles: 65536
nr_of_strided_rec: 8
nr_doubles: 65536
nr_of_strided_rec: 8
nr_doubles: 65536

Write the data to file:33554432 bytes
***********WAITING************

Write the data to file:33554432 bytes
***********WAITING************

Write the data to file:33554432 bytes
***********WAITING************

Write the data to file:33554432 bytes
***********WAITING************

Write the data to file:33554432 bytes
***********WAITING************

Write the data to file:33554432 bytes
***********WAITING************

Write the data to file:33554432 bytes
***********WAITING************

Write the data to file:33554432 bytes
***********WAITING************

Write the data to file:33554432 bytes
***********WAITING************

Write the data to file:33554432 bytes
***********WAITING************

Write the data to file:33554432 bytes
***********WAITING************

Write the data to file:33554432 bytes
***********WAITING************

Write the data to file:33554432 bytes
***********WAITING************

Write the data to file:33554432 bytes
***********WAITING************

Write the data to file:33554432 bytes
***********WAITING************

Write the data to file:33554432 bytes
***********WAITING************
nr_of_strided_rec: 8
nr_doubles: 65536
nr_of_strided_rec: 8
nr_doubles: 65536
nr_of_strided_rec: 8
nr_doubles: 65536
nr_of_strided_rec: 8
nr_doubles: 65536
nr_of_strided_rec: 8
nr_doubles: 65536
nr_of_strided_rec: 8
nr_doubles: 65536
nr_of_strided_rec: 8
nr_doubles: 65536
nr_of_strided_rec: 8
nr_doubles: 65536
nr_of_strided_rec: 8
nr_doubles: 65536
nr_of_strided_rec: 8
nr_doubles: 65536
nr_of_strided_rec: 8
nr_doubles: 65536
nr_of_strided_rec: 8
nr_doubles: 65536
nr_of_strided_rec: 8
nr_doubles: 65536
nr_of_strided_rec: 8
nr_doubles: 65536
nr_of_strided_rec: 8
nr_doubles: 65536
nr_of_strided_rec: 8
nr_doubles: 65536

Write the data to file:33554432 bytes
***********WAITING************

Write the data to file:33554432 bytes
***********WAITING************

Write the data to file:33554432 bytes
***********WAITING************

Write the data to file:33554432 bytes
***********WAITING************

Write the data to file:33554432 bytes
***********WAITING************

Write the data to file:33554432 bytes
***********WAITING************

Write the data to file:33554432 bytes
***********WAITING************

Write the data to file:33554432 bytes
***********WAITING************

Write the data to file:33554432 bytes
***********WAITING************

Write the data to file:33554432 bytes
***********WAITING************

Write the data to file:33554432 bytes
***********WAITING************

Write the data to file:33554432 bytes
***********WAITING************

Write the data to file:33554432 bytes
***********WAITING************

Write the data to file:33554432 bytes
***********WAITING************

Write the data to file:33554432 bytes
***********WAITING************

Write the data to file:33554432 bytes
***********WAITING************
nr_of_strided_rec: 8
nr_doubles: 65536
nr_of_strided_rec: 8
nr_doubles: 65536
nr_of_strided_rec: 8
nr_doubles: 65536
nr_of_strided_rec: 8
nr_doubles: 65536
nr_of_strided_rec: 8
nr_doubles: 65536
nr_of_strided_rec: 8
nr_doubles: 65536
nr_of_strided_rec: 8
nr_doubles: 65536
nr_of_strided_rec: 8
nr_doubles: 65536
nr_of_strided_rec: 8
nr_doubles: 65536
nr_of_strided_rec: 8
nr_doubles: 65536
nr_of_strided_rec: 8
nr_doubles: 65536
nr_of_strided_rec: 8
nr_doubles: 65536
nr_of_strided_rec: 8
nr_doubles: 65536
nr_of_strided_rec: 8
nr_doubles: 65536
nr_of_strided_rec: 8
nr_doubles: 65536
nr_of_strided_rec: 8
nr_doubles: 65536

Write the data to file:33554432 bytes
***********WAITING************

Write the data to file:33554432 bytes
***********WAITING************

Write the data to file:33554432 bytes
***********WAITING************

Write the data to file:33554432 bytes
***********WAITING************

Write the data to file:33554432 bytes
***********WAITING************

Write the data to file:33554432 bytes
***********WAITING************

Write the data to file:33554432 bytes
***********WAITING************

Write the data to file:33554432 bytes
***********WAITING************

Write the data to file:33554432 bytes
***********WAITING************

Write the data to file:33554432 bytes
***********WAITING************

Write the data to file:33554432 bytes
***********WAITING************

Write the data to file:33554432 bytes
***********WAITING************

Write the data to file:33554432 bytes
***********WAITING************

Write the data to file:33554432 bytes
***********WAITING************

Write the data to file:33554432 bytes
***********WAITING************

Write the data to file:33554432 bytes
***********WAITING************
nr_of_strided_rec: 8
nr_doubles: 65536
nr_of_strided_rec: 8
nr_doubles: 65536
nr_of_strided_rec: 8
nr_doubles: 65536
nr_of_strided_rec: 8
nr_doubles: 65536
nr_of_strided_rec: 8
nr_doubles: 65536
nr_of_strided_rec: 8
nr_doubles: 65536
nr_of_strided_rec: 8
nr_doubles: 65536
nr_of_strided_rec: 8
nr_doubles: 65536
nr_of_strided_rec: 8
nr_doubles: 65536
nr_of_strided_rec: 8
nr_doubles: 65536
nr_of_strided_rec: 8
nr_doubles: 65536
nr_of_strided_rec: 8
nr_doubles: 65536
nr_of_strided_rec: 8
nr_doubles: 65536
nr_of_strided_rec: 8
nr_doubles: 65536
nr_of_strided_rec: 8
nr_doubles: 65536
nr_of_strided_rec: 8
nr_doubles: 65536

Write the data to file:33554432 bytes
***********WAITING************

Write the data to file:33554432 bytes
***********WAITING************

Write the data to file:33554432 bytes
***********WAITING************

Write the data to file:33554432 bytes
***********WAITING************

Write the data to file:33554432 bytes
***********WAITING************

Write the data to file:33554432 bytes
***********WAITING************

Write the data to file:33554432 bytes
***********WAITING************

Write the data to file:33554432 bytes
***********WAITING************

Write the data to file:33554432 bytes
***********WAITING************

Write the data to file:33554432 bytes
***********WAITING************

Write the data to file:33554432 bytes
***********WAITING************

Write the data to file:33554432 bytes
***********WAITING************

Write the data to file:33554432 bytes
***********WAITING************

Write the data to file:33554432 bytes
***********WAITING************

Write the data to file:33554432 bytes
***********WAITING************

Write the data to file:33554432 bytes
***********WAITING************
nr_of_strided_rec: 8
nr_doubles: 65536
nr_of_strided_rec: 8
nr_doubles: 65536
nr_of_strided_rec: 8
nr_doubles: 65536
nr_of_strided_rec: 8
nr_doubles: 65536
nr_of_strided_rec: 8
nr_doubles: 65536
nr_of_strided_rec: 8
nr_doubles: 65536
nr_of_strided_rec: 8
nr_doubles: 65536
nr_of_strided_rec: 8
nr_doubles: 65536
nr_of_strided_rec: 8
nr_doubles: 65536
nr_of_strided_rec: 8
nr_doubles: 65536
nr_of_strided_rec: 8
nr_doubles: 65536
nr_of_strided_rec: 8
nr_doubles: 65536
nr_of_strided_rec: 8
nr_doubles: 65536
nr_of_strided_rec: 8
nr_doubles: 65536
nr_of_strided_rec: 8
nr_doubles: 65536
nr_of_strided_rec: 8
nr_doubles: 65536

Write the data to file:33554432 bytes
***********WAITING************

Write the data to file:33554432 bytes
***********WAITING************

Write the data to file:33554432 bytes
***********WAITING************

Write the data to file:33554432 bytes
***********WAITING************

Write the data to file:33554432 bytes
***********WAITING************

Write the data to file:33554432 bytes
***********WAITING************

Write the data to file:33554432 bytes
***********WAITING************

Write the data to file:33554432 bytes
***********WAITING************

Write the data to file:33554432 bytes
***********WAITING************

Write the data to file:33554432 bytes
***********WAITING************

Write the data to file:33554432 bytes
***********WAITING************

Write the data to file:33554432 bytes
***********WAITING************

Write the data to file:33554432 bytes
***********WAITING************

Write the data to file:33554432 bytes
***********WAITING************

Write the data to file:33554432 bytes
***********WAITING************

Write the data to file:33554432 bytes
***********WAITING************
nr_of_strided_rec: 8
nr_doubles: 65536
nr_of_strided_rec: 8
nr_doubles: 65536
nr_of_strided_rec: 8
nr_doubles: 65536
nr_of_strided_rec: 8
nr_doubles: 65536
nr_of_strided_rec: 8
nr_doubles: 65536
nr_of_strided_rec: 8
nr_doubles: 65536
nr_of_strided_rec: 8
nr_doubles: 65536
nr_of_strided_rec: 8
nr_doubles: 65536
nr_of_strided_rec: 8
nr_doubles: 65536
nr_of_strided_rec: 8
nr_doubles: 65536
nr_of_strided_rec: 8
nr_doubles: 65536
nr_of_strided_rec: 8
nr_doubles: 65536
nr_of_strided_rec: 8
nr_doubles: 65536
nr_of_strided_rec: 8
nr_doubles: 65536
nr_of_strided_rec: 8
nr_doubles: 65536
nr_of_strided_rec: 8
nr_doubles: 65536

Write the data to file:33554432 bytes
***********WAITING************

Write the data to file:33554432 bytes
***********WAITING************

Write the data to file:33554432 bytes
***********WAITING************

Write the data to file:33554432 bytes
***********WAITING************

Write the data to file:33554432 bytes
***********WAITING************

Write the data to file:33554432 bytes
***********WAITING************

Write the data to file:33554432 bytes
***********WAITING************

Write the data to file:33554432 bytes
***********WAITING************

Write the data to file:33554432 bytes
***********WAITING************

Write the data to file:33554432 bytes
***********WAITING************

Write the data to file:33554432 bytes
***********WAITING************

Write the data to file:33554432 bytes
***********WAITING************

Write the data to file:33554432 bytes
***********WAITING************

Write the data to file:33554432 bytes
***********WAITING************

Write the data to file:33554432 bytes
***********WAITING************

Write the data to file:33554432 bytes
***********WAITING************
nr_of_strided_rec: 8
nr_doubles: 65536
nr_of_strided_rec: 8
nr_doubles: 65536
nr_of_strided_rec: 8
nr_doubles: 65536
nr_of_strided_rec: 8
nr_doubles: 65536
nr_of_strided_rec: 8
nr_doubles: 65536
nr_of_strided_rec: 8
nr_doubles: 65536
nr_of_strided_rec: 8
nr_doubles: 65536
nr_of_strided_rec: 8
nr_doubles: 65536
nr_of_strided_rec: 8
nr_doubles: 65536
nr_of_strided_rec: 8
nr_doubles: 65536
nr_of_strided_rec: 8
nr_doubles: 65536
nr_of_strided_rec: 8
nr_doubles: 65536
nr_of_strided_rec: 8
nr_doubles: 65536
nr_of_strided_rec: 8
nr_doubles: 65536
nr_of_strided_rec: 8
nr_doubles: 65536
nr_of_strided_rec: 8
nr_doubles: 65536

Write the data to file:33554432 bytes
***********WAITING************

Write the data to file:33554432 bytes
***********WAITING************

Write the data to file:33554432 bytes
***********WAITING************

Write the data to file:33554432 bytes
***********WAITING************

Write the data to file:33554432 bytes
***********WAITING************

Write the data to file:33554432 bytes
***********WAITING************

Write the data to file:33554432 bytes
***********WAITING************

Write the data to file:33554432 bytes
***********WAITING************

Write the data to file:33554432 bytes
***********WAITING************

Write the data to file:33554432 bytes
***********WAITING************

Write the data to file:33554432 bytes
***********WAITING************

Write the data to file:33554432 bytes
***********WAITING************

Write the data to file:33554432 bytes
***********WAITING************

Write the data to file:33554432 bytes
***********WAITING************

Write the data to file:33554432 bytes
***********WAITING************

Write the data to file:33554432 bytes
***********WAITING************
nr_of_strided_rec: 8
nr_doubles: 65536
nr_of_strided_rec: 8
nr_doubles: 65536
nr_of_strided_rec: 8
nr_doubles: 65536
nr_of_strided_rec: 8
nr_doubles: 65536
nr_of_strided_rec: 8
nr_doubles: 65536
nr_of_strided_rec: 8
nr_doubles: 65536
nr_of_strided_rec: 8
nr_doubles: 65536
nr_of_strided_rec: 8
nr_doubles: 65536
nr_of_strided_rec: 8
nr_doubles: 65536
nr_of_strided_rec: 8
nr_doubles: 65536
nr_of_strided_rec: 8
nr_doubles: 65536
nr_of_strided_rec: 8
nr_doubles: 65536
nr_of_strided_rec: 8
nr_doubles: 65536
nr_of_strided_rec: 8
nr_doubles: 65536
nr_of_strided_rec: 8
nr_doubles: 65536
nr_of_strided_rec: 8
nr_doubles: 65536

Write the data to file:33554432 bytes
***********WAITING************

Write the data to file:33554432 bytes
***********WAITING************

Write the data to file:33554432 bytes
***********WAITING************

Write the data to file:33554432 bytes
***********WAITING************

Write the data to file:33554432 bytes
***********WAITING************

Write the data to file:33554432 bytes
***********WAITING************

Write the data to file:33554432 bytes
***********WAITING************

Write the data to file:33554432 bytes
***********WAITING************

Write the data to file:33554432 bytes
***********WAITING************

Write the data to file:33554432 bytes
***********WAITING************

Write the data to file:33554432 bytes
***********WAITING************

Write the data to file:33554432 bytes
***********WAITING************

Write the data to file:33554432 bytes
***********WAITING************

Write the data to file:33554432 bytes
***********WAITING************

Write the data to file:33554432 bytes
***********WAITING************

Write the data to file:33554432 bytes
***********WAITING************
nr_of_strided_rec: 8
nr_doubles: 65536
nr_of_strided_rec: 8
nr_doubles: 65536
nr_of_strided_rec: 8
nr_doubles: 65536
nr_of_strided_rec: 8
nr_doubles: 65536
nr_of_strided_rec: 8
nr_doubles: 65536
nr_of_strided_rec: 8
nr_doubles: 65536
nr_of_strided_rec: 8
nr_doubles: 65536
nr_of_strided_rec: 8
nr_doubles: 65536
nr_of_strided_rec: 8
nr_doubles: 65536
nr_of_strided_rec: 8
nr_doubles: 65536
nr_of_strided_rec: 8
nr_doubles: 65536
nr_of_strided_rec: 8
nr_doubles: 65536
nr_of_strided_rec: 8
nr_doubles: 65536
nr_of_strided_rec: 8
nr_doubles: 65536
nr_of_strided_rec: 8
nr_doubles: 65536
nr_of_strided_rec: 8
nr_doubles: 65536

Write the data to file:33554432 bytes
***********WAITING************

Write the data to file:33554432 bytes
***********WAITING************

Write the data to file:33554432 bytes
***********WAITING************

Write the data to file:33554432 bytes
***********WAITING************

Write the data to file:33554432 bytes
***********WAITING************

Write the data to file:33554432 bytes
***********WAITING************

Write the data to file:33554432 bytes
***********WAITING************

Write the data to file:33554432 bytes
***********WAITING************

Write the data to file:33554432 bytes
***********WAITING************

Write the data to file:33554432 bytes
***********WAITING************

Write the data to file:33554432 bytes
***********WAITING************

Write the data to file:33554432 bytes
***********WAITING************

Write the data to file:33554432 bytes
***********WAITING************

Write the data to file:33554432 bytes
***********WAITING************

Write the data to file:33554432 bytes
***********WAITING************

Write the data to file:33554432 bytes
***********WAITING************
nr_of_strided_rec: 8
nr_doubles: 65536
nr_of_strided_rec: 8
nr_doubles: 65536
nr_of_strided_rec: 8
nr_doubles: 65536
nr_of_strided_rec: 8
nr_doubles: 65536
nr_of_strided_rec: 8
nr_doubles: 65536
nr_of_strided_rec: 8
nr_doubles: 65536
nr_of_strided_rec: 8
nr_doubles: 65536
nr_of_strided_rec: 8
nr_doubles: 65536
nr_of_strided_rec: 8
nr_doubles: 65536
nr_of_strided_rec: 8
nr_doubles: 65536
nr_of_strided_rec: 8
nr_doubles: 65536
nr_of_strided_rec: 8
nr_doubles: 65536
nr_of_strided_rec: 8
nr_doubles: 65536
nr_of_strided_rec: 8
nr_doubles: 65536
nr_of_strided_rec: 8
nr_doubles: 65536
nr_of_strided_rec: 8
nr_doubles: 65536

Write the data to file:33554432 bytes
***********WAITING************

Write the data to file:33554432 bytes
***********WAITING************

Write the data to file:33554432 bytes
***********WAITING************

Write the data to file:33554432 bytes
***********WAITING************

Write the data to file:33554432 bytes
***********WAITING************

Write the data to file:33554432 bytes
***********WAITING************

Write the data to file:33554432 bytes
***********WAITING************

Write the data to file:33554432 bytes
***********WAITING************

Write the data to file:33554432 bytes
***********WAITING************

Write the data to file:33554432 bytes
***********WAITING************

Write the data to file:33554432 bytes
***********WAITING************

Write the data to file:33554432 bytes
***********WAITING************

Write the data to file:33554432 bytes
***********WAITING************

Write the data to file:33554432 bytes
***********WAITING************

Write the data to file:33554432 bytes
***********WAITING************

Write the data to file:33554432 bytes
***********WAITING************
nr_of_strided_rec: 8
nr_doubles: 65536
nr_of_strided_rec: 8
nr_doubles: 65536
nr_of_strided_rec: 8
nr_doubles: 65536
nr_of_strided_rec: 8
nr_doubles: 65536
nr_of_strided_rec: 8
nr_doubles: 65536
nr_of_strided_rec: 8
nr_doubles: 65536
nr_of_strided_rec: 8
nr_doubles: 65536
nr_of_strided_rec: 8
nr_doubles: 65536
nr_of_strided_rec: 8
nr_doubles: 65536
nr_of_strided_rec: 8
nr_doubles: 65536
nr_of_strided_rec: 8
nr_doubles: 65536
nr_of_strided_rec: 8
nr_doubles: 65536
nr_of_strided_rec: 8
nr_doubles: 65536
nr_of_strided_rec: 8
nr_doubles: 65536
nr_of_strided_rec: 8
nr_doubles: 65536
nr_of_strided_rec: 8
nr_doubles: 65536

Write the data to file:33554432 bytes
***********WAITING************

Write the data to file:33554432 bytes
***********WAITING************

Write the data to file:33554432 bytes
***********WAITING************

Write the data to file:33554432 bytes
***********WAITING************

Write the data to file:33554432 bytes
***********WAITING************

Write the data to file:33554432 bytes
***********WAITING************

Write the data to file:33554432 bytes
***********WAITING************

Write the data to file:33554432 bytes
***********WAITING************

Write the data to file:33554432 bytes
***********WAITING************

Write the data to file:33554432 bytes
***********WAITING************

Write the data to file:33554432 bytes
***********WAITING************

Write the data to file:33554432 bytes
***********WAITING************

Write the data to file:33554432 bytes
***********WAITING************

Write the data to file:33554432 bytes
***********WAITING************

Write the data to file:33554432 bytes
***********WAITING************

Write the data to file:33554432 bytes
***********WAITING************
nr_of_strided_rec: 8
nr_doubles: 65536
nr_of_strided_rec: 8
nr_doubles: 65536
nr_of_strided_rec: 8
nr_doubles: 65536
nr_of_strided_rec: 8
nr_doubles: 65536
nr_of_strided_rec: 8
nr_doubles: 65536
nr_of_strided_rec: 8
nr_doubles: 65536
nr_of_strided_rec: 8
nr_doubles: 65536
nr_of_strided_rec: 8
nr_doubles: 65536
nr_of_strided_rec: 8
nr_doubles: 65536
nr_of_strided_rec: 8
nr_doubles: 65536
nr_of_strided_rec: 8
nr_doubles: 65536
nr_of_strided_rec: 8
nr_doubles: 65536
nr_of_strided_rec: 8
nr_doubles: 65536
nr_of_strided_rec: 8
nr_doubles: 65536
nr_of_strided_rec: 8
nr_doubles: 65536
nr_of_strided_rec: 8
nr_doubles: 65536

Write the data to file:33554432 bytes
***********WAITING************

Write the data to file:33554432 bytes
***********WAITING************

Write the data to file:33554432 bytes
***********WAITING************

Write the data to file:33554432 bytes
***********WAITING************

Write the data to file:33554432 bytes
***********WAITING************

Write the data to file:33554432 bytes
***********WAITING************

Write the data to file:33554432 bytes
***********WAITING************

Write the data to file:33554432 bytes
***********WAITING************

Write the data to file:33554432 bytes
***********WAITING************

Write the data to file:33554432 bytes
***********WAITING************

Write the data to file:33554432 bytes
***********WAITING************

Write the data to file:33554432 bytes
***********WAITING************

Write the data to file:33554432 bytes
***********WAITING************

Write the data to file:33554432 bytes
***********WAITING************

Write the data to file:33554432 bytes
***********WAITING************

Write the data to file:33554432 bytes
***********WAITING************
nr_of_strided_rec: 8
nr_doubles: 65536
nr_of_strided_rec: 8
nr_doubles: 65536
nr_of_strided_rec: 8
nr_doubles: 65536
nr_of_strided_rec: 8
nr_doubles: 65536
nr_of_strided_rec: 8
nr_doubles: 65536
nr_of_strided_rec: 8
nr_doubles: 65536
nr_of_strided_rec: 8
nr_doubles: 65536
nr_of_strided_rec: 8
nr_doubles: 65536
nr_of_strided_rec: 8
nr_doubles: 65536
nr_of_strided_rec: 8
nr_doubles: 65536
nr_of_strided_rec: 8
nr_doubles: 65536
nr_of_strided_rec: 8
nr_doubles: 65536
nr_of_strided_rec: 8
nr_doubles: 65536
nr_of_strided_rec: 8
nr_doubles: 65536
nr_of_strided_rec: 8
nr_doubles: 65536
nr_of_strided_rec: 8
nr_doubles: 65536

Write the data to file:33554432 bytes
***********WAITING************

Write the data to file:33554432 bytes
***********WAITING************

Write the data to file:33554432 bytes
***********WAITING************

Write the data to file:33554432 bytes
***********WAITING************

Write the data to file:33554432 bytes
***********WAITING************

Write the data to file:33554432 bytes
***********WAITING************

Write the data to file:33554432 bytes
***********WAITING************

Write the data to file:33554432 bytes
***********WAITING************

Write the data to file:33554432 bytes
***********WAITING************

Write the data to file:33554432 bytes
***********WAITING************

Write the data to file:33554432 bytes
***********WAITING************

Write the data to file:33554432 bytes
***********WAITING************

Write the data to file:33554432 bytes
***********WAITING************

Write the data to file:33554432 bytes
***********WAITING************

Write the data to file:33554432 bytes
***********WAITING************

Write the data to file:33554432 bytes
***********WAITING************
nr_of_strided_rec: 8
nr_doubles: 65536
nr_of_strided_rec: 8
nr_doubles: 65536
nr_of_strided_rec: 8
nr_doubles: 65536
nr_of_strided_rec: 8
nr_doubles: 65536
nr_of_strided_rec: 8
nr_doubles: 65536
nr_of_strided_rec: 8
nr_doubles: 65536
nr_of_strided_rec: 8
nr_doubles: 65536
nr_of_strided_rec: 8
nr_doubles: 65536
nr_of_strided_rec: 8
nr_doubles: 65536
nr_of_strided_rec: 8
nr_doubles: 65536
nr_of_strided_rec: 8
nr_doubles: 65536
nr_of_strided_rec: 8
nr_doubles: 65536
nr_of_strided_rec: 8
nr_doubles: 65536
nr_of_strided_rec: 8
nr_doubles: 65536
nr_of_strided_rec: 8
nr_doubles: 65536
nr_of_strided_rec: 8
nr_doubles: 65536

Write the data to file:33554432 bytes
***********WAITING************

Write the data to file:33554432 bytes
***********WAITING************

Write the data to file:33554432 bytes
***********WAITING************

Write the data to file:33554432 bytes
***********WAITING************

Write the data to file:33554432 bytes
***********WAITING************

Write the data to file:33554432 bytes
***********WAITING************

Write the data to file:33554432 bytes
***********WAITING************

Write the data to file:33554432 bytes
***********WAITING************

Write the data to file:33554432 bytes
***********WAITING************

Write the data to file:33554432 bytes
***********WAITING************

Write the data to file:33554432 bytes
***********WAITING************

Write the data to file:33554432 bytes
***********WAITING************

Write the data to file:33554432 bytes
***********WAITING************

Write the data to file:33554432 bytes
***********WAITING************

Write the data to file:33554432 bytes
***********WAITING************

Write the data to file:33554432 bytes
***********WAITING************
nr_of_strided_rec: 8
nr_doubles: 65536
nr_of_strided_rec: 8
nr_doubles: 65536
nr_of_strided_rec: 8
nr_doubles: 65536
nr_of_strided_rec: 8
nr_doubles: 65536
nr_of_strided_rec: 8
nr_doubles: 65536
nr_of_strided_rec: 8
nr_doubles: 65536
nr_of_strided_rec: 8
nr_doubles: 65536
nr_of_strided_rec: 8
nr_doubles: 65536
nr_of_strided_rec: 8
nr_doubles: 65536
nr_of_strided_rec: 8
nr_doubles: 65536
nr_of_strided_rec: 8
nr_doubles: 65536
nr_of_strided_rec: 8
nr_doubles: 65536
nr_of_strided_rec: 8
nr_doubles: 65536
nr_of_strided_rec: 8
nr_doubles: 65536
nr_of_strided_rec: 8
nr_doubles: 65536
nr_of_strided_rec: 8
nr_doubles: 65536

Write the data to file:33554432 bytes
***********WAITING************

Write the data to file:33554432 bytes
***********WAITING************

Write the data to file:33554432 bytes
***********WAITING************

Write the data to file:33554432 bytes
***********WAITING************

Write the data to file:33554432 bytes
***********WAITING************

Write the data to file:33554432 bytes
***********WAITING************

Write the data to file:33554432 bytes
***********WAITING************

Write the data to file:33554432 bytes
***********WAITING************

Write the data to file:33554432 bytes
***********WAITING************

Write the data to file:33554432 bytes
***********WAITING************

Write the data to file:33554432 bytes
***********WAITING************

Write the data to file:33554432 bytes
***********WAITING************

Write the data to file:33554432 bytes
***********WAITING************

Write the data to file:33554432 bytes
***********WAITING************

Write the data to file:33554432 bytes
***********WAITING************

Write the data to file:33554432 bytes
***********WAITING************
nr_of_strided_rec: 8
nr_doubles: 65536
nr_of_strided_rec: 8
nr_doubles: 65536
nr_of_strided_rec: 8
nr_doubles: 65536
nr_of_strided_rec: 8
nr_doubles: 65536
nr_of_strided_rec: 8
nr_doubles: 65536
nr_of_strided_rec: 8
nr_doubles: 65536
nr_of_strided_rec: 8
nr_doubles: 65536
nr_of_strided_rec: 8
nr_doubles: 65536
nr_of_strided_rec: 8
nr_doubles: 65536
nr_of_strided_rec: 8
nr_doubles: 65536
nr_of_strided_rec: 8
nr_doubles: 65536
nr_of_strided_rec: 8
nr_doubles: 65536
nr_of_strided_rec: 8
nr_doubles: 65536
nr_of_strided_rec: 8
nr_doubles: 65536
nr_of_strided_rec: 8
nr_doubles: 65536
nr_of_strided_rec: 8
nr_doubles: 65536

Write the data to file:33554432 bytes
***********WAITING************

Write the data to file:33554432 bytes
***********WAITING************

Write the data to file:33554432 bytes
***********WAITING************

Write the data to file:33554432 bytes
***********WAITING************

Write the data to file:33554432 bytes
***********WAITING************

Write the data to file:33554432 bytes
***********WAITING************

Write the data to file:33554432 bytes
***********WAITING************

Write the data to file:33554432 bytes
***********WAITING************

Write the data to file:33554432 bytes
***********WAITING************

Write the data to file:33554432 bytes
***********WAITING************

Write the data to file:33554432 bytes
***********WAITING************

Write the data to file:33554432 bytes
***********WAITING************

Write the data to file:33554432 bytes
***********WAITING************

Write the data to file:33554432 bytes
***********WAITING************

Write the data to file:33554432 bytes
***********WAITING************

Write the data to file:33554432 bytes
***********WAITING************
nr_of_strided_rec: 8
nr_doubles: 65536
nr_of_strided_rec: 8
nr_doubles: 65536
nr_of_strided_rec: 8
nr_doubles: 65536
nr_of_strided_rec: 8
nr_doubles: 65536
nr_of_strided_rec: 8
nr_doubles: 65536
nr_of_strided_rec: 8
nr_doubles: 65536
nr_of_strided_rec: 8
nr_doubles: 65536
nr_of_strided_rec: 8
nr_doubles: 65536
nr_of_strided_rec: 8
nr_doubles: 65536
nr_of_strided_rec: 8
nr_doubles: 65536
nr_of_strided_rec: 8
nr_doubles: 65536
nr_of_strided_rec: 8
nr_doubles: 65536
nr_of_strided_rec: 8
nr_doubles: 65536
nr_of_strided_rec: 8
nr_doubles: 65536
nr_of_strided_rec: 8
nr_doubles: 65536
nr_of_strided_rec: 8
nr_doubles: 65536

Write the data to file:33554432 bytes
***********WAITING************

Write the data to file:33554432 bytes
***********WAITING************

Write the data to file:33554432 bytes
***********WAITING************

Write the data to file:33554432 bytes
***********WAITING************

Write the data to file:33554432 bytes
***********WAITING************

Write the data to file:33554432 bytes
***********WAITING************

Write the data to file:33554432 bytes
***********WAITING************

Write the data to file:33554432 bytes
***********WAITING************

Write the data to file:33554432 bytes
***********WAITING************

Write the data to file:33554432 bytes
***********WAITING************

Write the data to file:33554432 bytes
***********WAITING************

Write the data to file:33554432 bytes
***********WAITING************

Write the data to file:33554432 bytes
***********WAITING************

Write the data to file:33554432 bytes
***********WAITING************

Write the data to file:33554432 bytes
***********WAITING************

Write the data to file:33554432 bytes
***********WAITING************
nr_of_strided_rec: 8
nr_doubles: 65536
nr_of_strided_rec: 8
nr_doubles: 65536
nr_of_strided_rec: 8
nr_doubles: 65536
nr_of_strided_rec: 8
nr_doubles: 65536
nr_of_strided_rec: 8
nr_doubles: 65536
nr_of_strided_rec: 8
nr_doubles: 65536
nr_of_strided_rec: 8
nr_doubles: 65536
nr_of_strided_rec: 8
nr_doubles: 65536
nr_of_strided_rec: 8
nr_doubles: 65536
nr_of_strided_rec: 8
nr_doubles: 65536
nr_of_strided_rec: 8
nr_doubles: 65536
nr_of_strided_rec: 8
nr_doubles: 65536
nr_of_strided_rec: 8
nr_doubles: 65536
nr_of_strided_rec: 8
nr_doubles: 65536
nr_of_strided_rec: 8
nr_doubles: 65536
nr_of_strided_rec: 8
nr_doubles: 65536

Write the data to file:33554432 bytes
***********WAITING************

Write the data to file:33554432 bytes
***********WAITING************

Write the data to file:33554432 bytes
***********WAITING************

Write the data to file:33554432 bytes
***********WAITING************

Write the data to file:33554432 bytes
***********WAITING************

Write the data to file:33554432 bytes
***********WAITING************

Write the data to file:33554432 bytes
***********WAITING************

Write the data to file:33554432 bytes
***********WAITING************

Write the data to file:33554432 bytes
***********WAITING************

Write the data to file:33554432 bytes
***********WAITING************

Write the data to file:33554432 bytes
***********WAITING************

Write the data to file:33554432 bytes
***********WAITING************

Write the data to file:33554432 bytes
***********WAITING************

Write the data to file:33554432 bytes
***********WAITING************

Write the data to file:33554432 bytes
***********WAITING************

Write the data to file:33554432 bytes
***********WAITING************
nr_of_strided_rec: 8
nr_doubles: 65536
nr_of_strided_rec: 8
nr_doubles: 65536
nr_of_strided_rec: 8
nr_doubles: 65536
nr_of_strided_rec: 8
nr_doubles: 65536
nr_of_strided_rec: 8
nr_doubles: 65536
nr_of_strided_rec: 8
nr_doubles: 65536
nr_of_strided_rec: 8
nr_doubles: 65536
nr_of_strided_rec: 8
nr_doubles: 65536
nr_of_strided_rec: 8
nr_doubles: 65536
nr_of_strided_rec: 8
nr_doubles: 65536
nr_of_strided_rec: 8
nr_doubles: 65536
nr_of_strided_rec: 8
nr_doubles: 65536
nr_of_strided_rec: 8
nr_doubles: 65536
nr_of_strided_rec: 8
nr_doubles: 65536
nr_of_strided_rec: 8
nr_doubles: 65536
nr_of_strided_rec: 8
nr_doubles: 65536

Write the data to file:33554432 bytes
***********WAITING************

Write the data to file:33554432 bytes
***********WAITING************

Write the data to file:33554432 bytes
***********WAITING************

Write the data to file:33554432 bytes
***********WAITING************

Write the data to file:33554432 bytes
***********WAITING************

Write the data to file:33554432 bytes
***********WAITING************

Write the data to file:33554432 bytes
***********WAITING************

Write the data to file:33554432 bytes
***********WAITING************

Write the data to file:33554432 bytes
***********WAITING************

Write the data to file:33554432 bytes
***********WAITING************

Write the data to file:33554432 bytes
***********WAITING************

Write the data to file:33554432 bytes
***********WAITING************

Write the data to file:33554432 bytes
***********WAITING************

Write the data to file:33554432 bytes
***********WAITING************

Write the data to file:33554432 bytes
***********WAITING************

Write the data to file:33554432 bytes
***********WAITING************
nr_of_strided_rec: 8
nr_doubles: 65536
nr_of_strided_rec: 8
nr_doubles: 65536
nr_of_strided_rec: 8
nr_doubles: 65536
nr_of_strided_rec: 8
nr_doubles: 65536
nr_of_strided_rec: 8
nr_doubles: 65536
nr_of_strided_rec: 8
nr_doubles: 65536
nr_of_strided_rec: 8
nr_doubles: 65536
nr_of_strided_rec: 8
nr_doubles: 65536
nr_of_strided_rec: 8
nr_doubles: 65536
nr_of_strided_rec: 8
nr_doubles: 65536
nr_of_strided_rec: 8
nr_doubles: 65536
nr_of_strided_rec: 8
nr_doubles: 65536
nr_of_strided_rec: 8
nr_doubles: 65536
nr_of_strided_rec: 8
nr_doubles: 65536
nr_of_strided_rec: 8
nr_doubles: 65536
nr_of_strided_rec: 8
nr_doubles: 65536

Write the data to file:33554432 bytes
***********WAITING************

Write the data to file:33554432 bytes
***********WAITING************

Write the data to file:33554432 bytes
***********WAITING************

Write the data to file:33554432 bytes
***********WAITING************

Write the data to file:33554432 bytes
***********WAITING************

Write the data to file:33554432 bytes
***********WAITING************

Write the data to file:33554432 bytes
***********WAITING************

Write the data to file:33554432 bytes
***********WAITING************

Write the data to file:33554432 bytes
***********WAITING************

Write the data to file:33554432 bytes
***********WAITING************

Write the data to file:33554432 bytes
***********WAITING************

Write the data to file:33554432 bytes
***********WAITING************

Write the data to file:33554432 bytes
***********WAITING************

Write the data to file:33554432 bytes
***********WAITING************

Write the data to file:33554432 bytes
***********WAITING************

Write the data to file:33554432 bytes
***********WAITING************
nr_of_strided_rec: 8
nr_doubles: 65536
nr_of_strided_rec: 8
nr_doubles: 65536
nr_of_strided_rec: 8
nr_doubles: 65536
nr_of_strided_rec: 8
nr_doubles: 65536
nr_of_strided_rec: 8
nr_doubles: 65536
nr_of_strided_rec: 8
nr_doubles: 65536
nr_of_strided_rec: 8
nr_doubles: 65536
nr_of_strided_rec: 8
nr_doubles: 65536
nr_of_strided_rec: 8
nr_doubles: 65536
nr_of_strided_rec: 8
nr_doubles: 65536
nr_of_strided_rec: 8
nr_doubles: 65536
nr_of_strided_rec: 8
nr_doubles: 65536
nr_of_strided_rec: 8
nr_doubles: 65536
nr_of_strided_rec: 8
nr_doubles: 65536
nr_of_strided_rec: 8
nr_doubles: 65536
nr_of_strided_rec: 8
nr_doubles: 65536

Write the data to file:33554432 bytes
***********WAITING************

Write the data to file:33554432 bytes
***********WAITING************

Write the data to file:33554432 bytes
***********WAITING************

Write the data to file:33554432 bytes
***********WAITING************

Write the data to file:33554432 bytes
***********WAITING************

Write the data to file:33554432 bytes
***********WAITING************

Write the data to file:33554432 bytes
***********WAITING************

Write the data to file:33554432 bytes
***********WAITING************

Write the data to file:33554432 bytes
***********WAITING************

Write the data to file:33554432 bytes
***********WAITING************

Write the data to file:33554432 bytes
***********WAITING************

Write the data to file:33554432 bytes
***********WAITING************

Write the data to file:33554432 bytes
***********WAITING************

Write the data to file:33554432 bytes
***********WAITING************

Write the data to file:33554432 bytes
***********WAITING************

Write the data to file:33554432 bytes
***********WAITING************
nr_of_strided_rec: 8
nr_doubles: 65536
nr_of_strided_rec: 8
nr_doubles: 65536
nr_of_strided_rec: 8
nr_doubles: 65536
nr_of_strided_rec: 8
nr_doubles: 65536
nr_of_strided_rec: 8
nr_doubles: 65536
nr_of_strided_rec: 8
nr_doubles: 65536
nr_of_strided_rec: 8
nr_doubles: 65536
nr_of_strided_rec: 8
nr_doubles: 65536
nr_of_strided_rec: 8
nr_doubles: 65536
nr_of_strided_rec: 8
nr_doubles: 65536
nr_of_strided_rec: 8
nr_doubles: 65536
nr_of_strided_rec: 8
nr_doubles: 65536
nr_of_strided_rec: 8
nr_doubles: 65536
nr_of_strided_rec: 8
nr_doubles: 65536
nr_of_strided_rec: 8
nr_doubles: 65536
nr_of_strided_rec: 8
nr_doubles: 65536

Write the data to file:33554432 bytes
***********WAITING************

Write the data to file:33554432 bytes
***********WAITING************

Write the data to file:33554432 bytes
***********WAITING************

Write the data to file:33554432 bytes
***********WAITING************

Write the data to file:33554432 bytes
***********WAITING************

Write the data to file:33554432 bytes
***********WAITING************

Write the data to file:33554432 bytes
***********WAITING************

Write the data to file:33554432 bytes
***********WAITING************

Write the data to file:33554432 bytes
***********WAITING************

Write the data to file:33554432 bytes
***********WAITING************

Write the data to file:33554432 bytes
***********WAITING************

Write the data to file:33554432 bytes
***********WAITING************

Write the data to file:33554432 bytes
***********WAITING************

Write the data to file:33554432 bytes
***********WAITING************

Write the data to file:33554432 bytes
***********WAITING************

Write the data to file:33554432 bytes
***********WAITING************
nr_of_strided_rec: 8
nr_doubles: 65536
nr_of_strided_rec: 8
nr_doubles: 65536
nr_of_strided_rec: 8
nr_doubles: 65536
nr_of_strided_rec: 8
nr_doubles: 65536
nr_of_strided_rec: 8
nr_doubles: 65536
nr_of_strided_rec: 8
nr_doubles: 65536
nr_of_strided_rec: 8
nr_doubles: 65536
nr_of_strided_rec: 8
nr_doubles: 65536
nr_of_strided_rec: 8
nr_doubles: 65536
nr_of_strided_rec: 8
nr_doubles: 65536
nr_of_strided_rec: 8
nr_doubles: 65536
nr_of_strided_rec: 8
nr_doubles: 65536
nr_of_strided_rec: 8
nr_doubles: 65536
nr_of_strided_rec: 8
nr_doubles: 65536
nr_of_strided_rec: 8
nr_doubles: 65536
nr_of_strided_rec: 8
nr_doubles: 65536

Write the data to file:33554432 bytes
***********WAITING************

Write the data to file:33554432 bytes
***********WAITING************

Write the data to file:33554432 bytes
***********WAITING************

Write the data to file:33554432 bytes
***********WAITING************

Write the data to file:33554432 bytes
***********WAITING************

Write the data to file:33554432 bytes
***********WAITING************

Write the data to file:33554432 bytes
***********WAITING************

Write the data to file:33554432 bytes
***********WAITING************

Write the data to file:33554432 bytes
***********WAITING************

Write the data to file:33554432 bytes
***********WAITING************

Write the data to file:33554432 bytes
***********WAITING************

Write the data to file:33554432 bytes
***********WAITING************

Write the data to file:33554432 bytes
***********WAITING************

Write the data to file:33554432 bytes
***********WAITING************

Write the data to file:33554432 bytes
***********WAITING************

Write the data to file:33554432 bytes
***********WAITING************
nr_of_strided_rec: 8
nr_doubles: 65536
nr_of_strided_rec: 8
nr_doubles: 65536
nr_of_strided_rec: 8
nr_doubles: 65536
nr_of_strided_rec: 8
nr_doubles: 65536
nr_of_strided_rec: 8
nr_doubles: 65536
nr_of_strided_rec: 8
nr_doubles: 65536
nr_of_strided_rec: 8
nr_doubles: 65536
nr_of_strided_rec: 8
nr_doubles: 65536
nr_of_strided_rec: 8
nr_doubles: 65536
nr_of_strided_rec: 8
nr_doubles: 65536
nr_of_strided_rec: 8
nr_doubles: 65536
nr_of_strided_rec: 8
nr_doubles: 65536
nr_of_strided_rec: 8
nr_doubles: 65536
nr_of_strided_rec: 8
nr_doubles: 65536
nr_of_strided_rec: 8
nr_doubles: 65536
nr_of_strided_rec: 8
nr_doubles: 65536

Write the data to file:33554432 bytes
***********WAITING************

Write the data to file:33554432 bytes
***********WAITING************

Write the data to file:33554432 bytes
***********WAITING************

Write the data to file:33554432 bytes
***********WAITING************

Write the data to file:33554432 bytes
***********WAITING************

Write the data to file:33554432 bytes
***********WAITING************

Write the data to file:33554432 bytes
***********WAITING************

Write the data to file:33554432 bytes
***********WAITING************

Write the data to file:33554432 bytes
***********WAITING************

Write the data to file:33554432 bytes
***********WAITING************

Write the data to file:33554432 bytes
***********WAITING************

Write the data to file:33554432 bytes
***********WAITING************

Write the data to file:33554432 bytes
***********WAITING************

Write the data to file:33554432 bytes
***********WAITING************

Write the data to file:33554432 bytes
***********WAITING************

Write the data to file:33554432 bytes
***********WAITING************
nr_of_strided_rec: 8
nr_doubles: 65536
nr_of_strided_rec: 8
nr_doubles: 65536
nr_of_strided_rec: 8
nr_doubles: 65536
nr_of_strided_rec: 8
nr_doubles: 65536
nr_of_strided_rec: 8
nr_doubles: 65536
nr_of_strided_rec: 8
nr_doubles: 65536
nr_of_strided_rec: 8
nr_doubles: 65536
nr_of_strided_rec: 8
nr_doubles: 65536
nr_of_strided_rec: 8
nr_doubles: 65536
nr_of_strided_rec: 8
nr_doubles: 65536
nr_of_strided_rec: 8
nr_doubles: 65536
nr_of_strided_rec: 8
nr_doubles: 65536
nr_of_strided_rec: 8
nr_doubles: 65536
nr_of_strided_rec: 8
nr_doubles: 65536
nr_of_strided_rec: 8
nr_doubles: 65536
nr_of_strided_rec: 8
nr_doubles: 65536

Write the data to file:33554432 bytes
***********WAITING************

Write the data to file:33554432 bytes
***********WAITING************

Write the data to file:33554432 bytes
***********WAITING************

Write the data to file:33554432 bytes
***********WAITING************

Write the data to file:33554432 bytes
***********WAITING************

Write the data to file:33554432 bytes
***********WAITING************

Write the data to file:33554432 bytes
***********WAITING************

Write the data to file:33554432 bytes
***********WAITING************

Write the data to file:33554432 bytes
***********WAITING************

Write the data to file:33554432 bytes
***********WAITING************

Write the data to file:33554432 bytes
***********WAITING************

Write the data to file:33554432 bytes
***********WAITING************

Write the data to file:33554432 bytes
***********WAITING************

Write the data to file:33554432 bytes
***********WAITING************

Write the data to file:33554432 bytes
***********WAITING************

Write the data to file:33554432 bytes
***********WAITING************

Write the data to file:33554432 bytes
***********WAITING************

Write the data to file:33554432 bytes
***********WAITING************

Write the data to file:33554432 bytes
***********WAITING************

Write the data to file:33554432 bytes
***********WAITING************

Write the data to file:33554432 bytes
***********WAITING************

Write the data to file:33554432 bytes
***********WAITING************

Write the data to file:33554432 bytes
***********WAITING************

Write the data to file:33554432 bytes
***********WAITING************

Write the data to file:33554432 bytes
***********WAITING************

Write the data to file:33554432 bytes
***********WAITING************

Write the data to file:33554432 bytes
***********WAITING************

Write the data to file:33554432 bytes
***********WAITING************

Write the data to file:33554432 bytes
***********WAITING************

Write the data to file:33554432 bytes
***********WAITING************

Write the data to file:33554432 bytes
***********WAITING************

Write the data to file:33554432 bytes
***********WAITING************
W_cc         2.13   [      2.12:      2.13]
W_r         45.26   [     45.26:     45.26]
W_w         25.31   [     25.31:     25.31]
          -------
W_total     72.70   [     72.70:     72.70]

calc_W done
calc_W done
calc_W done
calc_W done
calc_W done
calc_W done
calc_W done
calc_W done
calc_W done
nr_of_strided_rec: 8
nr_doubles: 65536
calc_W done
nr_of_strided_rec: 8
nr_doubles: 65536
calc_W done
nr_of_strided_rec: 8
calc_W done
nr_of_strided_rec: 8
nr_doubles: 65536
calc_W done
nr_of_strided_rec: 8
nr_doubles: 65536
calc_W done
nr_of_strided_rec: 8
nr_doubles: 65536
calc_W done
nr_of_strided_rec: 8
nr_doubles: 65536
calc_W done
nr_of_strided_rec: 8
nr_doubles: 65536
nr_of_strided_rec: 8
nr_doubles: 65536
nr_of_strided_rec: 8
nr_doubles: 65536
nr_of_strided_rec: 8
nr_doubles: 65536
nr_of_strided_rec: 8
nr_doubles: 65536
nr_of_strided_rec: 8
nr_doubles: 65536
nr_of_strided_rec: 8
nr_doubles: 65536
nr_of_strided_rec: 8
nr_doubles: 65536
nr_of_strided_rec: 8
nr_doubles: 65536
nr_doubles: 65536
nr_of_strided_rec: 8
nr_doubles: 65536
nr_of_strided_rec: 8
nr_doubles: 65536
nr_of_strided_rec: 8
nr_doubles: 65536
nr_of_strided_rec: 8
nr_doubles: 65536
nr_of_strided_rec: 8
nr_doubles: 65536
nr_of_strided_rec: 8
nr_doubles: 65536
nr_of_strided_rec: 8
nr_doubles: 65536
nr_of_strided_rec: 8
nr_doubles: 65536
nr_of_strided_rec: 8
nr_doubles: 65536
nr_of_strided_rec: 8
nr_doubles: 65536
nr_of_strided_rec: 8
nr_doubles: 65536
nr_of_strided_rec: 8
nr_doubles: 65536
nr_of_strided_rec: 8
nr_doubles: 65536
nr_of_strided_rec: 8
nr_doubles: 65536
nr_of_strided_rec: 8
nr_doubles: 65536
nr_of_strided_rec: 8
nr_doubles: 65536
nr_of_strided_rec: 8
nr_doubles: 65536
nr_of_strided_rec: 8
nr_doubles: 65536
nr_of_strided_rec: 8
nr_doubles: 65536
nr_of_strided_rec: 8
nr_doubles: 65536
nr_of_strided_rec: 8
nr_doubles: 65536
nr_of_strided_rec: 8
nr_doubles: 65536
nr_of_strided_rec: 8
nr_doubles: 65536
nr_of_strided_rec: 8
nr_doubles: 65536
nr_of_strided_rec: 8
nr_doubles: 65536
nr_of_strided_rec: 8
nr_doubles: 65536
nr_of_strided_rec: 8
nr_doubles: 65536
nr_of_strided_rec: 8
nr_doubles: 65536
nr_of_strided_rec: 8
nr_doubles: 65536
nr_of_strided_rec: 8
nr_doubles: 65536
nr_of_strided_rec: 8
nr_doubles: 65536
nr_of_strided_rec: 8
nr_doubles: 65536
nr_of_strided_rec: 8
nr_doubles: 65536
nr_of_strided_rec: 8
nr_doubles: 65536
nr_of_strided_rec: 8
nr_doubles: 65536
nr_of_strided_rec: 8
nr_doubles: 65536
nr_of_strided_rec: 8
nr_doubles: 65536
nr_of_strided_rec: 8
nr_doubles: 65536
nr_of_strided_rec: 8
nr_doubles: 65536
nr_of_strided_rec: 8
nr_doubles: 65536
nr_of_strided_rec: 8
nr_doubles: 65536
nr_of_strided_rec: 8
nr_doubles: 65536
nr_of_strided_rec: 8
nr_doubles: 65536
nr_of_strided_rec: 8
nr_doubles: 65536
nr_of_strided_rec: 8
nr_doubles: 65536
nr_of_strided_rec: 8
nr_doubles: 65536
nr_of_strided_rec: 8
nr_doubles: 65536
nr_of_strided_rec: 8
nr_doubles: 65536
nr_of_strided_rec: 8
nr_doubles: 65536
nr_of_strided_rec: 8
nr_doubles: 65536
nr_of_strided_rec: 8
nr_doubles: 65536
nr_of_strided_rec: 8
nr_doubles: 65536
nr_of_strided_rec: 8
nr_doubles: 65536
nr_of_strided_rec: 8
nr_doubles: 65536
nr_of_strided_rec: 8
nr_doubles: 65536
nr_of_strided_rec: 8
nr_doubles: 65536
nr_of_strided_rec: 8
nr_doubles: 65536
nr_of_strided_rec: 8
nr_doubles: 65536
nr_of_strided_rec: 8
nr_doubles: 65536
nr_of_strided_rec: 8
nr_doubles: 65536
nr_of_strided_rec: 8
nr_doubles: 65536
nr_of_strided_rec: 8
nr_doubles: 65536
nr_of_strided_rec: 8
nr_doubles: 65536
nr_of_strided_rec: 8
nr_doubles: 65536
nr_of_strided_rec: 8
nr_doubles: 65536
nr_of_strided_rec: 8
nr_doubles: 65536
nr_of_strided_rec: 8
nr_doubles: 65536
nr_of_strided_rec: 8
nr_doubles: 65536
nr_of_strided_rec: 8
nr_doubles: 65536
nr_of_strided_rec: 8
nr_doubles: 65536
nr_of_strided_rec: 8
nr_doubles: 65536
nr_of_strided_rec: 8
nr_doubles: 65536
nr_of_strided_rec: 8
nr_doubles: 65536
nr_of_strided_rec: 8
nr_doubles: 65536
nr_of_strided_rec: 8
nr_doubles: 65536
nr_of_strided_rec: 8
nr_doubles: 65536
nr_of_strided_rec: 8
nr_doubles: 65536
nr_of_strided_rec: 8
nr_doubles: 65536
nr_of_strided_rec: 8
nr_doubles: 65536
nr_of_strided_rec: 8
nr_doubles: 65536
nr_of_strided_rec: 8
nr_doubles: 65536
nr_of_strided_rec: 8
nr_doubles: 65536
nr_of_strided_rec: 8
nr_doubles: 65536
nr_of_strided_rec: 8
nr_doubles: 65536
nr_of_strided_rec: 8
nr_doubles: 65536
nr_of_strided_rec: 8
nr_doubles: 65536
nr_of_strided_rec: 8
nr_doubles: 65536
nr_of_strided_rec: 8
nr_doubles: 65536
nr_of_strided_rec: 8
nr_doubles: 65536
nr_of_strided_rec: 8
nr_doubles: 65536
nr_of_strided_rec: 8
nr_doubles: 65536
nr_of_strided_rec: 8
nr_doubles: 65536
nr_of_strided_rec: 8
nr_doubles: 65536
nr_of_strided_rec: 8
nr_doubles: 65536
nr_of_strided_rec: 8
nr_doubles: 65536
nr_of_strided_rec: 8
nr_doubles: 65536
nr_of_strided_rec: 8
nr_doubles: 65536
nr_of_strided_rec: 8
nr_doubles: 65536
nr_of_strided_rec: 8
nr_doubles: 65536
nr_of_strided_rec: 8
nr_doubles: 65536
nr_of_strided_rec: 8
nr_doubles: 65536
nr_of_strided_rec: 8
nr_doubles: 65536
nr_of_strided_rec: 8
nr_doubles: 65536
nr_of_strided_rec: 8
nr_doubles: 65536
nr_of_strided_rec: 8
nr_doubles: 65536
nr_of_strided_rec: 8
nr_doubles: 65536
nr_of_strided_rec: 8
nr_doubles: 65536
nr_of_strided_rec: 8
nr_doubles: 65536
nr_of_strided_rec: 8
nr_doubles: 65536
nr_of_strided_rec: 8
nr_doubles: 65536
nr_of_strided_rec: 8
nr_doubles: 65536
nr_of_strided_rec: 8
nr_doubles: 65536
nr_of_strided_rec: 8
nr_doubles: 65536
nr_of_strided_rec: 8
nr_doubles: 65536
nr_of_strided_rec: 8
nr_doubles: 65536
nr_of_strided_rec: 8
nr_doubles: 65536
nr_of_strided_rec: 8
nr_doubles: 65536
nr_of_strided_rec: 8
nr_doubles: 65536
nr_of_strided_rec: 8
nr_doubles: 65536
nr_of_strided_rec: 8
nr_doubles: 65536
nr_of_strided_rec: 8
nr_doubles: 65536
nr_of_strided_rec: 8
nr_doubles: 65536
nr_of_strided_rec: 8
nr_doubles: 65536
nr_of_strided_rec: 8
nr_doubles: 65536
nr_of_strided_rec: 8
nr_doubles: 65536
nr_of_strided_rec: 8
nr_doubles: 65536
nr_of_strided_rec: 8
nr_doubles: 65536
nr_of_strided_rec: 8
nr_doubles: 65536
nr_of_strided_rec: 8
nr_doubles: 65536
nr_of_strided_rec: 8
nr_doubles: 65536
nr_of_strided_rec: 8
nr_doubles: 65536
nr_of_strided_rec: 8
nr_doubles: 65536
nr_of_strided_rec: 8
nr_doubles: 65536
nr_of_strided_rec: 8
nr_doubles: 65536
nr_of_strided_rec: 8
nr_doubles: 65536
nr_of_strided_rec: 8
nr_doubles: 65536
nr_of_strided_rec: 8
nr_doubles: 65536
nr_of_strided_rec: 8
nr_doubles: 65536
nr_of_strided_rec: 8
nr_doubles: 65536
nr_of_strided_rec: 8
nr_doubles: 65536
nr_of_strided_rec: 8
nr_doubles: 65536
nr_of_strided_rec: 8
nr_doubles: 65536
nr_of_strided_rec: 8
nr_doubles: 65536
nr_of_strided_rec: 8
nr_doubles: 65536
nr_of_strided_rec: 8
nr_doubles: 65536
nr_of_strided_rec: 8
nr_doubles: 65536
nr_of_strided_rec: 8
nr_doubles: 65536
nr_of_strided_rec: 8
nr_doubles: 65536
nr_of_strided_rec: 8
nr_doubles: 65536
nr_of_strided_rec: 8
nr_doubles: 65536
nr_of_strided_rec: 8
nr_doubles: 65536
nr_of_strided_rec: 8
nr_doubles: 65536
nr_of_strided_rec: 8
nr_doubles: 65536
nr_of_strided_rec: 8
nr_doubles: 65536
nr_of_strided_rec: 8
nr_doubles: 65536
nr_of_strided_rec: 8
nr_doubles: 65536
nr_of_strided_rec: 8
nr_doubles: 65536
nr_of_strided_rec: 8
nr_doubles: 65536
nr_of_strided_rec: 8
nr_doubles: 65536
nr_of_strided_rec: 8
nr_doubles: 65536
nr_of_strided_rec: 8
nr_doubles: 65536
nr_of_strided_rec: 8
nr_doubles: 65536
nr_of_strided_rec: 8
nr_doubles: 65536
nr_of_strided_rec: 8
nr_doubles: 65536
nr_of_strided_rec: 8
nr_doubles: 65536
nr_of_strided_rec: 8
nr_doubles: 65536
nr_of_strided_rec: 8
nr_doubles: 65536
nr_of_strided_rec: 8
nr_doubles: 65536
nr_of_strided_rec: 8
nr_doubles: 65536
nr_of_strided_rec: 8
nr_doubles: 65536
nr_of_strided_rec: 8
nr_doubles: 65536
nr_of_strided_rec: 8
nr_doubles: 65536
nr_of_strided_rec: 8
nr_doubles: 65536
nr_of_strided_rec: 8
nr_doubles: 65536
nr_of_strided_rec: 8
nr_doubles: 65536
nr_of_strided_rec: 8
nr_doubles: 65536
nr_of_strided_rec: 8
nr_doubles: 65536
nr_of_strided_rec: 8
nr_doubles: 65536
nr_of_strided_rec: 8
nr_doubles: 65536
nr_of_strided_rec: 8
nr_doubles: 65536
nr_of_strided_rec: 8
nr_doubles: 65536
nr_of_strided_rec: 8
nr_doubles: 65536
nr_of_strided_rec: 8
nr_doubles: 65536
nr_of_strided_rec: 8
nr_doubles: 65536
nr_of_strided_rec: 8
nr_doubles: 65536
nr_of_strided_rec: 8
nr_doubles: 65536
nr_of_strided_rec: 8
nr_doubles: 65536
nr_of_strided_rec: 8
nr_doubles: 65536
nr_of_strided_rec: 8
nr_doubles: 65536
nr_of_strided_rec: 8
nr_doubles: 65536
nr_of_strided_rec: 8
nr_doubles: 65536
nr_of_strided_rec: 8
nr_doubles: 65536
nr_of_strided_rec: 8
nr_doubles: 65536
nr_of_strided_rec: 8
nr_doubles: 65536
nr_of_strided_rec: 8
nr_doubles: 65536
nr_of_strided_rec: 8
nr_doubles: 65536
nr_of_strided_rec: 8
nr_doubles: 65536
nr_of_strided_rec: 8
nr_doubles: 65536
nr_of_strided_rec: 8
nr_doubles: 65536
nr_of_strided_rec: 8
nr_doubles: 65536
nr_of_strided_rec: 8
nr_doubles: 65536
nr_of_strided_rec: 8
nr_doubles: 65536
nr_of_strided_rec: 8
nr_doubles: 65536
nr_of_strided_rec: 8
nr_doubles: 65536
nr_of_strided_rec: 8
nr_doubles: 65536
nr_of_strided_rec: 8
nr_doubles: 65536
nr_of_strided_rec: 8
nr_doubles: 65536
nr_of_strided_rec: 8
nr_doubles: 65536
nr_of_strided_rec: 8
nr_doubles: 65536
nr_of_strided_rec: 8
nr_doubles: 65536
nr_of_strided_rec: 8
nr_doubles: 65536
nr_of_strided_rec: 8
nr_doubles: 65536
nr_of_strided_rec: 8
nr_doubles: 65536
nr_of_strided_rec: 8
nr_doubles: 65536
nr_of_strided_rec: 8
nr_doubles: 65536
nr_of_strided_rec: 8
nr_doubles: 65536
nr_of_strided_rec: 8
nr_doubles: 65536
nr_of_strided_rec: 8
nr_doubles: 65536
nr_of_strided_rec: 8
nr_doubles: 65536
nr_of_strided_rec: 8
nr_doubles: 65536
nr_of_strided_rec: 8
nr_doubles: 65536
nr_of_strided_rec: 8
nr_doubles: 65536
nr_of_strided_rec: 8
nr_doubles: 65536
nr_of_strided_rec: 8
nr_doubles: 65536
nr_of_strided_rec: 8
nr_doubles: 65536
nr_of_strided_rec: 8
nr_doubles: 65536
nr_of_strided_rec: 8
nr_doubles: 65536
nr_of_strided_rec: 8
nr_doubles: 65536
nr_of_strided_rec: 8
nr_doubles: 65536
nr_of_strided_rec: 8
nr_doubles: 65536
nr_of_strided_rec: 8
nr_doubles: 65536
nr_of_strided_rec: 8
nr_doubles: 65536
nr_of_strided_rec: 8
nr_doubles: 65536
nr_of_strided_rec: 8
nr_doubles: 65536
nr_of_strided_rec: 8
nr_doubles: 65536
nr_of_strided_rec: 8
nr_doubles: 65536
nr_of_strided_rec: 8
nr_doubles: 65536
nr_of_strided_rec: 8
nr_doubles: 65536
nr_of_strided_rec: 8
nr_doubles: 65536
nr_of_strided_rec: 8
nr_doubles: 65536
nr_of_strided_rec: 8
nr_doubles: 65536
nr_of_strided_rec: 8
nr_doubles: 65536
nr_of_strided_rec: 8
nr_doubles: 65536
nr_of_strided_rec: 8
nr_doubles: 65536
nr_of_strided_rec: 8
nr_doubles: 65536
nr_of_strided_rec: 8
nr_doubles: 65536
nr_of_strided_rec: 8
nr_doubles: 65536
nr_of_strided_rec: 8
nr_doubles: 65536
nr_of_strided_rec: 8
nr_doubles: 65536
nr_of_strided_rec: 8
nr_doubles: 65536
nr_of_strided_rec: 8
nr_doubles: 65536
nr_of_strided_rec: 8
nr_doubles: 65536
nr_of_strided_rec: 8
nr_doubles: 65536
nr_of_strided_rec: 8
nr_doubles: 65536
nr_of_strided_rec: 8
nr_doubles: 65536
nr_of_strided_rec: 8
nr_doubles: 65536
nr_of_strided_rec: 8
nr_doubles: 65536
nr_of_strided_rec: 8
nr_doubles: 65536
nr_of_strided_rec: 8
nr_doubles: 65536
nr_of_strided_rec: 8
nr_doubles: 65536
nr_of_strided_rec: 8
nr_doubles: 65536
nr_of_strided_rec: 8
nr_doubles: 65536
nr_of_strided_rec: 8
nr_doubles: 65536
nr_of_strided_rec: 8
nr_doubles: 65536
nr_of_strided_rec: 8
nr_doubles: 65536
nr_of_strided_rec: 8
nr_doubles: 65536
nr_of_strided_rec: 8
nr_doubles: 65536
nr_of_strided_rec: 8
nr_doubles: 65536
nr_of_strided_rec: 8
nr_doubles: 65536
nr_of_strided_rec: 8
nr_doubles: 65536
nr_of_strided_rec: 8
nr_doubles: 65536
nr_of_strided_rec: 8
nr_doubles: 65536
nr_of_strided_rec: 8
nr_doubles: 65536
nr_of_strided_rec: 8
nr_doubles: 65536
nr_of_strided_rec: 8
nr_doubles: 65536
nr_of_strided_rec: 8
nr_doubles: 65536
nr_of_strided_rec: 8
nr_doubles: 65536
nr_of_strided_rec: 8
nr_doubles: 65536
nr_of_strided_rec: 8
nr_doubles: 65536
nr_of_strided_rec: 8
nr_doubles: 65536
nr_of_strided_rec: 8
nr_doubles: 65536
nr_of_strided_rec: 8
nr_doubles: 65536
nr_of_strided_rec: 8
nr_doubles: 65536
nr_of_strided_rec: 8
nr_doubles: 65536
nr_of_strided_rec: 8
nr_doubles: 65536
nr_of_strided_rec: 8
nr_doubles: 65536
nr_of_strided_rec: 8
nr_doubles: 65536
nr_of_strided_rec: 8
nr_doubles: 65536
