fclose PID:36714 fd:3
fclose PID:36714 fd:4
fclose PID:36714 fd:4
fclose PID:36714 fd:3
available: 2 nodes (0-1)
fclose PID:36714 fd:3
node 0 cpus:fclose PID:36714 fd:3
 0 1 2 3 4 5 6 7 8 9 20 21 22 23 24 25 26 27 28 29
node 0 size: 80440 MB
node 0 free: 80122 MB
fclose PID:36714 fd:3
node 1 cpus:fclose PID:36714 fd:3
 10 11 12 13 14 15 16 17 18 19 30 31 32 33 34 35 36 37 38 39
node 1 size: 80635 MB
node 1 free: 80366 MB
fclose PID:36714 fd:3
fclose PID:36714 fd:3
node distances:
node   0   1 
  0:  10  21 
  1:  21  10 
READAHEAD_TIME:0.000000 us
MaxRSS= 2204 KB, SharedMem= 0 KB, HardPageFault= 10
fclose PID:36724 fd:8
fclose PID:36722 fd:8
fclose PID:36731 fd:8
fclose PID:36732 fd:8
fclose PID:36725 fd:8
fclose PID:36730 fd:8
fclose PID:36723 fd:8
fclose PID:36726 fd:8
fclose PID:36734 fd:8
fclose PID:36719 fd:12
fclose PID:36720 fd:10
fclose PID:36721 fd:8
fclose PID:36727 fd:8
fclose PID:36729 fd:8
fclose PID:36728 fd:8
fclose PID:36733 fd:8

MADbench 2.0 IO-mode
no_pe = 16  no_pix = 4096  no_bin = 30  no_gang = 1 sblocksize = 8  fblocksize = 64  r_mod = 1  w_mod = 1 record_size=4194304 stride=7


IOMETHOD = POSIX  IOMODE = SYNC  FILETYPE = UNIQUE  REMAP = CUSTOMbuild_S
build_S
build_S
build_S
build_S
build_S
build_S
build_S
build_S
build_S
build_S
build_S
build_S
build_S
build_S
build_S

Write the data to file:8388608 bytes
***********WAITING************

Write the data to file:8388608 bytes
***********WAITING************

Write the data to file:8388608 bytes
***********WAITING************

Write the data to file:8388608 bytes
***********WAITING************

Write the data to file:8388608 bytes
***********WAITING************

Write the data to file:8388608 bytes
***********WAITING************

Write the data to file:8388608 bytes
***********WAITING************

Write the data to file:8388608 bytes
***********WAITING************

Write the data to file:8388608 bytes
***********WAITING************

Write the data to file:8388608 bytes
***********WAITING************

Write the data to file:8388608 bytes
***********WAITING************

Write the data to file:8388608 bytes
***********WAITING************

Write the data to file:8388608 bytes
***********WAITING************

Write the data to file:8388608 bytes
***********WAITING************

Write the data to file:8388608 bytes
***********WAITING************

Write the data to file:8388608 bytes
***********WAITING************

Write the data to file:8388608 bytes
***********WAITING************

Write the data to file:8388608 bytes
***********WAITING************

Write the data to file:8388608 bytes
***********WAITING************

Write the data to file:8388608 bytes
***********WAITING************

Write the data to file:8388608 bytes
***********WAITING************

Write the data to file:8388608 bytes
***********WAITING************

Write the data to file:8388608 bytes
***********WAITING************

Write the data to file:8388608 bytes
***********WAITING************

Write the data to file:8388608 bytes
***********WAITING************

Write the data to file:8388608 bytes
***********WAITING************

Write the data to file:8388608 bytes
***********WAITING************

Write the data to file:8388608 bytes
***********WAITING************

Write the data to file:8388608 bytes
***********WAITING************

Write the data to file:8388608 bytes
***********WAITING************

Write the data to file:8388608 bytes
***********WAITING************

Write the data to file:8388608 bytes
***********WAITING************

Write the data to file:8388608 bytes
***********WAITING************

Write the data to file:8388608 bytes
***********WAITING************

Write the data to file:8388608 bytes
***********WAITING************

Write the data to file:8388608 bytes
***********WAITING************

Write the data to file:8388608 bytes
***********WAITING************

Write the data to file:8388608 bytes
***********WAITING************

Write the data to file:8388608 bytes
***********WAITING************

Write the data to file:8388608 bytes
***********WAITING************

Write the data to file:8388608 bytes
***********WAITING************

Write the data to file:8388608 bytes
***********WAITING************

Write the data to file:8388608 bytes
***********WAITING************

Write the data to file:8388608 bytes
***********WAITING************

Write the data to file:8388608 bytes
***********WAITING************

Write the data to file:8388608 bytes
***********WAITING************

Write the data to file:8388608 bytes
***********WAITING************

Write the data to file:8388608 bytes
***********WAITING************

Write the data to file:8388608 bytes
***********WAITING************

Write the data to file:8388608 bytes
***********WAITING************

Write the data to file:8388608 bytes
***********WAITING************

Write the data to file:8388608 bytes
***********WAITING************

Write the data to file:8388608 bytes
***********WAITING************

Write the data to file:8388608 bytes
***********WAITING************

Write the data to file:8388608 bytes
***********WAITING************

Write the data to file:8388608 bytes
***********WAITING************

Write the data to file:8388608 bytes
***********WAITING************

Write the data to file:8388608 bytes
***********WAITING************

Write the data to file:8388608 bytes
***********WAITING************

Write the data to file:8388608 bytes
***********WAITING************

Write the data to file:8388608 bytes
***********WAITING************

Write the data to file:8388608 bytes
***********WAITING************

Write the data to file:8388608 bytes
***********WAITING************

Write the data to file:8388608 bytes
***********WAITING************

Write the data to file:8388608 bytes
***********WAITING************

Write the data to file:8388608 bytes
***********WAITING************

Write the data to file:8388608 bytes
***********WAITING************

Write the data to file:8388608 bytes
***********WAITING************

Write the data to file:8388608 bytes
***********WAITING************

Write the data to file:8388608 bytes
***********WAITING************

Write the data to file:8388608 bytes
***********WAITING************

Write the data to file:8388608 bytes
***********WAITING************

Write the data to file:8388608 bytes
***********WAITING************

Write the data to file:8388608 bytes
***********WAITING************

Write the data to file:8388608 bytes
***********WAITING************

Write the data to file:8388608 bytes
***********WAITING************

Write the data to file:8388608 bytes
***********WAITING************

Write the data to file:8388608 bytes
***********WAITING************

Write the data to file:8388608 bytes
***********WAITING************

Write the data to file:8388608 bytes
***********WAITING************

Write the data to file:8388608 bytes
***********WAITING************

Write the data to file:8388608 bytes
***********WAITING************

Write the data to file:8388608 bytes
***********WAITING************

Write the data to file:8388608 bytes
***********WAITING************

Write the data to file:8388608 bytes
***********WAITING************

Write the data to file:8388608 bytes
***********WAITING************

Write the data to file:8388608 bytes
***********WAITING************

Write the data to file:8388608 bytes
***********WAITING************

Write the data to file:8388608 bytes
***********WAITING************

Write the data to file:8388608 bytes
***********WAITING************

Write the data to file:8388608 bytes
***********WAITING************

Write the data to file:8388608 bytes
***********WAITING************

Write the data to file:8388608 bytes
***********WAITING************

Write the data to file:8388608 bytes
***********WAITING************

Write the data to file:8388608 bytes
***********WAITING************

Write the data to file:8388608 bytes
***********WAITING************

Write the data to file:8388608 bytes
***********WAITING************

Write the data to file:8388608 bytes
***********WAITING************

Write the data to file:8388608 bytes
***********WAITING************

Write the data to file:8388608 bytes
***********WAITING************

Write the data to file:8388608 bytes
***********WAITING************

Write the data to file:8388608 bytes
***********WAITING************

Write the data to file:8388608 bytes
***********WAITING************

Write the data to file:8388608 bytes
***********WAITING************

Write the data to file:8388608 bytes
***********WAITING************

Write the data to file:8388608 bytes
***********WAITING************

Write the data to file:8388608 bytes
***********WAITING************

Write the data to file:8388608 bytes
***********WAITING************

Write the data to file:8388608 bytes
***********WAITING************

Write the data to file:8388608 bytes
***********WAITING************

Write the data to file:8388608 bytes
***********WAITING************

Write the data to file:8388608 bytes
***********WAITING************

Write the data to file:8388608 bytes
***********WAITING************

Write the data to file:8388608 bytes
***********WAITING************

Write the data to file:8388608 bytes
***********WAITING************

Write the data to file:8388608 bytes
***********WAITING************

Write the data to file:8388608 bytes
***********WAITING************

Write the data to file:8388608 bytes
***********WAITING************

Write the data to file:8388608 bytes
***********WAITING************

Write the data to file:8388608 bytes
***********WAITING************

Write the data to file:8388608 bytes
***********WAITING************

Write the data to file:8388608 bytes
***********WAITING************

Write the data to file:8388608 bytes
***********WAITING************

Write the data to file:8388608 bytes
***********WAITING************

Write the data to file:8388608 bytes
***********WAITING************

Write the data to file:8388608 bytes
***********WAITING************

Write the data to file:8388608 bytes
***********WAITING************

Write the data to file:8388608 bytes
***********WAITING************

Write the data to file:8388608 bytes
***********WAITING************

Write the data to file:8388608 bytes
***********WAITING************

Write the data to file:8388608 bytes
***********WAITING************

Write the data to file:8388608 bytes
***********WAITING************

Write the data to file:8388608 bytes
***********WAITING************

Write the data to file:8388608 bytes
***********WAITING************

Write the data to file:8388608 bytes
***********WAITING************

Write the data to file:8388608 bytes
***********WAITING************

Write the data to file:8388608 bytes
***********WAITING************

Write the data to file:8388608 bytes
***********WAITING************

Write the data to file:8388608 bytes
***********WAITING************

Write the data to file:8388608 bytes
***********WAITING************

Write the data to file:8388608 bytes
***********WAITING************

Write the data to file:8388608 bytes
***********WAITING************

Write the data to file:8388608 bytes
***********WAITING************

Write the data to file:8388608 bytes
***********WAITING************

Write the data to file:8388608 bytes
***********WAITING************

Write the data to file:8388608 bytes
***********WAITING************

Write the data to file:8388608 bytes
***********WAITING************

Write the data to file:8388608 bytes
***********WAITING************

Write the data to file:8388608 bytes
***********WAITING************

Write the data to file:8388608 bytes
***********WAITING************

Write the data to file:8388608 bytes
***********WAITING************

Write the data to file:8388608 bytes
***********WAITING************

Write the data to file:8388608 bytes
***********WAITING************

Write the data to file:8388608 bytes
***********WAITING************

Write the data to file:8388608 bytes
***********WAITING************

Write the data to file:8388608 bytes
***********WAITING************

Write the data to file:8388608 bytes
***********WAITING************

Write the data to file:8388608 bytes
***********WAITING************

Write the data to file:8388608 bytes
***********WAITING************

Write the data to file:8388608 bytes
***********WAITING************

Write the data to file:8388608 bytes
***********WAITING************

Write the data to file:8388608 bytes
***********WAITING************

Write the data to file:8388608 bytes
***********WAITING************

Write the data to file:8388608 bytes
***********WAITING************

Write the data to file:8388608 bytes
***********WAITING************

Write the data to file:8388608 bytes
***********WAITING************

Write the data to file:8388608 bytes
***********WAITING************

Write the data to file:8388608 bytes
***********WAITING************

Write the data to file:8388608 bytes
***********WAITING************

Write the data to file:8388608 bytes
***********WAITING************

Write the data to file:8388608 bytes
***********WAITING************

Write the data to file:8388608 bytes
***********WAITING************

Write the data to file:8388608 bytes
***********WAITING************

Write the data to file:8388608 bytes
***********WAITING************

Write the data to file:8388608 bytes
***********WAITING************

Write the data to file:8388608 bytes
***********WAITING************

Write the data to file:8388608 bytes
***********WAITING************

Write the data to file:8388608 bytes
***********WAITING************

Write the data to file:8388608 bytes
***********WAITING************

Write the data to file:8388608 bytes
***********WAITING************

Write the data to file:8388608 bytes
***********WAITING************

Write the data to file:8388608 bytes
***********WAITING************

Write the data to file:8388608 bytes
***********WAITING************

Write the data to file:8388608 bytes
***********WAITING************

Write the data to file:8388608 bytes
***********WAITING************

Write the data to file:8388608 bytes
***********WAITING************

Write the data to file:8388608 bytes
***********WAITING************

Write the data to file:8388608 bytes
***********WAITING************

Write the data to file:8388608 bytes
***********WAITING************

Write the data to file:8388608 bytes
***********WAITING************

Write the data to file:8388608 bytes
***********WAITING************

Write the data to file:8388608 bytes
***********WAITING************

Write the data to file:8388608 bytes
***********WAITING************

Write the data to file:8388608 bytes
***********WAITING************

Write the data to file:8388608 bytes
***********WAITING************

Write the data to file:8388608 bytes
***********WAITING************

Write the data to file:8388608 bytes
***********WAITING************

Write the data to file:8388608 bytes
***********WAITING************

Write the data to file:8388608 bytes
***********WAITING************

Write the data to file:8388608 bytes
***********WAITING************

Write the data to file:8388608 bytes
***********WAITING************

Write the data to file:8388608 bytes
***********WAITING************

Write the data to file:8388608 bytes
***********WAITING************

Write the data to file:8388608 bytes
***********WAITING************

Write the data to file:8388608 bytes
***********WAITING************

Write the data to file:8388608 bytes
***********WAITING************

Write the data to file:8388608 bytes
***********WAITING************

Write the data to file:8388608 bytes
***********WAITING************

Write the data to file:8388608 bytes
***********WAITING************

Write the data to file:8388608 bytes
***********WAITING************

Write the data to file:8388608 bytes
***********WAITING************

Write the data to file:8388608 bytes
***********WAITING************

Write the data to file:8388608 bytes
***********WAITING************

Write the data to file:8388608 bytes
***********WAITING************

Write the data to file:8388608 bytes
***********WAITING************

Write the data to file:8388608 bytes
***********WAITING************

Write the data to file:8388608 bytes
***********WAITING************

Write the data to file:8388608 bytes
***********WAITING************

Write the data to file:8388608 bytes
***********WAITING************

Write the data to file:8388608 bytes
***********WAITING************

Write the data to file:8388608 bytes
***********WAITING************

Write the data to file:8388608 bytes
***********WAITING************

Write the data to file:8388608 bytes
***********WAITING************

Write the data to file:8388608 bytes
***********WAITING************

Write the data to file:8388608 bytes
***********WAITING************

Write the data to file:8388608 bytes
***********WAITING************

Write the data to file:8388608 bytes
***********WAITING************

Write the data to file:8388608 bytes
***********WAITING************

Write the data to file:8388608 bytes
***********WAITING************

Write the data to file:8388608 bytes
***********WAITING************

Write the data to file:8388608 bytes
***********WAITING************

Write the data to file:8388608 bytes
***********WAITING************

Write the data to file:8388608 bytes
***********WAITING************

Write the data to file:8388608 bytes
***********WAITING************

Write the data to file:8388608 bytes
***********WAITING************

Write the data to file:8388608 bytes
***********WAITING************

Write the data to file:8388608 bytes
***********WAITING************

Write the data to file:8388608 bytes
***********WAITING************

Write the data to file:8388608 bytes
***********WAITING************

Write the data to file:8388608 bytes
***********WAITING************

Write the data to file:8388608 bytes
***********WAITING************

Write the data to file:8388608 bytes
***********WAITING************

Write the data to file:8388608 bytes
***********WAITING************

Write the data to file:8388608 bytes
***********WAITING************

Write the data to file:8388608 bytes
***********WAITING************

Write the data to file:8388608 bytes
***********WAITING************

Write the data to file:8388608 bytes
***********WAITING************

Write the data to file:8388608 bytes
***********WAITING************

Write the data to file:8388608 bytes
***********WAITING************

Write the data to file:8388608 bytes
***********WAITING************

Write the data to file:8388608 bytes
***********WAITING************

Write the data to file:8388608 bytes
***********WAITING************

Write the data to file:8388608 bytes
***********WAITING************

Write the data to file:8388608 bytes
***********WAITING************

Write the data to file:8388608 bytes
***********WAITING************

Write the data to file:8388608 bytes
***********WAITING************

Write the data to file:8388608 bytes
***********WAITING************

Write the data to file:8388608 bytes
***********WAITING************

Write the data to file:8388608 bytes
***********WAITING************

Write the data to file:8388608 bytes
***********WAITING************

Write the data to file:8388608 bytes
***********WAITING************

Write the data to file:8388608 bytes
***********WAITING************

Write the data to file:8388608 bytes
***********WAITING************

Write the data to file:8388608 bytes
***********WAITING************

Write the data to file:8388608 bytes
***********WAITING************

Write the data to file:8388608 bytes
***********WAITING************

Write the data to file:8388608 bytes
***********WAITING************

Write the data to file:8388608 bytes
***********WAITING************

Write the data to file:8388608 bytes
***********WAITING************

Write the data to file:8388608 bytes
***********WAITING************

Write the data to file:8388608 bytes
***********WAITING************

Write the data to file:8388608 bytes
***********WAITING************

Write the data to file:8388608 bytes
***********WAITING************

Write the data to file:8388608 bytes
***********WAITING************

Write the data to file:8388608 bytes
***********WAITING************

Write the data to file:8388608 bytes
***********WAITING************

Write the data to file:8388608 bytes
***********WAITING************

Write the data to file:8388608 bytes
***********WAITING************

Write the data to file:8388608 bytes
***********WAITING************

Write the data to file:8388608 bytes
***********WAITING************

Write the data to file:8388608 bytes
***********WAITING************

Write the data to file:8388608 bytes
***********WAITING************

Write the data to file:8388608 bytes
***********WAITING************

Write the data to file:8388608 bytes
***********WAITING************

Write the data to file:8388608 bytes
***********WAITING************

Write the data to file:8388608 bytes
***********WAITING************

Write the data to file:8388608 bytes
***********WAITING************

Write the data to file:8388608 bytes
***********WAITING************

Write the data to file:8388608 bytes
***********WAITING************

Write the data to file:8388608 bytes
***********WAITING************

Write the data to file:8388608 bytes
***********WAITING************

Write the data to file:8388608 bytes
***********WAITING************

Write the data to file:8388608 bytes
***********WAITING************

Write the data to file:8388608 bytes
***********WAITING************

Write the data to file:8388608 bytes
***********WAITING************

Write the data to file:8388608 bytes
***********WAITING************

Write the data to file:8388608 bytes
***********WAITING************

Write the data to file:8388608 bytes
***********WAITING************

Write the data to file:8388608 bytes
***********WAITING************

Write the data to file:8388608 bytes
***********WAITING************

Write the data to file:8388608 bytes
***********WAITING************

Write the data to file:8388608 bytes
***********WAITING************

Write the data to file:8388608 bytes
***********WAITING************

Write the data to file:8388608 bytes
***********WAITING************

Write the data to file:8388608 bytes
***********WAITING************

Write the data to file:8388608 bytes
***********WAITING************

Write the data to file:8388608 bytes
***********WAITING************

Write the data to file:8388608 bytes
***********WAITING************

Write the data to file:8388608 bytes
***********WAITING************

Write the data to file:8388608 bytes
***********WAITING************

Write the data to file:8388608 bytes
***********WAITING************

Write the data to file:8388608 bytes
***********WAITING************

Write the data to file:8388608 bytes
***********WAITING************

Write the data to file:8388608 bytes
***********WAITING************

Write the data to file:8388608 bytes
***********WAITING************

Write the data to file:8388608 bytes
***********WAITING************

Write the data to file:8388608 bytes
***********WAITING************

Write the data to file:8388608 bytes
***********WAITING************

Write the data to file:8388608 bytes
***********WAITING************

Write the data to file:8388608 bytes
***********WAITING************

Write the data to file:8388608 bytes
***********WAITING************

Write the data to file:8388608 bytes
***********WAITING************

Write the data to file:8388608 bytes
***********WAITING************

Write the data to file:8388608 bytes
***********WAITING************

Write the data to file:8388608 bytes
***********WAITING************

Write the data to file:8388608 bytes
***********WAITING************

Write the data to file:8388608 bytes
***********WAITING************

Write the data to file:8388608 bytes
***********WAITING************

Write the data to file:8388608 bytes
***********WAITING************

Write the data to file:8388608 bytes
***********WAITING************

Write the data to file:8388608 bytes
***********WAITING************

Write the data to file:8388608 bytes
***********WAITING************

Write the data to file:8388608 bytes
***********WAITING************

Write the data to file:8388608 bytes
***********WAITING************

Write the data to file:8388608 bytes
***********WAITING************

Write the data to file:8388608 bytes
***********WAITING************

Write the data to file:8388608 bytes
***********WAITING************

Write the data to file:8388608 bytes
***********WAITING************

Write the data to file:8388608 bytes
***********WAITING************

Write the data to file:8388608 bytes
***********WAITING************

Write the data to file:8388608 bytes
***********WAITING************

Write the data to file:8388608 bytes
***********WAITING************

Write the data to file:8388608 bytes
***********WAITING************

Write the data to file:8388608 bytes
***********WAITING************

Write the data to file:8388608 bytes
***********WAITING************

Write the data to file:8388608 bytes
***********WAITING************

Write the data to file:8388608 bytes
***********WAITING************

Write the data to file:8388608 bytes
***********WAITING************

Write the data to file:8388608 bytes
***********WAITING************

Write the data to file:8388608 bytes
***********WAITING************

Write the data to file:8388608 bytes
***********WAITING************

Write the data to file:8388608 bytes
***********WAITING************

Write the data to file:8388608 bytes
***********WAITING************

Write the data to file:8388608 bytes
***********WAITING************

Write the data to file:8388608 bytes
***********WAITING************

Write the data to file:8388608 bytes
***********WAITING************

Write the data to file:8388608 bytes
***********WAITING************

Write the data to file:8388608 bytes
***********WAITING************

Write the data to file:8388608 bytes
***********WAITING************

Write the data to file:8388608 bytes
***********WAITING************

Write the data to file:8388608 bytes
***********WAITING************

Write the data to file:8388608 bytes
***********WAITING************

Write the data to file:8388608 bytes
***********WAITING************

Write the data to file:8388608 bytes
***********WAITING************

Write the data to file:8388608 bytes
***********WAITING************

Write the data to file:8388608 bytes
***********WAITING************

Write the data to file:8388608 bytes
***********WAITING************

Write the data to file:8388608 bytes
***********WAITING************

Write the data to file:8388608 bytes
***********WAITING************

Write the data to file:8388608 bytes
***********WAITING************

Write the data to file:8388608 bytes
***********WAITING************

Write the data to file:8388608 bytes
***********WAITING************

Write the data to file:8388608 bytes
***********WAITING************

Write the data to file:8388608 bytes
***********WAITING************

Write the data to file:8388608 bytes
***********WAITING************

Write the data to file:8388608 bytes
***********WAITING************

Write the data to file:8388608 bytes
***********WAITING************

Write the data to file:8388608 bytes
***********WAITING************

Write the data to file:8388608 bytes
***********WAITING************

Write the data to file:8388608 bytes
***********WAITING************

Write the data to file:8388608 bytes
***********WAITING************

Write the data to file:8388608 bytes
***********WAITING************

Write the data to file:8388608 bytes
***********WAITING************

Write the data to file:8388608 bytes
***********WAITING************

Write the data to file:8388608 bytes
***********WAITING************

Write the data to file:8388608 bytes
***********WAITING************

Write the data to file:8388608 bytes
***********WAITING************

Write the data to file:8388608 bytes
***********WAITING************

Write the data to file:8388608 bytes
***********WAITING************

Write the data to file:8388608 bytes
***********WAITING************

Write the data to file:8388608 bytes
***********WAITING************

Write the data to file:8388608 bytes
***********WAITING************

Write the data to file:8388608 bytes
***********WAITING************

Write the data to file:8388608 bytes
***********WAITING************

Write the data to file:8388608 bytes
***********WAITING************

Write the data to file:8388608 bytes
***********WAITING************

Write the data to file:8388608 bytes
***********WAITING************

Write the data to file:8388608 bytes
***********WAITING************

Write the data to file:8388608 bytes
***********WAITING************

Write the data to file:8388608 bytes
***********WAITING************

Write the data to file:8388608 bytes
***********WAITING************

Write the data to file:8388608 bytes
***********WAITING************

Write the data to file:8388608 bytes
***********WAITING************

Write the data to file:8388608 bytes
***********WAITING************

Write the data to file:8388608 bytes
***********WAITING************

Write the data to file:8388608 bytes
***********WAITING************

Write the data to file:8388608 bytes
***********WAITING************

Write the data to file:8388608 bytes
***********WAITING************

Write the data to file:8388608 bytes
***********WAITING************

Write the data to file:8388608 bytes
***********WAITING************

Write the data to file:8388608 bytes
***********WAITING************

Write the data to file:8388608 bytes
***********WAITING************

Write the data to file:8388608 bytes
***********WAITING************

Write the data to file:8388608 bytes
***********WAITING************

Write the data to file:8388608 bytes
***********WAITING************

Write the data to file:8388608 bytes
***********WAITING************

Write the data to file:8388608 bytes
***********WAITING************

Write the data to file:8388608 bytes
***********WAITING************

Write the data to file:8388608 bytes
***********WAITING************

Write the data to file:8388608 bytes
***********WAITING************

Write the data to file:8388608 bytes
***********WAITING************

Write the data to file:8388608 bytes
***********WAITING************

Write the data to file:8388608 bytes
***********WAITING************

Write the data to file:8388608 bytes
***********WAITING************

Write the data to file:8388608 bytes
***********WAITING************

Write the data to file:8388608 bytes
***********WAITING************

Write the data to file:8388608 bytes
***********WAITING************

Write the data to file:8388608 bytes
***********WAITING************

Write the data to file:8388608 bytes
***********WAITING************

Write the data to file:8388608 bytes
***********WAITING************

Write the data to file:8388608 bytes
***********WAITING************

Write the data to file:8388608 bytes
***********WAITING************

Write the data to file:8388608 bytes
***********WAITING************

Write the data to file:8388608 bytes
***********WAITING************

Write the data to file:8388608 bytes
***********WAITING************

Write the data to file:8388608 bytes
***********WAITING************

Write the data to file:8388608 bytes
***********WAITING************

Write the data to file:8388608 bytes
***********WAITING************

Write the data to file:8388608 bytes
***********WAITING************

Write the data to file:8388608 bytes
***********WAITING************

Write the data to file:8388608 bytes
***********WAITING************

Write the data to file:8388608 bytes
***********WAITING************

Write the data to file:8388608 bytes
***********WAITING************

Write the data to file:8388608 bytes
***********WAITING************

Write the data to file:8388608 bytes
***********WAITING************

Write the data to file:8388608 bytes
***********WAITING************

Write the data to file:8388608 bytes
***********WAITING************

Write the data to file:8388608 bytes
***********WAITING************

Write the data to file:8388608 bytes
***********WAITING************

Write the data to file:8388608 bytes
***********WAITING************

Write the data to file:8388608 bytes
***********WAITING************

Write the data to file:8388608 bytes
***********WAITING************

Write the data to file:8388608 bytes
***********WAITING************

Write the data to file:8388608 bytes
***********WAITING************

Write the data to file:8388608 bytes
***********WAITING************

Write the data to file:8388608 bytes
***********WAITING************

Write the data to file:8388608 bytes
***********WAITING************

Write the data to file:8388608 bytes
***********WAITING************

Write the data to file:8388608 bytes
***********WAITING************

Write the data to file:8388608 bytes
***********WAITING************

Write the data to file:8388608 bytes
***********WAITING************

Write the data to file:8388608 bytes
***********WAITING************

Write the data to file:8388608 bytes
***********WAITING************

Write the data to file:8388608 bytes
***********WAITING************

Write the data to file:8388608 bytes
***********WAITING************

Write the data to file:8388608 bytes
***********WAITING************

Write the data to file:8388608 bytes
***********WAITING************

Write the data to file:8388608 bytes
***********WAITING************

Write the data to file:8388608 bytes
***********WAITING************

Write the data to file:8388608 bytes
***********WAITING************

Write the data to file:8388608 bytes
***********WAITING************

Write the data to file:8388608 bytes
***********WAITING************

Write the data to file:8388608 bytes
***********WAITING************

Write the data to file:8388608 bytes
***********WAITING************

Write the data to file:8388608 bytes
***********WAITING************

Write the data to file:8388608 bytes
***********WAITING************

Write the data to file:8388608 bytes
***********WAITING************

Write the data to file:8388608 bytes
***********WAITING************

Write the data to file:8388608 bytes
***********WAITING************

Write the data to file:8388608 bytes
***********WAITING************
S_cc         0.25   [      0.25:      0.25]
S_bw         0.06   [      0.06:      0.06]
S_w          8.00   [      8.00:      8.00]
          -------
S_total      8.32   [      8.32:      8.32]

build_S done
calc_W
build_S done
calc_W
build_S done
calc_W
nr_of_strided_rec: 0
WARNING: RECORD_SIZE >> READ_NEEDED
nr_doubles: 1048576
build_S done
calc_W
nr_of_strided_rec: 0
WARNING: RECORD_SIZE >> READ_NEEDED
nr_doubles: 1048576
build_S done
calc_W
nr_of_strided_rec: 0
WARNING: RECORD_SIZE >> READ_NEEDED
nr_doubles: 1048576
build_S done
calc_W
nr_of_strided_rec: 0
WARNING: RECORD_SIZE >> READ_NEEDED
nr_doubles: 1048576
build_S done
calc_W
nr_of_strided_rec: 0
WARNING: RECORD_SIZE >> READ_NEEDED
nr_doubles: 1048576
build_S done
calc_W
nr_of_strided_rec: 0
WARNING: RECORD_SIZE >> READ_NEEDED
nr_doubles: 1048576
build_S done
calc_W
nr_of_strided_rec: 0
WARNING: RECORD_SIZE >> READ_NEEDED
nr_doubles: 1048576
build_S done
calc_W
nr_of_strided_rec: 0
WARNING: RECORD_SIZE >> READ_NEEDED
nr_doubles: 1048576
build_S done
calc_W
nr_of_strided_rec: 0
WARNING: RECORD_SIZE >> READ_NEEDED
nr_doubles: 1048576
build_S done
calc_W
nr_of_strided_rec: 0
WARNING: RECORD_SIZE >> READ_NEEDED
nr_doubles: 1048576
build_S done
calc_W
nr_of_strided_rec: 0
WARNING: RECORD_SIZE >> READ_NEEDED
nr_doubles: 1048576
build_S done
calc_W
nr_of_strided_rec: 0
WARNING: RECORD_SIZE >> READ_NEEDED
nr_doubles: 1048576
build_S done
calc_W
nr_of_strided_rec: 0
WARNING: RECORD_SIZE >> READ_NEEDED
nr_doubles: 1048576
build_S done
calc_W
nr_of_strided_rec: 0
WARNING: RECORD_SIZE >> READ_NEEDED
nr_doubles: 1048576
nr_of_strided_rec: 0
WARNING: RECORD_SIZE >> READ_NEEDED
nr_doubles: 1048576
nr_of_strided_rec: 0
WARNING: RECORD_SIZE >> READ_NEEDED
nr_doubles: 1048576
nr_of_strided_rec: 1
nr_doubles: 1048576
nr_of_strided_rec: 1
nr_doubles: 1048576
nr_of_strided_rec: 1
nr_doubles: 1048576
nr_of_strided_rec: 1
nr_doubles: 1048576
nr_of_strided_rec: 1
nr_doubles: 1048576
nr_of_strided_rec: 1
nr_doubles: 1048576
nr_of_strided_rec: 1
nr_doubles: 1048576
nr_of_strided_rec: 1
nr_doubles: 1048576
nr_of_strided_rec: 1
nr_doubles: 1048576
nr_of_strided_rec: 1
nr_doubles: 1048576
nr_of_strided_rec: 1
nr_doubles: 1048576
nr_of_strided_rec: 1
nr_doubles: 1048576
nr_of_strided_rec: 1
nr_doubles: 1048576
nr_of_strided_rec: 1
nr_doubles: 1048576
nr_of_strided_rec: 1
nr_doubles: 1048576
nr_of_strided_rec: 1
nr_doubles: 1048576

Write the data to file:8388608 bytes
***********WAITING************

Write the data to file:8388608 bytes
***********WAITING************

Write the data to file:8388608 bytes
***********WAITING************

Write the data to file:8388608 bytes
***********WAITING************

Write the data to file:8388608 bytes
***********WAITING************

Write the data to file:8388608 bytes
***********WAITING************

Write the data to file:8388608 bytes
***********WAITING************

Write the data to file:8388608 bytes
***********WAITING************

Write the data to file:8388608 bytes
***********WAITING************

Write the data to file:8388608 bytes
***********WAITING************

Write the data to file:8388608 bytes
***********WAITING************

Write the data to file:8388608 bytes
***********WAITING************

Write the data to file:8388608 bytes
***********WAITING************

Write the data to file:8388608 bytes
***********WAITING************

Write the data to file:8388608 bytes
***********WAITING************

Write the data to file:8388608 bytes
***********WAITING************
nr_of_strided_rec: 1
nr_doubles: 1048576
nr_of_strided_rec: 1
nr_doubles: 1048576
nr_of_strided_rec: 1
nr_doubles: 1048576
nr_of_strided_rec: 1
nr_doubles: 1048576
nr_of_strided_rec: 1
nr_doubles: 1048576
nr_of_strided_rec: 1
nr_doubles: 1048576
nr_of_strided_rec: 1
nr_doubles: 1048576
nr_of_strided_rec: 1
nr_doubles: 1048576
nr_of_strided_rec: 1
nr_doubles: 1048576
nr_of_strided_rec: 1
nr_doubles: 1048576
nr_of_strided_rec: 1
nr_doubles: 1048576
nr_of_strided_rec: 1
nr_doubles: 1048576
nr_of_strided_rec: 1
nr_doubles: 1048576
nr_of_strided_rec: 1
nr_doubles: 1048576
nr_of_strided_rec: 1
nr_doubles: 1048576
nr_of_strided_rec: 1
nr_doubles: 1048576

Write the data to file:8388608 bytes
***********WAITING************

Write the data to file:8388608 bytes
***********WAITING************

Write the data to file:8388608 bytes
***********WAITING************

Write the data to file:8388608 bytes
***********WAITING************

Write the data to file:8388608 bytes
***********WAITING************

Write the data to file:8388608 bytes
***********WAITING************

Write the data to file:8388608 bytes
***********WAITING************

Write the data to file:8388608 bytes
***********WAITING************

Write the data to file:8388608 bytes
***********WAITING************

Write the data to file:8388608 bytes
***********WAITING************

Write the data to file:8388608 bytes
***********WAITING************

Write the data to file:8388608 bytes
***********WAITING************

Write the data to file:8388608 bytes
***********WAITING************

Write the data to file:8388608 bytes
***********WAITING************

Write the data to file:8388608 bytes
***********WAITING************

Write the data to file:8388608 bytes
***********WAITING************
nr_of_strided_rec: 1
nr_doubles: 1048576
nr_of_strided_rec: 1
nr_doubles: 1048576
nr_of_strided_rec: 1
nr_doubles: 1048576
nr_of_strided_rec: 1
nr_doubles: 1048576
nr_of_strided_rec: 1
nr_doubles: 1048576
nr_of_strided_rec: 1
nr_doubles: 1048576
nr_of_strided_rec: 1
nr_doubles: 1048576
nr_of_strided_rec: 1
nr_doubles: 1048576
nr_of_strided_rec: 1
nr_doubles: 1048576
nr_of_strided_rec: 1
nr_doubles: 1048576
nr_of_strided_rec: 1
nr_doubles: 1048576
nr_of_strided_rec: 1
nr_doubles: 1048576
nr_of_strided_rec: 1
nr_doubles: 1048576
nr_of_strided_rec: 1
nr_doubles: 1048576
nr_of_strided_rec: 1
nr_doubles: 1048576
nr_of_strided_rec: 1
nr_doubles: 1048576

Write the data to file:8388608 bytes
***********WAITING************

Write the data to file:8388608 bytes
***********WAITING************

Write the data to file:8388608 bytes
***********WAITING************

Write the data to file:8388608 bytes
***********WAITING************

Write the data to file:8388608 bytes
***********WAITING************

Write the data to file:8388608 bytes
***********WAITING************

Write the data to file:8388608 bytes
***********WAITING************

Write the data to file:8388608 bytes
***********WAITING************

Write the data to file:8388608 bytes
***********WAITING************

Write the data to file:8388608 bytes
***********WAITING************

Write the data to file:8388608 bytes
***********WAITING************

Write the data to file:8388608 bytes
***********WAITING************

Write the data to file:8388608 bytes
***********WAITING************

Write the data to file:8388608 bytes
***********WAITING************

Write the data to file:8388608 bytes
***********WAITING************

Write the data to file:8388608 bytes
***********WAITING************
nr_of_strided_rec: 1
nr_doubles: 1048576
nr_of_strided_rec: 1
nr_doubles: 1048576
nr_of_strided_rec: 1
nr_doubles: 1048576
nr_of_strided_rec: 1
nr_doubles: 1048576
nr_of_strided_rec: 1
nr_doubles: 1048576
nr_of_strided_rec: 1
nr_doubles: 1048576
nr_of_strided_rec: 1
nr_doubles: 1048576
nr_of_strided_rec: 1
nr_doubles: 1048576
nr_of_strided_rec: 1
nr_doubles: 1048576
nr_of_strided_rec: 1
nr_doubles: 1048576
nr_of_strided_rec: 1
nr_doubles: 1048576
nr_of_strided_rec: 1
nr_doubles: 1048576
nr_of_strided_rec: 1
nr_doubles: 1048576
nr_of_strided_rec: 1
nr_doubles: 1048576
nr_of_strided_rec: 1
nr_doubles: 1048576
nr_of_strided_rec: 1
nr_doubles: 1048576

Write the data to file:8388608 bytes
***********WAITING************

Write the data to file:8388608 bytes
***********WAITING************

Write the data to file:8388608 bytes
***********WAITING************

Write the data to file:8388608 bytes
***********WAITING************

Write the data to file:8388608 bytes
***********WAITING************

Write the data to file:8388608 bytes
***********WAITING************

Write the data to file:8388608 bytes
***********WAITING************

Write the data to file:8388608 bytes
***********WAITING************

Write the data to file:8388608 bytes
***********WAITING************

Write the data to file:8388608 bytes
***********WAITING************

Write the data to file:8388608 bytes
***********WAITING************

Write the data to file:8388608 bytes
***********WAITING************

Write the data to file:8388608 bytes
***********WAITING************

Write the data to file:8388608 bytes
***********WAITING************

Write the data to file:8388608 bytes
***********WAITING************

Write the data to file:8388608 bytes
***********WAITING************
nr_of_strided_rec: 1
nr_doubles: 1048576
nr_of_strided_rec: 1
nr_doubles: 1048576
nr_of_strided_rec: 1
nr_doubles: 1048576
nr_of_strided_rec: 1
nr_doubles: 1048576
nr_of_strided_rec: 1
nr_doubles: 1048576
nr_of_strided_rec: 1
nr_doubles: 1048576
nr_of_strided_rec: 1
nr_doubles: 1048576
nr_of_strided_rec: 1
nr_doubles: 1048576
nr_of_strided_rec: 1
nr_doubles: 1048576
nr_of_strided_rec: 1
nr_doubles: 1048576
nr_of_strided_rec: 1
nr_doubles: 1048576
nr_of_strided_rec: 1
nr_doubles: 1048576
nr_of_strided_rec: 1
nr_doubles: 1048576
nr_of_strided_rec: 1
nr_doubles: 1048576
nr_of_strided_rec: 1
nr_doubles: 1048576
nr_of_strided_rec: 1
nr_doubles: 1048576

Write the data to file:8388608 bytes
***********WAITING************

Write the data to file:8388608 bytes
***********WAITING************

Write the data to file:8388608 bytes
***********WAITING************

Write the data to file:8388608 bytes
***********WAITING************

Write the data to file:8388608 bytes
***********WAITING************

Write the data to file:8388608 bytes
***********WAITING************

Write the data to file:8388608 bytes
***********WAITING************

Write the data to file:8388608 bytes
***********WAITING************

Write the data to file:8388608 bytes
***********WAITING************

Write the data to file:8388608 bytes
***********WAITING************

Write the data to file:8388608 bytes
***********WAITING************

Write the data to file:8388608 bytes
***********WAITING************

Write the data to file:8388608 bytes
***********WAITING************

Write the data to file:8388608 bytes
***********WAITING************

Write the data to file:8388608 bytes
***********WAITING************

Write the data to file:8388608 bytes
***********WAITING************
nr_of_strided_rec: 1
nr_doubles: 1048576
nr_of_strided_rec: 1
nr_doubles: 1048576
nr_of_strided_rec: 1
nr_doubles: 1048576
nr_of_strided_rec: 1
nr_doubles: 1048576
nr_of_strided_rec: 1
nr_doubles: 1048576
nr_of_strided_rec: 1
nr_doubles: 1048576
nr_of_strided_rec: 1
nr_doubles: 1048576
nr_of_strided_rec: 1
nr_doubles: 1048576
nr_of_strided_rec: 1
nr_doubles: 1048576
nr_of_strided_rec: 1
nr_doubles: 1048576
nr_of_strided_rec: 1
nr_doubles: 1048576
nr_of_strided_rec: 1
nr_doubles: 1048576
nr_of_strided_rec: 1
nr_doubles: 1048576
nr_of_strided_rec: 1
nr_doubles: 1048576
nr_of_strided_rec: 1
nr_doubles: 1048576
nr_of_strided_rec: 1
nr_doubles: 1048576

Write the data to file:8388608 bytes
***********WAITING************

Write the data to file:8388608 bytes
***********WAITING************

Write the data to file:8388608 bytes
***********WAITING************

Write the data to file:8388608 bytes
***********WAITING************

Write the data to file:8388608 bytes
***********WAITING************

Write the data to file:8388608 bytes
***********WAITING************

Write the data to file:8388608 bytes
***********WAITING************

Write the data to file:8388608 bytes
***********WAITING************

Write the data to file:8388608 bytes
***********WAITING************

Write the data to file:8388608 bytes
***********WAITING************

Write the data to file:8388608 bytes
***********WAITING************

Write the data to file:8388608 bytes
***********WAITING************

Write the data to file:8388608 bytes
***********WAITING************

Write the data to file:8388608 bytes
***********WAITING************

Write the data to file:8388608 bytes
***********WAITING************

Write the data to file:8388608 bytes
***********WAITING************
nr_of_strided_rec: 1
nr_doubles: 1048576
nr_of_strided_rec: 1
nr_doubles: 1048576
nr_of_strided_rec: 1
nr_doubles: 1048576
nr_of_strided_rec: 1
nr_doubles: 1048576
nr_of_strided_rec: 1
nr_doubles: 1048576
nr_of_strided_rec: 1
nr_doubles: 1048576
nr_of_strided_rec: 1
nr_doubles: 1048576
nr_of_strided_rec: 1
nr_doubles: 1048576
nr_of_strided_rec: 1
nr_doubles: 1048576
nr_of_strided_rec: 1
nr_doubles: 1048576
nr_of_strided_rec: 1
nr_doubles: 1048576
nr_of_strided_rec: 1
nr_doubles: 1048576
nr_of_strided_rec: 1
nr_doubles: 1048576
nr_of_strided_rec: 1
nr_doubles: 1048576
nr_of_strided_rec: 1
nr_doubles: 1048576
nr_of_strided_rec: 1
nr_doubles: 1048576

Write the data to file:8388608 bytes
***********WAITING************

Write the data to file:8388608 bytes
***********WAITING************

Write the data to file:8388608 bytes
***********WAITING************

Write the data to file:8388608 bytes
***********WAITING************

Write the data to file:8388608 bytes
***********WAITING************

Write the data to file:8388608 bytes
***********WAITING************

Write the data to file:8388608 bytes
***********WAITING************

Write the data to file:8388608 bytes
***********WAITING************

Write the data to file:8388608 bytes
***********WAITING************

Write the data to file:8388608 bytes
***********WAITING************

Write the data to file:8388608 bytes
***********WAITING************

Write the data to file:8388608 bytes
***********WAITING************

Write the data to file:8388608 bytes
***********WAITING************

Write the data to file:8388608 bytes
***********WAITING************

Write the data to file:8388608 bytes
***********WAITING************

Write the data to file:8388608 bytes
***********WAITING************
nr_of_strided_rec: 1
nr_doubles: 1048576
nr_of_strided_rec: 1
nr_doubles: 1048576
nr_of_strided_rec: 1
nr_doubles: 1048576
nr_of_strided_rec: 1
nr_doubles: 1048576
nr_of_strided_rec: 1
nr_doubles: 1048576
nr_of_strided_rec: 1
nr_doubles: 1048576
nr_of_strided_rec: 1
nr_doubles: 1048576
nr_of_strided_rec: 1
nr_doubles: 1048576
nr_of_strided_rec: 1
nr_doubles: 1048576
nr_of_strided_rec: 1
nr_doubles: 1048576
nr_of_strided_rec: 1
nr_doubles: 1048576
nr_of_strided_rec: 1
nr_doubles: 1048576
nr_of_strided_rec: 1
nr_doubles: 1048576
nr_of_strided_rec: 1
nr_doubles: 1048576
nr_of_strided_rec: 1
nr_doubles: 1048576
nr_of_strided_rec: 1
nr_doubles: 1048576

Write the data to file:8388608 bytes
***********WAITING************

Write the data to file:8388608 bytes
***********WAITING************

Write the data to file:8388608 bytes
***********WAITING************

Write the data to file:8388608 bytes
***********WAITING************

Write the data to file:8388608 bytes
***********WAITING************

Write the data to file:8388608 bytes
***********WAITING************

Write the data to file:8388608 bytes
***********WAITING************

Write the data to file:8388608 bytes
***********WAITING************

Write the data to file:8388608 bytes
***********WAITING************

Write the data to file:8388608 bytes
***********WAITING************

Write the data to file:8388608 bytes
***********WAITING************

Write the data to file:8388608 bytes
***********WAITING************

Write the data to file:8388608 bytes
***********WAITING************

Write the data to file:8388608 bytes
***********WAITING************

Write the data to file:8388608 bytes
***********WAITING************

Write the data to file:8388608 bytes
***********WAITING************
nr_of_strided_rec: 1
nr_doubles: 1048576
nr_of_strided_rec: 1
nr_doubles: 1048576
nr_of_strided_rec: 1
nr_doubles: 1048576
nr_of_strided_rec: 1
nr_doubles: 1048576
nr_of_strided_rec: 1
nr_doubles: 1048576
nr_of_strided_rec: 1
nr_doubles: 1048576
nr_of_strided_rec: 1
nr_doubles: 1048576
nr_of_strided_rec: 1
nr_doubles: 1048576
nr_of_strided_rec: 1
nr_doubles: 1048576
nr_of_strided_rec: 1
nr_doubles: 1048576
nr_of_strided_rec: 1
nr_doubles: 1048576
nr_of_strided_rec: 1
nr_doubles: 1048576
nr_of_strided_rec: 1
nr_doubles: 1048576
nr_of_strided_rec: 1
nr_doubles: 1048576
nr_of_strided_rec: 1
nr_doubles: 1048576
nr_of_strided_rec: 1
nr_doubles: 1048576

Write the data to file:8388608 bytes
***********WAITING************

Write the data to file:8388608 bytes
***********WAITING************

Write the data to file:8388608 bytes
***********WAITING************

Write the data to file:8388608 bytes
***********WAITING************

Write the data to file:8388608 bytes
***********WAITING************

Write the data to file:8388608 bytes
***********WAITING************

Write the data to file:8388608 bytes
***********WAITING************

Write the data to file:8388608 bytes
***********WAITING************

Write the data to file:8388608 bytes
***********WAITING************

Write the data to file:8388608 bytes
***********WAITING************

Write the data to file:8388608 bytes
***********WAITING************

Write the data to file:8388608 bytes
***********WAITING************

Write the data to file:8388608 bytes
***********WAITING************

Write the data to file:8388608 bytes
***********WAITING************

Write the data to file:8388608 bytes
***********WAITING************

Write the data to file:8388608 bytes
***********WAITING************
nr_of_strided_rec: 1
nr_doubles: 1048576
nr_of_strided_rec: 1
nr_doubles: 1048576
nr_of_strided_rec: 1
nr_doubles: 1048576
nr_of_strided_rec: 1
nr_doubles: 1048576
nr_of_strided_rec: 1
nr_doubles: 1048576
nr_of_strided_rec: 1
nr_doubles: 1048576
nr_of_strided_rec: 1
nr_doubles: 1048576
nr_of_strided_rec: 1
nr_doubles: 1048576
nr_of_strided_rec: 1
nr_doubles: 1048576
nr_of_strided_rec: 1
nr_doubles: 1048576
nr_of_strided_rec: 1
nr_doubles: 1048576
nr_of_strided_rec: 1
nr_doubles: 1048576
nr_of_strided_rec: 1
nr_doubles: 1048576
nr_of_strided_rec: 1
nr_doubles: 1048576
nr_of_strided_rec: 1
nr_doubles: 1048576
nr_of_strided_rec: 1
nr_doubles: 1048576

Write the data to file:8388608 bytes
***********WAITING************

Write the data to file:8388608 bytes
***********WAITING************

Write the data to file:8388608 bytes
***********WAITING************

Write the data to file:8388608 bytes
***********WAITING************

Write the data to file:8388608 bytes
***********WAITING************

Write the data to file:8388608 bytes
***********WAITING************

Write the data to file:8388608 bytes
***********WAITING************

Write the data to file:8388608 bytes
***********WAITING************

Write the data to file:8388608 bytes
***********WAITING************

Write the data to file:8388608 bytes
***********WAITING************

Write the data to file:8388608 bytes
***********WAITING************

Write the data to file:8388608 bytes
***********WAITING************

Write the data to file:8388608 bytes
***********WAITING************

Write the data to file:8388608 bytes
***********WAITING************

Write the data to file:8388608 bytes
***********WAITING************

Write the data to file:8388608 bytes
***********WAITING************
nr_of_strided_rec: 1
nr_doubles: 1048576
nr_of_strided_rec: 1
nr_doubles: 1048576
nr_of_strided_rec: 1
nr_doubles: 1048576
nr_of_strided_rec: 1
nr_doubles: 1048576
nr_of_strided_rec: 1
nr_doubles: 1048576
nr_of_strided_rec: 1
nr_doubles: 1048576
nr_of_strided_rec: 1
nr_doubles: 1048576
nr_of_strided_rec: 1
nr_doubles: 1048576
nr_of_strided_rec: 1
nr_doubles: 1048576
nr_of_strided_rec: 1
nr_doubles: 1048576
nr_of_strided_rec: 1
nr_doubles: 1048576
nr_of_strided_rec: 1
nr_doubles: 1048576
nr_of_strided_rec: 1
nr_doubles: 1048576
nr_of_strided_rec: 1
nr_doubles: 1048576
nr_of_strided_rec: 1
nr_doubles: 1048576
nr_of_strided_rec: 1
nr_doubles: 1048576

Write the data to file:8388608 bytes
***********WAITING************

Write the data to file:8388608 bytes
***********WAITING************

Write the data to file:8388608 bytes
***********WAITING************

Write the data to file:8388608 bytes
***********WAITING************

Write the data to file:8388608 bytes
***********WAITING************

Write the data to file:8388608 bytes
***********WAITING************

Write the data to file:8388608 bytes
***********WAITING************

Write the data to file:8388608 bytes
***********WAITING************

Write the data to file:8388608 bytes
***********WAITING************

Write the data to file:8388608 bytes
***********WAITING************

Write the data to file:8388608 bytes
***********WAITING************

Write the data to file:8388608 bytes
***********WAITING************

Write the data to file:8388608 bytes
***********WAITING************

Write the data to file:8388608 bytes
***********WAITING************

Write the data to file:8388608 bytes
***********WAITING************

Write the data to file:8388608 bytes
***********WAITING************
nr_of_strided_rec: 1
nr_doubles: 1048576
nr_of_strided_rec: 1
nr_doubles: 1048576
nr_of_strided_rec: 1
nr_doubles: 1048576
nr_of_strided_rec: 1
nr_doubles: 1048576
nr_of_strided_rec: 1
nr_doubles: 1048576
nr_of_strided_rec: 1
nr_doubles: 1048576
nr_of_strided_rec: 1
nr_doubles: 1048576
nr_of_strided_rec: 1
nr_doubles: 1048576
nr_of_strided_rec: 1
nr_doubles: 1048576
nr_of_strided_rec: 1
nr_doubles: 1048576
nr_of_strided_rec: 1
nr_doubles: 1048576
nr_of_strided_rec: 1
nr_doubles: 1048576
nr_of_strided_rec: 1
nr_doubles: 1048576
nr_of_strided_rec: 1
nr_doubles: 1048576
nr_of_strided_rec: 1
nr_doubles: 1048576
nr_of_strided_rec: 1
nr_doubles: 1048576

Write the data to file:8388608 bytes
***********WAITING************

Write the data to file:8388608 bytes
***********WAITING************

Write the data to file:8388608 bytes
***********WAITING************

Write the data to file:8388608 bytes
***********WAITING************

Write the data to file:8388608 bytes
***********WAITING************

Write the data to file:8388608 bytes
***********WAITING************

Write the data to file:8388608 bytes
***********WAITING************

Write the data to file:8388608 bytes
***********WAITING************

Write the data to file:8388608 bytes
***********WAITING************

Write the data to file:8388608 bytes
***********WAITING************

Write the data to file:8388608 bytes
***********WAITING************

Write the data to file:8388608 bytes
***********WAITING************

Write the data to file:8388608 bytes
***********WAITING************

Write the data to file:8388608 bytes
***********WAITING************

Write the data to file:8388608 bytes
***********WAITING************

Write the data to file:8388608 bytes
***********WAITING************
nr_of_strided_rec: 1
nr_doubles: 1048576
nr_of_strided_rec: 1
nr_doubles: 1048576
nr_of_strided_rec: 1
nr_doubles: 1048576
nr_of_strided_rec: 1
nr_doubles: 1048576
nr_of_strided_rec: 1
nr_doubles: 1048576
nr_of_strided_rec: 1
nr_doubles: 1048576
nr_of_strided_rec: 1
nr_doubles: 1048576
nr_of_strided_rec: 1
nr_doubles: 1048576
nr_of_strided_rec: 1
nr_doubles: 1048576
nr_of_strided_rec: 1
nr_doubles: 1048576
nr_of_strided_rec: 1
nr_doubles: 1048576
nr_of_strided_rec: 1
nr_doubles: 1048576
nr_of_strided_rec: 1
nr_doubles: 1048576
nr_of_strided_rec: 1
nr_doubles: 1048576
nr_of_strided_rec: 1
nr_doubles: 1048576
nr_of_strided_rec: 1
nr_doubles: 1048576

Write the data to file:8388608 bytes
***********WAITING************

Write the data to file:8388608 bytes
***********WAITING************

Write the data to file:8388608 bytes
***********WAITING************

Write the data to file:8388608 bytes
***********WAITING************

Write the data to file:8388608 bytes
***********WAITING************

Write the data to file:8388608 bytes
***********WAITING************

Write the data to file:8388608 bytes
***********WAITING************

Write the data to file:8388608 bytes
***********WAITING************

Write the data to file:8388608 bytes
***********WAITING************

Write the data to file:8388608 bytes
***********WAITING************

Write the data to file:8388608 bytes
***********WAITING************

Write the data to file:8388608 bytes
***********WAITING************

Write the data to file:8388608 bytes
***********WAITING************

Write the data to file:8388608 bytes
***********WAITING************

Write the data to file:8388608 bytes
***********WAITING************

Write the data to file:8388608 bytes
***********WAITING************
nr_of_strided_rec: 1
nr_doubles: 1048576
nr_of_strided_rec: 1
nr_doubles: 1048576
nr_of_strided_rec: 1
nr_doubles: 1048576
nr_of_strided_rec: 1
nr_doubles: 1048576
nr_of_strided_rec: 1
nr_doubles: 1048576
nr_of_strided_rec: 1
nr_doubles: 1048576
nr_of_strided_rec: 1
nr_doubles: 1048576
nr_of_strided_rec: 1
nr_doubles: 1048576
nr_of_strided_rec: 1
nr_doubles: 1048576
nr_of_strided_rec: 1
nr_doubles: 1048576
nr_of_strided_rec: 1
nr_doubles: 1048576
nr_of_strided_rec: 1
nr_doubles: 1048576
nr_of_strided_rec: 1
nr_doubles: 1048576
nr_of_strided_rec: 1
nr_doubles: 1048576
nr_of_strided_rec: 1
nr_doubles: 1048576
nr_of_strided_rec: 1
nr_doubles: 1048576

Write the data to file:8388608 bytes
***********WAITING************

Write the data to file:8388608 bytes
***********WAITING************

Write the data to file:8388608 bytes
***********WAITING************

Write the data to file:8388608 bytes
***********WAITING************

Write the data to file:8388608 bytes
***********WAITING************

Write the data to file:8388608 bytes
***********WAITING************

Write the data to file:8388608 bytes
***********WAITING************

Write the data to file:8388608 bytes
***********WAITING************

Write the data to file:8388608 bytes
***********WAITING************

Write the data to file:8388608 bytes
***********WAITING************

Write the data to file:8388608 bytes
***********WAITING************

Write the data to file:8388608 bytes
***********WAITING************

Write the data to file:8388608 bytes
***********WAITING************

Write the data to file:8388608 bytes
***********WAITING************

Write the data to file:8388608 bytes
***********WAITING************

Write the data to file:8388608 bytes
***********WAITING************
nr_of_strided_rec: 1
nr_doubles: 1048576
nr_of_strided_rec: 1
nr_doubles: 1048576
nr_of_strided_rec: 1
nr_doubles: 1048576
nr_of_strided_rec: 1
nr_doubles: 1048576
nr_of_strided_rec: 1
nr_doubles: 1048576
nr_of_strided_rec: 1
nr_doubles: 1048576
nr_of_strided_rec: 1
nr_doubles: 1048576
nr_of_strided_rec: 1
nr_doubles: 1048576
nr_of_strided_rec: 1
nr_doubles: 1048576
nr_of_strided_rec: 1
nr_doubles: 1048576
nr_of_strided_rec: 1
nr_doubles: 1048576
nr_of_strided_rec: 1
nr_doubles: 1048576
nr_of_strided_rec: 1
nr_doubles: 1048576
nr_of_strided_rec: 1
nr_doubles: 1048576
nr_of_strided_rec: 1
nr_doubles: 1048576
nr_of_strided_rec: 1
nr_doubles: 1048576

Write the data to file:8388608 bytes
***********WAITING************

Write the data to file:8388608 bytes
***********WAITING************

Write the data to file:8388608 bytes
***********WAITING************

Write the data to file:8388608 bytes
***********WAITING************

Write the data to file:8388608 bytes
***********WAITING************

Write the data to file:8388608 bytes
***********WAITING************

Write the data to file:8388608 bytes
***********WAITING************

Write the data to file:8388608 bytes
***********WAITING************

Write the data to file:8388608 bytes
***********WAITING************

Write the data to file:8388608 bytes
***********WAITING************

Write the data to file:8388608 bytes
***********WAITING************

Write the data to file:8388608 bytes
***********WAITING************

Write the data to file:8388608 bytes
***********WAITING************

Write the data to file:8388608 bytes
***********WAITING************

Write the data to file:8388608 bytes
***********WAITING************

Write the data to file:8388608 bytes
***********WAITING************
nr_of_strided_rec: 1
nr_doubles: 1048576
nr_of_strided_rec: 1
nr_doubles: 1048576
nr_of_strided_rec: 1
nr_doubles: 1048576
nr_of_strided_rec: 1
nr_doubles: 1048576
nr_of_strided_rec: 1
nr_doubles: 1048576
nr_of_strided_rec: 1
nr_doubles: 1048576
nr_of_strided_rec: 1
nr_doubles: 1048576
nr_of_strided_rec: 1
nr_doubles: 1048576
nr_of_strided_rec: 1
nr_doubles: 1048576
nr_of_strided_rec: 1
nr_doubles: 1048576
nr_of_strided_rec: 1
nr_doubles: 1048576
nr_of_strided_rec: 1
nr_doubles: 1048576
nr_of_strided_rec: 1
nr_doubles: 1048576
nr_of_strided_rec: 1
nr_doubles: 1048576
nr_of_strided_rec: 1
nr_doubles: 1048576
nr_of_strided_rec: 1
nr_doubles: 1048576

Write the data to file:8388608 bytes
***********WAITING************

Write the data to file:8388608 bytes
***********WAITING************

Write the data to file:8388608 bytes
***********WAITING************

Write the data to file:8388608 bytes
***********WAITING************

Write the data to file:8388608 bytes
***********WAITING************

Write the data to file:8388608 bytes
***********WAITING************

Write the data to file:8388608 bytes
***********WAITING************

Write the data to file:8388608 bytes
***********WAITING************

Write the data to file:8388608 bytes
***********WAITING************

Write the data to file:8388608 bytes
***********WAITING************

Write the data to file:8388608 bytes
***********WAITING************

Write the data to file:8388608 bytes
***********WAITING************

Write the data to file:8388608 bytes
***********WAITING************

Write the data to file:8388608 bytes
***********WAITING************

Write the data to file:8388608 bytes
***********WAITING************

Write the data to file:8388608 bytes
***********WAITING************
nr_of_strided_rec: 1
nr_doubles: 1048576
nr_of_strided_rec: 1
nr_doubles: 1048576
nr_of_strided_rec: 1
nr_doubles: 1048576
nr_of_strided_rec: 1
nr_doubles: 1048576
nr_of_strided_rec: 1
nr_doubles: 1048576
nr_of_strided_rec: 1
nr_doubles: 1048576
nr_of_strided_rec: 1
nr_doubles: 1048576
nr_of_strided_rec: 1
nr_doubles: 1048576
nr_of_strided_rec: 1
nr_doubles: 1048576
nr_of_strided_rec: 1
nr_doubles: 1048576
nr_of_strided_rec: 1
nr_doubles: 1048576
nr_of_strided_rec: 1
nr_doubles: 1048576
nr_of_strided_rec: 1
nr_doubles: 1048576
nr_of_strided_rec: 1
nr_doubles: 1048576
nr_of_strided_rec: 1
nr_doubles: 1048576
nr_of_strided_rec: 1
nr_doubles: 1048576

Write the data to file:8388608 bytes
***********WAITING************

Write the data to file:8388608 bytes
***********WAITING************

Write the data to file:8388608 bytes
***********WAITING************

Write the data to file:8388608 bytes
***********WAITING************

Write the data to file:8388608 bytes
***********WAITING************

Write the data to file:8388608 bytes
***********WAITING************

Write the data to file:8388608 bytes
***********WAITING************

Write the data to file:8388608 bytes
***********WAITING************

Write the data to file:8388608 bytes
***********WAITING************

Write the data to file:8388608 bytes
***********WAITING************

Write the data to file:8388608 bytes
***********WAITING************

Write the data to file:8388608 bytes
***********WAITING************

Write the data to file:8388608 bytes
***********WAITING************

Write the data to file:8388608 bytes
***********WAITING************

Write the data to file:8388608 bytes
***********WAITING************

Write the data to file:8388608 bytes
***********WAITING************
nr_of_strided_rec: 1
nr_doubles: 1048576
nr_of_strided_rec: 1
nr_doubles: 1048576
nr_of_strided_rec: 1
nr_doubles: 1048576
nr_of_strided_rec: 1
nr_doubles: 1048576
nr_of_strided_rec: 1
nr_doubles: 1048576
nr_of_strided_rec: 1
nr_doubles: 1048576
nr_of_strided_rec: 1
nr_doubles: 1048576
nr_of_strided_rec: 1
nr_doubles: 1048576
nr_of_strided_rec: 1
nr_doubles: 1048576
nr_of_strided_rec: 1
nr_doubles: 1048576
nr_of_strided_rec: 1
nr_doubles: 1048576
nr_of_strided_rec: 1
nr_doubles: 1048576
nr_of_strided_rec: 1
nr_doubles: 1048576
nr_of_strided_rec: 1
nr_doubles: 1048576
nr_of_strided_rec: 1
nr_doubles: 1048576
nr_of_strided_rec: 1
nr_doubles: 1048576

Write the data to file:8388608 bytes
***********WAITING************

Write the data to file:8388608 bytes
***********WAITING************

Write the data to file:8388608 bytes
***********WAITING************

Write the data to file:8388608 bytes
***********WAITING************

Write the data to file:8388608 bytes
***********WAITING************

Write the data to file:8388608 bytes
***********WAITING************

Write the data to file:8388608 bytes
***********WAITING************

Write the data to file:8388608 bytes
***********WAITING************

Write the data to file:8388608 bytes
***********WAITING************

Write the data to file:8388608 bytes
***********WAITING************

Write the data to file:8388608 bytes
***********WAITING************

Write the data to file:8388608 bytes
***********WAITING************

Write the data to file:8388608 bytes
***********WAITING************

Write the data to file:8388608 bytes
***********WAITING************

Write the data to file:8388608 bytes
***********WAITING************

Write the data to file:8388608 bytes
***********WAITING************
nr_of_strided_rec: 1
nr_doubles: 1048576
nr_of_strided_rec: 1
nr_doubles: 1048576
nr_of_strided_rec: 1
nr_doubles: 1048576
nr_of_strided_rec: 1
nr_doubles: 1048576
nr_of_strided_rec: 1
nr_doubles: 1048576
nr_of_strided_rec: 1
nr_doubles: 1048576
nr_of_strided_rec: 1
nr_doubles: 1048576
nr_of_strided_rec: 1
nr_doubles: 1048576
nr_of_strided_rec: 1
nr_doubles: 1048576
nr_of_strided_rec: 1
nr_doubles: 1048576
nr_of_strided_rec: 1
nr_doubles: 1048576
nr_of_strided_rec: 1
nr_doubles: 1048576
nr_of_strided_rec: 1
nr_doubles: 1048576
nr_of_strided_rec: 1
nr_doubles: 1048576
nr_of_strided_rec: 1
nr_doubles: 1048576
nr_of_strided_rec: 1
nr_doubles: 1048576

Write the data to file:8388608 bytes
***********WAITING************

Write the data to file:8388608 bytes
***********WAITING************

Write the data to file:8388608 bytes
***********WAITING************

Write the data to file:8388608 bytes
***********WAITING************

Write the data to file:8388608 bytes
***********WAITING************

Write the data to file:8388608 bytes
***********WAITING************

Write the data to file:8388608 bytes
***********WAITING************

Write the data to file:8388608 bytes
***********WAITING************

Write the data to file:8388608 bytes
***********WAITING************

Write the data to file:8388608 bytes
***********WAITING************

Write the data to file:8388608 bytes
***********WAITING************

Write the data to file:8388608 bytes
***********WAITING************

Write the data to file:8388608 bytes
***********WAITING************

Write the data to file:8388608 bytes
***********WAITING************

Write the data to file:8388608 bytes
***********WAITING************

Write the data to file:8388608 bytes
***********WAITING************
nr_of_strided_rec: 1
nr_doubles: 1048576
nr_of_strided_rec: 1
nr_doubles: 1048576
nr_of_strided_rec: 1
nr_doubles: 1048576
nr_of_strided_rec: 1
nr_doubles: 1048576
nr_of_strided_rec: 1
nr_doubles: 1048576
nr_of_strided_rec: 1
nr_doubles: 1048576
nr_of_strided_rec: 1
nr_doubles: 1048576
nr_of_strided_rec: 1
nr_doubles: 1048576
nr_of_strided_rec: 1
nr_doubles: 1048576
nr_of_strided_rec: 1
nr_doubles: 1048576
nr_of_strided_rec: 1
nr_doubles: 1048576
nr_of_strided_rec: 1
nr_doubles: 1048576
nr_of_strided_rec: 1
nr_doubles: 1048576
nr_of_strided_rec: 1
nr_doubles: 1048576
nr_of_strided_rec: 1
nr_doubles: 1048576
nr_of_strided_rec: 1
nr_doubles: 1048576

Write the data to file:8388608 bytes
***********WAITING************

Write the data to file:8388608 bytes
***********WAITING************

Write the data to file:8388608 bytes
***********WAITING************

Write the data to file:8388608 bytes
***********WAITING************

Write the data to file:8388608 bytes
***********WAITING************

Write the data to file:8388608 bytes
***********WAITING************

Write the data to file:8388608 bytes
***********WAITING************

Write the data to file:8388608 bytes
***********WAITING************

Write the data to file:8388608 bytes
***********WAITING************

Write the data to file:8388608 bytes
***********WAITING************

Write the data to file:8388608 bytes
***********WAITING************

Write the data to file:8388608 bytes
***********WAITING************

Write the data to file:8388608 bytes
***********WAITING************

Write the data to file:8388608 bytes
***********WAITING************

Write the data to file:8388608 bytes
***********WAITING************

Write the data to file:8388608 bytes
***********WAITING************
nr_of_strided_rec: 1
nr_doubles: 1048576
nr_of_strided_rec: 1
nr_doubles: 1048576
nr_of_strided_rec: 1
nr_doubles: 1048576
nr_of_strided_rec: 1
nr_doubles: 1048576
nr_of_strided_rec: 1
nr_doubles: 1048576
nr_of_strided_rec: 1
nr_doubles: 1048576
nr_of_strided_rec: 1
nr_doubles: 1048576
nr_of_strided_rec: 1
nr_doubles: 1048576
nr_of_strided_rec: 1
nr_doubles: 1048576
nr_of_strided_rec: 1
nr_doubles: 1048576
nr_of_strided_rec: 1
nr_doubles: 1048576
nr_of_strided_rec: 1
nr_doubles: 1048576
nr_of_strided_rec: 1
nr_doubles: 1048576
nr_of_strided_rec: 1
nr_doubles: 1048576
nr_of_strided_rec: 1
nr_doubles: 1048576
nr_of_strided_rec: 1
nr_doubles: 1048576

Write the data to file:8388608 bytes
***********WAITING************

Write the data to file:8388608 bytes
***********WAITING************

Write the data to file:8388608 bytes
***********WAITING************

Write the data to file:8388608 bytes
***********WAITING************

Write the data to file:8388608 bytes
***********WAITING************

Write the data to file:8388608 bytes
***********WAITING************

Write the data to file:8388608 bytes
***********WAITING************

Write the data to file:8388608 bytes
***********WAITING************

Write the data to file:8388608 bytes
***********WAITING************

Write the data to file:8388608 bytes
***********WAITING************

Write the data to file:8388608 bytes
***********WAITING************

Write the data to file:8388608 bytes
***********WAITING************

Write the data to file:8388608 bytes
***********WAITING************

Write the data to file:8388608 bytes
***********WAITING************

Write the data to file:8388608 bytes
***********WAITING************

Write the data to file:8388608 bytes
***********WAITING************
nr_of_strided_rec: 1
nr_doubles: 1048576
nr_of_strided_rec: 1
nr_doubles: 1048576
nr_of_strided_rec: 1
nr_doubles: 1048576
nr_of_strided_rec: 1
nr_doubles: 1048576
nr_of_strided_rec: 1
nr_doubles: 1048576
nr_of_strided_rec: 1
nr_doubles: 1048576
nr_of_strided_rec: 1
nr_doubles: 1048576
nr_of_strided_rec: 1
nr_doubles: 1048576
nr_of_strided_rec: 1
nr_doubles: 1048576
nr_of_strided_rec: 1
nr_doubles: 1048576
nr_of_strided_rec: 1
nr_doubles: 1048576
nr_of_strided_rec: 1
nr_doubles: 1048576
nr_of_strided_rec: 1
nr_doubles: 1048576
nr_of_strided_rec: 1
nr_doubles: 1048576
nr_of_strided_rec: 1
nr_doubles: 1048576
nr_of_strided_rec: 1
nr_doubles: 1048576

Write the data to file:8388608 bytes
***********WAITING************

Write the data to file:8388608 bytes
***********WAITING************

Write the data to file:8388608 bytes
***********WAITING************

Write the data to file:8388608 bytes
***********WAITING************

Write the data to file:8388608 bytes
***********WAITING************

Write the data to file:8388608 bytes
***********WAITING************

Write the data to file:8388608 bytes
***********WAITING************

Write the data to file:8388608 bytes
***********WAITING************

Write the data to file:8388608 bytes
***********WAITING************

Write the data to file:8388608 bytes
***********WAITING************

Write the data to file:8388608 bytes
***********WAITING************

Write the data to file:8388608 bytes
***********WAITING************

Write the data to file:8388608 bytes
***********WAITING************

Write the data to file:8388608 bytes
***********WAITING************

Write the data to file:8388608 bytes
***********WAITING************

Write the data to file:8388608 bytes
***********WAITING************
nr_of_strided_rec: 1
nr_doubles: 1048576
nr_of_strided_rec: 1
nr_doubles: 1048576
nr_of_strided_rec: 1
nr_doubles: 1048576
nr_of_strided_rec: 1
nr_doubles: 1048576
nr_of_strided_rec: 1
nr_doubles: 1048576
nr_of_strided_rec: 1
nr_doubles: 1048576
nr_of_strided_rec: 1
nr_doubles: 1048576
nr_of_strided_rec: 1
nr_doubles: 1048576
nr_of_strided_rec: 1
nr_doubles: 1048576
nr_of_strided_rec: 1
nr_doubles: 1048576
nr_of_strided_rec: 1
nr_doubles: 1048576
nr_of_strided_rec: 1
nr_doubles: 1048576
nr_of_strided_rec: 1
nr_doubles: 1048576
nr_of_strided_rec: 1
nr_doubles: 1048576
nr_of_strided_rec: 1
nr_doubles: 1048576
nr_of_strided_rec: 1
nr_doubles: 1048576

Write the data to file:8388608 bytes
***********WAITING************

Write the data to file:8388608 bytes
***********WAITING************

Write the data to file:8388608 bytes
***********WAITING************

Write the data to file:8388608 bytes
***********WAITING************

Write the data to file:8388608 bytes
***********WAITING************

Write the data to file:8388608 bytes
***********WAITING************

Write the data to file:8388608 bytes
***********WAITING************

Write the data to file:8388608 bytes
***********WAITING************

Write the data to file:8388608 bytes
***********WAITING************

Write the data to file:8388608 bytes
***********WAITING************

Write the data to file:8388608 bytes
***********WAITING************

Write the data to file:8388608 bytes
***********WAITING************

Write the data to file:8388608 bytes
***********WAITING************

Write the data to file:8388608 bytes
***********WAITING************

Write the data to file:8388608 bytes
***********WAITING************

Write the data to file:8388608 bytes
***********WAITING************
nr_of_strided_rec: 1
nr_doubles: 1048576
nr_of_strided_rec: 1
nr_doubles: 1048576
nr_of_strided_rec: 1
nr_doubles: 1048576
nr_of_strided_rec: 1
nr_doubles: 1048576
nr_of_strided_rec: 1
nr_doubles: 1048576
nr_of_strided_rec: 1
nr_doubles: 1048576
nr_of_strided_rec: 1
nr_doubles: 1048576
nr_of_strided_rec: 1
nr_doubles: 1048576
nr_of_strided_rec: 1
nr_doubles: 1048576
nr_of_strided_rec: 1
nr_doubles: 1048576
nr_of_strided_rec: 1
nr_doubles: 1048576
nr_of_strided_rec: 1
nr_doubles: 1048576
nr_of_strided_rec: 1
nr_doubles: 1048576
nr_of_strided_rec: 1
nr_doubles: 1048576
nr_of_strided_rec: 1
nr_doubles: 1048576
nr_of_strided_rec: 1
nr_doubles: 1048576

Write the data to file:8388608 bytes
***********WAITING************

Write the data to file:8388608 bytes
***********WAITING************

Write the data to file:8388608 bytes
***********WAITING************

Write the data to file:8388608 bytes
***********WAITING************

Write the data to file:8388608 bytes
***********WAITING************

Write the data to file:8388608 bytes
***********WAITING************

Write the data to file:8388608 bytes
***********WAITING************

Write the data to file:8388608 bytes
***********WAITING************

Write the data to file:8388608 bytes
***********WAITING************

Write the data to file:8388608 bytes
***********WAITING************

Write the data to file:8388608 bytes
***********WAITING************

Write the data to file:8388608 bytes
***********WAITING************

Write the data to file:8388608 bytes
***********WAITING************

Write the data to file:8388608 bytes
***********WAITING************

Write the data to file:8388608 bytes
***********WAITING************

Write the data to file:8388608 bytes
***********WAITING************
nr_of_strided_rec: 1
nr_doubles: 1048576
nr_of_strided_rec: 1
nr_doubles: 1048576
nr_of_strided_rec: 1
nr_doubles: 1048576
nr_of_strided_rec: 1
nr_doubles: 1048576
nr_of_strided_rec: 1
nr_doubles: 1048576
nr_of_strided_rec: 1
nr_doubles: 1048576
nr_of_strided_rec: 1
nr_doubles: 1048576
nr_of_strided_rec: 1
nr_doubles: 1048576
nr_of_strided_rec: 1
nr_doubles: 1048576
nr_of_strided_rec: 1
nr_doubles: 1048576
nr_of_strided_rec: 1
nr_doubles: 1048576
nr_of_strided_rec: 1
nr_doubles: 1048576
nr_of_strided_rec: 1
nr_doubles: 1048576
nr_of_strided_rec: 1
nr_doubles: 1048576
nr_of_strided_rec: 1
nr_doubles: 1048576
nr_of_strided_rec: 1
nr_doubles: 1048576

Write the data to file:8388608 bytes
***********WAITING************

Write the data to file:8388608 bytes
***********WAITING************

Write the data to file:8388608 bytes
***********WAITING************

Write the data to file:8388608 bytes
***********WAITING************

Write the data to file:8388608 bytes
***********WAITING************

Write the data to file:8388608 bytes
***********WAITING************

Write the data to file:8388608 bytes
***********WAITING************

Write the data to file:8388608 bytes
***********WAITING************

Write the data to file:8388608 bytes
***********WAITING************

Write the data to file:8388608 bytes
***********WAITING************

Write the data to file:8388608 bytes
***********WAITING************

Write the data to file:8388608 bytes
***********WAITING************

Write the data to file:8388608 bytes
***********WAITING************

Write the data to file:8388608 bytes
***********WAITING************

Write the data to file:8388608 bytes
***********WAITING************

Write the data to file:8388608 bytes
***********WAITING************
nr_of_strided_rec: 1
nr_doubles: 1048576
nr_of_strided_rec: 1
nr_doubles: 1048576
nr_of_strided_rec: 1
nr_doubles: 1048576
nr_of_strided_rec: 1
nr_doubles: 1048576
nr_of_strided_rec: 1
nr_doubles: 1048576
nr_of_strided_rec: 1
nr_doubles: 1048576
nr_of_strided_rec: 1
nr_doubles: 1048576
nr_of_strided_rec: 1
nr_doubles: 1048576
nr_of_strided_rec: 1
nr_doubles: 1048576
nr_of_strided_rec: 1
nr_doubles: 1048576
nr_of_strided_rec: 1
nr_doubles: 1048576
nr_of_strided_rec: 1
nr_doubles: 1048576
nr_of_strided_rec: 1
nr_doubles: 1048576
nr_of_strided_rec: 1
nr_doubles: 1048576
nr_of_strided_rec: 1
nr_doubles: 1048576
nr_of_strided_rec: 1
nr_doubles: 1048576

Write the data to file:8388608 bytes
***********WAITING************

Write the data to file:8388608 bytes
***********WAITING************

Write the data to file:8388608 bytes
***********WAITING************

Write the data to file:8388608 bytes
***********WAITING************

Write the data to file:8388608 bytes
***********WAITING************

Write the data to file:8388608 bytes
***********WAITING************

Write the data to file:8388608 bytes
***********WAITING************

Write the data to file:8388608 bytes
***********WAITING************

Write the data to file:8388608 bytes
***********WAITING************

Write the data to file:8388608 bytes
***********WAITING************

Write the data to file:8388608 bytes
***********WAITING************

Write the data to file:8388608 bytes
***********WAITING************

Write the data to file:8388608 bytes
***********WAITING************

Write the data to file:8388608 bytes
***********WAITING************

Write the data to file:8388608 bytes
***********WAITING************

Write the data to file:8388608 bytes
***********WAITING************
nr_of_strided_rec: 1
nr_doubles: 1048576
nr_of_strided_rec: 1
nr_doubles: 1048576
nr_of_strided_rec: 1
nr_doubles: 1048576
nr_of_strided_rec: 1
nr_doubles: 1048576
nr_of_strided_rec: 1
nr_doubles: 1048576
nr_of_strided_rec: 1
nr_doubles: 1048576
nr_of_strided_rec: 1
nr_doubles: 1048576
nr_of_strided_rec: 1
nr_doubles: 1048576
nr_of_strided_rec: 1
nr_doubles: 1048576
nr_of_strided_rec: 1
nr_doubles: 1048576
nr_of_strided_rec: 1
nr_doubles: 1048576
nr_of_strided_rec: 1
nr_doubles: 1048576
nr_of_strided_rec: 1
nr_doubles: 1048576
nr_of_strided_rec: 1
nr_doubles: 1048576
nr_of_strided_rec: 1
nr_doubles: 1048576
nr_of_strided_rec: 1
nr_doubles: 1048576

Write the data to file:8388608 bytes
***********WAITING************

Write the data to file:8388608 bytes
***********WAITING************

Write the data to file:8388608 bytes
***********WAITING************

Write the data to file:8388608 bytes
***********WAITING************

Write the data to file:8388608 bytes
***********WAITING************

Write the data to file:8388608 bytes
***********WAITING************

Write the data to file:8388608 bytes
***********WAITING************

Write the data to file:8388608 bytes
***********WAITING************

Write the data to file:8388608 bytes
***********WAITING************

Write the data to file:8388608 bytes
***********WAITING************

Write the data to file:8388608 bytes
***********WAITING************

Write the data to file:8388608 bytes
***********WAITING************

Write the data to file:8388608 bytes
***********WAITING************

Write the data to file:8388608 bytes
***********WAITING************

Write the data to file:8388608 bytes
***********WAITING************

Write the data to file:8388608 bytes
***********WAITING************
nr_of_strided_rec: 1
nr_doubles: 1048576
nr_of_strided_rec: 1
nr_doubles: 1048576
nr_of_strided_rec: 1
nr_doubles: 1048576
nr_of_strided_rec: 1
nr_doubles: 1048576
nr_of_strided_rec: 1
nr_doubles: 1048576
nr_of_strided_rec: 1
nr_doubles: 1048576
nr_of_strided_rec: 1
nr_doubles: 1048576
nr_of_strided_rec: 1
nr_doubles: 1048576
nr_of_strided_rec: 1
nr_doubles: 1048576
nr_of_strided_rec: 1
nr_doubles: 1048576
nr_of_strided_rec: 1
nr_doubles: 1048576
nr_of_strided_rec: 1
nr_doubles: 1048576
nr_of_strided_rec: 1
nr_doubles: 1048576
nr_of_strided_rec: 1
nr_doubles: 1048576
nr_of_strided_rec: 1
nr_doubles: 1048576
nr_of_strided_rec: 1
nr_doubles: 1048576

Write the data to file:8388608 bytes
***********WAITING************

Write the data to file:8388608 bytes
***********WAITING************

Write the data to file:8388608 bytes
***********WAITING************

Write the data to file:8388608 bytes
***********WAITING************

Write the data to file:8388608 bytes
***********WAITING************

Write the data to file:8388608 bytes
***********WAITING************

Write the data to file:8388608 bytes
***********WAITING************

Write the data to file:8388608 bytes
***********WAITING************

Write the data to file:8388608 bytes
***********WAITING************

Write the data to file:8388608 bytes
***********WAITING************

Write the data to file:8388608 bytes
***********WAITING************

Write the data to file:8388608 bytes
***********WAITING************

Write the data to file:8388608 bytes
***********WAITING************

Write the data to file:8388608 bytes
***********WAITING************

Write the data to file:8388608 bytes
***********WAITING************

Write the data to file:8388608 bytes
***********WAITING************
nr_of_strided_rec: 1
nr_doubles: 1048576
nr_of_strided_rec: 1
nr_doubles: 1048576
nr_of_strided_rec: 1
nr_doubles: 1048576
nr_of_strided_rec: 1
nr_doubles: 1048576
nr_of_strided_rec: 1
nr_doubles: 1048576
nr_of_strided_rec: 1
nr_doubles: 1048576
nr_of_strided_rec: 1
nr_doubles: 1048576
nr_of_strided_rec: 1
nr_doubles: 1048576
nr_of_strided_rec: 1
nr_doubles: 1048576
nr_of_strided_rec: 1
nr_doubles: 1048576
nr_of_strided_rec: 1
nr_doubles: 1048576
nr_of_strided_rec: 1
nr_doubles: 1048576
nr_of_strided_rec: 1
nr_doubles: 1048576
nr_of_strided_rec: 1
nr_doubles: 1048576
nr_of_strided_rec: 1
nr_doubles: 1048576
nr_of_strided_rec: 1
nr_doubles: 1048576

Write the data to file:8388608 bytes
***********WAITING************

Write the data to file:8388608 bytes
***********WAITING************

Write the data to file:8388608 bytes
***********WAITING************

Write the data to file:8388608 bytes
***********WAITING************

Write the data to file:8388608 bytes
***********WAITING************

Write the data to file:8388608 bytes
***********WAITING************

Write the data to file:8388608 bytes
***********WAITING************

Write the data to file:8388608 bytes
***********WAITING************

Write the data to file:8388608 bytes
***********WAITING************

Write the data to file:8388608 bytes
***********WAITING************

Write the data to file:8388608 bytes
***********WAITING************

Write the data to file:8388608 bytes
***********WAITING************

Write the data to file:8388608 bytes
***********WAITING************

Write the data to file:8388608 bytes
***********WAITING************

Write the data to file:8388608 bytes
***********WAITING************

Write the data to file:8388608 bytes
***********WAITING************

Write the data to file:8388608 bytes
***********WAITING************

Write the data to file:8388608 bytes
***********WAITING************

Write the data to file:8388608 bytes
***********WAITING************

Write the data to file:8388608 bytes
***********WAITING************

Write the data to file:8388608 bytes
***********WAITING************

Write the data to file:8388608 bytes
***********WAITING************

Write the data to file:8388608 bytes
***********WAITING************

Write the data to file:8388608 bytes
***********WAITING************

Write the data to file:8388608 bytes
***********WAITING************

Write the data to file:8388608 bytes
***********WAITING************

Write the data to file:8388608 bytes
***********WAITING************

Write the data to file:8388608 bytes
***********WAITING************

Write the data to file:8388608 bytes
***********WAITING************

Write the data to file:8388608 bytes
***********WAITING************

Write the data to file:8388608 bytes
***********WAITING************

Write the data to file:8388608 bytes
***********WAITING************
W_cc         0.47   [      0.47:      0.47]
W_r         11.79   [     11.79:     11.79]
W_w          8.57   [      8.57:      8.57]
          -------
W_total     20.83   [     20.83:     20.83]

calc_W done
calc_W done
nr_of_strided_rec: 1
nr_doubles: 1048576
calc_W done
nr_of_strided_rec: 1
nr_doubles: 1048576
calc_W done
nr_of_strided_rec: 1
nr_doubles: 1048576
calc_W done
nr_of_strided_rec: 1
nr_doubles: 1048576
calc_W done
nr_of_strided_rec: 1
nr_doubles: 1048576
calc_W done
nr_of_strided_rec: 1
nr_doubles: 1048576
calc_W done
nr_of_strided_rec: 1
nr_doubles: 1048576
calc_W done
nr_of_strided_rec: 1
nr_doubles: 1048576
calc_W done
nr_of_strided_rec: 1
nr_doubles: 1048576
calc_W done
nr_of_strided_rec: 1
nr_doubles: 1048576
calc_W done
nr_of_strided_rec: 1
nr_doubles: 1048576
calc_W done
nr_of_strided_rec: 1
nr_doubles: 1048576
calc_W done
nr_of_strided_rec: 1
nr_doubles: 1048576
calc_W done
nr_of_strided_rec: 1
nr_doubles: 1048576
calc_W done
nr_of_strided_rec: 1
nr_doubles: 1048576
nr_of_strided_rec: 1
nr_doubles: 1048576
nr_of_strided_rec: 1
nr_doubles: 1048576
nr_of_strided_rec: 1
nr_doubles: 1048576
nr_of_strided_rec: 1
nr_doubles: 1048576
nr_of_strided_rec: 1
nr_doubles: 1048576
nr_of_strided_rec: 1
nr_doubles: 1048576
nr_of_strided_rec: 1
nr_doubles: 1048576
nr_of_strided_rec: 1
nr_doubles: 1048576
nr_of_strided_rec: 1
nr_doubles: 1048576
nr_of_strided_rec: 1
nr_doubles: 1048576
nr_of_strided_rec: 1
nr_doubles: 1048576
nr_of_strided_rec: 1
nr_doubles: 1048576
nr_of_strided_rec: 1
nr_doubles: 1048576
nr_of_strided_rec: 1
nr_doubles: 1048576
nr_of_strided_rec: 1
nr_doubles: 1048576
nr_of_strided_rec: 1
nr_doubles: 1048576
nr_of_strided_rec: 1
nr_doubles: 1048576
nr_of_strided_rec: 1
nr_doubles: 1048576
nr_of_strided_rec: 1
nr_doubles: 1048576
nr_of_strided_rec: 1
nr_doubles: 1048576
nr_of_strided_rec: 1
nr_doubles: 1048576
nr_of_strided_rec: 1
nr_doubles: 1048576
nr_of_strided_rec: 1
nr_doubles: 1048576
nr_of_strided_rec: 1
nr_doubles: 1048576
nr_of_strided_rec: 1
nr_doubles: 1048576
nr_of_strided_rec: 1
nr_doubles: 1048576
nr_of_strided_rec: 1
nr_doubles: 1048576
nr_of_strided_rec: 1
nr_doubles: 1048576
nr_of_strided_rec: 1
nr_doubles: 1048576
nr_of_strided_rec: 1
nr_doubles: 1048576
nr_of_strided_rec: 1
nr_doubles: 1048576
nr_of_strided_rec: 1
nr_doubles: 1048576
nr_of_strided_rec: 1
nr_doubles: 1048576
nr_of_strided_rec: 1
nr_doubles: 1048576
nr_of_strided_rec: 1
nr_doubles: 1048576
nr_of_strided_rec: 1
nr_doubles: 1048576
nr_of_strided_rec: 1
nr_doubles: 1048576
nr_of_strided_rec: 1
nr_doubles: 1048576
nr_of_strided_rec: 1
nr_doubles: 1048576
nr_of_strided_rec: 1
nr_doubles: 1048576
nr_of_strided_rec: 1
nr_doubles: 1048576
nr_of_strided_rec: 1
nr_doubles: 1048576
nr_of_strided_rec: 1
nr_doubles: 1048576
nr_of_strided_rec: 1
nr_doubles: 1048576
nr_of_strided_rec: 1
nr_doubles: 1048576
nr_of_strided_rec: 1
nr_doubles: 1048576
nr_of_strided_rec: 1
nr_doubles: 1048576
nr_of_strided_rec: 1
nr_doubles: 1048576
nr_of_strided_rec: 1
nr_doubles: 1048576
nr_of_strided_rec: 1
nr_doubles: 1048576
nr_of_strided_rec: 1
nr_doubles: 1048576
nr_of_strided_rec: 1
nr_doubles: 1048576
nr_of_strided_rec: 1
nr_doubles: 1048576
nr_of_strided_rec: 1
nr_doubles: 1048576
nr_of_strided_rec: 1
nr_doubles: 1048576
nr_of_strided_rec: 1
nr_doubles: 1048576
nr_of_strided_rec: 1
nr_doubles: 1048576
nr_of_strided_rec: 1
nr_doubles: 1048576
nr_of_strided_rec: 1
nr_doubles: 1048576
nr_of_strided_rec: 1
nr_doubles: 1048576
nr_of_strided_rec: 1
nr_doubles: 1048576
nr_of_strided_rec: 1
nr_doubles: 1048576
nr_of_strided_rec: 1
nr_doubles: 1048576
nr_of_strided_rec: 1
nr_doubles: 1048576
nr_of_strided_rec: 1
nr_doubles: 1048576
nr_of_strided_rec: 1
nr_doubles: 1048576
nr_of_strided_rec: 1
nr_doubles: 1048576
nr_of_strided_rec: 1
nr_doubles: 1048576
nr_of_strided_rec: 1
nr_doubles: 1048576
nr_of_strided_rec: 1
nr_doubles: 1048576
nr_of_strided_rec: 1
nr_doubles: 1048576
nr_of_strided_rec: 1
nr_doubles: 1048576
nr_of_strided_rec: 1
nr_doubles: 1048576
nr_of_strided_rec: 1
nr_doubles: 1048576
nr_of_strided_rec: 1
nr_doubles: 1048576
nr_of_strided_rec: 1
nr_doubles: 1048576
nr_of_strided_rec: 1
nr_doubles: 1048576
nr_of_strided_rec: 1
nr_doubles: 1048576
nr_of_strided_rec: 1
nr_doubles: 1048576
nr_of_strided_rec: 1
nr_doubles: 1048576
nr_of_strided_rec: 1
nr_doubles: 1048576
nr_of_strided_rec: 1
nr_doubles: 1048576
nr_of_strided_rec: 1
nr_doubles: 1048576
nr_of_strided_rec: 1
nr_doubles: 1048576
nr_of_strided_rec: 1
nr_doubles: 1048576
nr_of_strided_rec: 1
nr_doubles: 1048576
nr_of_strided_rec: 1
nr_doubles: 1048576
nr_of_strided_rec: 1
nr_doubles: 1048576
nr_of_strided_rec: 1
nr_doubles: 1048576
nr_of_strided_rec: 1
nr_doubles: 1048576
nr_of_strided_rec: 1
nr_doubles: 1048576
nr_of_strided_rec: 1
nr_doubles: 1048576
nr_of_strided_rec: 1
nr_doubles: 1048576
nr_of_strided_rec: 1
nr_doubles: 1048576
nr_of_strided_rec: 1
nr_doubles: 1048576
nr_of_strided_rec: 1
nr_doubles: 1048576
nr_of_strided_rec: 1
nr_doubles: 1048576
nr_of_strided_rec: 1
nr_doubles: 1048576
nr_of_strided_rec: 1
nr_doubles: 1048576
nr_of_strided_rec: 1
nr_doubles: 1048576
nr_of_strided_rec: 1
nr_doubles: 1048576
nr_of_strided_rec: 1
nr_doubles: 1048576
nr_of_strided_rec: 1
nr_doubles: 1048576
nr_of_strided_rec: 1
nr_doubles: 1048576
nr_of_strided_rec: 1
nr_doubles: 1048576
nr_of_strided_rec: 1
nr_doubles: 1048576
nr_of_strided_rec: 1
nr_doubles: 1048576
nr_of_strided_rec: 1
nr_doubles: 1048576
nr_of_strided_rec: 1
nr_doubles: 1048576
nr_of_strided_rec: 1
nr_doubles: 1048576
nr_of_strided_rec: 1
nr_doubles: 1048576
nr_of_strided_rec: 1
nr_doubles: 1048576
nr_of_strided_rec: 1
nr_doubles: 1048576
nr_of_strided_rec: 1
nr_doubles: 1048576
nr_of_strided_rec: 1
nr_doubles: 1048576
nr_of_strided_rec: 1
nr_doubles: 1048576
nr_of_strided_rec: 1
nr_doubles: 1048576
nr_of_strided_rec: 1
nr_doubles: 1048576
nr_of_strided_rec: 1
nr_doubles: 1048576
nr_of_strided_rec: 1
nr_doubles: 1048576
nr_of_strided_rec: 1
nr_doubles: 1048576
nr_of_strided_rec: 1
nr_doubles: 1048576
nr_of_strided_rec: 1
nr_doubles: 1048576
nr_of_strided_rec: 1
nr_doubles: 1048576
nr_of_strided_rec: 1
nr_doubles: 1048576
nr_of_strided_rec: 1
nr_doubles: 1048576
nr_of_strided_rec: 1
nr_doubles: 1048576
nr_of_strided_rec: 1
nr_doubles: 1048576
nr_of_strided_rec: 1
nr_doubles: 1048576
nr_of_strided_rec: 1
nr_doubles: 1048576
nr_of_strided_rec: 1
nr_doubles: 1048576
nr_of_strided_rec: 1
nr_doubles: 1048576
nr_of_strided_rec: 1
nr_doubles: 1048576
nr_of_strided_rec: 1
nr_doubles: 1048576
nr_of_strided_rec: 1
nr_doubles: 1048576
nr_of_strided_rec: 1
nr_doubles: 1048576
nr_of_strided_rec: 1
nr_doubles: 1048576
nr_of_strided_rec: 1
nr_doubles: 1048576
nr_of_strided_rec: 1
nr_doubles: 1048576
nr_of_strided_rec: 1
nr_doubles: 1048576
nr_of_strided_rec: 1
nr_doubles: 1048576
nr_of_strided_rec: 1
nr_doubles: 1048576
nr_of_strided_rec: 1
nr_doubles: 1048576
nr_of_strided_rec: 1
nr_doubles: 1048576
nr_of_strided_rec: 1
nr_doubles: 1048576
nr_of_strided_rec: 1
nr_doubles: 1048576
nr_of_strided_rec: 1
nr_doubles: 1048576
nr_of_strided_rec: 1
nr_doubles: 1048576
nr_of_strided_rec: 1
nr_doubles: 1048576
nr_of_strided_rec: 1
nr_doubles: 1048576
nr_of_strided_rec: 1
nr_doubles: 1048576
nr_of_strided_rec: 1
nr_doubles: 1048576
nr_of_strided_rec: 1
nr_doubles: 1048576
nr_of_strided_rec: 1
nr_doubles: 1048576
nr_of_strided_rec: 1
nr_doubles: 1048576
nr_of_strided_rec: 1
nr_doubles: 1048576
nr_of_strided_rec: 1
nr_doubles: 1048576
nr_of_strided_rec: 1
nr_doubles: 1048576
nr_of_strided_rec: 1
nr_doubles: 1048576
nr_of_strided_rec: 1
nr_doubles: 1048576
nr_of_strided_rec: 1
nr_doubles: 1048576
nr_of_strided_rec: 1
nr_doubles: 1048576
nr_of_strided_rec: 1
nr_doubles: 1048576
nr_of_strided_rec: 1
nr_doubles: 1048576
nr_of_strided_rec: 1
nr_doubles: 1048576
nr_of_strided_rec: 1
nr_doubles: 1048576
nr_of_strided_rec: 1
nr_doubles: 1048576
nr_of_strided_rec: 1
nr_doubles: 1048576
nr_of_strided_rec: 1
nr_doubles: 1048576
nr_of_strided_rec: 1
nr_doubles: 1048576
nr_of_strided_rec: 1
nr_doubles: 1048576
nr_of_strided_rec: 1
nr_doubles: 1048576
nr_of_strided_rec: 1
nr_doubles: 1048576
nr_of_strided_rec: 1
nr_doubles: 1048576
nr_of_strided_rec: 1
nr_doubles: 1048576
nr_of_strided_rec: 1
nr_doubles: 1048576
nr_of_strided_rec: 1
nr_doubles: 1048576
nr_of_strided_rec: 1
nr_doubles: 1048576
nr_of_strided_rec: 1
nr_doubles: 1048576
nr_of_strided_rec: 1
nr_doubles: 1048576
nr_of_strided_rec: 1
nr_doubles: 1048576
nr_of_strided_rec: 1
nr_doubles: 1048576
nr_of_strided_rec: 1
nr_doubles: 1048576
nr_of_strided_rec: 1
nr_doubles: 1048576
nr_of_strided_rec: 1
nr_doubles: 1048576
nr_of_strided_rec: 1
nr_doubles: 1048576
nr_of_strided_rec: 1
nr_doubles: 1048576
nr_of_strided_rec: 1
nr_doubles: 1048576
nr_of_strided_rec: 1
nr_doubles: 1048576
nr_of_strided_rec: 1
nr_doubles: 1048576
nr_of_strided_rec: 1
nr_doubles: 1048576
nr_of_strided_rec: 1
nr_doubles: 1048576
nr_of_strided_rec: 1
nr_doubles: 1048576
nr_of_strided_rec: 1
nr_doubles: 1048576
nr_of_strided_rec: 1
nr_doubles: 1048576
nr_of_strided_rec: 1
nr_doubles: 1048576
nr_of_strided_rec: 1
nr_doubles: 1048576
nr_of_strided_rec: 1
nr_doubles: 1048576
nr_of_strided_rec: 1
nr_doubles: 1048576
nr_of_strided_rec: 1
nr_doubles: 1048576
nr_of_strided_rec: 1
nr_doubles: 1048576
nr_of_strided_rec: 1
nr_doubles: 1048576
nr_of_strided_rec: 1
nr_doubles: 1048576
nr_of_strided_rec: 1
nr_doubles: 1048576
nr_of_strided_rec: 1
nr_doubles: 1048576
nr_of_strided_rec: 1
nr_doubles: 1048576
nr_of_strided_rec: 1
nr_doubles: 1048576
nr_of_strided_rec: 1
nr_doubles: 1048576
nr_of_strided_rec: 1
nr_doubles: 1048576
nr_of_strided_rec: 1
nr_doubles: 1048576
nr_of_strided_rec: 1
nr_doubles: 1048576
nr_of_strided_rec: 1
nr_doubles: 1048576
nr_of_strided_rec: 1
nr_doubles: 1048576
nr_of_strided_rec: 1
nr_doubles: 1048576
nr_of_strided_rec: 1
nr_doubles: 1048576
nr_of_strided_rec: 1
nr_doubles: 1048576
nr_of_strided_rec: 1
nr_doubles: 1048576
nr_of_strided_rec: 1
nr_doubles: 1048576
nr_of_strided_rec: 1
nr_doubles: 1048576
nr_of_strided_rec: 1
nr_doubles: 1048576
nr_of_strided_rec: 1
nr_doubles: 1048576
nr_of_strided_rec: 1
nr_doubles: 1048576
nr_of_strided_rec: 1
nr_doubles: 1048576
nr_of_strided_rec: 1
nr_doubles: 1048576
nr_of_strided_rec: 1
nr_doubles: 1048576
nr_of_strided_rec: 1
nr_doubles: 1048576
nr_of_strided_rec: 1
nr_doubles: 1048576
nr_of_strided_rec: 1
nr_doubles: 1048576
nr_of_strided_rec: 1
nr_doubles: 1048576
nr_of_strided_rec: 1
nr_doubles: 1048576
nr_of_strided_rec: 1
nr_doubles: 1048576
nr_of_strided_rec: 1
nr_doubles: 1048576
nr_of_strided_rec: 1
nr_doubles: 1048576
nr_of_strided_rec: 1
nr_doubles: 1048576
nr_of_strided_rec: 1
nr_doubles: 1048576
nr_of_strided_rec: 1
nr_doubles: 1048576
nr_of_strided_rec: 1
nr_doubles: 1048576
nr_of_strided_rec: 1
nr_doubles: 1048576
nr_of_strided_rec: 1
nr_doubles: 1048576
nr_of_strided_rec: 1
nr_doubles: 1048576
nr_of_strided_rec: 1
nr_doubles: 1048576
nr_of_strided_rec: 1
nr_doubles: 1048576
nr_of_strided_rec: 1
nr_doubles: 1048576
nr_of_strided_rec: 1
nr_doubles: 1048576
nr_of_strided_rec: 1
nr_doubles: 1048576
nr_of_strided_rec: 1
nr_doubles: 1048576
nr_of_strided_rec: 1
nr_doubles: 1048576
nr_of_strided_rec: 1
nr_doubles: 1048576
nr_of_strided_rec: 1
nr_doubles: 1048576
nr_of_strided_rec: 1
nr_doubles: 1048576
nr_of_strided_rec: 1
nr_doubles: 1048576
nr_of_strided_rec: 1
nr_doubles: 1048576
nr_of_strided_rec: 1
nr_doubles: 1048576
nr_of_strided_rec: 1
nr_doubles: 1048576
nr_of_strided_rec: 1
nr_doubles: 1048576
nr_of_strided_rec: 1
nr_doubles: 1048576
nr_of_strided_rec: 1
nr_doubles: 1048576
nr_of_strided_rec: 1
nr_doubles: 1048576
nr_of_strided_rec: 1
nr_doubles: 1048576
nr_of_strided_rec: 1
nr_doubles: 1048576
