fclose PID:35314 fd:3
fclose PID:35314 fd:4
fclose PID:35314 fd:4
fclose PID:35314 fd:3
available: 2 nodes (0-1)
fclose PID:35314 fd:3
node 0 cpus:fclose PID:35314 fd:3
 0 1 2 3 4 5 6 7 8 9 20 21 22 23 24 25 26 27 28 29
node 0 size: 80440 MB
node 0 free: 80120 MB
fclose PID:35314 fd:3
node 1 cpus:fclose PID:35314 fd:3
 10 11 12 13 14 15 16 17 18 19 30 31 32 33 34 35 36 37 38 39
node 1 size: 80635 MB
node 1 free: 80374 MB
fclose PID:35314 fd:3
fclose PID:35314 fd:3
node distances:
node   0   1 
  0:  10  21 
  1:  21  10 
READAHEAD_TIME:0.000000 us
MaxRSS= 2300 KB, SharedMem= 0 KB, HardPageFault= 10
fclose PID:35324 fd:8
fclose PID:35327 fd:8
fclose PID:35331 fd:8
fclose PID:35319 fd:12
fclose PID:35320 fd:10
fclose PID:35323 fd:8
fclose PID:35328 fd:8
fclose PID:35325 fd:8
fclose PID:35334 fd:8
fclose PID:35322 fd:8
fclose PID:35321 fd:8
fclose PID:35326 fd:8
fclose PID:35330 fd:8
fclose PID:35332 fd:8
fclose PID:35333 fd:8
fclose PID:35329 fd:8

MADbench 2.0 IO-mode
no_pe = 16  no_pix = 4096  no_bin = 30  no_gang = 1 sblocksize = 8  fblocksize = 64  r_mod = 1  w_mod = 1 record_size=4096 stride=7


IOMETHOD = POSIX  IOMODE = SYNC  FILETYPE = UNIQUE  REMAP = CUSTOMbuild_S
build_S
build_S
build_S
build_S
build_S
build_S
build_S
build_S
build_S
build_S
build_S
build_S
build_S
build_S
build_S

Write the data to file:8388608 bytes
***********WAITING************

Write the data to file:8388608 bytes
***********WAITING************

Write the data to file:8388608 bytes
***********WAITING************

Write the data to file:8388608 bytes
***********WAITING************

Write the data to file:8388608 bytes
***********WAITING************

Write the data to file:8388608 bytes
***********WAITING************

Write the data to file:8388608 bytes
***********WAITING************

Write the data to file:8388608 bytes
***********WAITING************

Write the data to file:8388608 bytes
***********WAITING************

Write the data to file:8388608 bytes
***********WAITING************

Write the data to file:8388608 bytes
***********WAITING************

Write the data to file:8388608 bytes
***********WAITING************

Write the data to file:8388608 bytes
***********WAITING************

Write the data to file:8388608 bytes
***********WAITING************

Write the data to file:8388608 bytes
***********WAITING************

Write the data to file:8388608 bytes
***********WAITING************

Write the data to file:8388608 bytes
***********WAITING************

Write the data to file:8388608 bytes
***********WAITING************

Write the data to file:8388608 bytes
***********WAITING************

Write the data to file:8388608 bytes
***********WAITING************

Write the data to file:8388608 bytes
***********WAITING************

Write the data to file:8388608 bytes
***********WAITING************

Write the data to file:8388608 bytes
***********WAITING************

Write the data to file:8388608 bytes
***********WAITING************

Write the data to file:8388608 bytes
***********WAITING************

Write the data to file:8388608 bytes
***********WAITING************

Write the data to file:8388608 bytes
***********WAITING************

Write the data to file:8388608 bytes
***********WAITING************

Write the data to file:8388608 bytes
***********WAITING************

Write the data to file:8388608 bytes
***********WAITING************

Write the data to file:8388608 bytes
***********WAITING************

Write the data to file:8388608 bytes
***********WAITING************

Write the data to file:8388608 bytes
***********WAITING************

Write the data to file:8388608 bytes
***********WAITING************

Write the data to file:8388608 bytes
***********WAITING************

Write the data to file:8388608 bytes
***********WAITING************

Write the data to file:8388608 bytes
***********WAITING************

Write the data to file:8388608 bytes
***********WAITING************

Write the data to file:8388608 bytes
***********WAITING************

Write the data to file:8388608 bytes
***********WAITING************

Write the data to file:8388608 bytes
***********WAITING************

Write the data to file:8388608 bytes
***********WAITING************

Write the data to file:8388608 bytes
***********WAITING************

Write the data to file:8388608 bytes
***********WAITING************

Write the data to file:8388608 bytes
***********WAITING************

Write the data to file:8388608 bytes
***********WAITING************

Write the data to file:8388608 bytes
***********WAITING************

Write the data to file:8388608 bytes
***********WAITING************

Write the data to file:8388608 bytes
***********WAITING************

Write the data to file:8388608 bytes
***********WAITING************

Write the data to file:8388608 bytes
***********WAITING************

Write the data to file:8388608 bytes
***********WAITING************

Write the data to file:8388608 bytes
***********WAITING************

Write the data to file:8388608 bytes
***********WAITING************

Write the data to file:8388608 bytes
***********WAITING************

Write the data to file:8388608 bytes
***********WAITING************

Write the data to file:8388608 bytes
***********WAITING************

Write the data to file:8388608 bytes
***********WAITING************

Write the data to file:8388608 bytes
***********WAITING************

Write the data to file:8388608 bytes
***********WAITING************

Write the data to file:8388608 bytes
***********WAITING************

Write the data to file:8388608 bytes
***********WAITING************

Write the data to file:8388608 bytes
***********WAITING************

Write the data to file:8388608 bytes
***********WAITING************

Write the data to file:8388608 bytes
***********WAITING************

Write the data to file:8388608 bytes
***********WAITING************

Write the data to file:8388608 bytes
***********WAITING************

Write the data to file:8388608 bytes
***********WAITING************

Write the data to file:8388608 bytes
***********WAITING************

Write the data to file:8388608 bytes
***********WAITING************

Write the data to file:8388608 bytes
***********WAITING************

Write the data to file:8388608 bytes
***********WAITING************

Write the data to file:8388608 bytes
***********WAITING************

Write the data to file:8388608 bytes
***********WAITING************

Write the data to file:8388608 bytes
***********WAITING************

Write the data to file:8388608 bytes
***********WAITING************

Write the data to file:8388608 bytes
***********WAITING************

Write the data to file:8388608 bytes
***********WAITING************

Write the data to file:8388608 bytes
***********WAITING************

Write the data to file:8388608 bytes
***********WAITING************

Write the data to file:8388608 bytes
***********WAITING************

Write the data to file:8388608 bytes
***********WAITING************

Write the data to file:8388608 bytes
***********WAITING************

Write the data to file:8388608 bytes
***********WAITING************

Write the data to file:8388608 bytes
***********WAITING************

Write the data to file:8388608 bytes
***********WAITING************

Write the data to file:8388608 bytes
***********WAITING************

Write the data to file:8388608 bytes
***********WAITING************

Write the data to file:8388608 bytes
***********WAITING************

Write the data to file:8388608 bytes
***********WAITING************

Write the data to file:8388608 bytes
***********WAITING************

Write the data to file:8388608 bytes
***********WAITING************

Write the data to file:8388608 bytes
***********WAITING************

Write the data to file:8388608 bytes
***********WAITING************

Write the data to file:8388608 bytes

Write the data to file:8388608 bytes
***********WAITING************
***********WAITING************

Write the data to file:8388608 bytes
***********WAITING************

Write the data to file:8388608 bytes
***********WAITING************

Write the data to file:8388608 bytes
***********WAITING************

Write the data to file:8388608 bytes
***********WAITING************

Write the data to file:8388608 bytes
***********WAITING************

Write the data to file:8388608 bytes
***********WAITING************

Write the data to file:8388608 bytes
***********WAITING************

Write the data to file:8388608 bytes
***********WAITING************

Write the data to file:8388608 bytes
***********WAITING************

Write the data to file:8388608 bytes
***********WAITING************

Write the data to file:8388608 bytes
***********WAITING************

Write the data to file:8388608 bytes
***********WAITING************

Write the data to file:8388608 bytes
***********WAITING************

Write the data to file:8388608 bytes
***********WAITING************

Write the data to file:8388608 bytes
***********WAITING************

Write the data to file:8388608 bytes
***********WAITING************

Write the data to file:8388608 bytes
***********WAITING************

Write the data to file:8388608 bytes
***********WAITING************

Write the data to file:8388608 bytes
***********WAITING************

Write the data to file:8388608 bytes
***********WAITING************

Write the data to file:8388608 bytes
***********WAITING************

Write the data to file:8388608 bytes
***********WAITING************

Write the data to file:8388608 bytes
***********WAITING************

Write the data to file:8388608 bytes
***********WAITING************

Write the data to file:8388608 bytes
***********WAITING************

Write the data to file:8388608 bytes
***********WAITING************

Write the data to file:8388608 bytes
***********WAITING************

Write the data to file:8388608 bytes
***********WAITING************

Write the data to file:8388608 bytes
***********WAITING************

Write the data to file:8388608 bytes
***********WAITING************

Write the data to file:8388608 bytes
***********WAITING************

Write the data to file:8388608 bytes
***********WAITING************

Write the data to file:8388608 bytes
***********WAITING************

Write the data to file:8388608 bytes
***********WAITING************

Write the data to file:8388608 bytes
***********WAITING************

Write the data to file:8388608 bytes
***********WAITING************

Write the data to file:8388608 bytes
***********WAITING************

Write the data to file:8388608 bytes
***********WAITING************

Write the data to file:8388608 bytes
***********WAITING************

Write the data to file:8388608 bytes
***********WAITING************

Write the data to file:8388608 bytes
***********WAITING************

Write the data to file:8388608 bytes
***********WAITING************

Write the data to file:8388608 bytes
***********WAITING************

Write the data to file:8388608 bytes
***********WAITING************

Write the data to file:8388608 bytes
***********WAITING************

Write the data to file:8388608 bytes
***********WAITING************

Write the data to file:8388608 bytes
***********WAITING************

Write the data to file:8388608 bytes
***********WAITING************

Write the data to file:8388608 bytes
***********WAITING************

Write the data to file:8388608 bytes
***********WAITING************

Write the data to file:8388608 bytes
***********WAITING************

Write the data to file:8388608 bytes
***********WAITING************

Write the data to file:8388608 bytes
***********WAITING************

Write the data to file:8388608 bytes
***********WAITING************

Write the data to file:8388608 bytes
***********WAITING************

Write the data to file:8388608 bytes
***********WAITING************

Write the data to file:8388608 bytes
***********WAITING************

Write the data to file:8388608 bytes
***********WAITING************

Write the data to file:8388608 bytes
***********WAITING************

Write the data to file:8388608 bytes
***********WAITING************

Write the data to file:8388608 bytes
***********WAITING************

Write the data to file:8388608 bytes
***********WAITING************

Write the data to file:8388608 bytes
***********WAITING************

Write the data to file:8388608 bytes
***********WAITING************

Write the data to file:8388608 bytes
***********WAITING************

Write the data to file:8388608 bytes
***********WAITING************

Write the data to file:8388608 bytes
***********WAITING************

Write the data to file:8388608 bytes
***********WAITING************

Write the data to file:8388608 bytes
***********WAITING************

Write the data to file:8388608 bytes
***********WAITING************

Write the data to file:8388608 bytes
***********WAITING************

Write the data to file:8388608 bytes
***********WAITING************

Write the data to file:8388608 bytes
***********WAITING************

Write the data to file:8388608 bytes
***********WAITING************

Write the data to file:8388608 bytes
***********WAITING************

Write the data to file:8388608 bytes
***********WAITING************

Write the data to file:8388608 bytes
***********WAITING************

Write the data to file:8388608 bytes
***********WAITING************

Write the data to file:8388608 bytes
***********WAITING************

Write the data to file:8388608 bytes
***********WAITING************

Write the data to file:8388608 bytes
***********WAITING************

Write the data to file:8388608 bytes
***********WAITING************

Write the data to file:8388608 bytes
***********WAITING************

Write the data to file:8388608 bytes
***********WAITING************

Write the data to file:8388608 bytes
***********WAITING************

Write the data to file:8388608 bytes
***********WAITING************

Write the data to file:8388608 bytes
***********WAITING************

Write the data to file:8388608 bytes
***********WAITING************

Write the data to file:8388608 bytes
***********WAITING************

Write the data to file:8388608 bytes
***********WAITING************

Write the data to file:8388608 bytes
***********WAITING************

Write the data to file:8388608 bytes
***********WAITING************

Write the data to file:8388608 bytes
***********WAITING************

Write the data to file:8388608 bytes
***********WAITING************

Write the data to file:8388608 bytes
***********WAITING************

Write the data to file:8388608 bytes
***********WAITING************

Write the data to file:8388608 bytes
***********WAITING************

Write the data to file:8388608 bytes
***********WAITING************

Write the data to file:8388608 bytes
***********WAITING************

Write the data to file:8388608 bytes
***********WAITING************

Write the data to file:8388608 bytes
***********WAITING************

Write the data to file:8388608 bytes
***********WAITING************

Write the data to file:8388608 bytes
***********WAITING************

Write the data to file:8388608 bytes
***********WAITING************

Write the data to file:8388608 bytes
***********WAITING************

Write the data to file:8388608 bytes
***********WAITING************

Write the data to file:8388608 bytes
***********WAITING************

Write the data to file:8388608 bytes
***********WAITING************

Write the data to file:8388608 bytes
***********WAITING************

Write the data to file:8388608 bytes
***********WAITING************

Write the data to file:8388608 bytes
***********WAITING************

Write the data to file:8388608 bytes
***********WAITING************

Write the data to file:8388608 bytes
***********WAITING************

Write the data to file:8388608 bytes
***********WAITING************

Write the data to file:8388608 bytes
***********WAITING************

Write the data to file:8388608 bytes
***********WAITING************

Write the data to file:8388608 bytes
***********WAITING************

Write the data to file:8388608 bytes
***********WAITING************

Write the data to file:8388608 bytes
***********WAITING************

Write the data to file:8388608 bytes
***********WAITING************

Write the data to file:8388608 bytes
***********WAITING************

Write the data to file:8388608 bytes
***********WAITING************

Write the data to file:8388608 bytes
***********WAITING************

Write the data to file:8388608 bytes
***********WAITING************

Write the data to file:8388608 bytes
***********WAITING************

Write the data to file:8388608 bytes
***********WAITING************

Write the data to file:8388608 bytes
***********WAITING************

Write the data to file:8388608 bytes
***********WAITING************

Write the data to file:8388608 bytes
***********WAITING************

Write the data to file:8388608 bytes
***********WAITING************

Write the data to file:8388608 bytes
***********WAITING************

Write the data to file:8388608 bytes
***********WAITING************

Write the data to file:8388608 bytes
***********WAITING************

Write the data to file:8388608 bytes
***********WAITING************

Write the data to file:8388608 bytes
***********WAITING************

Write the data to file:8388608 bytes
***********WAITING************

Write the data to file:8388608 bytes
***********WAITING************

Write the data to file:8388608 bytes
***********WAITING************

Write the data to file:8388608 bytes
***********WAITING************

Write the data to file:8388608 bytes
***********WAITING************

Write the data to file:8388608 bytes
***********WAITING************

Write the data to file:8388608 bytes
***********WAITING************

Write the data to file:8388608 bytes
***********WAITING************

Write the data to file:8388608 bytes
***********WAITING************

Write the data to file:8388608 bytes
***********WAITING************

Write the data to file:8388608 bytes
***********WAITING************

Write the data to file:8388608 bytes
***********WAITING************

Write the data to file:8388608 bytes
***********WAITING************

Write the data to file:8388608 bytes
***********WAITING************

Write the data to file:8388608 bytes
***********WAITING************

Write the data to file:8388608 bytes
***********WAITING************

Write the data to file:8388608 bytes
***********WAITING************

Write the data to file:8388608 bytes
***********WAITING************

Write the data to file:8388608 bytes
***********WAITING************

Write the data to file:8388608 bytes
***********WAITING************

Write the data to file:8388608 bytes
***********WAITING************

Write the data to file:8388608 bytes
***********WAITING************

Write the data to file:8388608 bytes
***********WAITING************

Write the data to file:8388608 bytes
***********WAITING************

Write the data to file:8388608 bytes
***********WAITING************

Write the data to file:8388608 bytes
***********WAITING************

Write the data to file:8388608 bytes
***********WAITING************

Write the data to file:8388608 bytes
***********WAITING************

Write the data to file:8388608 bytes
***********WAITING************

Write the data to file:8388608 bytes
***********WAITING************

Write the data to file:8388608 bytes
***********WAITING************

Write the data to file:8388608 bytes
***********WAITING************

Write the data to file:8388608 bytes
***********WAITING************

Write the data to file:8388608 bytes
***********WAITING************

Write the data to file:8388608 bytes
***********WAITING************

Write the data to file:8388608 bytes
***********WAITING************

Write the data to file:8388608 bytes
***********WAITING************

Write the data to file:8388608 bytes
***********WAITING************

Write the data to file:8388608 bytes
***********WAITING************

Write the data to file:8388608 bytes
***********WAITING************

Write the data to file:8388608 bytes
***********WAITING************

Write the data to file:8388608 bytes
***********WAITING************

Write the data to file:8388608 bytes
***********WAITING************

Write the data to file:8388608 bytes
***********WAITING************

Write the data to file:8388608 bytes
***********WAITING************

Write the data to file:8388608 bytes
***********WAITING************

Write the data to file:8388608 bytes
***********WAITING************

Write the data to file:8388608 bytes
***********WAITING************

Write the data to file:8388608 bytes
***********WAITING************

Write the data to file:8388608 bytes
***********WAITING************

Write the data to file:8388608 bytes
***********WAITING************

Write the data to file:8388608 bytes
***********WAITING************

Write the data to file:8388608 bytes
***********WAITING************

Write the data to file:8388608 bytes
***********WAITING************

Write the data to file:8388608 bytes
***********WAITING************

Write the data to file:8388608 bytes
***********WAITING************

Write the data to file:8388608 bytes
***********WAITING************

Write the data to file:8388608 bytes
***********WAITING************

Write the data to file:8388608 bytes
***********WAITING************

Write the data to file:8388608 bytes
***********WAITING************

Write the data to file:8388608 bytes
***********WAITING************

Write the data to file:8388608 bytes
***********WAITING************

Write the data to file:8388608 bytes
***********WAITING************

Write the data to file:8388608 bytes
***********WAITING************

Write the data to file:8388608 bytes
***********WAITING************

Write the data to file:8388608 bytes
***********WAITING************

Write the data to file:8388608 bytes
***********WAITING************

Write the data to file:8388608 bytes
***********WAITING************

Write the data to file:8388608 bytes
***********WAITING************

Write the data to file:8388608 bytes
***********WAITING************

Write the data to file:8388608 bytes
***********WAITING************

Write the data to file:8388608 bytes
***********WAITING************

Write the data to file:8388608 bytes
***********WAITING************

Write the data to file:8388608 bytes
***********WAITING************

Write the data to file:8388608 bytes
***********WAITING************

Write the data to file:8388608 bytes
***********WAITING************

Write the data to file:8388608 bytes
***********WAITING************

Write the data to file:8388608 bytes
***********WAITING************

Write the data to file:8388608 bytes
***********WAITING************

Write the data to file:8388608 bytes
***********WAITING************

Write the data to file:8388608 bytes
***********WAITING************

Write the data to file:8388608 bytes
***********WAITING************

Write the data to file:8388608 bytes
***********WAITING************

Write the data to file:8388608 bytes
***********WAITING************

Write the data to file:8388608 bytes
***********WAITING************

Write the data to file:8388608 bytes
***********WAITING************

Write the data to file:8388608 bytes
***********WAITING************

Write the data to file:8388608 bytes
***********WAITING************

Write the data to file:8388608 bytes
***********WAITING************

Write the data to file:8388608 bytes
***********WAITING************

Write the data to file:8388608 bytes
***********WAITING************

Write the data to file:8388608 bytes
***********WAITING************

Write the data to file:8388608 bytes
***********WAITING************

Write the data to file:8388608 bytes
***********WAITING************

Write the data to file:8388608 bytes
***********WAITING************

Write the data to file:8388608 bytes
***********WAITING************

Write the data to file:8388608 bytes
***********WAITING************

Write the data to file:8388608 bytes
***********WAITING************

Write the data to file:8388608 bytes
***********WAITING************

Write the data to file:8388608 bytes
***********WAITING************

Write the data to file:8388608 bytes
***********WAITING************

Write the data to file:8388608 bytes
***********WAITING************

Write the data to file:8388608 bytes
***********WAITING************

Write the data to file:8388608 bytes
***********WAITING************

Write the data to file:8388608 bytes
***********WAITING************

Write the data to file:8388608 bytes
***********WAITING************

Write the data to file:8388608 bytes
***********WAITING************

Write the data to file:8388608 bytes
***********WAITING************

Write the data to file:8388608 bytes
***********WAITING************

Write the data to file:8388608 bytes
***********WAITING************

Write the data to file:8388608 bytes
***********WAITING************

Write the data to file:8388608 bytes
***********WAITING************

Write the data to file:8388608 bytes
***********WAITING************

Write the data to file:8388608 bytes
***********WAITING************

Write the data to file:8388608 bytes
***********WAITING************

Write the data to file:8388608 bytes
***********WAITING************

Write the data to file:8388608 bytes
***********WAITING************

Write the data to file:8388608 bytes
***********WAITING************

Write the data to file:8388608 bytes
***********WAITING************

Write the data to file:8388608 bytes
***********WAITING************

Write the data to file:8388608 bytes
***********WAITING************

Write the data to file:8388608 bytes
***********WAITING************

Write the data to file:8388608 bytes
***********WAITING************

Write the data to file:8388608 bytes
***********WAITING************

Write the data to file:8388608 bytes
***********WAITING************

Write the data to file:8388608 bytes
***********WAITING************

Write the data to file:8388608 bytes
***********WAITING************

Write the data to file:8388608 bytes
***********WAITING************

Write the data to file:8388608 bytes
***********WAITING************

Write the data to file:8388608 bytes
***********WAITING************

Write the data to file:8388608 bytes
***********WAITING************

Write the data to file:8388608 bytes
***********WAITING************

Write the data to file:8388608 bytes
***********WAITING************

Write the data to file:8388608 bytes
***********WAITING************

Write the data to file:8388608 bytes
***********WAITING************

Write the data to file:8388608 bytes
***********WAITING************

Write the data to file:8388608 bytes
***********WAITING************

Write the data to file:8388608 bytes
***********WAITING************

Write the data to file:8388608 bytes
***********WAITING************

Write the data to file:8388608 bytes
***********WAITING************

Write the data to file:8388608 bytes
***********WAITING************

Write the data to file:8388608 bytes
***********WAITING************

Write the data to file:8388608 bytes
***********WAITING************

Write the data to file:8388608 bytes
***********WAITING************

Write the data to file:8388608 bytes
***********WAITING************

Write the data to file:8388608 bytes
***********WAITING************

Write the data to file:8388608 bytes
***********WAITING************

Write the data to file:8388608 bytes
***********WAITING************

Write the data to file:8388608 bytes
***********WAITING************

Write the data to file:8388608 bytes
***********WAITING************

Write the data to file:8388608 bytes
***********WAITING************

Write the data to file:8388608 bytes
***********WAITING************

Write the data to file:8388608 bytes
***********WAITING************

Write the data to file:8388608 bytes
***********WAITING************

Write the data to file:8388608 bytes
***********WAITING************

Write the data to file:8388608 bytes
***********WAITING************

Write the data to file:8388608 bytes
***********WAITING************

Write the data to file:8388608 bytes
***********WAITING************

Write the data to file:8388608 bytes
***********WAITING************

Write the data to file:8388608 bytes
***********WAITING************

Write the data to file:8388608 bytes
***********WAITING************

Write the data to file:8388608 bytes
***********WAITING************

Write the data to file:8388608 bytes
***********WAITING************

Write the data to file:8388608 bytes
***********WAITING************

Write the data to file:8388608 bytes
***********WAITING************

Write the data to file:8388608 bytes
***********WAITING************

Write the data to file:8388608 bytes
***********WAITING************

Write the data to file:8388608 bytes
***********WAITING************

Write the data to file:8388608 bytes
***********WAITING************

Write the data to file:8388608 bytes
***********WAITING************

Write the data to file:8388608 bytes
***********WAITING************

Write the data to file:8388608 bytes
***********WAITING************

Write the data to file:8388608 bytes
***********WAITING************

Write the data to file:8388608 bytes
***********WAITING************

Write the data to file:8388608 bytes
***********WAITING************

Write the data to file:8388608 bytes
***********WAITING************

Write the data to file:8388608 bytes
***********WAITING************

Write the data to file:8388608 bytes
***********WAITING************

Write the data to file:8388608 bytes
***********WAITING************

Write the data to file:8388608 bytes
***********WAITING************

Write the data to file:8388608 bytes
***********WAITING************

Write the data to file:8388608 bytes
***********WAITING************

Write the data to file:8388608 bytes
***********WAITING************

Write the data to file:8388608 bytes
***********WAITING************

Write the data to file:8388608 bytes
***********WAITING************

Write the data to file:8388608 bytes
***********WAITING************

Write the data to file:8388608 bytes
***********WAITING************

Write the data to file:8388608 bytes
***********WAITING************

Write the data to file:8388608 bytes
***********WAITING************

Write the data to file:8388608 bytes
***********WAITING************

Write the data to file:8388608 bytes
***********WAITING************

Write the data to file:8388608 bytes
***********WAITING************

Write the data to file:8388608 bytes
***********WAITING************

Write the data to file:8388608 bytes
***********WAITING************

Write the data to file:8388608 bytes
***********WAITING************

Write the data to file:8388608 bytes
***********WAITING************

Write the data to file:8388608 bytes
***********WAITING************

Write the data to file:8388608 bytes
***********WAITING************

Write the data to file:8388608 bytes
***********WAITING************

Write the data to file:8388608 bytes
***********WAITING************

Write the data to file:8388608 bytes
***********WAITING************

Write the data to file:8388608 bytes
***********WAITING************

Write the data to file:8388608 bytes
***********WAITING************

Write the data to file:8388608 bytes
***********WAITING************

Write the data to file:8388608 bytes
***********WAITING************

Write the data to file:8388608 bytes
***********WAITING************

Write the data to file:8388608 bytes
***********WAITING************

Write the data to file:8388608 bytes
***********WAITING************

Write the data to file:8388608 bytes
***********WAITING************

Write the data to file:8388608 bytes
***********WAITING************

Write the data to file:8388608 bytes
***********WAITING************

Write the data to file:8388608 bytes
***********WAITING************

Write the data to file:8388608 bytes
***********WAITING************

Write the data to file:8388608 bytes
***********WAITING************

Write the data to file:8388608 bytes
***********WAITING************

Write the data to file:8388608 bytes
***********WAITING************

Write the data to file:8388608 bytes
***********WAITING************

Write the data to file:8388608 bytes
***********WAITING************

Write the data to file:8388608 bytes
***********WAITING************

Write the data to file:8388608 bytes
***********WAITING************

Write the data to file:8388608 bytes
***********WAITING************

Write the data to file:8388608 bytes
***********WAITING************

Write the data to file:8388608 bytes
***********WAITING************

Write the data to file:8388608 bytes
***********WAITING************

Write the data to file:8388608 bytes
***********WAITING************

Write the data to file:8388608 bytes
***********WAITING************

Write the data to file:8388608 bytes
***********WAITING************

Write the data to file:8388608 bytes
***********WAITING************

Write the data to file:8388608 bytes
***********WAITING************

Write the data to file:8388608 bytes
***********WAITING************

Write the data to file:8388608 bytes
***********WAITING************

Write the data to file:8388608 bytes
***********WAITING************

Write the data to file:8388608 bytes
***********WAITING************

Write the data to file:8388608 bytes
***********WAITING************

Write the data to file:8388608 bytes
***********WAITING************

Write the data to file:8388608 bytes
***********WAITING************

Write the data to file:8388608 bytes
***********WAITING************

Write the data to file:8388608 bytes
***********WAITING************

Write the data to file:8388608 bytes
***********WAITING************

Write the data to file:8388608 bytes
***********WAITING************

Write the data to file:8388608 bytes
***********WAITING************

Write the data to file:8388608 bytes
***********WAITING************

Write the data to file:8388608 bytes
***********WAITING************

Write the data to file:8388608 bytes
***********WAITING************

Write the data to file:8388608 bytes
***********WAITING************

Write the data to file:8388608 bytes
***********WAITING************

Write the data to file:8388608 bytes
***********WAITING************

Write the data to file:8388608 bytes
***********WAITING************

Write the data to file:8388608 bytes
***********WAITING************
S_cc         0.21   [      0.21:      0.21]
S_bw         0.07   [      0.07:      0.07]
S_w          7.62   [      7.62:      7.62]
          -------
S_total      7.91   [      7.91:      7.91]

build_S done
calc_W
build_S done
calc_W
nr_of_strided_rec: 256
nr_doubles: 512
build_S done
calc_W
nr_of_strided_rec: 256
nr_doubles: 512
build_S done
calc_W
nr_of_strided_rec: 256
nr_doubles: 512
build_S done
calc_W
nr_of_strided_rec: 256
nr_doubles: 512
build_S done
calc_W
nr_of_strided_rec: 256
nr_doubles: 512
build_S done
calc_W
nr_of_strided_rec: 256
nr_doubles: 512
build_S done
calc_W
nr_of_strided_rec: 256
nr_doubles: 512
build_S done
calc_W
nr_of_strided_rec: 256
nr_doubles: 512
build_S done
calc_W
nr_of_strided_rec: 256
nr_doubles: 512
build_S done
calc_W
nr_of_strided_rec: 256
nr_doubles: 512
build_S done
calc_W
nr_of_strided_rec: 256
nr_doubles: 512
build_S done
calc_W
nr_of_strided_rec: 256
nr_doubles: 512
build_S done
calc_W
nr_of_strided_rec: 256
nr_doubles: 512
build_S done
calc_W
nr_of_strided_rec: 256
nr_doubles: 512
build_S done
calc_W
nr_of_strided_rec: 256
nr_doubles: 512
nr_of_strided_rec: 256
nr_doubles: 512
nr_of_strided_rec: 256
nr_doubles: 512
nr_of_strided_rec: 256
nr_doubles: 512
nr_of_strided_rec: 256
nr_doubles: 512
nr_of_strided_rec: 256
nr_doubles: 512
nr_of_strided_rec: 256
nr_doubles: 512
nr_of_strided_rec: 256
nr_doubles: 512
nr_of_strided_rec: 256
nr_doubles: 512
nr_of_strided_rec: 256
nr_doubles: 512
nr_of_strided_rec: 256
nr_doubles: 512
nr_of_strided_rec: 256
nr_doubles: 512
nr_of_strided_rec: 256
nr_doubles: 512
nr_of_strided_rec: 256
nr_doubles: 512
nr_of_strided_rec: 256
nr_doubles: 512
nr_of_strided_rec: 256
nr_doubles: 512
nr_of_strided_rec: 256
nr_doubles: 512
nr_of_strided_rec: 256
nr_doubles: 512

Write the data to file:8388608 bytes
***********WAITING************

Write the data to file:8388608 bytes
***********WAITING************

Write the data to file:8388608 bytes
***********WAITING************

Write the data to file:8388608 bytes
***********WAITING************

Write the data to file:8388608 bytes
***********WAITING************

Write the data to file:8388608 bytes
***********WAITING************

Write the data to file:8388608 bytes
***********WAITING************

Write the data to file:8388608 bytes
***********WAITING************

Write the data to file:8388608 bytes
***********WAITING************

Write the data to file:8388608 bytes
***********WAITING************

Write the data to file:8388608 bytes
***********WAITING************

Write the data to file:8388608 bytes
***********WAITING************

Write the data to file:8388608 bytes
***********WAITING************

Write the data to file:8388608 bytes
***********WAITING************

Write the data to file:8388608 bytes
***********WAITING************

Write the data to file:8388608 bytes
***********WAITING************
nr_of_strided_rec: 256
nr_doubles: 512
nr_of_strided_rec: 256
nr_doubles: 512
nr_of_strided_rec: 256
nr_doubles: 512
nr_of_strided_rec: 256
nr_doubles: 512
nr_of_strided_rec: 256
nr_doubles: 512
nr_of_strided_rec: 256
nr_doubles: 512
nr_of_strided_rec: 256
nr_doubles: 512
nr_of_strided_rec: 256
nr_doubles: 512
nr_of_strided_rec: 256
nr_doubles: 512
nr_of_strided_rec: 256
nr_doubles: 512
nr_of_strided_rec: 256
nr_doubles: 512
nr_of_strided_rec: 256
nr_doubles: 512
nr_of_strided_rec: 256
nr_doubles: 512
nr_of_strided_rec: 256
nr_doubles: 512
nr_of_strided_rec: 256
nr_doubles: 512
nr_of_strided_rec: 256
nr_doubles: 512

Write the data to file:8388608 bytes
***********WAITING************

Write the data to file:8388608 bytes
***********WAITING************

Write the data to file:8388608 bytes
***********WAITING************

Write the data to file:8388608 bytes
***********WAITING************

Write the data to file:8388608 bytes
***********WAITING************

Write the data to file:8388608 bytes
***********WAITING************

Write the data to file:8388608 bytes
***********WAITING************

Write the data to file:8388608 bytes
***********WAITING************

Write the data to file:8388608 bytes
***********WAITING************

Write the data to file:8388608 bytes
***********WAITING************

Write the data to file:8388608 bytes
***********WAITING************

Write the data to file:8388608 bytes
***********WAITING************

Write the data to file:8388608 bytes
***********WAITING************

Write the data to file:8388608 bytes
***********WAITING************

Write the data to file:8388608 bytes
***********WAITING************

Write the data to file:8388608 bytes
***********WAITING************
nr_of_strided_rec: 256
nr_doubles: 512
nr_of_strided_rec: 256
nr_doubles: 512
nr_of_strided_rec: 256
nr_doubles: 512
nr_of_strided_rec: 256
nr_doubles: 512
nr_of_strided_rec: 256
nr_doubles: 512
nr_of_strided_rec: 256
nr_doubles: 512
nr_of_strided_rec: 256
nr_doubles: 512
nr_of_strided_rec: 256
nr_doubles: 512
nr_of_strided_rec: 256
nr_doubles: 512
nr_of_strided_rec: 256
nr_doubles: 512
nr_of_strided_rec: 256
nr_doubles: 512
nr_of_strided_rec: 256
nr_doubles: 512
nr_of_strided_rec: 256
nr_doubles: 512
nr_of_strided_rec: 256
nr_doubles: 512
nr_of_strided_rec: 256
nr_doubles: 512
nr_of_strided_rec: 256
nr_doubles: 512

Write the data to file:8388608 bytes
***********WAITING************

Write the data to file:8388608 bytes
***********WAITING************

Write the data to file:8388608 bytes
***********WAITING************

Write the data to file:8388608 bytes
***********WAITING************

Write the data to file:8388608 bytes
***********WAITING************

Write the data to file:8388608 bytes
***********WAITING************

Write the data to file:8388608 bytes
***********WAITING************

Write the data to file:8388608 bytes
***********WAITING************

Write the data to file:8388608 bytes
***********WAITING************

Write the data to file:8388608 bytes
***********WAITING************

Write the data to file:8388608 bytes
***********WAITING************

Write the data to file:8388608 bytes
***********WAITING************

Write the data to file:8388608 bytes
***********WAITING************

Write the data to file:8388608 bytes
***********WAITING************

Write the data to file:8388608 bytes
***********WAITING************

Write the data to file:8388608 bytes
***********WAITING************
nr_of_strided_rec: 256
nr_doubles: 512
nr_of_strided_rec: 256
nr_doubles: 512
nr_of_strided_rec: 256
nr_doubles: 512
nr_of_strided_rec: 256
nr_doubles: 512
nr_of_strided_rec: 256
nr_doubles: 512
nr_of_strided_rec: 256
nr_doubles: 512
nr_of_strided_rec: 256
nr_doubles: 512
nr_of_strided_rec: 256
nr_doubles: 512
nr_of_strided_rec: 256
nr_doubles: 512
nr_of_strided_rec: 256
nr_doubles: 512
nr_of_strided_rec: 256
nr_doubles: 512
nr_of_strided_rec: 256
nr_doubles: 512
nr_of_strided_rec: 256
nr_doubles: 512
nr_of_strided_rec: 256
nr_doubles: 512
nr_of_strided_rec: 256
nr_doubles: 512
nr_of_strided_rec: 256
nr_doubles: 512

Write the data to file:8388608 bytes
***********WAITING************

Write the data to file:8388608 bytes
***********WAITING************

Write the data to file:8388608 bytes
***********WAITING************

Write the data to file:8388608 bytes
***********WAITING************

Write the data to file:8388608 bytes
***********WAITING************

Write the data to file:8388608 bytes
***********WAITING************

Write the data to file:8388608 bytes
***********WAITING************

Write the data to file:8388608 bytes
***********WAITING************

Write the data to file:8388608 bytes
***********WAITING************

Write the data to file:8388608 bytes
***********WAITING************

Write the data to file:8388608 bytes
***********WAITING************

Write the data to file:8388608 bytes
***********WAITING************

Write the data to file:8388608 bytes
***********WAITING************

Write the data to file:8388608 bytes
***********WAITING************

Write the data to file:8388608 bytes
***********WAITING************

Write the data to file:8388608 bytes
***********WAITING************
nr_of_strided_rec: 256
nr_doubles: 512
nr_of_strided_rec: 256
nr_doubles: 512
nr_of_strided_rec: 256
nr_doubles: 512
nr_of_strided_rec: 256
nr_doubles: 512
nr_of_strided_rec: 256
nr_doubles: 512
nr_of_strided_rec: 256
nr_doubles: 512
nr_of_strided_rec: 256
nr_doubles: 512
nr_of_strided_rec: 256
nr_doubles: 512
nr_of_strided_rec: 256
nr_doubles: 512
nr_of_strided_rec: 256
nr_doubles: 512
nr_of_strided_rec: 256
nr_doubles: 512
nr_of_strided_rec: 256
nr_doubles: 512
nr_of_strided_rec: 256
nr_doubles: 512
nr_of_strided_rec: 256
nr_doubles: 512
nr_of_strided_rec: 256
nr_doubles: 512
nr_of_strided_rec: 256
nr_doubles: 512

Write the data to file:8388608 bytes
***********WAITING************

Write the data to file:8388608 bytes
***********WAITING************

Write the data to file:8388608 bytes
***********WAITING************

Write the data to file:8388608 bytes
***********WAITING************

Write the data to file:8388608 bytes
***********WAITING************

Write the data to file:8388608 bytes
***********WAITING************

Write the data to file:8388608 bytes
***********WAITING************

Write the data to file:8388608 bytes
***********WAITING************

Write the data to file:8388608 bytes
***********WAITING************

Write the data to file:8388608 bytes
***********WAITING************

Write the data to file:8388608 bytes
***********WAITING************

Write the data to file:8388608 bytes
***********WAITING************

Write the data to file:8388608 bytes
***********WAITING************

Write the data to file:8388608 bytes
***********WAITING************

Write the data to file:8388608 bytes
***********WAITING************

Write the data to file:8388608 bytes
***********WAITING************
nr_of_strided_rec: 256
nr_doubles: 512
nr_of_strided_rec: 256
nr_doubles: 512
nr_of_strided_rec: 256
nr_doubles: 512
nr_of_strided_rec: 256
nr_doubles: 512
nr_of_strided_rec: 256
nr_doubles: 512
nr_of_strided_rec: 256
nr_doubles: 512
nr_of_strided_rec: 256
nr_doubles: 512
nr_of_strided_rec: 256
nr_doubles: 512
nr_of_strided_rec: 256
nr_doubles: 512
nr_of_strided_rec: 256
nr_doubles: 512
nr_of_strided_rec: 256
nr_doubles: 512
nr_of_strided_rec: 256
nr_doubles: 512
nr_of_strided_rec: 256
nr_doubles: 512
nr_of_strided_rec: 256
nr_doubles: 512
nr_of_strided_rec: 256
nr_doubles: 512
nr_of_strided_rec: 256
nr_doubles: 512

Write the data to file:8388608 bytes
***********WAITING************

Write the data to file:8388608 bytes
***********WAITING************

Write the data to file:8388608 bytes
***********WAITING************

Write the data to file:8388608 bytes
***********WAITING************

Write the data to file:8388608 bytes
***********WAITING************

Write the data to file:8388608 bytes
***********WAITING************

Write the data to file:8388608 bytes
***********WAITING************

Write the data to file:8388608 bytes
***********WAITING************

Write the data to file:8388608 bytes
***********WAITING************

Write the data to file:8388608 bytes
***********WAITING************

Write the data to file:8388608 bytes
***********WAITING************

Write the data to file:8388608 bytes
***********WAITING************

Write the data to file:8388608 bytes
***********WAITING************

Write the data to file:8388608 bytes
***********WAITING************

Write the data to file:8388608 bytes
***********WAITING************

Write the data to file:8388608 bytes
***********WAITING************
nr_of_strided_rec: 256
nr_doubles: 512
nr_of_strided_rec: 256
nr_doubles: 512
nr_of_strided_rec: 256
nr_doubles: 512
nr_of_strided_rec: 256
nr_doubles: 512
nr_of_strided_rec: 256
nr_doubles: 512
nr_of_strided_rec: 256
nr_doubles: 512
nr_of_strided_rec: 256
nr_doubles: 512
nr_of_strided_rec: 256
nr_doubles: 512
nr_of_strided_rec: 256
nr_doubles: 512
nr_of_strided_rec: 256
nr_doubles: 512
nr_of_strided_rec: 256
nr_doubles: 512
nr_of_strided_rec: 256
nr_doubles: 512
nr_of_strided_rec: 256
nr_doubles: 512
nr_of_strided_rec: 256
nr_doubles: 512
nr_of_strided_rec: 256
nr_doubles: 512
nr_of_strided_rec: 256
nr_doubles: 512

Write the data to file:8388608 bytes
***********WAITING************

Write the data to file:8388608 bytes
***********WAITING************

Write the data to file:8388608 bytes
***********WAITING************

Write the data to file:8388608 bytes
***********WAITING************

Write the data to file:8388608 bytes
***********WAITING************

Write the data to file:8388608 bytes
***********WAITING************

Write the data to file:8388608 bytes
***********WAITING************

Write the data to file:8388608 bytes
***********WAITING************

Write the data to file:8388608 bytes
***********WAITING************

Write the data to file:8388608 bytes
***********WAITING************

Write the data to file:8388608 bytes
***********WAITING************

Write the data to file:8388608 bytes
***********WAITING************

Write the data to file:8388608 bytes
***********WAITING************

Write the data to file:8388608 bytes
***********WAITING************

Write the data to file:8388608 bytes
***********WAITING************

Write the data to file:8388608 bytes
***********WAITING************
nr_of_strided_rec: 256
nr_doubles: 512
nr_of_strided_rec: 256
nr_doubles: 512
nr_of_strided_rec: 256
nr_doubles: 512
nr_of_strided_rec: 256
nr_doubles: 512
nr_of_strided_rec: 256
nr_doubles: 512
nr_of_strided_rec: 256
nr_doubles: 512
nr_of_strided_rec: 256
nr_doubles: 512
nr_of_strided_rec: 256
nr_doubles: 512
nr_of_strided_rec: 256
nr_doubles: 512
nr_of_strided_rec: 256
nr_doubles: 512
nr_of_strided_rec: 256
nr_doubles: 512
nr_of_strided_rec: 256
nr_doubles: 512
nr_of_strided_rec: 256
nr_doubles: 512
nr_of_strided_rec: 256
nr_doubles: 512
nr_of_strided_rec: 256
nr_doubles: 512
nr_of_strided_rec: 256
nr_doubles: 512

Write the data to file:8388608 bytes
***********WAITING************

Write the data to file:8388608 bytes
***********WAITING************

Write the data to file:8388608 bytes
***********WAITING************

Write the data to file:8388608 bytes
***********WAITING************

Write the data to file:8388608 bytes
***********WAITING************

Write the data to file:8388608 bytes
***********WAITING************

Write the data to file:8388608 bytes
***********WAITING************

Write the data to file:8388608 bytes
***********WAITING************

Write the data to file:8388608 bytes
***********WAITING************

Write the data to file:8388608 bytes
***********WAITING************

Write the data to file:8388608 bytes
***********WAITING************

Write the data to file:8388608 bytes
***********WAITING************

Write the data to file:8388608 bytes
***********WAITING************

Write the data to file:8388608 bytes
***********WAITING************

Write the data to file:8388608 bytes
***********WAITING************

Write the data to file:8388608 bytes
***********WAITING************
nr_of_strided_rec: 256
nr_doubles: 512
nr_of_strided_rec: 256
nr_doubles: 512
nr_of_strided_rec: 256
nr_doubles: 512
nr_of_strided_rec: 256
nr_doubles: 512
nr_of_strided_rec: 256
nr_doubles: 512
nr_of_strided_rec: 256
nr_doubles: 512
nr_of_strided_rec: 256
nr_doubles: 512
nr_of_strided_rec: 256
nr_doubles: 512
nr_of_strided_rec: 256
nr_doubles: 512
nr_of_strided_rec: 256
nr_doubles: 512
nr_of_strided_rec: 256
nr_doubles: 512
nr_of_strided_rec: 256
nr_doubles: 512
nr_of_strided_rec: 256
nr_doubles: 512
nr_of_strided_rec: 256
nr_doubles: 512
nr_of_strided_rec: 256
nr_doubles: 512
nr_of_strided_rec: 256
nr_doubles: 512

Write the data to file:8388608 bytes
***********WAITING************

Write the data to file:8388608 bytes
***********WAITING************

Write the data to file:8388608 bytes
***********WAITING************

Write the data to file:8388608 bytes
***********WAITING************

Write the data to file:8388608 bytes
***********WAITING************

Write the data to file:8388608 bytes
***********WAITING************

Write the data to file:8388608 bytes
***********WAITING************

Write the data to file:8388608 bytes
***********WAITING************

Write the data to file:8388608 bytes
***********WAITING************

Write the data to file:8388608 bytes
***********WAITING************

Write the data to file:8388608 bytes
***********WAITING************

Write the data to file:8388608 bytes
***********WAITING************

Write the data to file:8388608 bytes
***********WAITING************

Write the data to file:8388608 bytes
***********WAITING************

Write the data to file:8388608 bytes
***********WAITING************

Write the data to file:8388608 bytes
***********WAITING************
nr_of_strided_rec: 256
nr_doubles: 512
nr_of_strided_rec: 256
nr_doubles: 512
nr_of_strided_rec: 256
nr_doubles: 512
nr_of_strided_rec: 256
nr_doubles: 512
nr_of_strided_rec: 256
nr_doubles: 512
nr_of_strided_rec: 256
nr_doubles: 512
nr_of_strided_rec: 256
nr_doubles: 512
nr_of_strided_rec: 256
nr_doubles: 512
nr_of_strided_rec: 256
nr_doubles: 512
nr_of_strided_rec: 256
nr_doubles: 512
nr_of_strided_rec: 256
nr_doubles: 512
nr_of_strided_rec: 256
nr_doubles: 512
nr_of_strided_rec: 256
nr_doubles: 512
nr_of_strided_rec: 256
nr_doubles: 512
nr_of_strided_rec: 256
nr_doubles: 512
nr_of_strided_rec: 256
nr_doubles: 512

Write the data to file:8388608 bytes
***********WAITING************

Write the data to file:8388608 bytes
***********WAITING************

Write the data to file:8388608 bytes
***********WAITING************

Write the data to file:8388608 bytes
***********WAITING************

Write the data to file:8388608 bytes
***********WAITING************

Write the data to file:8388608 bytes
***********WAITING************

Write the data to file:8388608 bytes
***********WAITING************

Write the data to file:8388608 bytes
***********WAITING************

Write the data to file:8388608 bytes
***********WAITING************

Write the data to file:8388608 bytes
***********WAITING************

Write the data to file:8388608 bytes
***********WAITING************

Write the data to file:8388608 bytes
***********WAITING************

Write the data to file:8388608 bytes
***********WAITING************

Write the data to file:8388608 bytes
***********WAITING************

Write the data to file:8388608 bytes
***********WAITING************

Write the data to file:8388608 bytes
***********WAITING************
nr_of_strided_rec: 256
nr_doubles: 512
nr_of_strided_rec: 256
nr_doubles: 512
nr_of_strided_rec: 256
nr_doubles: 512
nr_of_strided_rec: 256
nr_doubles: 512
nr_of_strided_rec: 256
nr_doubles: 512
nr_of_strided_rec: 256
nr_doubles: 512
nr_of_strided_rec: 256
nr_doubles: 512
nr_of_strided_rec: 256
nr_doubles: 512
nr_of_strided_rec: 256
nr_doubles: 512
nr_of_strided_rec: 256
nr_doubles: 512
nr_of_strided_rec: 256
nr_doubles: 512
nr_of_strided_rec: 256
nr_doubles: 512
nr_of_strided_rec: 256
nr_doubles: 512
nr_of_strided_rec: 256
nr_doubles: 512
nr_of_strided_rec: 256
nr_doubles: 512
nr_of_strided_rec: 256
nr_doubles: 512

Write the data to file:8388608 bytes
***********WAITING************

Write the data to file:8388608 bytes
***********WAITING************

Write the data to file:8388608 bytes
***********WAITING************

Write the data to file:8388608 bytes
***********WAITING************

Write the data to file:8388608 bytes
***********WAITING************

Write the data to file:8388608 bytes
***********WAITING************

Write the data to file:8388608 bytes
***********WAITING************

Write the data to file:8388608 bytes
***********WAITING************

Write the data to file:8388608 bytes
***********WAITING************

Write the data to file:8388608 bytes
***********WAITING************

Write the data to file:8388608 bytes
***********WAITING************

Write the data to file:8388608 bytes
***********WAITING************

Write the data to file:8388608 bytes
***********WAITING************

Write the data to file:8388608 bytes
***********WAITING************

Write the data to file:8388608 bytes
***********WAITING************

Write the data to file:8388608 bytes
***********WAITING************
nr_of_strided_rec: 256
nr_doubles: 512
nr_of_strided_rec: 256
nr_doubles: 512
nr_of_strided_rec: 256
nr_doubles: 512
nr_of_strided_rec: 256
nr_doubles: 512
nr_of_strided_rec: 256
nr_doubles: 512
nr_of_strided_rec: 256
nr_doubles: 512
nr_of_strided_rec: 256
nr_doubles: 512
nr_of_strided_rec: 256
nr_doubles: 512
nr_of_strided_rec: 256
nr_doubles: 512
nr_of_strided_rec: 256
nr_doubles: 512
nr_of_strided_rec: 256
nr_doubles: 512
nr_of_strided_rec: 256
nr_doubles: 512
nr_of_strided_rec: 256
nr_doubles: 512
nr_of_strided_rec: 256
nr_doubles: 512
nr_of_strided_rec: 256
nr_doubles: 512
nr_of_strided_rec: 256
nr_doubles: 512

Write the data to file:8388608 bytes
***********WAITING************

Write the data to file:8388608 bytes
***********WAITING************

Write the data to file:8388608 bytes
***********WAITING************

Write the data to file:8388608 bytes
***********WAITING************

Write the data to file:8388608 bytes
***********WAITING************

Write the data to file:8388608 bytes
***********WAITING************

Write the data to file:8388608 bytes
***********WAITING************

Write the data to file:8388608 bytes
***********WAITING************

Write the data to file:8388608 bytes
***********WAITING************

Write the data to file:8388608 bytes
***********WAITING************

Write the data to file:8388608 bytes
***********WAITING************

Write the data to file:8388608 bytes
***********WAITING************

Write the data to file:8388608 bytes
***********WAITING************

Write the data to file:8388608 bytes
***********WAITING************

Write the data to file:8388608 bytes
***********WAITING************

Write the data to file:8388608 bytes
***********WAITING************
nr_of_strided_rec: 256
nr_doubles: 512
nr_of_strided_rec: 256
nr_doubles: 512
nr_of_strided_rec: 256
nr_doubles: 512
nr_of_strided_rec: 256
nr_doubles: 512
nr_of_strided_rec: 256
nr_doubles: 512
nr_of_strided_rec: 256
nr_doubles: 512
nr_of_strided_rec: 256
nr_doubles: 512
nr_of_strided_rec: 256
nr_doubles: 512
nr_of_strided_rec: 256
nr_doubles: 512
nr_of_strided_rec: 256
nr_doubles: 512
nr_of_strided_rec: 256
nr_doubles: 512
nr_of_strided_rec: 256
nr_doubles: 512
nr_of_strided_rec: 256
nr_doubles: 512
nr_of_strided_rec: 256
nr_doubles: 512
nr_of_strided_rec: 256
nr_doubles: 512
nr_of_strided_rec: 256
nr_doubles: 512

Write the data to file:8388608 bytes
***********WAITING************

Write the data to file:8388608 bytes
***********WAITING************

Write the data to file:8388608 bytes
***********WAITING************

Write the data to file:8388608 bytes
***********WAITING************

Write the data to file:8388608 bytes
***********WAITING************

Write the data to file:8388608 bytes
***********WAITING************

Write the data to file:8388608 bytes
***********WAITING************

Write the data to file:8388608 bytes
***********WAITING************

Write the data to file:8388608 bytes
***********WAITING************

Write the data to file:8388608 bytes
***********WAITING************

Write the data to file:8388608 bytes
***********WAITING************

Write the data to file:8388608 bytes
***********WAITING************

Write the data to file:8388608 bytes
***********WAITING************

Write the data to file:8388608 bytes
***********WAITING************

Write the data to file:8388608 bytes
***********WAITING************

Write the data to file:8388608 bytes
***********WAITING************
nr_of_strided_rec: 256
nr_doubles: 512
nr_of_strided_rec: 256
nr_doubles: 512
nr_of_strided_rec: 256
nr_doubles: 512
nr_of_strided_rec: 256
nr_doubles: 512
nr_of_strided_rec: 256
nr_doubles: 512
nr_of_strided_rec: 256
nr_doubles: 512
nr_of_strided_rec: 256
nr_doubles: 512
nr_of_strided_rec: 256
nr_doubles: 512
nr_of_strided_rec: 256
nr_doubles: 512
nr_of_strided_rec: 256
nr_doubles: 512
nr_of_strided_rec: 256
nr_doubles: 512
nr_of_strided_rec: 256
nr_doubles: 512
nr_of_strided_rec: 256
nr_doubles: 512
nr_of_strided_rec: 256
nr_doubles: 512
nr_of_strided_rec: 256
nr_doubles: 512
nr_of_strided_rec: 256
nr_doubles: 512

Write the data to file:8388608 bytes
***********WAITING************

Write the data to file:8388608 bytes
***********WAITING************

Write the data to file:8388608 bytes
***********WAITING************

Write the data to file:8388608 bytes
***********WAITING************

Write the data to file:8388608 bytes
***********WAITING************

Write the data to file:8388608 bytes
***********WAITING************

Write the data to file:8388608 bytes
***********WAITING************

Write the data to file:8388608 bytes
***********WAITING************

Write the data to file:8388608 bytes
***********WAITING************

Write the data to file:8388608 bytes
***********WAITING************

Write the data to file:8388608 bytes
***********WAITING************

Write the data to file:8388608 bytes
***********WAITING************

Write the data to file:8388608 bytes
***********WAITING************

Write the data to file:8388608 bytes
***********WAITING************

Write the data to file:8388608 bytes
***********WAITING************

Write the data to file:8388608 bytes
***********WAITING************
nr_of_strided_rec: 256
nr_doubles: 512
nr_of_strided_rec: 256
nr_doubles: 512
nr_of_strided_rec: 256
nr_doubles: 512
nr_of_strided_rec: 256
nr_doubles: 512
nr_of_strided_rec: 256
nr_doubles: 512
nr_of_strided_rec: 256
nr_doubles: 512
nr_of_strided_rec: 256
nr_doubles: 512
nr_of_strided_rec: 256
nr_doubles: 512
nr_of_strided_rec: 256
nr_doubles: 512
nr_of_strided_rec: 256
nr_doubles: 512
nr_of_strided_rec: 256
nr_doubles: 512
nr_of_strided_rec: 256
nr_doubles: 512
nr_of_strided_rec: 256
nr_doubles: 512
nr_of_strided_rec: 256
nr_doubles: 512
nr_of_strided_rec: 256
nr_doubles: 512
nr_of_strided_rec: 256
nr_doubles: 512

Write the data to file:8388608 bytes
***********WAITING************

Write the data to file:8388608 bytes
***********WAITING************

Write the data to file:8388608 bytes
***********WAITING************

Write the data to file:8388608 bytes
***********WAITING************

Write the data to file:8388608 bytes
***********WAITING************

Write the data to file:8388608 bytes
***********WAITING************

Write the data to file:8388608 bytes
***********WAITING************

Write the data to file:8388608 bytes
***********WAITING************

Write the data to file:8388608 bytes
***********WAITING************

Write the data to file:8388608 bytes
***********WAITING************

Write the data to file:8388608 bytes
***********WAITING************

Write the data to file:8388608 bytes
***********WAITING************

Write the data to file:8388608 bytes
***********WAITING************

Write the data to file:8388608 bytes
***********WAITING************

Write the data to file:8388608 bytes
***********WAITING************

Write the data to file:8388608 bytes
***********WAITING************
nr_of_strided_rec: 256
nr_doubles: 512
nr_of_strided_rec: 256
nr_doubles: 512
nr_of_strided_rec: 256
nr_doubles: 512
nr_of_strided_rec: 256
nr_doubles: 512
nr_of_strided_rec: 256
nr_doubles: 512
nr_of_strided_rec: 256
nr_doubles: 512
nr_of_strided_rec: 256
nr_doubles: 512
nr_of_strided_rec: 256
nr_doubles: 512
nr_of_strided_rec: 256
nr_doubles: 512
nr_of_strided_rec: 256
nr_doubles: 512
nr_of_strided_rec: 256
nr_doubles: 512
nr_of_strided_rec: 256
nr_doubles: 512
nr_of_strided_rec: 256
nr_doubles: 512
nr_of_strided_rec: 256
nr_doubles: 512
nr_of_strided_rec: 256
nr_doubles: 512
nr_of_strided_rec: 256
nr_doubles: 512

Write the data to file:8388608 bytes
***********WAITING************

Write the data to file:8388608 bytes
***********WAITING************

Write the data to file:8388608 bytes
***********WAITING************

Write the data to file:8388608 bytes
***********WAITING************

Write the data to file:8388608 bytes
***********WAITING************

Write the data to file:8388608 bytes
***********WAITING************

Write the data to file:8388608 bytes
***********WAITING************

Write the data to file:8388608 bytes
***********WAITING************

Write the data to file:8388608 bytes
***********WAITING************

Write the data to file:8388608 bytes
***********WAITING************

Write the data to file:8388608 bytes
***********WAITING************

Write the data to file:8388608 bytes
***********WAITING************

Write the data to file:8388608 bytes
***********WAITING************

Write the data to file:8388608 bytes
***********WAITING************

Write the data to file:8388608 bytes
***********WAITING************

Write the data to file:8388608 bytes
***********WAITING************
nr_of_strided_rec: 256
nr_doubles: 512
nr_of_strided_rec: 256
nr_doubles: 512
nr_of_strided_rec: 256
nr_doubles: 512
nr_of_strided_rec: 256
nr_doubles: 512
nr_of_strided_rec: 256
nr_doubles: 512
nr_of_strided_rec: 256
nr_doubles: 512
nr_of_strided_rec: 256
nr_doubles: 512
nr_of_strided_rec: 256
nr_doubles: 512
nr_of_strided_rec: 256
nr_doubles: 512
nr_of_strided_rec: 256
nr_doubles: 512
nr_of_strided_rec: 256
nr_doubles: 512
nr_of_strided_rec: 256
nr_doubles: 512
nr_of_strided_rec: 256
nr_doubles: 512
nr_of_strided_rec: 256
nr_doubles: 512
nr_of_strided_rec: 256
nr_doubles: 512
nr_of_strided_rec: 256
nr_doubles: 512

Write the data to file:8388608 bytes
***********WAITING************

Write the data to file:8388608 bytes
***********WAITING************

Write the data to file:8388608 bytes
***********WAITING************

Write the data to file:8388608 bytes
***********WAITING************

Write the data to file:8388608 bytes
***********WAITING************

Write the data to file:8388608 bytes
***********WAITING************

Write the data to file:8388608 bytes
***********WAITING************

Write the data to file:8388608 bytes
***********WAITING************

Write the data to file:8388608 bytes
***********WAITING************

Write the data to file:8388608 bytes
***********WAITING************

Write the data to file:8388608 bytes
***********WAITING************

Write the data to file:8388608 bytes
***********WAITING************

Write the data to file:8388608 bytes
***********WAITING************

Write the data to file:8388608 bytes
***********WAITING************

Write the data to file:8388608 bytes
***********WAITING************

Write the data to file:8388608 bytes
***********WAITING************
nr_of_strided_rec: 256
nr_doubles: 512
nr_of_strided_rec: 256
nr_doubles: 512
nr_of_strided_rec: 256
nr_doubles: 512
nr_of_strided_rec: 256
nr_doubles: 512
nr_of_strided_rec: 256
nr_doubles: 512
nr_of_strided_rec: 256
nr_doubles: 512
nr_of_strided_rec: 256
nr_doubles: 512
nr_of_strided_rec: 256
nr_doubles: 512
nr_of_strided_rec: 256
nr_doubles: 512
nr_of_strided_rec: 256
nr_doubles: 512
nr_of_strided_rec: 256
nr_doubles: 512
nr_of_strided_rec: 256
nr_doubles: 512
nr_of_strided_rec: 256
nr_doubles: 512
nr_of_strided_rec: 256
nr_doubles: 512
nr_of_strided_rec: 256
nr_doubles: 512
nr_of_strided_rec: 256
nr_doubles: 512

Write the data to file:8388608 bytes
***********WAITING************

Write the data to file:8388608 bytes
***********WAITING************

Write the data to file:8388608 bytes
***********WAITING************

Write the data to file:8388608 bytes
***********WAITING************

Write the data to file:8388608 bytes
***********WAITING************

Write the data to file:8388608 bytes
***********WAITING************

Write the data to file:8388608 bytes
***********WAITING************

Write the data to file:8388608 bytes
***********WAITING************

Write the data to file:8388608 bytes
***********WAITING************

Write the data to file:8388608 bytes
***********WAITING************

Write the data to file:8388608 bytes
***********WAITING************

Write the data to file:8388608 bytes
***********WAITING************

Write the data to file:8388608 bytes
***********WAITING************

Write the data to file:8388608 bytes
***********WAITING************

Write the data to file:8388608 bytes
***********WAITING************

Write the data to file:8388608 bytes
***********WAITING************
nr_of_strided_rec: 256
nr_doubles: 512
nr_of_strided_rec: 256
nr_doubles: 512
nr_of_strided_rec: 256
nr_doubles: 512
nr_of_strided_rec: 256
nr_doubles: 512
nr_of_strided_rec: 256
nr_doubles: 512
nr_of_strided_rec: 256
nr_doubles: 512
nr_of_strided_rec: 256
nr_doubles: 512
nr_of_strided_rec: 256
nr_doubles: 512
nr_of_strided_rec: 256
nr_doubles: 512
nr_of_strided_rec: 256
nr_doubles: 512
nr_of_strided_rec: 256
nr_doubles: 512
nr_of_strided_rec: 256
nr_doubles: 512
nr_of_strided_rec: 256
nr_doubles: 512
nr_of_strided_rec: 256
nr_doubles: 512
nr_of_strided_rec: 256
nr_doubles: 512
nr_of_strided_rec: 256
nr_doubles: 512

Write the data to file:8388608 bytes
***********WAITING************

Write the data to file:8388608 bytes
***********WAITING************

Write the data to file:8388608 bytes
***********WAITING************

Write the data to file:8388608 bytes
***********WAITING************

Write the data to file:8388608 bytes
***********WAITING************

Write the data to file:8388608 bytes
***********WAITING************

Write the data to file:8388608 bytes
***********WAITING************

Write the data to file:8388608 bytes
***********WAITING************

Write the data to file:8388608 bytes
***********WAITING************

Write the data to file:8388608 bytes
***********WAITING************

Write the data to file:8388608 bytes
***********WAITING************

Write the data to file:8388608 bytes
***********WAITING************

Write the data to file:8388608 bytes
***********WAITING************

Write the data to file:8388608 bytes
***********WAITING************

Write the data to file:8388608 bytes
***********WAITING************

Write the data to file:8388608 bytes
***********WAITING************
nr_of_strided_rec: 256
nr_doubles: 512
nr_of_strided_rec: 256
nr_doubles: 512
nr_of_strided_rec: 256
nr_doubles: 512
nr_of_strided_rec: 256
nr_doubles: 512
nr_of_strided_rec: 256
nr_doubles: 512
nr_of_strided_rec: 256
nr_doubles: 512
nr_of_strided_rec: 256
nr_doubles: 512
nr_of_strided_rec: 256
nr_doubles: 512
nr_of_strided_rec: 256
nr_doubles: 512
nr_of_strided_rec: 256
nr_doubles: 512
nr_of_strided_rec: 256
nr_doubles: 512
nr_of_strided_rec: 256
nr_doubles: 512
nr_of_strided_rec: 256
nr_doubles: 512
nr_of_strided_rec: 256
nr_doubles: 512
nr_of_strided_rec: 256
nr_doubles: 512
nr_of_strided_rec: 256
nr_doubles: 512

Write the data to file:8388608 bytes
***********WAITING************

Write the data to file:8388608 bytes
***********WAITING************

Write the data to file:8388608 bytes
***********WAITING************

Write the data to file:8388608 bytes
***********WAITING************

Write the data to file:8388608 bytes
***********WAITING************

Write the data to file:8388608 bytes
***********WAITING************

Write the data to file:8388608 bytes
***********WAITING************

Write the data to file:8388608 bytes
***********WAITING************

Write the data to file:8388608 bytes
***********WAITING************

Write the data to file:8388608 bytes
***********WAITING************

Write the data to file:8388608 bytes
***********WAITING************

Write the data to file:8388608 bytes
***********WAITING************

Write the data to file:8388608 bytes
***********WAITING************

Write the data to file:8388608 bytes
***********WAITING************

Write the data to file:8388608 bytes
***********WAITING************

Write the data to file:8388608 bytes
***********WAITING************
nr_of_strided_rec: 256
nr_doubles: 512
nr_of_strided_rec: 256
nr_doubles: 512
nr_of_strided_rec: 256
nr_doubles: 512
nr_of_strided_rec: 256
nr_doubles: 512
nr_of_strided_rec: 256
nr_doubles: 512
nr_of_strided_rec: 256
nr_doubles: 512
nr_of_strided_rec: 256
nr_doubles: 512
nr_of_strided_rec: 256
nr_doubles: 512
nr_of_strided_rec: 256
nr_doubles: 512
nr_of_strided_rec: 256
nr_doubles: 512
nr_of_strided_rec: 256
nr_doubles: 512
nr_of_strided_rec: 256
nr_doubles: 512
nr_of_strided_rec: 256
nr_doubles: 512
nr_of_strided_rec: 256
nr_doubles: 512
nr_of_strided_rec: 256
nr_doubles: 512
nr_of_strided_rec: 256
nr_doubles: 512

Write the data to file:8388608 bytes
***********WAITING************

Write the data to file:8388608 bytes
***********WAITING************

Write the data to file:8388608 bytes
***********WAITING************

Write the data to file:8388608 bytes
***********WAITING************

Write the data to file:8388608 bytes
***********WAITING************

Write the data to file:8388608 bytes
***********WAITING************

Write the data to file:8388608 bytes
***********WAITING************

Write the data to file:8388608 bytes
***********WAITING************

Write the data to file:8388608 bytes
***********WAITING************

Write the data to file:8388608 bytes
***********WAITING************

Write the data to file:8388608 bytes
***********WAITING************

Write the data to file:8388608 bytes
***********WAITING************

Write the data to file:8388608 bytes
***********WAITING************

Write the data to file:8388608 bytes
***********WAITING************

Write the data to file:8388608 bytes
***********WAITING************

Write the data to file:8388608 bytes
***********WAITING************
nr_of_strided_rec: 256
nr_doubles: 512
nr_of_strided_rec: 256
nr_doubles: 512
nr_of_strided_rec: 256
nr_doubles: 512
nr_of_strided_rec: 256
nr_doubles: 512
nr_of_strided_rec: 256
nr_doubles: 512
nr_of_strided_rec: 256
nr_doubles: 512
nr_of_strided_rec: 256
nr_doubles: 512
nr_of_strided_rec: 256
nr_doubles: 512
nr_of_strided_rec: 256
nr_doubles: 512
nr_of_strided_rec: 256
nr_doubles: 512
nr_of_strided_rec: 256
nr_doubles: 512
nr_of_strided_rec: 256
nr_doubles: 512
nr_of_strided_rec: 256
nr_doubles: 512
nr_of_strided_rec: 256
nr_doubles: 512
nr_of_strided_rec: 256
nr_doubles: 512
nr_of_strided_rec: 256
nr_doubles: 512

Write the data to file:8388608 bytes
***********WAITING************

Write the data to file:8388608 bytes
***********WAITING************

Write the data to file:8388608 bytes
***********WAITING************

Write the data to file:8388608 bytes
***********WAITING************

Write the data to file:8388608 bytes
***********WAITING************

Write the data to file:8388608 bytes
***********WAITING************

Write the data to file:8388608 bytes
***********WAITING************

Write the data to file:8388608 bytes
***********WAITING************

Write the data to file:8388608 bytes
***********WAITING************

Write the data to file:8388608 bytes
***********WAITING************

Write the data to file:8388608 bytes
***********WAITING************

Write the data to file:8388608 bytes
***********WAITING************

Write the data to file:8388608 bytes
***********WAITING************

Write the data to file:8388608 bytes
***********WAITING************

Write the data to file:8388608 bytes
***********WAITING************

Write the data to file:8388608 bytes
***********WAITING************
nr_of_strided_rec: 256
nr_doubles: 512
nr_of_strided_rec: 256
nr_doubles: 512
nr_of_strided_rec: 256
nr_doubles: 512
nr_of_strided_rec: 256
nr_doubles: 512
nr_of_strided_rec: 256
nr_doubles: 512
nr_of_strided_rec: 256
nr_doubles: 512
nr_of_strided_rec: 256
nr_doubles: 512
nr_of_strided_rec: 256
nr_doubles: 512
nr_of_strided_rec: 256
nr_doubles: 512
nr_of_strided_rec: 256
nr_doubles: 512
nr_of_strided_rec: 256
nr_doubles: 512
nr_of_strided_rec: 256
nr_doubles: 512
nr_of_strided_rec: 256
nr_doubles: 512
nr_of_strided_rec: 256
nr_doubles: 512
nr_of_strided_rec: 256
nr_doubles: 512
nr_of_strided_rec: 256
nr_doubles: 512

Write the data to file:8388608 bytes
***********WAITING************

Write the data to file:8388608 bytes
***********WAITING************

Write the data to file:8388608 bytes
***********WAITING************

Write the data to file:8388608 bytes
***********WAITING************

Write the data to file:8388608 bytes
***********WAITING************

Write the data to file:8388608 bytes
***********WAITING************

Write the data to file:8388608 bytes
***********WAITING************

Write the data to file:8388608 bytes
***********WAITING************

Write the data to file:8388608 bytes
***********WAITING************

Write the data to file:8388608 bytes
***********WAITING************

Write the data to file:8388608 bytes
***********WAITING************

Write the data to file:8388608 bytes
***********WAITING************

Write the data to file:8388608 bytes
***********WAITING************

Write the data to file:8388608 bytes
***********WAITING************

Write the data to file:8388608 bytes
***********WAITING************

Write the data to file:8388608 bytes
***********WAITING************
nr_of_strided_rec: 256
nr_doubles: 512
nr_of_strided_rec: 256
nr_doubles: 512
nr_of_strided_rec: 256
nr_doubles: 512
nr_of_strided_rec: 256
nr_doubles: 512
nr_of_strided_rec: 256
nr_doubles: 512
nr_of_strided_rec: 256
nr_doubles: 512
nr_of_strided_rec: 256
nr_doubles: 512
nr_of_strided_rec: 256
nr_doubles: 512
nr_of_strided_rec: 256
nr_doubles: 512
nr_of_strided_rec: 256
nr_doubles: 512
nr_of_strided_rec: 256
nr_doubles: 512
nr_of_strided_rec: 256
nr_doubles: 512
nr_of_strided_rec: 256
nr_doubles: 512
nr_of_strided_rec: 256
nr_doubles: 512
nr_of_strided_rec: 256
nr_doubles: 512
nr_of_strided_rec: 256
nr_doubles: 512

Write the data to file:8388608 bytes
***********WAITING************

Write the data to file:8388608 bytes
***********WAITING************

Write the data to file:8388608 bytes
***********WAITING************

Write the data to file:8388608 bytes
***********WAITING************

Write the data to file:8388608 bytes
***********WAITING************

Write the data to file:8388608 bytes
***********WAITING************

Write the data to file:8388608 bytes
***********WAITING************

Write the data to file:8388608 bytes
***********WAITING************

Write the data to file:8388608 bytes
***********WAITING************

Write the data to file:8388608 bytes
***********WAITING************

Write the data to file:8388608 bytes
***********WAITING************

Write the data to file:8388608 bytes
***********WAITING************

Write the data to file:8388608 bytes
***********WAITING************

Write the data to file:8388608 bytes
***********WAITING************

Write the data to file:8388608 bytes
***********WAITING************

Write the data to file:8388608 bytes
***********WAITING************
nr_of_strided_rec: 256
nr_doubles: 512
nr_of_strided_rec: 256
nr_doubles: 512
nr_of_strided_rec: 256
nr_doubles: 512
nr_of_strided_rec: 256
nr_doubles: 512
nr_of_strided_rec: 256
nr_doubles: 512
nr_of_strided_rec: 256
nr_doubles: 512
nr_of_strided_rec: 256
nr_doubles: 512
nr_of_strided_rec: 256
nr_doubles: 512
nr_of_strided_rec: 256
nr_doubles: 512
nr_of_strided_rec: 256
nr_doubles: 512
nr_of_strided_rec: 256
nr_doubles: 512
nr_of_strided_rec: 256
nr_doubles: 512
nr_of_strided_rec: 256
nr_doubles: 512
nr_of_strided_rec: 256
nr_doubles: 512
nr_of_strided_rec: 256
nr_doubles: 512
nr_of_strided_rec: 256
nr_doubles: 512

Write the data to file:8388608 bytes
***********WAITING************

Write the data to file:8388608 bytes
***********WAITING************

Write the data to file:8388608 bytes
***********WAITING************

Write the data to file:8388608 bytes
***********WAITING************

Write the data to file:8388608 bytes
***********WAITING************

Write the data to file:8388608 bytes
***********WAITING************

Write the data to file:8388608 bytes
***********WAITING************

Write the data to file:8388608 bytes
***********WAITING************

Write the data to file:8388608 bytes
***********WAITING************

Write the data to file:8388608 bytes
***********WAITING************

Write the data to file:8388608 bytes
***********WAITING************

Write the data to file:8388608 bytes
***********WAITING************

Write the data to file:8388608 bytes
***********WAITING************

Write the data to file:8388608 bytes
***********WAITING************

Write the data to file:8388608 bytes
***********WAITING************

Write the data to file:8388608 bytes
***********WAITING************
nr_of_strided_rec: 256
nr_doubles: 512
nr_of_strided_rec: 256
nr_doubles: 512
nr_of_strided_rec: 256
nr_doubles: 512
nr_of_strided_rec: 256
nr_doubles: 512
nr_of_strided_rec: 256
nr_doubles: 512
nr_of_strided_rec: 256
nr_doubles: 512
nr_of_strided_rec: 256
nr_doubles: 512
nr_of_strided_rec: 256
nr_doubles: 512
nr_of_strided_rec: 256
nr_doubles: 512
nr_of_strided_rec: 256
nr_doubles: 512
nr_of_strided_rec: 256
nr_doubles: 512
nr_of_strided_rec: 256
nr_doubles: 512
nr_of_strided_rec: 256
nr_doubles: 512
nr_of_strided_rec: 256
nr_doubles: 512
nr_of_strided_rec: 256
nr_doubles: 512
nr_of_strided_rec: 256
nr_doubles: 512

Write the data to file:8388608 bytes
***********WAITING************

Write the data to file:8388608 bytes
***********WAITING************

Write the data to file:8388608 bytes
***********WAITING************

Write the data to file:8388608 bytes
***********WAITING************

Write the data to file:8388608 bytes
***********WAITING************

Write the data to file:8388608 bytes
***********WAITING************

Write the data to file:8388608 bytes
***********WAITING************

Write the data to file:8388608 bytes
***********WAITING************

Write the data to file:8388608 bytes
***********WAITING************

Write the data to file:8388608 bytes
***********WAITING************

Write the data to file:8388608 bytes
***********WAITING************

Write the data to file:8388608 bytes
***********WAITING************

Write the data to file:8388608 bytes
***********WAITING************

Write the data to file:8388608 bytes
***********WAITING************

Write the data to file:8388608 bytes
***********WAITING************

Write the data to file:8388608 bytes
***********WAITING************
nr_of_strided_rec: 256
nr_doubles: 512
nr_of_strided_rec: 256
nr_doubles: 512
nr_of_strided_rec: 256
nr_doubles: 512
nr_of_strided_rec: 256
nr_doubles: 512
nr_of_strided_rec: 256
nr_doubles: 512
nr_of_strided_rec: 256
nr_doubles: 512
nr_of_strided_rec: 256
nr_doubles: 512
nr_of_strided_rec: 256
nr_doubles: 512
nr_of_strided_rec: 256
nr_doubles: 512
nr_of_strided_rec: 256
nr_doubles: 512
nr_of_strided_rec: 256
nr_doubles: 512
nr_of_strided_rec: 256
nr_doubles: 512
nr_of_strided_rec: 256
nr_doubles: 512
nr_of_strided_rec: 256
nr_doubles: 512
nr_of_strided_rec: 256
nr_doubles: 512
nr_of_strided_rec: 256
nr_doubles: 512

Write the data to file:8388608 bytes
***********WAITING************

Write the data to file:8388608 bytes
***********WAITING************

Write the data to file:8388608 bytes
***********WAITING************

Write the data to file:8388608 bytes
***********WAITING************

Write the data to file:8388608 bytes
***********WAITING************

Write the data to file:8388608 bytes
***********WAITING************

Write the data to file:8388608 bytes
***********WAITING************

Write the data to file:8388608 bytes
***********WAITING************

Write the data to file:8388608 bytes
***********WAITING************

Write the data to file:8388608 bytes
***********WAITING************

Write the data to file:8388608 bytes
***********WAITING************

Write the data to file:8388608 bytes
***********WAITING************

Write the data to file:8388608 bytes
***********WAITING************

Write the data to file:8388608 bytes
***********WAITING************

Write the data to file:8388608 bytes
***********WAITING************

Write the data to file:8388608 bytes
***********WAITING************
nr_of_strided_rec: 256
nr_doubles: 512
nr_of_strided_rec: 256
nr_doubles: 512
nr_of_strided_rec: 256
nr_doubles: 512
nr_of_strided_rec: 256
nr_doubles: 512
nr_of_strided_rec: 256
nr_doubles: 512
nr_of_strided_rec: 256
nr_doubles: 512
nr_of_strided_rec: 256
nr_doubles: 512
nr_of_strided_rec: 256
nr_doubles: 512
nr_of_strided_rec: 256
nr_doubles: 512
nr_of_strided_rec: 256
nr_doubles: 512
nr_of_strided_rec: 256
nr_doubles: 512
nr_of_strided_rec: 256
nr_doubles: 512
nr_of_strided_rec: 256
nr_doubles: 512
nr_of_strided_rec: 256
nr_doubles: 512
nr_of_strided_rec: 256
nr_doubles: 512
nr_of_strided_rec: 256
nr_doubles: 512

Write the data to file:8388608 bytes
***********WAITING************

Write the data to file:8388608 bytes
***********WAITING************

Write the data to file:8388608 bytes
***********WAITING************

Write the data to file:8388608 bytes
***********WAITING************

Write the data to file:8388608 bytes
***********WAITING************

Write the data to file:8388608 bytes
***********WAITING************

Write the data to file:8388608 bytes
***********WAITING************

Write the data to file:8388608 bytes
***********WAITING************

Write the data to file:8388608 bytes
***********WAITING************

Write the data to file:8388608 bytes
***********WAITING************

Write the data to file:8388608 bytes
***********WAITING************

Write the data to file:8388608 bytes
***********WAITING************

Write the data to file:8388608 bytes
***********WAITING************

Write the data to file:8388608 bytes
***********WAITING************

Write the data to file:8388608 bytes
***********WAITING************

Write the data to file:8388608 bytes
***********WAITING************
nr_of_strided_rec: 256
nr_doubles: 512
nr_of_strided_rec: 256
nr_doubles: 512
nr_of_strided_rec: 256
nr_doubles: 512
nr_of_strided_rec: 256
nr_doubles: 512
nr_of_strided_rec: 256
nr_doubles: 512
nr_of_strided_rec: 256
nr_doubles: 512
nr_of_strided_rec: 256
nr_doubles: 512
nr_of_strided_rec: 256
nr_doubles: 512
nr_of_strided_rec: 256
nr_doubles: 512
nr_of_strided_rec: 256
nr_doubles: 512
nr_of_strided_rec: 256
nr_doubles: 512
nr_of_strided_rec: 256
nr_doubles: 512
nr_of_strided_rec: 256
nr_doubles: 512
nr_of_strided_rec: 256
nr_doubles: 512
nr_of_strided_rec: 256
nr_doubles: 512
nr_of_strided_rec: 256
nr_doubles: 512

Write the data to file:8388608 bytes
***********WAITING************

Write the data to file:8388608 bytes
***********WAITING************

Write the data to file:8388608 bytes
***********WAITING************

Write the data to file:8388608 bytes
***********WAITING************

Write the data to file:8388608 bytes
***********WAITING************

Write the data to file:8388608 bytes
***********WAITING************

Write the data to file:8388608 bytes
***********WAITING************

Write the data to file:8388608 bytes
***********WAITING************

Write the data to file:8388608 bytes
***********WAITING************

Write the data to file:8388608 bytes
***********WAITING************

Write the data to file:8388608 bytes
***********WAITING************

Write the data to file:8388608 bytes
***********WAITING************

Write the data to file:8388608 bytes
***********WAITING************

Write the data to file:8388608 bytes
***********WAITING************

Write the data to file:8388608 bytes
***********WAITING************

Write the data to file:8388608 bytes
***********WAITING************

Write the data to file:8388608 bytes
***********WAITING************

Write the data to file:8388608 bytes
***********WAITING************

Write the data to file:8388608 bytes
***********WAITING************

Write the data to file:8388608 bytes
***********WAITING************

Write the data to file:8388608 bytes
***********WAITING************

Write the data to file:8388608 bytes
***********WAITING************

Write the data to file:8388608 bytes
***********WAITING************

Write the data to file:8388608 bytes
***********WAITING************

Write the data to file:8388608 bytes
***********WAITING************

Write the data to file:8388608 bytes
***********WAITING************

Write the data to file:8388608 bytes
***********WAITING************

Write the data to file:8388608 bytes
***********WAITING************

Write the data to file:8388608 bytes
***********WAITING************

Write the data to file:8388608 bytes
***********WAITING************

Write the data to file:8388608 bytes
***********WAITING************

Write the data to file:8388608 bytes
***********WAITING************
W_cc         0.45   [      0.45:      0.45]
W_r         21.14   [     21.14:     21.14]
W_w          1.48   [      1.48:      1.48]
          -------
W_total     23.07   [     23.07:     23.07]

calc_W done
calc_W done
calc_W done
calc_W done
calc_W done
calc_W done
calc_W done
calc_W done
nr_of_strided_rec: 256
nr_doubles: 512
calc_W done
nr_of_strided_rec: 256
nr_doubles: 512
calc_W done
nr_of_strided_rec: 256
nr_doubles: 512
calc_W done
nr_of_strided_rec: 256
nr_doubles: 512
calc_W done
nr_of_strided_rec: 256
nr_doubles: 512
calc_W done
nr_of_strided_rec: 256
nr_doubles: 512
calc_W done
nr_of_strided_rec: 256
nr_doubles: 512
calc_W done
nr_of_strided_rec: 256
nr_doubles: 512
calc_W done
nr_of_strided_rec: 256
nr_doubles: 512
nr_of_strided_rec: 256
nr_doubles: 512
nr_of_strided_rec: 256
nr_doubles: 512
nr_of_strided_rec: 256
nr_doubles: 512
nr_of_strided_rec: 256
nr_doubles: 512
nr_of_strided_rec: 256
nr_doubles: 512
nr_of_strided_rec: 256
nr_doubles: 512
nr_of_strided_rec: 256
nr_doubles: 512
nr_of_strided_rec: 256
nr_doubles: 512
nr_of_strided_rec: 256
nr_doubles: 512
nr_of_strided_rec: 256
nr_doubles: 512
nr_of_strided_rec: 256
nr_doubles: 512
nr_of_strided_rec: 256
nr_doubles: 512
nr_of_strided_rec: 256
nr_doubles: 512
nr_of_strided_rec: 256
nr_doubles: 512
nr_of_strided_rec: 256
nr_doubles: 512
nr_of_strided_rec: 256
nr_doubles: 512
nr_of_strided_rec: 256
nr_doubles: 512
nr_of_strided_rec: 256
nr_doubles: 512
nr_of_strided_rec: 256
nr_doubles: 512
nr_of_strided_rec: 256
nr_doubles: 512
nr_of_strided_rec: 256
nr_doubles: 512
nr_of_strided_rec: 256
nr_doubles: 512
nr_of_strided_rec: 256
nr_doubles: 512
nr_of_strided_rec: 256
nr_doubles: 512
nr_of_strided_rec: 256
nr_doubles: 512
nr_of_strided_rec: 256
nr_doubles: 512
nr_of_strided_rec: 256
nr_doubles: 512
nr_of_strided_rec: 256
nr_doubles: 512
nr_of_strided_rec: 256
nr_doubles: 512
nr_of_strided_rec: 256
nr_doubles: 512
nr_of_strided_rec: 256
nr_doubles: 512
nr_of_strided_rec: 256
nr_doubles: 512
nr_of_strided_rec: 256
nr_doubles: 512
nr_of_strided_rec: 256
nr_doubles: 512
nr_of_strided_rec: 256
nr_doubles: 512
nr_of_strided_rec: 256
nr_doubles: 512
nr_of_strided_rec: 256
nr_doubles: 512
nr_of_strided_rec: 256
nr_doubles: 512
nr_of_strided_rec: 256
nr_doubles: 512
nr_of_strided_rec: 256
nr_doubles: 512
nr_of_strided_rec: 256
nr_doubles: 512
nr_of_strided_rec: 256
nr_doubles: 512
nr_of_strided_rec: 256
nr_doubles: 512
nr_of_strided_rec: 256
nr_doubles: 512
nr_of_strided_rec: 256
nr_doubles: 512
nr_of_strided_rec: 256
nr_doubles: 512
nr_of_strided_rec: 256
nr_doubles: 512
nr_of_strided_rec: 256
nr_doubles: 512
nr_of_strided_rec: 256
nr_doubles: 512
nr_of_strided_rec: 256
nr_doubles: 512
nr_of_strided_rec: 256
nr_doubles: 512
nr_of_strided_rec: 256
nr_doubles: 512
nr_of_strided_rec: 256
nr_doubles: 512
nr_of_strided_rec: 256
nr_doubles: 512
nr_of_strided_rec: 256
nr_doubles: 512
nr_of_strided_rec: 256
nr_doubles: 512
nr_of_strided_rec: 256
nr_doubles: 512
nr_of_strided_rec: 256
nr_doubles: 512
nr_of_strided_rec: 256
nr_doubles: 512
nr_of_strided_rec: 256
nr_doubles: 512
nr_of_strided_rec: 256
nr_doubles: 512
nr_of_strided_rec: 256
nr_doubles: 512
nr_of_strided_rec: 256
nr_doubles: 512
nr_of_strided_rec: 256
nr_doubles: 512
nr_of_strided_rec: 256
nr_doubles: 512
nr_of_strided_rec: 256
nr_doubles: 512
nr_of_strided_rec: 256
nr_doubles: 512
nr_of_strided_rec: 256
nr_doubles: 512
nr_of_strided_rec: 256
nr_doubles: 512
nr_of_strided_rec: 256
nr_doubles: 512
nr_of_strided_rec: 256
nr_doubles: 512
nr_of_strided_rec: 256
nr_doubles: 512
nr_of_strided_rec: 256
nr_doubles: 512
nr_of_strided_rec: 256
nr_doubles: 512
nr_of_strided_rec: 256
nr_doubles: 512
nr_of_strided_rec: 256
nr_doubles: 512
nr_of_strided_rec: 256
nr_doubles: 512
nr_of_strided_rec: 256
nr_doubles: 512
nr_of_strided_rec: 256
nr_doubles: 512
nr_of_strided_rec: 256
nr_doubles: 512
nr_of_strided_rec: 256
nr_doubles: 512
nr_of_strided_rec: 256
nr_doubles: 512
nr_of_strided_rec: 256
nr_doubles: 512
nr_of_strided_rec: 256
nr_doubles: 512
nr_of_strided_rec: 256
nr_doubles: 512
nr_of_strided_rec: 256
nr_doubles: 512
nr_of_strided_rec: 256
nr_doubles: 512
nr_of_strided_rec: 256
nr_doubles: 512
nr_of_strided_rec: 256
nr_doubles: 512
nr_of_strided_rec: 256
nr_doubles: 512
nr_of_strided_rec: 256
nr_doubles: 512
nr_of_strided_rec: 256
nr_doubles: 512
nr_of_strided_rec: 256
nr_doubles: 512
nr_of_strided_rec: 256
nr_doubles: 512
nr_of_strided_rec: 256
nr_doubles: 512
nr_of_strided_rec: 256
nr_doubles: 512
nr_of_strided_rec: 256
nr_doubles: 512
nr_of_strided_rec: 256
nr_doubles: 512
nr_of_strided_rec: 256
nr_doubles: 512
nr_of_strided_rec: 256
nr_doubles: 512
nr_of_strided_rec: 256
nr_doubles: 512
nr_of_strided_rec: 256
nr_doubles: 512
nr_of_strided_rec: 256
nr_doubles: 512
nr_of_strided_rec: 256
nr_doubles: 512
nr_of_strided_rec: 256
nr_doubles: 512
nr_of_strided_rec: 256
nr_doubles: 512
nr_of_strided_rec: 256
nr_doubles: 512
nr_of_strided_rec: 256
nr_doubles: 512
nr_of_strided_rec: 256
nr_doubles: 512
nr_of_strided_rec: 256
nr_doubles: 512
nr_of_strided_rec: 256
nr_doubles: 512
nr_of_strided_rec: 256
nr_doubles: 512
nr_of_strided_rec: 256
nr_doubles: 512
nr_of_strided_rec: 256
nr_doubles: 512
nr_of_strided_rec: 256
nr_doubles: 512
nr_of_strided_rec: 256
nr_doubles: 512
nr_of_strided_rec: 256
nr_doubles: 512
nr_of_strided_rec: 256
nr_doubles: 512
nr_of_strided_rec: 256
nr_doubles: 512
nr_of_strided_rec: 256
nr_doubles: 512
nr_of_strided_rec: 256
nr_doubles: 512
nr_of_strided_rec: 256
nr_doubles: 512
nr_of_strided_rec: 256
nr_doubles: 512
nr_of_strided_rec: 256
nr_doubles: 512
nr_of_strided_rec: 256
nr_doubles: 512
nr_of_strided_rec: 256
nr_doubles: 512
nr_of_strided_rec: 256
nr_doubles: 512
nr_of_strided_rec: 256
nr_doubles: 512
nr_of_strided_rec: 256
nr_doubles: 512
nr_of_strided_rec: 256
nr_doubles: 512
nr_of_strided_rec: 256
nr_doubles: 512
nr_of_strided_rec: 256
nr_doubles: 512
nr_of_strided_rec: 256
nr_doubles: 512
nr_of_strided_rec: 256
nr_doubles: 512
nr_of_strided_rec: 256
nr_doubles: 512
nr_of_strided_rec: 256
nr_doubles: 512
nr_of_strided_rec: 256
nr_doubles: 512
nr_of_strided_rec: 256
nr_doubles: 512
nr_of_strided_rec: 256
nr_doubles: 512
nr_of_strided_rec: 256
nr_doubles: 512
nr_of_strided_rec: 256
nr_doubles: 512
nr_of_strided_rec: 256
nr_doubles: 512
nr_of_strided_rec: 256
nr_doubles: 512
nr_of_strided_rec: 256
nr_doubles: 512
nr_of_strided_rec: 256
nr_doubles: 512
nr_of_strided_rec: 256
nr_doubles: 512
nr_of_strided_rec: 256
nr_doubles: 512
nr_of_strided_rec: 256
nr_doubles: 512
nr_of_strided_rec: 256
nr_doubles: 512
nr_of_strided_rec: 256
nr_doubles: 512
nr_of_strided_rec: 256
nr_doubles: 512
nr_of_strided_rec: 256
nr_doubles: 512
nr_of_strided_rec: 256
nr_doubles: 512
nr_of_strided_rec: 256
nr_doubles: 512
nr_of_strided_rec: 256
nr_doubles: 512
nr_of_strided_rec: 256
nr_doubles: 512
nr_of_strided_rec: 256
nr_doubles: 512
nr_of_strided_rec: 256
nr_doubles: 512
nr_of_strided_rec: 256
nr_doubles: 512
nr_of_strided_rec: 256
nr_doubles: 512
nr_of_strided_rec: 256
nr_doubles: 512
nr_of_strided_rec: 256
nr_doubles: 512
nr_of_strided_rec: 256
nr_doubles: 512
nr_of_strided_rec: 256
nr_doubles: 512
nr_of_strided_rec: 256
nr_doubles: 512
nr_of_strided_rec: 256
nr_doubles: 512
nr_of_strided_rec: 256
nr_doubles: 512
nr_of_strided_rec: 256
nr_doubles: 512
nr_of_strided_rec: 256
nr_doubles: 512
nr_of_strided_rec: 256
nr_doubles: 512
nr_of_strided_rec: 256
nr_doubles: 512
nr_of_strided_rec: 256
nr_doubles: 512
nr_of_strided_rec: 256
nr_doubles: 512
nr_of_strided_rec: 256
nr_doubles: 512
nr_of_strided_rec: 256
nr_doubles: 512
nr_of_strided_rec: 256
nr_doubles: 512
nr_of_strided_rec: 256
nr_doubles: 512
nr_of_strided_rec: 256
nr_doubles: 512
nr_of_strided_rec: 256
nr_doubles: 512
nr_of_strided_rec: 256
nr_doubles: 512
nr_of_strided_rec: 256
nr_doubles: 512
nr_of_strided_rec: 256
nr_doubles: 512
nr_of_strided_rec: 256
nr_doubles: 512
nr_of_strided_rec: 256
nr_doubles: 512
nr_of_strided_rec: 256
nr_doubles: 512
nr_of_strided_rec: 256
nr_doubles: 512
nr_of_strided_rec: 256
nr_doubles: 512
nr_of_strided_rec: 256
nr_doubles: 512
nr_of_strided_rec: 256
nr_doubles: 512
nr_of_strided_rec: 256
nr_doubles: 512
nr_of_strided_rec: 256
nr_doubles: 512
nr_of_strided_rec: 256
nr_doubles: 512
nr_of_strided_rec: 256
nr_doubles: 512
nr_of_strided_rec: 256
nr_doubles: 512
nr_of_strided_rec: 256
nr_doubles: 512
nr_of_strided_rec: 256
nr_doubles: 512
nr_of_strided_rec: 256
nr_doubles: 512
nr_of_strided_rec: 256
nr_doubles: 512
nr_of_strided_rec: 256
nr_doubles: 512
nr_of_strided_rec: 256
nr_doubles: 512
nr_of_strided_rec: 256
nr_doubles: 512
nr_of_strided_rec: 256
nr_doubles: 512
nr_of_strided_rec: 256
nr_doubles: 512
nr_of_strided_rec: 256
nr_doubles: 512
nr_of_strided_rec: 256
nr_doubles: 512
nr_of_strided_rec: 256
nr_doubles: 512
nr_of_strided_rec: 256
nr_doubles: 512
nr_of_strided_rec: 256
nr_doubles: 512
nr_of_strided_rec: 256
nr_doubles: 512
nr_of_strided_rec: 256
nr_doubles: 512
nr_of_strided_rec: 256
nr_doubles: 512
nr_of_strided_rec: 256
nr_doubles: 512
nr_of_strided_rec: 256
nr_doubles: 512
nr_of_strided_rec: 256
nr_doubles: 512
nr_of_strided_rec: 256
nr_doubles: 512
nr_of_strided_rec: 256
nr_doubles: 512
nr_of_strided_rec: 256
nr_doubles: 512
nr_of_strided_rec: 256
nr_doubles: 512
nr_of_strided_rec: 256
nr_doubles: 512
nr_of_strided_rec: 256
nr_doubles: 512
nr_of_strided_rec: 256
nr_doubles: 512
nr_of_strided_rec: 256
nr_doubles: 512
nr_of_strided_rec: 256
nr_doubles: 512
nr_of_strided_rec: 256
nr_doubles: 512
nr_of_strided_rec: 256
nr_doubles: 512
nr_of_strided_rec: 256
nr_doubles: 512
nr_of_strided_rec: 256
nr_doubles: 512
nr_of_strided_rec: 256
nr_doubles: 512
nr_of_strided_rec: 256
nr_doubles: 512
nr_of_strided_rec: 256
nr_doubles: 512
nr_of_strided_rec: 256
nr_doubles: 512
nr_of_strided_rec: 256
nr_doubles: 512
nr_of_strided_rec: 256
nr_doubles: 512
nr_of_strided_rec: 256
nr_doubles: 512
nr_of_strided_rec: 256
nr_doubles: 512
nr_of_strided_rec: 256
nr_doubles: 512
nr_of_strided_rec: 256
nr_doubles: 512
nr_of_strided_rec: 256
nr_doubles: 512
nr_of_strided_rec: 256
nr_doubles: 512
nr_of_strided_rec: 256
nr_doubles: 512
nr_of_strided_rec: 256
nr_doubles: 512
nr_of_strided_rec: 256
nr_doubles: 512
nr_of_strided_rec: 256
nr_doubles: 512
nr_of_strided_rec: 256
nr_doubles: 512
nr_of_strided_rec: 256
nr_doubles: 512
nr_of_strided_rec: 256
nr_doubles: 512
nr_of_strided_rec: 256
nr_doubles: 512
nr_of_strided_rec: 256
nr_doubles: 512
nr_of_strided_rec: 256
nr_doubles: 512
nr_of_strided_rec: 256
nr_doubles: 512
nr_of_strided_rec: 256
nr_doubles: 512
nr_of_strided_rec: 256
nr_doubles: 512
nr_of_strided_rec: 256
nr_doubles: 512
nr_of_strided_rec: 256
nr_doubles: 512
nr_of_strided_rec: 256
nr_doubles: 512
nr_of_strided_rec: 256
nr_doubles: 512
nr_of_strided_rec: 256
nr_doubles: 512
nr_of_strided_rec: 256
nr_doubles: 512
nr_of_strided_rec: 256
nr_doubles: 512
nr_of_strided_rec: 256
nr_doubles: 512
nr_of_strided_rec: 256
nr_doubles: 512
nr_of_strided_rec: 256
nr_doubles: 512
nr_of_strided_rec: 256
nr_doubles: 512
nr_of_strided_rec: 256
nr_doubles: 512
nr_of_strided_rec: 256
nr_doubles: 512
nr_of_strided_rec: 256
nr_doubles: 512
nr_of_strided_rec: 256
nr_doubles: 512
nr_of_strided_rec: 256
nr_doubles: 512
nr_of_strided_rec: 256
nr_doubles: 512
nr_of_strided_rec: 256
nr_doubles: 512
nr_of_strided_rec: 256
nr_doubles: 512
nr_of_strided_rec: 256
nr_doubles: 512
nr_of_strided_rec: 256
nr_doubles: 512
nr_of_strided_rec: 256
nr_doubles: 512
nr_of_strided_rec: 256
nr_doubles: 512
nr_of_strided_rec: 256
nr_doubles: 512
nr_of_strided_rec: 256
nr_doubles: 512
nr_of_strided_rec: 256
nr_doubles: 512
nr_of_strided_rec: 256
nr_doubles: 512
nr_of_strided_rec: 256
nr_doubles: 512
nr_of_strided_rec: 256
nr_doubles: 512
nr_of_strided_rec: 256
nr_doubles: 512
nr_of_strided_rec: 256
nr_doubles: 512
nr_of_strided_rec: 256
nr_doubles: 512
nr_of_strided_rec: 256
nr_doubles: 512
nr_of_strided_rec: 256
nr_doubles: 512
nr_of_strided_rec: 256
nr_doubles: 512
nr_of_strided_rec: 256
nr_doubles: 512
nr_of_strided_rec: 256
nr_doubles: 512
nr_of_strided_rec: 256
nr_doubles: 512
nr_of_strided_rec: 256
nr_doubles: 512
nr_of_strided_rec: 256
nr_doubles: 512
nr_of_strided_rec: 256
nr_doubles: 512
nr_of_strided_rec: 256
nr_doubles: 512
nr_of_strided_rec: 256
nr_doubles: 512
nr_of_strided_rec: 256
nr_doubles: 512
nr_of_strided_rec: 256
nr_doubles: 512
nr_of_strided_rec: 256
nr_doubles: 512
nr_of_strided_rec: 256
nr_doubles: 512
nr_of_strided_rec: 256
nr_doubles: 512
nr_of_strided_rec: 256
nr_doubles: 512
nr_of_strided_rec: 256
nr_doubles: 512
nr_of_strided_rec: 256
nr_doubles: 512
nr_of_strided_rec: 256
nr_doubles: 512
nr_of_strided_rec: 256
nr_doubles: 512
nr_of_strided_rec: 256
nr_doubles: 512
nr_of_strided_rec: 256
nr_doubles: 512
nr_of_strided_rec: 256
nr_doubles: 512
nr_of_strided_rec: 256
nr_doubles: 512
nr_of_strided_rec: 256
nr_doubles: 512
nr_of_strided_rec: 256
nr_doubles: 512
nr_of_strided_rec: 256
nr_doubles: 512
nr_of_strided_rec: 256
nr_doubles: 512
nr_of_strided_rec: 256
nr_doubles: 512
nr_of_strided_rec: 256
nr_doubles: 512
nr_of_strided_rec: 256
nr_doubles: 512
nr_of_strided_rec: 256
nr_doubles: 512
nr_of_strided_rec: 256
nr_doubles: 512
nr_of_strided_rec: 256
nr_doubles: 512
nr_of_strided_rec: 256
