fclose PID:30678 fd:3
fclose PID:30678 fd:4
fclose PID:30678 fd:4
fclose PID:30678 fd:3
available: 2 nodes (0-1)
fclose PID:30678 fd:3
node 0 cpus:fclose PID:30678 fd:3
 0 1 2 3 4 5 6 7 8 9 20 21 22 23 24 25 26 27 28 29
node 0 size: 80440 MB
node 0 free: 80119 MB
fclose PID:30678 fd:3
node 1 cpus:fclose PID:30678 fd:3
 10 11 12 13 14 15 16 17 18 19 30 31 32 33 34 35 36 37 38 39
node 1 size: 80635 MB
node 1 free: 80378 MB
fclose PID:30678 fd:3
fclose PID:30678 fd:3
node distances:
node   0   1 
  0:  10  21 
  1:  21  10 
READAHEAD_TIME:0.000000 us
MaxRSS= 2204 KB, SharedMem= 0 KB, HardPageFault= 10
fclose PID:30685 fd:10
fclose PID:30686 fd:8
fclose PID:30684 fd:12
fclose PID:30687 fd:8

MADbench 2.0 IO-mode
no_pe = 4  no_pix = 8192  no_bin = 30  no_gang = 1 sblocksize = 8  fblocksize = 64  r_mod = 1  w_mod = 1 record_size=4194304 stride=7


IOMETHOD = POSIX  IOMODE = SYNC  FILETYPE = UNIQUE  REMAP = CUSTOMbuild_S
build_S
build_S
build_S

Write the data to file:134217728 bytes
***********WAITING************

Write the data to file:134217728 bytes
***********WAITING************

Write the data to file:134217728 bytes
***********WAITING************

Write the data to file:134217728 bytes
***********WAITING************

Write the data to file:134217728 bytes
***********WAITING************

Write the data to file:134217728 bytes
***********WAITING************

Write the data to file:134217728 bytes
***********WAITING************

Write the data to file:134217728 bytes
***********WAITING************

Write the data to file:134217728 bytes
***********WAITING************

Write the data to file:134217728 bytes
***********WAITING************

Write the data to file:134217728 bytes
***********WAITING************

Write the data to file:134217728 bytes
***********WAITING************

Write the data to file:134217728 bytes
***********WAITING************

Write the data to file:134217728 bytes
***********WAITING************

Write the data to file:134217728 bytes
***********WAITING************

Write the data to file:134217728 bytes
***********WAITING************

Write the data to file:134217728 bytes
***********WAITING************

Write the data to file:134217728 bytes
***********WAITING************

Write the data to file:134217728 bytes
***********WAITING************

Write the data to file:134217728 bytes
***********WAITING************

Write the data to file:134217728 bytes
***********WAITING************

Write the data to file:134217728 bytes
***********WAITING************

Write the data to file:134217728 bytes
***********WAITING************

Write the data to file:134217728 bytes
***********WAITING************

Write the data to file:134217728 bytes
***********WAITING************

Write the data to file:134217728 bytes
***********WAITING************

Write the data to file:134217728 bytes
***********WAITING************

Write the data to file:134217728 bytes
***********WAITING************

Write the data to file:134217728 bytes
***********WAITING************

Write the data to file:134217728 bytes
***********WAITING************

Write the data to file:134217728 bytes
***********WAITING************

Write the data to file:134217728 bytes
***********WAITING************

Write the data to file:134217728 bytes
***********WAITING************

Write the data to file:134217728 bytes
***********WAITING************

Write the data to file:134217728 bytes
***********WAITING************

Write the data to file:134217728 bytes
***********WAITING************

Write the data to file:134217728 bytes
***********WAITING************

Write the data to file:134217728 bytes
***********WAITING************

Write the data to file:134217728 bytes
***********WAITING************

Write the data to file:134217728 bytes
***********WAITING************

Write the data to file:134217728 bytes
***********WAITING************

Write the data to file:134217728 bytes
***********WAITING************

Write the data to file:134217728 bytes
***********WAITING************

Write the data to file:134217728 bytes
***********WAITING************

Write the data to file:134217728 bytes
***********WAITING************

Write the data to file:134217728 bytes
***********WAITING************

Write the data to file:134217728 bytes
***********WAITING************

Write the data to file:134217728 bytes
***********WAITING************

Write the data to file:134217728 bytes
***********WAITING************

Write the data to file:134217728 bytes
***********WAITING************

Write the data to file:134217728 bytes
***********WAITING************

Write the data to file:134217728 bytes
***********WAITING************

Write the data to file:134217728 bytes
***********WAITING************

Write the data to file:134217728 bytes
***********WAITING************

Write the data to file:134217728 bytes
***********WAITING************

Write the data to file:134217728 bytes
***********WAITING************

Write the data to file:134217728 bytes
***********WAITING************

Write the data to file:134217728 bytes
***********WAITING************

Write the data to file:134217728 bytes
***********WAITING************

Write the data to file:134217728 bytes
***********WAITING************

Write the data to file:134217728 bytes
***********WAITING************

Write the data to file:134217728 bytes
***********WAITING************

Write the data to file:134217728 bytes
***********WAITING************

Write the data to file:134217728 bytes
***********WAITING************

Write the data to file:134217728 bytes
***********WAITING************

Write the data to file:134217728 bytes
***********WAITING************

Write the data to file:134217728 bytes
***********WAITING************

Write the data to file:134217728 bytes
***********WAITING************

Write the data to file:134217728 bytes
***********WAITING************

Write the data to file:134217728 bytes
***********WAITING************

Write the data to file:134217728 bytes
***********WAITING************

Write the data to file:134217728 bytes
***********WAITING************

Write the data to file:134217728 bytes
***********WAITING************

Write the data to file:134217728 bytes
***********WAITING************

Write the data to file:134217728 bytes
***********WAITING************

Write the data to file:134217728 bytes
***********WAITING************

Write the data to file:134217728 bytes
***********WAITING************

Write the data to file:134217728 bytes
***********WAITING************

Write the data to file:134217728 bytes
***********WAITING************

Write the data to file:134217728 bytes
***********WAITING************

Write the data to file:134217728 bytes
***********WAITING************

Write the data to file:134217728 bytes
***********WAITING************

Write the data to file:134217728 bytes
***********WAITING************

Write the data to file:134217728 bytes
***********WAITING************

Write the data to file:134217728 bytes
***********WAITING************

Write the data to file:134217728 bytes
***********WAITING************

Write the data to file:134217728 bytes
***********WAITING************

Write the data to file:134217728 bytes
***********WAITING************

Write the data to file:134217728 bytes
***********WAITING************

Write the data to file:134217728 bytes
***********WAITING************

Write the data to file:134217728 bytes
***********WAITING************

Write the data to file:134217728 bytes
***********WAITING************

Write the data to file:134217728 bytes
***********WAITING************

Write the data to file:134217728 bytes
***********WAITING************

Write the data to file:134217728 bytes
***********WAITING************

Write the data to file:134217728 bytes
***********WAITING************

Write the data to file:134217728 bytes
***********WAITING************

Write the data to file:134217728 bytes
***********WAITING************

Write the data to file:134217728 bytes
***********WAITING************

Write the data to file:134217728 bytes
***********WAITING************

Write the data to file:134217728 bytes
***********WAITING************

Write the data to file:134217728 bytes
***********WAITING************

Write the data to file:134217728 bytes
***********WAITING************

Write the data to file:134217728 bytes
***********WAITING************

Write the data to file:134217728 bytes
***********WAITING************

Write the data to file:134217728 bytes
***********WAITING************

Write the data to file:134217728 bytes
***********WAITING************

Write the data to file:134217728 bytes
***********WAITING************

Write the data to file:134217728 bytes
***********WAITING************

Write the data to file:134217728 bytes
***********WAITING************

Write the data to file:134217728 bytes
***********WAITING************

Write the data to file:134217728 bytes
***********WAITING************

Write the data to file:134217728 bytes
***********WAITING************

Write the data to file:134217728 bytes
***********WAITING************

Write the data to file:134217728 bytes
***********WAITING************

Write the data to file:134217728 bytes
***********WAITING************

Write the data to file:134217728 bytes
***********WAITING************

Write the data to file:134217728 bytes
***********WAITING************

Write the data to file:134217728 bytes
***********WAITING************

Write the data to file:134217728 bytes
***********WAITING************
S_cc         1.67   [      1.67:      1.67]
S_bw         0.71   [      0.71:      0.71]
S_w         33.01   [     33.01:     33.01]
          -------
S_total     35.39   [     35.39:     35.40]

build_S done
calc_W
build_S done
calc_W
nr_of_strided_rec: 4
nr_doubles: 524288
build_S done
calc_W
nr_of_strided_rec: 4
nr_doubles: 524288
build_S done
calc_W
nr_of_strided_rec: 4
nr_doubles: 524288
nr_of_strided_rec: 4
nr_doubles: 524288
nr_of_strided_rec: 4
nr_doubles: 524288
nr_of_strided_rec: 4
nr_doubles: 524288
nr_of_strided_rec: 4
nr_doubles: 524288
nr_of_strided_rec: 4
nr_doubles: 524288

Write the data to file:134217728 bytes
***********WAITING************

Write the data to file:134217728 bytes
***********WAITING************

Write the data to file:134217728 bytes
***********WAITING************

Write the data to file:134217728 bytes
***********WAITING************
nr_of_strided_rec: 4
nr_doubles: 524288
nr_of_strided_rec: 4
nr_doubles: 524288
nr_of_strided_rec: 4
nr_doubles: 524288
nr_of_strided_rec: 4
nr_doubles: 524288

Write the data to file:134217728 bytes
***********WAITING************

Write the data to file:134217728 bytes
***********WAITING************

Write the data to file:134217728 bytes
***********WAITING************

Write the data to file:134217728 bytes
***********WAITING************
nr_of_strided_rec: 4
nr_doubles: 524288
nr_of_strided_rec: 4
nr_doubles: 524288
nr_of_strided_rec: 4
nr_doubles: 524288
nr_of_strided_rec: 4
nr_doubles: 524288

Write the data to file:134217728 bytes
***********WAITING************

Write the data to file:134217728 bytes
***********WAITING************

Write the data to file:134217728 bytes
***********WAITING************

Write the data to file:134217728 bytes
***********WAITING************
nr_of_strided_rec: 4
nr_doubles: 524288
nr_of_strided_rec: 4
nr_doubles: 524288
nr_of_strided_rec: 4
nr_doubles: 524288
nr_of_strided_rec: 4
nr_doubles: 524288

Write the data to file:134217728 bytes
***********WAITING************

Write the data to file:134217728 bytes
***********WAITING************

Write the data to file:134217728 bytes
***********WAITING************

Write the data to file:134217728 bytes
***********WAITING************
nr_of_strided_rec: 4
nr_doubles: 524288
nr_of_strided_rec: 4
nr_doubles: 524288
nr_of_strided_rec: 4
nr_doubles: 524288
nr_of_strided_rec: 4
nr_doubles: 524288

Write the data to file:134217728 bytes
***********WAITING************

Write the data to file:134217728 bytes
***********WAITING************

Write the data to file:134217728 bytes
***********WAITING************

Write the data to file:134217728 bytes
***********WAITING************
nr_of_strided_rec: 4
nr_doubles: 524288
nr_of_strided_rec: 4
nr_doubles: 524288
nr_of_strided_rec: 4
nr_doubles: 524288
nr_of_strided_rec: 4
nr_doubles: 524288

Write the data to file:134217728 bytes
***********WAITING************

Write the data to file:134217728 bytes
***********WAITING************

Write the data to file:134217728 bytes
***********WAITING************

Write the data to file:134217728 bytes
***********WAITING************
nr_of_strided_rec: 4
nr_doubles: 524288
nr_of_strided_rec: 4
nr_doubles: 524288
nr_of_strided_rec: 4
nr_of_strided_rec: 4
nr_doubles: 524288
nr_doubles: 524288

Write the data to file:134217728 bytes
***********WAITING************

Write the data to file:134217728 bytes
***********WAITING************

Write the data to file:134217728 bytes
***********WAITING************

Write the data to file:134217728 bytes
***********WAITING************
nr_of_strided_rec: 4
nr_doubles: 524288
nr_of_strided_rec: 4
nr_doubles: 524288
nr_of_strided_rec: 4
nr_doubles: 524288
nr_of_strided_rec: 4
nr_doubles: 524288

Write the data to file:134217728 bytes
***********WAITING************

Write the data to file:134217728 bytes
***********WAITING************

Write the data to file:134217728 bytes
***********WAITING************

Write the data to file:134217728 bytes
***********WAITING************
nr_of_strided_rec: 4
nr_doubles: 524288
nr_of_strided_rec: 4
nr_doubles: 524288
nr_of_strided_rec: 4
nr_doubles: 524288
nr_of_strided_rec: 4
nr_doubles: 524288

Write the data to file:134217728 bytes
***********WAITING************

Write the data to file:134217728 bytes
***********WAITING************

Write the data to file:134217728 bytes
***********WAITING************

Write the data to file:134217728 bytes
***********WAITING************
nr_of_strided_rec: 4
nr_doubles: 524288
nr_of_strided_rec: 4
nr_doubles: 524288
nr_of_strided_rec: 4
nr_doubles: 524288
nr_of_strided_rec: 4
nr_doubles: 524288

Write the data to file:134217728 bytes
***********WAITING************

Write the data to file:134217728 bytes
***********WAITING************

Write the data to file:134217728 bytes
***********WAITING************

Write the data to file:134217728 bytes
***********WAITING************
nr_of_strided_rec: 4
nr_doubles: 524288
nr_of_strided_rec: 4
nr_doubles: 524288
nr_of_strided_rec: 4
nr_doubles: 524288
nr_of_strided_rec: 4
nr_doubles: 524288

Write the data to file:134217728 bytes
***********WAITING************

Write the data to file:134217728 bytes
***********WAITING************

Write the data to file:134217728 bytes
***********WAITING************

Write the data to file:134217728 bytes
***********WAITING************
nr_of_strided_rec: 4
nr_doubles: 524288
nr_of_strided_rec: 4
nr_doubles: 524288
nr_of_strided_rec: 4
nr_doubles: 524288
nr_of_strided_rec: 4
nr_doubles: 524288

Write the data to file:134217728 bytes
***********WAITING************

Write the data to file:134217728 bytes
***********WAITING************

Write the data to file:134217728 bytes
***********WAITING************

Write the data to file:134217728 bytes
***********WAITING************
nr_of_strided_rec: 4
nr_doubles: 524288
nr_of_strided_rec: 4
nr_doubles: 524288
nr_of_strided_rec: 4
nr_doubles: 524288
nr_of_strided_rec: 4
nr_doubles: 524288

Write the data to file:134217728 bytes
***********WAITING************

Write the data to file:134217728 bytes
***********WAITING************

Write the data to file:134217728 bytes
***********WAITING************

Write the data to file:134217728 bytes
***********WAITING************
nr_of_strided_rec: 4
nr_doubles: 524288
nr_of_strided_rec: 4
nr_doubles: 524288
nr_of_strided_rec: 4
nr_doubles: 524288
nr_of_strided_rec: 4
nr_doubles: 524288

Write the data to file:134217728 bytes
***********WAITING************

Write the data to file:134217728 bytes
***********WAITING************

Write the data to file:134217728 bytes
***********WAITING************

Write the data to file:134217728 bytes
***********WAITING************
nr_of_strided_rec: 4
nr_doubles: 524288
nr_of_strided_rec: 4
nr_doubles: 524288
nr_of_strided_rec: 4
nr_doubles: 524288
nr_of_strided_rec: 4
nr_doubles: 524288

Write the data to file:134217728 bytes
***********WAITING************

Write the data to file:134217728 bytes
***********WAITING************

Write the data to file:134217728 bytes
***********WAITING************

Write the data to file:134217728 bytes
***********WAITING************
nr_of_strided_rec: 4
nr_doubles: 524288
nr_of_strided_rec: 4
nr_doubles: 524288
nr_of_strided_rec: 4
nr_doubles: 524288
nr_of_strided_rec: 4
nr_doubles: 524288

Write the data to file:134217728 bytes
***********WAITING************

Write the data to file:134217728 bytes
***********WAITING************

Write the data to file:134217728 bytes
***********WAITING************

Write the data to file:134217728 bytes
***********WAITING************
nr_of_strided_rec: 4
nr_doubles: 524288
nr_of_strided_rec: 4
nr_doubles: 524288
nr_of_strided_rec: 4
nr_doubles: 524288
nr_of_strided_rec: 4
nr_doubles: 524288

Write the data to file:134217728 bytes
***********WAITING************

Write the data to file:134217728 bytes
***********WAITING************

Write the data to file:134217728 bytes
***********WAITING************

Write the data to file:134217728 bytes
***********WAITING************
nr_of_strided_rec: 4
nr_doubles: 524288
nr_of_strided_rec: 4
nr_doubles: 524288
nr_of_strided_rec: 4
nr_doubles: 524288
nr_of_strided_rec: 4
nr_doubles: 524288

Write the data to file:134217728 bytes
***********WAITING************

Write the data to file:134217728 bytes
***********WAITING************

Write the data to file:134217728 bytes
***********WAITING************

Write the data to file:134217728 bytes
***********WAITING************
nr_of_strided_rec: 4
nr_doubles: 524288
nr_of_strided_rec: 4
nr_doubles: 524288
nr_of_strided_rec: 4
nr_doubles: 524288
nr_of_strided_rec: 4
nr_doubles: 524288

Write the data to file:134217728 bytes
***********WAITING************

Write the data to file:134217728 bytes
***********WAITING************

Write the data to file:134217728 bytes
***********WAITING************

Write the data to file:134217728 bytes
***********WAITING************
nr_of_strided_rec: 4
nr_doubles: 524288
nr_of_strided_rec: 4
nr_doubles: 524288
nr_of_strided_rec: 4
nr_doubles: 524288
nr_of_strided_rec: 4
nr_doubles: 524288

Write the data to file:134217728 bytes
***********WAITING************

Write the data to file:134217728 bytes
***********WAITING************

Write the data to file:134217728 bytes
***********WAITING************

Write the data to file:134217728 bytes
***********WAITING************
nr_of_strided_rec: 4
nr_doubles: 524288
nr_of_strided_rec: 4
nr_doubles: 524288
nr_of_strided_rec: 4
nr_doubles: 524288
nr_of_strided_rec: 4
nr_doubles: 524288

Write the data to file:134217728 bytes
***********WAITING************

Write the data to file:134217728 bytes
***********WAITING************

Write the data to file:134217728 bytes
***********WAITING************

Write the data to file:134217728 bytes
***********WAITING************
nr_of_strided_rec: 4
nr_doubles: 524288
nr_of_strided_rec: 4
nr_doubles: 524288
nr_of_strided_rec: 4
nr_doubles: 524288
nr_of_strided_rec: 4
nr_doubles: 524288

Write the data to file:134217728 bytes
***********WAITING************

Write the data to file:134217728 bytes
***********WAITING************

Write the data to file:134217728 bytes
***********WAITING************

Write the data to file:134217728 bytes
***********WAITING************
nr_of_strided_rec: 4
nr_doubles: 524288
nr_of_strided_rec: 4
nr_doubles: 524288
nr_of_strided_rec: 4
nr_doubles: 524288
nr_of_strided_rec: 4
nr_doubles: 524288

Write the data to file:134217728 bytes
***********WAITING************

Write the data to file:134217728 bytes
***********WAITING************

Write the data to file:134217728 bytes
***********WAITING************

Write the data to file:134217728 bytes
***********WAITING************
nr_of_strided_rec: 4
nr_doubles: 524288
nr_of_strided_rec: 4
nr_doubles: 524288
nr_of_strided_rec: 4
nr_doubles: 524288
nr_of_strided_rec: 4
nr_doubles: 524288

Write the data to file:134217728 bytes
***********WAITING************

Write the data to file:134217728 bytes
***********WAITING************

Write the data to file:134217728 bytes
***********WAITING************

Write the data to file:134217728 bytes
***********WAITING************
nr_of_strided_rec: 4
nr_doubles: 524288
nr_of_strided_rec: 4
nr_doubles: 524288
nr_of_strided_rec: 4
nr_doubles: 524288
nr_of_strided_rec: 4
nr_doubles: 524288

Write the data to file:134217728 bytes
***********WAITING************

Write the data to file:134217728 bytes
***********WAITING************

Write the data to file:134217728 bytes
***********WAITING************

Write the data to file:134217728 bytes
***********WAITING************
nr_of_strided_rec: 4
nr_doubles: 524288
nr_of_strided_rec: 4
nr_doubles: 524288
nr_of_strided_rec: 4
nr_doubles: 524288
nr_of_strided_rec: 4
nr_doubles: 524288

Write the data to file:134217728 bytes
***********WAITING************

Write the data to file:134217728 bytes
***********WAITING************

Write the data to file:134217728 bytes
***********WAITING************

Write the data to file:134217728 bytes
***********WAITING************
nr_of_strided_rec: 4
nr_doubles: 524288
nr_of_strided_rec: 4
nr_doubles: 524288
nr_of_strided_rec: 4
nr_doubles: 524288
nr_of_strided_rec: 4
nr_doubles: 524288

Write the data to file:134217728 bytes
***********WAITING************

Write the data to file:134217728 bytes
***********WAITING************

Write the data to file:134217728 bytes
***********WAITING************

Write the data to file:134217728 bytes
***********WAITING************
nr_of_strided_rec: 4
nr_doubles: 524288
nr_of_strided_rec: 4
nr_doubles: 524288
nr_of_strided_rec: 4
nr_doubles: 524288
nr_of_strided_rec: 4
nr_doubles: 524288

Write the data to file:134217728 bytes
***********WAITING************

Write the data to file:134217728 bytes
***********WAITING************

Write the data to file:134217728 bytes
***********WAITING************

Write the data to file:134217728 bytes
***********WAITING************
nr_of_strided_rec: 4
nr_doubles: 524288
nr_of_strided_rec: 4
nr_doubles: 524288
nr_of_strided_rec: 4
nr_doubles: 524288
nr_of_strided_rec: 4
nr_doubles: 524288

Write the data to file:134217728 bytes
***********WAITING************

Write the data to file:134217728 bytes
***********WAITING************

Write the data to file:134217728 bytes
***********WAITING************

Write the data to file:134217728 bytes
***********WAITING************

Write the data to file:134217728 bytes
***********WAITING************

Write the data to file:134217728 bytes
***********WAITING************

Write the data to file:134217728 bytes
***********WAITING************

Write the data to file:134217728 bytes
***********WAITING************
W_cc         3.47   [      3.46:      3.47]
W_r         40.58   [     40.58:     40.58]
W_w         27.89   [     27.89:     27.89]
          -------
W_total     71.94   [     71.93:     71.95]

calc_W done
calc_W done
calc_W done
calc_W done
nr_of_strided_rec: 4
nr_doubles: 524288
nr_of_strided_rec: 4
nr_doubles: 524288
nr_of_strided_rec: 4
nr_doubles: 524288
nr_of_strided_rec: 4
nr_doubles: 524288
nr_of_strided_rec: 4
nr_doubles: 524288
nr_of_strided_rec: 4
nr_doubles: 524288
nr_of_strided_rec: 4
nr_doubles: 524288
nr_of_strided_rec: 4
nr_doubles: 524288
nr_of_strided_rec: 4
nr_doubles: 524288
nr_of_strided_rec: 4
nr_doubles: 524288
nr_of_strided_rec: 4
nr_doubles: 524288
nr_of_strided_rec: 4
nr_doubles: 524288
nr_of_strided_rec: 4
nr_doubles: 524288
nr_of_strided_rec: 4
nr_doubles: 524288
nr_of_strided_rec: 4
nr_doubles: 524288
nr_of_strided_rec: 4
nr_doubles: 524288
nr_of_strided_rec: 4
nr_doubles: 524288
nr_of_strided_rec: 4
nr_doubles: 524288
nr_of_strided_rec: 4
nr_doubles: 524288
nr_of_strided_rec: 4
nr_doubles: 524288
nr_of_strided_rec: 4
nr_doubles: 524288
nr_of_strided_rec: 4
nr_doubles: 524288
nr_of_strided_rec: 4
nr_doubles: 524288
nr_of_strided_rec: 4
nr_doubles: 524288
nr_of_strided_rec: 4
nr_doubles: 524288
nr_of_strided_rec: 4
nr_doubles: 524288
nr_of_strided_rec: 4
nr_doubles: 524288
nr_of_strided_rec: 4
nr_doubles: 524288
nr_of_strided_rec: 4
nr_doubles: 524288
nr_of_strided_rec: 4
nr_doubles: 524288
nr_of_strided_rec: 4
nr_doubles: 524288
nr_of_strided_rec: 4
nr_doubles: 524288
nr_of_strided_rec: 4
nr_doubles: 524288
nr_of_strided_rec: 4
nr_doubles: 524288
nr_of_strided_rec: 4
nr_doubles: 524288
nr_of_strided_rec: 4
nr_doubles: 524288
nr_of_strided_rec: 4
nr_doubles: 524288
nr_of_strided_rec: 4
nr_doubles: 524288
nr_of_strided_rec: 4
nr_doubles: 524288
nr_of_strided_rec: 4
nr_doubles: 524288
nr_of_strided_rec: 4
nr_doubles: 524288
nr_of_strided_rec: 4
nr_doubles: 524288
nr_of_strided_rec: 4
nr_doubles: 524288
nr_of_strided_rec: 4
nr_doubles: 524288
nr_of_strided_rec: 4
nr_doubles: 524288
nr_of_strided_rec: 4
nr_doubles: 524288
nr_of_strided_rec: 4
nr_doubles: 524288
nr_of_strided_rec: 4
nr_doubles: 524288
nr_of_strided_rec: 4
nr_doubles: 524288
nr_of_strided_rec: 4
nr_doubles: 524288
nr_of_strided_rec: 4
nr_doubles: 524288
nr_of_strided_rec: 4
nr_doubles: 524288
nr_of_strided_rec: 4
nr_doubles: 524288
nr_of_strided_rec: 4
nr_doubles: 524288
nr_of_strided_rec: 4
nr_doubles: 524288
nr_of_strided_rec: 4
nr_doubles: 524288
nr_of_strided_rec: 4
nr_doubles: 524288
nr_of_strided_rec: 4
nr_doubles: 524288
nr_of_strided_rec: 4
nr_doubles: 524288
nr_of_strided_rec: 4
nr_doubles: 524288
nr_of_strided_rec: 4
nr_doubles: 524288
nr_of_strided_rec: 4
nr_doubles: 524288
nr_of_strided_rec: 4
nr_doubles: 524288
nr_of_strided_rec: 4
nr_doubles: 524288
nr_of_strided_rec: 4
nr_doubles: 524288
nr_of_strided_rec: 4
nr_doubles: 524288
nr_of_strided_rec: 4
nr_doubles: 524288
nr_of_strided_rec: 4
nr_doubles: 524288
nr_of_strided_rec: 4
nr_doubles: 524288
nr_of_strided_rec: 4
nr_doubles: 524288
nr_of_strided_rec: 4
nr_doubles: 524288
nr_of_strided_rec: 4
nr_doubles: 524288
nr_of_strided_rec: 4
nr_doubles: 524288
nr_of_strided_rec: 4
nr_doubles: 524288
nr_of_strided_rec: 4
nr_doubles: 524288
nr_of_strided_rec: 4
nr_doubles: 524288
nr_of_strided_rec: 4
nr_doubles: 524288
nr_of_strided_rec: 4
nr_doubles: 524288
nr_of_strided_rec: 4
nr_doubles: 524288
nr_of_strided_rec: 4
nr_doubles: 524288
nr_of_strided_rec: 4
nr_doubles: 524288
nr_of_strided_rec: 4
nr_doubles: 524288
nr_of_strided_rec: 4
nr_doubles: 524288
nr_of_strided_rec: 4
nr_doubles: 524288
nr_of_strided_rec: 4
nr_doubles: 524288
nr_of_strided_rec: 4
nr_doubles: 524288
nr_of_strided_rec: 4
nr_doubles: 524288
nr_of_strided_rec: 4
nr_doubles: 524288
nr_of_strided_rec: 4
nr_doubles: 524288
nr_of_strided_rec: 4
nr_doubles: 524288
nr_of_strided_rec: 4
nr_doubles: 524288
nr_of_strided_rec: 4
nr_doubles: 524288
nr_of_strided_rec: 4
nr_doubles: 524288
nr_of_strided_rec: 4
nr_doubles: 524288
nr_of_strided_rec: 4
nr_doubles: 524288
nr_of_strided_rec: 4
nr_doubles: 524288
nr_of_strided_rec: 4
nr_doubles: 524288
nr_of_strided_rec: 4
nr_doubles: 524288
nr_of_strided_rec: 4
nr_doubles: 524288
nr_of_strided_rec: 4
nr_doubles: 524288
nr_of_strided_rec: 4
nr_doubles: 524288
nr_of_strided_rec: 4
nr_doubles: 524288
nr_of_strided_rec: 4
nr_doubles: 524288
nr_of_strided_rec: 4
nr_doubles: 524288
nr_of_strided_rec: 4
nr_doubles: 524288
nr_of_strided_rec: 4
nr_doubles: 524288
nr_of_strided_rec: 4
nr_doubles: 524288
nr_of_strided_rec: 4
nr_doubles: 524288
nr_of_strided_rec: 4
nr_doubles: 524288
nr_of_strided_rec: 4
nr_doubles: 524288
nr_of_strided_rec: 4
nr_doubles: 524288
nr_of_strided_rec: 4
nr_doubles: 524288
nr_of_strided_rec: 4
nr_doubles: 524288
nr_of_strided_rec: 4
nr_doubles: 524288
nr_of_strided_rec: 4
nr_doubles: 524288
nr_of_strided_rec: 4
nr_doubles: 524288
nr_of_strided_rec: 4
nr_doubles: 524288
nr_of_strided_rec: 4
nr_doubles: 524288
nr_of_strided_rec: 4
nr_doubles: 524288
nr_of_strided_rec: 4
nr_doubles: 524288
C_cc         1.57   [      1.56:      1.57]
C_bw         0.60   [      0.60:      0.60]
C_r         32.03   [     32.03:     32.03]
          -------
C_total     34.20   [     34.20:     34.20]


dC[0] = 0.00000e+00
fclose PID:30687 fd:8
fclose PID:30686 fd:8
fclose PID:30684 fd:12
fclose PID:30685 fd:10
READAHEAD_TIME:2549.000000 us
MaxRSS= 534872 KB, SharedMem= 0 KB, HardPageFault= 11
READAHEAD_TIME:2534.000000 us
MaxRSS= 534760 KB, SharedMem= 0 KB, HardPageFault= 12
READAHEAD_TIME:2555.000000 us
MaxRSS= 534920 KB, SharedMem= 0 KB, HardPageFault= 11
READAHEAD_TIME:2712.000000 us
MaxRSS= 534860 KB, SharedMem= 0 KB, HardPageFault= 13
fclose PID:30683 fd:0
fclose PID:30683 fd:6
fclose PID:30683 fd:6
fclose PID:30683 fd:0
READAHEAD_TIME:0.000000 us
MaxRSS= 5292 KB, SharedMem= 0 KB, HardPageFault= 2
fclose PID:30682 fd:3
fclose PID:30682 fd:4
fclose PID:30682 fd:4
fclose PID:30682 fd:3
READAHEAD_TIME:0.000000 us
MaxRSS= 4884 KB, SharedMem= 0 KB, HardPageFault= 4
	Command being timed: "mpiexec -n 4 ./MADbench2_io 8192 30 1 8 64 1 1 4194304 7 1"
	User time (seconds): 67.24
	System time (seconds): 55.93
	Percent of CPU this job got: 86%
	Elapsed (wall clock) time (h:mm:ss or m:ss): 2:21.91
	Average shared text size (kbytes): 0
	Average unshared data size (kbytes): 0
	Average stack size (kbytes): 0
	Average total size (kbytes): 0
	Maximum resident set size (kbytes): 534920
	Average resident set size (kbytes): 0
	Major (requiring I/O) page faults: 54
	Minor (reclaiming a frame) page faults: 3426160
	Voluntary context switches: 26031
	Involuntary context switches: 1137
	Swaps: 0
	File system inputs: 62911808
	File system outputs: 62914656
	Socket messages sent: 0
	Socket messages received: 0
	Signals delivered: 0
	Page size (bytes): 4096
	Exit status: 0
READAHEAD_TIME:0.000000 us
MaxRSS= 2160 KB, SharedMem= 0 KB, HardPageFault= 0
*******************DMESG OUTPUT******************
