fclose PID:32574 fd:3
fclose PID:32574 fd:4
fclose PID:32574 fd:4
fclose PID:32574 fd:3
available: 2 nodes (0-1)
fclose PID:32574 fd:3
node 0 cpus:fclose PID:32574 fd:3
 0 1 2 3 4 5 6 7 8 9 20 21 22 23 24 25 26 27 28 29
node 0 size: 80440 MB
node 0 free: 80123 MB
fclose PID:32574 fd:3
node 1 cpus:fclose PID:32574 fd:3
 10 11 12 13 14 15 16 17 18 19 30 31 32 33 34 35 36 37 38 39
node 1 size: 80635 MB
node 1 free: 80376 MB
fclose PID:32574 fd:3
fclose PID:32574 fd:3
node distances:
node   0   1 
  0:  10  21 
  1:  21  10 
READAHEAD_TIME:0.000000 us
MaxRSS= 2212 KB, SharedMem= 0 KB, HardPageFault= 10
fclose PID:32579 fd:12
fclose PID:32580 fd:10
fclose PID:32582 fd:8
fclose PID:32581 fd:8

MADbench 2.0 IO-mode
no_pe = 4  no_pix = 16384  no_bin = 30  no_gang = 1 sblocksize = 8  fblocksize = 64  r_mod = 1  w_mod = 1 record_size=131072 stride=7


IOMETHOD = POSIX  IOMODE = SYNC  FILETYPE = UNIQUE  REMAP = CUSTOMbuild_S
build_S
build_S
build_S

Write the data to file:536870912 bytes
***********WAITING************

Write the data to file:536870912 bytes
***********WAITING************

Write the data to file:536870912 bytes
***********WAITING************

Write the data to file:536870912 bytes
***********WAITING************

Write the data to file:536870912 bytes
***********WAITING************

Write the data to file:536870912 bytes
***********WAITING************

Write the data to file:536870912 bytes
***********WAITING************

Write the data to file:536870912 bytes
***********WAITING************

Write the data to file:536870912 bytes
***********WAITING************

Write the data to file:536870912 bytes
***********WAITING************

Write the data to file:536870912 bytes
***********WAITING************

Write the data to file:536870912 bytes
***********WAITING************

Write the data to file:536870912 bytes
***********WAITING************

Write the data to file:536870912 bytes
***********WAITING************

Write the data to file:536870912 bytes
***********WAITING************

Write the data to file:536870912 bytes
***********WAITING************

Write the data to file:536870912 bytes
***********WAITING************

Write the data to file:536870912 bytes
***********WAITING************

Write the data to file:536870912 bytes
***********WAITING************

Write the data to file:536870912 bytes
***********WAITING************

Write the data to file:536870912 bytes
***********WAITING************

Write the data to file:536870912 bytes
***********WAITING************

Write the data to file:536870912 bytes
***********WAITING************

Write the data to file:536870912 bytes
***********WAITING************

Write the data to file:536870912 bytes
***********WAITING************

Write the data to file:536870912 bytes
***********WAITING************

Write the data to file:536870912 bytes
***********WAITING************

Write the data to file:536870912 bytes
***********WAITING************

Write the data to file:536870912 bytes
***********WAITING************

Write the data to file:536870912 bytes
***********WAITING************

Write the data to file:536870912 bytes
***********WAITING************

Write the data to file:536870912 bytes
***********WAITING************

Write the data to file:536870912 bytes
***********WAITING************

Write the data to file:536870912 bytes
***********WAITING************

Write the data to file:536870912 bytes
***********WAITING************

Write the data to file:536870912 bytes
***********WAITING************

Write the data to file:536870912 bytes
***********WAITING************

Write the data to file:536870912 bytes
***********WAITING************

Write the data to file:536870912 bytes
***********WAITING************

Write the data to file:536870912 bytes
***********WAITING************

Write the data to file:536870912 bytes
***********WAITING************

Write the data to file:536870912 bytes
***********WAITING************

Write the data to file:536870912 bytes
***********WAITING************

Write the data to file:536870912 bytes
***********WAITING************

Write the data to file:536870912 bytes
***********WAITING************

Write the data to file:536870912 bytes
***********WAITING************

Write the data to file:536870912 bytes
***********WAITING************

Write the data to file:536870912 bytes
***********WAITING************

Write the data to file:536870912 bytes
***********WAITING************

Write the data to file:536870912 bytes
***********WAITING************

Write the data to file:536870912 bytes
***********WAITING************

Write the data to file:536870912 bytes
***********WAITING************

Write the data to file:536870912 bytes
***********WAITING************

Write the data to file:536870912 bytes
***********WAITING************

Write the data to file:536870912 bytes
***********WAITING************

Write the data to file:536870912 bytes
***********WAITING************

Write the data to file:536870912 bytes
***********WAITING************

Write the data to file:536870912 bytes
***********WAITING************

Write the data to file:536870912 bytes
***********WAITING************

Write the data to file:536870912 bytes
***********WAITING************

Write the data to file:536870912 bytes
***********WAITING************

Write the data to file:536870912 bytes
***********WAITING************

Write the data to file:536870912 bytes
***********WAITING************

Write the data to file:536870912 bytes
***********WAITING************

Write the data to file:536870912 bytes
***********WAITING************

Write the data to file:536870912 bytes
***********WAITING************

Write the data to file:536870912 bytes
***********WAITING************

Write the data to file:536870912 bytes
***********WAITING************

Write the data to file:536870912 bytes
***********WAITING************

Write the data to file:536870912 bytes
***********WAITING************

Write the data to file:536870912 bytes
***********WAITING************

Write the data to file:536870912 bytes
***********WAITING************

Write the data to file:536870912 bytes
***********WAITING************

Write the data to file:536870912 bytes
***********WAITING************

Write the data to file:536870912 bytes
***********WAITING************

Write the data to file:536870912 bytes
***********WAITING************

Write the data to file:536870912 bytes
***********WAITING************

Write the data to file:536870912 bytes
***********WAITING************

Write the data to file:536870912 bytes
***********WAITING************

Write the data to file:536870912 bytes
***********WAITING************

Write the data to file:536870912 bytes
***********WAITING************

Write the data to file:536870912 bytes
***********WAITING************

Write the data to file:536870912 bytes
***********WAITING************

Write the data to file:536870912 bytes
***********WAITING************

Write the data to file:536870912 bytes
***********WAITING************

Write the data to file:536870912 bytes
***********WAITING************

Write the data to file:536870912 bytes
***********WAITING************

Write the data to file:536870912 bytes
***********WAITING************

Write the data to file:536870912 bytes
***********WAITING************

Write the data to file:536870912 bytes
***********WAITING************

Write the data to file:536870912 bytes
***********WAITING************

Write the data to file:536870912 bytes
***********WAITING************

Write the data to file:536870912 bytes
***********WAITING************

Write the data to file:536870912 bytes
***********WAITING************

Write the data to file:536870912 bytes
***********WAITING************

Write the data to file:536870912 bytes
***********WAITING************

Write the data to file:536870912 bytes
***********WAITING************

Write the data to file:536870912 bytes
***********WAITING************

Write the data to file:536870912 bytes
***********WAITING************

Write the data to file:536870912 bytes
***********WAITING************

Write the data to file:536870912 bytes
***********WAITING************

Write the data to file:536870912 bytes
***********WAITING************

Write the data to file:536870912 bytes
***********WAITING************

Write the data to file:536870912 bytes
***********WAITING************

Write the data to file:536870912 bytes
***********WAITING************

Write the data to file:536870912 bytes
***********WAITING************

Write the data to file:536870912 bytes
***********WAITING************

Write the data to file:536870912 bytes
***********WAITING************

Write the data to file:536870912 bytes
***********WAITING************

Write the data to file:536870912 bytes
***********WAITING************

Write the data to file:536870912 bytes
***********WAITING************

Write the data to file:536870912 bytes
***********WAITING************

Write the data to file:536870912 bytes
***********WAITING************

Write the data to file:536870912 bytes
***********WAITING************

Write the data to file:536870912 bytes
***********WAITING************

Write the data to file:536870912 bytes
***********WAITING************

Write the data to file:536870912 bytes
***********WAITING************

Write the data to file:536870912 bytes
***********WAITING************

Write the data to file:536870912 bytes
***********WAITING************

Write the data to file:536870912 bytes
***********WAITING************
S_cc         4.32   [      4.31:      4.33]
S_bw         2.90   [      2.90:      2.90]
S_w        120.24   [    120.24:    120.24]
          -------
S_total    127.46   [    127.46:    127.47]

build_S done
calc_W
build_S done
calc_W
nr_of_strided_rec: 512
nr_doubles: 16384
build_S done
calc_W
nr_of_strided_rec: 512
nr_doubles: 16384
build_S done
calc_W
nr_of_strided_rec: 512
nr_doubles: 16384
nr_of_strided_rec: 512
nr_doubles: 16384
nr_of_strided_rec: 512
nr_doubles: 16384
nr_of_strided_rec: 512
nr_doubles: 16384
nr_of_strided_rec: 512
nr_doubles: 16384
nr_of_strided_rec: 512
nr_doubles: 16384

Write the data to file:536870912 bytes
***********WAITING************

Write the data to file:536870912 bytes
***********WAITING************

Write the data to file:536870912 bytes
***********WAITING************

Write the data to file:536870912 bytes
***********WAITING************
nr_of_strided_rec: 512
nr_doubles: 16384
nr_of_strided_rec: 512
nr_doubles: 16384
nr_of_strided_rec: 512
nr_doubles: 16384
nr_of_strided_rec: 512
nr_doubles: 16384

Write the data to file:536870912 bytes
***********WAITING************

Write the data to file:536870912 bytes
***********WAITING************

Write the data to file:536870912 bytes
***********WAITING************

Write the data to file:536870912 bytes
***********WAITING************
nr_of_strided_rec: 512
nr_doubles: 16384
nr_of_strided_rec: 512
nr_doubles: 16384
nr_of_strided_rec: 512
nr_doubles: 16384
nr_of_strided_rec: 512
nr_doubles: 16384

Write the data to file:536870912 bytes
***********WAITING************

Write the data to file:536870912 bytes
***********WAITING************

Write the data to file:536870912 bytes
***********WAITING************

Write the data to file:536870912 bytes
***********WAITING************
nr_of_strided_rec: 512
nr_doubles: 16384
nr_of_strided_rec: 512
nr_doubles: 16384
nr_of_strided_rec: 512
nr_doubles: 16384
nr_of_strided_rec: 512
nr_doubles: 16384

Write the data to file:536870912 bytes
***********WAITING************

Write the data to file:536870912 bytes
***********WAITING************

Write the data to file:536870912 bytes
***********WAITING************

Write the data to file:536870912 bytes
***********WAITING************
nr_of_strided_rec: 512
nr_doubles: 16384
nr_of_strided_rec: 512
nr_doubles: 16384
nr_of_strided_rec: 512
nr_doubles: 16384
nr_of_strided_rec: 512
nr_doubles: 16384

Write the data to file:536870912 bytes
***********WAITING************

Write the data to file:536870912 bytes
***********WAITING************

Write the data to file:536870912 bytes
***********WAITING************

Write the data to file:536870912 bytes
***********WAITING************
nr_of_strided_rec: 512
nr_doubles: 16384
nr_of_strided_rec: 512
nr_doubles: 16384
nr_of_strided_rec: 512
nr_doubles: 16384
nr_of_strided_rec: 512
nr_doubles: 16384

Write the data to file:536870912 bytes
***********WAITING************

Write the data to file:536870912 bytes
***********WAITING************

Write the data to file:536870912 bytes
***********WAITING************

Write the data to file:536870912 bytes
***********WAITING************
nr_of_strided_rec: 512
nr_doubles: 16384
nr_of_strided_rec: 512
nr_doubles: 16384
nr_of_strided_rec: 512
nr_doubles: 16384
nr_of_strided_rec: 512
nr_doubles: 16384

Write the data to file:536870912 bytes
***********WAITING************

Write the data to file:536870912 bytes
***********WAITING************

Write the data to file:536870912 bytes
***********WAITING************

Write the data to file:536870912 bytes
***********WAITING************
nr_of_strided_rec: 512
nr_doubles: 16384
nr_of_strided_rec: 512
nr_doubles: 16384
nr_of_strided_rec: 512
nr_doubles: 16384
nr_of_strided_rec: 512
nr_doubles: 16384

Write the data to file:536870912 bytes
***********WAITING************

Write the data to file:536870912 bytes
***********WAITING************

Write the data to file:536870912 bytes
***********WAITING************

Write the data to file:536870912 bytes
***********WAITING************
nr_of_strided_rec: 512
nr_doubles: 16384
nr_of_strided_rec: 512
nr_doubles: 16384
nr_of_strided_rec: 512
nr_doubles: 16384
nr_of_strided_rec: 512
nr_doubles: 16384

Write the data to file:536870912 bytes
***********WAITING************

Write the data to file:536870912 bytes
***********WAITING************

Write the data to file:536870912 bytes
***********WAITING************

Write the data to file:536870912 bytes
***********WAITING************
nr_of_strided_rec: 512
nr_doubles: 16384
nr_of_strided_rec: 512
nr_doubles: 16384
nr_of_strided_rec: 512
nr_doubles: 16384
nr_of_strided_rec: 512
nr_doubles: 16384

Write the data to file:536870912 bytes
***********WAITING************

Write the data to file:536870912 bytes
***********WAITING************

Write the data to file:536870912 bytes
***********WAITING************

Write the data to file:536870912 bytes
***********WAITING************
nr_of_strided_rec: 512
nr_doubles: 16384
nr_of_strided_rec: 512
nr_doubles: 16384
nr_of_strided_rec: 512
nr_doubles: 16384
nr_of_strided_rec: 512
nr_doubles: 16384

Write the data to file:536870912 bytes
***********WAITING************

Write the data to file:536870912 bytes
***********WAITING************

Write the data to file:536870912 bytes
***********WAITING************

Write the data to file:536870912 bytes
***********WAITING************
nr_of_strided_rec: 512
nr_doubles: 16384
nr_of_strided_rec: 512
nr_doubles: 16384
nr_of_strided_rec: 512
nr_doubles: 16384
nr_of_strided_rec: 512
nr_doubles: 16384

Write the data to file:536870912 bytes
***********WAITING************

Write the data to file:536870912 bytes
***********WAITING************

Write the data to file:536870912 bytes
***********WAITING************

Write the data to file:536870912 bytes
***********WAITING************
nr_of_strided_rec: 512
nr_doubles: 16384
nr_of_strided_rec: 512
nr_doubles: 16384
nr_of_strided_rec: 512
nr_doubles: 16384
nr_of_strided_rec: 512
nr_doubles: 16384

Write the data to file:536870912 bytes
***********WAITING************

Write the data to file:536870912 bytes
***********WAITING************

Write the data to file:536870912 bytes
***********WAITING************

Write the data to file:536870912 bytes
***********WAITING************
nr_of_strided_rec: 512
nr_doubles: 16384
nr_of_strided_rec: 512
nr_doubles: 16384
nr_of_strided_rec: 512
nr_doubles: 16384
nr_of_strided_rec: 512
nr_doubles: 16384

Write the data to file:536870912 bytes
***********WAITING************

Write the data to file:536870912 bytes
***********WAITING************

Write the data to file:536870912 bytes
***********WAITING************

Write the data to file:536870912 bytes
***********WAITING************
nr_of_strided_rec: 512
nr_doubles: 16384
nr_of_strided_rec: 512
nr_doubles: 16384
nr_of_strided_rec: 512
nr_doubles: 16384
nr_of_strided_rec: 512
nr_doubles: 16384

Write the data to file:536870912 bytes
***********WAITING************

Write the data to file:536870912 bytes
***********WAITING************

Write the data to file:536870912 bytes
***********WAITING************

Write the data to file:536870912 bytes
***********WAITING************
nr_of_strided_rec: 512
nr_doubles: 16384
nr_of_strided_rec: 512
nr_doubles: 16384
nr_of_strided_rec: 512
nr_doubles: 16384
nr_of_strided_rec: 512
nr_doubles: 16384

Write the data to file:536870912 bytes
***********WAITING************

Write the data to file:536870912 bytes
***********WAITING************

Write the data to file:536870912 bytes
***********WAITING************

Write the data to file:536870912 bytes
***********WAITING************
nr_of_strided_rec: 512
nr_doubles: 16384
nr_of_strided_rec: 512
nr_doubles: 16384
nr_of_strided_rec: 512
nr_doubles: 16384
nr_of_strided_rec: 512
nr_doubles: 16384

Write the data to file:536870912 bytes
***********WAITING************

Write the data to file:536870912 bytes
***********WAITING************

Write the data to file:536870912 bytes
***********WAITING************

Write the data to file:536870912 bytes
***********WAITING************
nr_of_strided_rec: 512
nr_doubles: 16384
nr_of_strided_rec: 512
nr_doubles: 16384
nr_of_strided_rec: 512
nr_doubles: 16384
nr_of_strided_rec: 512
nr_doubles: 16384

Write the data to file:536870912 bytes
***********WAITING************

Write the data to file:536870912 bytes
***********WAITING************

Write the data to file:536870912 bytes
***********WAITING************

Write the data to file:536870912 bytes
***********WAITING************
nr_of_strided_rec: 512
nr_doubles: 16384
nr_of_strided_rec: 512
nr_doubles: 16384
nr_of_strided_rec: 512
nr_doubles: 16384
nr_of_strided_rec: 512
nr_doubles: 16384

Write the data to file:536870912 bytes
***********WAITING************

Write the data to file:536870912 bytes
***********WAITING************

Write the data to file:536870912 bytes
***********WAITING************

Write the data to file:536870912 bytes
***********WAITING************
nr_of_strided_rec: 512
nr_doubles: 16384
nr_of_strided_rec: 512
nr_doubles: 16384
nr_of_strided_rec: 512
nr_doubles: 16384
nr_of_strided_rec: 512
nr_doubles: 16384

Write the data to file:536870912 bytes
***********WAITING************

Write the data to file:536870912 bytes
***********WAITING************

Write the data to file:536870912 bytes
***********WAITING************

Write the data to file:536870912 bytes
***********WAITING************
nr_of_strided_rec: 512
nr_doubles: 16384
nr_of_strided_rec: 512
nr_doubles: 16384
nr_of_strided_rec: 512
nr_doubles: 16384
nr_of_strided_rec: 512
nr_doubles: 16384

Write the data to file:536870912 bytes
***********WAITING************

Write the data to file:536870912 bytes
***********WAITING************

Write the data to file:536870912 bytes
***********WAITING************

Write the data to file:536870912 bytes
***********WAITING************
nr_of_strided_rec: 512
nr_doubles: 16384
nr_of_strided_rec: 512
nr_doubles: 16384
nr_of_strided_rec: 512
nr_doubles: 16384
nr_of_strided_rec: 512
nr_doubles: 16384

Write the data to file:536870912 bytes
***********WAITING************

Write the data to file:536870912 bytes
***********WAITING************

Write the data to file:536870912 bytes
***********WAITING************

Write the data to file:536870912 bytes
***********WAITING************
nr_of_strided_rec: 512
nr_doubles: 16384
nr_of_strided_rec: 512
nr_doubles: 16384
nr_of_strided_rec: 512
nr_doubles: 16384
nr_of_strided_rec: 512
nr_doubles: 16384

Write the data to file:536870912 bytes
***********WAITING************

Write the data to file:536870912 bytes
***********WAITING************

Write the data to file:536870912 bytes
***********WAITING************

Write the data to file:536870912 bytes
***********WAITING************
nr_of_strided_rec: 512
nr_doubles: 16384
nr_of_strided_rec: 512
nr_doubles: 16384
nr_of_strided_rec: 512
nr_doubles: 16384
nr_of_strided_rec: 512
nr_doubles: 16384

Write the data to file:536870912 bytes
***********WAITING************

Write the data to file:536870912 bytes
***********WAITING************

Write the data to file:536870912 bytes
***********WAITING************

Write the data to file:536870912 bytes
***********WAITING************
nr_of_strided_rec: 512
nr_doubles: 16384
nr_of_strided_rec: 512
nr_doubles: 16384
nr_of_strided_rec: 512
nr_doubles: 16384
nr_of_strided_rec: 512
nr_doubles: 16384

Write the data to file:536870912 bytes
***********WAITING************

Write the data to file:536870912 bytes
***********WAITING************

Write the data to file:536870912 bytes
***********WAITING************

Write the data to file:536870912 bytes
***********WAITING************
nr_of_strided_rec: 512
nr_doubles: 16384
nr_of_strided_rec: 512
nr_doubles: 16384
nr_of_strided_rec: 512
nr_doubles: 16384
nr_of_strided_rec: 512
nr_doubles: 16384

Write the data to file:536870912 bytes
***********WAITING************

Write the data to file:536870912 bytes
***********WAITING************

Write the data to file:536870912 bytes
***********WAITING************

Write the data to file:536870912 bytes
***********WAITING************
nr_of_strided_rec: 512
nr_doubles: 16384
nr_of_strided_rec: 512
nr_doubles: 16384
nr_of_strided_rec: 512
nr_doubles: 16384
nr_of_strided_rec: 512
nr_doubles: 16384

Write the data to file:536870912 bytes
***********WAITING************

Write the data to file:536870912 bytes
***********WAITING************

Write the data to file:536870912 bytes
***********WAITING************

Write the data to file:536870912 bytes
***********WAITING************
nr_of_strided_rec: 512
nr_doubles: 16384
nr_of_strided_rec: 512
nr_doubles: 16384
nr_of_strided_rec: 512
nr_doubles: 16384
nr_of_strided_rec: 512
nr_doubles: 16384

Write the data to file:536870912 bytes
***********WAITING************

Write the data to file:536870912 bytes
***********WAITING************

Write the data to file:536870912 bytes
***********WAITING************

Write the data to file:536870912 bytes
***********WAITING************
nr_of_strided_rec: 512
nr_doubles: 16384
nr_of_strided_rec: 512
nr_doubles: 16384
nr_of_strided_rec: 512
nr_doubles: 16384
nr_of_strided_rec: 512
nr_doubles: 16384

Write the data to file:536870912 bytes
***********WAITING************

Write the data to file:536870912 bytes
***********WAITING************

Write the data to file:536870912 bytes
***********WAITING************

Write the data to file:536870912 bytes
***********WAITING************

Write the data to file:536870912 bytes
***********WAITING************

Write the data to file:536870912 bytes
***********WAITING************

Write the data to file:536870912 bytes
***********WAITING************

Write the data to file:536870912 bytes
***********WAITING************
W_cc         9.00   [      8.99:      9.01]
W_r        230.71   [    230.71:    230.71]
W_w        102.93   [    102.93:    102.93]
          -------
W_total    342.64   [    342.63:    342.66]

calc_W done
calc_W done
nr_of_strided_rec: 512
nr_doubles: 16384
calc_W done
nr_of_strided_rec: 512
nr_doubles: 16384
calc_W done
nr_of_strided_rec: 512
nr_doubles: 16384
nr_of_strided_rec: 512
nr_doubles: 16384
nr_of_strided_rec: 512
nr_doubles: 16384
nr_of_strided_rec: 512
nr_doubles: 16384
nr_of_strided_rec: 512
nr_doubles: 16384
nr_of_strided_rec: 512
nr_doubles: 16384
nr_of_strided_rec: 512
nr_doubles: 16384
nr_of_strided_rec: 512
nr_doubles: 16384
nr_of_strided_rec: 512
nr_doubles: 16384
nr_of_strided_rec: 512
nr_doubles: 16384
nr_of_strided_rec: 512
nr_doubles: 16384
nr_of_strided_rec: 512
nr_doubles: 16384
nr_of_strided_rec: 512
nr_doubles: 16384
nr_of_strided_rec: 512
nr_doubles: 16384
nr_of_strided_rec: 512
nr_doubles: 16384
nr_of_strided_rec: 512
nr_doubles: 16384
nr_of_strided_rec: 512
nr_doubles: 16384
nr_of_strided_rec: 512
nr_doubles: 16384
nr_of_strided_rec: 512
nr_doubles: 16384
nr_of_strided_rec: 512
nr_doubles: 16384
nr_of_strided_rec: 512
nr_doubles: 16384
nr_of_strided_rec: 512
nr_doubles: 16384
nr_of_strided_rec: 512
nr_doubles: 16384
nr_of_strided_rec: 512
nr_doubles: 16384
nr_of_strided_rec: 512
nr_doubles: 16384
nr_of_strided_rec: 512
nr_doubles: 16384
nr_of_strided_rec: 512
nr_doubles: 16384
nr_of_strided_rec: 512
nr_doubles: 16384
nr_of_strided_rec: 512
nr_doubles: 16384
nr_of_strided_rec: 512
nr_doubles: 16384
nr_of_strided_rec: 512
nr_doubles: 16384
nr_of_strided_rec: 512
nr_doubles: 16384
nr_of_strided_rec: 512
nr_doubles: 16384
nr_of_strided_rec: 512
nr_doubles: 16384
nr_of_strided_rec: 512
nr_doubles: 16384
nr_of_strided_rec: 512
nr_doubles: 16384
nr_of_strided_rec: 512
nr_doubles: 16384
nr_of_strided_rec: 512
nr_doubles: 16384
nr_of_strided_rec: 512
nr_doubles: 16384
nr_of_strided_rec: 512
nr_doubles: 16384
nr_of_strided_rec: 512
nr_doubles: 16384
nr_of_strided_rec: 512
nr_doubles: 16384
nr_of_strided_rec: 512
nr_doubles: 16384
nr_of_strided_rec: 512
nr_doubles: 16384
nr_of_strided_rec: 512
nr_doubles: 16384
nr_of_strided_rec: 512
nr_doubles: 16384
nr_of_strided_rec: 512
nr_doubles: 16384
nr_of_strided_rec: 512
nr_doubles: 16384
nr_of_strided_rec: 512
nr_doubles: 16384
nr_of_strided_rec: 512
nr_doubles: 16384
nr_of_strided_rec: 512
nr_doubles: 16384
nr_of_strided_rec: 512
nr_doubles: 16384
nr_of_strided_rec: 512
nr_doubles: 16384
nr_of_strided_rec: 512
nr_doubles: 16384
nr_of_strided_rec: 512
nr_doubles: 16384
nr_of_strided_rec: 512
nr_doubles: 16384
nr_of_strided_rec: 512
nr_doubles: 16384
nr_of_strided_rec: 512
nr_doubles: 16384
nr_of_strided_rec: 512
nr_doubles: 16384
nr_of_strided_rec: 512
nr_doubles: 16384
nr_of_strided_rec: 512
nr_doubles: 16384
nr_of_strided_rec: 512
nr_doubles: 16384
nr_of_strided_rec: 512
nr_doubles: 16384
nr_of_strided_rec: 512
nr_doubles: 16384
nr_of_strided_rec: 512
nr_doubles: 16384
nr_of_strided_rec: 512
nr_doubles: 16384
nr_of_strided_rec: 512
nr_doubles: 16384
nr_of_strided_rec: 512
nr_doubles: 16384
nr_of_strided_rec: 512
nr_doubles: 16384
nr_of_strided_rec: 512
nr_doubles: 16384
nr_of_strided_rec: 512
nr_doubles: 16384
nr_of_strided_rec: 512
nr_doubles: 16384
nr_of_strided_rec: 512
nr_doubles: 16384
nr_of_strided_rec: 512
nr_doubles: 16384
nr_of_strided_rec: 512
nr_doubles: 16384
nr_of_strided_rec: 512
nr_doubles: 16384
nr_of_strided_rec: 512
nr_doubles: 16384
nr_of_strided_rec: 512
nr_doubles: 16384
nr_of_strided_rec: 512
nr_doubles: 16384
nr_of_strided_rec: 512
nr_doubles: 16384
nr_of_strided_rec: 512
nr_doubles: 16384
nr_of_strided_rec: 512
nr_doubles: 16384
nr_of_strided_rec: 512
nr_doubles: 16384
nr_of_strided_rec: 512
nr_doubles: 16384
nr_of_strided_rec: 512
nr_doubles: 16384
nr_of_strided_rec: 512
nr_doubles: 16384
nr_of_strided_rec: 512
nr_doubles: 16384
nr_of_strided_rec: 512
nr_doubles: 16384
nr_of_strided_rec: 512
nr_doubles: 16384
nr_of_strided_rec: 512
nr_doubles: 16384
nr_of_strided_rec: 512
nr_doubles: 16384
nr_of_strided_rec: 512
nr_doubles: 16384
nr_of_strided_rec: 512
nr_doubles: 16384
nr_of_strided_rec: 512
nr_doubles: 16384
nr_of_strided_rec: 512
nr_doubles: 16384
nr_of_strided_rec: 512
nr_doubles: 16384
nr_of_strided_rec: 512
nr_doubles: 16384
nr_of_strided_rec: 512
nr_doubles: 16384
nr_of_strided_rec: 512
nr_doubles: 16384
nr_of_strided_rec: 512
nr_doubles: 16384
nr_of_strided_rec: 512
nr_doubles: 16384
nr_of_strided_rec: 512
nr_doubles: 16384
nr_of_strided_rec: 512
nr_doubles: 16384
nr_of_strided_rec: 512
nr_doubles: 16384
nr_of_strided_rec: 512
nr_doubles: 16384
nr_of_strided_rec: 512
nr_doubles: 16384
nr_of_strided_rec: 512
nr_doubles: 16384
nr_of_strided_rec: 512
nr_doubles: 16384
nr_of_strided_rec: 512
nr_doubles: 16384
nr_of_strided_rec: 512
nr_doubles: 16384
nr_of_strided_rec: 512
nr_doubles: 16384
nr_of_strided_rec: 512
nr_doubles: 16384
nr_of_strided_rec: 512
nr_doubles: 16384
nr_of_strided_rec: 512
nr_doubles: 16384
nr_of_strided_rec: 512
nr_doubles: 16384
nr_of_strided_rec: 512
nr_doubles: 16384
nr_of_strided_rec: 512
nr_doubles: 16384
nr_of_strided_rec: 512
nr_doubles: 16384
C_cc         4.35   [      4.34:      4.36]
C_bw         2.84   [      2.84:      2.84]
C_r        148.80   [    148.80:    148.81]
          -------
C_total    156.00   [    155.99:    156.00]


dC[0] = 0.00000e+00
fclose PID:32582 fd:8
fclose PID:32580 fd:10
fclose PID:32579 fd:12
fclose PID:32581 fd:8
READAHEAD_TIME:89843593.000000 us
MaxRSS= 2107928 KB, SharedMem= 0 KB, HardPageFault= 13
READAHEAD_TIME:92169262.000000 us
MaxRSS= 2107684 KB, SharedMem= 0 KB, HardPageFault= 14
READAHEAD_TIME:91470674.000000 us
MaxRSS= 2107872 KB, SharedMem= 0 KB, HardPageFault= 11
READAHEAD_TIME:92490853.000000 us
MaxRSS= 2107672 KB, SharedMem= 0 KB, HardPageFault= 11
fclose PID:32578 fd:0
fclose PID:32578 fd:6
fclose PID:32578 fd:6
fclose PID:32578 fd:0
READAHEAD_TIME:0.000000 us
MaxRSS= 5376 KB, SharedMem= 0 KB, HardPageFault= 2
fclose PID:32577 fd:3
fclose PID:32577 fd:4
fclose PID:32577 fd:4
fclose PID:32577 fd:3
READAHEAD_TIME:0.000000 us
MaxRSS= 4904 KB, SharedMem= 0 KB, HardPageFault= 4
	Command being timed: "mpiexec -n 4 ./MADbench2_io 16384 30 1 8 64 1 1 131072 7 1"
	User time (seconds): 420.90
	System time (seconds): 236.33
	Percent of CPU this job got: 104%
	Elapsed (wall clock) time (h:mm:ss or m:ss): 10:26.86
	Average shared text size (kbytes): 0
	Average unshared data size (kbytes): 0
	Average stack size (kbytes): 0
	Average total size (kbytes): 0
	Maximum resident set size (kbytes): 2107928
	Average resident set size (kbytes): 0
	Major (requiring I/O) page faults: 56
	Minor (reclaiming a frame) page faults: 12811389
	Voluntary context switches: 173328
	Involuntary context switches: 3300
	Swaps: 0
	File system inputs: 247528144
	File system outputs: 251658536
	Socket messages sent: 0
	Socket messages received: 0
	Signals delivered: 0
	Page size (bytes): 4096
	Exit status: 0
READAHEAD_TIME:0.000000 us
MaxRSS= 2160 KB, SharedMem= 0 KB, HardPageFault= 0
*******************DMESG OUTPUT******************
