fclose PID:29511 fd:3
fclose PID:29511 fd:4
fclose PID:29511 fd:4
fclose PID:29511 fd:3
available: 2 nodes (0-1)
fclose PID:29511 fd:3
node 0 cpus:fclose PID:29511 fd:3
 0 1 2 3 4 5 6 7 8 9 20 21 22 23 24 25 26 27 28 29
node 0 size: 80440 MB
node 0 free: 80130 MB
fclose PID:29511 fd:3
node 1 cpus:fclose PID:29511 fd:3
 10 11 12 13 14 15 16 17 18 19 30 31 32 33 34 35 36 37 38 39
node 1 size: 80635 MB
node 1 free: 80380 MB
fclose PID:29511 fd:3
fclose PID:29511 fd:3
node distances:
node   0   1 
  0:  10  21 
  1:  21  10 
READAHEAD_TIME:0.000000 us
MaxRSS= 2160 KB, SharedMem= 0 KB, HardPageFault= 10
fclose PID:29518 fd:8
fclose PID:29519 fd:8
fclose PID:29516 fd:12
fclose PID:29517 fd:10

MADbench 2.0 IO-mode
no_pe = 4  no_pix = 8192  no_bin = 30  no_gang = 1 sblocksize = 8  fblocksize = 64  r_mod = 1  w_mod = 1 record_size=131072 stride=7


IOMETHOD = POSIX  IOMODE = SYNC  FILETYPE = UNIQUE  REMAP = CUSTOMbuild_S
build_S
build_S
build_S

Write the data to file:134217728 bytes
***********WAITING************

Write the data to file:134217728 bytes
***********WAITING************

Write the data to file:134217728 bytes
***********WAITING************

Write the data to file:134217728 bytes
***********WAITING************

Write the data to file:134217728 bytes
***********WAITING************

Write the data to file:134217728 bytes
***********WAITING************

Write the data to file:134217728 bytes
***********WAITING************

Write the data to file:134217728 bytes
***********WAITING************

Write the data to file:134217728 bytes
***********WAITING************

Write the data to file:134217728 bytes
***********WAITING************

Write the data to file:134217728 bytes
***********WAITING************

Write the data to file:134217728 bytes
***********WAITING************

Write the data to file:134217728 bytes
***********WAITING************

Write the data to file:134217728 bytes
***********WAITING************

Write the data to file:134217728 bytes
***********WAITING************

Write the data to file:134217728 bytes
***********WAITING************

Write the data to file:134217728 bytes
***********WAITING************

Write the data to file:134217728 bytes
***********WAITING************

Write the data to file:134217728 bytes
***********WAITING************

Write the data to file:134217728 bytes
***********WAITING************

Write the data to file:134217728 bytes
***********WAITING************

Write the data to file:134217728 bytes
***********WAITING************

Write the data to file:134217728 bytes
***********WAITING************

Write the data to file:134217728 bytes
***********WAITING************

Write the data to file:134217728 bytes
***********WAITING************

Write the data to file:134217728 bytes
***********WAITING************

Write the data to file:134217728 bytes
***********WAITING************

Write the data to file:134217728 bytes
***********WAITING************

Write the data to file:134217728 bytes
***********WAITING************

Write the data to file:134217728 bytes
***********WAITING************

Write the data to file:134217728 bytes
***********WAITING************

Write the data to file:134217728 bytes
***********WAITING************

Write the data to file:134217728 bytes
***********WAITING************

Write the data to file:134217728 bytes
***********WAITING************

Write the data to file:134217728 bytes
***********WAITING************

Write the data to file:134217728 bytes
***********WAITING************

Write the data to file:134217728 bytes
***********WAITING************

Write the data to file:134217728 bytes
***********WAITING************

Write the data to file:134217728 bytes
***********WAITING************

Write the data to file:134217728 bytes
***********WAITING************

Write the data to file:134217728 bytes
***********WAITING************

Write the data to file:134217728 bytes
***********WAITING************

Write the data to file:134217728 bytes
***********WAITING************

Write the data to file:134217728 bytes
***********WAITING************

Write the data to file:134217728 bytes
***********WAITING************

Write the data to file:134217728 bytes
***********WAITING************

Write the data to file:134217728 bytes
***********WAITING************

Write the data to file:134217728 bytes
***********WAITING************

Write the data to file:134217728 bytes
***********WAITING************

Write the data to file:134217728 bytes
***********WAITING************

Write the data to file:134217728 bytes
***********WAITING************

Write the data to file:134217728 bytes
***********WAITING************

Write the data to file:134217728 bytes
***********WAITING************

Write the data to file:134217728 bytes
***********WAITING************

Write the data to file:134217728 bytes
***********WAITING************

Write the data to file:134217728 bytes
***********WAITING************

Write the data to file:134217728 bytes
***********WAITING************

Write the data to file:134217728 bytes
***********WAITING************

Write the data to file:134217728 bytes
***********WAITING************

Write the data to file:134217728 bytes
***********WAITING************

Write the data to file:134217728 bytes
***********WAITING************

Write the data to file:134217728 bytes
***********WAITING************

Write the data to file:134217728 bytes
***********WAITING************

Write the data to file:134217728 bytes
***********WAITING************

Write the data to file:134217728 bytes
***********WAITING************

Write the data to file:134217728 bytes
***********WAITING************

Write the data to file:134217728 bytes
***********WAITING************

Write the data to file:134217728 bytes
***********WAITING************

Write the data to file:134217728 bytes
***********WAITING************

Write the data to file:134217728 bytes
***********WAITING************

Write the data to file:134217728 bytes
***********WAITING************

Write the data to file:134217728 bytes
***********WAITING************

Write the data to file:134217728 bytes
***********WAITING************

Write the data to file:134217728 bytes
***********WAITING************

Write the data to file:134217728 bytes
***********WAITING************

Write the data to file:134217728 bytes
***********WAITING************

Write the data to file:134217728 bytes
***********WAITING************

Write the data to file:134217728 bytes
***********WAITING************

Write the data to file:134217728 bytes
***********WAITING************

Write the data to file:134217728 bytes
***********WAITING************

Write the data to file:134217728 bytes
***********WAITING************

Write the data to file:134217728 bytes
***********WAITING************

Write the data to file:134217728 bytes
***********WAITING************

Write the data to file:134217728 bytes
***********WAITING************

Write the data to file:134217728 bytes
***********WAITING************

Write the data to file:134217728 bytes
***********WAITING************

Write the data to file:134217728 bytes
***********WAITING************

Write the data to file:134217728 bytes
***********WAITING************

Write the data to file:134217728 bytes
***********WAITING************

Write the data to file:134217728 bytes
***********WAITING************

Write the data to file:134217728 bytes
***********WAITING************

Write the data to file:134217728 bytes
***********WAITING************

Write the data to file:134217728 bytes
***********WAITING************

Write the data to file:134217728 bytes
***********WAITING************

Write the data to file:134217728 bytes
***********WAITING************

Write the data to file:134217728 bytes
***********WAITING************

Write the data to file:134217728 bytes
***********WAITING************

Write the data to file:134217728 bytes
***********WAITING************

Write the data to file:134217728 bytes
***********WAITING************

Write the data to file:134217728 bytes
***********WAITING************

Write the data to file:134217728 bytes
***********WAITING************

Write the data to file:134217728 bytes
***********WAITING************

Write the data to file:134217728 bytes
***********WAITING************

Write the data to file:134217728 bytes
***********WAITING************

Write the data to file:134217728 bytes
***********WAITING************

Write the data to file:134217728 bytes
***********WAITING************

Write the data to file:134217728 bytes
***********WAITING************

Write the data to file:134217728 bytes
***********WAITING************

Write the data to file:134217728 bytes
***********WAITING************

Write the data to file:134217728 bytes
***********WAITING************

Write the data to file:134217728 bytes
***********WAITING************

Write the data to file:134217728 bytes
***********WAITING************

Write the data to file:134217728 bytes
***********WAITING************

Write the data to file:134217728 bytes
***********WAITING************

Write the data to file:134217728 bytes
***********WAITING************

Write the data to file:134217728 bytes
***********WAITING************

Write the data to file:134217728 bytes
***********WAITING************

Write the data to file:134217728 bytes
***********WAITING************

Write the data to file:134217728 bytes
***********WAITING************

Write the data to file:134217728 bytes
***********WAITING************
S_cc         1.75   [      1.74:      1.75]
S_bw         0.78   [      0.78:      0.78]
S_w         35.86   [     35.86:     35.86]
          -------
S_total     38.39   [     38.38:     38.39]

build_S done
calc_W
nr_of_strided_rec: 128
nr_doubles: 16384
build_S done
calc_W
nr_of_strided_rec: 128
nr_doubles: 16384
build_S done
calc_W
nr_of_strided_rec: 128
nr_doubles: 16384
build_S done
calc_W
nr_of_strided_rec: 128
nr_doubles: 16384
nr_of_strided_rec: 128
nr_doubles: 16384
nr_of_strided_rec: 128
nr_doubles: 16384
nr_of_strided_rec: 128
nr_doubles: 16384
nr_of_strided_rec: 128
nr_doubles: 16384

Write the data to file:134217728 bytes
***********WAITING************

Write the data to file:134217728 bytes
***********WAITING************

Write the data to file:134217728 bytes
***********WAITING************

Write the data to file:134217728 bytes
***********WAITING************
nr_of_strided_rec: 128
nr_doubles: 16384
nr_of_strided_rec: 128
nr_doubles: 16384
nr_of_strided_rec: 128
nr_doubles: 16384
nr_of_strided_rec: 128
nr_doubles: 16384

Write the data to file:134217728 bytes
***********WAITING************

Write the data to file:134217728 bytes
***********WAITING************

Write the data to file:134217728 bytes
***********WAITING************

Write the data to file:134217728 bytes
***********WAITING************
nr_of_strided_rec: 128
nr_doubles: 16384
nr_of_strided_rec: 128
nr_doubles: 16384
nr_of_strided_rec: 128
nr_doubles: 16384
nr_of_strided_rec: 128
nr_doubles: 16384

Write the data to file:134217728 bytes
***********WAITING************

Write the data to file:134217728 bytes
***********WAITING************

Write the data to file:134217728 bytes
***********WAITING************

Write the data to file:134217728 bytes
***********WAITING************
nr_of_strided_rec: 128
nr_doubles: 16384
nr_of_strided_rec: 128
nr_doubles: 16384
nr_of_strided_rec: 128
nr_doubles: 16384
nr_of_strided_rec: 128
nr_doubles: 16384

Write the data to file:134217728 bytes
***********WAITING************

Write the data to file:134217728 bytes
***********WAITING************

Write the data to file:134217728 bytes
***********WAITING************

Write the data to file:134217728 bytes
***********WAITING************
nr_of_strided_rec: 128
nr_doubles: 16384
nr_of_strided_rec: 128
nr_doubles: 16384
nr_of_strided_rec: 128
nr_doubles: 16384
nr_of_strided_rec: 128
nr_doubles: 16384

Write the data to file:134217728 bytes
***********WAITING************

Write the data to file:134217728 bytes
***********WAITING************

Write the data to file:134217728 bytes
***********WAITING************

Write the data to file:134217728 bytes
***********WAITING************
nr_of_strided_rec: 128
nr_doubles: 16384
nr_of_strided_rec: 128
nr_doubles: 16384
nr_of_strided_rec: 128
nr_doubles: 16384
nr_of_strided_rec: 128
nr_doubles: 16384

Write the data to file:134217728 bytes
***********WAITING************

Write the data to file:134217728 bytes
***********WAITING************

Write the data to file:134217728 bytes
***********WAITING************

Write the data to file:134217728 bytes
***********WAITING************
nr_of_strided_rec: 128
nr_doubles: 16384
nr_of_strided_rec: 128
nr_doubles: 16384
nr_of_strided_rec: 128
nr_doubles: 16384
nr_of_strided_rec: 128
nr_doubles: 16384

Write the data to file:134217728 bytes
***********WAITING************

Write the data to file:134217728 bytes
***********WAITING************

Write the data to file:134217728 bytes
***********WAITING************

Write the data to file:134217728 bytes
***********WAITING************
nr_of_strided_rec: 128
nr_doubles: 16384
nr_of_strided_rec: 128
nr_doubles: 16384
nr_of_strided_rec: 128
nr_doubles: 16384
nr_of_strided_rec: 128
nr_doubles: 16384

Write the data to file:134217728 bytes
***********WAITING************

Write the data to file:134217728 bytes
***********WAITING************

Write the data to file:134217728 bytes
***********WAITING************

Write the data to file:134217728 bytes
***********WAITING************
nr_of_strided_rec: 128
nr_doubles: 16384
nr_of_strided_rec: 128
nr_doubles: 16384
nr_of_strided_rec: 128
nr_doubles: 16384
nr_of_strided_rec: 128
nr_doubles: 16384

Write the data to file:134217728 bytes
***********WAITING************

Write the data to file:134217728 bytes
***********WAITING************

Write the data to file:134217728 bytes
***********WAITING************

Write the data to file:134217728 bytes
***********WAITING************
nr_of_strided_rec: 128
nr_doubles: 16384
nr_of_strided_rec: 128
nr_doubles: 16384
nr_of_strided_rec: 128
nr_doubles: 16384
nr_of_strided_rec: 128
nr_doubles: 16384

Write the data to file:134217728 bytes
***********WAITING************

Write the data to file:134217728 bytes
***********WAITING************

Write the data to file:134217728 bytes
***********WAITING************

Write the data to file:134217728 bytes
***********WAITING************
nr_of_strided_rec: 128
nr_doubles: 16384
nr_of_strided_rec: 128
nr_doubles: 16384
nr_of_strided_rec: 128
nr_doubles: 16384
nr_of_strided_rec: 128
nr_doubles: 16384

Write the data to file:134217728 bytes
***********WAITING************

Write the data to file:134217728 bytes
***********WAITING************

Write the data to file:134217728 bytes
***********WAITING************

Write the data to file:134217728 bytes
***********WAITING************
nr_of_strided_rec: 128
nr_doubles: 16384
nr_of_strided_rec: 128
nr_doubles: 16384
nr_of_strided_rec: 128
nr_doubles: 16384
nr_of_strided_rec: 128
nr_doubles: 16384

Write the data to file:134217728 bytes
***********WAITING************

Write the data to file:134217728 bytes
***********WAITING************

Write the data to file:134217728 bytes
***********WAITING************

Write the data to file:134217728 bytes
***********WAITING************
nr_of_strided_rec: 128
nr_doubles: 16384
nr_of_strided_rec: 128
nr_doubles: 16384
nr_of_strided_rec: 128
nr_doubles: 16384
nr_of_strided_rec: 128
nr_doubles: 16384

Write the data to file:134217728 bytes
***********WAITING************

Write the data to file:134217728 bytes
***********WAITING************

Write the data to file:134217728 bytes
***********WAITING************

Write the data to file:134217728 bytes
***********WAITING************
nr_of_strided_rec: 128
nr_doubles: 16384
nr_of_strided_rec: 128
nr_doubles: 16384
nr_of_strided_rec: 128
nr_doubles: 16384
nr_of_strided_rec: 128
nr_doubles: 16384

Write the data to file:134217728 bytes
***********WAITING************

Write the data to file:134217728 bytes
***********WAITING************

Write the data to file:134217728 bytes
***********WAITING************

Write the data to file:134217728 bytes
***********WAITING************
nr_of_strided_rec: 128
nr_doubles: 16384
nr_of_strided_rec: 128
nr_doubles: 16384
nr_of_strided_rec: 128
nr_doubles: 16384
nr_of_strided_rec: 128
nr_doubles: 16384

Write the data to file:134217728 bytes
***********WAITING************

Write the data to file:134217728 bytes
***********WAITING************

Write the data to file:134217728 bytes
***********WAITING************

Write the data to file:134217728 bytes
***********WAITING************
nr_of_strided_rec: 128
nr_doubles: 16384
nr_of_strided_rec: 128
nr_doubles: 16384
nr_of_strided_rec: 128
nr_doubles: 16384
nr_of_strided_rec: 128
nr_doubles: 16384

Write the data to file:134217728 bytes
***********WAITING************

Write the data to file:134217728 bytes
***********WAITING************

Write the data to file:134217728 bytes
***********WAITING************

Write the data to file:134217728 bytes
***********WAITING************
nr_of_strided_rec: 128
nr_doubles: 16384
nr_of_strided_rec: 128
nr_doubles: 16384
nr_of_strided_rec: 128
nr_doubles: 16384
nr_of_strided_rec: 128
nr_doubles: 16384

Write the data to file:134217728 bytes
***********WAITING************

Write the data to file:134217728 bytes
***********WAITING************

Write the data to file:134217728 bytes
***********WAITING************

Write the data to file:134217728 bytes
***********WAITING************
nr_of_strided_rec: 128
nr_doubles: 16384
nr_of_strided_rec: 128
nr_doubles: 16384
nr_of_strided_rec: 128
nr_doubles: 16384
nr_of_strided_rec: 128
nr_doubles: 16384

Write the data to file:134217728 bytes
***********WAITING************

Write the data to file:134217728 bytes
***********WAITING************

Write the data to file:134217728 bytes
***********WAITING************

Write the data to file:134217728 bytes
***********WAITING************
nr_of_strided_rec: 128
nr_doubles: 16384
nr_of_strided_rec: 128
nr_doubles: 16384
nr_of_strided_rec: 128
nr_doubles: 16384
nr_of_strided_rec: 128
nr_doubles: 16384

Write the data to file:134217728 bytes
***********WAITING************

Write the data to file:134217728 bytes
***********WAITING************

Write the data to file:134217728 bytes
***********WAITING************

Write the data to file:134217728 bytes
***********WAITING************
nr_of_strided_rec: 128
nr_doubles: 16384
nr_of_strided_rec: 128
nr_doubles: 16384
nr_of_strided_rec: 128
nr_doubles: 16384
nr_of_strided_rec: 128
nr_doubles: 16384

Write the data to file:134217728 bytes
***********WAITING************

Write the data to file:134217728 bytes
***********WAITING************

Write the data to file:134217728 bytes
***********WAITING************

Write the data to file:134217728 bytes
***********WAITING************
nr_of_strided_rec: 128
nr_doubles: 16384
nr_of_strided_rec: 128
nr_doubles: 16384
nr_of_strided_rec: 128
nr_doubles: 16384
nr_of_strided_rec: 128
nr_doubles: 16384

Write the data to file:134217728 bytes
***********WAITING************

Write the data to file:134217728 bytes
***********WAITING************

Write the data to file:134217728 bytes
***********WAITING************

Write the data to file:134217728 bytes
***********WAITING************
nr_of_strided_rec: 128
nr_doubles: 16384
nr_of_strided_rec: 128
nr_doubles: 16384
nr_of_strided_rec: 128
nr_doubles: 16384
nr_of_strided_rec: 128
nr_doubles: 16384

Write the data to file:134217728 bytes
***********WAITING************

Write the data to file:134217728 bytes
***********WAITING************

Write the data to file:134217728 bytes
***********WAITING************

Write the data to file:134217728 bytes
***********WAITING************
nr_of_strided_rec: 128
nr_doubles: 16384
nr_of_strided_rec: 128
nr_doubles: 16384
nr_of_strided_rec: 128
nr_doubles: 16384
nr_of_strided_rec: 128
nr_doubles: 16384

Write the data to file:134217728 bytes
***********WAITING************

Write the data to file:134217728 bytes
***********WAITING************

Write the data to file:134217728 bytes
***********WAITING************

Write the data to file:134217728 bytes
***********WAITING************
nr_of_strided_rec: 128
nr_doubles: 16384
nr_of_strided_rec: 128
nr_doubles: 16384
nr_of_strided_rec: 128
nr_doubles: 16384
nr_of_strided_rec: 128
nr_doubles: 16384

Write the data to file:134217728 bytes
***********WAITING************

Write the data to file:134217728 bytes
***********WAITING************

Write the data to file:134217728 bytes
***********WAITING************

Write the data to file:134217728 bytes
***********WAITING************
nr_of_strided_rec: 128
nr_doubles: 16384
nr_of_strided_rec: 128
nr_doubles: 16384
nr_of_strided_rec: 128
nr_doubles: 16384
nr_of_strided_rec: 128
nr_doubles: 16384

Write the data to file:134217728 bytes
***********WAITING************

Write the data to file:134217728 bytes
***********WAITING************

Write the data to file:134217728 bytes
***********WAITING************

Write the data to file:134217728 bytes
***********WAITING************
nr_of_strided_rec: 128
nr_doubles: 16384
nr_of_strided_rec: 128
nr_doubles: 16384
nr_of_strided_rec: 128
nr_doubles: 16384
nr_of_strided_rec: 128
nr_doubles: 16384

Write the data to file:134217728 bytes
***********WAITING************

Write the data to file:134217728 bytes
***********WAITING************

Write the data to file:134217728 bytes
***********WAITING************

Write the data to file:134217728 bytes
***********WAITING************
nr_of_strided_rec: 128
nr_doubles: 16384
nr_of_strided_rec: 128
nr_doubles: 16384
nr_of_strided_rec: 128
nr_doubles: 16384
nr_of_strided_rec: 128
nr_doubles: 16384

Write the data to file:134217728 bytes
***********WAITING************

Write the data to file:134217728 bytes
***********WAITING************

Write the data to file:134217728 bytes
***********WAITING************

Write the data to file:134217728 bytes
***********WAITING************
nr_of_strided_rec: 128
nr_doubles: 16384
nr_of_strided_rec: 128
nr_doubles: 16384
nr_of_strided_rec: 128
nr_doubles: 16384
nr_of_strided_rec: 128
nr_doubles: 16384

Write the data to file:134217728 bytes
***********WAITING************

Write the data to file:134217728 bytes
***********WAITING************

Write the data to file:134217728 bytes
***********WAITING************

Write the data to file:134217728 bytes
***********WAITING************
nr_of_strided_rec: 128
nr_doubles: 16384
nr_of_strided_rec: 128
nr_doubles: 16384
nr_of_strided_rec: 128
nr_doubles: 16384
nr_of_strided_rec: 128
nr_doubles: 16384

Write the data to file:134217728 bytes
***********WAITING************

Write the data to file:134217728 bytes
***********WAITING************

Write the data to file:134217728 bytes
***********WAITING************

Write the data to file:134217728 bytes
***********WAITING************

Write the data to file:134217728 bytes
***********WAITING************

Write the data to file:134217728 bytes
***********WAITING************

Write the data to file:134217728 bytes
***********WAITING************

Write the data to file:134217728 bytes
***********WAITING************
W_cc         3.37   [      3.36:      3.37]
W_r         51.37   [     51.37:     51.37]
W_w         28.71   [     28.70:     28.71]
          -------
W_total     83.44   [     83.44:     83.45]

calc_W done
calc_W done
calc_W done
calc_W done
nr_of_strided_rec: 128
nr_doubles: 16384
nr_of_strided_rec: 128
nr_doubles: 16384
nr_of_strided_rec: 128
nr_doubles: 16384
nr_of_strided_rec: 128
nr_doubles: 16384
nr_of_strided_rec: 128
nr_doubles: 16384
nr_of_strided_rec: 128
nr_doubles: 16384
nr_of_strided_rec: 128
nr_doubles: 16384
nr_of_strided_rec: 128
nr_doubles: 16384
nr_of_strided_rec: 128
nr_doubles: 16384
nr_of_strided_rec: 128
nr_doubles: 16384
nr_of_strided_rec: 128
nr_doubles: 16384
nr_of_strided_rec: 128
nr_doubles: 16384
nr_of_strided_rec: 128
nr_doubles: 16384
nr_of_strided_rec: 128
nr_doubles: 16384
nr_of_strided_rec: 128
nr_doubles: 16384
nr_of_strided_rec: 128
nr_doubles: 16384
nr_of_strided_rec: 128
nr_doubles: 16384
nr_of_strided_rec: 128
nr_doubles: 16384
nr_of_strided_rec: 128
nr_doubles: 16384
nr_of_strided_rec: 128
nr_doubles: 16384
nr_of_strided_rec: 128
nr_doubles: 16384
nr_of_strided_rec: 128
nr_doubles: 16384
nr_of_strided_rec: 128
nr_doubles: 16384
nr_of_strided_rec: 128
nr_doubles: 16384
nr_of_strided_rec: 128
nr_doubles: 16384
nr_of_strided_rec: 128
nr_doubles: 16384
nr_of_strided_rec: 128
nr_doubles: 16384
nr_of_strided_rec: 128
nr_doubles: 16384
nr_of_strided_rec: 128
nr_doubles: 16384
nr_of_strided_rec: 128
nr_doubles: 16384
nr_of_strided_rec: 128
nr_doubles: 16384
nr_of_strided_rec: 128
nr_doubles: 16384
nr_of_strided_rec: 128
nr_doubles: 16384
nr_of_strided_rec: 128
nr_doubles: 16384
nr_of_strided_rec: 128
nr_doubles: 16384
nr_of_strided_rec: 128
nr_doubles: 16384
nr_of_strided_rec: 128
nr_doubles: 16384
nr_of_strided_rec: 128
nr_doubles: 16384
nr_of_strided_rec: 128
nr_doubles: 16384
nr_of_strided_rec: 128
nr_doubles: 16384
nr_of_strided_rec: 128
nr_doubles: 16384
nr_of_strided_rec: 128
nr_doubles: 16384
nr_of_strided_rec: 128
nr_doubles: 16384
nr_of_strided_rec: 128
nr_doubles: 16384
nr_of_strided_rec: 128
nr_doubles: 16384
nr_of_strided_rec: 128
nr_doubles: 16384
nr_of_strided_rec: 128
nr_doubles: 16384
nr_of_strided_rec: 128
nr_doubles: 16384
nr_of_strided_rec: 128
nr_doubles: 16384
nr_of_strided_rec: 128
nr_doubles: 16384
nr_of_strided_rec: 128
nr_doubles: 16384
nr_of_strided_rec: 128
nr_doubles: 16384
nr_of_strided_rec: 128
nr_doubles: 16384
nr_of_strided_rec: 128
nr_doubles: 16384
nr_of_strided_rec: 128
nr_doubles: 16384
nr_of_strided_rec: 128
nr_doubles: 16384
nr_of_strided_rec: 128
nr_doubles: 16384
nr_of_strided_rec: 128
nr_doubles: 16384
nr_of_strided_rec: 128
nr_doubles: 16384
nr_of_strided_rec: 128
nr_doubles: 16384
nr_of_strided_rec: 128
nr_doubles: 16384
nr_of_strided_rec: 128
nr_doubles: 16384
nr_of_strided_rec: 128
nr_doubles: 16384
nr_of_strided_rec: 128
nr_doubles: 16384
nr_of_strided_rec: 128
nr_doubles: 16384
nr_of_strided_rec: 128
nr_doubles: 16384
nr_of_strided_rec: 128
nr_doubles: 16384
nr_of_strided_rec: 128
nr_doubles: 16384
nr_of_strided_rec: 128
nr_doubles: 16384
nr_of_strided_rec: 128
nr_doubles: 16384
nr_of_strided_rec: 128
nr_doubles: 16384
nr_of_strided_rec: 128
nr_doubles: 16384
nr_of_strided_rec: 128
nr_doubles: 16384
nr_of_strided_rec: 128
nr_doubles: 16384
nr_of_strided_rec: 128
nr_doubles: 16384
nr_of_strided_rec: 128
nr_doubles: 16384
nr_of_strided_rec: 128
nr_doubles: 16384
nr_of_strided_rec: 128
nr_doubles: 16384
nr_of_strided_rec: 128
nr_doubles: 16384
nr_of_strided_rec: 128
nr_doubles: 16384
nr_of_strided_rec: 128
nr_doubles: 16384
nr_of_strided_rec: 128
nr_doubles: 16384
nr_of_strided_rec: 128
nr_doubles: 16384
nr_of_strided_rec: 128
nr_doubles: 16384
nr_of_strided_rec: 128
nr_doubles: 16384
nr_of_strided_rec: 128
nr_doubles: 16384
nr_of_strided_rec: 128
nr_doubles: 16384
nr_of_strided_rec: 128
nr_doubles: 16384
nr_of_strided_rec: 128
nr_doubles: 16384
nr_of_strided_rec: 128
nr_doubles: 16384
nr_of_strided_rec: 128
nr_doubles: 16384
nr_of_strided_rec: 128
nr_doubles: 16384
nr_of_strided_rec: 128
nr_doubles: 16384
nr_of_strided_rec: 128
nr_doubles: 16384
nr_of_strided_rec: 128
nr_doubles: 16384
nr_of_strided_rec: 128
nr_doubles: 16384
nr_of_strided_rec: 128
nr_doubles: 16384
nr_of_strided_rec: 128
nr_doubles: 16384
nr_of_strided_rec: 128
nr_doubles: 16384
nr_of_strided_rec: 128
nr_doubles: 16384
nr_of_strided_rec: 128
nr_doubles: 16384
nr_of_strided_rec: 128
nr_doubles: 16384
nr_of_strided_rec: 128
nr_doubles: 16384
nr_of_strided_rec: 128
nr_doubles: 16384
nr_of_strided_rec: 128
nr_doubles: 16384
nr_of_strided_rec: 128
nr_doubles: 16384
nr_of_strided_rec: 128
nr_doubles: 16384
nr_of_strided_rec: 128
nr_doubles: 16384
nr_of_strided_rec: 128
nr_doubles: 16384
nr_of_strided_rec: 128
nr_doubles: 16384
nr_of_strided_rec: 128
nr_doubles: 16384
nr_of_strided_rec: 128
nr_doubles: 16384
nr_of_strided_rec: 128
nr_doubles: 16384
nr_of_strided_rec: 128
nr_doubles: 16384
nr_of_strided_rec: 128
nr_doubles: 16384
nr_of_strided_rec: 128
nr_doubles: 16384
nr_of_strided_rec: 128
nr_doubles: 16384
nr_of_strided_rec: 128
nr_doubles: 16384
nr_of_strided_rec: 128
nr_doubles: 16384
nr_of_strided_rec: 128
nr_doubles: 16384
C_cc         1.74   [      1.74:      1.74]
C_bw         0.64   [      0.64:      0.64]
C_r         40.74   [     40.74:     40.74]
          -------
C_total     43.11   [     43.11:     43.12]


dC[0] = 0.00000e+00
fclose PID:29518 fd:8
fclose PID:29516 fd:12
fclose PID:29517 fd:10
fclose PID:29519 fd:8
READAHEAD_TIME:0.000000 us
MaxRSS= 534720 KB, SharedMem= 0 KB, HardPageFault= 14
READAHEAD_TIME:0.000000 us
MaxRSS= 535040 KB, SharedMem= 0 KB, HardPageFault= 11
READAHEAD_TIME:0.000000 us
MaxRSS= 534892 KB, SharedMem= 0 KB, HardPageFault= 12
READAHEAD_TIME:0.000000 us
MaxRSS= 534952 KB, SharedMem= 0 KB, HardPageFault= 11
fclose PID:29515 fd:0
fclose PID:29515 fd:6
fclose PID:29515 fd:6
fclose PID:29515 fd:0
READAHEAD_TIME:0.000000 us
MaxRSS= 5304 KB, SharedMem= 0 KB, HardPageFault= 2
fclose PID:29514 fd:3
fclose PID:29514 fd:4
fclose PID:29514 fd:4
fclose PID:29514 fd:3
READAHEAD_TIME:0.000000 us
MaxRSS= 4908 KB, SharedMem= 0 KB, HardPageFault= 4
	Command being timed: "mpiexec -n 4 ./MADbench2_io 8192 30 1 8 64 1 1 131072 7 1"
	User time (seconds): 73.00
	System time (seconds): 65.98
	Percent of CPU this job got: 84%
	Elapsed (wall clock) time (h:mm:ss or m:ss): 2:45.30
	Average shared text size (kbytes): 0
	Average unshared data size (kbytes): 0
	Average stack size (kbytes): 0
	Average total size (kbytes): 0
	Maximum resident set size (kbytes): 535040
	Average resident set size (kbytes): 0
	Major (requiring I/O) page faults: 55
	Minor (reclaiming a frame) page faults: 2186763
	Voluntary context switches: 244117
	Involuntary context switches: 1031
	Swaps: 0
	File system inputs: 62331032
	File system outputs: 62914664
	Socket messages sent: 0
	Socket messages received: 0
	Signals delivered: 0
	Page size (bytes): 4096
	Exit status: 0
READAHEAD_TIME:0.000000 us
MaxRSS= 2184 KB, SharedMem= 0 KB, HardPageFault= 0
*******************DMESG OUTPUT******************
