fclose PID:27880 fd:3
fclose PID:27880 fd:4
fclose PID:27880 fd:4
fclose PID:27880 fd:3
available: 2 nodes (0-1)
fclose PID:27880 fd:3
node 0 cpus:fclose PID:27880 fd:3
 0 1 2 3 4 5 6 7 8 9 20 21 22 23 24 25 26 27 28 29
node 0 size: 80440 MB
node 0 free: 80128 MB
fclose PID:27880 fd:3
node 1 cpus:fclose PID:27880 fd:3
 10 11 12 13 14 15 16 17 18 19 30 31 32 33 34 35 36 37 38 39
node 1 size: 80635 MB
node 1 free: 80376 MB
fclose PID:27880 fd:3
fclose PID:27880 fd:3
node distances:
node   0   1 
  0:  10  21 
  1:  21  10 
READAHEAD_TIME:0.000000 us
MaxRSS= 2184 KB, SharedMem= 0 KB, HardPageFault= 10
fclose PID:27885 fd:12
fclose PID:27886 fd:10
fclose PID:27887 fd:8
fclose PID:27888 fd:8

MADbench 2.0 IO-mode
no_pe = 4  no_pix = 4096  no_bin = 30  no_gang = 1 sblocksize = 8  fblocksize = 64  r_mod = 1  w_mod = 1 record_size=4096 stride=7


IOMETHOD = POSIX  IOMODE = SYNC  FILETYPE = UNIQUE  REMAP = CUSTOMbuild_S
build_S
build_S
build_S

Write the data to file:33554432 bytes
***********WAITING************

Write the data to file:33554432 bytes
***********WAITING************

Write the data to file:33554432 bytes
***********WAITING************

Write the data to file:33554432 bytes
***********WAITING************

Write the data to file:33554432 bytes
***********WAITING************

Write the data to file:33554432 bytes
***********WAITING************

Write the data to file:33554432 bytes
***********WAITING************

Write the data to file:33554432 bytes
***********WAITING************

Write the data to file:33554432 bytes
***********WAITING************

Write the data to file:33554432 bytes
***********WAITING************

Write the data to file:33554432 bytes
***********WAITING************

Write the data to file:33554432 bytes
***********WAITING************

Write the data to file:33554432 bytes
***********WAITING************

Write the data to file:33554432 bytes
***********WAITING************

Write the data to file:33554432 bytes
***********WAITING************

Write the data to file:33554432 bytes
***********WAITING************

Write the data to file:33554432 bytes
***********WAITING************

Write the data to file:33554432 bytes
***********WAITING************

Write the data to file:33554432 bytes
***********WAITING************

Write the data to file:33554432 bytes
***********WAITING************

Write the data to file:33554432 bytes
***********WAITING************

Write the data to file:33554432 bytes
***********WAITING************

Write the data to file:33554432 bytes
***********WAITING************

Write the data to file:33554432 bytes
***********WAITING************

Write the data to file:33554432 bytes
***********WAITING************

Write the data to file:33554432 bytes
***********WAITING************

Write the data to file:33554432 bytes
***********WAITING************

Write the data to file:33554432 bytes
***********WAITING************

Write the data to file:33554432 bytes
***********WAITING************

Write the data to file:33554432 bytes
***********WAITING************

Write the data to file:33554432 bytes
***********WAITING************

Write the data to file:33554432 bytes
***********WAITING************

Write the data to file:33554432 bytes
***********WAITING************

Write the data to file:33554432 bytes
***********WAITING************

Write the data to file:33554432 bytes
***********WAITING************

Write the data to file:33554432 bytes
***********WAITING************

Write the data to file:33554432 bytes
***********WAITING************

Write the data to file:33554432 bytes
***********WAITING************

Write the data to file:33554432 bytes
***********WAITING************

Write the data to file:33554432 bytes
***********WAITING************

Write the data to file:33554432 bytes
***********WAITING************

Write the data to file:33554432 bytes
***********WAITING************

Write the data to file:33554432 bytes
***********WAITING************

Write the data to file:33554432 bytes
***********WAITING************

Write the data to file:33554432 bytes
***********WAITING************

Write the data to file:33554432 bytes
***********WAITING************

Write the data to file:33554432 bytes
***********WAITING************

Write the data to file:33554432 bytes
***********WAITING************

Write the data to file:33554432 bytes
***********WAITING************

Write the data to file:33554432 bytes
***********WAITING************

Write the data to file:33554432 bytes
***********WAITING************

Write the data to file:33554432 bytes
***********WAITING************

Write the data to file:33554432 bytes
***********WAITING************

Write the data to file:33554432 bytes
***********WAITING************

Write the data to file:33554432 bytes
***********WAITING************

Write the data to file:33554432 bytes
***********WAITING************

Write the data to file:33554432 bytes
***********WAITING************

Write the data to file:33554432 bytes
***********WAITING************

Write the data to file:33554432 bytes
***********WAITING************

Write the data to file:33554432 bytes
***********WAITING************

Write the data to file:33554432 bytes
***********WAITING************

Write the data to file:33554432 bytes
***********WAITING************

Write the data to file:33554432 bytes
***********WAITING************

Write the data to file:33554432 bytes
***********WAITING************

Write the data to file:33554432 bytes
***********WAITING************

Write the data to file:33554432 bytes
***********WAITING************

Write the data to file:33554432 bytes
***********WAITING************

Write the data to file:33554432 bytes
***********WAITING************

Write the data to file:33554432 bytes
***********WAITING************

Write the data to file:33554432 bytes
***********WAITING************

Write the data to file:33554432 bytes
***********WAITING************

Write the data to file:33554432 bytes
***********WAITING************

Write the data to file:33554432 bytes
***********WAITING************

Write the data to file:33554432 bytes
***********WAITING************

Write the data to file:33554432 bytes
***********WAITING************

Write the data to file:33554432 bytes
***********WAITING************

Write the data to file:33554432 bytes
***********WAITING************

Write the data to file:33554432 bytes
***********WAITING************

Write the data to file:33554432 bytes
***********WAITING************

Write the data to file:33554432 bytes
***********WAITING************

Write the data to file:33554432 bytes
***********WAITING************

Write the data to file:33554432 bytes
***********WAITING************

Write the data to file:33554432 bytes
***********WAITING************

Write the data to file:33554432 bytes
***********WAITING************

Write the data to file:33554432 bytes
***********WAITING************

Write the data to file:33554432 bytes
***********WAITING************

Write the data to file:33554432 bytes
***********WAITING************

Write the data to file:33554432 bytes
***********WAITING************

Write the data to file:33554432 bytes
***********WAITING************

Write the data to file:33554432 bytes
***********WAITING************

Write the data to file:33554432 bytes
***********WAITING************

Write the data to file:33554432 bytes
***********WAITING************

Write the data to file:33554432 bytes
***********WAITING************

Write the data to file:33554432 bytes
***********WAITING************

Write the data to file:33554432 bytes
***********WAITING************

Write the data to file:33554432 bytes
***********WAITING************

Write the data to file:33554432 bytes
***********WAITING************

Write the data to file:33554432 bytes
***********WAITING************

Write the data to file:33554432 bytes
***********WAITING************

Write the data to file:33554432 bytes
***********WAITING************

Write the data to file:33554432 bytes
***********WAITING************

Write the data to file:33554432 bytes
***********WAITING************

Write the data to file:33554432 bytes
***********WAITING************

Write the data to file:33554432 bytes
***********WAITING************

Write the data to file:33554432 bytes
***********WAITING************

Write the data to file:33554432 bytes
***********WAITING************

Write the data to file:33554432 bytes
***********WAITING************

Write the data to file:33554432 bytes
***********WAITING************

Write the data to file:33554432 bytes
***********WAITING************

Write the data to file:33554432 bytes
***********WAITING************

Write the data to file:33554432 bytes
***********WAITING************

Write the data to file:33554432 bytes
***********WAITING************

Write the data to file:33554432 bytes
***********WAITING************

Write the data to file:33554432 bytes
***********WAITING************

Write the data to file:33554432 bytes
***********WAITING************

Write the data to file:33554432 bytes
***********WAITING************

Write the data to file:33554432 bytes
***********WAITING************

Write the data to file:33554432 bytes
***********WAITING************

Write the data to file:33554432 bytes
***********WAITING************

Write the data to file:33554432 bytes
***********WAITING************
S_cc         0.43   [      0.43:      0.43]
S_bw         0.20   [      0.20:      0.20]
S_w          7.99   [      7.99:      7.99]
          -------
S_total      8.61   [      8.61:      8.61]

build_S done
calc_W
build_S done
calc_W
nr_of_strided_rec: 1024
nr_doubles: 512
build_S done
calc_W
nr_of_strided_rec: 1024
nr_doubles: 512
build_S done
calc_W
nr_of_strided_rec: 1024
nr_doubles: 512
nr_of_strided_rec: 1024
nr_doubles: 512
nr_of_strided_rec: 1024
nr_doubles: 512
nr_of_strided_rec: 1024
nr_doubles: 512
nr_of_strided_rec: 1024
nr_doubles: 512
nr_of_strided_rec: 1024
nr_doubles: 512

Write the data to file:33554432 bytes
***********WAITING************

Write the data to file:33554432 bytes
***********WAITING************

Write the data to file:33554432 bytes
***********WAITING************

Write the data to file:33554432 bytes
***********WAITING************
nr_of_strided_rec: 1024
nr_doubles: 512
nr_of_strided_rec: 1024
nr_doubles: 512
nr_of_strided_rec: 1024
nr_doubles: 512
nr_of_strided_rec: 1024
nr_doubles: 512

Write the data to file:33554432 bytes
***********WAITING************

Write the data to file:33554432 bytes
***********WAITING************

Write the data to file:33554432 bytes
***********WAITING************

Write the data to file:33554432 bytes
***********WAITING************
nr_of_strided_rec: 1024
nr_doubles: 512
nr_of_strided_rec: 1024
nr_doubles: 512
nr_of_strided_rec: 1024
nr_doubles: 512
nr_of_strided_rec: 1024
nr_doubles: 512

Write the data to file:33554432 bytes
***********WAITING************

Write the data to file:33554432 bytes
***********WAITING************

Write the data to file:33554432 bytes
***********WAITING************

Write the data to file:33554432 bytes
***********WAITING************
nr_of_strided_rec: 1024
nr_doubles: 512
nr_of_strided_rec: 1024
nr_doubles: 512
nr_of_strided_rec: 1024
nr_doubles: 512
nr_of_strided_rec: 1024
nr_doubles: 512

Write the data to file:33554432 bytes
***********WAITING************

Write the data to file:33554432 bytes
***********WAITING************

Write the data to file:33554432 bytes
***********WAITING************

Write the data to file:33554432 bytes
***********WAITING************
nr_of_strided_rec: 1024
nr_doubles: 512
nr_of_strided_rec: 1024
nr_doubles: 512
nr_of_strided_rec: 1024
nr_doubles: 512
nr_of_strided_rec: 1024
nr_doubles: 512

Write the data to file:33554432 bytes
***********WAITING************

Write the data to file:33554432 bytes
***********WAITING************

Write the data to file:33554432 bytes
***********WAITING************

Write the data to file:33554432 bytes
***********WAITING************
nr_of_strided_rec: 1024
nr_doubles: 512
nr_of_strided_rec: 1024
nr_doubles: 512
nr_of_strided_rec: 1024
nr_doubles: 512
nr_of_strided_rec: 1024
nr_doubles: 512

Write the data to file:33554432 bytes
***********WAITING************

Write the data to file:33554432 bytes
***********WAITING************

Write the data to file:33554432 bytes
***********WAITING************

Write the data to file:33554432 bytes
***********WAITING************
nr_of_strided_rec: 1024
nr_doubles: 512
nr_of_strided_rec: 1024
nr_doubles: 512
nr_of_strided_rec: 1024
nr_doubles: 512
nr_of_strided_rec: 1024
nr_doubles: 512

Write the data to file:33554432 bytes
***********WAITING************

Write the data to file:33554432 bytes
***********WAITING************

Write the data to file:33554432 bytes
***********WAITING************

Write the data to file:33554432 bytes
***********WAITING************
nr_of_strided_rec: 1024
nr_doubles: 512
nr_of_strided_rec: 1024
nr_doubles: 512
nr_of_strided_rec: 1024
nr_doubles: 512
nr_of_strided_rec: 1024
nr_doubles: 512

Write the data to file:33554432 bytes
***********WAITING************

Write the data to file:33554432 bytes
***********WAITING************

Write the data to file:33554432 bytes
***********WAITING************

Write the data to file:33554432 bytes
***********WAITING************
nr_of_strided_rec: 1024
nr_doubles: 512
nr_of_strided_rec: 1024
nr_doubles: 512
nr_of_strided_rec: 1024
nr_doubles: 512
nr_of_strided_rec: 1024
nr_doubles: 512

Write the data to file:33554432 bytes
***********WAITING************

Write the data to file:33554432 bytes
***********WAITING************

Write the data to file:33554432 bytes
***********WAITING************

Write the data to file:33554432 bytes
***********WAITING************
nr_of_strided_rec: 1024
nr_doubles: 512
nr_of_strided_rec: 1024
nr_doubles: 512
nr_of_strided_rec: 1024
nr_doubles: 512
nr_of_strided_rec: 1024
nr_doubles: 512

Write the data to file:33554432 bytes
***********WAITING************

Write the data to file:33554432 bytes
***********WAITING************

Write the data to file:33554432 bytes
***********WAITING************

Write the data to file:33554432 bytes
***********WAITING************
nr_of_strided_rec: 1024
nr_doubles: 512
nr_of_strided_rec: 1024
nr_doubles: 512
nr_of_strided_rec: 1024
nr_doubles: 512
nr_of_strided_rec: 1024
nr_doubles: 512

Write the data to file:33554432 bytes
***********WAITING************

Write the data to file:33554432 bytes
***********WAITING************

Write the data to file:33554432 bytes
***********WAITING************

Write the data to file:33554432 bytes
***********WAITING************
nr_of_strided_rec: 1024
nr_doubles: 512
nr_of_strided_rec: 1024
nr_doubles: 512
nr_of_strided_rec: 1024
nr_doubles: 512
nr_of_strided_rec: 1024
nr_doubles: 512

Write the data to file:33554432 bytes
***********WAITING************

Write the data to file:33554432 bytes
***********WAITING************

Write the data to file:33554432 bytes
***********WAITING************

Write the data to file:33554432 bytes
***********WAITING************
nr_of_strided_rec: 1024
nr_doubles: 512
nr_of_strided_rec: 1024
nr_doubles: 512
nr_of_strided_rec: 1024
nr_doubles: 512
nr_of_strided_rec: 1024
nr_doubles: 512

Write the data to file:33554432 bytes
***********WAITING************

Write the data to file:33554432 bytes
***********WAITING************

Write the data to file:33554432 bytes
***********WAITING************

Write the data to file:33554432 bytes
***********WAITING************
nr_of_strided_rec: 1024
nr_doubles: 512
nr_of_strided_rec: 1024
nr_doubles: 512
nr_of_strided_rec: 1024
nr_doubles: 512
nr_of_strided_rec: 1024
nr_doubles: 512

Write the data to file:33554432 bytes
***********WAITING************

Write the data to file:33554432 bytes
***********WAITING************

Write the data to file:33554432 bytes
***********WAITING************

Write the data to file:33554432 bytes
***********WAITING************
nr_of_strided_rec: 1024
nr_doubles: 512
nr_of_strided_rec: 1024
nr_doubles: 512
nr_of_strided_rec: 1024
nr_doubles: 512
nr_of_strided_rec: 1024
nr_doubles: 512

Write the data to file:33554432 bytes
***********WAITING************

Write the data to file:33554432 bytes
***********WAITING************

Write the data to file:33554432 bytes
***********WAITING************

Write the data to file:33554432 bytes
***********WAITING************
nr_of_strided_rec: 1024
nr_doubles: 512
nr_of_strided_rec: 1024
nr_doubles: 512
nr_of_strided_rec: 1024
nr_doubles: 512
nr_of_strided_rec: 1024
nr_doubles: 512

Write the data to file:33554432 bytes
***********WAITING************

Write the data to file:33554432 bytes
***********WAITING************

Write the data to file:33554432 bytes
***********WAITING************

Write the data to file:33554432 bytes
***********WAITING************
nr_of_strided_rec: 1024
nr_doubles: 512
nr_of_strided_rec: 1024
nr_doubles: 512
nr_of_strided_rec: 1024
nr_doubles: 512
nr_of_strided_rec: 1024
nr_doubles: 512

Write the data to file:33554432 bytes
***********WAITING************

Write the data to file:33554432 bytes
***********WAITING************

Write the data to file:33554432 bytes
***********WAITING************

Write the data to file:33554432 bytes
***********WAITING************
nr_of_strided_rec: 1024
nr_doubles: 512
nr_of_strided_rec: 1024
nr_doubles: 512
nr_of_strided_rec: 1024
nr_doubles: 512
nr_of_strided_rec: 1024
nr_doubles: 512

Write the data to file:33554432 bytes
***********WAITING************

Write the data to file:33554432 bytes
***********WAITING************

Write the data to file:33554432 bytes
***********WAITING************

Write the data to file:33554432 bytes
***********WAITING************
nr_of_strided_rec: 1024
nr_doubles: 512
nr_of_strided_rec: 1024
nr_doubles: 512
nr_of_strided_rec: 1024
nr_doubles: 512
nr_of_strided_rec: 1024
nr_doubles: 512

Write the data to file:33554432 bytes
***********WAITING************

Write the data to file:33554432 bytes
***********WAITING************

Write the data to file:33554432 bytes
***********WAITING************

Write the data to file:33554432 bytes
***********WAITING************
nr_of_strided_rec: 1024
nr_doubles: 512
nr_of_strided_rec: 1024
nr_doubles: 512
nr_of_strided_rec: 1024
nr_doubles: 512
nr_of_strided_rec: 1024
nr_doubles: 512

Write the data to file:33554432 bytes
***********WAITING************

Write the data to file:33554432 bytes
***********WAITING************

Write the data to file:33554432 bytes
***********WAITING************

Write the data to file:33554432 bytes
***********WAITING************
nr_of_strided_rec: 1024
nr_doubles: 512
nr_of_strided_rec: 1024
nr_doubles: 512
nr_of_strided_rec: 1024
nr_doubles: 512
nr_of_strided_rec: 1024
nr_doubles: 512

Write the data to file:33554432 bytes
***********WAITING************

Write the data to file:33554432 bytes
***********WAITING************

Write the data to file:33554432 bytes
***********WAITING************

Write the data to file:33554432 bytes
***********WAITING************
nr_of_strided_rec: 1024
nr_doubles: 512
nr_of_strided_rec: 1024
nr_doubles: 512
nr_of_strided_rec: 1024
nr_doubles: 512
nr_of_strided_rec: 1024
nr_doubles: 512

Write the data to file:33554432 bytes
***********WAITING************

Write the data to file:33554432 bytes
***********WAITING************

Write the data to file:33554432 bytes
***********WAITING************

Write the data to file:33554432 bytes
***********WAITING************
nr_of_strided_rec: 1024
nr_doubles: 512
nr_of_strided_rec: 1024
nr_doubles: 512
nr_of_strided_rec: 1024
nr_doubles: 512
nr_of_strided_rec: 1024
nr_doubles: 512

Write the data to file:33554432 bytes
***********WAITING************

Write the data to file:33554432 bytes
***********WAITING************

Write the data to file:33554432 bytes
***********WAITING************

Write the data to file:33554432 bytes
***********WAITING************
nr_of_strided_rec: 1024
nr_doubles: 512
nr_of_strided_rec: 1024
nr_doubles: 512
nr_of_strided_rec: 1024
nr_doubles: 512
nr_of_strided_rec: 1024
nr_doubles: 512

Write the data to file:33554432 bytes
***********WAITING************

Write the data to file:33554432 bytes
***********WAITING************

Write the data to file:33554432 bytes
***********WAITING************

Write the data to file:33554432 bytes
***********WAITING************
nr_of_strided_rec: 1024
nr_doubles: 512
nr_of_strided_rec: 1024
nr_doubles: 512
nr_of_strided_rec: 1024
nr_doubles: 512
nr_of_strided_rec: 1024
nr_doubles: 512

Write the data to file:33554432 bytes
***********WAITING************

Write the data to file:33554432 bytes
***********WAITING************

Write the data to file:33554432 bytes
***********WAITING************

Write the data to file:33554432 bytes
***********WAITING************
nr_of_strided_rec: 1024
nr_doubles: 512
nr_of_strided_rec: 1024
nr_doubles: 512
nr_of_strided_rec: 1024
nr_doubles: 512
nr_of_strided_rec: 1024
nr_doubles: 512

Write the data to file:33554432 bytes
***********WAITING************

Write the data to file:33554432 bytes
***********WAITING************

Write the data to file:33554432 bytes
***********WAITING************

Write the data to file:33554432 bytes
***********WAITING************
nr_of_strided_rec: 1024
nr_doubles: 512
nr_of_strided_rec: 1024
nr_doubles: 512
nr_of_strided_rec: 1024
nr_doubles: 512
nr_of_strided_rec: 1024
nr_doubles: 512

Write the data to file:33554432 bytes
***********WAITING************

Write the data to file:33554432 bytes
***********WAITING************

Write the data to file:33554432 bytes
***********WAITING************

Write the data to file:33554432 bytes
***********WAITING************
nr_of_strided_rec: 1024
nr_doubles: 512
nr_of_strided_rec: 1024
nr_doubles: 512
nr_of_strided_rec: 1024
nr_doubles: 512
nr_of_strided_rec: 1024
nr_doubles: 512

Write the data to file:33554432 bytes
***********WAITING************

Write the data to file:33554432 bytes
***********WAITING************

Write the data to file:33554432 bytes
***********WAITING************

Write the data to file:33554432 bytes
***********WAITING************
nr_of_strided_rec: 1024
nr_doubles: 512
nr_of_strided_rec: 1024
nr_doubles: 512
nr_of_strided_rec: 1024
nr_doubles: 512
nr_of_strided_rec: 1024
nr_doubles: 512

Write the data to file:33554432 bytes
***********WAITING************

Write the data to file:33554432 bytes
***********WAITING************

Write the data to file:33554432 bytes
***********WAITING************

Write the data to file:33554432 bytes
***********WAITING************

Write the data to file:33554432 bytes
***********WAITING************

Write the data to file:33554432 bytes
***********WAITING************

Write the data to file:33554432 bytes
***********WAITING************

Write the data to file:33554432 bytes
***********WAITING************
W_cc         0.85   [      0.85:      0.85]
W_r         29.64   [     29.64:     29.64]
W_w          1.52   [      1.52:      1.52]
          -------
W_total     32.01   [     32.01:     32.01]

calc_W done
calc_W done
calc_W done
calc_W done
nr_of_strided_rec: 1024
nr_doubles: 512
nr_of_strided_rec: 1024
nr_doubles: 512
nr_of_strided_rec: 1024
nr_doubles: 512
nr_of_strided_rec: 1024
nr_doubles: 512
nr_of_strided_rec: 1024
nr_doubles: 512
nr_of_strided_rec: 1024
nr_doubles: 512
nr_of_strided_rec: 1024
nr_doubles: 512
nr_of_strided_rec: 1024
nr_doubles: 512
nr_of_strided_rec: 1024
nr_doubles: 512
nr_of_strided_rec: 1024
nr_doubles: 512
nr_of_strided_rec: 1024
nr_doubles: 512
nr_of_strided_rec: 1024
nr_doubles: 512
nr_of_strided_rec: 1024
nr_doubles: 512
nr_of_strided_rec: 1024
nr_doubles: 512
nr_of_strided_rec: 1024
nr_doubles: 512
nr_of_strided_rec: 1024
nr_doubles: 512
nr_of_strided_rec: 1024
nr_doubles: 512
nr_of_strided_rec: 1024
nr_doubles: 512
nr_of_strided_rec: 1024
nr_doubles: 512
nr_of_strided_rec: 1024
nr_doubles: 512
nr_of_strided_rec: 1024
nr_doubles: 512
nr_of_strided_rec: 1024
nr_doubles: 512
nr_of_strided_rec: 1024
nr_doubles: 512
nr_of_strided_rec: 1024
nr_doubles: 512
nr_of_strided_rec: 1024
nr_doubles: 512
nr_of_strided_rec: 1024
nr_doubles: 512
nr_of_strided_rec: 1024
nr_doubles: 512
nr_of_strided_rec: 1024
nr_doubles: 512
nr_of_strided_rec: 1024
nr_doubles: 512
nr_of_strided_rec: 1024
nr_doubles: 512
nr_of_strided_rec: 1024
nr_doubles: 512
nr_of_strided_rec: 1024
nr_doubles: 512
nr_of_strided_rec: 1024
nr_doubles: 512
nr_of_strided_rec: 1024
nr_doubles: 512
nr_of_strided_rec: 1024
nr_doubles: 512
nr_of_strided_rec: 1024
nr_doubles: 512
nr_of_strided_rec: 1024
nr_doubles: 512
nr_of_strided_rec: 1024
nr_doubles: 512
nr_of_strided_rec: 1024
nr_doubles: 512
nr_of_strided_rec: 1024
nr_doubles: 512
nr_of_strided_rec: 1024
nr_doubles: 512
nr_of_strided_rec: 1024
nr_doubles: 512
nr_of_strided_rec: 1024
nr_doubles: 512
nr_of_strided_rec: 1024
nr_doubles: 512
nr_of_strided_rec: 1024
nr_doubles: 512
nr_of_strided_rec: 1024
nr_doubles: 512
nr_of_strided_rec: 1024
nr_doubles: 512
nr_of_strided_rec: 1024
nr_doubles: 512
nr_of_strided_rec: 1024
nr_doubles: 512
nr_of_strided_rec: 1024
nr_doubles: 512
nr_of_strided_rec: 1024
nr_doubles: 512
nr_of_strided_rec: 1024
nr_doubles: 512
nr_of_strided_rec: 1024
nr_doubles: 512
nr_of_strided_rec: 1024
nr_doubles: 512
nr_of_strided_rec: 1024
nr_doubles: 512
nr_of_strided_rec: 1024
nr_doubles: 512
nr_of_strided_rec: 1024
nr_doubles: 512
nr_of_strided_rec: 1024
nr_doubles: 512
nr_of_strided_rec: 1024
nr_doubles: 512
nr_of_strided_rec: 1024
nr_doubles: 512
nr_of_strided_rec: 1024
nr_doubles: 512
nr_of_strided_rec: 1024
nr_doubles: 512
nr_of_strided_rec: 1024
nr_doubles: 512
nr_of_strided_rec: 1024
nr_doubles: 512
nr_of_strided_rec: 1024
nr_doubles: 512
nr_of_strided_rec: 1024
nr_doubles: 512
nr_of_strided_rec: 1024
nr_doubles: 512
nr_of_strided_rec: 1024
nr_doubles: 512
nr_of_strided_rec: 1024
nr_doubles: 512
nr_of_strided_rec: 1024
nr_doubles: 512
nr_of_strided_rec: 1024
nr_doubles: 512
nr_of_strided_rec: 1024
nr_doubles: 512
nr_of_strided_rec: 1024
nr_doubles: 512
nr_of_strided_rec: 1024
nr_doubles: 512
nr_of_strided_rec: 1024
nr_doubles: 512
nr_of_strided_rec: 1024
nr_doubles: 512
nr_of_strided_rec: 1024
nr_doubles: 512
nr_of_strided_rec: 1024
nr_doubles: 512
nr_of_strided_rec: 1024
nr_doubles: 512
nr_of_strided_rec: 1024
nr_doubles: 512
nr_of_strided_rec: 1024
nr_doubles: 512
nr_of_strided_rec: 1024
nr_doubles: 512
nr_of_strided_rec: 1024
nr_doubles: 512
nr_of_strided_rec: 1024
nr_doubles: 512
nr_of_strided_rec: 1024
nr_doubles: 512
nr_of_strided_rec: 1024
nr_doubles: 512
nr_of_strided_rec: 1024
nr_doubles: 512
nr_of_strided_rec: 1024
nr_doubles: 512
nr_of_strided_rec: 1024
nr_doubles: 512
nr_of_strided_rec: 1024
nr_doubles: 512
nr_of_strided_rec: 1024
nr_doubles: 512
nr_of_strided_rec: 1024
nr_doubles: 512
nr_of_strided_rec: 1024
nr_doubles: 512
nr_of_strided_rec: 1024
nr_doubles: 512
nr_of_strided_rec: 1024
nr_doubles: 512
nr_of_strided_rec: 1024
nr_doubles: 512
nr_of_strided_rec: 1024
nr_doubles: 512
nr_of_strided_rec: 1024
nr_doubles: 512
nr_of_strided_rec: 1024
nr_doubles: 512
nr_of_strided_rec: 1024
nr_doubles: 512
nr_of_strided_rec: 1024
nr_doubles: 512
nr_of_strided_rec: 1024
nr_doubles: 512
nr_of_strided_rec: 1024
nr_doubles: 512
nr_of_strided_rec: 1024
nr_doubles: 512
nr_of_strided_rec: 1024
nr_doubles: 512
nr_of_strided_rec: 1024
nr_doubles: 512
nr_of_strided_rec: 1024
nr_doubles: 512
nr_of_strided_rec: 1024
nr_doubles: 512
nr_of_strided_rec: 1024
nr_doubles: 512
nr_of_strided_rec: 1024
nr_doubles: 512
nr_of_strided_rec: 1024
nr_doubles: 512
nr_of_strided_rec: 1024
nr_doubles: 512
nr_of_strided_rec: 1024
nr_doubles: 512
nr_of_strided_rec: 1024
nr_doubles: 512
nr_of_strided_rec: 1024
nr_doubles: 512
nr_of_strided_rec: 1024
nr_doubles: 512
nr_of_strided_rec: 1024
nr_doubles: 512
nr_of_strided_rec: 1024
nr_doubles: 512
nr_of_strided_rec: 1024
nr_doubles: 512
nr_of_strided_rec: 1024
nr_doubles: 512
C_cc         0.43   [      0.43:      0.43]
C_bw         0.19   [      0.19:      0.19]
C_r         18.52   [     18.52:     18.52]
          -------
C_total     19.13   [     19.13:     19.13]


dC[0] = 0.00000e+00
fclose PID:27887 fd:8
fclose PID:27885 fd:12
fclose PID:27886 fd:10
fclose PID:27888 fd:8
READAHEAD_TIME:0.000000 us
MaxRSS= 141332 KB, SharedMem= 0 KB, HardPageFault= 13
READAHEAD_TIME:0.000000 us
MaxRSS= 141468 KB, SharedMem= 0 KB, HardPageFault= 15
READAHEAD_TIME:0.000000 us
MaxRSS= 141512 KB, SharedMem= 0 KB, HardPageFault= 15
READAHEAD_TIME:0.000000 us
MaxRSS= 141772 KB, SharedMem= 0 KB, HardPageFault= 11
fclose PID:27884 fd:0
fclose PID:27884 fd:6
fclose PID:27884 fd:6
fclose PID:27884 fd:0
READAHEAD_TIME:0.000000 us
MaxRSS= 5320 KB, SharedMem= 0 KB, HardPageFault= 2
fclose PID:27883 fd:3
fclose PID:27883 fd:4
fclose PID:27883 fd:4
fclose PID:27883 fd:3
READAHEAD_TIME:0.000000 us
MaxRSS= 4880 KB, SharedMem= 0 KB, HardPageFault= 4
	Command being timed: "mpiexec -n 4 ./MADbench2_io 4096 30 1 8 64 1 1 4096 7 1"
	User time (seconds): 21.87
	System time (seconds): 22.13
	Percent of CPU this job got: 73%
	Elapsed (wall clock) time (h:mm:ss or m:ss): 1:00.04
	Average shared text size (kbytes): 0
	Average unshared data size (kbytes): 0
	Average stack size (kbytes): 0
	Average total size (kbytes): 0
	Maximum resident set size (kbytes): 141772
	Average resident set size (kbytes): 0
	Major (requiring I/O) page faults: 61
	Minor (reclaiming a frame) page faults: 490577
	Voluntary context switches: 860198
	Involuntary context switches: 411
	Swaps: 0
	File system inputs: 15325664
	File system outputs: 15728712
	Socket messages sent: 0
	Socket messages received: 0
	Signals delivered: 0
	Page size (bytes): 4096
	Exit status: 0
READAHEAD_TIME:0.000000 us
MaxRSS= 2208 KB, SharedMem= 0 KB, HardPageFault= 0
*******************DMESG OUTPUT******************
