fclose PID:35422 fd:3
fclose PID:35422 fd:4
fclose PID:35422 fd:4
fclose PID:35422 fd:3
available: 2 nodes (0-1)
fclose PID:35422 fd:3
node 0 cpus:fclose PID:35422 fd:3
 0 1 2 3 4 5 6 7 8 9 20 21 22 23 24 25 26 27 28 29
node 0 size: 80440 MB
node 0 free: 80126 MB
fclose PID:35422 fd:3
node 1 cpus:fclose PID:35422 fd:3
 10 11 12 13 14 15 16 17 18 19 30 31 32 33 34 35 36 37 38 39
node 1 size: 80635 MB
node 1 free: 80370 MB
fclose PID:35422 fd:3
fclose PID:35422 fd:3
node distances:
node   0   1 
  0:  10  21 
  1:  21  10 
READAHEAD_TIME:0.000000 us
MaxRSS= 2188 KB, SharedMem= 0 KB, HardPageFault= 10
fclose PID:35433 fd:8
fclose PID:35436 fd:8
fclose PID:35438 fd:8
fclose PID:35440 fd:8
fclose PID:35428 fd:12
fclose PID:35443 fd:8
fclose PID:35430 fd:8
fclose PID:35435 fd:8
fclose PID:35439 fd:8
fclose PID:35442 fd:8
fclose PID:35429 fd:10
fclose PID:35431 fd:8
fclose PID:35432 fd:8
fclose PID:35434 fd:8
fclose PID:35437 fd:8
fclose PID:35441 fd:8

MADbench 2.0 IO-mode
no_pe = 16  no_pix = 4096  no_bin = 30  no_gang = 1 sblocksize = 8  fblocksize = 64  r_mod = 1  w_mod = 1 record_size=4096 stride=7


IOMETHOD = POSIX  IOMODE = SYNC  FILETYPE = UNIQUE  REMAP = CUSTOMbuild_S
build_S
build_S
build_S
build_S
build_S
build_S
build_S
build_S
build_S
build_S
build_S
build_S
build_S
build_S
build_S

Write the data to file:8388608 bytes
***********WAITING************

Write the data to file:8388608 bytes
***********WAITING************

Write the data to file:8388608 bytes
***********WAITING************

Write the data to file:8388608 bytes
***********WAITING************

Write the data to file:8388608 bytes
***********WAITING************

Write the data to file:8388608 bytes
***********WAITING************

Write the data to file:8388608 bytes
***********WAITING************

Write the data to file:8388608 bytes
***********WAITING************

Write the data to file:8388608 bytes
***********WAITING************

Write the data to file:8388608 bytes
***********WAITING************

Write the data to file:8388608 bytes
***********WAITING************

Write the data to file:8388608 bytes
***********WAITING************

Write the data to file:8388608 bytes
***********WAITING************

Write the data to file:8388608 bytes
***********WAITING************

Write the data to file:8388608 bytes
***********WAITING************

Write the data to file:8388608 bytes
***********WAITING************

Write the data to file:8388608 bytes
***********WAITING************

Write the data to file:8388608 bytes
***********WAITING************

Write the data to file:8388608 bytes
***********WAITING************

Write the data to file:8388608 bytes
***********WAITING************

Write the data to file:8388608 bytes
***********WAITING************

Write the data to file:8388608 bytes
***********WAITING************

Write the data to file:8388608 bytes
***********WAITING************

Write the data to file:8388608 bytes
***********WAITING************

Write the data to file:8388608 bytes
***********WAITING************

Write the data to file:8388608 bytes
***********WAITING************

Write the data to file:8388608 bytes
***********WAITING************

Write the data to file:8388608 bytes
***********WAITING************

Write the data to file:8388608 bytes
***********WAITING************

Write the data to file:8388608 bytes
***********WAITING************

Write the data to file:8388608 bytes
***********WAITING************

Write the data to file:8388608 bytes
***********WAITING************

Write the data to file:8388608 bytes
***********WAITING************

Write the data to file:8388608 bytes
***********WAITING************

Write the data to file:8388608 bytes
***********WAITING************

Write the data to file:8388608 bytes
***********WAITING************

Write the data to file:8388608 bytes
***********WAITING************

Write the data to file:8388608 bytes
***********WAITING************

Write the data to file:8388608 bytes
***********WAITING************

Write the data to file:8388608 bytes
***********WAITING************

Write the data to file:8388608 bytes
***********WAITING************

Write the data to file:8388608 bytes
***********WAITING************

Write the data to file:8388608 bytes
***********WAITING************

Write the data to file:8388608 bytes
***********WAITING************

Write the data to file:8388608 bytes
***********WAITING************

Write the data to file:8388608 bytes
***********WAITING************

Write the data to file:8388608 bytes
***********WAITING************

Write the data to file:8388608 bytes
***********WAITING************

Write the data to file:8388608 bytes
***********WAITING************

Write the data to file:8388608 bytes
***********WAITING************

Write the data to file:8388608 bytes
***********WAITING************

Write the data to file:8388608 bytes
***********WAITING************

Write the data to file:8388608 bytes
***********WAITING************

Write the data to file:8388608 bytes
***********WAITING************

Write the data to file:8388608 bytes
***********WAITING************

Write the data to file:8388608 bytes
***********WAITING************

Write the data to file:8388608 bytes
***********WAITING************

Write the data to file:8388608 bytes
***********WAITING************

Write the data to file:8388608 bytes
***********WAITING************

Write the data to file:8388608 bytes
***********WAITING************

Write the data to file:8388608 bytes
***********WAITING************

Write the data to file:8388608 bytes
***********WAITING************

Write the data to file:8388608 bytes
***********WAITING************

Write the data to file:8388608 bytes
***********WAITING************

Write the data to file:8388608 bytes
***********WAITING************

Write the data to file:8388608 bytes
***********WAITING************

Write the data to file:8388608 bytes
***********WAITING************

Write the data to file:8388608 bytes
***********WAITING************

Write the data to file:8388608 bytes
***********WAITING************

Write the data to file:8388608 bytes
***********WAITING************

Write the data to file:8388608 bytes
***********WAITING************

Write the data to file:8388608 bytes
***********WAITING************

Write the data to file:8388608 bytes
***********WAITING************

Write the data to file:8388608 bytes
***********WAITING************

Write the data to file:8388608 bytes
***********WAITING************

Write the data to file:8388608 bytes
***********WAITING************

Write the data to file:8388608 bytes
***********WAITING************

Write the data to file:8388608 bytes
***********WAITING************

Write the data to file:8388608 bytes
***********WAITING************

Write the data to file:8388608 bytes
***********WAITING************

Write the data to file:8388608 bytes
***********WAITING************

Write the data to file:8388608 bytes
***********WAITING************

Write the data to file:8388608 bytes
***********WAITING************

Write the data to file:8388608 bytes
***********WAITING************

Write the data to file:8388608 bytes
***********WAITING************

Write the data to file:8388608 bytes
***********WAITING************

Write the data to file:8388608 bytes
***********WAITING************

Write the data to file:8388608 bytes
***********WAITING************

Write the data to file:8388608 bytes
***********WAITING************

Write the data to file:8388608 bytes
***********WAITING************

Write the data to file:8388608 bytes
***********WAITING************

Write the data to file:8388608 bytes
***********WAITING************

Write the data to file:8388608 bytes
***********WAITING************

Write the data to file:8388608 bytes
***********WAITING************

Write the data to file:8388608 bytes
***********WAITING************

Write the data to file:8388608 bytes
***********WAITING************

Write the data to file:8388608 bytes
***********WAITING************

Write the data to file:8388608 bytes
***********WAITING************

Write the data to file:8388608 bytes
***********WAITING************

Write the data to file:8388608 bytes
***********WAITING************

Write the data to file:8388608 bytes
***********WAITING************

Write the data to file:8388608 bytes
***********WAITING************

Write the data to file:8388608 bytes
***********WAITING************

Write the data to file:8388608 bytes
***********WAITING************

Write the data to file:8388608 bytes
***********WAITING************

Write the data to file:8388608 bytes
***********WAITING************

Write the data to file:8388608 bytes
***********WAITING************

Write the data to file:8388608 bytes
***********WAITING************

Write the data to file:8388608 bytes
***********WAITING************

Write the data to file:8388608 bytes
***********WAITING************

Write the data to file:8388608 bytes
***********WAITING************

Write the data to file:8388608 bytes
***********WAITING************

Write the data to file:8388608 bytes
***********WAITING************

Write the data to file:8388608 bytes
***********WAITING************

Write the data to file:8388608 bytes
***********WAITING************

Write the data to file:8388608 bytes
***********WAITING************

Write the data to file:8388608 bytes
***********WAITING************

Write the data to file:8388608 bytes
***********WAITING************

Write the data to file:8388608 bytes
***********WAITING************

Write the data to file:8388608 bytes
***********WAITING************

Write the data to file:8388608 bytes
***********WAITING************

Write the data to file:8388608 bytes
***********WAITING************

Write the data to file:8388608 bytes
***********WAITING************

Write the data to file:8388608 bytes
***********WAITING************

Write the data to file:8388608 bytes
***********WAITING************

Write the data to file:8388608 bytes
***********WAITING************

Write the data to file:8388608 bytes
***********WAITING************

Write the data to file:8388608 bytes
***********WAITING************

Write the data to file:8388608 bytes
***********WAITING************

Write the data to file:8388608 bytes
***********WAITING************

Write the data to file:8388608 bytes
***********WAITING************

Write the data to file:8388608 bytes
***********WAITING************

Write the data to file:8388608 bytes
***********WAITING************

Write the data to file:8388608 bytes
***********WAITING************

Write the data to file:8388608 bytes
***********WAITING************

Write the data to file:8388608 bytes
***********WAITING************

Write the data to file:8388608 bytes
***********WAITING************

Write the data to file:8388608 bytes
***********WAITING************

Write the data to file:8388608 bytes
***********WAITING************

Write the data to file:8388608 bytes
***********WAITING************

Write the data to file:8388608 bytes
***********WAITING************

Write the data to file:8388608 bytes
***********WAITING************

Write the data to file:8388608 bytes
***********WAITING************

Write the data to file:8388608 bytes
***********WAITING************

Write the data to file:8388608 bytes
***********WAITING************

Write the data to file:8388608 bytes
***********WAITING************

Write the data to file:8388608 bytes
***********WAITING************

Write the data to file:8388608 bytes
***********WAITING************

Write the data to file:8388608 bytes
***********WAITING************

Write the data to file:8388608 bytes
***********WAITING************

Write the data to file:8388608 bytes
***********WAITING************

Write the data to file:8388608 bytes
***********WAITING************

Write the data to file:8388608 bytes
***********WAITING************

Write the data to file:8388608 bytes
***********WAITING************

Write the data to file:8388608 bytes
***********WAITING************

Write the data to file:8388608 bytes
***********WAITING************

Write the data to file:8388608 bytes
***********WAITING************

Write the data to file:8388608 bytes
***********WAITING************

Write the data to file:8388608 bytes
***********WAITING************

Write the data to file:8388608 bytes
***********WAITING************

Write the data to file:8388608 bytes
***********WAITING************

Write the data to file:8388608 bytes
***********WAITING************

Write the data to file:8388608 bytes
***********WAITING************

Write the data to file:8388608 bytes
***********WAITING************

Write the data to file:8388608 bytes
***********WAITING************

Write the data to file:8388608 bytes
***********WAITING************

Write the data to file:8388608 bytes
***********WAITING************

Write the data to file:8388608 bytes
***********WAITING************

Write the data to file:8388608 bytes
***********WAITING************

Write the data to file:8388608 bytes
***********WAITING************

Write the data to file:8388608 bytes
***********WAITING************

Write the data to file:8388608 bytes
***********WAITING************

Write the data to file:8388608 bytes
***********WAITING************

Write the data to file:8388608 bytes
***********WAITING************

Write the data to file:8388608 bytes
***********WAITING************

Write the data to file:8388608 bytes
***********WAITING************

Write the data to file:8388608 bytes
***********WAITING************

Write the data to file:8388608 bytes
***********WAITING************

Write the data to file:8388608 bytes
***********WAITING************

Write the data to file:8388608 bytes
***********WAITING************

Write the data to file:8388608 bytes
***********WAITING************

Write the data to file:8388608 bytes
***********WAITING************

Write the data to file:8388608 bytes
***********WAITING************

Write the data to file:8388608 bytes
***********WAITING************

Write the data to file:8388608 bytes
***********WAITING************

Write the data to file:8388608 bytes
***********WAITING************

Write the data to file:8388608 bytes
***********WAITING************

Write the data to file:8388608 bytes
***********WAITING************

Write the data to file:8388608 bytes
***********WAITING************

Write the data to file:8388608 bytes
***********WAITING************

Write the data to file:8388608 bytes
***********WAITING************

Write the data to file:8388608 bytes
***********WAITING************

Write the data to file:8388608 bytes
***********WAITING************

Write the data to file:8388608 bytes
***********WAITING************

Write the data to file:8388608 bytes
***********WAITING************

Write the data to file:8388608 bytes
***********WAITING************

Write the data to file:8388608 bytes
***********WAITING************

Write the data to file:8388608 bytes
***********WAITING************

Write the data to file:8388608 bytes
***********WAITING************

Write the data to file:8388608 bytes
***********WAITING************

Write the data to file:8388608 bytes
***********WAITING************

Write the data to file:8388608 bytes
***********WAITING************

Write the data to file:8388608 bytes
***********WAITING************

Write the data to file:8388608 bytes
***********WAITING************

Write the data to file:8388608 bytes
***********WAITING************

Write the data to file:8388608 bytes
***********WAITING************

Write the data to file:8388608 bytes
***********WAITING************

Write the data to file:8388608 bytes
***********WAITING************

Write the data to file:8388608 bytes
***********WAITING************

Write the data to file:8388608 bytes
***********WAITING************

Write the data to file:8388608 bytes
***********WAITING************

Write the data to file:8388608 bytes
***********WAITING************

Write the data to file:8388608 bytes
***********WAITING************

Write the data to file:8388608 bytes
***********WAITING************

Write the data to file:8388608 bytes
***********WAITING************

Write the data to file:8388608 bytes
***********WAITING************

Write the data to file:8388608 bytes
***********WAITING************

Write the data to file:8388608 bytes
***********WAITING************

Write the data to file:8388608 bytes
***********WAITING************

Write the data to file:8388608 bytes
***********WAITING************

Write the data to file:8388608 bytes
***********WAITING************

Write the data to file:8388608 bytes
***********WAITING************

Write the data to file:8388608 bytes
***********WAITING************

Write the data to file:8388608 bytes
***********WAITING************

Write the data to file:8388608 bytes
***********WAITING************

Write the data to file:8388608 bytes
***********WAITING************

Write the data to file:8388608 bytes
***********WAITING************

Write the data to file:8388608 bytes
***********WAITING************

Write the data to file:8388608 bytes
***********WAITING************

Write the data to file:8388608 bytes
***********WAITING************

Write the data to file:8388608 bytes
***********WAITING************

Write the data to file:8388608 bytes
***********WAITING************

Write the data to file:8388608 bytes
***********WAITING************

Write the data to file:8388608 bytes
***********WAITING************

Write the data to file:8388608 bytes
***********WAITING************

Write the data to file:8388608 bytes
***********WAITING************

Write the data to file:8388608 bytes
***********WAITING************

Write the data to file:8388608 bytes
***********WAITING************

Write the data to file:8388608 bytes
***********WAITING************

Write the data to file:8388608 bytes
***********WAITING************

Write the data to file:8388608 bytes
***********WAITING************

Write the data to file:8388608 bytes
***********WAITING************

Write the data to file:8388608 bytes
***********WAITING************

Write the data to file:8388608 bytes
***********WAITING************

Write the data to file:8388608 bytes
***********WAITING************

Write the data to file:8388608 bytes
***********WAITING************

Write the data to file:8388608 bytes
***********WAITING************

Write the data to file:8388608 bytes
***********WAITING************

Write the data to file:8388608 bytes
***********WAITING************

Write the data to file:8388608 bytes
***********WAITING************

Write the data to file:8388608 bytes
***********WAITING************

Write the data to file:8388608 bytes
***********WAITING************

Write the data to file:8388608 bytes
***********WAITING************

Write the data to file:8388608 bytes
***********WAITING************

Write the data to file:8388608 bytes
***********WAITING************

Write the data to file:8388608 bytes
***********WAITING************

Write the data to file:8388608 bytes
***********WAITING************

Write the data to file:8388608 bytes
***********WAITING************

Write the data to file:8388608 bytes
***********WAITING************

Write the data to file:8388608 bytes
***********WAITING************

Write the data to file:8388608 bytes
***********WAITING************

Write the data to file:8388608 bytes
***********WAITING************

Write the data to file:8388608 bytes
***********WAITING************

Write the data to file:8388608 bytes
***********WAITING************

Write the data to file:8388608 bytes
***********WAITING************

Write the data to file:8388608 bytes
***********WAITING************

Write the data to file:8388608 bytes
***********WAITING************

Write the data to file:8388608 bytes
***********WAITING************

Write the data to file:8388608 bytes
***********WAITING************

Write the data to file:8388608 bytes
***********WAITING************

Write the data to file:8388608 bytes
***********WAITING************

Write the data to file:8388608 bytes
***********WAITING************

Write the data to file:8388608 bytes
***********WAITING************

Write the data to file:8388608 bytes
***********WAITING************

Write the data to file:8388608 bytes
***********WAITING************

Write the data to file:8388608 bytes
***********WAITING************

Write the data to file:8388608 bytes
***********WAITING************

Write the data to file:8388608 bytes
***********WAITING************

Write the data to file:8388608 bytes
***********WAITING************

Write the data to file:8388608 bytes
***********WAITING************

Write the data to file:8388608 bytes
***********WAITING************

Write the data to file:8388608 bytes
***********WAITING************

Write the data to file:8388608 bytes
***********WAITING************

Write the data to file:8388608 bytes
***********WAITING************

Write the data to file:8388608 bytes
***********WAITING************

Write the data to file:8388608 bytes
***********WAITING************

Write the data to file:8388608 bytes
***********WAITING************

Write the data to file:8388608 bytes
***********WAITING************

Write the data to file:8388608 bytes
***********WAITING************

Write the data to file:8388608 bytes
***********WAITING************

Write the data to file:8388608 bytes
***********WAITING************

Write the data to file:8388608 bytes
***********WAITING************

Write the data to file:8388608 bytes
***********WAITING************

Write the data to file:8388608 bytes
***********WAITING************

Write the data to file:8388608 bytes
***********WAITING************

Write the data to file:8388608 bytes
***********WAITING************

Write the data to file:8388608 bytes
***********WAITING************

Write the data to file:8388608 bytes
***********WAITING************

Write the data to file:8388608 bytes
***********WAITING************

Write the data to file:8388608 bytes
***********WAITING************

Write the data to file:8388608 bytes
***********WAITING************

Write the data to file:8388608 bytes
***********WAITING************

Write the data to file:8388608 bytes
***********WAITING************

Write the data to file:8388608 bytes
***********WAITING************

Write the data to file:8388608 bytes
***********WAITING************

Write the data to file:8388608 bytes
***********WAITING************

Write the data to file:8388608 bytes
***********WAITING************

Write the data to file:8388608 bytes
***********WAITING************

Write the data to file:8388608 bytes
***********WAITING************

Write the data to file:8388608 bytes
***********WAITING************

Write the data to file:8388608 bytes
***********WAITING************

Write the data to file:8388608 bytes
***********WAITING************

Write the data to file:8388608 bytes
***********WAITING************

Write the data to file:8388608 bytes
***********WAITING************

Write the data to file:8388608 bytes
***********WAITING************

Write the data to file:8388608 bytes
***********WAITING************

Write the data to file:8388608 bytes
***********WAITING************

Write the data to file:8388608 bytes
***********WAITING************

Write the data to file:8388608 bytes
***********WAITING************

Write the data to file:8388608 bytes
***********WAITING************

Write the data to file:8388608 bytes
***********WAITING************

Write the data to file:8388608 bytes
***********WAITING************

Write the data to file:8388608 bytes
***********WAITING************

Write the data to file:8388608 bytes
***********WAITING************

Write the data to file:8388608 bytes
***********WAITING************

Write the data to file:8388608 bytes
***********WAITING************

Write the data to file:8388608 bytes
***********WAITING************

Write the data to file:8388608 bytes
***********WAITING************

Write the data to file:8388608 bytes
***********WAITING************

Write the data to file:8388608 bytes
***********WAITING************

Write the data to file:8388608 bytes
***********WAITING************

Write the data to file:8388608 bytes
***********WAITING************

Write the data to file:8388608 bytes
***********WAITING************

Write the data to file:8388608 bytes
***********WAITING************

Write the data to file:8388608 bytes
***********WAITING************

Write the data to file:8388608 bytes
***********WAITING************

Write the data to file:8388608 bytes
***********WAITING************

Write the data to file:8388608 bytes
***********WAITING************

Write the data to file:8388608 bytes
***********WAITING************

Write the data to file:8388608 bytes
***********WAITING************

Write the data to file:8388608 bytes
***********WAITING************

Write the data to file:8388608 bytes
***********WAITING************

Write the data to file:8388608 bytes
***********WAITING************

Write the data to file:8388608 bytes
***********WAITING************

Write the data to file:8388608 bytes
***********WAITING************

Write the data to file:8388608 bytes
***********WAITING************

Write the data to file:8388608 bytes
***********WAITING************

Write the data to file:8388608 bytes
***********WAITING************

Write the data to file:8388608 bytes
***********WAITING************

Write the data to file:8388608 bytes
***********WAITING************

Write the data to file:8388608 bytes
***********WAITING************

Write the data to file:8388608 bytes
***********WAITING************

Write the data to file:8388608 bytes
***********WAITING************

Write the data to file:8388608 bytes
***********WAITING************

Write the data to file:8388608 bytes
***********WAITING************

Write the data to file:8388608 bytes
***********WAITING************

Write the data to file:8388608 bytes
***********WAITING************

Write the data to file:8388608 bytes
***********WAITING************

Write the data to file:8388608 bytes
***********WAITING************

Write the data to file:8388608 bytes
***********WAITING************

Write the data to file:8388608 bytes
***********WAITING************

Write the data to file:8388608 bytes
***********WAITING************

Write the data to file:8388608 bytes
***********WAITING************

Write the data to file:8388608 bytes
***********WAITING************

Write the data to file:8388608 bytes
***********WAITING************

Write the data to file:8388608 bytes
***********WAITING************

Write the data to file:8388608 bytes
***********WAITING************

Write the data to file:8388608 bytes
***********WAITING************

Write the data to file:8388608 bytes
***********WAITING************

Write the data to file:8388608 bytes
***********WAITING************

Write the data to file:8388608 bytes
***********WAITING************

Write the data to file:8388608 bytes
***********WAITING************

Write the data to file:8388608 bytes
***********WAITING************

Write the data to file:8388608 bytes
***********WAITING************

Write the data to file:8388608 bytes
***********WAITING************

Write the data to file:8388608 bytes
***********WAITING************

Write the data to file:8388608 bytes
***********WAITING************

Write the data to file:8388608 bytes
***********WAITING************

Write the data to file:8388608 bytes
***********WAITING************

Write the data to file:8388608 bytes
***********WAITING************

Write the data to file:8388608 bytes
***********WAITING************

Write the data to file:8388608 bytes
***********WAITING************

Write the data to file:8388608 bytes
***********WAITING************

Write the data to file:8388608 bytes
***********WAITING************

Write the data to file:8388608 bytes
***********WAITING************

Write the data to file:8388608 bytes
***********WAITING************

Write the data to file:8388608 bytes
***********WAITING************

Write the data to file:8388608 bytes
***********WAITING************

Write the data to file:8388608 bytes
***********WAITING************

Write the data to file:8388608 bytes
***********WAITING************

Write the data to file:8388608 bytes
***********WAITING************

Write the data to file:8388608 bytes
***********WAITING************

Write the data to file:8388608 bytes
***********WAITING************

Write the data to file:8388608 bytes
***********WAITING************

Write the data to file:8388608 bytes
***********WAITING************

Write the data to file:8388608 bytes
***********WAITING************

Write the data to file:8388608 bytes
***********WAITING************

Write the data to file:8388608 bytes
***********WAITING************

Write the data to file:8388608 bytes
***********WAITING************

Write the data to file:8388608 bytes
***********WAITING************

Write the data to file:8388608 bytes
***********WAITING************

Write the data to file:8388608 bytes
***********WAITING************

Write the data to file:8388608 bytes
***********WAITING************

Write the data to file:8388608 bytes
***********WAITING************

Write the data to file:8388608 bytes
***********WAITING************

Write the data to file:8388608 bytes
***********WAITING************

Write the data to file:8388608 bytes
***********WAITING************

Write the data to file:8388608 bytes
***********WAITING************

Write the data to file:8388608 bytes
***********WAITING************

Write the data to file:8388608 bytes
***********WAITING************

Write the data to file:8388608 bytes
***********WAITING************

Write the data to file:8388608 bytes
***********WAITING************

Write the data to file:8388608 bytes
***********WAITING************

Write the data to file:8388608 bytes
***********WAITING************

Write the data to file:8388608 bytes
***********WAITING************

Write the data to file:8388608 bytes
***********WAITING************

Write the data to file:8388608 bytes
***********WAITING************

Write the data to file:8388608 bytes
***********WAITING************

Write the data to file:8388608 bytes
***********WAITING************

Write the data to file:8388608 bytes
***********WAITING************

Write the data to file:8388608 bytes
***********WAITING************

Write the data to file:8388608 bytes
***********WAITING************

Write the data to file:8388608 bytes
***********WAITING************

Write the data to file:8388608 bytes
***********WAITING************

Write the data to file:8388608 bytes
***********WAITING************

Write the data to file:8388608 bytes
***********WAITING************

Write the data to file:8388608 bytes
***********WAITING************

Write the data to file:8388608 bytes
***********WAITING************

Write the data to file:8388608 bytes
***********WAITING************

Write the data to file:8388608 bytes
***********WAITING************

Write the data to file:8388608 bytes
***********WAITING************

Write the data to file:8388608 bytes
***********WAITING************

Write the data to file:8388608 bytes
***********WAITING************

Write the data to file:8388608 bytes
***********WAITING************

Write the data to file:8388608 bytes
***********WAITING************

Write the data to file:8388608 bytes
***********WAITING************

Write the data to file:8388608 bytes
***********WAITING************

Write the data to file:8388608 bytes
***********WAITING************

Write the data to file:8388608 bytes
***********WAITING************

Write the data to file:8388608 bytes
***********WAITING************

Write the data to file:8388608 bytes
***********WAITING************

Write the data to file:8388608 bytes
***********WAITING************

Write the data to file:8388608 bytes
***********WAITING************

Write the data to file:8388608 bytes
***********WAITING************

Write the data to file:8388608 bytes
***********WAITING************

Write the data to file:8388608 bytes
***********WAITING************

Write the data to file:8388608 bytes
***********WAITING************

Write the data to file:8388608 bytes
***********WAITING************

Write the data to file:8388608 bytes
***********WAITING************

Write the data to file:8388608 bytes
***********WAITING************

Write the data to file:8388608 bytes
***********WAITING************

Write the data to file:8388608 bytes
***********WAITING************

Write the data to file:8388608 bytes
***********WAITING************

Write the data to file:8388608 bytes
***********WAITING************

Write the data to file:8388608 bytes
***********WAITING************

Write the data to file:8388608 bytes
***********WAITING************

Write the data to file:8388608 bytes
***********WAITING************

Write the data to file:8388608 bytes
***********WAITING************

Write the data to file:8388608 bytes
***********WAITING************

Write the data to file:8388608 bytes
***********WAITING************

Write the data to file:8388608 bytes
***********WAITING************

Write the data to file:8388608 bytes
***********WAITING************

Write the data to file:8388608 bytes
***********WAITING************

Write the data to file:8388608 bytes
***********WAITING************

Write the data to file:8388608 bytes
***********WAITING************

Write the data to file:8388608 bytes
***********WAITING************

Write the data to file:8388608 bytes
***********WAITING************

Write the data to file:8388608 bytes
***********WAITING************

Write the data to file:8388608 bytes
***********WAITING************

Write the data to file:8388608 bytes
***********WAITING************

Write the data to file:8388608 bytes
***********WAITING************

Write the data to file:8388608 bytes
***********WAITING************

Write the data to file:8388608 bytes
***********WAITING************

Write the data to file:8388608 bytes
***********WAITING************

Write the data to file:8388608 bytes
***********WAITING************

Write the data to file:8388608 bytes
***********WAITING************

Write the data to file:8388608 bytes
***********WAITING************

Write the data to file:8388608 bytes
***********WAITING************

Write the data to file:8388608 bytes
***********WAITING************

Write the data to file:8388608 bytes
***********WAITING************
S_cc         0.25   [      0.25:      0.25]
S_bw         0.07   [      0.07:      0.07]
S_w          6.74   [      6.74:      6.74]
          -------
S_total      7.06   [      7.06:      7.06]

build_S done
calc_W
build_S done
calc_W
build_S done
calc_W
build_S done
calc_W
build_S done
calc_W
build_S done
calc_W
build_S done
calc_W
nr_of_strided_rec: 256
nr_doubles: 512
build_S done
calc_W
nr_of_strided_rec: 256
nr_doubles: 512
build_S done
calc_W
nr_of_strided_rec: 256
nr_doubles: 512
build_S done
calc_W
nr_of_strided_rec: 256
nr_doubles: 512
build_S done
calc_W
nr_of_strided_rec: 256
nr_doubles: 512
build_S done
calc_W
nr_of_strided_rec: 256
nr_doubles: 512
build_S done
calc_W
nr_of_strided_rec: 256
nr_doubles: 512
build_S done
calc_W
nr_of_strided_rec: 256
nr_doubles: 512
build_S done
calc_W
nr_of_strided_rec: 256
nr_doubles: 512
build_S done
calc_W
nr_of_strided_rec: 256
nr_doubles: 512
nr_of_strided_rec: 256
nr_doubles: 512
nr_of_strided_rec: 256
nr_doubles: 512
nr_of_strided_rec: 256
nr_doubles: 512
nr_of_strided_rec: 256
nr_doubles: 512
nr_of_strided_rec: 256
nr_doubles: 512
nr_of_strided_rec: 256
nr_doubles: 512
nr_of_strided_rec: 256
nr_doubles: 512
nr_of_strided_rec: 256
nr_doubles: 512
nr_of_strided_rec: 256
nr_doubles: 512
nr_of_strided_rec: 256
nr_doubles: 512
nr_of_strided_rec: 256
nr_doubles: 512
nr_of_strided_rec: 256
nr_doubles: 512
nr_of_strided_rec: 256
nr_doubles: 512
nr_of_strided_rec: 256
nr_doubles: 512
nr_of_strided_rec: 256
nr_doubles: 512
nr_of_strided_rec: 256
nr_doubles: 512
nr_of_strided_rec: 256
nr_doubles: 512
nr_of_strided_rec: 256
nr_doubles: 512
nr_of_strided_rec: 256
nr_doubles: 512
nr_of_strided_rec: 256
nr_doubles: 512
nr_of_strided_rec: 256
nr_doubles: 512
nr_of_strided_rec: 256
nr_doubles: 512

Write the data to file:8388608 bytes
***********WAITING************

Write the data to file:8388608 bytes
***********WAITING************

Write the data to file:8388608 bytes
***********WAITING************

Write the data to file:8388608 bytes
***********WAITING************

Write the data to file:8388608 bytes
***********WAITING************

Write the data to file:8388608 bytes
***********WAITING************

Write the data to file:8388608 bytes
***********WAITING************

Write the data to file:8388608 bytes
***********WAITING************

Write the data to file:8388608 bytes
***********WAITING************

Write the data to file:8388608 bytes
***********WAITING************

Write the data to file:8388608 bytes
***********WAITING************

Write the data to file:8388608 bytes
***********WAITING************

Write the data to file:8388608 bytes
***********WAITING************

Write the data to file:8388608 bytes
***********WAITING************

Write the data to file:8388608 bytes
***********WAITING************

Write the data to file:8388608 bytes
***********WAITING************
nr_of_strided_rec: 256
nr_doubles: 512
nr_of_strided_rec: 256
nr_doubles: 512
nr_of_strided_rec: 256
nr_doubles: 512
nr_of_strided_rec: 256
nr_doubles: 512
nr_of_strided_rec: 256
nr_doubles: 512
nr_of_strided_rec: 256
nr_doubles: 512
nr_of_strided_rec: 256
nr_doubles: 512
nr_of_strided_rec: 256
nr_doubles: 512
nr_of_strided_rec: 256
nr_doubles: 512
nr_of_strided_rec: 256
nr_doubles: 512
nr_of_strided_rec: 256
nr_doubles: 512
nr_of_strided_rec: 256
nr_doubles: 512
nr_of_strided_rec: 256
nr_doubles: 512
nr_of_strided_rec: 256
nr_doubles: 512
nr_of_strided_rec: 256
nr_doubles: 512
nr_of_strided_rec: 256
nr_doubles: 512

Write the data to file:8388608 bytes
***********WAITING************

Write the data to file:8388608 bytes
***********WAITING************

Write the data to file:8388608 bytes
***********WAITING************

Write the data to file:8388608 bytes
***********WAITING************

Write the data to file:8388608 bytes
***********WAITING************

Write the data to file:8388608 bytes
***********WAITING************

Write the data to file:8388608 bytes
***********WAITING************

Write the data to file:8388608 bytes
***********WAITING************

Write the data to file:8388608 bytes
***********WAITING************

Write the data to file:8388608 bytes
***********WAITING************

Write the data to file:8388608 bytes
***********WAITING************

Write the data to file:8388608 bytes
***********WAITING************

Write the data to file:8388608 bytes
***********WAITING************

Write the data to file:8388608 bytes
***********WAITING************

Write the data to file:8388608 bytes
***********WAITING************

Write the data to file:8388608 bytes
***********WAITING************
nr_of_strided_rec: 256
nr_doubles: 512
nr_of_strided_rec: 256
nr_doubles: 512
nr_of_strided_rec: 256
nr_doubles: 512
nr_of_strided_rec: 256
nr_doubles: 512
nr_of_strided_rec: 256
nr_doubles: 512
nr_of_strided_rec: 256
nr_doubles: 512
nr_of_strided_rec: 256
nr_doubles: 512
nr_of_strided_rec: 256
nr_doubles: 512
nr_of_strided_rec: 256
nr_doubles: 512
nr_of_strided_rec: 256
nr_doubles: 512
nr_of_strided_rec: 256
nr_doubles: 512
nr_of_strided_rec: 256
nr_doubles: 512
nr_of_strided_rec: 256
nr_doubles: 512
nr_of_strided_rec: 256
nr_doubles: 512
nr_of_strided_rec: 256
nr_doubles: 512
nr_of_strided_rec: 256
nr_doubles: 512

Write the data to file:8388608 bytes
***********WAITING************

Write the data to file:8388608 bytes
***********WAITING************

Write the data to file:8388608 bytes
***********WAITING************

Write the data to file:8388608 bytes
***********WAITING************

Write the data to file:8388608 bytes
***********WAITING************

Write the data to file:8388608 bytes
***********WAITING************

Write the data to file:8388608 bytes
***********WAITING************

Write the data to file:8388608 bytes
***********WAITING************

Write the data to file:8388608 bytes
***********WAITING************

Write the data to file:8388608 bytes
***********WAITING************

Write the data to file:8388608 bytes
***********WAITING************

Write the data to file:8388608 bytes
***********WAITING************

Write the data to file:8388608 bytes
***********WAITING************

Write the data to file:8388608 bytes
***********WAITING************

Write the data to file:8388608 bytes
***********WAITING************

Write the data to file:8388608 bytes
***********WAITING************
nr_of_strided_rec: 256
nr_doubles: 512
nr_of_strided_rec: 256
nr_doubles: 512
nr_of_strided_rec: 256
nr_doubles: 512
nr_of_strided_rec: 256
nr_doubles: 512
nr_of_strided_rec: 256
nr_doubles: 512
nr_of_strided_rec: 256
nr_doubles: 512
nr_of_strided_rec: 256
nr_doubles: 512
nr_of_strided_rec: 256
nr_doubles: 512
nr_of_strided_rec: 256
nr_doubles: 512
nr_of_strided_rec: 256
nr_doubles: 512
nr_of_strided_rec: 256
nr_doubles: 512
nr_of_strided_rec: 256
nr_doubles: 512
nr_of_strided_rec: 256
nr_doubles: 512
nr_of_strided_rec: 256
nr_doubles: 512
nr_of_strided_rec: 256
nr_doubles: 512
nr_of_strided_rec: 256
nr_doubles: 512

Write the data to file:8388608 bytes
***********WAITING************

Write the data to file:8388608 bytes
***********WAITING************

Write the data to file:8388608 bytes
***********WAITING************

Write the data to file:8388608 bytes
***********WAITING************

Write the data to file:8388608 bytes
***********WAITING************

Write the data to file:8388608 bytes
***********WAITING************

Write the data to file:8388608 bytes
***********WAITING************

Write the data to file:8388608 bytes
***********WAITING************

Write the data to file:8388608 bytes
***********WAITING************

Write the data to file:8388608 bytes
***********WAITING************

Write the data to file:8388608 bytes
***********WAITING************

Write the data to file:8388608 bytes
***********WAITING************

Write the data to file:8388608 bytes
***********WAITING************

Write the data to file:8388608 bytes
***********WAITING************

Write the data to file:8388608 bytes
***********WAITING************

Write the data to file:8388608 bytes
***********WAITING************
nr_of_strided_rec: 256
nr_doubles: 512
nr_of_strided_rec: 256
nr_doubles: 512
nr_of_strided_rec: 256
nr_doubles: 512
nr_of_strided_rec: 256
nr_doubles: 512
nr_of_strided_rec: 256
nr_doubles: 512
nr_of_strided_rec: 256
nr_doubles: 512
nr_of_strided_rec: 256
nr_doubles: 512
nr_of_strided_rec: 256
nr_doubles: 512
nr_of_strided_rec: 256
nr_doubles: 512
nr_of_strided_rec: 256
nr_doubles: 512
nr_of_strided_rec: 256
nr_doubles: 512
nr_of_strided_rec: 256
nr_doubles: 512
nr_of_strided_rec: 256
nr_doubles: 512
nr_of_strided_rec: 256
nr_doubles: 512
nr_of_strided_rec: 256
nr_doubles: 512
nr_of_strided_rec: 256
nr_doubles: 512

Write the data to file:8388608 bytes
***********WAITING************

Write the data to file:8388608 bytes
***********WAITING************

Write the data to file:8388608 bytes
***********WAITING************

Write the data to file:8388608 bytes
***********WAITING************

Write the data to file:8388608 bytes
***********WAITING************

Write the data to file:8388608 bytes
***********WAITING************

Write the data to file:8388608 bytes
***********WAITING************

Write the data to file:8388608 bytes
***********WAITING************

Write the data to file:8388608 bytes
***********WAITING************

Write the data to file:8388608 bytes
***********WAITING************

Write the data to file:8388608 bytes
***********WAITING************

Write the data to file:8388608 bytes
***********WAITING************

Write the data to file:8388608 bytes
***********WAITING************

Write the data to file:8388608 bytes
***********WAITING************

Write the data to file:8388608 bytes
***********WAITING************

Write the data to file:8388608 bytes
***********WAITING************
nr_of_strided_rec: 256
nr_doubles: 512
nr_of_strided_rec: 256
nr_doubles: 512
nr_of_strided_rec: 256
nr_doubles: 512
nr_of_strided_rec: 256
nr_doubles: 512
nr_of_strided_rec: 256
nr_doubles: 512
nr_of_strided_rec: 256
nr_doubles: 512
nr_of_strided_rec: 256
nr_doubles: 512
nr_of_strided_rec: 256
nr_doubles: 512
nr_of_strided_rec: 256
nr_doubles: 512
nr_of_strided_rec: 256
nr_doubles: 512
nr_of_strided_rec: 256
nr_doubles: 512
nr_of_strided_rec: 256
nr_doubles: 512
nr_of_strided_rec: 256
nr_doubles: 512
nr_of_strided_rec: 256
nr_doubles: 512
nr_of_strided_rec: 256
nr_doubles: 512
nr_of_strided_rec: 256
nr_doubles: 512

Write the data to file:8388608 bytes
***********WAITING************

Write the data to file:8388608 bytes
***********WAITING************

Write the data to file:8388608 bytes
***********WAITING************

Write the data to file:8388608 bytes
***********WAITING************

Write the data to file:8388608 bytes
***********WAITING************

Write the data to file:8388608 bytes
***********WAITING************

Write the data to file:8388608 bytes
***********WAITING************

Write the data to file:8388608 bytes
***********WAITING************

Write the data to file:8388608 bytes
***********WAITING************

Write the data to file:8388608 bytes
***********WAITING************

Write the data to file:8388608 bytes
***********WAITING************

Write the data to file:8388608 bytes
***********WAITING************

Write the data to file:8388608 bytes
***********WAITING************

Write the data to file:8388608 bytes
***********WAITING************

Write the data to file:8388608 bytes
***********WAITING************

Write the data to file:8388608 bytes
***********WAITING************
nr_of_strided_rec: 256
nr_doubles: 512
nr_of_strided_rec: 256
nr_doubles: 512
nr_of_strided_rec: 256
nr_doubles: 512
nr_of_strided_rec: 256
nr_doubles: 512
nr_of_strided_rec: 256
nr_doubles: 512
nr_of_strided_rec: 256
nr_doubles: 512
nr_of_strided_rec: 256
nr_doubles: 512
nr_of_strided_rec: 256
nr_doubles: 512
nr_of_strided_rec: 256
nr_doubles: 512
nr_of_strided_rec: 256
nr_doubles: 512
nr_of_strided_rec: 256
nr_doubles: 512
nr_of_strided_rec: 256
nr_doubles: 512
nr_of_strided_rec: 256
nr_doubles: 512
nr_of_strided_rec: 256
nr_doubles: 512
nr_of_strided_rec: 256
nr_doubles: 512
nr_of_strided_rec: 256
nr_doubles: 512

Write the data to file:8388608 bytes
***********WAITING************

Write the data to file:8388608 bytes
***********WAITING************

Write the data to file:8388608 bytes
***********WAITING************

Write the data to file:8388608 bytes
***********WAITING************

Write the data to file:8388608 bytes
***********WAITING************

Write the data to file:8388608 bytes
***********WAITING************

Write the data to file:8388608 bytes
***********WAITING************

Write the data to file:8388608 bytes
***********WAITING************

Write the data to file:8388608 bytes
***********WAITING************

Write the data to file:8388608 bytes
***********WAITING************

Write the data to file:8388608 bytes
***********WAITING************

Write the data to file:8388608 bytes
***********WAITING************

Write the data to file:8388608 bytes
***********WAITING************

Write the data to file:8388608 bytes
***********WAITING************

Write the data to file:8388608 bytes
***********WAITING************

Write the data to file:8388608 bytes
***********WAITING************
nr_of_strided_rec: 256
nr_doubles: 512
nr_of_strided_rec: 256
nr_doubles: 512
nr_of_strided_rec: 256
nr_doubles: 512
nr_of_strided_rec: 256
nr_doubles: 512
nr_of_strided_rec: 256
nr_doubles: 512
nr_of_strided_rec: 256
nr_doubles: 512
nr_of_strided_rec: 256
nr_doubles: 512
nr_of_strided_rec: 256
nr_doubles: 512
nr_of_strided_rec: 256
nr_doubles: 512
nr_of_strided_rec: 256
nr_doubles: 512
nr_of_strided_rec: 256
nr_doubles: 512
nr_of_strided_rec: 256
nr_doubles: 512
nr_of_strided_rec: 256
nr_doubles: 512
nr_of_strided_rec: 256
nr_doubles: 512
nr_of_strided_rec: 256
nr_doubles: 512
nr_of_strided_rec: 256
nr_doubles: 512

Write the data to file:8388608 bytes
***********WAITING************

Write the data to file:8388608 bytes
***********WAITING************

Write the data to file:8388608 bytes
***********WAITING************

Write the data to file:8388608 bytes
***********WAITING************

Write the data to file:8388608 bytes
***********WAITING************

Write the data to file:8388608 bytes
***********WAITING************

Write the data to file:8388608 bytes
***********WAITING************

Write the data to file:8388608 bytes
***********WAITING************

Write the data to file:8388608 bytes
***********WAITING************

Write the data to file:8388608 bytes
***********WAITING************

Write the data to file:8388608 bytes
***********WAITING************

Write the data to file:8388608 bytes
***********WAITING************

Write the data to file:8388608 bytes
***********WAITING************

Write the data to file:8388608 bytes
***********WAITING************

Write the data to file:8388608 bytes
***********WAITING************

Write the data to file:8388608 bytes
***********WAITING************
nr_of_strided_rec: 256
nr_doubles: 512
nr_of_strided_rec: 256
nr_doubles: 512
nr_of_strided_rec: 256
nr_doubles: 512
nr_of_strided_rec: 256
nr_doubles: 512
nr_of_strided_rec: 256
nr_doubles: 512
nr_of_strided_rec: 256
nr_doubles: 512
nr_of_strided_rec: 256
nr_doubles: 512
nr_of_strided_rec: 256
nr_doubles: 512
nr_of_strided_rec: 256
nr_doubles: 512
nr_of_strided_rec: 256
nr_doubles: 512
nr_of_strided_rec: 256
nr_doubles: 512
nr_of_strided_rec: 256
nr_doubles: 512
nr_of_strided_rec: 256
nr_doubles: 512
nr_of_strided_rec: 256
nr_doubles: 512
nr_of_strided_rec: 256
nr_doubles: 512
nr_of_strided_rec: 256
nr_doubles: 512

Write the data to file:8388608 bytes
***********WAITING************

Write the data to file:8388608 bytes
***********WAITING************

Write the data to file:8388608 bytes
***********WAITING************

Write the data to file:8388608 bytes
***********WAITING************

Write the data to file:8388608 bytes
***********WAITING************

Write the data to file:8388608 bytes
***********WAITING************

Write the data to file:8388608 bytes
***********WAITING************

Write the data to file:8388608 bytes
***********WAITING************

Write the data to file:8388608 bytes
***********WAITING************

Write the data to file:8388608 bytes
***********WAITING************

Write the data to file:8388608 bytes
***********WAITING************

Write the data to file:8388608 bytes
***********WAITING************

Write the data to file:8388608 bytes
***********WAITING************

Write the data to file:8388608 bytes
***********WAITING************

Write the data to file:8388608 bytes
***********WAITING************

Write the data to file:8388608 bytes
***********WAITING************
nr_of_strided_rec: 256
nr_doubles: 512
nr_of_strided_rec: 256
nr_doubles: 512
nr_of_strided_rec: 256
nr_doubles: 512
nr_of_strided_rec: 256
nr_doubles: 512
nr_of_strided_rec: 256
nr_doubles: 512
nr_of_strided_rec: 256
nr_doubles: 512
nr_of_strided_rec: 256
nr_doubles: 512
nr_of_strided_rec: 256
nr_doubles: 512
nr_of_strided_rec: 256
nr_doubles: 512
nr_of_strided_rec: 256
nr_doubles: 512
nr_of_strided_rec: 256
nr_doubles: 512
nr_of_strided_rec: 256
nr_doubles: 512
nr_of_strided_rec: 256
nr_doubles: 512
nr_of_strided_rec: 256
nr_doubles: 512
nr_of_strided_rec: 256
nr_doubles: 512
nr_of_strided_rec: 256
nr_doubles: 512

Write the data to file:8388608 bytes
***********WAITING************

Write the data to file:8388608 bytes
***********WAITING************

Write the data to file:8388608 bytes
***********WAITING************

Write the data to file:8388608 bytes
***********WAITING************

Write the data to file:8388608 bytes
***********WAITING************

Write the data to file:8388608 bytes
***********WAITING************

Write the data to file:8388608 bytes
***********WAITING************

Write the data to file:8388608 bytes
***********WAITING************

Write the data to file:8388608 bytes
***********WAITING************

Write the data to file:8388608 bytes
***********WAITING************

Write the data to file:8388608 bytes
***********WAITING************

Write the data to file:8388608 bytes
***********WAITING************

Write the data to file:8388608 bytes
***********WAITING************

Write the data to file:8388608 bytes
***********WAITING************

Write the data to file:8388608 bytes
***********WAITING************

Write the data to file:8388608 bytes
***********WAITING************
nr_of_strided_rec: 256
nr_doubles: 512
nr_of_strided_rec: 256
nr_doubles: 512
nr_of_strided_rec: 256
nr_doubles: 512
nr_of_strided_rec: 256
nr_doubles: 512
nr_of_strided_rec: 256
nr_doubles: 512
nr_of_strided_rec: 256
nr_doubles: 512
nr_of_strided_rec: 256
nr_doubles: 512
nr_of_strided_rec: 256
nr_doubles: 512
nr_of_strided_rec: 256
nr_doubles: 512
nr_of_strided_rec: 256
nr_doubles: 512
nr_of_strided_rec: 256
nr_doubles: 512
nr_of_strided_rec: 256
nr_doubles: 512
nr_of_strided_rec: 256
nr_doubles: 512
nr_of_strided_rec: 256
nr_doubles: 512
nr_of_strided_rec: 256
nr_doubles: 512
nr_of_strided_rec: 256
nr_doubles: 512

Write the data to file:8388608 bytes
***********WAITING************

Write the data to file:8388608 bytes
***********WAITING************

Write the data to file:8388608 bytes
***********WAITING************

Write the data to file:8388608 bytes
***********WAITING************

Write the data to file:8388608 bytes
***********WAITING************

Write the data to file:8388608 bytes
***********WAITING************

Write the data to file:8388608 bytes
***********WAITING************

Write the data to file:8388608 bytes
***********WAITING************

Write the data to file:8388608 bytes
***********WAITING************

Write the data to file:8388608 bytes
***********WAITING************

Write the data to file:8388608 bytes
***********WAITING************

Write the data to file:8388608 bytes
***********WAITING************

Write the data to file:8388608 bytes
***********WAITING************

Write the data to file:8388608 bytes
***********WAITING************

Write the data to file:8388608 bytes
***********WAITING************

Write the data to file:8388608 bytes
***********WAITING************
nr_of_strided_rec: 256
nr_doubles: 512
nr_of_strided_rec: 256
nr_doubles: 512
nr_of_strided_rec: 256
nr_doubles: 512
nr_of_strided_rec: 256
nr_doubles: 512
nr_of_strided_rec: 256
nr_doubles: 512
nr_of_strided_rec: 256
nr_doubles: 512
nr_of_strided_rec: 256
nr_doubles: 512
nr_of_strided_rec: 256
nr_doubles: 512
nr_of_strided_rec: 256
nr_doubles: 512
nr_of_strided_rec: 256
nr_doubles: 512
nr_of_strided_rec: 256
nr_doubles: 512
nr_of_strided_rec: 256
nr_doubles: 512
nr_of_strided_rec: 256
nr_doubles: 512
nr_of_strided_rec: 256
nr_doubles: 512
nr_of_strided_rec: 256
nr_doubles: 512
nr_of_strided_rec: 256
nr_doubles: 512

Write the data to file:8388608 bytes
***********WAITING************

Write the data to file:8388608 bytes
***********WAITING************

Write the data to file:8388608 bytes
***********WAITING************

Write the data to file:8388608 bytes
***********WAITING************

Write the data to file:8388608 bytes
***********WAITING************

Write the data to file:8388608 bytes
***********WAITING************

Write the data to file:8388608 bytes
***********WAITING************

Write the data to file:8388608 bytes
***********WAITING************

Write the data to file:8388608 bytes
***********WAITING************

Write the data to file:8388608 bytes
***********WAITING************

Write the data to file:8388608 bytes
***********WAITING************

Write the data to file:8388608 bytes
***********WAITING************

Write the data to file:8388608 bytes
***********WAITING************

Write the data to file:8388608 bytes
***********WAITING************

Write the data to file:8388608 bytes
***********WAITING************

Write the data to file:8388608 bytes
***********WAITING************
nr_of_strided_rec: 256
nr_doubles: 512
nr_of_strided_rec: 256
nr_doubles: 512
nr_of_strided_rec: 256
nr_doubles: 512
nr_of_strided_rec: 256
nr_doubles: 512
nr_of_strided_rec: 256
nr_doubles: 512
nr_of_strided_rec: 256
nr_doubles: 512
nr_of_strided_rec: 256
nr_doubles: 512
nr_of_strided_rec: 256
nr_doubles: 512
nr_of_strided_rec: 256
nr_doubles: 512
nr_of_strided_rec: 256
nr_doubles: 512
nr_of_strided_rec: 256
nr_doubles: 512
nr_of_strided_rec: 256
nr_doubles: 512
nr_of_strided_rec: 256
nr_doubles: 512
nr_of_strided_rec: 256
nr_doubles: 512
nr_of_strided_rec: 256
nr_doubles: 512
nr_of_strided_rec: 256
nr_doubles: 512

Write the data to file:8388608 bytes
***********WAITING************

Write the data to file:8388608 bytes
***********WAITING************

Write the data to file:8388608 bytes
***********WAITING************

Write the data to file:8388608 bytes
***********WAITING************

Write the data to file:8388608 bytes
***********WAITING************

Write the data to file:8388608 bytes
***********WAITING************

Write the data to file:8388608 bytes
***********WAITING************

Write the data to file:8388608 bytes
***********WAITING************

Write the data to file:8388608 bytes
***********WAITING************

Write the data to file:8388608 bytes
***********WAITING************

Write the data to file:8388608 bytes
***********WAITING************

Write the data to file:8388608 bytes
***********WAITING************

Write the data to file:8388608 bytes
***********WAITING************

Write the data to file:8388608 bytes
***********WAITING************

Write the data to file:8388608 bytes
***********WAITING************

Write the data to file:8388608 bytes
***********WAITING************
nr_of_strided_rec: 256
nr_doubles: 512
nr_of_strided_rec: 256
nr_doubles: 512
nr_of_strided_rec: 256
nr_doubles: 512
nr_of_strided_rec: 256
nr_doubles: 512
nr_of_strided_rec: 256
nr_doubles: 512
nr_of_strided_rec: 256
nr_doubles: 512
nr_of_strided_rec: 256
nr_doubles: 512
nr_of_strided_rec: 256
nr_doubles: 512
nr_of_strided_rec: 256
nr_doubles: 512
nr_of_strided_rec: 256
nr_doubles: 512
nr_of_strided_rec: 256
nr_doubles: 512
nr_of_strided_rec: 256
nr_doubles: 512
nr_of_strided_rec: 256
nr_doubles: 512
nr_of_strided_rec: 256
nr_doubles: 512
nr_of_strided_rec: 256
nr_doubles: 512
nr_of_strided_rec: 256
nr_doubles: 512

Write the data to file:8388608 bytes
***********WAITING************

Write the data to file:8388608 bytes
***********WAITING************

Write the data to file:8388608 bytes
***********WAITING************

Write the data to file:8388608 bytes
***********WAITING************

Write the data to file:8388608 bytes
***********WAITING************

Write the data to file:8388608 bytes
***********WAITING************

Write the data to file:8388608 bytes
***********WAITING************

Write the data to file:8388608 bytes
***********WAITING************

Write the data to file:8388608 bytes
***********WAITING************

Write the data to file:8388608 bytes
***********WAITING************

Write the data to file:8388608 bytes
***********WAITING************

Write the data to file:8388608 bytes
***********WAITING************

Write the data to file:8388608 bytes
***********WAITING************

Write the data to file:8388608 bytes
***********WAITING************

Write the data to file:8388608 bytes
***********WAITING************

Write the data to file:8388608 bytes
***********WAITING************
nr_of_strided_rec: 256
nr_doubles: 512
nr_of_strided_rec: 256
nr_doubles: 512
nr_of_strided_rec: 256
nr_doubles: 512
nr_of_strided_rec: 256
nr_doubles: 512
nr_of_strided_rec: 256
nr_doubles: 512
nr_of_strided_rec: 256
nr_doubles: 512
nr_of_strided_rec: 256
nr_doubles: 512
nr_of_strided_rec: 256
nr_doubles: 512
nr_of_strided_rec: 256
nr_doubles: 512
nr_of_strided_rec: 256
nr_doubles: 512
nr_of_strided_rec: 256
nr_doubles: 512
nr_of_strided_rec: 256
nr_doubles: 512
nr_of_strided_rec: 256
nr_doubles: 512
nr_of_strided_rec: 256
nr_doubles: 512
nr_of_strided_rec: 256
nr_doubles: 512
nr_of_strided_rec: 256
nr_doubles: 512

Write the data to file:8388608 bytes
***********WAITING************

Write the data to file:8388608 bytes
***********WAITING************

Write the data to file:8388608 bytes
***********WAITING************

Write the data to file:8388608 bytes
***********WAITING************

Write the data to file:8388608 bytes
***********WAITING************

Write the data to file:8388608 bytes
***********WAITING************

Write the data to file:8388608 bytes
***********WAITING************

Write the data to file:8388608 bytes
***********WAITING************

Write the data to file:8388608 bytes
***********WAITING************

Write the data to file:8388608 bytes
***********WAITING************

Write the data to file:8388608 bytes
***********WAITING************

Write the data to file:8388608 bytes
***********WAITING************

Write the data to file:8388608 bytes
***********WAITING************

Write the data to file:8388608 bytes
***********WAITING************

Write the data to file:8388608 bytes
***********WAITING************

Write the data to file:8388608 bytes
***********WAITING************
nr_of_strided_rec: 256
nr_doubles: 512
nr_of_strided_rec: 256
nr_doubles: 512
nr_of_strided_rec: 256
nr_doubles: 512
nr_of_strided_rec: 256
nr_doubles: 512
nr_of_strided_rec: 256
nr_doubles: 512
nr_of_strided_rec: 256
nr_doubles: 512
nr_of_strided_rec: 256
nr_doubles: 512
nr_of_strided_rec: 256
nr_doubles: 512
nr_of_strided_rec: 256
nr_doubles: 512
nr_of_strided_rec: 256
nr_doubles: 512
nr_of_strided_rec: 256
nr_doubles: 512
nr_of_strided_rec: 256
nr_doubles: 512
nr_of_strided_rec: 256
nr_doubles: 512
nr_of_strided_rec: 256
nr_doubles: 512
nr_of_strided_rec: 256
nr_doubles: 512
nr_of_strided_rec: 256
nr_doubles: 512

Write the data to file:8388608 bytes
***********WAITING************

Write the data to file:8388608 bytes
***********WAITING************

Write the data to file:8388608 bytes
***********WAITING************

Write the data to file:8388608 bytes
***********WAITING************

Write the data to file:8388608 bytes
***********WAITING************

Write the data to file:8388608 bytes
***********WAITING************

Write the data to file:8388608 bytes
***********WAITING************

Write the data to file:8388608 bytes
***********WAITING************

Write the data to file:8388608 bytes
***********WAITING************

Write the data to file:8388608 bytes
***********WAITING************

Write the data to file:8388608 bytes
***********WAITING************

Write the data to file:8388608 bytes
***********WAITING************

Write the data to file:8388608 bytes
***********WAITING************

Write the data to file:8388608 bytes
***********WAITING************

Write the data to file:8388608 bytes
***********WAITING************

Write the data to file:8388608 bytes
***********WAITING************
nr_of_strided_rec: 256
nr_doubles: 512
nr_of_strided_rec: 256
nr_doubles: 512
nr_of_strided_rec: 256
nr_doubles: 512
nr_of_strided_rec: 256
nr_doubles: 512
nr_of_strided_rec: 256
nr_doubles: 512
nr_of_strided_rec: 256
nr_doubles: 512
nr_of_strided_rec: 256
nr_doubles: 512
nr_of_strided_rec: 256
nr_doubles: 512
nr_of_strided_rec: 256
nr_doubles: 512
nr_of_strided_rec: 256
nr_doubles: 512
nr_of_strided_rec: 256
nr_doubles: 512
nr_of_strided_rec: 256
nr_doubles: 512
nr_of_strided_rec: 256
nr_doubles: 512
nr_of_strided_rec: 256
nr_doubles: 512
nr_of_strided_rec: 256
nr_doubles: 512
nr_of_strided_rec: 256
nr_doubles: 512

Write the data to file:8388608 bytes
***********WAITING************

Write the data to file:8388608 bytes
***********WAITING************

Write the data to file:8388608 bytes
***********WAITING************

Write the data to file:8388608 bytes
***********WAITING************

Write the data to file:8388608 bytes
***********WAITING************

Write the data to file:8388608 bytes
***********WAITING************

Write the data to file:8388608 bytes
***********WAITING************

Write the data to file:8388608 bytes
***********WAITING************

Write the data to file:8388608 bytes
***********WAITING************

Write the data to file:8388608 bytes
***********WAITING************

Write the data to file:8388608 bytes
***********WAITING************

Write the data to file:8388608 bytes
***********WAITING************

Write the data to file:8388608 bytes
***********WAITING************

Write the data to file:8388608 bytes
***********WAITING************

Write the data to file:8388608 bytes
***********WAITING************

Write the data to file:8388608 bytes
***********WAITING************
nr_of_strided_rec: 256
nr_doubles: 512
nr_of_strided_rec: 256
nr_doubles: 512
nr_of_strided_rec: 256
nr_doubles: 512
nr_of_strided_rec: 256
nr_doubles: 512
nr_of_strided_rec: 256
nr_doubles: 512
nr_of_strided_rec: 256
nr_doubles: 512
nr_of_strided_rec: 256
nr_doubles: 512
nr_of_strided_rec: 256
nr_doubles: 512
nr_of_strided_rec: 256
nr_doubles: 512
nr_of_strided_rec: 256
nr_doubles: 512
nr_of_strided_rec: 256
nr_doubles: 512
nr_of_strided_rec: 256
nr_doubles: 512
nr_of_strided_rec: 256
nr_doubles: 512
nr_of_strided_rec: 256
nr_doubles: 512
nr_of_strided_rec: 256
nr_doubles: 512
nr_of_strided_rec: 256
nr_doubles: 512

Write the data to file:8388608 bytes
***********WAITING************

Write the data to file:8388608 bytes
***********WAITING************

Write the data to file:8388608 bytes
***********WAITING************

Write the data to file:8388608 bytes
***********WAITING************

Write the data to file:8388608 bytes
***********WAITING************

Write the data to file:8388608 bytes
***********WAITING************

Write the data to file:8388608 bytes
***********WAITING************

Write the data to file:8388608 bytes
***********WAITING************

Write the data to file:8388608 bytes
***********WAITING************

Write the data to file:8388608 bytes
***********WAITING************

Write the data to file:8388608 bytes
***********WAITING************

Write the data to file:8388608 bytes
***********WAITING************

Write the data to file:8388608 bytes
***********WAITING************

Write the data to file:8388608 bytes
***********WAITING************

Write the data to file:8388608 bytes
***********WAITING************

Write the data to file:8388608 bytes
***********WAITING************
nr_of_strided_rec: 256
nr_doubles: 512
nr_of_strided_rec: 256
nr_doubles: 512
nr_of_strided_rec: 256
nr_doubles: 512
nr_of_strided_rec: 256
nr_doubles: 512
nr_of_strided_rec: 256
nr_doubles: 512
nr_of_strided_rec: 256
nr_doubles: 512
nr_of_strided_rec: 256
nr_doubles: 512
nr_of_strided_rec: 256
nr_doubles: 512
nr_of_strided_rec: 256
nr_doubles: 512
nr_of_strided_rec: 256
nr_doubles: 512
nr_of_strided_rec: 256
nr_doubles: 512
nr_of_strided_rec: 256
nr_doubles: 512
nr_of_strided_rec: 256
nr_doubles: 512
nr_of_strided_rec: 256
nr_doubles: 512
nr_of_strided_rec: 256
nr_doubles: 512
nr_of_strided_rec: 256
nr_doubles: 512

Write the data to file:8388608 bytes
***********WAITING************

Write the data to file:8388608 bytes
***********WAITING************

Write the data to file:8388608 bytes
***********WAITING************

Write the data to file:8388608 bytes
***********WAITING************

Write the data to file:8388608 bytes
***********WAITING************

Write the data to file:8388608 bytes
***********WAITING************

Write the data to file:8388608 bytes
***********WAITING************

Write the data to file:8388608 bytes
***********WAITING************

Write the data to file:8388608 bytes
***********WAITING************

Write the data to file:8388608 bytes
***********WAITING************

Write the data to file:8388608 bytes
***********WAITING************

Write the data to file:8388608 bytes
***********WAITING************

Write the data to file:8388608 bytes
***********WAITING************

Write the data to file:8388608 bytes
***********WAITING************

Write the data to file:8388608 bytes
***********WAITING************

Write the data to file:8388608 bytes
***********WAITING************
nr_of_strided_rec: 256
nr_doubles: 512
nr_of_strided_rec: 256
nr_doubles: 512
nr_of_strided_rec: 256
nr_doubles: 512
nr_of_strided_rec: 256
nr_doubles: 512
nr_of_strided_rec: 256
nr_doubles: 512
nr_of_strided_rec: 256
nr_doubles: 512
nr_of_strided_rec: 256
nr_doubles: 512
nr_of_strided_rec: 256
nr_doubles: 512
nr_of_strided_rec: 256
nr_doubles: 512
nr_of_strided_rec: 256
nr_doubles: 512
nr_of_strided_rec: 256
nr_doubles: 512
nr_of_strided_rec: 256
nr_doubles: 512
nr_of_strided_rec: 256
nr_doubles: 512
nr_of_strided_rec: 256
nr_doubles: 512
nr_of_strided_rec: 256
nr_doubles: 512
nr_of_strided_rec: 256
nr_doubles: 512

Write the data to file:8388608 bytes
***********WAITING************

Write the data to file:8388608 bytes
***********WAITING************

Write the data to file:8388608 bytes
***********WAITING************

Write the data to file:8388608 bytes
***********WAITING************

Write the data to file:8388608 bytes
***********WAITING************

Write the data to file:8388608 bytes
***********WAITING************

Write the data to file:8388608 bytes
***********WAITING************

Write the data to file:8388608 bytes
***********WAITING************

Write the data to file:8388608 bytes
***********WAITING************

Write the data to file:8388608 bytes
***********WAITING************

Write the data to file:8388608 bytes
***********WAITING************

Write the data to file:8388608 bytes
***********WAITING************

Write the data to file:8388608 bytes
***********WAITING************

Write the data to file:8388608 bytes
***********WAITING************

Write the data to file:8388608 bytes
***********WAITING************

Write the data to file:8388608 bytes
***********WAITING************
nr_of_strided_rec: 256
nr_doubles: 512
nr_of_strided_rec: 256
nr_doubles: 512
nr_of_strided_rec: 256
nr_doubles: 512
nr_of_strided_rec: 256
nr_doubles: 512
nr_of_strided_rec: 256
nr_doubles: 512
nr_of_strided_rec: 256
nr_doubles: 512
nr_of_strided_rec: 256
nr_doubles: 512
nr_of_strided_rec: 256
nr_doubles: 512
nr_of_strided_rec: 256
nr_doubles: 512
nr_of_strided_rec: 256
nr_doubles: 512
nr_of_strided_rec: 256
nr_doubles: 512
nr_of_strided_rec: 256
nr_doubles: 512
nr_of_strided_rec: 256
nr_doubles: 512
nr_of_strided_rec: 256
nr_doubles: 512
nr_of_strided_rec: 256
nr_doubles: 512
nr_of_strided_rec: 256
nr_doubles: 512

Write the data to file:8388608 bytes
***********WAITING************

Write the data to file:8388608 bytes
***********WAITING************

Write the data to file:8388608 bytes
***********WAITING************

Write the data to file:8388608 bytes
***********WAITING************

Write the data to file:8388608 bytes
***********WAITING************

Write the data to file:8388608 bytes
***********WAITING************

Write the data to file:8388608 bytes
***********WAITING************

Write the data to file:8388608 bytes
***********WAITING************

Write the data to file:8388608 bytes
***********WAITING************

Write the data to file:8388608 bytes
***********WAITING************

Write the data to file:8388608 bytes
***********WAITING************

Write the data to file:8388608 bytes
***********WAITING************

Write the data to file:8388608 bytes
***********WAITING************

Write the data to file:8388608 bytes
***********WAITING************

Write the data to file:8388608 bytes
***********WAITING************

Write the data to file:8388608 bytes
***********WAITING************
nr_of_strided_rec: 256
nr_doubles: 512
nr_of_strided_rec: 256
nr_doubles: 512
nr_of_strided_rec: 256
nr_doubles: 512
nr_of_strided_rec: 256
nr_doubles: 512
nr_of_strided_rec: 256
nr_doubles: 512
nr_of_strided_rec: 256
nr_doubles: 512
nr_of_strided_rec: 256
nr_doubles: 512
nr_of_strided_rec: 256
nr_doubles: 512
nr_of_strided_rec: 256
nr_doubles: 512
nr_of_strided_rec: 256
nr_doubles: 512
nr_of_strided_rec: 256
nr_doubles: 512
nr_of_strided_rec: 256
nr_doubles: 512
nr_of_strided_rec: 256
nr_doubles: 512
nr_of_strided_rec: 256
nr_doubles: 512
nr_of_strided_rec: 256
nr_doubles: 512
nr_of_strided_rec: 256
nr_doubles: 512

Write the data to file:8388608 bytes
***********WAITING************

Write the data to file:8388608 bytes
***********WAITING************

Write the data to file:8388608 bytes
***********WAITING************

Write the data to file:8388608 bytes
***********WAITING************

Write the data to file:8388608 bytes
***********WAITING************

Write the data to file:8388608 bytes
***********WAITING************

Write the data to file:8388608 bytes
***********WAITING************

Write the data to file:8388608 bytes
***********WAITING************

Write the data to file:8388608 bytes
***********WAITING************

Write the data to file:8388608 bytes
***********WAITING************

Write the data to file:8388608 bytes
***********WAITING************

Write the data to file:8388608 bytes
***********WAITING************

Write the data to file:8388608 bytes
***********WAITING************

Write the data to file:8388608 bytes
***********WAITING************

Write the data to file:8388608 bytes
***********WAITING************

Write the data to file:8388608 bytes
***********WAITING************
nr_of_strided_rec: 256
nr_doubles: 512
nr_of_strided_rec: 256
nr_doubles: 512
nr_of_strided_rec: 256
nr_doubles: 512
nr_of_strided_rec: 256
nr_doubles: 512
nr_of_strided_rec: 256
nr_doubles: 512
nr_of_strided_rec: 256
nr_doubles: 512
nr_of_strided_rec: 256
nr_doubles: 512
nr_of_strided_rec: 256
nr_doubles: 512
nr_of_strided_rec: 256
nr_doubles: 512
nr_of_strided_rec: 256
nr_doubles: 512
nr_of_strided_rec: 256
nr_doubles: 512
nr_of_strided_rec: 256
nr_doubles: 512
nr_of_strided_rec: 256
nr_doubles: 512
nr_of_strided_rec: 256
nr_doubles: 512
nr_of_strided_rec: 256
nr_doubles: 512
nr_of_strided_rec: 256
nr_doubles: 512

Write the data to file:8388608 bytes
***********WAITING************

Write the data to file:8388608 bytes
***********WAITING************

Write the data to file:8388608 bytes
***********WAITING************

Write the data to file:8388608 bytes
***********WAITING************

Write the data to file:8388608 bytes
***********WAITING************

Write the data to file:8388608 bytes
***********WAITING************

Write the data to file:8388608 bytes
***********WAITING************

Write the data to file:8388608 bytes
***********WAITING************

Write the data to file:8388608 bytes
***********WAITING************

Write the data to file:8388608 bytes
***********WAITING************

Write the data to file:8388608 bytes
***********WAITING************

Write the data to file:8388608 bytes
***********WAITING************

Write the data to file:8388608 bytes
***********WAITING************

Write the data to file:8388608 bytes
***********WAITING************

Write the data to file:8388608 bytes
***********WAITING************

Write the data to file:8388608 bytes
***********WAITING************
nr_of_strided_rec: 256
nr_doubles: 512
nr_of_strided_rec: 256
nr_doubles: 512
nr_of_strided_rec: 256
nr_doubles: 512
nr_of_strided_rec: 256
nr_doubles: 512
nr_of_strided_rec: 256
nr_doubles: 512
nr_of_strided_rec: 256
nr_doubles: 512
nr_of_strided_rec: 256
nr_doubles: 512
nr_of_strided_rec: 256
nr_doubles: 512
nr_of_strided_rec: 256
nr_doubles: 512
nr_of_strided_rec: 256
nr_doubles: 512
nr_of_strided_rec: 256
nr_doubles: 512
nr_of_strided_rec: 256
nr_doubles: 512
nr_of_strided_rec: 256
nr_doubles: 512
nr_of_strided_rec: 256
nr_doubles: 512
nr_of_strided_rec: 256
nr_doubles: 512
nr_of_strided_rec: 256
nr_doubles: 512

Write the data to file:8388608 bytes
***********WAITING************

Write the data to file:8388608 bytes
***********WAITING************

Write the data to file:8388608 bytes
***********WAITING************

Write the data to file:8388608 bytes
***********WAITING************

Write the data to file:8388608 bytes
***********WAITING************

Write the data to file:8388608 bytes
***********WAITING************

Write the data to file:8388608 bytes
***********WAITING************

Write the data to file:8388608 bytes
***********WAITING************

Write the data to file:8388608 bytes
***********WAITING************

Write the data to file:8388608 bytes
***********WAITING************

Write the data to file:8388608 bytes
***********WAITING************

Write the data to file:8388608 bytes
***********WAITING************

Write the data to file:8388608 bytes
***********WAITING************

Write the data to file:8388608 bytes
***********WAITING************

Write the data to file:8388608 bytes
***********WAITING************

Write the data to file:8388608 bytes
***********WAITING************
nr_of_strided_rec: 256
nr_doubles: 512
nr_of_strided_rec: 256
nr_doubles: 512
nr_of_strided_rec: 256
nr_doubles: 512
nr_of_strided_rec: 256
nr_doubles: 512
nr_of_strided_rec: 256
nr_doubles: 512
nr_of_strided_rec: 256
nr_doubles: 512
nr_of_strided_rec: 256
nr_doubles: 512
nr_of_strided_rec: 256
nr_doubles: 512
nr_of_strided_rec: 256
nr_doubles: 512
nr_of_strided_rec: 256
nr_doubles: 512
nr_of_strided_rec: 256
nr_doubles: 512
nr_of_strided_rec: 256
nr_doubles: 512
nr_of_strided_rec: 256
nr_doubles: 512
nr_of_strided_rec: 256
nr_doubles: 512
nr_of_strided_rec: 256
nr_doubles: 512
nr_of_strided_rec: 256
nr_doubles: 512

Write the data to file:8388608 bytes
***********WAITING************

Write the data to file:8388608 bytes
***********WAITING************

Write the data to file:8388608 bytes
***********WAITING************

Write the data to file:8388608 bytes
***********WAITING************

Write the data to file:8388608 bytes
***********WAITING************

Write the data to file:8388608 bytes
***********WAITING************

Write the data to file:8388608 bytes
***********WAITING************

Write the data to file:8388608 bytes
***********WAITING************

Write the data to file:8388608 bytes
***********WAITING************

Write the data to file:8388608 bytes
***********WAITING************

Write the data to file:8388608 bytes
***********WAITING************

Write the data to file:8388608 bytes
***********WAITING************

Write the data to file:8388608 bytes
***********WAITING************

Write the data to file:8388608 bytes
***********WAITING************

Write the data to file:8388608 bytes
***********WAITING************

Write the data to file:8388608 bytes
***********WAITING************
nr_of_strided_rec: 256
nr_doubles: 512
nr_of_strided_rec: 256
nr_doubles: 512
nr_of_strided_rec: 256
nr_doubles: 512
nr_of_strided_rec: 256
nr_doubles: 512
nr_of_strided_rec: 256
nr_doubles: 512
nr_of_strided_rec: 256
nr_doubles: 512
nr_of_strided_rec: 256
nr_doubles: 512
nr_of_strided_rec: 256
nr_doubles: 512
nr_of_strided_rec: 256
nr_doubles: 512
nr_of_strided_rec: 256
nr_doubles: 512
nr_of_strided_rec: 256
nr_doubles: 512
nr_of_strided_rec: 256
nr_doubles: 512
nr_of_strided_rec: 256
nr_doubles: 512
nr_of_strided_rec: 256
nr_doubles: 512
nr_of_strided_rec: 256
nr_doubles: 512
nr_of_strided_rec: 256
nr_doubles: 512

Write the data to file:8388608 bytes
***********WAITING************

Write the data to file:8388608 bytes
***********WAITING************

Write the data to file:8388608 bytes
***********WAITING************

Write the data to file:8388608 bytes
***********WAITING************

Write the data to file:8388608 bytes
***********WAITING************

Write the data to file:8388608 bytes
***********WAITING************

Write the data to file:8388608 bytes
***********WAITING************

Write the data to file:8388608 bytes
***********WAITING************

Write the data to file:8388608 bytes
***********WAITING************

Write the data to file:8388608 bytes
***********WAITING************

Write the data to file:8388608 bytes
***********WAITING************

Write the data to file:8388608 bytes
***********WAITING************

Write the data to file:8388608 bytes
***********WAITING************

Write the data to file:8388608 bytes
***********WAITING************

Write the data to file:8388608 bytes
***********WAITING************

Write the data to file:8388608 bytes
***********WAITING************
nr_of_strided_rec: 256
nr_doubles: 512
nr_of_strided_rec: 256
nr_doubles: 512
nr_of_strided_rec: 256
nr_doubles: 512
nr_of_strided_rec: 256
nr_doubles: 512
nr_of_strided_rec: 256
nr_doubles: 512
nr_of_strided_rec: 256
nr_doubles: 512
nr_of_strided_rec: 256
nr_doubles: 512
nr_of_strided_rec: 256
nr_doubles: 512
nr_of_strided_rec: 256
nr_doubles: 512
nr_of_strided_rec: 256
nr_doubles: 512
nr_of_strided_rec: 256
nr_doubles: 512
nr_of_strided_rec: 256
nr_doubles: 512
nr_of_strided_rec: 256
nr_doubles: 512
nr_of_strided_rec: 256
nr_doubles: 512
nr_of_strided_rec: 256
nr_doubles: 512
nr_of_strided_rec: 256
nr_doubles: 512

Write the data to file:8388608 bytes
***********WAITING************

Write the data to file:8388608 bytes
***********WAITING************

Write the data to file:8388608 bytes
***********WAITING************

Write the data to file:8388608 bytes
***********WAITING************

Write the data to file:8388608 bytes
***********WAITING************

Write the data to file:8388608 bytes
***********WAITING************

Write the data to file:8388608 bytes
***********WAITING************

Write the data to file:8388608 bytes
***********WAITING************

Write the data to file:8388608 bytes
***********WAITING************

Write the data to file:8388608 bytes
***********WAITING************

Write the data to file:8388608 bytes
***********WAITING************

Write the data to file:8388608 bytes
***********WAITING************

Write the data to file:8388608 bytes
***********WAITING************

Write the data to file:8388608 bytes
***********WAITING************

Write the data to file:8388608 bytes
***********WAITING************

Write the data to file:8388608 bytes
***********WAITING************
nr_of_strided_rec: 256
nr_doubles: 512
nr_of_strided_rec: 256
nr_doubles: 512
nr_of_strided_rec: 256
nr_doubles: 512
nr_of_strided_rec: 256
nr_doubles: 512
nr_of_strided_rec: 256
nr_doubles: 512
nr_of_strided_rec: 256
nr_doubles: 512
nr_of_strided_rec: 256
nr_doubles: 512
nr_of_strided_rec: 256
nr_doubles: 512
nr_of_strided_rec: 256
nr_doubles: 512
nr_of_strided_rec: 256
nr_doubles: 512
nr_of_strided_rec: 256
nr_doubles: 512
nr_of_strided_rec: 256
nr_doubles: 512
nr_of_strided_rec: 256
nr_doubles: 512
nr_of_strided_rec: 256
nr_doubles: 512
nr_of_strided_rec: 256
nr_doubles: 512
nr_of_strided_rec: 256
nr_doubles: 512

Write the data to file:8388608 bytes
***********WAITING************

Write the data to file:8388608 bytes
***********WAITING************

Write the data to file:8388608 bytes
***********WAITING************

Write the data to file:8388608 bytes
***********WAITING************

Write the data to file:8388608 bytes
***********WAITING************

Write the data to file:8388608 bytes
***********WAITING************

Write the data to file:8388608 bytes
***********WAITING************

Write the data to file:8388608 bytes
***********WAITING************

Write the data to file:8388608 bytes
***********WAITING************

Write the data to file:8388608 bytes
***********WAITING************

Write the data to file:8388608 bytes
***********WAITING************

Write the data to file:8388608 bytes
***********WAITING************

Write the data to file:8388608 bytes
***********WAITING************

Write the data to file:8388608 bytes
***********WAITING************

Write the data to file:8388608 bytes
***********WAITING************

Write the data to file:8388608 bytes
***********WAITING************
nr_of_strided_rec: 256
nr_doubles: 512
nr_of_strided_rec: 256
nr_doubles: 512
nr_of_strided_rec: 256
nr_doubles: 512
nr_of_strided_rec: 256
nr_doubles: 512
nr_of_strided_rec: 256
nr_doubles: 512
nr_of_strided_rec: 256
nr_doubles: 512
nr_of_strided_rec: 256
nr_doubles: 512
nr_of_strided_rec: 256
nr_doubles: 512
nr_of_strided_rec: 256
nr_doubles: 512
nr_of_strided_rec: 256
nr_doubles: 512
nr_of_strided_rec: 256
nr_doubles: 512
nr_of_strided_rec: 256
nr_doubles: 512
nr_of_strided_rec: 256
nr_doubles: 512
nr_of_strided_rec: 256
nr_doubles: 512
nr_of_strided_rec: 256
nr_doubles: 512
nr_of_strided_rec: 256
nr_doubles: 512

Write the data to file:8388608 bytes
***********WAITING************

Write the data to file:8388608 bytes
***********WAITING************

Write the data to file:8388608 bytes
***********WAITING************

Write the data to file:8388608 bytes
***********WAITING************

Write the data to file:8388608 bytes
***********WAITING************

Write the data to file:8388608 bytes
***********WAITING************

Write the data to file:8388608 bytes
***********WAITING************

Write the data to file:8388608 bytes
***********WAITING************

Write the data to file:8388608 bytes
***********WAITING************

Write the data to file:8388608 bytes
***********WAITING************

Write the data to file:8388608 bytes
***********WAITING************

Write the data to file:8388608 bytes
***********WAITING************

Write the data to file:8388608 bytes
***********WAITING************

Write the data to file:8388608 bytes
***********WAITING************

Write the data to file:8388608 bytes
***********WAITING************

Write the data to file:8388608 bytes
***********WAITING************

Write the data to file:8388608 bytes
***********WAITING************

Write the data to file:8388608 bytes
***********WAITING************

Write the data to file:8388608 bytes
***********WAITING************

Write the data to file:8388608 bytes
***********WAITING************

Write the data to file:8388608 bytes
***********WAITING************

Write the data to file:8388608 bytes
***********WAITING************

Write the data to file:8388608 bytes
***********WAITING************

Write the data to file:8388608 bytes
***********WAITING************

Write the data to file:8388608 bytes
***********WAITING************

Write the data to file:8388608 bytes
***********WAITING************

Write the data to file:8388608 bytes
***********WAITING************

Write the data to file:8388608 bytes
***********WAITING************

Write the data to file:8388608 bytes
***********WAITING************

Write the data to file:8388608 bytes
***********WAITING************

Write the data to file:8388608 bytes
***********WAITING************

Write the data to file:8388608 bytes
***********WAITING************
W_cc         0.47   [      0.47:      0.47]
W_r         20.18   [     20.18:     20.18]
W_w          1.92   [      1.92:      1.92]
          -------
W_total     22.56   [     22.56:     22.56]

calc_W done
calc_W done
calc_W done
calc_W done
calc_W done
calc_W done
calc_W done
nr_of_strided_rec: 256
calc_W done
nr_of_strided_rec: 256
nr_doubles: 512
calc_W done
nr_of_strided_rec: 256
nr_doubles: 512
calc_W done
nr_of_strided_rec: 256
nr_doubles: 512
calc_W done
nr_of_strided_rec: 256
nr_doubles: 512
calc_W done
nr_of_strided_rec: 256
nr_doubles: 512
calc_W done
nr_of_strided_rec: 256
nr_doubles: 512
calc_W done
nr_of_strided_rec: 256
nr_doubles: 512
calc_W done
nr_of_strided_rec: 256
nr_doubles: 512
calc_W done
nr_of_strided_rec: 256
nr_doubles: 512
nr_of_strided_rec: 256
nr_doubles: 512
nr_of_strided_rec: 256
nr_doubles: 512
nr_of_strided_rec: 256
nr_doubles: 512
nr_of_strided_rec: 256
nr_doubles: 512
nr_of_strided_rec: 256
nr_doubles: 512
nr_of_strided_rec: 256
nr_doubles: 512
nr_doubles: 512
nr_of_strided_rec: 256
nr_doubles: 512
nr_of_strided_rec: 256
nr_doubles: 512
nr_of_strided_rec: 256
nr_doubles: 512
nr_of_strided_rec: 256
nr_doubles: 512
nr_of_strided_rec: 256
nr_doubles: 512
nr_of_strided_rec: 256
nr_doubles: 512
nr_of_strided_rec: 256
nr_doubles: 512
nr_of_strided_rec: 256
nr_doubles: 512
nr_of_strided_rec: 256
nr_doubles: 512
nr_of_strided_rec: 256
nr_doubles: 512
nr_of_strided_rec: 256
nr_doubles: 512
nr_of_strided_rec: 256
nr_doubles: 512
nr_of_strided_rec: 256
nr_doubles: 512
nr_of_strided_rec: 256
nr_doubles: 512
nr_of_strided_rec: 256
nr_doubles: 512
nr_of_strided_rec: 256
nr_doubles: 512
nr_of_strided_rec: 256
nr_doubles: 512
nr_of_strided_rec: 256
nr_doubles: 512
nr_of_strided_rec: 256
nr_doubles: 512
nr_of_strided_rec: 256
nr_doubles: 512
nr_of_strided_rec: 256
nr_doubles: 512
nr_of_strided_rec: 256
nr_doubles: 512
nr_of_strided_rec: 256
nr_doubles: 512
nr_of_strided_rec: 256
nr_doubles: 512
nr_of_strided_rec: 256
nr_doubles: 512
nr_of_strided_rec: 256
nr_doubles: 512
nr_of_strided_rec: 256
nr_doubles: 512
nr_of_strided_rec: 256
nr_doubles: 512
nr_of_strided_rec: 256
nr_doubles: 512
nr_of_strided_rec: 256
nr_doubles: 512
nr_of_strided_rec: 256
nr_doubles: 512
nr_of_strided_rec: 256
nr_doubles: 512
nr_of_strided_rec: 256
nr_doubles: 512
nr_of_strided_rec: 256
nr_doubles: 512
nr_of_strided_rec: 256
nr_doubles: 512
nr_of_strided_rec: 256
nr_doubles: 512
nr_of_strided_rec: 256
nr_doubles: 512
nr_of_strided_rec: 256
nr_doubles: 512
nr_of_strided_rec: 256
nr_doubles: 512
nr_of_strided_rec: 256
nr_doubles: 512
nr_of_strided_rec: 256
nr_doubles: 512
nr_of_strided_rec: 256
nr_doubles: 512
nr_of_strided_rec: 256
nr_doubles: 512
nr_of_strided_rec: 256
nr_doubles: 512
nr_of_strided_rec: 256
nr_doubles: 512
nr_of_strided_rec: 256
nr_doubles: 512
nr_of_strided_rec: 256
nr_doubles: 512
nr_of_strided_rec: 256
nr_doubles: 512
nr_of_strided_rec: 256
nr_doubles: 512
nr_of_strided_rec: 256
nr_doubles: 512
nr_of_strided_rec: 256
nr_doubles: 512
nr_of_strided_rec: 256
nr_doubles: 512
nr_of_strided_rec: 256
nr_doubles: 512
nr_of_strided_rec: 256
nr_doubles: 512
nr_of_strided_rec: 256
nr_doubles: 512
nr_of_strided_rec: 256
nr_doubles: 512
nr_of_strided_rec: 256
nr_doubles: 512
nr_of_strided_rec: 256
nr_doubles: 512
nr_of_strided_rec: 256
nr_doubles: 512
nr_of_strided_rec: 256
nr_doubles: 512
nr_of_strided_rec: 256
nr_doubles: 512
nr_of_strided_rec: 256
nr_doubles: 512
nr_of_strided_rec: 256
nr_doubles: 512
nr_of_strided_rec: 256
nr_doubles: 512
nr_of_strided_rec: 256
nr_doubles: 512
nr_of_strided_rec: 256
nr_doubles: 512
nr_of_strided_rec: 256
nr_doubles: 512
nr_of_strided_rec: 256
nr_doubles: 512
nr_of_strided_rec: 256
nr_doubles: 512
nr_of_strided_rec: 256
nr_doubles: 512
nr_of_strided_rec: 256
nr_doubles: 512
nr_of_strided_rec: 256
nr_doubles: 512
nr_of_strided_rec: 256
nr_doubles: 512
nr_of_strided_rec: 256
nr_doubles: 512
nr_of_strided_rec: 256
nr_doubles: 512
nr_of_strided_rec: 256
nr_doubles: 512
nr_of_strided_rec: 256
nr_doubles: 512
nr_of_strided_rec: 256
nr_doubles: 512
nr_of_strided_rec: 256
nr_doubles: 512
nr_of_strided_rec: 256
nr_doubles: 512
nr_of_strided_rec: 256
nr_doubles: 512
nr_of_strided_rec: 256
nr_doubles: 512
nr_of_strided_rec: 256
nr_doubles: 512
nr_of_strided_rec: 256
nr_doubles: 512
nr_of_strided_rec: 256
nr_doubles: 512
nr_of_strided_rec: 256
nr_doubles: 512
nr_of_strided_rec: 256
nr_doubles: 512
nr_of_strided_rec: 256
nr_doubles: 512
nr_of_strided_rec: 256
nr_doubles: 512
nr_of_strided_rec: 256
nr_doubles: 512
nr_of_strided_rec: 256
nr_doubles: 512
nr_of_strided_rec: 256
nr_doubles: 512
nr_of_strided_rec: 256
nr_doubles: 512
nr_of_strided_rec: 256
nr_doubles: 512
nr_of_strided_rec: 256
nr_doubles: 512
nr_of_strided_rec: 256
nr_doubles: 512
nr_of_strided_rec: 256
nr_doubles: 512
nr_of_strided_rec: 256
nr_doubles: 512
nr_of_strided_rec: 256
nr_doubles: 512
nr_of_strided_rec: 256
nr_doubles: 512
nr_of_strided_rec: 256
nr_doubles: 512
nr_of_strided_rec: 256
nr_doubles: 512
nr_of_strided_rec: 256
nr_doubles: 512
nr_of_strided_rec: 256
nr_doubles: 512
nr_of_strided_rec: 256
nr_doubles: 512
nr_of_strided_rec: 256
nr_doubles: 512
nr_of_strided_rec: 256
nr_doubles: 512
nr_of_strided_rec: 256
nr_doubles: 512
nr_of_strided_rec: 256
nr_doubles: 512
nr_of_strided_rec: 256
nr_doubles: 512
nr_of_strided_rec: 256
nr_doubles: 512
nr_of_strided_rec: 256
nr_doubles: 512
nr_of_strided_rec: 256
nr_doubles: 512
nr_of_strided_rec: 256
nr_doubles: 512
nr_of_strided_rec: 256
nr_doubles: 512
nr_of_strided_rec: 256
nr_doubles: 512
nr_of_strided_rec: 256
nr_doubles: 512
nr_of_strided_rec: 256
nr_doubles: 512
nr_of_strided_rec: 256
nr_doubles: 512
nr_of_strided_rec: 256
nr_doubles: 512
nr_of_strided_rec: 256
nr_doubles: 512
nr_of_strided_rec: 256
nr_doubles: 512
nr_of_strided_rec: 256
nr_doubles: 512
nr_of_strided_rec: 256
nr_doubles: 512
nr_of_strided_rec: 256
nr_doubles: 512
nr_of_strided_rec: 256
nr_doubles: 512
nr_of_strided_rec: 256
nr_doubles: 512
nr_of_strided_rec: 256
nr_doubles: 512
nr_of_strided_rec: 256
nr_doubles: 512
nr_of_strided_rec: 256
nr_doubles: 512
nr_of_strided_rec: 256
nr_doubles: 512
nr_of_strided_rec: 256
nr_doubles: 512
nr_of_strided_rec: 256
nr_doubles: 512
nr_of_strided_rec: 256
nr_doubles: 512
nr_of_strided_rec: 256
nr_doubles: 512
nr_of_strided_rec: 256
nr_doubles: 512
nr_of_strided_rec: 256
nr_doubles: 512
nr_of_strided_rec: 256
nr_doubles: 512
nr_of_strided_rec: 256
nr_doubles: 512
nr_of_strided_rec: 256
nr_doubles: 512
nr_of_strided_rec: 256
nr_doubles: 512
nr_of_strided_rec: 256
nr_doubles: 512
nr_of_strided_rec: 256
nr_doubles: 512
nr_of_strided_rec: 256
nr_doubles: 512
nr_of_strided_rec: 256
nr_doubles: 512
nr_of_strided_rec: 256
nr_doubles: 512
nr_of_strided_rec: 256
nr_doubles: 512
nr_of_strided_rec: 256
nr_doubles: 512
nr_of_strided_rec: 256
nr_doubles: 512
nr_of_strided_rec: 256
nr_doubles: 512
nr_of_strided_rec: 256
nr_doubles: 512
nr_of_strided_rec: 256
nr_doubles: 512
nr_of_strided_rec: 256
nr_doubles: 512
nr_of_strided_rec: 256
nr_doubles: 512
nr_of_strided_rec: 256
nr_doubles: 512
nr_of_strided_rec: 256
nr_doubles: 512
nr_of_strided_rec: 256
nr_doubles: 512
nr_of_strided_rec: 256
nr_doubles: 512
nr_of_strided_rec: 256
nr_doubles: 512
nr_of_strided_rec: 256
nr_doubles: 512
nr_of_strided_rec: 256
nr_doubles: 512
nr_of_strided_rec: 256
nr_doubles: 512
nr_of_strided_rec: 256
nr_doubles: 512
nr_of_strided_rec: 256
nr_doubles: 512
nr_of_strided_rec: 256
nr_doubles: 512
nr_of_strided_rec: 256
nr_doubles: 512
nr_of_strided_rec: 256
nr_doubles: 512
nr_of_strided_rec: 256
nr_doubles: 512
nr_of_strided_rec: 256
nr_doubles: 512
nr_of_strided_rec: 256
nr_doubles: 512
nr_of_strided_rec: 256
nr_doubles: 512
nr_of_strided_rec: 256
nr_doubles: 512
nr_of_strided_rec: 256
nr_doubles: 512
nr_of_strided_rec: 256
nr_doubles: 512
nr_of_strided_rec: 256
nr_doubles: 512
nr_of_strided_rec: 256
nr_doubles: 512
nr_of_strided_rec: 256
nr_doubles: 512
nr_of_strided_rec: 256
nr_doubles: 512
nr_of_strided_rec: 256
nr_doubles: 512
nr_of_strided_rec: 256
nr_doubles: 512
nr_of_strided_rec: 256
nr_doubles: 512
nr_of_strided_rec: 256
nr_doubles: 512
nr_of_strided_rec: 256
nr_doubles: 512
nr_of_strided_rec: 256
nr_doubles: 512
nr_of_strided_rec: 256
nr_doubles: 512
nr_of_strided_rec: 256
nr_doubles: 512
nr_of_strided_rec: 256
nr_doubles: 512
nr_of_strided_rec: 256
nr_doubles: 512
nr_of_strided_rec: 256
nr_doubles: 512
nr_of_strided_rec: 256
nr_doubles: 512
nr_of_strided_rec: 256
nr_doubles: 512
nr_of_strided_rec: 256
nr_doubles: 512
nr_of_strided_rec: 256
nr_doubles: 512
nr_of_strided_rec: 256
nr_doubles: 512
nr_of_strided_rec: 256
nr_doubles: 512
nr_of_strided_rec: 256
nr_doubles: 512
nr_of_strided_rec: 256
nr_doubles: 512
nr_of_strided_rec: 256
nr_doubles: 512
nr_of_strided_rec: 256
nr_doubles: 512
nr_of_strided_rec: 256
nr_doubles: 512
nr_of_strided_rec: 256
nr_doubles: 512
nr_of_strided_rec: 256
nr_doubles: 512
nr_of_strided_rec: 256
nr_doubles: 512
nr_of_strided_rec: 256
nr_doubles: 512
nr_of_strided_rec: 256
nr_doubles: 512
nr_of_strided_rec: 256
nr_doubles: 512
nr_of_strided_rec: 256
nr_doubles: 512
nr_of_strided_rec: 256
nr_doubles: 512
nr_of_strided_rec: 256
nr_doubles: 512
nr_of_strided_rec: 256
nr_doubles: 512
nr_of_strided_rec: 256
nr_doubles: 512
nr_of_strided_rec: 256
nr_doubles: 512
nr_of_strided_rec: 256
nr_doubles: 512
nr_of_strided_rec: 256
nr_doubles: 512
nr_of_strided_rec: 256
nr_doubles: 512
nr_of_strided_rec: 256
nr_doubles: 512
nr_of_strided_rec: 256
nr_doubles: 512
nr_of_strided_rec: 256
nr_doubles: 512
nr_of_strided_rec: 256
nr_doubles: 512
nr_of_strided_rec: 256
nr_doubles: 512
nr_of_strided_rec: 256
nr_doubles: 512
nr_of_strided_rec: 256
nr_doubles: 512
nr_of_strided_rec: 256
nr_doubles: 512
nr_of_strided_rec: 256
nr_doubles: 512
nr_of_strided_rec: 256
nr_doubles: 512
nr_of_strided_rec: 256
nr_doubles: 512
nr_of_strided_rec: 256
nr_doubles: 512
nr_of_strided_rec: 256
nr_doubles: 512
nr_of_strided_rec: 256
nr_doubles: 512
nr_of_strided_rec: 256
nr_doubles: 512
nr_of_strided_rec: 256
nr_doubles: 512
nr_of_strided_rec: 256
nr_doubles: 512
nr_of_strided_rec: 256
nr_doubles: 512
nr_of_strided_rec: 256
nr_doubles: 512
nr_of_strided_rec: 256
nr_doubles: 512
nr_of_strided_rec: 256
nr_doubles: 512
nr_of_strided_rec: 256
nr_doubles: 512
nr_of_strided_rec: 256
nr_doubles: 512
nr_of_strided_rec: 256
nr_doubles: 512
nr_of_strided_rec: 256
nr_doubles: 512
nr_of_strided_rec: 256
nr_doubles: 512
nr_of_strided_rec: 256
nr_doubles: 512
nr_of_strided_rec: 256
nr_doubles: 512
nr_of_strided_rec: 256
nr_doubles: 512
nr_of_strided_rec: 256
nr_doubles: 512
nr_of_strided_rec: 256
nr_doubles: 512
nr_of_strided_rec: 256
nr_doubles: 512
nr_of_strided_rec: 256
nr_doubles: 512
nr_of_strided_rec: 256
nr_doubles: 512
nr_of_strided_rec: 256
nr_doubles: 512
nr_of_strided_rec: 256
nr_doubles: 512
nr_of_strided_rec: 256
nr_doubles: 512
nr_of_strided_rec: 256
nr_doubles: 512
nr_of_strided_rec: 256
nr_doubles: 512
nr_of_strided_rec: 256
nr_doubles: 512
nr_of_strided_rec: 256
nr_doubles: 512
nr_of_strided_rec: 256
nr_doubles: 512
nr_of_strided_rec: 256
nr_doubles: 512
nr_of_strided_rec: 256
nr_doubles: 512
nr_of_strided_rec: 256
nr_doubles: 512
nr_of_strided_rec: 256
nr_doubles: 512
nr_of_strided_rec: 256
nr_doubles: 512
nr_of_strided_rec: 256
nr_doubles: 512
nr_of_strided_rec: 256
nr_doubles: 512
nr_of_strided_rec: 256
nr_doubles: 512
nr_of_strided_rec: 256
nr_doubles: 512
nr_of_strided_rec: 256
nr_doubles: 512
nr_of_strided_rec: 256
nr_doubles: 512
nr_of_strided_rec: 256
nr_doubles: 512
nr_of_strided_rec: 256
nr_doubles: 512
nr_of_strided_rec: 256
nr_doubles: 512
nr_of_strided_rec: 256
nr_doubles: 512
nr_of_strided_rec: 256
nr_doubles: 512
nr_of_strided_rec: 256
nr_doubles: 512
nr_of_strided_rec: 256
nr_doubles: 512
nr_of_strided_rec: 256
nr_doubles: 512
nr_of_strided_rec: 256
nr_doubles: 512
nr_of_strided_rec: 256
nr_doubles: 512
nr_of_strided_rec: 256
nr_doubles: 512
nr_of_strided_rec: 256
nr_doubles: 512
nr_of_strided_rec: 256
nr_doubles: 512
nr_of_strided_rec: 256
nr_doubles: 512
nr_of_strided_rec: 256
nr_doubles: 512
nr_of_strided_rec: 256
nr_doubles: 512
nr_of_strided_rec: 256
nr_doubles: 512
nr_of_strided_rec: 256
nr_doubles: 512
nr_of_strided_rec: 256
nr_doubles: 512
nr_of_strided_rec: 256
nr_doubles: 512
nr_of_strided_rec: 256
nr_doubles: 512
nr_of_strided_rec: 256
nr_doubles: 512
nr_of_strided_rec: 256
nr_doubles: 512
nr_of_strided_rec: 256
nr_doubles: 512
nr_of_strided_rec: 256
nr_doubles: 512
nr_of_strided_rec: 256
nr_doubles: 512
nr_of_strided_rec: 256
nr_doubles: 512
nr_of_strided_rec: 256
nr_doubles: 512
nr_of_strided_rec: 256
nr_doubles: 512
nr_of_strided_rec: 256
nr_doubles: 512
nr_of_strided_rec: 256
nr_doubles: 512
nr_of_strided_rec: 256
nr_doubles: 512
nr_of_strided_rec: 256
nr_doubles: 512
nr_of_strided_rec: 256
nr_doubles: 512
nr_of_strided_rec: 256
nr_doubles: 512
nr_of_strided_rec: 256
nr_doubles: 512
nr_of_strided_rec: 256
nr_doubles: 512
nr_of_strided_rec: 256
nr_doubles: 512
nr_of_strided_rec: 256
nr_doubles: 512
nr_of_strided_rec: 256
nr_doubles: 512
nr_of_strided_rec: 256
nr_doubles: 512
nr_of_strided_rec: 256
nr_doubles: 512
nr_of_strided_rec: 256
nr_doubles: 512
nr_of_strided_rec: 256
nr_doubles: 512
nr_of_strided_rec: 256
