fclose PID:38325 fd:3
fclose PID:38325 fd:4
fclose PID:38325 fd:4
fclose PID:38325 fd:3
available: 2 nodes (0-1)
fclose PID:38325 fd:3
node 0 cpus:fclose PID:38325 fd:3
 0 1 2 3 4 5 6 7 8 9 20 21 22 23 24 25 26 27 28 29
node 0 size: 80440 MB
node 0 free: 80126 MB
fclose PID:38325 fd:3
node 1 cpus:fclose PID:38325 fd:3
 10 11 12 13 14 15 16 17 18 19 30 31 32 33 34 35 36 37 38 39
node 1 size: 80635 MB
node 1 free: 80362 MB
fclose PID:38325 fd:3
fclose PID:38325 fd:3
node distances:
node   0   1 
  0:  10  21 
  1:  21  10 
READAHEAD_TIME:0.000000 us
MaxRSS= 2192 KB, SharedMem= 0 KB, HardPageFault= 10
fclose PID:38332 fd:12
fclose PID:38341 fd:8
fclose PID:38339 fd:8
fclose PID:38336 fd:8
fclose PID:38340 fd:8
fclose PID:38346 fd:8
fclose PID:38333 fd:10
fclose PID:38337 fd:8
fclose PID:38334 fd:8
fclose PID:38338 fd:8
fclose PID:38335 fd:8
fclose PID:38343 fd:8
fclose PID:38344 fd:8
fclose PID:38345 fd:8
fclose PID:38342 fd:8
fclose PID:38347 fd:8

MADbench 2.0 IO-mode
no_pe = 16  no_pix = 8192  no_bin = 30  no_gang = 1 sblocksize = 8  fblocksize = 64  r_mod = 1  w_mod = 1 record_size=1048576 stride=7


IOMETHOD = POSIX  IOMODE = SYNC  FILETYPE = UNIQUE  REMAP = CUSTOMbuild_S
build_S
build_S
build_S
build_S
build_S
build_S
build_S
build_S
build_S
build_S
build_S
build_S
build_S
build_S
build_S

Write the data to file:33554432 bytes
***********WAITING************

Write the data to file:33554432 bytes
***********WAITING************

Write the data to file:33554432 bytes
***********WAITING************

Write the data to file:33554432 bytes
***********WAITING************

Write the data to file:33554432 bytes
***********WAITING************

Write the data to file:33554432 bytes
***********WAITING************

Write the data to file:33554432 bytes
***********WAITING************

Write the data to file:33554432 bytes
***********WAITING************

Write the data to file:33554432 bytes
***********WAITING************

Write the data to file:33554432 bytes
***********WAITING************

Write the data to file:33554432 bytes
***********WAITING************

Write the data to file:33554432 bytes
***********WAITING************

Write the data to file:33554432 bytes
***********WAITING************

Write the data to file:33554432 bytes
***********WAITING************

Write the data to file:33554432 bytes
***********WAITING************

Write the data to file:33554432 bytes
***********WAITING************

Write the data to file:33554432 bytes
***********WAITING************

Write the data to file:33554432 bytes
***********WAITING************

Write the data to file:33554432 bytes
***********WAITING************

Write the data to file:33554432 bytes
***********WAITING************

Write the data to file:33554432 bytes
***********WAITING************

Write the data to file:33554432 bytes
***********WAITING************

Write the data to file:33554432 bytes
***********WAITING************

Write the data to file:33554432 bytes
***********WAITING************

Write the data to file:33554432 bytes
***********WAITING************

Write the data to file:33554432 bytes
***********WAITING************

Write the data to file:33554432 bytes
***********WAITING************

Write the data to file:33554432 bytes
***********WAITING************

Write the data to file:33554432 bytes
***********WAITING************

Write the data to file:33554432 bytes
***********WAITING************

Write the data to file:33554432 bytes
***********WAITING************

Write the data to file:33554432 bytes
***********WAITING************

Write the data to file:33554432 bytes
***********WAITING************

Write the data to file:33554432 bytes
***********WAITING************

Write the data to file:33554432 bytes
***********WAITING************

Write the data to file:33554432 bytes
***********WAITING************

Write the data to file:33554432 bytes
***********WAITING************

Write the data to file:33554432 bytes
***********WAITING************

Write the data to file:33554432 bytes
***********WAITING************

Write the data to file:33554432 bytes
***********WAITING************

Write the data to file:33554432 bytes
***********WAITING************

Write the data to file:33554432 bytes
***********WAITING************

Write the data to file:33554432 bytes
***********WAITING************

Write the data to file:33554432 bytes
***********WAITING************

Write the data to file:33554432 bytes
***********WAITING************

Write the data to file:33554432 bytes
***********WAITING************

Write the data to file:33554432 bytes
***********WAITING************

Write the data to file:33554432 bytes
***********WAITING************

Write the data to file:33554432 bytes
***********WAITING************

Write the data to file:33554432 bytes
***********WAITING************

Write the data to file:33554432 bytes
***********WAITING************

Write the data to file:33554432 bytes
***********WAITING************

Write the data to file:33554432 bytes
***********WAITING************

Write the data to file:33554432 bytes
***********WAITING************

Write the data to file:33554432 bytes
***********WAITING************

Write the data to file:33554432 bytes
***********WAITING************

Write the data to file:33554432 bytes
***********WAITING************

Write the data to file:33554432 bytes
***********WAITING************

Write the data to file:33554432 bytes
***********WAITING************

Write the data to file:33554432 bytes
***********WAITING************

Write the data to file:33554432 bytes
***********WAITING************

Write the data to file:33554432 bytes
***********WAITING************

Write the data to file:33554432 bytes
***********WAITING************

Write the data to file:33554432 bytes
***********WAITING************

Write the data to file:33554432 bytes
***********WAITING************

Write the data to file:33554432 bytes
***********WAITING************

Write the data to file:33554432 bytes
***********WAITING************

Write the data to file:33554432 bytes
***********WAITING************

Write the data to file:33554432 bytes
***********WAITING************

Write the data to file:33554432 bytes
***********WAITING************

Write the data to file:33554432 bytes
***********WAITING************

Write the data to file:33554432 bytes
***********WAITING************

Write the data to file:33554432 bytes
***********WAITING************

Write the data to file:33554432 bytes
***********WAITING************

Write the data to file:33554432 bytes
***********WAITING************

Write the data to file:33554432 bytes
***********WAITING************

Write the data to file:33554432 bytes
***********WAITING************

Write the data to file:33554432 bytes
***********WAITING************

Write the data to file:33554432 bytes
***********WAITING************

Write the data to file:33554432 bytes
***********WAITING************

Write the data to file:33554432 bytes
***********WAITING************

Write the data to file:33554432 bytes
***********WAITING************

Write the data to file:33554432 bytes
***********WAITING************

Write the data to file:33554432 bytes
***********WAITING************

Write the data to file:33554432 bytes
***********WAITING************

Write the data to file:33554432 bytes
***********WAITING************

Write the data to file:33554432 bytes
***********WAITING************

Write the data to file:33554432 bytes
***********WAITING************

Write the data to file:33554432 bytes
***********WAITING************

Write the data to file:33554432 bytes
***********WAITING************

Write the data to file:33554432 bytes
***********WAITING************

Write the data to file:33554432 bytes
***********WAITING************

Write the data to file:33554432 bytes
***********WAITING************

Write the data to file:33554432 bytes
***********WAITING************

Write the data to file:33554432 bytes
***********WAITING************

Write the data to file:33554432 bytes
***********WAITING************

Write the data to file:33554432 bytes
***********WAITING************

Write the data to file:33554432 bytes
***********WAITING************

Write the data to file:33554432 bytes
***********WAITING************

Write the data to file:33554432 bytes
***********WAITING************

Write the data to file:33554432 bytes
***********WAITING************

Write the data to file:33554432 bytes
***********WAITING************

Write the data to file:33554432 bytes
***********WAITING************

Write the data to file:33554432 bytes
***********WAITING************

Write the data to file:33554432 bytes
***********WAITING************

Write the data to file:33554432 bytes
***********WAITING************

Write the data to file:33554432 bytes
***********WAITING************

Write the data to file:33554432 bytes
***********WAITING************

Write the data to file:33554432 bytes
***********WAITING************

Write the data to file:33554432 bytes
***********WAITING************

Write the data to file:33554432 bytes
***********WAITING************

Write the data to file:33554432 bytes
***********WAITING************

Write the data to file:33554432 bytes
***********WAITING************

Write the data to file:33554432 bytes
***********WAITING************

Write the data to file:33554432 bytes
***********WAITING************

Write the data to file:33554432 bytes
***********WAITING************

Write the data to file:33554432 bytes
***********WAITING************

Write the data to file:33554432 bytes
***********WAITING************

Write the data to file:33554432 bytes
***********WAITING************

Write the data to file:33554432 bytes
***********WAITING************

Write the data to file:33554432 bytes
***********WAITING************

Write the data to file:33554432 bytes
***********WAITING************

Write the data to file:33554432 bytes
***********WAITING************

Write the data to file:33554432 bytes
***********WAITING************

Write the data to file:33554432 bytes
***********WAITING************

Write the data to file:33554432 bytes
***********WAITING************

Write the data to file:33554432 bytes
***********WAITING************

Write the data to file:33554432 bytes
***********WAITING************

Write the data to file:33554432 bytes
***********WAITING************

Write the data to file:33554432 bytes
***********WAITING************

Write the data to file:33554432 bytes
***********WAITING************

Write the data to file:33554432 bytes
***********WAITING************

Write the data to file:33554432 bytes
***********WAITING************

Write the data to file:33554432 bytes
***********WAITING************

Write the data to file:33554432 bytes
***********WAITING************

Write the data to file:33554432 bytes
***********WAITING************

Write the data to file:33554432 bytes
***********WAITING************

Write the data to file:33554432 bytes
***********WAITING************

Write the data to file:33554432 bytes
***********WAITING************

Write the data to file:33554432 bytes
***********WAITING************

Write the data to file:33554432 bytes
***********WAITING************

Write the data to file:33554432 bytes
***********WAITING************

Write the data to file:33554432 bytes
***********WAITING************

Write the data to file:33554432 bytes
***********WAITING************

Write the data to file:33554432 bytes
***********WAITING************

Write the data to file:33554432 bytes
***********WAITING************

Write the data to file:33554432 bytes
***********WAITING************

Write the data to file:33554432 bytes
***********WAITING************

Write the data to file:33554432 bytes
***********WAITING************

Write the data to file:33554432 bytes
***********WAITING************

Write the data to file:33554432 bytes
***********WAITING************

Write the data to file:33554432 bytes
***********WAITING************

Write the data to file:33554432 bytes
***********WAITING************

Write the data to file:33554432 bytes
***********WAITING************

Write the data to file:33554432 bytes
***********WAITING************

Write the data to file:33554432 bytes
***********WAITING************

Write the data to file:33554432 bytes
***********WAITING************

Write the data to file:33554432 bytes
***********WAITING************

Write the data to file:33554432 bytes
***********WAITING************

Write the data to file:33554432 bytes
***********WAITING************

Write the data to file:33554432 bytes
***********WAITING************

Write the data to file:33554432 bytes
***********WAITING************

Write the data to file:33554432 bytes
***********WAITING************

Write the data to file:33554432 bytes
***********WAITING************

Write the data to file:33554432 bytes
***********WAITING************

Write the data to file:33554432 bytes
***********WAITING************

Write the data to file:33554432 bytes
***********WAITING************

Write the data to file:33554432 bytes
***********WAITING************

Write the data to file:33554432 bytes
***********WAITING************

Write the data to file:33554432 bytes
***********WAITING************

Write the data to file:33554432 bytes
***********WAITING************

Write the data to file:33554432 bytes
***********WAITING************

Write the data to file:33554432 bytes
***********WAITING************

Write the data to file:33554432 bytes
***********WAITING************

Write the data to file:33554432 bytes
***********WAITING************

Write the data to file:33554432 bytes
***********WAITING************

Write the data to file:33554432 bytes
***********WAITING************

Write the data to file:33554432 bytes
***********WAITING************

Write the data to file:33554432 bytes
***********WAITING************

Write the data to file:33554432 bytes
***********WAITING************

Write the data to file:33554432 bytes
***********WAITING************

Write the data to file:33554432 bytes
***********WAITING************

Write the data to file:33554432 bytes
***********WAITING************

Write the data to file:33554432 bytes
***********WAITING************

Write the data to file:33554432 bytes
***********WAITING************

Write the data to file:33554432 bytes
***********WAITING************

Write the data to file:33554432 bytes
***********WAITING************

Write the data to file:33554432 bytes
***********WAITING************

Write the data to file:33554432 bytes
***********WAITING************

Write the data to file:33554432 bytes
***********WAITING************

Write the data to file:33554432 bytes
***********WAITING************

Write the data to file:33554432 bytes
***********WAITING************

Write the data to file:33554432 bytes
***********WAITING************

Write the data to file:33554432 bytes
***********WAITING************

Write the data to file:33554432 bytes
***********WAITING************

Write the data to file:33554432 bytes
***********WAITING************

Write the data to file:33554432 bytes
***********WAITING************

Write the data to file:33554432 bytes
***********WAITING************

Write the data to file:33554432 bytes
***********WAITING************

Write the data to file:33554432 bytes
***********WAITING************

Write the data to file:33554432 bytes
***********WAITING************

Write the data to file:33554432 bytes
***********WAITING************

Write the data to file:33554432 bytes
***********WAITING************

Write the data to file:33554432 bytes
***********WAITING************

Write the data to file:33554432 bytes
***********WAITING************

Write the data to file:33554432 bytes
***********WAITING************

Write the data to file:33554432 bytes
***********WAITING************

Write the data to file:33554432 bytes
***********WAITING************

Write the data to file:33554432 bytes
***********WAITING************

Write the data to file:33554432 bytes
***********WAITING************

Write the data to file:33554432 bytes
***********WAITING************

Write the data to file:33554432 bytes
***********WAITING************

Write the data to file:33554432 bytes
***********WAITING************

Write the data to file:33554432 bytes
***********WAITING************

Write the data to file:33554432 bytes
***********WAITING************

Write the data to file:33554432 bytes
***********WAITING************

Write the data to file:33554432 bytes
***********WAITING************

Write the data to file:33554432 bytes
***********WAITING************

Write the data to file:33554432 bytes
***********WAITING************

Write the data to file:33554432 bytes
***********WAITING************

Write the data to file:33554432 bytes
***********WAITING************

Write the data to file:33554432 bytes
***********WAITING************

Write the data to file:33554432 bytes
***********WAITING************

Write the data to file:33554432 bytes
***********WAITING************

Write the data to file:33554432 bytes
***********WAITING************

Write the data to file:33554432 bytes
***********WAITING************

Write the data to file:33554432 bytes
***********WAITING************

Write the data to file:33554432 bytes
***********WAITING************

Write the data to file:33554432 bytes
***********WAITING************

Write the data to file:33554432 bytes
***********WAITING************

Write the data to file:33554432 bytes
***********WAITING************

Write the data to file:33554432 bytes
***********WAITING************

Write the data to file:33554432 bytes
***********WAITING************

Write the data to file:33554432 bytes
***********WAITING************

Write the data to file:33554432 bytes
***********WAITING************

Write the data to file:33554432 bytes
***********WAITING************

Write the data to file:33554432 bytes
***********WAITING************

Write the data to file:33554432 bytes
***********WAITING************

Write the data to file:33554432 bytes
***********WAITING************

Write the data to file:33554432 bytes
***********WAITING************

Write the data to file:33554432 bytes
***********WAITING************

Write the data to file:33554432 bytes
***********WAITING************

Write the data to file:33554432 bytes
***********WAITING************

Write the data to file:33554432 bytes
***********WAITING************

Write the data to file:33554432 bytes
***********WAITING************

Write the data to file:33554432 bytes
***********WAITING************

Write the data to file:33554432 bytes
***********WAITING************

Write the data to file:33554432 bytes
***********WAITING************

Write the data to file:33554432 bytes
***********WAITING************

Write the data to file:33554432 bytes
***********WAITING************

Write the data to file:33554432 bytes
***********WAITING************

Write the data to file:33554432 bytes
***********WAITING************

Write the data to file:33554432 bytes
***********WAITING************

Write the data to file:33554432 bytes
***********WAITING************

Write the data to file:33554432 bytes
***********WAITING************

Write the data to file:33554432 bytes
***********WAITING************

Write the data to file:33554432 bytes
***********WAITING************

Write the data to file:33554432 bytes
***********WAITING************

Write the data to file:33554432 bytes
***********WAITING************

Write the data to file:33554432 bytes
***********WAITING************

Write the data to file:33554432 bytes
***********WAITING************

Write the data to file:33554432 bytes
***********WAITING************

Write the data to file:33554432 bytes
***********WAITING************

Write the data to file:33554432 bytes
***********WAITING************

Write the data to file:33554432 bytes
***********WAITING************

Write the data to file:33554432 bytes
***********WAITING************

Write the data to file:33554432 bytes
***********WAITING************

Write the data to file:33554432 bytes
***********WAITING************

Write the data to file:33554432 bytes
***********WAITING************

Write the data to file:33554432 bytes
***********WAITING************

Write the data to file:33554432 bytes
***********WAITING************

Write the data to file:33554432 bytes
***********WAITING************

Write the data to file:33554432 bytes
***********WAITING************

Write the data to file:33554432 bytes
***********WAITING************

Write the data to file:33554432 bytes
***********WAITING************

Write the data to file:33554432 bytes
***********WAITING************

Write the data to file:33554432 bytes
***********WAITING************

Write the data to file:33554432 bytes
***********WAITING************

Write the data to file:33554432 bytes
***********WAITING************

Write the data to file:33554432 bytes
***********WAITING************

Write the data to file:33554432 bytes
***********WAITING************

Write the data to file:33554432 bytes
***********WAITING************

Write the data to file:33554432 bytes
***********WAITING************

Write the data to file:33554432 bytes
***********WAITING************

Write the data to file:33554432 bytes
***********WAITING************

Write the data to file:33554432 bytes
***********WAITING************

Write the data to file:33554432 bytes
***********WAITING************

Write the data to file:33554432 bytes
***********WAITING************

Write the data to file:33554432 bytes
***********WAITING************

Write the data to file:33554432 bytes
***********WAITING************

Write the data to file:33554432 bytes
***********WAITING************

Write the data to file:33554432 bytes
***********WAITING************

Write the data to file:33554432 bytes
***********WAITING************

Write the data to file:33554432 bytes
***********WAITING************

Write the data to file:33554432 bytes
***********WAITING************

Write the data to file:33554432 bytes
***********WAITING************

Write the data to file:33554432 bytes
***********WAITING************

Write the data to file:33554432 bytes
***********WAITING************

Write the data to file:33554432 bytes
***********WAITING************

Write the data to file:33554432 bytes
***********WAITING************

Write the data to file:33554432 bytes
***********WAITING************

Write the data to file:33554432 bytes
***********WAITING************

Write the data to file:33554432 bytes
***********WAITING************

Write the data to file:33554432 bytes
***********WAITING************

Write the data to file:33554432 bytes
***********WAITING************

Write the data to file:33554432 bytes
***********WAITING************

Write the data to file:33554432 bytes
***********WAITING************

Write the data to file:33554432 bytes
***********WAITING************

Write the data to file:33554432 bytes
***********WAITING************

Write the data to file:33554432 bytes
***********WAITING************

Write the data to file:33554432 bytes
***********WAITING************

Write the data to file:33554432 bytes
***********WAITING************

Write the data to file:33554432 bytes
***********WAITING************

Write the data to file:33554432 bytes
***********WAITING************

Write the data to file:33554432 bytes
***********WAITING************

Write the data to file:33554432 bytes
***********WAITING************

Write the data to file:33554432 bytes
***********WAITING************

Write the data to file:33554432 bytes
***********WAITING************

Write the data to file:33554432 bytes
***********WAITING************

Write the data to file:33554432 bytes
***********WAITING************

Write the data to file:33554432 bytes
***********WAITING************

Write the data to file:33554432 bytes
***********WAITING************

Write the data to file:33554432 bytes
***********WAITING************

Write the data to file:33554432 bytes
***********WAITING************

Write the data to file:33554432 bytes
***********WAITING************

Write the data to file:33554432 bytes
***********WAITING************

Write the data to file:33554432 bytes
***********WAITING************

Write the data to file:33554432 bytes
***********WAITING************

Write the data to file:33554432 bytes
***********WAITING************

Write the data to file:33554432 bytes
***********WAITING************

Write the data to file:33554432 bytes
***********WAITING************

Write the data to file:33554432 bytes
***********WAITING************

Write the data to file:33554432 bytes
***********WAITING************

Write the data to file:33554432 bytes
***********WAITING************

Write the data to file:33554432 bytes
***********WAITING************

Write the data to file:33554432 bytes
***********WAITING************

Write the data to file:33554432 bytes
***********WAITING************

Write the data to file:33554432 bytes
***********WAITING************

Write the data to file:33554432 bytes
***********WAITING************

Write the data to file:33554432 bytes
***********WAITING************

Write the data to file:33554432 bytes
***********WAITING************

Write the data to file:33554432 bytes
***********WAITING************

Write the data to file:33554432 bytes
***********WAITING************

Write the data to file:33554432 bytes
***********WAITING************

Write the data to file:33554432 bytes
***********WAITING************

Write the data to file:33554432 bytes
***********WAITING************

Write the data to file:33554432 bytes
***********WAITING************

Write the data to file:33554432 bytes
***********WAITING************

Write the data to file:33554432 bytes
***********WAITING************

Write the data to file:33554432 bytes
***********WAITING************

Write the data to file:33554432 bytes
***********WAITING************

Write the data to file:33554432 bytes
***********WAITING************

Write the data to file:33554432 bytes
***********WAITING************

Write the data to file:33554432 bytes
***********WAITING************

Write the data to file:33554432 bytes
***********WAITING************

Write the data to file:33554432 bytes
***********WAITING************

Write the data to file:33554432 bytes
***********WAITING************

Write the data to file:33554432 bytes
***********WAITING************

Write the data to file:33554432 bytes
***********WAITING************

Write the data to file:33554432 bytes
***********WAITING************

Write the data to file:33554432 bytes
***********WAITING************

Write the data to file:33554432 bytes
***********WAITING************

Write the data to file:33554432 bytes
***********WAITING************

Write the data to file:33554432 bytes
***********WAITING************

Write the data to file:33554432 bytes
***********WAITING************

Write the data to file:33554432 bytes
***********WAITING************

Write the data to file:33554432 bytes
***********WAITING************

Write the data to file:33554432 bytes
***********WAITING************

Write the data to file:33554432 bytes
***********WAITING************

Write the data to file:33554432 bytes
***********WAITING************

Write the data to file:33554432 bytes
***********WAITING************

Write the data to file:33554432 bytes
***********WAITING************

Write the data to file:33554432 bytes
***********WAITING************

Write the data to file:33554432 bytes
***********WAITING************

Write the data to file:33554432 bytes
***********WAITING************

Write the data to file:33554432 bytes
***********WAITING************

Write the data to file:33554432 bytes
***********WAITING************

Write the data to file:33554432 bytes
***********WAITING************

Write the data to file:33554432 bytes
***********WAITING************

Write the data to file:33554432 bytes
***********WAITING************

Write the data to file:33554432 bytes
***********WAITING************

Write the data to file:33554432 bytes
***********WAITING************

Write the data to file:33554432 bytes
***********WAITING************

Write the data to file:33554432 bytes
***********WAITING************

Write the data to file:33554432 bytes
***********WAITING************

Write the data to file:33554432 bytes
***********WAITING************

Write the data to file:33554432 bytes
***********WAITING************

Write the data to file:33554432 bytes
***********WAITING************

Write the data to file:33554432 bytes
***********WAITING************

Write the data to file:33554432 bytes
***********WAITING************

Write the data to file:33554432 bytes
***********WAITING************

Write the data to file:33554432 bytes
***********WAITING************

Write the data to file:33554432 bytes
***********WAITING************

Write the data to file:33554432 bytes
***********WAITING************

Write the data to file:33554432 bytes
***********WAITING************

Write the data to file:33554432 bytes
***********WAITING************

Write the data to file:33554432 bytes
***********WAITING************

Write the data to file:33554432 bytes
***********WAITING************

Write the data to file:33554432 bytes
***********WAITING************

Write the data to file:33554432 bytes
***********WAITING************

Write the data to file:33554432 bytes
***********WAITING************

Write the data to file:33554432 bytes
***********WAITING************

Write the data to file:33554432 bytes
***********WAITING************

Write the data to file:33554432 bytes
***********WAITING************

Write the data to file:33554432 bytes
***********WAITING************

Write the data to file:33554432 bytes
***********WAITING************

Write the data to file:33554432 bytes
***********WAITING************

Write the data to file:33554432 bytes
***********WAITING************

Write the data to file:33554432 bytes
***********WAITING************

Write the data to file:33554432 bytes
***********WAITING************

Write the data to file:33554432 bytes
***********WAITING************

Write the data to file:33554432 bytes
***********WAITING************

Write the data to file:33554432 bytes
***********WAITING************

Write the data to file:33554432 bytes
***********WAITING************

Write the data to file:33554432 bytes
***********WAITING************

Write the data to file:33554432 bytes
***********WAITING************

Write the data to file:33554432 bytes
***********WAITING************

Write the data to file:33554432 bytes
***********WAITING************

Write the data to file:33554432 bytes
***********WAITING************

Write the data to file:33554432 bytes
***********WAITING************

Write the data to file:33554432 bytes
***********WAITING************

Write the data to file:33554432 bytes
***********WAITING************

Write the data to file:33554432 bytes
***********WAITING************

Write the data to file:33554432 bytes
***********WAITING************

Write the data to file:33554432 bytes
***********WAITING************

Write the data to file:33554432 bytes
***********WAITING************

Write the data to file:33554432 bytes
***********WAITING************

Write the data to file:33554432 bytes
***********WAITING************

Write the data to file:33554432 bytes
***********WAITING************

Write the data to file:33554432 bytes
***********WAITING************

Write the data to file:33554432 bytes
***********WAITING************

Write the data to file:33554432 bytes
***********WAITING************

Write the data to file:33554432 bytes
***********WAITING************

Write the data to file:33554432 bytes
***********WAITING************

Write the data to file:33554432 bytes
***********WAITING************

Write the data to file:33554432 bytes
***********WAITING************

Write the data to file:33554432 bytes
***********WAITING************

Write the data to file:33554432 bytes
***********WAITING************

Write the data to file:33554432 bytes
***********WAITING************

Write the data to file:33554432 bytes
***********WAITING************

Write the data to file:33554432 bytes
***********WAITING************

Write the data to file:33554432 bytes
***********WAITING************

Write the data to file:33554432 bytes
***********WAITING************

Write the data to file:33554432 bytes
***********WAITING************

Write the data to file:33554432 bytes
***********WAITING************

Write the data to file:33554432 bytes
***********WAITING************

Write the data to file:33554432 bytes
***********WAITING************

Write the data to file:33554432 bytes
***********WAITING************

Write the data to file:33554432 bytes
***********WAITING************

Write the data to file:33554432 bytes
***********WAITING************

Write the data to file:33554432 bytes
***********WAITING************

Write the data to file:33554432 bytes
***********WAITING************

Write the data to file:33554432 bytes
***********WAITING************

Write the data to file:33554432 bytes
***********WAITING************

Write the data to file:33554432 bytes
***********WAITING************

Write the data to file:33554432 bytes
***********WAITING************

Write the data to file:33554432 bytes
***********WAITING************

Write the data to file:33554432 bytes
***********WAITING************

Write the data to file:33554432 bytes
***********WAITING************

Write the data to file:33554432 bytes
***********WAITING************

Write the data to file:33554432 bytes
***********WAITING************

Write the data to file:33554432 bytes
***********WAITING************

Write the data to file:33554432 bytes
***********WAITING************

Write the data to file:33554432 bytes
***********WAITING************

Write the data to file:33554432 bytes
***********WAITING************

Write the data to file:33554432 bytes
***********WAITING************

Write the data to file:33554432 bytes
***********WAITING************

Write the data to file:33554432 bytes
***********WAITING************

Write the data to file:33554432 bytes
***********WAITING************

Write the data to file:33554432 bytes
***********WAITING************

Write the data to file:33554432 bytes
***********WAITING************

Write the data to file:33554432 bytes
***********WAITING************

Write the data to file:33554432 bytes
***********WAITING************

Write the data to file:33554432 bytes
***********WAITING************

Write the data to file:33554432 bytes
***********WAITING************

Write the data to file:33554432 bytes
***********WAITING************

Write the data to file:33554432 bytes
***********WAITING************

Write the data to file:33554432 bytes
***********WAITING************

Write the data to file:33554432 bytes
***********WAITING************

Write the data to file:33554432 bytes
***********WAITING************
S_cc         1.04   [      1.03:      1.05]
S_bw         0.25   [      0.25:      0.25]
S_w         34.40   [     34.40:     34.40]
          -------
S_total     35.69   [     35.68:     35.70]

build_S done
calc_W
build_S done
calc_W
nr_of_strided_rec: 4
nr_doubles: 131072
build_S done
calc_W
nr_of_strided_rec: 4
nr_doubles: 131072
build_S done
calc_W
nr_of_strided_rec: 4
nr_doubles: 131072
build_S done
calc_W
nr_of_strided_rec: 4
nr_doubles: 131072
build_S done
calc_W
nr_of_strided_rec: 4
nr_doubles: 131072
build_S done
calc_W
nr_of_strided_rec: 4
nr_doubles: 131072
build_S done
calc_W
nr_of_strided_rec: 4
nr_doubles: 131072
build_S done
calc_W
nr_of_strided_rec: 4
nr_doubles: 131072
build_S done
calc_W
nr_of_strided_rec: 4
nr_doubles: 131072
nr_of_strided_rec: 4
nr_doubles: 131072
build_S done
calc_W
nr_of_strided_rec: 4
nr_doubles: 131072
build_S done
calc_W
nr_of_strided_rec: 4
nr_doubles: 131072
build_S done
calc_W
nr_of_strided_rec: 4
nr_doubles: 131072
build_S done
calc_W
nr_of_strided_rec: 4
nr_doubles: 131072
build_S done
calc_W
nr_of_strided_rec: 4
nr_doubles: 131072
build_S done
calc_W
nr_of_strided_rec: 4
nr_doubles: 131072
nr_of_strided_rec: 4
nr_doubles: 131072
nr_of_strided_rec: 4
nr_doubles: 131072
nr_of_strided_rec: 4
nr_doubles: 131072
nr_of_strided_rec: 4
nr_doubles: 131072
nr_of_strided_rec: 4
nr_doubles: 131072
nr_of_strided_rec: 4
nr_doubles: 131072
nr_of_strided_rec: 4
nr_doubles: 131072
nr_of_strided_rec: 4
nr_doubles: 131072
nr_of_strided_rec: 4
nr_doubles: 131072
nr_of_strided_rec: 4
nr_doubles: 131072
nr_of_strided_rec: 4
nr_doubles: 131072
nr_of_strided_rec: 4
nr_doubles: 131072
nr_of_strided_rec: 4
nr_doubles: 131072
nr_of_strided_rec: 4
nr_doubles: 131072
nr_of_strided_rec: 4
nr_doubles: 131072
nr_of_strided_rec: 4
nr_doubles: 131072

Write the data to file:33554432 bytes
***********WAITING************

Write the data to file:33554432 bytes
***********WAITING************

Write the data to file:33554432 bytes
***********WAITING************

Write the data to file:33554432 bytes
***********WAITING************

Write the data to file:33554432 bytes
***********WAITING************

Write the data to file:33554432 bytes
***********WAITING************

Write the data to file:33554432 bytes
***********WAITING************

Write the data to file:33554432 bytes
***********WAITING************

Write the data to file:33554432 bytes
***********WAITING************

Write the data to file:33554432 bytes
***********WAITING************

Write the data to file:33554432 bytes
***********WAITING************

Write the data to file:33554432 bytes
***********WAITING************

Write the data to file:33554432 bytes
***********WAITING************

Write the data to file:33554432 bytes
***********WAITING************

Write the data to file:33554432 bytes
***********WAITING************

Write the data to file:33554432 bytes
***********WAITING************
nr_of_strided_rec: 4
nr_doubles: 131072
nr_of_strided_rec: 4
nr_doubles: 131072
nr_of_strided_rec: 4
nr_doubles: 131072
nr_of_strided_rec: 4
nr_doubles: 131072
nr_of_strided_rec: 4
nr_doubles: 131072
nr_of_strided_rec: 4
nr_doubles: 131072
nr_of_strided_rec: 4
nr_doubles: 131072
nr_of_strided_rec: 4
nr_doubles: 131072
nr_of_strided_rec: 4
nr_doubles: 131072
nr_of_strided_rec: 4
nr_doubles: 131072
nr_of_strided_rec: 4
nr_doubles: 131072
nr_of_strided_rec: 4
nr_doubles: 131072
nr_of_strided_rec: 4
nr_doubles: 131072
nr_of_strided_rec: 4
nr_doubles: 131072
nr_of_strided_rec: 4
nr_doubles: 131072
nr_of_strided_rec: 4
nr_doubles: 131072

Write the data to file:33554432 bytes
***********WAITING************

Write the data to file:33554432 bytes
***********WAITING************

Write the data to file:33554432 bytes
***********WAITING************

Write the data to file:33554432 bytes
***********WAITING************

Write the data to file:33554432 bytes
***********WAITING************

Write the data to file:33554432 bytes
***********WAITING************

Write the data to file:33554432 bytes
***********WAITING************

Write the data to file:33554432 bytes
***********WAITING************

Write the data to file:33554432 bytes
***********WAITING************

Write the data to file:33554432 bytes
***********WAITING************

Write the data to file:33554432 bytes
***********WAITING************

Write the data to file:33554432 bytes
***********WAITING************

Write the data to file:33554432 bytes
***********WAITING************

Write the data to file:33554432 bytes
***********WAITING************

Write the data to file:33554432 bytes
***********WAITING************

Write the data to file:33554432 bytes
***********WAITING************
nr_of_strided_rec: 4
nr_doubles: 131072
nr_of_strided_rec: 4
nr_doubles: 131072
nr_of_strided_rec: 4
nr_doubles: 131072
nr_of_strided_rec: 4
nr_doubles: 131072
nr_of_strided_rec: 4
nr_doubles: 131072
nr_of_strided_rec: 4
nr_doubles: 131072
nr_of_strided_rec: 4
nr_doubles: 131072
nr_of_strided_rec: 4
nr_doubles: 131072
nr_of_strided_rec: 4
nr_doubles: 131072
nr_of_strided_rec: 4
nr_doubles: 131072
nr_of_strided_rec: 4
nr_doubles: 131072
nr_of_strided_rec: 4
nr_doubles: 131072
nr_of_strided_rec: 4
nr_doubles: 131072
nr_of_strided_rec: 4
nr_doubles: 131072
nr_of_strided_rec: 4
nr_doubles: 131072
nr_of_strided_rec: 4
nr_doubles: 131072

Write the data to file:33554432 bytes
***********WAITING************

Write the data to file:33554432 bytes
***********WAITING************

Write the data to file:33554432 bytes
***********WAITING************

Write the data to file:33554432 bytes
***********WAITING************

Write the data to file:33554432 bytes
***********WAITING************

Write the data to file:33554432 bytes
***********WAITING************

Write the data to file:33554432 bytes
***********WAITING************

Write the data to file:33554432 bytes
***********WAITING************

Write the data to file:33554432 bytes
***********WAITING************

Write the data to file:33554432 bytes
***********WAITING************

Write the data to file:33554432 bytes
***********WAITING************

Write the data to file:33554432 bytes
***********WAITING************

Write the data to file:33554432 bytes
***********WAITING************

Write the data to file:33554432 bytes
***********WAITING************

Write the data to file:33554432 bytes
***********WAITING************

Write the data to file:33554432 bytes
***********WAITING************
nr_of_strided_rec: 4
nr_doubles: 131072
nr_of_strided_rec: 4
nr_doubles: 131072
nr_of_strided_rec: 4
nr_doubles: 131072
nr_of_strided_rec: 4
nr_doubles: 131072
nr_of_strided_rec: 4
nr_doubles: 131072
nr_of_strided_rec: 4
nr_doubles: 131072
nr_of_strided_rec: 4
nr_doubles: 131072
nr_of_strided_rec: 4
nr_doubles: 131072
nr_of_strided_rec: 4
nr_doubles: 131072
nr_of_strided_rec: 4
nr_doubles: 131072
nr_of_strided_rec: 4
nr_doubles: 131072
nr_of_strided_rec: 4
nr_doubles: 131072
nr_of_strided_rec: 4
nr_doubles: 131072
nr_of_strided_rec: 4
nr_doubles: 131072
nr_of_strided_rec: 4
nr_doubles: 131072
nr_of_strided_rec: 4
nr_doubles: 131072

Write the data to file:33554432 bytes
***********WAITING************

Write the data to file:33554432 bytes
***********WAITING************

Write the data to file:33554432 bytes
***********WAITING************

Write the data to file:33554432 bytes
***********WAITING************

Write the data to file:33554432 bytes
***********WAITING************

Write the data to file:33554432 bytes
***********WAITING************

Write the data to file:33554432 bytes
***********WAITING************

Write the data to file:33554432 bytes
***********WAITING************

Write the data to file:33554432 bytes
***********WAITING************

Write the data to file:33554432 bytes
***********WAITING************

Write the data to file:33554432 bytes
***********WAITING************

Write the data to file:33554432 bytes
***********WAITING************

Write the data to file:33554432 bytes
***********WAITING************

Write the data to file:33554432 bytes
***********WAITING************

Write the data to file:33554432 bytes
***********WAITING************

Write the data to file:33554432 bytes
***********WAITING************
nr_of_strided_rec: 4
nr_doubles: 131072
nr_of_strided_rec: 4
nr_doubles: 131072
nr_of_strided_rec: 4
nr_doubles: 131072
nr_of_strided_rec: 4
nr_doubles: 131072
nr_of_strided_rec: 4
nr_doubles: 131072
nr_of_strided_rec: 4
nr_doubles: 131072
nr_of_strided_rec: 4
nr_doubles: 131072
nr_of_strided_rec: 4
nr_doubles: 131072
nr_of_strided_rec: 4
nr_doubles: 131072
nr_of_strided_rec: 4
nr_doubles: 131072
nr_of_strided_rec: 4
nr_doubles: 131072
nr_of_strided_rec: 4
nr_doubles: 131072
nr_of_strided_rec: 4
nr_doubles: 131072
nr_of_strided_rec: 4
nr_doubles: 131072
nr_of_strided_rec: 4
nr_doubles: 131072
nr_of_strided_rec: 4
nr_doubles: 131072

Write the data to file:33554432 bytes
***********WAITING************

Write the data to file:33554432 bytes
***********WAITING************

Write the data to file:33554432 bytes
***********WAITING************

Write the data to file:33554432 bytes
***********WAITING************

Write the data to file:33554432 bytes
***********WAITING************

Write the data to file:33554432 bytes
***********WAITING************

Write the data to file:33554432 bytes
***********WAITING************

Write the data to file:33554432 bytes
***********WAITING************

Write the data to file:33554432 bytes
***********WAITING************

Write the data to file:33554432 bytes
***********WAITING************

Write the data to file:33554432 bytes
***********WAITING************

Write the data to file:33554432 bytes
***********WAITING************

Write the data to file:33554432 bytes
***********WAITING************

Write the data to file:33554432 bytes
***********WAITING************

Write the data to file:33554432 bytes
***********WAITING************

Write the data to file:33554432 bytes
***********WAITING************
nr_of_strided_rec: 4
nr_doubles: 131072
nr_of_strided_rec: 4
nr_doubles: 131072
nr_of_strided_rec: 4
nr_doubles: 131072
nr_of_strided_rec: 4
nr_doubles: 131072
nr_of_strided_rec: 4
nr_doubles: 131072
nr_of_strided_rec: 4
nr_doubles: 131072
nr_of_strided_rec: 4
nr_doubles: 131072
nr_of_strided_rec: 4
nr_doubles: 131072
nr_of_strided_rec: 4
nr_doubles: 131072
nr_of_strided_rec: 4
nr_doubles: 131072
nr_of_strided_rec: 4
nr_doubles: 131072
nr_of_strided_rec: 4
nr_doubles: 131072
nr_of_strided_rec: 4
nr_doubles: 131072
nr_of_strided_rec: 4
nr_doubles: 131072
nr_of_strided_rec: 4
nr_doubles: 131072
nr_of_strided_rec: 4
nr_doubles: 131072

Write the data to file:33554432 bytes
***********WAITING************

Write the data to file:33554432 bytes
***********WAITING************

Write the data to file:33554432 bytes
***********WAITING************

Write the data to file:33554432 bytes
***********WAITING************

Write the data to file:33554432 bytes
***********WAITING************

Write the data to file:33554432 bytes
***********WAITING************

Write the data to file:33554432 bytes
***********WAITING************

Write the data to file:33554432 bytes
***********WAITING************

Write the data to file:33554432 bytes
***********WAITING************

Write the data to file:33554432 bytes
***********WAITING************

Write the data to file:33554432 bytes
***********WAITING************

Write the data to file:33554432 bytes
***********WAITING************

Write the data to file:33554432 bytes
***********WAITING************

Write the data to file:33554432 bytes
***********WAITING************

Write the data to file:33554432 bytes
***********WAITING************

Write the data to file:33554432 bytes
***********WAITING************
nr_of_strided_rec: 4
nr_doubles: 131072
nr_of_strided_rec: 4
nr_doubles: 131072
nr_of_strided_rec: 4
nr_doubles: 131072
nr_of_strided_rec: 4
nr_doubles: 131072
nr_of_strided_rec: 4
nr_doubles: 131072
nr_of_strided_rec: 4
nr_doubles: 131072
nr_of_strided_rec: 4
nr_doubles: 131072
nr_of_strided_rec: 4
nr_doubles: 131072
nr_of_strided_rec: 4
nr_doubles: 131072
nr_of_strided_rec: 4
nr_doubles: 131072
nr_of_strided_rec: 4
nr_doubles: 131072
nr_of_strided_rec: 4
nr_doubles: 131072
nr_of_strided_rec: 4
nr_doubles: 131072
nr_of_strided_rec: 4
nr_doubles: 131072
nr_of_strided_rec: 4
nr_doubles: 131072
nr_of_strided_rec: 4
nr_doubles: 131072

Write the data to file:33554432 bytes
***********WAITING************

Write the data to file:33554432 bytes
***********WAITING************

Write the data to file:33554432 bytes
***********WAITING************

Write the data to file:33554432 bytes
***********WAITING************

Write the data to file:33554432 bytes
***********WAITING************

Write the data to file:33554432 bytes
***********WAITING************

Write the data to file:33554432 bytes
***********WAITING************

Write the data to file:33554432 bytes
***********WAITING************

Write the data to file:33554432 bytes
***********WAITING************

Write the data to file:33554432 bytes
***********WAITING************

Write the data to file:33554432 bytes
***********WAITING************

Write the data to file:33554432 bytes
***********WAITING************

Write the data to file:33554432 bytes
***********WAITING************

Write the data to file:33554432 bytes
***********WAITING************

Write the data to file:33554432 bytes
***********WAITING************

Write the data to file:33554432 bytes
***********WAITING************
nr_of_strided_rec: 4
nr_doubles: 131072
nr_of_strided_rec: 4
nr_doubles: 131072
nr_of_strided_rec: 4
nr_doubles: 131072
nr_of_strided_rec: 4
nr_doubles: 131072
nr_of_strided_rec: 4
nr_doubles: 131072
nr_of_strided_rec: 4
nr_doubles: 131072
nr_of_strided_rec: 4
nr_doubles: 131072
nr_of_strided_rec: 4
nr_doubles: 131072
nr_of_strided_rec: 4
nr_doubles: 131072
nr_of_strided_rec: 4
nr_doubles: 131072
nr_of_strided_rec: 4
nr_doubles: 131072
nr_of_strided_rec: 4
nr_doubles: 131072
nr_of_strided_rec: 4
nr_doubles: 131072
nr_of_strided_rec: 4
nr_doubles: 131072
nr_of_strided_rec: 4
nr_doubles: 131072
nr_of_strided_rec: 4
nr_doubles: 131072

Write the data to file:33554432 bytes
***********WAITING************

Write the data to file:33554432 bytes
***********WAITING************

Write the data to file:33554432 bytes
***********WAITING************

Write the data to file:33554432 bytes
***********WAITING************

Write the data to file:33554432 bytes
***********WAITING************

Write the data to file:33554432 bytes
***********WAITING************

Write the data to file:33554432 bytes
***********WAITING************

Write the data to file:33554432 bytes
***********WAITING************

Write the data to file:33554432 bytes
***********WAITING************

Write the data to file:33554432 bytes
***********WAITING************

Write the data to file:33554432 bytes
***********WAITING************

Write the data to file:33554432 bytes
***********WAITING************

Write the data to file:33554432 bytes
***********WAITING************

Write the data to file:33554432 bytes
***********WAITING************

Write the data to file:33554432 bytes
***********WAITING************

Write the data to file:33554432 bytes
***********WAITING************
nr_of_strided_rec: 4
nr_doubles: 131072
nr_of_strided_rec: 4
nr_doubles: 131072
nr_of_strided_rec: 4
nr_doubles: 131072
nr_of_strided_rec: 4
nr_doubles: 131072
nr_of_strided_rec: 4
nr_doubles: 131072
nr_of_strided_rec: 4
nr_doubles: 131072
nr_of_strided_rec: 4
nr_doubles: 131072
nr_of_strided_rec: 4
nr_doubles: 131072
nr_of_strided_rec: 4
nr_doubles: 131072
nr_of_strided_rec: 4
nr_doubles: 131072
nr_of_strided_rec: 4
nr_doubles: 131072
nr_of_strided_rec: 4
nr_doubles: 131072
nr_of_strided_rec: 4
nr_doubles: 131072
nr_of_strided_rec: 4
nr_doubles: 131072
nr_of_strided_rec: 4
nr_doubles: 131072
nr_of_strided_rec: 4
nr_doubles: 131072

Write the data to file:33554432 bytes
***********WAITING************

Write the data to file:33554432 bytes
***********WAITING************

Write the data to file:33554432 bytes
***********WAITING************

Write the data to file:33554432 bytes
***********WAITING************

Write the data to file:33554432 bytes
***********WAITING************

Write the data to file:33554432 bytes
***********WAITING************

Write the data to file:33554432 bytes
***********WAITING************

Write the data to file:33554432 bytes
***********WAITING************

Write the data to file:33554432 bytes
***********WAITING************

Write the data to file:33554432 bytes
***********WAITING************

Write the data to file:33554432 bytes
***********WAITING************

Write the data to file:33554432 bytes
***********WAITING************

Write the data to file:33554432 bytes
***********WAITING************

Write the data to file:33554432 bytes
***********WAITING************

Write the data to file:33554432 bytes
***********WAITING************

Write the data to file:33554432 bytes
***********WAITING************
nr_of_strided_rec: 4
nr_doubles: 131072
nr_of_strided_rec: 4
nr_doubles: 131072
nr_of_strided_rec: 4
nr_doubles: 131072
nr_of_strided_rec: 4
nr_doubles: 131072
nr_of_strided_rec: 4
nr_doubles: 131072
nr_of_strided_rec: 4
nr_doubles: 131072
nr_of_strided_rec: 4
nr_doubles: 131072
nr_of_strided_rec: 4
nr_doubles: 131072
nr_of_strided_rec: 4
nr_doubles: 131072
nr_of_strided_rec: 4
nr_doubles: 131072
nr_of_strided_rec: 4
nr_doubles: 131072
nr_of_strided_rec: 4
nr_doubles: 131072
nr_of_strided_rec: 4
nr_doubles: 131072
nr_of_strided_rec: 4
nr_doubles: 131072
nr_of_strided_rec: 4
nr_doubles: 131072
nr_of_strided_rec: 4
nr_doubles: 131072

Write the data to file:33554432 bytes
***********WAITING************

Write the data to file:33554432 bytes
***********WAITING************

Write the data to file:33554432 bytes
***********WAITING************

Write the data to file:33554432 bytes
***********WAITING************

Write the data to file:33554432 bytes
***********WAITING************

Write the data to file:33554432 bytes
***********WAITING************

Write the data to file:33554432 bytes
***********WAITING************

Write the data to file:33554432 bytes
***********WAITING************

Write the data to file:33554432 bytes
***********WAITING************

Write the data to file:33554432 bytes
***********WAITING************

Write the data to file:33554432 bytes
***********WAITING************

Write the data to file:33554432 bytes
***********WAITING************

Write the data to file:33554432 bytes
***********WAITING************

Write the data to file:33554432 bytes
***********WAITING************

Write the data to file:33554432 bytes
***********WAITING************

Write the data to file:33554432 bytes
***********WAITING************
nr_of_strided_rec: 4
nr_doubles: 131072
nr_of_strided_rec: 4
nr_doubles: 131072
nr_of_strided_rec: 4
nr_doubles: 131072
nr_of_strided_rec: 4
nr_doubles: 131072
nr_of_strided_rec: 4
nr_doubles: 131072
nr_of_strided_rec: 4
nr_doubles: 131072
nr_of_strided_rec: 4
nr_doubles: 131072
nr_of_strided_rec: 4
nr_doubles: 131072
nr_of_strided_rec: 4
nr_doubles: 131072
nr_of_strided_rec: 4
nr_doubles: 131072
nr_of_strided_rec: 4
nr_doubles: 131072
nr_of_strided_rec: 4
nr_doubles: 131072
nr_of_strided_rec: 4
nr_doubles: 131072
nr_of_strided_rec: 4
nr_doubles: 131072
nr_of_strided_rec: 4
nr_doubles: 131072
nr_of_strided_rec: 4
nr_doubles: 131072

Write the data to file:33554432 bytes
***********WAITING************

Write the data to file:33554432 bytes
***********WAITING************

Write the data to file:33554432 bytes
***********WAITING************

Write the data to file:33554432 bytes
***********WAITING************

Write the data to file:33554432 bytes
***********WAITING************

Write the data to file:33554432 bytes
***********WAITING************

Write the data to file:33554432 bytes
***********WAITING************

Write the data to file:33554432 bytes
***********WAITING************

Write the data to file:33554432 bytes
***********WAITING************

Write the data to file:33554432 bytes
***********WAITING************

Write the data to file:33554432 bytes
***********WAITING************

Write the data to file:33554432 bytes
***********WAITING************

Write the data to file:33554432 bytes
***********WAITING************

Write the data to file:33554432 bytes
***********WAITING************

Write the data to file:33554432 bytes
***********WAITING************

Write the data to file:33554432 bytes
***********WAITING************
nr_of_strided_rec: 4
nr_doubles: 131072
nr_of_strided_rec: 4
nr_doubles: 131072
nr_of_strided_rec: 4
nr_doubles: 131072
nr_of_strided_rec: 4
nr_doubles: 131072
nr_of_strided_rec: 4
nr_doubles: 131072
nr_of_strided_rec: 4
nr_doubles: 131072
nr_of_strided_rec: 4
nr_doubles: 131072
nr_of_strided_rec: 4
nr_doubles: 131072
nr_of_strided_rec: 4
nr_doubles: 131072
nr_of_strided_rec: 4
nr_doubles: 131072
nr_of_strided_rec: 4
nr_doubles: 131072
nr_of_strided_rec: 4
nr_doubles: 131072
nr_of_strided_rec: 4
nr_doubles: 131072
nr_of_strided_rec: 4
nr_doubles: 131072
nr_of_strided_rec: 4
nr_doubles: 131072
nr_of_strided_rec: 4
nr_doubles: 131072

Write the data to file:33554432 bytes
***********WAITING************

Write the data to file:33554432 bytes
***********WAITING************

Write the data to file:33554432 bytes
***********WAITING************

Write the data to file:33554432 bytes
***********WAITING************

Write the data to file:33554432 bytes
***********WAITING************

Write the data to file:33554432 bytes
***********WAITING************

Write the data to file:33554432 bytes
***********WAITING************

Write the data to file:33554432 bytes
***********WAITING************

Write the data to file:33554432 bytes
***********WAITING************

Write the data to file:33554432 bytes
***********WAITING************

Write the data to file:33554432 bytes
***********WAITING************

Write the data to file:33554432 bytes
***********WAITING************

Write the data to file:33554432 bytes
***********WAITING************

Write the data to file:33554432 bytes
***********WAITING************

Write the data to file:33554432 bytes
***********WAITING************

Write the data to file:33554432 bytes
***********WAITING************
nr_of_strided_rec: 4
nr_doubles: 131072
nr_of_strided_rec: 4
nr_doubles: 131072
nr_of_strided_rec: 4
nr_doubles: 131072
nr_of_strided_rec: 4
nr_doubles: 131072
nr_of_strided_rec: 4
nr_doubles: 131072
nr_of_strided_rec: 4
nr_doubles: 131072
nr_of_strided_rec: 4
nr_doubles: 131072
nr_of_strided_rec: 4
nr_doubles: 131072
nr_of_strided_rec: 4
nr_doubles: 131072
nr_of_strided_rec: 4
nr_doubles: 131072
nr_of_strided_rec: 4
nr_doubles: 131072
nr_of_strided_rec: 4
nr_doubles: 131072
nr_of_strided_rec: 4
nr_doubles: 131072
nr_of_strided_rec: 4
nr_doubles: 131072
nr_of_strided_rec: 4
nr_doubles: 131072
nr_of_strided_rec: 4
nr_doubles: 131072

Write the data to file:33554432 bytes
***********WAITING************

Write the data to file:33554432 bytes
***********WAITING************

Write the data to file:33554432 bytes
***********WAITING************

Write the data to file:33554432 bytes
***********WAITING************

Write the data to file:33554432 bytes
***********WAITING************

Write the data to file:33554432 bytes
***********WAITING************

Write the data to file:33554432 bytes
***********WAITING************

Write the data to file:33554432 bytes
***********WAITING************

Write the data to file:33554432 bytes
***********WAITING************

Write the data to file:33554432 bytes
***********WAITING************

Write the data to file:33554432 bytes
***********WAITING************

Write the data to file:33554432 bytes
***********WAITING************

Write the data to file:33554432 bytes
***********WAITING************

Write the data to file:33554432 bytes
***********WAITING************

Write the data to file:33554432 bytes
***********WAITING************

Write the data to file:33554432 bytes
***********WAITING************
nr_of_strided_rec: 4
nr_doubles: 131072
nr_of_strided_rec: 4
nr_doubles: 131072
nr_of_strided_rec: 4
nr_doubles: 131072
nr_of_strided_rec: 4
nr_doubles: 131072
nr_of_strided_rec: 4
nr_doubles: 131072
nr_of_strided_rec: 4
nr_doubles: 131072
nr_of_strided_rec: 4
nr_doubles: 131072
nr_of_strided_rec: 4
nr_doubles: 131072
nr_of_strided_rec: 4
nr_doubles: 131072
nr_of_strided_rec: 4
nr_doubles: 131072
nr_of_strided_rec: 4
nr_doubles: 131072
nr_of_strided_rec: 4
nr_doubles: 131072
nr_of_strided_rec: 4
nr_doubles: 131072
nr_of_strided_rec: 4
nr_doubles: 131072
nr_of_strided_rec: 4
nr_doubles: 131072
nr_of_strided_rec: 4
nr_doubles: 131072

Write the data to file:33554432 bytes
***********WAITING************

Write the data to file:33554432 bytes
***********WAITING************

Write the data to file:33554432 bytes
***********WAITING************

Write the data to file:33554432 bytes
***********WAITING************

Write the data to file:33554432 bytes
***********WAITING************

Write the data to file:33554432 bytes
***********WAITING************

Write the data to file:33554432 bytes
***********WAITING************

Write the data to file:33554432 bytes
***********WAITING************

Write the data to file:33554432 bytes
***********WAITING************

Write the data to file:33554432 bytes
***********WAITING************

Write the data to file:33554432 bytes
***********WAITING************

Write the data to file:33554432 bytes
***********WAITING************

Write the data to file:33554432 bytes
***********WAITING************

Write the data to file:33554432 bytes
***********WAITING************

Write the data to file:33554432 bytes
***********WAITING************

Write the data to file:33554432 bytes
***********WAITING************
nr_of_strided_rec: 4
nr_doubles: 131072
nr_of_strided_rec: 4
nr_doubles: 131072
nr_of_strided_rec: 4
nr_doubles: 131072
nr_of_strided_rec: 4
nr_doubles: 131072
nr_of_strided_rec: 4
nr_doubles: 131072
nr_of_strided_rec: 4
nr_doubles: 131072
nr_of_strided_rec: 4
nr_doubles: 131072
nr_of_strided_rec: 4
nr_doubles: 131072
nr_of_strided_rec: 4
nr_doubles: 131072
nr_of_strided_rec: 4
nr_doubles: 131072
nr_of_strided_rec: 4
nr_doubles: 131072
nr_of_strided_rec: 4
nr_doubles: 131072
nr_of_strided_rec: 4
nr_doubles: 131072
nr_of_strided_rec: 4
nr_doubles: 131072
nr_of_strided_rec: 4
nr_doubles: 131072
nr_of_strided_rec: 4
nr_doubles: 131072

Write the data to file:33554432 bytes
***********WAITING************

Write the data to file:33554432 bytes
***********WAITING************

Write the data to file:33554432 bytes
***********WAITING************

Write the data to file:33554432 bytes
***********WAITING************

Write the data to file:33554432 bytes
***********WAITING************

Write the data to file:33554432 bytes
***********WAITING************

Write the data to file:33554432 bytes
***********WAITING************

Write the data to file:33554432 bytes
***********WAITING************

Write the data to file:33554432 bytes
***********WAITING************

Write the data to file:33554432 bytes
***********WAITING************

Write the data to file:33554432 bytes
***********WAITING************

Write the data to file:33554432 bytes
***********WAITING************

Write the data to file:33554432 bytes
***********WAITING************

Write the data to file:33554432 bytes
***********WAITING************

Write the data to file:33554432 bytes
***********WAITING************

Write the data to file:33554432 bytes
***********WAITING************
nr_of_strided_rec: 4
nr_doubles: 131072
nr_of_strided_rec: 4
nr_doubles: 131072
nr_of_strided_rec: 4
nr_doubles: 131072
nr_of_strided_rec: 4
nr_doubles: 131072
nr_of_strided_rec: 4
nr_doubles: 131072
nr_of_strided_rec: 4
nr_doubles: 131072
nr_of_strided_rec: 4
nr_doubles: 131072
nr_of_strided_rec: 4
nr_doubles: 131072
nr_of_strided_rec: 4
nr_doubles: 131072
nr_of_strided_rec: 4
nr_doubles: 131072
nr_of_strided_rec: 4
nr_doubles: 131072
nr_of_strided_rec: 4
nr_doubles: 131072
nr_of_strided_rec: 4
nr_doubles: 131072
nr_of_strided_rec: 4
nr_doubles: 131072
nr_of_strided_rec: 4
nr_doubles: 131072
nr_of_strided_rec: 4
nr_doubles: 131072

Write the data to file:33554432 bytes
***********WAITING************

Write the data to file:33554432 bytes
***********WAITING************

Write the data to file:33554432 bytes
***********WAITING************

Write the data to file:33554432 bytes
***********WAITING************

Write the data to file:33554432 bytes
***********WAITING************

Write the data to file:33554432 bytes
***********WAITING************

Write the data to file:33554432 bytes
***********WAITING************

Write the data to file:33554432 bytes
***********WAITING************

Write the data to file:33554432 bytes
***********WAITING************

Write the data to file:33554432 bytes
***********WAITING************

Write the data to file:33554432 bytes
***********WAITING************

Write the data to file:33554432 bytes
***********WAITING************

Write the data to file:33554432 bytes
***********WAITING************

Write the data to file:33554432 bytes
***********WAITING************

Write the data to file:33554432 bytes
***********WAITING************

Write the data to file:33554432 bytes
***********WAITING************
nr_of_strided_rec: 4
nr_doubles: 131072
nr_of_strided_rec: 4
nr_doubles: 131072
nr_of_strided_rec: 4
nr_doubles: 131072
nr_of_strided_rec: 4
nr_doubles: 131072
nr_of_strided_rec: 4
nr_doubles: 131072
nr_of_strided_rec: 4
nr_doubles: 131072
nr_of_strided_rec: 4
nr_doubles: 131072
nr_of_strided_rec: 4
nr_doubles: 131072
nr_of_strided_rec: 4
nr_doubles: 131072
nr_of_strided_rec: 4
nr_doubles: 131072
nr_of_strided_rec: 4
nr_doubles: 131072
nr_of_strided_rec: 4
nr_doubles: 131072
nr_of_strided_rec: 4
nr_doubles: 131072
nr_of_strided_rec: 4
nr_doubles: 131072
nr_of_strided_rec: 4
nr_doubles: 131072
nr_of_strided_rec: 4
nr_doubles: 131072

Write the data to file:33554432 bytes
***********WAITING************

Write the data to file:33554432 bytes
***********WAITING************

Write the data to file:33554432 bytes
***********WAITING************

Write the data to file:33554432 bytes
***********WAITING************

Write the data to file:33554432 bytes
***********WAITING************

Write the data to file:33554432 bytes
***********WAITING************

Write the data to file:33554432 bytes
***********WAITING************

Write the data to file:33554432 bytes
***********WAITING************

Write the data to file:33554432 bytes
***********WAITING************

Write the data to file:33554432 bytes
***********WAITING************

Write the data to file:33554432 bytes
***********WAITING************

Write the data to file:33554432 bytes
***********WAITING************

Write the data to file:33554432 bytes
***********WAITING************

Write the data to file:33554432 bytes
***********WAITING************

Write the data to file:33554432 bytes
***********WAITING************

Write the data to file:33554432 bytes
***********WAITING************
nr_of_strided_rec: 4
nr_doubles: 131072
nr_of_strided_rec: 4
nr_doubles: 131072
nr_of_strided_rec: 4
nr_doubles: 131072
nr_of_strided_rec: 4
nr_doubles: 131072
nr_of_strided_rec: 4
nr_doubles: 131072
nr_of_strided_rec: 4
nr_doubles: 131072
nr_of_strided_rec: 4
nr_doubles: 131072
nr_of_strided_rec: 4
nr_doubles: 131072
nr_of_strided_rec: 4
nr_doubles: 131072
nr_of_strided_rec: 4
nr_doubles: 131072
nr_of_strided_rec: 4
nr_doubles: 131072
nr_of_strided_rec: 4
nr_doubles: 131072
nr_of_strided_rec: 4
nr_doubles: 131072
nr_of_strided_rec: 4
nr_doubles: 131072
nr_of_strided_rec: 4
nr_doubles: 131072
nr_of_strided_rec: 4
nr_doubles: 131072

Write the data to file:33554432 bytes
***********WAITING************

Write the data to file:33554432 bytes
***********WAITING************

Write the data to file:33554432 bytes
***********WAITING************

Write the data to file:33554432 bytes
***********WAITING************

Write the data to file:33554432 bytes
***********WAITING************

Write the data to file:33554432 bytes
***********WAITING************

Write the data to file:33554432 bytes
***********WAITING************

Write the data to file:33554432 bytes
***********WAITING************

Write the data to file:33554432 bytes
***********WAITING************

Write the data to file:33554432 bytes
***********WAITING************

Write the data to file:33554432 bytes
***********WAITING************

Write the data to file:33554432 bytes
***********WAITING************

Write the data to file:33554432 bytes
***********WAITING************

Write the data to file:33554432 bytes
***********WAITING************

Write the data to file:33554432 bytes
***********WAITING************

Write the data to file:33554432 bytes
***********WAITING************
nr_of_strided_rec: 4
nr_doubles: 131072
nr_of_strided_rec: 4
nr_doubles: 131072
nr_of_strided_rec: 4
nr_doubles: 131072
nr_of_strided_rec: 4
nr_doubles: 131072
nr_of_strided_rec: 4
nr_doubles: 131072
nr_of_strided_rec: 4
nr_doubles: 131072
nr_of_strided_rec: 4
nr_doubles: 131072
nr_of_strided_rec: 4
nr_doubles: 131072
nr_of_strided_rec: 4
nr_doubles: 131072
nr_of_strided_rec: 4
nr_doubles: 131072
nr_of_strided_rec: 4
nr_doubles: 131072
nr_of_strided_rec: 4
nr_doubles: 131072
nr_of_strided_rec: 4
nr_doubles: 131072
nr_of_strided_rec: 4
nr_doubles: 131072
nr_of_strided_rec: 4
nr_doubles: 131072
nr_of_strided_rec: 4
nr_doubles: 131072

Write the data to file:33554432 bytes
***********WAITING************

Write the data to file:33554432 bytes
***********WAITING************

Write the data to file:33554432 bytes
***********WAITING************

Write the data to file:33554432 bytes
***********WAITING************

Write the data to file:33554432 bytes
***********WAITING************

Write the data to file:33554432 bytes
***********WAITING************

Write the data to file:33554432 bytes
***********WAITING************

Write the data to file:33554432 bytes
***********WAITING************

Write the data to file:33554432 bytes
***********WAITING************

Write the data to file:33554432 bytes
***********WAITING************

Write the data to file:33554432 bytes
***********WAITING************

Write the data to file:33554432 bytes
***********WAITING************

Write the data to file:33554432 bytes
***********WAITING************

Write the data to file:33554432 bytes
***********WAITING************

Write the data to file:33554432 bytes
***********WAITING************

Write the data to file:33554432 bytes
***********WAITING************
nr_of_strided_rec: 4
nr_doubles: 131072
nr_of_strided_rec: 4
nr_doubles: 131072
nr_of_strided_rec: 4
nr_doubles: 131072
nr_of_strided_rec: 4
nr_doubles: 131072
nr_of_strided_rec: 4
nr_doubles: 131072
nr_of_strided_rec: 4
nr_doubles: 131072
nr_of_strided_rec: 4
nr_doubles: 131072
nr_of_strided_rec: 4
nr_doubles: 131072
nr_of_strided_rec: 4
nr_doubles: 131072
nr_of_strided_rec: 4
nr_doubles: 131072
nr_of_strided_rec: 4
nr_doubles: 131072
nr_of_strided_rec: 4
nr_doubles: 131072
nr_of_strided_rec: 4
nr_doubles: 131072
nr_of_strided_rec: 4
nr_doubles: 131072
nr_of_strided_rec: 4
nr_doubles: 131072
nr_of_strided_rec: 4
nr_doubles: 131072

Write the data to file:33554432 bytes
***********WAITING************

Write the data to file:33554432 bytes
***********WAITING************

Write the data to file:33554432 bytes
***********WAITING************

Write the data to file:33554432 bytes
***********WAITING************

Write the data to file:33554432 bytes
***********WAITING************

Write the data to file:33554432 bytes
***********WAITING************

Write the data to file:33554432 bytes
***********WAITING************

Write the data to file:33554432 bytes
***********WAITING************

Write the data to file:33554432 bytes
***********WAITING************

Write the data to file:33554432 bytes
***********WAITING************

Write the data to file:33554432 bytes
***********WAITING************

Write the data to file:33554432 bytes
***********WAITING************

Write the data to file:33554432 bytes
***********WAITING************

Write the data to file:33554432 bytes
***********WAITING************

Write the data to file:33554432 bytes
***********WAITING************

Write the data to file:33554432 bytes
***********WAITING************
nr_of_strided_rec: 4
nr_doubles: 131072
nr_of_strided_rec: 4
nr_doubles: 131072
nr_of_strided_rec: 4
nr_doubles: 131072
nr_of_strided_rec: 4
nr_doubles: 131072
nr_of_strided_rec: 4
nr_doubles: 131072
nr_of_strided_rec: 4
nr_doubles: 131072
nr_of_strided_rec: 4
nr_doubles: 131072
nr_of_strided_rec: 4
nr_doubles: 131072
nr_of_strided_rec: 4
nr_doubles: 131072
nr_of_strided_rec: 4
nr_doubles: 131072
nr_of_strided_rec: 4
nr_doubles: 131072
nr_of_strided_rec: 4
nr_doubles: 131072
nr_of_strided_rec: 4
nr_doubles: 131072
nr_of_strided_rec: 4
nr_doubles: 131072
nr_of_strided_rec: 4
nr_doubles: 131072
nr_of_strided_rec: 4
nr_doubles: 131072

Write the data to file:33554432 bytes
***********WAITING************

Write the data to file:33554432 bytes
***********WAITING************

Write the data to file:33554432 bytes
***********WAITING************

Write the data to file:33554432 bytes
***********WAITING************

Write the data to file:33554432 bytes
***********WAITING************

Write the data to file:33554432 bytes
***********WAITING************

Write the data to file:33554432 bytes
***********WAITING************

Write the data to file:33554432 bytes
***********WAITING************

Write the data to file:33554432 bytes
***********WAITING************

Write the data to file:33554432 bytes
***********WAITING************

Write the data to file:33554432 bytes
***********WAITING************

Write the data to file:33554432 bytes
***********WAITING************

Write the data to file:33554432 bytes
***********WAITING************

Write the data to file:33554432 bytes
***********WAITING************

Write the data to file:33554432 bytes
***********WAITING************

Write the data to file:33554432 bytes
***********WAITING************
nr_of_strided_rec: 4
nr_doubles: 131072
nr_of_strided_rec: 4
nr_doubles: 131072
nr_of_strided_rec: 4
nr_doubles: 131072
nr_of_strided_rec: 4
nr_doubles: 131072
nr_of_strided_rec: 4
nr_doubles: 131072
nr_of_strided_rec: 4
nr_doubles: 131072
nr_of_strided_rec: 4
nr_doubles: 131072
nr_of_strided_rec: 4
nr_doubles: 131072
nr_of_strided_rec: 4
nr_doubles: 131072
nr_of_strided_rec: 4
nr_doubles: 131072
nr_of_strided_rec: 4
nr_doubles: 131072
nr_of_strided_rec: 4
nr_doubles: 131072
nr_of_strided_rec: 4
nr_doubles: 131072
nr_of_strided_rec: 4
nr_doubles: 131072
nr_of_strided_rec: 4
nr_doubles: 131072
nr_of_strided_rec: 4
nr_doubles: 131072

Write the data to file:33554432 bytes
***********WAITING************

Write the data to file:33554432 bytes
***********WAITING************

Write the data to file:33554432 bytes
***********WAITING************

Write the data to file:33554432 bytes
***********WAITING************

Write the data to file:33554432 bytes
***********WAITING************

Write the data to file:33554432 bytes
***********WAITING************

Write the data to file:33554432 bytes
***********WAITING************

Write the data to file:33554432 bytes
***********WAITING************

Write the data to file:33554432 bytes
***********WAITING************

Write the data to file:33554432 bytes
***********WAITING************

Write the data to file:33554432 bytes
***********WAITING************

Write the data to file:33554432 bytes
***********WAITING************

Write the data to file:33554432 bytes
***********WAITING************

Write the data to file:33554432 bytes
***********WAITING************

Write the data to file:33554432 bytes
***********WAITING************

Write the data to file:33554432 bytes
***********WAITING************
nr_of_strided_rec: 4
nr_doubles: 131072
nr_of_strided_rec: 4
nr_doubles: 131072
nr_of_strided_rec: 4
nr_doubles: 131072
nr_of_strided_rec: 4
nr_doubles: 131072
nr_of_strided_rec: 4
nr_doubles: 131072
nr_of_strided_rec: 4
nr_doubles: 131072
nr_of_strided_rec: 4
nr_doubles: 131072
nr_of_strided_rec: 4
nr_doubles: 131072
nr_of_strided_rec: 4
nr_doubles: 131072
nr_of_strided_rec: 4
nr_doubles: 131072
nr_of_strided_rec: 4
nr_doubles: 131072
nr_of_strided_rec: 4
nr_doubles: 131072
nr_of_strided_rec: 4
nr_doubles: 131072
nr_of_strided_rec: 4
nr_doubles: 131072
nr_of_strided_rec: 4
nr_doubles: 131072
nr_of_strided_rec: 4
nr_doubles: 131072

Write the data to file:33554432 bytes
***********WAITING************

Write the data to file:33554432 bytes
***********WAITING************

Write the data to file:33554432 bytes
***********WAITING************

Write the data to file:33554432 bytes
***********WAITING************

Write the data to file:33554432 bytes
***********WAITING************

Write the data to file:33554432 bytes
***********WAITING************

Write the data to file:33554432 bytes
***********WAITING************

Write the data to file:33554432 bytes
***********WAITING************

Write the data to file:33554432 bytes
***********WAITING************

Write the data to file:33554432 bytes
***********WAITING************

Write the data to file:33554432 bytes
***********WAITING************

Write the data to file:33554432 bytes
***********WAITING************

Write the data to file:33554432 bytes
***********WAITING************

Write the data to file:33554432 bytes
***********WAITING************

Write the data to file:33554432 bytes
***********WAITING************

Write the data to file:33554432 bytes
***********WAITING************
nr_of_strided_rec: 4
nr_doubles: 131072
nr_of_strided_rec: 4
nr_doubles: 131072
nr_of_strided_rec: 4
nr_doubles: 131072
nr_of_strided_rec: 4
nr_doubles: 131072
nr_of_strided_rec: 4
nr_doubles: 131072
nr_of_strided_rec: 4
nr_doubles: 131072
nr_of_strided_rec: 4
nr_doubles: 131072
nr_of_strided_rec: 4
nr_doubles: 131072
nr_of_strided_rec: 4
nr_doubles: 131072
nr_of_strided_rec: 4
nr_doubles: 131072
nr_of_strided_rec: 4
nr_doubles: 131072
nr_of_strided_rec: 4
nr_doubles: 131072
nr_of_strided_rec: 4
nr_doubles: 131072
nr_of_strided_rec: 4
nr_doubles: 131072
nr_of_strided_rec: 4
nr_doubles: 131072
nr_of_strided_rec: 4
nr_doubles: 131072

Write the data to file:33554432 bytes
***********WAITING************

Write the data to file:33554432 bytes
***********WAITING************

Write the data to file:33554432 bytes
***********WAITING************

Write the data to file:33554432 bytes
***********WAITING************

Write the data to file:33554432 bytes
***********WAITING************

Write the data to file:33554432 bytes
***********WAITING************

Write the data to file:33554432 bytes
***********WAITING************

Write the data to file:33554432 bytes
***********WAITING************

Write the data to file:33554432 bytes
***********WAITING************

Write the data to file:33554432 bytes
***********WAITING************

Write the data to file:33554432 bytes
***********WAITING************

Write the data to file:33554432 bytes
***********WAITING************

Write the data to file:33554432 bytes
***********WAITING************

Write the data to file:33554432 bytes
***********WAITING************

Write the data to file:33554432 bytes
***********WAITING************

Write the data to file:33554432 bytes
***********WAITING************
nr_of_strided_rec: 4
nr_doubles: 131072
nr_of_strided_rec: 4
nr_doubles: 131072
nr_of_strided_rec: 4
nr_doubles: 131072
nr_of_strided_rec: 4
nr_doubles: 131072
nr_of_strided_rec: 4
nr_doubles: 131072
nr_of_strided_rec: 4
nr_doubles: 131072
nr_of_strided_rec: 4
nr_doubles: 131072
nr_of_strided_rec: 4
nr_doubles: 131072
nr_of_strided_rec: 4
nr_doubles: 131072
nr_of_strided_rec: 4
nr_doubles: 131072
nr_of_strided_rec: 4
nr_doubles: 131072
nr_of_strided_rec: 4
nr_doubles: 131072
nr_of_strided_rec: 4
nr_doubles: 131072
nr_of_strided_rec: 4
nr_doubles: 131072
nr_of_strided_rec: 4
nr_doubles: 131072
nr_of_strided_rec: 4
nr_doubles: 131072

Write the data to file:33554432 bytes
***********WAITING************

Write the data to file:33554432 bytes
***********WAITING************

Write the data to file:33554432 bytes
***********WAITING************

Write the data to file:33554432 bytes
***********WAITING************

Write the data to file:33554432 bytes
***********WAITING************

Write the data to file:33554432 bytes
***********WAITING************

Write the data to file:33554432 bytes
***********WAITING************

Write the data to file:33554432 bytes
***********WAITING************

Write the data to file:33554432 bytes
***********WAITING************

Write the data to file:33554432 bytes
***********WAITING************

Write the data to file:33554432 bytes
***********WAITING************

Write the data to file:33554432 bytes
***********WAITING************

Write the data to file:33554432 bytes
***********WAITING************

Write the data to file:33554432 bytes
***********WAITING************

Write the data to file:33554432 bytes
***********WAITING************

Write the data to file:33554432 bytes
***********WAITING************
nr_of_strided_rec: 4
nr_doubles: 131072
nr_of_strided_rec: 4
nr_doubles: 131072
nr_of_strided_rec: 4
nr_doubles: 131072
nr_of_strided_rec: 4
nr_doubles: 131072
nr_of_strided_rec: 4
nr_doubles: 131072
nr_of_strided_rec: 4
nr_doubles: 131072
nr_of_strided_rec: 4
nr_doubles: 131072
nr_of_strided_rec: 4
nr_doubles: 131072
nr_of_strided_rec: 4
nr_doubles: 131072
nr_of_strided_rec: 4
nr_doubles: 131072
nr_of_strided_rec: 4
nr_doubles: 131072
nr_of_strided_rec: 4
nr_doubles: 131072
nr_of_strided_rec: 4
nr_doubles: 131072
nr_of_strided_rec: 4
nr_doubles: 131072
nr_of_strided_rec: 4
nr_doubles: 131072
nr_of_strided_rec: 4
nr_doubles: 131072

Write the data to file:33554432 bytes
***********WAITING************

Write the data to file:33554432 bytes
***********WAITING************

Write the data to file:33554432 bytes
***********WAITING************

Write the data to file:33554432 bytes
***********WAITING************

Write the data to file:33554432 bytes
***********WAITING************

Write the data to file:33554432 bytes
***********WAITING************

Write the data to file:33554432 bytes
***********WAITING************

Write the data to file:33554432 bytes
***********WAITING************

Write the data to file:33554432 bytes
***********WAITING************

Write the data to file:33554432 bytes
***********WAITING************

Write the data to file:33554432 bytes
***********WAITING************

Write the data to file:33554432 bytes
***********WAITING************

Write the data to file:33554432 bytes
***********WAITING************

Write the data to file:33554432 bytes
***********WAITING************

Write the data to file:33554432 bytes
***********WAITING************

Write the data to file:33554432 bytes
***********WAITING************
nr_of_strided_rec: 4
nr_doubles: 131072
nr_of_strided_rec: 4
nr_doubles: 131072
nr_of_strided_rec: 4
nr_doubles: 131072
nr_of_strided_rec: 4
nr_doubles: 131072
nr_of_strided_rec: 4
nr_doubles: 131072
nr_of_strided_rec: 4
nr_doubles: 131072
nr_of_strided_rec: 4
nr_doubles: 131072
nr_of_strided_rec: 4
nr_doubles: 131072
nr_of_strided_rec: 4
nr_doubles: 131072
nr_of_strided_rec: 4
nr_doubles: 131072
nr_of_strided_rec: 4
nr_doubles: 131072
nr_of_strided_rec: 4
nr_doubles: 131072
nr_of_strided_rec: 4
nr_doubles: 131072
nr_of_strided_rec: 4
nr_doubles: 131072
nr_of_strided_rec: 4
nr_doubles: 131072
nr_of_strided_rec: 4
nr_doubles: 131072

Write the data to file:33554432 bytes
***********WAITING************

Write the data to file:33554432 bytes
***********WAITING************

Write the data to file:33554432 bytes
***********WAITING************

Write the data to file:33554432 bytes
***********WAITING************

Write the data to file:33554432 bytes
***********WAITING************

Write the data to file:33554432 bytes
***********WAITING************

Write the data to file:33554432 bytes
***********WAITING************

Write the data to file:33554432 bytes
***********WAITING************

Write the data to file:33554432 bytes
***********WAITING************

Write the data to file:33554432 bytes
***********WAITING************

Write the data to file:33554432 bytes
***********WAITING************

Write the data to file:33554432 bytes
***********WAITING************

Write the data to file:33554432 bytes
***********WAITING************

Write the data to file:33554432 bytes
***********WAITING************

Write the data to file:33554432 bytes
***********WAITING************

Write the data to file:33554432 bytes
***********WAITING************
nr_of_strided_rec: 4
nr_doubles: 131072
nr_of_strided_rec: 4
nr_doubles: 131072
nr_of_strided_rec: 4
nr_doubles: 131072
nr_of_strided_rec: 4
nr_doubles: 131072
nr_of_strided_rec: 4
nr_doubles: 131072
nr_of_strided_rec: 4
nr_doubles: 131072
nr_of_strided_rec: 4
nr_doubles: 131072
nr_of_strided_rec: 4
nr_doubles: 131072
nr_of_strided_rec: 4
nr_doubles: 131072
nr_of_strided_rec: 4
nr_doubles: 131072
nr_of_strided_rec: 4
nr_doubles: 131072
nr_of_strided_rec: 4
nr_doubles: 131072
nr_of_strided_rec: 4
nr_doubles: 131072
nr_of_strided_rec: 4
nr_doubles: 131072
nr_of_strided_rec: 4
nr_doubles: 131072
nr_of_strided_rec: 4
nr_doubles: 131072

Write the data to file:33554432 bytes
***********WAITING************

Write the data to file:33554432 bytes
***********WAITING************

Write the data to file:33554432 bytes
***********WAITING************

Write the data to file:33554432 bytes
***********WAITING************

Write the data to file:33554432 bytes
***********WAITING************

Write the data to file:33554432 bytes
***********WAITING************

Write the data to file:33554432 bytes
***********WAITING************

Write the data to file:33554432 bytes
***********WAITING************

Write the data to file:33554432 bytes
***********WAITING************

Write the data to file:33554432 bytes
***********WAITING************

Write the data to file:33554432 bytes
***********WAITING************

Write the data to file:33554432 bytes
***********WAITING************

Write the data to file:33554432 bytes
***********WAITING************

Write the data to file:33554432 bytes
***********WAITING************

Write the data to file:33554432 bytes
***********WAITING************

Write the data to file:33554432 bytes
***********WAITING************
nr_of_strided_rec: 4
nr_doubles: 131072
nr_of_strided_rec: 4
nr_doubles: 131072
nr_of_strided_rec: 4
nr_doubles: 131072
nr_of_strided_rec: 4
nr_doubles: 131072
nr_of_strided_rec: 4
nr_doubles: 131072
nr_of_strided_rec: 4
nr_doubles: 131072
nr_of_strided_rec: 4
nr_doubles: 131072
nr_of_strided_rec: 4
nr_doubles: 131072
nr_of_strided_rec: 4
nr_doubles: 131072
nr_of_strided_rec: 4
nr_doubles: 131072
nr_of_strided_rec: 4
nr_doubles: 131072
nr_of_strided_rec: 4
nr_doubles: 131072
nr_of_strided_rec: 4
nr_doubles: 131072
nr_of_strided_rec: 4
nr_doubles: 131072
nr_of_strided_rec: 4
nr_doubles: 131072
nr_of_strided_rec: 4
nr_doubles: 131072

Write the data to file:33554432 bytes
***********WAITING************

Write the data to file:33554432 bytes
***********WAITING************

Write the data to file:33554432 bytes
***********WAITING************

Write the data to file:33554432 bytes
***********WAITING************

Write the data to file:33554432 bytes
***********WAITING************

Write the data to file:33554432 bytes
***********WAITING************

Write the data to file:33554432 bytes
***********WAITING************

Write the data to file:33554432 bytes
***********WAITING************

Write the data to file:33554432 bytes
***********WAITING************

Write the data to file:33554432 bytes
***********WAITING************

Write the data to file:33554432 bytes
***********WAITING************

Write the data to file:33554432 bytes
***********WAITING************

Write the data to file:33554432 bytes
***********WAITING************

Write the data to file:33554432 bytes
***********WAITING************

Write the data to file:33554432 bytes
***********WAITING************

Write the data to file:33554432 bytes
***********WAITING************

Write the data to file:33554432 bytes
***********WAITING************

Write the data to file:33554432 bytes
***********WAITING************

Write the data to file:33554432 bytes
***********WAITING************

Write the data to file:33554432 bytes
***********WAITING************

Write the data to file:33554432 bytes
***********WAITING************

Write the data to file:33554432 bytes
***********WAITING************

Write the data to file:33554432 bytes
***********WAITING************

Write the data to file:33554432 bytes
***********WAITING************

Write the data to file:33554432 bytes
***********WAITING************

Write the data to file:33554432 bytes
***********WAITING************

Write the data to file:33554432 bytes
***********WAITING************

Write the data to file:33554432 bytes
***********WAITING************

Write the data to file:33554432 bytes
***********WAITING************

Write the data to file:33554432 bytes
***********WAITING************

Write the data to file:33554432 bytes
***********WAITING************

Write the data to file:33554432 bytes
***********WAITING************
W_cc         1.90   [      1.90:      1.90]
W_r         45.17   [     45.17:     45.17]
W_w         28.13   [     28.12:     28.13]
          -------
W_total     75.19   [     75.19:     75.19]

calc_W done
calc_W done
calc_W done
calc_W done
calc_W done
calc_W done
calc_W done
calc_W done
calc_W done
calc_W done
nr_of_strided_rec: 4
nr_doubles: 131072
calc_W done
nr_of_strided_rec: 4
nr_doubles: 131072
calc_W done
nr_of_strided_rec: 4
nr_doubles: 131072
calc_W done
nr_of_strided_rec: 4
nr_doubles: 131072
calc_W done
nr_of_strided_rec: 4
nr_doubles: 131072
calc_W done
nr_of_strided_rec: 4
nr_doubles: 131072
calc_W done
nr_of_strided_rec: 4
nr_doubles: 131072
nr_of_strided_rec: 4
nr_doubles: 131072
nr_of_strided_rec: 4
nr_doubles: 131072
nr_of_strided_rec: 4
nr_doubles: 131072
nr_of_strided_rec: 4
nr_doubles: 131072
nr_of_strided_rec: 4
nr_doubles: 131072
nr_of_strided_rec: 4
nr_doubles: 131072
nr_of_strided_rec: 4
nr_doubles: 131072
nr_of_strided_rec: 4
nr_doubles: 131072
nr_of_strided_rec: 4
nr_doubles: 131072
nr_of_strided_rec: 4
nr_doubles: 131072
nr_of_strided_rec: 4
nr_doubles: 131072
nr_of_strided_rec: 4
nr_doubles: 131072
nr_of_strided_rec: 4
nr_doubles: 131072
nr_of_strided_rec: 4
nr_doubles: 131072
nr_of_strided_rec: 4
nr_doubles: 131072
nr_of_strided_rec: 4
nr_doubles: 131072
nr_of_strided_rec: 4
nr_doubles: 131072
nr_of_strided_rec: 4
nr_doubles: 131072
nr_of_strided_rec: 4
nr_doubles: 131072
nr_of_strided_rec: 4
nr_doubles: 131072
nr_of_strided_rec: 4
nr_doubles: 131072
nr_of_strided_rec: 4
nr_doubles: 131072
nr_of_strided_rec: 4
nr_doubles: 131072
nr_of_strided_rec: 4
nr_doubles: 131072
nr_of_strided_rec: 4
nr_doubles: 131072
nr_of_strided_rec: 4
nr_doubles: 131072
nr_of_strided_rec: 4
nr_doubles: 131072
nr_of_strided_rec: 4
nr_doubles: 131072
nr_of_strided_rec: 4
nr_doubles: 131072
nr_of_strided_rec: 4
nr_doubles: 131072
nr_of_strided_rec: 4
nr_doubles: 131072
nr_of_strided_rec: 4
nr_doubles: 131072
nr_of_strided_rec: 4
nr_doubles: 131072
nr_of_strided_rec: 4
nr_doubles: 131072
nr_of_strided_rec: 4
nr_doubles: 131072
nr_of_strided_rec: 4
nr_doubles: 131072
nr_of_strided_rec: 4
nr_doubles: 131072
nr_of_strided_rec: 4
nr_doubles: 131072
nr_of_strided_rec: 4
nr_doubles: 131072
nr_of_strided_rec: 4
nr_doubles: 131072
nr_of_strided_rec: 4
nr_doubles: 131072
nr_of_strided_rec: 4
nr_doubles: 131072
nr_of_strided_rec: 4
nr_doubles: 131072
nr_of_strided_rec: 4
nr_doubles: 131072
nr_of_strided_rec: 4
nr_doubles: 131072
nr_of_strided_rec: 4
nr_doubles: 131072
nr_of_strided_rec: 4
nr_doubles: 131072
nr_of_strided_rec: 4
nr_doubles: 131072
nr_of_strided_rec: 4
nr_doubles: 131072
nr_of_strided_rec: 4
nr_doubles: 131072
nr_of_strided_rec: 4
nr_doubles: 131072
nr_of_strided_rec: 4
nr_doubles: 131072
nr_of_strided_rec: 4
nr_doubles: 131072
nr_of_strided_rec: 4
nr_doubles: 131072
nr_of_strided_rec: 4
nr_doubles: 131072
nr_of_strided_rec: 4
nr_doubles: 131072
nr_of_strided_rec: 4
nr_doubles: 131072
nr_of_strided_rec: 4
nr_doubles: 131072
nr_of_strided_rec: 4
nr_doubles: 131072
nr_of_strided_rec: 4
nr_doubles: 131072
nr_of_strided_rec: 4
nr_doubles: 131072
nr_of_strided_rec: 4
nr_doubles: 131072
nr_of_strided_rec: 4
nr_doubles: 131072
nr_of_strided_rec: 4
nr_doubles: 131072
nr_of_strided_rec: 4
nr_doubles: 131072
nr_of_strided_rec: 4
nr_doubles: 131072
nr_of_strided_rec: 4
nr_doubles: 131072
nr_of_strided_rec: 4
nr_doubles: 131072
nr_of_strided_rec: 4
nr_doubles: 131072
nr_of_strided_rec: 4
nr_doubles: 131072
nr_of_strided_rec: 4
nr_doubles: 131072
nr_of_strided_rec: 4
nr_doubles: 131072
nr_of_strided_rec: 4
nr_doubles: 131072
nr_of_strided_rec: 4
nr_doubles: 131072
nr_of_strided_rec: 4
nr_doubles: 131072
nr_of_strided_rec: 4
nr_doubles: 131072
nr_of_strided_rec: 4
nr_doubles: 131072
nr_of_strided_rec: 4
nr_doubles: 131072
nr_of_strided_rec: 4
nr_doubles: 131072
nr_of_strided_rec: 4
nr_doubles: 131072
nr_of_strided_rec: 4
nr_doubles: 131072
nr_of_strided_rec: 4
nr_doubles: 131072
nr_of_strided_rec: 4
nr_doubles: 131072
nr_of_strided_rec: 4
nr_doubles: 131072
nr_of_strided_rec: 4
nr_doubles: 131072
nr_of_strided_rec: 4
nr_doubles: 131072
nr_of_strided_rec: 4
nr_doubles: 131072
nr_of_strided_rec: 4
nr_doubles: 131072
nr_of_strided_rec: 4
nr_doubles: 131072
nr_of_strided_rec: 4
nr_doubles: 131072
nr_of_strided_rec: 4
nr_doubles: 131072
nr_of_strided_rec: 4
nr_doubles: 131072
nr_of_strided_rec: 4
nr_doubles: 131072
nr_of_strided_rec: 4
nr_doubles: 131072
nr_of_strided_rec: 4
nr_doubles: 131072
nr_of_strided_rec: 4
nr_doubles: 131072
nr_of_strided_rec: 4
nr_doubles: 131072
nr_of_strided_rec: 4
nr_doubles: 131072
nr_of_strided_rec: 4
nr_doubles: 131072
nr_of_strided_rec: 4
nr_doubles: 131072
nr_of_strided_rec: 4
nr_doubles: 131072
nr_of_strided_rec: 4
nr_doubles: 131072
nr_of_strided_rec: 4
nr_doubles: 131072
nr_of_strided_rec: 4
nr_doubles: 131072
nr_of_strided_rec: 4
nr_doubles: 131072
nr_of_strided_rec: 4
nr_doubles: 131072
nr_of_strided_rec: 4
nr_doubles: 131072
nr_of_strided_rec: 4
nr_doubles: 131072
nr_of_strided_rec: 4
nr_doubles: 131072
nr_of_strided_rec: 4
nr_doubles: 131072
nr_of_strided_rec: 4
nr_doubles: 131072
nr_of_strided_rec: 4
nr_doubles: 131072
nr_of_strided_rec: 4
nr_doubles: 131072
nr_of_strided_rec: 4
nr_doubles: 131072
nr_of_strided_rec: 4
nr_doubles: 131072
nr_of_strided_rec: 4
nr_doubles: 131072
nr_of_strided_rec: 4
nr_doubles: 131072
nr_of_strided_rec: 4
nr_doubles: 131072
nr_of_strided_rec: 4
nr_doubles: 131072
nr_of_strided_rec: 4
nr_doubles: 131072
nr_of_strided_rec: 4
nr_doubles: 131072
nr_of_strided_rec: 4
nr_doubles: 131072
nr_of_strided_rec: 4
nr_doubles: 131072
nr_of_strided_rec: 4
nr_doubles: 131072
nr_of_strided_rec: 4
nr_doubles: 131072
nr_of_strided_rec: 4
nr_doubles: 131072
nr_of_strided_rec: 4
nr_doubles: 131072
nr_of_strided_rec: 4
nr_doubles: 131072
nr_of_strided_rec: 4
nr_doubles: 131072
nr_of_strided_rec: 4
nr_doubles: 131072
nr_of_strided_rec: 4
nr_doubles: 131072
nr_of_strided_rec: 4
nr_doubles: 131072
nr_of_strided_rec: 4
nr_doubles: 131072
nr_of_strided_rec: 4
nr_doubles: 131072
nr_of_strided_rec: 4
nr_doubles: 131072
nr_of_strided_rec: 4
nr_doubles: 131072
nr_of_strided_rec: 4
nr_doubles: 131072
nr_of_strided_rec: 4
nr_doubles: 131072
nr_of_strided_rec: 4
nr_doubles: 131072
nr_of_strided_rec: 4
nr_doubles: 131072
nr_of_strided_rec: 4
nr_doubles: 131072
nr_of_strided_rec: 4
nr_doubles: 131072
nr_of_strided_rec: 4
nr_doubles: 131072
nr_of_strided_rec: 4
nr_doubles: 131072
nr_of_strided_rec: 4
nr_doubles: 131072
nr_of_strided_rec: 4
nr_doubles: 131072
nr_of_strided_rec: 4
nr_doubles: 131072
nr_of_strided_rec: 4
nr_doubles: 131072
nr_of_strided_rec: 4
nr_doubles: 131072
nr_of_strided_rec: 4
nr_doubles: 131072
nr_of_strided_rec: 4
nr_doubles: 131072
nr_of_strided_rec: 4
nr_doubles: 131072
nr_of_strided_rec: 4
nr_doubles: 131072
nr_of_strided_rec: 4
nr_doubles: 131072
nr_of_strided_rec: 4
nr_doubles: 131072
nr_of_strided_rec: 4
nr_doubles: 131072
nr_of_strided_rec: 4
nr_doubles: 131072
nr_of_strided_rec: 4
nr_doubles: 131072
nr_of_strided_rec: 4
nr_doubles: 131072
nr_of_strided_rec: 4
nr_doubles: 131072
nr_of_strided_rec: 4
nr_doubles: 131072
nr_of_strided_rec: 4
nr_doubles: 131072
nr_of_strided_rec: 4
nr_doubles: 131072
nr_of_strided_rec: 4
nr_doubles: 131072
nr_of_strided_rec: 4
nr_doubles: 131072
nr_of_strided_rec: 4
nr_doubles: 131072
nr_of_strided_rec: 4
nr_doubles: 131072
nr_of_strided_rec: 4
nr_doubles: 131072
nr_of_strided_rec: 4
nr_doubles: 131072
nr_of_strided_rec: 4
nr_doubles: 131072
nr_of_strided_rec: 4
nr_doubles: 131072
nr_of_strided_rec: 4
nr_doubles: 131072
nr_of_strided_rec: 4
nr_doubles: 131072
nr_of_strided_rec: 4
nr_doubles: 131072
nr_of_strided_rec: 4
nr_doubles: 131072
nr_of_strided_rec: 4
nr_doubles: 131072
nr_of_strided_rec: 4
nr_doubles: 131072
nr_of_strided_rec: 4
nr_doubles: 131072
nr_of_strided_rec: 4
nr_doubles: 131072
nr_of_strided_rec: 4
nr_doubles: 131072
nr_of_strided_rec: 4
nr_doubles: 131072
nr_of_strided_rec: 4
nr_doubles: 131072
nr_of_strided_rec: 4
nr_doubles: 131072
nr_of_strided_rec: 4
nr_doubles: 131072
nr_of_strided_rec: 4
nr_doubles: 131072
nr_of_strided_rec: 4
nr_doubles: 131072
nr_of_strided_rec: 4
nr_doubles: 131072
nr_of_strided_rec: 4
nr_doubles: 131072
nr_of_strided_rec: 4
nr_doubles: 131072
nr_of_strided_rec: 4
nr_doubles: 131072
nr_of_strided_rec: 4
nr_doubles: 131072
nr_of_strided_rec: 4
nr_doubles: 131072
nr_of_strided_rec: 4
nr_doubles: 131072
nr_of_strided_rec: 4
nr_doubles: 131072
nr_of_strided_rec: 4
nr_doubles: 131072
nr_of_strided_rec: 4
nr_doubles: 131072
nr_of_strided_rec: 4
nr_doubles: 131072
nr_of_strided_rec: 4
nr_doubles: 131072
nr_of_strided_rec: 4
nr_doubles: 131072
nr_of_strided_rec: 4
nr_doubles: 131072
nr_of_strided_rec: 4
nr_doubles: 131072
nr_of_strided_rec: 4
nr_doubles: 131072
nr_of_strided_rec: 4
nr_doubles: 131072
nr_of_strided_rec: 4
nr_doubles: 131072
nr_of_strided_rec: 4
nr_doubles: 131072
nr_of_strided_rec: 4
nr_doubles: 131072
nr_of_strided_rec: 4
nr_doubles: 131072
nr_of_strided_rec: 4
nr_doubles: 131072
nr_of_strided_rec: 4
nr_doubles: 131072
nr_of_strided_rec: 4
nr_doubles: 131072
nr_of_strided_rec: 4
nr_doubles: 131072
nr_of_strided_rec: 4
nr_doubles: 131072
nr_of_strided_rec: 4
nr_doubles: 131072
nr_of_strided_rec: 4
nr_doubles: 131072
nr_of_strided_rec: 4
nr_doubles: 131072
nr_of_strided_rec: 4
nr_doubles: 131072
nr_of_strided_rec: 4
nr_doubles: 131072
nr_of_strided_rec: 4
nr_doubles: 131072
nr_of_strided_rec: 4
nr_doubles: 131072
nr_of_strided_rec: 4
nr_doubles: 131072
nr_of_strided_rec: 4
nr_doubles: 131072
nr_of_strided_rec: 4
nr_doubles: 131072
nr_of_strided_rec: 4
nr_doubles: 131072
nr_of_strided_rec: 4
nr_doubles: 131072
nr_of_strided_rec: 4
nr_doubles: 131072
nr_of_strided_rec: 4
nr_doubles: 131072
nr_of_strided_rec: 4
nr_doubles: 131072
nr_of_strided_rec: 4
nr_doubles: 131072
nr_of_strided_rec: 4
nr_doubles: 131072
nr_of_strided_rec: 4
nr_doubles: 131072
nr_of_strided_rec: 4
nr_doubles: 131072
nr_of_strided_rec: 4
nr_doubles: 131072
nr_of_strided_rec: 4
nr_doubles: 131072
nr_of_strided_rec: 4
nr_doubles: 131072
nr_of_strided_rec: 4
nr_doubles: 131072
nr_of_strided_rec: 4
nr_doubles: 131072
nr_of_strided_rec: 4
nr_doubles: 131072
nr_of_strided_rec: 4
nr_doubles: 131072
nr_of_strided_rec: 4
nr_doubles: 131072
nr_of_strided_rec: 4
nr_doubles: 131072
nr_of_strided_rec: 4
nr_doubles: 131072
nr_of_strided_rec: 4
nr_doubles: 131072
nr_of_strided_rec: 4
nr_doubles: 131072
nr_of_strided_rec: 4
nr_doubles: 131072
nr_of_strided_rec: 4
nr_doubles: 131072
nr_of_strided_rec: 4
nr_doubles: 131072
nr_of_strided_rec: 4
nr_doubles: 131072
nr_of_strided_rec: 4
nr_doubles: 131072
nr_of_strided_rec: 4
nr_doubles: 131072
nr_of_strided_rec: 4
nr_doubles: 131072
nr_of_strided_rec: 4
nr_doubles: 131072
nr_of_strided_rec: 4
nr_doubles: 131072
nr_of_strided_rec: 4
nr_doubles: 131072
nr_of_strided_rec: 4
nr_doubles: 131072
nr_of_strided_rec: 4
nr_doubles: 131072
nr_of_strided_rec: 4
nr_doubles: 131072
nr_of_strided_rec: 4
nr_doubles: 131072
nr_of_strided_rec: 4
nr_doubles: 131072
nr_of_strided_rec: 4
nr_doubles: 131072
nr_of_strided_rec: 4
nr_doubles: 131072
nr_of_strided_rec: 4
nr_doubles: 131072
nr_of_strided_rec: 4
nr_doubles: 131072
nr_of_strided_rec: 4
nr_doubles: 131072
nr_of_strided_rec: 4
nr_doubles: 131072
nr_of_strided_rec: 4
nr_doubles: 131072
nr_of_strided_rec: 4
nr_doubles: 131072
nr_of_strided_rec: 4
nr_doubles: 131072
nr_of_strided_rec: 4
nr_doubles: 131072
nr_of_strided_rec: 4
nr_doubles: 131072
nr_of_strided_rec: 4
nr_doubles: 131072
nr_of_strided_rec: 4
nr_doubles: 131072
nr_of_strided_rec: 4
nr_doubles: 131072
nr_of_strided_rec: 4
nr_doubles: 131072
nr_of_strided_rec: 4
nr_doubles: 131072
nr_of_strided_rec: 4
nr_doubles: 131072
nr_of_strided_rec: 4
nr_doubles: 131072
nr_of_strided_rec: 4
nr_doubles: 131072
nr_of_strided_rec: 4
