fclose PID:31356 fd:3
fclose PID:31356 fd:4
fclose PID:31356 fd:4
fclose PID:31356 fd:3
available: 2 nodes (0-1)
fclose PID:31356 fd:3
node 0 cpus:fclose PID:31356 fd:3
 0 1 2 3 4 5 6 7 8 9 20 21 22 23 24 25 26 27 28 29
node 0 size: 80440 MB
node 0 free: 80128 MB
fclose PID:31356 fd:3
node 1 cpus:fclose PID:31356 fd:3
 10 11 12 13 14 15 16 17 18 19 30 31 32 33 34 35 36 37 38 39
node 1 size: 80635 MB
node 1 free: 80378 MB
fclose PID:31356 fd:3
fclose PID:31356 fd:3
node distances:
node   0   1 
  0:  10  21 
  1:  21  10 
READAHEAD_TIME:0.000000 us
MaxRSS= 2232 KB, SharedMem= 0 KB, HardPageFault= 10
fclose PID:31364 fd:8
fclose PID:31361 fd:12
fclose PID:31362 fd:10
fclose PID:31363 fd:8

MADbench 2.0 IO-mode
no_pe = 4  no_pix = 16384  no_bin = 30  no_gang = 1 sblocksize = 8  fblocksize = 64  r_mod = 1  w_mod = 1 record_size=4096 stride=7


IOMETHOD = POSIX  IOMODE = SYNC  FILETYPE = UNIQUE  REMAP = CUSTOMbuild_S
build_S
build_S
build_S

Write the data to file:536870912 bytes
***********WAITING************

Write the data to file:536870912 bytes
***********WAITING************

Write the data to file:536870912 bytes
***********WAITING************

Write the data to file:536870912 bytes
***********WAITING************

Write the data to file:536870912 bytes
***********WAITING************

Write the data to file:536870912 bytes
***********WAITING************

Write the data to file:536870912 bytes
***********WAITING************

Write the data to file:536870912 bytes
***********WAITING************

Write the data to file:536870912 bytes
***********WAITING************

Write the data to file:536870912 bytes
***********WAITING************

Write the data to file:536870912 bytes
***********WAITING************

Write the data to file:536870912 bytes
***********WAITING************

Write the data to file:536870912 bytes
***********WAITING************

Write the data to file:536870912 bytes
***********WAITING************

Write the data to file:536870912 bytes
***********WAITING************

Write the data to file:536870912 bytes
***********WAITING************

Write the data to file:536870912 bytes
***********WAITING************

Write the data to file:536870912 bytes
***********WAITING************

Write the data to file:536870912 bytes
***********WAITING************

Write the data to file:536870912 bytes
***********WAITING************

Write the data to file:536870912 bytes
***********WAITING************

Write the data to file:536870912 bytes
***********WAITING************

Write the data to file:536870912 bytes
***********WAITING************

Write the data to file:536870912 bytes
***********WAITING************

Write the data to file:536870912 bytes
***********WAITING************

Write the data to file:536870912 bytes
***********WAITING************

Write the data to file:536870912 bytes
***********WAITING************

Write the data to file:536870912 bytes
***********WAITING************

Write the data to file:536870912 bytes
***********WAITING************

Write the data to file:536870912 bytes
***********WAITING************

Write the data to file:536870912 bytes
***********WAITING************

Write the data to file:536870912 bytes
***********WAITING************

Write the data to file:536870912 bytes
***********WAITING************

Write the data to file:536870912 bytes
***********WAITING************

Write the data to file:536870912 bytes
***********WAITING************

Write the data to file:536870912 bytes
***********WAITING************

Write the data to file:536870912 bytes
***********WAITING************

Write the data to file:536870912 bytes
***********WAITING************

Write the data to file:536870912 bytes
***********WAITING************

Write the data to file:536870912 bytes
***********WAITING************

Write the data to file:536870912 bytes
***********WAITING************

Write the data to file:536870912 bytes
***********WAITING************

Write the data to file:536870912 bytes
***********WAITING************

Write the data to file:536870912 bytes
***********WAITING************

Write the data to file:536870912 bytes
***********WAITING************

Write the data to file:536870912 bytes
***********WAITING************

Write the data to file:536870912 bytes
***********WAITING************

Write the data to file:536870912 bytes
***********WAITING************

Write the data to file:536870912 bytes
***********WAITING************

Write the data to file:536870912 bytes
***********WAITING************

Write the data to file:536870912 bytes
***********WAITING************

Write the data to file:536870912 bytes
***********WAITING************

Write the data to file:536870912 bytes
***********WAITING************

Write the data to file:536870912 bytes
***********WAITING************

Write the data to file:536870912 bytes
***********WAITING************

Write the data to file:536870912 bytes
***********WAITING************

Write the data to file:536870912 bytes
***********WAITING************

Write the data to file:536870912 bytes
***********WAITING************

Write the data to file:536870912 bytes
***********WAITING************

Write the data to file:536870912 bytes
***********WAITING************

Write the data to file:536870912 bytes
***********WAITING************

Write the data to file:536870912 bytes
***********WAITING************

Write the data to file:536870912 bytes
***********WAITING************

Write the data to file:536870912 bytes
***********WAITING************

Write the data to file:536870912 bytes
***********WAITING************

Write the data to file:536870912 bytes
***********WAITING************

Write the data to file:536870912 bytes
***********WAITING************

Write the data to file:536870912 bytes
***********WAITING************

Write the data to file:536870912 bytes
***********WAITING************

Write the data to file:536870912 bytes
***********WAITING************

Write the data to file:536870912 bytes
***********WAITING************

Write the data to file:536870912 bytes
***********WAITING************

Write the data to file:536870912 bytes
***********WAITING************

Write the data to file:536870912 bytes
***********WAITING************

Write the data to file:536870912 bytes
***********WAITING************

Write the data to file:536870912 bytes
***********WAITING************

Write the data to file:536870912 bytes
***********WAITING************

Write the data to file:536870912 bytes
***********WAITING************

Write the data to file:536870912 bytes
***********WAITING************

Write the data to file:536870912 bytes
***********WAITING************

Write the data to file:536870912 bytes
***********WAITING************

Write the data to file:536870912 bytes
***********WAITING************

Write the data to file:536870912 bytes
***********WAITING************

Write the data to file:536870912 bytes
***********WAITING************

Write the data to file:536870912 bytes
***********WAITING************

Write the data to file:536870912 bytes
***********WAITING************

Write the data to file:536870912 bytes
***********WAITING************

Write the data to file:536870912 bytes
***********WAITING************

Write the data to file:536870912 bytes
***********WAITING************

Write the data to file:536870912 bytes
***********WAITING************

Write the data to file:536870912 bytes
***********WAITING************

Write the data to file:536870912 bytes
***********WAITING************

Write the data to file:536870912 bytes
***********WAITING************

Write the data to file:536870912 bytes
***********WAITING************

Write the data to file:536870912 bytes
***********WAITING************

Write the data to file:536870912 bytes
***********WAITING************

Write the data to file:536870912 bytes
***********WAITING************

Write the data to file:536870912 bytes
***********WAITING************

Write the data to file:536870912 bytes
***********WAITING************

Write the data to file:536870912 bytes
***********WAITING************

Write the data to file:536870912 bytes
***********WAITING************

Write the data to file:536870912 bytes
***********WAITING************

Write the data to file:536870912 bytes
***********WAITING************

Write the data to file:536870912 bytes
***********WAITING************

Write the data to file:536870912 bytes
***********WAITING************

Write the data to file:536870912 bytes
***********WAITING************

Write the data to file:536870912 bytes
***********WAITING************

Write the data to file:536870912 bytes
***********WAITING************

Write the data to file:536870912 bytes
***********WAITING************

Write the data to file:536870912 bytes
***********WAITING************

Write the data to file:536870912 bytes
***********WAITING************

Write the data to file:536870912 bytes
***********WAITING************

Write the data to file:536870912 bytes
***********WAITING************

Write the data to file:536870912 bytes
***********WAITING************

Write the data to file:536870912 bytes
***********WAITING************

Write the data to file:536870912 bytes
***********WAITING************

Write the data to file:536870912 bytes
***********WAITING************

Write the data to file:536870912 bytes
***********WAITING************

Write the data to file:536870912 bytes
***********WAITING************

Write the data to file:536870912 bytes
***********WAITING************
S_cc         3.95   [      3.95:      3.96]
S_bw         2.66   [      2.65:      2.66]
S_w        147.89   [    147.89:    147.89]
          -------
S_total    154.50   [    154.49:    154.51]

build_S done
calc_W
build_S done
calc_W
build_S done
calc_W
build_S done
calc_W
nr_of_strided_rec: 16384
nr_doubles: 512
nr_of_strided_rec: 16384
nr_doubles: 512
nr_of_strided_rec: 16384
nr_doubles: 512
nr_of_strided_rec: 16384
nr_doubles: 512
nr_of_strided_rec: 16384
nr_doubles: 512
nr_of_strided_rec: 16384
nr_doubles: 512
nr_of_strided_rec: 16384
nr_doubles: 512
nr_of_strided_rec: 16384
nr_doubles: 512

Write the data to file:536870912 bytes
***********WAITING************

Write the data to file:536870912 bytes
***********WAITING************

Write the data to file:536870912 bytes
***********WAITING************

Write the data to file:536870912 bytes
***********WAITING************
nr_of_strided_rec: 16384
nr_doubles: 512
nr_of_strided_rec: 16384
nr_doubles: 512
nr_of_strided_rec: 16384
nr_doubles: 512
nr_of_strided_rec: 16384
nr_doubles: 512

Write the data to file:536870912 bytes
***********WAITING************

Write the data to file:536870912 bytes
***********WAITING************

Write the data to file:536870912 bytes
***********WAITING************

Write the data to file:536870912 bytes
***********WAITING************
nr_of_strided_rec: 16384
nr_doubles: 512
nr_of_strided_rec: 16384
nr_doubles: 512
nr_of_strided_rec: 16384
nr_doubles: 512
nr_of_strided_rec: 16384
nr_doubles: 512

Write the data to file:536870912 bytes
***********WAITING************

Write the data to file:536870912 bytes
***********WAITING************

Write the data to file:536870912 bytes
***********WAITING************

Write the data to file:536870912 bytes
***********WAITING************
nr_of_strided_rec: 16384
nr_doubles: 512
nr_of_strided_rec: 16384
nr_doubles: 512
nr_of_strided_rec: 16384
nr_doubles: 512
nr_of_strided_rec: 16384
nr_doubles: 512

Write the data to file:536870912 bytes
***********WAITING************

Write the data to file:536870912 bytes
***********WAITING************

Write the data to file:536870912 bytes
***********WAITING************

Write the data to file:536870912 bytes
***********WAITING************
nr_of_strided_rec: 16384
nr_doubles: 512
nr_of_strided_rec: 16384
nr_doubles: 512
nr_of_strided_rec: 16384
nr_doubles: 512
nr_of_strided_rec: 16384
nr_doubles: 512

Write the data to file:536870912 bytes
***********WAITING************

Write the data to file:536870912 bytes
***********WAITING************

Write the data to file:536870912 bytes
***********WAITING************

Write the data to file:536870912 bytes
***********WAITING************
nr_of_strided_rec: 16384
nr_doubles: 512
nr_of_strided_rec: 16384
nr_doubles: 512
nr_of_strided_rec: 16384
nr_doubles: 512
nr_of_strided_rec: 16384
nr_doubles: 512

Write the data to file:536870912 bytes
***********WAITING************

Write the data to file:536870912 bytes
***********WAITING************

Write the data to file:536870912 bytes
***********WAITING************

Write the data to file:536870912 bytes
***********WAITING************
nr_of_strided_rec: 16384
nr_doubles: 512
nr_of_strided_rec: 16384
nr_doubles: 512
nr_of_strided_rec: 16384
nr_doubles: 512
nr_of_strided_rec: 16384
nr_doubles: 512

Write the data to file:536870912 bytes
***********WAITING************

Write the data to file:536870912 bytes
***********WAITING************

Write the data to file:536870912 bytes
***********WAITING************

Write the data to file:536870912 bytes
***********WAITING************
nr_of_strided_rec: 16384
nr_doubles: 512
nr_of_strided_rec: 16384
nr_doubles: 512
nr_of_strided_rec: 16384
nr_doubles: 512
nr_of_strided_rec: 16384
nr_doubles: 512

Write the data to file:536870912 bytes
***********WAITING************

Write the data to file:536870912 bytes
***********WAITING************

Write the data to file:536870912 bytes
***********WAITING************

Write the data to file:536870912 bytes
***********WAITING************
nr_of_strided_rec: 16384
nr_doubles: 512
nr_of_strided_rec: 16384
nr_doubles: 512
nr_of_strided_rec: 16384
nr_doubles: 512
nr_of_strided_rec: 16384
nr_doubles: 512

Write the data to file:536870912 bytes
***********WAITING************

Write the data to file:536870912 bytes
***********WAITING************

Write the data to file:536870912 bytes
***********WAITING************

Write the data to file:536870912 bytes
***********WAITING************
nr_of_strided_rec: 16384
nr_doubles: 512
nr_of_strided_rec: 16384
nr_doubles: 512
nr_of_strided_rec: 16384
nr_doubles: 512
nr_of_strided_rec: 16384
nr_doubles: 512

Write the data to file:536870912 bytes
***********WAITING************

Write the data to file:536870912 bytes
***********WAITING************

Write the data to file:536870912 bytes
***********WAITING************

Write the data to file:536870912 bytes
***********WAITING************
nr_of_strided_rec: 16384
nr_doubles: 512
nr_of_strided_rec: 16384
nr_doubles: 512
nr_of_strided_rec: 16384
nr_doubles: 512
nr_of_strided_rec: 16384
nr_doubles: 512

Write the data to file:536870912 bytes
***********WAITING************

Write the data to file:536870912 bytes
***********WAITING************

Write the data to file:536870912 bytes
***********WAITING************

Write the data to file:536870912 bytes
***********WAITING************
nr_of_strided_rec: 16384
nr_doubles: 512
nr_of_strided_rec: 16384
nr_doubles: 512
nr_of_strided_rec: 16384
nr_doubles: 512
nr_of_strided_rec: 16384
nr_doubles: 512

Write the data to file:536870912 bytes
***********WAITING************

Write the data to file:536870912 bytes
***********WAITING************

Write the data to file:536870912 bytes
***********WAITING************

Write the data to file:536870912 bytes
***********WAITING************
nr_of_strided_rec: 16384
nr_doubles: 512
nr_of_strided_rec: 16384
nr_doubles: 512
nr_of_strided_rec: 16384
nr_doubles: 512
nr_of_strided_rec: 16384
nr_doubles: 512

Write the data to file:536870912 bytes
***********WAITING************

Write the data to file:536870912 bytes
***********WAITING************

Write the data to file:536870912 bytes
***********WAITING************

Write the data to file:536870912 bytes
***********WAITING************
nr_of_strided_rec: 16384
nr_doubles: 512
nr_of_strided_rec: 16384
nr_doubles: 512
nr_of_strided_rec: 16384
nr_doubles: 512
nr_of_strided_rec: 16384
nr_doubles: 512

Write the data to file:536870912 bytes
***********WAITING************

Write the data to file:536870912 bytes
***********WAITING************

Write the data to file:536870912 bytes
***********WAITING************

Write the data to file:536870912 bytes
***********WAITING************
nr_of_strided_rec: 16384
nr_doubles: 512
nr_of_strided_rec: 16384
nr_doubles: 512
nr_of_strided_rec: 16384
nr_doubles: 512
nr_of_strided_rec: 16384
nr_doubles: 512

Write the data to file:536870912 bytes
***********WAITING************

Write the data to file:536870912 bytes
***********WAITING************

Write the data to file:536870912 bytes
***********WAITING************

Write the data to file:536870912 bytes
***********WAITING************
nr_of_strided_rec: 16384
nr_doubles: 512
nr_of_strided_rec: 16384
nr_doubles: 512
nr_of_strided_rec: 16384
nr_doubles: 512
nr_of_strided_rec: 16384
nr_doubles: 512

Write the data to file:536870912 bytes
***********WAITING************

Write the data to file:536870912 bytes
***********WAITING************

Write the data to file:536870912 bytes
***********WAITING************

Write the data to file:536870912 bytes
***********WAITING************
nr_of_strided_rec: 16384
nr_doubles: 512
nr_of_strided_rec: 16384
nr_doubles: 512
nr_of_strided_rec: 16384
nr_doubles: 512
nr_of_strided_rec: 16384
nr_doubles: 512

Write the data to file:536870912 bytes
***********WAITING************

Write the data to file:536870912 bytes
***********WAITING************

Write the data to file:536870912 bytes
***********WAITING************

Write the data to file:536870912 bytes
***********WAITING************
nr_of_strided_rec: 16384
nr_doubles: 512
nr_of_strided_rec: 16384
nr_doubles: 512
nr_of_strided_rec: 16384
nr_doubles: 512
nr_of_strided_rec: 16384
nr_doubles: 512

Write the data to file:536870912 bytes
***********WAITING************

Write the data to file:536870912 bytes
***********WAITING************

Write the data to file:536870912 bytes
***********WAITING************

Write the data to file:536870912 bytes
***********WAITING************
nr_of_strided_rec: 16384
nr_doubles: 512
nr_of_strided_rec: 16384
nr_doubles: 512
nr_of_strided_rec: 16384
nr_doubles: 512
nr_of_strided_rec: 16384
nr_doubles: 512

Write the data to file:536870912 bytes
***********WAITING************

Write the data to file:536870912 bytes
***********WAITING************

Write the data to file:536870912 bytes
***********WAITING************

Write the data to file:536870912 bytes
***********WAITING************
nr_of_strided_rec: 16384
nr_doubles: 512
nr_of_strided_rec: 16384
nr_doubles: 512
nr_of_strided_rec: 16384
nr_doubles: 512
nr_of_strided_rec: 16384
nr_doubles: 512

Write the data to file:536870912 bytes
***********WAITING************

Write the data to file:536870912 bytes
***********WAITING************

Write the data to file:536870912 bytes
***********WAITING************

Write the data to file:536870912 bytes
***********WAITING************
nr_of_strided_rec: 16384
nr_doubles: 512
nr_of_strided_rec: 16384
nr_doubles: 512
nr_of_strided_rec: 16384
nr_doubles: 512
nr_of_strided_rec: 16384
nr_doubles: 512

Write the data to file:536870912 bytes
***********WAITING************

Write the data to file:536870912 bytes
***********WAITING************

Write the data to file:536870912 bytes
***********WAITING************

Write the data to file:536870912 bytes
***********WAITING************
nr_of_strided_rec: 16384
nr_doubles: 512
nr_of_strided_rec: 16384
nr_doubles: 512
nr_of_strided_rec: 16384
nr_doubles: 512
nr_of_strided_rec: 16384
nr_doubles: 512

Write the data to file:536870912 bytes
***********WAITING************

Write the data to file:536870912 bytes
***********WAITING************

Write the data to file:536870912 bytes
***********WAITING************

Write the data to file:536870912 bytes
***********WAITING************
nr_of_strided_rec: 16384
nr_doubles: 512
nr_of_strided_rec: 16384
nr_doubles: 512
nr_of_strided_rec: 16384
nr_doubles: 512
nr_of_strided_rec: 16384
nr_doubles: 512

Write the data to file:536870912 bytes
***********WAITING************

Write the data to file:536870912 bytes
***********WAITING************

Write the data to file:536870912 bytes
***********WAITING************

Write the data to file:536870912 bytes
***********WAITING************
nr_of_strided_rec: 16384
nr_doubles: 512
nr_of_strided_rec: 16384
nr_doubles: 512
nr_of_strided_rec: 16384
nr_doubles: 512
nr_of_strided_rec: 16384
nr_doubles: 512

Write the data to file:536870912 bytes
***********WAITING************

Write the data to file:536870912 bytes
***********WAITING************

Write the data to file:536870912 bytes
***********WAITING************

Write the data to file:536870912 bytes
***********WAITING************
nr_of_strided_rec: 16384
nr_doubles: 512
nr_of_strided_rec: 16384
nr_doubles: 512
nr_of_strided_rec: 16384
nr_doubles: 512
nr_of_strided_rec: 16384
nr_doubles: 512

Write the data to file:536870912 bytes
***********WAITING************

Write the data to file:536870912 bytes
***********WAITING************

Write the data to file:536870912 bytes
***********WAITING************

Write the data to file:536870912 bytes
***********WAITING************
nr_of_strided_rec: 16384
nr_doubles: 512
nr_of_strided_rec: 16384
nr_doubles: 512
nr_of_strided_rec: 16384
nr_doubles: 512
nr_of_strided_rec: 16384
nr_doubles: 512

Write the data to file:536870912 bytes
***********WAITING************

Write the data to file:536870912 bytes
***********WAITING************

Write the data to file:536870912 bytes
***********WAITING************

Write the data to file:536870912 bytes
***********WAITING************
nr_of_strided_rec: 16384
nr_doubles: 512
nr_of_strided_rec: 16384
nr_doubles: 512
nr_of_strided_rec: 16384
nr_doubles: 512
nr_of_strided_rec: 16384
nr_doubles: 512

Write the data to file:536870912 bytes
***********WAITING************

Write the data to file:536870912 bytes
***********WAITING************

Write the data to file:536870912 bytes
***********WAITING************

Write the data to file:536870912 bytes
***********WAITING************
nr_of_strided_rec: 16384
nr_doubles: 512
nr_of_strided_rec: 16384
nr_doubles: 512
nr_of_strided_rec: 16384
nr_doubles: 512
nr_of_strided_rec: 16384
nr_doubles: 512

Write the data to file:536870912 bytes
***********WAITING************

Write the data to file:536870912 bytes
***********WAITING************

Write the data to file:536870912 bytes
***********WAITING************

Write the data to file:536870912 bytes
***********WAITING************
nr_of_strided_rec: 16384
nr_doubles: 512
nr_of_strided_rec: 16384
nr_doubles: 512
nr_of_strided_rec: 16384
nr_doubles: 512
nr_of_strided_rec: 16384
nr_doubles: 512

Write the data to file:536870912 bytes
***********WAITING************

Write the data to file:536870912 bytes
***********WAITING************

Write the data to file:536870912 bytes
***********WAITING************

Write the data to file:536870912 bytes
***********WAITING************

Write the data to file:536870912 bytes
***********WAITING************

Write the data to file:536870912 bytes
***********WAITING************

Write the data to file:536870912 bytes
***********WAITING************

Write the data to file:536870912 bytes
***********WAITING************
W_cc         7.39   [      7.39:      7.39]
W_r        335.98   [    335.98:    335.98]
W_w        115.86   [    115.86:    115.86]
          -------
W_total    459.23   [    459.23:    459.23]

calc_W done
calc_W done
nr_of_strided_rec: 16384
nr_doubles: 512
calc_W done
nr_of_strided_rec: 16384
nr_doubles: 512
calc_W done
nr_of_strided_rec: 16384
nr_doubles: 512
nr_of_strided_rec: 16384
nr_doubles: 512
nr_of_strided_rec: 16384
nr_doubles: 512
nr_of_strided_rec: 16384
nr_doubles: 512
nr_of_strided_rec: 16384
nr_doubles: 512
nr_of_strided_rec: 16384
nr_doubles: 512
nr_of_strided_rec: 16384
nr_doubles: 512
nr_of_strided_rec: 16384
nr_doubles: 512
nr_of_strided_rec: 16384
nr_doubles: 512
nr_of_strided_rec: 16384
nr_doubles: 512
nr_of_strided_rec: 16384
nr_doubles: 512
nr_of_strided_rec: 16384
nr_doubles: 512
nr_of_strided_rec: 16384
nr_doubles: 512
nr_of_strided_rec: 16384
nr_doubles: 512
nr_of_strided_rec: 16384
nr_doubles: 512
nr_of_strided_rec: 16384
nr_doubles: 512
nr_of_strided_rec: 16384
nr_doubles: 512
nr_of_strided_rec: 16384
nr_doubles: 512
nr_of_strided_rec: 16384
nr_doubles: 512
nr_of_strided_rec: 16384
nr_doubles: 512
nr_of_strided_rec: 16384
nr_doubles: 512
nr_of_strided_rec: 16384
nr_doubles: 512
nr_of_strided_rec: 16384
nr_doubles: 512
nr_of_strided_rec: 16384
nr_doubles: 512
nr_of_strided_rec: 16384
nr_doubles: 512
nr_of_strided_rec: 16384
nr_doubles: 512
nr_of_strided_rec: 16384
nr_doubles: 512
nr_of_strided_rec: 16384
nr_doubles: 512
nr_of_strided_rec: 16384
nr_doubles: 512
nr_of_strided_rec: 16384
nr_doubles: 512
nr_of_strided_rec: 16384
nr_doubles: 512
nr_of_strided_rec: 16384
nr_doubles: 512
nr_of_strided_rec: 16384
nr_doubles: 512
nr_of_strided_rec: 16384
nr_doubles: 512
nr_of_strided_rec: 16384
nr_doubles: 512
nr_of_strided_rec: 16384
nr_doubles: 512
nr_of_strided_rec: 16384
nr_doubles: 512
nr_of_strided_rec: 16384
nr_doubles: 512
nr_of_strided_rec: 16384
nr_doubles: 512
nr_of_strided_rec: 16384
nr_doubles: 512
nr_of_strided_rec: 16384
nr_doubles: 512
nr_of_strided_rec: 16384
nr_doubles: 512
nr_of_strided_rec: 16384
nr_doubles: 512
nr_of_strided_rec: 16384
nr_doubles: 512
nr_of_strided_rec: 16384
nr_doubles: 512
nr_of_strided_rec: 16384
nr_doubles: 512
nr_of_strided_rec: 16384
nr_doubles: 512
nr_of_strided_rec: 16384
nr_doubles: 512
nr_of_strided_rec: 16384
nr_doubles: 512
nr_of_strided_rec: 16384
nr_doubles: 512
nr_of_strided_rec: 16384
nr_doubles: 512
nr_of_strided_rec: 16384
nr_doubles: 512
nr_of_strided_rec: 16384
nr_doubles: 512
nr_of_strided_rec: 16384
nr_doubles: 512
nr_of_strided_rec: 16384
nr_doubles: 512
nr_of_strided_rec: 16384
nr_doubles: 512
nr_of_strided_rec: 16384
nr_doubles: 512
nr_of_strided_rec: 16384
nr_doubles: 512
nr_of_strided_rec: 16384
nr_doubles: 512
nr_of_strided_rec: 16384
nr_doubles: 512
nr_of_strided_rec: 16384
nr_doubles: 512
nr_of_strided_rec: 16384
nr_doubles: 512
nr_of_strided_rec: 16384
nr_doubles: 512
nr_of_strided_rec: 16384
nr_doubles: 512
nr_of_strided_rec: 16384
nr_doubles: 512
nr_of_strided_rec: 16384
nr_doubles: 512
nr_of_strided_rec: 16384
nr_doubles: 512
nr_of_strided_rec: 16384
nr_doubles: 512
nr_of_strided_rec: 16384
nr_doubles: 512
nr_of_strided_rec: 16384
nr_doubles: 512
nr_of_strided_rec: 16384
nr_doubles: 512
nr_of_strided_rec: 16384
nr_doubles: 512
nr_of_strided_rec: 16384
nr_doubles: 512
nr_of_strided_rec: 16384
nr_doubles: 512
nr_of_strided_rec: 16384
nr_doubles: 512
nr_of_strided_rec: 16384
nr_doubles: 512
nr_of_strided_rec: 16384
nr_doubles: 512
nr_of_strided_rec: 16384
nr_doubles: 512
nr_of_strided_rec: 16384
nr_doubles: 512
nr_of_strided_rec: 16384
nr_doubles: 512
nr_of_strided_rec: 16384
nr_doubles: 512
nr_of_strided_rec: 16384
nr_doubles: 512
nr_of_strided_rec: 16384
nr_doubles: 512
nr_of_strided_rec: 16384
nr_doubles: 512
nr_of_strided_rec: 16384
nr_doubles: 512
nr_of_strided_rec: 16384
nr_doubles: 512
nr_of_strided_rec: 16384
nr_doubles: 512
nr_of_strided_rec: 16384
nr_doubles: 512
nr_of_strided_rec: 16384
nr_doubles: 512
nr_of_strided_rec: 16384
nr_doubles: 512
nr_of_strided_rec: 16384
nr_doubles: 512
nr_of_strided_rec: 16384
nr_doubles: 512
nr_of_strided_rec: 16384
nr_doubles: 512
nr_of_strided_rec: 16384
nr_doubles: 512
nr_of_strided_rec: 16384
nr_doubles: 512
nr_of_strided_rec: 16384
nr_doubles: 512
nr_of_strided_rec: 16384
nr_doubles: 512
nr_of_strided_rec: 16384
nr_doubles: 512
nr_of_strided_rec: 16384
nr_doubles: 512
nr_of_strided_rec: 16384
nr_doubles: 512
nr_of_strided_rec: 16384
nr_doubles: 512
nr_of_strided_rec: 16384
nr_doubles: 512
nr_of_strided_rec: 16384
nr_doubles: 512
nr_of_strided_rec: 16384
nr_doubles: 512
nr_of_strided_rec: 16384
nr_doubles: 512
nr_of_strided_rec: 16384
nr_doubles: 512
nr_of_strided_rec: 16384
nr_doubles: 512
nr_of_strided_rec: 16384
nr_doubles: 512
nr_of_strided_rec: 16384
nr_doubles: 512
nr_of_strided_rec: 16384
nr_doubles: 512
nr_of_strided_rec: 16384
nr_doubles: 512
nr_of_strided_rec: 16384
nr_doubles: 512
nr_of_strided_rec: 16384
nr_doubles: 512
nr_of_strided_rec: 16384
nr_doubles: 512
nr_of_strided_rec: 16384
nr_doubles: 512
nr_of_strided_rec: 16384
nr_doubles: 512
nr_of_strided_rec: 16384
nr_doubles: 512
nr_of_strided_rec: 16384
nr_doubles: 512
C_cc         3.42   [      3.42:      3.42]
C_bw         2.61   [      2.61:      2.61]
C_r        296.97   [    296.97:    296.97]
          -------
C_total    303.01   [    303.00:    303.01]


dC[0] = 0.00000e+00
fclose PID:31361 fd:12
fclose PID:31362 fd:10
fclose PID:31363 fd:8
fclose PID:31364 fd:8
READAHEAD_TIME:0.000000 us
MaxRSS= 2107744 KB, SharedMem= 0 KB, HardPageFault= 12
READAHEAD_TIME:0.000000 us
MaxRSS= 2107828 KB, SharedMem= 0 KB, HardPageFault= 11
READAHEAD_TIME:0.000000 us
MaxRSS= 2107824 KB, SharedMem= 0 KB, HardPageFault= 14
READAHEAD_TIME:0.000000 us
MaxRSS= 2107788 KB, SharedMem= 0 KB, HardPageFault= 13
fclose PID:31360 fd:0
fclose PID:31360 fd:6
fclose PID:31360 fd:6
fclose PID:31360 fd:0
READAHEAD_TIME:0.000000 us
MaxRSS= 5348 KB, SharedMem= 0 KB, HardPageFault= 2
fclose PID:31359 fd:3
fclose PID:31359 fd:4
fclose PID:31359 fd:4
fclose PID:31359 fd:3
READAHEAD_TIME:0.000000 us
MaxRSS= 4872 KB, SharedMem= 0 KB, HardPageFault= 4
	Command being timed: "mpiexec -n 4 ./MADbench2_io 16384 30 1 8 64 1 1 4096 7 1"
	User time (seconds): 512.32
	System time (seconds): 344.47
	Percent of CPU this job got: 93%
	Elapsed (wall clock) time (h:mm:ss or m:ss): 15:17.44
	Average shared text size (kbytes): 0
	Average unshared data size (kbytes): 0
	Average stack size (kbytes): 0
	Average total size (kbytes): 0
	Maximum resident set size (kbytes): 2107828
	Average resident set size (kbytes): 0
	Major (requiring I/O) page faults: 57
	Minor (reclaiming a frame) page faults: 8335231
	Voluntary context switches: 14171212
	Involuntary context switches: 3958
	Swaps: 0
	File system inputs: 244828712
	File system outputs: 251658624
	Socket messages sent: 0
	Socket messages received: 0
	Signals delivered: 0
	Page size (bytes): 4096
	Exit status: 0
READAHEAD_TIME:0.000000 us
MaxRSS= 2084 KB, SharedMem= 0 KB, HardPageFault= 0
*******************DMESG OUTPUT******************
