fclose PID:36342 fd:3
fclose PID:36342 fd:4
fclose PID:36342 fd:4
fclose PID:36342 fd:3
available: 2 nodes (0-1)
fclose PID:36342 fd:3
node 0 cpus:fclose PID:36342 fd:3
 0 1 2 3 4 5 6 7 8 9 20 21 22 23 24 25 26 27 28 29
node 0 size: 80440 MB
node 0 free: 80122 MB
fclose PID:36342 fd:3
node 1 cpus:fclose PID:36342 fd:3
 10 11 12 13 14 15 16 17 18 19 30 31 32 33 34 35 36 37 38 39
node 1 size: 80635 MB
node 1 free: 80364 MB
fclose PID:36342 fd:3
fclose PID:36342 fd:3
node distances:
node   0   1 
  0:  10  21 
  1:  21  10 
READAHEAD_TIME:0.000000 us
MaxRSS= 2252 KB, SharedMem= 0 KB, HardPageFault= 10
fclose PID:36355 fd:8
fclose PID:36356 fd:8
fclose PID:36359 fd:8
fclose PID:36362 fd:8
fclose PID:36348 fd:10
fclose PID:36349 fd:8
fclose PID:36354 fd:8
fclose PID:36360 fd:8
fclose PID:36347 fd:12
fclose PID:36352 fd:8
fclose PID:36353 fd:8
fclose PID:36357 fd:8
fclose PID:36358 fd:8
fclose PID:36361 fd:8
fclose PID:36350 fd:8
fclose PID:36351 fd:8

MADbench 2.0 IO-mode
no_pe = 16  no_pix = 4096  no_bin = 30  no_gang = 1 sblocksize = 8  fblocksize = 64  r_mod = 1  w_mod = 1 record_size=1048576 stride=7


IOMETHOD = POSIX  IOMODE = SYNC  FILETYPE = UNIQUE  REMAP = CUSTOMbuild_S
build_S
build_S
build_S
build_S
build_S
build_S
build_S
build_S
build_S
build_S
build_S
build_S
build_S
build_S
build_S

Write the data to file:8388608 bytes
***********WAITING************

Write the data to file:8388608 bytes
***********WAITING************

Write the data to file:8388608 bytes
***********WAITING************

Write the data to file:8388608 bytes
***********WAITING************

Write the data to file:8388608 bytes
***********WAITING************

Write the data to file:8388608 bytes
***********WAITING************

Write the data to file:8388608 bytes
***********WAITING************

Write the data to file:8388608 bytes
***********WAITING************

Write the data to file:8388608 bytes
***********WAITING************

Write the data to file:8388608 bytes
***********WAITING************

Write the data to file:8388608 bytes
***********WAITING************

Write the data to file:8388608 bytes
***********WAITING************

Write the data to file:8388608 bytes
***********WAITING************

Write the data to file:8388608 bytes
***********WAITING************

Write the data to file:8388608 bytes
***********WAITING************

Write the data to file:8388608 bytes
***********WAITING************

Write the data to file:8388608 bytes
***********WAITING************

Write the data to file:8388608 bytes
***********WAITING************

Write the data to file:8388608 bytes
***********WAITING************

Write the data to file:8388608 bytes
***********WAITING************

Write the data to file:8388608 bytes
***********WAITING************

Write the data to file:8388608 bytes
***********WAITING************

Write the data to file:8388608 bytes
***********WAITING************

Write the data to file:8388608 bytes
***********WAITING************

Write the data to file:8388608 bytes
***********WAITING************

Write the data to file:8388608 bytes
***********WAITING************

Write the data to file:8388608 bytes
***********WAITING************

Write the data to file:8388608 bytes
***********WAITING************

Write the data to file:8388608 bytes
***********WAITING************

Write the data to file:8388608 bytes
***********WAITING************

Write the data to file:8388608 bytes
***********WAITING************

Write the data to file:8388608 bytes
***********WAITING************

Write the data to file:8388608 bytes
***********WAITING************

Write the data to file:8388608 bytes
***********WAITING************

Write the data to file:8388608 bytes
***********WAITING************

Write the data to file:8388608 bytes
***********WAITING************

Write the data to file:8388608 bytes
***********WAITING************

Write the data to file:8388608 bytes
***********WAITING************

Write the data to file:8388608 bytes
***********WAITING************

Write the data to file:8388608 bytes
***********WAITING************

Write the data to file:8388608 bytes
***********WAITING************

Write the data to file:8388608 bytes
***********WAITING************

Write the data to file:8388608 bytes
***********WAITING************

Write the data to file:8388608 bytes
***********WAITING************

Write the data to file:8388608 bytes
***********WAITING************

Write the data to file:8388608 bytes
***********WAITING************

Write the data to file:8388608 bytes
***********WAITING************

Write the data to file:8388608 bytes
***********WAITING************

Write the data to file:8388608 bytes
***********WAITING************

Write the data to file:8388608 bytes
***********WAITING************

Write the data to file:8388608 bytes
***********WAITING************

Write the data to file:8388608 bytes
***********WAITING************

Write the data to file:8388608 bytes
***********WAITING************

Write the data to file:8388608 bytes
***********WAITING************

Write the data to file:8388608 bytes
***********WAITING************

Write the data to file:8388608 bytes
***********WAITING************

Write the data to file:8388608 bytes
***********WAITING************

Write the data to file:8388608 bytes
***********WAITING************

Write the data to file:8388608 bytes
***********WAITING************

Write the data to file:8388608 bytes
***********WAITING************

Write the data to file:8388608 bytes
***********WAITING************

Write the data to file:8388608 bytes
***********WAITING************

Write the data to file:8388608 bytes
***********WAITING************

Write the data to file:8388608 bytes
***********WAITING************

Write the data to file:8388608 bytes
***********WAITING************

Write the data to file:8388608 bytes
***********WAITING************

Write the data to file:8388608 bytes
***********WAITING************

Write the data to file:8388608 bytes
***********WAITING************

Write the data to file:8388608 bytes
***********WAITING************

Write the data to file:8388608 bytes
***********WAITING************

Write the data to file:8388608 bytes
***********WAITING************

Write the data to file:8388608 bytes
***********WAITING************

Write the data to file:8388608 bytes
***********WAITING************

Write the data to file:8388608 bytes
***********WAITING************

Write the data to file:8388608 bytes
***********WAITING************

Write the data to file:8388608 bytes
***********WAITING************

Write the data to file:8388608 bytes
***********WAITING************

Write the data to file:8388608 bytes
***********WAITING************

Write the data to file:8388608 bytes
***********WAITING************

Write the data to file:8388608 bytes
***********WAITING************

Write the data to file:8388608 bytes
***********WAITING************

Write the data to file:8388608 bytes
***********WAITING************

Write the data to file:8388608 bytes
***********WAITING************

Write the data to file:8388608 bytes
***********WAITING************

Write the data to file:8388608 bytes
***********WAITING************

Write the data to file:8388608 bytes
***********WAITING************

Write the data to file:8388608 bytes
***********WAITING************

Write the data to file:8388608 bytes
***********WAITING************

Write the data to file:8388608 bytes
***********WAITING************

Write the data to file:8388608 bytes
***********WAITING************

Write the data to file:8388608 bytes
***********WAITING************

Write the data to file:8388608 bytes
***********WAITING************

Write the data to file:8388608 bytes
***********WAITING************

Write the data to file:8388608 bytes
***********WAITING************

Write the data to file:8388608 bytes
***********WAITING************

Write the data to file:8388608 bytes
***********WAITING************

Write the data to file:8388608 bytes
***********WAITING************

Write the data to file:8388608 bytes
***********WAITING************

Write the data to file:8388608 bytes
***********WAITING************

Write the data to file:8388608 bytes
***********WAITING************

Write the data to file:8388608 bytes
***********WAITING************

Write the data to file:8388608 bytes
***********WAITING************

Write the data to file:8388608 bytes
***********WAITING************

Write the data to file:8388608 bytes
***********WAITING************

Write the data to file:8388608 bytes
***********WAITING************

Write the data to file:8388608 bytes
***********WAITING************

Write the data to file:8388608 bytes
***********WAITING************

Write the data to file:8388608 bytes
***********WAITING************

Write the data to file:8388608 bytes
***********WAITING************

Write the data to file:8388608 bytes
***********WAITING************

Write the data to file:8388608 bytes
***********WAITING************

Write the data to file:8388608 bytes
***********WAITING************

Write the data to file:8388608 bytes
***********WAITING************

Write the data to file:8388608 bytes
***********WAITING************

Write the data to file:8388608 bytes
***********WAITING************

Write the data to file:8388608 bytes
***********WAITING************

Write the data to file:8388608 bytes
***********WAITING************

Write the data to file:8388608 bytes
***********WAITING************

Write the data to file:8388608 bytes
***********WAITING************

Write the data to file:8388608 bytes
***********WAITING************

Write the data to file:8388608 bytes
***********WAITING************

Write the data to file:8388608 bytes
***********WAITING************

Write the data to file:8388608 bytes
***********WAITING************

Write the data to file:8388608 bytes
***********WAITING************

Write the data to file:8388608 bytes
***********WAITING************

Write the data to file:8388608 bytes
***********WAITING************

Write the data to file:8388608 bytes
***********WAITING************

Write the data to file:8388608 bytes
***********WAITING************

Write the data to file:8388608 bytes
***********WAITING************

Write the data to file:8388608 bytes
***********WAITING************

Write the data to file:8388608 bytes
***********WAITING************

Write the data to file:8388608 bytes
***********WAITING************

Write the data to file:8388608 bytes
***********WAITING************

Write the data to file:8388608 bytes
***********WAITING************

Write the data to file:8388608 bytes
***********WAITING************

Write the data to file:8388608 bytes
***********WAITING************

Write the data to file:8388608 bytes
***********WAITING************

Write the data to file:8388608 bytes
***********WAITING************

Write the data to file:8388608 bytes
***********WAITING************

Write the data to file:8388608 bytes
***********WAITING************

Write the data to file:8388608 bytes
***********WAITING************

Write the data to file:8388608 bytes
***********WAITING************

Write the data to file:8388608 bytes
***********WAITING************

Write the data to file:8388608 bytes
***********WAITING************

Write the data to file:8388608 bytes
***********WAITING************

Write the data to file:8388608 bytes
***********WAITING************

Write the data to file:8388608 bytes
***********WAITING************

Write the data to file:8388608 bytes
***********WAITING************

Write the data to file:8388608 bytes
***********WAITING************

Write the data to file:8388608 bytes
***********WAITING************

Write the data to file:8388608 bytes
***********WAITING************

Write the data to file:8388608 bytes
***********WAITING************

Write the data to file:8388608 bytes
***********WAITING************

Write the data to file:8388608 bytes
***********WAITING************

Write the data to file:8388608 bytes
***********WAITING************

Write the data to file:8388608 bytes
***********WAITING************

Write the data to file:8388608 bytes
***********WAITING************

Write the data to file:8388608 bytes
***********WAITING************

Write the data to file:8388608 bytes
***********WAITING************

Write the data to file:8388608 bytes
***********WAITING************

Write the data to file:8388608 bytes
***********WAITING************

Write the data to file:8388608 bytes
***********WAITING************

Write the data to file:8388608 bytes
***********WAITING************

Write the data to file:8388608 bytes
***********WAITING************

Write the data to file:8388608 bytes
***********WAITING************

Write the data to file:8388608 bytes
***********WAITING************

Write the data to file:8388608 bytes
***********WAITING************

Write the data to file:8388608 bytes
***********WAITING************

Write the data to file:8388608 bytes
***********WAITING************

Write the data to file:8388608 bytes
***********WAITING************

Write the data to file:8388608 bytes
***********WAITING************

Write the data to file:8388608 bytes
***********WAITING************

Write the data to file:8388608 bytes
***********WAITING************

Write the data to file:8388608 bytes
***********WAITING************

Write the data to file:8388608 bytes
***********WAITING************

Write the data to file:8388608 bytes
***********WAITING************

Write the data to file:8388608 bytes
***********WAITING************

Write the data to file:8388608 bytes
***********WAITING************

Write the data to file:8388608 bytes
***********WAITING************

Write the data to file:8388608 bytes
***********WAITING************

Write the data to file:8388608 bytes
***********WAITING************

Write the data to file:8388608 bytes
***********WAITING************

Write the data to file:8388608 bytes
***********WAITING************

Write the data to file:8388608 bytes
***********WAITING************

Write the data to file:8388608 bytes
***********WAITING************

Write the data to file:8388608 bytes
***********WAITING************

Write the data to file:8388608 bytes
***********WAITING************

Write the data to file:8388608 bytes
***********WAITING************

Write the data to file:8388608 bytes
***********WAITING************

Write the data to file:8388608 bytes
***********WAITING************

Write the data to file:8388608 bytes
***********WAITING************

Write the data to file:8388608 bytes
***********WAITING************

Write the data to file:8388608 bytes
***********WAITING************

Write the data to file:8388608 bytes
***********WAITING************

Write the data to file:8388608 bytes
***********WAITING************

Write the data to file:8388608 bytes
***********WAITING************

Write the data to file:8388608 bytes
***********WAITING************

Write the data to file:8388608 bytes
***********WAITING************

Write the data to file:8388608 bytes
***********WAITING************

Write the data to file:8388608 bytes
***********WAITING************

Write the data to file:8388608 bytes
***********WAITING************

Write the data to file:8388608 bytes
***********WAITING************

Write the data to file:8388608 bytes
***********WAITING************

Write the data to file:8388608 bytes
***********WAITING************

Write the data to file:8388608 bytes
***********WAITING************

Write the data to file:8388608 bytes
***********WAITING************

Write the data to file:8388608 bytes
***********WAITING************

Write the data to file:8388608 bytes
***********WAITING************

Write the data to file:8388608 bytes
***********WAITING************

Write the data to file:8388608 bytes
***********WAITING************

Write the data to file:8388608 bytes
***********WAITING************

Write the data to file:8388608 bytes
***********WAITING************

Write the data to file:8388608 bytes
***********WAITING************

Write the data to file:8388608 bytes
***********WAITING************

Write the data to file:8388608 bytes
***********WAITING************

Write the data to file:8388608 bytes
***********WAITING************

Write the data to file:8388608 bytes
***********WAITING************

Write the data to file:8388608 bytes
***********WAITING************

Write the data to file:8388608 bytes
***********WAITING************

Write the data to file:8388608 bytes
***********WAITING************

Write the data to file:8388608 bytes
***********WAITING************

Write the data to file:8388608 bytes
***********WAITING************

Write the data to file:8388608 bytes
***********WAITING************

Write the data to file:8388608 bytes
***********WAITING************

Write the data to file:8388608 bytes
***********WAITING************

Write the data to file:8388608 bytes
***********WAITING************

Write the data to file:8388608 bytes
***********WAITING************

Write the data to file:8388608 bytes
***********WAITING************

Write the data to file:8388608 bytes
***********WAITING************

Write the data to file:8388608 bytes
***********WAITING************

Write the data to file:8388608 bytes
***********WAITING************

Write the data to file:8388608 bytes
***********WAITING************

Write the data to file:8388608 bytes
***********WAITING************

Write the data to file:8388608 bytes
***********WAITING************

Write the data to file:8388608 bytes
***********WAITING************

Write the data to file:8388608 bytes
***********WAITING************

Write the data to file:8388608 bytes
***********WAITING************

Write the data to file:8388608 bytes
***********WAITING************

Write the data to file:8388608 bytes
***********WAITING************

Write the data to file:8388608 bytes
***********WAITING************

Write the data to file:8388608 bytes
***********WAITING************

Write the data to file:8388608 bytes
***********WAITING************

Write the data to file:8388608 bytes
***********WAITING************

Write the data to file:8388608 bytes
***********WAITING************

Write the data to file:8388608 bytes
***********WAITING************

Write the data to file:8388608 bytes
***********WAITING************

Write the data to file:8388608 bytes
***********WAITING************

Write the data to file:8388608 bytes
***********WAITING************

Write the data to file:8388608 bytes
***********WAITING************

Write the data to file:8388608 bytes
***********WAITING************

Write the data to file:8388608 bytes
***********WAITING************

Write the data to file:8388608 bytes
***********WAITING************

Write the data to file:8388608 bytes
***********WAITING************

Write the data to file:8388608 bytes
***********WAITING************

Write the data to file:8388608 bytes
***********WAITING************

Write the data to file:8388608 bytes
***********WAITING************

Write the data to file:8388608 bytes
***********WAITING************

Write the data to file:8388608 bytes
***********WAITING************

Write the data to file:8388608 bytes
***********WAITING************

Write the data to file:8388608 bytes
***********WAITING************

Write the data to file:8388608 bytes
***********WAITING************

Write the data to file:8388608 bytes
***********WAITING************

Write the data to file:8388608 bytes
***********WAITING************

Write the data to file:8388608 bytes
***********WAITING************

Write the data to file:8388608 bytes
***********WAITING************

Write the data to file:8388608 bytes
***********WAITING************

Write the data to file:8388608 bytes
***********WAITING************

Write the data to file:8388608 bytes
***********WAITING************

Write the data to file:8388608 bytes
***********WAITING************

Write the data to file:8388608 bytes
***********WAITING************

Write the data to file:8388608 bytes
***********WAITING************

Write the data to file:8388608 bytes
***********WAITING************

Write the data to file:8388608 bytes
***********WAITING************

Write the data to file:8388608 bytes
***********WAITING************

Write the data to file:8388608 bytes
***********WAITING************

Write the data to file:8388608 bytes
***********WAITING************

Write the data to file:8388608 bytes
***********WAITING************

Write the data to file:8388608 bytes
***********WAITING************

Write the data to file:8388608 bytes
***********WAITING************

Write the data to file:8388608 bytes
***********WAITING************

Write the data to file:8388608 bytes
***********WAITING************

Write the data to file:8388608 bytes
***********WAITING************

Write the data to file:8388608 bytes
***********WAITING************

Write the data to file:8388608 bytes
***********WAITING************

Write the data to file:8388608 bytes
***********WAITING************

Write the data to file:8388608 bytes
***********WAITING************

Write the data to file:8388608 bytes
***********WAITING************

Write the data to file:8388608 bytes
***********WAITING************

Write the data to file:8388608 bytes
***********WAITING************

Write the data to file:8388608 bytes
***********WAITING************

Write the data to file:8388608 bytes
***********WAITING************

Write the data to file:8388608 bytes
***********WAITING************

Write the data to file:8388608 bytes
***********WAITING************

Write the data to file:8388608 bytes
***********WAITING************

Write the data to file:8388608 bytes
***********WAITING************

Write the data to file:8388608 bytes
***********WAITING************

Write the data to file:8388608 bytes
***********WAITING************

Write the data to file:8388608 bytes
***********WAITING************

Write the data to file:8388608 bytes
***********WAITING************

Write the data to file:8388608 bytes
***********WAITING************

Write the data to file:8388608 bytes
***********WAITING************

Write the data to file:8388608 bytes
***********WAITING************

Write the data to file:8388608 bytes
***********WAITING************

Write the data to file:8388608 bytes
***********WAITING************

Write the data to file:8388608 bytes
***********WAITING************

Write the data to file:8388608 bytes
***********WAITING************

Write the data to file:8388608 bytes
***********WAITING************

Write the data to file:8388608 bytes
***********WAITING************

Write the data to file:8388608 bytes
***********WAITING************

Write the data to file:8388608 bytes

Write the data to file:8388608 bytes
***********WAITING************
***********WAITING************

Write the data to file:8388608 bytes
***********WAITING************

Write the data to file:8388608 bytes
***********WAITING************

Write the data to file:8388608 bytes
***********WAITING************

Write the data to file:8388608 bytes
***********WAITING************

Write the data to file:8388608 bytes
***********WAITING************

Write the data to file:8388608 bytes
***********WAITING************

Write the data to file:8388608 bytes
***********WAITING************

Write the data to file:8388608 bytes
***********WAITING************

Write the data to file:8388608 bytes
***********WAITING************

Write the data to file:8388608 bytes
***********WAITING************

Write the data to file:8388608 bytes
***********WAITING************

Write the data to file:8388608 bytes
***********WAITING************

Write the data to file:8388608 bytes
***********WAITING************

Write the data to file:8388608 bytes
***********WAITING************

Write the data to file:8388608 bytes
***********WAITING************

Write the data to file:8388608 bytes
***********WAITING************

Write the data to file:8388608 bytes
***********WAITING************

Write the data to file:8388608 bytes
***********WAITING************

Write the data to file:8388608 bytes
***********WAITING************

Write the data to file:8388608 bytes
***********WAITING************

Write the data to file:8388608 bytes
***********WAITING************

Write the data to file:8388608 bytes
***********WAITING************

Write the data to file:8388608 bytes
***********WAITING************

Write the data to file:8388608 bytes
***********WAITING************

Write the data to file:8388608 bytes
***********WAITING************

Write the data to file:8388608 bytes
***********WAITING************

Write the data to file:8388608 bytes
***********WAITING************

Write the data to file:8388608 bytes
***********WAITING************

Write the data to file:8388608 bytes
***********WAITING************

Write the data to file:8388608 bytes
***********WAITING************

Write the data to file:8388608 bytes
***********WAITING************

Write the data to file:8388608 bytes
***********WAITING************

Write the data to file:8388608 bytes
***********WAITING************

Write the data to file:8388608 bytes
***********WAITING************

Write the data to file:8388608 bytes
***********WAITING************

Write the data to file:8388608 bytes
***********WAITING************

Write the data to file:8388608 bytes
***********WAITING************

Write the data to file:8388608 bytes
***********WAITING************

Write the data to file:8388608 bytes
***********WAITING************

Write the data to file:8388608 bytes
***********WAITING************

Write the data to file:8388608 bytes
***********WAITING************

Write the data to file:8388608 bytes
***********WAITING************

Write the data to file:8388608 bytes
***********WAITING************

Write the data to file:8388608 bytes
***********WAITING************

Write the data to file:8388608 bytes
***********WAITING************

Write the data to file:8388608 bytes
***********WAITING************

Write the data to file:8388608 bytes
***********WAITING************

Write the data to file:8388608 bytes
***********WAITING************

Write the data to file:8388608 bytes
***********WAITING************

Write the data to file:8388608 bytes
***********WAITING************

Write the data to file:8388608 bytes
***********WAITING************

Write the data to file:8388608 bytes
***********WAITING************

Write the data to file:8388608 bytes
***********WAITING************

Write the data to file:8388608 bytes
***********WAITING************

Write the data to file:8388608 bytes
***********WAITING************

Write the data to file:8388608 bytes
***********WAITING************

Write the data to file:8388608 bytes
***********WAITING************

Write the data to file:8388608 bytes
***********WAITING************

Write the data to file:8388608 bytes
***********WAITING************

Write the data to file:8388608 bytes
***********WAITING************

Write the data to file:8388608 bytes
***********WAITING************

Write the data to file:8388608 bytes
***********WAITING************

Write the data to file:8388608 bytes
***********WAITING************

Write the data to file:8388608 bytes
***********WAITING************

Write the data to file:8388608 bytes
***********WAITING************

Write the data to file:8388608 bytes
***********WAITING************

Write the data to file:8388608 bytes
***********WAITING************

Write the data to file:8388608 bytes
***********WAITING************

Write the data to file:8388608 bytes
***********WAITING************

Write the data to file:8388608 bytes
***********WAITING************

Write the data to file:8388608 bytes
***********WAITING************

Write the data to file:8388608 bytes
***********WAITING************

Write the data to file:8388608 bytes
***********WAITING************

Write the data to file:8388608 bytes
***********WAITING************

Write the data to file:8388608 bytes
***********WAITING************

Write the data to file:8388608 bytes
***********WAITING************

Write the data to file:8388608 bytes
***********WAITING************

Write the data to file:8388608 bytes
***********WAITING************

Write the data to file:8388608 bytes
***********WAITING************

Write the data to file:8388608 bytes
***********WAITING************

Write the data to file:8388608 bytes
***********WAITING************

Write the data to file:8388608 bytes
***********WAITING************

Write the data to file:8388608 bytes
***********WAITING************

Write the data to file:8388608 bytes
***********WAITING************

Write the data to file:8388608 bytes
***********WAITING************

Write the data to file:8388608 bytes
***********WAITING************

Write the data to file:8388608 bytes
***********WAITING************

Write the data to file:8388608 bytes
***********WAITING************

Write the data to file:8388608 bytes
***********WAITING************

Write the data to file:8388608 bytes
***********WAITING************

Write the data to file:8388608 bytes
***********WAITING************

Write the data to file:8388608 bytes
***********WAITING************

Write the data to file:8388608 bytes
***********WAITING************

Write the data to file:8388608 bytes
***********WAITING************

Write the data to file:8388608 bytes
***********WAITING************

Write the data to file:8388608 bytes
***********WAITING************

Write the data to file:8388608 bytes
***********WAITING************

Write the data to file:8388608 bytes
***********WAITING************

Write the data to file:8388608 bytes
***********WAITING************

Write the data to file:8388608 bytes
***********WAITING************

Write the data to file:8388608 bytes
***********WAITING************

Write the data to file:8388608 bytes
***********WAITING************

Write the data to file:8388608 bytes
***********WAITING************

Write the data to file:8388608 bytes
***********WAITING************

Write the data to file:8388608 bytes
***********WAITING************

Write the data to file:8388608 bytes
***********WAITING************

Write the data to file:8388608 bytes
***********WAITING************

Write the data to file:8388608 bytes
***********WAITING************

Write the data to file:8388608 bytes
***********WAITING************

Write the data to file:8388608 bytes
***********WAITING************

Write the data to file:8388608 bytes
***********WAITING************

Write the data to file:8388608 bytes
***********WAITING************

Write the data to file:8388608 bytes
***********WAITING************

Write the data to file:8388608 bytes
***********WAITING************

Write the data to file:8388608 bytes
***********WAITING************

Write the data to file:8388608 bytes
***********WAITING************

Write the data to file:8388608 bytes
***********WAITING************

Write the data to file:8388608 bytes
***********WAITING************

Write the data to file:8388608 bytes
***********WAITING************

Write the data to file:8388608 bytes
***********WAITING************

Write the data to file:8388608 bytes
***********WAITING************

Write the data to file:8388608 bytes
***********WAITING************

Write the data to file:8388608 bytes
***********WAITING************

Write the data to file:8388608 bytes
***********WAITING************

Write the data to file:8388608 bytes
***********WAITING************

Write the data to file:8388608 bytes
***********WAITING************

Write the data to file:8388608 bytes
***********WAITING************

Write the data to file:8388608 bytes
***********WAITING************

Write the data to file:8388608 bytes
***********WAITING************

Write the data to file:8388608 bytes
***********WAITING************

Write the data to file:8388608 bytes
***********WAITING************

Write the data to file:8388608 bytes
***********WAITING************

Write the data to file:8388608 bytes
***********WAITING************

Write the data to file:8388608 bytes
***********WAITING************

Write the data to file:8388608 bytes
***********WAITING************

Write the data to file:8388608 bytes
***********WAITING************

Write the data to file:8388608 bytes
***********WAITING************

Write the data to file:8388608 bytes
***********WAITING************

Write the data to file:8388608 bytes
***********WAITING************

Write the data to file:8388608 bytes
***********WAITING************

Write the data to file:8388608 bytes
***********WAITING************

Write the data to file:8388608 bytes
***********WAITING************

Write the data to file:8388608 bytes
***********WAITING************

Write the data to file:8388608 bytes
***********WAITING************

Write the data to file:8388608 bytes
***********WAITING************

Write the data to file:8388608 bytes
***********WAITING************

Write the data to file:8388608 bytes
***********WAITING************

Write the data to file:8388608 bytes
***********WAITING************

Write the data to file:8388608 bytes
***********WAITING************

Write the data to file:8388608 bytes
***********WAITING************

Write the data to file:8388608 bytes
***********WAITING************

Write the data to file:8388608 bytes
***********WAITING************

Write the data to file:8388608 bytes
***********WAITING************

Write the data to file:8388608 bytes
***********WAITING************

Write the data to file:8388608 bytes
***********WAITING************

Write the data to file:8388608 bytes
***********WAITING************

Write the data to file:8388608 bytes
***********WAITING************

Write the data to file:8388608 bytes
***********WAITING************

Write the data to file:8388608 bytes
***********WAITING************

Write the data to file:8388608 bytes
***********WAITING************

Write the data to file:8388608 bytes
***********WAITING************

Write the data to file:8388608 bytes
***********WAITING************

Write the data to file:8388608 bytes
***********WAITING************

Write the data to file:8388608 bytes
***********WAITING************

Write the data to file:8388608 bytes
***********WAITING************

Write the data to file:8388608 bytes
***********WAITING************

Write the data to file:8388608 bytes
***********WAITING************

Write the data to file:8388608 bytes
***********WAITING************

Write the data to file:8388608 bytes
***********WAITING************
S_cc         0.26   [      0.26:      0.26]
S_bw         0.07   [      0.07:      0.07]
S_w          7.40   [      7.40:      7.40]
          -------
S_total      7.74   [      7.74:      7.74]

build_S done
calc_W
build_S done
calc_W
build_S done
calc_W
build_S done
calc_W
build_S done
calc_W
nr_of_strided_rec: 1
nr_doubles: 131072
build_S done
calc_W
nr_of_strided_rec: 1
nr_doubles: 131072
build_S done
calc_W
nr_of_strided_rec: 1
nr_doubles: 131072
build_S done
calc_W
nr_of_strided_rec: 1
nr_doubles: 131072
build_S done
calc_W
nr_of_strided_rec: 1
nr_doubles: 131072
build_S done
calc_W
nr_of_strided_rec: 1
nr_doubles: 131072
build_S done
calc_W
nr_of_strided_rec: 1
nr_doubles: 131072
build_S done
calc_W
nr_of_strided_rec: 1
nr_doubles: 131072
build_S done
calc_W
nr_of_strided_rec: 1
nr_doubles: 131072
build_S done
calc_W
nr_of_strided_rec: 1
nr_doubles: 131072
build_S done
calc_W
nr_of_strided_rec: 1
nr_doubles: 131072
build_S done
calc_W
nr_of_strided_rec: 1
nr_doubles: 131072
nr_of_strided_rec: 1
nr_doubles: 131072
nr_of_strided_rec: 1
nr_doubles: 131072
nr_of_strided_rec: 1
nr_doubles: 131072
nr_of_strided_rec: 1
nr_doubles: 131072
nr_of_strided_rec: 1
nr_doubles: 131072
nr_of_strided_rec: 1
nr_doubles: 131072
nr_of_strided_rec: 1
nr_doubles: 131072
nr_of_strided_rec: 1
nr_doubles: 131072
nr_of_strided_rec: 1
nr_doubles: 131072
nr_of_strided_rec: 1
nr_doubles: 131072
nr_of_strided_rec: 1
nr_doubles: 131072
nr_of_strided_rec: 1
nr_doubles: 131072
nr_of_strided_rec: 1
nr_doubles: 131072
nr_of_strided_rec: 1
nr_doubles: 131072
nr_of_strided_rec: 1
nr_doubles: 131072
nr_of_strided_rec: 1
nr_doubles: 131072
nr_of_strided_rec: 1
nr_doubles: 131072
nr_of_strided_rec: 1
nr_doubles: 131072
nr_of_strided_rec: 1
nr_doubles: 131072
nr_of_strided_rec: 1
nr_doubles: 131072

Write the data to file:8388608 bytes
***********WAITING************

Write the data to file:8388608 bytes
***********WAITING************

Write the data to file:8388608 bytes
***********WAITING************

Write the data to file:8388608 bytes
***********WAITING************

Write the data to file:8388608 bytes
***********WAITING************

Write the data to file:8388608 bytes
***********WAITING************

Write the data to file:8388608 bytes
***********WAITING************

Write the data to file:8388608 bytes
***********WAITING************

Write the data to file:8388608 bytes
***********WAITING************

Write the data to file:8388608 bytes
***********WAITING************

Write the data to file:8388608 bytes
***********WAITING************

Write the data to file:8388608 bytes
***********WAITING************

Write the data to file:8388608 bytes
***********WAITING************

Write the data to file:8388608 bytes
***********WAITING************

Write the data to file:8388608 bytes
***********WAITING************

Write the data to file:8388608 bytes
***********WAITING************
nr_of_strided_rec: 1
nr_doubles: 131072
nr_of_strided_rec: 1
nr_doubles: 131072
nr_of_strided_rec: 1
nr_doubles: 131072
nr_of_strided_rec: 1
nr_doubles: 131072
nr_of_strided_rec: 1
nr_doubles: 131072
nr_of_strided_rec: 1
nr_doubles: 131072
nr_of_strided_rec: 1
nr_doubles: 131072
nr_of_strided_rec: 1
nr_doubles: 131072
nr_of_strided_rec: 1
nr_doubles: 131072
nr_of_strided_rec: 1
nr_doubles: 131072
nr_of_strided_rec: 1
nr_doubles: 131072
nr_of_strided_rec: 1
nr_doubles: 131072
nr_of_strided_rec: 1
nr_doubles: 131072
nr_of_strided_rec: 1
nr_doubles: 131072
nr_of_strided_rec: 1
nr_doubles: 131072
nr_of_strided_rec: 1
nr_doubles: 131072

Write the data to file:8388608 bytes
***********WAITING************

Write the data to file:8388608 bytes
***********WAITING************

Write the data to file:8388608 bytes
***********WAITING************

Write the data to file:8388608 bytes
***********WAITING************

Write the data to file:8388608 bytes
***********WAITING************

Write the data to file:8388608 bytes
***********WAITING************

Write the data to file:8388608 bytes
***********WAITING************

Write the data to file:8388608 bytes
***********WAITING************

Write the data to file:8388608 bytes
***********WAITING************

Write the data to file:8388608 bytes
***********WAITING************

Write the data to file:8388608 bytes
***********WAITING************

Write the data to file:8388608 bytes
***********WAITING************

Write the data to file:8388608 bytes
***********WAITING************

Write the data to file:8388608 bytes
***********WAITING************

Write the data to file:8388608 bytes
***********WAITING************

Write the data to file:8388608 bytes
***********WAITING************
nr_of_strided_rec: 1
nr_doubles: 131072
nr_of_strided_rec: 1
nr_doubles: 131072
nr_of_strided_rec: 1
nr_doubles: 131072
nr_of_strided_rec: 1
nr_doubles: 131072
nr_of_strided_rec: 1
nr_doubles: 131072
nr_of_strided_rec: 1
nr_doubles: 131072
nr_of_strided_rec: 1
nr_doubles: 131072
nr_of_strided_rec: 1
nr_doubles: 131072
nr_of_strided_rec: 1
nr_doubles: 131072
nr_of_strided_rec: 1
nr_doubles: 131072
nr_of_strided_rec: 1
nr_doubles: 131072
nr_of_strided_rec: 1
nr_doubles: 131072
nr_of_strided_rec: 1
nr_doubles: 131072
nr_of_strided_rec: 1
nr_doubles: 131072
nr_of_strided_rec: 1
nr_doubles: 131072
nr_of_strided_rec: 1
nr_doubles: 131072

Write the data to file:8388608 bytes
***********WAITING************

Write the data to file:8388608 bytes
***********WAITING************

Write the data to file:8388608 bytes
***********WAITING************

Write the data to file:8388608 bytes
***********WAITING************

Write the data to file:8388608 bytes
***********WAITING************

Write the data to file:8388608 bytes
***********WAITING************

Write the data to file:8388608 bytes
***********WAITING************

Write the data to file:8388608 bytes
***********WAITING************

Write the data to file:8388608 bytes
***********WAITING************

Write the data to file:8388608 bytes
***********WAITING************

Write the data to file:8388608 bytes
***********WAITING************

Write the data to file:8388608 bytes
***********WAITING************

Write the data to file:8388608 bytes
***********WAITING************

Write the data to file:8388608 bytes
***********WAITING************

Write the data to file:8388608 bytes
***********WAITING************

Write the data to file:8388608 bytes
***********WAITING************
nr_of_strided_rec: 1
nr_doubles: 131072
nr_of_strided_rec: 1
nr_doubles: 131072
nr_of_strided_rec: 1
nr_doubles: 131072
nr_of_strided_rec: 1
nr_doubles: 131072
nr_of_strided_rec: 1
nr_doubles: 131072
nr_of_strided_rec: 1
nr_doubles: 131072
nr_of_strided_rec: 1
nr_doubles: 131072
nr_of_strided_rec: 1
nr_doubles: 131072
nr_of_strided_rec: 1
nr_doubles: 131072
nr_of_strided_rec: 1
nr_doubles: 131072
nr_of_strided_rec: 1
nr_doubles: 131072
nr_of_strided_rec: 1
nr_doubles: 131072
nr_of_strided_rec: 1
nr_doubles: 131072
nr_of_strided_rec: 1
nr_doubles: 131072
nr_of_strided_rec: 1
nr_doubles: 131072
nr_of_strided_rec: 1
nr_doubles: 131072

Write the data to file:8388608 bytes
***********WAITING************

Write the data to file:8388608 bytes
***********WAITING************

Write the data to file:8388608 bytes
***********WAITING************

Write the data to file:8388608 bytes
***********WAITING************

Write the data to file:8388608 bytes
***********WAITING************

Write the data to file:8388608 bytes
***********WAITING************

Write the data to file:8388608 bytes
***********WAITING************

Write the data to file:8388608 bytes
***********WAITING************

Write the data to file:8388608 bytes
***********WAITING************

Write the data to file:8388608 bytes
***********WAITING************

Write the data to file:8388608 bytes
***********WAITING************

Write the data to file:8388608 bytes
***********WAITING************

Write the data to file:8388608 bytes
***********WAITING************

Write the data to file:8388608 bytes
***********WAITING************

Write the data to file:8388608 bytes
***********WAITING************

Write the data to file:8388608 bytes
***********WAITING************
nr_of_strided_rec: 1
nr_doubles: 131072
nr_of_strided_rec: 1
nr_doubles: 131072
nr_of_strided_rec: 1
nr_doubles: 131072
nr_of_strided_rec: 1
nr_doubles: 131072
nr_of_strided_rec: 1
nr_doubles: 131072
nr_of_strided_rec: 1
nr_doubles: 131072
nr_of_strided_rec: 1
nr_doubles: 131072
nr_of_strided_rec: 1
nr_doubles: 131072
nr_of_strided_rec: 1
nr_doubles: 131072
nr_of_strided_rec: 1
nr_doubles: 131072
nr_of_strided_rec: 1
nr_doubles: 131072
nr_of_strided_rec: 1
nr_doubles: 131072
nr_of_strided_rec: 1
nr_doubles: 131072
nr_of_strided_rec: 1
nr_doubles: 131072
nr_of_strided_rec: 1
nr_doubles: 131072
nr_of_strided_rec: 1
nr_doubles: 131072

Write the data to file:8388608 bytes
***********WAITING************

Write the data to file:8388608 bytes
***********WAITING************

Write the data to file:8388608 bytes
***********WAITING************

Write the data to file:8388608 bytes
***********WAITING************

Write the data to file:8388608 bytes
***********WAITING************

Write the data to file:8388608 bytes
***********WAITING************

Write the data to file:8388608 bytes
***********WAITING************

Write the data to file:8388608 bytes
***********WAITING************

Write the data to file:8388608 bytes
***********WAITING************

Write the data to file:8388608 bytes
***********WAITING************

Write the data to file:8388608 bytes
***********WAITING************

Write the data to file:8388608 bytes
***********WAITING************

Write the data to file:8388608 bytes
***********WAITING************

Write the data to file:8388608 bytes
***********WAITING************

Write the data to file:8388608 bytes
***********WAITING************

Write the data to file:8388608 bytes
***********WAITING************
nr_of_strided_rec: 1
nr_doubles: 131072
nr_of_strided_rec: 1
nr_doubles: 131072
nr_of_strided_rec: 1
nr_doubles: 131072
nr_of_strided_rec: 1
nr_doubles: 131072
nr_of_strided_rec: 1
nr_doubles: 131072
nr_of_strided_rec: 1
nr_doubles: 131072
nr_of_strided_rec: 1
nr_doubles: 131072
nr_of_strided_rec: 1
nr_doubles: 131072
nr_of_strided_rec: 1
nr_doubles: 131072
nr_of_strided_rec: 1
nr_doubles: 131072
nr_of_strided_rec: 1
nr_doubles: 131072
nr_of_strided_rec: 1
nr_doubles: 131072
nr_of_strided_rec: 1
nr_doubles: 131072
nr_of_strided_rec: 1
nr_doubles: 131072
nr_of_strided_rec: 1
nr_doubles: 131072
nr_of_strided_rec: 1
nr_doubles: 131072

Write the data to file:8388608 bytes
***********WAITING************

Write the data to file:8388608 bytes
***********WAITING************

Write the data to file:8388608 bytes
***********WAITING************

Write the data to file:8388608 bytes
***********WAITING************

Write the data to file:8388608 bytes
***********WAITING************

Write the data to file:8388608 bytes
***********WAITING************

Write the data to file:8388608 bytes
***********WAITING************

Write the data to file:8388608 bytes
***********WAITING************

Write the data to file:8388608 bytes
***********WAITING************

Write the data to file:8388608 bytes
***********WAITING************

Write the data to file:8388608 bytes
***********WAITING************

Write the data to file:8388608 bytes
***********WAITING************

Write the data to file:8388608 bytes
***********WAITING************

Write the data to file:8388608 bytes
***********WAITING************

Write the data to file:8388608 bytes
***********WAITING************

Write the data to file:8388608 bytes
***********WAITING************
nr_of_strided_rec: 1
nr_doubles: 131072
nr_of_strided_rec: 1
nr_doubles: 131072
nr_of_strided_rec: 1
nr_doubles: 131072
nr_of_strided_rec: 1
nr_doubles: 131072
nr_of_strided_rec: 1
nr_doubles: 131072
nr_of_strided_rec: 1
nr_doubles: 131072
nr_of_strided_rec: 1
nr_doubles: 131072
nr_of_strided_rec: 1
nr_doubles: 131072
nr_of_strided_rec: 1
nr_doubles: 131072
nr_of_strided_rec: 1
nr_doubles: 131072
nr_of_strided_rec: 1
nr_doubles: 131072
nr_of_strided_rec: 1
nr_doubles: 131072
nr_of_strided_rec: 1
nr_doubles: 131072
nr_of_strided_rec: 1
nr_doubles: 131072
nr_of_strided_rec: 1
nr_doubles: 131072
nr_of_strided_rec: 1
nr_doubles: 131072

Write the data to file:8388608 bytes
***********WAITING************

Write the data to file:8388608 bytes
***********WAITING************

Write the data to file:8388608 bytes
***********WAITING************

Write the data to file:8388608 bytes
***********WAITING************

Write the data to file:8388608 bytes
***********WAITING************

Write the data to file:8388608 bytes
***********WAITING************

Write the data to file:8388608 bytes
***********WAITING************

Write the data to file:8388608 bytes
***********WAITING************

Write the data to file:8388608 bytes
***********WAITING************

Write the data to file:8388608 bytes
***********WAITING************

Write the data to file:8388608 bytes
***********WAITING************

Write the data to file:8388608 bytes
***********WAITING************

Write the data to file:8388608 bytes
***********WAITING************

Write the data to file:8388608 bytes
***********WAITING************

Write the data to file:8388608 bytes
***********WAITING************

Write the data to file:8388608 bytes
***********WAITING************
nr_of_strided_rec: 1
nr_doubles: 131072
nr_of_strided_rec: 1
nr_doubles: 131072
nr_of_strided_rec: 1
nr_doubles: 131072
nr_of_strided_rec: 1
nr_doubles: 131072
nr_of_strided_rec: 1
nr_doubles: 131072
nr_of_strided_rec: 1
nr_doubles: 131072
nr_of_strided_rec: 1
nr_doubles: 131072
nr_of_strided_rec: 1
nr_doubles: 131072
nr_of_strided_rec: 1
nr_doubles: 131072
nr_of_strided_rec: 1
nr_doubles: 131072
nr_of_strided_rec: 1
nr_doubles: 131072
nr_of_strided_rec: 1
nr_doubles: 131072
nr_of_strided_rec: 1
nr_doubles: 131072
nr_of_strided_rec: 1
nr_doubles: 131072
nr_of_strided_rec: 1
nr_doubles: 131072
nr_of_strided_rec: 1
nr_doubles: 131072

Write the data to file:8388608 bytes
***********WAITING************

Write the data to file:8388608 bytes
***********WAITING************

Write the data to file:8388608 bytes
***********WAITING************

Write the data to file:8388608 bytes
***********WAITING************

Write the data to file:8388608 bytes
***********WAITING************

Write the data to file:8388608 bytes
***********WAITING************

Write the data to file:8388608 bytes
***********WAITING************

Write the data to file:8388608 bytes
***********WAITING************

Write the data to file:8388608 bytes
***********WAITING************

Write the data to file:8388608 bytes
***********WAITING************

Write the data to file:8388608 bytes
***********WAITING************

Write the data to file:8388608 bytes
***********WAITING************

Write the data to file:8388608 bytes
***********WAITING************

Write the data to file:8388608 bytes
***********WAITING************

Write the data to file:8388608 bytes
***********WAITING************

Write the data to file:8388608 bytes
***********WAITING************
nr_of_strided_rec: 1
nr_doubles: 131072
nr_of_strided_rec: 1
nr_doubles: 131072
nr_of_strided_rec: 1
nr_doubles: 131072
nr_of_strided_rec: 1
nr_doubles: 131072
nr_of_strided_rec: 1
nr_doubles: 131072
nr_of_strided_rec: 1
nr_doubles: 131072
nr_of_strided_rec: 1
nr_doubles: 131072
nr_of_strided_rec: 1
nr_doubles: 131072
nr_of_strided_rec: 1
nr_doubles: 131072
nr_of_strided_rec: 1
nr_doubles: 131072
nr_of_strided_rec: 1
nr_doubles: 131072
nr_of_strided_rec: 1
nr_doubles: 131072
nr_of_strided_rec: 1
nr_doubles: 131072
nr_of_strided_rec: 1
nr_doubles: 131072
nr_of_strided_rec: 1
nr_doubles: 131072
nr_of_strided_rec: 1
nr_doubles: 131072

Write the data to file:8388608 bytes
***********WAITING************

Write the data to file:8388608 bytes
***********WAITING************

Write the data to file:8388608 bytes
***********WAITING************

Write the data to file:8388608 bytes
***********WAITING************

Write the data to file:8388608 bytes
***********WAITING************

Write the data to file:8388608 bytes
***********WAITING************

Write the data to file:8388608 bytes
***********WAITING************

Write the data to file:8388608 bytes
***********WAITING************

Write the data to file:8388608 bytes
***********WAITING************

Write the data to file:8388608 bytes
***********WAITING************

Write the data to file:8388608 bytes
***********WAITING************

Write the data to file:8388608 bytes
***********WAITING************

Write the data to file:8388608 bytes
***********WAITING************

Write the data to file:8388608 bytes
***********WAITING************

Write the data to file:8388608 bytes
***********WAITING************

Write the data to file:8388608 bytes
***********WAITING************
nr_of_strided_rec: 1
nr_doubles: 131072
nr_of_strided_rec: 1
nr_doubles: 131072
nr_of_strided_rec: 1
nr_doubles: 131072
nr_of_strided_rec: 1
nr_doubles: 131072
nr_of_strided_rec: 1
nr_doubles: 131072
nr_of_strided_rec: 1
nr_doubles: 131072
nr_of_strided_rec: 1
nr_doubles: 131072
nr_of_strided_rec: 1
nr_doubles: 131072
nr_of_strided_rec: 1
nr_doubles: 131072
nr_of_strided_rec: 1
nr_doubles: 131072
nr_of_strided_rec: 1
nr_doubles: 131072
nr_of_strided_rec: 1
nr_doubles: 131072
nr_of_strided_rec: 1
nr_doubles: 131072
nr_of_strided_rec: 1
nr_doubles: 131072
nr_of_strided_rec: 1
nr_doubles: 131072
nr_of_strided_rec: 1
nr_doubles: 131072

Write the data to file:8388608 bytes
***********WAITING************

Write the data to file:8388608 bytes
***********WAITING************

Write the data to file:8388608 bytes
***********WAITING************

Write the data to file:8388608 bytes
***********WAITING************

Write the data to file:8388608 bytes
***********WAITING************

Write the data to file:8388608 bytes
***********WAITING************

Write the data to file:8388608 bytes
***********WAITING************

Write the data to file:8388608 bytes
***********WAITING************

Write the data to file:8388608 bytes
***********WAITING************

Write the data to file:8388608 bytes
***********WAITING************

Write the data to file:8388608 bytes
***********WAITING************

Write the data to file:8388608 bytes
***********WAITING************

Write the data to file:8388608 bytes
***********WAITING************

Write the data to file:8388608 bytes
***********WAITING************

Write the data to file:8388608 bytes
***********WAITING************

Write the data to file:8388608 bytes
***********WAITING************
nr_of_strided_rec: 1
nr_doubles: 131072
nr_of_strided_rec: 1
nr_doubles: 131072
nr_of_strided_rec: 1
nr_doubles: 131072
nr_of_strided_rec: 1
nr_doubles: 131072
nr_of_strided_rec: 1
nr_doubles: 131072
nr_of_strided_rec: 1
nr_doubles: 131072
nr_of_strided_rec: 1
nr_doubles: 131072
nr_of_strided_rec: 1
nr_doubles: 131072
nr_of_strided_rec: 1
nr_doubles: 131072
nr_of_strided_rec: 1
nr_doubles: 131072
nr_of_strided_rec: 1
nr_doubles: 131072
nr_of_strided_rec: 1
nr_doubles: 131072
nr_of_strided_rec: 1
nr_doubles: 131072
nr_of_strided_rec: 1
nr_doubles: 131072
nr_of_strided_rec: 1
nr_doubles: 131072
nr_of_strided_rec: 1
nr_doubles: 131072

Write the data to file:8388608 bytes
***********WAITING************

Write the data to file:8388608 bytes
***********WAITING************

Write the data to file:8388608 bytes
***********WAITING************

Write the data to file:8388608 bytes
***********WAITING************

Write the data to file:8388608 bytes
***********WAITING************

Write the data to file:8388608 bytes
***********WAITING************

Write the data to file:8388608 bytes
***********WAITING************

Write the data to file:8388608 bytes
***********WAITING************

Write the data to file:8388608 bytes
***********WAITING************

Write the data to file:8388608 bytes
***********WAITING************

Write the data to file:8388608 bytes
***********WAITING************

Write the data to file:8388608 bytes
***********WAITING************

Write the data to file:8388608 bytes
***********WAITING************

Write the data to file:8388608 bytes
***********WAITING************

Write the data to file:8388608 bytes
***********WAITING************

Write the data to file:8388608 bytes
***********WAITING************
nr_of_strided_rec: 1
nr_doubles: 131072
nr_of_strided_rec: 1
nr_doubles: 131072
nr_of_strided_rec: 1
nr_doubles: 131072
nr_of_strided_rec: 1
nr_doubles: 131072
nr_of_strided_rec: 1
nr_doubles: 131072
nr_of_strided_rec: 1
nr_doubles: 131072
nr_of_strided_rec: 1
nr_doubles: 131072
nr_of_strided_rec: 1
nr_doubles: 131072
nr_of_strided_rec: 1
nr_doubles: 131072
nr_of_strided_rec: 1
nr_doubles: 131072
nr_of_strided_rec: 1
nr_doubles: 131072
nr_of_strided_rec: 1
nr_doubles: 131072
nr_of_strided_rec: 1
nr_doubles: 131072
nr_of_strided_rec: 1
nr_doubles: 131072
nr_of_strided_rec: 1
nr_doubles: 131072
nr_of_strided_rec: 1
nr_doubles: 131072

Write the data to file:8388608 bytes
***********WAITING************

Write the data to file:8388608 bytes
***********WAITING************

Write the data to file:8388608 bytes
***********WAITING************

Write the data to file:8388608 bytes
***********WAITING************

Write the data to file:8388608 bytes
***********WAITING************

Write the data to file:8388608 bytes
***********WAITING************

Write the data to file:8388608 bytes
***********WAITING************

Write the data to file:8388608 bytes
***********WAITING************

Write the data to file:8388608 bytes
***********WAITING************

Write the data to file:8388608 bytes
***********WAITING************

Write the data to file:8388608 bytes
***********WAITING************

Write the data to file:8388608 bytes
***********WAITING************

Write the data to file:8388608 bytes
***********WAITING************

Write the data to file:8388608 bytes
***********WAITING************

Write the data to file:8388608 bytes
***********WAITING************

Write the data to file:8388608 bytes
***********WAITING************
nr_of_strided_rec: 1
nr_doubles: 131072
nr_of_strided_rec: 1
nr_doubles: 131072
nr_of_strided_rec: 1
nr_doubles: 131072
nr_of_strided_rec: 1
nr_doubles: 131072
nr_of_strided_rec: 1
nr_doubles: 131072
nr_of_strided_rec: 1
nr_doubles: 131072
nr_of_strided_rec: 1
nr_doubles: 131072
nr_of_strided_rec: 1
nr_doubles: 131072
nr_of_strided_rec: 1
nr_doubles: 131072
nr_of_strided_rec: 1
nr_doubles: 131072
nr_of_strided_rec: 1
nr_doubles: 131072
nr_of_strided_rec: 1
nr_doubles: 131072
nr_of_strided_rec: 1
nr_doubles: 131072
nr_of_strided_rec: 1
nr_doubles: 131072
nr_of_strided_rec: 1
nr_doubles: 131072
nr_of_strided_rec: 1
nr_doubles: 131072

Write the data to file:8388608 bytes
***********WAITING************

Write the data to file:8388608 bytes
***********WAITING************

Write the data to file:8388608 bytes
***********WAITING************

Write the data to file:8388608 bytes
***********WAITING************

Write the data to file:8388608 bytes
***********WAITING************

Write the data to file:8388608 bytes
***********WAITING************

Write the data to file:8388608 bytes
***********WAITING************

Write the data to file:8388608 bytes
***********WAITING************

Write the data to file:8388608 bytes
***********WAITING************

Write the data to file:8388608 bytes
***********WAITING************

Write the data to file:8388608 bytes
***********WAITING************

Write the data to file:8388608 bytes
***********WAITING************

Write the data to file:8388608 bytes
***********WAITING************

Write the data to file:8388608 bytes
***********WAITING************

Write the data to file:8388608 bytes
***********WAITING************

Write the data to file:8388608 bytes
***********WAITING************
nr_of_strided_rec: 1
nr_doubles: 131072
nr_of_strided_rec: 1
nr_doubles: 131072
nr_of_strided_rec: 1
nr_doubles: 131072
nr_of_strided_rec: 1
nr_doubles: 131072
nr_of_strided_rec: 1
nr_doubles: 131072
nr_of_strided_rec: 1
nr_doubles: 131072
nr_of_strided_rec: 1
nr_doubles: 131072
nr_of_strided_rec: 1
nr_doubles: 131072
nr_of_strided_rec: 1
nr_doubles: 131072
nr_of_strided_rec: 1
nr_doubles: 131072
nr_of_strided_rec: 1
nr_doubles: 131072
nr_of_strided_rec: 1
nr_doubles: 131072
nr_of_strided_rec: 1
nr_doubles: 131072
nr_of_strided_rec: 1
nr_doubles: 131072
nr_of_strided_rec: 1
nr_doubles: 131072
nr_of_strided_rec: 1
nr_doubles: 131072

Write the data to file:8388608 bytes
***********WAITING************

Write the data to file:8388608 bytes
***********WAITING************

Write the data to file:8388608 bytes
***********WAITING************

Write the data to file:8388608 bytes
***********WAITING************

Write the data to file:8388608 bytes
***********WAITING************

Write the data to file:8388608 bytes
***********WAITING************

Write the data to file:8388608 bytes
***********WAITING************

Write the data to file:8388608 bytes
***********WAITING************

Write the data to file:8388608 bytes
***********WAITING************

Write the data to file:8388608 bytes
***********WAITING************

Write the data to file:8388608 bytes
***********WAITING************

Write the data to file:8388608 bytes
***********WAITING************

Write the data to file:8388608 bytes
***********WAITING************

Write the data to file:8388608 bytes
***********WAITING************

Write the data to file:8388608 bytes
***********WAITING************

Write the data to file:8388608 bytes
***********WAITING************
nr_of_strided_rec: 1
nr_doubles: 131072
nr_of_strided_rec: 1
nr_doubles: 131072
nr_of_strided_rec: 1
nr_doubles: 131072
nr_of_strided_rec: 1
nr_doubles: 131072
nr_of_strided_rec: 1
nr_doubles: 131072
nr_of_strided_rec: 1
nr_doubles: 131072
nr_of_strided_rec: 1
nr_doubles: 131072
nr_of_strided_rec: 1
nr_doubles: 131072
nr_of_strided_rec: 1
nr_doubles: 131072
nr_of_strided_rec: 1
nr_doubles: 131072
nr_of_strided_rec: 1
nr_doubles: 131072
nr_of_strided_rec: 1
nr_doubles: 131072
nr_of_strided_rec: 1
nr_doubles: 131072
nr_of_strided_rec: 1
nr_doubles: 131072
nr_of_strided_rec: 1
nr_doubles: 131072
nr_of_strided_rec: 1
nr_doubles: 131072

Write the data to file:8388608 bytes
***********WAITING************

Write the data to file:8388608 bytes
***********WAITING************

Write the data to file:8388608 bytes
***********WAITING************

Write the data to file:8388608 bytes
***********WAITING************

Write the data to file:8388608 bytes
***********WAITING************

Write the data to file:8388608 bytes
***********WAITING************

Write the data to file:8388608 bytes
***********WAITING************

Write the data to file:8388608 bytes
***********WAITING************

Write the data to file:8388608 bytes
***********WAITING************

Write the data to file:8388608 bytes
***********WAITING************

Write the data to file:8388608 bytes
***********WAITING************

Write the data to file:8388608 bytes
***********WAITING************

Write the data to file:8388608 bytes
***********WAITING************

Write the data to file:8388608 bytes
***********WAITING************

Write the data to file:8388608 bytes
***********WAITING************

Write the data to file:8388608 bytes
***********WAITING************
nr_of_strided_rec: 1
nr_doubles: 131072
nr_of_strided_rec: 1
nr_doubles: 131072
nr_of_strided_rec: 1
nr_doubles: 131072
nr_of_strided_rec: 1
nr_doubles: 131072
nr_of_strided_rec: 1
nr_doubles: 131072
nr_of_strided_rec: 1
nr_doubles: 131072
nr_of_strided_rec: 1
nr_doubles: 131072
nr_of_strided_rec: 1
nr_doubles: 131072
nr_of_strided_rec: 1
nr_doubles: 131072
nr_of_strided_rec: 1
nr_doubles: 131072
nr_of_strided_rec: 1
nr_doubles: 131072
nr_of_strided_rec: 1
nr_doubles: 131072
nr_of_strided_rec: 1
nr_doubles: 131072
nr_of_strided_rec: 1
nr_doubles: 131072
nr_of_strided_rec: 1
nr_doubles: 131072
nr_of_strided_rec: 1
nr_doubles: 131072

Write the data to file:8388608 bytes
***********WAITING************

Write the data to file:8388608 bytes
***********WAITING************

Write the data to file:8388608 bytes
***********WAITING************

Write the data to file:8388608 bytes
***********WAITING************

Write the data to file:8388608 bytes
***********WAITING************

Write the data to file:8388608 bytes
***********WAITING************

Write the data to file:8388608 bytes
***********WAITING************

Write the data to file:8388608 bytes
***********WAITING************

Write the data to file:8388608 bytes
***********WAITING************

Write the data to file:8388608 bytes
***********WAITING************

Write the data to file:8388608 bytes
***********WAITING************

Write the data to file:8388608 bytes
***********WAITING************

Write the data to file:8388608 bytes
***********WAITING************

Write the data to file:8388608 bytes
***********WAITING************

Write the data to file:8388608 bytes
***********WAITING************

Write the data to file:8388608 bytes
***********WAITING************
nr_of_strided_rec: 1
nr_doubles: 131072
nr_of_strided_rec: 1
nr_doubles: 131072
nr_of_strided_rec: 1
nr_doubles: 131072
nr_of_strided_rec: 1
nr_doubles: 131072
nr_of_strided_rec: 1
nr_doubles: 131072
nr_of_strided_rec: 1
nr_doubles: 131072
nr_of_strided_rec: 1
nr_doubles: 131072
nr_of_strided_rec: 1
nr_doubles: 131072
nr_of_strided_rec: 1
nr_doubles: 131072
nr_of_strided_rec: 1
nr_doubles: 131072
nr_of_strided_rec: 1
nr_doubles: 131072
nr_of_strided_rec: 1
nr_doubles: 131072
nr_of_strided_rec: 1
nr_doubles: 131072
nr_of_strided_rec: 1
nr_doubles: 131072
nr_of_strided_rec: 1
nr_doubles: 131072
nr_of_strided_rec: 1
nr_doubles: 131072

Write the data to file:8388608 bytes
***********WAITING************

Write the data to file:8388608 bytes
***********WAITING************

Write the data to file:8388608 bytes
***********WAITING************

Write the data to file:8388608 bytes
***********WAITING************

Write the data to file:8388608 bytes
***********WAITING************

Write the data to file:8388608 bytes
***********WAITING************

Write the data to file:8388608 bytes
***********WAITING************

Write the data to file:8388608 bytes
***********WAITING************

Write the data to file:8388608 bytes
***********WAITING************

Write the data to file:8388608 bytes
***********WAITING************

Write the data to file:8388608 bytes
***********WAITING************

Write the data to file:8388608 bytes
***********WAITING************

Write the data to file:8388608 bytes
***********WAITING************

Write the data to file:8388608 bytes
***********WAITING************

Write the data to file:8388608 bytes
***********WAITING************

Write the data to file:8388608 bytes
***********WAITING************
nr_of_strided_rec: 1
nr_doubles: 131072
nr_of_strided_rec: 1
nr_doubles: 131072
nr_of_strided_rec: 1
nr_doubles: 131072
nr_of_strided_rec: 1
nr_doubles: 131072
nr_of_strided_rec: 1
nr_doubles: 131072
nr_of_strided_rec: 1
nr_doubles: 131072
nr_of_strided_rec: 1
nr_doubles: 131072
nr_of_strided_rec: 1
nr_doubles: 131072
nr_of_strided_rec: 1
nr_doubles: 131072
nr_of_strided_rec: 1
nr_doubles: 131072
nr_of_strided_rec: 1
nr_doubles: 131072
nr_of_strided_rec: 1
nr_doubles: 131072
nr_of_strided_rec: 1
nr_doubles: 131072
nr_of_strided_rec: 1
nr_doubles: 131072
nr_of_strided_rec: 1
nr_doubles: 131072
nr_of_strided_rec: 1
nr_doubles: 131072

Write the data to file:8388608 bytes
***********WAITING************

Write the data to file:8388608 bytes
***********WAITING************

Write the data to file:8388608 bytes
***********WAITING************

Write the data to file:8388608 bytes
***********WAITING************

Write the data to file:8388608 bytes
***********WAITING************

Write the data to file:8388608 bytes
***********WAITING************

Write the data to file:8388608 bytes
***********WAITING************

Write the data to file:8388608 bytes
***********WAITING************

Write the data to file:8388608 bytes
***********WAITING************

Write the data to file:8388608 bytes
***********WAITING************

Write the data to file:8388608 bytes
***********WAITING************

Write the data to file:8388608 bytes
***********WAITING************

Write the data to file:8388608 bytes
***********WAITING************

Write the data to file:8388608 bytes
***********WAITING************

Write the data to file:8388608 bytes
***********WAITING************

Write the data to file:8388608 bytes
***********WAITING************
nr_of_strided_rec: 1
nr_doubles: 131072
nr_of_strided_rec: 1
nr_doubles: 131072
nr_of_strided_rec: 1
nr_doubles: 131072
nr_of_strided_rec: 1
nr_doubles: 131072
nr_of_strided_rec: 1
nr_doubles: 131072
nr_of_strided_rec: 1
nr_doubles: 131072
nr_of_strided_rec: 1
nr_doubles: 131072
nr_of_strided_rec: 1
nr_doubles: 131072
nr_of_strided_rec: 1
nr_doubles: 131072
nr_of_strided_rec: 1
nr_doubles: 131072
nr_of_strided_rec: 1
nr_doubles: 131072
nr_of_strided_rec: 1
nr_doubles: 131072
nr_of_strided_rec: 1
nr_doubles: 131072
nr_of_strided_rec: 1
nr_doubles: 131072
nr_of_strided_rec: 1
nr_doubles: 131072
nr_of_strided_rec: 1
nr_doubles: 131072

Write the data to file:8388608 bytes
***********WAITING************

Write the data to file:8388608 bytes
***********WAITING************

Write the data to file:8388608 bytes
***********WAITING************

Write the data to file:8388608 bytes
***********WAITING************

Write the data to file:8388608 bytes
***********WAITING************

Write the data to file:8388608 bytes
***********WAITING************

Write the data to file:8388608 bytes
***********WAITING************

Write the data to file:8388608 bytes
***********WAITING************

Write the data to file:8388608 bytes
***********WAITING************

Write the data to file:8388608 bytes
***********WAITING************

Write the data to file:8388608 bytes
***********WAITING************

Write the data to file:8388608 bytes
***********WAITING************

Write the data to file:8388608 bytes
***********WAITING************

Write the data to file:8388608 bytes
***********WAITING************

Write the data to file:8388608 bytes
***********WAITING************

Write the data to file:8388608 bytes
***********WAITING************
nr_of_strided_rec: 1
nr_doubles: 131072
nr_of_strided_rec: 1
nr_doubles: 131072
nr_of_strided_rec: 1
nr_doubles: 131072
nr_of_strided_rec: 1
nr_doubles: 131072
nr_of_strided_rec: 1
nr_doubles: 131072
nr_of_strided_rec: 1
nr_doubles: 131072
nr_of_strided_rec: 1
nr_doubles: 131072
nr_of_strided_rec: 1
nr_doubles: 131072
nr_of_strided_rec: 1
nr_doubles: 131072
nr_of_strided_rec: 1
nr_doubles: 131072
nr_of_strided_rec: 1
nr_doubles: 131072
nr_of_strided_rec: 1
nr_doubles: 131072
nr_of_strided_rec: 1
nr_doubles: 131072
nr_of_strided_rec: 1
nr_doubles: 131072
nr_of_strided_rec: 1
nr_doubles: 131072
nr_of_strided_rec: 1
nr_doubles: 131072

Write the data to file:8388608 bytes
***********WAITING************

Write the data to file:8388608 bytes
***********WAITING************

Write the data to file:8388608 bytes
***********WAITING************

Write the data to file:8388608 bytes
***********WAITING************

Write the data to file:8388608 bytes
***********WAITING************

Write the data to file:8388608 bytes
***********WAITING************

Write the data to file:8388608 bytes
***********WAITING************

Write the data to file:8388608 bytes
***********WAITING************

Write the data to file:8388608 bytes
***********WAITING************

Write the data to file:8388608 bytes
***********WAITING************

Write the data to file:8388608 bytes
***********WAITING************

Write the data to file:8388608 bytes
***********WAITING************

Write the data to file:8388608 bytes
***********WAITING************

Write the data to file:8388608 bytes
***********WAITING************

Write the data to file:8388608 bytes
***********WAITING************

Write the data to file:8388608 bytes
***********WAITING************
nr_of_strided_rec: 1
nr_doubles: 131072
nr_of_strided_rec: 1
nr_doubles: 131072
nr_of_strided_rec: 1
nr_doubles: 131072
nr_of_strided_rec: 1
nr_doubles: 131072
nr_of_strided_rec: 1
nr_doubles: 131072
nr_of_strided_rec: 1
nr_doubles: 131072
nr_of_strided_rec: 1
nr_doubles: 131072
nr_of_strided_rec: 1
nr_doubles: 131072
nr_of_strided_rec: 1
nr_doubles: 131072
nr_of_strided_rec: 1
nr_doubles: 131072
nr_of_strided_rec: 1
nr_doubles: 131072
nr_of_strided_rec: 1
nr_doubles: 131072
nr_of_strided_rec: 1
nr_doubles: 131072
nr_of_strided_rec: 1
nr_doubles: 131072
nr_of_strided_rec: 1
nr_doubles: 131072
nr_of_strided_rec: 1
nr_doubles: 131072

Write the data to file:8388608 bytes
***********WAITING************

Write the data to file:8388608 bytes
***********WAITING************

Write the data to file:8388608 bytes
***********WAITING************

Write the data to file:8388608 bytes
***********WAITING************

Write the data to file:8388608 bytes
***********WAITING************

Write the data to file:8388608 bytes
***********WAITING************

Write the data to file:8388608 bytes
***********WAITING************

Write the data to file:8388608 bytes
***********WAITING************

Write the data to file:8388608 bytes
***********WAITING************

Write the data to file:8388608 bytes
***********WAITING************

Write the data to file:8388608 bytes
***********WAITING************

Write the data to file:8388608 bytes
***********WAITING************

Write the data to file:8388608 bytes
***********WAITING************

Write the data to file:8388608 bytes
***********WAITING************

Write the data to file:8388608 bytes
***********WAITING************

Write the data to file:8388608 bytes
***********WAITING************
nr_of_strided_rec: 1
nr_doubles: 131072
nr_of_strided_rec: 1
nr_doubles: 131072
nr_of_strided_rec: 1
nr_doubles: 131072
nr_of_strided_rec: 1
nr_doubles: 131072
nr_of_strided_rec: 1
nr_doubles: 131072
nr_of_strided_rec: 1
nr_doubles: 131072
nr_of_strided_rec: 1
nr_doubles: 131072
nr_of_strided_rec: 1
nr_doubles: 131072
nr_of_strided_rec: 1
nr_doubles: 131072
nr_of_strided_rec: 1
nr_doubles: 131072
nr_of_strided_rec: 1
nr_doubles: 131072
nr_of_strided_rec: 1
nr_doubles: 131072
nr_of_strided_rec: 1
nr_doubles: 131072
nr_of_strided_rec: 1
nr_doubles: 131072
nr_of_strided_rec: 1
nr_doubles: 131072
nr_of_strided_rec: 1
nr_doubles: 131072

Write the data to file:8388608 bytes
***********WAITING************

Write the data to file:8388608 bytes
***********WAITING************

Write the data to file:8388608 bytes
***********WAITING************

Write the data to file:8388608 bytes
***********WAITING************

Write the data to file:8388608 bytes
***********WAITING************

Write the data to file:8388608 bytes
***********WAITING************

Write the data to file:8388608 bytes
***********WAITING************

Write the data to file:8388608 bytes
***********WAITING************

Write the data to file:8388608 bytes
***********WAITING************

Write the data to file:8388608 bytes
***********WAITING************

Write the data to file:8388608 bytes
***********WAITING************

Write the data to file:8388608 bytes
***********WAITING************

Write the data to file:8388608 bytes
***********WAITING************

Write the data to file:8388608 bytes
***********WAITING************

Write the data to file:8388608 bytes
***********WAITING************

Write the data to file:8388608 bytes
***********WAITING************
nr_of_strided_rec: 1
nr_doubles: 131072
nr_of_strided_rec: 1
nr_doubles: 131072
nr_of_strided_rec: 1
nr_doubles: 131072
nr_of_strided_rec: 1
nr_doubles: 131072
nr_of_strided_rec: 1
nr_doubles: 131072
nr_of_strided_rec: 1
nr_doubles: 131072
nr_of_strided_rec: 1
nr_doubles: 131072
nr_of_strided_rec: 1
nr_doubles: 131072
nr_of_strided_rec: 1
nr_doubles: 131072
nr_of_strided_rec: 1
nr_doubles: 131072
nr_of_strided_rec: 1
nr_doubles: 131072
nr_of_strided_rec: 1
nr_doubles: 131072
nr_of_strided_rec: 1
nr_doubles: 131072
nr_of_strided_rec: 1
nr_doubles: 131072
nr_of_strided_rec: 1
nr_doubles: 131072
nr_of_strided_rec: 1
nr_doubles: 131072

Write the data to file:8388608 bytes
***********WAITING************

Write the data to file:8388608 bytes
***********WAITING************

Write the data to file:8388608 bytes
***********WAITING************

Write the data to file:8388608 bytes
***********WAITING************

Write the data to file:8388608 bytes
***********WAITING************

Write the data to file:8388608 bytes
***********WAITING************

Write the data to file:8388608 bytes
***********WAITING************

Write the data to file:8388608 bytes
***********WAITING************

Write the data to file:8388608 bytes
***********WAITING************

Write the data to file:8388608 bytes
***********WAITING************

Write the data to file:8388608 bytes
***********WAITING************

Write the data to file:8388608 bytes
***********WAITING************

Write the data to file:8388608 bytes
***********WAITING************

Write the data to file:8388608 bytes
***********WAITING************

Write the data to file:8388608 bytes
***********WAITING************

Write the data to file:8388608 bytes
***********WAITING************
nr_of_strided_rec: 1
nr_doubles: 131072
nr_of_strided_rec: 1
nr_doubles: 131072
nr_of_strided_rec: 1
nr_doubles: 131072
nr_of_strided_rec: 1
nr_doubles: 131072
nr_of_strided_rec: 1
nr_doubles: 131072
nr_of_strided_rec: 1
nr_doubles: 131072
nr_of_strided_rec: 1
nr_doubles: 131072
nr_of_strided_rec: 1
nr_doubles: 131072
nr_of_strided_rec: 1
nr_doubles: 131072
nr_of_strided_rec: 1
nr_doubles: 131072
nr_of_strided_rec: 1
nr_doubles: 131072
nr_of_strided_rec: 1
nr_doubles: 131072
nr_of_strided_rec: 1
nr_doubles: 131072
nr_of_strided_rec: 1
nr_doubles: 131072
nr_of_strided_rec: 1
nr_doubles: 131072
nr_of_strided_rec: 1
nr_doubles: 131072

Write the data to file:8388608 bytes
***********WAITING************

Write the data to file:8388608 bytes
***********WAITING************

Write the data to file:8388608 bytes
***********WAITING************

Write the data to file:8388608 bytes
***********WAITING************

Write the data to file:8388608 bytes
***********WAITING************

Write the data to file:8388608 bytes
***********WAITING************

Write the data to file:8388608 bytes
***********WAITING************

Write the data to file:8388608 bytes
***********WAITING************

Write the data to file:8388608 bytes
***********WAITING************

Write the data to file:8388608 bytes
***********WAITING************

Write the data to file:8388608 bytes
***********WAITING************

Write the data to file:8388608 bytes
***********WAITING************

Write the data to file:8388608 bytes
***********WAITING************

Write the data to file:8388608 bytes
***********WAITING************

Write the data to file:8388608 bytes
***********WAITING************

Write the data to file:8388608 bytes
***********WAITING************
nr_of_strided_rec: 1
nr_doubles: 131072
nr_of_strided_rec: 1
nr_doubles: 131072
nr_of_strided_rec: 1
nr_doubles: 131072
nr_of_strided_rec: 1
nr_doubles: 131072
nr_of_strided_rec: 1
nr_doubles: 131072
nr_of_strided_rec: 1
nr_doubles: 131072
nr_of_strided_rec: 1
nr_doubles: 131072
nr_of_strided_rec: 1
nr_doubles: 131072
nr_of_strided_rec: 1
nr_doubles: 131072
nr_of_strided_rec: 1
nr_doubles: 131072
nr_of_strided_rec: 1
nr_doubles: 131072
nr_of_strided_rec: 1
nr_doubles: 131072
nr_of_strided_rec: 1
nr_doubles: 131072
nr_of_strided_rec: 1
nr_doubles: 131072
nr_of_strided_rec: 1
nr_doubles: 131072
nr_of_strided_rec: 1
nr_doubles: 131072

Write the data to file:8388608 bytes
***********WAITING************

Write the data to file:8388608 bytes
***********WAITING************

Write the data to file:8388608 bytes
***********WAITING************

Write the data to file:8388608 bytes
***********WAITING************

Write the data to file:8388608 bytes
***********WAITING************

Write the data to file:8388608 bytes
***********WAITING************

Write the data to file:8388608 bytes
***********WAITING************

Write the data to file:8388608 bytes
***********WAITING************

Write the data to file:8388608 bytes
***********WAITING************

Write the data to file:8388608 bytes
***********WAITING************

Write the data to file:8388608 bytes
***********WAITING************

Write the data to file:8388608 bytes
***********WAITING************

Write the data to file:8388608 bytes
***********WAITING************

Write the data to file:8388608 bytes
***********WAITING************

Write the data to file:8388608 bytes
***********WAITING************

Write the data to file:8388608 bytes
***********WAITING************
nr_of_strided_rec: 1
nr_doubles: 131072
nr_of_strided_rec: 1
nr_doubles: 131072
nr_of_strided_rec: 1
nr_doubles: 131072
nr_of_strided_rec: 1
nr_doubles: 131072
nr_of_strided_rec: 1
nr_doubles: 131072
nr_of_strided_rec: 1
nr_doubles: 131072
nr_of_strided_rec: 1
nr_doubles: 131072
nr_of_strided_rec: 1
nr_doubles: 131072
nr_of_strided_rec: 1
nr_doubles: 131072
nr_of_strided_rec: 1
nr_doubles: 131072
nr_of_strided_rec: 1
nr_doubles: 131072
nr_of_strided_rec: 1
nr_doubles: 131072
nr_of_strided_rec: 1
nr_doubles: 131072
nr_of_strided_rec: 1
nr_doubles: 131072
nr_of_strided_rec: 1
nr_doubles: 131072
nr_of_strided_rec: 1
nr_doubles: 131072

Write the data to file:8388608 bytes
***********WAITING************

Write the data to file:8388608 bytes
***********WAITING************

Write the data to file:8388608 bytes
***********WAITING************

Write the data to file:8388608 bytes
***********WAITING************

Write the data to file:8388608 bytes
***********WAITING************

Write the data to file:8388608 bytes
***********WAITING************

Write the data to file:8388608 bytes
***********WAITING************

Write the data to file:8388608 bytes
***********WAITING************

Write the data to file:8388608 bytes
***********WAITING************

Write the data to file:8388608 bytes
***********WAITING************

Write the data to file:8388608 bytes
***********WAITING************

Write the data to file:8388608 bytes
***********WAITING************

Write the data to file:8388608 bytes
***********WAITING************

Write the data to file:8388608 bytes
***********WAITING************

Write the data to file:8388608 bytes
***********WAITING************

Write the data to file:8388608 bytes
***********WAITING************
nr_of_strided_rec: 1
nr_doubles: 131072
nr_of_strided_rec: 1
nr_doubles: 131072
nr_of_strided_rec: 1
nr_doubles: 131072
nr_of_strided_rec: 1
nr_doubles: 131072
nr_of_strided_rec: 1
nr_doubles: 131072
nr_of_strided_rec: 1
nr_doubles: 131072
nr_of_strided_rec: 1
nr_doubles: 131072
nr_of_strided_rec: 1
nr_doubles: 131072
nr_of_strided_rec: 1
nr_doubles: 131072
nr_of_strided_rec: 1
nr_doubles: 131072
nr_of_strided_rec: 1
nr_doubles: 131072
nr_of_strided_rec: 1
nr_doubles: 131072
nr_of_strided_rec: 1
nr_doubles: 131072
nr_of_strided_rec: 1
nr_doubles: 131072
nr_of_strided_rec: 1
nr_doubles: 131072
nr_of_strided_rec: 1
nr_doubles: 131072

Write the data to file:8388608 bytes
***********WAITING************

Write the data to file:8388608 bytes
***********WAITING************

Write the data to file:8388608 bytes
***********WAITING************

Write the data to file:8388608 bytes
***********WAITING************

Write the data to file:8388608 bytes
***********WAITING************

Write the data to file:8388608 bytes
***********WAITING************

Write the data to file:8388608 bytes
***********WAITING************

Write the data to file:8388608 bytes
***********WAITING************

Write the data to file:8388608 bytes
***********WAITING************

Write the data to file:8388608 bytes
***********WAITING************

Write the data to file:8388608 bytes
***********WAITING************

Write the data to file:8388608 bytes
***********WAITING************

Write the data to file:8388608 bytes
***********WAITING************

Write the data to file:8388608 bytes
***********WAITING************

Write the data to file:8388608 bytes
***********WAITING************

Write the data to file:8388608 bytes
***********WAITING************
nr_of_strided_rec: 1
nr_doubles: 131072
nr_of_strided_rec: 1
nr_doubles: 131072
nr_of_strided_rec: 1
nr_doubles: 131072
nr_of_strided_rec: 1
nr_doubles: 131072
nr_of_strided_rec: 1
nr_doubles: 131072
nr_of_strided_rec: 1
nr_doubles: 131072
nr_of_strided_rec: 1
nr_doubles: 131072
nr_of_strided_rec: 1
nr_doubles: 131072
nr_of_strided_rec: 1
nr_doubles: 131072
nr_of_strided_rec: 1
nr_doubles: 131072
nr_of_strided_rec: 1
nr_doubles: 131072
nr_of_strided_rec: 1
nr_doubles: 131072
nr_of_strided_rec: 1
nr_doubles: 131072
nr_of_strided_rec: 1
nr_doubles: 131072
nr_of_strided_rec: 1
nr_doubles: 131072
nr_of_strided_rec: 1
nr_doubles: 131072

Write the data to file:8388608 bytes
***********WAITING************

Write the data to file:8388608 bytes
***********WAITING************

Write the data to file:8388608 bytes
***********WAITING************

Write the data to file:8388608 bytes
***********WAITING************

Write the data to file:8388608 bytes
***********WAITING************

Write the data to file:8388608 bytes
***********WAITING************

Write the data to file:8388608 bytes
***********WAITING************

Write the data to file:8388608 bytes
***********WAITING************

Write the data to file:8388608 bytes
***********WAITING************

Write the data to file:8388608 bytes
***********WAITING************

Write the data to file:8388608 bytes
***********WAITING************

Write the data to file:8388608 bytes
***********WAITING************

Write the data to file:8388608 bytes
***********WAITING************

Write the data to file:8388608 bytes
***********WAITING************

Write the data to file:8388608 bytes
***********WAITING************

Write the data to file:8388608 bytes
***********WAITING************
nr_of_strided_rec: 1
nr_doubles: 131072
nr_of_strided_rec: 1
nr_doubles: 131072
nr_of_strided_rec: 1
nr_doubles: 131072
nr_of_strided_rec: 1
nr_doubles: 131072
nr_of_strided_rec: 1
nr_doubles: 131072
nr_of_strided_rec: 1
nr_doubles: 131072
nr_of_strided_rec: 1
nr_doubles: 131072
nr_of_strided_rec: 1
nr_doubles: 131072
nr_of_strided_rec: 1
nr_doubles: 131072
nr_of_strided_rec: 1
nr_doubles: 131072
nr_of_strided_rec: 1
nr_doubles: 131072
nr_of_strided_rec: 1
nr_doubles: 131072
nr_of_strided_rec: 1
nr_doubles: 131072
nr_of_strided_rec: 1
nr_doubles: 131072
nr_of_strided_rec: 1
nr_doubles: 131072
nr_of_strided_rec: 1
nr_doubles: 131072

Write the data to file:8388608 bytes
***********WAITING************

Write the data to file:8388608 bytes
***********WAITING************

Write the data to file:8388608 bytes
***********WAITING************

Write the data to file:8388608 bytes
***********WAITING************

Write the data to file:8388608 bytes
***********WAITING************

Write the data to file:8388608 bytes
***********WAITING************

Write the data to file:8388608 bytes
***********WAITING************

Write the data to file:8388608 bytes
***********WAITING************

Write the data to file:8388608 bytes
***********WAITING************

Write the data to file:8388608 bytes
***********WAITING************

Write the data to file:8388608 bytes
***********WAITING************

Write the data to file:8388608 bytes
***********WAITING************

Write the data to file:8388608 bytes
***********WAITING************

Write the data to file:8388608 bytes
***********WAITING************

Write the data to file:8388608 bytes
***********WAITING************

Write the data to file:8388608 bytes
***********WAITING************

Write the data to file:8388608 bytes
***********WAITING************

Write the data to file:8388608 bytes
***********WAITING************

Write the data to file:8388608 bytes
***********WAITING************

Write the data to file:8388608 bytes
***********WAITING************

Write the data to file:8388608 bytes
***********WAITING************

Write the data to file:8388608 bytes
***********WAITING************

Write the data to file:8388608 bytes
***********WAITING************

Write the data to file:8388608 bytes
***********WAITING************

Write the data to file:8388608 bytes
***********WAITING************

Write the data to file:8388608 bytes
***********WAITING************

Write the data to file:8388608 bytes
***********WAITING************

Write the data to file:8388608 bytes
***********WAITING************

Write the data to file:8388608 bytes
***********WAITING************

Write the data to file:8388608 bytes
***********WAITING************

Write the data to file:8388608 bytes
***********WAITING************

Write the data to file:8388608 bytes
***********WAITING************
W_cc         0.54   [      0.54:      0.55]
W_r         11.97   [     11.97:     11.97]
W_w          5.93   [      5.93:      5.93]
          -------
W_total     18.45   [     18.45:     18.45]

calc_W done
calc_W done
calc_W done
nr_of_strided_rec: 1
nr_doubles: 131072
calc_W done
nr_of_strided_rec: 1
nr_doubles: 131072
calc_W done
nr_of_strided_rec: 1
nr_doubles: 131072
calc_W done
nr_of_strided_rec: 1
nr_doubles: 131072
calc_W done
nr_of_strided_rec: 1
nr_doubles: 131072
calc_W done
nr_of_strided_rec: 1
nr_doubles: 131072
calc_W done
nr_of_strided_rec: 1
nr_doubles: 131072
calc_W done
nr_of_strided_rec: 1
nr_doubles: 131072
calc_W done
nr_of_strided_rec: 1
nr_doubles: 131072
calc_W done
nr_of_strided_rec: 1
nr_doubles: 131072
calc_W done
nr_of_strided_rec: 1
nr_doubles: 131072
calc_W done
nr_of_strided_rec: 1
nr_doubles: 131072
calc_W done
nr_of_strided_rec: 1
nr_doubles: 131072
calc_W done
nr_of_strided_rec: 1
nr_doubles: 131072
nr_of_strided_rec: 1
nr_doubles: 131072
nr_of_strided_rec: 1
nr_doubles: 131072
nr_of_strided_rec: 1
nr_doubles: 131072
nr_of_strided_rec: 1
nr_doubles: 131072
nr_of_strided_rec: 1
nr_doubles: 131072
nr_of_strided_rec: 1
nr_doubles: 131072
nr_of_strided_rec: 1
nr_doubles: 131072
nr_of_strided_rec: 1
nr_doubles: 131072
nr_of_strided_rec: 1
nr_doubles: 131072
nr_of_strided_rec: 1
nr_doubles: 131072
nr_of_strided_rec: 1
nr_doubles: 131072
nr_of_strided_rec: 1
nr_doubles: 131072
nr_of_strided_rec: 1
nr_doubles: 131072
nr_of_strided_rec: 1
nr_doubles: 131072
nr_of_strided_rec: 1
nr_doubles: 131072
nr_of_strided_rec: 1
nr_doubles: 131072
nr_of_strided_rec: 1
nr_doubles: 131072
nr_of_strided_rec: 1
nr_doubles: 131072
nr_of_strided_rec: 1
nr_doubles: 131072
nr_of_strided_rec: 1
nr_doubles: 131072
nr_of_strided_rec: 1
nr_doubles: 131072
nr_of_strided_rec: 1
nr_doubles: 131072
nr_of_strided_rec: 1
nr_doubles: 131072
nr_of_strided_rec: 1
nr_doubles: 131072
nr_of_strided_rec: 1
nr_doubles: 131072
nr_of_strided_rec: 1
nr_doubles: 131072
nr_of_strided_rec: 1
nr_doubles: 131072
nr_of_strided_rec: 1
nr_doubles: 131072
nr_of_strided_rec: 1
nr_doubles: 131072
nr_of_strided_rec: 1
nr_doubles: 131072
nr_of_strided_rec: 1
nr_doubles: 131072
nr_of_strided_rec: 1
nr_doubles: 131072
nr_of_strided_rec: 1
nr_doubles: 131072
nr_of_strided_rec: 1
nr_doubles: 131072
nr_of_strided_rec: 1
nr_doubles: 131072
nr_of_strided_rec: 1
nr_doubles: 131072
nr_of_strided_rec: 1
nr_doubles: 131072
nr_of_strided_rec: 1
nr_doubles: 131072
nr_of_strided_rec: 1
nr_doubles: 131072
nr_of_strided_rec: 1
nr_doubles: 131072
nr_of_strided_rec: 1
nr_doubles: 131072
nr_of_strided_rec: 1
nr_doubles: 131072
nr_of_strided_rec: 1
nr_doubles: 131072
nr_of_strided_rec: 1
nr_doubles: 131072
nr_of_strided_rec: 1
nr_doubles: 131072
nr_of_strided_rec: 1
nr_doubles: 131072
nr_of_strided_rec: 1
nr_doubles: 131072
nr_of_strided_rec: 1
nr_doubles: 131072
nr_of_strided_rec: 1
nr_doubles: 131072
nr_of_strided_rec: 1
nr_doubles: 131072
nr_of_strided_rec: 1
nr_doubles: 131072
nr_of_strided_rec: 1
nr_doubles: 131072
nr_of_strided_rec: 1
nr_doubles: 131072
nr_of_strided_rec: 1
nr_doubles: 131072
nr_of_strided_rec: 1
nr_doubles: 131072
nr_of_strided_rec: 1
nr_doubles: 131072
nr_of_strided_rec: 1
nr_doubles: 131072
nr_of_strided_rec: 1
nr_doubles: 131072
nr_of_strided_rec: 1
nr_doubles: 131072
nr_of_strided_rec: 1
nr_doubles: 131072
nr_of_strided_rec: 1
nr_doubles: 131072
nr_of_strided_rec: 1
nr_doubles: 131072
nr_of_strided_rec: 1
nr_doubles: 131072
nr_of_strided_rec: 1
nr_doubles: 131072
nr_of_strided_rec: 1
nr_doubles: 131072
nr_of_strided_rec: 1
nr_doubles: 131072
nr_of_strided_rec: 1
nr_doubles: 131072
nr_of_strided_rec: 1
nr_doubles: 131072
nr_of_strided_rec: 1
nr_doubles: 131072
nr_of_strided_rec: 1
nr_doubles: 131072
nr_of_strided_rec: 1
nr_doubles: 131072
nr_of_strided_rec: 1
nr_doubles: 131072
nr_of_strided_rec: 1
nr_doubles: 131072
nr_of_strided_rec: 1
nr_doubles: 131072
nr_of_strided_rec: 1
nr_doubles: 131072
nr_of_strided_rec: 1
nr_doubles: 131072
nr_of_strided_rec: 1
nr_doubles: 131072
nr_of_strided_rec: 1
nr_doubles: 131072
nr_of_strided_rec: 1
nr_doubles: 131072
nr_of_strided_rec: 1
nr_doubles: 131072
nr_of_strided_rec: 1
nr_doubles: 131072
nr_of_strided_rec: 1
nr_doubles: 131072
nr_of_strided_rec: 1
nr_doubles: 131072
nr_of_strided_rec: 1
nr_doubles: 131072
nr_of_strided_rec: 1
nr_doubles: 131072
nr_of_strided_rec: 1
nr_doubles: 131072
nr_of_strided_rec: 1
nr_doubles: 131072
nr_of_strided_rec: 1
nr_doubles: 131072
nr_of_strided_rec: 1
nr_doubles: 131072
nr_of_strided_rec: 1
nr_doubles: 131072
nr_of_strided_rec: 1
nr_doubles: 131072
nr_of_strided_rec: 1
nr_doubles: 131072
nr_of_strided_rec: 1
nr_doubles: 131072
nr_of_strided_rec: 1
nr_doubles: 131072
nr_of_strided_rec: 1
nr_doubles: 131072
nr_of_strided_rec: 1
nr_doubles: 131072
nr_of_strided_rec: 1
nr_doubles: 131072
nr_of_strided_rec: 1
nr_doubles: 131072
nr_of_strided_rec: 1
nr_doubles: 131072
nr_of_strided_rec: 1
nr_doubles: 131072
nr_of_strided_rec: 1
nr_doubles: 131072
nr_of_strided_rec: 1
nr_doubles: 131072
nr_of_strided_rec: 1
nr_doubles: 131072
nr_of_strided_rec: 1
nr_doubles: 131072
nr_of_strided_rec: 1
nr_doubles: 131072
nr_of_strided_rec: 1
nr_doubles: 131072
nr_of_strided_rec: 1
nr_doubles: 131072
nr_of_strided_rec: 1
nr_doubles: 131072
nr_of_strided_rec: 1
nr_doubles: 131072
nr_of_strided_rec: 1
nr_doubles: 131072
nr_of_strided_rec: 1
nr_doubles: 131072
nr_of_strided_rec: 1
nr_doubles: 131072
nr_of_strided_rec: 1
nr_doubles: 131072
nr_of_strided_rec: 1
nr_doubles: 131072
nr_of_strided_rec: 1
nr_doubles: 131072
nr_of_strided_rec: 1
nr_doubles: 131072
nr_of_strided_rec: 1
nr_doubles: 131072
nr_of_strided_rec: 1
nr_doubles: 131072
nr_of_strided_rec: 1
nr_doubles: 131072
nr_of_strided_rec: 1
nr_doubles: 131072
nr_of_strided_rec: 1
nr_doubles: 131072
nr_of_strided_rec: 1
nr_doubles: 131072
nr_of_strided_rec: 1
nr_doubles: 131072
nr_of_strided_rec: 1
nr_doubles: 131072
nr_of_strided_rec: 1
nr_doubles: 131072
nr_of_strided_rec: 1
nr_doubles: 131072
nr_of_strided_rec: 1
nr_doubles: 131072
nr_of_strided_rec: 1
nr_doubles: 131072
nr_of_strided_rec: 1
nr_doubles: 131072
nr_of_strided_rec: 1
nr_doubles: 131072
nr_of_strided_rec: 1
nr_doubles: 131072
nr_of_strided_rec: 1
nr_doubles: 131072
nr_of_strided_rec: 1
nr_doubles: 131072
nr_of_strided_rec: 1
nr_doubles: 131072
nr_of_strided_rec: 1
nr_doubles: 131072
nr_of_strided_rec: 1
nr_doubles: 131072
nr_of_strided_rec: 1
nr_doubles: 131072
nr_of_strided_rec: 1
nr_doubles: 131072
nr_of_strided_rec: 1
nr_doubles: 131072
nr_of_strided_rec: 1
nr_doubles: 131072
nr_of_strided_rec: 1
nr_doubles: 131072
nr_of_strided_rec: 1
nr_doubles: 131072
nr_of_strided_rec: 1
nr_doubles: 131072
nr_of_strided_rec: 1
nr_doubles: 131072
nr_of_strided_rec: 1
nr_doubles: 131072
nr_of_strided_rec: 1
nr_doubles: 131072
nr_of_strided_rec: 1
nr_doubles: 131072
nr_of_strided_rec: 1
nr_doubles: 131072
nr_of_strided_rec: 1
nr_doubles: 131072
nr_of_strided_rec: 1
nr_doubles: 131072
nr_of_strided_rec: 1
nr_doubles: 131072
nr_of_strided_rec: 1
nr_doubles: 131072
nr_of_strided_rec: 1
nr_doubles: 131072
nr_of_strided_rec: 1
nr_doubles: 131072
nr_of_strided_rec: 1
nr_doubles: 131072
nr_of_strided_rec: 1
nr_doubles: 131072
nr_of_strided_rec: 1
nr_doubles: 131072
nr_of_strided_rec: 1
nr_doubles: 131072
nr_of_strided_rec: 1
nr_doubles: 131072
nr_of_strided_rec: 1
nr_doubles: 131072
nr_of_strided_rec: 1
nr_doubles: 131072
nr_of_strided_rec: 1
nr_doubles: 131072
nr_of_strided_rec: 1
nr_doubles: 131072
nr_of_strided_rec: 1
nr_doubles: 131072
nr_of_strided_rec: 1
nr_doubles: 131072
nr_of_strided_rec: 1
nr_doubles: 131072
nr_of_strided_rec: 1
nr_doubles: 131072
nr_of_strided_rec: 1
nr_doubles: 131072
nr_of_strided_rec: 1
nr_doubles: 131072
nr_of_strided_rec: 1
nr_doubles: 131072
nr_of_strided_rec: 1
nr_doubles: 131072
nr_of_strided_rec: 1
nr_doubles: 131072
nr_of_strided_rec: 1
nr_doubles: 131072
nr_of_strided_rec: 1
nr_doubles: 131072
nr_of_strided_rec: 1
nr_doubles: 131072
nr_of_strided_rec: 1
nr_doubles: 131072
nr_of_strided_rec: 1
nr_doubles: 131072
nr_of_strided_rec: 1
nr_doubles: 131072
nr_of_strided_rec: 1
nr_doubles: 131072
nr_of_strided_rec: 1
nr_doubles: 131072
nr_of_strided_rec: 1
nr_doubles: 131072
nr_of_strided_rec: 1
nr_doubles: 131072
nr_of_strided_rec: 1
nr_doubles: 131072
nr_of_strided_rec: 1
nr_doubles: 131072
nr_of_strided_rec: 1
nr_doubles: 131072
nr_of_strided_rec: 1
nr_doubles: 131072
nr_of_strided_rec: 1
nr_doubles: 131072
nr_of_strided_rec: 1
nr_doubles: 131072
nr_of_strided_rec: 1
nr_doubles: 131072
nr_of_strided_rec: 1
nr_doubles: 131072
nr_of_strided_rec: 1
nr_doubles: 131072
nr_of_strided_rec: 1
nr_doubles: 131072
nr_of_strided_rec: 1
nr_doubles: 131072
nr_of_strided_rec: 1
nr_doubles: 131072
nr_of_strided_rec: 1
nr_doubles: 131072
nr_of_strided_rec: 1
nr_doubles: 131072
nr_of_strided_rec: 1
nr_doubles: 131072
nr_of_strided_rec: 1
nr_doubles: 131072
nr_of_strided_rec: 1
nr_doubles: 131072
nr_of_strided_rec: 1
nr_doubles: 131072
nr_of_strided_rec: 1
nr_doubles: 131072
nr_of_strided_rec: 1
nr_doubles: 131072
nr_of_strided_rec: 1
nr_doubles: 131072
nr_of_strided_rec: 1
nr_doubles: 131072
nr_of_strided_rec: 1
nr_doubles: 131072
nr_of_strided_rec: 1
nr_doubles: 131072
nr_of_strided_rec: 1
nr_doubles: 131072
nr_of_strided_rec: 1
nr_doubles: 131072
nr_of_strided_rec: 1
nr_doubles: 131072
nr_of_strided_rec: 1
nr_doubles: 131072
nr_of_strided_rec: 1
nr_doubles: 131072
nr_of_strided_rec: 1
nr_doubles: 131072
nr_of_strided_rec: 1
nr_doubles: 131072
nr_of_strided_rec: 1
nr_doubles: 131072
nr_of_strided_rec: 1
nr_doubles: 131072
nr_of_strided_rec: 1
nr_doubles: 131072
nr_of_strided_rec: 1
nr_doubles: 131072
nr_of_strided_rec: 1
nr_doubles: 131072
nr_of_strided_rec: 1
nr_doubles: 131072
nr_of_strided_rec: 1
nr_doubles: 131072
nr_of_strided_rec: 1
nr_doubles: 131072
nr_of_strided_rec: 1
nr_doubles: 131072
nr_of_strided_rec: 1
nr_doubles: 131072
nr_of_strided_rec: 1
nr_doubles: 131072
nr_of_strided_rec: 1
nr_doubles: 131072
nr_of_strided_rec: 1
nr_doubles: 131072
nr_of_strided_rec: 1
nr_doubles: 131072
nr_of_strided_rec: 1
nr_doubles: 131072
nr_of_strided_rec: 1
nr_doubles: 131072
nr_of_strided_rec: 1
nr_doubles: 131072
nr_of_strided_rec: 1
nr_doubles: 131072
nr_of_strided_rec: 1
nr_doubles: 131072
nr_of_strided_rec: 1
nr_doubles: 131072
nr_of_strided_rec: 1
nr_doubles: 131072
nr_of_strided_rec: 1
nr_doubles: 131072
nr_of_strided_rec: 1
nr_doubles: 131072
nr_of_strided_rec: 1
nr_doubles: 131072
nr_of_strided_rec: 1
nr_doubles: 131072
nr_of_strided_rec: 1
nr_doubles: 131072
nr_of_strided_rec: 1
nr_doubles: 131072
nr_of_strided_rec: 1
nr_doubles: 131072
nr_of_strided_rec: 1
nr_doubles: 131072
nr_of_strided_rec: 1
nr_doubles: 131072
nr_of_strided_rec: 1
nr_doubles: 131072
nr_of_strided_rec: 1
nr_doubles: 131072
nr_of_strided_rec: 1
nr_doubles: 131072
nr_of_strided_rec: 1
nr_doubles: 131072
nr_of_strided_rec: 1
nr_doubles: 131072
nr_of_strided_rec: 1
nr_doubles: 131072
nr_of_strided_rec: 1
nr_doubles: 131072
nr_of_strided_rec: 1
nr_doubles: 131072
nr_of_strided_rec: 1
nr_doubles: 131072
nr_of_strided_rec: 1
nr_doubles: 131072
nr_of_strided_rec: 1
nr_doubles: 131072
nr_of_strided_rec: 1
nr_doubles: 131072
nr_of_strided_rec: 1
nr_doubles: 131072
nr_of_strided_rec: 1
nr_doubles: 131072
nr_of_strided_rec: 1
nr_doubles: 131072
nr_of_strided_rec: 1
nr_doubles: 131072
nr_of_strided_rec: 1
nr_doubles: 131072
nr_of_strided_rec: 1
nr_doubles: 131072
nr_of_strided_rec: 1
nr_doubles: 131072
nr_of_strided_rec: 1
nr_doubles: 131072
nr_of_strided_rec: 1
nr_doubles: 131072
nr_of_strided_rec: 1
nr_doubles: 131072
nr_of_strided_rec: 1
nr_doubles: 131072
nr_of_strided_rec: 1
nr_doubles: 131072
nr_of_strided_rec: 1
nr_doubles: 131072
nr_of_strided_rec: 1
nr_doubles: 131072
nr_of_strided_rec: 1
nr_doubles: 131072
nr_of_strided_rec: 1
nr_doubles: 131072
nr_of_strided_rec: 1
nr_doubles: 131072
nr_of_strided_rec: 1
nr_doubles: 131072
nr_of_strided_rec: 1
nr_doubles: 131072
nr_of_strided_rec: 1
nr_doubles: 131072
nr_of_strided_rec: 1
nr_doubles: 131072
nr_of_strided_rec: 1
nr_doubles: 131072
nr_of_strided_rec: 1
nr_doubles: 131072
nr_of_strided_rec: 1
nr_doubles: 131072
nr_of_strided_rec: 1
nr_doubles: 131072
nr_of_strided_rec: 1
nr_doubles: 131072
nr_of_strided_rec: 1
nr_doubles: 131072
nr_of_strided_rec: 1
nr_doubles: 131072
nr_of_strided_rec: 1
nr_doubles: 131072
nr_of_strided_rec: 1
nr_doubles: 131072
nr_of_strided_rec: 1
nr_doubles: 131072
nr_of_strided_rec: 1
nr_doubles: 131072
nr_of_strided_rec: 1
nr_doubles: 131072
nr_of_strided_rec: 1
nr_doubles: 131072
nr_of_strided_rec: 1
nr_doubles: 131072
nr_of_strided_rec: 1
nr_doubles: 131072
nr_of_strided_rec: 1
nr_doubles: 131072
nr_of_strided_rec: 1
nr_doubles: 131072
nr_of_strided_rec: 1
nr_doubles: 131072
nr_of_strided_rec: 1
