fclose PID:37082 fd:3
fclose PID:37082 fd:4
fclose PID:37082 fd:4
fclose PID:37082 fd:3
available: 2 nodes (0-1)
fclose PID:37082 fd:3
node 0 cpus:fclose PID:37082 fd:3
 0 1 2 3 4 5 6 7 8 9 20 21 22 23 24 25 26 27 28 29
node 0 size: 80440 MB
node 0 free: 80121 MB
fclose PID:37082 fd:3
node 1 cpus:fclose PID:37082 fd:3
 10 11 12 13 14 15 16 17 18 19 30 31 32 33 34 35 36 37 38 39
node 1 size: 80635 MB
node 1 free: 80364 MB
fclose PID:37082 fd:3
fclose PID:37082 fd:3
node distances:
node   0   1 
  0:  10  21 
  1:  21  10 
READAHEAD_TIME:0.000000 us
MaxRSS= 2300 KB, SharedMem= 0 KB, HardPageFault= 10
fclose PID:37097 fd:8
fclose PID:37099 fd:8
fclose PID:37087 fd:12
fclose PID:37089 fd:8
fclose PID:37093 fd:8
fclose PID:37094 fd:8
fclose PID:37101 fd:8
fclose PID:37102 fd:8
fclose PID:37088 fd:10
fclose PID:37100 fd:8
fclose PID:37090 fd:8
fclose PID:37096 fd:8
fclose PID:37098 fd:8
fclose PID:37091 fd:8
fclose PID:37092 fd:8
fclose PID:37095 fd:8

MADbench 2.0 IO-mode
no_pe = 16  no_pix = 8192  no_bin = 30  no_gang = 1 sblocksize = 8  fblocksize = 64  r_mod = 1  w_mod = 1 record_size=4096 stride=7


IOMETHOD = POSIX  IOMODE = SYNC  FILETYPE = UNIQUE  REMAP = CUSTOMbuild_S
build_S
build_S
build_S
build_S
build_S
build_S
build_S
build_S
build_S
build_S
build_S
build_S
build_S
build_S
build_S

Write the data to file:33554432 bytes
***********WAITING************

Write the data to file:33554432 bytes
***********WAITING************

Write the data to file:33554432 bytes
***********WAITING************

Write the data to file:33554432 bytes
***********WAITING************

Write the data to file:33554432 bytes
***********WAITING************

Write the data to file:33554432 bytes
***********WAITING************

Write the data to file:33554432 bytes
***********WAITING************

Write the data to file:33554432 bytes
***********WAITING************

Write the data to file:33554432 bytes
***********WAITING************

Write the data to file:33554432 bytes
***********WAITING************

Write the data to file:33554432 bytes
***********WAITING************

Write the data to file:33554432 bytes
***********WAITING************

Write the data to file:33554432 bytes
***********WAITING************

Write the data to file:33554432 bytes
***********WAITING************

Write the data to file:33554432 bytes
***********WAITING************

Write the data to file:33554432 bytes
***********WAITING************

Write the data to file:33554432 bytes
***********WAITING************

Write the data to file:33554432 bytes
***********WAITING************

Write the data to file:33554432 bytes
***********WAITING************

Write the data to file:33554432 bytes
***********WAITING************

Write the data to file:33554432 bytes
***********WAITING************

Write the data to file:33554432 bytes
***********WAITING************

Write the data to file:33554432 bytes
***********WAITING************

Write the data to file:33554432 bytes
***********WAITING************

Write the data to file:33554432 bytes
***********WAITING************

Write the data to file:33554432 bytes
***********WAITING************

Write the data to file:33554432 bytes
***********WAITING************

Write the data to file:33554432 bytes
***********WAITING************

Write the data to file:33554432 bytes
***********WAITING************

Write the data to file:33554432 bytes
***********WAITING************

Write the data to file:33554432 bytes
***********WAITING************

Write the data to file:33554432 bytes
***********WAITING************

Write the data to file:33554432 bytes
***********WAITING************

Write the data to file:33554432 bytes
***********WAITING************

Write the data to file:33554432 bytes
***********WAITING************

Write the data to file:33554432 bytes
***********WAITING************

Write the data to file:33554432 bytes
***********WAITING************

Write the data to file:33554432 bytes
***********WAITING************

Write the data to file:33554432 bytes
***********WAITING************

Write the data to file:33554432 bytes
***********WAITING************

Write the data to file:33554432 bytes
***********WAITING************

Write the data to file:33554432 bytes
***********WAITING************

Write the data to file:33554432 bytes
***********WAITING************

Write the data to file:33554432 bytes
***********WAITING************

Write the data to file:33554432 bytes
***********WAITING************

Write the data to file:33554432 bytes
***********WAITING************

Write the data to file:33554432 bytes
***********WAITING************

Write the data to file:33554432 bytes
***********WAITING************

Write the data to file:33554432 bytes
***********WAITING************

Write the data to file:33554432 bytes
***********WAITING************

Write the data to file:33554432 bytes
***********WAITING************

Write the data to file:33554432 bytes
***********WAITING************

Write the data to file:33554432 bytes
***********WAITING************

Write the data to file:33554432 bytes
***********WAITING************

Write the data to file:33554432 bytes
***********WAITING************

Write the data to file:33554432 bytes
***********WAITING************

Write the data to file:33554432 bytes
***********WAITING************

Write the data to file:33554432 bytes
***********WAITING************

Write the data to file:33554432 bytes
***********WAITING************

Write the data to file:33554432 bytes
***********WAITING************

Write the data to file:33554432 bytes
***********WAITING************

Write the data to file:33554432 bytes
***********WAITING************

Write the data to file:33554432 bytes
***********WAITING************

Write the data to file:33554432 bytes
***********WAITING************

Write the data to file:33554432 bytes
***********WAITING************

Write the data to file:33554432 bytes
***********WAITING************

Write the data to file:33554432 bytes
***********WAITING************

Write the data to file:33554432 bytes
***********WAITING************

Write the data to file:33554432 bytes
***********WAITING************

Write the data to file:33554432 bytes
***********WAITING************

Write the data to file:33554432 bytes
***********WAITING************

Write the data to file:33554432 bytes
***********WAITING************

Write the data to file:33554432 bytes
***********WAITING************

Write the data to file:33554432 bytes
***********WAITING************

Write the data to file:33554432 bytes
***********WAITING************

Write the data to file:33554432 bytes
***********WAITING************

Write the data to file:33554432 bytes
***********WAITING************

Write the data to file:33554432 bytes
***********WAITING************

Write the data to file:33554432 bytes
***********WAITING************

Write the data to file:33554432 bytes
***********WAITING************

Write the data to file:33554432 bytes
***********WAITING************

Write the data to file:33554432 bytes
***********WAITING************

Write the data to file:33554432 bytes
***********WAITING************

Write the data to file:33554432 bytes
***********WAITING************

Write the data to file:33554432 bytes
***********WAITING************

Write the data to file:33554432 bytes
***********WAITING************

Write the data to file:33554432 bytes
***********WAITING************

Write the data to file:33554432 bytes
***********WAITING************

Write the data to file:33554432 bytes
***********WAITING************

Write the data to file:33554432 bytes
***********WAITING************

Write the data to file:33554432 bytes
***********WAITING************

Write the data to file:33554432 bytes
***********WAITING************

Write the data to file:33554432 bytes
***********WAITING************

Write the data to file:33554432 bytes
***********WAITING************

Write the data to file:33554432 bytes
***********WAITING************

Write the data to file:33554432 bytes
***********WAITING************

Write the data to file:33554432 bytes
***********WAITING************

Write the data to file:33554432 bytes
***********WAITING************

Write the data to file:33554432 bytes
***********WAITING************

Write the data to file:33554432 bytes
***********WAITING************

Write the data to file:33554432 bytes
***********WAITING************

Write the data to file:33554432 bytes
***********WAITING************

Write the data to file:33554432 bytes
***********WAITING************

Write the data to file:33554432 bytes
***********WAITING************

Write the data to file:33554432 bytes
***********WAITING************

Write the data to file:33554432 bytes
***********WAITING************

Write the data to file:33554432 bytes
***********WAITING************

Write the data to file:33554432 bytes
***********WAITING************

Write the data to file:33554432 bytes
***********WAITING************

Write the data to file:33554432 bytes
***********WAITING************

Write the data to file:33554432 bytes
***********WAITING************

Write the data to file:33554432 bytes
***********WAITING************

Write the data to file:33554432 bytes
***********WAITING************

Write the data to file:33554432 bytes
***********WAITING************

Write the data to file:33554432 bytes
***********WAITING************

Write the data to file:33554432 bytes
***********WAITING************

Write the data to file:33554432 bytes
***********WAITING************

Write the data to file:33554432 bytes
***********WAITING************

Write the data to file:33554432 bytes
***********WAITING************

Write the data to file:33554432 bytes
***********WAITING************

Write the data to file:33554432 bytes
***********WAITING************

Write the data to file:33554432 bytes
***********WAITING************

Write the data to file:33554432 bytes
***********WAITING************

Write the data to file:33554432 bytes
***********WAITING************

Write the data to file:33554432 bytes
***********WAITING************

Write the data to file:33554432 bytes
***********WAITING************

Write the data to file:33554432 bytes
***********WAITING************

Write the data to file:33554432 bytes
***********WAITING************

Write the data to file:33554432 bytes
***********WAITING************

Write the data to file:33554432 bytes
***********WAITING************

Write the data to file:33554432 bytes
***********WAITING************

Write the data to file:33554432 bytes
***********WAITING************

Write the data to file:33554432 bytes
***********WAITING************

Write the data to file:33554432 bytes
***********WAITING************

Write the data to file:33554432 bytes
***********WAITING************

Write the data to file:33554432 bytes
***********WAITING************

Write the data to file:33554432 bytes
***********WAITING************

Write the data to file:33554432 bytes
***********WAITING************

Write the data to file:33554432 bytes
***********WAITING************

Write the data to file:33554432 bytes
***********WAITING************

Write the data to file:33554432 bytes
***********WAITING************

Write the data to file:33554432 bytes
***********WAITING************

Write the data to file:33554432 bytes
***********WAITING************

Write the data to file:33554432 bytes
***********WAITING************

Write the data to file:33554432 bytes
***********WAITING************

Write the data to file:33554432 bytes
***********WAITING************

Write the data to file:33554432 bytes
***********WAITING************

Write the data to file:33554432 bytes
***********WAITING************

Write the data to file:33554432 bytes
***********WAITING************

Write the data to file:33554432 bytes
***********WAITING************

Write the data to file:33554432 bytes
***********WAITING************

Write the data to file:33554432 bytes
***********WAITING************

Write the data to file:33554432 bytes
***********WAITING************

Write the data to file:33554432 bytes
***********WAITING************

Write the data to file:33554432 bytes
***********WAITING************

Write the data to file:33554432 bytes
***********WAITING************

Write the data to file:33554432 bytes
***********WAITING************

Write the data to file:33554432 bytes
***********WAITING************

Write the data to file:33554432 bytes
***********WAITING************

Write the data to file:33554432 bytes
***********WAITING************

Write the data to file:33554432 bytes
***********WAITING************

Write the data to file:33554432 bytes
***********WAITING************

Write the data to file:33554432 bytes
***********WAITING************

Write the data to file:33554432 bytes
***********WAITING************

Write the data to file:33554432 bytes
***********WAITING************

Write the data to file:33554432 bytes
***********WAITING************

Write the data to file:33554432 bytes
***********WAITING************

Write the data to file:33554432 bytes
***********WAITING************

Write the data to file:33554432 bytes
***********WAITING************

Write the data to file:33554432 bytes
***********WAITING************

Write the data to file:33554432 bytes
***********WAITING************

Write the data to file:33554432 bytes
***********WAITING************

Write the data to file:33554432 bytes
***********WAITING************

Write the data to file:33554432 bytes
***********WAITING************

Write the data to file:33554432 bytes
***********WAITING************

Write the data to file:33554432 bytes
***********WAITING************

Write the data to file:33554432 bytes
***********WAITING************

Write the data to file:33554432 bytes
***********WAITING************

Write the data to file:33554432 bytes
***********WAITING************

Write the data to file:33554432 bytes
***********WAITING************

Write the data to file:33554432 bytes
***********WAITING************

Write the data to file:33554432 bytes
***********WAITING************

Write the data to file:33554432 bytes
***********WAITING************

Write the data to file:33554432 bytes
***********WAITING************

Write the data to file:33554432 bytes
***********WAITING************

Write the data to file:33554432 bytes
***********WAITING************

Write the data to file:33554432 bytes
***********WAITING************

Write the data to file:33554432 bytes
***********WAITING************

Write the data to file:33554432 bytes
***********WAITING************

Write the data to file:33554432 bytes
***********WAITING************

Write the data to file:33554432 bytes
***********WAITING************

Write the data to file:33554432 bytes
***********WAITING************

Write the data to file:33554432 bytes
***********WAITING************

Write the data to file:33554432 bytes
***********WAITING************

Write the data to file:33554432 bytes
***********WAITING************

Write the data to file:33554432 bytes
***********WAITING************

Write the data to file:33554432 bytes
***********WAITING************

Write the data to file:33554432 bytes
***********WAITING************

Write the data to file:33554432 bytes
***********WAITING************

Write the data to file:33554432 bytes
***********WAITING************

Write the data to file:33554432 bytes
***********WAITING************

Write the data to file:33554432 bytes
***********WAITING************

Write the data to file:33554432 bytes
***********WAITING************

Write the data to file:33554432 bytes
***********WAITING************

Write the data to file:33554432 bytes
***********WAITING************

Write the data to file:33554432 bytes
***********WAITING************

Write the data to file:33554432 bytes
***********WAITING************

Write the data to file:33554432 bytes
***********WAITING************

Write the data to file:33554432 bytes
***********WAITING************

Write the data to file:33554432 bytes
***********WAITING************

Write the data to file:33554432 bytes
***********WAITING************

Write the data to file:33554432 bytes
***********WAITING************

Write the data to file:33554432 bytes
***********WAITING************

Write the data to file:33554432 bytes
***********WAITING************

Write the data to file:33554432 bytes
***********WAITING************

Write the data to file:33554432 bytes
***********WAITING************

Write the data to file:33554432 bytes
***********WAITING************

Write the data to file:33554432 bytes
***********WAITING************

Write the data to file:33554432 bytes
***********WAITING************

Write the data to file:33554432 bytes
***********WAITING************

Write the data to file:33554432 bytes
***********WAITING************

Write the data to file:33554432 bytes
***********WAITING************

Write the data to file:33554432 bytes
***********WAITING************

Write the data to file:33554432 bytes
***********WAITING************

Write the data to file:33554432 bytes
***********WAITING************

Write the data to file:33554432 bytes
***********WAITING************

Write the data to file:33554432 bytes
***********WAITING************

Write the data to file:33554432 bytes
***********WAITING************

Write the data to file:33554432 bytes
***********WAITING************

Write the data to file:33554432 bytes
***********WAITING************

Write the data to file:33554432 bytes
***********WAITING************

Write the data to file:33554432 bytes
***********WAITING************

Write the data to file:33554432 bytes
***********WAITING************

Write the data to file:33554432 bytes
***********WAITING************

Write the data to file:33554432 bytes
***********WAITING************

Write the data to file:33554432 bytes
***********WAITING************

Write the data to file:33554432 bytes
***********WAITING************

Write the data to file:33554432 bytes
***********WAITING************

Write the data to file:33554432 bytes
***********WAITING************

Write the data to file:33554432 bytes
***********WAITING************

Write the data to file:33554432 bytes
***********WAITING************

Write the data to file:33554432 bytes
***********WAITING************

Write the data to file:33554432 bytes
***********WAITING************

Write the data to file:33554432 bytes
***********WAITING************

Write the data to file:33554432 bytes
***********WAITING************

Write the data to file:33554432 bytes
***********WAITING************

Write the data to file:33554432 bytes
***********WAITING************

Write the data to file:33554432 bytes
***********WAITING************

Write the data to file:33554432 bytes
***********WAITING************

Write the data to file:33554432 bytes
***********WAITING************

Write the data to file:33554432 bytes
***********WAITING************

Write the data to file:33554432 bytes
***********WAITING************

Write the data to file:33554432 bytes
***********WAITING************

Write the data to file:33554432 bytes
***********WAITING************

Write the data to file:33554432 bytes
***********WAITING************

Write the data to file:33554432 bytes
***********WAITING************

Write the data to file:33554432 bytes
***********WAITING************

Write the data to file:33554432 bytes
***********WAITING************

Write the data to file:33554432 bytes
***********WAITING************

Write the data to file:33554432 bytes
***********WAITING************

Write the data to file:33554432 bytes
***********WAITING************

Write the data to file:33554432 bytes
***********WAITING************

Write the data to file:33554432 bytes
***********WAITING************

Write the data to file:33554432 bytes
***********WAITING************

Write the data to file:33554432 bytes
***********WAITING************

Write the data to file:33554432 bytes
***********WAITING************

Write the data to file:33554432 bytes
***********WAITING************

Write the data to file:33554432 bytes
***********WAITING************

Write the data to file:33554432 bytes
***********WAITING************

Write the data to file:33554432 bytes
***********WAITING************

Write the data to file:33554432 bytes
***********WAITING************

Write the data to file:33554432 bytes
***********WAITING************

Write the data to file:33554432 bytes
***********WAITING************

Write the data to file:33554432 bytes
***********WAITING************

Write the data to file:33554432 bytes
***********WAITING************

Write the data to file:33554432 bytes
***********WAITING************

Write the data to file:33554432 bytes
***********WAITING************

Write the data to file:33554432 bytes
***********WAITING************

Write the data to file:33554432 bytes
***********WAITING************

Write the data to file:33554432 bytes
***********WAITING************

Write the data to file:33554432 bytes
***********WAITING************

Write the data to file:33554432 bytes
***********WAITING************

Write the data to file:33554432 bytes
***********WAITING************

Write the data to file:33554432 bytes
***********WAITING************

Write the data to file:33554432 bytes
***********WAITING************

Write the data to file:33554432 bytes
***********WAITING************

Write the data to file:33554432 bytes
***********WAITING************

Write the data to file:33554432 bytes
***********WAITING************

Write the data to file:33554432 bytes
***********WAITING************

Write the data to file:33554432 bytes
***********WAITING************

Write the data to file:33554432 bytes
***********WAITING************

Write the data to file:33554432 bytes
***********WAITING************

Write the data to file:33554432 bytes
***********WAITING************

Write the data to file:33554432 bytes
***********WAITING************

Write the data to file:33554432 bytes
***********WAITING************

Write the data to file:33554432 bytes
***********WAITING************

Write the data to file:33554432 bytes
***********WAITING************

Write the data to file:33554432 bytes
***********WAITING************

Write the data to file:33554432 bytes
***********WAITING************

Write the data to file:33554432 bytes
***********WAITING************

Write the data to file:33554432 bytes
***********WAITING************

Write the data to file:33554432 bytes
***********WAITING************

Write the data to file:33554432 bytes
***********WAITING************

Write the data to file:33554432 bytes
***********WAITING************

Write the data to file:33554432 bytes
***********WAITING************

Write the data to file:33554432 bytes
***********WAITING************

Write the data to file:33554432 bytes
***********WAITING************

Write the data to file:33554432 bytes
***********WAITING************

Write the data to file:33554432 bytes
***********WAITING************

Write the data to file:33554432 bytes
***********WAITING************

Write the data to file:33554432 bytes
***********WAITING************

Write the data to file:33554432 bytes
***********WAITING************

Write the data to file:33554432 bytes
***********WAITING************

Write the data to file:33554432 bytes
***********WAITING************

Write the data to file:33554432 bytes
***********WAITING************

Write the data to file:33554432 bytes
***********WAITING************

Write the data to file:33554432 bytes
***********WAITING************

Write the data to file:33554432 bytes
***********WAITING************

Write the data to file:33554432 bytes
***********WAITING************

Write the data to file:33554432 bytes
***********WAITING************

Write the data to file:33554432 bytes
***********WAITING************

Write the data to file:33554432 bytes
***********WAITING************

Write the data to file:33554432 bytes
***********WAITING************

Write the data to file:33554432 bytes
***********WAITING************

Write the data to file:33554432 bytes
***********WAITING************

Write the data to file:33554432 bytes
***********WAITING************

Write the data to file:33554432 bytes
***********WAITING************

Write the data to file:33554432 bytes
***********WAITING************

Write the data to file:33554432 bytes
***********WAITING************

Write the data to file:33554432 bytes
***********WAITING************

Write the data to file:33554432 bytes
***********WAITING************

Write the data to file:33554432 bytes
***********WAITING************

Write the data to file:33554432 bytes
***********WAITING************

Write the data to file:33554432 bytes
***********WAITING************

Write the data to file:33554432 bytes
***********WAITING************

Write the data to file:33554432 bytes
***********WAITING************

Write the data to file:33554432 bytes
***********WAITING************

Write the data to file:33554432 bytes
***********WAITING************

Write the data to file:33554432 bytes
***********WAITING************

Write the data to file:33554432 bytes
***********WAITING************

Write the data to file:33554432 bytes
***********WAITING************

Write the data to file:33554432 bytes
***********WAITING************

Write the data to file:33554432 bytes
***********WAITING************

Write the data to file:33554432 bytes
***********WAITING************

Write the data to file:33554432 bytes
***********WAITING************

Write the data to file:33554432 bytes
***********WAITING************

Write the data to file:33554432 bytes
***********WAITING************

Write the data to file:33554432 bytes
***********WAITING************

Write the data to file:33554432 bytes
***********WAITING************

Write the data to file:33554432 bytes
***********WAITING************

Write the data to file:33554432 bytes
***********WAITING************

Write the data to file:33554432 bytes
***********WAITING************

Write the data to file:33554432 bytes
***********WAITING************

Write the data to file:33554432 bytes
***********WAITING************

Write the data to file:33554432 bytes
***********WAITING************

Write the data to file:33554432 bytes
***********WAITING************

Write the data to file:33554432 bytes
***********WAITING************

Write the data to file:33554432 bytes
***********WAITING************

Write the data to file:33554432 bytes
***********WAITING************

Write the data to file:33554432 bytes
***********WAITING************

Write the data to file:33554432 bytes
***********WAITING************

Write the data to file:33554432 bytes
***********WAITING************

Write the data to file:33554432 bytes
***********WAITING************

Write the data to file:33554432 bytes
***********WAITING************

Write the data to file:33554432 bytes
***********WAITING************

Write the data to file:33554432 bytes
***********WAITING************

Write the data to file:33554432 bytes
***********WAITING************

Write the data to file:33554432 bytes
***********WAITING************

Write the data to file:33554432 bytes
***********WAITING************

Write the data to file:33554432 bytes
***********WAITING************

Write the data to file:33554432 bytes
***********WAITING************

Write the data to file:33554432 bytes
***********WAITING************

Write the data to file:33554432 bytes
***********WAITING************

Write the data to file:33554432 bytes
***********WAITING************

Write the data to file:33554432 bytes
***********WAITING************

Write the data to file:33554432 bytes
***********WAITING************

Write the data to file:33554432 bytes
***********WAITING************

Write the data to file:33554432 bytes
***********WAITING************

Write the data to file:33554432 bytes
***********WAITING************

Write the data to file:33554432 bytes
***********WAITING************

Write the data to file:33554432 bytes
***********WAITING************

Write the data to file:33554432 bytes
***********WAITING************

Write the data to file:33554432 bytes
***********WAITING************

Write the data to file:33554432 bytes
***********WAITING************

Write the data to file:33554432 bytes
***********WAITING************

Write the data to file:33554432 bytes
***********WAITING************

Write the data to file:33554432 bytes
***********WAITING************

Write the data to file:33554432 bytes
***********WAITING************

Write the data to file:33554432 bytes
***********WAITING************

Write the data to file:33554432 bytes
***********WAITING************

Write the data to file:33554432 bytes
***********WAITING************

Write the data to file:33554432 bytes
***********WAITING************

Write the data to file:33554432 bytes
***********WAITING************

Write the data to file:33554432 bytes
***********WAITING************

Write the data to file:33554432 bytes
***********WAITING************

Write the data to file:33554432 bytes
***********WAITING************

Write the data to file:33554432 bytes
***********WAITING************

Write the data to file:33554432 bytes
***********WAITING************

Write the data to file:33554432 bytes
***********WAITING************

Write the data to file:33554432 bytes
***********WAITING************

Write the data to file:33554432 bytes
***********WAITING************

Write the data to file:33554432 bytes
***********WAITING************

Write the data to file:33554432 bytes
***********WAITING************

Write the data to file:33554432 bytes
***********WAITING************

Write the data to file:33554432 bytes
***********WAITING************

Write the data to file:33554432 bytes
***********WAITING************

Write the data to file:33554432 bytes
***********WAITING************

Write the data to file:33554432 bytes
***********WAITING************

Write the data to file:33554432 bytes
***********WAITING************

Write the data to file:33554432 bytes
***********WAITING************

Write the data to file:33554432 bytes
***********WAITING************

Write the data to file:33554432 bytes
***********WAITING************

Write the data to file:33554432 bytes
***********WAITING************

Write the data to file:33554432 bytes
***********WAITING************

Write the data to file:33554432 bytes
***********WAITING************

Write the data to file:33554432 bytes
***********WAITING************

Write the data to file:33554432 bytes
***********WAITING************

Write the data to file:33554432 bytes
***********WAITING************

Write the data to file:33554432 bytes
***********WAITING************

Write the data to file:33554432 bytes
***********WAITING************

Write the data to file:33554432 bytes
***********WAITING************

Write the data to file:33554432 bytes
***********WAITING************

Write the data to file:33554432 bytes
***********WAITING************

Write the data to file:33554432 bytes
***********WAITING************

Write the data to file:33554432 bytes
***********WAITING************

Write the data to file:33554432 bytes
***********WAITING************

Write the data to file:33554432 bytes
***********WAITING************

Write the data to file:33554432 bytes
***********WAITING************

Write the data to file:33554432 bytes
***********WAITING************

Write the data to file:33554432 bytes
***********WAITING************

Write the data to file:33554432 bytes
***********WAITING************

Write the data to file:33554432 bytes
***********WAITING************

Write the data to file:33554432 bytes
***********WAITING************

Write the data to file:33554432 bytes
***********WAITING************

Write the data to file:33554432 bytes
***********WAITING************

Write the data to file:33554432 bytes
***********WAITING************

Write the data to file:33554432 bytes
***********WAITING************

Write the data to file:33554432 bytes
***********WAITING************

Write the data to file:33554432 bytes
***********WAITING************

Write the data to file:33554432 bytes
***********WAITING************

Write the data to file:33554432 bytes
***********WAITING************

Write the data to file:33554432 bytes
***********WAITING************

Write the data to file:33554432 bytes
***********WAITING************

Write the data to file:33554432 bytes
***********WAITING************

Write the data to file:33554432 bytes
***********WAITING************

Write the data to file:33554432 bytes
***********WAITING************

Write the data to file:33554432 bytes
***********WAITING************

Write the data to file:33554432 bytes
***********WAITING************

Write the data to file:33554432 bytes
***********WAITING************

Write the data to file:33554432 bytes
***********WAITING************

Write the data to file:33554432 bytes
***********WAITING************

Write the data to file:33554432 bytes
***********WAITING************

Write the data to file:33554432 bytes
***********WAITING************

Write the data to file:33554432 bytes
***********WAITING************

Write the data to file:33554432 bytes
***********WAITING************

Write the data to file:33554432 bytes
***********WAITING************

Write the data to file:33554432 bytes
***********WAITING************

Write the data to file:33554432 bytes
***********WAITING************

Write the data to file:33554432 bytes
***********WAITING************

Write the data to file:33554432 bytes
***********WAITING************

Write the data to file:33554432 bytes
***********WAITING************

Write the data to file:33554432 bytes
***********WAITING************

Write the data to file:33554432 bytes
***********WAITING************

Write the data to file:33554432 bytes
***********WAITING************

Write the data to file:33554432 bytes
***********WAITING************

Write the data to file:33554432 bytes
***********WAITING************

Write the data to file:33554432 bytes
***********WAITING************

Write the data to file:33554432 bytes
***********WAITING************

Write the data to file:33554432 bytes
***********WAITING************

Write the data to file:33554432 bytes
***********WAITING************

Write the data to file:33554432 bytes
***********WAITING************

Write the data to file:33554432 bytes
***********WAITING************

Write the data to file:33554432 bytes
***********WAITING************

Write the data to file:33554432 bytes
***********WAITING************

Write the data to file:33554432 bytes
***********WAITING************

Write the data to file:33554432 bytes
***********WAITING************

Write the data to file:33554432 bytes
***********WAITING************

Write the data to file:33554432 bytes
***********WAITING************

Write the data to file:33554432 bytes
***********WAITING************

Write the data to file:33554432 bytes
***********WAITING************
S_cc         0.94   [      0.94:      0.94]
S_bw         0.33   [      0.33:      0.33]
S_w         30.18   [     30.18:     30.18]
          -------
S_total     31.45   [     31.45:     31.45]

build_S done
calc_W
build_S done
calc_W
nr_of_strided_rec: 1024
nr_doubles: 512
build_S done
calc_W
nr_of_strided_rec: 1024
nr_doubles: 512
build_S done
calc_W
nr_of_strided_rec: 1024
nr_doubles: 512
build_S done
calc_W
nr_of_strided_rec: 1024
nr_doubles: 512
build_S done
calc_W
nr_of_strided_rec: 1024
nr_doubles: 512
build_S done
calc_W
nr_of_strided_rec: 1024
nr_doubles: 512
build_S done
calc_W
nr_of_strided_rec: 1024
nr_doubles: 512
build_S done
calc_W
nr_of_strided_rec: 1024
nr_doubles: 512
build_S done
calc_W
nr_of_strided_rec: 1024
nr_doubles: 512
build_S done
calc_W
nr_of_strided_rec: 1024
nr_doubles: 512
build_S done
calc_W
nr_of_strided_rec: 1024
nr_doubles: 512
build_S done
calc_W
nr_of_strided_rec: 1024
nr_doubles: 512
build_S done
calc_W
nr_of_strided_rec: 1024
nr_doubles: 512
build_S done
calc_W
nr_of_strided_rec: 1024
nr_doubles: 512
build_S done
calc_W
nr_of_strided_rec: 1024
nr_doubles: 512
nr_of_strided_rec: 1024
nr_doubles: 512
nr_of_strided_rec: 1024
nr_doubles: 512
nr_of_strided_rec: 1024
nr_doubles: 512
nr_of_strided_rec: 1024
nr_doubles: 512
nr_of_strided_rec: 1024
nr_doubles: 512
nr_of_strided_rec: 1024
nr_doubles: 512
nr_of_strided_rec: 1024
nr_doubles: 512
nr_of_strided_rec: 1024
nr_doubles: 512
nr_of_strided_rec: 1024
nr_doubles: 512
nr_of_strided_rec: 1024
nr_doubles: 512
nr_of_strided_rec: 1024
nr_doubles: 512
nr_of_strided_rec: 1024
nr_doubles: 512
nr_of_strided_rec: 1024
nr_doubles: 512
nr_of_strided_rec: 1024
nr_doubles: 512
nr_of_strided_rec: 1024
nr_doubles: 512
nr_of_strided_rec: 1024
nr_doubles: 512
nr_of_strided_rec: 1024
nr_doubles: 512

Write the data to file:33554432 bytes
***********WAITING************

Write the data to file:33554432 bytes
***********WAITING************

Write the data to file:33554432 bytes
***********WAITING************

Write the data to file:33554432 bytes
***********WAITING************

Write the data to file:33554432 bytes
***********WAITING************

Write the data to file:33554432 bytes
***********WAITING************

Write the data to file:33554432 bytes
***********WAITING************

Write the data to file:33554432 bytes
***********WAITING************

Write the data to file:33554432 bytes
***********WAITING************

Write the data to file:33554432 bytes
***********WAITING************

Write the data to file:33554432 bytes
***********WAITING************

Write the data to file:33554432 bytes
***********WAITING************

Write the data to file:33554432 bytes
***********WAITING************

Write the data to file:33554432 bytes
***********WAITING************

Write the data to file:33554432 bytes
***********WAITING************

Write the data to file:33554432 bytes
***********WAITING************
nr_of_strided_rec: 1024
nr_doubles: 512
nr_of_strided_rec: 1024
nr_doubles: 512
nr_of_strided_rec: 1024
nr_doubles: 512
nr_of_strided_rec: 1024
nr_doubles: 512
nr_of_strided_rec: 1024
nr_doubles: 512
nr_of_strided_rec: 1024
nr_doubles: 512
nr_of_strided_rec: 1024
nr_doubles: 512
nr_of_strided_rec: 1024
nr_doubles: 512
nr_of_strided_rec: 1024
nr_doubles: 512
nr_of_strided_rec: 1024
nr_doubles: 512
nr_of_strided_rec: 1024
nr_doubles: 512
nr_of_strided_rec: 1024
nr_doubles: 512
nr_of_strided_rec: 1024
nr_doubles: 512
nr_of_strided_rec: 1024
nr_doubles: 512
nr_of_strided_rec: 1024
nr_doubles: 512
nr_of_strided_rec: 1024
nr_doubles: 512

Write the data to file:33554432 bytes
***********WAITING************

Write the data to file:33554432 bytes
***********WAITING************

Write the data to file:33554432 bytes
***********WAITING************

Write the data to file:33554432 bytes
***********WAITING************

Write the data to file:33554432 bytes
***********WAITING************

Write the data to file:33554432 bytes
***********WAITING************

Write the data to file:33554432 bytes
***********WAITING************

Write the data to file:33554432 bytes
***********WAITING************

Write the data to file:33554432 bytes
***********WAITING************

Write the data to file:33554432 bytes
***********WAITING************

Write the data to file:33554432 bytes
***********WAITING************

Write the data to file:33554432 bytes
***********WAITING************

Write the data to file:33554432 bytes
***********WAITING************

Write the data to file:33554432 bytes
***********WAITING************

Write the data to file:33554432 bytes
***********WAITING************

Write the data to file:33554432 bytes
***********WAITING************
nr_of_strided_rec: 1024
nr_doubles: 512
nr_of_strided_rec: 1024
nr_doubles: 512
nr_of_strided_rec: 1024
nr_doubles: 512
nr_of_strided_rec: 1024
nr_doubles: 512
nr_of_strided_rec: 1024
nr_doubles: 512
nr_of_strided_rec: 1024
nr_doubles: 512
nr_of_strided_rec: 1024
nr_doubles: 512
nr_of_strided_rec: 1024
nr_doubles: 512
nr_of_strided_rec: 1024
nr_doubles: 512
nr_of_strided_rec: 1024
nr_doubles: 512
nr_of_strided_rec: 1024
nr_doubles: 512
nr_of_strided_rec: 1024
nr_doubles: 512
nr_of_strided_rec: 1024
nr_doubles: 512
nr_of_strided_rec: 1024
nr_doubles: 512
nr_of_strided_rec: 1024
nr_doubles: 512
nr_of_strided_rec: 1024
nr_doubles: 512

Write the data to file:33554432 bytes
***********WAITING************

Write the data to file:33554432 bytes
***********WAITING************

Write the data to file:33554432 bytes
***********WAITING************

Write the data to file:33554432 bytes
***********WAITING************

Write the data to file:33554432 bytes
***********WAITING************

Write the data to file:33554432 bytes
***********WAITING************

Write the data to file:33554432 bytes
***********WAITING************

Write the data to file:33554432 bytes
***********WAITING************

Write the data to file:33554432 bytes
***********WAITING************

Write the data to file:33554432 bytes
***********WAITING************

Write the data to file:33554432 bytes
***********WAITING************

Write the data to file:33554432 bytes
***********WAITING************

Write the data to file:33554432 bytes
***********WAITING************

Write the data to file:33554432 bytes
***********WAITING************

Write the data to file:33554432 bytes
***********WAITING************

Write the data to file:33554432 bytes
***********WAITING************
nr_of_strided_rec: 1024
nr_doubles: 512
nr_of_strided_rec: 1024
nr_doubles: 512
nr_of_strided_rec: 1024
nr_doubles: 512
nr_of_strided_rec: 1024
nr_doubles: 512
nr_of_strided_rec: 1024
nr_doubles: 512
nr_of_strided_rec: 1024
nr_doubles: 512
nr_of_strided_rec: 1024
nr_doubles: 512
nr_of_strided_rec: 1024
nr_doubles: 512
nr_of_strided_rec: 1024
nr_doubles: 512
nr_of_strided_rec: 1024
nr_doubles: 512
nr_of_strided_rec: 1024
nr_doubles: 512
nr_of_strided_rec: 1024
nr_doubles: 512
nr_of_strided_rec: 1024
nr_doubles: 512
nr_of_strided_rec: 1024
nr_doubles: 512
nr_of_strided_rec: 1024
nr_doubles: 512
nr_of_strided_rec: 1024
nr_doubles: 512

Write the data to file:33554432 bytes
***********WAITING************

Write the data to file:33554432 bytes
***********WAITING************

Write the data to file:33554432 bytes
***********WAITING************

Write the data to file:33554432 bytes
***********WAITING************

Write the data to file:33554432 bytes
***********WAITING************

Write the data to file:33554432 bytes
***********WAITING************

Write the data to file:33554432 bytes
***********WAITING************

Write the data to file:33554432 bytes
***********WAITING************

Write the data to file:33554432 bytes
***********WAITING************

Write the data to file:33554432 bytes
***********WAITING************

Write the data to file:33554432 bytes
***********WAITING************

Write the data to file:33554432 bytes
***********WAITING************

Write the data to file:33554432 bytes
***********WAITING************

Write the data to file:33554432 bytes
***********WAITING************

Write the data to file:33554432 bytes
***********WAITING************

Write the data to file:33554432 bytes
***********WAITING************
nr_of_strided_rec: 1024
nr_doubles: 512
nr_of_strided_rec: 1024
nr_doubles: 512
nr_of_strided_rec: 1024
nr_doubles: 512
nr_of_strided_rec: 1024
nr_doubles: 512
nr_of_strided_rec: 1024
nr_doubles: 512
nr_of_strided_rec: 1024
nr_doubles: 512
nr_of_strided_rec: 1024
nr_doubles: 512
nr_of_strided_rec: 1024
nr_doubles: 512
nr_of_strided_rec: 1024
nr_doubles: 512
nr_of_strided_rec: 1024
nr_doubles: 512
nr_of_strided_rec: 1024
nr_doubles: 512
nr_of_strided_rec: 1024
nr_doubles: 512
nr_of_strided_rec: 1024
nr_doubles: 512
nr_of_strided_rec: 1024
nr_doubles: 512
nr_of_strided_rec: 1024
nr_doubles: 512
nr_of_strided_rec: 1024
nr_doubles: 512

Write the data to file:33554432 bytes
***********WAITING************

Write the data to file:33554432 bytes
***********WAITING************

Write the data to file:33554432 bytes
***********WAITING************

Write the data to file:33554432 bytes
***********WAITING************

Write the data to file:33554432 bytes
***********WAITING************

Write the data to file:33554432 bytes
***********WAITING************

Write the data to file:33554432 bytes
***********WAITING************

Write the data to file:33554432 bytes
***********WAITING************

Write the data to file:33554432 bytes
***********WAITING************

Write the data to file:33554432 bytes
***********WAITING************

Write the data to file:33554432 bytes
***********WAITING************

Write the data to file:33554432 bytes
***********WAITING************

Write the data to file:33554432 bytes
***********WAITING************

Write the data to file:33554432 bytes
***********WAITING************

Write the data to file:33554432 bytes
***********WAITING************

Write the data to file:33554432 bytes
***********WAITING************
nr_of_strided_rec: 1024
nr_doubles: 512
nr_of_strided_rec: 1024
nr_doubles: 512
nr_of_strided_rec: 1024
nr_doubles: 512
nr_of_strided_rec: 1024
nr_doubles: 512
nr_of_strided_rec: 1024
nr_doubles: 512
nr_of_strided_rec: 1024
nr_doubles: 512
nr_of_strided_rec: 1024
nr_doubles: 512
nr_of_strided_rec: 1024
nr_doubles: 512
nr_of_strided_rec: 1024
nr_doubles: 512
nr_of_strided_rec: 1024
nr_doubles: 512
nr_of_strided_rec: 1024
nr_doubles: 512
nr_of_strided_rec: 1024
nr_doubles: 512
nr_of_strided_rec: 1024
nr_doubles: 512
nr_of_strided_rec: 1024
nr_doubles: 512
nr_of_strided_rec: 1024
nr_doubles: 512
nr_of_strided_rec: 1024
nr_doubles: 512

Write the data to file:33554432 bytes
***********WAITING************

Write the data to file:33554432 bytes
***********WAITING************

Write the data to file:33554432 bytes
***********WAITING************

Write the data to file:33554432 bytes
***********WAITING************

Write the data to file:33554432 bytes
***********WAITING************

Write the data to file:33554432 bytes
***********WAITING************

Write the data to file:33554432 bytes
***********WAITING************

Write the data to file:33554432 bytes
***********WAITING************

Write the data to file:33554432 bytes
***********WAITING************

Write the data to file:33554432 bytes
***********WAITING************

Write the data to file:33554432 bytes
***********WAITING************

Write the data to file:33554432 bytes
***********WAITING************

Write the data to file:33554432 bytes
***********WAITING************

Write the data to file:33554432 bytes
***********WAITING************

Write the data to file:33554432 bytes
***********WAITING************

Write the data to file:33554432 bytes
***********WAITING************
nr_of_strided_rec: 1024
nr_doubles: 512
nr_of_strided_rec: 1024
nr_doubles: 512
nr_of_strided_rec: 1024
nr_doubles: 512
nr_of_strided_rec: 1024
nr_doubles: 512
nr_of_strided_rec: 1024
nr_doubles: 512
nr_of_strided_rec: 1024
nr_doubles: 512
nr_of_strided_rec: 1024
nr_doubles: 512
nr_of_strided_rec: 1024
nr_doubles: 512
nr_of_strided_rec: 1024
nr_doubles: 512
nr_of_strided_rec: 1024
nr_doubles: 512
nr_of_strided_rec: 1024
nr_doubles: 512
nr_of_strided_rec: 1024
nr_doubles: 512
nr_of_strided_rec: 1024
nr_doubles: 512
nr_of_strided_rec: 1024
nr_doubles: 512
nr_of_strided_rec: 1024
nr_doubles: 512
nr_of_strided_rec: 1024
nr_doubles: 512

Write the data to file:33554432 bytes
***********WAITING************

Write the data to file:33554432 bytes
***********WAITING************

Write the data to file:33554432 bytes
***********WAITING************

Write the data to file:33554432 bytes
***********WAITING************

Write the data to file:33554432 bytes
***********WAITING************

Write the data to file:33554432 bytes
***********WAITING************

Write the data to file:33554432 bytes
***********WAITING************

Write the data to file:33554432 bytes
***********WAITING************

Write the data to file:33554432 bytes
***********WAITING************

Write the data to file:33554432 bytes
***********WAITING************

Write the data to file:33554432 bytes
***********WAITING************

Write the data to file:33554432 bytes
***********WAITING************

Write the data to file:33554432 bytes
***********WAITING************

Write the data to file:33554432 bytes
***********WAITING************

Write the data to file:33554432 bytes
***********WAITING************

Write the data to file:33554432 bytes
***********WAITING************
nr_of_strided_rec: 1024
nr_doubles: 512
nr_of_strided_rec: 1024
nr_doubles: 512
nr_of_strided_rec: 1024
nr_doubles: 512
nr_of_strided_rec: 1024
nr_doubles: 512
nr_of_strided_rec: 1024
nr_doubles: 512
nr_of_strided_rec: 1024
nr_doubles: 512
nr_of_strided_rec: 1024
nr_doubles: 512
nr_of_strided_rec: 1024
nr_doubles: 512
nr_of_strided_rec: 1024
nr_doubles: 512
nr_of_strided_rec: 1024
nr_doubles: 512
nr_of_strided_rec: 1024
nr_doubles: 512
nr_of_strided_rec: 1024
nr_doubles: 512
nr_of_strided_rec: 1024
nr_doubles: 512
nr_of_strided_rec: 1024
nr_doubles: 512
nr_of_strided_rec: 1024
nr_doubles: 512
nr_of_strided_rec: 1024
nr_doubles: 512

Write the data to file:33554432 bytes
***********WAITING************

Write the data to file:33554432 bytes
***********WAITING************

Write the data to file:33554432 bytes
***********WAITING************

Write the data to file:33554432 bytes
***********WAITING************

Write the data to file:33554432 bytes
***********WAITING************

Write the data to file:33554432 bytes
***********WAITING************

Write the data to file:33554432 bytes
***********WAITING************

Write the data to file:33554432 bytes
***********WAITING************

Write the data to file:33554432 bytes
***********WAITING************

Write the data to file:33554432 bytes
***********WAITING************

Write the data to file:33554432 bytes
***********WAITING************

Write the data to file:33554432 bytes
***********WAITING************

Write the data to file:33554432 bytes
***********WAITING************

Write the data to file:33554432 bytes
***********WAITING************

Write the data to file:33554432 bytes
***********WAITING************

Write the data to file:33554432 bytes
***********WAITING************
nr_of_strided_rec: 1024
nr_doubles: 512
nr_of_strided_rec: 1024
nr_doubles: 512
nr_of_strided_rec: 1024
nr_doubles: 512
nr_of_strided_rec: 1024
nr_doubles: 512
nr_of_strided_rec: 1024
nr_doubles: 512
nr_of_strided_rec: 1024
nr_doubles: 512
nr_of_strided_rec: 1024
nr_doubles: 512
nr_of_strided_rec: 1024
nr_doubles: 512
nr_of_strided_rec: 1024
nr_doubles: 512
nr_of_strided_rec: 1024
nr_doubles: 512
nr_of_strided_rec: 1024
nr_doubles: 512
nr_of_strided_rec: 1024
nr_doubles: 512
nr_of_strided_rec: 1024
nr_doubles: 512
nr_of_strided_rec: 1024
nr_doubles: 512
nr_of_strided_rec: 1024
nr_doubles: 512
nr_of_strided_rec: 1024
nr_doubles: 512

Write the data to file:33554432 bytes
***********WAITING************

Write the data to file:33554432 bytes
***********WAITING************

Write the data to file:33554432 bytes
***********WAITING************

Write the data to file:33554432 bytes
***********WAITING************

Write the data to file:33554432 bytes
***********WAITING************

Write the data to file:33554432 bytes
***********WAITING************

Write the data to file:33554432 bytes
***********WAITING************

Write the data to file:33554432 bytes
***********WAITING************

Write the data to file:33554432 bytes
***********WAITING************

Write the data to file:33554432 bytes
***********WAITING************

Write the data to file:33554432 bytes
***********WAITING************

Write the data to file:33554432 bytes
***********WAITING************

Write the data to file:33554432 bytes
***********WAITING************

Write the data to file:33554432 bytes
***********WAITING************

Write the data to file:33554432 bytes
***********WAITING************

Write the data to file:33554432 bytes
***********WAITING************
nr_of_strided_rec: 1024
nr_doubles: 512
nr_of_strided_rec: 1024
nr_doubles: 512
nr_of_strided_rec: 1024
nr_doubles: 512
nr_of_strided_rec: 1024
nr_doubles: 512
nr_of_strided_rec: 1024
nr_doubles: 512
nr_of_strided_rec: 1024
nr_doubles: 512
nr_of_strided_rec: 1024
nr_doubles: 512
nr_of_strided_rec: 1024
nr_doubles: 512
nr_of_strided_rec: 1024
nr_doubles: 512
nr_of_strided_rec: 1024
nr_doubles: 512
nr_of_strided_rec: 1024
nr_doubles: 512
nr_of_strided_rec: 1024
nr_doubles: 512
nr_of_strided_rec: 1024
nr_doubles: 512
nr_of_strided_rec: 1024
nr_doubles: 512
nr_of_strided_rec: 1024
nr_doubles: 512
nr_of_strided_rec: 1024
nr_doubles: 512

Write the data to file:33554432 bytes
***********WAITING************

Write the data to file:33554432 bytes
***********WAITING************

Write the data to file:33554432 bytes
***********WAITING************

Write the data to file:33554432 bytes
***********WAITING************

Write the data to file:33554432 bytes
***********WAITING************

Write the data to file:33554432 bytes
***********WAITING************

Write the data to file:33554432 bytes
***********WAITING************

Write the data to file:33554432 bytes
***********WAITING************

Write the data to file:33554432 bytes
***********WAITING************

Write the data to file:33554432 bytes
***********WAITING************

Write the data to file:33554432 bytes
***********WAITING************

Write the data to file:33554432 bytes
***********WAITING************

Write the data to file:33554432 bytes
***********WAITING************

Write the data to file:33554432 bytes
***********WAITING************

Write the data to file:33554432 bytes
***********WAITING************

Write the data to file:33554432 bytes
***********WAITING************
nr_of_strided_rec: 1024
nr_doubles: 512
nr_of_strided_rec: 1024
nr_doubles: 512
nr_of_strided_rec: 1024
nr_doubles: 512
nr_of_strided_rec: 1024
nr_doubles: 512
nr_of_strided_rec: 1024
nr_doubles: 512
nr_of_strided_rec: 1024
nr_doubles: 512
nr_of_strided_rec: 1024
nr_doubles: 512
nr_of_strided_rec: 1024
nr_doubles: 512
nr_of_strided_rec: 1024
nr_doubles: 512
nr_of_strided_rec: 1024
nr_doubles: 512
nr_of_strided_rec: 1024
nr_doubles: 512
nr_of_strided_rec: 1024
nr_doubles: 512
nr_of_strided_rec: 1024
nr_doubles: 512
nr_of_strided_rec: 1024
nr_doubles: 512
nr_of_strided_rec: 1024
nr_doubles: 512
nr_of_strided_rec: 1024
nr_doubles: 512

Write the data to file:33554432 bytes
***********WAITING************

Write the data to file:33554432 bytes
***********WAITING************

Write the data to file:33554432 bytes
***********WAITING************

Write the data to file:33554432 bytes
***********WAITING************

Write the data to file:33554432 bytes
***********WAITING************

Write the data to file:33554432 bytes
***********WAITING************

Write the data to file:33554432 bytes
***********WAITING************

Write the data to file:33554432 bytes
***********WAITING************

Write the data to file:33554432 bytes
***********WAITING************

Write the data to file:33554432 bytes
***********WAITING************

Write the data to file:33554432 bytes
***********WAITING************

Write the data to file:33554432 bytes
***********WAITING************

Write the data to file:33554432 bytes
***********WAITING************

Write the data to file:33554432 bytes
***********WAITING************

Write the data to file:33554432 bytes
***********WAITING************

Write the data to file:33554432 bytes
***********WAITING************
nr_of_strided_rec: 1024
nr_doubles: 512
nr_of_strided_rec: 1024
nr_doubles: 512
nr_of_strided_rec: 1024
nr_doubles: 512
nr_of_strided_rec: 1024
nr_doubles: 512
nr_of_strided_rec: 1024
nr_doubles: 512
nr_of_strided_rec: 1024
nr_doubles: 512
nr_of_strided_rec: 1024
nr_doubles: 512
nr_of_strided_rec: 1024
nr_doubles: 512
nr_of_strided_rec: 1024
nr_doubles: 512
nr_of_strided_rec: 1024
nr_doubles: 512
nr_of_strided_rec: 1024
nr_doubles: 512
nr_of_strided_rec: 1024
nr_doubles: 512
nr_of_strided_rec: 1024
nr_doubles: 512
nr_of_strided_rec: 1024
nr_doubles: 512
nr_of_strided_rec: 1024
nr_doubles: 512
nr_of_strided_rec: 1024
nr_doubles: 512

Write the data to file:33554432 bytes
***********WAITING************

Write the data to file:33554432 bytes
***********WAITING************

Write the data to file:33554432 bytes
***********WAITING************

Write the data to file:33554432 bytes
***********WAITING************

Write the data to file:33554432 bytes
***********WAITING************

Write the data to file:33554432 bytes
***********WAITING************

Write the data to file:33554432 bytes
***********WAITING************

Write the data to file:33554432 bytes
***********WAITING************

Write the data to file:33554432 bytes
***********WAITING************

Write the data to file:33554432 bytes
***********WAITING************

Write the data to file:33554432 bytes
***********WAITING************

Write the data to file:33554432 bytes
***********WAITING************

Write the data to file:33554432 bytes
***********WAITING************

Write the data to file:33554432 bytes
***********WAITING************

Write the data to file:33554432 bytes
***********WAITING************

Write the data to file:33554432 bytes
***********WAITING************
nr_of_strided_rec: 1024
nr_doubles: 512
nr_of_strided_rec: 1024
nr_doubles: 512
nr_of_strided_rec: 1024
nr_doubles: 512
nr_of_strided_rec: 1024
nr_doubles: 512
nr_of_strided_rec: 1024
nr_doubles: 512
nr_of_strided_rec: 1024
nr_doubles: 512
nr_of_strided_rec: 1024
nr_doubles: 512
nr_of_strided_rec: 1024
nr_doubles: 512
nr_of_strided_rec: 1024
nr_doubles: 512
nr_of_strided_rec: 1024
nr_doubles: 512
nr_of_strided_rec: 1024
nr_doubles: 512
nr_of_strided_rec: 1024
nr_doubles: 512
nr_of_strided_rec: 1024
nr_doubles: 512
nr_of_strided_rec: 1024
nr_doubles: 512
nr_of_strided_rec: 1024
nr_doubles: 512
nr_of_strided_rec: 1024
nr_doubles: 512

Write the data to file:33554432 bytes
***********WAITING************

Write the data to file:33554432 bytes
***********WAITING************

Write the data to file:33554432 bytes
***********WAITING************

Write the data to file:33554432 bytes
***********WAITING************

Write the data to file:33554432 bytes
***********WAITING************

Write the data to file:33554432 bytes
***********WAITING************

Write the data to file:33554432 bytes
***********WAITING************

Write the data to file:33554432 bytes
***********WAITING************

Write the data to file:33554432 bytes
***********WAITING************

Write the data to file:33554432 bytes
***********WAITING************

Write the data to file:33554432 bytes
***********WAITING************

Write the data to file:33554432 bytes
***********WAITING************

Write the data to file:33554432 bytes
***********WAITING************

Write the data to file:33554432 bytes
***********WAITING************

Write the data to file:33554432 bytes
***********WAITING************

Write the data to file:33554432 bytes
***********WAITING************
nr_of_strided_rec: 1024
nr_doubles: 512
nr_of_strided_rec: 1024
nr_doubles: 512
nr_of_strided_rec: 1024
nr_doubles: 512
nr_of_strided_rec: 1024
nr_doubles: 512
nr_of_strided_rec: 1024
nr_doubles: 512
nr_of_strided_rec: 1024
nr_doubles: 512
nr_of_strided_rec: 1024
nr_doubles: 512
nr_of_strided_rec: 1024
nr_doubles: 512
nr_of_strided_rec: 1024
nr_doubles: 512
nr_of_strided_rec: 1024
nr_doubles: 512
nr_of_strided_rec: 1024
nr_doubles: 512
nr_of_strided_rec: 1024
nr_doubles: 512
nr_of_strided_rec: 1024
nr_doubles: 512
nr_of_strided_rec: 1024
nr_doubles: 512
nr_of_strided_rec: 1024
nr_doubles: 512
nr_of_strided_rec: 1024
nr_doubles: 512

Write the data to file:33554432 bytes
***********WAITING************

Write the data to file:33554432 bytes
***********WAITING************

Write the data to file:33554432 bytes
***********WAITING************

Write the data to file:33554432 bytes
***********WAITING************

Write the data to file:33554432 bytes
***********WAITING************

Write the data to file:33554432 bytes
***********WAITING************

Write the data to file:33554432 bytes
***********WAITING************

Write the data to file:33554432 bytes
***********WAITING************

Write the data to file:33554432 bytes
***********WAITING************

Write the data to file:33554432 bytes
***********WAITING************

Write the data to file:33554432 bytes
***********WAITING************

Write the data to file:33554432 bytes
***********WAITING************

Write the data to file:33554432 bytes
***********WAITING************

Write the data to file:33554432 bytes
***********WAITING************

Write the data to file:33554432 bytes
***********WAITING************

Write the data to file:33554432 bytes
***********WAITING************
nr_of_strided_rec: 1024
nr_doubles: 512
nr_of_strided_rec: 1024
nr_doubles: 512
nr_of_strided_rec: 1024
nr_doubles: 512
nr_of_strided_rec: 1024
nr_doubles: 512
nr_of_strided_rec: 1024
nr_doubles: 512
nr_of_strided_rec: 1024
nr_doubles: 512
nr_of_strided_rec: 1024
nr_doubles: 512
nr_of_strided_rec: 1024
nr_doubles: 512
nr_of_strided_rec: 1024
nr_doubles: 512
nr_of_strided_rec: 1024
nr_doubles: 512
nr_of_strided_rec: 1024
nr_doubles: 512
nr_of_strided_rec: 1024
nr_doubles: 512
nr_of_strided_rec: 1024
nr_doubles: 512
nr_of_strided_rec: 1024
nr_doubles: 512
nr_of_strided_rec: 1024
nr_doubles: 512
nr_of_strided_rec: 1024
nr_doubles: 512

Write the data to file:33554432 bytes
***********WAITING************

Write the data to file:33554432 bytes
***********WAITING************

Write the data to file:33554432 bytes
***********WAITING************

Write the data to file:33554432 bytes
***********WAITING************

Write the data to file:33554432 bytes
***********WAITING************

Write the data to file:33554432 bytes
***********WAITING************

Write the data to file:33554432 bytes
***********WAITING************

Write the data to file:33554432 bytes
***********WAITING************

Write the data to file:33554432 bytes
***********WAITING************

Write the data to file:33554432 bytes
***********WAITING************

Write the data to file:33554432 bytes
***********WAITING************

Write the data to file:33554432 bytes
***********WAITING************

Write the data to file:33554432 bytes
***********WAITING************

Write the data to file:33554432 bytes
***********WAITING************

Write the data to file:33554432 bytes
***********WAITING************

Write the data to file:33554432 bytes
***********WAITING************
nr_of_strided_rec: 1024
nr_doubles: 512
nr_of_strided_rec: 1024
nr_doubles: 512
nr_of_strided_rec: 1024
nr_doubles: 512
nr_of_strided_rec: 1024
nr_doubles: 512
nr_of_strided_rec: 1024
nr_doubles: 512
nr_of_strided_rec: 1024
nr_doubles: 512
nr_of_strided_rec: 1024
nr_doubles: 512
nr_of_strided_rec: 1024
nr_doubles: 512
nr_of_strided_rec: 1024
nr_doubles: 512
nr_of_strided_rec: 1024
nr_doubles: 512
nr_of_strided_rec: 1024
nr_doubles: 512
nr_of_strided_rec: 1024
nr_doubles: 512
nr_of_strided_rec: 1024
nr_doubles: 512
nr_of_strided_rec: 1024
nr_doubles: 512
nr_of_strided_rec: 1024
nr_doubles: 512
nr_of_strided_rec: 1024
nr_doubles: 512

Write the data to file:33554432 bytes
***********WAITING************

Write the data to file:33554432 bytes
***********WAITING************

Write the data to file:33554432 bytes
***********WAITING************

Write the data to file:33554432 bytes
***********WAITING************

Write the data to file:33554432 bytes
***********WAITING************

Write the data to file:33554432 bytes
***********WAITING************

Write the data to file:33554432 bytes
***********WAITING************

Write the data to file:33554432 bytes
***********WAITING************

Write the data to file:33554432 bytes
***********WAITING************

Write the data to file:33554432 bytes
***********WAITING************

Write the data to file:33554432 bytes
***********WAITING************

Write the data to file:33554432 bytes
***********WAITING************

Write the data to file:33554432 bytes
***********WAITING************

Write the data to file:33554432 bytes
***********WAITING************

Write the data to file:33554432 bytes
***********WAITING************

Write the data to file:33554432 bytes
***********WAITING************
nr_of_strided_rec: 1024
nr_doubles: 512
nr_of_strided_rec: 1024
nr_doubles: 512
nr_of_strided_rec: 1024
nr_doubles: 512
nr_of_strided_rec: 1024
nr_doubles: 512
nr_of_strided_rec: 1024
nr_doubles: 512
nr_of_strided_rec: 1024
nr_doubles: 512
nr_of_strided_rec: 1024
nr_doubles: 512
nr_of_strided_rec: 1024
nr_doubles: 512
nr_of_strided_rec: 1024
nr_doubles: 512
nr_of_strided_rec: 1024
nr_doubles: 512
nr_of_strided_rec: 1024
nr_doubles: 512
nr_of_strided_rec: 1024
nr_doubles: 512
nr_of_strided_rec: 1024
nr_doubles: 512
nr_of_strided_rec: 1024
nr_doubles: 512
nr_of_strided_rec: 1024
nr_doubles: 512
nr_of_strided_rec: 1024
nr_doubles: 512

Write the data to file:33554432 bytes
***********WAITING************

Write the data to file:33554432 bytes
***********WAITING************

Write the data to file:33554432 bytes
***********WAITING************

Write the data to file:33554432 bytes
***********WAITING************

Write the data to file:33554432 bytes
***********WAITING************

Write the data to file:33554432 bytes
***********WAITING************

Write the data to file:33554432 bytes
***********WAITING************

Write the data to file:33554432 bytes
***********WAITING************

Write the data to file:33554432 bytes
***********WAITING************

Write the data to file:33554432 bytes
***********WAITING************

Write the data to file:33554432 bytes
***********WAITING************

Write the data to file:33554432 bytes
***********WAITING************

Write the data to file:33554432 bytes
***********WAITING************

Write the data to file:33554432 bytes
***********WAITING************

Write the data to file:33554432 bytes
***********WAITING************

Write the data to file:33554432 bytes
***********WAITING************
nr_of_strided_rec: 1024
nr_doubles: 512
nr_of_strided_rec: 1024
nr_doubles: 512
nr_of_strided_rec: 1024
nr_doubles: 512
nr_of_strided_rec: 1024
nr_doubles: 512
nr_of_strided_rec: 1024
nr_doubles: 512
nr_of_strided_rec: 1024
nr_doubles: 512
nr_of_strided_rec: 1024
nr_doubles: 512
nr_of_strided_rec: 1024
nr_doubles: 512
nr_of_strided_rec: 1024
nr_doubles: 512
nr_of_strided_rec: 1024
nr_doubles: 512
nr_of_strided_rec: 1024
nr_doubles: 512
nr_of_strided_rec: 1024
nr_doubles: 512
nr_of_strided_rec: 1024
nr_doubles: 512
nr_of_strided_rec: 1024
nr_doubles: 512
nr_of_strided_rec: 1024
nr_doubles: 512
nr_of_strided_rec: 1024
nr_doubles: 512

Write the data to file:33554432 bytes
***********WAITING************

Write the data to file:33554432 bytes
***********WAITING************

Write the data to file:33554432 bytes
***********WAITING************

Write the data to file:33554432 bytes
***********WAITING************

Write the data to file:33554432 bytes
***********WAITING************

Write the data to file:33554432 bytes
***********WAITING************

Write the data to file:33554432 bytes
***********WAITING************

Write the data to file:33554432 bytes
***********WAITING************

Write the data to file:33554432 bytes
***********WAITING************

Write the data to file:33554432 bytes
***********WAITING************

Write the data to file:33554432 bytes
***********WAITING************

Write the data to file:33554432 bytes
***********WAITING************

Write the data to file:33554432 bytes
***********WAITING************

Write the data to file:33554432 bytes
***********WAITING************

Write the data to file:33554432 bytes
***********WAITING************

Write the data to file:33554432 bytes
***********WAITING************
nr_of_strided_rec: 1024
nr_doubles: 512
nr_of_strided_rec: 1024
nr_doubles: 512
nr_of_strided_rec: 1024
nr_doubles: 512
nr_of_strided_rec: 1024
nr_doubles: 512
nr_of_strided_rec: 1024
nr_doubles: 512
nr_of_strided_rec: 1024
nr_doubles: 512
nr_of_strided_rec: 1024
nr_doubles: 512
nr_of_strided_rec: 1024
nr_doubles: 512
nr_of_strided_rec: 1024
nr_doubles: 512
nr_of_strided_rec: 1024
nr_doubles: 512
nr_of_strided_rec: 1024
nr_doubles: 512
nr_of_strided_rec: 1024
nr_doubles: 512
nr_of_strided_rec: 1024
nr_doubles: 512
nr_of_strided_rec: 1024
nr_doubles: 512
nr_of_strided_rec: 1024
nr_doubles: 512
nr_of_strided_rec: 1024
nr_doubles: 512

Write the data to file:33554432 bytes
***********WAITING************

Write the data to file:33554432 bytes
***********WAITING************

Write the data to file:33554432 bytes
***********WAITING************

Write the data to file:33554432 bytes
***********WAITING************

Write the data to file:33554432 bytes
***********WAITING************

Write the data to file:33554432 bytes
***********WAITING************

Write the data to file:33554432 bytes
***********WAITING************

Write the data to file:33554432 bytes
***********WAITING************

Write the data to file:33554432 bytes
***********WAITING************

Write the data to file:33554432 bytes
***********WAITING************

Write the data to file:33554432 bytes
***********WAITING************

Write the data to file:33554432 bytes
***********WAITING************

Write the data to file:33554432 bytes
***********WAITING************

Write the data to file:33554432 bytes
***********WAITING************

Write the data to file:33554432 bytes
***********WAITING************

Write the data to file:33554432 bytes
***********WAITING************
nr_of_strided_rec: 1024
nr_doubles: 512
nr_of_strided_rec: 1024
nr_doubles: 512
nr_of_strided_rec: 1024
nr_doubles: 512
nr_of_strided_rec: 1024
nr_doubles: 512
nr_of_strided_rec: 1024
nr_doubles: 512
nr_of_strided_rec: 1024
nr_doubles: 512
nr_of_strided_rec: 1024
nr_doubles: 512
nr_of_strided_rec: 1024
nr_doubles: 512
nr_of_strided_rec: 1024
nr_doubles: 512
nr_of_strided_rec: 1024
nr_doubles: 512
nr_of_strided_rec: 1024
nr_doubles: 512
nr_of_strided_rec: 1024
nr_doubles: 512
nr_of_strided_rec: 1024
nr_doubles: 512
nr_of_strided_rec: 1024
nr_doubles: 512
nr_of_strided_rec: 1024
nr_doubles: 512
nr_of_strided_rec: 1024
nr_doubles: 512

Write the data to file:33554432 bytes
***********WAITING************

Write the data to file:33554432 bytes
***********WAITING************

Write the data to file:33554432 bytes
***********WAITING************

Write the data to file:33554432 bytes
***********WAITING************

Write the data to file:33554432 bytes
***********WAITING************

Write the data to file:33554432 bytes
***********WAITING************

Write the data to file:33554432 bytes
***********WAITING************

Write the data to file:33554432 bytes
***********WAITING************

Write the data to file:33554432 bytes
***********WAITING************

Write the data to file:33554432 bytes
***********WAITING************

Write the data to file:33554432 bytes
***********WAITING************

Write the data to file:33554432 bytes
***********WAITING************

Write the data to file:33554432 bytes
***********WAITING************

Write the data to file:33554432 bytes
***********WAITING************

Write the data to file:33554432 bytes
***********WAITING************

Write the data to file:33554432 bytes
***********WAITING************
nr_of_strided_rec: 1024
nr_doubles: 512
nr_of_strided_rec: 1024
nr_doubles: 512
nr_of_strided_rec: 1024
nr_doubles: 512
nr_of_strided_rec: 1024
nr_doubles: 512
nr_of_strided_rec: 1024
nr_doubles: 512
nr_of_strided_rec: 1024
nr_doubles: 512
nr_of_strided_rec: 1024
nr_doubles: 512
nr_of_strided_rec: 1024
nr_doubles: 512
nr_of_strided_rec: 1024
nr_doubles: 512
nr_of_strided_rec: 1024
nr_doubles: 512
nr_of_strided_rec: 1024
nr_doubles: 512
nr_of_strided_rec: 1024
nr_doubles: 512
nr_of_strided_rec: 1024
nr_doubles: 512
nr_of_strided_rec: 1024
nr_doubles: 512
nr_of_strided_rec: 1024
nr_doubles: 512
nr_of_strided_rec: 1024
nr_doubles: 512

Write the data to file:33554432 bytes
***********WAITING************

Write the data to file:33554432 bytes
***********WAITING************

Write the data to file:33554432 bytes
***********WAITING************

Write the data to file:33554432 bytes
***********WAITING************

Write the data to file:33554432 bytes
***********WAITING************

Write the data to file:33554432 bytes
***********WAITING************

Write the data to file:33554432 bytes
***********WAITING************

Write the data to file:33554432 bytes
***********WAITING************

Write the data to file:33554432 bytes
***********WAITING************

Write the data to file:33554432 bytes
***********WAITING************

Write the data to file:33554432 bytes
***********WAITING************

Write the data to file:33554432 bytes
***********WAITING************

Write the data to file:33554432 bytes
***********WAITING************

Write the data to file:33554432 bytes
***********WAITING************

Write the data to file:33554432 bytes
***********WAITING************

Write the data to file:33554432 bytes
***********WAITING************
nr_of_strided_rec: 1024
nr_doubles: 512
nr_of_strided_rec: 1024
nr_doubles: 512
nr_of_strided_rec: 1024
nr_doubles: 512
nr_of_strided_rec: 1024
nr_doubles: 512
nr_of_strided_rec: 1024
nr_doubles: 512
nr_of_strided_rec: 1024
nr_doubles: 512
nr_of_strided_rec: 1024
nr_doubles: 512
nr_of_strided_rec: 1024
nr_doubles: 512
nr_of_strided_rec: 1024
nr_doubles: 512
nr_of_strided_rec: 1024
nr_doubles: 512
nr_of_strided_rec: 1024
nr_doubles: 512
nr_of_strided_rec: 1024
nr_doubles: 512
nr_of_strided_rec: 1024
nr_doubles: 512
nr_of_strided_rec: 1024
nr_doubles: 512
nr_of_strided_rec: 1024
nr_doubles: 512
nr_of_strided_rec: 1024
nr_doubles: 512

Write the data to file:33554432 bytes
***********WAITING************

Write the data to file:33554432 bytes
***********WAITING************

Write the data to file:33554432 bytes
***********WAITING************

Write the data to file:33554432 bytes
***********WAITING************

Write the data to file:33554432 bytes
***********WAITING************

Write the data to file:33554432 bytes
***********WAITING************

Write the data to file:33554432 bytes
***********WAITING************

Write the data to file:33554432 bytes
***********WAITING************

Write the data to file:33554432 bytes
***********WAITING************

Write the data to file:33554432 bytes
***********WAITING************

Write the data to file:33554432 bytes
***********WAITING************

Write the data to file:33554432 bytes
***********WAITING************

Write the data to file:33554432 bytes
***********WAITING************

Write the data to file:33554432 bytes
***********WAITING************

Write the data to file:33554432 bytes
***********WAITING************

Write the data to file:33554432 bytes
***********WAITING************
nr_of_strided_rec: 1024
nr_doubles: 512
nr_of_strided_rec: 1024
nr_doubles: 512
nr_of_strided_rec: 1024
nr_doubles: 512
nr_of_strided_rec: 1024
nr_doubles: 512
nr_of_strided_rec: 1024
nr_doubles: 512
nr_of_strided_rec: 1024
nr_doubles: 512
nr_of_strided_rec: 1024
nr_doubles: 512
nr_of_strided_rec: 1024
nr_doubles: 512
nr_of_strided_rec: 1024
nr_doubles: 512
nr_of_strided_rec: 1024
nr_doubles: 512
nr_of_strided_rec: 1024
nr_doubles: 512
nr_of_strided_rec: 1024
nr_doubles: 512
nr_of_strided_rec: 1024
nr_doubles: 512
nr_of_strided_rec: 1024
nr_doubles: 512
nr_of_strided_rec: 1024
nr_doubles: 512
nr_of_strided_rec: 1024
nr_doubles: 512

Write the data to file:33554432 bytes
***********WAITING************

Write the data to file:33554432 bytes
***********WAITING************

Write the data to file:33554432 bytes
***********WAITING************

Write the data to file:33554432 bytes
***********WAITING************

Write the data to file:33554432 bytes
***********WAITING************

Write the data to file:33554432 bytes
***********WAITING************

Write the data to file:33554432 bytes
***********WAITING************

Write the data to file:33554432 bytes
***********WAITING************

Write the data to file:33554432 bytes
***********WAITING************

Write the data to file:33554432 bytes
***********WAITING************

Write the data to file:33554432 bytes
***********WAITING************

Write the data to file:33554432 bytes
***********WAITING************

Write the data to file:33554432 bytes
***********WAITING************

Write the data to file:33554432 bytes
***********WAITING************

Write the data to file:33554432 bytes
***********WAITING************

Write the data to file:33554432 bytes
***********WAITING************
nr_of_strided_rec: 1024
nr_doubles: 512
nr_of_strided_rec: 1024
nr_doubles: 512
nr_of_strided_rec: 1024
nr_doubles: 512
nr_of_strided_rec: 1024
nr_doubles: 512
nr_of_strided_rec: 1024
nr_doubles: 512
nr_of_strided_rec: 1024
nr_doubles: 512
nr_of_strided_rec: 1024
nr_doubles: 512
nr_of_strided_rec: 1024
nr_doubles: 512
nr_of_strided_rec: 1024
nr_doubles: 512
nr_of_strided_rec: 1024
nr_doubles: 512
nr_of_strided_rec: 1024
nr_doubles: 512
nr_of_strided_rec: 1024
nr_doubles: 512
nr_of_strided_rec: 1024
nr_doubles: 512
nr_of_strided_rec: 1024
nr_doubles: 512
nr_of_strided_rec: 1024
nr_doubles: 512
nr_of_strided_rec: 1024
nr_doubles: 512

Write the data to file:33554432 bytes
***********WAITING************

Write the data to file:33554432 bytes
***********WAITING************

Write the data to file:33554432 bytes
***********WAITING************

Write the data to file:33554432 bytes
***********WAITING************

Write the data to file:33554432 bytes
***********WAITING************

Write the data to file:33554432 bytes
***********WAITING************

Write the data to file:33554432 bytes
***********WAITING************

Write the data to file:33554432 bytes
***********WAITING************

Write the data to file:33554432 bytes
***********WAITING************

Write the data to file:33554432 bytes
***********WAITING************

Write the data to file:33554432 bytes
***********WAITING************

Write the data to file:33554432 bytes
***********WAITING************

Write the data to file:33554432 bytes
***********WAITING************

Write the data to file:33554432 bytes
***********WAITING************

Write the data to file:33554432 bytes
***********WAITING************

Write the data to file:33554432 bytes
***********WAITING************
nr_of_strided_rec: 1024
nr_doubles: 512
nr_of_strided_rec: 1024
nr_doubles: 512
nr_of_strided_rec: 1024
nr_doubles: 512
nr_of_strided_rec: 1024
nr_doubles: 512
nr_of_strided_rec: 1024
nr_doubles: 512
nr_of_strided_rec: 1024
nr_doubles: 512
nr_of_strided_rec: 1024
nr_doubles: 512
nr_of_strided_rec: 1024
nr_doubles: 512
nr_of_strided_rec: 1024
nr_doubles: 512
nr_of_strided_rec: 1024
nr_doubles: 512
nr_of_strided_rec: 1024
nr_doubles: 512
nr_of_strided_rec: 1024
nr_doubles: 512
nr_of_strided_rec: 1024
nr_doubles: 512
nr_of_strided_rec: 1024
nr_doubles: 512
nr_of_strided_rec: 1024
nr_doubles: 512
nr_of_strided_rec: 1024
nr_doubles: 512

Write the data to file:33554432 bytes
***********WAITING************

Write the data to file:33554432 bytes
***********WAITING************

Write the data to file:33554432 bytes
***********WAITING************

Write the data to file:33554432 bytes
***********WAITING************

Write the data to file:33554432 bytes
***********WAITING************

Write the data to file:33554432 bytes
***********WAITING************

Write the data to file:33554432 bytes
***********WAITING************

Write the data to file:33554432 bytes
***********WAITING************

Write the data to file:33554432 bytes
***********WAITING************

Write the data to file:33554432 bytes
***********WAITING************

Write the data to file:33554432 bytes
***********WAITING************

Write the data to file:33554432 bytes
***********WAITING************

Write the data to file:33554432 bytes
***********WAITING************

Write the data to file:33554432 bytes
***********WAITING************

Write the data to file:33554432 bytes
***********WAITING************

Write the data to file:33554432 bytes
***********WAITING************
nr_of_strided_rec: 1024
nr_doubles: 512
nr_of_strided_rec: 1024
nr_doubles: 512
nr_of_strided_rec: 1024
nr_doubles: 512
nr_of_strided_rec: 1024
nr_doubles: 512
nr_of_strided_rec: 1024
nr_doubles: 512
nr_of_strided_rec: 1024
nr_doubles: 512
nr_of_strided_rec: 1024
nr_doubles: 512
nr_of_strided_rec: 1024
nr_doubles: 512
nr_of_strided_rec: 1024
nr_doubles: 512
nr_of_strided_rec: 1024
nr_doubles: 512
nr_of_strided_rec: 1024
nr_doubles: 512
nr_of_strided_rec: 1024
nr_doubles: 512
nr_of_strided_rec: 1024
nr_doubles: 512
nr_of_strided_rec: 1024
nr_doubles: 512
nr_of_strided_rec: 1024
nr_doubles: 512
nr_of_strided_rec: 1024
nr_doubles: 512

Write the data to file:33554432 bytes
***********WAITING************

Write the data to file:33554432 bytes
***********WAITING************

Write the data to file:33554432 bytes
***********WAITING************

Write the data to file:33554432 bytes
***********WAITING************

Write the data to file:33554432 bytes
***********WAITING************

Write the data to file:33554432 bytes
***********WAITING************

Write the data to file:33554432 bytes
***********WAITING************

Write the data to file:33554432 bytes
***********WAITING************

Write the data to file:33554432 bytes
***********WAITING************

Write the data to file:33554432 bytes
***********WAITING************

Write the data to file:33554432 bytes
***********WAITING************

Write the data to file:33554432 bytes
***********WAITING************

Write the data to file:33554432 bytes
***********WAITING************

Write the data to file:33554432 bytes
***********WAITING************

Write the data to file:33554432 bytes
***********WAITING************

Write the data to file:33554432 bytes
***********WAITING************
nr_of_strided_rec: 1024
nr_doubles: 512
nr_of_strided_rec: 1024
nr_doubles: 512
nr_of_strided_rec: 1024
nr_doubles: 512
nr_of_strided_rec: 1024
nr_doubles: 512
nr_of_strided_rec: 1024
nr_doubles: 512
nr_of_strided_rec: 1024
nr_doubles: 512
nr_of_strided_rec: 1024
nr_doubles: 512
nr_of_strided_rec: 1024
nr_doubles: 512
nr_of_strided_rec: 1024
nr_doubles: 512
nr_of_strided_rec: 1024
nr_doubles: 512
nr_of_strided_rec: 1024
nr_doubles: 512
nr_of_strided_rec: 1024
nr_doubles: 512
nr_of_strided_rec: 1024
nr_doubles: 512
nr_of_strided_rec: 1024
nr_doubles: 512
nr_of_strided_rec: 1024
nr_doubles: 512
nr_of_strided_rec: 1024
nr_doubles: 512

Write the data to file:33554432 bytes
***********WAITING************

Write the data to file:33554432 bytes
***********WAITING************

Write the data to file:33554432 bytes
***********WAITING************

Write the data to file:33554432 bytes
***********WAITING************

Write the data to file:33554432 bytes
***********WAITING************

Write the data to file:33554432 bytes
***********WAITING************

Write the data to file:33554432 bytes
***********WAITING************

Write the data to file:33554432 bytes
***********WAITING************

Write the data to file:33554432 bytes
***********WAITING************

Write the data to file:33554432 bytes
***********WAITING************

Write the data to file:33554432 bytes
***********WAITING************

Write the data to file:33554432 bytes
***********WAITING************

Write the data to file:33554432 bytes
***********WAITING************

Write the data to file:33554432 bytes
***********WAITING************

Write the data to file:33554432 bytes
***********WAITING************

Write the data to file:33554432 bytes
***********WAITING************
nr_of_strided_rec: 1024
nr_doubles: 512
nr_of_strided_rec: 1024
nr_doubles: 512
nr_of_strided_rec: 1024
nr_doubles: 512
nr_of_strided_rec: 1024
nr_doubles: 512
nr_of_strided_rec: 1024
nr_doubles: 512
nr_of_strided_rec: 1024
nr_doubles: 512
nr_of_strided_rec: 1024
nr_doubles: 512
nr_of_strided_rec: 1024
nr_doubles: 512
nr_of_strided_rec: 1024
nr_doubles: 512
nr_of_strided_rec: 1024
nr_doubles: 512
nr_of_strided_rec: 1024
nr_doubles: 512
nr_of_strided_rec: 1024
nr_doubles: 512
nr_of_strided_rec: 1024
nr_doubles: 512
nr_of_strided_rec: 1024
nr_doubles: 512
nr_of_strided_rec: 1024
nr_doubles: 512
nr_of_strided_rec: 1024
nr_doubles: 512

Write the data to file:33554432 bytes
***********WAITING************

Write the data to file:33554432 bytes
***********WAITING************

Write the data to file:33554432 bytes
***********WAITING************

Write the data to file:33554432 bytes
***********WAITING************

Write the data to file:33554432 bytes
***********WAITING************

Write the data to file:33554432 bytes
***********WAITING************

Write the data to file:33554432 bytes
***********WAITING************

Write the data to file:33554432 bytes
***********WAITING************

Write the data to file:33554432 bytes
***********WAITING************

Write the data to file:33554432 bytes
***********WAITING************

Write the data to file:33554432 bytes
***********WAITING************

Write the data to file:33554432 bytes
***********WAITING************

Write the data to file:33554432 bytes
***********WAITING************

Write the data to file:33554432 bytes
***********WAITING************

Write the data to file:33554432 bytes
***********WAITING************

Write the data to file:33554432 bytes
***********WAITING************
nr_of_strided_rec: 1024
nr_doubles: 512
nr_of_strided_rec: 1024
nr_doubles: 512
nr_of_strided_rec: 1024
nr_doubles: 512
nr_of_strided_rec: 1024
nr_doubles: 512
nr_of_strided_rec: 1024
nr_doubles: 512
nr_of_strided_rec: 1024
nr_doubles: 512
nr_of_strided_rec: 1024
nr_doubles: 512
nr_of_strided_rec: 1024
nr_doubles: 512
nr_of_strided_rec: 1024
nr_doubles: 512
nr_of_strided_rec: 1024
nr_doubles: 512
nr_of_strided_rec: 1024
nr_doubles: 512
nr_of_strided_rec: 1024
nr_doubles: 512
nr_of_strided_rec: 1024
nr_doubles: 512
nr_of_strided_rec: 1024
nr_doubles: 512
nr_of_strided_rec: 1024
nr_doubles: 512
nr_of_strided_rec: 1024
nr_doubles: 512

Write the data to file:33554432 bytes
***********WAITING************

Write the data to file:33554432 bytes
***********WAITING************

Write the data to file:33554432 bytes
***********WAITING************

Write the data to file:33554432 bytes
***********WAITING************

Write the data to file:33554432 bytes
***********WAITING************

Write the data to file:33554432 bytes
***********WAITING************

Write the data to file:33554432 bytes
***********WAITING************

Write the data to file:33554432 bytes
***********WAITING************

Write the data to file:33554432 bytes
***********WAITING************

Write the data to file:33554432 bytes
***********WAITING************

Write the data to file:33554432 bytes
***********WAITING************

Write the data to file:33554432 bytes
***********WAITING************

Write the data to file:33554432 bytes
***********WAITING************

Write the data to file:33554432 bytes
***********WAITING************

Write the data to file:33554432 bytes
***********WAITING************

Write the data to file:33554432 bytes
***********WAITING************

Write the data to file:33554432 bytes
***********WAITING************

Write the data to file:33554432 bytes
***********WAITING************

Write the data to file:33554432 bytes
***********WAITING************

Write the data to file:33554432 bytes
***********WAITING************

Write the data to file:33554432 bytes
***********WAITING************

Write the data to file:33554432 bytes
***********WAITING************

Write the data to file:33554432 bytes
***********WAITING************

Write the data to file:33554432 bytes
***********WAITING************

Write the data to file:33554432 bytes
***********WAITING************

Write the data to file:33554432 bytes
***********WAITING************

Write the data to file:33554432 bytes
***********WAITING************

Write the data to file:33554432 bytes
***********WAITING************

Write the data to file:33554432 bytes
***********WAITING************

Write the data to file:33554432 bytes
***********WAITING************

Write the data to file:33554432 bytes
***********WAITING************

Write the data to file:33554432 bytes
***********WAITING************
W_cc         1.72   [      1.71:      1.72]
W_r         63.89   [     63.89:     63.89]
W_w         29.39   [     29.39:     29.39]
          -------
W_total     95.00   [     95.00:     95.01]

calc_W done
calc_W done
calc_W done
calc_W done
calc_W done
calc_W done
calc_W done
calc_W done
calc_W done
calc_W done
nr_of_strided_rec: 1024
nr_doubles: 512
calc_W done
nr_of_strided_rec: 1024
nr_doubles: 512
calc_W done
nr_of_strided_rec: 1024
nr_doubles: 512
calc_W done
nr_of_strided_rec: 1024
nr_doubles: 512
calc_W done
nr_of_strided_rec: 1024
nr_doubles: 512
calc_W done
nr_of_strided_rec: 1024
nr_doubles: 512
calc_W done
nr_of_strided_rec: 1024
nr_doubles: 512
nr_of_strided_rec: 1024
nr_doubles: 512
nr_of_strided_rec: 1024
nr_doubles: 512
nr_of_strided_rec: 1024
nr_doubles: 512
nr_of_strided_rec: 1024
nr_doubles: 512
nr_of_strided_rec: 1024
nr_doubles: 512
nr_of_strided_rec: 1024
nr_doubles: 512
nr_of_strided_rec: 1024
nr_doubles: 512
nr_of_strided_rec: 1024
nr_doubles: 512
nr_of_strided_rec: 1024
nr_doubles: 512
nr_of_strided_rec: 1024
nr_doubles: 512
nr_of_strided_rec: 1024
nr_doubles: 512
nr_of_strided_rec: 1024
nr_doubles: 512
nr_of_strided_rec: 1024
nr_doubles: 512
nr_of_strided_rec: 1024
nr_doubles: 512
nr_of_strided_rec: 1024
nr_doubles: 512
nr_of_strided_rec: 1024
nr_doubles: 512
nr_of_strided_rec: 1024
nr_doubles: 512
nr_of_strided_rec: 1024
nr_doubles: 512
nr_of_strided_rec: 1024
nr_doubles: 512
nr_of_strided_rec: 1024
nr_doubles: 512
nr_of_strided_rec: 1024
nr_doubles: 512
nr_of_strided_rec: 1024
nr_doubles: 512
nr_of_strided_rec: 1024
nr_doubles: 512
nr_of_strided_rec: 1024
nr_doubles: 512
nr_of_strided_rec: 1024
nr_doubles: 512
nr_of_strided_rec: 1024
nr_doubles: 512
nr_of_strided_rec: 1024
nr_doubles: 512
nr_of_strided_rec: 1024
nr_doubles: 512
nr_of_strided_rec: 1024
nr_doubles: 512
nr_of_strided_rec: 1024
nr_doubles: 512
nr_of_strided_rec: 1024
nr_doubles: 512
nr_of_strided_rec: 1024
nr_doubles: 512
nr_of_strided_rec: 1024
nr_doubles: 512
nr_of_strided_rec: 1024
nr_doubles: 512
nr_of_strided_rec: 1024
nr_doubles: 512
nr_of_strided_rec: 1024
nr_doubles: 512
nr_of_strided_rec: 1024
nr_doubles: 512
nr_of_strided_rec: 1024
nr_doubles: 512
nr_of_strided_rec: 1024
nr_doubles: 512
nr_of_strided_rec: 1024
nr_doubles: 512
nr_of_strided_rec: 1024
nr_doubles: 512
nr_of_strided_rec: 1024
nr_doubles: 512
nr_of_strided_rec: 1024
nr_doubles: 512
nr_of_strided_rec: 1024
nr_doubles: 512
nr_of_strided_rec: 1024
nr_doubles: 512
nr_of_strided_rec: 1024
nr_doubles: 512
nr_of_strided_rec: 1024
nr_doubles: 512
nr_of_strided_rec: 1024
nr_doubles: 512
nr_of_strided_rec: 1024
nr_doubles: 512
nr_of_strided_rec: 1024
nr_doubles: 512
nr_of_strided_rec: 1024
nr_doubles: 512
nr_of_strided_rec: 1024
nr_doubles: 512
nr_of_strided_rec: 1024
nr_doubles: 512
nr_of_strided_rec: 1024
nr_doubles: 512
nr_of_strided_rec: 1024
nr_doubles: 512
nr_of_strided_rec: 1024
nr_doubles: 512
nr_of_strided_rec: 1024
nr_doubles: 512
nr_of_strided_rec: 1024
nr_doubles: 512
nr_of_strided_rec: 1024
nr_doubles: 512
nr_of_strided_rec: 1024
nr_doubles: 512
nr_of_strided_rec: 1024
nr_doubles: 512
nr_of_strided_rec: 1024
nr_doubles: 512
nr_of_strided_rec: 1024
nr_doubles: 512
nr_of_strided_rec: 1024
nr_doubles: 512
nr_of_strided_rec: 1024
nr_doubles: 512
nr_of_strided_rec: 1024
nr_doubles: 512
nr_of_strided_rec: 1024
nr_doubles: 512
nr_of_strided_rec: 1024
nr_doubles: 512
nr_of_strided_rec: 1024
nr_doubles: 512
nr_of_strided_rec: 1024
nr_doubles: 512
nr_of_strided_rec: 1024
nr_doubles: 512
nr_of_strided_rec: 1024
nr_doubles: 512
nr_of_strided_rec: 1024
nr_doubles: 512
nr_of_strided_rec: 1024
nr_doubles: 512
nr_of_strided_rec: 1024
nr_doubles: 512
nr_of_strided_rec: 1024
nr_doubles: 512
nr_of_strided_rec: 1024
nr_doubles: 512
nr_of_strided_rec: 1024
nr_doubles: 512
nr_of_strided_rec: 1024
nr_doubles: 512
nr_of_strided_rec: 1024
nr_doubles: 512
nr_of_strided_rec: 1024
nr_doubles: 512
nr_of_strided_rec: 1024
nr_doubles: 512
nr_of_strided_rec: 1024
nr_doubles: 512
nr_of_strided_rec: 1024
nr_doubles: 512
nr_of_strided_rec: 1024
nr_doubles: 512
nr_of_strided_rec: 1024
nr_doubles: 512
nr_of_strided_rec: 1024
nr_doubles: 512
nr_of_strided_rec: 1024
nr_doubles: 512
nr_of_strided_rec: 1024
nr_doubles: 512
nr_of_strided_rec: 1024
nr_doubles: 512
nr_of_strided_rec: 1024
nr_doubles: 512
nr_of_strided_rec: 1024
nr_doubles: 512
nr_of_strided_rec: 1024
nr_doubles: 512
nr_of_strided_rec: 1024
nr_doubles: 512
nr_of_strided_rec: 1024
nr_doubles: 512
nr_of_strided_rec: 1024
nr_doubles: 512
nr_of_strided_rec: 1024
nr_doubles: 512
nr_of_strided_rec: 1024
nr_doubles: 512
nr_of_strided_rec: 1024
nr_doubles: 512
nr_of_strided_rec: 1024
nr_doubles: 512
nr_of_strided_rec: 1024
nr_doubles: 512
nr_of_strided_rec: 1024
nr_doubles: 512
nr_of_strided_rec: 1024
nr_doubles: 512
nr_of_strided_rec: 1024
nr_doubles: 512
nr_of_strided_rec: 1024
nr_doubles: 512
nr_of_strided_rec: 1024
nr_doubles: 512
nr_of_strided_rec: 1024
nr_doubles: 512
nr_of_strided_rec: 1024
nr_doubles: 512
nr_of_strided_rec: 1024
nr_doubles: 512
nr_of_strided_rec: 1024
nr_doubles: 512
nr_of_strided_rec: 1024
nr_doubles: 512
nr_of_strided_rec: 1024
nr_doubles: 512
nr_of_strided_rec: 1024
nr_doubles: 512
nr_of_strided_rec: 1024
nr_doubles: 512
nr_of_strided_rec: 1024
nr_doubles: 512
nr_of_strided_rec: 1024
nr_doubles: 512
nr_of_strided_rec: 1024
nr_doubles: 512
nr_of_strided_rec: 1024
nr_doubles: 512
nr_of_strided_rec: 1024
nr_doubles: 512
nr_of_strided_rec: 1024
nr_doubles: 512
nr_of_strided_rec: 1024
nr_doubles: 512
nr_of_strided_rec: 1024
nr_doubles: 512
nr_of_strided_rec: 1024
nr_doubles: 512
nr_of_strided_rec: 1024
nr_doubles: 512
nr_of_strided_rec: 1024
nr_doubles: 512
nr_of_strided_rec: 1024
nr_doubles: 512
nr_of_strided_rec: 1024
nr_doubles: 512
nr_of_strided_rec: 1024
nr_doubles: 512
nr_of_strided_rec: 1024
nr_doubles: 512
nr_of_strided_rec: 1024
nr_doubles: 512
nr_of_strided_rec: 1024
nr_doubles: 512
nr_of_strided_rec: 1024
nr_doubles: 512
nr_of_strided_rec: 1024
nr_doubles: 512
nr_of_strided_rec: 1024
nr_doubles: 512
nr_of_strided_rec: 1024
nr_doubles: 512
nr_of_strided_rec: 1024
nr_doubles: 512
nr_of_strided_rec: 1024
nr_doubles: 512
nr_of_strided_rec: 1024
nr_doubles: 512
nr_of_strided_rec: 1024
nr_doubles: 512
nr_of_strided_rec: 1024
nr_doubles: 512
nr_of_strided_rec: 1024
nr_doubles: 512
nr_of_strided_rec: 1024
nr_doubles: 512
nr_of_strided_rec: 1024
nr_doubles: 512
nr_of_strided_rec: 1024
nr_doubles: 512
nr_of_strided_rec: 1024
nr_doubles: 512
nr_of_strided_rec: 1024
nr_doubles: 512
nr_of_strided_rec: 1024
nr_doubles: 512
nr_of_strided_rec: 1024
nr_doubles: 512
nr_of_strided_rec: 1024
nr_doubles: 512
nr_of_strided_rec: 1024
nr_doubles: 512
nr_of_strided_rec: 1024
nr_doubles: 512
nr_of_strided_rec: 1024
nr_doubles: 512
nr_of_strided_rec: 1024
nr_doubles: 512
nr_of_strided_rec: 1024
nr_doubles: 512
nr_of_strided_rec: 1024
nr_doubles: 512
nr_of_strided_rec: 1024
nr_doubles: 512
nr_of_strided_rec: 1024
nr_doubles: 512
nr_of_strided_rec: 1024
nr_doubles: 512
nr_of_strided_rec: 1024
nr_doubles: 512
nr_of_strided_rec: 1024
nr_doubles: 512
nr_of_strided_rec: 1024
nr_doubles: 512
nr_of_strided_rec: 1024
nr_doubles: 512
nr_of_strided_rec: 1024
nr_doubles: 512
nr_of_strided_rec: 1024
nr_doubles: 512
nr_of_strided_rec: 1024
nr_doubles: 512
nr_of_strided_rec: 1024
nr_doubles: 512
nr_of_strided_rec: 1024
nr_doubles: 512
nr_of_strided_rec: 1024
nr_doubles: 512
nr_of_strided_rec: 1024
nr_doubles: 512
nr_of_strided_rec: 1024
nr_doubles: 512
nr_of_strided_rec: 1024
nr_doubles: 512
nr_of_strided_rec: 1024
nr_doubles: 512
nr_of_strided_rec: 1024
nr_doubles: 512
nr_of_strided_rec: 1024
nr_doubles: 512
nr_of_strided_rec: 1024
nr_doubles: 512
nr_of_strided_rec: 1024
nr_doubles: 512
nr_of_strided_rec: 1024
nr_doubles: 512
nr_of_strided_rec: 1024
nr_doubles: 512
nr_of_strided_rec: 1024
nr_doubles: 512
nr_of_strided_rec: 1024
nr_doubles: 512
nr_of_strided_rec: 1024
nr_doubles: 512
nr_of_strided_rec: 1024
nr_doubles: 512
nr_of_strided_rec: 1024
nr_doubles: 512
nr_of_strided_rec: 1024
nr_doubles: 512
nr_of_strided_rec: 1024
nr_doubles: 512
nr_of_strided_rec: 1024
nr_doubles: 512
nr_of_strided_rec: 1024
nr_doubles: 512
nr_of_strided_rec: 1024
nr_doubles: 512
nr_of_strided_rec: 1024
nr_doubles: 512
nr_of_strided_rec: 1024
nr_doubles: 512
nr_of_strided_rec: 1024
nr_doubles: 512
nr_of_strided_rec: 1024
nr_doubles: 512
nr_of_strided_rec: 1024
nr_doubles: 512
nr_of_strided_rec: 1024
nr_doubles: 512
nr_of_strided_rec: 1024
nr_doubles: 512
nr_of_strided_rec: 1024
nr_doubles: 512
nr_of_strided_rec: 1024
nr_doubles: 512
nr_of_strided_rec: 1024
nr_doubles: 512
nr_of_strided_rec: 1024
nr_doubles: 512
nr_of_strided_rec: 1024
nr_doubles: 512
nr_of_strided_rec: 1024
nr_doubles: 512
nr_of_strided_rec: 1024
nr_doubles: 512
nr_of_strided_rec: 1024
nr_doubles: 512
nr_of_strided_rec: 1024
nr_doubles: 512
nr_of_strided_rec: 1024
nr_doubles: 512
nr_of_strided_rec: 1024
nr_doubles: 512
nr_of_strided_rec: 1024
nr_doubles: 512
nr_of_strided_rec: 1024
nr_doubles: 512
nr_of_strided_rec: 1024
nr_doubles: 512
nr_of_strided_rec: 1024
nr_doubles: 512
nr_of_strided_rec: 1024
nr_doubles: 512
nr_of_strided_rec: 1024
nr_doubles: 512
nr_of_strided_rec: 1024
nr_doubles: 512
nr_of_strided_rec: 1024
nr_doubles: 512
nr_of_strided_rec: 1024
nr_doubles: 512
nr_of_strided_rec: 1024
nr_doubles: 512
nr_of_strided_rec: 1024
nr_doubles: 512
nr_of_strided_rec: 1024
nr_doubles: 512
nr_of_strided_rec: 1024
nr_doubles: 512
nr_of_strided_rec: 1024
nr_doubles: 512
nr_of_strided_rec: 1024
nr_doubles: 512
nr_of_strided_rec: 1024
nr_doubles: 512
nr_of_strided_rec: 1024
nr_doubles: 512
nr_of_strided_rec: 1024
nr_doubles: 512
nr_of_strided_rec: 1024
nr_doubles: 512
nr_of_strided_rec: 1024
nr_doubles: 512
nr_of_strided_rec: 1024
nr_doubles: 512
nr_of_strided_rec: 1024
nr_doubles: 512
nr_of_strided_rec: 1024
nr_doubles: 512
nr_of_strided_rec: 1024
nr_doubles: 512
nr_of_strided_rec: 1024
nr_doubles: 512
nr_of_strided_rec: 1024
nr_doubles: 512
nr_of_strided_rec: 1024
nr_doubles: 512
nr_of_strided_rec: 1024
nr_doubles: 512
nr_of_strided_rec: 1024
nr_doubles: 512
nr_of_strided_rec: 1024
nr_doubles: 512
nr_of_strided_rec: 1024
nr_doubles: 512
nr_of_strided_rec: 1024
nr_doubles: 512
nr_of_strided_rec: 1024
nr_doubles: 512
nr_of_strided_rec: 1024
nr_doubles: 512
nr_of_strided_rec: 1024
nr_doubles: 512
nr_of_strided_rec: 1024
nr_doubles: 512
nr_of_strided_rec: 1024
nr_doubles: 512
nr_of_strided_rec: 1024
nr_doubles: 512
nr_of_strided_rec: 1024
nr_doubles: 512
nr_of_strided_rec: 1024
nr_doubles: 512
nr_of_strided_rec: 1024
nr_doubles: 512
nr_of_strided_rec: 1024
nr_doubles: 512
nr_of_strided_rec: 1024
nr_doubles: 512
nr_of_strided_rec: 1024
nr_doubles: 512
nr_of_strided_rec: 1024
nr_doubles: 512
nr_of_strided_rec: 1024
nr_doubles: 512
nr_of_strided_rec: 1024
nr_doubles: 512
nr_of_strided_rec: 1024
nr_doubles: 512
nr_of_strided_rec: 1024
nr_doubles: 512
nr_of_strided_rec: 1024
nr_doubles: 512
nr_of_strided_rec: 1024
nr_doubles: 512
nr_of_strided_rec: 1024
nr_doubles: 512
nr_of_strided_rec: 1024
nr_doubles: 512
nr_of_strided_rec: 1024
nr_doubles: 512
nr_of_strided_rec: 1024
nr_doubles: 512
nr_of_strided_rec: 1024
nr_doubles: 512
nr_of_strided_rec: 1024
nr_doubles: 512
nr_of_strided_rec: 1024
nr_doubles: 512
nr_of_strided_rec: 1024
nr_doubles: 512
nr_of_strided_rec: 1024
nr_doubles: 512
nr_of_strided_rec: 1024
nr_doubles: 512
nr_of_strided_rec: 1024
nr_doubles: 512
nr_of_strided_rec: 1024
nr_doubles: 512
nr_of_strided_rec: 1024
nr_doubles: 512
nr_of_strided_rec: 1024
nr_doubles: 512
nr_of_strided_rec: 1024
nr_doubles: 512
nr_of_strided_rec: 1024
nr_doubles: 512
nr_of_strided_rec: 1024
nr_doubles: 512
nr_of_strided_rec: 1024
nr_doubles: 512
nr_of_strided_rec: 1024
nr_doubles: 512
nr_of_strided_rec: 1024
nr_doubles: 512
nr_of_strided_rec: 1024
