fclose PID:32685 fd:3
fclose PID:32685 fd:4
fclose PID:32685 fd:4
fclose PID:32685 fd:3
available: 2 nodes (0-1)
fclose PID:32685 fd:3
node 0 cpus:fclose PID:32685 fd:3
 0 1 2 3 4 5 6 7 8 9 20 21 22 23 24 25 26 27 28 29
node 0 size: 80440 MB
node 0 free: 80121 MB
fclose PID:32685 fd:3
node 1 cpus:fclose PID:32685 fd:3
 10 11 12 13 14 15 16 17 18 19 30 31 32 33 34 35 36 37 38 39
node 1 size: 80635 MB
node 1 free: 80378 MB
fclose PID:32685 fd:3
fclose PID:32685 fd:3
node distances:
node   0   1 
  0:  10  21 
  1:  21  10 
READAHEAD_TIME:0.000000 us
MaxRSS= 2220 KB, SharedMem= 0 KB, HardPageFault= 10
fclose PID:32690 fd:12
fclose PID:32692 fd:8
fclose PID:32693 fd:8
fclose PID:32691 fd:10

MADbench 2.0 IO-mode
no_pe = 4  no_pix = 16384  no_bin = 30  no_gang = 1 sblocksize = 8  fblocksize = 64  r_mod = 1  w_mod = 1 record_size=524288 stride=7


IOMETHOD = POSIX  IOMODE = SYNC  FILETYPE = UNIQUE  REMAP = CUSTOMbuild_S
build_S
build_S
build_S

Write the data to file:536870912 bytes
***********WAITING************

Write the data to file:536870912 bytes
***********WAITING************

Write the data to file:536870912 bytes
***********WAITING************

Write the data to file:536870912 bytes
***********WAITING************

Write the data to file:536870912 bytes
***********WAITING************

Write the data to file:536870912 bytes
***********WAITING************

Write the data to file:536870912 bytes
***********WAITING************

Write the data to file:536870912 bytes
***********WAITING************

Write the data to file:536870912 bytes
***********WAITING************

Write the data to file:536870912 bytes
***********WAITING************

Write the data to file:536870912 bytes
***********WAITING************

Write the data to file:536870912 bytes
***********WAITING************

Write the data to file:536870912 bytes
***********WAITING************

Write the data to file:536870912 bytes
***********WAITING************

Write the data to file:536870912 bytes
***********WAITING************

Write the data to file:536870912 bytes
***********WAITING************

Write the data to file:536870912 bytes
***********WAITING************

Write the data to file:536870912 bytes
***********WAITING************

Write the data to file:536870912 bytes
***********WAITING************

Write the data to file:536870912 bytes
***********WAITING************

Write the data to file:536870912 bytes
***********WAITING************

Write the data to file:536870912 bytes
***********WAITING************

Write the data to file:536870912 bytes
***********WAITING************

Write the data to file:536870912 bytes
***********WAITING************

Write the data to file:536870912 bytes
***********WAITING************

Write the data to file:536870912 bytes
***********WAITING************

Write the data to file:536870912 bytes
***********WAITING************

Write the data to file:536870912 bytes
***********WAITING************

Write the data to file:536870912 bytes
***********WAITING************

Write the data to file:536870912 bytes
***********WAITING************

Write the data to file:536870912 bytes
***********WAITING************

Write the data to file:536870912 bytes
***********WAITING************

Write the data to file:536870912 bytes
***********WAITING************

Write the data to file:536870912 bytes
***********WAITING************

Write the data to file:536870912 bytes
***********WAITING************

Write the data to file:536870912 bytes
***********WAITING************

Write the data to file:536870912 bytes
***********WAITING************

Write the data to file:536870912 bytes
***********WAITING************

Write the data to file:536870912 bytes
***********WAITING************

Write the data to file:536870912 bytes
***********WAITING************

Write the data to file:536870912 bytes
***********WAITING************

Write the data to file:536870912 bytes
***********WAITING************

Write the data to file:536870912 bytes
***********WAITING************

Write the data to file:536870912 bytes
***********WAITING************

Write the data to file:536870912 bytes
***********WAITING************

Write the data to file:536870912 bytes
***********WAITING************

Write the data to file:536870912 bytes
***********WAITING************

Write the data to file:536870912 bytes
***********WAITING************

Write the data to file:536870912 bytes
***********WAITING************

Write the data to file:536870912 bytes
***********WAITING************

Write the data to file:536870912 bytes
***********WAITING************

Write the data to file:536870912 bytes
***********WAITING************

Write the data to file:536870912 bytes
***********WAITING************

Write the data to file:536870912 bytes
***********WAITING************

Write the data to file:536870912 bytes
***********WAITING************

Write the data to file:536870912 bytes
***********WAITING************

Write the data to file:536870912 bytes
***********WAITING************

Write the data to file:536870912 bytes
***********WAITING************

Write the data to file:536870912 bytes
***********WAITING************

Write the data to file:536870912 bytes
***********WAITING************

Write the data to file:536870912 bytes
***********WAITING************

Write the data to file:536870912 bytes
***********WAITING************

Write the data to file:536870912 bytes
***********WAITING************

Write the data to file:536870912 bytes
***********WAITING************

Write the data to file:536870912 bytes
***********WAITING************

Write the data to file:536870912 bytes
***********WAITING************

Write the data to file:536870912 bytes
***********WAITING************

Write the data to file:536870912 bytes
***********WAITING************

Write the data to file:536870912 bytes
***********WAITING************

Write the data to file:536870912 bytes
***********WAITING************

Write the data to file:536870912 bytes
***********WAITING************

Write the data to file:536870912 bytes
***********WAITING************

Write the data to file:536870912 bytes
***********WAITING************

Write the data to file:536870912 bytes
***********WAITING************

Write the data to file:536870912 bytes
***********WAITING************

Write the data to file:536870912 bytes
***********WAITING************

Write the data to file:536870912 bytes
***********WAITING************

Write the data to file:536870912 bytes
***********WAITING************

Write the data to file:536870912 bytes
***********WAITING************

Write the data to file:536870912 bytes
***********WAITING************

Write the data to file:536870912 bytes
***********WAITING************

Write the data to file:536870912 bytes
***********WAITING************

Write the data to file:536870912 bytes
***********WAITING************

Write the data to file:536870912 bytes
***********WAITING************

Write the data to file:536870912 bytes
***********WAITING************

Write the data to file:536870912 bytes
***********WAITING************

Write the data to file:536870912 bytes
***********WAITING************

Write the data to file:536870912 bytes
***********WAITING************

Write the data to file:536870912 bytes
***********WAITING************

Write the data to file:536870912 bytes
***********WAITING************

Write the data to file:536870912 bytes
***********WAITING************

Write the data to file:536870912 bytes
***********WAITING************

Write the data to file:536870912 bytes
***********WAITING************

Write the data to file:536870912 bytes
***********WAITING************

Write the data to file:536870912 bytes
***********WAITING************

Write the data to file:536870912 bytes
***********WAITING************

Write the data to file:536870912 bytes
***********WAITING************

Write the data to file:536870912 bytes
***********WAITING************

Write the data to file:536870912 bytes
***********WAITING************

Write the data to file:536870912 bytes
***********WAITING************

Write the data to file:536870912 bytes
***********WAITING************

Write the data to file:536870912 bytes
***********WAITING************

Write the data to file:536870912 bytes
***********WAITING************

Write the data to file:536870912 bytes
***********WAITING************

Write the data to file:536870912 bytes
***********WAITING************

Write the data to file:536870912 bytes
***********WAITING************

Write the data to file:536870912 bytes
***********WAITING************

Write the data to file:536870912 bytes
***********WAITING************

Write the data to file:536870912 bytes
***********WAITING************

Write the data to file:536870912 bytes
***********WAITING************

Write the data to file:536870912 bytes
***********WAITING************

Write the data to file:536870912 bytes
***********WAITING************

Write the data to file:536870912 bytes
***********WAITING************

Write the data to file:536870912 bytes
***********WAITING************

Write the data to file:536870912 bytes
***********WAITING************

Write the data to file:536870912 bytes
***********WAITING************

Write the data to file:536870912 bytes
***********WAITING************

Write the data to file:536870912 bytes
***********WAITING************

Write the data to file:536870912 bytes
***********WAITING************

Write the data to file:536870912 bytes
***********WAITING************
S_cc         3.86   [      3.85:      3.88]
S_bw         2.63   [      2.63:      2.63]
S_w        148.76   [    148.76:    148.76]
          -------
S_total    155.25   [    155.24:    155.26]

build_S done
calc_W
build_S done
calc_W
nr_of_strided_rec: 128
nr_doubles: 65536
build_S done
calc_W
nr_of_strided_rec: 128
nr_doubles: 65536
build_S done
calc_W
nr_of_strided_rec: 128
nr_doubles: 65536
nr_of_strided_rec: 128
nr_doubles: 65536
nr_of_strided_rec: 128
nr_doubles: 65536
nr_of_strided_rec: 128
nr_doubles: 65536
nr_of_strided_rec: 128
nr_doubles: 65536
nr_of_strided_rec: 128
nr_doubles: 65536

Write the data to file:536870912 bytes
***********WAITING************

Write the data to file:536870912 bytes
***********WAITING************

Write the data to file:536870912 bytes
***********WAITING************

Write the data to file:536870912 bytes
***********WAITING************
nr_of_strided_rec: 128
nr_doubles: 65536
nr_of_strided_rec: 128
nr_doubles: 65536
nr_of_strided_rec: 128
nr_doubles: 65536
nr_of_strided_rec: 128
nr_doubles: 65536

Write the data to file:536870912 bytes
***********WAITING************

Write the data to file:536870912 bytes
***********WAITING************

Write the data to file:536870912 bytes
***********WAITING************

Write the data to file:536870912 bytes
***********WAITING************
nr_of_strided_rec: 128
nr_doubles: 65536
nr_of_strided_rec: 128
nr_doubles: 65536
nr_of_strided_rec: 128
nr_doubles: 65536
nr_of_strided_rec: 128
nr_doubles: 65536

Write the data to file:536870912 bytes
***********WAITING************

Write the data to file:536870912 bytes
***********WAITING************

Write the data to file:536870912 bytes
***********WAITING************

Write the data to file:536870912 bytes
***********WAITING************
nr_of_strided_rec: 128
nr_doubles: 65536
nr_of_strided_rec: 128
nr_doubles: 65536
nr_of_strided_rec: 128
nr_doubles: 65536
nr_of_strided_rec: 128
nr_doubles: 65536

Write the data to file:536870912 bytes
***********WAITING************

Write the data to file:536870912 bytes
***********WAITING************

Write the data to file:536870912 bytes
***********WAITING************

Write the data to file:536870912 bytes
***********WAITING************
nr_of_strided_rec: 128
nr_doubles: 65536
nr_of_strided_rec: 128
nr_doubles: 65536
nr_of_strided_rec: 128
nr_doubles: 65536
nr_of_strided_rec: 128
nr_doubles: 65536

Write the data to file:536870912 bytes
***********WAITING************

Write the data to file:536870912 bytes
***********WAITING************

Write the data to file:536870912 bytes
***********WAITING************

Write the data to file:536870912 bytes
***********WAITING************
nr_of_strided_rec: 128
nr_doubles: 65536
nr_of_strided_rec: 128
nr_doubles: 65536
nr_of_strided_rec: 128
nr_doubles: 65536
nr_of_strided_rec: 128
nr_doubles: 65536

Write the data to file:536870912 bytes
***********WAITING************

Write the data to file:536870912 bytes
***********WAITING************

Write the data to file:536870912 bytes
***********WAITING************

Write the data to file:536870912 bytes
***********WAITING************
nr_of_strided_rec: 128
nr_doubles: 65536
nr_of_strided_rec: 128
nr_doubles: 65536
nr_of_strided_rec: 128
nr_doubles: 65536
nr_of_strided_rec: 128
nr_doubles: 65536

Write the data to file:536870912 bytes
***********WAITING************

Write the data to file:536870912 bytes
***********WAITING************

Write the data to file:536870912 bytes
***********WAITING************

Write the data to file:536870912 bytes
***********WAITING************
nr_of_strided_rec: 128
nr_doubles: 65536
nr_of_strided_rec: 128
nr_doubles: 65536
nr_of_strided_rec: 128
nr_doubles: 65536
nr_of_strided_rec: 128
nr_doubles: 65536

Write the data to file:536870912 bytes
***********WAITING************

Write the data to file:536870912 bytes
***********WAITING************

Write the data to file:536870912 bytes
***********WAITING************

Write the data to file:536870912 bytes
***********WAITING************
nr_of_strided_rec: 128
nr_doubles: 65536
nr_of_strided_rec: 128
nr_doubles: 65536
nr_of_strided_rec: 128
nr_doubles: 65536
nr_of_strided_rec: 128
nr_doubles: 65536

Write the data to file:536870912 bytes
***********WAITING************

Write the data to file:536870912 bytes
***********WAITING************

Write the data to file:536870912 bytes
***********WAITING************

Write the data to file:536870912 bytes
***********WAITING************
nr_of_strided_rec: 128
nr_doubles: 65536
nr_of_strided_rec: 128
nr_doubles: 65536
nr_of_strided_rec: 128
nr_doubles: 65536
nr_of_strided_rec: 128
nr_doubles: 65536

Write the data to file:536870912 bytes
***********WAITING************

Write the data to file:536870912 bytes
***********WAITING************

Write the data to file:536870912 bytes
***********WAITING************

Write the data to file:536870912 bytes
***********WAITING************
nr_of_strided_rec: 128
nr_doubles: 65536
nr_of_strided_rec: 128
nr_doubles: 65536
nr_of_strided_rec: 128
nr_doubles: 65536
nr_of_strided_rec: 128
nr_doubles: 65536

Write the data to file:536870912 bytes
***********WAITING************

Write the data to file:536870912 bytes
***********WAITING************

Write the data to file:536870912 bytes
***********WAITING************

Write the data to file:536870912 bytes
***********WAITING************
nr_of_strided_rec: 128
nr_doubles: 65536
nr_of_strided_rec: 128
nr_doubles: 65536
nr_of_strided_rec: 128
nr_doubles: 65536
nr_of_strided_rec: 128
nr_doubles: 65536

Write the data to file:536870912 bytes
***********WAITING************

Write the data to file:536870912 bytes
***********WAITING************

Write the data to file:536870912 bytes
***********WAITING************

Write the data to file:536870912 bytes
***********WAITING************
nr_of_strided_rec: 128
nr_doubles: 65536
nr_of_strided_rec: 128
nr_doubles: 65536
nr_of_strided_rec: 128
nr_doubles: 65536
nr_of_strided_rec: 128
nr_doubles: 65536

Write the data to file:536870912 bytes
***********WAITING************

Write the data to file:536870912 bytes
***********WAITING************

Write the data to file:536870912 bytes
***********WAITING************

Write the data to file:536870912 bytes
***********WAITING************
nr_of_strided_rec: 128
nr_doubles: 65536
nr_of_strided_rec: 128
nr_doubles: 65536
nr_of_strided_rec: 128
nr_doubles: 65536
nr_of_strided_rec: 128
nr_doubles: 65536

Write the data to file:536870912 bytes
***********WAITING************

Write the data to file:536870912 bytes
***********WAITING************

Write the data to file:536870912 bytes
***********WAITING************

Write the data to file:536870912 bytes
***********WAITING************
nr_of_strided_rec: 128
nr_doubles: 65536
nr_of_strided_rec: 128
nr_doubles: 65536
nr_of_strided_rec: 128
nr_doubles: 65536
nr_of_strided_rec: 128
nr_doubles: 65536

Write the data to file:536870912 bytes
***********WAITING************

Write the data to file:536870912 bytes
***********WAITING************

Write the data to file:536870912 bytes
***********WAITING************

Write the data to file:536870912 bytes
***********WAITING************
nr_of_strided_rec: 128
nr_doubles: 65536
nr_of_strided_rec: 128
nr_doubles: 65536
nr_of_strided_rec: 128
nr_doubles: 65536
nr_of_strided_rec: 128
nr_doubles: 65536

Write the data to file:536870912 bytes
***********WAITING************

Write the data to file:536870912 bytes
***********WAITING************

Write the data to file:536870912 bytes
***********WAITING************

Write the data to file:536870912 bytes
***********WAITING************
nr_of_strided_rec: 128
nr_doubles: 65536
nr_of_strided_rec: 128
nr_doubles: 65536
nr_of_strided_rec: 128
nr_doubles: 65536
nr_of_strided_rec: 128
nr_doubles: 65536

Write the data to file:536870912 bytes
***********WAITING************

Write the data to file:536870912 bytes
***********WAITING************

Write the data to file:536870912 bytes
***********WAITING************

Write the data to file:536870912 bytes
***********WAITING************
nr_of_strided_rec: 128
nr_doubles: 65536
nr_of_strided_rec: 128
nr_doubles: 65536
nr_of_strided_rec: 128
nr_doubles: 65536
nr_of_strided_rec: 128
nr_doubles: 65536

Write the data to file:536870912 bytes
***********WAITING************

Write the data to file:536870912 bytes
***********WAITING************

Write the data to file:536870912 bytes
***********WAITING************

Write the data to file:536870912 bytes
***********WAITING************
nr_of_strided_rec: 128
nr_doubles: 65536
nr_of_strided_rec: 128
nr_doubles: 65536
nr_of_strided_rec: 128
nr_doubles: 65536
nr_of_strided_rec: 128
nr_doubles: 65536

Write the data to file:536870912 bytes
***********WAITING************

Write the data to file:536870912 bytes
***********WAITING************

Write the data to file:536870912 bytes
***********WAITING************

Write the data to file:536870912 bytes
***********WAITING************
nr_of_strided_rec: 128
nr_doubles: 65536
nr_of_strided_rec: 128
nr_doubles: 65536
nr_of_strided_rec: 128
nr_doubles: 65536
nr_of_strided_rec: 128
nr_doubles: 65536

Write the data to file:536870912 bytes
***********WAITING************

Write the data to file:536870912 bytes
***********WAITING************

Write the data to file:536870912 bytes
***********WAITING************

Write the data to file:536870912 bytes
***********WAITING************
nr_of_strided_rec: 128
nr_doubles: 65536
nr_of_strided_rec: 128
nr_doubles: 65536
nr_of_strided_rec: 128
nr_doubles: 65536
nr_of_strided_rec: 128
nr_doubles: 65536

Write the data to file:536870912 bytes
***********WAITING************

Write the data to file:536870912 bytes
***********WAITING************

Write the data to file:536870912 bytes
***********WAITING************

Write the data to file:536870912 bytes
***********WAITING************
nr_of_strided_rec: 128
nr_doubles: 65536
nr_of_strided_rec: 128
nr_doubles: 65536
nr_of_strided_rec: 128
nr_doubles: 65536
nr_of_strided_rec: 128
nr_doubles: 65536

Write the data to file:536870912 bytes
***********WAITING************

Write the data to file:536870912 bytes
***********WAITING************

Write the data to file:536870912 bytes
***********WAITING************

Write the data to file:536870912 bytes
***********WAITING************
nr_of_strided_rec: 128
nr_doubles: 65536
nr_of_strided_rec: 128
nr_doubles: 65536
nr_of_strided_rec: 128
nr_doubles: 65536
nr_of_strided_rec: 128
nr_doubles: 65536

Write the data to file:536870912 bytes
***********WAITING************

Write the data to file:536870912 bytes
***********WAITING************

Write the data to file:536870912 bytes
***********WAITING************

Write the data to file:536870912 bytes
***********WAITING************
nr_of_strided_rec: 128
nr_doubles: 65536
nr_of_strided_rec: 128
nr_doubles: 65536
nr_of_strided_rec: 128
nr_doubles: 65536
nr_of_strided_rec: 128
nr_doubles: 65536

Write the data to file:536870912 bytes
***********WAITING************

Write the data to file:536870912 bytes
***********WAITING************

Write the data to file:536870912 bytes
***********WAITING************

Write the data to file:536870912 bytes
***********WAITING************
nr_of_strided_rec: 128
nr_doubles: 65536
nr_of_strided_rec: 128
nr_doubles: 65536
nr_of_strided_rec: 128
nr_doubles: 65536
nr_of_strided_rec: 128
nr_doubles: 65536

Write the data to file:536870912 bytes
***********WAITING************

Write the data to file:536870912 bytes
***********WAITING************

Write the data to file:536870912 bytes
***********WAITING************

Write the data to file:536870912 bytes
***********WAITING************
nr_of_strided_rec: 128
nr_doubles: 65536
nr_of_strided_rec: 128
nr_doubles: 65536
nr_of_strided_rec: 128
nr_doubles: 65536
nr_of_strided_rec: 128
nr_doubles: 65536

Write the data to file:536870912 bytes
***********WAITING************

Write the data to file:536870912 bytes
***********WAITING************

Write the data to file:536870912 bytes
***********WAITING************

Write the data to file:536870912 bytes
***********WAITING************
nr_of_strided_rec: 128
nr_doubles: 65536
nr_of_strided_rec: 128
nr_doubles: 65536
nr_of_strided_rec: 128
nr_doubles: 65536
nr_of_strided_rec: 128
nr_doubles: 65536

Write the data to file:536870912 bytes
***********WAITING************

Write the data to file:536870912 bytes
***********WAITING************

Write the data to file:536870912 bytes
***********WAITING************

Write the data to file:536870912 bytes
***********WAITING************
nr_of_strided_rec: 128
nr_doubles: 65536
nr_of_strided_rec: 128
nr_doubles: 65536
nr_of_strided_rec: 128
nr_doubles: 65536
nr_of_strided_rec: 128
nr_doubles: 65536

Write the data to file:536870912 bytes
***********WAITING************

Write the data to file:536870912 bytes
***********WAITING************

Write the data to file:536870912 bytes
***********WAITING************

Write the data to file:536870912 bytes
***********WAITING************
nr_of_strided_rec: 128
nr_doubles: 65536
nr_of_strided_rec: 128
nr_doubles: 65536
nr_of_strided_rec: 128
nr_doubles: 65536
nr_of_strided_rec: 128
nr_doubles: 65536

Write the data to file:536870912 bytes
***********WAITING************

Write the data to file:536870912 bytes
***********WAITING************

Write the data to file:536870912 bytes
***********WAITING************

Write the data to file:536870912 bytes
***********WAITING************

Write the data to file:536870912 bytes
***********WAITING************

Write the data to file:536870912 bytes
***********WAITING************

Write the data to file:536870912 bytes
***********WAITING************

Write the data to file:536870912 bytes
***********WAITING************
W_cc         7.26   [      7.26:      7.26]
W_r        183.29   [    183.29:    183.29]
W_w        106.47   [    106.47:    106.47]
          -------
W_total    297.02   [    297.02:    297.02]

calc_W done
calc_W done
nr_of_strided_rec: 128
nr_doubles: 65536
calc_W done
nr_of_strided_rec: 128
nr_doubles: 65536
calc_W done
nr_of_strided_rec: 128
nr_doubles: 65536
nr_of_strided_rec: 128
nr_doubles: 65536
nr_of_strided_rec: 128
nr_doubles: 65536
nr_of_strided_rec: 128
nr_doubles: 65536
nr_of_strided_rec: 128
nr_doubles: 65536
nr_of_strided_rec: 128
nr_doubles: 65536
nr_of_strided_rec: 128
nr_doubles: 65536
nr_of_strided_rec: 128
nr_doubles: 65536
nr_of_strided_rec: 128
nr_doubles: 65536
nr_of_strided_rec: 128
nr_doubles: 65536
nr_of_strided_rec: 128
nr_doubles: 65536
nr_of_strided_rec: 128
nr_doubles: 65536
nr_of_strided_rec: 128
nr_doubles: 65536
nr_of_strided_rec: 128
nr_doubles: 65536
nr_of_strided_rec: 128
nr_doubles: 65536
nr_of_strided_rec: 128
nr_doubles: 65536
nr_of_strided_rec: 128
nr_doubles: 65536
nr_of_strided_rec: 128
nr_doubles: 65536
nr_of_strided_rec: 128
nr_doubles: 65536
nr_of_strided_rec: 128
nr_doubles: 65536
nr_of_strided_rec: 128
nr_doubles: 65536
nr_of_strided_rec: 128
nr_doubles: 65536
nr_of_strided_rec: 128
nr_doubles: 65536
nr_of_strided_rec: 128
nr_doubles: 65536
nr_of_strided_rec: 128
nr_doubles: 65536
nr_of_strided_rec: 128
nr_doubles: 65536
nr_of_strided_rec: 128
nr_doubles: 65536
nr_of_strided_rec: 128
nr_doubles: 65536
nr_of_strided_rec: 128
nr_doubles: 65536
nr_of_strided_rec: 128
nr_doubles: 65536
nr_of_strided_rec: 128
nr_doubles: 65536
nr_of_strided_rec: 128
nr_doubles: 65536
nr_of_strided_rec: 128
nr_doubles: 65536
nr_of_strided_rec: 128
nr_doubles: 65536
nr_of_strided_rec: 128
nr_doubles: 65536
nr_of_strided_rec: 128
nr_doubles: 65536
nr_of_strided_rec: 128
nr_doubles: 65536
nr_of_strided_rec: 128
nr_doubles: 65536
nr_of_strided_rec: 128
nr_doubles: 65536
nr_of_strided_rec: 128
nr_doubles: 65536
nr_of_strided_rec: 128
nr_doubles: 65536
nr_of_strided_rec: 128
nr_doubles: 65536
nr_of_strided_rec: 128
nr_doubles: 65536
nr_of_strided_rec: 128
nr_doubles: 65536
nr_of_strided_rec: 128
nr_doubles: 65536
nr_of_strided_rec: 128
nr_doubles: 65536
nr_of_strided_rec: 128
nr_doubles: 65536
nr_of_strided_rec: 128
nr_doubles: 65536
nr_of_strided_rec: 128
nr_doubles: 65536
nr_of_strided_rec: 128
nr_doubles: 65536
nr_of_strided_rec: 128
nr_doubles: 65536
nr_of_strided_rec: 128
nr_doubles: 65536
nr_of_strided_rec: 128
nr_doubles: 65536
nr_of_strided_rec: 128
nr_doubles: 65536
nr_of_strided_rec: 128
nr_doubles: 65536
nr_of_strided_rec: 128
nr_doubles: 65536
nr_of_strided_rec: 128
nr_doubles: 65536
nr_of_strided_rec: 128
nr_doubles: 65536
nr_of_strided_rec: 128
nr_doubles: 65536
nr_of_strided_rec: 128
nr_doubles: 65536
nr_of_strided_rec: 128
nr_doubles: 65536
nr_of_strided_rec: 128
nr_doubles: 65536
nr_of_strided_rec: 128
nr_doubles: 65536
nr_of_strided_rec: 128
nr_doubles: 65536
nr_of_strided_rec: 128
nr_doubles: 65536
nr_of_strided_rec: 128
nr_doubles: 65536
nr_of_strided_rec: 128
nr_doubles: 65536
nr_of_strided_rec: 128
nr_doubles: 65536
nr_of_strided_rec: 128
nr_doubles: 65536
nr_of_strided_rec: 128
nr_doubles: 65536
nr_of_strided_rec: 128
nr_doubles: 65536
nr_of_strided_rec: 128
nr_doubles: 65536
nr_of_strided_rec: 128
nr_doubles: 65536
nr_of_strided_rec: 128
nr_doubles: 65536
nr_of_strided_rec: 128
nr_doubles: 65536
nr_of_strided_rec: 128
nr_doubles: 65536
nr_of_strided_rec: 128
nr_doubles: 65536
nr_of_strided_rec: 128
nr_doubles: 65536
nr_of_strided_rec: 128
nr_doubles: 65536
nr_of_strided_rec: 128
nr_doubles: 65536
nr_of_strided_rec: 128
nr_doubles: 65536
nr_of_strided_rec: 128
nr_doubles: 65536
nr_of_strided_rec: 128
nr_doubles: 65536
nr_of_strided_rec: 128
nr_doubles: 65536
nr_of_strided_rec: 128
nr_doubles: 65536
nr_of_strided_rec: 128
nr_doubles: 65536
nr_of_strided_rec: 128
nr_doubles: 65536
nr_of_strided_rec: 128
nr_doubles: 65536
nr_of_strided_rec: 128
nr_doubles: 65536
nr_of_strided_rec: 128
nr_doubles: 65536
nr_of_strided_rec: 128
nr_doubles: 65536
nr_of_strided_rec: 128
nr_doubles: 65536
nr_of_strided_rec: 128
nr_doubles: 65536
nr_of_strided_rec: 128
nr_doubles: 65536
nr_of_strided_rec: 128
nr_doubles: 65536
nr_of_strided_rec: 128
nr_doubles: 65536
nr_of_strided_rec: 128
nr_doubles: 65536
nr_of_strided_rec: 128
nr_doubles: 65536
nr_of_strided_rec: 128
nr_doubles: 65536
nr_of_strided_rec: 128
nr_doubles: 65536
nr_of_strided_rec: 128
nr_doubles: 65536
nr_of_strided_rec: 128
nr_doubles: 65536
nr_of_strided_rec: 128
nr_doubles: 65536
nr_of_strided_rec: 128
nr_doubles: 65536
nr_of_strided_rec: 128
nr_doubles: 65536
nr_of_strided_rec: 128
nr_doubles: 65536
nr_of_strided_rec: 128
nr_doubles: 65536
nr_of_strided_rec: 128
nr_doubles: 65536
nr_of_strided_rec: 128
nr_doubles: 65536
nr_of_strided_rec: 128
nr_doubles: 65536
nr_of_strided_rec: 128
nr_doubles: 65536
nr_of_strided_rec: 128
nr_doubles: 65536
nr_of_strided_rec: 128
nr_doubles: 65536
nr_of_strided_rec: 128
nr_doubles: 65536
nr_of_strided_rec: 128
nr_doubles: 65536
nr_of_strided_rec: 128
nr_doubles: 65536
nr_of_strided_rec: 128
nr_doubles: 65536
nr_of_strided_rec: 128
nr_doubles: 65536
C_cc         2.98   [      2.98:      2.98]
C_bw         2.48   [      2.48:      2.48]
C_r        143.98   [    143.98:    143.98]
          -------
C_total    149.44   [    149.44:    149.45]


dC[0] = 0.00000e+00
fclose PID:32692 fd:8
fclose PID:32691 fd:10
fclose PID:32693 fd:8
fclose PID:32690 fd:12
READAHEAD_TIME:0.000000 us
MaxRSS= 2107780 KB, SharedMem= 0 KB, HardPageFault= 13
READAHEAD_TIME:0.000000 us
MaxRSS= 2107988 KB, SharedMem= 0 KB, HardPageFault= 11
READAHEAD_TIME:0.000000 us
MaxRSS= 2107860 KB, SharedMem= 0 KB, HardPageFault= 12
READAHEAD_TIME:0.000000 us
MaxRSS= 2107908 KB, SharedMem= 0 KB, HardPageFault= 13
fclose PID:32689 fd:0
fclose PID:32689 fd:6
fclose PID:32689 fd:6
fclose PID:32689 fd:0
READAHEAD_TIME:0.000000 us
MaxRSS= 5288 KB, SharedMem= 0 KB, HardPageFault= 2
fclose PID:32688 fd:3
fclose PID:32688 fd:4
fclose PID:32688 fd:4
fclose PID:32688 fd:3
READAHEAD_TIME:0.000000 us
MaxRSS= 4876 KB, SharedMem= 0 KB, HardPageFault= 4
	Command being timed: "mpiexec -n 4 ./MADbench2_io 16384 30 1 8 64 1 1 524288 7 1"
	User time (seconds): 352.95
	System time (seconds): 231.33
	Percent of CPU this job got: 96%
	Elapsed (wall clock) time (h:mm:ss or m:ss): 10:02.44
	Average shared text size (kbytes): 0
	Average unshared data size (kbytes): 0
	Average stack size (kbytes): 0
	Average total size (kbytes): 0
	Maximum resident set size (kbytes): 2107988
	Average resident set size (kbytes): 0
	Major (requiring I/O) page faults: 56
	Minor (reclaiming a frame) page faults: 8805700
	Voluntary context switches: 322481
	Involuntary context switches: 2785
	Swaps: 0
	File system inputs: 240342120
	File system outputs: 251658488
	Socket messages sent: 0
	Socket messages received: 0
	Signals delivered: 0
	Page size (bytes): 4096
	Exit status: 0
READAHEAD_TIME:0.000000 us
MaxRSS= 2212 KB, SharedMem= 0 KB, HardPageFault= 0
*******************DMESG OUTPUT******************
