fclose PID:29982 fd:3
fclose PID:29982 fd:4
fclose PID:29982 fd:4
fclose PID:29982 fd:3
available: 2 nodes (0-1)
fclose PID:29982 fd:3
node 0 cpus:fclose PID:29982 fd:3
 0 1 2 3 4 5 6 7 8 9 20 21 22 23 24 25 26 27 28 29
node 0 size: 80440 MB
node 0 free: 80121 MB
fclose PID:29982 fd:3
node 1 cpus:fclose PID:29982 fd:3
 10 11 12 13 14 15 16 17 18 19 30 31 32 33 34 35 36 37 38 39
node 1 size: 80635 MB
node 1 free: 80376 MB
fclose PID:29982 fd:3
fclose PID:29982 fd:3
node distances:
node   0   1 
  0:  10  21 
  1:  21  10 
READAHEAD_TIME:0.000000 us
MaxRSS= 2200 KB, SharedMem= 0 KB, HardPageFault= 10
fclose PID:29990 fd:12
fclose PID:29992 fd:8
fclose PID:29991 fd:10
fclose PID:29993 fd:8

MADbench 2.0 IO-mode
no_pe = 4  no_pix = 8192  no_bin = 30  no_gang = 1 sblocksize = 8  fblocksize = 64  r_mod = 1  w_mod = 1 record_size=524288 stride=7
IOMETHOD = POSIX  IOMODE = SYNC  FILETYPE = UNIQUE  REMAP = CUSTOM

build_S
build_S
build_S
build_S

Write the data to file:134217728 bytes
***********WAITING************

Write the data to file:134217728 bytes
***********WAITING************

Write the data to file:134217728 bytes
***********WAITING************

Write the data to file:134217728 bytes
***********WAITING************

Write the data to file:134217728 bytes
***********WAITING************

Write the data to file:134217728 bytes
***********WAITING************

Write the data to file:134217728 bytes
***********WAITING************

Write the data to file:134217728 bytes
***********WAITING************

Write the data to file:134217728 bytes
***********WAITING************

Write the data to file:134217728 bytes
***********WAITING************

Write the data to file:134217728 bytes
***********WAITING************

Write the data to file:134217728 bytes
***********WAITING************

Write the data to file:134217728 bytes
***********WAITING************

Write the data to file:134217728 bytes
***********WAITING************

Write the data to file:134217728 bytes
***********WAITING************

Write the data to file:134217728 bytes
***********WAITING************

Write the data to file:134217728 bytes
***********WAITING************

Write the data to file:134217728 bytes
***********WAITING************

Write the data to file:134217728 bytes
***********WAITING************

Write the data to file:134217728 bytes
***********WAITING************

Write the data to file:134217728 bytes
***********WAITING************

Write the data to file:134217728 bytes
***********WAITING************

Write the data to file:134217728 bytes
***********WAITING************

Write the data to file:134217728 bytes
***********WAITING************

Write the data to file:134217728 bytes
***********WAITING************

Write the data to file:134217728 bytes
***********WAITING************

Write the data to file:134217728 bytes
***********WAITING************

Write the data to file:134217728 bytes
***********WAITING************

Write the data to file:134217728 bytes
***********WAITING************

Write the data to file:134217728 bytes
***********WAITING************

Write the data to file:134217728 bytes
***********WAITING************

Write the data to file:134217728 bytes
***********WAITING************

Write the data to file:134217728 bytes
***********WAITING************

Write the data to file:134217728 bytes
***********WAITING************

Write the data to file:134217728 bytes
***********WAITING************

Write the data to file:134217728 bytes
***********WAITING************

Write the data to file:134217728 bytes
***********WAITING************

Write the data to file:134217728 bytes
***********WAITING************

Write the data to file:134217728 bytes
***********WAITING************

Write the data to file:134217728 bytes
***********WAITING************

Write the data to file:134217728 bytes
***********WAITING************

Write the data to file:134217728 bytes
***********WAITING************

Write the data to file:134217728 bytes
***********WAITING************

Write the data to file:134217728 bytes
***********WAITING************

Write the data to file:134217728 bytes
***********WAITING************

Write the data to file:134217728 bytes
***********WAITING************

Write the data to file:134217728 bytes
***********WAITING************

Write the data to file:134217728 bytes
***********WAITING************

Write the data to file:134217728 bytes
***********WAITING************

Write the data to file:134217728 bytes
***********WAITING************

Write the data to file:134217728 bytes
***********WAITING************

Write the data to file:134217728 bytes
***********WAITING************

Write the data to file:134217728 bytes
***********WAITING************

Write the data to file:134217728 bytes
***********WAITING************

Write the data to file:134217728 bytes
***********WAITING************

Write the data to file:134217728 bytes
***********WAITING************

Write the data to file:134217728 bytes
***********WAITING************

Write the data to file:134217728 bytes
***********WAITING************

Write the data to file:134217728 bytes
***********WAITING************

Write the data to file:134217728 bytes
***********WAITING************

Write the data to file:134217728 bytes
***********WAITING************

Write the data to file:134217728 bytes
***********WAITING************

Write the data to file:134217728 bytes
***********WAITING************

Write the data to file:134217728 bytes
***********WAITING************

Write the data to file:134217728 bytes
***********WAITING************

Write the data to file:134217728 bytes
***********WAITING************

Write the data to file:134217728 bytes
***********WAITING************

Write the data to file:134217728 bytes
***********WAITING************

Write the data to file:134217728 bytes
***********WAITING************

Write the data to file:134217728 bytes
***********WAITING************

Write the data to file:134217728 bytes
***********WAITING************

Write the data to file:134217728 bytes
***********WAITING************

Write the data to file:134217728 bytes
***********WAITING************

Write the data to file:134217728 bytes
***********WAITING************

Write the data to file:134217728 bytes
***********WAITING************

Write the data to file:134217728 bytes
***********WAITING************

Write the data to file:134217728 bytes
***********WAITING************

Write the data to file:134217728 bytes
***********WAITING************

Write the data to file:134217728 bytes
***********WAITING************

Write the data to file:134217728 bytes
***********WAITING************

Write the data to file:134217728 bytes
***********WAITING************

Write the data to file:134217728 bytes
***********WAITING************

Write the data to file:134217728 bytes
***********WAITING************

Write the data to file:134217728 bytes
***********WAITING************

Write the data to file:134217728 bytes
***********WAITING************

Write the data to file:134217728 bytes
***********WAITING************

Write the data to file:134217728 bytes
***********WAITING************

Write the data to file:134217728 bytes
***********WAITING************

Write the data to file:134217728 bytes
***********WAITING************

Write the data to file:134217728 bytes
***********WAITING************

Write the data to file:134217728 bytes
***********WAITING************

Write the data to file:134217728 bytes
***********WAITING************

Write the data to file:134217728 bytes
***********WAITING************

Write the data to file:134217728 bytes
***********WAITING************

Write the data to file:134217728 bytes
***********WAITING************

Write the data to file:134217728 bytes
***********WAITING************

Write the data to file:134217728 bytes
***********WAITING************

Write the data to file:134217728 bytes
***********WAITING************

Write the data to file:134217728 bytes
***********WAITING************

Write the data to file:134217728 bytes
***********WAITING************

Write the data to file:134217728 bytes
***********WAITING************

Write the data to file:134217728 bytes
***********WAITING************

Write the data to file:134217728 bytes
***********WAITING************

Write the data to file:134217728 bytes
***********WAITING************

Write the data to file:134217728 bytes
***********WAITING************

Write the data to file:134217728 bytes
***********WAITING************

Write the data to file:134217728 bytes
***********WAITING************

Write the data to file:134217728 bytes
***********WAITING************

Write the data to file:134217728 bytes
***********WAITING************

Write the data to file:134217728 bytes
***********WAITING************

Write the data to file:134217728 bytes
***********WAITING************

Write the data to file:134217728 bytes
***********WAITING************

Write the data to file:134217728 bytes
***********WAITING************

Write the data to file:134217728 bytes
***********WAITING************

Write the data to file:134217728 bytes
***********WAITING************

Write the data to file:134217728 bytes
***********WAITING************

Write the data to file:134217728 bytes
***********WAITING************

Write the data to file:134217728 bytes
***********WAITING************

Write the data to file:134217728 bytes
***********WAITING************

Write the data to file:134217728 bytes
***********WAITING************
S_cc         1.37   [      1.37:      1.37]
S_bw         0.78   [      0.78:      0.78]
S_w         33.43   [     33.43:     33.43]
          -------
S_total     35.58   [     35.58:     35.59]

build_S done
calc_W
nr_of_strided_rec: 32
nr_doubles: 65536
build_S done
calc_W
nr_of_strided_rec: 32
nr_doubles: 65536
build_S done
calc_W
nr_of_strided_rec: 32
nr_doubles: 65536
build_S done
calc_W
nr_of_strided_rec: 32
nr_doubles: 65536
nr_of_strided_rec: 32
nr_doubles: 65536
nr_of_strided_rec: 32
nr_doubles: 65536
nr_of_strided_rec: 32
nr_doubles: 65536
nr_of_strided_rec: 32
nr_doubles: 65536

Write the data to file:134217728 bytes
***********WAITING************

Write the data to file:134217728 bytes
***********WAITING************

Write the data to file:134217728 bytes
***********WAITING************

Write the data to file:134217728 bytes
***********WAITING************
nr_of_strided_rec: 32
nr_doubles: 65536
nr_of_strided_rec: 32
nr_doubles: 65536
nr_of_strided_rec: 32
nr_doubles: 65536
nr_of_strided_rec: 32
nr_doubles: 65536

Write the data to file:134217728 bytes
***********WAITING************

Write the data to file:134217728 bytes
***********WAITING************

Write the data to file:134217728 bytes
***********WAITING************

Write the data to file:134217728 bytes
***********WAITING************
nr_of_strided_rec: 32
nr_doubles: 65536
nr_of_strided_rec: 32
nr_doubles: 65536
nr_of_strided_rec: 32
nr_doubles: 65536
nr_of_strided_rec: 32
nr_doubles: 65536

Write the data to file:134217728 bytes
***********WAITING************

Write the data to file:134217728 bytes
***********WAITING************

Write the data to file:134217728 bytes
***********WAITING************

Write the data to file:134217728 bytes
***********WAITING************
nr_of_strided_rec: 32
nr_doubles: 65536
nr_of_strided_rec: 32
nr_doubles: 65536
nr_of_strided_rec: 32
nr_doubles: 65536
nr_of_strided_rec: 32
nr_doubles: 65536

Write the data to file:134217728 bytes
***********WAITING************

Write the data to file:134217728 bytes
***********WAITING************

Write the data to file:134217728 bytes
***********WAITING************

Write the data to file:134217728 bytes
***********WAITING************
nr_of_strided_rec: 32
nr_doubles: 65536
nr_of_strided_rec: 32
nr_doubles: 65536
nr_of_strided_rec: 32
nr_doubles: 65536
nr_of_strided_rec: 32
nr_doubles: 65536

Write the data to file:134217728 bytes
***********WAITING************

Write the data to file:134217728 bytes
***********WAITING************

Write the data to file:134217728 bytes
***********WAITING************

Write the data to file:134217728 bytes
***********WAITING************
nr_of_strided_rec: 32
nr_doubles: 65536
nr_of_strided_rec: 32
nr_doubles: 65536
nr_of_strided_rec: 32
nr_doubles: 65536
nr_of_strided_rec: 32
nr_doubles: 65536

Write the data to file:134217728 bytes
***********WAITING************

Write the data to file:134217728 bytes
***********WAITING************

Write the data to file:134217728 bytes
***********WAITING************

Write the data to file:134217728 bytes
***********WAITING************
nr_of_strided_rec: 32
nr_doubles: 65536
nr_of_strided_rec: 32
nr_doubles: 65536
nr_of_strided_rec: 32
nr_doubles: 65536
nr_of_strided_rec: 32
nr_doubles: 65536

Write the data to file:134217728 bytes
***********WAITING************

Write the data to file:134217728 bytes
***********WAITING************

Write the data to file:134217728 bytes
***********WAITING************

Write the data to file:134217728 bytes
***********WAITING************
nr_of_strided_rec: 32
nr_doubles: 65536
nr_of_strided_rec: 32
nr_doubles: 65536
nr_of_strided_rec: 32
nr_doubles: 65536
nr_of_strided_rec: 32
nr_doubles: 65536

Write the data to file:134217728 bytes
***********WAITING************

Write the data to file:134217728 bytes
***********WAITING************

Write the data to file:134217728 bytes
***********WAITING************

Write the data to file:134217728 bytes
***********WAITING************
nr_of_strided_rec: 32
nr_doubles: 65536
nr_of_strided_rec: 32
nr_doubles: 65536
nr_of_strided_rec: 32
nr_doubles: 65536
nr_of_strided_rec: 32
nr_doubles: 65536

Write the data to file:134217728 bytes
***********WAITING************

Write the data to file:134217728 bytes
***********WAITING************

Write the data to file:134217728 bytes
***********WAITING************

Write the data to file:134217728 bytes
***********WAITING************
nr_of_strided_rec: 32
nr_doubles: 65536
nr_of_strided_rec: 32
nr_doubles: 65536
nr_of_strided_rec: 32
nr_doubles: 65536
nr_of_strided_rec: 32
nr_doubles: 65536

Write the data to file:134217728 bytes
***********WAITING************

Write the data to file:134217728 bytes
***********WAITING************

Write the data to file:134217728 bytes
***********WAITING************

Write the data to file:134217728 bytes
***********WAITING************
nr_of_strided_rec: 32
nr_doubles: 65536
nr_of_strided_rec: 32
nr_doubles: 65536
nr_of_strided_rec: 32
nr_doubles: 65536
nr_of_strided_rec: 32
nr_doubles: 65536

Write the data to file:134217728 bytes
***********WAITING************

Write the data to file:134217728 bytes
***********WAITING************

Write the data to file:134217728 bytes
***********WAITING************

Write the data to file:134217728 bytes
***********WAITING************
nr_of_strided_rec: 32
nr_doubles: 65536
nr_of_strided_rec: 32
nr_doubles: 65536
nr_of_strided_rec: 32
nr_doubles: 65536
nr_of_strided_rec: 32
nr_doubles: 65536

Write the data to file:134217728 bytes
***********WAITING************

Write the data to file:134217728 bytes
***********WAITING************

Write the data to file:134217728 bytes
***********WAITING************

Write the data to file:134217728 bytes
***********WAITING************
nr_of_strided_rec: 32
nr_doubles: 65536
nr_of_strided_rec: 32
nr_doubles: 65536
nr_of_strided_rec: 32
nr_doubles: 65536
nr_of_strided_rec: 32
nr_doubles: 65536

Write the data to file:134217728 bytes
***********WAITING************

Write the data to file:134217728 bytes
***********WAITING************

Write the data to file:134217728 bytes
***********WAITING************

Write the data to file:134217728 bytes
***********WAITING************
nr_of_strided_rec: 32
nr_doubles: 65536
nr_of_strided_rec: 32
nr_doubles: 65536
nr_of_strided_rec: 32
nr_doubles: 65536
nr_of_strided_rec: 32
nr_doubles: 65536

Write the data to file:134217728 bytes
***********WAITING************

Write the data to file:134217728 bytes
***********WAITING************

Write the data to file:134217728 bytes
***********WAITING************

Write the data to file:134217728 bytes
***********WAITING************
nr_of_strided_rec: 32
nr_doubles: 65536
nr_of_strided_rec: 32
nr_doubles: 65536
nr_of_strided_rec: 32
nr_doubles: 65536
nr_of_strided_rec: 32
nr_doubles: 65536

Write the data to file:134217728 bytes
***********WAITING************

Write the data to file:134217728 bytes
***********WAITING************

Write the data to file:134217728 bytes
***********WAITING************

Write the data to file:134217728 bytes
***********WAITING************
nr_of_strided_rec: 32
nr_doubles: 65536
nr_of_strided_rec: 32
nr_doubles: 65536
nr_of_strided_rec: 32
nr_doubles: 65536
nr_of_strided_rec: 32
nr_doubles: 65536

Write the data to file:134217728 bytes
***********WAITING************

Write the data to file:134217728 bytes
***********WAITING************

Write the data to file:134217728 bytes
***********WAITING************

Write the data to file:134217728 bytes
***********WAITING************
nr_of_strided_rec: 32
nr_doubles: 65536
nr_of_strided_rec: 32
nr_doubles: 65536
nr_of_strided_rec: 32
nr_doubles: 65536
nr_of_strided_rec: 32
nr_doubles: 65536

Write the data to file:134217728 bytes
***********WAITING************

Write the data to file:134217728 bytes
***********WAITING************

Write the data to file:134217728 bytes
***********WAITING************

Write the data to file:134217728 bytes
***********WAITING************
nr_of_strided_rec: 32
nr_doubles: 65536
nr_of_strided_rec: 32
nr_doubles: 65536
nr_of_strided_rec: 32
nr_doubles: 65536
nr_of_strided_rec: 32
nr_doubles: 65536

Write the data to file:134217728 bytes
***********WAITING************

Write the data to file:134217728 bytes
***********WAITING************

Write the data to file:134217728 bytes
***********WAITING************

Write the data to file:134217728 bytes
***********WAITING************
nr_of_strided_rec: 32
nr_doubles: 65536
nr_of_strided_rec: 32
nr_doubles: 65536
nr_of_strided_rec: 32
nr_doubles: 65536
nr_of_strided_rec: 32
nr_doubles: 65536

Write the data to file:134217728 bytes
***********WAITING************

Write the data to file:134217728 bytes
***********WAITING************

Write the data to file:134217728 bytes
***********WAITING************

Write the data to file:134217728 bytes
***********WAITING************
nr_of_strided_rec: 32
nr_doubles: 65536
nr_of_strided_rec: 32
nr_doubles: 65536
nr_of_strided_rec: 32
nr_doubles: 65536
nr_of_strided_rec: 32
nr_doubles: 65536

Write the data to file:134217728 bytes
***********WAITING************

Write the data to file:134217728 bytes
***********WAITING************

Write the data to file:134217728 bytes
***********WAITING************

Write the data to file:134217728 bytes
***********WAITING************
nr_of_strided_rec: 32
nr_doubles: 65536
nr_of_strided_rec: 32
nr_doubles: 65536
nr_of_strided_rec: 32
nr_doubles: 65536
nr_of_strided_rec: 32
nr_doubles: 65536

Write the data to file:134217728 bytes
***********WAITING************

Write the data to file:134217728 bytes
***********WAITING************

Write the data to file:134217728 bytes
***********WAITING************

Write the data to file:134217728 bytes
***********WAITING************
nr_of_strided_rec: 32
nr_doubles: 65536
nr_of_strided_rec: 32
nr_doubles: 65536
nr_of_strided_rec: 32
nr_doubles: 65536
nr_of_strided_rec: 32
nr_doubles: 65536

Write the data to file:134217728 bytes
***********WAITING************

Write the data to file:134217728 bytes
***********WAITING************

Write the data to file:134217728 bytes
***********WAITING************

Write the data to file:134217728 bytes
***********WAITING************
nr_of_strided_rec: 32
nr_doubles: 65536
nr_of_strided_rec: 32
nr_doubles: 65536
nr_of_strided_rec: 32
nr_doubles: 65536
nr_of_strided_rec: 32
nr_doubles: 65536

Write the data to file:134217728 bytes
***********WAITING************

Write the data to file:134217728 bytes
***********WAITING************

Write the data to file:134217728 bytes
***********WAITING************

Write the data to file:134217728 bytes
***********WAITING************
nr_of_strided_rec: 32
nr_doubles: 65536
nr_of_strided_rec: 32
nr_doubles: 65536
nr_of_strided_rec: 32
nr_doubles: 65536
nr_of_strided_rec: 32
nr_doubles: 65536

Write the data to file:134217728 bytes
***********WAITING************

Write the data to file:134217728 bytes
***********WAITING************

Write the data to file:134217728 bytes
***********WAITING************

Write the data to file:134217728 bytes
***********WAITING************
nr_of_strided_rec: 32
nr_doubles: 65536
nr_of_strided_rec: 32
nr_doubles: 65536
nr_of_strided_rec: 32
nr_doubles: 65536
nr_of_strided_rec: 32
nr_doubles: 65536

Write the data to file:134217728 bytes
***********WAITING************

Write the data to file:134217728 bytes
***********WAITING************

Write the data to file:134217728 bytes
***********WAITING************

Write the data to file:134217728 bytes
***********WAITING************
nr_of_strided_rec: 32
nr_doubles: 65536
nr_of_strided_rec: 32
nr_doubles: 65536
nr_of_strided_rec: 32
nr_doubles: 65536
nr_of_strided_rec: 32
nr_doubles: 65536

Write the data to file:134217728 bytes
***********WAITING************

Write the data to file:134217728 bytes
***********WAITING************

Write the data to file:134217728 bytes
***********WAITING************

Write the data to file:134217728 bytes
***********WAITING************
nr_of_strided_rec: 32
nr_doubles: 65536
nr_of_strided_rec: 32
nr_doubles: 65536
nr_of_strided_rec: 32
nr_doubles: 65536
nr_of_strided_rec: 32
nr_doubles: 65536

Write the data to file:134217728 bytes
***********WAITING************

Write the data to file:134217728 bytes
***********WAITING************

Write the data to file:134217728 bytes
***********WAITING************

Write the data to file:134217728 bytes
***********WAITING************
nr_of_strided_rec: 32
nr_doubles: 65536
nr_of_strided_rec: 32
nr_doubles: 65536
nr_of_strided_rec: 32
nr_doubles: 65536
nr_of_strided_rec: 32
nr_doubles: 65536

Write the data to file:134217728 bytes
***********WAITING************

Write the data to file:134217728 bytes
***********WAITING************

Write the data to file:134217728 bytes
***********WAITING************

Write the data to file:134217728 bytes
***********WAITING************
nr_of_strided_rec: 32
nr_doubles: 65536
nr_of_strided_rec: 32
nr_doubles: 65536
nr_of_strided_rec: 32
nr_doubles: 65536
nr_of_strided_rec: 32
nr_doubles: 65536

Write the data to file:134217728 bytes
***********WAITING************

Write the data to file:134217728 bytes
***********WAITING************

Write the data to file:134217728 bytes
***********WAITING************

Write the data to file:134217728 bytes
***********WAITING************

Write the data to file:134217728 bytes
***********WAITING************

Write the data to file:134217728 bytes
***********WAITING************

Write the data to file:134217728 bytes
***********WAITING************

Write the data to file:134217728 bytes
***********WAITING************
W_cc         2.69   [      2.69:      2.69]
W_r         47.18   [     47.18:     47.18]
W_w         31.09   [     31.09:     31.09]
          -------
W_total     80.96   [     80.96:     80.97]

calc_W done
calc_W done
nr_of_strided_rec: 32
nr_doubles: 65536
calc_W done
nr_of_strided_rec: 32
nr_doubles: 65536
calc_W done
nr_of_strided_rec: 32
nr_doubles: 65536
nr_of_strided_rec: 32
nr_doubles: 65536
nr_of_strided_rec: 32
nr_doubles: 65536
nr_of_strided_rec: 32
nr_doubles: 65536
nr_of_strided_rec: 32
nr_doubles: 65536
nr_of_strided_rec: 32
nr_doubles: 65536
nr_of_strided_rec: 32
nr_doubles: 65536
nr_of_strided_rec: 32
nr_doubles: 65536
nr_of_strided_rec: 32
nr_doubles: 65536
nr_of_strided_rec: 32
nr_doubles: 65536
nr_of_strided_rec: 32
nr_doubles: 65536
nr_of_strided_rec: 32
nr_doubles: 65536
nr_of_strided_rec: 32
nr_doubles: 65536
nr_of_strided_rec: 32
nr_doubles: 65536
nr_of_strided_rec: 32
nr_doubles: 65536
nr_of_strided_rec: 32
nr_doubles: 65536
nr_of_strided_rec: 32
nr_doubles: 65536
nr_of_strided_rec: 32
nr_doubles: 65536
nr_of_strided_rec: 32
nr_doubles: 65536
nr_of_strided_rec: 32
nr_doubles: 65536
nr_of_strided_rec: 32
nr_doubles: 65536
nr_of_strided_rec: 32
nr_doubles: 65536
nr_of_strided_rec: 32
nr_doubles: 65536
nr_of_strided_rec: 32
nr_doubles: 65536
nr_of_strided_rec: 32
nr_doubles: 65536
nr_of_strided_rec: 32
nr_doubles: 65536
nr_of_strided_rec: 32
nr_doubles: 65536
nr_of_strided_rec: 32
nr_doubles: 65536
nr_of_strided_rec: 32
nr_doubles: 65536
nr_of_strided_rec: 32
nr_doubles: 65536
nr_of_strided_rec: 32
nr_doubles: 65536
nr_of_strided_rec: 32
nr_doubles: 65536
nr_of_strided_rec: 32
nr_doubles: 65536
nr_of_strided_rec: 32
nr_doubles: 65536
nr_of_strided_rec: 32
nr_doubles: 65536
nr_of_strided_rec: 32
nr_doubles: 65536
nr_of_strided_rec: 32
nr_doubles: 65536
nr_of_strided_rec: 32
nr_doubles: 65536
nr_of_strided_rec: 32
nr_doubles: 65536
nr_of_strided_rec: 32
nr_doubles: 65536
nr_of_strided_rec: 32
nr_doubles: 65536
nr_of_strided_rec: 32
nr_doubles: 65536
nr_of_strided_rec: 32
nr_doubles: 65536
nr_of_strided_rec: 32
nr_doubles: 65536
nr_of_strided_rec: 32
nr_doubles: 65536
nr_of_strided_rec: 32
nr_doubles: 65536
nr_of_strided_rec: 32
nr_doubles: 65536
nr_of_strided_rec: 32
nr_doubles: 65536
nr_of_strided_rec: 32
nr_doubles: 65536
nr_of_strided_rec: 32
nr_doubles: 65536
nr_of_strided_rec: 32
nr_doubles: 65536
nr_of_strided_rec: 32
nr_doubles: 65536
nr_of_strided_rec: 32
nr_doubles: 65536
nr_of_strided_rec: 32
nr_doubles: 65536
nr_of_strided_rec: 32
nr_doubles: 65536
nr_of_strided_rec: 32
nr_doubles: 65536
nr_of_strided_rec: 32
nr_doubles: 65536
nr_of_strided_rec: 32
nr_doubles: 65536
nr_of_strided_rec: 32
nr_doubles: 65536
nr_of_strided_rec: 32
nr_doubles: 65536
nr_of_strided_rec: 32
nr_doubles: 65536
nr_of_strided_rec: 32
nr_doubles: 65536
nr_of_strided_rec: 32
nr_doubles: 65536
nr_of_strided_rec: 32
nr_doubles: 65536
nr_of_strided_rec: 32
nr_doubles: 65536
nr_of_strided_rec: 32
nr_doubles: 65536
nr_of_strided_rec: 32
nr_doubles: 65536
nr_of_strided_rec: 32
nr_doubles: 65536
nr_of_strided_rec: 32
nr_doubles: 65536
nr_of_strided_rec: 32
nr_doubles: 65536
nr_of_strided_rec: 32
nr_doubles: 65536
nr_of_strided_rec: 32
nr_doubles: 65536
nr_of_strided_rec: 32
nr_doubles: 65536
nr_of_strided_rec: 32
nr_doubles: 65536
nr_of_strided_rec: 32
nr_doubles: 65536
nr_of_strided_rec: 32
nr_doubles: 65536
nr_of_strided_rec: 32
nr_doubles: 65536
nr_of_strided_rec: 32
nr_doubles: 65536
nr_of_strided_rec: 32
nr_doubles: 65536
nr_of_strided_rec: 32
nr_doubles: 65536
nr_of_strided_rec: 32
nr_doubles: 65536
nr_of_strided_rec: 32
nr_doubles: 65536
nr_of_strided_rec: 32
nr_doubles: 65536
nr_of_strided_rec: 32
nr_doubles: 65536
nr_of_strided_rec: 32
nr_doubles: 65536
nr_of_strided_rec: 32
nr_doubles: 65536
nr_of_strided_rec: 32
nr_doubles: 65536
nr_of_strided_rec: 32
nr_doubles: 65536
nr_of_strided_rec: 32
nr_doubles: 65536
nr_of_strided_rec: 32
nr_doubles: 65536
nr_of_strided_rec: 32
nr_doubles: 65536
nr_of_strided_rec: 32
nr_doubles: 65536
nr_of_strided_rec: 32
nr_doubles: 65536
nr_of_strided_rec: 32
nr_doubles: 65536
nr_of_strided_rec: 32
nr_doubles: 65536
nr_of_strided_rec: 32
nr_doubles: 65536
nr_of_strided_rec: 32
nr_doubles: 65536
nr_of_strided_rec: 32
nr_doubles: 65536
nr_of_strided_rec: 32
nr_doubles: 65536
nr_of_strided_rec: 32
nr_doubles: 65536
nr_of_strided_rec: 32
nr_doubles: 65536
nr_of_strided_rec: 32
nr_doubles: 65536
nr_of_strided_rec: 32
nr_doubles: 65536
nr_of_strided_rec: 32
nr_doubles: 65536
nr_of_strided_rec: 32
nr_doubles: 65536
nr_of_strided_rec: 32
nr_doubles: 65536
nr_of_strided_rec: 32
nr_doubles: 65536
nr_of_strided_rec: 32
nr_doubles: 65536
nr_of_strided_rec: 32
nr_doubles: 65536
nr_of_strided_rec: 32
nr_doubles: 65536
nr_of_strided_rec: 32
nr_doubles: 65536
nr_of_strided_rec: 32
nr_doubles: 65536
nr_of_strided_rec: 32
nr_doubles: 65536
nr_of_strided_rec: 32
nr_doubles: 65536
nr_of_strided_rec: 32
nr_doubles: 65536
nr_of_strided_rec: 32
nr_doubles: 65536
nr_of_strided_rec: 32
nr_doubles: 65536
nr_of_strided_rec: 32
nr_doubles: 65536
C_cc         1.16   [      1.16:      1.16]
C_bw         0.78   [      0.78:      0.78]
C_r         32.83   [     32.83:     32.83]
          -------
C_total     34.77   [     34.77:     34.77]


dC[0] = 0.00000e+00
fclose PID:29991 fd:10
fclose PID:29993 fd:8
fclose PID:29992 fd:8
fclose PID:29990 fd:12
READAHEAD_TIME:804260.000000 us
MaxRSS= 535032 KB, SharedMem= 0 KB, HardPageFault= 9
READAHEAD_TIME:834679.000000 us
MaxRSS= 534992 KB, SharedMem= 0 KB, HardPageFault= 13
READAHEAD_TIME:815936.000000 us
MaxRSS= 535192 KB, SharedMem= 0 KB, HardPageFault= 6
READAHEAD_TIME:832507.000000 us
MaxRSS= 534856 KB, SharedMem= 0 KB, HardPageFault= 9
fclose PID:29989 fd:0
fclose PID:29989 fd:6
fclose PID:29989 fd:6
fclose PID:29989 fd:0
READAHEAD_TIME:0.000000 us
MaxRSS= 5404 KB, SharedMem= 0 KB, HardPageFault= 2
fclose PID:29987 fd:3
fclose PID:29987 fd:4
fclose PID:29987 fd:4
fclose PID:29987 fd:3
READAHEAD_TIME:0.000000 us
MaxRSS= 4944 KB, SharedMem= 0 KB, HardPageFault= 4
	Command being timed: "mpiexec -n 4 ./MADbench2_io 8192 30 1 8 64 1 1 524288 7 1"
	User time (seconds): 74.10
	System time (seconds): 58.95
	Percent of CPU this job got: 87%
	Elapsed (wall clock) time (h:mm:ss or m:ss): 2:31.65
	Average shared text size (kbytes): 0
	Average unshared data size (kbytes): 0
	Average stack size (kbytes): 0
	Average total size (kbytes): 0
	Maximum resident set size (kbytes): 535192
	Average resident set size (kbytes): 0
	Major (requiring I/O) page faults: 44
	Minor (reclaiming a frame) page faults: 2615437
	Voluntary context switches: 18767
	Involuntary context switches: 1185
	Swaps: 0
	File system inputs: 62447384
	File system outputs: 62914656
	Socket messages sent: 0
	Socket messages received: 0
	Signals delivered: 0
	Page size (bytes): 4096
	Exit status: 0
READAHEAD_TIME:0.000000 us
MaxRSS= 2088 KB, SharedMem= 0 KB, HardPageFault= 0
*******************DMESG OUTPUT******************
