fclose PID:35529 fd:3
fclose PID:35529 fd:4
fclose PID:35529 fd:4
fclose PID:35529 fd:3
available: 2 nodes (0-1)
fclose PID:35529 fd:3
node 0 cpus:fclose PID:35529 fd:3
 0 1 2 3 4 5 6 7 8 9 20 21 22 23 24 25 26 27 28 29
node 0 size: 80440 MB
node 0 free: 80117 MB
fclose PID:35529 fd:3
node 1 cpus:fclose PID:35529 fd:3
 10 11 12 13 14 15 16 17 18 19 30 31 32 33 34 35 36 37 38 39
node 1 size: 80635 MB
node 1 free: 80369 MB
fclose PID:35529 fd:3
fclose PID:35529 fd:3
node distances:
node   0   1 
  0:  10  21 
  1:  21  10 
READAHEAD_TIME:0.000000 us
MaxRSS= 2204 KB, SharedMem= 0 KB, HardPageFault= 10
fclose PID:35541 fd:8
fclose PID:35547 fd:8
fclose PID:35537 fd:8
fclose PID:35540 fd:8
fclose PID:35545 fd:8
fclose PID:35534 fd:12
fclose PID:35542 fd:8
fclose PID:35544 fd:8
fclose PID:35543 fd:8
fclose PID:35546 fd:8
fclose PID:35535 fd:10
fclose PID:35536 fd:8
fclose PID:35539 fd:8
fclose PID:35548 fd:8
fclose PID:35538 fd:8
fclose PID:35549 fd:8

MADbench 2.0 IO-mode
no_pe = 16  no_pix = 4096  no_bin = 30  no_gang = 1 sblocksize = 8  fblocksize = 64  r_mod = 1  w_mod = 1 record_size=4096 stride=7


IOMETHOD = POSIX  IOMODE = SYNC  FILETYPE = UNIQUE  REMAP = CUSTOMbuild_S
build_S
build_S
build_S
build_S
build_S
build_S
build_S
build_S
build_S
build_S
build_S
build_S
build_S
build_S
build_S

Write the data to file:8388608 bytes
***********WAITING************

Write the data to file:8388608 bytes
***********WAITING************

Write the data to file:8388608 bytes
***********WAITING************

Write the data to file:8388608 bytes
***********WAITING************

Write the data to file:8388608 bytes
***********WAITING************

Write the data to file:8388608 bytes
***********WAITING************

Write the data to file:8388608 bytes
***********WAITING************

Write the data to file:8388608 bytes
***********WAITING************

Write the data to file:8388608 bytes
***********WAITING************

Write the data to file:8388608 bytes
***********WAITING************

Write the data to file:8388608 bytes
***********WAITING************

Write the data to file:8388608 bytes
***********WAITING************

Write the data to file:8388608 bytes
***********WAITING************

Write the data to file:8388608 bytes
***********WAITING************

Write the data to file:8388608 bytes
***********WAITING************

Write the data to file:8388608 bytes
***********WAITING************

Write the data to file:8388608 bytes
***********WAITING************

Write the data to file:8388608 bytes
***********WAITING************

Write the data to file:8388608 bytes
***********WAITING************

Write the data to file:8388608 bytes
***********WAITING************

Write the data to file:8388608 bytes
***********WAITING************

Write the data to file:8388608 bytes
***********WAITING************

Write the data to file:8388608 bytes
***********WAITING************

Write the data to file:8388608 bytes
***********WAITING************

Write the data to file:8388608 bytes
***********WAITING************

Write the data to file:8388608 bytes
***********WAITING************

Write the data to file:8388608 bytes
***********WAITING************

Write the data to file:8388608 bytes
***********WAITING************

Write the data to file:8388608 bytes
***********WAITING************

Write the data to file:8388608 bytes
***********WAITING************

Write the data to file:8388608 bytes
***********WAITING************

Write the data to file:8388608 bytes
***********WAITING************

Write the data to file:8388608 bytes
***********WAITING************

Write the data to file:8388608 bytes
***********WAITING************

Write the data to file:8388608 bytes
***********WAITING************

Write the data to file:8388608 bytes
***********WAITING************

Write the data to file:8388608 bytes
***********WAITING************

Write the data to file:8388608 bytes
***********WAITING************

Write the data to file:8388608 bytes
***********WAITING************

Write the data to file:8388608 bytes
***********WAITING************

Write the data to file:8388608 bytes
***********WAITING************

Write the data to file:8388608 bytes
***********WAITING************

Write the data to file:8388608 bytes
***********WAITING************

Write the data to file:8388608 bytes
***********WAITING************

Write the data to file:8388608 bytes
***********WAITING************

Write the data to file:8388608 bytes
***********WAITING************

Write the data to file:8388608 bytes
***********WAITING************

Write the data to file:8388608 bytes
***********WAITING************

Write the data to file:8388608 bytes
***********WAITING************

Write the data to file:8388608 bytes
***********WAITING************

Write the data to file:8388608 bytes
***********WAITING************

Write the data to file:8388608 bytes
***********WAITING************

Write the data to file:8388608 bytes
***********WAITING************

Write the data to file:8388608 bytes
***********WAITING************

Write the data to file:8388608 bytes
***********WAITING************

Write the data to file:8388608 bytes
***********WAITING************

Write the data to file:8388608 bytes
***********WAITING************

Write the data to file:8388608 bytes
***********WAITING************

Write the data to file:8388608 bytes
***********WAITING************

Write the data to file:8388608 bytes
***********WAITING************

Write the data to file:8388608 bytes
***********WAITING************

Write the data to file:8388608 bytes
***********WAITING************

Write the data to file:8388608 bytes
***********WAITING************

Write the data to file:8388608 bytes
***********WAITING************

Write the data to file:8388608 bytes
***********WAITING************

Write the data to file:8388608 bytes
***********WAITING************

Write the data to file:8388608 bytes
***********WAITING************

Write the data to file:8388608 bytes
***********WAITING************

Write the data to file:8388608 bytes
***********WAITING************

Write the data to file:8388608 bytes
***********WAITING************

Write the data to file:8388608 bytes
***********WAITING************

Write the data to file:8388608 bytes
***********WAITING************

Write the data to file:8388608 bytes
***********WAITING************

Write the data to file:8388608 bytes
***********WAITING************

Write the data to file:8388608 bytes
***********WAITING************

Write the data to file:8388608 bytes
***********WAITING************

Write the data to file:8388608 bytes
***********WAITING************

Write the data to file:8388608 bytes
***********WAITING************

Write the data to file:8388608 bytes
***********WAITING************

Write the data to file:8388608 bytes
***********WAITING************

Write the data to file:8388608 bytes
***********WAITING************

Write the data to file:8388608 bytes
***********WAITING************

Write the data to file:8388608 bytes
***********WAITING************

Write the data to file:8388608 bytes
***********WAITING************

Write the data to file:8388608 bytes
***********WAITING************

Write the data to file:8388608 bytes
***********WAITING************

Write the data to file:8388608 bytes
***********WAITING************

Write the data to file:8388608 bytes
***********WAITING************

Write the data to file:8388608 bytes
***********WAITING************

Write the data to file:8388608 bytes
***********WAITING************

Write the data to file:8388608 bytes
***********WAITING************

Write the data to file:8388608 bytes
***********WAITING************

Write the data to file:8388608 bytes
***********WAITING************

Write the data to file:8388608 bytes
***********WAITING************

Write the data to file:8388608 bytes
***********WAITING************

Write the data to file:8388608 bytes
***********WAITING************

Write the data to file:8388608 bytes
***********WAITING************

Write the data to file:8388608 bytes
***********WAITING************

Write the data to file:8388608 bytes
***********WAITING************

Write the data to file:8388608 bytes
***********WAITING************

Write the data to file:8388608 bytes
***********WAITING************

Write the data to file:8388608 bytes
***********WAITING************

Write the data to file:8388608 bytes
***********WAITING************

Write the data to file:8388608 bytes
***********WAITING************

Write the data to file:8388608 bytes
***********WAITING************

Write the data to file:8388608 bytes
***********WAITING************

Write the data to file:8388608 bytes
***********WAITING************

Write the data to file:8388608 bytes
***********WAITING************

Write the data to file:8388608 bytes
***********WAITING************

Write the data to file:8388608 bytes
***********WAITING************

Write the data to file:8388608 bytes
***********WAITING************

Write the data to file:8388608 bytes
***********WAITING************

Write the data to file:8388608 bytes
***********WAITING************

Write the data to file:8388608 bytes
***********WAITING************

Write the data to file:8388608 bytes
***********WAITING************

Write the data to file:8388608 bytes
***********WAITING************

Write the data to file:8388608 bytes
***********WAITING************

Write the data to file:8388608 bytes
***********WAITING************

Write the data to file:8388608 bytes
***********WAITING************

Write the data to file:8388608 bytes
***********WAITING************

Write the data to file:8388608 bytes
***********WAITING************

Write the data to file:8388608 bytes
***********WAITING************

Write the data to file:8388608 bytes
***********WAITING************

Write the data to file:8388608 bytes
***********WAITING************

Write the data to file:8388608 bytes
***********WAITING************

Write the data to file:8388608 bytes
***********WAITING************

Write the data to file:8388608 bytes
***********WAITING************

Write the data to file:8388608 bytes
***********WAITING************

Write the data to file:8388608 bytes
***********WAITING************

Write the data to file:8388608 bytes
***********WAITING************

Write the data to file:8388608 bytes
***********WAITING************

Write the data to file:8388608 bytes
***********WAITING************

Write the data to file:8388608 bytes
***********WAITING************

Write the data to file:8388608 bytes
***********WAITING************

Write the data to file:8388608 bytes
***********WAITING************

Write the data to file:8388608 bytes
***********WAITING************

Write the data to file:8388608 bytes
***********WAITING************

Write the data to file:8388608 bytes
***********WAITING************

Write the data to file:8388608 bytes
***********WAITING************

Write the data to file:8388608 bytes
***********WAITING************

Write the data to file:8388608 bytes
***********WAITING************

Write the data to file:8388608 bytes
***********WAITING************

Write the data to file:8388608 bytes
***********WAITING************

Write the data to file:8388608 bytes
***********WAITING************

Write the data to file:8388608 bytes
***********WAITING************

Write the data to file:8388608 bytes
***********WAITING************

Write the data to file:8388608 bytes
***********WAITING************

Write the data to file:8388608 bytes
***********WAITING************

Write the data to file:8388608 bytes
***********WAITING************

Write the data to file:8388608 bytes
***********WAITING************

Write the data to file:8388608 bytes
***********WAITING************

Write the data to file:8388608 bytes
***********WAITING************

Write the data to file:8388608 bytes
***********WAITING************

Write the data to file:8388608 bytes
***********WAITING************

Write the data to file:8388608 bytes
***********WAITING************

Write the data to file:8388608 bytes
***********WAITING************

Write the data to file:8388608 bytes
***********WAITING************

Write the data to file:8388608 bytes
***********WAITING************

Write the data to file:8388608 bytes
***********WAITING************

Write the data to file:8388608 bytes
***********WAITING************

Write the data to file:8388608 bytes
***********WAITING************

Write the data to file:8388608 bytes
***********WAITING************

Write the data to file:8388608 bytes
***********WAITING************

Write the data to file:8388608 bytes
***********WAITING************

Write the data to file:8388608 bytes
***********WAITING************

Write the data to file:8388608 bytes
***********WAITING************

Write the data to file:8388608 bytes
***********WAITING************

Write the data to file:8388608 bytes
***********WAITING************

Write the data to file:8388608 bytes
***********WAITING************

Write the data to file:8388608 bytes
***********WAITING************

Write the data to file:8388608 bytes
***********WAITING************

Write the data to file:8388608 bytes
***********WAITING************

Write the data to file:8388608 bytes
***********WAITING************

Write the data to file:8388608 bytes
***********WAITING************

Write the data to file:8388608 bytes
***********WAITING************

Write the data to file:8388608 bytes
***********WAITING************

Write the data to file:8388608 bytes
***********WAITING************

Write the data to file:8388608 bytes
***********WAITING************

Write the data to file:8388608 bytes
***********WAITING************

Write the data to file:8388608 bytes
***********WAITING************

Write the data to file:8388608 bytes
***********WAITING************

Write the data to file:8388608 bytes
***********WAITING************

Write the data to file:8388608 bytes
***********WAITING************

Write the data to file:8388608 bytes
***********WAITING************

Write the data to file:8388608 bytes
***********WAITING************

Write the data to file:8388608 bytes
***********WAITING************

Write the data to file:8388608 bytes
***********WAITING************

Write the data to file:8388608 bytes
***********WAITING************

Write the data to file:8388608 bytes
***********WAITING************

Write the data to file:8388608 bytes
***********WAITING************

Write the data to file:8388608 bytes
***********WAITING************

Write the data to file:8388608 bytes
***********WAITING************

Write the data to file:8388608 bytes
***********WAITING************

Write the data to file:8388608 bytes
***********WAITING************

Write the data to file:8388608 bytes
***********WAITING************

Write the data to file:8388608 bytes
***********WAITING************

Write the data to file:8388608 bytes
***********WAITING************

Write the data to file:8388608 bytes
***********WAITING************

Write the data to file:8388608 bytes
***********WAITING************

Write the data to file:8388608 bytes
***********WAITING************

Write the data to file:8388608 bytes
***********WAITING************

Write the data to file:8388608 bytes
***********WAITING************

Write the data to file:8388608 bytes
***********WAITING************

Write the data to file:8388608 bytes
***********WAITING************

Write the data to file:8388608 bytes
***********WAITING************

Write the data to file:8388608 bytes
***********WAITING************

Write the data to file:8388608 bytes
***********WAITING************

Write the data to file:8388608 bytes
***********WAITING************

Write the data to file:8388608 bytes
***********WAITING************

Write the data to file:8388608 bytes
***********WAITING************

Write the data to file:8388608 bytes
***********WAITING************

Write the data to file:8388608 bytes
***********WAITING************

Write the data to file:8388608 bytes
***********WAITING************

Write the data to file:8388608 bytes
***********WAITING************

Write the data to file:8388608 bytes
***********WAITING************

Write the data to file:8388608 bytes
***********WAITING************

Write the data to file:8388608 bytes
***********WAITING************

Write the data to file:8388608 bytes
***********WAITING************

Write the data to file:8388608 bytes
***********WAITING************

Write the data to file:8388608 bytes
***********WAITING************

Write the data to file:8388608 bytes
***********WAITING************

Write the data to file:8388608 bytes
***********WAITING************

Write the data to file:8388608 bytes
***********WAITING************

Write the data to file:8388608 bytes
***********WAITING************

Write the data to file:8388608 bytes
***********WAITING************

Write the data to file:8388608 bytes
***********WAITING************

Write the data to file:8388608 bytes
***********WAITING************

Write the data to file:8388608 bytes
***********WAITING************

Write the data to file:8388608 bytes
***********WAITING************

Write the data to file:8388608 bytes
***********WAITING************

Write the data to file:8388608 bytes
***********WAITING************

Write the data to file:8388608 bytes
***********WAITING************

Write the data to file:8388608 bytes
***********WAITING************

Write the data to file:8388608 bytes
***********WAITING************

Write the data to file:8388608 bytes
***********WAITING************

Write the data to file:8388608 bytes
***********WAITING************

Write the data to file:8388608 bytes
***********WAITING************

Write the data to file:8388608 bytes
***********WAITING************

Write the data to file:8388608 bytes
***********WAITING************

Write the data to file:8388608 bytes
***********WAITING************

Write the data to file:8388608 bytes
***********WAITING************

Write the data to file:8388608 bytes
***********WAITING************

Write the data to file:8388608 bytes
***********WAITING************

Write the data to file:8388608 bytes
***********WAITING************

Write the data to file:8388608 bytes
***********WAITING************

Write the data to file:8388608 bytes
***********WAITING************

Write the data to file:8388608 bytes
***********WAITING************

Write the data to file:8388608 bytes
***********WAITING************

Write the data to file:8388608 bytes
***********WAITING************

Write the data to file:8388608 bytes
***********WAITING************

Write the data to file:8388608 bytes
***********WAITING************

Write the data to file:8388608 bytes
***********WAITING************

Write the data to file:8388608 bytes
***********WAITING************

Write the data to file:8388608 bytes
***********WAITING************

Write the data to file:8388608 bytes
***********WAITING************

Write the data to file:8388608 bytes
***********WAITING************

Write the data to file:8388608 bytes
***********WAITING************

Write the data to file:8388608 bytes
***********WAITING************

Write the data to file:8388608 bytes
***********WAITING************

Write the data to file:8388608 bytes
***********WAITING************

Write the data to file:8388608 bytes
***********WAITING************

Write the data to file:8388608 bytes
***********WAITING************

Write the data to file:8388608 bytes
***********WAITING************

Write the data to file:8388608 bytes
***********WAITING************

Write the data to file:8388608 bytes
***********WAITING************

Write the data to file:8388608 bytes
***********WAITING************

Write the data to file:8388608 bytes
***********WAITING************

Write the data to file:8388608 bytes
***********WAITING************

Write the data to file:8388608 bytes
***********WAITING************

Write the data to file:8388608 bytes
***********WAITING************

Write the data to file:8388608 bytes
***********WAITING************

Write the data to file:8388608 bytes
***********WAITING************

Write the data to file:8388608 bytes
***********WAITING************

Write the data to file:8388608 bytes
***********WAITING************

Write the data to file:8388608 bytes
***********WAITING************

Write the data to file:8388608 bytes
***********WAITING************

Write the data to file:8388608 bytes
***********WAITING************

Write the data to file:8388608 bytes
***********WAITING************

Write the data to file:8388608 bytes
***********WAITING************

Write the data to file:8388608 bytes
***********WAITING************

Write the data to file:8388608 bytes
***********WAITING************

Write the data to file:8388608 bytes
***********WAITING************

Write the data to file:8388608 bytes
***********WAITING************

Write the data to file:8388608 bytes
***********WAITING************

Write the data to file:8388608 bytes
***********WAITING************

Write the data to file:8388608 bytes
***********WAITING************

Write the data to file:8388608 bytes
***********WAITING************

Write the data to file:8388608 bytes
***********WAITING************

Write the data to file:8388608 bytes
***********WAITING************

Write the data to file:8388608 bytes
***********WAITING************

Write the data to file:8388608 bytes
***********WAITING************

Write the data to file:8388608 bytes
***********WAITING************

Write the data to file:8388608 bytes
***********WAITING************

Write the data to file:8388608 bytes
***********WAITING************

Write the data to file:8388608 bytes
***********WAITING************

Write the data to file:8388608 bytes
***********WAITING************

Write the data to file:8388608 bytes
***********WAITING************

Write the data to file:8388608 bytes
***********WAITING************

Write the data to file:8388608 bytes
***********WAITING************

Write the data to file:8388608 bytes
***********WAITING************

Write the data to file:8388608 bytes
***********WAITING************

Write the data to file:8388608 bytes
***********WAITING************

Write the data to file:8388608 bytes
***********WAITING************

Write the data to file:8388608 bytes
***********WAITING************

Write the data to file:8388608 bytes
***********WAITING************

Write the data to file:8388608 bytes
***********WAITING************

Write the data to file:8388608 bytes
***********WAITING************

Write the data to file:8388608 bytes
***********WAITING************

Write the data to file:8388608 bytes
***********WAITING************

Write the data to file:8388608 bytes
***********WAITING************

Write the data to file:8388608 bytes
***********WAITING************

Write the data to file:8388608 bytes
***********WAITING************

Write the data to file:8388608 bytes
***********WAITING************

Write the data to file:8388608 bytes
***********WAITING************

Write the data to file:8388608 bytes
***********WAITING************

Write the data to file:8388608 bytes
***********WAITING************

Write the data to file:8388608 bytes
***********WAITING************

Write the data to file:8388608 bytes
***********WAITING************

Write the data to file:8388608 bytes
***********WAITING************

Write the data to file:8388608 bytes
***********WAITING************

Write the data to file:8388608 bytes
***********WAITING************

Write the data to file:8388608 bytes
***********WAITING************

Write the data to file:8388608 bytes
***********WAITING************

Write the data to file:8388608 bytes
***********WAITING************

Write the data to file:8388608 bytes
***********WAITING************

Write the data to file:8388608 bytes
***********WAITING************

Write the data to file:8388608 bytes
***********WAITING************

Write the data to file:8388608 bytes
***********WAITING************

Write the data to file:8388608 bytes
***********WAITING************

Write the data to file:8388608 bytes
***********WAITING************

Write the data to file:8388608 bytes
***********WAITING************

Write the data to file:8388608 bytes
***********WAITING************

Write the data to file:8388608 bytes
***********WAITING************

Write the data to file:8388608 bytes
***********WAITING************

Write the data to file:8388608 bytes
***********WAITING************

Write the data to file:8388608 bytes
***********WAITING************

Write the data to file:8388608 bytes
***********WAITING************

Write the data to file:8388608 bytes
***********WAITING************

Write the data to file:8388608 bytes
***********WAITING************

Write the data to file:8388608 bytes
***********WAITING************

Write the data to file:8388608 bytes
***********WAITING************

Write the data to file:8388608 bytes
***********WAITING************

Write the data to file:8388608 bytes
***********WAITING************

Write the data to file:8388608 bytes
***********WAITING************

Write the data to file:8388608 bytes
***********WAITING************

Write the data to file:8388608 bytes
***********WAITING************

Write the data to file:8388608 bytes
***********WAITING************

Write the data to file:8388608 bytes
***********WAITING************

Write the data to file:8388608 bytes
***********WAITING************

Write the data to file:8388608 bytes
***********WAITING************

Write the data to file:8388608 bytes
***********WAITING************

Write the data to file:8388608 bytes
***********WAITING************

Write the data to file:8388608 bytes
***********WAITING************

Write the data to file:8388608 bytes
***********WAITING************

Write the data to file:8388608 bytes
***********WAITING************

Write the data to file:8388608 bytes
***********WAITING************

Write the data to file:8388608 bytes
***********WAITING************

Write the data to file:8388608 bytes
***********WAITING************

Write the data to file:8388608 bytes
***********WAITING************

Write the data to file:8388608 bytes
***********WAITING************

Write the data to file:8388608 bytes
***********WAITING************

Write the data to file:8388608 bytes
***********WAITING************

Write the data to file:8388608 bytes
***********WAITING************

Write the data to file:8388608 bytes
***********WAITING************

Write the data to file:8388608 bytes
***********WAITING************

Write the data to file:8388608 bytes
***********WAITING************

Write the data to file:8388608 bytes
***********WAITING************

Write the data to file:8388608 bytes
***********WAITING************

Write the data to file:8388608 bytes
***********WAITING************

Write the data to file:8388608 bytes
***********WAITING************

Write the data to file:8388608 bytes
***********WAITING************

Write the data to file:8388608 bytes
***********WAITING************

Write the data to file:8388608 bytes
***********WAITING************

Write the data to file:8388608 bytes
***********WAITING************

Write the data to file:8388608 bytes
***********WAITING************

Write the data to file:8388608 bytes
***********WAITING************

Write the data to file:8388608 bytes
***********WAITING************

Write the data to file:8388608 bytes
***********WAITING************

Write the data to file:8388608 bytes
***********WAITING************

Write the data to file:8388608 bytes
***********WAITING************

Write the data to file:8388608 bytes
***********WAITING************

Write the data to file:8388608 bytes
***********WAITING************

Write the data to file:8388608 bytes
***********WAITING************

Write the data to file:8388608 bytes
***********WAITING************

Write the data to file:8388608 bytes
***********WAITING************

Write the data to file:8388608 bytes
***********WAITING************

Write the data to file:8388608 bytes
***********WAITING************

Write the data to file:8388608 bytes
***********WAITING************

Write the data to file:8388608 bytes
***********WAITING************

Write the data to file:8388608 bytes
***********WAITING************

Write the data to file:8388608 bytes
***********WAITING************

Write the data to file:8388608 bytes
***********WAITING************

Write the data to file:8388608 bytes
***********WAITING************

Write the data to file:8388608 bytes
***********WAITING************

Write the data to file:8388608 bytes
***********WAITING************

Write the data to file:8388608 bytes
***********WAITING************

Write the data to file:8388608 bytes
***********WAITING************

Write the data to file:8388608 bytes
***********WAITING************

Write the data to file:8388608 bytes
***********WAITING************

Write the data to file:8388608 bytes
***********WAITING************

Write the data to file:8388608 bytes
***********WAITING************

Write the data to file:8388608 bytes
***********WAITING************

Write the data to file:8388608 bytes
***********WAITING************

Write the data to file:8388608 bytes
***********WAITING************

Write the data to file:8388608 bytes
***********WAITING************

Write the data to file:8388608 bytes
***********WAITING************

Write the data to file:8388608 bytes
***********WAITING************

Write the data to file:8388608 bytes
***********WAITING************

Write the data to file:8388608 bytes
***********WAITING************

Write the data to file:8388608 bytes
***********WAITING************

Write the data to file:8388608 bytes
***********WAITING************

Write the data to file:8388608 bytes
***********WAITING************

Write the data to file:8388608 bytes
***********WAITING************

Write the data to file:8388608 bytes
***********WAITING************

Write the data to file:8388608 bytes
***********WAITING************

Write the data to file:8388608 bytes
***********WAITING************

Write the data to file:8388608 bytes
***********WAITING************

Write the data to file:8388608 bytes
***********WAITING************

Write the data to file:8388608 bytes
***********WAITING************

Write the data to file:8388608 bytes
***********WAITING************

Write the data to file:8388608 bytes
***********WAITING************

Write the data to file:8388608 bytes
***********WAITING************

Write the data to file:8388608 bytes
***********WAITING************

Write the data to file:8388608 bytes
***********WAITING************

Write the data to file:8388608 bytes
***********WAITING************

Write the data to file:8388608 bytes
***********WAITING************

Write the data to file:8388608 bytes
***********WAITING************

Write the data to file:8388608 bytes
***********WAITING************

Write the data to file:8388608 bytes
***********WAITING************

Write the data to file:8388608 bytes
***********WAITING************

Write the data to file:8388608 bytes
***********WAITING************

Write the data to file:8388608 bytes
***********WAITING************

Write the data to file:8388608 bytes
***********WAITING************

Write the data to file:8388608 bytes
***********WAITING************

Write the data to file:8388608 bytes
***********WAITING************

Write the data to file:8388608 bytes
***********WAITING************

Write the data to file:8388608 bytes
***********WAITING************

Write the data to file:8388608 bytes
***********WAITING************

Write the data to file:8388608 bytes
***********WAITING************

Write the data to file:8388608 bytes
***********WAITING************

Write the data to file:8388608 bytes
***********WAITING************

Write the data to file:8388608 bytes
***********WAITING************

Write the data to file:8388608 bytes
***********WAITING************

Write the data to file:8388608 bytes
***********WAITING************

Write the data to file:8388608 bytes
***********WAITING************

Write the data to file:8388608 bytes
***********WAITING************

Write the data to file:8388608 bytes
***********WAITING************

Write the data to file:8388608 bytes
***********WAITING************

Write the data to file:8388608 bytes
***********WAITING************

Write the data to file:8388608 bytes
***********WAITING************

Write the data to file:8388608 bytes
***********WAITING************

Write the data to file:8388608 bytes
***********WAITING************

Write the data to file:8388608 bytes
***********WAITING************

Write the data to file:8388608 bytes
***********WAITING************

Write the data to file:8388608 bytes
***********WAITING************

Write the data to file:8388608 bytes
***********WAITING************

Write the data to file:8388608 bytes
***********WAITING************

Write the data to file:8388608 bytes
***********WAITING************

Write the data to file:8388608 bytes
***********WAITING************

Write the data to file:8388608 bytes
***********WAITING************

Write the data to file:8388608 bytes
***********WAITING************

Write the data to file:8388608 bytes
***********WAITING************

Write the data to file:8388608 bytes
***********WAITING************

Write the data to file:8388608 bytes
***********WAITING************

Write the data to file:8388608 bytes
***********WAITING************

Write the data to file:8388608 bytes
***********WAITING************

Write the data to file:8388608 bytes
***********WAITING************

Write the data to file:8388608 bytes
***********WAITING************

Write the data to file:8388608 bytes
***********WAITING************

Write the data to file:8388608 bytes
***********WAITING************

Write the data to file:8388608 bytes
***********WAITING************

Write the data to file:8388608 bytes
***********WAITING************

Write the data to file:8388608 bytes
***********WAITING************

Write the data to file:8388608 bytes
***********WAITING************

Write the data to file:8388608 bytes
***********WAITING************

Write the data to file:8388608 bytes
***********WAITING************

Write the data to file:8388608 bytes
***********WAITING************

Write the data to file:8388608 bytes
***********WAITING************

Write the data to file:8388608 bytes
***********WAITING************

Write the data to file:8388608 bytes
***********WAITING************
S_cc         0.24   [      0.24:      0.25]
S_bw         0.07   [      0.07:      0.07]
S_w          6.80   [      6.80:      6.80]
          -------
S_total      7.11   [      7.11:      7.11]

build_S done
calc_W
build_S done
calc_W
build_S done
calc_W
build_S done
calc_W
build_S done
calc_W
nr_of_strided_rec: 256
nr_doubles: 512
build_S done
calc_W
nr_of_strided_rec: 256
nr_doubles: 512
build_S done
calc_W
nr_of_strided_rec: 256
nr_doubles: 512
build_S done
calc_W
nr_of_strided_rec: 256
nr_doubles: 512
build_S done
calc_W
nr_of_strided_rec: 256
nr_doubles: 512
build_S done
calc_W
nr_of_strided_rec: 256
nr_doubles: 512
build_S done
calc_W
nr_of_strided_rec: 256
nr_doubles: 512
build_S done
calc_W
nr_of_strided_rec: 256
nr_doubles: 512
build_S done
calc_W
nr_of_strided_rec: 256
nr_doubles: 512
build_S done
calc_W
nr_of_strided_rec: 256
nr_doubles: 512
build_S done
calc_W
nr_of_strided_rec: 256
nr_doubles: 512
build_S done
calc_W
nr_of_strided_rec: 256
nr_doubles: 512
nr_of_strided_rec: 256
nr_doubles: 512
nr_of_strided_rec: 256
nr_doubles: 512
nr_of_strided_rec: 256
nr_doubles: 512
nr_of_strided_rec: 256
nr_doubles: 512
nr_of_strided_rec: 256
nr_doubles: 512
nr_of_strided_rec: 256
nr_doubles: 512
nr_of_strided_rec: 256
nr_doubles: 512
nr_of_strided_rec: 256
nr_doubles: 512
nr_of_strided_rec: 256
nr_doubles: 512
nr_of_strided_rec: 256
nr_doubles: 512
nr_of_strided_rec: 256
nr_doubles: 512
nr_of_strided_rec: 256
nr_doubles: 512
nr_of_strided_rec: 256
nr_doubles: 512
nr_of_strided_rec: 256
nr_doubles: 512
nr_of_strided_rec: 256
nr_doubles: 512
nr_of_strided_rec: 256
nr_doubles: 512
nr_of_strided_rec: 256
nr_doubles: 512
nr_of_strided_rec: 256
nr_doubles: 512
nr_of_strided_rec: 256
nr_doubles: 512
nr_of_strided_rec: 256
nr_doubles: 512

Write the data to file:8388608 bytes
***********WAITING************

Write the data to file:8388608 bytes
***********WAITING************

Write the data to file:8388608 bytes
***********WAITING************

Write the data to file:8388608 bytes
***********WAITING************

Write the data to file:8388608 bytes
***********WAITING************

Write the data to file:8388608 bytes
***********WAITING************

Write the data to file:8388608 bytes
***********WAITING************

Write the data to file:8388608 bytes
***********WAITING************

Write the data to file:8388608 bytes
***********WAITING************

Write the data to file:8388608 bytes
***********WAITING************

Write the data to file:8388608 bytes
***********WAITING************

Write the data to file:8388608 bytes
***********WAITING************

Write the data to file:8388608 bytes
***********WAITING************

Write the data to file:8388608 bytes
***********WAITING************

Write the data to file:8388608 bytes
***********WAITING************

Write the data to file:8388608 bytes
***********WAITING************
nr_of_strided_rec: 256
nr_doubles: 512
nr_of_strided_rec: 256
nr_doubles: 512
nr_of_strided_rec: 256
nr_doubles: 512
nr_of_strided_rec: 256
nr_doubles: 512
nr_of_strided_rec: 256
nr_doubles: 512
nr_of_strided_rec: 256
nr_doubles: 512
nr_of_strided_rec: 256
nr_doubles: 512
nr_of_strided_rec: 256
nr_doubles: 512
nr_of_strided_rec: 256
nr_doubles: 512
nr_of_strided_rec: 256
nr_doubles: 512
nr_of_strided_rec: 256
nr_doubles: 512
nr_of_strided_rec: 256
nr_doubles: 512
nr_of_strided_rec: 256
nr_doubles: 512
nr_of_strided_rec: 256
nr_doubles: 512
nr_of_strided_rec: 256
nr_doubles: 512
nr_of_strided_rec: 256
nr_doubles: 512

Write the data to file:8388608 bytes
***********WAITING************

Write the data to file:8388608 bytes
***********WAITING************

Write the data to file:8388608 bytes
***********WAITING************

Write the data to file:8388608 bytes
***********WAITING************

Write the data to file:8388608 bytes
***********WAITING************

Write the data to file:8388608 bytes
***********WAITING************

Write the data to file:8388608 bytes
***********WAITING************

Write the data to file:8388608 bytes
***********WAITING************

Write the data to file:8388608 bytes
***********WAITING************

Write the data to file:8388608 bytes
***********WAITING************

Write the data to file:8388608 bytes
***********WAITING************

Write the data to file:8388608 bytes
***********WAITING************

Write the data to file:8388608 bytes
***********WAITING************

Write the data to file:8388608 bytes
***********WAITING************

Write the data to file:8388608 bytes
***********WAITING************

Write the data to file:8388608 bytes
***********WAITING************
nr_of_strided_rec: 256
nr_doubles: 512
nr_of_strided_rec: 256
nr_doubles: 512
nr_of_strided_rec: 256
nr_doubles: 512
nr_of_strided_rec: 256
nr_doubles: 512
nr_of_strided_rec: 256
nr_doubles: 512
nr_of_strided_rec: 256
nr_doubles: 512
nr_of_strided_rec: 256
nr_doubles: 512
nr_of_strided_rec: 256
nr_doubles: 512
nr_of_strided_rec: 256
nr_doubles: 512
nr_of_strided_rec: 256
nr_doubles: 512
nr_of_strided_rec: 256
nr_doubles: 512
nr_of_strided_rec: 256
nr_doubles: 512
nr_of_strided_rec: 256
nr_doubles: 512
nr_of_strided_rec: 256
nr_doubles: 512
nr_of_strided_rec: 256
nr_doubles: 512
nr_of_strided_rec: 256
nr_doubles: 512

Write the data to file:8388608 bytes
***********WAITING************

Write the data to file:8388608 bytes
***********WAITING************

Write the data to file:8388608 bytes
***********WAITING************

Write the data to file:8388608 bytes
***********WAITING************

Write the data to file:8388608 bytes
***********WAITING************

Write the data to file:8388608 bytes
***********WAITING************

Write the data to file:8388608 bytes
***********WAITING************

Write the data to file:8388608 bytes
***********WAITING************

Write the data to file:8388608 bytes
***********WAITING************

Write the data to file:8388608 bytes
***********WAITING************

Write the data to file:8388608 bytes
***********WAITING************

Write the data to file:8388608 bytes
***********WAITING************

Write the data to file:8388608 bytes
***********WAITING************

Write the data to file:8388608 bytes
***********WAITING************

Write the data to file:8388608 bytes
***********WAITING************

Write the data to file:8388608 bytes
***********WAITING************
nr_of_strided_rec: 256
nr_doubles: 512
nr_of_strided_rec: 256
nr_doubles: 512
nr_of_strided_rec: 256
nr_doubles: 512
nr_of_strided_rec: 256
nr_doubles: 512
nr_of_strided_rec: 256
nr_doubles: 512
nr_of_strided_rec: 256
nr_doubles: 512
nr_of_strided_rec: 256
nr_doubles: 512
nr_of_strided_rec: 256
nr_doubles: 512
nr_of_strided_rec: 256
nr_doubles: 512
nr_of_strided_rec: 256
nr_doubles: 512
nr_of_strided_rec: 256
nr_doubles: 512
nr_of_strided_rec: 256
nr_doubles: 512
nr_of_strided_rec: 256
nr_doubles: 512
nr_of_strided_rec: 256
nr_doubles: 512
nr_of_strided_rec: 256
nr_doubles: 512
nr_of_strided_rec: 256
nr_doubles: 512

Write the data to file:8388608 bytes
***********WAITING************

Write the data to file:8388608 bytes
***********WAITING************

Write the data to file:8388608 bytes
***********WAITING************

Write the data to file:8388608 bytes
***********WAITING************

Write the data to file:8388608 bytes
***********WAITING************

Write the data to file:8388608 bytes
***********WAITING************

Write the data to file:8388608 bytes
***********WAITING************

Write the data to file:8388608 bytes
***********WAITING************

Write the data to file:8388608 bytes
***********WAITING************

Write the data to file:8388608 bytes
***********WAITING************

Write the data to file:8388608 bytes
***********WAITING************

Write the data to file:8388608 bytes
***********WAITING************

Write the data to file:8388608 bytes
***********WAITING************

Write the data to file:8388608 bytes
***********WAITING************

Write the data to file:8388608 bytes
***********WAITING************

Write the data to file:8388608 bytes
***********WAITING************
nr_of_strided_rec: 256
nr_doubles: 512
nr_of_strided_rec: 256
nr_doubles: 512
nr_of_strided_rec: 256
nr_doubles: 512
nr_of_strided_rec: 256
nr_doubles: 512
nr_of_strided_rec: 256
nr_doubles: 512
nr_of_strided_rec: 256
nr_doubles: 512
nr_of_strided_rec: 256
nr_doubles: 512
nr_of_strided_rec: 256
nr_doubles: 512
nr_of_strided_rec: 256
nr_doubles: 512
nr_of_strided_rec: 256
nr_doubles: 512
nr_of_strided_rec: 256
nr_doubles: 512
nr_of_strided_rec: 256
nr_doubles: 512
nr_of_strided_rec: 256
nr_doubles: 512
nr_of_strided_rec: 256
nr_doubles: 512
nr_of_strided_rec: 256
nr_doubles: 512
nr_of_strided_rec: 256
nr_doubles: 512

Write the data to file:8388608 bytes
***********WAITING************

Write the data to file:8388608 bytes
***********WAITING************

Write the data to file:8388608 bytes
***********WAITING************

Write the data to file:8388608 bytes
***********WAITING************

Write the data to file:8388608 bytes
***********WAITING************

Write the data to file:8388608 bytes
***********WAITING************

Write the data to file:8388608 bytes
***********WAITING************

Write the data to file:8388608 bytes
***********WAITING************

Write the data to file:8388608 bytes
***********WAITING************

Write the data to file:8388608 bytes
***********WAITING************

Write the data to file:8388608 bytes
***********WAITING************

Write the data to file:8388608 bytes
***********WAITING************

Write the data to file:8388608 bytes
***********WAITING************

Write the data to file:8388608 bytes
***********WAITING************

Write the data to file:8388608 bytes
***********WAITING************

Write the data to file:8388608 bytes
***********WAITING************
nr_of_strided_rec: 256
nr_doubles: 512
nr_of_strided_rec: 256
nr_doubles: 512
nr_of_strided_rec: 256
nr_doubles: 512
nr_of_strided_rec: 256
nr_doubles: 512
nr_of_strided_rec: 256
nr_doubles: 512
nr_of_strided_rec: 256
nr_doubles: 512
nr_of_strided_rec: 256
nr_doubles: 512
nr_of_strided_rec: 256
nr_doubles: 512
nr_of_strided_rec: 256
nr_doubles: 512
nr_of_strided_rec: 256
nr_doubles: 512
nr_of_strided_rec: 256
nr_doubles: 512
nr_of_strided_rec: 256
nr_doubles: 512
nr_of_strided_rec: 256
nr_doubles: 512
nr_of_strided_rec: 256
nr_doubles: 512
nr_of_strided_rec: 256
nr_doubles: 512
nr_of_strided_rec: 256
nr_doubles: 512

Write the data to file:8388608 bytes
***********WAITING************

Write the data to file:8388608 bytes
***********WAITING************

Write the data to file:8388608 bytes
***********WAITING************

Write the data to file:8388608 bytes
***********WAITING************

Write the data to file:8388608 bytes
***********WAITING************

Write the data to file:8388608 bytes
***********WAITING************

Write the data to file:8388608 bytes
***********WAITING************

Write the data to file:8388608 bytes
***********WAITING************

Write the data to file:8388608 bytes
***********WAITING************

Write the data to file:8388608 bytes
***********WAITING************

Write the data to file:8388608 bytes
***********WAITING************

Write the data to file:8388608 bytes
***********WAITING************

Write the data to file:8388608 bytes
***********WAITING************

Write the data to file:8388608 bytes
***********WAITING************

Write the data to file:8388608 bytes
***********WAITING************

Write the data to file:8388608 bytes
***********WAITING************
nr_of_strided_rec: 256
nr_doubles: 512
nr_of_strided_rec: 256
nr_doubles: 512
nr_of_strided_rec: 256
nr_doubles: 512
nr_of_strided_rec: 256
nr_doubles: 512
nr_of_strided_rec: 256
nr_doubles: 512
nr_of_strided_rec: 256
nr_doubles: 512
nr_of_strided_rec: 256
nr_doubles: 512
nr_of_strided_rec: 256
nr_doubles: 512
nr_of_strided_rec: 256
nr_doubles: 512
nr_of_strided_rec: 256
nr_doubles: 512
nr_of_strided_rec: 256
nr_doubles: 512
nr_of_strided_rec: 256
nr_doubles: 512
nr_of_strided_rec: 256
nr_doubles: 512
nr_of_strided_rec: 256
nr_doubles: 512
nr_of_strided_rec: 256
nr_doubles: 512
nr_of_strided_rec: 256
nr_doubles: 512

Write the data to file:8388608 bytes
***********WAITING************

Write the data to file:8388608 bytes
***********WAITING************

Write the data to file:8388608 bytes
***********WAITING************

Write the data to file:8388608 bytes
***********WAITING************

Write the data to file:8388608 bytes
***********WAITING************

Write the data to file:8388608 bytes
***********WAITING************

Write the data to file:8388608 bytes
***********WAITING************

Write the data to file:8388608 bytes
***********WAITING************

Write the data to file:8388608 bytes
***********WAITING************

Write the data to file:8388608 bytes
***********WAITING************

Write the data to file:8388608 bytes
***********WAITING************

Write the data to file:8388608 bytes
***********WAITING************

Write the data to file:8388608 bytes
***********WAITING************

Write the data to file:8388608 bytes
***********WAITING************

Write the data to file:8388608 bytes
***********WAITING************

Write the data to file:8388608 bytes
***********WAITING************
nr_of_strided_rec: 256
nr_doubles: 512
nr_of_strided_rec: 256
nr_doubles: 512
nr_of_strided_rec: 256
nr_doubles: 512
nr_of_strided_rec: 256
nr_doubles: 512
nr_of_strided_rec: 256
nr_doubles: 512
nr_of_strided_rec: 256
nr_doubles: 512
nr_of_strided_rec: 256
nr_doubles: 512
nr_of_strided_rec: 256
nr_doubles: 512
nr_of_strided_rec: 256
nr_doubles: 512
nr_of_strided_rec: 256
nr_doubles: 512
nr_of_strided_rec: 256
nr_doubles: 512
nr_of_strided_rec: 256
nr_doubles: 512
nr_of_strided_rec: 256
nr_doubles: 512
nr_of_strided_rec: 256
nr_doubles: 512
nr_of_strided_rec: 256
nr_doubles: 512
nr_of_strided_rec: 256
nr_doubles: 512

Write the data to file:8388608 bytes
***********WAITING************

Write the data to file:8388608 bytes
***********WAITING************

Write the data to file:8388608 bytes
***********WAITING************

Write the data to file:8388608 bytes
***********WAITING************

Write the data to file:8388608 bytes
***********WAITING************

Write the data to file:8388608 bytes
***********WAITING************

Write the data to file:8388608 bytes
***********WAITING************

Write the data to file:8388608 bytes
***********WAITING************

Write the data to file:8388608 bytes
***********WAITING************

Write the data to file:8388608 bytes
***********WAITING************

Write the data to file:8388608 bytes
***********WAITING************

Write the data to file:8388608 bytes
***********WAITING************

Write the data to file:8388608 bytes
***********WAITING************

Write the data to file:8388608 bytes
***********WAITING************

Write the data to file:8388608 bytes
***********WAITING************

Write the data to file:8388608 bytes
***********WAITING************
nr_of_strided_rec: 256
nr_doubles: 512
nr_of_strided_rec: 256
nr_doubles: 512
nr_of_strided_rec: 256
nr_doubles: 512
nr_of_strided_rec: 256
nr_doubles: 512
nr_of_strided_rec: 256
nr_doubles: 512
nr_of_strided_rec: 256
nr_doubles: 512
nr_of_strided_rec: 256
nr_doubles: 512
nr_of_strided_rec: 256
nr_doubles: 512
nr_of_strided_rec: 256
nr_doubles: 512
nr_of_strided_rec: 256
nr_doubles: 512
nr_of_strided_rec: 256
nr_doubles: 512
nr_of_strided_rec: 256
nr_doubles: 512
nr_of_strided_rec: 256
nr_doubles: 512
nr_of_strided_rec: 256
nr_doubles: 512
nr_of_strided_rec: 256
nr_doubles: 512
nr_of_strided_rec: 256
nr_doubles: 512

Write the data to file:8388608 bytes
***********WAITING************

Write the data to file:8388608 bytes
***********WAITING************

Write the data to file:8388608 bytes
***********WAITING************

Write the data to file:8388608 bytes
***********WAITING************

Write the data to file:8388608 bytes
***********WAITING************

Write the data to file:8388608 bytes
***********WAITING************

Write the data to file:8388608 bytes
***********WAITING************

Write the data to file:8388608 bytes
***********WAITING************

Write the data to file:8388608 bytes
***********WAITING************

Write the data to file:8388608 bytes
***********WAITING************

Write the data to file:8388608 bytes
***********WAITING************

Write the data to file:8388608 bytes
***********WAITING************

Write the data to file:8388608 bytes
***********WAITING************

Write the data to file:8388608 bytes
***********WAITING************

Write the data to file:8388608 bytes
***********WAITING************

Write the data to file:8388608 bytes
***********WAITING************
nr_of_strided_rec: 256
nr_doubles: 512
nr_of_strided_rec: 256
nr_doubles: 512
nr_of_strided_rec: 256
nr_doubles: 512
nr_of_strided_rec: 256
nr_doubles: 512
nr_of_strided_rec: 256
nr_doubles: 512
nr_of_strided_rec: 256
nr_doubles: 512
nr_of_strided_rec: 256
nr_doubles: 512
nr_of_strided_rec: 256
nr_doubles: 512
nr_of_strided_rec: 256
nr_doubles: 512
nr_of_strided_rec: 256
nr_doubles: 512
nr_of_strided_rec: 256
nr_doubles: 512
nr_of_strided_rec: 256
nr_doubles: 512
nr_of_strided_rec: 256
nr_doubles: 512
nr_of_strided_rec: 256
nr_doubles: 512
nr_of_strided_rec: 256
nr_doubles: 512
nr_of_strided_rec: 256
nr_doubles: 512

Write the data to file:8388608 bytes
***********WAITING************

Write the data to file:8388608 bytes
***********WAITING************

Write the data to file:8388608 bytes
***********WAITING************

Write the data to file:8388608 bytes
***********WAITING************

Write the data to file:8388608 bytes
***********WAITING************

Write the data to file:8388608 bytes
***********WAITING************

Write the data to file:8388608 bytes
***********WAITING************

Write the data to file:8388608 bytes
***********WAITING************

Write the data to file:8388608 bytes
***********WAITING************

Write the data to file:8388608 bytes
***********WAITING************

Write the data to file:8388608 bytes
***********WAITING************

Write the data to file:8388608 bytes
***********WAITING************

Write the data to file:8388608 bytes
***********WAITING************

Write the data to file:8388608 bytes
***********WAITING************

Write the data to file:8388608 bytes
***********WAITING************

Write the data to file:8388608 bytes
***********WAITING************
nr_of_strided_rec: 256
nr_doubles: 512
nr_of_strided_rec: 256
nr_doubles: 512
nr_of_strided_rec: 256
nr_doubles: 512
nr_of_strided_rec: 256
nr_doubles: 512
nr_of_strided_rec: 256
nr_doubles: 512
nr_of_strided_rec: 256
nr_doubles: 512
nr_of_strided_rec: 256
nr_doubles: 512
nr_of_strided_rec: 256
nr_doubles: 512
nr_of_strided_rec: 256
nr_doubles: 512
nr_of_strided_rec: 256
nr_doubles: 512
nr_of_strided_rec: 256
nr_doubles: 512
nr_of_strided_rec: 256
nr_doubles: 512
nr_of_strided_rec: 256
nr_doubles: 512
nr_of_strided_rec: 256
nr_doubles: 512
nr_of_strided_rec: 256
nr_doubles: 512
nr_of_strided_rec: 256
nr_doubles: 512

Write the data to file:8388608 bytes
***********WAITING************

Write the data to file:8388608 bytes
***********WAITING************

Write the data to file:8388608 bytes
***********WAITING************

Write the data to file:8388608 bytes
***********WAITING************

Write the data to file:8388608 bytes
***********WAITING************

Write the data to file:8388608 bytes
***********WAITING************

Write the data to file:8388608 bytes
***********WAITING************

Write the data to file:8388608 bytes
***********WAITING************

Write the data to file:8388608 bytes
***********WAITING************

Write the data to file:8388608 bytes
***********WAITING************

Write the data to file:8388608 bytes
***********WAITING************

Write the data to file:8388608 bytes
***********WAITING************

Write the data to file:8388608 bytes
***********WAITING************

Write the data to file:8388608 bytes
***********WAITING************

Write the data to file:8388608 bytes
***********WAITING************

Write the data to file:8388608 bytes
***********WAITING************
nr_of_strided_rec: 256
nr_doubles: 512
nr_of_strided_rec: 256
nr_doubles: 512
nr_of_strided_rec: 256
nr_doubles: 512
nr_of_strided_rec: 256
nr_doubles: 512
nr_of_strided_rec: 256
nr_doubles: 512
nr_of_strided_rec: 256
nr_doubles: 512
nr_of_strided_rec: 256
nr_doubles: 512
nr_of_strided_rec: 256
nr_doubles: 512
nr_of_strided_rec: 256
nr_doubles: 512
nr_of_strided_rec: 256
nr_doubles: 512
nr_of_strided_rec: 256
nr_doubles: 512
nr_of_strided_rec: 256
nr_doubles: 512
nr_of_strided_rec: 256
nr_doubles: 512
nr_of_strided_rec: 256
nr_doubles: 512
nr_of_strided_rec: 256
nr_doubles: 512
nr_of_strided_rec: 256
nr_doubles: 512

Write the data to file:8388608 bytes
***********WAITING************

Write the data to file:8388608 bytes
***********WAITING************

Write the data to file:8388608 bytes
***********WAITING************

Write the data to file:8388608 bytes
***********WAITING************

Write the data to file:8388608 bytes
***********WAITING************

Write the data to file:8388608 bytes
***********WAITING************

Write the data to file:8388608 bytes
***********WAITING************

Write the data to file:8388608 bytes
***********WAITING************

Write the data to file:8388608 bytes
***********WAITING************

Write the data to file:8388608 bytes
***********WAITING************

Write the data to file:8388608 bytes
***********WAITING************

Write the data to file:8388608 bytes
***********WAITING************

Write the data to file:8388608 bytes
***********WAITING************

Write the data to file:8388608 bytes
***********WAITING************

Write the data to file:8388608 bytes
***********WAITING************

Write the data to file:8388608 bytes
***********WAITING************
nr_of_strided_rec: 256
nr_doubles: 512
nr_of_strided_rec: 256
nr_doubles: 512
nr_of_strided_rec: 256
nr_doubles: 512
nr_of_strided_rec: 256
nr_doubles: 512
nr_of_strided_rec: 256
nr_doubles: 512
nr_of_strided_rec: 256
nr_doubles: 512
nr_of_strided_rec: 256
nr_doubles: 512
nr_of_strided_rec: 256
nr_doubles: 512
nr_of_strided_rec: 256
nr_doubles: 512
nr_of_strided_rec: 256
nr_doubles: 512
nr_of_strided_rec: 256
nr_doubles: 512
nr_of_strided_rec: 256
nr_doubles: 512
nr_of_strided_rec: 256
nr_doubles: 512
nr_of_strided_rec: 256
nr_doubles: 512
nr_of_strided_rec: 256
nr_doubles: 512
nr_of_strided_rec: 256
nr_doubles: 512

Write the data to file:8388608 bytes
***********WAITING************

Write the data to file:8388608 bytes
***********WAITING************

Write the data to file:8388608 bytes
***********WAITING************

Write the data to file:8388608 bytes
***********WAITING************

Write the data to file:8388608 bytes
***********WAITING************

Write the data to file:8388608 bytes
***********WAITING************

Write the data to file:8388608 bytes
***********WAITING************

Write the data to file:8388608 bytes
***********WAITING************

Write the data to file:8388608 bytes
***********WAITING************

Write the data to file:8388608 bytes
***********WAITING************

Write the data to file:8388608 bytes
***********WAITING************

Write the data to file:8388608 bytes
***********WAITING************

Write the data to file:8388608 bytes
***********WAITING************

Write the data to file:8388608 bytes
***********WAITING************

Write the data to file:8388608 bytes
***********WAITING************

Write the data to file:8388608 bytes
***********WAITING************
nr_of_strided_rec: 256
nr_doubles: 512
nr_of_strided_rec: 256
nr_doubles: 512
nr_of_strided_rec: 256
nr_doubles: 512
nr_of_strided_rec: 256
nr_doubles: 512
nr_of_strided_rec: 256
nr_doubles: 512
nr_of_strided_rec: 256
nr_doubles: 512
nr_of_strided_rec: 256
nr_doubles: 512
nr_of_strided_rec: 256
nr_doubles: 512
nr_of_strided_rec: 256
nr_doubles: 512
nr_of_strided_rec: 256
nr_doubles: 512
nr_of_strided_rec: 256
nr_doubles: 512
nr_of_strided_rec: 256
nr_doubles: 512
nr_of_strided_rec: 256
nr_doubles: 512
nr_of_strided_rec: 256
nr_doubles: 512
nr_of_strided_rec: 256
nr_doubles: 512
nr_of_strided_rec: 256
nr_doubles: 512

Write the data to file:8388608 bytes
***********WAITING************

Write the data to file:8388608 bytes
***********WAITING************

Write the data to file:8388608 bytes
***********WAITING************

Write the data to file:8388608 bytes
***********WAITING************

Write the data to file:8388608 bytes
***********WAITING************

Write the data to file:8388608 bytes
***********WAITING************

Write the data to file:8388608 bytes
***********WAITING************

Write the data to file:8388608 bytes
***********WAITING************

Write the data to file:8388608 bytes
***********WAITING************

Write the data to file:8388608 bytes
***********WAITING************

Write the data to file:8388608 bytes
***********WAITING************

Write the data to file:8388608 bytes
***********WAITING************

Write the data to file:8388608 bytes
***********WAITING************

Write the data to file:8388608 bytes
***********WAITING************

Write the data to file:8388608 bytes
***********WAITING************

Write the data to file:8388608 bytes
***********WAITING************
nr_of_strided_rec: 256
nr_doubles: 512
nr_of_strided_rec: 256
nr_doubles: 512
nr_of_strided_rec: 256
nr_doubles: 512
nr_of_strided_rec: 256
nr_doubles: 512
nr_of_strided_rec: 256
nr_doubles: 512
nr_of_strided_rec: 256
nr_doubles: 512
nr_of_strided_rec: 256
nr_doubles: 512
nr_of_strided_rec: 256
nr_doubles: 512
nr_of_strided_rec: 256
nr_doubles: 512
nr_of_strided_rec: 256
nr_doubles: 512
nr_of_strided_rec: 256
nr_doubles: 512
nr_of_strided_rec: 256
nr_doubles: 512
nr_of_strided_rec: 256
nr_doubles: 512
nr_of_strided_rec: 256
nr_doubles: 512
nr_of_strided_rec: 256
nr_doubles: 512
nr_of_strided_rec: 256
nr_doubles: 512

Write the data to file:8388608 bytes
***********WAITING************

Write the data to file:8388608 bytes
***********WAITING************

Write the data to file:8388608 bytes
***********WAITING************

Write the data to file:8388608 bytes
***********WAITING************

Write the data to file:8388608 bytes
***********WAITING************

Write the data to file:8388608 bytes
***********WAITING************

Write the data to file:8388608 bytes
***********WAITING************

Write the data to file:8388608 bytes
***********WAITING************

Write the data to file:8388608 bytes
***********WAITING************

Write the data to file:8388608 bytes
***********WAITING************

Write the data to file:8388608 bytes
***********WAITING************

Write the data to file:8388608 bytes
***********WAITING************

Write the data to file:8388608 bytes
***********WAITING************

Write the data to file:8388608 bytes
***********WAITING************

Write the data to file:8388608 bytes
***********WAITING************

Write the data to file:8388608 bytes
***********WAITING************
nr_of_strided_rec: 256
nr_doubles: 512
nr_of_strided_rec: 256
nr_doubles: 512
nr_of_strided_rec: 256
nr_doubles: 512
nr_of_strided_rec: 256
nr_doubles: 512
nr_of_strided_rec: 256
nr_doubles: 512
nr_of_strided_rec: 256
nr_doubles: 512
nr_of_strided_rec: 256
nr_doubles: 512
nr_of_strided_rec: 256
nr_doubles: 512
nr_of_strided_rec: 256
nr_doubles: 512
nr_of_strided_rec: 256
nr_doubles: 512
nr_of_strided_rec: 256
nr_doubles: 512
nr_of_strided_rec: 256
nr_doubles: 512
nr_of_strided_rec: 256
nr_doubles: 512
nr_of_strided_rec: 256
nr_doubles: 512
nr_of_strided_rec: 256
nr_doubles: 512
nr_of_strided_rec: 256
nr_doubles: 512

Write the data to file:8388608 bytes
***********WAITING************

Write the data to file:8388608 bytes
***********WAITING************

Write the data to file:8388608 bytes
***********WAITING************

Write the data to file:8388608 bytes
***********WAITING************

Write the data to file:8388608 bytes
***********WAITING************

Write the data to file:8388608 bytes
***********WAITING************

Write the data to file:8388608 bytes
***********WAITING************

Write the data to file:8388608 bytes
***********WAITING************

Write the data to file:8388608 bytes
***********WAITING************

Write the data to file:8388608 bytes
***********WAITING************

Write the data to file:8388608 bytes
***********WAITING************

Write the data to file:8388608 bytes
***********WAITING************

Write the data to file:8388608 bytes
***********WAITING************

Write the data to file:8388608 bytes
***********WAITING************

Write the data to file:8388608 bytes
***********WAITING************

Write the data to file:8388608 bytes
***********WAITING************
nr_of_strided_rec: 256
nr_doubles: 512
nr_of_strided_rec: 256
nr_doubles: 512
nr_of_strided_rec: 256
nr_doubles: 512
nr_of_strided_rec: 256
nr_doubles: 512
nr_of_strided_rec: 256
nr_doubles: 512
nr_of_strided_rec: 256
nr_doubles: 512
nr_of_strided_rec: 256
nr_doubles: 512
nr_of_strided_rec: 256
nr_doubles: 512
nr_of_strided_rec: 256
nr_doubles: 512
nr_of_strided_rec: 256
nr_doubles: 512
nr_of_strided_rec: 256
nr_doubles: 512
nr_of_strided_rec: 256
nr_doubles: 512
nr_of_strided_rec: 256
nr_doubles: 512
nr_of_strided_rec: 256
nr_doubles: 512
nr_of_strided_rec: 256
nr_doubles: 512
nr_of_strided_rec: 256
nr_doubles: 512

Write the data to file:8388608 bytes
***********WAITING************

Write the data to file:8388608 bytes
***********WAITING************

Write the data to file:8388608 bytes
***********WAITING************

Write the data to file:8388608 bytes
***********WAITING************

Write the data to file:8388608 bytes
***********WAITING************

Write the data to file:8388608 bytes
***********WAITING************

Write the data to file:8388608 bytes
***********WAITING************

Write the data to file:8388608 bytes
***********WAITING************

Write the data to file:8388608 bytes
***********WAITING************

Write the data to file:8388608 bytes
***********WAITING************

Write the data to file:8388608 bytes
***********WAITING************

Write the data to file:8388608 bytes
***********WAITING************

Write the data to file:8388608 bytes
***********WAITING************

Write the data to file:8388608 bytes
***********WAITING************

Write the data to file:8388608 bytes
***********WAITING************

Write the data to file:8388608 bytes
***********WAITING************
nr_of_strided_rec: 256
nr_doubles: 512
nr_of_strided_rec: 256
nr_doubles: 512
nr_of_strided_rec: 256
nr_doubles: 512
nr_of_strided_rec: 256
nr_doubles: 512
nr_of_strided_rec: 256
nr_doubles: 512
nr_of_strided_rec: 256
nr_doubles: 512
nr_of_strided_rec: 256
nr_doubles: 512
nr_of_strided_rec: 256
nr_doubles: 512
nr_of_strided_rec: 256
nr_doubles: 512
nr_of_strided_rec: 256
nr_doubles: 512
nr_of_strided_rec: 256
nr_doubles: 512
nr_of_strided_rec: 256
nr_doubles: 512
nr_of_strided_rec: 256
nr_doubles: 512
nr_of_strided_rec: 256
nr_doubles: 512
nr_of_strided_rec: 256
nr_doubles: 512
nr_of_strided_rec: 256
nr_doubles: 512

Write the data to file:8388608 bytes
***********WAITING************

Write the data to file:8388608 bytes
***********WAITING************

Write the data to file:8388608 bytes
***********WAITING************

Write the data to file:8388608 bytes
***********WAITING************

Write the data to file:8388608 bytes
***********WAITING************

Write the data to file:8388608 bytes
***********WAITING************

Write the data to file:8388608 bytes
***********WAITING************

Write the data to file:8388608 bytes
***********WAITING************

Write the data to file:8388608 bytes
***********WAITING************

Write the data to file:8388608 bytes
***********WAITING************

Write the data to file:8388608 bytes
***********WAITING************

Write the data to file:8388608 bytes
***********WAITING************

Write the data to file:8388608 bytes
***********WAITING************

Write the data to file:8388608 bytes
***********WAITING************

Write the data to file:8388608 bytes
***********WAITING************

Write the data to file:8388608 bytes
***********WAITING************
nr_of_strided_rec: 256
nr_doubles: 512
nr_of_strided_rec: 256
nr_doubles: 512
nr_of_strided_rec: 256
nr_doubles: 512
nr_of_strided_rec: 256
nr_doubles: 512
nr_of_strided_rec: 256
nr_doubles: 512
nr_of_strided_rec: 256
nr_doubles: 512
nr_of_strided_rec: 256
nr_doubles: 512
nr_of_strided_rec: 256
nr_doubles: 512
nr_of_strided_rec: 256
nr_doubles: 512
nr_of_strided_rec: 256
nr_doubles: 512
nr_of_strided_rec: 256
nr_doubles: 512
nr_of_strided_rec: 256
nr_doubles: 512
nr_of_strided_rec: 256
nr_doubles: 512
nr_of_strided_rec: 256
nr_doubles: 512
nr_of_strided_rec: 256
nr_doubles: 512
nr_of_strided_rec: 256
nr_doubles: 512

Write the data to file:8388608 bytes
***********WAITING************

Write the data to file:8388608 bytes
***********WAITING************

Write the data to file:8388608 bytes
***********WAITING************

Write the data to file:8388608 bytes
***********WAITING************

Write the data to file:8388608 bytes
***********WAITING************

Write the data to file:8388608 bytes
***********WAITING************

Write the data to file:8388608 bytes
***********WAITING************

Write the data to file:8388608 bytes
***********WAITING************

Write the data to file:8388608 bytes
***********WAITING************

Write the data to file:8388608 bytes
***********WAITING************

Write the data to file:8388608 bytes
***********WAITING************

Write the data to file:8388608 bytes
***********WAITING************

Write the data to file:8388608 bytes
***********WAITING************

Write the data to file:8388608 bytes
***********WAITING************

Write the data to file:8388608 bytes
***********WAITING************

Write the data to file:8388608 bytes
***********WAITING************
nr_of_strided_rec: 256
nr_doubles: 512
nr_of_strided_rec: 256
nr_doubles: 512
nr_of_strided_rec: 256
nr_doubles: 512
nr_of_strided_rec: 256
nr_doubles: 512
nr_of_strided_rec: 256
nr_doubles: 512
nr_of_strided_rec: 256
nr_doubles: 512
nr_of_strided_rec: 256
nr_doubles: 512
nr_of_strided_rec: 256
nr_doubles: 512
nr_of_strided_rec: 256
nr_doubles: 512
nr_of_strided_rec: 256
nr_doubles: 512
nr_of_strided_rec: 256
nr_doubles: 512
nr_of_strided_rec: 256
nr_doubles: 512
nr_of_strided_rec: 256
nr_doubles: 512
nr_of_strided_rec: 256
nr_doubles: 512
nr_of_strided_rec: 256
nr_doubles: 512
nr_of_strided_rec: 256
nr_doubles: 512

Write the data to file:8388608 bytes
***********WAITING************

Write the data to file:8388608 bytes
***********WAITING************

Write the data to file:8388608 bytes
***********WAITING************

Write the data to file:8388608 bytes
***********WAITING************

Write the data to file:8388608 bytes
***********WAITING************

Write the data to file:8388608 bytes
***********WAITING************

Write the data to file:8388608 bytes
***********WAITING************

Write the data to file:8388608 bytes
***********WAITING************

Write the data to file:8388608 bytes
***********WAITING************

Write the data to file:8388608 bytes
***********WAITING************

Write the data to file:8388608 bytes
***********WAITING************

Write the data to file:8388608 bytes
***********WAITING************

Write the data to file:8388608 bytes
***********WAITING************

Write the data to file:8388608 bytes
***********WAITING************

Write the data to file:8388608 bytes
***********WAITING************

Write the data to file:8388608 bytes
***********WAITING************
nr_of_strided_rec: 256
nr_doubles: 512
nr_of_strided_rec: 256
nr_doubles: 512
nr_of_strided_rec: 256
nr_doubles: 512
nr_of_strided_rec: 256
nr_doubles: 512
nr_of_strided_rec: 256
nr_doubles: 512
nr_of_strided_rec: 256
nr_doubles: 512
nr_of_strided_rec: 256
nr_doubles: 512
nr_of_strided_rec: 256
nr_doubles: 512
nr_of_strided_rec: 256
nr_doubles: 512
nr_of_strided_rec: 256
nr_doubles: 512
nr_of_strided_rec: 256
nr_doubles: 512
nr_of_strided_rec: 256
nr_doubles: 512
nr_of_strided_rec: 256
nr_doubles: 512
nr_of_strided_rec: 256
nr_doubles: 512
nr_of_strided_rec: 256
nr_doubles: 512
nr_of_strided_rec: 256
nr_doubles: 512

Write the data to file:8388608 bytes
***********WAITING************

Write the data to file:8388608 bytes
***********WAITING************

Write the data to file:8388608 bytes
***********WAITING************

Write the data to file:8388608 bytes
***********WAITING************

Write the data to file:8388608 bytes
***********WAITING************

Write the data to file:8388608 bytes
***********WAITING************

Write the data to file:8388608 bytes
***********WAITING************

Write the data to file:8388608 bytes
***********WAITING************

Write the data to file:8388608 bytes
***********WAITING************

Write the data to file:8388608 bytes
***********WAITING************

Write the data to file:8388608 bytes
***********WAITING************

Write the data to file:8388608 bytes
***********WAITING************

Write the data to file:8388608 bytes
***********WAITING************

Write the data to file:8388608 bytes
***********WAITING************

Write the data to file:8388608 bytes
***********WAITING************

Write the data to file:8388608 bytes
***********WAITING************
nr_of_strided_rec: 256
nr_doubles: 512
nr_of_strided_rec: 256
nr_doubles: 512
nr_of_strided_rec: 256
nr_doubles: 512
nr_of_strided_rec: 256
nr_doubles: 512
nr_of_strided_rec: 256
nr_doubles: 512
nr_of_strided_rec: 256
nr_doubles: 512
nr_of_strided_rec: 256
nr_doubles: 512
nr_of_strided_rec: 256
nr_doubles: 512
nr_of_strided_rec: 256
nr_doubles: 512
nr_of_strided_rec: 256
nr_doubles: 512
nr_of_strided_rec: 256
nr_doubles: 512
nr_of_strided_rec: 256
nr_doubles: 512
nr_of_strided_rec: 256
nr_doubles: 512
nr_of_strided_rec: 256
nr_doubles: 512
nr_of_strided_rec: 256
nr_doubles: 512
nr_of_strided_rec: 256
nr_doubles: 512

Write the data to file:8388608 bytes
***********WAITING************

Write the data to file:8388608 bytes
***********WAITING************

Write the data to file:8388608 bytes
***********WAITING************

Write the data to file:8388608 bytes
***********WAITING************

Write the data to file:8388608 bytes
***********WAITING************

Write the data to file:8388608 bytes
***********WAITING************

Write the data to file:8388608 bytes
***********WAITING************

Write the data to file:8388608 bytes
***********WAITING************

Write the data to file:8388608 bytes
***********WAITING************

Write the data to file:8388608 bytes
***********WAITING************

Write the data to file:8388608 bytes
***********WAITING************

Write the data to file:8388608 bytes
***********WAITING************

Write the data to file:8388608 bytes
***********WAITING************

Write the data to file:8388608 bytes
***********WAITING************

Write the data to file:8388608 bytes
***********WAITING************

Write the data to file:8388608 bytes
***********WAITING************
nr_of_strided_rec: 256
nr_doubles: 512
nr_of_strided_rec: 256
nr_doubles: 512
nr_of_strided_rec: 256
nr_doubles: 512
nr_of_strided_rec: 256
nr_doubles: 512
nr_of_strided_rec: 256
nr_doubles: 512
nr_of_strided_rec: 256
nr_doubles: 512
nr_of_strided_rec: 256
nr_doubles: 512
nr_of_strided_rec: 256
nr_doubles: 512
nr_of_strided_rec: 256
nr_doubles: 512
nr_of_strided_rec: 256
nr_doubles: 512
nr_of_strided_rec: 256
nr_doubles: 512
nr_of_strided_rec: 256
nr_doubles: 512
nr_of_strided_rec: 256
nr_doubles: 512
nr_of_strided_rec: 256
nr_doubles: 512
nr_of_strided_rec: 256
nr_doubles: 512
nr_of_strided_rec: 256
nr_doubles: 512

Write the data to file:8388608 bytes
***********WAITING************

Write the data to file:8388608 bytes
***********WAITING************

Write the data to file:8388608 bytes
***********WAITING************

Write the data to file:8388608 bytes
***********WAITING************

Write the data to file:8388608 bytes
***********WAITING************

Write the data to file:8388608 bytes
***********WAITING************

Write the data to file:8388608 bytes
***********WAITING************

Write the data to file:8388608 bytes
***********WAITING************

Write the data to file:8388608 bytes
***********WAITING************

Write the data to file:8388608 bytes
***********WAITING************

Write the data to file:8388608 bytes
***********WAITING************

Write the data to file:8388608 bytes
***********WAITING************

Write the data to file:8388608 bytes
***********WAITING************

Write the data to file:8388608 bytes
***********WAITING************

Write the data to file:8388608 bytes
***********WAITING************

Write the data to file:8388608 bytes
***********WAITING************
nr_of_strided_rec: 256
nr_doubles: 512
nr_of_strided_rec: 256
nr_doubles: 512
nr_of_strided_rec: 256
nr_doubles: 512
nr_of_strided_rec: 256
nr_doubles: 512
nr_of_strided_rec: 256
nr_doubles: 512
nr_of_strided_rec: 256
nr_doubles: 512
nr_of_strided_rec: 256
nr_doubles: 512
nr_of_strided_rec: 256
nr_doubles: 512
nr_of_strided_rec: 256
nr_doubles: 512
nr_of_strided_rec: 256
nr_doubles: 512
nr_of_strided_rec: 256
nr_doubles: 512
nr_of_strided_rec: 256
nr_doubles: 512
nr_of_strided_rec: 256
nr_doubles: 512
nr_of_strided_rec: 256
nr_doubles: 512
nr_of_strided_rec: 256
nr_doubles: 512
nr_of_strided_rec: 256
nr_doubles: 512

Write the data to file:8388608 bytes
***********WAITING************

Write the data to file:8388608 bytes
***********WAITING************

Write the data to file:8388608 bytes
***********WAITING************

Write the data to file:8388608 bytes
***********WAITING************

Write the data to file:8388608 bytes
***********WAITING************

Write the data to file:8388608 bytes
***********WAITING************

Write the data to file:8388608 bytes
***********WAITING************

Write the data to file:8388608 bytes
***********WAITING************

Write the data to file:8388608 bytes
***********WAITING************

Write the data to file:8388608 bytes
***********WAITING************

Write the data to file:8388608 bytes
***********WAITING************

Write the data to file:8388608 bytes
***********WAITING************

Write the data to file:8388608 bytes
***********WAITING************

Write the data to file:8388608 bytes
***********WAITING************

Write the data to file:8388608 bytes
***********WAITING************

Write the data to file:8388608 bytes
***********WAITING************
nr_of_strided_rec: 256
nr_doubles: 512
nr_of_strided_rec: 256
nr_doubles: 512
nr_of_strided_rec: 256
nr_doubles: 512
nr_of_strided_rec: 256
nr_doubles: 512
nr_of_strided_rec: 256
nr_doubles: 512
nr_of_strided_rec: 256
nr_doubles: 512
nr_of_strided_rec: 256
nr_doubles: 512
nr_of_strided_rec: 256
nr_doubles: 512
nr_of_strided_rec: 256
nr_doubles: 512
nr_of_strided_rec: 256
nr_doubles: 512
nr_of_strided_rec: 256
nr_doubles: 512
nr_of_strided_rec: 256
nr_doubles: 512
nr_of_strided_rec: 256
nr_doubles: 512
nr_of_strided_rec: 256
nr_doubles: 512
nr_of_strided_rec: 256
nr_doubles: 512
nr_of_strided_rec: 256
nr_doubles: 512

Write the data to file:8388608 bytes
***********WAITING************

Write the data to file:8388608 bytes
***********WAITING************

Write the data to file:8388608 bytes
***********WAITING************

Write the data to file:8388608 bytes
***********WAITING************

Write the data to file:8388608 bytes
***********WAITING************

Write the data to file:8388608 bytes
***********WAITING************

Write the data to file:8388608 bytes
***********WAITING************

Write the data to file:8388608 bytes
***********WAITING************

Write the data to file:8388608 bytes
***********WAITING************

Write the data to file:8388608 bytes
***********WAITING************

Write the data to file:8388608 bytes
***********WAITING************

Write the data to file:8388608 bytes
***********WAITING************

Write the data to file:8388608 bytes
***********WAITING************

Write the data to file:8388608 bytes
***********WAITING************

Write the data to file:8388608 bytes
***********WAITING************

Write the data to file:8388608 bytes
***********WAITING************
nr_of_strided_rec: 256
nr_doubles: 512
nr_of_strided_rec: 256
nr_doubles: 512
nr_of_strided_rec: 256
nr_doubles: 512
nr_of_strided_rec: 256
nr_doubles: 512
nr_of_strided_rec: 256
nr_doubles: 512
nr_of_strided_rec: 256
nr_doubles: 512
nr_of_strided_rec: 256
nr_doubles: 512
nr_of_strided_rec: 256
nr_doubles: 512
nr_of_strided_rec: 256
nr_doubles: 512
nr_of_strided_rec: 256
nr_doubles: 512
nr_of_strided_rec: 256
nr_doubles: 512
nr_of_strided_rec: 256
nr_doubles: 512
nr_of_strided_rec: 256
nr_doubles: 512
nr_of_strided_rec: 256
nr_doubles: 512
nr_of_strided_rec: 256
nr_doubles: 512
nr_of_strided_rec: 256
nr_doubles: 512

Write the data to file:8388608 bytes
***********WAITING************

Write the data to file:8388608 bytes
***********WAITING************

Write the data to file:8388608 bytes
***********WAITING************

Write the data to file:8388608 bytes
***********WAITING************

Write the data to file:8388608 bytes
***********WAITING************

Write the data to file:8388608 bytes
***********WAITING************

Write the data to file:8388608 bytes
***********WAITING************

Write the data to file:8388608 bytes
***********WAITING************

Write the data to file:8388608 bytes
***********WAITING************

Write the data to file:8388608 bytes
***********WAITING************

Write the data to file:8388608 bytes
***********WAITING************

Write the data to file:8388608 bytes
***********WAITING************

Write the data to file:8388608 bytes
***********WAITING************

Write the data to file:8388608 bytes
***********WAITING************

Write the data to file:8388608 bytes
***********WAITING************

Write the data to file:8388608 bytes
***********WAITING************
nr_of_strided_rec: 256
nr_doubles: 512
nr_of_strided_rec: 256
nr_doubles: 512
nr_of_strided_rec: 256
nr_doubles: 512
nr_of_strided_rec: 256
nr_doubles: 512
nr_of_strided_rec: 256
nr_doubles: 512
nr_of_strided_rec: 256
nr_doubles: 512
nr_of_strided_rec: 256
nr_doubles: 512
nr_of_strided_rec: 256
nr_doubles: 512
nr_of_strided_rec: 256
nr_doubles: 512
nr_of_strided_rec: 256
nr_doubles: 512
nr_of_strided_rec: 256
nr_doubles: 512
nr_of_strided_rec: 256
nr_doubles: 512
nr_of_strided_rec: 256
nr_doubles: 512
nr_of_strided_rec: 256
nr_doubles: 512
nr_of_strided_rec: 256
nr_doubles: 512
nr_of_strided_rec: 256
nr_doubles: 512

Write the data to file:8388608 bytes
***********WAITING************

Write the data to file:8388608 bytes
***********WAITING************

Write the data to file:8388608 bytes
***********WAITING************

Write the data to file:8388608 bytes
***********WAITING************

Write the data to file:8388608 bytes
***********WAITING************

Write the data to file:8388608 bytes
***********WAITING************

Write the data to file:8388608 bytes
***********WAITING************

Write the data to file:8388608 bytes
***********WAITING************

Write the data to file:8388608 bytes
***********WAITING************

Write the data to file:8388608 bytes
***********WAITING************

Write the data to file:8388608 bytes
***********WAITING************

Write the data to file:8388608 bytes
***********WAITING************

Write the data to file:8388608 bytes
***********WAITING************

Write the data to file:8388608 bytes
***********WAITING************

Write the data to file:8388608 bytes
***********WAITING************

Write the data to file:8388608 bytes
***********WAITING************
nr_of_strided_rec: 256
nr_doubles: 512
nr_of_strided_rec: 256
nr_doubles: 512
nr_of_strided_rec: 256
nr_doubles: 512
nr_of_strided_rec: 256
nr_doubles: 512
nr_of_strided_rec: 256
nr_doubles: 512
nr_of_strided_rec: 256
nr_doubles: 512
nr_of_strided_rec: 256
nr_doubles: 512
nr_of_strided_rec: 256
nr_doubles: 512
nr_of_strided_rec: 256
nr_doubles: 512
nr_of_strided_rec: 256
nr_doubles: 512
nr_of_strided_rec: 256
nr_doubles: 512
nr_of_strided_rec: 256
nr_doubles: 512
nr_of_strided_rec: 256
nr_doubles: 512
nr_of_strided_rec: 256
nr_doubles: 512
nr_of_strided_rec: 256
nr_doubles: 512
nr_of_strided_rec: 256
nr_doubles: 512

Write the data to file:8388608 bytes
***********WAITING************

Write the data to file:8388608 bytes
***********WAITING************

Write the data to file:8388608 bytes
***********WAITING************

Write the data to file:8388608 bytes
***********WAITING************

Write the data to file:8388608 bytes
***********WAITING************

Write the data to file:8388608 bytes
***********WAITING************

Write the data to file:8388608 bytes
***********WAITING************

Write the data to file:8388608 bytes
***********WAITING************

Write the data to file:8388608 bytes
***********WAITING************

Write the data to file:8388608 bytes
***********WAITING************

Write the data to file:8388608 bytes
***********WAITING************

Write the data to file:8388608 bytes
***********WAITING************

Write the data to file:8388608 bytes
***********WAITING************

Write the data to file:8388608 bytes
***********WAITING************

Write the data to file:8388608 bytes
***********WAITING************

Write the data to file:8388608 bytes
***********WAITING************
nr_of_strided_rec: 256
nr_doubles: 512
nr_of_strided_rec: 256
nr_doubles: 512
nr_of_strided_rec: 256
nr_doubles: 512
nr_of_strided_rec: 256
nr_doubles: 512
nr_of_strided_rec: 256
nr_doubles: 512
nr_of_strided_rec: 256
nr_doubles: 512
nr_of_strided_rec: 256
nr_doubles: 512
nr_of_strided_rec: 256
nr_doubles: 512
nr_of_strided_rec: 256
nr_doubles: 512
nr_of_strided_rec: 256
nr_doubles: 512
nr_of_strided_rec: 256
nr_doubles: 512
nr_of_strided_rec: 256
nr_doubles: 512
nr_of_strided_rec: 256
nr_doubles: 512
nr_of_strided_rec: 256
nr_doubles: 512
nr_of_strided_rec: 256
nr_doubles: 512
nr_of_strided_rec: 256
nr_doubles: 512

Write the data to file:8388608 bytes
***********WAITING************

Write the data to file:8388608 bytes
***********WAITING************

Write the data to file:8388608 bytes
***********WAITING************

Write the data to file:8388608 bytes
***********WAITING************

Write the data to file:8388608 bytes
***********WAITING************

Write the data to file:8388608 bytes
***********WAITING************

Write the data to file:8388608 bytes
***********WAITING************

Write the data to file:8388608 bytes
***********WAITING************

Write the data to file:8388608 bytes
***********WAITING************

Write the data to file:8388608 bytes
***********WAITING************

Write the data to file:8388608 bytes
***********WAITING************

Write the data to file:8388608 bytes
***********WAITING************

Write the data to file:8388608 bytes
***********WAITING************

Write the data to file:8388608 bytes
***********WAITING************

Write the data to file:8388608 bytes
***********WAITING************

Write the data to file:8388608 bytes
***********WAITING************

Write the data to file:8388608 bytes
***********WAITING************

Write the data to file:8388608 bytes
***********WAITING************

Write the data to file:8388608 bytes
***********WAITING************

Write the data to file:8388608 bytes
***********WAITING************

Write the data to file:8388608 bytes
***********WAITING************

Write the data to file:8388608 bytes
***********WAITING************

Write the data to file:8388608 bytes
***********WAITING************

Write the data to file:8388608 bytes
***********WAITING************

Write the data to file:8388608 bytes
***********WAITING************

Write the data to file:8388608 bytes
***********WAITING************

Write the data to file:8388608 bytes
***********WAITING************

Write the data to file:8388608 bytes
***********WAITING************

Write the data to file:8388608 bytes
***********WAITING************

Write the data to file:8388608 bytes
***********WAITING************

Write the data to file:8388608 bytes
***********WAITING************

Write the data to file:8388608 bytes
***********WAITING************
W_cc         0.55   [      0.55:      0.55]
W_r         24.85   [     24.85:     24.85]
W_w          3.64   [      3.64:      3.64]
          -------
W_total     29.03   [     29.03:     29.04]

calc_W done
calc_W done
calc_W done
calc_W done
calc_W done
calc_W done
calc_W done
calc_W done
nr_of_strided_rec: 256
nr_doubles: 512
calc_W done
nr_of_strided_rec: 256
nr_doubles: 512
calc_W done
nr_of_strided_rec: 256
nr_doubles: 512
calc_W done
nr_of_strided_rec: 256
nr_doubles: 512
calc_W done
nr_of_strided_rec: 256
nr_doubles: 512
calc_W done
nr_of_strided_rec: 256
nr_doubles: 512
calc_W done
nr_of_strided_rec: 256
nr_doubles: 512
calc_W done
nr_of_strided_rec: 256
nr_doubles: 512
calc_W done
nr_of_strided_rec: 256
nr_doubles: 512
nr_of_strided_rec: 256
nr_doubles: 512
nr_of_strided_rec: 256
nr_doubles: 512
nr_of_strided_rec: 256
nr_doubles: 512
nr_of_strided_rec: 256
nr_doubles: 512
nr_of_strided_rec: 256
nr_doubles: 512
nr_of_strided_rec: 256
nr_doubles: 512
nr_of_strided_rec: 256
nr_doubles: 512
nr_of_strided_rec: 256
nr_doubles: 512
nr_of_strided_rec: 256
nr_doubles: 512
nr_of_strided_rec: 256
nr_doubles: 512
nr_of_strided_rec: 256
nr_doubles: 512
nr_of_strided_rec: 256
nr_doubles: 512
nr_of_strided_rec: 256
nr_doubles: 512
nr_of_strided_rec: 256
nr_doubles: 512
nr_of_strided_rec: 256
nr_doubles: 512
nr_of_strided_rec: 256
nr_doubles: 512
nr_of_strided_rec: 256
nr_doubles: 512
nr_of_strided_rec: 256
nr_doubles: 512
nr_of_strided_rec: 256
nr_doubles: 512
nr_of_strided_rec: 256
nr_doubles: 512
nr_of_strided_rec: 256
nr_doubles: 512
nr_of_strided_rec: 256
nr_doubles: 512
nr_of_strided_rec: 256
nr_doubles: 512
nr_of_strided_rec: 256
nr_doubles: 512
nr_of_strided_rec: 256
nr_doubles: 512
nr_of_strided_rec: 256
nr_doubles: 512
nr_of_strided_rec: 256
nr_doubles: 512
nr_of_strided_rec: 256
nr_doubles: 512
nr_of_strided_rec: 256
nr_doubles: 512
nr_of_strided_rec: 256
nr_doubles: 512
nr_of_strided_rec: 256
nr_doubles: 512
nr_of_strided_rec: 256
nr_doubles: 512
nr_of_strided_rec: 256
nr_doubles: 512
nr_of_strided_rec: 256
nr_doubles: 512
nr_of_strided_rec: 256
nr_doubles: 512
nr_of_strided_rec: 256
nr_doubles: 512
nr_of_strided_rec: 256
nr_doubles: 512
nr_of_strided_rec: 256
nr_doubles: 512
nr_of_strided_rec: 256
nr_doubles: 512
nr_of_strided_rec: 256
nr_doubles: 512
nr_of_strided_rec: 256
nr_doubles: 512
nr_of_strided_rec: 256
nr_doubles: 512
nr_of_strided_rec: 256
nr_doubles: 512
nr_of_strided_rec: 256
nr_doubles: 512
nr_of_strided_rec: 256
nr_doubles: 512
nr_of_strided_rec: 256
nr_doubles: 512
nr_of_strided_rec: 256
nr_doubles: 512
nr_of_strided_rec: 256
nr_doubles: 512
nr_of_strided_rec: 256
nr_doubles: 512
nr_of_strided_rec: 256
nr_doubles: 512
nr_of_strided_rec: 256
nr_doubles: 512
nr_of_strided_rec: 256
nr_doubles: 512
nr_of_strided_rec: 256
nr_doubles: 512
nr_of_strided_rec: 256
nr_doubles: 512
nr_of_strided_rec: 256
nr_doubles: 512
nr_of_strided_rec: 256
nr_doubles: 512
nr_of_strided_rec: 256
nr_doubles: 512
nr_of_strided_rec: 256
nr_doubles: 512
nr_of_strided_rec: 256
nr_doubles: 512
nr_of_strided_rec: 256
nr_doubles: 512
nr_of_strided_rec: 256
nr_doubles: 512
nr_of_strided_rec: 256
nr_doubles: 512
nr_of_strided_rec: 256
nr_doubles: 512
nr_of_strided_rec: 256
nr_doubles: 512
nr_of_strided_rec: 256
nr_doubles: 512
nr_of_strided_rec: 256
nr_doubles: 512
nr_of_strided_rec: 256
nr_doubles: 512
nr_of_strided_rec: 256
nr_doubles: 512
nr_of_strided_rec: 256
nr_doubles: 512
nr_of_strided_rec: 256
nr_doubles: 512
nr_of_strided_rec: 256
nr_doubles: 512
nr_of_strided_rec: 256
nr_doubles: 512
nr_of_strided_rec: 256
nr_doubles: 512
nr_of_strided_rec: 256
nr_doubles: 512
nr_of_strided_rec: 256
nr_doubles: 512
nr_of_strided_rec: 256
nr_doubles: 512
nr_of_strided_rec: 256
nr_doubles: 512
nr_of_strided_rec: 256
nr_doubles: 512
nr_of_strided_rec: 256
nr_doubles: 512
nr_of_strided_rec: 256
nr_doubles: 512
nr_of_strided_rec: 256
nr_doubles: 512
nr_of_strided_rec: 256
nr_doubles: 512
nr_of_strided_rec: 256
nr_doubles: 512
nr_of_strided_rec: 256
nr_doubles: 512
nr_of_strided_rec: 256
nr_doubles: 512
nr_of_strided_rec: 256
nr_doubles: 512
nr_of_strided_rec: 256
nr_doubles: 512
nr_of_strided_rec: 256
nr_doubles: 512
nr_of_strided_rec: 256
nr_doubles: 512
nr_of_strided_rec: 256
nr_doubles: 512
nr_of_strided_rec: 256
nr_doubles: 512
nr_of_strided_rec: 256
nr_doubles: 512
nr_of_strided_rec: 256
nr_doubles: 512
nr_of_strided_rec: 256
nr_doubles: 512
nr_of_strided_rec: 256
nr_doubles: 512
nr_of_strided_rec: 256
nr_doubles: 512
nr_of_strided_rec: 256
nr_doubles: 512
nr_of_strided_rec: 256
nr_doubles: 512
nr_of_strided_rec: 256
nr_doubles: 512
nr_of_strided_rec: 256
nr_doubles: 512
nr_of_strided_rec: 256
nr_doubles: 512
nr_of_strided_rec: 256
nr_doubles: 512
nr_of_strided_rec: 256
nr_doubles: 512
nr_of_strided_rec: 256
nr_doubles: 512
nr_of_strided_rec: 256
nr_doubles: 512
nr_of_strided_rec: 256
nr_doubles: 512
nr_of_strided_rec: 256
nr_doubles: 512
nr_of_strided_rec: 256
nr_doubles: 512
nr_of_strided_rec: 256
nr_doubles: 512
nr_of_strided_rec: 256
nr_doubles: 512
nr_of_strided_rec: 256
nr_doubles: 512
nr_of_strided_rec: 256
nr_doubles: 512
nr_of_strided_rec: 256
nr_doubles: 512
nr_of_strided_rec: 256
nr_doubles: 512
nr_of_strided_rec: 256
nr_doubles: 512
nr_of_strided_rec: 256
nr_doubles: 512
nr_of_strided_rec: 256
nr_doubles: 512
nr_of_strided_rec: 256
nr_doubles: 512
nr_of_strided_rec: 256
nr_doubles: 512
nr_of_strided_rec: 256
nr_doubles: 512
nr_of_strided_rec: 256
nr_doubles: 512
nr_of_strided_rec: 256
nr_doubles: 512
nr_of_strided_rec: 256
nr_doubles: 512
nr_of_strided_rec: 256
nr_doubles: 512
nr_of_strided_rec: 256
nr_doubles: 512
nr_of_strided_rec: 256
nr_doubles: 512
nr_of_strided_rec: 256
nr_doubles: 512
nr_of_strided_rec: 256
nr_doubles: 512
nr_of_strided_rec: 256
nr_doubles: 512
nr_of_strided_rec: 256
nr_doubles: 512
nr_of_strided_rec: 256
nr_doubles: 512
nr_of_strided_rec: 256
nr_doubles: 512
nr_of_strided_rec: 256
nr_doubles: 512
nr_of_strided_rec: 256
nr_doubles: 512
nr_of_strided_rec: 256
nr_doubles: 512
nr_of_strided_rec: 256
nr_doubles: 512
nr_of_strided_rec: 256
nr_doubles: 512
nr_of_strided_rec: 256
nr_doubles: 512
nr_of_strided_rec: 256
nr_doubles: 512
nr_of_strided_rec: 256
nr_doubles: 512
nr_of_strided_rec: 256
nr_doubles: 512
nr_of_strided_rec: 256
nr_doubles: 512
nr_of_strided_rec: 256
nr_doubles: 512
nr_of_strided_rec: 256
nr_doubles: 512
nr_of_strided_rec: 256
nr_doubles: 512
nr_of_strided_rec: 256
nr_doubles: 512
nr_of_strided_rec: 256
nr_doubles: 512
nr_of_strided_rec: 256
nr_doubles: 512
nr_of_strided_rec: 256
nr_doubles: 512
nr_of_strided_rec: 256
nr_doubles: 512
nr_of_strided_rec: 256
nr_doubles: 512
nr_of_strided_rec: 256
nr_doubles: 512
nr_of_strided_rec: 256
nr_doubles: 512
nr_of_strided_rec: 256
nr_doubles: 512
nr_of_strided_rec: 256
nr_doubles: 512
nr_of_strided_rec: 256
nr_doubles: 512
nr_of_strided_rec: 256
nr_doubles: 512
nr_of_strided_rec: 256
nr_doubles: 512
nr_of_strided_rec: 256
nr_doubles: 512
nr_of_strided_rec: 256
nr_doubles: 512
nr_of_strided_rec: 256
nr_doubles: 512
nr_of_strided_rec: 256
nr_doubles: 512
nr_of_strided_rec: 256
nr_doubles: 512
nr_of_strided_rec: 256
nr_doubles: 512
nr_of_strided_rec: 256
nr_doubles: 512
nr_of_strided_rec: 256
nr_doubles: 512
nr_of_strided_rec: 256
nr_doubles: 512
nr_of_strided_rec: 256
nr_doubles: 512
nr_of_strided_rec: 256
nr_doubles: 512
nr_of_strided_rec: 256
nr_doubles: 512
nr_of_strided_rec: 256
nr_doubles: 512
nr_of_strided_rec: 256
nr_doubles: 512
nr_of_strided_rec: 256
nr_doubles: 512
nr_of_strided_rec: 256
nr_doubles: 512
nr_of_strided_rec: 256
nr_doubles: 512
nr_of_strided_rec: 256
nr_doubles: 512
nr_of_strided_rec: 256
nr_doubles: 512
nr_of_strided_rec: 256
nr_doubles: 512
nr_of_strided_rec: 256
nr_doubles: 512
nr_of_strided_rec: 256
nr_doubles: 512
nr_of_strided_rec: 256
nr_doubles: 512
nr_of_strided_rec: 256
nr_doubles: 512
nr_of_strided_rec: 256
nr_doubles: 512
nr_of_strided_rec: 256
nr_doubles: 512
nr_of_strided_rec: 256
nr_doubles: 512
nr_of_strided_rec: 256
nr_doubles: 512
nr_of_strided_rec: 256
nr_doubles: 512
nr_of_strided_rec: 256
nr_doubles: 512
nr_of_strided_rec: 256
nr_doubles: 512
nr_of_strided_rec: 256
nr_doubles: 512
nr_of_strided_rec: 256
nr_doubles: 512
nr_of_strided_rec: 256
nr_doubles: 512
nr_of_strided_rec: 256
nr_doubles: 512
nr_of_strided_rec: 256
nr_doubles: 512
nr_of_strided_rec: 256
nr_doubles: 512
nr_of_strided_rec: 256
nr_doubles: 512
nr_of_strided_rec: 256
nr_doubles: 512
nr_of_strided_rec: 256
nr_doubles: 512
nr_of_strided_rec: 256
nr_doubles: 512
nr_of_strided_rec: 256
nr_doubles: 512
nr_of_strided_rec: 256
nr_doubles: 512
nr_of_strided_rec: 256
nr_doubles: 512
nr_of_strided_rec: 256
nr_doubles: 512
nr_of_strided_rec: 256
nr_doubles: 512
nr_of_strided_rec: 256
nr_doubles: 512
nr_of_strided_rec: 256
nr_doubles: 512
nr_of_strided_rec: 256
nr_doubles: 512
nr_of_strided_rec: 256
nr_doubles: 512
nr_of_strided_rec: 256
nr_doubles: 512
nr_of_strided_rec: 256
nr_doubles: 512
nr_of_strided_rec: 256
nr_doubles: 512
nr_of_strided_rec: 256
nr_doubles: 512
nr_of_strided_rec: 256
nr_doubles: 512
nr_of_strided_rec: 256
nr_doubles: 512
nr_of_strided_rec: 256
nr_doubles: 512
nr_of_strided_rec: 256
nr_doubles: 512
nr_of_strided_rec: 256
nr_doubles: 512
nr_of_strided_rec: 256
nr_doubles: 512
nr_of_strided_rec: 256
nr_doubles: 512
nr_of_strided_rec: 256
nr_doubles: 512
nr_of_strided_rec: 256
nr_doubles: 512
nr_of_strided_rec: 256
nr_doubles: 512
nr_of_strided_rec: 256
nr_doubles: 512
nr_of_strided_rec: 256
nr_doubles: 512
nr_of_strided_rec: 256
nr_doubles: 512
nr_of_strided_rec: 256
nr_doubles: 512
nr_of_strided_rec: 256
nr_doubles: 512
nr_of_strided_rec: 256
nr_doubles: 512
nr_of_strided_rec: 256
nr_doubles: 512
nr_of_strided_rec: 256
nr_doubles: 512
nr_of_strided_rec: 256
nr_doubles: 512
nr_of_strided_rec: 256
nr_doubles: 512
nr_of_strided_rec: 256
nr_doubles: 512
nr_of_strided_rec: 256
nr_doubles: 512
nr_of_strided_rec: 256
nr_doubles: 512
nr_of_strided_rec: 256
nr_doubles: 512
nr_of_strided_rec: 256
nr_doubles: 512
nr_of_strided_rec: 256
nr_doubles: 512
nr_of_strided_rec: 256
nr_doubles: 512
nr_of_strided_rec: 256
nr_doubles: 512
nr_of_strided_rec: 256
nr_doubles: 512
nr_of_strided_rec: 256
nr_doubles: 512
nr_of_strided_rec: 256
nr_doubles: 512
nr_of_strided_rec: 256
nr_doubles: 512
nr_of_strided_rec: 256
nr_doubles: 512
nr_of_strided_rec: 256
nr_doubles: 512
nr_of_strided_rec: 256
nr_doubles: 512
nr_of_strided_rec: 256
nr_doubles: 512
nr_of_strided_rec: 256
nr_doubles: 512
nr_of_strided_rec: 256
nr_doubles: 512
nr_of_strided_rec: 256
nr_doubles: 512
nr_of_strided_rec: 256
nr_doubles: 512
nr_of_strided_rec: 256
nr_doubles: 512
nr_of_strided_rec: 256
nr_doubles: 512
nr_of_strided_rec: 256
nr_doubles: 512
nr_of_strided_rec: 256
nr_doubles: 512
nr_of_strided_rec: 256
nr_doubles: 512
nr_of_strided_rec: 256
nr_doubles: 512
nr_of_strided_rec: 256
nr_doubles: 512
nr_of_strided_rec: 256
nr_doubles: 512
nr_of_strided_rec: 256
nr_doubles: 512
nr_of_strided_rec: 256
nr_doubles: 512
nr_of_strided_rec: 256
nr_doubles: 512
nr_of_strided_rec: 256
nr_doubles: 512
nr_of_strided_rec: 256
nr_doubles: 512
nr_of_strided_rec: 256
nr_doubles: 512
nr_of_strided_rec: 256
nr_doubles: 512
nr_of_strided_rec: 256
nr_doubles: 512
nr_of_strided_rec: 256
nr_doubles: 512
nr_of_strided_rec: 256
nr_doubles: 512
nr_of_strided_rec: 256
nr_doubles: 512
nr_of_strided_rec: 256
nr_doubles: 512
nr_of_strided_rec: 256
nr_doubles: 512
nr_of_strided_rec: 256
nr_doubles: 512
nr_of_strided_rec: 256
nr_doubles: 512
nr_of_strided_rec: 256
nr_doubles: 512
nr_of_strided_rec: 256
nr_doubles: 512
nr_of_strided_rec: 256
nr_doubles: 512
nr_of_strided_rec: 256
nr_doubles: 512
nr_of_strided_rec: 256
nr_doubles: 512
nr_of_strided_rec: 256
nr_doubles: 512
nr_of_strided_rec: 256
nr_doubles: 512
nr_of_strided_rec: 256
nr_doubles: 512
nr_of_strided_rec: 256
nr_doubles: 512
nr_of_strided_rec: 256
nr_doubles: 512
nr_of_strided_rec: 256
nr_doubles: 512
nr_of_strided_rec: 256
nr_doubles: 512
nr_of_strided_rec: 256
nr_doubles: 512
nr_of_strided_rec: 256
nr_doubles: 512
nr_of_strided_rec: 256
nr_doubles: 512
nr_of_strided_rec: 256
nr_doubles: 512
nr_of_strided_rec: 256
nr_doubles: 512
nr_of_strided_rec: 256
nr_doubles: 512
nr_of_strided_rec: 256
nr_doubles: 512
nr_of_strided_rec: 256
nr_doubles: 512
nr_of_strided_rec: 256
nr_doubles: 512
nr_of_strided_rec: 256
nr_doubles: 512
nr_of_strided_rec: 256
nr_doubles: 512
nr_of_strided_rec: 256
nr_doubles: 512
nr_of_strided_rec: 256
nr_doubles: 512
nr_of_strided_rec: 256
nr_doubles: 512
nr_of_strided_rec: 256
nr_doubles: 512
nr_of_strided_rec: 256
nr_doubles: 512
nr_of_strided_rec: 256
nr_doubles: 512
nr_of_strided_rec: 256
nr_doubles: 512
nr_of_strided_rec: 256
nr_doubles: 512
nr_of_strided_rec: 256
nr_doubles: 512
nr_of_strided_rec: 256
nr_doubles: 512
nr_of_strided_rec: 256
nr_doubles: 512
nr_of_strided_rec: 256
nr_doubles: 512
nr_of_strided_rec: 256
nr_doubles: 512
nr_of_strided_rec: 256
nr_doubles: 512
nr_of_strided_rec: 256
nr_doubles: 512
nr_of_strided_rec: 256
nr_doubles: 512
nr_of_strided_rec: 256
nr_doubles: 512
nr_of_strided_rec: 256
nr_doubles: 512
nr_of_strided_rec: 256
nr_doubles: 512
nr_of_strided_rec: 256
nr_doubles: 512
nr_of_strided_rec: 256
nr_doubles: 512
nr_of_strided_rec: 256
