fclose PID:36110 fd:3
fclose PID:36110 fd:4
fclose PID:36110 fd:4
fclose PID:36110 fd:3
available: 2 nodes (0-1)
fclose PID:36110 fd:3
node 0 cpus:fclose PID:36110 fd:3
 0 1 2 3 4 5 6 7 8 9 20 21 22 23 24 25 26 27 28 29
node 0 size: 80440 MB
node 0 free: 80122 MB
fclose PID:36110 fd:3
node 1 cpus:fclose PID:36110 fd:3
 10 11 12 13 14 15 16 17 18 19 30 31 32 33 34 35 36 37 38 39
node 1 size: 80635 MB
node 1 free: 80370 MB
fclose PID:36110 fd:3
fclose PID:36110 fd:3
node distances:
node   0   1 
  0:  10  21 
  1:  21  10 
READAHEAD_TIME:0.000000 us
MaxRSS= 2260 KB, SharedMem= 0 KB, HardPageFault= 10
fclose PID:36130 fd:8
fclose PID:36124 fd:8
fclose PID:36125 fd:8
fclose PID:36129 fd:8
fclose PID:36117 fd:8
fclose PID:36118 fd:8
fclose PID:36115 fd:12
fclose PID:36116 fd:10
fclose PID:36121 fd:8
fclose PID:36128 fd:8
fclose PID:36120 fd:8
fclose PID:36126 fd:8
fclose PID:36123 fd:8
fclose PID:36127 fd:8
fclose PID:36119 fd:8
fclose PID:36122 fd:8

MADbench 2.0 IO-mode
no_pe = 16  no_pix = 4096  no_bin = 30  no_gang = 1 sblocksize = 8  fblocksize = 64  r_mod = 1  w_mod = 1 record_size=524288 stride=7


IOMETHOD = POSIX  IOMODE = SYNC  FILETYPE = UNIQUE  REMAP = CUSTOMbuild_S
build_S
build_S
build_S
build_S
build_S
build_S
build_S
build_S
build_S
build_S
build_S
build_S
build_S
build_S
build_S

Write the data to file:8388608 bytes
***********WAITING************

Write the data to file:8388608 bytes
***********WAITING************

Write the data to file:8388608 bytes
***********WAITING************

Write the data to file:8388608 bytes
***********WAITING************

Write the data to file:8388608 bytes
***********WAITING************

Write the data to file:8388608 bytes
***********WAITING************

Write the data to file:8388608 bytes
***********WAITING************

Write the data to file:8388608 bytes
***********WAITING************

Write the data to file:8388608 bytes
***********WAITING************

Write the data to file:8388608 bytes
***********WAITING************

Write the data to file:8388608 bytes
***********WAITING************

Write the data to file:8388608 bytes
***********WAITING************

Write the data to file:8388608 bytes
***********WAITING************

Write the data to file:8388608 bytes
***********WAITING************

Write the data to file:8388608 bytes
***********WAITING************

Write the data to file:8388608 bytes
***********WAITING************

Write the data to file:8388608 bytes
***********WAITING************

Write the data to file:8388608 bytes
***********WAITING************

Write the data to file:8388608 bytes
***********WAITING************

Write the data to file:8388608 bytes
***********WAITING************

Write the data to file:8388608 bytes
***********WAITING************

Write the data to file:8388608 bytes
***********WAITING************

Write the data to file:8388608 bytes
***********WAITING************

Write the data to file:8388608 bytes
***********WAITING************

Write the data to file:8388608 bytes
***********WAITING************

Write the data to file:8388608 bytes
***********WAITING************

Write the data to file:8388608 bytes
***********WAITING************

Write the data to file:8388608 bytes
***********WAITING************

Write the data to file:8388608 bytes
***********WAITING************

Write the data to file:8388608 bytes
***********WAITING************

Write the data to file:8388608 bytes
***********WAITING************

Write the data to file:8388608 bytes
***********WAITING************

Write the data to file:8388608 bytes
***********WAITING************

Write the data to file:8388608 bytes
***********WAITING************

Write the data to file:8388608 bytes
***********WAITING************

Write the data to file:8388608 bytes
***********WAITING************

Write the data to file:8388608 bytes
***********WAITING************

Write the data to file:8388608 bytes
***********WAITING************

Write the data to file:8388608 bytes
***********WAITING************

Write the data to file:8388608 bytes
***********WAITING************

Write the data to file:8388608 bytes
***********WAITING************

Write the data to file:8388608 bytes
***********WAITING************

Write the data to file:8388608 bytes
***********WAITING************

Write the data to file:8388608 bytes
***********WAITING************

Write the data to file:8388608 bytes
***********WAITING************

Write the data to file:8388608 bytes
***********WAITING************

Write the data to file:8388608 bytes
***********WAITING************

Write the data to file:8388608 bytes
***********WAITING************

Write the data to file:8388608 bytes
***********WAITING************

Write the data to file:8388608 bytes
***********WAITING************

Write the data to file:8388608 bytes
***********WAITING************

Write the data to file:8388608 bytes
***********WAITING************

Write the data to file:8388608 bytes
***********WAITING************

Write the data to file:8388608 bytes
***********WAITING************

Write the data to file:8388608 bytes
***********WAITING************

Write the data to file:8388608 bytes
***********WAITING************

Write the data to file:8388608 bytes
***********WAITING************

Write the data to file:8388608 bytes
***********WAITING************

Write the data to file:8388608 bytes
***********WAITING************

Write the data to file:8388608 bytes
***********WAITING************

Write the data to file:8388608 bytes
***********WAITING************

Write the data to file:8388608 bytes
***********WAITING************

Write the data to file:8388608 bytes
***********WAITING************

Write the data to file:8388608 bytes
***********WAITING************

Write the data to file:8388608 bytes
***********WAITING************

Write the data to file:8388608 bytes
***********WAITING************

Write the data to file:8388608 bytes
***********WAITING************

Write the data to file:8388608 bytes
***********WAITING************

Write the data to file:8388608 bytes
***********WAITING************

Write the data to file:8388608 bytes
***********WAITING************

Write the data to file:8388608 bytes
***********WAITING************

Write the data to file:8388608 bytes
***********WAITING************

Write the data to file:8388608 bytes
***********WAITING************

Write the data to file:8388608 bytes
***********WAITING************

Write the data to file:8388608 bytes
***********WAITING************

Write the data to file:8388608 bytes
***********WAITING************

Write the data to file:8388608 bytes
***********WAITING************

Write the data to file:8388608 bytes
***********WAITING************

Write the data to file:8388608 bytes
***********WAITING************

Write the data to file:8388608 bytes
***********WAITING************

Write the data to file:8388608 bytes
***********WAITING************

Write the data to file:8388608 bytes
***********WAITING************

Write the data to file:8388608 bytes
***********WAITING************

Write the data to file:8388608 bytes
***********WAITING************

Write the data to file:8388608 bytes
***********WAITING************

Write the data to file:8388608 bytes
***********WAITING************

Write the data to file:8388608 bytes
***********WAITING************

Write the data to file:8388608 bytes
***********WAITING************

Write the data to file:8388608 bytes
***********WAITING************

Write the data to file:8388608 bytes
***********WAITING************

Write the data to file:8388608 bytes
***********WAITING************

Write the data to file:8388608 bytes
***********WAITING************

Write the data to file:8388608 bytes
***********WAITING************

Write the data to file:8388608 bytes
***********WAITING************

Write the data to file:8388608 bytes
***********WAITING************

Write the data to file:8388608 bytes
***********WAITING************

Write the data to file:8388608 bytes
***********WAITING************

Write the data to file:8388608 bytes
***********WAITING************

Write the data to file:8388608 bytes
***********WAITING************

Write the data to file:8388608 bytes
***********WAITING************

Write the data to file:8388608 bytes
***********WAITING************

Write the data to file:8388608 bytes
***********WAITING************

Write the data to file:8388608 bytes
***********WAITING************

Write the data to file:8388608 bytes
***********WAITING************

Write the data to file:8388608 bytes
***********WAITING************

Write the data to file:8388608 bytes
***********WAITING************

Write the data to file:8388608 bytes
***********WAITING************

Write the data to file:8388608 bytes
***********WAITING************

Write the data to file:8388608 bytes
***********WAITING************

Write the data to file:8388608 bytes
***********WAITING************

Write the data to file:8388608 bytes
***********WAITING************

Write the data to file:8388608 bytes
***********WAITING************

Write the data to file:8388608 bytes
***********WAITING************

Write the data to file:8388608 bytes
***********WAITING************

Write the data to file:8388608 bytes
***********WAITING************

Write the data to file:8388608 bytes
***********WAITING************

Write the data to file:8388608 bytes
***********WAITING************

Write the data to file:8388608 bytes
***********WAITING************

Write the data to file:8388608 bytes
***********WAITING************

Write the data to file:8388608 bytes
***********WAITING************

Write the data to file:8388608 bytes
***********WAITING************

Write the data to file:8388608 bytes
***********WAITING************

Write the data to file:8388608 bytes
***********WAITING************

Write the data to file:8388608 bytes
***********WAITING************

Write the data to file:8388608 bytes
***********WAITING************

Write the data to file:8388608 bytes
***********WAITING************

Write the data to file:8388608 bytes
***********WAITING************

Write the data to file:8388608 bytes
***********WAITING************

Write the data to file:8388608 bytes
***********WAITING************

Write the data to file:8388608 bytes
***********WAITING************

Write the data to file:8388608 bytes
***********WAITING************

Write the data to file:8388608 bytes
***********WAITING************

Write the data to file:8388608 bytes
***********WAITING************

Write the data to file:8388608 bytes
***********WAITING************

Write the data to file:8388608 bytes
***********WAITING************

Write the data to file:8388608 bytes
***********WAITING************

Write the data to file:8388608 bytes
***********WAITING************

Write the data to file:8388608 bytes
***********WAITING************

Write the data to file:8388608 bytes
***********WAITING************

Write the data to file:8388608 bytes
***********WAITING************

Write the data to file:8388608 bytes
***********WAITING************

Write the data to file:8388608 bytes
***********WAITING************

Write the data to file:8388608 bytes
***********WAITING************

Write the data to file:8388608 bytes
***********WAITING************

Write the data to file:8388608 bytes
***********WAITING************

Write the data to file:8388608 bytes
***********WAITING************

Write the data to file:8388608 bytes
***********WAITING************

Write the data to file:8388608 bytes
***********WAITING************

Write the data to file:8388608 bytes
***********WAITING************

Write the data to file:8388608 bytes
***********WAITING************

Write the data to file:8388608 bytes
***********WAITING************

Write the data to file:8388608 bytes
***********WAITING************

Write the data to file:8388608 bytes
***********WAITING************

Write the data to file:8388608 bytes
***********WAITING************

Write the data to file:8388608 bytes
***********WAITING************

Write the data to file:8388608 bytes
***********WAITING************

Write the data to file:8388608 bytes
***********WAITING************

Write the data to file:8388608 bytes
***********WAITING************

Write the data to file:8388608 bytes
***********WAITING************

Write the data to file:8388608 bytes
***********WAITING************

Write the data to file:8388608 bytes
***********WAITING************

Write the data to file:8388608 bytes
***********WAITING************

Write the data to file:8388608 bytes
***********WAITING************

Write the data to file:8388608 bytes
***********WAITING************

Write the data to file:8388608 bytes
***********WAITING************

Write the data to file:8388608 bytes
***********WAITING************

Write the data to file:8388608 bytes
***********WAITING************

Write the data to file:8388608 bytes
***********WAITING************

Write the data to file:8388608 bytes
***********WAITING************

Write the data to file:8388608 bytes
***********WAITING************

Write the data to file:8388608 bytes
***********WAITING************

Write the data to file:8388608 bytes
***********WAITING************

Write the data to file:8388608 bytes
***********WAITING************

Write the data to file:8388608 bytes
***********WAITING************

Write the data to file:8388608 bytes
***********WAITING************

Write the data to file:8388608 bytes
***********WAITING************

Write the data to file:8388608 bytes
***********WAITING************

Write the data to file:8388608 bytes
***********WAITING************

Write the data to file:8388608 bytes
***********WAITING************

Write the data to file:8388608 bytes
***********WAITING************

Write the data to file:8388608 bytes
***********WAITING************

Write the data to file:8388608 bytes
***********WAITING************

Write the data to file:8388608 bytes
***********WAITING************

Write the data to file:8388608 bytes
***********WAITING************

Write the data to file:8388608 bytes
***********WAITING************

Write the data to file:8388608 bytes
***********WAITING************

Write the data to file:8388608 bytes
***********WAITING************

Write the data to file:8388608 bytes
***********WAITING************

Write the data to file:8388608 bytes
***********WAITING************

Write the data to file:8388608 bytes
***********WAITING************

Write the data to file:8388608 bytes
***********WAITING************

Write the data to file:8388608 bytes
***********WAITING************

Write the data to file:8388608 bytes
***********WAITING************

Write the data to file:8388608 bytes
***********WAITING************

Write the data to file:8388608 bytes
***********WAITING************

Write the data to file:8388608 bytes
***********WAITING************

Write the data to file:8388608 bytes
***********WAITING************

Write the data to file:8388608 bytes
***********WAITING************

Write the data to file:8388608 bytes
***********WAITING************

Write the data to file:8388608 bytes
***********WAITING************

Write the data to file:8388608 bytes
***********WAITING************

Write the data to file:8388608 bytes
***********WAITING************

Write the data to file:8388608 bytes
***********WAITING************

Write the data to file:8388608 bytes
***********WAITING************

Write the data to file:8388608 bytes
***********WAITING************

Write the data to file:8388608 bytes
***********WAITING************

Write the data to file:8388608 bytes
***********WAITING************

Write the data to file:8388608 bytes
***********WAITING************

Write the data to file:8388608 bytes
***********WAITING************

Write the data to file:8388608 bytes
***********WAITING************

Write the data to file:8388608 bytes
***********WAITING************

Write the data to file:8388608 bytes
***********WAITING************

Write the data to file:8388608 bytes
***********WAITING************

Write the data to file:8388608 bytes
***********WAITING************

Write the data to file:8388608 bytes
***********WAITING************

Write the data to file:8388608 bytes
***********WAITING************

Write the data to file:8388608 bytes
***********WAITING************

Write the data to file:8388608 bytes
***********WAITING************

Write the data to file:8388608 bytes
***********WAITING************

Write the data to file:8388608 bytes
***********WAITING************

Write the data to file:8388608 bytes
***********WAITING************

Write the data to file:8388608 bytes
***********WAITING************

Write the data to file:8388608 bytes
***********WAITING************

Write the data to file:8388608 bytes
***********WAITING************

Write the data to file:8388608 bytes
***********WAITING************

Write the data to file:8388608 bytes
***********WAITING************

Write the data to file:8388608 bytes
***********WAITING************

Write the data to file:8388608 bytes
***********WAITING************

Write the data to file:8388608 bytes
***********WAITING************

Write the data to file:8388608 bytes
***********WAITING************

Write the data to file:8388608 bytes
***********WAITING************

Write the data to file:8388608 bytes
***********WAITING************

Write the data to file:8388608 bytes
***********WAITING************

Write the data to file:8388608 bytes
***********WAITING************

Write the data to file:8388608 bytes
***********WAITING************

Write the data to file:8388608 bytes
***********WAITING************

Write the data to file:8388608 bytes
***********WAITING************

Write the data to file:8388608 bytes
***********WAITING************

Write the data to file:8388608 bytes
***********WAITING************

Write the data to file:8388608 bytes
***********WAITING************

Write the data to file:8388608 bytes
***********WAITING************

Write the data to file:8388608 bytes
***********WAITING************

Write the data to file:8388608 bytes
***********WAITING************

Write the data to file:8388608 bytes
***********WAITING************

Write the data to file:8388608 bytes
***********WAITING************

Write the data to file:8388608 bytes
***********WAITING************

Write the data to file:8388608 bytes
***********WAITING************

Write the data to file:8388608 bytes
***********WAITING************

Write the data to file:8388608 bytes
***********WAITING************

Write the data to file:8388608 bytes
***********WAITING************

Write the data to file:8388608 bytes
***********WAITING************

Write the data to file:8388608 bytes
***********WAITING************

Write the data to file:8388608 bytes
***********WAITING************

Write the data to file:8388608 bytes
***********WAITING************

Write the data to file:8388608 bytes
***********WAITING************

Write the data to file:8388608 bytes
***********WAITING************

Write the data to file:8388608 bytes
***********WAITING************

Write the data to file:8388608 bytes
***********WAITING************

Write the data to file:8388608 bytes
***********WAITING************

Write the data to file:8388608 bytes
***********WAITING************

Write the data to file:8388608 bytes
***********WAITING************

Write the data to file:8388608 bytes
***********WAITING************

Write the data to file:8388608 bytes
***********WAITING************

Write the data to file:8388608 bytes
***********WAITING************

Write the data to file:8388608 bytes
***********WAITING************

Write the data to file:8388608 bytes
***********WAITING************

Write the data to file:8388608 bytes
***********WAITING************

Write the data to file:8388608 bytes
***********WAITING************

Write the data to file:8388608 bytes
***********WAITING************

Write the data to file:8388608 bytes
***********WAITING************

Write the data to file:8388608 bytes
***********WAITING************

Write the data to file:8388608 bytes
***********WAITING************

Write the data to file:8388608 bytes
***********WAITING************

Write the data to file:8388608 bytes
***********WAITING************

Write the data to file:8388608 bytes
***********WAITING************

Write the data to file:8388608 bytes
***********WAITING************

Write the data to file:8388608 bytes
***********WAITING************

Write the data to file:8388608 bytes
***********WAITING************

Write the data to file:8388608 bytes
***********WAITING************

Write the data to file:8388608 bytes
***********WAITING************

Write the data to file:8388608 bytes
***********WAITING************

Write the data to file:8388608 bytes
***********WAITING************

Write the data to file:8388608 bytes
***********WAITING************

Write the data to file:8388608 bytes
***********WAITING************

Write the data to file:8388608 bytes
***********WAITING************

Write the data to file:8388608 bytes
***********WAITING************

Write the data to file:8388608 bytes
***********WAITING************

Write the data to file:8388608 bytes
***********WAITING************

Write the data to file:8388608 bytes
***********WAITING************

Write the data to file:8388608 bytes
***********WAITING************

Write the data to file:8388608 bytes
***********WAITING************

Write the data to file:8388608 bytes
***********WAITING************

Write the data to file:8388608 bytes
***********WAITING************

Write the data to file:8388608 bytes
***********WAITING************

Write the data to file:8388608 bytes
***********WAITING************

Write the data to file:8388608 bytes
***********WAITING************

Write the data to file:8388608 bytes
***********WAITING************

Write the data to file:8388608 bytes
***********WAITING************

Write the data to file:8388608 bytes
***********WAITING************

Write the data to file:8388608 bytes
***********WAITING************

Write the data to file:8388608 bytes
***********WAITING************

Write the data to file:8388608 bytes
***********WAITING************

Write the data to file:8388608 bytes
***********WAITING************

Write the data to file:8388608 bytes
***********WAITING************

Write the data to file:8388608 bytes
***********WAITING************

Write the data to file:8388608 bytes
***********WAITING************

Write the data to file:8388608 bytes
***********WAITING************

Write the data to file:8388608 bytes
***********WAITING************

Write the data to file:8388608 bytes
***********WAITING************

Write the data to file:8388608 bytes
***********WAITING************

Write the data to file:8388608 bytes
***********WAITING************

Write the data to file:8388608 bytes
***********WAITING************

Write the data to file:8388608 bytes
***********WAITING************

Write the data to file:8388608 bytes
***********WAITING************

Write the data to file:8388608 bytes
***********WAITING************

Write the data to file:8388608 bytes
***********WAITING************

Write the data to file:8388608 bytes
***********WAITING************

Write the data to file:8388608 bytes
***********WAITING************

Write the data to file:8388608 bytes
***********WAITING************

Write the data to file:8388608 bytes
***********WAITING************

Write the data to file:8388608 bytes
***********WAITING************

Write the data to file:8388608 bytes
***********WAITING************

Write the data to file:8388608 bytes
***********WAITING************

Write the data to file:8388608 bytes
***********WAITING************

Write the data to file:8388608 bytes
***********WAITING************

Write the data to file:8388608 bytes
***********WAITING************

Write the data to file:8388608 bytes
***********WAITING************

Write the data to file:8388608 bytes
***********WAITING************

Write the data to file:8388608 bytes
***********WAITING************

Write the data to file:8388608 bytes
***********WAITING************

Write the data to file:8388608 bytes
***********WAITING************

Write the data to file:8388608 bytes
***********WAITING************

Write the data to file:8388608 bytes
***********WAITING************

Write the data to file:8388608 bytes
***********WAITING************

Write the data to file:8388608 bytes
***********WAITING************

Write the data to file:8388608 bytes
***********WAITING************

Write the data to file:8388608 bytes
***********WAITING************

Write the data to file:8388608 bytes
***********WAITING************

Write the data to file:8388608 bytes
***********WAITING************

Write the data to file:8388608 bytes
***********WAITING************

Write the data to file:8388608 bytes
***********WAITING************

Write the data to file:8388608 bytes
***********WAITING************

Write the data to file:8388608 bytes
***********WAITING************

Write the data to file:8388608 bytes
***********WAITING************

Write the data to file:8388608 bytes
***********WAITING************

Write the data to file:8388608 bytes
***********WAITING************

Write the data to file:8388608 bytes
***********WAITING************

Write the data to file:8388608 bytes
***********WAITING************

Write the data to file:8388608 bytes
***********WAITING************

Write the data to file:8388608 bytes
***********WAITING************

Write the data to file:8388608 bytes
***********WAITING************

Write the data to file:8388608 bytes
***********WAITING************

Write the data to file:8388608 bytes
***********WAITING************

Write the data to file:8388608 bytes
***********WAITING************

Write the data to file:8388608 bytes
***********WAITING************

Write the data to file:8388608 bytes
***********WAITING************

Write the data to file:8388608 bytes
***********WAITING************

Write the data to file:8388608 bytes
***********WAITING************

Write the data to file:8388608 bytes
***********WAITING************

Write the data to file:8388608 bytes
***********WAITING************

Write the data to file:8388608 bytes
***********WAITING************

Write the data to file:8388608 bytes
***********WAITING************

Write the data to file:8388608 bytes
***********WAITING************

Write the data to file:8388608 bytes
***********WAITING************

Write the data to file:8388608 bytes
***********WAITING************

Write the data to file:8388608 bytes
***********WAITING************

Write the data to file:8388608 bytes
***********WAITING************

Write the data to file:8388608 bytes
***********WAITING************

Write the data to file:8388608 bytes
***********WAITING************

Write the data to file:8388608 bytes
***********WAITING************

Write the data to file:8388608 bytes
***********WAITING************

Write the data to file:8388608 bytes
***********WAITING************

Write the data to file:8388608 bytes
***********WAITING************

Write the data to file:8388608 bytes
***********WAITING************

Write the data to file:8388608 bytes
***********WAITING************

Write the data to file:8388608 bytes
***********WAITING************

Write the data to file:8388608 bytes
***********WAITING************

Write the data to file:8388608 bytes
***********WAITING************

Write the data to file:8388608 bytes
***********WAITING************

Write the data to file:8388608 bytes
***********WAITING************

Write the data to file:8388608 bytes
***********WAITING************

Write the data to file:8388608 bytes
***********WAITING************

Write the data to file:8388608 bytes
***********WAITING************

Write the data to file:8388608 bytes
***********WAITING************

Write the data to file:8388608 bytes
***********WAITING************

Write the data to file:8388608 bytes
***********WAITING************

Write the data to file:8388608 bytes
***********WAITING************

Write the data to file:8388608 bytes
***********WAITING************

Write the data to file:8388608 bytes
***********WAITING************

Write the data to file:8388608 bytes
***********WAITING************

Write the data to file:8388608 bytes
***********WAITING************

Write the data to file:8388608 bytes
***********WAITING************

Write the data to file:8388608 bytes
***********WAITING************

Write the data to file:8388608 bytes
***********WAITING************

Write the data to file:8388608 bytes
***********WAITING************

Write the data to file:8388608 bytes
***********WAITING************

Write the data to file:8388608 bytes
***********WAITING************

Write the data to file:8388608 bytes
***********WAITING************

Write the data to file:8388608 bytes
***********WAITING************

Write the data to file:8388608 bytes
***********WAITING************

Write the data to file:8388608 bytes
***********WAITING************

Write the data to file:8388608 bytes
***********WAITING************

Write the data to file:8388608 bytes
***********WAITING************

Write the data to file:8388608 bytes
***********WAITING************

Write the data to file:8388608 bytes
***********WAITING************

Write the data to file:8388608 bytes
***********WAITING************

Write the data to file:8388608 bytes
***********WAITING************

Write the data to file:8388608 bytes
***********WAITING************

Write the data to file:8388608 bytes
***********WAITING************

Write the data to file:8388608 bytes
***********WAITING************

Write the data to file:8388608 bytes
***********WAITING************

Write the data to file:8388608 bytes
***********WAITING************

Write the data to file:8388608 bytes
***********WAITING************

Write the data to file:8388608 bytes
***********WAITING************

Write the data to file:8388608 bytes
***********WAITING************

Write the data to file:8388608 bytes
***********WAITING************

Write the data to file:8388608 bytes
***********WAITING************

Write the data to file:8388608 bytes
***********WAITING************

Write the data to file:8388608 bytes
***********WAITING************

Write the data to file:8388608 bytes
***********WAITING************

Write the data to file:8388608 bytes
***********WAITING************

Write the data to file:8388608 bytes
***********WAITING************

Write the data to file:8388608 bytes
***********WAITING************

Write the data to file:8388608 bytes
***********WAITING************

Write the data to file:8388608 bytes
***********WAITING************

Write the data to file:8388608 bytes
***********WAITING************

Write the data to file:8388608 bytes
***********WAITING************

Write the data to file:8388608 bytes
***********WAITING************

Write the data to file:8388608 bytes
***********WAITING************

Write the data to file:8388608 bytes
***********WAITING************

Write the data to file:8388608 bytes
***********WAITING************

Write the data to file:8388608 bytes
***********WAITING************

Write the data to file:8388608 bytes
***********WAITING************

Write the data to file:8388608 bytes
***********WAITING************

Write the data to file:8388608 bytes
***********WAITING************

Write the data to file:8388608 bytes
***********WAITING************

Write the data to file:8388608 bytes
***********WAITING************

Write the data to file:8388608 bytes
***********WAITING************

Write the data to file:8388608 bytes
***********WAITING************

Write the data to file:8388608 bytes
***********WAITING************

Write the data to file:8388608 bytes
***********WAITING************

Write the data to file:8388608 bytes
***********WAITING************

Write the data to file:8388608 bytes
***********WAITING************

Write the data to file:8388608 bytes
***********WAITING************

Write the data to file:8388608 bytes
***********WAITING************

Write the data to file:8388608 bytes
***********WAITING************

Write the data to file:8388608 bytes
***********WAITING************

Write the data to file:8388608 bytes
***********WAITING************

Write the data to file:8388608 bytes
***********WAITING************

Write the data to file:8388608 bytes
***********WAITING************

Write the data to file:8388608 bytes
***********WAITING************

Write the data to file:8388608 bytes
***********WAITING************

Write the data to file:8388608 bytes
***********WAITING************

Write the data to file:8388608 bytes
***********WAITING************

Write the data to file:8388608 bytes
***********WAITING************

Write the data to file:8388608 bytes
***********WAITING************

Write the data to file:8388608 bytes
***********WAITING************

Write the data to file:8388608 bytes
***********WAITING************

Write the data to file:8388608 bytes
***********WAITING************

Write the data to file:8388608 bytes
***********WAITING************

Write the data to file:8388608 bytes
***********WAITING************

Write the data to file:8388608 bytes
***********WAITING************

Write the data to file:8388608 bytes
***********WAITING************

Write the data to file:8388608 bytes
***********WAITING************

Write the data to file:8388608 bytes
***********WAITING************

Write the data to file:8388608 bytes
***********WAITING************

Write the data to file:8388608 bytes
***********WAITING************

Write the data to file:8388608 bytes
***********WAITING************

Write the data to file:8388608 bytes
***********WAITING************

Write the data to file:8388608 bytes
***********WAITING************

Write the data to file:8388608 bytes
***********WAITING************

Write the data to file:8388608 bytes
***********WAITING************

Write the data to file:8388608 bytes
***********WAITING************

Write the data to file:8388608 bytes
***********WAITING************

Write the data to file:8388608 bytes
***********WAITING************

Write the data to file:8388608 bytes
***********WAITING************

Write the data to file:8388608 bytes
***********WAITING************

Write the data to file:8388608 bytes
***********WAITING************

Write the data to file:8388608 bytes
***********WAITING************

Write the data to file:8388608 bytes
***********WAITING************
S_cc         0.25   [      0.25:      0.25]
S_bw         0.07   [      0.07:      0.07]
S_w          6.47   [      6.47:      6.47]
          -------
S_total      6.79   [      6.79:      6.79]

build_S done
calc_W
build_S done
calc_W
nr_of_strided_rec: 2
nr_doubles: 65536
build_S done
calc_W
nr_of_strided_rec: 2
nr_doubles: 65536
build_S done
calc_W
nr_of_strided_rec: 2
nr_doubles: 65536
build_S done
calc_W
nr_of_strided_rec: 2
nr_doubles: 65536
build_S done
calc_W
nr_of_strided_rec: 2
nr_doubles: 65536
build_S done
calc_W
nr_of_strided_rec: 2
nr_doubles: 65536
build_S done
calc_W
nr_of_strided_rec: 2
nr_doubles: 65536
build_S done
calc_W
nr_of_strided_rec: 2
nr_doubles: 65536
build_S done
calc_W
nr_of_strided_rec: 2
nr_doubles: 65536
build_S done
calc_W
nr_of_strided_rec: 2
nr_doubles: 65536
build_S done
calc_W
nr_of_strided_rec: 2
nr_doubles: 65536
build_S done
calc_W
nr_of_strided_rec: 2
nr_doubles: 65536
build_S done
calc_W
nr_of_strided_rec: 2
nr_doubles: 65536
build_S done
calc_W
nr_of_strided_rec: 2
nr_doubles: 65536
build_S done
calc_W
nr_of_strided_rec: 2
nr_doubles: 65536
nr_of_strided_rec: 2
nr_doubles: 65536
nr_of_strided_rec: 2
nr_doubles: 65536
nr_of_strided_rec: 2
nr_doubles: 65536
nr_of_strided_rec: 2
nr_doubles: 65536
nr_of_strided_rec: 2
nr_doubles: 65536
nr_of_strided_rec: 2
nr_doubles: 65536
nr_of_strided_rec: 2
nr_doubles: 65536
nr_of_strided_rec: 2
nr_doubles: 65536
nr_of_strided_rec: 2
nr_doubles: 65536
nr_of_strided_rec: 2
nr_doubles: 65536
nr_of_strided_rec: 2
nr_doubles: 65536
nr_of_strided_rec: 2
nr_doubles: 65536
nr_of_strided_rec: 2
nr_doubles: 65536
nr_of_strided_rec: 2
nr_doubles: 65536
nr_of_strided_rec: 2
nr_doubles: 65536
nr_of_strided_rec: 2
nr_doubles: 65536
nr_of_strided_rec: 2
nr_doubles: 65536

Write the data to file:8388608 bytes
***********WAITING************

Write the data to file:8388608 bytes
***********WAITING************

Write the data to file:8388608 bytes
***********WAITING************

Write the data to file:8388608 bytes
***********WAITING************

Write the data to file:8388608 bytes
***********WAITING************

Write the data to file:8388608 bytes
***********WAITING************

Write the data to file:8388608 bytes
***********WAITING************

Write the data to file:8388608 bytes
***********WAITING************

Write the data to file:8388608 bytes
***********WAITING************

Write the data to file:8388608 bytes
***********WAITING************

Write the data to file:8388608 bytes
***********WAITING************

Write the data to file:8388608 bytes
***********WAITING************

Write the data to file:8388608 bytes
***********WAITING************

Write the data to file:8388608 bytes
***********WAITING************

Write the data to file:8388608 bytes
***********WAITING************

Write the data to file:8388608 bytes
***********WAITING************
nr_of_strided_rec: 2
nr_doubles: 65536
nr_of_strided_rec: 2
nr_doubles: 65536
nr_of_strided_rec: 2
nr_doubles: 65536
nr_of_strided_rec: 2
nr_doubles: 65536
nr_of_strided_rec: 2
nr_doubles: 65536
nr_of_strided_rec: 2
nr_doubles: 65536
nr_of_strided_rec: 2
nr_doubles: 65536
nr_of_strided_rec: 2
nr_doubles: 65536
nr_of_strided_rec: 2
nr_doubles: 65536
nr_of_strided_rec: 2
nr_doubles: 65536
nr_of_strided_rec: 2
nr_doubles: 65536
nr_of_strided_rec: 2
nr_doubles: 65536
nr_of_strided_rec: 2
nr_doubles: 65536
nr_of_strided_rec: 2
nr_doubles: 65536
nr_of_strided_rec: 2
nr_doubles: 65536
nr_of_strided_rec: 2
nr_doubles: 65536

Write the data to file:8388608 bytes
***********WAITING************

Write the data to file:8388608 bytes
***********WAITING************

Write the data to file:8388608 bytes
***********WAITING************

Write the data to file:8388608 bytes
***********WAITING************

Write the data to file:8388608 bytes
***********WAITING************

Write the data to file:8388608 bytes
***********WAITING************

Write the data to file:8388608 bytes
***********WAITING************

Write the data to file:8388608 bytes
***********WAITING************

Write the data to file:8388608 bytes
***********WAITING************

Write the data to file:8388608 bytes
***********WAITING************

Write the data to file:8388608 bytes
***********WAITING************

Write the data to file:8388608 bytes
***********WAITING************

Write the data to file:8388608 bytes
***********WAITING************

Write the data to file:8388608 bytes
***********WAITING************

Write the data to file:8388608 bytes
***********WAITING************

Write the data to file:8388608 bytes
***********WAITING************
nr_of_strided_rec: 2
nr_doubles: 65536
nr_of_strided_rec: 2
nr_doubles: 65536
nr_of_strided_rec: 2
nr_doubles: 65536
nr_of_strided_rec: 2
nr_doubles: 65536
nr_of_strided_rec: 2
nr_doubles: 65536
nr_of_strided_rec: 2
nr_doubles: 65536
nr_of_strided_rec: 2
nr_doubles: 65536
nr_of_strided_rec: 2
nr_doubles: 65536
nr_of_strided_rec: 2
nr_doubles: 65536
nr_of_strided_rec: 2
nr_doubles: 65536
nr_of_strided_rec: 2
nr_doubles: 65536
nr_of_strided_rec: 2
nr_doubles: 65536
nr_of_strided_rec: 2
nr_doubles: 65536
nr_of_strided_rec: 2
nr_doubles: 65536
nr_of_strided_rec: 2
nr_doubles: 65536
nr_of_strided_rec: 2
nr_doubles: 65536

Write the data to file:8388608 bytes
***********WAITING************

Write the data to file:8388608 bytes
***********WAITING************

Write the data to file:8388608 bytes
***********WAITING************

Write the data to file:8388608 bytes
***********WAITING************

Write the data to file:8388608 bytes
***********WAITING************

Write the data to file:8388608 bytes
***********WAITING************

Write the data to file:8388608 bytes
***********WAITING************

Write the data to file:8388608 bytes
***********WAITING************

Write the data to file:8388608 bytes
***********WAITING************

Write the data to file:8388608 bytes
***********WAITING************

Write the data to file:8388608 bytes
***********WAITING************

Write the data to file:8388608 bytes
***********WAITING************

Write the data to file:8388608 bytes
***********WAITING************

Write the data to file:8388608 bytes
***********WAITING************

Write the data to file:8388608 bytes
***********WAITING************

Write the data to file:8388608 bytes
***********WAITING************
nr_of_strided_rec: 2
nr_doubles: 65536
nr_of_strided_rec: 2
nr_doubles: 65536
nr_of_strided_rec: 2
nr_doubles: 65536
nr_of_strided_rec: 2
nr_doubles: 65536
nr_of_strided_rec: 2
nr_doubles: 65536
nr_of_strided_rec: 2
nr_doubles: 65536
nr_of_strided_rec: 2
nr_doubles: 65536
nr_of_strided_rec: 2
nr_doubles: 65536
nr_of_strided_rec: 2
nr_doubles: 65536
nr_of_strided_rec: 2
nr_doubles: 65536
nr_of_strided_rec: 2
nr_doubles: 65536
nr_of_strided_rec: 2
nr_doubles: 65536
nr_of_strided_rec: 2
nr_doubles: 65536
nr_of_strided_rec: 2
nr_doubles: 65536
nr_of_strided_rec: 2
nr_doubles: 65536
nr_of_strided_rec: 2
nr_doubles: 65536

Write the data to file:8388608 bytes
***********WAITING************

Write the data to file:8388608 bytes
***********WAITING************

Write the data to file:8388608 bytes
***********WAITING************

Write the data to file:8388608 bytes
***********WAITING************

Write the data to file:8388608 bytes
***********WAITING************

Write the data to file:8388608 bytes
***********WAITING************

Write the data to file:8388608 bytes
***********WAITING************

Write the data to file:8388608 bytes
***********WAITING************

Write the data to file:8388608 bytes
***********WAITING************

Write the data to file:8388608 bytes
***********WAITING************

Write the data to file:8388608 bytes
***********WAITING************

Write the data to file:8388608 bytes
***********WAITING************

Write the data to file:8388608 bytes
***********WAITING************

Write the data to file:8388608 bytes
***********WAITING************

Write the data to file:8388608 bytes
***********WAITING************

Write the data to file:8388608 bytes
***********WAITING************
nr_of_strided_rec: 2
nr_doubles: 65536
nr_of_strided_rec: 2
nr_doubles: 65536
nr_of_strided_rec: 2
nr_doubles: 65536
nr_of_strided_rec: 2
nr_doubles: 65536
nr_of_strided_rec: 2
nr_doubles: 65536
nr_of_strided_rec: 2
nr_doubles: 65536
nr_of_strided_rec: 2
nr_doubles: 65536
nr_of_strided_rec: 2
nr_doubles: 65536
nr_of_strided_rec: 2
nr_doubles: 65536
nr_of_strided_rec: 2
nr_doubles: 65536
nr_of_strided_rec: 2
nr_doubles: 65536
nr_of_strided_rec: 2
nr_doubles: 65536
nr_of_strided_rec: 2
nr_doubles: 65536
nr_of_strided_rec: 2
nr_doubles: 65536
nr_of_strided_rec: 2
nr_doubles: 65536
nr_of_strided_rec: 2
nr_doubles: 65536

Write the data to file:8388608 bytes
***********WAITING************

Write the data to file:8388608 bytes
***********WAITING************

Write the data to file:8388608 bytes
***********WAITING************

Write the data to file:8388608 bytes
***********WAITING************

Write the data to file:8388608 bytes
***********WAITING************

Write the data to file:8388608 bytes
***********WAITING************

Write the data to file:8388608 bytes
***********WAITING************

Write the data to file:8388608 bytes
***********WAITING************

Write the data to file:8388608 bytes
***********WAITING************

Write the data to file:8388608 bytes
***********WAITING************

Write the data to file:8388608 bytes
***********WAITING************

Write the data to file:8388608 bytes
***********WAITING************

Write the data to file:8388608 bytes
***********WAITING************

Write the data to file:8388608 bytes
***********WAITING************

Write the data to file:8388608 bytes
***********WAITING************

Write the data to file:8388608 bytes
***********WAITING************
nr_of_strided_rec: 2
nr_doubles: 65536
nr_of_strided_rec: 2
nr_doubles: 65536
nr_of_strided_rec: 2
nr_doubles: 65536
nr_of_strided_rec: 2
nr_doubles: 65536
nr_of_strided_rec: 2
nr_doubles: 65536
nr_of_strided_rec: 2
nr_doubles: 65536
nr_of_strided_rec: 2
nr_doubles: 65536
nr_of_strided_rec: 2
nr_doubles: 65536
nr_of_strided_rec: 2
nr_doubles: 65536
nr_of_strided_rec: 2
nr_doubles: 65536
nr_of_strided_rec: 2
nr_doubles: 65536
nr_of_strided_rec: 2
nr_doubles: 65536
nr_of_strided_rec: 2
nr_doubles: 65536
nr_of_strided_rec: 2
nr_doubles: 65536
nr_of_strided_rec: 2
nr_doubles: 65536
nr_of_strided_rec: 2
nr_doubles: 65536

Write the data to file:8388608 bytes
***********WAITING************

Write the data to file:8388608 bytes
***********WAITING************

Write the data to file:8388608 bytes
***********WAITING************

Write the data to file:8388608 bytes
***********WAITING************

Write the data to file:8388608 bytes
***********WAITING************

Write the data to file:8388608 bytes
***********WAITING************

Write the data to file:8388608 bytes
***********WAITING************

Write the data to file:8388608 bytes
***********WAITING************

Write the data to file:8388608 bytes
***********WAITING************

Write the data to file:8388608 bytes
***********WAITING************

Write the data to file:8388608 bytes
***********WAITING************

Write the data to file:8388608 bytes
***********WAITING************

Write the data to file:8388608 bytes
***********WAITING************

Write the data to file:8388608 bytes
***********WAITING************

Write the data to file:8388608 bytes
***********WAITING************

Write the data to file:8388608 bytes
***********WAITING************
nr_of_strided_rec: 2
nr_doubles: 65536
nr_of_strided_rec: 2
nr_doubles: 65536
nr_of_strided_rec: 2
nr_doubles: 65536
nr_of_strided_rec: 2
nr_doubles: 65536
nr_of_strided_rec: 2
nr_doubles: 65536
nr_of_strided_rec: 2
nr_doubles: 65536
nr_of_strided_rec: 2
nr_doubles: 65536
nr_of_strided_rec: 2
nr_doubles: 65536
nr_of_strided_rec: 2
nr_doubles: 65536
nr_of_strided_rec: 2
nr_doubles: 65536
nr_of_strided_rec: 2
nr_doubles: 65536
nr_of_strided_rec: 2
nr_doubles: 65536
nr_of_strided_rec: 2
nr_doubles: 65536
nr_of_strided_rec: 2
nr_doubles: 65536
nr_of_strided_rec: 2
nr_doubles: 65536
nr_of_strided_rec: 2
nr_doubles: 65536

Write the data to file:8388608 bytes
***********WAITING************

Write the data to file:8388608 bytes
***********WAITING************

Write the data to file:8388608 bytes
***********WAITING************

Write the data to file:8388608 bytes
***********WAITING************

Write the data to file:8388608 bytes
***********WAITING************

Write the data to file:8388608 bytes
***********WAITING************

Write the data to file:8388608 bytes
***********WAITING************

Write the data to file:8388608 bytes
***********WAITING************

Write the data to file:8388608 bytes
***********WAITING************

Write the data to file:8388608 bytes
***********WAITING************

Write the data to file:8388608 bytes
***********WAITING************

Write the data to file:8388608 bytes
***********WAITING************

Write the data to file:8388608 bytes
***********WAITING************

Write the data to file:8388608 bytes
***********WAITING************

Write the data to file:8388608 bytes
***********WAITING************

Write the data to file:8388608 bytes
***********WAITING************
nr_of_strided_rec: 2
nr_doubles: 65536
nr_of_strided_rec: 2
nr_doubles: 65536
nr_of_strided_rec: 2
nr_doubles: 65536
nr_of_strided_rec: 2
nr_doubles: 65536
nr_of_strided_rec: 2
nr_doubles: 65536
nr_of_strided_rec: 2
nr_doubles: 65536
nr_of_strided_rec: 2
nr_doubles: 65536
nr_of_strided_rec: 2
nr_doubles: 65536
nr_of_strided_rec: 2
nr_doubles: 65536
nr_of_strided_rec: 2
nr_doubles: 65536
nr_of_strided_rec: 2
nr_doubles: 65536
nr_of_strided_rec: 2
nr_doubles: 65536
nr_of_strided_rec: 2
nr_doubles: 65536
nr_of_strided_rec: 2
nr_doubles: 65536
nr_of_strided_rec: 2
nr_doubles: 65536
nr_of_strided_rec: 2
nr_doubles: 65536

Write the data to file:8388608 bytes
***********WAITING************

Write the data to file:8388608 bytes
***********WAITING************

Write the data to file:8388608 bytes
***********WAITING************

Write the data to file:8388608 bytes
***********WAITING************

Write the data to file:8388608 bytes
***********WAITING************

Write the data to file:8388608 bytes
***********WAITING************

Write the data to file:8388608 bytes
***********WAITING************

Write the data to file:8388608 bytes
***********WAITING************

Write the data to file:8388608 bytes
***********WAITING************

Write the data to file:8388608 bytes
***********WAITING************

Write the data to file:8388608 bytes
***********WAITING************

Write the data to file:8388608 bytes
***********WAITING************

Write the data to file:8388608 bytes
***********WAITING************

Write the data to file:8388608 bytes
***********WAITING************

Write the data to file:8388608 bytes
***********WAITING************

Write the data to file:8388608 bytes
***********WAITING************
nr_of_strided_rec: 2
nr_doubles: 65536
nr_of_strided_rec: 2
nr_doubles: 65536
nr_of_strided_rec: 2
nr_doubles: 65536
nr_of_strided_rec: 2
nr_doubles: 65536
nr_of_strided_rec: 2
nr_doubles: 65536
nr_of_strided_rec: 2
nr_doubles: 65536
nr_of_strided_rec: 2
nr_doubles: 65536
nr_of_strided_rec: 2
nr_doubles: 65536
nr_of_strided_rec: 2
nr_doubles: 65536
nr_of_strided_rec: 2
nr_doubles: 65536
nr_of_strided_rec: 2
nr_doubles: 65536
nr_of_strided_rec: 2
nr_doubles: 65536
nr_of_strided_rec: 2
nr_doubles: 65536
nr_of_strided_rec: 2
nr_doubles: 65536
nr_of_strided_rec: 2
nr_doubles: 65536
nr_of_strided_rec: 2
nr_doubles: 65536

Write the data to file:8388608 bytes
***********WAITING************

Write the data to file:8388608 bytes
***********WAITING************

Write the data to file:8388608 bytes
***********WAITING************

Write the data to file:8388608 bytes
***********WAITING************

Write the data to file:8388608 bytes
***********WAITING************

Write the data to file:8388608 bytes
***********WAITING************

Write the data to file:8388608 bytes
***********WAITING************

Write the data to file:8388608 bytes
***********WAITING************

Write the data to file:8388608 bytes
***********WAITING************

Write the data to file:8388608 bytes
***********WAITING************

Write the data to file:8388608 bytes
***********WAITING************

Write the data to file:8388608 bytes
***********WAITING************

Write the data to file:8388608 bytes
***********WAITING************

Write the data to file:8388608 bytes
***********WAITING************

Write the data to file:8388608 bytes
***********WAITING************

Write the data to file:8388608 bytes
***********WAITING************
nr_of_strided_rec: 2
nr_doubles: 65536
nr_of_strided_rec: 2
nr_doubles: 65536
nr_of_strided_rec: 2
nr_doubles: 65536
nr_of_strided_rec: 2
nr_doubles: 65536
nr_of_strided_rec: 2
nr_doubles: 65536
nr_of_strided_rec: 2
nr_doubles: 65536
nr_of_strided_rec: 2
nr_doubles: 65536
nr_of_strided_rec: 2
nr_doubles: 65536
nr_of_strided_rec: 2
nr_doubles: 65536
nr_of_strided_rec: 2
nr_doubles: 65536
nr_of_strided_rec: 2
nr_doubles: 65536
nr_of_strided_rec: 2
nr_doubles: 65536
nr_of_strided_rec: 2
nr_doubles: 65536
nr_of_strided_rec: 2
nr_doubles: 65536
nr_of_strided_rec: 2
nr_doubles: 65536
nr_of_strided_rec: 2
nr_doubles: 65536

Write the data to file:8388608 bytes
***********WAITING************

Write the data to file:8388608 bytes
***********WAITING************

Write the data to file:8388608 bytes
***********WAITING************

Write the data to file:8388608 bytes
***********WAITING************

Write the data to file:8388608 bytes
***********WAITING************

Write the data to file:8388608 bytes
***********WAITING************

Write the data to file:8388608 bytes
***********WAITING************

Write the data to file:8388608 bytes
***********WAITING************

Write the data to file:8388608 bytes
***********WAITING************

Write the data to file:8388608 bytes
***********WAITING************

Write the data to file:8388608 bytes
***********WAITING************

Write the data to file:8388608 bytes
***********WAITING************

Write the data to file:8388608 bytes
***********WAITING************

Write the data to file:8388608 bytes
***********WAITING************

Write the data to file:8388608 bytes
***********WAITING************

Write the data to file:8388608 bytes
***********WAITING************
nr_of_strided_rec: 2
nr_doubles: 65536
nr_of_strided_rec: 2
nr_doubles: 65536
nr_of_strided_rec: 2
nr_doubles: 65536
nr_of_strided_rec: 2
nr_doubles: 65536
nr_of_strided_rec: 2
nr_doubles: 65536
nr_of_strided_rec: 2
nr_doubles: 65536
nr_of_strided_rec: 2
nr_doubles: 65536
nr_of_strided_rec: 2
nr_doubles: 65536
nr_of_strided_rec: 2
nr_doubles: 65536
nr_of_strided_rec: 2
nr_doubles: 65536
nr_of_strided_rec: 2
nr_doubles: 65536
nr_of_strided_rec: 2
nr_doubles: 65536
nr_of_strided_rec: 2
nr_doubles: 65536
nr_of_strided_rec: 2
nr_doubles: 65536
nr_of_strided_rec: 2
nr_doubles: 65536
nr_of_strided_rec: 2
nr_doubles: 65536

Write the data to file:8388608 bytes
***********WAITING************

Write the data to file:8388608 bytes
***********WAITING************

Write the data to file:8388608 bytes
***********WAITING************

Write the data to file:8388608 bytes
***********WAITING************

Write the data to file:8388608 bytes
***********WAITING************

Write the data to file:8388608 bytes
***********WAITING************

Write the data to file:8388608 bytes
***********WAITING************

Write the data to file:8388608 bytes
***********WAITING************

Write the data to file:8388608 bytes
***********WAITING************

Write the data to file:8388608 bytes
***********WAITING************

Write the data to file:8388608 bytes
***********WAITING************

Write the data to file:8388608 bytes
***********WAITING************

Write the data to file:8388608 bytes
***********WAITING************

Write the data to file:8388608 bytes
***********WAITING************

Write the data to file:8388608 bytes
***********WAITING************

Write the data to file:8388608 bytes
***********WAITING************
nr_of_strided_rec: 2
nr_doubles: 65536
nr_of_strided_rec: 2
nr_doubles: 65536
nr_of_strided_rec: 2
nr_doubles: 65536
nr_of_strided_rec: 2
nr_doubles: 65536
nr_of_strided_rec: 2
nr_doubles: 65536
nr_of_strided_rec: 2
nr_doubles: 65536
nr_of_strided_rec: 2
nr_doubles: 65536
nr_of_strided_rec: 2
nr_doubles: 65536
nr_of_strided_rec: 2
nr_doubles: 65536
nr_of_strided_rec: 2
nr_doubles: 65536
nr_of_strided_rec: 2
nr_doubles: 65536
nr_of_strided_rec: 2
nr_doubles: 65536
nr_of_strided_rec: 2
nr_doubles: 65536
nr_of_strided_rec: 2
nr_doubles: 65536
nr_of_strided_rec: 2
nr_doubles: 65536
nr_of_strided_rec: 2
nr_doubles: 65536

Write the data to file:8388608 bytes
***********WAITING************

Write the data to file:8388608 bytes
***********WAITING************

Write the data to file:8388608 bytes
***********WAITING************

Write the data to file:8388608 bytes
***********WAITING************

Write the data to file:8388608 bytes
***********WAITING************

Write the data to file:8388608 bytes
***********WAITING************

Write the data to file:8388608 bytes
***********WAITING************

Write the data to file:8388608 bytes
***********WAITING************

Write the data to file:8388608 bytes
***********WAITING************

Write the data to file:8388608 bytes
***********WAITING************

Write the data to file:8388608 bytes
***********WAITING************

Write the data to file:8388608 bytes
***********WAITING************

Write the data to file:8388608 bytes
***********WAITING************

Write the data to file:8388608 bytes
***********WAITING************

Write the data to file:8388608 bytes
***********WAITING************

Write the data to file:8388608 bytes
***********WAITING************
nr_of_strided_rec: 2
nr_doubles: 65536
nr_of_strided_rec: 2
nr_doubles: 65536
nr_of_strided_rec: 2
nr_doubles: 65536
nr_of_strided_rec: 2
nr_doubles: 65536
nr_of_strided_rec: 2
nr_doubles: 65536
nr_of_strided_rec: 2
nr_doubles: 65536
nr_of_strided_rec: 2
nr_doubles: 65536
nr_of_strided_rec: 2
nr_doubles: 65536
nr_of_strided_rec: 2
nr_doubles: 65536
nr_of_strided_rec: 2
nr_doubles: 65536
nr_of_strided_rec: 2
nr_doubles: 65536
nr_of_strided_rec: 2
nr_doubles: 65536
nr_of_strided_rec: 2
nr_doubles: 65536
nr_of_strided_rec: 2
nr_doubles: 65536
nr_of_strided_rec: 2
nr_doubles: 65536
nr_of_strided_rec: 2
nr_doubles: 65536

Write the data to file:8388608 bytes
***********WAITING************

Write the data to file:8388608 bytes
***********WAITING************

Write the data to file:8388608 bytes
***********WAITING************

Write the data to file:8388608 bytes
***********WAITING************

Write the data to file:8388608 bytes
***********WAITING************

Write the data to file:8388608 bytes
***********WAITING************

Write the data to file:8388608 bytes
***********WAITING************

Write the data to file:8388608 bytes
***********WAITING************

Write the data to file:8388608 bytes
***********WAITING************

Write the data to file:8388608 bytes
***********WAITING************

Write the data to file:8388608 bytes
***********WAITING************

Write the data to file:8388608 bytes
***********WAITING************

Write the data to file:8388608 bytes
***********WAITING************

Write the data to file:8388608 bytes
***********WAITING************

Write the data to file:8388608 bytes
***********WAITING************

Write the data to file:8388608 bytes
***********WAITING************
nr_of_strided_rec: 2
nr_doubles: 65536
nr_of_strided_rec: 2
nr_doubles: 65536
nr_of_strided_rec: 2
nr_doubles: 65536
nr_of_strided_rec: 2
nr_doubles: 65536
nr_of_strided_rec: 2
nr_doubles: 65536
nr_of_strided_rec: 2
nr_doubles: 65536
nr_of_strided_rec: 2
nr_doubles: 65536
nr_of_strided_rec: 2
nr_doubles: 65536
nr_of_strided_rec: 2
nr_doubles: 65536
nr_of_strided_rec: 2
nr_doubles: 65536
nr_of_strided_rec: 2
nr_doubles: 65536
nr_of_strided_rec: 2
nr_doubles: 65536
nr_of_strided_rec: 2
nr_doubles: 65536
nr_of_strided_rec: 2
nr_doubles: 65536
nr_of_strided_rec: 2
nr_doubles: 65536
nr_of_strided_rec: 2
nr_doubles: 65536

Write the data to file:8388608 bytes
***********WAITING************

Write the data to file:8388608 bytes
***********WAITING************

Write the data to file:8388608 bytes
***********WAITING************

Write the data to file:8388608 bytes
***********WAITING************

Write the data to file:8388608 bytes
***********WAITING************

Write the data to file:8388608 bytes
***********WAITING************

Write the data to file:8388608 bytes
***********WAITING************

Write the data to file:8388608 bytes
***********WAITING************

Write the data to file:8388608 bytes
***********WAITING************

Write the data to file:8388608 bytes
***********WAITING************

Write the data to file:8388608 bytes
***********WAITING************

Write the data to file:8388608 bytes
***********WAITING************

Write the data to file:8388608 bytes
***********WAITING************

Write the data to file:8388608 bytes
***********WAITING************

Write the data to file:8388608 bytes
***********WAITING************

Write the data to file:8388608 bytes
***********WAITING************
nr_of_strided_rec: 2
nr_doubles: 65536
nr_of_strided_rec: 2
nr_doubles: 65536
nr_of_strided_rec: 2
nr_doubles: 65536
nr_of_strided_rec: 2
nr_doubles: 65536
nr_of_strided_rec: 2
nr_doubles: 65536
nr_of_strided_rec: 2
nr_doubles: 65536
nr_of_strided_rec: 2
nr_doubles: 65536
nr_of_strided_rec: 2
nr_doubles: 65536
nr_of_strided_rec: 2
nr_doubles: 65536
nr_of_strided_rec: 2
nr_doubles: 65536
nr_of_strided_rec: 2
nr_doubles: 65536
nr_of_strided_rec: 2
nr_doubles: 65536
nr_of_strided_rec: 2
nr_doubles: 65536
nr_of_strided_rec: 2
nr_doubles: 65536
nr_of_strided_rec: 2
nr_doubles: 65536
nr_of_strided_rec: 2
nr_doubles: 65536

Write the data to file:8388608 bytes
***********WAITING************

Write the data to file:8388608 bytes
***********WAITING************

Write the data to file:8388608 bytes
***********WAITING************

Write the data to file:8388608 bytes
***********WAITING************

Write the data to file:8388608 bytes
***********WAITING************

Write the data to file:8388608 bytes
***********WAITING************

Write the data to file:8388608 bytes
***********WAITING************

Write the data to file:8388608 bytes
***********WAITING************

Write the data to file:8388608 bytes
***********WAITING************

Write the data to file:8388608 bytes
***********WAITING************

Write the data to file:8388608 bytes
***********WAITING************

Write the data to file:8388608 bytes
***********WAITING************

Write the data to file:8388608 bytes
***********WAITING************

Write the data to file:8388608 bytes
***********WAITING************

Write the data to file:8388608 bytes
***********WAITING************

Write the data to file:8388608 bytes
***********WAITING************
nr_of_strided_rec: 2
nr_doubles: 65536
nr_of_strided_rec: 2
nr_doubles: 65536
nr_of_strided_rec: 2
nr_doubles: 65536
nr_of_strided_rec: 2
nr_doubles: 65536
nr_of_strided_rec: 2
nr_doubles: 65536
nr_of_strided_rec: 2
nr_doubles: 65536
nr_of_strided_rec: 2
nr_doubles: 65536
nr_of_strided_rec: 2
nr_doubles: 65536
nr_of_strided_rec: 2
nr_doubles: 65536
nr_of_strided_rec: 2
nr_doubles: 65536
nr_of_strided_rec: 2
nr_doubles: 65536
nr_of_strided_rec: 2
nr_doubles: 65536
nr_of_strided_rec: 2
nr_doubles: 65536
nr_of_strided_rec: 2
nr_doubles: 65536
nr_of_strided_rec: 2
nr_doubles: 65536
nr_of_strided_rec: 2
nr_doubles: 65536

Write the data to file:8388608 bytes
***********WAITING************

Write the data to file:8388608 bytes
***********WAITING************

Write the data to file:8388608 bytes
***********WAITING************

Write the data to file:8388608 bytes
***********WAITING************

Write the data to file:8388608 bytes
***********WAITING************

Write the data to file:8388608 bytes
***********WAITING************

Write the data to file:8388608 bytes
***********WAITING************

Write the data to file:8388608 bytes
***********WAITING************

Write the data to file:8388608 bytes
***********WAITING************

Write the data to file:8388608 bytes
***********WAITING************

Write the data to file:8388608 bytes
***********WAITING************

Write the data to file:8388608 bytes
***********WAITING************

Write the data to file:8388608 bytes
***********WAITING************

Write the data to file:8388608 bytes
***********WAITING************

Write the data to file:8388608 bytes
***********WAITING************

Write the data to file:8388608 bytes
***********WAITING************
nr_of_strided_rec: 2
nr_doubles: 65536
nr_of_strided_rec: 2
nr_doubles: 65536
nr_of_strided_rec: 2
nr_doubles: 65536
nr_of_strided_rec: 2
nr_doubles: 65536
nr_of_strided_rec: 2
nr_doubles: 65536
nr_of_strided_rec: 2
nr_doubles: 65536
nr_of_strided_rec: 2
nr_doubles: 65536
nr_of_strided_rec: 2
nr_doubles: 65536
nr_of_strided_rec: 2
nr_doubles: 65536
nr_of_strided_rec: 2
nr_doubles: 65536
nr_of_strided_rec: 2
nr_doubles: 65536
nr_of_strided_rec: 2
nr_doubles: 65536
nr_of_strided_rec: 2
nr_doubles: 65536
nr_of_strided_rec: 2
nr_doubles: 65536
nr_of_strided_rec: 2
nr_doubles: 65536
nr_of_strided_rec: 2
nr_doubles: 65536

Write the data to file:8388608 bytes
***********WAITING************

Write the data to file:8388608 bytes
***********WAITING************

Write the data to file:8388608 bytes
***********WAITING************

Write the data to file:8388608 bytes
***********WAITING************

Write the data to file:8388608 bytes
***********WAITING************

Write the data to file:8388608 bytes
***********WAITING************

Write the data to file:8388608 bytes
***********WAITING************

Write the data to file:8388608 bytes
***********WAITING************

Write the data to file:8388608 bytes
***********WAITING************

Write the data to file:8388608 bytes
***********WAITING************

Write the data to file:8388608 bytes
***********WAITING************

Write the data to file:8388608 bytes
***********WAITING************

Write the data to file:8388608 bytes
***********WAITING************

Write the data to file:8388608 bytes
***********WAITING************

Write the data to file:8388608 bytes
***********WAITING************

Write the data to file:8388608 bytes
***********WAITING************
nr_of_strided_rec: 2
nr_doubles: 65536
nr_of_strided_rec: 2
nr_doubles: 65536
nr_of_strided_rec: 2
nr_doubles: 65536
nr_of_strided_rec: 2
nr_doubles: 65536
nr_of_strided_rec: 2
nr_doubles: 65536
nr_of_strided_rec: 2
nr_doubles: 65536
nr_of_strided_rec: 2
nr_doubles: 65536
nr_of_strided_rec: 2
nr_doubles: 65536
nr_of_strided_rec: 2
nr_doubles: 65536
nr_of_strided_rec: 2
nr_doubles: 65536
nr_of_strided_rec: 2
nr_doubles: 65536
nr_of_strided_rec: 2
nr_doubles: 65536
nr_of_strided_rec: 2
nr_doubles: 65536
nr_of_strided_rec: 2
nr_doubles: 65536
nr_of_strided_rec: 2
nr_doubles: 65536
nr_of_strided_rec: 2
nr_doubles: 65536

Write the data to file:8388608 bytes
***********WAITING************

Write the data to file:8388608 bytes
***********WAITING************

Write the data to file:8388608 bytes
***********WAITING************

Write the data to file:8388608 bytes
***********WAITING************

Write the data to file:8388608 bytes
***********WAITING************

Write the data to file:8388608 bytes
***********WAITING************

Write the data to file:8388608 bytes
***********WAITING************

Write the data to file:8388608 bytes
***********WAITING************

Write the data to file:8388608 bytes
***********WAITING************

Write the data to file:8388608 bytes
***********WAITING************

Write the data to file:8388608 bytes
***********WAITING************

Write the data to file:8388608 bytes
***********WAITING************

Write the data to file:8388608 bytes
***********WAITING************

Write the data to file:8388608 bytes
***********WAITING************

Write the data to file:8388608 bytes
***********WAITING************

Write the data to file:8388608 bytes
***********WAITING************
nr_of_strided_rec: 2
nr_doubles: 65536
nr_of_strided_rec: 2
nr_doubles: 65536
nr_of_strided_rec: 2
nr_doubles: 65536
nr_of_strided_rec: 2
nr_doubles: 65536
nr_of_strided_rec: 2
nr_doubles: 65536
nr_of_strided_rec: 2
nr_doubles: 65536
nr_of_strided_rec: 2
nr_doubles: 65536
nr_of_strided_rec: 2
nr_doubles: 65536
nr_of_strided_rec: 2
nr_doubles: 65536
nr_of_strided_rec: 2
nr_doubles: 65536
nr_of_strided_rec: 2
nr_doubles: 65536
nr_of_strided_rec: 2
nr_doubles: 65536
nr_of_strided_rec: 2
nr_doubles: 65536
nr_of_strided_rec: 2
nr_doubles: 65536
nr_of_strided_rec: 2
nr_doubles: 65536
nr_of_strided_rec: 2
nr_doubles: 65536

Write the data to file:8388608 bytes
***********WAITING************

Write the data to file:8388608 bytes
***********WAITING************

Write the data to file:8388608 bytes
***********WAITING************

Write the data to file:8388608 bytes
***********WAITING************

Write the data to file:8388608 bytes
***********WAITING************

Write the data to file:8388608 bytes
***********WAITING************

Write the data to file:8388608 bytes
***********WAITING************

Write the data to file:8388608 bytes
***********WAITING************

Write the data to file:8388608 bytes
***********WAITING************

Write the data to file:8388608 bytes
***********WAITING************

Write the data to file:8388608 bytes
***********WAITING************

Write the data to file:8388608 bytes
***********WAITING************

Write the data to file:8388608 bytes
***********WAITING************

Write the data to file:8388608 bytes
***********WAITING************

Write the data to file:8388608 bytes
***********WAITING************

Write the data to file:8388608 bytes
***********WAITING************
nr_of_strided_rec: 2
nr_doubles: 65536
nr_of_strided_rec: 2
nr_doubles: 65536
nr_of_strided_rec: 2
nr_doubles: 65536
nr_of_strided_rec: 2
nr_doubles: 65536
nr_of_strided_rec: 2
nr_doubles: 65536
nr_of_strided_rec: 2
nr_doubles: 65536
nr_of_strided_rec: 2
nr_doubles: 65536
nr_of_strided_rec: 2
nr_doubles: 65536
nr_of_strided_rec: 2
nr_doubles: 65536
nr_of_strided_rec: 2
nr_doubles: 65536
nr_of_strided_rec: 2
nr_doubles: 65536
nr_of_strided_rec: 2
nr_doubles: 65536
nr_of_strided_rec: 2
nr_doubles: 65536
nr_of_strided_rec: 2
nr_doubles: 65536
nr_of_strided_rec: 2
nr_doubles: 65536
nr_of_strided_rec: 2
nr_doubles: 65536

Write the data to file:8388608 bytes
***********WAITING************

Write the data to file:8388608 bytes
***********WAITING************

Write the data to file:8388608 bytes
***********WAITING************

Write the data to file:8388608 bytes
***********WAITING************

Write the data to file:8388608 bytes
***********WAITING************

Write the data to file:8388608 bytes
***********WAITING************

Write the data to file:8388608 bytes
***********WAITING************

Write the data to file:8388608 bytes
***********WAITING************

Write the data to file:8388608 bytes
***********WAITING************

Write the data to file:8388608 bytes
***********WAITING************

Write the data to file:8388608 bytes
***********WAITING************

Write the data to file:8388608 bytes
***********WAITING************

Write the data to file:8388608 bytes
***********WAITING************

Write the data to file:8388608 bytes
***********WAITING************

Write the data to file:8388608 bytes
***********WAITING************

Write the data to file:8388608 bytes
***********WAITING************
nr_of_strided_rec: 2
nr_doubles: 65536
nr_of_strided_rec: 2
nr_doubles: 65536
nr_of_strided_rec: 2
nr_doubles: 65536
nr_of_strided_rec: 2
nr_doubles: 65536
nr_of_strided_rec: 2
nr_doubles: 65536
nr_of_strided_rec: 2
nr_doubles: 65536
nr_of_strided_rec: 2
nr_doubles: 65536
nr_of_strided_rec: 2
nr_doubles: 65536
nr_of_strided_rec: 2
nr_doubles: 65536
nr_of_strided_rec: 2
nr_doubles: 65536
nr_of_strided_rec: 2
nr_doubles: 65536
nr_of_strided_rec: 2
nr_doubles: 65536
nr_of_strided_rec: 2
nr_doubles: 65536
nr_of_strided_rec: 2
nr_doubles: 65536
nr_of_strided_rec: 2
nr_doubles: 65536
nr_of_strided_rec: 2
nr_doubles: 65536

Write the data to file:8388608 bytes
***********WAITING************

Write the data to file:8388608 bytes
***********WAITING************

Write the data to file:8388608 bytes
***********WAITING************

Write the data to file:8388608 bytes
***********WAITING************

Write the data to file:8388608 bytes
***********WAITING************

Write the data to file:8388608 bytes
***********WAITING************

Write the data to file:8388608 bytes
***********WAITING************

Write the data to file:8388608 bytes
***********WAITING************

Write the data to file:8388608 bytes
***********WAITING************

Write the data to file:8388608 bytes
***********WAITING************

Write the data to file:8388608 bytes
***********WAITING************

Write the data to file:8388608 bytes
***********WAITING************

Write the data to file:8388608 bytes
***********WAITING************

Write the data to file:8388608 bytes
***********WAITING************

Write the data to file:8388608 bytes
***********WAITING************

Write the data to file:8388608 bytes
***********WAITING************
nr_of_strided_rec: 2
nr_doubles: 65536
nr_of_strided_rec: 2
nr_doubles: 65536
nr_of_strided_rec: 2
nr_doubles: 65536
nr_of_strided_rec: 2
nr_doubles: 65536
nr_of_strided_rec: 2
nr_doubles: 65536
nr_of_strided_rec: 2
nr_doubles: 65536
nr_of_strided_rec: 2
nr_doubles: 65536
nr_of_strided_rec: 2
nr_doubles: 65536
nr_of_strided_rec: 2
nr_doubles: 65536
nr_of_strided_rec: 2
nr_doubles: 65536
nr_of_strided_rec: 2
nr_doubles: 65536
nr_of_strided_rec: 2
nr_doubles: 65536
nr_of_strided_rec: 2
nr_doubles: 65536
nr_of_strided_rec: 2
nr_doubles: 65536
nr_of_strided_rec: 2
nr_doubles: 65536
nr_of_strided_rec: 2
nr_doubles: 65536

Write the data to file:8388608 bytes
***********WAITING************

Write the data to file:8388608 bytes
***********WAITING************

Write the data to file:8388608 bytes
***********WAITING************

Write the data to file:8388608 bytes
***********WAITING************

Write the data to file:8388608 bytes
***********WAITING************

Write the data to file:8388608 bytes
***********WAITING************

Write the data to file:8388608 bytes
***********WAITING************

Write the data to file:8388608 bytes
***********WAITING************

Write the data to file:8388608 bytes
***********WAITING************

Write the data to file:8388608 bytes
***********WAITING************

Write the data to file:8388608 bytes
***********WAITING************

Write the data to file:8388608 bytes
***********WAITING************

Write the data to file:8388608 bytes
***********WAITING************

Write the data to file:8388608 bytes
***********WAITING************

Write the data to file:8388608 bytes
***********WAITING************

Write the data to file:8388608 bytes
***********WAITING************
nr_of_strided_rec: 2
nr_doubles: 65536
nr_of_strided_rec: 2
nr_doubles: 65536
nr_of_strided_rec: 2
nr_doubles: 65536
nr_of_strided_rec: 2
nr_doubles: 65536
nr_of_strided_rec: 2
nr_doubles: 65536
nr_of_strided_rec: 2
nr_doubles: 65536
nr_of_strided_rec: 2
nr_doubles: 65536
nr_of_strided_rec: 2
nr_doubles: 65536
nr_of_strided_rec: 2
nr_doubles: 65536
nr_of_strided_rec: 2
nr_doubles: 65536
nr_of_strided_rec: 2
nr_doubles: 65536
nr_of_strided_rec: 2
nr_doubles: 65536
nr_of_strided_rec: 2
nr_doubles: 65536
nr_of_strided_rec: 2
nr_doubles: 65536
nr_of_strided_rec: 2
nr_doubles: 65536
nr_of_strided_rec: 2
nr_doubles: 65536

Write the data to file:8388608 bytes
***********WAITING************

Write the data to file:8388608 bytes
***********WAITING************

Write the data to file:8388608 bytes
***********WAITING************

Write the data to file:8388608 bytes
***********WAITING************

Write the data to file:8388608 bytes
***********WAITING************

Write the data to file:8388608 bytes
***********WAITING************

Write the data to file:8388608 bytes
***********WAITING************

Write the data to file:8388608 bytes
***********WAITING************

Write the data to file:8388608 bytes
***********WAITING************

Write the data to file:8388608 bytes
***********WAITING************

Write the data to file:8388608 bytes
***********WAITING************

Write the data to file:8388608 bytes
***********WAITING************

Write the data to file:8388608 bytes
***********WAITING************

Write the data to file:8388608 bytes
***********WAITING************

Write the data to file:8388608 bytes
***********WAITING************

Write the data to file:8388608 bytes
***********WAITING************
nr_of_strided_rec: 2
nr_doubles: 65536
nr_of_strided_rec: 2
nr_doubles: 65536
nr_of_strided_rec: 2
nr_doubles: 65536
nr_of_strided_rec: 2
nr_doubles: 65536
nr_of_strided_rec: 2
nr_doubles: 65536
nr_of_strided_rec: 2
nr_doubles: 65536
nr_of_strided_rec: 2
nr_doubles: 65536
nr_of_strided_rec: 2
nr_doubles: 65536
nr_of_strided_rec: 2
nr_doubles: 65536
nr_of_strided_rec: 2
nr_doubles: 65536
nr_of_strided_rec: 2
nr_doubles: 65536
nr_of_strided_rec: 2
nr_doubles: 65536
nr_of_strided_rec: 2
nr_doubles: 65536
nr_of_strided_rec: 2
nr_doubles: 65536
nr_of_strided_rec: 2
nr_doubles: 65536
nr_of_strided_rec: 2
nr_doubles: 65536

Write the data to file:8388608 bytes
***********WAITING************

Write the data to file:8388608 bytes
***********WAITING************

Write the data to file:8388608 bytes
***********WAITING************

Write the data to file:8388608 bytes
***********WAITING************

Write the data to file:8388608 bytes
***********WAITING************

Write the data to file:8388608 bytes
***********WAITING************

Write the data to file:8388608 bytes
***********WAITING************

Write the data to file:8388608 bytes
***********WAITING************

Write the data to file:8388608 bytes
***********WAITING************

Write the data to file:8388608 bytes
***********WAITING************

Write the data to file:8388608 bytes
***********WAITING************

Write the data to file:8388608 bytes
***********WAITING************

Write the data to file:8388608 bytes
***********WAITING************

Write the data to file:8388608 bytes
***********WAITING************

Write the data to file:8388608 bytes
***********WAITING************

Write the data to file:8388608 bytes
***********WAITING************
nr_of_strided_rec: 2
nr_doubles: 65536
nr_of_strided_rec: 2
nr_doubles: 65536
nr_of_strided_rec: 2
nr_doubles: 65536
nr_of_strided_rec: 2
nr_doubles: 65536
nr_of_strided_rec: 2
nr_doubles: 65536
nr_of_strided_rec: 2
nr_doubles: 65536
nr_of_strided_rec: 2
nr_doubles: 65536
nr_of_strided_rec: 2
nr_doubles: 65536
nr_of_strided_rec: 2
nr_doubles: 65536
nr_of_strided_rec: 2
nr_doubles: 65536
nr_of_strided_rec: 2
nr_doubles: 65536
nr_of_strided_rec: 2
nr_doubles: 65536
nr_of_strided_rec: 2
nr_doubles: 65536
nr_of_strided_rec: 2
nr_doubles: 65536
nr_of_strided_rec: 2
nr_doubles: 65536
nr_of_strided_rec: 2
nr_doubles: 65536

Write the data to file:8388608 bytes
***********WAITING************

Write the data to file:8388608 bytes
***********WAITING************

Write the data to file:8388608 bytes
***********WAITING************

Write the data to file:8388608 bytes
***********WAITING************

Write the data to file:8388608 bytes
***********WAITING************

Write the data to file:8388608 bytes
***********WAITING************

Write the data to file:8388608 bytes
***********WAITING************

Write the data to file:8388608 bytes
***********WAITING************

Write the data to file:8388608 bytes
***********WAITING************

Write the data to file:8388608 bytes
***********WAITING************

Write the data to file:8388608 bytes
***********WAITING************

Write the data to file:8388608 bytes
***********WAITING************

Write the data to file:8388608 bytes
***********WAITING************

Write the data to file:8388608 bytes
***********WAITING************

Write the data to file:8388608 bytes
***********WAITING************

Write the data to file:8388608 bytes
***********WAITING************
nr_of_strided_rec: 2
nr_doubles: 65536
nr_of_strided_rec: 2
nr_doubles: 65536
nr_of_strided_rec: 2
nr_doubles: 65536
nr_of_strided_rec: 2
nr_doubles: 65536
nr_of_strided_rec: 2
nr_doubles: 65536
nr_of_strided_rec: 2
nr_doubles: 65536
nr_of_strided_rec: 2
nr_doubles: 65536
nr_of_strided_rec: 2
nr_doubles: 65536
nr_of_strided_rec: 2
nr_doubles: 65536
nr_of_strided_rec: 2
nr_doubles: 65536
nr_of_strided_rec: 2
nr_doubles: 65536
nr_of_strided_rec: 2
nr_doubles: 65536
nr_of_strided_rec: 2
nr_doubles: 65536
nr_of_strided_rec: 2
nr_doubles: 65536
nr_of_strided_rec: 2
nr_doubles: 65536
nr_of_strided_rec: 2
nr_doubles: 65536

Write the data to file:8388608 bytes
***********WAITING************

Write the data to file:8388608 bytes
***********WAITING************

Write the data to file:8388608 bytes
***********WAITING************

Write the data to file:8388608 bytes
***********WAITING************

Write the data to file:8388608 bytes
***********WAITING************

Write the data to file:8388608 bytes
***********WAITING************

Write the data to file:8388608 bytes
***********WAITING************

Write the data to file:8388608 bytes
***********WAITING************

Write the data to file:8388608 bytes
***********WAITING************

Write the data to file:8388608 bytes
***********WAITING************

Write the data to file:8388608 bytes
***********WAITING************

Write the data to file:8388608 bytes
***********WAITING************

Write the data to file:8388608 bytes
***********WAITING************

Write the data to file:8388608 bytes
***********WAITING************

Write the data to file:8388608 bytes
***********WAITING************

Write the data to file:8388608 bytes
***********WAITING************
nr_of_strided_rec: 2
nr_doubles: 65536
nr_of_strided_rec: 2
nr_doubles: 65536
nr_of_strided_rec: 2
nr_doubles: 65536
nr_of_strided_rec: 2
nr_doubles: 65536
nr_of_strided_rec: 2
nr_doubles: 65536
nr_of_strided_rec: 2
nr_doubles: 65536
nr_of_strided_rec: 2
nr_doubles: 65536
nr_of_strided_rec: 2
nr_doubles: 65536
nr_of_strided_rec: 2
nr_doubles: 65536
nr_of_strided_rec: 2
nr_doubles: 65536
nr_of_strided_rec: 2
nr_doubles: 65536
nr_of_strided_rec: 2
nr_doubles: 65536
nr_of_strided_rec: 2
nr_doubles: 65536
nr_of_strided_rec: 2
nr_doubles: 65536
nr_of_strided_rec: 2
nr_doubles: 65536
nr_of_strided_rec: 2
nr_doubles: 65536

Write the data to file:8388608 bytes
***********WAITING************

Write the data to file:8388608 bytes
***********WAITING************

Write the data to file:8388608 bytes
***********WAITING************

Write the data to file:8388608 bytes
***********WAITING************

Write the data to file:8388608 bytes
***********WAITING************

Write the data to file:8388608 bytes
***********WAITING************

Write the data to file:8388608 bytes
***********WAITING************

Write the data to file:8388608 bytes
***********WAITING************

Write the data to file:8388608 bytes
***********WAITING************

Write the data to file:8388608 bytes
***********WAITING************

Write the data to file:8388608 bytes
***********WAITING************

Write the data to file:8388608 bytes
***********WAITING************

Write the data to file:8388608 bytes
***********WAITING************

Write the data to file:8388608 bytes
***********WAITING************

Write the data to file:8388608 bytes
***********WAITING************

Write the data to file:8388608 bytes
***********WAITING************
nr_of_strided_rec: 2
nr_doubles: 65536
nr_of_strided_rec: 2
nr_doubles: 65536
nr_of_strided_rec: 2
nr_doubles: 65536
nr_of_strided_rec: 2
nr_doubles: 65536
nr_of_strided_rec: 2
nr_doubles: 65536
nr_of_strided_rec: 2
nr_doubles: 65536
nr_of_strided_rec: 2
nr_doubles: 65536
nr_of_strided_rec: 2
nr_doubles: 65536
nr_of_strided_rec: 2
nr_doubles: 65536
nr_of_strided_rec: 2
nr_doubles: 65536
nr_of_strided_rec: 2
nr_doubles: 65536
nr_of_strided_rec: 2
nr_doubles: 65536
nr_of_strided_rec: 2
nr_doubles: 65536
nr_of_strided_rec: 2
nr_doubles: 65536
nr_of_strided_rec: 2
nr_doubles: 65536
nr_of_strided_rec: 2
nr_doubles: 65536

Write the data to file:8388608 bytes
***********WAITING************

Write the data to file:8388608 bytes
***********WAITING************

Write the data to file:8388608 bytes
***********WAITING************

Write the data to file:8388608 bytes
***********WAITING************

Write the data to file:8388608 bytes
***********WAITING************

Write the data to file:8388608 bytes
***********WAITING************

Write the data to file:8388608 bytes
***********WAITING************

Write the data to file:8388608 bytes
***********WAITING************

Write the data to file:8388608 bytes
***********WAITING************

Write the data to file:8388608 bytes
***********WAITING************

Write the data to file:8388608 bytes
***********WAITING************

Write the data to file:8388608 bytes
***********WAITING************

Write the data to file:8388608 bytes
***********WAITING************

Write the data to file:8388608 bytes
***********WAITING************

Write the data to file:8388608 bytes
***********WAITING************

Write the data to file:8388608 bytes
***********WAITING************
nr_of_strided_rec: 2
nr_doubles: 65536
nr_of_strided_rec: 2
nr_doubles: 65536
nr_of_strided_rec: 2
nr_doubles: 65536
nr_of_strided_rec: 2
nr_doubles: 65536
nr_of_strided_rec: 2
nr_doubles: 65536
nr_of_strided_rec: 2
nr_doubles: 65536
nr_of_strided_rec: 2
nr_doubles: 65536
nr_of_strided_rec: 2
nr_doubles: 65536
nr_of_strided_rec: 2
nr_doubles: 65536
nr_of_strided_rec: 2
nr_doubles: 65536
nr_of_strided_rec: 2
nr_doubles: 65536
nr_of_strided_rec: 2
nr_doubles: 65536
nr_of_strided_rec: 2
nr_doubles: 65536
nr_of_strided_rec: 2
nr_doubles: 65536
nr_of_strided_rec: 2
nr_doubles: 65536
nr_of_strided_rec: 2
nr_doubles: 65536

Write the data to file:8388608 bytes
***********WAITING************

Write the data to file:8388608 bytes
***********WAITING************

Write the data to file:8388608 bytes
***********WAITING************

Write the data to file:8388608 bytes
***********WAITING************

Write the data to file:8388608 bytes
***********WAITING************

Write the data to file:8388608 bytes
***********WAITING************

Write the data to file:8388608 bytes
***********WAITING************

Write the data to file:8388608 bytes
***********WAITING************

Write the data to file:8388608 bytes
***********WAITING************

Write the data to file:8388608 bytes
***********WAITING************

Write the data to file:8388608 bytes
***********WAITING************

Write the data to file:8388608 bytes
***********WAITING************

Write the data to file:8388608 bytes
***********WAITING************

Write the data to file:8388608 bytes
***********WAITING************

Write the data to file:8388608 bytes
***********WAITING************

Write the data to file:8388608 bytes
***********WAITING************

Write the data to file:8388608 bytes
***********WAITING************

Write the data to file:8388608 bytes
***********WAITING************

Write the data to file:8388608 bytes
***********WAITING************

Write the data to file:8388608 bytes
***********WAITING************

Write the data to file:8388608 bytes
***********WAITING************

Write the data to file:8388608 bytes
***********WAITING************

Write the data to file:8388608 bytes
***********WAITING************

Write the data to file:8388608 bytes
***********WAITING************

Write the data to file:8388608 bytes
***********WAITING************

Write the data to file:8388608 bytes
***********WAITING************

Write the data to file:8388608 bytes
***********WAITING************

Write the data to file:8388608 bytes
***********WAITING************

Write the data to file:8388608 bytes
***********WAITING************

Write the data to file:8388608 bytes
***********WAITING************

Write the data to file:8388608 bytes
***********WAITING************

Write the data to file:8388608 bytes
***********WAITING************
W_cc         0.61   [      0.61:      0.61]
W_r         16.42   [     16.42:     16.42]
W_w          4.21   [      4.21:      4.21]
          -------
W_total     21.24   [     21.24:     21.24]

calc_W done
calc_W done
calc_W done
calc_W done
calc_W done
calc_W done
calc_W done
calc_W done
calc_W done
nr_of_strided_rec: 2
nr_doubles: 65536
calc_W done
nr_of_strided_rec: 2
nr_doubles: 65536
calc_W done
nr_of_strided_rec: 2
nr_doubles: 65536
calc_W done
nr_of_strided_rec: 2
nr_doubles: 65536
calc_W done
nr_of_strided_rec: 2
nr_doubles: 65536
calc_W done
nr_of_strided_rec: 2
nr_doubles: 65536
calc_W done
nr_of_strided_rec: 2
nr_doubles: 65536
calc_W done
nr_of_strided_rec: 2
nr_doubles: 65536
nr_of_strided_rec: 2
nr_doubles: 65536
nr_of_strided_rec: 2
nr_doubles: 65536
nr_of_strided_rec: 2
nr_doubles: 65536
nr_of_strided_rec: 2
nr_doubles: 65536
nr_of_strided_rec: 2
nr_doubles: 65536
nr_of_strided_rec: 2
nr_doubles: 65536
nr_of_strided_rec: 2
nr_doubles: 65536
nr_of_strided_rec: 2
nr_doubles: 65536
nr_of_strided_rec: 2
nr_doubles: 65536
nr_of_strided_rec: 2
nr_doubles: 65536
nr_of_strided_rec: 2
nr_doubles: 65536
nr_of_strided_rec: 2
nr_doubles: 65536
nr_of_strided_rec: 2
nr_doubles: 65536
nr_of_strided_rec: 2
nr_doubles: 65536
nr_of_strided_rec: 2
nr_doubles: 65536
nr_of_strided_rec: 2
nr_doubles: 65536
nr_of_strided_rec: 2
nr_doubles: 65536
nr_of_strided_rec: 2
nr_doubles: 65536
nr_of_strided_rec: 2
nr_doubles: 65536
nr_of_strided_rec: 2
nr_doubles: 65536
nr_of_strided_rec: 2
nr_doubles: 65536
nr_of_strided_rec: 2
nr_doubles: 65536
nr_of_strided_rec: 2
nr_doubles: 65536
nr_of_strided_rec: 2
nr_doubles: 65536
nr_of_strided_rec: 2
nr_doubles: 65536
nr_of_strided_rec: 2
nr_doubles: 65536
nr_of_strided_rec: 2
nr_doubles: 65536
nr_of_strided_rec: 2
nr_doubles: 65536
nr_of_strided_rec: 2
nr_doubles: 65536
nr_of_strided_rec: 2
nr_doubles: 65536
nr_of_strided_rec: 2
nr_doubles: 65536
nr_of_strided_rec: 2
nr_doubles: 65536
nr_of_strided_rec: 2
nr_doubles: 65536
nr_of_strided_rec: 2
nr_doubles: 65536
nr_of_strided_rec: 2
nr_doubles: 65536
nr_of_strided_rec: 2
nr_doubles: 65536
nr_of_strided_rec: 2
nr_doubles: 65536
nr_of_strided_rec: 2
nr_doubles: 65536
nr_of_strided_rec: 2
nr_doubles: 65536
nr_of_strided_rec: 2
nr_doubles: 65536
nr_of_strided_rec: 2
nr_doubles: 65536
nr_of_strided_rec: 2
nr_doubles: 65536
nr_of_strided_rec: 2
nr_doubles: 65536
nr_of_strided_rec: 2
nr_doubles: 65536
nr_of_strided_rec: 2
nr_doubles: 65536
nr_of_strided_rec: 2
nr_doubles: 65536
nr_of_strided_rec: 2
nr_doubles: 65536
nr_of_strided_rec: 2
nr_doubles: 65536
nr_of_strided_rec: 2
nr_doubles: 65536
nr_of_strided_rec: 2
nr_doubles: 65536
nr_of_strided_rec: 2
nr_doubles: 65536
nr_of_strided_rec: 2
nr_doubles: 65536
nr_of_strided_rec: 2
nr_doubles: 65536
nr_of_strided_rec: 2
nr_doubles: 65536
nr_of_strided_rec: 2
nr_doubles: 65536
nr_of_strided_rec: 2
nr_doubles: 65536
nr_of_strided_rec: 2
nr_doubles: 65536
nr_of_strided_rec: 2
nr_doubles: 65536
nr_of_strided_rec: 2
nr_doubles: 65536
nr_of_strided_rec: 2
nr_doubles: 65536
nr_of_strided_rec: 2
nr_doubles: 65536
nr_of_strided_rec: 2
nr_doubles: 65536
nr_of_strided_rec: 2
nr_doubles: 65536
nr_of_strided_rec: 2
nr_doubles: 65536
nr_of_strided_rec: 2
nr_doubles: 65536
nr_of_strided_rec: 2
nr_doubles: 65536
nr_of_strided_rec: 2
nr_doubles: 65536
nr_of_strided_rec: 2
nr_doubles: 65536
nr_of_strided_rec: 2
nr_doubles: 65536
nr_of_strided_rec: 2
nr_doubles: 65536
nr_of_strided_rec: 2
nr_doubles: 65536
nr_of_strided_rec: 2
nr_doubles: 65536
nr_of_strided_rec: 2
nr_doubles: 65536
nr_of_strided_rec: 2
nr_doubles: 65536
nr_of_strided_rec: 2
nr_doubles: 65536
nr_of_strided_rec: 2
nr_doubles: 65536
nr_of_strided_rec: 2
nr_doubles: 65536
nr_of_strided_rec: 2
nr_doubles: 65536
nr_of_strided_rec: 2
nr_doubles: 65536
nr_of_strided_rec: 2
nr_doubles: 65536
nr_of_strided_rec: 2
nr_doubles: 65536
nr_of_strided_rec: 2
nr_doubles: 65536
nr_of_strided_rec: 2
nr_doubles: 65536
nr_of_strided_rec: 2
nr_doubles: 65536
nr_of_strided_rec: 2
nr_doubles: 65536
nr_of_strided_rec: 2
nr_doubles: 65536
nr_of_strided_rec: 2
nr_doubles: 65536
nr_of_strided_rec: 2
nr_doubles: 65536
nr_of_strided_rec: 2
nr_doubles: 65536
nr_of_strided_rec: 2
nr_doubles: 65536
nr_of_strided_rec: 2
nr_doubles: 65536
nr_of_strided_rec: 2
nr_doubles: 65536
nr_of_strided_rec: 2
nr_doubles: 65536
nr_of_strided_rec: 2
nr_doubles: 65536
nr_of_strided_rec: 2
nr_doubles: 65536
nr_of_strided_rec: 2
nr_doubles: 65536
nr_of_strided_rec: 2
nr_doubles: 65536
nr_of_strided_rec: 2
nr_doubles: 65536
nr_of_strided_rec: 2
nr_doubles: 65536
nr_of_strided_rec: 2
nr_doubles: 65536
nr_of_strided_rec: 2
nr_doubles: 65536
nr_of_strided_rec: 2
nr_doubles: 65536
nr_of_strided_rec: 2
nr_doubles: 65536
nr_of_strided_rec: 2
nr_doubles: 65536
nr_of_strided_rec: 2
nr_doubles: 65536
nr_of_strided_rec: 2
nr_doubles: 65536
nr_of_strided_rec: 2
nr_doubles: 65536
nr_of_strided_rec: 2
nr_doubles: 65536
nr_of_strided_rec: 2
nr_doubles: 65536
nr_of_strided_rec: 2
nr_doubles: 65536
nr_of_strided_rec: 2
nr_doubles: 65536
nr_of_strided_rec: 2
nr_doubles: 65536
nr_of_strided_rec: 2
nr_doubles: 65536
nr_of_strided_rec: 2
nr_doubles: 65536
nr_of_strided_rec: 2
nr_doubles: 65536
nr_of_strided_rec: 2
nr_doubles: 65536
nr_of_strided_rec: 2
nr_doubles: 65536
nr_of_strided_rec: 2
nr_doubles: 65536
nr_of_strided_rec: 2
nr_doubles: 65536
nr_of_strided_rec: 2
nr_doubles: 65536
nr_of_strided_rec: 2
nr_doubles: 65536
nr_of_strided_rec: 2
nr_doubles: 65536
nr_of_strided_rec: 2
nr_doubles: 65536
nr_of_strided_rec: 2
nr_doubles: 65536
nr_of_strided_rec: 2
nr_doubles: 65536
nr_of_strided_rec: 2
nr_doubles: 65536
nr_of_strided_rec: 2
nr_doubles: 65536
nr_of_strided_rec: 2
nr_doubles: 65536
nr_of_strided_rec: 2
nr_doubles: 65536
nr_of_strided_rec: 2
nr_doubles: 65536
nr_of_strided_rec: 2
nr_doubles: 65536
nr_of_strided_rec: 2
nr_doubles: 65536
nr_of_strided_rec: 2
nr_doubles: 65536
nr_of_strided_rec: 2
nr_doubles: 65536
nr_of_strided_rec: 2
nr_doubles: 65536
nr_of_strided_rec: 2
nr_doubles: 65536
nr_of_strided_rec: 2
nr_doubles: 65536
nr_of_strided_rec: 2
nr_doubles: 65536
nr_of_strided_rec: 2
nr_doubles: 65536
nr_of_strided_rec: 2
nr_doubles: 65536
nr_of_strided_rec: 2
nr_doubles: 65536
nr_of_strided_rec: 2
nr_doubles: 65536
nr_of_strided_rec: 2
nr_doubles: 65536
nr_of_strided_rec: 2
nr_doubles: 65536
nr_of_strided_rec: 2
nr_doubles: 65536
nr_of_strided_rec: 2
nr_doubles: 65536
nr_of_strided_rec: 2
nr_doubles: 65536
nr_of_strided_rec: 2
nr_doubles: 65536
nr_of_strided_rec: 2
nr_doubles: 65536
nr_of_strided_rec: 2
nr_doubles: 65536
nr_of_strided_rec: 2
nr_doubles: 65536
nr_of_strided_rec: 2
nr_doubles: 65536
nr_of_strided_rec: 2
nr_doubles: 65536
nr_of_strided_rec: 2
nr_doubles: 65536
nr_of_strided_rec: 2
nr_doubles: 65536
nr_of_strided_rec: 2
nr_doubles: 65536
nr_of_strided_rec: 2
nr_doubles: 65536
nr_of_strided_rec: 2
nr_doubles: 65536
nr_of_strided_rec: 2
nr_doubles: 65536
nr_of_strided_rec: 2
nr_doubles: 65536
nr_of_strided_rec: 2
nr_doubles: 65536
nr_of_strided_rec: 2
nr_doubles: 65536
nr_of_strided_rec: 2
nr_doubles: 65536
nr_of_strided_rec: 2
nr_doubles: 65536
nr_of_strided_rec: 2
nr_doubles: 65536
nr_of_strided_rec: 2
nr_doubles: 65536
nr_of_strided_rec: 2
nr_doubles: 65536
nr_of_strided_rec: 2
nr_doubles: 65536
nr_of_strided_rec: 2
nr_doubles: 65536
nr_of_strided_rec: 2
nr_doubles: 65536
nr_of_strided_rec: 2
nr_doubles: 65536
nr_of_strided_rec: 2
nr_doubles: 65536
nr_of_strided_rec: 2
nr_doubles: 65536
nr_of_strided_rec: 2
nr_doubles: 65536
nr_of_strided_rec: 2
nr_doubles: 65536
nr_of_strided_rec: 2
nr_doubles: 65536
nr_of_strided_rec: 2
nr_doubles: 65536
nr_of_strided_rec: 2
nr_doubles: 65536
nr_of_strided_rec: 2
nr_doubles: 65536
nr_of_strided_rec: 2
nr_doubles: 65536
nr_of_strided_rec: 2
nr_doubles: 65536
nr_of_strided_rec: 2
nr_doubles: 65536
nr_of_strided_rec: 2
nr_doubles: 65536
nr_of_strided_rec: 2
nr_doubles: 65536
nr_of_strided_rec: 2
nr_doubles: 65536
nr_of_strided_rec: 2
nr_doubles: 65536
nr_of_strided_rec: 2
nr_doubles: 65536
nr_of_strided_rec: 2
nr_doubles: 65536
nr_of_strided_rec: 2
nr_doubles: 65536
nr_of_strided_rec: 2
nr_doubles: 65536
nr_of_strided_rec: 2
nr_doubles: 65536
nr_of_strided_rec: 2
nr_doubles: 65536
nr_of_strided_rec: 2
nr_doubles: 65536
nr_of_strided_rec: 2
nr_doubles: 65536
nr_of_strided_rec: 2
nr_doubles: 65536
nr_of_strided_rec: 2
nr_doubles: 65536
nr_of_strided_rec: 2
nr_doubles: 65536
nr_of_strided_rec: 2
nr_doubles: 65536
nr_of_strided_rec: 2
nr_doubles: 65536
nr_of_strided_rec: 2
nr_doubles: 65536
nr_of_strided_rec: 2
nr_doubles: 65536
nr_of_strided_rec: 2
nr_doubles: 65536
nr_of_strided_rec: 2
nr_doubles: 65536
nr_of_strided_rec: 2
nr_doubles: 65536
nr_of_strided_rec: 2
nr_doubles: 65536
nr_of_strided_rec: 2
nr_doubles: 65536
nr_of_strided_rec: 2
nr_doubles: 65536
nr_of_strided_rec: 2
nr_doubles: 65536
nr_of_strided_rec: 2
nr_doubles: 65536
nr_of_strided_rec: 2
nr_doubles: 65536
nr_of_strided_rec: 2
nr_doubles: 65536
nr_of_strided_rec: 2
nr_doubles: 65536
nr_of_strided_rec: 2
nr_doubles: 65536
nr_of_strided_rec: 2
nr_doubles: 65536
nr_of_strided_rec: 2
nr_doubles: 65536
nr_of_strided_rec: 2
nr_doubles: 65536
nr_of_strided_rec: 2
nr_doubles: 65536
nr_of_strided_rec: 2
nr_doubles: 65536
nr_of_strided_rec: 2
nr_doubles: 65536
nr_of_strided_rec: 2
nr_doubles: 65536
nr_of_strided_rec: 2
nr_doubles: 65536
nr_of_strided_rec: 2
nr_doubles: 65536
nr_of_strided_rec: 2
nr_doubles: 65536
nr_of_strided_rec: 2
nr_doubles: 65536
nr_of_strided_rec: 2
nr_doubles: 65536
nr_of_strided_rec: 2
nr_doubles: 65536
nr_of_strided_rec: 2
nr_doubles: 65536
nr_of_strided_rec: 2
nr_doubles: 65536
nr_of_strided_rec: 2
nr_doubles: 65536
nr_of_strided_rec: 2
nr_doubles: 65536
nr_of_strided_rec: 2
nr_doubles: 65536
nr_of_strided_rec: 2
nr_doubles: 65536
nr_of_strided_rec: 2
nr_doubles: 65536
nr_of_strided_rec: 2
nr_doubles: 65536
nr_of_strided_rec: 2
nr_doubles: 65536
nr_of_strided_rec: 2
nr_doubles: 65536
nr_of_strided_rec: 2
nr_doubles: 65536
nr_of_strided_rec: 2
nr_doubles: 65536
nr_of_strided_rec: 2
nr_doubles: 65536
nr_of_strided_rec: 2
nr_doubles: 65536
nr_of_strided_rec: 2
nr_doubles: 65536
nr_of_strided_rec: 2
nr_doubles: 65536
nr_of_strided_rec: 2
nr_doubles: 65536
nr_of_strided_rec: 2
nr_doubles: 65536
nr_of_strided_rec: 2
nr_doubles: 65536
nr_of_strided_rec: 2
nr_doubles: 65536
nr_of_strided_rec: 2
nr_doubles: 65536
nr_of_strided_rec: 2
nr_doubles: 65536
nr_of_strided_rec: 2
nr_doubles: 65536
nr_of_strided_rec: 2
nr_doubles: 65536
nr_of_strided_rec: 2
nr_doubles: 65536
nr_of_strided_rec: 2
nr_doubles: 65536
nr_of_strided_rec: 2
nr_doubles: 65536
nr_of_strided_rec: 2
nr_doubles: 65536
nr_of_strided_rec: 2
nr_doubles: 65536
nr_of_strided_rec: 2
nr_doubles: 65536
nr_of_strided_rec: 2
nr_doubles: 65536
nr_of_strided_rec: 2
nr_doubles: 65536
nr_of_strided_rec: 2
nr_doubles: 65536
nr_of_strided_rec: 2
nr_doubles: 65536
nr_of_strided_rec: 2
nr_doubles: 65536
nr_of_strided_rec: 2
nr_doubles: 65536
nr_of_strided_rec: 2
nr_doubles: 65536
nr_of_strided_rec: 2
nr_doubles: 65536
nr_of_strided_rec: 2
nr_doubles: 65536
nr_of_strided_rec: 2
nr_doubles: 65536
nr_of_strided_rec: 2
nr_doubles: 65536
nr_of_strided_rec: 2
nr_doubles: 65536
nr_of_strided_rec: 2
nr_doubles: 65536
nr_of_strided_rec: 2
nr_doubles: 65536
nr_of_strided_rec: 2
nr_doubles: 65536
nr_of_strided_rec: 2
nr_doubles: 65536
nr_of_strided_rec: 2
nr_doubles: 65536
nr_of_strided_rec: 2
nr_doubles: 65536
nr_of_strided_rec: 2
nr_doubles: 65536
nr_of_strided_rec: 2
nr_doubles: 65536
nr_of_strided_rec: 2
nr_doubles: 65536
nr_of_strided_rec: 2
nr_doubles: 65536
nr_of_strided_rec: 2
nr_doubles: 65536
nr_of_strided_rec: 2
nr_doubles: 65536
nr_of_strided_rec: 2
nr_doubles: 65536
nr_of_strided_rec: 2
nr_doubles: 65536
nr_of_strided_rec: 2
nr_doubles: 65536
nr_of_strided_rec: 2
nr_doubles: 65536
nr_of_strided_rec: 2
nr_doubles: 65536
nr_of_strided_rec: 2
nr_doubles: 65536
nr_of_strided_rec: 2
nr_doubles: 65536
nr_of_strided_rec: 2
nr_doubles: 65536
nr_of_strided_rec: 2
nr_doubles: 65536
nr_of_strided_rec: 2
nr_doubles: 65536
nr_of_strided_rec: 2
nr_doubles: 65536
nr_of_strided_rec: 2
nr_doubles: 65536
nr_of_strided_rec: 2
nr_doubles: 65536
nr_of_strided_rec: 2
nr_doubles: 65536
nr_of_strided_rec: 2
nr_doubles: 65536
nr_of_strided_rec: 2
nr_doubles: 65536
nr_of_strided_rec: 2
nr_doubles: 65536
nr_of_strided_rec: 2
nr_doubles: 65536
nr_of_strided_rec: 2
nr_doubles: 65536
nr_of_strided_rec: 2
nr_doubles: 65536
nr_of_strided_rec: 2
nr_doubles: 65536
nr_of_strided_rec: 2
nr_doubles: 65536
nr_of_strided_rec: 2
nr_doubles: 65536
nr_of_strided_rec: 2
nr_doubles: 65536
nr_of_strided_rec: 2
nr_doubles: 65536
nr_of_strided_rec: 2
nr_doubles: 65536
nr_of_strided_rec: 2
nr_doubles: 65536
nr_of_strided_rec: 2
nr_doubles: 65536
nr_of_strided_rec: 2
nr_doubles: 65536
nr_of_strided_rec: 2
nr_doubles: 65536
nr_of_strided_rec: 2
nr_doubles: 65536
nr_of_strided_rec: 2
nr_doubles: 65536
nr_of_strided_rec: 2
nr_doubles: 65536
nr_of_strided_rec: 2
nr_doubles: 65536
nr_of_strided_rec: 2
nr_doubles: 65536
nr_of_strided_rec: 2
nr_doubles: 65536
nr_of_strided_rec: 2
nr_doubles: 65536
nr_of_strided_rec: 2
nr_doubles: 65536
nr_of_strided_rec: 2
nr_doubles: 65536
nr_of_strided_rec: 2
nr_doubles: 65536
nr_of_strided_rec: 2
