fclose PID:28925 fd:3
fclose PID:28925 fd:4
fclose PID:28925 fd:4
fclose PID:28925 fd:3
available: 2 nodes (0-1)
fclose PID:28925 fd:3
node 0 cpus:fclose PID:28925 fd:3
 0 1 2 3 4 5 6 7 8 9 20 21 22 23 24 25 26 27 28 29
node 0 size: 80440 MB
node 0 free: 80126 MB
fclose PID:28925 fd:3
node 1 cpus:fclose PID:28925 fd:3
 10 11 12 13 14 15 16 17 18 19 30 31 32 33 34 35 36 37 38 39
node 1 size: 80635 MB
node 1 free: 80373 MB
fclose PID:28925 fd:3
fclose PID:28925 fd:3
node distances:
node   0   1 
  0:  10  21 
  1:  21  10 
READAHEAD_TIME:0.000000 us
MaxRSS= 2176 KB, SharedMem= 0 KB, HardPageFault= 10
fclose PID:28933 fd:8
fclose PID:28931 fd:10
fclose PID:28930 fd:12
fclose PID:28932 fd:8

MADbench 2.0 IO-mode
no_pe = 4  no_pix = 4096  no_bin = 30  no_gang = 1 sblocksize = 8  fblocksize = 64  r_mod = 1  w_mod = 1 record_size=16777216 stride=7


IOMETHOD = POSIX  IOMODE = SYNC  FILETYPE = UNIQUE  REMAP = CUSTOMbuild_S
build_S
build_S
build_S

Write the data to file:33554432 bytes
***********WAITING************

Write the data to file:33554432 bytes
***********WAITING************

Write the data to file:33554432 bytes
***********WAITING************

Write the data to file:33554432 bytes
***********WAITING************

Write the data to file:33554432 bytes
***********WAITING************

Write the data to file:33554432 bytes
***********WAITING************

Write the data to file:33554432 bytes
***********WAITING************

Write the data to file:33554432 bytes
***********WAITING************

Write the data to file:33554432 bytes
***********WAITING************

Write the data to file:33554432 bytes
***********WAITING************

Write the data to file:33554432 bytes
***********WAITING************

Write the data to file:33554432 bytes
***********WAITING************

Write the data to file:33554432 bytes
***********WAITING************

Write the data to file:33554432 bytes
***********WAITING************

Write the data to file:33554432 bytes
***********WAITING************

Write the data to file:33554432 bytes
***********WAITING************

Write the data to file:33554432 bytes
***********WAITING************

Write the data to file:33554432 bytes
***********WAITING************

Write the data to file:33554432 bytes
***********WAITING************

Write the data to file:33554432 bytes
***********WAITING************

Write the data to file:33554432 bytes
***********WAITING************

Write the data to file:33554432 bytes
***********WAITING************

Write the data to file:33554432 bytes
***********WAITING************

Write the data to file:33554432 bytes
***********WAITING************

Write the data to file:33554432 bytes
***********WAITING************

Write the data to file:33554432 bytes
***********WAITING************

Write the data to file:33554432 bytes
***********WAITING************

Write the data to file:33554432 bytes
***********WAITING************

Write the data to file:33554432 bytes
***********WAITING************

Write the data to file:33554432 bytes
***********WAITING************

Write the data to file:33554432 bytes
***********WAITING************

Write the data to file:33554432 bytes
***********WAITING************

Write the data to file:33554432 bytes
***********WAITING************

Write the data to file:33554432 bytes
***********WAITING************

Write the data to file:33554432 bytes
***********WAITING************

Write the data to file:33554432 bytes
***********WAITING************

Write the data to file:33554432 bytes
***********WAITING************

Write the data to file:33554432 bytes
***********WAITING************

Write the data to file:33554432 bytes
***********WAITING************

Write the data to file:33554432 bytes
***********WAITING************

Write the data to file:33554432 bytes
***********WAITING************

Write the data to file:33554432 bytes
***********WAITING************

Write the data to file:33554432 bytes
***********WAITING************

Write the data to file:33554432 bytes
***********WAITING************

Write the data to file:33554432 bytes
***********WAITING************

Write the data to file:33554432 bytes
***********WAITING************

Write the data to file:33554432 bytes
***********WAITING************

Write the data to file:33554432 bytes
***********WAITING************

Write the data to file:33554432 bytes
***********WAITING************

Write the data to file:33554432 bytes
***********WAITING************

Write the data to file:33554432 bytes
***********WAITING************

Write the data to file:33554432 bytes
***********WAITING************

Write the data to file:33554432 bytes
***********WAITING************

Write the data to file:33554432 bytes
***********WAITING************

Write the data to file:33554432 bytes
***********WAITING************

Write the data to file:33554432 bytes
***********WAITING************

Write the data to file:33554432 bytes
***********WAITING************

Write the data to file:33554432 bytes
***********WAITING************

Write the data to file:33554432 bytes
***********WAITING************

Write the data to file:33554432 bytes
***********WAITING************

Write the data to file:33554432 bytes
***********WAITING************

Write the data to file:33554432 bytes
***********WAITING************

Write the data to file:33554432 bytes
***********WAITING************

Write the data to file:33554432 bytes
***********WAITING************

Write the data to file:33554432 bytes
***********WAITING************

Write the data to file:33554432 bytes
***********WAITING************

Write the data to file:33554432 bytes
***********WAITING************

Write the data to file:33554432 bytes
***********WAITING************

Write the data to file:33554432 bytes
***********WAITING************

Write the data to file:33554432 bytes
***********WAITING************

Write the data to file:33554432 bytes
***********WAITING************

Write the data to file:33554432 bytes
***********WAITING************

Write the data to file:33554432 bytes
***********WAITING************

Write the data to file:33554432 bytes
***********WAITING************

Write the data to file:33554432 bytes
***********WAITING************

Write the data to file:33554432 bytes
***********WAITING************

Write the data to file:33554432 bytes
***********WAITING************

Write the data to file:33554432 bytes
***********WAITING************

Write the data to file:33554432 bytes
***********WAITING************

Write the data to file:33554432 bytes
***********WAITING************

Write the data to file:33554432 bytes
***********WAITING************

Write the data to file:33554432 bytes
***********WAITING************

Write the data to file:33554432 bytes
***********WAITING************

Write the data to file:33554432 bytes
***********WAITING************

Write the data to file:33554432 bytes
***********WAITING************

Write the data to file:33554432 bytes
***********WAITING************

Write the data to file:33554432 bytes
***********WAITING************

Write the data to file:33554432 bytes
***********WAITING************

Write the data to file:33554432 bytes
***********WAITING************

Write the data to file:33554432 bytes
***********WAITING************

Write the data to file:33554432 bytes
***********WAITING************

Write the data to file:33554432 bytes
***********WAITING************

Write the data to file:33554432 bytes
***********WAITING************

Write the data to file:33554432 bytes
***********WAITING************

Write the data to file:33554432 bytes
***********WAITING************

Write the data to file:33554432 bytes
***********WAITING************

Write the data to file:33554432 bytes
***********WAITING************

Write the data to file:33554432 bytes
***********WAITING************

Write the data to file:33554432 bytes
***********WAITING************

Write the data to file:33554432 bytes
***********WAITING************

Write the data to file:33554432 bytes
***********WAITING************

Write the data to file:33554432 bytes
***********WAITING************

Write the data to file:33554432 bytes
***********WAITING************

Write the data to file:33554432 bytes
***********WAITING************

Write the data to file:33554432 bytes
***********WAITING************

Write the data to file:33554432 bytes
***********WAITING************

Write the data to file:33554432 bytes
***********WAITING************

Write the data to file:33554432 bytes
***********WAITING************

Write the data to file:33554432 bytes
***********WAITING************

Write the data to file:33554432 bytes
***********WAITING************

Write the data to file:33554432 bytes
***********WAITING************

Write the data to file:33554432 bytes
***********WAITING************

Write the data to file:33554432 bytes
***********WAITING************

Write the data to file:33554432 bytes
***********WAITING************

Write the data to file:33554432 bytes
***********WAITING************

Write the data to file:33554432 bytes
***********WAITING************

Write the data to file:33554432 bytes
***********WAITING************

Write the data to file:33554432 bytes
***********WAITING************

Write the data to file:33554432 bytes
***********WAITING************

Write the data to file:33554432 bytes
***********WAITING************
S_cc         0.40   [      0.40:      0.40]
S_bw         0.18   [      0.18:      0.18]
S_w          8.34   [      8.34:      8.34]
          -------
S_total      8.92   [      8.92:      8.92]

build_S done
calc_W
nr_of_strided_rec: 0
WARNING: RECORD_SIZE >> READ_NEEDED
nr_doubles: 4194304
build_S done
calc_W
nr_of_strided_rec: 0
WARNING: RECORD_SIZE >> READ_NEEDED
nr_doubles: 4194304
build_S done
calc_W
nr_of_strided_rec: 0
WARNING: RECORD_SIZE >> READ_NEEDED
nr_doubles: 4194304
build_S done
calc_W
nr_of_strided_rec: 0
WARNING: RECORD_SIZE >> READ_NEEDED
nr_doubles: 4194304
nr_of_strided_rec: 1
nr_doubles: 4194304
nr_of_strided_rec: 1
nr_doubles: 4194304
nr_of_strided_rec: 1
nr_doubles: 4194304
nr_of_strided_rec: 1
nr_doubles: 4194304

Write the data to file:33554432 bytes
***********WAITING************

Write the data to file:33554432 bytes
***********WAITING************

Write the data to file:33554432 bytes
***********WAITING************

Write the data to file:33554432 bytes
***********WAITING************
nr_of_strided_rec: 1
nr_doubles: 4194304
nr_of_strided_rec: 1
nr_doubles: 4194304
nr_of_strided_rec: 1
nr_doubles: 4194304
nr_of_strided_rec: 1
nr_doubles: 4194304

Write the data to file:33554432 bytes
***********WAITING************

Write the data to file:33554432 bytes
***********WAITING************

Write the data to file:33554432 bytes
***********WAITING************

Write the data to file:33554432 bytes
***********WAITING************
nr_of_strided_rec: 1
nr_doubles: 4194304
nr_of_strided_rec: 1
nr_doubles: 4194304
nr_of_strided_rec: 1
nr_doubles: 4194304
nr_of_strided_rec: 1
nr_doubles: 4194304

Write the data to file:33554432 bytes
***********WAITING************

Write the data to file:33554432 bytes
***********WAITING************

Write the data to file:33554432 bytes
***********WAITING************

Write the data to file:33554432 bytes
***********WAITING************
nr_of_strided_rec: 1
nr_doubles: 4194304
nr_of_strided_rec: 1
nr_doubles: 4194304
nr_of_strided_rec: 1
nr_doubles: 4194304
nr_of_strided_rec: 1
nr_doubles: 4194304

Write the data to file:33554432 bytes
***********WAITING************

Write the data to file:33554432 bytes
***********WAITING************

Write the data to file:33554432 bytes
***********WAITING************

Write the data to file:33554432 bytes
***********WAITING************
nr_of_strided_rec: 1
nr_doubles: 4194304
nr_of_strided_rec: 1
nr_doubles: 4194304
nr_of_strided_rec: 1
nr_doubles: 4194304
nr_of_strided_rec: 1
nr_doubles: 4194304

Write the data to file:33554432 bytes
***********WAITING************

Write the data to file:33554432 bytes
***********WAITING************

Write the data to file:33554432 bytes
***********WAITING************

Write the data to file:33554432 bytes
***********WAITING************
nr_of_strided_rec: 1
nr_doubles: 4194304
nr_of_strided_rec: 1
nr_doubles: 4194304
nr_of_strided_rec: 1
nr_doubles: 4194304
nr_of_strided_rec: 1
nr_doubles: 4194304

Write the data to file:33554432 bytes
***********WAITING************

Write the data to file:33554432 bytes
***********WAITING************

Write the data to file:33554432 bytes
***********WAITING************

Write the data to file:33554432 bytes
***********WAITING************
nr_of_strided_rec: 1
nr_doubles: 4194304
nr_of_strided_rec: 1
nr_doubles: 4194304
nr_of_strided_rec: 1
nr_doubles: 4194304
nr_of_strided_rec: 1
nr_doubles: 4194304

Write the data to file:33554432 bytes
***********WAITING************

Write the data to file:33554432 bytes
***********WAITING************

Write the data to file:33554432 bytes
***********WAITING************

Write the data to file:33554432 bytes
***********WAITING************
nr_of_strided_rec: 1
nr_doubles: 4194304
nr_of_strided_rec: 1
nr_doubles: 4194304
nr_of_strided_rec: 1
nr_doubles: 4194304
nr_of_strided_rec: 1
nr_doubles: 4194304

Write the data to file:33554432 bytes
***********WAITING************

Write the data to file:33554432 bytes
***********WAITING************

Write the data to file:33554432 bytes
***********WAITING************

Write the data to file:33554432 bytes
***********WAITING************
nr_of_strided_rec: 1
nr_doubles: 4194304
nr_of_strided_rec: 1
nr_doubles: 4194304
nr_of_strided_rec: 1
nr_doubles: 4194304
nr_of_strided_rec: 1
nr_doubles: 4194304

Write the data to file:33554432 bytes
***********WAITING************

Write the data to file:33554432 bytes
***********WAITING************

Write the data to file:33554432 bytes
***********WAITING************

Write the data to file:33554432 bytes
***********WAITING************
nr_of_strided_rec: 1
nr_doubles: 4194304
nr_of_strided_rec: 1
nr_doubles: 4194304
nr_of_strided_rec: 1
nr_doubles: 4194304
nr_of_strided_rec: 1
nr_doubles: 4194304

Write the data to file:33554432 bytes
***********WAITING************

Write the data to file:33554432 bytes
***********WAITING************

Write the data to file:33554432 bytes
***********WAITING************

Write the data to file:33554432 bytes
***********WAITING************
nr_of_strided_rec: 1
nr_doubles: 4194304
nr_of_strided_rec: 1
nr_doubles: 4194304
nr_of_strided_rec: 1
nr_doubles: 4194304
nr_of_strided_rec: 1
nr_doubles: 4194304

Write the data to file:33554432 bytes
***********WAITING************

Write the data to file:33554432 bytes
***********WAITING************

Write the data to file:33554432 bytes
***********WAITING************

Write the data to file:33554432 bytes
***********WAITING************
nr_of_strided_rec: 1
nr_doubles: 4194304
nr_of_strided_rec: 1
nr_doubles: 4194304
nr_of_strided_rec: 1
nr_doubles: 4194304
nr_of_strided_rec: 1
nr_doubles: 4194304

Write the data to file:33554432 bytes
***********WAITING************

Write the data to file:33554432 bytes
***********WAITING************

Write the data to file:33554432 bytes
***********WAITING************

Write the data to file:33554432 bytes
***********WAITING************
nr_of_strided_rec: 1
nr_doubles: 4194304
nr_of_strided_rec: 1
nr_doubles: 4194304
nr_of_strided_rec: 1
nr_doubles: 4194304
nr_of_strided_rec: 1
nr_doubles: 4194304

Write the data to file:33554432 bytes
***********WAITING************

Write the data to file:33554432 bytes
***********WAITING************

Write the data to file:33554432 bytes
***********WAITING************

Write the data to file:33554432 bytes
***********WAITING************
nr_of_strided_rec: 1
nr_doubles: 4194304
nr_of_strided_rec: 1
nr_doubles: 4194304
nr_of_strided_rec: 1
nr_doubles: 4194304
nr_of_strided_rec: 1
nr_doubles: 4194304

Write the data to file:33554432 bytes
***********WAITING************

Write the data to file:33554432 bytes
***********WAITING************

Write the data to file:33554432 bytes
***********WAITING************

Write the data to file:33554432 bytes
***********WAITING************
nr_of_strided_rec: 1
nr_doubles: 4194304
nr_of_strided_rec: 1
nr_doubles: 4194304
nr_of_strided_rec: 1
nr_doubles: 4194304
nr_of_strided_rec: 1
nr_doubles: 4194304

Write the data to file:33554432 bytes
***********WAITING************

Write the data to file:33554432 bytes
***********WAITING************

Write the data to file:33554432 bytes
***********WAITING************

Write the data to file:33554432 bytes
***********WAITING************
nr_of_strided_rec: 1
nr_doubles: 4194304
nr_of_strided_rec: 1
nr_doubles: 4194304
nr_of_strided_rec: 1
nr_doubles: 4194304
nr_of_strided_rec: 1
nr_doubles: 4194304

Write the data to file:33554432 bytes
***********WAITING************

Write the data to file:33554432 bytes
***********WAITING************

Write the data to file:33554432 bytes
***********WAITING************

Write the data to file:33554432 bytes
***********WAITING************
nr_of_strided_rec: 1
nr_doubles: 4194304
nr_of_strided_rec: 1
nr_doubles: 4194304
nr_of_strided_rec: 1
nr_doubles: 4194304
nr_of_strided_rec: 1
nr_doubles: 4194304

Write the data to file:33554432 bytes
***********WAITING************

Write the data to file:33554432 bytes
***********WAITING************

Write the data to file:33554432 bytes
***********WAITING************

Write the data to file:33554432 bytes
***********WAITING************
nr_of_strided_rec: 1
nr_doubles: 4194304
nr_of_strided_rec: 1
nr_doubles: 4194304
nr_of_strided_rec: 1
nr_doubles: 4194304
nr_of_strided_rec: 1
nr_doubles: 4194304

Write the data to file:33554432 bytes
***********WAITING************

Write the data to file:33554432 bytes
***********WAITING************

Write the data to file:33554432 bytes
***********WAITING************

Write the data to file:33554432 bytes
***********WAITING************
nr_of_strided_rec: 1
nr_doubles: 4194304
nr_of_strided_rec: 1
nr_doubles: 4194304
nr_of_strided_rec: 1
nr_doubles: 4194304
nr_of_strided_rec: 1
nr_doubles: 4194304

Write the data to file:33554432 bytes
***********WAITING************

Write the data to file:33554432 bytes
***********WAITING************

Write the data to file:33554432 bytes
***********WAITING************

Write the data to file:33554432 bytes
***********WAITING************
nr_of_strided_rec: 1
nr_doubles: 4194304
nr_of_strided_rec: 1
nr_doubles: 4194304
nr_of_strided_rec: 1
nr_doubles: 4194304
nr_of_strided_rec: 1
nr_doubles: 4194304

Write the data to file:33554432 bytes
***********WAITING************

Write the data to file:33554432 bytes
***********WAITING************

Write the data to file:33554432 bytes
***********WAITING************

Write the data to file:33554432 bytes
***********WAITING************
nr_of_strided_rec: 1
nr_doubles: 4194304
nr_of_strided_rec: 1
nr_doubles: 4194304
nr_of_strided_rec: 1
nr_doubles: 4194304
nr_of_strided_rec: 1
nr_doubles: 4194304

Write the data to file:33554432 bytes
***********WAITING************

Write the data to file:33554432 bytes
***********WAITING************

Write the data to file:33554432 bytes
***********WAITING************

Write the data to file:33554432 bytes
***********WAITING************
nr_of_strided_rec: 1
nr_doubles: 4194304
nr_of_strided_rec: 1
nr_doubles: 4194304
nr_of_strided_rec: 1
nr_doubles: 4194304
nr_of_strided_rec: 1
nr_doubles: 4194304

Write the data to file:33554432 bytes
***********WAITING************

Write the data to file:33554432 bytes
***********WAITING************

Write the data to file:33554432 bytes
***********WAITING************

Write the data to file:33554432 bytes
***********WAITING************
nr_of_strided_rec: 1
nr_doubles: 4194304
nr_of_strided_rec: 1
nr_doubles: 4194304
nr_of_strided_rec: 1
nr_doubles: 4194304
nr_of_strided_rec: 1
nr_doubles: 4194304

Write the data to file:33554432 bytes
***********WAITING************

Write the data to file:33554432 bytes
***********WAITING************

Write the data to file:33554432 bytes
***********WAITING************

Write the data to file:33554432 bytes
***********WAITING************
nr_of_strided_rec: 1
nr_doubles: 4194304
nr_of_strided_rec: 1
nr_doubles: 4194304
nr_of_strided_rec: 1
nr_doubles: 4194304
nr_of_strided_rec: 1
nr_doubles: 4194304

Write the data to file:33554432 bytes
***********WAITING************

Write the data to file:33554432 bytes
***********WAITING************

Write the data to file:33554432 bytes
***********WAITING************

Write the data to file:33554432 bytes
***********WAITING************
nr_of_strided_rec: 1
nr_doubles: 4194304
nr_of_strided_rec: 1
nr_doubles: 4194304
nr_of_strided_rec: 1
nr_doubles: 4194304
nr_of_strided_rec: 1
nr_doubles: 4194304

Write the data to file:33554432 bytes
***********WAITING************

Write the data to file:33554432 bytes
***********WAITING************

Write the data to file:33554432 bytes
***********WAITING************

Write the data to file:33554432 bytes
***********WAITING************
nr_of_strided_rec: 1
nr_doubles: 4194304
nr_of_strided_rec: 1
nr_doubles: 4194304
nr_of_strided_rec: 1
nr_doubles: 4194304
nr_of_strided_rec: 1
nr_doubles: 4194304

Write the data to file:33554432 bytes
***********WAITING************

Write the data to file:33554432 bytes
***********WAITING************

Write the data to file:33554432 bytes
***********WAITING************

Write the data to file:33554432 bytes
***********WAITING************
nr_of_strided_rec: 1
nr_doubles: 4194304
nr_of_strided_rec: 1
nr_doubles: 4194304
nr_of_strided_rec: 1
nr_doubles: 4194304
nr_of_strided_rec: 1
nr_doubles: 4194304

Write the data to file:33554432 bytes
***********WAITING************

Write the data to file:33554432 bytes
***********WAITING************

Write the data to file:33554432 bytes
***********WAITING************

Write the data to file:33554432 bytes
***********WAITING************
nr_of_strided_rec: 1
nr_doubles: 4194304
nr_of_strided_rec: 1
nr_doubles: 4194304
nr_of_strided_rec: 1
nr_doubles: 4194304
nr_of_strided_rec: 1
nr_doubles: 4194304

Write the data to file:33554432 bytes
***********WAITING************

Write the data to file:33554432 bytes
***********WAITING************

Write the data to file:33554432 bytes
***********WAITING************

Write the data to file:33554432 bytes
***********WAITING************
nr_of_strided_rec: 1
nr_doubles: 4194304
nr_of_strided_rec: 1
nr_doubles: 4194304
nr_of_strided_rec: 1
nr_doubles: 4194304
nr_of_strided_rec: 1
nr_doubles: 4194304

Write the data to file:33554432 bytes
***********WAITING************

Write the data to file:33554432 bytes
***********WAITING************

Write the data to file:33554432 bytes
***********WAITING************

Write the data to file:33554432 bytes
***********WAITING************

Write the data to file:33554432 bytes
***********WAITING************

Write the data to file:33554432 bytes
***********WAITING************

Write the data to file:33554432 bytes
***********WAITING************

Write the data to file:33554432 bytes
***********WAITING************
W_cc         0.78   [      0.78:      0.79]
W_r         14.98   [     14.98:     14.98]
W_w          2.48   [      2.48:      2.48]
          -------
W_total     18.24   [     18.24:     18.25]

calc_W done
calc_W done
calc_W done
calc_W done
nr_of_strided_rec: 1
nr_doubles: 4194304
nr_of_strided_rec: 1
nr_doubles: 4194304
nr_of_strided_rec: 1
nr_doubles: 4194304
nr_of_strided_rec: 1
nr_doubles: 4194304
nr_of_strided_rec: 1
nr_doubles: 4194304
nr_of_strided_rec: 1
nr_doubles: 4194304
nr_of_strided_rec: 1
nr_doubles: 4194304
nr_of_strided_rec: 1
nr_doubles: 4194304
nr_of_strided_rec: 1
nr_doubles: 4194304
nr_of_strided_rec: 1
nr_doubles: 4194304
nr_of_strided_rec: 1
nr_doubles: 4194304
nr_of_strided_rec: 1
nr_doubles: 4194304
nr_of_strided_rec: 1
nr_doubles: 4194304
nr_of_strided_rec: 1
nr_doubles: 4194304
nr_of_strided_rec: 1
nr_doubles: 4194304
nr_of_strided_rec: 1
nr_doubles: 4194304
nr_of_strided_rec: 1
nr_doubles: 4194304
nr_of_strided_rec: 1
nr_doubles: 4194304
nr_of_strided_rec: 1
nr_doubles: 4194304
nr_of_strided_rec: 1
nr_doubles: 4194304
nr_of_strided_rec: 1
nr_doubles: 4194304
nr_of_strided_rec: 1
nr_doubles: 4194304
nr_of_strided_rec: 1
nr_doubles: 4194304
nr_of_strided_rec: 1
nr_doubles: 4194304
nr_of_strided_rec: 1
nr_doubles: 4194304
nr_of_strided_rec: 1
nr_doubles: 4194304
nr_of_strided_rec: 1
nr_doubles: 4194304
nr_of_strided_rec: 1
nr_doubles: 4194304
nr_of_strided_rec: 1
nr_doubles: 4194304
nr_of_strided_rec: 1
nr_doubles: 4194304
nr_of_strided_rec: 1
nr_doubles: 4194304
nr_of_strided_rec: 1
nr_doubles: 4194304
nr_of_strided_rec: 1
nr_doubles: 4194304
nr_of_strided_rec: 1
nr_doubles: 4194304
nr_of_strided_rec: 1
nr_doubles: 4194304
nr_of_strided_rec: 1
nr_doubles: 4194304
nr_of_strided_rec: 1
nr_doubles: 4194304
nr_of_strided_rec: 1
nr_doubles: 4194304
nr_of_strided_rec: 1
nr_doubles: 4194304
nr_of_strided_rec: 1
nr_doubles: 4194304
nr_of_strided_rec: 1
nr_doubles: 4194304
nr_of_strided_rec: 1
nr_doubles: 4194304
nr_of_strided_rec: 1
nr_doubles: 4194304
nr_of_strided_rec: 1
nr_doubles: 4194304
nr_of_strided_rec: 1
nr_doubles: 4194304
nr_of_strided_rec: 1
nr_doubles: 4194304
nr_of_strided_rec: 1
nr_doubles: 4194304
nr_of_strided_rec: 1
nr_doubles: 4194304
nr_of_strided_rec: 1
nr_doubles: 4194304
nr_of_strided_rec: 1
nr_doubles: 4194304
nr_of_strided_rec: 1
nr_doubles: 4194304
nr_of_strided_rec: 1
nr_doubles: 4194304
nr_of_strided_rec: 1
nr_doubles: 4194304
nr_of_strided_rec: 1
nr_doubles: 4194304
nr_of_strided_rec: 1
nr_doubles: 4194304
nr_of_strided_rec: 1
nr_doubles: 4194304
nr_of_strided_rec: 1
nr_doubles: 4194304
nr_of_strided_rec: 1
nr_doubles: 4194304
nr_of_strided_rec: 1
nr_doubles: 4194304
nr_of_strided_rec: 1
nr_doubles: 4194304
nr_of_strided_rec: 1
nr_doubles: 4194304
nr_of_strided_rec: 1
nr_doubles: 4194304
nr_of_strided_rec: 1
nr_doubles: 4194304
nr_of_strided_rec: 1
nr_doubles: 4194304
nr_of_strided_rec: 1
nr_doubles: 4194304
nr_of_strided_rec: 1
nr_doubles: 4194304
nr_of_strided_rec: 1
nr_doubles: 4194304
nr_of_strided_rec: 1
nr_doubles: 4194304
nr_of_strided_rec: 1
nr_doubles: 4194304
nr_of_strided_rec: 1
nr_doubles: 4194304
nr_of_strided_rec: 1
nr_doubles: 4194304
nr_of_strided_rec: 1
nr_doubles: 4194304
nr_of_strided_rec: 1
nr_doubles: 4194304
nr_of_strided_rec: 1
nr_doubles: 4194304
nr_of_strided_rec: 1
nr_doubles: 4194304
nr_of_strided_rec: 1
nr_doubles: 4194304
nr_of_strided_rec: 1
nr_doubles: 4194304
nr_of_strided_rec: 1
nr_doubles: 4194304
nr_of_strided_rec: 1
nr_doubles: 4194304
nr_of_strided_rec: 1
nr_doubles: 4194304
nr_of_strided_rec: 1
nr_doubles: 4194304
nr_of_strided_rec: 1
nr_doubles: 4194304
nr_of_strided_rec: 1
nr_doubles: 4194304
nr_of_strided_rec: 1
nr_doubles: 4194304
nr_of_strided_rec: 1
nr_doubles: 4194304
nr_of_strided_rec: 1
nr_doubles: 4194304
nr_of_strided_rec: 1
nr_doubles: 4194304
nr_of_strided_rec: 1
nr_doubles: 4194304
nr_of_strided_rec: 1
nr_doubles: 4194304
nr_of_strided_rec: 1
nr_doubles: 4194304
nr_of_strided_rec: 1
nr_doubles: 4194304
nr_of_strided_rec: 1
nr_doubles: 4194304
nr_of_strided_rec: 1
nr_doubles: 4194304
nr_of_strided_rec: 1
nr_doubles: 4194304
nr_of_strided_rec: 1
nr_doubles: 4194304
nr_of_strided_rec: 1
nr_doubles: 4194304
nr_of_strided_rec: 1
nr_doubles: 4194304
nr_of_strided_rec: 1
nr_doubles: 4194304
nr_of_strided_rec: 1
nr_doubles: 4194304
nr_of_strided_rec: 1
nr_doubles: 4194304
nr_of_strided_rec: 1
nr_doubles: 4194304
nr_of_strided_rec: 1
nr_doubles: 4194304
nr_of_strided_rec: 1
nr_doubles: 4194304
nr_of_strided_rec: 1
nr_doubles: 4194304
nr_of_strided_rec: 1
nr_doubles: 4194304
nr_of_strided_rec: 1
nr_doubles: 4194304
nr_of_strided_rec: 1
nr_doubles: 4194304
nr_of_strided_rec: 1
nr_doubles: 4194304
nr_of_strided_rec: 1
nr_doubles: 4194304
nr_of_strided_rec: 1
nr_doubles: 4194304
nr_of_strided_rec: 1
nr_doubles: 4194304
nr_of_strided_rec: 1
nr_doubles: 4194304
nr_of_strided_rec: 1
nr_doubles: 4194304
nr_of_strided_rec: 1
nr_doubles: 4194304
nr_of_strided_rec: 1
nr_doubles: 4194304
nr_of_strided_rec: 1
nr_doubles: 4194304
nr_of_strided_rec: 1
nr_doubles: 4194304
nr_of_strided_rec: 1
nr_doubles: 4194304
nr_of_strided_rec: 1
nr_doubles: 4194304
nr_of_strided_rec: 1
nr_doubles: 4194304
C_cc         0.43   [      0.43:      0.43]
C_bw         0.16   [      0.16:      0.16]
C_r          7.87   [      7.87:      7.87]
          -------
C_total      8.46   [      8.46:      8.46]


dC[0] = 0.00000e+00
fclose PID:28931 fd:10
fclose PID:28930 fd:12
fclose PID:28932 fd:8
fclose PID:28933 fd:8
READAHEAD_TIME:0.000000 us
MaxRSS= 141632 KB, SharedMem= 0 KB, HardPageFault= 9
READAHEAD_TIME:0.000000 us
MaxRSS= 141532 KB, SharedMem= 0 KB, HardPageFault= 8
READAHEAD_TIME:0.000000 us
MaxRSS= 141552 KB, SharedMem= 0 KB, HardPageFault= 10
READAHEAD_TIME:0.000000 us
MaxRSS= 141488 KB, SharedMem= 0 KB, HardPageFault= 9
fclose PID:28929 fd:0
fclose PID:28929 fd:6
fclose PID:28929 fd:6
fclose PID:28929 fd:0
READAHEAD_TIME:0.000000 us
MaxRSS= 5352 KB, SharedMem= 0 KB, HardPageFault= 2
fclose PID:28928 fd:3
fclose PID:28928 fd:4
fclose PID:28928 fd:4
fclose PID:28928 fd:3
READAHEAD_TIME:0.000000 us
MaxRSS= 4876 KB, SharedMem= 0 KB, HardPageFault= 4
	Command being timed: "mpiexec -n 4 ./MADbench2_io 4096 30 1 8 64 1 1 16777216 7 1"
	User time (seconds): 16.93
	System time (seconds): 14.21
	Percent of CPU this job got: 86%
	Elapsed (wall clock) time (h:mm:ss or m:ss): 0:35.88
	Average shared text size (kbytes): 0
	Average unshared data size (kbytes): 0
	Average stack size (kbytes): 0
	Average total size (kbytes): 0
	Maximum resident set size (kbytes): 141632
	Average resident set size (kbytes): 0
	Major (requiring I/O) page faults: 43
	Minor (reclaiming a frame) page faults: 447511
	Voluntary context switches: 7482
	Involuntary context switches: 356
	Swaps: 0
	File system inputs: 15532848
	File system outputs: 15728712
	Socket messages sent: 0
	Socket messages received: 0
	Signals delivered: 0
	Page size (bytes): 4096
	Exit status: 0
READAHEAD_TIME:0.000000 us
MaxRSS= 2080 KB, SharedMem= 0 KB, HardPageFault= 0
*******************DMESG OUTPUT******************
