fclose PID:30627 fd:3
fclose PID:30627 fd:4
fclose PID:30627 fd:4
fclose PID:30627 fd:3
available: 2 nodes (0-1)
fclose PID:30627 fd:3
node 0 cpus:fclose PID:30627 fd:3
 0 1 2 3 4 5 6 7 8 9 20 21 22 23 24 25 26 27 28 29
node 0 size: 80440 MB
node 0 free: 80117 MB
fclose PID:30627 fd:3
node 1 cpus:fclose PID:30627 fd:3
 10 11 12 13 14 15 16 17 18 19 30 31 32 33 34 35 36 37 38 39
node 1 size: 80635 MB
node 1 free: 80376 MB
fclose PID:30627 fd:3
fclose PID:30627 fd:3
node distances:
node   0   1 
  0:  10  21 
  1:  21  10 
READAHEAD_TIME:0.000000 us
MaxRSS= 2232 KB, SharedMem= 0 KB, HardPageFault= 10
fclose PID:30633 fd:10
fclose PID:30634 fd:8
fclose PID:30632 fd:12
fclose PID:30635 fd:8

MADbench 2.0 IO-mode
no_pe = 4  no_pix = 8192  no_bin = 30  no_gang = 1 sblocksize = 8  fblocksize = 64  r_mod = 1  w_mod = 1 record_size=4194304 stride=7


IOMETHOD = POSIX  IOMODE = SYNC  FILETYPE = UNIQUE  REMAP = CUSTOMbuild_S
build_S
build_S
build_S

Write the data to file:134217728 bytes
***********WAITING************

Write the data to file:134217728 bytes
***********WAITING************

Write the data to file:134217728 bytes
***********WAITING************

Write the data to file:134217728 bytes
***********WAITING************

Write the data to file:134217728 bytes
***********WAITING************

Write the data to file:134217728 bytes
***********WAITING************

Write the data to file:134217728 bytes
***********WAITING************

Write the data to file:134217728 bytes
***********WAITING************

Write the data to file:134217728 bytes
***********WAITING************

Write the data to file:134217728 bytes
***********WAITING************

Write the data to file:134217728 bytes
***********WAITING************

Write the data to file:134217728 bytes
***********WAITING************

Write the data to file:134217728 bytes
***********WAITING************

Write the data to file:134217728 bytes
***********WAITING************

Write the data to file:134217728 bytes
***********WAITING************

Write the data to file:134217728 bytes
***********WAITING************

Write the data to file:134217728 bytes
***********WAITING************

Write the data to file:134217728 bytes
***********WAITING************

Write the data to file:134217728 bytes
***********WAITING************

Write the data to file:134217728 bytes
***********WAITING************

Write the data to file:134217728 bytes
***********WAITING************

Write the data to file:134217728 bytes
***********WAITING************

Write the data to file:134217728 bytes
***********WAITING************

Write the data to file:134217728 bytes
***********WAITING************

Write the data to file:134217728 bytes
***********WAITING************

Write the data to file:134217728 bytes
***********WAITING************

Write the data to file:134217728 bytes
***********WAITING************

Write the data to file:134217728 bytes
***********WAITING************

Write the data to file:134217728 bytes
***********WAITING************

Write the data to file:134217728 bytes
***********WAITING************

Write the data to file:134217728 bytes
***********WAITING************

Write the data to file:134217728 bytes
***********WAITING************

Write the data to file:134217728 bytes
***********WAITING************

Write the data to file:134217728 bytes
***********WAITING************

Write the data to file:134217728 bytes
***********WAITING************

Write the data to file:134217728 bytes
***********WAITING************

Write the data to file:134217728 bytes
***********WAITING************

Write the data to file:134217728 bytes
***********WAITING************

Write the data to file:134217728 bytes
***********WAITING************

Write the data to file:134217728 bytes
***********WAITING************

Write the data to file:134217728 bytes
***********WAITING************

Write the data to file:134217728 bytes
***********WAITING************

Write the data to file:134217728 bytes
***********WAITING************

Write the data to file:134217728 bytes
***********WAITING************

Write the data to file:134217728 bytes
***********WAITING************

Write the data to file:134217728 bytes
***********WAITING************

Write the data to file:134217728 bytes
***********WAITING************

Write the data to file:134217728 bytes
***********WAITING************

Write the data to file:134217728 bytes
***********WAITING************

Write the data to file:134217728 bytes
***********WAITING************

Write the data to file:134217728 bytes
***********WAITING************

Write the data to file:134217728 bytes
***********WAITING************

Write the data to file:134217728 bytes
***********WAITING************

Write the data to file:134217728 bytes
***********WAITING************

Write the data to file:134217728 bytes
***********WAITING************

Write the data to file:134217728 bytes
***********WAITING************

Write the data to file:134217728 bytes
***********WAITING************

Write the data to file:134217728 bytes
***********WAITING************

Write the data to file:134217728 bytes
***********WAITING************

Write the data to file:134217728 bytes
***********WAITING************

Write the data to file:134217728 bytes
***********WAITING************

Write the data to file:134217728 bytes
***********WAITING************

Write the data to file:134217728 bytes
***********WAITING************

Write the data to file:134217728 bytes
***********WAITING************

Write the data to file:134217728 bytes
***********WAITING************

Write the data to file:134217728 bytes
***********WAITING************

Write the data to file:134217728 bytes
***********WAITING************

Write the data to file:134217728 bytes
***********WAITING************

Write the data to file:134217728 bytes
***********WAITING************

Write the data to file:134217728 bytes
***********WAITING************

Write the data to file:134217728 bytes
***********WAITING************

Write the data to file:134217728 bytes
***********WAITING************

Write the data to file:134217728 bytes
***********WAITING************

Write the data to file:134217728 bytes
***********WAITING************

Write the data to file:134217728 bytes
***********WAITING************

Write the data to file:134217728 bytes
***********WAITING************

Write the data to file:134217728 bytes
***********WAITING************

Write the data to file:134217728 bytes
***********WAITING************

Write the data to file:134217728 bytes
***********WAITING************

Write the data to file:134217728 bytes
***********WAITING************

Write the data to file:134217728 bytes
***********WAITING************

Write the data to file:134217728 bytes
***********WAITING************

Write the data to file:134217728 bytes
***********WAITING************

Write the data to file:134217728 bytes
***********WAITING************

Write the data to file:134217728 bytes
***********WAITING************

Write the data to file:134217728 bytes
***********WAITING************

Write the data to file:134217728 bytes
***********WAITING************

Write the data to file:134217728 bytes
***********WAITING************

Write the data to file:134217728 bytes
***********WAITING************

Write the data to file:134217728 bytes
***********WAITING************

Write the data to file:134217728 bytes
***********WAITING************

Write the data to file:134217728 bytes
***********WAITING************

Write the data to file:134217728 bytes
***********WAITING************

Write the data to file:134217728 bytes
***********WAITING************

Write the data to file:134217728 bytes
***********WAITING************

Write the data to file:134217728 bytes
***********WAITING************

Write the data to file:134217728 bytes
***********WAITING************

Write the data to file:134217728 bytes
***********WAITING************

Write the data to file:134217728 bytes
***********WAITING************

Write the data to file:134217728 bytes
***********WAITING************

Write the data to file:134217728 bytes
***********WAITING************

Write the data to file:134217728 bytes
***********WAITING************

Write the data to file:134217728 bytes
***********WAITING************

Write the data to file:134217728 bytes
***********WAITING************

Write the data to file:134217728 bytes
***********WAITING************

Write the data to file:134217728 bytes
***********WAITING************

Write the data to file:134217728 bytes
***********WAITING************

Write the data to file:134217728 bytes
***********WAITING************

Write the data to file:134217728 bytes
***********WAITING************

Write the data to file:134217728 bytes
***********WAITING************

Write the data to file:134217728 bytes
***********WAITING************

Write the data to file:134217728 bytes
***********WAITING************

Write the data to file:134217728 bytes
***********WAITING************

Write the data to file:134217728 bytes
***********WAITING************

Write the data to file:134217728 bytes
***********WAITING************

Write the data to file:134217728 bytes
***********WAITING************

Write the data to file:134217728 bytes
***********WAITING************

Write the data to file:134217728 bytes
***********WAITING************

Write the data to file:134217728 bytes
***********WAITING************

Write the data to file:134217728 bytes
***********WAITING************
S_cc         1.42   [      1.41:      1.42]
S_bw         0.74   [      0.74:      0.74]
S_w         34.13   [     34.13:     34.13]
          -------
S_total     36.29   [     36.28:     36.29]

build_S done
calc_W
build_S done
calc_W
build_S done
calc_W
build_S done
calc_W
nr_of_strided_rec: 4
nr_doubles: 524288
nr_of_strided_rec: 4
nr_doubles: 524288
nr_of_strided_rec: 4
nr_doubles: 524288
nr_of_strided_rec: 4
nr_doubles: 524288
nr_of_strided_rec: 4
nr_doubles: 524288
nr_of_strided_rec: 4
nr_doubles: 524288
nr_of_strided_rec: 4
nr_doubles: 524288
nr_of_strided_rec: 4
nr_doubles: 524288

Write the data to file:134217728 bytes
***********WAITING************

Write the data to file:134217728 bytes
***********WAITING************

Write the data to file:134217728 bytes
***********WAITING************

Write the data to file:134217728 bytes
***********WAITING************
nr_of_strided_rec: 4
nr_doubles: 524288
nr_of_strided_rec: 4
nr_doubles: 524288
nr_of_strided_rec: 4
nr_doubles: 524288
nr_of_strided_rec: 4
nr_doubles: 524288

Write the data to file:134217728 bytes
***********WAITING************

Write the data to file:134217728 bytes
***********WAITING************

Write the data to file:134217728 bytes
***********WAITING************

Write the data to file:134217728 bytes
***********WAITING************
nr_of_strided_rec: 4
nr_doubles: 524288
nr_of_strided_rec: 4
nr_doubles: 524288
nr_of_strided_rec: 4
nr_doubles: 524288
nr_of_strided_rec: 4
nr_doubles: 524288

Write the data to file:134217728 bytes
***********WAITING************

Write the data to file:134217728 bytes
***********WAITING************

Write the data to file:134217728 bytes
***********WAITING************

Write the data to file:134217728 bytes
***********WAITING************
nr_of_strided_rec: 4
nr_doubles: 524288
nr_of_strided_rec: 4
nr_doubles: 524288
nr_of_strided_rec: 4
nr_doubles: 524288
nr_of_strided_rec: 4
nr_doubles: 524288

Write the data to file:134217728 bytes
***********WAITING************

Write the data to file:134217728 bytes
***********WAITING************

Write the data to file:134217728 bytes
***********WAITING************

Write the data to file:134217728 bytes
***********WAITING************
nr_of_strided_rec: 4
nr_doubles: 524288
nr_of_strided_rec: 4
nr_doubles: 524288
nr_of_strided_rec: 4
nr_doubles: 524288
nr_of_strided_rec: 4
nr_doubles: 524288

Write the data to file:134217728 bytes
***********WAITING************

Write the data to file:134217728 bytes
***********WAITING************

Write the data to file:134217728 bytes
***********WAITING************

Write the data to file:134217728 bytes
***********WAITING************
nr_of_strided_rec: 4
nr_doubles: 524288
nr_of_strided_rec: 4
nr_doubles: 524288
nr_of_strided_rec: 4
nr_doubles: 524288
nr_of_strided_rec: 4
nr_doubles: 524288

Write the data to file:134217728 bytes
***********WAITING************

Write the data to file:134217728 bytes
***********WAITING************

Write the data to file:134217728 bytes
***********WAITING************

Write the data to file:134217728 bytes
***********WAITING************
nr_of_strided_rec: 4
nr_doubles: 524288
nr_of_strided_rec: 4
nr_doubles: 524288
nr_of_strided_rec: 4
nr_doubles: 524288
nr_of_strided_rec: 4
nr_doubles: 524288

Write the data to file:134217728 bytes
***********WAITING************

Write the data to file:134217728 bytes
***********WAITING************

Write the data to file:134217728 bytes
***********WAITING************

Write the data to file:134217728 bytes
***********WAITING************
nr_of_strided_rec: 4
nr_doubles: 524288
nr_of_strided_rec: 4
nr_doubles: 524288
nr_of_strided_rec: 4
nr_doubles: 524288
nr_of_strided_rec: 4
nr_doubles: 524288

Write the data to file:134217728 bytes
***********WAITING************

Write the data to file:134217728 bytes
***********WAITING************

Write the data to file:134217728 bytes
***********WAITING************

Write the data to file:134217728 bytes
***********WAITING************
nr_of_strided_rec: 4
nr_doubles: 524288
nr_of_strided_rec: 4
nr_doubles: 524288
nr_of_strided_rec: 4
nr_doubles: 524288
nr_of_strided_rec: 4
nr_doubles: 524288

Write the data to file:134217728 bytes
***********WAITING************

Write the data to file:134217728 bytes
***********WAITING************

Write the data to file:134217728 bytes
***********WAITING************

Write the data to file:134217728 bytes
***********WAITING************
nr_of_strided_rec: 4
nr_doubles: 524288
nr_of_strided_rec: 4
nr_doubles: 524288
nr_of_strided_rec: 4
nr_doubles: 524288
nr_of_strided_rec: 4
nr_doubles: 524288

Write the data to file:134217728 bytes
***********WAITING************

Write the data to file:134217728 bytes
***********WAITING************

Write the data to file:134217728 bytes
***********WAITING************

Write the data to file:134217728 bytes
***********WAITING************
nr_of_strided_rec: 4
nr_doubles: 524288
nr_of_strided_rec: 4
nr_doubles: 524288
nr_of_strided_rec: 4
nr_doubles: 524288
nr_of_strided_rec: 4
nr_doubles: 524288

Write the data to file:134217728 bytes
***********WAITING************

Write the data to file:134217728 bytes
***********WAITING************

Write the data to file:134217728 bytes
***********WAITING************

Write the data to file:134217728 bytes
***********WAITING************
nr_of_strided_rec: 4
nr_doubles: 524288
nr_of_strided_rec: 4
nr_doubles: 524288
nr_of_strided_rec: 4
nr_doubles: 524288
nr_of_strided_rec: 4
nr_doubles: 524288

Write the data to file:134217728 bytes
***********WAITING************

Write the data to file:134217728 bytes
***********WAITING************

Write the data to file:134217728 bytes
***********WAITING************

Write the data to file:134217728 bytes
***********WAITING************
nr_of_strided_rec: 4
nr_doubles: 524288
nr_of_strided_rec: 4
nr_doubles: 524288
nr_of_strided_rec: 4
nr_doubles: 524288
nr_of_strided_rec: 4
nr_doubles: 524288

Write the data to file:134217728 bytes
***********WAITING************

Write the data to file:134217728 bytes
***********WAITING************

Write the data to file:134217728 bytes
***********WAITING************

Write the data to file:134217728 bytes
***********WAITING************
nr_of_strided_rec: 4
nr_doubles: 524288
nr_of_strided_rec: 4
nr_doubles: 524288
nr_of_strided_rec: 4
nr_doubles: 524288
nr_of_strided_rec: 4
nr_doubles: 524288

Write the data to file:134217728 bytes
***********WAITING************

Write the data to file:134217728 bytes
***********WAITING************

Write the data to file:134217728 bytes
***********WAITING************

Write the data to file:134217728 bytes
***********WAITING************
nr_of_strided_rec: 4
nr_doubles: 524288
nr_of_strided_rec: 4
nr_doubles: 524288
nr_of_strided_rec: 4
nr_doubles: 524288
nr_of_strided_rec: 4
nr_doubles: 524288

Write the data to file:134217728 bytes
***********WAITING************

Write the data to file:134217728 bytes
***********WAITING************

Write the data to file:134217728 bytes
***********WAITING************

Write the data to file:134217728 bytes
***********WAITING************
nr_of_strided_rec: 4
nr_doubles: 524288
nr_of_strided_rec: 4
nr_doubles: 524288
nr_of_strided_rec: 4
nr_doubles: 524288
nr_of_strided_rec: 4
nr_doubles: 524288

Write the data to file:134217728 bytes
***********WAITING************

Write the data to file:134217728 bytes
***********WAITING************

Write the data to file:134217728 bytes
***********WAITING************

Write the data to file:134217728 bytes
***********WAITING************
nr_of_strided_rec: 4
nr_doubles: 524288
nr_of_strided_rec: 4
nr_doubles: 524288
nr_of_strided_rec: 4
nr_doubles: 524288
nr_of_strided_rec: 4
nr_doubles: 524288

Write the data to file:134217728 bytes
***********WAITING************

Write the data to file:134217728 bytes
***********WAITING************

Write the data to file:134217728 bytes
***********WAITING************

Write the data to file:134217728 bytes
***********WAITING************
nr_of_strided_rec: 4
nr_doubles: 524288
nr_of_strided_rec: 4
nr_doubles: 524288
nr_of_strided_rec: 4
nr_doubles: 524288
nr_of_strided_rec: 4
nr_doubles: 524288

Write the data to file:134217728 bytes
***********WAITING************

Write the data to file:134217728 bytes
***********WAITING************

Write the data to file:134217728 bytes
***********WAITING************

Write the data to file:134217728 bytes
***********WAITING************
nr_of_strided_rec: 4
nr_doubles: 524288
nr_of_strided_rec: 4
nr_doubles: 524288
nr_of_strided_rec: 4
nr_doubles: 524288
nr_of_strided_rec: 4
nr_doubles: 524288

Write the data to file:134217728 bytes
***********WAITING************

Write the data to file:134217728 bytes
***********WAITING************

Write the data to file:134217728 bytes
***********WAITING************

Write the data to file:134217728 bytes
***********WAITING************
nr_of_strided_rec: 4
nr_doubles: 524288
nr_of_strided_rec: 4
nr_doubles: 524288
nr_of_strided_rec: 4
nr_doubles: 524288
nr_of_strided_rec: 4
nr_doubles: 524288

Write the data to file:134217728 bytes
***********WAITING************

Write the data to file:134217728 bytes
***********WAITING************

Write the data to file:134217728 bytes
***********WAITING************

Write the data to file:134217728 bytes
***********WAITING************
nr_of_strided_rec: 4
nr_doubles: 524288
nr_of_strided_rec: 4
nr_doubles: 524288
nr_of_strided_rec: 4
nr_doubles: 524288
nr_of_strided_rec: 4
nr_doubles: 524288

Write the data to file:134217728 bytes
***********WAITING************

Write the data to file:134217728 bytes
***********WAITING************

Write the data to file:134217728 bytes
***********WAITING************

Write the data to file:134217728 bytes
***********WAITING************
nr_of_strided_rec: 4
nr_doubles: 524288
nr_of_strided_rec: 4
nr_doubles: 524288
nr_of_strided_rec: 4
nr_doubles: 524288
nr_of_strided_rec: 4
nr_doubles: 524288

Write the data to file:134217728 bytes
***********WAITING************

Write the data to file:134217728 bytes
***********WAITING************

Write the data to file:134217728 bytes
***********WAITING************

Write the data to file:134217728 bytes
***********WAITING************
nr_of_strided_rec: 4
nr_doubles: 524288
nr_of_strided_rec: 4
nr_doubles: 524288
nr_of_strided_rec: 4
nr_doubles: 524288
nr_of_strided_rec: 4
nr_doubles: 524288

Write the data to file:134217728 bytes
***********WAITING************

Write the data to file:134217728 bytes
***********WAITING************

Write the data to file:134217728 bytes
***********WAITING************

Write the data to file:134217728 bytes
***********WAITING************
nr_of_strided_rec: 4
nr_doubles: 524288
nr_of_strided_rec: 4
nr_doubles: 524288
nr_of_strided_rec: 4
nr_doubles: 524288
nr_of_strided_rec: 4
nr_doubles: 524288

Write the data to file:134217728 bytes
***********WAITING************

Write the data to file:134217728 bytes
***********WAITING************

Write the data to file:134217728 bytes
***********WAITING************

Write the data to file:134217728 bytes
***********WAITING************
nr_of_strided_rec: 4
nr_doubles: 524288
nr_of_strided_rec: 4
nr_doubles: 524288
nr_of_strided_rec: 4
nr_doubles: 524288
nr_of_strided_rec: 4
nr_doubles: 524288

Write the data to file:134217728 bytes
***********WAITING************

Write the data to file:134217728 bytes
***********WAITING************

Write the data to file:134217728 bytes
***********WAITING************

Write the data to file:134217728 bytes
***********WAITING************
nr_of_strided_rec: 4
nr_doubles: 524288
nr_of_strided_rec: 4
nr_doubles: 524288
nr_of_strided_rec: 4
nr_doubles: 524288
nr_of_strided_rec: 4
nr_doubles: 524288

Write the data to file:134217728 bytes
***********WAITING************

Write the data to file:134217728 bytes
***********WAITING************

Write the data to file:134217728 bytes
***********WAITING************

Write the data to file:134217728 bytes
***********WAITING************
nr_of_strided_rec: 4
nr_doubles: 524288
nr_of_strided_rec: 4
nr_doubles: 524288
nr_of_strided_rec: 4
nr_doubles: 524288
nr_of_strided_rec: 4
nr_doubles: 524288

Write the data to file:134217728 bytes
***********WAITING************

Write the data to file:134217728 bytes
***********WAITING************

Write the data to file:134217728 bytes
***********WAITING************

Write the data to file:134217728 bytes
***********WAITING************
nr_of_strided_rec: 4
nr_doubles: 524288
nr_of_strided_rec: 4
nr_doubles: 524288
nr_of_strided_rec: 4
nr_doubles: 524288
nr_of_strided_rec: 4
nr_doubles: 524288

Write the data to file:134217728 bytes
***********WAITING************

Write the data to file:134217728 bytes
***********WAITING************

Write the data to file:134217728 bytes
***********WAITING************

Write the data to file:134217728 bytes
***********WAITING************
nr_of_strided_rec: 4
nr_doubles: 524288
nr_of_strided_rec: 4
nr_doubles: 524288
nr_of_strided_rec: 4
nr_doubles: 524288
nr_of_strided_rec: 4
nr_doubles: 524288

Write the data to file:134217728 bytes
***********WAITING************

Write the data to file:134217728 bytes
***********WAITING************

Write the data to file:134217728 bytes
***********WAITING************

Write the data to file:134217728 bytes
***********WAITING************

Write the data to file:134217728 bytes
***********WAITING************

Write the data to file:134217728 bytes
***********WAITING************

Write the data to file:134217728 bytes
***********WAITING************

Write the data to file:134217728 bytes
***********WAITING************
W_cc         3.09   [      3.08:      3.09]
W_r         42.64   [     42.64:     42.64]
W_w         29.30   [     29.30:     29.30]
          -------
W_total     75.02   [     75.02:     75.03]

calc_W done
calc_W done
calc_W done
calc_W done
nr_of_strided_rec: 4
nr_doubles: 524288
nr_of_strided_rec: 4
nr_doubles: 524288
nr_of_strided_rec: 4
nr_doubles: 524288
nr_of_strided_rec: 4
nr_doubles: 524288
nr_of_strided_rec: 4
nr_doubles: 524288
nr_of_strided_rec: 4
nr_doubles: 524288
nr_of_strided_rec: 4
nr_doubles: 524288
nr_of_strided_rec: 4
nr_doubles: 524288
nr_of_strided_rec: 4
nr_doubles: 524288
nr_of_strided_rec: 4
nr_doubles: 524288
nr_of_strided_rec: 4
nr_doubles: 524288
nr_of_strided_rec: 4
nr_doubles: 524288
nr_of_strided_rec: 4
nr_doubles: 524288
nr_of_strided_rec: 4
nr_doubles: 524288
nr_of_strided_rec: 4
nr_doubles: 524288
nr_of_strided_rec: 4
nr_doubles: 524288
nr_of_strided_rec: 4
nr_doubles: 524288
nr_of_strided_rec: 4
nr_doubles: 524288
nr_of_strided_rec: 4
nr_doubles: 524288
nr_of_strided_rec: 4
nr_doubles: 524288
nr_of_strided_rec: 4
nr_doubles: 524288
nr_of_strided_rec: 4
nr_doubles: 524288
nr_of_strided_rec: 4
nr_doubles: 524288
nr_of_strided_rec: 4
nr_doubles: 524288
nr_of_strided_rec: 4
nr_doubles: 524288
nr_of_strided_rec: 4
nr_doubles: 524288
nr_of_strided_rec: 4
nr_doubles: 524288
nr_of_strided_rec: 4
nr_doubles: 524288
nr_of_strided_rec: 4
nr_doubles: 524288
nr_of_strided_rec: 4
nr_doubles: 524288
nr_of_strided_rec: 4
nr_doubles: 524288
nr_of_strided_rec: 4
nr_doubles: 524288
nr_of_strided_rec: 4
nr_doubles: 524288
nr_of_strided_rec: 4
nr_doubles: 524288
nr_of_strided_rec: 4
nr_doubles: 524288
nr_of_strided_rec: 4
nr_doubles: 524288
nr_of_strided_rec: 4
nr_doubles: 524288
nr_of_strided_rec: 4
nr_doubles: 524288
nr_of_strided_rec: 4
nr_doubles: 524288
nr_of_strided_rec: 4
nr_doubles: 524288
nr_of_strided_rec: 4
nr_doubles: 524288
nr_of_strided_rec: 4
nr_doubles: 524288
nr_of_strided_rec: 4
nr_doubles: 524288
nr_of_strided_rec: 4
nr_doubles: 524288
nr_of_strided_rec: 4
nr_doubles: 524288
nr_of_strided_rec: 4
nr_doubles: 524288
nr_of_strided_rec: 4
nr_doubles: 524288
nr_of_strided_rec: 4
nr_doubles: 524288
nr_of_strided_rec: 4
nr_doubles: 524288
nr_of_strided_rec: 4
nr_doubles: 524288
nr_of_strided_rec: 4
nr_doubles: 524288
nr_of_strided_rec: 4
nr_doubles: 524288
nr_of_strided_rec: 4
nr_doubles: 524288
nr_of_strided_rec: 4
nr_doubles: 524288
nr_of_strided_rec: 4
nr_doubles: 524288
nr_of_strided_rec: 4
nr_doubles: 524288
nr_of_strided_rec: 4
nr_doubles: 524288
nr_of_strided_rec: 4
nr_doubles: 524288
nr_of_strided_rec: 4
nr_doubles: 524288
nr_of_strided_rec: 4
nr_doubles: 524288
nr_of_strided_rec: 4
nr_doubles: 524288
nr_of_strided_rec: 4
nr_doubles: 524288
nr_of_strided_rec: 4
nr_doubles: 524288
nr_of_strided_rec: 4
nr_doubles: 524288
nr_of_strided_rec: 4
nr_doubles: 524288
nr_of_strided_rec: 4
nr_doubles: 524288
nr_of_strided_rec: 4
nr_doubles: 524288
nr_of_strided_rec: 4
nr_doubles: 524288
nr_of_strided_rec: 4
nr_doubles: 524288
nr_of_strided_rec: 4
nr_doubles: 524288
nr_of_strided_rec: 4
nr_doubles: 524288
nr_of_strided_rec: 4
nr_doubles: 524288
nr_of_strided_rec: 4
nr_doubles: 524288
nr_of_strided_rec: 4
nr_doubles: 524288
nr_of_strided_rec: 4
nr_doubles: 524288
nr_of_strided_rec: 4
nr_doubles: 524288
nr_of_strided_rec: 4
nr_doubles: 524288
nr_of_strided_rec: 4
nr_doubles: 524288
nr_of_strided_rec: 4
nr_doubles: 524288
nr_of_strided_rec: 4
nr_doubles: 524288
nr_of_strided_rec: 4
nr_doubles: 524288
nr_of_strided_rec: 4
nr_doubles: 524288
nr_of_strided_rec: 4
nr_doubles: 524288
nr_of_strided_rec: 4
nr_doubles: 524288
nr_of_strided_rec: 4
nr_doubles: 524288
nr_of_strided_rec: 4
nr_doubles: 524288
nr_of_strided_rec: 4
nr_doubles: 524288
nr_of_strided_rec: 4
nr_doubles: 524288
nr_of_strided_rec: 4
nr_doubles: 524288
nr_of_strided_rec: 4
nr_doubles: 524288
nr_of_strided_rec: 4
nr_doubles: 524288
nr_of_strided_rec: 4
nr_doubles: 524288
nr_of_strided_rec: 4
nr_doubles: 524288
nr_of_strided_rec: 4
nr_doubles: 524288
nr_of_strided_rec: 4
nr_doubles: 524288
nr_of_strided_rec: 4
nr_doubles: 524288
nr_of_strided_rec: 4
nr_doubles: 524288
nr_of_strided_rec: 4
nr_doubles: 524288
nr_of_strided_rec: 4
nr_doubles: 524288
nr_of_strided_rec: 4
nr_doubles: 524288
nr_of_strided_rec: 4
nr_doubles: 524288
nr_of_strided_rec: 4
nr_doubles: 524288
nr_of_strided_rec: 4
nr_doubles: 524288
nr_of_strided_rec: 4
nr_doubles: 524288
nr_of_strided_rec: 4
nr_doubles: 524288
nr_of_strided_rec: 4
nr_doubles: 524288
nr_of_strided_rec: 4
nr_doubles: 524288
nr_of_strided_rec: 4
nr_doubles: 524288
nr_of_strided_rec: 4
nr_doubles: 524288
nr_of_strided_rec: 4
nr_doubles: 524288
nr_of_strided_rec: 4
nr_doubles: 524288
nr_of_strided_rec: 4
nr_doubles: 524288
nr_of_strided_rec: 4
nr_doubles: 524288
nr_of_strided_rec: 4
nr_doubles: 524288
nr_of_strided_rec: 4
nr_doubles: 524288
nr_of_strided_rec: 4
nr_doubles: 524288
nr_of_strided_rec: 4
nr_doubles: 524288
nr_of_strided_rec: 4
nr_doubles: 524288
nr_of_strided_rec: 4
nr_doubles: 524288
nr_of_strided_rec: 4
nr_doubles: 524288
C_cc         1.15   [      1.15:      1.15]
C_bw         0.59   [      0.59:      0.59]
C_r         31.96   [     31.96:     31.96]
          -------
C_total     33.71   [     33.70:     33.71]


dC[0] = 0.00000e+00
fclose PID:30634 fd:8
fclose PID:30635 fd:8
fclose PID:30633 fd:10
fclose PID:30632 fd:12
READAHEAD_TIME:2650.000000 us
MaxRSS= 534848 KB, SharedMem= 0 KB, HardPageFault= 13
READAHEAD_TIME:2622.000000 us
MaxRSS= 535024 KB, SharedMem= 0 KB, HardPageFault= 12
READAHEAD_TIME:2678.000000 us
MaxRSS= 534776 KB, SharedMem= 0 KB, HardPageFault= 11
READAHEAD_TIME:2705.000000 us
MaxRSS= 535192 KB, SharedMem= 0 KB, HardPageFault= 10
fclose PID:30631 fd:0
fclose PID:30631 fd:6
fclose PID:30631 fd:6
fclose PID:30631 fd:0
READAHEAD_TIME:0.000000 us
MaxRSS= 5364 KB, SharedMem= 0 KB, HardPageFault= 2
fclose PID:30630 fd:3
fclose PID:30630 fd:4
fclose PID:30630 fd:4
fclose PID:30630 fd:3
READAHEAD_TIME:0.000000 us
MaxRSS= 4968 KB, SharedMem= 0 KB, HardPageFault= 4
	Command being timed: "mpiexec -n 4 ./MADbench2_io 8192 30 1 8 64 1 1 4194304 7 1"
	User time (seconds): 59.60
	System time (seconds): 55.76
	Percent of CPU this job got: 79%
	Elapsed (wall clock) time (h:mm:ss or m:ss): 2:25.30
	Average shared text size (kbytes): 0
	Average unshared data size (kbytes): 0
	Average stack size (kbytes): 0
	Average total size (kbytes): 0
	Maximum resident set size (kbytes): 535192
	Average resident set size (kbytes): 0
	Major (requiring I/O) page faults: 53
	Minor (reclaiming a frame) page faults: 3371111
	Voluntary context switches: 25964
	Involuntary context switches: 1131
	Swaps: 0
	File system inputs: 62625680
	File system outputs: 62914656
	Socket messages sent: 0
	Socket messages received: 0
	Signals delivered: 0
	Page size (bytes): 4096
	Exit status: 0
READAHEAD_TIME:0.000000 us
MaxRSS= 2212 KB, SharedMem= 0 KB, HardPageFault= 0
*******************DMESG OUTPUT******************
