fclose PID:28370 fd:3
fclose PID:28370 fd:4
fclose PID:28370 fd:4
fclose PID:28370 fd:3
available: 2 nodes (0-1)
fclose PID:28370 fd:3
node 0 cpus:fclose PID:28370 fd:3
 0 1 2 3 4 5 6 7 8 9 20 21 22 23 24 25 26 27 28 29
node 0 size: 80440 MB
node 0 free: 80126 MB
fclose PID:28370 fd:3
node 1 cpus:fclose PID:28370 fd:3
 10 11 12 13 14 15 16 17 18 19 30 31 32 33 34 35 36 37 38 39
node 1 size: 80635 MB
node 1 free: 80374 MB
fclose PID:28370 fd:3
fclose PID:28370 fd:3
node distances:
node   0   1 
  0:  10  21 
  1:  21  10 
READAHEAD_TIME:0.000000 us
MaxRSS= 2184 KB, SharedMem= 0 KB, HardPageFault= 10
fclose PID:28377 fd:8
fclose PID:28378 fd:8
fclose PID:28376 fd:10
fclose PID:28375 fd:12

MADbench 2.0 IO-mode
no_pe = 4  no_pix = 4096  no_bin = 30  no_gang = 1 sblocksize = 8  fblocksize = 64  r_mod = 1  w_mod = 1 record_size=524288 stride=7


IOMETHOD = POSIX  IOMODE = SYNC  FILETYPE = UNIQUE  REMAP = CUSTOMbuild_S
build_S
build_S
build_S

Write the data to file:33554432 bytes
***********WAITING************

Write the data to file:33554432 bytes
***********WAITING************

Write the data to file:33554432 bytes
***********WAITING************

Write the data to file:33554432 bytes
***********WAITING************

Write the data to file:33554432 bytes
***********WAITING************

Write the data to file:33554432 bytes
***********WAITING************

Write the data to file:33554432 bytes
***********WAITING************

Write the data to file:33554432 bytes
***********WAITING************

Write the data to file:33554432 bytes
***********WAITING************

Write the data to file:33554432 bytes
***********WAITING************

Write the data to file:33554432 bytes
***********WAITING************

Write the data to file:33554432 bytes
***********WAITING************

Write the data to file:33554432 bytes
***********WAITING************

Write the data to file:33554432 bytes
***********WAITING************

Write the data to file:33554432 bytes
***********WAITING************

Write the data to file:33554432 bytes
***********WAITING************

Write the data to file:33554432 bytes
***********WAITING************

Write the data to file:33554432 bytes
***********WAITING************

Write the data to file:33554432 bytes
***********WAITING************

Write the data to file:33554432 bytes
***********WAITING************

Write the data to file:33554432 bytes
***********WAITING************

Write the data to file:33554432 bytes
***********WAITING************

Write the data to file:33554432 bytes
***********WAITING************

Write the data to file:33554432 bytes
***********WAITING************

Write the data to file:33554432 bytes
***********WAITING************

Write the data to file:33554432 bytes
***********WAITING************

Write the data to file:33554432 bytes
***********WAITING************

Write the data to file:33554432 bytes
***********WAITING************

Write the data to file:33554432 bytes
***********WAITING************

Write the data to file:33554432 bytes
***********WAITING************

Write the data to file:33554432 bytes
***********WAITING************

Write the data to file:33554432 bytes
***********WAITING************

Write the data to file:33554432 bytes
***********WAITING************

Write the data to file:33554432 bytes
***********WAITING************

Write the data to file:33554432 bytes
***********WAITING************

Write the data to file:33554432 bytes
***********WAITING************

Write the data to file:33554432 bytes
***********WAITING************

Write the data to file:33554432 bytes
***********WAITING************

Write the data to file:33554432 bytes
***********WAITING************

Write the data to file:33554432 bytes
***********WAITING************

Write the data to file:33554432 bytes
***********WAITING************

Write the data to file:33554432 bytes
***********WAITING************

Write the data to file:33554432 bytes
***********WAITING************

Write the data to file:33554432 bytes
***********WAITING************

Write the data to file:33554432 bytes
***********WAITING************

Write the data to file:33554432 bytes
***********WAITING************

Write the data to file:33554432 bytes
***********WAITING************

Write the data to file:33554432 bytes
***********WAITING************

Write the data to file:33554432 bytes
***********WAITING************

Write the data to file:33554432 bytes
***********WAITING************

Write the data to file:33554432 bytes
***********WAITING************

Write the data to file:33554432 bytes
***********WAITING************

Write the data to file:33554432 bytes
***********WAITING************

Write the data to file:33554432 bytes
***********WAITING************

Write the data to file:33554432 bytes
***********WAITING************

Write the data to file:33554432 bytes
***********WAITING************

Write the data to file:33554432 bytes
***********WAITING************

Write the data to file:33554432 bytes
***********WAITING************

Write the data to file:33554432 bytes
***********WAITING************

Write the data to file:33554432 bytes
***********WAITING************

Write the data to file:33554432 bytes
***********WAITING************

Write the data to file:33554432 bytes
***********WAITING************

Write the data to file:33554432 bytes
***********WAITING************

Write the data to file:33554432 bytes
***********WAITING************

Write the data to file:33554432 bytes
***********WAITING************

Write the data to file:33554432 bytes
***********WAITING************

Write the data to file:33554432 bytes
***********WAITING************

Write the data to file:33554432 bytes
***********WAITING************

Write the data to file:33554432 bytes
***********WAITING************

Write the data to file:33554432 bytes
***********WAITING************

Write the data to file:33554432 bytes
***********WAITING************

Write the data to file:33554432 bytes
***********WAITING************

Write the data to file:33554432 bytes
***********WAITING************

Write the data to file:33554432 bytes
***********WAITING************

Write the data to file:33554432 bytes
***********WAITING************

Write the data to file:33554432 bytes
***********WAITING************

Write the data to file:33554432 bytes
***********WAITING************

Write the data to file:33554432 bytes
***********WAITING************

Write the data to file:33554432 bytes
***********WAITING************

Write the data to file:33554432 bytes
***********WAITING************

Write the data to file:33554432 bytes
***********WAITING************

Write the data to file:33554432 bytes
***********WAITING************

Write the data to file:33554432 bytes
***********WAITING************

Write the data to file:33554432 bytes
***********WAITING************

Write the data to file:33554432 bytes
***********WAITING************

Write the data to file:33554432 bytes
***********WAITING************

Write the data to file:33554432 bytes
***********WAITING************

Write the data to file:33554432 bytes
***********WAITING************

Write the data to file:33554432 bytes
***********WAITING************

Write the data to file:33554432 bytes
***********WAITING************

Write the data to file:33554432 bytes
***********WAITING************

Write the data to file:33554432 bytes
***********WAITING************

Write the data to file:33554432 bytes
***********WAITING************

Write the data to file:33554432 bytes
***********WAITING************

Write the data to file:33554432 bytes
***********WAITING************

Write the data to file:33554432 bytes
***********WAITING************

Write the data to file:33554432 bytes
***********WAITING************

Write the data to file:33554432 bytes
***********WAITING************

Write the data to file:33554432 bytes
***********WAITING************

Write the data to file:33554432 bytes
***********WAITING************

Write the data to file:33554432 bytes
***********WAITING************

Write the data to file:33554432 bytes
***********WAITING************

Write the data to file:33554432 bytes
***********WAITING************

Write the data to file:33554432 bytes
***********WAITING************

Write the data to file:33554432 bytes
***********WAITING************

Write the data to file:33554432 bytes
***********WAITING************

Write the data to file:33554432 bytes
***********WAITING************

Write the data to file:33554432 bytes
***********WAITING************

Write the data to file:33554432 bytes
***********WAITING************

Write the data to file:33554432 bytes
***********WAITING************

Write the data to file:33554432 bytes
***********WAITING************

Write the data to file:33554432 bytes
***********WAITING************

Write the data to file:33554432 bytes
***********WAITING************

Write the data to file:33554432 bytes
***********WAITING************

Write the data to file:33554432 bytes
***********WAITING************

Write the data to file:33554432 bytes
***********WAITING************

Write the data to file:33554432 bytes
***********WAITING************

Write the data to file:33554432 bytes
***********WAITING************

Write the data to file:33554432 bytes
***********WAITING************

Write the data to file:33554432 bytes
***********WAITING************
S_cc         0.46   [      0.46:      0.46]
S_bw         0.18   [      0.18:      0.18]
S_w          7.42   [      7.42:      7.42]
          -------
S_total      8.06   [      8.06:      8.06]

build_S done
calc_W
build_S done
calc_W
build_S done
calc_W
nr_of_strided_rec: 8
nr_doubles: 65536
build_S done
calc_W
nr_of_strided_rec: 8
nr_doubles: 65536
nr_of_strided_rec: 8
nr_doubles: 65536
nr_of_strided_rec: 8
nr_doubles: 65536
nr_of_strided_rec: 8
nr_doubles: 65536
nr_of_strided_rec: 8
nr_doubles: 65536
nr_of_strided_rec: 8
nr_doubles: 65536
nr_of_strided_rec: 8
nr_doubles: 65536

Write the data to file:33554432 bytes
***********WAITING************

Write the data to file:33554432 bytes
***********WAITING************

Write the data to file:33554432 bytes
***********WAITING************

Write the data to file:33554432 bytes
***********WAITING************
nr_of_strided_rec: 8
nr_doubles: 65536
nr_of_strided_rec: 8
nr_doubles: 65536
nr_of_strided_rec: 8
nr_doubles: 65536
nr_of_strided_rec: 8
nr_doubles: 65536

Write the data to file:33554432 bytes
***********WAITING************

Write the data to file:33554432 bytes
***********WAITING************

Write the data to file:33554432 bytes
***********WAITING************

Write the data to file:33554432 bytes
***********WAITING************
nr_of_strided_rec: 8
nr_doubles: 65536
nr_of_strided_rec: 8
nr_doubles: 65536
nr_of_strided_rec: 8
nr_doubles: 65536
nr_of_strided_rec: 8
nr_doubles: 65536

Write the data to file:33554432 bytes
***********WAITING************

Write the data to file:33554432 bytes
***********WAITING************

Write the data to file:33554432 bytes
***********WAITING************

Write the data to file:33554432 bytes
***********WAITING************
nr_of_strided_rec: 8
nr_doubles: 65536
nr_of_strided_rec: 8
nr_doubles: 65536
nr_of_strided_rec: 8
nr_doubles: 65536
nr_of_strided_rec: 8
nr_doubles: 65536

Write the data to file:33554432 bytes
***********WAITING************

Write the data to file:33554432 bytes
***********WAITING************

Write the data to file:33554432 bytes
***********WAITING************

Write the data to file:33554432 bytes
***********WAITING************
nr_of_strided_rec: 8
nr_doubles: 65536
nr_of_strided_rec: 8
nr_doubles: 65536
nr_of_strided_rec: 8
nr_doubles: 65536
nr_of_strided_rec: 8
nr_doubles: 65536

Write the data to file:33554432 bytes
***********WAITING************

Write the data to file:33554432 bytes
***********WAITING************

Write the data to file:33554432 bytes
***********WAITING************

Write the data to file:33554432 bytes
***********WAITING************
nr_of_strided_rec: 8
nr_doubles: 65536
nr_of_strided_rec: 8
nr_doubles: 65536
nr_of_strided_rec: 8
nr_doubles: 65536
nr_of_strided_rec: 8
nr_doubles: 65536

Write the data to file:33554432 bytes
***********WAITING************

Write the data to file:33554432 bytes
***********WAITING************

Write the data to file:33554432 bytes
***********WAITING************

Write the data to file:33554432 bytes
***********WAITING************
nr_of_strided_rec: 8
nr_doubles: 65536
nr_of_strided_rec: 8
nr_doubles: 65536
nr_of_strided_rec: 8
nr_doubles: 65536
nr_of_strided_rec: 8
nr_doubles: 65536

Write the data to file:33554432 bytes
***********WAITING************

Write the data to file:33554432 bytes
***********WAITING************

Write the data to file:33554432 bytes
***********WAITING************

Write the data to file:33554432 bytes
***********WAITING************
nr_of_strided_rec: 8
nr_doubles: 65536
nr_of_strided_rec: 8
nr_doubles: 65536
nr_of_strided_rec: 8
nr_doubles: 65536
nr_of_strided_rec: 8
nr_doubles: 65536

Write the data to file:33554432 bytes
***********WAITING************

Write the data to file:33554432 bytes
***********WAITING************

Write the data to file:33554432 bytes
***********WAITING************

Write the data to file:33554432 bytes
***********WAITING************
nr_of_strided_rec: 8
nr_doubles: 65536
nr_of_strided_rec: 8
nr_doubles: 65536
nr_of_strided_rec: 8
nr_doubles: 65536
nr_of_strided_rec: 8
nr_doubles: 65536

Write the data to file:33554432 bytes
***********WAITING************

Write the data to file:33554432 bytes
***********WAITING************

Write the data to file:33554432 bytes
***********WAITING************

Write the data to file:33554432 bytes
***********WAITING************
nr_of_strided_rec: 8
nr_doubles: 65536
nr_of_strided_rec: 8
nr_doubles: 65536
nr_of_strided_rec: 8
nr_doubles: 65536
nr_of_strided_rec: 8
nr_doubles: 65536

Write the data to file:33554432 bytes
***********WAITING************

Write the data to file:33554432 bytes
***********WAITING************

Write the data to file:33554432 bytes
***********WAITING************

Write the data to file:33554432 bytes
***********WAITING************
nr_of_strided_rec: 8
nr_doubles: 65536
nr_of_strided_rec: 8
nr_doubles: 65536
nr_of_strided_rec: 8
nr_doubles: 65536
nr_of_strided_rec: 8
nr_doubles: 65536

Write the data to file:33554432 bytes
***********WAITING************

Write the data to file:33554432 bytes
***********WAITING************

Write the data to file:33554432 bytes
***********WAITING************

Write the data to file:33554432 bytes
***********WAITING************
nr_of_strided_rec: 8
nr_doubles: 65536
nr_of_strided_rec: 8
nr_doubles: 65536
nr_of_strided_rec: 8
nr_doubles: 65536
nr_of_strided_rec: 8
nr_doubles: 65536

Write the data to file:33554432 bytes
***********WAITING************

Write the data to file:33554432 bytes
***********WAITING************

Write the data to file:33554432 bytes
***********WAITING************

Write the data to file:33554432 bytes
***********WAITING************
nr_of_strided_rec: 8
nr_doubles: 65536
nr_of_strided_rec: 8
nr_doubles: 65536
nr_of_strided_rec: 8
nr_doubles: 65536
nr_of_strided_rec: 8
nr_doubles: 65536

Write the data to file:33554432 bytes
***********WAITING************

Write the data to file:33554432 bytes
***********WAITING************

Write the data to file:33554432 bytes
***********WAITING************

Write the data to file:33554432 bytes
***********WAITING************
nr_of_strided_rec: 8
nr_doubles: 65536
nr_of_strided_rec: 8
nr_doubles: 65536
nr_of_strided_rec: 8
nr_doubles: 65536
nr_of_strided_rec: 8
nr_doubles: 65536

Write the data to file:33554432 bytes
***********WAITING************

Write the data to file:33554432 bytes
***********WAITING************

Write the data to file:33554432 bytes
***********WAITING************

Write the data to file:33554432 bytes
***********WAITING************
nr_of_strided_rec: 8
nr_doubles: 65536
nr_of_strided_rec: 8
nr_doubles: 65536
nr_of_strided_rec: 8
nr_doubles: 65536
nr_of_strided_rec: 8
nr_doubles: 65536

Write the data to file:33554432 bytes
***********WAITING************

Write the data to file:33554432 bytes
***********WAITING************

Write the data to file:33554432 bytes
***********WAITING************

Write the data to file:33554432 bytes
***********WAITING************
nr_of_strided_rec: 8
nr_doubles: 65536
nr_of_strided_rec: 8
nr_doubles: 65536
nr_of_strided_rec: 8
nr_doubles: 65536
nr_of_strided_rec: 8
nr_doubles: 65536

Write the data to file:33554432 bytes
***********WAITING************

Write the data to file:33554432 bytes
***********WAITING************

Write the data to file:33554432 bytes
***********WAITING************

Write the data to file:33554432 bytes
***********WAITING************
nr_of_strided_rec: 8
nr_doubles: 65536
nr_of_strided_rec: 8
nr_doubles: 65536
nr_of_strided_rec: 8
nr_doubles: 65536
nr_of_strided_rec: 8
nr_doubles: 65536

Write the data to file:33554432 bytes
***********WAITING************

Write the data to file:33554432 bytes
***********WAITING************

Write the data to file:33554432 bytes
***********WAITING************

Write the data to file:33554432 bytes
***********WAITING************
nr_of_strided_rec: 8
nr_doubles: 65536
nr_of_strided_rec: 8
nr_doubles: 65536
nr_of_strided_rec: 8
nr_doubles: 65536
nr_of_strided_rec: 8
nr_doubles: 65536

Write the data to file:33554432 bytes
***********WAITING************

Write the data to file:33554432 bytes
***********WAITING************

Write the data to file:33554432 bytes
***********WAITING************

Write the data to file:33554432 bytes
***********WAITING************
nr_of_strided_rec: 8
nr_doubles: 65536
nr_of_strided_rec: 8
nr_doubles: 65536
nr_of_strided_rec: 8
nr_doubles: 65536
nr_of_strided_rec: 8
nr_doubles: 65536

Write the data to file:33554432 bytes
***********WAITING************

Write the data to file:33554432 bytes
***********WAITING************

Write the data to file:33554432 bytes
***********WAITING************

Write the data to file:33554432 bytes
***********WAITING************
nr_of_strided_rec: 8
nr_doubles: 65536
nr_of_strided_rec: 8
nr_doubles: 65536
nr_of_strided_rec: 8
nr_doubles: 65536
nr_of_strided_rec: 8
nr_doubles: 65536

Write the data to file:33554432 bytes
***********WAITING************

Write the data to file:33554432 bytes
***********WAITING************

Write the data to file:33554432 bytes
***********WAITING************

Write the data to file:33554432 bytes
***********WAITING************
nr_of_strided_rec: 8
nr_doubles: 65536
nr_of_strided_rec: 8
nr_doubles: 65536
nr_of_strided_rec: 8
nr_doubles: 65536
nr_of_strided_rec: 8
nr_doubles: 65536

Write the data to file:33554432 bytes
***********WAITING************

Write the data to file:33554432 bytes
***********WAITING************

Write the data to file:33554432 bytes
***********WAITING************

Write the data to file:33554432 bytes
***********WAITING************
nr_of_strided_rec: 8
nr_doubles: 65536
nr_of_strided_rec: 8
nr_doubles: 65536
nr_of_strided_rec: 8
nr_doubles: 65536
nr_of_strided_rec: 8
nr_doubles: 65536

Write the data to file:33554432 bytes
***********WAITING************

Write the data to file:33554432 bytes
***********WAITING************

Write the data to file:33554432 bytes
***********WAITING************

Write the data to file:33554432 bytes
***********WAITING************
nr_of_strided_rec: 8
nr_doubles: 65536
nr_of_strided_rec: 8
nr_doubles: 65536
nr_of_strided_rec: 8
nr_doubles: 65536
nr_of_strided_rec: 8
nr_doubles: 65536

Write the data to file:33554432 bytes
***********WAITING************

Write the data to file:33554432 bytes
***********WAITING************

Write the data to file:33554432 bytes
***********WAITING************

Write the data to file:33554432 bytes
***********WAITING************
nr_of_strided_rec: 8
nr_doubles: 65536
nr_of_strided_rec: 8
nr_doubles: 65536
nr_of_strided_rec: 8
nr_doubles: 65536
nr_of_strided_rec: 8
nr_doubles: 65536

Write the data to file:33554432 bytes
***********WAITING************

Write the data to file:33554432 bytes
***********WAITING************

Write the data to file:33554432 bytes
***********WAITING************

Write the data to file:33554432 bytes
***********WAITING************
nr_of_strided_rec: 8
nr_doubles: 65536
nr_of_strided_rec: 8
nr_doubles: 65536
nr_of_strided_rec: 8
nr_doubles: 65536
nr_of_strided_rec: 8
nr_doubles: 65536

Write the data to file:33554432 bytes
***********WAITING************

Write the data to file:33554432 bytes
***********WAITING************

Write the data to file:33554432 bytes
***********WAITING************

Write the data to file:33554432 bytes
***********WAITING************
nr_of_strided_rec: 8
nr_doubles: 65536
nr_of_strided_rec: 8
nr_doubles: 65536
nr_of_strided_rec: 8
nr_doubles: 65536
nr_of_strided_rec: 8
nr_doubles: 65536

Write the data to file:33554432 bytes
***********WAITING************

Write the data to file:33554432 bytes
***********WAITING************

Write the data to file:33554432 bytes
***********WAITING************

Write the data to file:33554432 bytes
***********WAITING************
nr_of_strided_rec: 8
nr_doubles: 65536
nr_of_strided_rec: 8
nr_doubles: 65536
nr_of_strided_rec: 8
nr_doubles: 65536
nr_of_strided_rec: 8
nr_doubles: 65536

Write the data to file:33554432 bytes
***********WAITING************

Write the data to file:33554432 bytes
***********WAITING************

Write the data to file:33554432 bytes
***********WAITING************

Write the data to file:33554432 bytes
***********WAITING************
nr_of_strided_rec: 8
nr_doubles: 65536
nr_of_strided_rec: 8
nr_doubles: 65536
nr_of_strided_rec: 8
nr_doubles: 65536
nr_of_strided_rec: 8
nr_doubles: 65536

Write the data to file:33554432 bytes
***********WAITING************

Write the data to file:33554432 bytes
***********WAITING************

Write the data to file:33554432 bytes
***********WAITING************

Write the data to file:33554432 bytes
***********WAITING************
nr_of_strided_rec: 8
nr_doubles: 65536
nr_of_strided_rec: 8
nr_doubles: 65536
nr_of_strided_rec: 8
nr_doubles: 65536
nr_of_strided_rec: 8
nr_doubles: 65536

Write the data to file:33554432 bytes
***********WAITING************

Write the data to file:33554432 bytes
***********WAITING************

Write the data to file:33554432 bytes
***********WAITING************

Write the data to file:33554432 bytes
***********WAITING************

Write the data to file:33554432 bytes
***********WAITING************

Write the data to file:33554432 bytes
***********WAITING************

Write the data to file:33554432 bytes
***********WAITING************

Write the data to file:33554432 bytes
***********WAITING************
W_cc         1.13   [      1.12:      1.13]
W_r         17.32   [     17.32:     17.32]
W_w          1.45   [      1.45:      1.45]
          -------
W_total     19.90   [     19.90:     19.90]

calc_W done
calc_W done
calc_W done
nr_of_strided_rec: 8
nr_doubles: 65536
calc_W done
nr_of_strided_rec: 8
nr_doubles: 65536
nr_of_strided_rec: 8
nr_doubles: 65536
nr_of_strided_rec: 8
nr_doubles: 65536
nr_of_strided_rec: 8
nr_doubles: 65536
nr_of_strided_rec: 8
nr_doubles: 65536
nr_of_strided_rec: 8
nr_doubles: 65536
nr_of_strided_rec: 8
nr_doubles: 65536
nr_of_strided_rec: 8
nr_doubles: 65536
nr_of_strided_rec: 8
nr_doubles: 65536
nr_of_strided_rec: 8
nr_doubles: 65536
nr_of_strided_rec: 8
nr_doubles: 65536
nr_of_strided_rec: 8
nr_doubles: 65536
nr_of_strided_rec: 8
nr_doubles: 65536
nr_of_strided_rec: 8
nr_doubles: 65536
nr_of_strided_rec: 8
nr_doubles: 65536
nr_of_strided_rec: 8
nr_doubles: 65536
nr_of_strided_rec: 8
nr_doubles: 65536
nr_of_strided_rec: 8
nr_doubles: 65536
nr_of_strided_rec: 8
nr_doubles: 65536
nr_of_strided_rec: 8
nr_doubles: 65536
nr_of_strided_rec: 8
nr_doubles: 65536
nr_of_strided_rec: 8
nr_doubles: 65536
nr_of_strided_rec: 8
nr_doubles: 65536
nr_of_strided_rec: 8
nr_doubles: 65536
nr_of_strided_rec: 8
nr_doubles: 65536
nr_of_strided_rec: 8
nr_doubles: 65536
nr_of_strided_rec: 8
nr_doubles: 65536
nr_of_strided_rec: 8
nr_doubles: 65536
nr_of_strided_rec: 8
nr_doubles: 65536
nr_of_strided_rec: 8
nr_doubles: 65536
nr_of_strided_rec: 8
nr_doubles: 65536
nr_of_strided_rec: 8
nr_doubles: 65536
nr_of_strided_rec: 8
nr_doubles: 65536
nr_of_strided_rec: 8
nr_doubles: 65536
nr_of_strided_rec: 8
nr_doubles: 65536
nr_of_strided_rec: 8
nr_doubles: 65536
nr_of_strided_rec: 8
nr_doubles: 65536
nr_of_strided_rec: 8
nr_doubles: 65536
nr_of_strided_rec: 8
nr_doubles: 65536
nr_of_strided_rec: 8
nr_doubles: 65536
nr_of_strided_rec: 8
nr_doubles: 65536
nr_of_strided_rec: 8
nr_doubles: 65536
nr_of_strided_rec: 8
nr_doubles: 65536
nr_of_strided_rec: 8
nr_doubles: 65536
nr_of_strided_rec: 8
nr_doubles: 65536
nr_of_strided_rec: 8
nr_doubles: 65536
nr_of_strided_rec: 8
nr_doubles: 65536
nr_of_strided_rec: 8
nr_doubles: 65536
nr_of_strided_rec: 8
nr_doubles: 65536
nr_of_strided_rec: 8
nr_doubles: 65536
nr_of_strided_rec: 8
nr_doubles: 65536
nr_of_strided_rec: 8
nr_doubles: 65536
nr_of_strided_rec: 8
nr_doubles: 65536
nr_of_strided_rec: 8
nr_doubles: 65536
nr_of_strided_rec: 8
nr_doubles: 65536
nr_of_strided_rec: 8
nr_doubles: 65536
nr_of_strided_rec: 8
nr_doubles: 65536
nr_of_strided_rec: 8
nr_doubles: 65536
nr_of_strided_rec: 8
nr_doubles: 65536
nr_of_strided_rec: 8
nr_doubles: 65536
nr_of_strided_rec: 8
nr_doubles: 65536
nr_of_strided_rec: 8
nr_doubles: 65536
nr_of_strided_rec: 8
nr_doubles: 65536
nr_of_strided_rec: 8
nr_doubles: 65536
nr_of_strided_rec: 8
nr_doubles: 65536
nr_of_strided_rec: 8
nr_doubles: 65536
nr_of_strided_rec: 8
nr_doubles: 65536
nr_of_strided_rec: 8
nr_doubles: 65536
nr_of_strided_rec: 8
nr_doubles: 65536
nr_of_strided_rec: 8
nr_doubles: 65536
nr_of_strided_rec: 8
nr_doubles: 65536
nr_of_strided_rec: 8
nr_doubles: 65536
nr_of_strided_rec: 8
nr_doubles: 65536
nr_of_strided_rec: 8
nr_doubles: 65536
nr_of_strided_rec: 8
nr_doubles: 65536
nr_of_strided_rec: 8
nr_doubles: 65536
nr_of_strided_rec: 8
nr_doubles: 65536
nr_of_strided_rec: 8
nr_doubles: 65536
nr_of_strided_rec: 8
nr_doubles: 65536
nr_of_strided_rec: 8
nr_doubles: 65536
nr_of_strided_rec: 8
nr_doubles: 65536
nr_of_strided_rec: 8
nr_doubles: 65536
nr_of_strided_rec: 8
nr_doubles: 65536
nr_of_strided_rec: 8
nr_doubles: 65536
nr_of_strided_rec: 8
nr_doubles: 65536
nr_of_strided_rec: 8
nr_doubles: 65536
nr_of_strided_rec: 8
nr_doubles: 65536
nr_of_strided_rec: 8
nr_doubles: 65536
nr_of_strided_rec: 8
nr_doubles: 65536
nr_of_strided_rec: 8
nr_doubles: 65536
nr_of_strided_rec: 8
nr_doubles: 65536
nr_of_strided_rec: 8
nr_doubles: 65536
nr_of_strided_rec: 8
nr_doubles: 65536
nr_of_strided_rec: 8
nr_doubles: 65536
nr_of_strided_rec: 8
nr_doubles: 65536
nr_of_strided_rec: 8
nr_doubles: 65536
nr_of_strided_rec: 8
nr_doubles: 65536
nr_of_strided_rec: 8
nr_doubles: 65536
nr_of_strided_rec: 8
nr_doubles: 65536
nr_of_strided_rec: 8
nr_doubles: 65536
nr_of_strided_rec: 8
nr_doubles: 65536
nr_of_strided_rec: 8
nr_doubles: 65536
nr_of_strided_rec: 8
nr_doubles: 65536
nr_of_strided_rec: 8
nr_doubles: 65536
nr_of_strided_rec: 8
nr_doubles: 65536
nr_of_strided_rec: 8
nr_doubles: 65536
nr_of_strided_rec: 8
nr_doubles: 65536
nr_of_strided_rec: 8
nr_doubles: 65536
nr_of_strided_rec: 8
nr_doubles: 65536
nr_of_strided_rec: 8
nr_doubles: 65536
nr_of_strided_rec: 8
nr_doubles: 65536
nr_of_strided_rec: 8
nr_doubles: 65536
nr_of_strided_rec: 8
nr_doubles: 65536
nr_of_strided_rec: 8
nr_doubles: 65536
nr_of_strided_rec: 8
nr_doubles: 65536
nr_of_strided_rec: 8
nr_doubles: 65536
nr_of_strided_rec: 8
nr_doubles: 65536
nr_of_strided_rec: 8
nr_doubles: 65536
nr_of_strided_rec: 8
nr_doubles: 65536
C_cc         0.50   [      0.50:      0.50]
C_bw         0.20   [      0.20:      0.20]
C_r          8.63   [      8.63:      8.63]
          -------
C_total      9.33   [      9.32:      9.33]


dC[0] = 0.00000e+00
fclose PID:28377 fd:8
fclose PID:28376 fd:10
fclose PID:28375 fd:12
fclose PID:28378 fd:8
READAHEAD_TIME:0.000000 us
MaxRSS= 141620 KB, SharedMem= 0 KB, HardPageFault= 13
READAHEAD_TIME:0.000000 us
MaxRSS= 141588 KB, SharedMem= 0 KB, HardPageFault= 15
READAHEAD_TIME:0.000000 us
MaxRSS= 141704 KB, SharedMem= 0 KB, HardPageFault= 14
READAHEAD_TIME:0.000000 us
MaxRSS= 141460 KB, SharedMem= 0 KB, HardPageFault= 13
fclose PID:28374 fd:0
fclose PID:28374 fd:6
fclose PID:28374 fd:6
fclose PID:28374 fd:0
READAHEAD_TIME:0.000000 us
MaxRSS= 5392 KB, SharedMem= 0 KB, HardPageFault= 2
fclose PID:28373 fd:3
fclose PID:28373 fd:4
fclose PID:28373 fd:4
fclose PID:28373 fd:3
READAHEAD_TIME:0.000000 us
MaxRSS= 4928 KB, SharedMem= 0 KB, HardPageFault= 4
	Command being timed: "mpiexec -n 4 ./MADbench2_io 4096 30 1 8 64 1 1 524288 7 1"
	User time (seconds): 15.27
	System time (seconds): 15.20
	Percent of CPU this job got: 81%
	Elapsed (wall clock) time (h:mm:ss or m:ss): 0:37.63
	Average shared text size (kbytes): 0
	Average unshared data size (kbytes): 0
	Average stack size (kbytes): 0
	Average total size (kbytes): 0
	Maximum resident set size (kbytes): 141704
	Average resident set size (kbytes): 0
	Major (requiring I/O) page faults: 62
	Minor (reclaiming a frame) page faults: 441346
	Voluntary context switches: 15348
	Involuntary context switches: 287
	Swaps: 0
	File system inputs: 15263824
	File system outputs: 15728704
	Socket messages sent: 0
	Socket messages received: 0
	Signals delivered: 0
	Page size (bytes): 4096
	Exit status: 0
READAHEAD_TIME:0.000000 us
MaxRSS= 2188 KB, SharedMem= 0 KB, HardPageFault= 0
*******************DMESG OUTPUT******************
