fclose PID:34850 fd:3
fclose PID:34850 fd:4
fclose PID:34850 fd:4
fclose PID:34850 fd:3
available: 2 nodes (0-1)
fclose PID:34850 fd:3
node 0 cpus:fclose PID:34850 fd:3
 0 1 2 3 4 5 6 7 8 9 20 21 22 23 24 25 26 27 28 29
node 0 size: 80440 MB
node 0 free: 80117 MB
fclose PID:34850 fd:3
node 1 cpus:fclose PID:34850 fd:3
 10 11 12 13 14 15 16 17 18 19 30 31 32 33 34 35 36 37 38 39
node 1 size: 80635 MB
node 1 free: 80376 MB
fclose PID:34850 fd:3
fclose PID:34850 fd:3
node distances:
node   0   1 
  0:  10  21 
  1:  21  10 
READAHEAD_TIME:0.000000 us
MaxRSS= 2232 KB, SharedMem= 0 KB, HardPageFault= 10
fclose PID:34858 fd:8
fclose PID:34855 fd:12
fclose PID:34856 fd:10
fclose PID:34857 fd:8

MADbench 2.0 IO-mode
no_pe = 4  no_pix = 16384  no_bin = 30  no_gang = 1 sblocksize = 8  fblocksize = 64  r_mod = 1  w_mod = 1 record_size=16777216 stride=7


IOMETHOD = POSIX  IOMODE = SYNC  FILETYPE = UNIQUE  REMAP = CUSTOMbuild_S
build_S
build_S
build_S

Write the data to file:536870912 bytes
***********WAITING************

Write the data to file:536870912 bytes
***********WAITING************

Write the data to file:536870912 bytes
***********WAITING************

Write the data to file:536870912 bytes
***********WAITING************

Write the data to file:536870912 bytes
***********WAITING************

Write the data to file:536870912 bytes
***********WAITING************

Write the data to file:536870912 bytes
***********WAITING************

Write the data to file:536870912 bytes
***********WAITING************

Write the data to file:536870912 bytes
***********WAITING************

Write the data to file:536870912 bytes
***********WAITING************

Write the data to file:536870912 bytes
***********WAITING************

Write the data to file:536870912 bytes
***********WAITING************

Write the data to file:536870912 bytes
***********WAITING************

Write the data to file:536870912 bytes
***********WAITING************

Write the data to file:536870912 bytes
***********WAITING************

Write the data to file:536870912 bytes
***********WAITING************

Write the data to file:536870912 bytes
***********WAITING************

Write the data to file:536870912 bytes
***********WAITING************

Write the data to file:536870912 bytes
***********WAITING************

Write the data to file:536870912 bytes
***********WAITING************

Write the data to file:536870912 bytes
***********WAITING************

Write the data to file:536870912 bytes
***********WAITING************

Write the data to file:536870912 bytes
***********WAITING************

Write the data to file:536870912 bytes
***********WAITING************

Write the data to file:536870912 bytes
***********WAITING************

Write the data to file:536870912 bytes
***********WAITING************

Write the data to file:536870912 bytes
***********WAITING************

Write the data to file:536870912 bytes
***********WAITING************

Write the data to file:536870912 bytes
***********WAITING************

Write the data to file:536870912 bytes
***********WAITING************

Write the data to file:536870912 bytes
***********WAITING************

Write the data to file:536870912 bytes
***********WAITING************

Write the data to file:536870912 bytes
***********WAITING************

Write the data to file:536870912 bytes
***********WAITING************

Write the data to file:536870912 bytes
***********WAITING************

Write the data to file:536870912 bytes
***********WAITING************

Write the data to file:536870912 bytes
***********WAITING************

Write the data to file:536870912 bytes
***********WAITING************

Write the data to file:536870912 bytes
***********WAITING************

Write the data to file:536870912 bytes
***********WAITING************

Write the data to file:536870912 bytes
***********WAITING************

Write the data to file:536870912 bytes
***********WAITING************

Write the data to file:536870912 bytes
***********WAITING************

Write the data to file:536870912 bytes
***********WAITING************

Write the data to file:536870912 bytes
***********WAITING************

Write the data to file:536870912 bytes
***********WAITING************

Write the data to file:536870912 bytes
***********WAITING************

Write the data to file:536870912 bytes
***********WAITING************

Write the data to file:536870912 bytes
***********WAITING************

Write the data to file:536870912 bytes
***********WAITING************

Write the data to file:536870912 bytes
***********WAITING************

Write the data to file:536870912 bytes
***********WAITING************

Write the data to file:536870912 bytes
***********WAITING************

Write the data to file:536870912 bytes
***********WAITING************

Write the data to file:536870912 bytes
***********WAITING************

Write the data to file:536870912 bytes
***********WAITING************

Write the data to file:536870912 bytes
***********WAITING************

Write the data to file:536870912 bytes
***********WAITING************

Write the data to file:536870912 bytes
***********WAITING************

Write the data to file:536870912 bytes
***********WAITING************

Write the data to file:536870912 bytes
***********WAITING************

Write the data to file:536870912 bytes
***********WAITING************

Write the data to file:536870912 bytes
***********WAITING************

Write the data to file:536870912 bytes
***********WAITING************

Write the data to file:536870912 bytes
***********WAITING************

Write the data to file:536870912 bytes
***********WAITING************

Write the data to file:536870912 bytes
***********WAITING************

Write the data to file:536870912 bytes
***********WAITING************

Write the data to file:536870912 bytes
***********WAITING************

Write the data to file:536870912 bytes
***********WAITING************

Write the data to file:536870912 bytes
***********WAITING************

Write the data to file:536870912 bytes
***********WAITING************

Write the data to file:536870912 bytes
***********WAITING************

Write the data to file:536870912 bytes
***********WAITING************

Write the data to file:536870912 bytes
***********WAITING************

Write the data to file:536870912 bytes
***********WAITING************

Write the data to file:536870912 bytes
***********WAITING************

Write the data to file:536870912 bytes
***********WAITING************

Write the data to file:536870912 bytes
***********WAITING************

Write the data to file:536870912 bytes
***********WAITING************

Write the data to file:536870912 bytes
***********WAITING************

Write the data to file:536870912 bytes
***********WAITING************

Write the data to file:536870912 bytes
***********WAITING************

Write the data to file:536870912 bytes
***********WAITING************

Write the data to file:536870912 bytes
***********WAITING************

Write the data to file:536870912 bytes
***********WAITING************

Write the data to file:536870912 bytes
***********WAITING************

Write the data to file:536870912 bytes
***********WAITING************

Write the data to file:536870912 bytes
***********WAITING************

Write the data to file:536870912 bytes
***********WAITING************

Write the data to file:536870912 bytes
***********WAITING************

Write the data to file:536870912 bytes
***********WAITING************

Write the data to file:536870912 bytes
***********WAITING************

Write the data to file:536870912 bytes
***********WAITING************

Write the data to file:536870912 bytes
***********WAITING************

Write the data to file:536870912 bytes
***********WAITING************

Write the data to file:536870912 bytes
***********WAITING************

Write the data to file:536870912 bytes
***********WAITING************

Write the data to file:536870912 bytes
***********WAITING************

Write the data to file:536870912 bytes
***********WAITING************

Write the data to file:536870912 bytes
***********WAITING************

Write the data to file:536870912 bytes
***********WAITING************

Write the data to file:536870912 bytes
***********WAITING************

Write the data to file:536870912 bytes
***********WAITING************

Write the data to file:536870912 bytes
***********WAITING************

Write the data to file:536870912 bytes
***********WAITING************

Write the data to file:536870912 bytes
***********WAITING************

Write the data to file:536870912 bytes
***********WAITING************

Write the data to file:536870912 bytes
***********WAITING************

Write the data to file:536870912 bytes
***********WAITING************

Write the data to file:536870912 bytes
***********WAITING************

Write the data to file:536870912 bytes
***********WAITING************

Write the data to file:536870912 bytes
***********WAITING************

Write the data to file:536870912 bytes
***********WAITING************

Write the data to file:536870912 bytes
***********WAITING************

Write the data to file:536870912 bytes
***********WAITING************

Write the data to file:536870912 bytes
***********WAITING************

Write the data to file:536870912 bytes
***********WAITING************

Write the data to file:536870912 bytes
***********WAITING************

Write the data to file:536870912 bytes
***********WAITING************
S_cc         5.93   [      5.92:      5.94]
S_bw         2.85   [      2.85:      2.85]
S_w        142.55   [    142.55:    142.55]
          -------
S_total    151.32   [    151.31:    151.33]

build_S done
calc_W
build_S done
calc_W
nr_of_strided_rec: 4
nr_doubles: 2097152
build_S done
calc_W
nr_of_strided_rec: 4
nr_doubles: 2097152
build_S done
calc_W
nr_of_strided_rec: 4
nr_doubles: 2097152
nr_of_strided_rec: 4
nr_doubles: 2097152
nr_of_strided_rec: 4
nr_doubles: 2097152
nr_of_strided_rec: 4
nr_doubles: 2097152
nr_of_strided_rec: 4
nr_doubles: 2097152
nr_of_strided_rec: 4
nr_doubles: 2097152

Write the data to file:536870912 bytes
***********WAITING************

Write the data to file:536870912 bytes
***********WAITING************

Write the data to file:536870912 bytes
***********WAITING************

Write the data to file:536870912 bytes
***********WAITING************
nr_of_strided_rec: 4
nr_doubles: 2097152
nr_of_strided_rec: 4
nr_doubles: 2097152
nr_of_strided_rec: 4
nr_doubles: 2097152
nr_of_strided_rec: 4
nr_doubles: 2097152

Write the data to file:536870912 bytes
***********WAITING************

Write the data to file:536870912 bytes
***********WAITING************

Write the data to file:536870912 bytes
***********WAITING************

Write the data to file:536870912 bytes
***********WAITING************
nr_of_strided_rec: 4
nr_doubles: 2097152
nr_of_strided_rec: 4
nr_doubles: 2097152
nr_of_strided_rec: 4
nr_doubles: 2097152
nr_of_strided_rec: 4
nr_doubles: 2097152

Write the data to file:536870912 bytes
***********WAITING************

Write the data to file:536870912 bytes
***********WAITING************

Write the data to file:536870912 bytes
***********WAITING************

Write the data to file:536870912 bytes
***********WAITING************
nr_of_strided_rec: 4
nr_doubles: 2097152
nr_of_strided_rec: 4
nr_doubles: 2097152
nr_of_strided_rec: 4
nr_doubles: 2097152
nr_of_strided_rec: 4
nr_doubles: 2097152

Write the data to file:536870912 bytes
***********WAITING************

Write the data to file:536870912 bytes
***********WAITING************

Write the data to file:536870912 bytes
***********WAITING************

Write the data to file:536870912 bytes
***********WAITING************
nr_of_strided_rec: 4
nr_doubles: 2097152
nr_of_strided_rec: 4
nr_doubles: 2097152
nr_of_strided_rec: 4
nr_doubles: 2097152
nr_of_strided_rec: 4
nr_doubles: 2097152

Write the data to file:536870912 bytes
***********WAITING************

Write the data to file:536870912 bytes
***********WAITING************

Write the data to file:536870912 bytes
***********WAITING************

Write the data to file:536870912 bytes
***********WAITING************
nr_of_strided_rec: 4
nr_doubles: 2097152
nr_of_strided_rec: 4
nr_doubles: 2097152
nr_of_strided_rec: 4
nr_doubles: 2097152
nr_of_strided_rec: 4
nr_doubles: 2097152

Write the data to file:536870912 bytes
***********WAITING************

Write the data to file:536870912 bytes
***********WAITING************

Write the data to file:536870912 bytes
***********WAITING************

Write the data to file:536870912 bytes
***********WAITING************
nr_of_strided_rec: 4
nr_doubles: 2097152
nr_of_strided_rec: 4
nr_doubles: 2097152
nr_of_strided_rec: 4
nr_doubles: 2097152
nr_of_strided_rec: 4
nr_doubles: 2097152

Write the data to file:536870912 bytes
***********WAITING************

Write the data to file:536870912 bytes
***********WAITING************

Write the data to file:536870912 bytes
***********WAITING************

Write the data to file:536870912 bytes
***********WAITING************
nr_of_strided_rec: 4
nr_doubles: 2097152
nr_of_strided_rec: 4
nr_doubles: 2097152
nr_of_strided_rec: 4
nr_doubles: 2097152
nr_of_strided_rec: 4
nr_doubles: 2097152

Write the data to file:536870912 bytes
***********WAITING************

Write the data to file:536870912 bytes
***********WAITING************

Write the data to file:536870912 bytes
***********WAITING************

Write the data to file:536870912 bytes
***********WAITING************
nr_of_strided_rec: 4
nr_doubles: 2097152
nr_of_strided_rec: 4
nr_doubles: 2097152
nr_of_strided_rec: 4
nr_doubles: 2097152
nr_of_strided_rec: 4
nr_doubles: 2097152

Write the data to file:536870912 bytes
***********WAITING************

Write the data to file:536870912 bytes
***********WAITING************

Write the data to file:536870912 bytes
***********WAITING************

Write the data to file:536870912 bytes
***********WAITING************
nr_of_strided_rec: 4
nr_doubles: 2097152
nr_of_strided_rec: 4
nr_doubles: 2097152
nr_of_strided_rec: 4
nr_doubles: 2097152
nr_of_strided_rec: 4
nr_doubles: 2097152

Write the data to file:536870912 bytes
***********WAITING************

Write the data to file:536870912 bytes
***********WAITING************

Write the data to file:536870912 bytes
***********WAITING************

Write the data to file:536870912 bytes
***********WAITING************
nr_of_strided_rec: 4
nr_doubles: 2097152
nr_of_strided_rec: 4
nr_doubles: 2097152
nr_of_strided_rec: 4
nr_doubles: 2097152
nr_of_strided_rec: 4
nr_doubles: 2097152

Write the data to file:536870912 bytes
***********WAITING************

Write the data to file:536870912 bytes
***********WAITING************

Write the data to file:536870912 bytes
***********WAITING************

Write the data to file:536870912 bytes
***********WAITING************
nr_of_strided_rec: 4
nr_doubles: 2097152
nr_of_strided_rec: 4
nr_doubles: 2097152
nr_of_strided_rec: 4
nr_doubles: 2097152
nr_of_strided_rec: 4
nr_doubles: 2097152

Write the data to file:536870912 bytes
***********WAITING************

Write the data to file:536870912 bytes
***********WAITING************

Write the data to file:536870912 bytes
***********WAITING************

Write the data to file:536870912 bytes
***********WAITING************
nr_of_strided_rec: 4
nr_doubles: 2097152
nr_of_strided_rec: 4
nr_doubles: 2097152
nr_of_strided_rec: 4
nr_doubles: 2097152
nr_of_strided_rec: 4
nr_doubles: 2097152

Write the data to file:536870912 bytes
***********WAITING************

Write the data to file:536870912 bytes
***********WAITING************

Write the data to file:536870912 bytes
***********WAITING************

Write the data to file:536870912 bytes
***********WAITING************
nr_of_strided_rec: 4
nr_doubles: 2097152
nr_of_strided_rec: 4
nr_doubles: 2097152
nr_of_strided_rec: 4
nr_doubles: 2097152
nr_of_strided_rec: 4
nr_doubles: 2097152

Write the data to file:536870912 bytes
***********WAITING************

Write the data to file:536870912 bytes
***********WAITING************

Write the data to file:536870912 bytes
***********WAITING************

Write the data to file:536870912 bytes
***********WAITING************
nr_of_strided_rec: 4
nr_doubles: 2097152
nr_of_strided_rec: 4
nr_doubles: 2097152
nr_of_strided_rec: 4
nr_doubles: 2097152
nr_of_strided_rec: 4
nr_doubles: 2097152

Write the data to file:536870912 bytes
***********WAITING************

Write the data to file:536870912 bytes
***********WAITING************

Write the data to file:536870912 bytes
***********WAITING************

Write the data to file:536870912 bytes
***********WAITING************
nr_of_strided_rec: 4
nr_doubles: 2097152
nr_of_strided_rec: 4
nr_doubles: 2097152
nr_of_strided_rec: 4
nr_doubles: 2097152
nr_of_strided_rec: 4
nr_doubles: 2097152

Write the data to file:536870912 bytes
***********WAITING************

Write the data to file:536870912 bytes
***********WAITING************

Write the data to file:536870912 bytes
***********WAITING************

Write the data to file:536870912 bytes
***********WAITING************
nr_of_strided_rec: 4
nr_doubles: 2097152
nr_of_strided_rec: 4
nr_doubles: 2097152
nr_of_strided_rec: 4
nr_doubles: 2097152
nr_of_strided_rec: 4
nr_doubles: 2097152

Write the data to file:536870912 bytes
***********WAITING************

Write the data to file:536870912 bytes
***********WAITING************

Write the data to file:536870912 bytes
***********WAITING************

Write the data to file:536870912 bytes
***********WAITING************
nr_of_strided_rec: 4
nr_doubles: 2097152
nr_of_strided_rec: 4
nr_doubles: 2097152
nr_of_strided_rec: 4
nr_doubles: 2097152
nr_of_strided_rec: 4
nr_doubles: 2097152

Write the data to file:536870912 bytes
***********WAITING************

Write the data to file:536870912 bytes
***********WAITING************

Write the data to file:536870912 bytes
***********WAITING************

Write the data to file:536870912 bytes
***********WAITING************
nr_of_strided_rec: 4
nr_doubles: 2097152
nr_of_strided_rec: 4
nr_doubles: 2097152
nr_of_strided_rec: 4
nr_doubles: 2097152
nr_of_strided_rec: 4
nr_doubles: 2097152

Write the data to file:536870912 bytes
***********WAITING************

Write the data to file:536870912 bytes
***********WAITING************

Write the data to file:536870912 bytes
***********WAITING************

Write the data to file:536870912 bytes
***********WAITING************
nr_of_strided_rec: 4
nr_doubles: 2097152
nr_of_strided_rec: 4
nr_doubles: 2097152
nr_of_strided_rec: 4
nr_doubles: 2097152
nr_of_strided_rec: 4
nr_doubles: 2097152

Write the data to file:536870912 bytes
***********WAITING************

Write the data to file:536870912 bytes
***********WAITING************

Write the data to file:536870912 bytes
***********WAITING************

Write the data to file:536870912 bytes
***********WAITING************
nr_of_strided_rec: 4
nr_doubles: 2097152
nr_of_strided_rec: 4
nr_doubles: 2097152
nr_of_strided_rec: 4
nr_doubles: 2097152
nr_of_strided_rec: 4
nr_doubles: 2097152

Write the data to file:536870912 bytes
***********WAITING************

Write the data to file:536870912 bytes
***********WAITING************

Write the data to file:536870912 bytes
***********WAITING************

Write the data to file:536870912 bytes
***********WAITING************
nr_of_strided_rec: 4
nr_doubles: 2097152
nr_of_strided_rec: 4
nr_doubles: 2097152
nr_of_strided_rec: 4
nr_doubles: 2097152
nr_of_strided_rec: 4
nr_doubles: 2097152

Write the data to file:536870912 bytes
***********WAITING************

Write the data to file:536870912 bytes
***********WAITING************

Write the data to file:536870912 bytes
***********WAITING************

Write the data to file:536870912 bytes
***********WAITING************
nr_of_strided_rec: 4
nr_doubles: 2097152
nr_of_strided_rec: 4
nr_doubles: 2097152
nr_of_strided_rec: 4
nr_doubles: 2097152
nr_of_strided_rec: 4
nr_doubles: 2097152

Write the data to file:536870912 bytes
***********WAITING************

Write the data to file:536870912 bytes
***********WAITING************

Write the data to file:536870912 bytes
***********WAITING************

Write the data to file:536870912 bytes
***********WAITING************
nr_of_strided_rec: 4
nr_doubles: 2097152
nr_of_strided_rec: 4
nr_doubles: 2097152
nr_of_strided_rec: 4
nr_doubles: 2097152
nr_of_strided_rec: 4
nr_doubles: 2097152

Write the data to file:536870912 bytes
***********WAITING************

Write the data to file:536870912 bytes
***********WAITING************

Write the data to file:536870912 bytes
***********WAITING************

Write the data to file:536870912 bytes
***********WAITING************
nr_of_strided_rec: 4
nr_doubles: 2097152
nr_of_strided_rec: 4
nr_doubles: 2097152
nr_of_strided_rec: 4
nr_doubles: 2097152
nr_of_strided_rec: 4
nr_doubles: 2097152

Write the data to file:536870912 bytes
***********WAITING************

Write the data to file:536870912 bytes
***********WAITING************

Write the data to file:536870912 bytes
***********WAITING************

Write the data to file:536870912 bytes
***********WAITING************
nr_of_strided_rec: 4
nr_doubles: 2097152
nr_of_strided_rec: 4
nr_doubles: 2097152
nr_of_strided_rec: 4
nr_doubles: 2097152
nr_of_strided_rec: 4
nr_doubles: 2097152

Write the data to file:536870912 bytes
***********WAITING************

Write the data to file:536870912 bytes
***********WAITING************

Write the data to file:536870912 bytes
***********WAITING************

Write the data to file:536870912 bytes
***********WAITING************
nr_of_strided_rec: 4
nr_doubles: 2097152
nr_of_strided_rec: 4
nr_doubles: 2097152
nr_of_strided_rec: 4
nr_doubles: 2097152
nr_of_strided_rec: 4
nr_doubles: 2097152

Write the data to file:536870912 bytes
***********WAITING************

Write the data to file:536870912 bytes
***********WAITING************

Write the data to file:536870912 bytes
***********WAITING************

Write the data to file:536870912 bytes
***********WAITING************
nr_of_strided_rec: 4
nr_doubles: 2097152
nr_of_strided_rec: 4
nr_doubles: 2097152
nr_of_strided_rec: 4
nr_doubles: 2097152
nr_of_strided_rec: 4
nr_doubles: 2097152

Write the data to file:536870912 bytes
***********WAITING************

Write the data to file:536870912 bytes
***********WAITING************

Write the data to file:536870912 bytes
***********WAITING************

Write the data to file:536870912 bytes
***********WAITING************
nr_of_strided_rec: 4
nr_doubles: 2097152
nr_of_strided_rec: 4
nr_doubles: 2097152
nr_of_strided_rec: 4
nr_doubles: 2097152
nr_of_strided_rec: 4
nr_doubles: 2097152

Write the data to file:536870912 bytes
***********WAITING************

Write the data to file:536870912 bytes
***********WAITING************

Write the data to file:536870912 bytes
***********WAITING************

Write the data to file:536870912 bytes
***********WAITING************

Write the data to file:536870912 bytes
***********WAITING************

Write the data to file:536870912 bytes
***********WAITING************

Write the data to file:536870912 bytes
***********WAITING************

Write the data to file:536870912 bytes
***********WAITING************
W_cc         7.77   [      7.77:      7.77]
W_r        170.62   [    170.62:    170.62]
W_w        119.56   [    119.56:    119.56]
          -------
W_total    297.95   [    297.94:    297.95]

calc_W done
nr_of_strided_rec: 4
nr_doubles: 2097152
calc_W done
nr_of_strided_rec: 4
nr_doubles: 2097152
calc_W done
nr_of_strided_rec: 4
nr_doubles: 2097152
calc_W done
nr_of_strided_rec: 4
nr_doubles: 2097152
nr_of_strided_rec: 4
nr_doubles: 2097152
nr_of_strided_rec: 4
nr_doubles: 2097152
nr_of_strided_rec: 4
nr_doubles: 2097152
nr_of_strided_rec: 4
nr_doubles: 2097152
nr_of_strided_rec: 4
nr_doubles: 2097152
nr_of_strided_rec: 4
nr_doubles: 2097152
nr_of_strided_rec: 4
nr_doubles: 2097152
nr_of_strided_rec: 4
nr_doubles: 2097152
nr_of_strided_rec: 4
nr_doubles: 2097152
nr_of_strided_rec: 4
nr_doubles: 2097152
nr_of_strided_rec: 4
nr_doubles: 2097152
nr_of_strided_rec: 4
nr_doubles: 2097152
nr_of_strided_rec: 4
nr_doubles: 2097152
nr_of_strided_rec: 4
nr_doubles: 2097152
nr_of_strided_rec: 4
nr_doubles: 2097152
nr_of_strided_rec: 4
nr_doubles: 2097152
nr_of_strided_rec: 4
nr_doubles: 2097152
nr_of_strided_rec: 4
nr_doubles: 2097152
nr_of_strided_rec: 4
nr_doubles: 2097152
nr_of_strided_rec: 4
nr_doubles: 2097152
nr_of_strided_rec: 4
nr_doubles: 2097152
nr_of_strided_rec: 4
nr_doubles: 2097152
nr_of_strided_rec: 4
nr_doubles: 2097152
nr_of_strided_rec: 4
nr_doubles: 2097152
nr_of_strided_rec: 4
nr_doubles: 2097152
nr_of_strided_rec: 4
nr_doubles: 2097152
nr_of_strided_rec: 4
nr_doubles: 2097152
nr_of_strided_rec: 4
nr_doubles: 2097152
nr_of_strided_rec: 4
nr_doubles: 2097152
nr_of_strided_rec: 4
nr_doubles: 2097152
nr_of_strided_rec: 4
nr_doubles: 2097152
nr_of_strided_rec: 4
nr_doubles: 2097152
nr_of_strided_rec: 4
nr_doubles: 2097152
nr_of_strided_rec: 4
nr_doubles: 2097152
nr_of_strided_rec: 4
nr_doubles: 2097152
nr_of_strided_rec: 4
nr_doubles: 2097152
nr_of_strided_rec: 4
nr_doubles: 2097152
nr_of_strided_rec: 4
nr_doubles: 2097152
nr_of_strided_rec: 4
nr_doubles: 2097152
nr_of_strided_rec: 4
nr_doubles: 2097152
nr_of_strided_rec: 4
nr_doubles: 2097152
nr_of_strided_rec: 4
nr_doubles: 2097152
nr_of_strided_rec: 4
nr_doubles: 2097152
nr_of_strided_rec: 4
nr_doubles: 2097152
nr_of_strided_rec: 4
nr_doubles: 2097152
nr_of_strided_rec: 4
nr_doubles: 2097152
nr_of_strided_rec: 4
nr_doubles: 2097152
nr_of_strided_rec: 4
nr_doubles: 2097152
nr_of_strided_rec: 4
nr_doubles: 2097152
nr_of_strided_rec: 4
nr_doubles: 2097152
nr_of_strided_rec: 4
nr_doubles: 2097152
nr_of_strided_rec: 4
nr_doubles: 2097152
nr_of_strided_rec: 4
nr_doubles: 2097152
nr_of_strided_rec: 4
nr_doubles: 2097152
nr_of_strided_rec: 4
nr_doubles: 2097152
nr_of_strided_rec: 4
nr_doubles: 2097152
nr_of_strided_rec: 4
nr_doubles: 2097152
nr_of_strided_rec: 4
nr_doubles: 2097152
nr_of_strided_rec: 4
nr_doubles: 2097152
nr_of_strided_rec: 4
nr_doubles: 2097152
nr_of_strided_rec: 4
nr_doubles: 2097152
nr_of_strided_rec: 4
nr_doubles: 2097152
nr_of_strided_rec: 4
nr_doubles: 2097152
nr_of_strided_rec: 4
nr_doubles: 2097152
nr_of_strided_rec: 4
nr_doubles: 2097152
nr_of_strided_rec: 4
nr_doubles: 2097152
nr_of_strided_rec: 4
nr_doubles: 2097152
nr_of_strided_rec: 4
nr_doubles: 2097152
nr_of_strided_rec: 4
nr_doubles: 2097152
nr_of_strided_rec: 4
nr_doubles: 2097152
nr_of_strided_rec: 4
nr_doubles: 2097152
nr_of_strided_rec: 4
nr_doubles: 2097152
nr_of_strided_rec: 4
nr_doubles: 2097152
nr_of_strided_rec: 4
nr_doubles: 2097152
nr_of_strided_rec: 4
nr_doubles: 2097152
nr_of_strided_rec: 4
nr_doubles: 2097152
nr_of_strided_rec: 4
nr_doubles: 2097152
nr_of_strided_rec: 4
nr_doubles: 2097152
nr_of_strided_rec: 4
nr_doubles: 2097152
nr_of_strided_rec: 4
nr_doubles: 2097152
nr_of_strided_rec: 4
nr_doubles: 2097152
nr_of_strided_rec: 4
nr_doubles: 2097152
nr_of_strided_rec: 4
nr_doubles: 2097152
nr_of_strided_rec: 4
nr_doubles: 2097152
nr_of_strided_rec: 4
nr_doubles: 2097152
nr_of_strided_rec: 4
nr_doubles: 2097152
nr_of_strided_rec: 4
nr_doubles: 2097152
nr_of_strided_rec: 4
nr_doubles: 2097152
nr_of_strided_rec: 4
nr_doubles: 2097152
nr_of_strided_rec: 4
nr_doubles: 2097152
nr_of_strided_rec: 4
nr_doubles: 2097152
nr_of_strided_rec: 4
nr_doubles: 2097152
nr_of_strided_rec: 4
nr_doubles: 2097152
nr_of_strided_rec: 4
nr_doubles: 2097152
nr_of_strided_rec: 4
nr_doubles: 2097152
nr_of_strided_rec: 4
nr_doubles: 2097152
nr_of_strided_rec: 4
nr_doubles: 2097152
nr_of_strided_rec: 4
nr_doubles: 2097152
nr_of_strided_rec: 4
nr_doubles: 2097152
nr_of_strided_rec: 4
nr_doubles: 2097152
nr_of_strided_rec: 4
nr_doubles: 2097152
nr_of_strided_rec: 4
nr_doubles: 2097152
nr_of_strided_rec: 4
nr_doubles: 2097152
nr_of_strided_rec: 4
nr_doubles: 2097152
nr_of_strided_rec: 4
nr_doubles: 2097152
nr_of_strided_rec: 4
nr_doubles: 2097152
nr_of_strided_rec: 4
nr_doubles: 2097152
nr_of_strided_rec: 4
nr_doubles: 2097152
nr_of_strided_rec: 4
nr_doubles: 2097152
nr_of_strided_rec: 4
nr_doubles: 2097152
nr_of_strided_rec: 4
nr_doubles: 2097152
nr_of_strided_rec: 4
nr_doubles: 2097152
nr_of_strided_rec: 4
nr_doubles: 2097152
nr_of_strided_rec: 4
nr_doubles: 2097152
nr_of_strided_rec: 4
nr_doubles: 2097152
nr_of_strided_rec: 4
nr_doubles: 2097152
C_cc         3.08   [      3.08:      3.09]
C_bw         2.39   [      2.39:      2.39]
C_r        126.89   [    126.89:    126.89]
          -------
C_total    132.37   [    132.37:    132.37]


dC[0] = 0.00000e+00
fclose PID:34857 fd:8
fclose PID:34858 fd:8
fclose PID:34856 fd:10
fclose PID:34855 fd:12
READAHEAD_TIME:0.000000 us
MaxRSS= 2108076 KB, SharedMem= 0 KB, HardPageFault= 12
READAHEAD_TIME:0.000000 us
MaxRSS= 2107816 KB, SharedMem= 0 KB, HardPageFault= 10
READAHEAD_TIME:0.000000 us
MaxRSS= 2107896 KB, SharedMem= 0 KB, HardPageFault= 10
READAHEAD_TIME:0.000000 us
MaxRSS= 2108020 KB, SharedMem= 0 KB, HardPageFault= 13
fclose PID:34854 fd:0
fclose PID:34854 fd:6
fclose PID:34854 fd:6
fclose PID:34854 fd:0
READAHEAD_TIME:0.000000 us
MaxRSS= 5308 KB, SharedMem= 0 KB, HardPageFault= 2
fclose PID:34853 fd:3
fclose PID:34853 fd:4
fclose PID:34853 fd:4
fclose PID:34853 fd:3
READAHEAD_TIME:0.000000 us
MaxRSS= 4860 KB, SharedMem= 0 KB, HardPageFault= 4
	Command being timed: "mpiexec -n 4 ./MADbench2_io 16384 30 1 8 64 1 1 16777216 7 1"
	User time (seconds): 324.80
	System time (seconds): 218.72
	Percent of CPU this job got: 93%
	Elapsed (wall clock) time (h:mm:ss or m:ss): 9:42.35
	Average shared text size (kbytes): 0
	Average unshared data size (kbytes): 0
	Average stack size (kbytes): 0
	Average total size (kbytes): 0
	Maximum resident set size (kbytes): 2108076
	Average resident set size (kbytes): 0
	Major (requiring I/O) page faults: 52
	Minor (reclaiming a frame) page faults: 11152552
	Voluntary context switches: 115548
	Involuntary context switches: 2780
	Swaps: 0
	File system inputs: 251618768
	File system outputs: 251658512
	Socket messages sent: 0
	Socket messages received: 0
	Signals delivered: 0
	Page size (bytes): 4096
	Exit status: 0
READAHEAD_TIME:0.000000 us
MaxRSS= 2072 KB, SharedMem= 0 KB, HardPageFault= 0
*******************DMESG OUTPUT******************
