fclose PID:33823 fd:3
fclose PID:33823 fd:4
fclose PID:33823 fd:4
fclose PID:33823 fd:3
available: 2 nodes (0-1)
fclose PID:33823 fd:3
node 0 cpus:fclose PID:33823 fd:3
 0 1 2 3 4 5 6 7 8 9 20 21 22 23 24 25 26 27 28 29
node 0 size: 80440 MB
node 0 free: 80122 MB
fclose PID:33823 fd:3
node 1 cpus:fclose PID:33823 fd:3
 10 11 12 13 14 15 16 17 18 19 30 31 32 33 34 35 36 37 38 39
node 1 size: 80635 MB
node 1 free: 80374 MB
fclose PID:33823 fd:3
fclose PID:33823 fd:3
node distances:
node   0   1 
  0:  10  21 
  1:  21  10 
READAHEAD_TIME:0.000000 us
MaxRSS= 2260 KB, SharedMem= 0 KB, HardPageFault= 10
fclose PID:33830 fd:8
fclose PID:33828 fd:12
fclose PID:33829 fd:10
fclose PID:33831 fd:8

MADbench 2.0 IO-mode
no_pe = 4  no_pix = 16384  no_bin = 30  no_gang = 1 sblocksize = 8  fblocksize = 64  r_mod = 1  w_mod = 1 record_size=1048576 stride=7


IOMETHOD = POSIX  IOMODE = SYNC  FILETYPE = UNIQUE  REMAP = CUSTOMbuild_S
build_S
build_S
build_S

Write the data to file:536870912 bytes
***********WAITING************

Write the data to file:536870912 bytes
***********WAITING************

Write the data to file:536870912 bytes
***********WAITING************

Write the data to file:536870912 bytes
***********WAITING************

Write the data to file:536870912 bytes
***********WAITING************

Write the data to file:536870912 bytes
***********WAITING************

Write the data to file:536870912 bytes
***********WAITING************

Write the data to file:536870912 bytes
***********WAITING************

Write the data to file:536870912 bytes
***********WAITING************

Write the data to file:536870912 bytes
***********WAITING************

Write the data to file:536870912 bytes
***********WAITING************

Write the data to file:536870912 bytes
***********WAITING************

Write the data to file:536870912 bytes
***********WAITING************

Write the data to file:536870912 bytes
***********WAITING************

Write the data to file:536870912 bytes
***********WAITING************

Write the data to file:536870912 bytes
***********WAITING************

Write the data to file:536870912 bytes
***********WAITING************

Write the data to file:536870912 bytes
***********WAITING************

Write the data to file:536870912 bytes
***********WAITING************

Write the data to file:536870912 bytes
***********WAITING************

Write the data to file:536870912 bytes
***********WAITING************

Write the data to file:536870912 bytes
***********WAITING************

Write the data to file:536870912 bytes
***********WAITING************

Write the data to file:536870912 bytes
***********WAITING************

Write the data to file:536870912 bytes
***********WAITING************

Write the data to file:536870912 bytes
***********WAITING************

Write the data to file:536870912 bytes
***********WAITING************

Write the data to file:536870912 bytes
***********WAITING************

Write the data to file:536870912 bytes
***********WAITING************

Write the data to file:536870912 bytes
***********WAITING************

Write the data to file:536870912 bytes
***********WAITING************

Write the data to file:536870912 bytes
***********WAITING************

Write the data to file:536870912 bytes
***********WAITING************

Write the data to file:536870912 bytes
***********WAITING************

Write the data to file:536870912 bytes
***********WAITING************

Write the data to file:536870912 bytes
***********WAITING************

Write the data to file:536870912 bytes
***********WAITING************

Write the data to file:536870912 bytes
***********WAITING************

Write the data to file:536870912 bytes
***********WAITING************

Write the data to file:536870912 bytes
***********WAITING************

Write the data to file:536870912 bytes
***********WAITING************

Write the data to file:536870912 bytes
***********WAITING************

Write the data to file:536870912 bytes
***********WAITING************

Write the data to file:536870912 bytes
***********WAITING************

Write the data to file:536870912 bytes
***********WAITING************

Write the data to file:536870912 bytes
***********WAITING************

Write the data to file:536870912 bytes
***********WAITING************

Write the data to file:536870912 bytes
***********WAITING************

Write the data to file:536870912 bytes
***********WAITING************

Write the data to file:536870912 bytes
***********WAITING************

Write the data to file:536870912 bytes
***********WAITING************

Write the data to file:536870912 bytes
***********WAITING************

Write the data to file:536870912 bytes
***********WAITING************

Write the data to file:536870912 bytes
***********WAITING************

Write the data to file:536870912 bytes
***********WAITING************

Write the data to file:536870912 bytes
***********WAITING************

Write the data to file:536870912 bytes
***********WAITING************

Write the data to file:536870912 bytes
***********WAITING************

Write the data to file:536870912 bytes
***********WAITING************

Write the data to file:536870912 bytes
***********WAITING************

Write the data to file:536870912 bytes
***********WAITING************

Write the data to file:536870912 bytes
***********WAITING************

Write the data to file:536870912 bytes
***********WAITING************

Write the data to file:536870912 bytes
***********WAITING************

Write the data to file:536870912 bytes
***********WAITING************

Write the data to file:536870912 bytes
***********WAITING************

Write the data to file:536870912 bytes
***********WAITING************

Write the data to file:536870912 bytes
***********WAITING************

Write the data to file:536870912 bytes
***********WAITING************

Write the data to file:536870912 bytes
***********WAITING************

Write the data to file:536870912 bytes
***********WAITING************

Write the data to file:536870912 bytes
***********WAITING************

Write the data to file:536870912 bytes
***********WAITING************

Write the data to file:536870912 bytes
***********WAITING************

Write the data to file:536870912 bytes
***********WAITING************

Write the data to file:536870912 bytes
***********WAITING************

Write the data to file:536870912 bytes
***********WAITING************

Write the data to file:536870912 bytes
***********WAITING************

Write the data to file:536870912 bytes
***********WAITING************

Write the data to file:536870912 bytes
***********WAITING************

Write the data to file:536870912 bytes
***********WAITING************

Write the data to file:536870912 bytes
***********WAITING************

Write the data to file:536870912 bytes
***********WAITING************

Write the data to file:536870912 bytes
***********WAITING************

Write the data to file:536870912 bytes
***********WAITING************

Write the data to file:536870912 bytes
***********WAITING************

Write the data to file:536870912 bytes
***********WAITING************

Write the data to file:536870912 bytes
***********WAITING************

Write the data to file:536870912 bytes
***********WAITING************

Write the data to file:536870912 bytes
***********WAITING************

Write the data to file:536870912 bytes
***********WAITING************

Write the data to file:536870912 bytes
***********WAITING************

Write the data to file:536870912 bytes
***********WAITING************

Write the data to file:536870912 bytes
***********WAITING************

Write the data to file:536870912 bytes
***********WAITING************

Write the data to file:536870912 bytes
***********WAITING************

Write the data to file:536870912 bytes
***********WAITING************

Write the data to file:536870912 bytes
***********WAITING************

Write the data to file:536870912 bytes
***********WAITING************

Write the data to file:536870912 bytes
***********WAITING************

Write the data to file:536870912 bytes
***********WAITING************

Write the data to file:536870912 bytes
***********WAITING************

Write the data to file:536870912 bytes
***********WAITING************

Write the data to file:536870912 bytes
***********WAITING************

Write the data to file:536870912 bytes
***********WAITING************

Write the data to file:536870912 bytes
***********WAITING************

Write the data to file:536870912 bytes
***********WAITING************

Write the data to file:536870912 bytes
***********WAITING************

Write the data to file:536870912 bytes
***********WAITING************

Write the data to file:536870912 bytes
***********WAITING************

Write the data to file:536870912 bytes
***********WAITING************

Write the data to file:536870912 bytes
***********WAITING************

Write the data to file:536870912 bytes
***********WAITING************

Write the data to file:536870912 bytes
***********WAITING************

Write the data to file:536870912 bytes
***********WAITING************

Write the data to file:536870912 bytes
***********WAITING************

Write the data to file:536870912 bytes
***********WAITING************

Write the data to file:536870912 bytes
***********WAITING************

Write the data to file:536870912 bytes
***********WAITING************

Write the data to file:536870912 bytes
***********WAITING************
S_cc         3.43   [      3.43:      3.44]
S_bw         2.58   [      2.58:      2.58]
S_w         78.74   [     78.73:     78.74]
          -------
S_total     84.76   [     84.75:     84.76]

build_S done
calc_W
nr_of_strided_rec: 64
nr_doubles: 131072
build_S done
calc_W
nr_of_strided_rec: 64
nr_doubles: 131072
build_S done
calc_W
nr_of_strided_rec: 64
nr_doubles: 131072
build_S done
calc_W
nr_of_strided_rec: 64
nr_doubles: 131072
nr_of_strided_rec: 64
nr_doubles: 131072
nr_of_strided_rec: 64
nr_doubles: 131072
nr_of_strided_rec: 64
nr_doubles: 131072
nr_of_strided_rec: 64
nr_doubles: 131072

Write the data to file:536870912 bytes
***********WAITING************

Write the data to file:536870912 bytes
***********WAITING************

Write the data to file:536870912 bytes
***********WAITING************

Write the data to file:536870912 bytes
***********WAITING************
nr_of_strided_rec: 64
nr_doubles: 131072
nr_of_strided_rec: 64
nr_doubles: 131072
nr_of_strided_rec: 64
nr_doubles: 131072
nr_of_strided_rec: 64
nr_doubles: 131072

Write the data to file:536870912 bytes
***********WAITING************

Write the data to file:536870912 bytes
***********WAITING************

Write the data to file:536870912 bytes
***********WAITING************

Write the data to file:536870912 bytes
***********WAITING************
nr_of_strided_rec: 64
nr_doubles: 131072
nr_of_strided_rec: 64
nr_doubles: 131072
nr_of_strided_rec: 64
nr_doubles: 131072
nr_of_strided_rec: 64
nr_doubles: 131072

Write the data to file:536870912 bytes
***********WAITING************

Write the data to file:536870912 bytes
***********WAITING************

Write the data to file:536870912 bytes
***********WAITING************

Write the data to file:536870912 bytes
***********WAITING************
nr_of_strided_rec: 64
nr_doubles: 131072
nr_of_strided_rec: 64
nr_doubles: 131072
nr_of_strided_rec: 64
nr_doubles: 131072
nr_of_strided_rec: 64
nr_doubles: 131072

Write the data to file:536870912 bytes
***********WAITING************

Write the data to file:536870912 bytes
***********WAITING************

Write the data to file:536870912 bytes
***********WAITING************

Write the data to file:536870912 bytes
***********WAITING************
nr_of_strided_rec: 64
nr_doubles: 131072
nr_of_strided_rec: 64
nr_doubles: 131072
nr_of_strided_rec: 64
nr_doubles: 131072
nr_of_strided_rec: 64
nr_doubles: 131072

Write the data to file:536870912 bytes
***********WAITING************

Write the data to file:536870912 bytes
***********WAITING************

Write the data to file:536870912 bytes
***********WAITING************

Write the data to file:536870912 bytes
***********WAITING************
nr_of_strided_rec: 64
nr_doubles: 131072
nr_of_strided_rec: 64
nr_doubles: 131072
nr_of_strided_rec: 64
nr_doubles: 131072
nr_of_strided_rec: 64
nr_doubles: 131072

Write the data to file:536870912 bytes
***********WAITING************

Write the data to file:536870912 bytes
***********WAITING************

Write the data to file:536870912 bytes
***********WAITING************

Write the data to file:536870912 bytes
***********WAITING************
nr_of_strided_rec: 64
nr_doubles: 131072
nr_of_strided_rec: 64
nr_doubles: 131072
nr_of_strided_rec: 64
nr_doubles: 131072
nr_of_strided_rec: 64
nr_doubles: 131072

Write the data to file:536870912 bytes
***********WAITING************

Write the data to file:536870912 bytes
***********WAITING************

Write the data to file:536870912 bytes
***********WAITING************

Write the data to file:536870912 bytes
***********WAITING************
nr_of_strided_rec: 64
nr_doubles: 131072
nr_of_strided_rec: 64
nr_doubles: 131072
nr_of_strided_rec: 64
nr_doubles: 131072
nr_of_strided_rec: 64
nr_doubles: 131072

Write the data to file:536870912 bytes
***********WAITING************

Write the data to file:536870912 bytes
***********WAITING************

Write the data to file:536870912 bytes
***********WAITING************

Write the data to file:536870912 bytes
***********WAITING************
nr_of_strided_rec: 64
nr_doubles: 131072
nr_of_strided_rec: 64
nr_doubles: 131072
nr_of_strided_rec: 64
nr_doubles: 131072
nr_of_strided_rec: 64
nr_doubles: 131072

Write the data to file:536870912 bytes
***********WAITING************

Write the data to file:536870912 bytes
***********WAITING************

Write the data to file:536870912 bytes
***********WAITING************

Write the data to file:536870912 bytes
***********WAITING************
nr_of_strided_rec: 64
nr_doubles: 131072
nr_of_strided_rec: 64
nr_doubles: 131072
nr_of_strided_rec: 64
nr_doubles: 131072
nr_of_strided_rec: 64
nr_doubles: 131072

Write the data to file:536870912 bytes
***********WAITING************

Write the data to file:536870912 bytes
***********WAITING************

Write the data to file:536870912 bytes
***********WAITING************

Write the data to file:536870912 bytes
***********WAITING************
nr_of_strided_rec: 64
nr_doubles: 131072
nr_of_strided_rec: 64
nr_doubles: 131072
nr_of_strided_rec: 64
nr_doubles: 131072
nr_of_strided_rec: 64
nr_doubles: 131072

Write the data to file:536870912 bytes
***********WAITING************

Write the data to file:536870912 bytes
***********WAITING************

Write the data to file:536870912 bytes
***********WAITING************

Write the data to file:536870912 bytes
***********WAITING************
nr_of_strided_rec: 64
nr_doubles: 131072
nr_of_strided_rec: 64
nr_doubles: 131072
nr_of_strided_rec: 64
nr_doubles: 131072
nr_of_strided_rec: 64
nr_doubles: 131072

Write the data to file:536870912 bytes
***********WAITING************

Write the data to file:536870912 bytes
***********WAITING************

Write the data to file:536870912 bytes
***********WAITING************

Write the data to file:536870912 bytes
***********WAITING************
nr_of_strided_rec: 64
nr_doubles: 131072
nr_of_strided_rec: 64
nr_doubles: 131072
nr_of_strided_rec: 64
nr_doubles: 131072
nr_of_strided_rec: 64
nr_doubles: 131072

Write the data to file:536870912 bytes
***********WAITING************

Write the data to file:536870912 bytes
***********WAITING************

Write the data to file:536870912 bytes
***********WAITING************

Write the data to file:536870912 bytes
***********WAITING************
nr_of_strided_rec: 64
nr_doubles: 131072
nr_of_strided_rec: 64
nr_doubles: 131072
nr_of_strided_rec: 64
nr_doubles: 131072
nr_of_strided_rec: 64
nr_doubles: 131072

Write the data to file:536870912 bytes
***********WAITING************

Write the data to file:536870912 bytes
***********WAITING************

Write the data to file:536870912 bytes
***********WAITING************

Write the data to file:536870912 bytes
***********WAITING************
nr_of_strided_rec: 64
nr_doubles: 131072
nr_of_strided_rec: 64
nr_doubles: 131072
nr_of_strided_rec: 64
nr_doubles: 131072
nr_of_strided_rec: 64
nr_doubles: 131072

Write the data to file:536870912 bytes
***********WAITING************

Write the data to file:536870912 bytes
***********WAITING************

Write the data to file:536870912 bytes
***********WAITING************

Write the data to file:536870912 bytes
***********WAITING************
nr_of_strided_rec: 64
nr_doubles: 131072
nr_of_strided_rec: 64
nr_doubles: 131072
nr_of_strided_rec: 64
nr_doubles: 131072
nr_of_strided_rec: 64
nr_doubles: 131072

Write the data to file:536870912 bytes
***********WAITING************

Write the data to file:536870912 bytes
***********WAITING************

Write the data to file:536870912 bytes
***********WAITING************

Write the data to file:536870912 bytes
***********WAITING************
nr_of_strided_rec: 64
nr_doubles: 131072
nr_of_strided_rec: 64
nr_doubles: 131072
nr_of_strided_rec: 64
nr_doubles: 131072
nr_of_strided_rec: 64
nr_doubles: 131072

Write the data to file:536870912 bytes
***********WAITING************

Write the data to file:536870912 bytes
***********WAITING************

Write the data to file:536870912 bytes
***********WAITING************

Write the data to file:536870912 bytes
***********WAITING************
nr_of_strided_rec: 64
nr_doubles: 131072
nr_of_strided_rec: 64
nr_doubles: 131072
nr_of_strided_rec: 64
nr_doubles: 131072
nr_of_strided_rec: 64
nr_doubles: 131072

Write the data to file:536870912 bytes
***********WAITING************

Write the data to file:536870912 bytes
***********WAITING************

Write the data to file:536870912 bytes
***********WAITING************

Write the data to file:536870912 bytes
***********WAITING************
nr_of_strided_rec: 64
nr_doubles: 131072
nr_of_strided_rec: 64
nr_doubles: 131072
nr_of_strided_rec: 64
nr_doubles: 131072
nr_of_strided_rec: 64
nr_doubles: 131072

Write the data to file:536870912 bytes
***********WAITING************

Write the data to file:536870912 bytes
***********WAITING************

Write the data to file:536870912 bytes
***********WAITING************

Write the data to file:536870912 bytes
***********WAITING************
nr_of_strided_rec: 64
nr_doubles: 131072
nr_of_strided_rec: 64
nr_doubles: 131072
nr_of_strided_rec: 64
nr_doubles: 131072
nr_of_strided_rec: 64
nr_doubles: 131072

Write the data to file:536870912 bytes
***********WAITING************

Write the data to file:536870912 bytes
***********WAITING************

Write the data to file:536870912 bytes
***********WAITING************

Write the data to file:536870912 bytes
***********WAITING************
nr_of_strided_rec: 64
nr_doubles: 131072
nr_of_strided_rec: 64
nr_doubles: 131072
nr_of_strided_rec: 64
nr_doubles: 131072
nr_of_strided_rec: 64
nr_doubles: 131072

Write the data to file:536870912 bytes
***********WAITING************

Write the data to file:536870912 bytes
***********WAITING************

Write the data to file:536870912 bytes
***********WAITING************

Write the data to file:536870912 bytes
***********WAITING************
nr_of_strided_rec: 64
nr_doubles: 131072
nr_of_strided_rec: 64
nr_doubles: 131072
nr_of_strided_rec: 64
nr_doubles: 131072
nr_of_strided_rec: 64
nr_doubles: 131072

Write the data to file:536870912 bytes
***********WAITING************

Write the data to file:536870912 bytes
***********WAITING************

Write the data to file:536870912 bytes
***********WAITING************

Write the data to file:536870912 bytes
***********WAITING************
nr_of_strided_rec: 64
nr_doubles: 131072
nr_of_strided_rec: 64
nr_doubles: 131072
nr_of_strided_rec: 64
nr_doubles: 131072
nr_of_strided_rec: 64
nr_doubles: 131072

Write the data to file:536870912 bytes
***********WAITING************

Write the data to file:536870912 bytes
***********WAITING************

Write the data to file:536870912 bytes
***********WAITING************

Write the data to file:536870912 bytes
***********WAITING************
nr_of_strided_rec: 64
nr_doubles: 131072
nr_of_strided_rec: 64
nr_doubles: 131072
nr_of_strided_rec: 64
nr_doubles: 131072
nr_of_strided_rec: 64
nr_doubles: 131072

Write the data to file:536870912 bytes
***********WAITING************

Write the data to file:536870912 bytes
***********WAITING************

Write the data to file:536870912 bytes
***********WAITING************

Write the data to file:536870912 bytes
***********WAITING************
nr_of_strided_rec: 64
nr_doubles: 131072
nr_of_strided_rec: 64
nr_doubles: 131072
nr_of_strided_rec: 64
nr_doubles: 131072
nr_of_strided_rec: 64
nr_doubles: 131072

Write the data to file:536870912 bytes
***********WAITING************

Write the data to file:536870912 bytes
***********WAITING************

Write the data to file:536870912 bytes
***********WAITING************

Write the data to file:536870912 bytes
***********WAITING************
nr_of_strided_rec: 64
nr_doubles: 131072
nr_of_strided_rec: 64
nr_doubles: 131072
nr_of_strided_rec: 64
nr_doubles: 131072
nr_of_strided_rec: 64
nr_doubles: 131072

Write the data to file:536870912 bytes
***********WAITING************

Write the data to file:536870912 bytes
***********WAITING************

Write the data to file:536870912 bytes
***********WAITING************

Write the data to file:536870912 bytes
***********WAITING************
nr_of_strided_rec: 64
nr_doubles: 131072
nr_of_strided_rec: 64
nr_doubles: 131072
nr_of_strided_rec: 64
nr_doubles: 131072
nr_of_strided_rec: 64
nr_doubles: 131072

Write the data to file:536870912 bytes
***********WAITING************

Write the data to file:536870912 bytes
***********WAITING************

Write the data to file:536870912 bytes
***********WAITING************

Write the data to file:536870912 bytes
***********WAITING************
nr_of_strided_rec: 64
nr_doubles: 131072
nr_of_strided_rec: 64
nr_doubles: 131072
nr_of_strided_rec: 64
nr_doubles: 131072
nr_of_strided_rec: 64
nr_doubles: 131072

Write the data to file:536870912 bytes
***********WAITING************

Write the data to file:536870912 bytes
***********WAITING************

Write the data to file:536870912 bytes
***********WAITING************

Write the data to file:536870912 bytes
***********WAITING************
nr_of_strided_rec: 64
nr_doubles: 131072
nr_of_strided_rec: 64
nr_doubles: 131072
nr_of_strided_rec: 64
nr_doubles: 131072
nr_of_strided_rec: 64
nr_doubles: 131072

Write the data to file:536870912 bytes
***********WAITING************

Write the data to file:536870912 bytes
***********WAITING************

Write the data to file:536870912 bytes
***********WAITING************

Write the data to file:536870912 bytes
***********WAITING************

Write the data to file:536870912 bytes
***********WAITING************

Write the data to file:536870912 bytes
***********WAITING************

Write the data to file:536870912 bytes
***********WAITING************

Write the data to file:536870912 bytes
***********WAITING************
W_cc         8.07   [      8.07:      8.08]
W_r        212.37   [    212.37:    212.38]
W_w         76.77   [     76.77:     76.77]
          -------
W_total    297.22   [    297.21:    297.22]

calc_W done
calc_W done
nr_of_strided_rec: 64
nr_doubles: 131072
calc_W done
nr_of_strided_rec: 64
nr_doubles: 131072
calc_W done
nr_of_strided_rec: 64
nr_doubles: 131072
nr_of_strided_rec: 64
nr_doubles: 131072
nr_of_strided_rec: 64
nr_doubles: 131072
nr_of_strided_rec: 64
nr_doubles: 131072
nr_of_strided_rec: 64
nr_doubles: 131072
nr_of_strided_rec: 64
nr_doubles: 131072
nr_of_strided_rec: 64
nr_doubles: 131072
nr_of_strided_rec: 64
nr_doubles: 131072
nr_of_strided_rec: 64
nr_doubles: 131072
nr_of_strided_rec: 64
nr_doubles: 131072
nr_of_strided_rec: 64
nr_doubles: 131072
nr_of_strided_rec: 64
nr_doubles: 131072
nr_of_strided_rec: 64
nr_doubles: 131072
nr_of_strided_rec: 64
nr_doubles: 131072
nr_of_strided_rec: 64
nr_doubles: 131072
nr_of_strided_rec: 64
nr_doubles: 131072
nr_of_strided_rec: 64
nr_doubles: 131072
nr_of_strided_rec: 64
nr_doubles: 131072
nr_of_strided_rec: 64
nr_doubles: 131072
nr_of_strided_rec: 64
nr_doubles: 131072
nr_of_strided_rec: 64
nr_doubles: 131072
nr_of_strided_rec: 64
nr_doubles: 131072
nr_of_strided_rec: 64
nr_doubles: 131072
nr_of_strided_rec: 64
nr_doubles: 131072
nr_of_strided_rec: 64
nr_doubles: 131072
nr_of_strided_rec: 64
nr_doubles: 131072
nr_of_strided_rec: 64
nr_doubles: 131072
nr_of_strided_rec: 64
nr_doubles: 131072
nr_of_strided_rec: 64
nr_doubles: 131072
nr_of_strided_rec: 64
nr_doubles: 131072
nr_of_strided_rec: 64
nr_doubles: 131072
nr_of_strided_rec: 64
nr_doubles: 131072
nr_of_strided_rec: 64
nr_doubles: 131072
nr_of_strided_rec: 64
nr_doubles: 131072
nr_of_strided_rec: 64
nr_doubles: 131072
nr_of_strided_rec: 64
nr_doubles: 131072
nr_of_strided_rec: 64
nr_doubles: 131072
nr_of_strided_rec: 64
nr_doubles: 131072
nr_of_strided_rec: 64
nr_doubles: 131072
nr_of_strided_rec: 64
nr_doubles: 131072
nr_of_strided_rec: 64
nr_doubles: 131072
nr_of_strided_rec: 64
nr_doubles: 131072
nr_of_strided_rec: 64
nr_doubles: 131072
nr_of_strided_rec: 64
nr_doubles: 131072
nr_of_strided_rec: 64
nr_doubles: 131072
nr_of_strided_rec: 64
nr_doubles: 131072
nr_of_strided_rec: 64
nr_doubles: 131072
nr_of_strided_rec: 64
nr_doubles: 131072
nr_of_strided_rec: 64
nr_doubles: 131072
nr_of_strided_rec: 64
nr_doubles: 131072
nr_of_strided_rec: 64
nr_doubles: 131072
nr_of_strided_rec: 64
nr_doubles: 131072
nr_of_strided_rec: 64
nr_doubles: 131072
nr_of_strided_rec: 64
nr_doubles: 131072
nr_of_strided_rec: 64
nr_doubles: 131072
nr_of_strided_rec: 64
nr_doubles: 131072
nr_of_strided_rec: 64
nr_doubles: 131072
nr_of_strided_rec: 64
nr_doubles: 131072
nr_of_strided_rec: 64
nr_doubles: 131072
nr_of_strided_rec: 64
nr_doubles: 131072
nr_of_strided_rec: 64
nr_doubles: 131072
nr_of_strided_rec: 64
nr_doubles: 131072
nr_of_strided_rec: 64
nr_doubles: 131072
nr_of_strided_rec: 64
nr_doubles: 131072
nr_of_strided_rec: 64
nr_doubles: 131072
nr_of_strided_rec: 64
nr_doubles: 131072
nr_of_strided_rec: 64
nr_doubles: 131072
nr_of_strided_rec: 64
nr_doubles: 131072
nr_of_strided_rec: 64
nr_doubles: 131072
nr_of_strided_rec: 64
nr_doubles: 131072
nr_of_strided_rec: 64
nr_doubles: 131072
nr_of_strided_rec: 64
nr_doubles: 131072
nr_of_strided_rec: 64
nr_doubles: 131072
nr_of_strided_rec: 64
nr_doubles: 131072
nr_of_strided_rec: 64
nr_doubles: 131072
nr_of_strided_rec: 64
nr_doubles: 131072
nr_of_strided_rec: 64
nr_doubles: 131072
nr_of_strided_rec: 64
nr_doubles: 131072
nr_of_strided_rec: 64
nr_doubles: 131072
nr_of_strided_rec: 64
nr_doubles: 131072
nr_of_strided_rec: 64
nr_doubles: 131072
nr_of_strided_rec: 64
nr_doubles: 131072
nr_of_strided_rec: 64
nr_doubles: 131072
nr_of_strided_rec: 64
nr_doubles: 131072
nr_of_strided_rec: 64
nr_doubles: 131072
nr_of_strided_rec: 64
nr_doubles: 131072
nr_of_strided_rec: 64
nr_doubles: 131072
nr_of_strided_rec: 64
nr_doubles: 131072
nr_of_strided_rec: 64
nr_doubles: 131072
nr_of_strided_rec: 64
nr_doubles: 131072
nr_of_strided_rec: 64
nr_doubles: 131072
nr_of_strided_rec: 64
nr_doubles: 131072
nr_of_strided_rec: 64
nr_doubles: 131072
nr_of_strided_rec: 64
nr_doubles: 131072
nr_of_strided_rec: 64
nr_doubles: 131072
nr_of_strided_rec: 64
nr_doubles: 131072
nr_of_strided_rec: 64
nr_doubles: 131072
nr_of_strided_rec: 64
nr_doubles: 131072
nr_of_strided_rec: 64
nr_doubles: 131072
nr_of_strided_rec: 64
nr_doubles: 131072
nr_of_strided_rec: 64
nr_doubles: 131072
nr_of_strided_rec: 64
nr_doubles: 131072
nr_of_strided_rec: 64
nr_doubles: 131072
nr_of_strided_rec: 64
nr_doubles: 131072
nr_of_strided_rec: 64
nr_doubles: 131072
nr_of_strided_rec: 64
nr_doubles: 131072
nr_of_strided_rec: 64
nr_doubles: 131072
nr_of_strided_rec: 64
nr_doubles: 131072
nr_of_strided_rec: 64
nr_doubles: 131072
nr_of_strided_rec: 64
nr_doubles: 131072
nr_of_strided_rec: 64
nr_doubles: 131072
nr_of_strided_rec: 64
nr_doubles: 131072
nr_of_strided_rec: 64
nr_doubles: 131072
nr_of_strided_rec: 64
nr_doubles: 131072
nr_of_strided_rec: 64
nr_doubles: 131072
nr_of_strided_rec: 64
nr_doubles: 131072
nr_of_strided_rec: 64
nr_doubles: 131072
nr_of_strided_rec: 64
nr_doubles: 131072
C_cc         3.77   [      3.77:      3.78]
C_bw         2.76   [      2.76:      2.76]
C_r        114.29   [    114.29:    114.29]
          -------
C_total    120.83   [    120.82:    120.83]


dC[0] = 0.00000e+00
fclose PID:33831 fd:8
fclose PID:33830 fd:8
fclose PID:33828 fd:12
fclose PID:33829 fd:10
READAHEAD_TIME:19935228.000000 us
MaxRSS= 2107832 KB, SharedMem= 0 KB, HardPageFault= 11
READAHEAD_TIME:23015232.000000 us
MaxRSS= 2107828 KB, SharedMem= 0 KB, HardPageFault= 10
READAHEAD_TIME:18693811.000000 us
MaxRSS= 2107712 KB, SharedMem= 0 KB, HardPageFault= 9
READAHEAD_TIME:18847966.000000 us
MaxRSS= 2108040 KB, SharedMem= 0 KB, HardPageFault= 9
fclose PID:33827 fd:0
fclose PID:33827 fd:6
fclose PID:33827 fd:6
fclose PID:33827 fd:0
READAHEAD_TIME:0.000000 us
MaxRSS= 5312 KB, SharedMem= 0 KB, HardPageFault= 2
fclose PID:33826 fd:3
fclose PID:33826 fd:4
fclose PID:33826 fd:4
fclose PID:33826 fd:3
READAHEAD_TIME:0.000000 us
MaxRSS= 4876 KB, SharedMem= 0 KB, HardPageFault= 4
	Command being timed: "mpiexec -n 4 ./MADbench2_io 16384 30 1 8 64 1 1 1048576 7 1"
	User time (seconds): 276.90
	System time (seconds): 241.01
	Percent of CPU this job got: 102%
	Elapsed (wall clock) time (h:mm:ss or m:ss): 8:23.50
	Average shared text size (kbytes): 0
	Average unshared data size (kbytes): 0
	Average stack size (kbytes): 0
	Average total size (kbytes): 0
	Maximum resident set size (kbytes): 2108040
	Average resident set size (kbytes): 0
	Major (requiring I/O) page faults: 46
	Minor (reclaiming a frame) page faults: 9855691
	Voluntary context switches: 42076
	Involuntary context switches: 2993
	Swaps: 0
	File system inputs: 199317312
	File system outputs: 251658672
	Socket messages sent: 0
	Socket messages received: 0
	Signals delivered: 0
	Page size (bytes): 4096
	Exit status: 0
READAHEAD_TIME:0.000000 us
MaxRSS= 2228 KB, SharedMem= 0 KB, HardPageFault= 0
*******************DMESG OUTPUT******************
[37218.216842] perf: interrupt took too long (5051 > 5027), lowering kernel.perf_event_max_sample_rate to 39500
