fclose PID:29396 fd:3
fclose PID:29396 fd:4
fclose PID:29396 fd:4
fclose PID:29396 fd:3
available: 2 nodes (0-1)
fclose PID:29396 fd:3
node 0 cpus:fclose PID:29396 fd:3
 0 1 2 3 4 5 6 7 8 9 20 21 22 23 24 25 26 27 28 29
node 0 size: 80440 MB
node 0 free: 80126 MB
fclose PID:29396 fd:3
node 1 cpus:fclose PID:29396 fd:3
 10 11 12 13 14 15 16 17 18 19 30 31 32 33 34 35 36 37 38 39
node 1 size: 80635 MB
node 1 free: 80371 MB
fclose PID:29396 fd:3
fclose PID:29396 fd:3
node distances:
node   0   1 
  0:  10  21 
  1:  21  10 
READAHEAD_TIME:0.000000 us
MaxRSS= 2156 KB, SharedMem= 0 KB, HardPageFault= 10
fclose PID:29401 fd:12
fclose PID:29402 fd:10
fclose PID:29404 fd:8
fclose PID:29403 fd:8

MADbench 2.0 IO-mode
no_pe = 4  no_pix = 8192  no_bin = 30  no_gang = 1 sblocksize = 8  fblocksize = 64  r_mod = 1  w_mod = 1 record_size=4096 stride=7


IOMETHOD = POSIX  IOMODE = SYNC  FILETYPE = UNIQUE  REMAP = CUSTOMbuild_S
build_S
build_S
build_S

Write the data to file:134217728 bytes
***********WAITING************

Write the data to file:134217728 bytes
***********WAITING************

Write the data to file:134217728 bytes
***********WAITING************

Write the data to file:134217728 bytes
***********WAITING************

Write the data to file:134217728 bytes
***********WAITING************

Write the data to file:134217728 bytes
***********WAITING************

Write the data to file:134217728 bytes
***********WAITING************

Write the data to file:134217728 bytes
***********WAITING************

Write the data to file:134217728 bytes
***********WAITING************

Write the data to file:134217728 bytes
***********WAITING************

Write the data to file:134217728 bytes
***********WAITING************

Write the data to file:134217728 bytes
***********WAITING************

Write the data to file:134217728 bytes
***********WAITING************

Write the data to file:134217728 bytes
***********WAITING************

Write the data to file:134217728 bytes
***********WAITING************

Write the data to file:134217728 bytes
***********WAITING************

Write the data to file:134217728 bytes
***********WAITING************

Write the data to file:134217728 bytes
***********WAITING************

Write the data to file:134217728 bytes
***********WAITING************

Write the data to file:134217728 bytes
***********WAITING************

Write the data to file:134217728 bytes
***********WAITING************

Write the data to file:134217728 bytes
***********WAITING************

Write the data to file:134217728 bytes
***********WAITING************

Write the data to file:134217728 bytes
***********WAITING************

Write the data to file:134217728 bytes
***********WAITING************

Write the data to file:134217728 bytes
***********WAITING************

Write the data to file:134217728 bytes
***********WAITING************

Write the data to file:134217728 bytes
***********WAITING************

Write the data to file:134217728 bytes
***********WAITING************

Write the data to file:134217728 bytes
***********WAITING************

Write the data to file:134217728 bytes
***********WAITING************

Write the data to file:134217728 bytes
***********WAITING************

Write the data to file:134217728 bytes
***********WAITING************

Write the data to file:134217728 bytes
***********WAITING************

Write the data to file:134217728 bytes
***********WAITING************

Write the data to file:134217728 bytes
***********WAITING************

Write the data to file:134217728 bytes
***********WAITING************

Write the data to file:134217728 bytes
***********WAITING************

Write the data to file:134217728 bytes
***********WAITING************

Write the data to file:134217728 bytes
***********WAITING************

Write the data to file:134217728 bytes
***********WAITING************

Write the data to file:134217728 bytes
***********WAITING************

Write the data to file:134217728 bytes
***********WAITING************

Write the data to file:134217728 bytes
***********WAITING************

Write the data to file:134217728 bytes
***********WAITING************

Write the data to file:134217728 bytes
***********WAITING************

Write the data to file:134217728 bytes
***********WAITING************

Write the data to file:134217728 bytes
***********WAITING************

Write the data to file:134217728 bytes
***********WAITING************

Write the data to file:134217728 bytes
***********WAITING************

Write the data to file:134217728 bytes
***********WAITING************

Write the data to file:134217728 bytes
***********WAITING************

Write the data to file:134217728 bytes
***********WAITING************

Write the data to file:134217728 bytes
***********WAITING************

Write the data to file:134217728 bytes
***********WAITING************

Write the data to file:134217728 bytes
***********WAITING************

Write the data to file:134217728 bytes
***********WAITING************

Write the data to file:134217728 bytes
***********WAITING************

Write the data to file:134217728 bytes
***********WAITING************

Write the data to file:134217728 bytes
***********WAITING************

Write the data to file:134217728 bytes
***********WAITING************

Write the data to file:134217728 bytes
***********WAITING************

Write the data to file:134217728 bytes
***********WAITING************

Write the data to file:134217728 bytes
***********WAITING************

Write the data to file:134217728 bytes
***********WAITING************

Write the data to file:134217728 bytes
***********WAITING************

Write the data to file:134217728 bytes
***********WAITING************

Write the data to file:134217728 bytes
***********WAITING************

Write the data to file:134217728 bytes
***********WAITING************

Write the data to file:134217728 bytes
***********WAITING************

Write the data to file:134217728 bytes
***********WAITING************

Write the data to file:134217728 bytes
***********WAITING************

Write the data to file:134217728 bytes
***********WAITING************

Write the data to file:134217728 bytes
***********WAITING************

Write the data to file:134217728 bytes
***********WAITING************

Write the data to file:134217728 bytes
***********WAITING************

Write the data to file:134217728 bytes
***********WAITING************

Write the data to file:134217728 bytes
***********WAITING************

Write the data to file:134217728 bytes
***********WAITING************

Write the data to file:134217728 bytes
***********WAITING************

Write the data to file:134217728 bytes
***********WAITING************

Write the data to file:134217728 bytes
***********WAITING************

Write the data to file:134217728 bytes
***********WAITING************

Write the data to file:134217728 bytes
***********WAITING************

Write the data to file:134217728 bytes
***********WAITING************

Write the data to file:134217728 bytes
***********WAITING************

Write the data to file:134217728 bytes
***********WAITING************

Write the data to file:134217728 bytes
***********WAITING************

Write the data to file:134217728 bytes
***********WAITING************

Write the data to file:134217728 bytes
***********WAITING************

Write the data to file:134217728 bytes
***********WAITING************

Write the data to file:134217728 bytes
***********WAITING************

Write the data to file:134217728 bytes
***********WAITING************

Write the data to file:134217728 bytes
***********WAITING************

Write the data to file:134217728 bytes
***********WAITING************

Write the data to file:134217728 bytes
***********WAITING************

Write the data to file:134217728 bytes
***********WAITING************

Write the data to file:134217728 bytes
***********WAITING************

Write the data to file:134217728 bytes
***********WAITING************

Write the data to file:134217728 bytes
***********WAITING************

Write the data to file:134217728 bytes
***********WAITING************

Write the data to file:134217728 bytes
***********WAITING************

Write the data to file:134217728 bytes
***********WAITING************

Write the data to file:134217728 bytes
***********WAITING************

Write the data to file:134217728 bytes
***********WAITING************

Write the data to file:134217728 bytes
***********WAITING************

Write the data to file:134217728 bytes
***********WAITING************

Write the data to file:134217728 bytes
***********WAITING************

Write the data to file:134217728 bytes
***********WAITING************

Write the data to file:134217728 bytes
***********WAITING************

Write the data to file:134217728 bytes
***********WAITING************

Write the data to file:134217728 bytes
***********WAITING************

Write the data to file:134217728 bytes
***********WAITING************

Write the data to file:134217728 bytes
***********WAITING************

Write the data to file:134217728 bytes
***********WAITING************

Write the data to file:134217728 bytes
***********WAITING************

Write the data to file:134217728 bytes
***********WAITING************

Write the data to file:134217728 bytes
***********WAITING************

Write the data to file:134217728 bytes
***********WAITING************

Write the data to file:134217728 bytes
***********WAITING************
S_cc         1.76   [      1.76:      1.76]
S_bw         0.76   [      0.75:      0.76]
S_w         33.52   [     33.52:     33.52]
          -------
S_total     36.03   [     36.03:     36.03]

build_S done
calc_W
build_S done
calc_W
nr_of_strided_rec: 4096
nr_doubles: 512
build_S done
calc_W
nr_of_strided_rec: 4096
nr_doubles: 512
build_S done
calc_W
nr_of_strided_rec: 4096
nr_doubles: 512
nr_of_strided_rec: 4096
nr_doubles: 512
nr_of_strided_rec: 4096
nr_doubles: 512
nr_of_strided_rec: 4096
nr_doubles: 512
nr_of_strided_rec: 4096
nr_doubles: 512
nr_of_strided_rec: 4096
nr_doubles: 512

Write the data to file:134217728 bytes
***********WAITING************

Write the data to file:134217728 bytes
***********WAITING************

Write the data to file:134217728 bytes
***********WAITING************

Write the data to file:134217728 bytes
***********WAITING************
nr_of_strided_rec: 4096
nr_doubles: 512
nr_of_strided_rec: 4096
nr_doubles: 512
nr_of_strided_rec: 4096
nr_doubles: 512
nr_of_strided_rec: 4096
nr_doubles: 512

Write the data to file:134217728 bytes
***********WAITING************

Write the data to file:134217728 bytes
***********WAITING************

Write the data to file:134217728 bytes
***********WAITING************

Write the data to file:134217728 bytes
***********WAITING************
nr_of_strided_rec: 4096
nr_doubles: 512
nr_of_strided_rec: 4096
nr_doubles: 512
nr_of_strided_rec: 4096
nr_doubles: 512
nr_of_strided_rec: 4096
nr_doubles: 512

Write the data to file:134217728 bytes
***********WAITING************

Write the data to file:134217728 bytes
***********WAITING************

Write the data to file:134217728 bytes
***********WAITING************

Write the data to file:134217728 bytes
***********WAITING************
nr_of_strided_rec: 4096
nr_doubles: 512
nr_of_strided_rec: 4096
nr_doubles: 512
nr_of_strided_rec: 4096
nr_doubles: 512
nr_of_strided_rec: 4096
nr_doubles: 512

Write the data to file:134217728 bytes
***********WAITING************

Write the data to file:134217728 bytes
***********WAITING************

Write the data to file:134217728 bytes
***********WAITING************

Write the data to file:134217728 bytes
***********WAITING************
nr_of_strided_rec: 4096
nr_doubles: 512
nr_of_strided_rec: 4096
nr_doubles: 512
nr_of_strided_rec: 4096
nr_doubles: 512
nr_of_strided_rec: 4096
nr_doubles: 512

Write the data to file:134217728 bytes
***********WAITING************

Write the data to file:134217728 bytes
***********WAITING************

Write the data to file:134217728 bytes
***********WAITING************

Write the data to file:134217728 bytes
***********WAITING************
nr_of_strided_rec: 4096
nr_doubles: 512
nr_of_strided_rec: 4096
nr_doubles: 512
nr_of_strided_rec: 4096
nr_doubles: 512
nr_of_strided_rec: 4096
nr_doubles: 512

Write the data to file:134217728 bytes
***********WAITING************

Write the data to file:134217728 bytes
***********WAITING************

Write the data to file:134217728 bytes
***********WAITING************

Write the data to file:134217728 bytes
***********WAITING************
nr_of_strided_rec: 4096
nr_doubles: 512
nr_of_strided_rec: 4096
nr_doubles: 512
nr_of_strided_rec: 4096
nr_doubles: 512
nr_of_strided_rec: 4096
nr_doubles: 512

Write the data to file:134217728 bytes
***********WAITING************

Write the data to file:134217728 bytes
***********WAITING************

Write the data to file:134217728 bytes
***********WAITING************

Write the data to file:134217728 bytes
***********WAITING************
nr_of_strided_rec: 4096
nr_doubles: 512
nr_of_strided_rec: 4096
nr_doubles: 512
nr_of_strided_rec: 4096
nr_doubles: 512
nr_of_strided_rec: 4096
nr_doubles: 512

Write the data to file:134217728 bytes
***********WAITING************

Write the data to file:134217728 bytes
***********WAITING************

Write the data to file:134217728 bytes
***********WAITING************

Write the data to file:134217728 bytes
***********WAITING************
nr_of_strided_rec: 4096
nr_doubles: 512
nr_of_strided_rec: 4096
nr_doubles: 512
nr_of_strided_rec: 4096
nr_doubles: 512
nr_of_strided_rec: 4096
nr_doubles: 512

Write the data to file:134217728 bytes
***********WAITING************

Write the data to file:134217728 bytes
***********WAITING************

Write the data to file:134217728 bytes
***********WAITING************

Write the data to file:134217728 bytes
***********WAITING************
nr_of_strided_rec: 4096
nr_doubles: 512
nr_of_strided_rec: 4096
nr_doubles: 512
nr_of_strided_rec: 4096
nr_doubles: 512
nr_of_strided_rec: 4096
nr_doubles: 512

Write the data to file:134217728 bytes
***********WAITING************

Write the data to file:134217728 bytes
***********WAITING************

Write the data to file:134217728 bytes
***********WAITING************

Write the data to file:134217728 bytes
***********WAITING************
nr_of_strided_rec: 4096
nr_doubles: 512
nr_of_strided_rec: 4096
nr_doubles: 512
nr_of_strided_rec: 4096
nr_doubles: 512
nr_of_strided_rec: 4096
nr_doubles: 512

Write the data to file:134217728 bytes
***********WAITING************

Write the data to file:134217728 bytes
***********WAITING************

Write the data to file:134217728 bytes
***********WAITING************

Write the data to file:134217728 bytes
***********WAITING************
nr_of_strided_rec: 4096
nr_doubles: 512
nr_of_strided_rec: 4096
nr_doubles: 512
nr_of_strided_rec: 4096
nr_doubles: 512
nr_of_strided_rec: 4096
nr_doubles: 512

Write the data to file:134217728 bytes
***********WAITING************

Write the data to file:134217728 bytes
***********WAITING************

Write the data to file:134217728 bytes
***********WAITING************

Write the data to file:134217728 bytes
***********WAITING************
nr_of_strided_rec: 4096
nr_doubles: 512
nr_of_strided_rec: 4096
nr_doubles: 512
nr_of_strided_rec: 4096
nr_doubles: 512
nr_of_strided_rec: 4096
nr_doubles: 512

Write the data to file:134217728 bytes
***********WAITING************

Write the data to file:134217728 bytes
***********WAITING************

Write the data to file:134217728 bytes
***********WAITING************

Write the data to file:134217728 bytes
***********WAITING************
nr_of_strided_rec: 4096
nr_doubles: 512
nr_of_strided_rec: 4096
nr_doubles: 512
nr_of_strided_rec: 4096
nr_doubles: 512
nr_of_strided_rec: 4096
nr_doubles: 512

Write the data to file:134217728 bytes
***********WAITING************

Write the data to file:134217728 bytes
***********WAITING************

Write the data to file:134217728 bytes
***********WAITING************

Write the data to file:134217728 bytes
***********WAITING************
nr_of_strided_rec: 4096
nr_doubles: 512
nr_of_strided_rec: 4096
nr_doubles: 512
nr_of_strided_rec: 4096
nr_doubles: 512
nr_of_strided_rec: 4096
nr_doubles: 512

Write the data to file:134217728 bytes
***********WAITING************

Write the data to file:134217728 bytes
***********WAITING************

Write the data to file:134217728 bytes
***********WAITING************

Write the data to file:134217728 bytes
***********WAITING************
nr_of_strided_rec: 4096
nr_doubles: 512
nr_of_strided_rec: 4096
nr_doubles: 512
nr_of_strided_rec: 4096
nr_doubles: 512
nr_of_strided_rec: 4096
nr_doubles: 512

Write the data to file:134217728 bytes
***********WAITING************

Write the data to file:134217728 bytes
***********WAITING************

Write the data to file:134217728 bytes
***********WAITING************

Write the data to file:134217728 bytes
***********WAITING************
nr_of_strided_rec: 4096
nr_doubles: 512
nr_of_strided_rec: 4096
nr_doubles: 512
nr_of_strided_rec: 4096
nr_doubles: 512
nr_of_strided_rec: 4096
nr_doubles: 512

Write the data to file:134217728 bytes
***********WAITING************

Write the data to file:134217728 bytes
***********WAITING************

Write the data to file:134217728 bytes
***********WAITING************

Write the data to file:134217728 bytes
***********WAITING************
nr_of_strided_rec: 4096
nr_doubles: 512
nr_of_strided_rec: 4096
nr_doubles: 512
nr_of_strided_rec: 4096
nr_doubles: 512
nr_of_strided_rec: 4096
nr_doubles: 512

Write the data to file:134217728 bytes
***********WAITING************

Write the data to file:134217728 bytes
***********WAITING************

Write the data to file:134217728 bytes
***********WAITING************

Write the data to file:134217728 bytes
***********WAITING************
nr_of_strided_rec: 4096
nr_doubles: 512
nr_of_strided_rec: 4096
nr_doubles: 512
nr_of_strided_rec: 4096
nr_doubles: 512
nr_of_strided_rec: 4096
nr_doubles: 512

Write the data to file:134217728 bytes
***********WAITING************

Write the data to file:134217728 bytes
***********WAITING************

Write the data to file:134217728 bytes
***********WAITING************

Write the data to file:134217728 bytes
***********WAITING************
nr_of_strided_rec: 4096
nr_doubles: 512
nr_of_strided_rec: 4096
nr_doubles: 512
nr_of_strided_rec: 4096
nr_doubles: 512
nr_of_strided_rec: 4096
nr_doubles: 512

Write the data to file:134217728 bytes
***********WAITING************

Write the data to file:134217728 bytes
***********WAITING************

Write the data to file:134217728 bytes
***********WAITING************

Write the data to file:134217728 bytes
***********WAITING************
nr_of_strided_rec: 4096
nr_doubles: 512
nr_of_strided_rec: 4096
nr_doubles: 512
nr_of_strided_rec: 4096
nr_doubles: 512
nr_of_strided_rec: 4096
nr_doubles: 512

Write the data to file:134217728 bytes
***********WAITING************

Write the data to file:134217728 bytes
***********WAITING************

Write the data to file:134217728 bytes
***********WAITING************

Write the data to file:134217728 bytes
***********WAITING************
nr_of_strided_rec: 4096
nr_doubles: 512
nr_of_strided_rec: 4096
nr_doubles: 512
nr_of_strided_rec: 4096
nr_doubles: 512
nr_of_strided_rec: 4096
nr_doubles: 512

Write the data to file:134217728 bytes
***********WAITING************

Write the data to file:134217728 bytes
***********WAITING************

Write the data to file:134217728 bytes
***********WAITING************

Write the data to file:134217728 bytes
***********WAITING************
nr_of_strided_rec: 4096
nr_doubles: 512
nr_of_strided_rec: 4096
nr_doubles: 512
nr_of_strided_rec: 4096
nr_doubles: 512
nr_of_strided_rec: 4096
nr_doubles: 512

Write the data to file:134217728 bytes
***********WAITING************

Write the data to file:134217728 bytes
***********WAITING************

Write the data to file:134217728 bytes
***********WAITING************

Write the data to file:134217728 bytes
***********WAITING************
nr_of_strided_rec: 4096
nr_doubles: 512
nr_of_strided_rec: 4096
nr_doubles: 512
nr_of_strided_rec: 4096
nr_doubles: 512
nr_of_strided_rec: 4096
nr_doubles: 512

Write the data to file:134217728 bytes
***********WAITING************

Write the data to file:134217728 bytes
***********WAITING************

Write the data to file:134217728 bytes
***********WAITING************

Write the data to file:134217728 bytes
***********WAITING************
nr_of_strided_rec: 4096
nr_doubles: 512
nr_of_strided_rec: 4096
nr_doubles: 512
nr_of_strided_rec: 4096
nr_doubles: 512
nr_of_strided_rec: 4096
nr_doubles: 512

Write the data to file:134217728 bytes
***********WAITING************

Write the data to file:134217728 bytes
***********WAITING************

Write the data to file:134217728 bytes
***********WAITING************

Write the data to file:134217728 bytes
***********WAITING************
nr_of_strided_rec: 4096
nr_doubles: 512
nr_of_strided_rec: 4096
nr_doubles: 512
nr_of_strided_rec: 4096
nr_doubles: 512
nr_of_strided_rec: 4096
nr_doubles: 512

Write the data to file:134217728 bytes
***********WAITING************

Write the data to file:134217728 bytes
***********WAITING************

Write the data to file:134217728 bytes
***********WAITING************

Write the data to file:134217728 bytes
***********WAITING************
nr_of_strided_rec: 4096
nr_doubles: 512
nr_of_strided_rec: 4096
nr_doubles: 512
nr_of_strided_rec: 4096
nr_doubles: 512
nr_of_strided_rec: 4096
nr_doubles: 512

Write the data to file:134217728 bytes
***********WAITING************

Write the data to file:134217728 bytes
***********WAITING************

Write the data to file:134217728 bytes
***********WAITING************

Write the data to file:134217728 bytes
***********WAITING************
nr_of_strided_rec: 4096
nr_doubles: 512
nr_of_strided_rec: 4096
nr_doubles: 512
nr_of_strided_rec: 4096
nr_doubles: 512
nr_of_strided_rec: 4096
nr_doubles: 512

Write the data to file:134217728 bytes
***********WAITING************

Write the data to file:134217728 bytes
***********WAITING************

Write the data to file:134217728 bytes
***********WAITING************

Write the data to file:134217728 bytes
***********WAITING************
nr_of_strided_rec: 4096
nr_doubles: 512
nr_of_strided_rec: 4096
nr_doubles: 512
nr_of_strided_rec: 4096
nr_doubles: 512
nr_of_strided_rec: 4096
nr_doubles: 512

Write the data to file:134217728 bytes
***********WAITING************

Write the data to file:134217728 bytes
***********WAITING************

Write the data to file:134217728 bytes
***********WAITING************

Write the data to file:134217728 bytes
***********WAITING************

Write the data to file:134217728 bytes
***********WAITING************

Write the data to file:134217728 bytes
***********WAITING************

Write the data to file:134217728 bytes
***********WAITING************

Write the data to file:134217728 bytes
***********WAITING************
W_cc         3.80   [      3.80:      3.81]
W_r         88.35   [     88.35:     88.35]
W_w         27.58   [     27.58:     27.58]
          -------
W_total    119.74   [    119.73:    119.74]

calc_W done
calc_W done
calc_W done
calc_W done
nr_of_strided_rec: 4096
nr_doubles: 512
nr_of_strided_rec: 4096
nr_doubles: 512
nr_of_strided_rec: 4096
nr_doubles: 512
nr_of_strided_rec: 4096
nr_doubles: 512
nr_of_strided_rec: 4096
nr_doubles: 512
nr_of_strided_rec: 4096
nr_doubles: 512
nr_of_strided_rec: 4096
nr_doubles: 512
nr_of_strided_rec: 4096
nr_doubles: 512
nr_of_strided_rec: 4096
nr_doubles: 512
nr_of_strided_rec: 4096
nr_doubles: 512
nr_of_strided_rec: 4096
nr_doubles: 512
nr_of_strided_rec: 4096
nr_doubles: 512
nr_of_strided_rec: 4096
nr_doubles: 512
nr_of_strided_rec: 4096
nr_doubles: 512
nr_of_strided_rec: 4096
nr_doubles: 512
nr_of_strided_rec: 4096
nr_doubles: 512
nr_of_strided_rec: 4096
nr_doubles: 512
nr_of_strided_rec: 4096
nr_doubles: 512
nr_of_strided_rec: 4096
nr_doubles: 512
nr_of_strided_rec: 4096
nr_doubles: 512
nr_of_strided_rec: 4096
nr_doubles: 512
nr_of_strided_rec: 4096
nr_doubles: 512
nr_of_strided_rec: 4096
nr_doubles: 512
nr_of_strided_rec: 4096
nr_doubles: 512
nr_of_strided_rec: 4096
nr_doubles: 512
nr_of_strided_rec: 4096
nr_doubles: 512
nr_of_strided_rec: 4096
nr_doubles: 512
nr_of_strided_rec: 4096
nr_doubles: 512
nr_of_strided_rec: 4096
nr_doubles: 512
nr_of_strided_rec: 4096
nr_doubles: 512
nr_of_strided_rec: 4096
nr_doubles: 512
nr_of_strided_rec: 4096
nr_doubles: 512
nr_of_strided_rec: 4096
nr_doubles: 512
nr_of_strided_rec: 4096
nr_doubles: 512
nr_of_strided_rec: 4096
nr_doubles: 512
nr_of_strided_rec: 4096
nr_doubles: 512
nr_of_strided_rec: 4096
nr_doubles: 512
nr_of_strided_rec: 4096
nr_doubles: 512
nr_of_strided_rec: 4096
nr_doubles: 512
nr_of_strided_rec: 4096
nr_doubles: 512
nr_of_strided_rec: 4096
nr_doubles: 512
nr_of_strided_rec: 4096
nr_doubles: 512
nr_of_strided_rec: 4096
nr_doubles: 512
nr_of_strided_rec: 4096
nr_doubles: 512
nr_of_strided_rec: 4096
nr_doubles: 512
nr_of_strided_rec: 4096
nr_doubles: 512
nr_of_strided_rec: 4096
nr_doubles: 512
nr_of_strided_rec: 4096
nr_doubles: 512
nr_of_strided_rec: 4096
nr_doubles: 512
nr_of_strided_rec: 4096
nr_doubles: 512
nr_of_strided_rec: 4096
nr_doubles: 512
nr_of_strided_rec: 4096
nr_doubles: 512
nr_of_strided_rec: 4096
nr_doubles: 512
nr_of_strided_rec: 4096
nr_doubles: 512
nr_of_strided_rec: 4096
nr_doubles: 512
nr_of_strided_rec: 4096
nr_doubles: 512
nr_of_strided_rec: 4096
nr_doubles: 512
nr_of_strided_rec: 4096
nr_doubles: 512
nr_of_strided_rec: 4096
nr_doubles: 512
nr_of_strided_rec: 4096
nr_doubles: 512
nr_of_strided_rec: 4096
nr_doubles: 512
nr_of_strided_rec: 4096
nr_doubles: 512
nr_of_strided_rec: 4096
nr_doubles: 512
nr_of_strided_rec: 4096
nr_doubles: 512
nr_of_strided_rec: 4096
nr_doubles: 512
nr_of_strided_rec: 4096
nr_doubles: 512
nr_of_strided_rec: 4096
nr_doubles: 512
nr_of_strided_rec: 4096
nr_doubles: 512
nr_of_strided_rec: 4096
nr_doubles: 512
nr_of_strided_rec: 4096
nr_doubles: 512
nr_of_strided_rec: 4096
nr_doubles: 512
nr_of_strided_rec: 4096
nr_doubles: 512
nr_of_strided_rec: 4096
nr_doubles: 512
nr_of_strided_rec: 4096
nr_doubles: 512
nr_of_strided_rec: 4096
nr_doubles: 512
nr_of_strided_rec: 4096
nr_doubles: 512
nr_of_strided_rec: 4096
nr_doubles: 512
nr_of_strided_rec: 4096
nr_doubles: 512
nr_of_strided_rec: 4096
nr_doubles: 512
nr_of_strided_rec: 4096
nr_doubles: 512
nr_of_strided_rec: 4096
nr_doubles: 512
nr_of_strided_rec: 4096
nr_doubles: 512
nr_of_strided_rec: 4096
nr_doubles: 512
nr_of_strided_rec: 4096
nr_doubles: 512
nr_of_strided_rec: 4096
nr_doubles: 512
nr_of_strided_rec: 4096
nr_doubles: 512
nr_of_strided_rec: 4096
nr_doubles: 512
nr_of_strided_rec: 4096
nr_doubles: 512
nr_of_strided_rec: 4096
nr_doubles: 512
nr_of_strided_rec: 4096
nr_doubles: 512
nr_of_strided_rec: 4096
nr_doubles: 512
nr_of_strided_rec: 4096
nr_doubles: 512
nr_of_strided_rec: 4096
nr_doubles: 512
nr_of_strided_rec: 4096
nr_doubles: 512
nr_of_strided_rec: 4096
nr_doubles: 512
nr_of_strided_rec: 4096
nr_doubles: 512
nr_of_strided_rec: 4096
nr_doubles: 512
nr_of_strided_rec: 4096
nr_doubles: 512
nr_of_strided_rec: 4096
nr_doubles: 512
nr_of_strided_rec: 4096
nr_doubles: 512
nr_of_strided_rec: 4096
nr_doubles: 512
nr_of_strided_rec: 4096
nr_doubles: 512
nr_of_strided_rec: 4096
nr_doubles: 512
nr_of_strided_rec: 4096
nr_doubles: 512
nr_of_strided_rec: 4096
nr_doubles: 512
nr_of_strided_rec: 4096
nr_doubles: 512
nr_of_strided_rec: 4096
nr_doubles: 512
nr_of_strided_rec: 4096
nr_doubles: 512
nr_of_strided_rec: 4096
nr_doubles: 512
nr_of_strided_rec: 4096
nr_doubles: 512
nr_of_strided_rec: 4096
nr_doubles: 512
nr_of_strided_rec: 4096
nr_doubles: 512
nr_of_strided_rec: 4096
nr_doubles: 512
nr_of_strided_rec: 4096
nr_doubles: 512
nr_of_strided_rec: 4096
nr_doubles: 512
nr_of_strided_rec: 4096
nr_doubles: 512
nr_of_strided_rec: 4096
nr_doubles: 512
nr_of_strided_rec: 4096
nr_doubles: 512
nr_of_strided_rec: 4096
nr_doubles: 512
nr_of_strided_rec: 4096
nr_doubles: 512
C_cc         1.66   [      1.65:      1.66]
C_bw         0.68   [      0.68:      0.68]
C_r         82.12   [     82.12:     82.12]
          -------
C_total     84.46   [     84.45:     84.46]


dC[0] = 0.00000e+00
fclose PID:29404 fd:8
fclose PID:29403 fd:8
fclose PID:29401 fd:12
fclose PID:29402 fd:10
READAHEAD_TIME:43339643.000000 us
MaxRSS= 534948 KB, SharedMem= 0 KB, HardPageFault= 13
READAHEAD_TIME:43969200.000000 us
MaxRSS= 534716 KB, SharedMem= 0 KB, HardPageFault= 17
READAHEAD_TIME:38274612.000000 us
MaxRSS= 534904 KB, SharedMem= 0 KB, HardPageFault= 15
READAHEAD_TIME:47847834.000000 us
MaxRSS= 534868 KB, SharedMem= 0 KB, HardPageFault= 12
fclose PID:29400 fd:0
fclose PID:29400 fd:6
fclose PID:29400 fd:6
fclose PID:29400 fd:0
READAHEAD_TIME:0.000000 us
MaxRSS= 5364 KB, SharedMem= 0 KB, HardPageFault= 2
fclose PID:29399 fd:3
fclose PID:29399 fd:4
fclose PID:29399 fd:4
fclose PID:29399 fd:3
READAHEAD_TIME:0.000000 us
MaxRSS= 4900 KB, SharedMem= 0 KB, HardPageFault= 4
	Command being timed: "mpiexec -n 4 ./MADbench2_io 8192 30 1 8 64 1 1 4096 7 1"
	User time (seconds): 234.84
	System time (seconds): 107.24
	Percent of CPU this job got: 142%
	Elapsed (wall clock) time (h:mm:ss or m:ss): 4:00.56
	Average shared text size (kbytes): 0
	Average unshared data size (kbytes): 0
	Average stack size (kbytes): 0
	Average total size (kbytes): 0
	Maximum resident set size (kbytes): 534948
	Average resident set size (kbytes): 0
	Major (requiring I/O) page faults: 64
	Minor (reclaiming a frame) page faults: 4779772
	Voluntary context switches: 1113109
	Involuntary context switches: 4748
	Swaps: 0
	File system inputs: 61772808
	File system outputs: 62914736
	Socket messages sent: 0
	Socket messages received: 0
	Signals delivered: 0
	Page size (bytes): 4096
	Exit status: 0
READAHEAD_TIME:0.000000 us
MaxRSS= 2088 KB, SharedMem= 0 KB, HardPageFault= 0
*******************DMESG OUTPUT******************
