fclose PID:28893 fd:3
fclose PID:28893 fd:4
fclose PID:28893 fd:4
fclose PID:28893 fd:3
available: 2 nodes (0-1)
fclose PID:28893 fd:3
node 0 cpus:fclose PID:28893 fd:3
 0 1 2 3 4 5 6 7 8 9 20 21 22 23 24 25 26 27 28 29
node 0 size: 80440 MB
node 0 free: 80124 MB
fclose PID:28893 fd:3
node 1 cpus:fclose PID:28893 fd:3
 10 11 12 13 14 15 16 17 18 19 30 31 32 33 34 35 36 37 38 39
node 1 size: 80635 MB
node 1 free: 80373 MB
fclose PID:28893 fd:3
fclose PID:28893 fd:3
node distances:
node   0   1 
  0:  10  21 
  1:  21  10 
READAHEAD_TIME:0.000000 us
MaxRSS= 2156 KB, SharedMem= 0 KB, HardPageFault= 10
fclose PID:28900 fd:8
fclose PID:28901 fd:8
fclose PID:28898 fd:12
fclose PID:28899 fd:10

MADbench 2.0 IO-mode
no_pe = 4  no_pix = 4096  no_bin = 30  no_gang = 1 sblocksize = 8  fblocksize = 64  r_mod = 1  w_mod = 1 record_size=4194304 stride=7


IOMETHOD = POSIX  IOMODE = SYNC  FILETYPE = UNIQUE  REMAP = CUSTOMbuild_S
build_S
build_S
build_S

Write the data to file:33554432 bytes
***********WAITING************

Write the data to file:33554432 bytes
***********WAITING************

Write the data to file:33554432 bytes
***********WAITING************

Write the data to file:33554432 bytes
***********WAITING************

Write the data to file:33554432 bytes
***********WAITING************

Write the data to file:33554432 bytes
***********WAITING************

Write the data to file:33554432 bytes
***********WAITING************

Write the data to file:33554432 bytes
***********WAITING************

Write the data to file:33554432 bytes
***********WAITING************

Write the data to file:33554432 bytes
***********WAITING************

Write the data to file:33554432 bytes
***********WAITING************

Write the data to file:33554432 bytes
***********WAITING************

Write the data to file:33554432 bytes
***********WAITING************

Write the data to file:33554432 bytes
***********WAITING************

Write the data to file:33554432 bytes
***********WAITING************

Write the data to file:33554432 bytes
***********WAITING************

Write the data to file:33554432 bytes
***********WAITING************

Write the data to file:33554432 bytes
***********WAITING************

Write the data to file:33554432 bytes
***********WAITING************

Write the data to file:33554432 bytes
***********WAITING************

Write the data to file:33554432 bytes
***********WAITING************

Write the data to file:33554432 bytes
***********WAITING************

Write the data to file:33554432 bytes
***********WAITING************

Write the data to file:33554432 bytes
***********WAITING************

Write the data to file:33554432 bytes
***********WAITING************

Write the data to file:33554432 bytes
***********WAITING************

Write the data to file:33554432 bytes
***********WAITING************

Write the data to file:33554432 bytes
***********WAITING************

Write the data to file:33554432 bytes
***********WAITING************

Write the data to file:33554432 bytes
***********WAITING************

Write the data to file:33554432 bytes
***********WAITING************

Write the data to file:33554432 bytes
***********WAITING************

Write the data to file:33554432 bytes
***********WAITING************

Write the data to file:33554432 bytes
***********WAITING************

Write the data to file:33554432 bytes
***********WAITING************

Write the data to file:33554432 bytes
***********WAITING************

Write the data to file:33554432 bytes
***********WAITING************

Write the data to file:33554432 bytes
***********WAITING************

Write the data to file:33554432 bytes
***********WAITING************

Write the data to file:33554432 bytes
***********WAITING************

Write the data to file:33554432 bytes
***********WAITING************

Write the data to file:33554432 bytes
***********WAITING************

Write the data to file:33554432 bytes
***********WAITING************

Write the data to file:33554432 bytes
***********WAITING************

Write the data to file:33554432 bytes
***********WAITING************

Write the data to file:33554432 bytes
***********WAITING************

Write the data to file:33554432 bytes
***********WAITING************

Write the data to file:33554432 bytes
***********WAITING************

Write the data to file:33554432 bytes
***********WAITING************

Write the data to file:33554432 bytes
***********WAITING************

Write the data to file:33554432 bytes
***********WAITING************

Write the data to file:33554432 bytes
***********WAITING************

Write the data to file:33554432 bytes
***********WAITING************

Write the data to file:33554432 bytes
***********WAITING************

Write the data to file:33554432 bytes
***********WAITING************

Write the data to file:33554432 bytes
***********WAITING************

Write the data to file:33554432 bytes
***********WAITING************

Write the data to file:33554432 bytes
***********WAITING************

Write the data to file:33554432 bytes
***********WAITING************

Write the data to file:33554432 bytes
***********WAITING************

Write the data to file:33554432 bytes
***********WAITING************

Write the data to file:33554432 bytes
***********WAITING************

Write the data to file:33554432 bytes
***********WAITING************

Write the data to file:33554432 bytes
***********WAITING************

Write the data to file:33554432 bytes
***********WAITING************

Write the data to file:33554432 bytes
***********WAITING************

Write the data to file:33554432 bytes
***********WAITING************

Write the data to file:33554432 bytes
***********WAITING************

Write the data to file:33554432 bytes
***********WAITING************

Write the data to file:33554432 bytes
***********WAITING************

Write the data to file:33554432 bytes
***********WAITING************

Write the data to file:33554432 bytes
***********WAITING************

Write the data to file:33554432 bytes
***********WAITING************

Write the data to file:33554432 bytes
***********WAITING************

Write the data to file:33554432 bytes
***********WAITING************

Write the data to file:33554432 bytes
***********WAITING************

Write the data to file:33554432 bytes
***********WAITING************

Write the data to file:33554432 bytes
***********WAITING************

Write the data to file:33554432 bytes
***********WAITING************

Write the data to file:33554432 bytes
***********WAITING************

Write the data to file:33554432 bytes
***********WAITING************

Write the data to file:33554432 bytes
***********WAITING************

Write the data to file:33554432 bytes
***********WAITING************

Write the data to file:33554432 bytes
***********WAITING************

Write the data to file:33554432 bytes
***********WAITING************

Write the data to file:33554432 bytes
***********WAITING************

Write the data to file:33554432 bytes
***********WAITING************

Write the data to file:33554432 bytes
***********WAITING************

Write the data to file:33554432 bytes
***********WAITING************

Write the data to file:33554432 bytes
***********WAITING************

Write the data to file:33554432 bytes
***********WAITING************

Write the data to file:33554432 bytes
***********WAITING************

Write the data to file:33554432 bytes
***********WAITING************

Write the data to file:33554432 bytes
***********WAITING************

Write the data to file:33554432 bytes
***********WAITING************

Write the data to file:33554432 bytes
***********WAITING************

Write the data to file:33554432 bytes
***********WAITING************

Write the data to file:33554432 bytes
***********WAITING************

Write the data to file:33554432 bytes
***********WAITING************

Write the data to file:33554432 bytes
***********WAITING************

Write the data to file:33554432 bytes
***********WAITING************

Write the data to file:33554432 bytes
***********WAITING************

Write the data to file:33554432 bytes
***********WAITING************

Write the data to file:33554432 bytes
***********WAITING************

Write the data to file:33554432 bytes
***********WAITING************

Write the data to file:33554432 bytes
***********WAITING************

Write the data to file:33554432 bytes
***********WAITING************

Write the data to file:33554432 bytes
***********WAITING************

Write the data to file:33554432 bytes
***********WAITING************

Write the data to file:33554432 bytes
***********WAITING************

Write the data to file:33554432 bytes
***********WAITING************

Write the data to file:33554432 bytes
***********WAITING************

Write the data to file:33554432 bytes
***********WAITING************

Write the data to file:33554432 bytes
***********WAITING************

Write the data to file:33554432 bytes
***********WAITING************

Write the data to file:33554432 bytes
***********WAITING************

Write the data to file:33554432 bytes
***********WAITING************

Write the data to file:33554432 bytes
***********WAITING************

Write the data to file:33554432 bytes
***********WAITING************

Write the data to file:33554432 bytes
***********WAITING************
S_cc         0.44   [      0.44:      0.44]
S_bw         0.17   [      0.17:      0.17]
S_w          7.71   [      7.71:      7.71]
          -------
S_total      8.32   [      8.32:      8.32]

build_S done
calc_W
build_S done
calc_W
nr_of_strided_rec: 1
nr_doubles: 524288
build_S done
calc_W
nr_of_strided_rec: 1
nr_doubles: 524288
build_S done
calc_W
nr_of_strided_rec: 1
nr_doubles: 524288
nr_of_strided_rec: 1
nr_doubles: 524288
nr_of_strided_rec: 1
nr_doubles: 524288
nr_of_strided_rec: 1
nr_doubles: 524288
nr_of_strided_rec: 1
nr_doubles: 524288
nr_of_strided_rec: 1
nr_doubles: 524288

Write the data to file:33554432 bytes
***********WAITING************

Write the data to file:33554432 bytes
***********WAITING************

Write the data to file:33554432 bytes
***********WAITING************

Write the data to file:33554432 bytes
***********WAITING************
nr_of_strided_rec: 1
nr_doubles: 524288
nr_of_strided_rec: 1
nr_doubles: 524288
nr_of_strided_rec: 1
nr_doubles: 524288
nr_of_strided_rec: 1
nr_doubles: 524288

Write the data to file:33554432 bytes
***********WAITING************

Write the data to file:33554432 bytes
***********WAITING************

Write the data to file:33554432 bytes
***********WAITING************

Write the data to file:33554432 bytes
***********WAITING************
nr_of_strided_rec: 1
nr_doubles: 524288
nr_of_strided_rec: 1
nr_doubles: 524288
nr_of_strided_rec: 1
nr_doubles: 524288
nr_of_strided_rec: 1
nr_doubles: 524288

Write the data to file:33554432 bytes
***********WAITING************

Write the data to file:33554432 bytes
***********WAITING************

Write the data to file:33554432 bytes
***********WAITING************

Write the data to file:33554432 bytes
***********WAITING************
nr_of_strided_rec: 1
nr_doubles: 524288
nr_of_strided_rec: 1
nr_doubles: 524288
nr_of_strided_rec: 1
nr_doubles: 524288
nr_of_strided_rec: 1
nr_doubles: 524288

Write the data to file:33554432 bytes
***********WAITING************

Write the data to file:33554432 bytes
***********WAITING************

Write the data to file:33554432 bytes
***********WAITING************

Write the data to file:33554432 bytes
***********WAITING************
nr_of_strided_rec: 1
nr_doubles: 524288
nr_of_strided_rec: 1
nr_doubles: 524288
nr_of_strided_rec: 1
nr_doubles: 524288
nr_of_strided_rec: 1
nr_doubles: 524288

Write the data to file:33554432 bytes
***********WAITING************

Write the data to file:33554432 bytes
***********WAITING************

Write the data to file:33554432 bytes
***********WAITING************

Write the data to file:33554432 bytes
***********WAITING************
nr_of_strided_rec: 1
nr_doubles: 524288
nr_of_strided_rec: 1
nr_doubles: 524288
nr_of_strided_rec: 1
nr_doubles: 524288
nr_of_strided_rec: 1
nr_doubles: 524288

Write the data to file:33554432 bytes
***********WAITING************

Write the data to file:33554432 bytes
***********WAITING************

Write the data to file:33554432 bytes
***********WAITING************

Write the data to file:33554432 bytes
***********WAITING************
nr_of_strided_rec: 1
nr_doubles: 524288
nr_of_strided_rec: 1
nr_doubles: 524288
nr_of_strided_rec: 1
nr_doubles: 524288
nr_of_strided_rec: 1
nr_doubles: 524288

Write the data to file:33554432 bytes
***********WAITING************

Write the data to file:33554432 bytes
***********WAITING************

Write the data to file:33554432 bytes
***********WAITING************

Write the data to file:33554432 bytes
***********WAITING************
nr_of_strided_rec: 1
nr_doubles: 524288
nr_of_strided_rec: 1
nr_doubles: 524288
nr_of_strided_rec: 1
nr_doubles: 524288
nr_of_strided_rec: 1
nr_doubles: 524288

Write the data to file:33554432 bytes
***********WAITING************

Write the data to file:33554432 bytes
***********WAITING************

Write the data to file:33554432 bytes
***********WAITING************

Write the data to file:33554432 bytes
***********WAITING************
nr_of_strided_rec: 1
nr_doubles: 524288
nr_of_strided_rec: 1
nr_doubles: 524288
nr_of_strided_rec: 1
nr_doubles: 524288
nr_of_strided_rec: 1
nr_doubles: 524288

Write the data to file:33554432 bytes
***********WAITING************

Write the data to file:33554432 bytes
***********WAITING************

Write the data to file:33554432 bytes
***********WAITING************

Write the data to file:33554432 bytes
***********WAITING************
nr_of_strided_rec: 1
nr_doubles: 524288
nr_of_strided_rec: 1
nr_doubles: 524288
nr_of_strided_rec: 1
nr_doubles: 524288
nr_of_strided_rec: 1
nr_doubles: 524288

Write the data to file:33554432 bytes
***********WAITING************

Write the data to file:33554432 bytes
***********WAITING************

Write the data to file:33554432 bytes
***********WAITING************

Write the data to file:33554432 bytes
***********WAITING************
nr_of_strided_rec: 1
nr_doubles: 524288
nr_of_strided_rec: 1
nr_doubles: 524288
nr_of_strided_rec: 1
nr_doubles: 524288
nr_of_strided_rec: 1
nr_doubles: 524288

Write the data to file:33554432 bytes
***********WAITING************

Write the data to file:33554432 bytes
***********WAITING************

Write the data to file:33554432 bytes
***********WAITING************

Write the data to file:33554432 bytes
***********WAITING************
nr_of_strided_rec: 1
nr_doubles: 524288
nr_of_strided_rec: 1
nr_doubles: 524288
nr_of_strided_rec: 1
nr_doubles: 524288
nr_of_strided_rec: 1
nr_doubles: 524288

Write the data to file:33554432 bytes
***********WAITING************

Write the data to file:33554432 bytes
***********WAITING************

Write the data to file:33554432 bytes
***********WAITING************

Write the data to file:33554432 bytes
***********WAITING************
nr_of_strided_rec: 1
nr_doubles: 524288
nr_of_strided_rec: 1
nr_doubles: 524288
nr_of_strided_rec: 1
nr_doubles: 524288
nr_of_strided_rec: 1
nr_doubles: 524288

Write the data to file:33554432 bytes
***********WAITING************

Write the data to file:33554432 bytes
***********WAITING************

Write the data to file:33554432 bytes
***********WAITING************

Write the data to file:33554432 bytes
***********WAITING************
nr_of_strided_rec: 1
nr_doubles: 524288
nr_of_strided_rec: 1
nr_doubles: 524288
nr_of_strided_rec: 1
nr_doubles: 524288
nr_of_strided_rec: 1
nr_doubles: 524288

Write the data to file:33554432 bytes
***********WAITING************

Write the data to file:33554432 bytes
***********WAITING************

Write the data to file:33554432 bytes
***********WAITING************

Write the data to file:33554432 bytes
***********WAITING************
nr_of_strided_rec: 1
nr_doubles: 524288
nr_of_strided_rec: 1
nr_doubles: 524288
nr_of_strided_rec: 1
nr_doubles: 524288
nr_of_strided_rec: 1
nr_doubles: 524288

Write the data to file:33554432 bytes
***********WAITING************

Write the data to file:33554432 bytes
***********WAITING************

Write the data to file:33554432 bytes
***********WAITING************

Write the data to file:33554432 bytes
***********WAITING************
nr_of_strided_rec: 1
nr_doubles: 524288
nr_of_strided_rec: 1
nr_doubles: 524288
nr_of_strided_rec: 1
nr_doubles: 524288
nr_of_strided_rec: 1
nr_doubles: 524288

Write the data to file:33554432 bytes
***********WAITING************

Write the data to file:33554432 bytes
***********WAITING************

Write the data to file:33554432 bytes
***********WAITING************

Write the data to file:33554432 bytes
***********WAITING************
nr_of_strided_rec: 1
nr_doubles: 524288
nr_of_strided_rec: 1
nr_doubles: 524288
nr_of_strided_rec: 1
nr_doubles: 524288
nr_of_strided_rec: 1
nr_doubles: 524288

Write the data to file:33554432 bytes
***********WAITING************

Write the data to file:33554432 bytes
***********WAITING************

Write the data to file:33554432 bytes
***********WAITING************

Write the data to file:33554432 bytes
***********WAITING************
nr_of_strided_rec: 1
nr_doubles: 524288
nr_of_strided_rec: 1
nr_doubles: 524288
nr_of_strided_rec: 1
nr_doubles: 524288
nr_of_strided_rec: 1
nr_doubles: 524288

Write the data to file:33554432 bytes
***********WAITING************

Write the data to file:33554432 bytes
***********WAITING************

Write the data to file:33554432 bytes
***********WAITING************

Write the data to file:33554432 bytes
***********WAITING************
nr_of_strided_rec: 1
nr_doubles: 524288
nr_of_strided_rec: 1
nr_doubles: 524288
nr_of_strided_rec: 1
nr_doubles: 524288
nr_of_strided_rec: 1
nr_doubles: 524288

Write the data to file:33554432 bytes
***********WAITING************

Write the data to file:33554432 bytes
***********WAITING************

Write the data to file:33554432 bytes
***********WAITING************

Write the data to file:33554432 bytes
***********WAITING************
nr_of_strided_rec: 1
nr_doubles: 524288
nr_of_strided_rec: 1
nr_doubles: 524288
nr_of_strided_rec: 1
nr_doubles: 524288
nr_of_strided_rec: 1
nr_doubles: 524288

Write the data to file:33554432 bytes
***********WAITING************

Write the data to file:33554432 bytes
***********WAITING************

Write the data to file:33554432 bytes
***********WAITING************

Write the data to file:33554432 bytes
***********WAITING************
nr_of_strided_rec: 1
nr_doubles: 524288
nr_of_strided_rec: 1
nr_doubles: 524288
nr_of_strided_rec: 1
nr_doubles: 524288
nr_of_strided_rec: 1
nr_doubles: 524288

Write the data to file:33554432 bytes
***********WAITING************

Write the data to file:33554432 bytes
***********WAITING************

Write the data to file:33554432 bytes
***********WAITING************

Write the data to file:33554432 bytes
***********WAITING************
nr_of_strided_rec: 1
nr_doubles: 524288
nr_of_strided_rec: 1
nr_doubles: 524288
nr_of_strided_rec: 1
nr_doubles: 524288
nr_of_strided_rec: 1
nr_doubles: 524288

Write the data to file:33554432 bytes
***********WAITING************

Write the data to file:33554432 bytes
***********WAITING************

Write the data to file:33554432 bytes
***********WAITING************

Write the data to file:33554432 bytes
***********WAITING************
nr_of_strided_rec: 1
nr_doubles: 524288
nr_of_strided_rec: 1
nr_doubles: 524288
nr_of_strided_rec: 1
nr_doubles: 524288
nr_of_strided_rec: 1
nr_doubles: 524288

Write the data to file:33554432 bytes
***********WAITING************

Write the data to file:33554432 bytes
***********WAITING************

Write the data to file:33554432 bytes
***********WAITING************

Write the data to file:33554432 bytes
***********WAITING************
nr_of_strided_rec: 1
nr_doubles: 524288
nr_of_strided_rec: 1
nr_doubles: 524288
nr_of_strided_rec: 1
nr_doubles: 524288
nr_of_strided_rec: 1
nr_doubles: 524288

Write the data to file:33554432 bytes
***********WAITING************

Write the data to file:33554432 bytes
***********WAITING************

Write the data to file:33554432 bytes
***********WAITING************

Write the data to file:33554432 bytes
***********WAITING************
nr_of_strided_rec: 1
nr_doubles: 524288
nr_of_strided_rec: 1
nr_doubles: 524288
nr_of_strided_rec: 1
nr_doubles: 524288
nr_of_strided_rec: 1
nr_doubles: 524288

Write the data to file:33554432 bytes
***********WAITING************

Write the data to file:33554432 bytes
***********WAITING************

Write the data to file:33554432 bytes
***********WAITING************

Write the data to file:33554432 bytes
***********WAITING************
nr_of_strided_rec: 1
nr_doubles: 524288
nr_of_strided_rec: 1
nr_doubles: 524288
nr_of_strided_rec: 1
nr_doubles: 524288
nr_of_strided_rec: 1
nr_doubles: 524288

Write the data to file:33554432 bytes
***********WAITING************

Write the data to file:33554432 bytes
***********WAITING************

Write the data to file:33554432 bytes
***********WAITING************

Write the data to file:33554432 bytes
***********WAITING************
nr_of_strided_rec: 1
nr_doubles: 524288
nr_of_strided_rec: 1
nr_doubles: 524288
nr_of_strided_rec: 1
nr_doubles: 524288
nr_of_strided_rec: 1
nr_doubles: 524288

Write the data to file:33554432 bytes
***********WAITING************

Write the data to file:33554432 bytes
***********WAITING************

Write the data to file:33554432 bytes
***********WAITING************

Write the data to file:33554432 bytes
***********WAITING************
nr_of_strided_rec: 1
nr_doubles: 524288
nr_of_strided_rec: 1
nr_doubles: 524288
nr_of_strided_rec: 1
nr_doubles: 524288
nr_of_strided_rec: 1
nr_doubles: 524288

Write the data to file:33554432 bytes
***********WAITING************

Write the data to file:33554432 bytes
***********WAITING************

Write the data to file:33554432 bytes
***********WAITING************

Write the data to file:33554432 bytes
***********WAITING************
nr_of_strided_rec: 1
nr_doubles: 524288
nr_of_strided_rec: 1
nr_doubles: 524288
nr_of_strided_rec: 1
nr_doubles: 524288
nr_of_strided_rec: 1
nr_doubles: 524288

Write the data to file:33554432 bytes
***********WAITING************

Write the data to file:33554432 bytes
***********WAITING************

Write the data to file:33554432 bytes
***********WAITING************

Write the data to file:33554432 bytes
***********WAITING************

Write the data to file:33554432 bytes
***********WAITING************

Write the data to file:33554432 bytes
***********WAITING************

Write the data to file:33554432 bytes
***********WAITING************

Write the data to file:33554432 bytes
***********WAITING************
W_cc         0.82   [      0.81:      0.82]
W_r         15.17   [     15.17:     15.17]
W_w          1.87   [      1.87:      1.87]
          -------
W_total     17.86   [     17.86:     17.86]

calc_W done
calc_W done
nr_of_strided_rec: 1
nr_doubles: 524288
calc_W done
nr_of_strided_rec: 1
nr_doubles: 524288
calc_W done
nr_of_strided_rec: 1
nr_doubles: 524288
nr_of_strided_rec: 1
nr_doubles: 524288
nr_of_strided_rec: 1
nr_doubles: 524288
nr_of_strided_rec: 1
nr_doubles: 524288
nr_of_strided_rec: 1
nr_doubles: 524288
nr_of_strided_rec: 1
nr_doubles: 524288
nr_of_strided_rec: 1
nr_doubles: 524288
nr_of_strided_rec: 1
nr_doubles: 524288
nr_of_strided_rec: 1
nr_doubles: 524288
nr_of_strided_rec: 1
nr_doubles: 524288
nr_of_strided_rec: 1
nr_doubles: 524288
nr_of_strided_rec: 1
nr_doubles: 524288
nr_of_strided_rec: 1
nr_doubles: 524288
nr_of_strided_rec: 1
nr_doubles: 524288
nr_of_strided_rec: 1
nr_doubles: 524288
nr_of_strided_rec: 1
nr_doubles: 524288
nr_of_strided_rec: 1
nr_doubles: 524288
nr_of_strided_rec: 1
nr_doubles: 524288
nr_of_strided_rec: 1
nr_doubles: 524288
nr_of_strided_rec: 1
nr_doubles: 524288
nr_of_strided_rec: 1
nr_doubles: 524288
nr_of_strided_rec: 1
nr_doubles: 524288
nr_of_strided_rec: 1
nr_doubles: 524288
nr_of_strided_rec: 1
nr_doubles: 524288
nr_of_strided_rec: 1
nr_doubles: 524288
nr_of_strided_rec: 1
nr_doubles: 524288
nr_of_strided_rec: 1
nr_doubles: 524288
nr_of_strided_rec: 1
nr_doubles: 524288
nr_of_strided_rec: 1
nr_doubles: 524288
nr_of_strided_rec: 1
nr_doubles: 524288
nr_of_strided_rec: 1
nr_doubles: 524288
nr_of_strided_rec: 1
nr_doubles: 524288
nr_of_strided_rec: 1
nr_doubles: 524288
nr_of_strided_rec: 1
nr_doubles: 524288
nr_of_strided_rec: 1
nr_doubles: 524288
nr_of_strided_rec: 1
nr_doubles: 524288
nr_of_strided_rec: 1
nr_doubles: 524288
nr_of_strided_rec: 1
nr_doubles: 524288
nr_of_strided_rec: 1
nr_doubles: 524288
nr_of_strided_rec: 1
nr_doubles: 524288
nr_of_strided_rec: 1
nr_doubles: 524288
nr_of_strided_rec: 1
nr_doubles: 524288
nr_of_strided_rec: 1
nr_doubles: 524288
nr_of_strided_rec: 1
nr_doubles: 524288
nr_of_strided_rec: 1
nr_doubles: 524288
nr_of_strided_rec: 1
nr_doubles: 524288
nr_of_strided_rec: 1
nr_doubles: 524288
nr_of_strided_rec: 1
nr_doubles: 524288
nr_of_strided_rec: 1
nr_doubles: 524288
nr_of_strided_rec: 1
nr_doubles: 524288
nr_of_strided_rec: 1
nr_doubles: 524288
nr_of_strided_rec: 1
nr_doubles: 524288
nr_of_strided_rec: 1
nr_doubles: 524288
nr_of_strided_rec: 1
nr_doubles: 524288
nr_of_strided_rec: 1
nr_doubles: 524288
nr_of_strided_rec: 1
nr_doubles: 524288
nr_of_strided_rec: 1
nr_doubles: 524288
nr_of_strided_rec: 1
nr_doubles: 524288
nr_of_strided_rec: 1
nr_doubles: 524288
nr_of_strided_rec: 1
nr_doubles: 524288
nr_of_strided_rec: 1
nr_doubles: 524288
nr_of_strided_rec: 1
nr_doubles: 524288
nr_of_strided_rec: 1
nr_doubles: 524288
nr_of_strided_rec: 1
nr_doubles: 524288
nr_of_strided_rec: 1
nr_doubles: 524288
nr_of_strided_rec: 1
nr_doubles: 524288
nr_of_strided_rec: 1
nr_doubles: 524288
nr_of_strided_rec: 1
nr_doubles: 524288
nr_of_strided_rec: 1
nr_doubles: 524288
nr_of_strided_rec: 1
nr_doubles: 524288
nr_of_strided_rec: 1
nr_doubles: 524288
nr_of_strided_rec: 1
nr_doubles: 524288
nr_of_strided_rec: 1
nr_doubles: 524288
nr_of_strided_rec: 1
nr_doubles: 524288
nr_of_strided_rec: 1
nr_doubles: 524288
nr_of_strided_rec: 1
nr_doubles: 524288
nr_of_strided_rec: 1
nr_doubles: 524288
nr_of_strided_rec: 1
nr_doubles: 524288
nr_of_strided_rec: 1
nr_doubles: 524288
nr_of_strided_rec: 1
nr_doubles: 524288
nr_of_strided_rec: 1
nr_doubles: 524288
nr_of_strided_rec: 1
nr_doubles: 524288
nr_of_strided_rec: 1
nr_doubles: 524288
nr_of_strided_rec: 1
nr_doubles: 524288
nr_of_strided_rec: 1
nr_doubles: 524288
nr_of_strided_rec: 1
nr_doubles: 524288
nr_of_strided_rec: 1
nr_doubles: 524288
nr_of_strided_rec: 1
nr_doubles: 524288
nr_of_strided_rec: 1
nr_doubles: 524288
nr_of_strided_rec: 1
nr_doubles: 524288
nr_of_strided_rec: 1
nr_doubles: 524288
nr_of_strided_rec: 1
nr_doubles: 524288
nr_of_strided_rec: 1
nr_doubles: 524288
nr_of_strided_rec: 1
nr_doubles: 524288
nr_of_strided_rec: 1
nr_doubles: 524288
nr_of_strided_rec: 1
nr_doubles: 524288
nr_of_strided_rec: 1
nr_doubles: 524288
nr_of_strided_rec: 1
nr_doubles: 524288
nr_of_strided_rec: 1
nr_doubles: 524288
nr_of_strided_rec: 1
nr_doubles: 524288
nr_of_strided_rec: 1
nr_doubles: 524288
nr_of_strided_rec: 1
nr_doubles: 524288
nr_of_strided_rec: 1
nr_doubles: 524288
nr_of_strided_rec: 1
nr_doubles: 524288
nr_of_strided_rec: 1
nr_doubles: 524288
nr_of_strided_rec: 1
nr_doubles: 524288
nr_of_strided_rec: 1
nr_doubles: 524288
nr_of_strided_rec: 1
nr_doubles: 524288
nr_of_strided_rec: 1
nr_doubles: 524288
nr_of_strided_rec: 1
nr_doubles: 524288
nr_of_strided_rec: 1
nr_doubles: 524288
nr_of_strided_rec: 1
nr_doubles: 524288
nr_of_strided_rec: 1
nr_doubles: 524288
nr_of_strided_rec: 1
nr_doubles: 524288
nr_of_strided_rec: 1
nr_doubles: 524288
nr_of_strided_rec: 1
nr_doubles: 524288
nr_of_strided_rec: 1
nr_doubles: 524288
nr_of_strided_rec: 1
nr_doubles: 524288
C_cc         0.50   [      0.50:      0.50]
C_bw         0.16   [      0.16:      0.16]
C_r          8.17   [      8.17:      8.17]
          -------
C_total      8.83   [      8.83:      8.83]


dC[0] = 0.00000e+00
fclose PID:28899 fd:10
fclose PID:28898 fd:12
fclose PID:28900 fd:8
fclose PID:28901 fd:8
READAHEAD_TIME:64546.000000 us
MaxRSS= 141376 KB, SharedMem= 0 KB, HardPageFault= 13
READAHEAD_TIME:63705.000000 us
MaxRSS= 141444 KB, SharedMem= 0 KB, HardPageFault= 11
READAHEAD_TIME:63605.000000 us
MaxRSS= 141736 KB, SharedMem= 0 KB, HardPageFault= 10
READAHEAD_TIME:63340.000000 us
MaxRSS= 141704 KB, SharedMem= 0 KB, HardPageFault= 13
fclose PID:28897 fd:0
fclose PID:28897 fd:6
fclose PID:28897 fd:6
fclose PID:28897 fd:0
READAHEAD_TIME:0.000000 us
MaxRSS= 5348 KB, SharedMem= 0 KB, HardPageFault= 2
fclose PID:28896 fd:3
fclose PID:28896 fd:4
fclose PID:28896 fd:4
fclose PID:28896 fd:3
READAHEAD_TIME:0.000000 us
MaxRSS= 4884 KB, SharedMem= 0 KB, HardPageFault= 4
	Command being timed: "mpiexec -n 4 ./MADbench2_io 4096 30 1 8 64 1 1 4194304 7 1"
	User time (seconds): 16.45
	System time (seconds): 14.25
	Percent of CPU this job got: 87%
	Elapsed (wall clock) time (h:mm:ss or m:ss): 0:35.27
	Average shared text size (kbytes): 0
	Average unshared data size (kbytes): 0
	Average stack size (kbytes): 0
	Average total size (kbytes): 0
	Maximum resident set size (kbytes): 141736
	Average resident set size (kbytes): 0
	Major (requiring I/O) page faults: 54
	Minor (reclaiming a frame) page faults: 408597
	Voluntary context switches: 5965
	Involuntary context switches: 332
	Swaps: 0
	File system inputs: 15830976
	File system outputs: 15728712
	Socket messages sent: 0
	Socket messages received: 0
	Signals delivered: 0
	Page size (bytes): 4096
	Exit status: 0
READAHEAD_TIME:0.000000 us
MaxRSS= 2244 KB, SharedMem= 0 KB, HardPageFault= 0
*******************DMESG OUTPUT******************
