fclose PID:29835 fd:3
fclose PID:29835 fd:4
fclose PID:29835 fd:4
fclose PID:29835 fd:3
available: 2 nodes (0-1)
fclose PID:29835 fd:3
node 0 cpus:fclose PID:29835 fd:3
 0 1 2 3 4 5 6 7 8 9 20 21 22 23 24 25 26 27 28 29
node 0 size: 80440 MB
node 0 free: 80124 MB
fclose PID:29835 fd:3
node 1 cpus:fclose PID:29835 fd:3
 10 11 12 13 14 15 16 17 18 19 30 31 32 33 34 35 36 37 38 39
node 1 size: 80635 MB
node 1 free: 80376 MB
fclose PID:29835 fd:3
fclose PID:29835 fd:3
node distances:
node   0   1 
  0:  10  21 
  1:  21  10 
READAHEAD_TIME:0.000000 us
MaxRSS= 2172 KB, SharedMem= 0 KB, HardPageFault= 10
fclose PID:29842 fd:10
fclose PID:29843 fd:8
fclose PID:29844 fd:8
fclose PID:29841 fd:12

MADbench 2.0 IO-mode
no_pe = 4  no_pix = 8192  no_bin = 30  no_gang = 1 sblocksize = 8  fblocksize = 64  r_mod = 1  w_mod = 1 record_size=524288 stride=7


IOMETHOD = POSIX  IOMODE = SYNC  FILETYPE = UNIQUE  REMAP = CUSTOMbuild_S
build_S
build_S
build_S

Write the data to file:134217728 bytes
***********WAITING************

Write the data to file:134217728 bytes
***********WAITING************

Write the data to file:134217728 bytes
***********WAITING************

Write the data to file:134217728 bytes
***********WAITING************

Write the data to file:134217728 bytes
***********WAITING************

Write the data to file:134217728 bytes
***********WAITING************

Write the data to file:134217728 bytes
***********WAITING************

Write the data to file:134217728 bytes
***********WAITING************

Write the data to file:134217728 bytes
***********WAITING************

Write the data to file:134217728 bytes
***********WAITING************

Write the data to file:134217728 bytes
***********WAITING************

Write the data to file:134217728 bytes
***********WAITING************

Write the data to file:134217728 bytes
***********WAITING************

Write the data to file:134217728 bytes
***********WAITING************

Write the data to file:134217728 bytes
***********WAITING************

Write the data to file:134217728 bytes
***********WAITING************

Write the data to file:134217728 bytes
***********WAITING************

Write the data to file:134217728 bytes
***********WAITING************

Write the data to file:134217728 bytes
***********WAITING************

Write the data to file:134217728 bytes
***********WAITING************

Write the data to file:134217728 bytes
***********WAITING************

Write the data to file:134217728 bytes
***********WAITING************

Write the data to file:134217728 bytes
***********WAITING************

Write the data to file:134217728 bytes
***********WAITING************

Write the data to file:134217728 bytes
***********WAITING************

Write the data to file:134217728 bytes
***********WAITING************

Write the data to file:134217728 bytes
***********WAITING************

Write the data to file:134217728 bytes
***********WAITING************

Write the data to file:134217728 bytes
***********WAITING************

Write the data to file:134217728 bytes
***********WAITING************

Write the data to file:134217728 bytes
***********WAITING************

Write the data to file:134217728 bytes
***********WAITING************

Write the data to file:134217728 bytes
***********WAITING************

Write the data to file:134217728 bytes
***********WAITING************

Write the data to file:134217728 bytes
***********WAITING************

Write the data to file:134217728 bytes
***********WAITING************

Write the data to file:134217728 bytes
***********WAITING************

Write the data to file:134217728 bytes
***********WAITING************

Write the data to file:134217728 bytes
***********WAITING************

Write the data to file:134217728 bytes
***********WAITING************

Write the data to file:134217728 bytes
***********WAITING************

Write the data to file:134217728 bytes
***********WAITING************

Write the data to file:134217728 bytes
***********WAITING************

Write the data to file:134217728 bytes
***********WAITING************

Write the data to file:134217728 bytes
***********WAITING************

Write the data to file:134217728 bytes
***********WAITING************

Write the data to file:134217728 bytes
***********WAITING************

Write the data to file:134217728 bytes
***********WAITING************

Write the data to file:134217728 bytes
***********WAITING************

Write the data to file:134217728 bytes
***********WAITING************

Write the data to file:134217728 bytes
***********WAITING************

Write the data to file:134217728 bytes
***********WAITING************

Write the data to file:134217728 bytes
***********WAITING************

Write the data to file:134217728 bytes
***********WAITING************

Write the data to file:134217728 bytes
***********WAITING************

Write the data to file:134217728 bytes
***********WAITING************

Write the data to file:134217728 bytes
***********WAITING************

Write the data to file:134217728 bytes
***********WAITING************

Write the data to file:134217728 bytes
***********WAITING************

Write the data to file:134217728 bytes
***********WAITING************

Write the data to file:134217728 bytes
***********WAITING************

Write the data to file:134217728 bytes
***********WAITING************

Write the data to file:134217728 bytes
***********WAITING************

Write the data to file:134217728 bytes
***********WAITING************

Write the data to file:134217728 bytes
***********WAITING************

Write the data to file:134217728 bytes
***********WAITING************

Write the data to file:134217728 bytes
***********WAITING************

Write the data to file:134217728 bytes
***********WAITING************

Write the data to file:134217728 bytes
***********WAITING************

Write the data to file:134217728 bytes
***********WAITING************

Write the data to file:134217728 bytes
***********WAITING************

Write the data to file:134217728 bytes
***********WAITING************

Write the data to file:134217728 bytes
***********WAITING************

Write the data to file:134217728 bytes
***********WAITING************

Write the data to file:134217728 bytes
***********WAITING************

Write the data to file:134217728 bytes
***********WAITING************

Write the data to file:134217728 bytes
***********WAITING************

Write the data to file:134217728 bytes
***********WAITING************

Write the data to file:134217728 bytes
***********WAITING************

Write the data to file:134217728 bytes
***********WAITING************

Write the data to file:134217728 bytes
***********WAITING************

Write the data to file:134217728 bytes
***********WAITING************

Write the data to file:134217728 bytes
***********WAITING************

Write the data to file:134217728 bytes
***********WAITING************

Write the data to file:134217728 bytes
***********WAITING************

Write the data to file:134217728 bytes
***********WAITING************

Write the data to file:134217728 bytes
***********WAITING************

Write the data to file:134217728 bytes
***********WAITING************

Write the data to file:134217728 bytes
***********WAITING************

Write the data to file:134217728 bytes
***********WAITING************

Write the data to file:134217728 bytes
***********WAITING************

Write the data to file:134217728 bytes
***********WAITING************

Write the data to file:134217728 bytes
***********WAITING************

Write the data to file:134217728 bytes
***********WAITING************

Write the data to file:134217728 bytes
***********WAITING************

Write the data to file:134217728 bytes
***********WAITING************

Write the data to file:134217728 bytes
***********WAITING************

Write the data to file:134217728 bytes
***********WAITING************

Write the data to file:134217728 bytes
***********WAITING************

Write the data to file:134217728 bytes
***********WAITING************

Write the data to file:134217728 bytes
***********WAITING************

Write the data to file:134217728 bytes
***********WAITING************

Write the data to file:134217728 bytes
***********WAITING************

Write the data to file:134217728 bytes
***********WAITING************

Write the data to file:134217728 bytes
***********WAITING************

Write the data to file:134217728 bytes
***********WAITING************

Write the data to file:134217728 bytes
***********WAITING************

Write the data to file:134217728 bytes
***********WAITING************

Write the data to file:134217728 bytes
***********WAITING************

Write the data to file:134217728 bytes
***********WAITING************

Write the data to file:134217728 bytes
***********WAITING************

Write the data to file:134217728 bytes
***********WAITING************

Write the data to file:134217728 bytes
***********WAITING************

Write the data to file:134217728 bytes
***********WAITING************

Write the data to file:134217728 bytes
***********WAITING************

Write the data to file:134217728 bytes
***********WAITING************

Write the data to file:134217728 bytes
***********WAITING************

Write the data to file:134217728 bytes
***********WAITING************

Write the data to file:134217728 bytes
***********WAITING************

Write the data to file:134217728 bytes
***********WAITING************
S_cc         1.52   [      1.51:      1.52]
S_bw         0.73   [      0.73:      0.73]
S_w         33.30   [     33.30:     33.30]
          -------
S_total     35.55   [     35.54:     35.55]

build_S done
calc_W
build_S done
calc_W
nr_of_strided_rec: 32
nr_doubles: 65536
build_S done
calc_W
nr_of_strided_rec: 32
nr_doubles: 65536
build_S done
calc_W
nr_of_strided_rec: 32
nr_doubles: 65536
nr_of_strided_rec: 32
nr_doubles: 65536
nr_of_strided_rec: 32
nr_doubles: 65536
nr_of_strided_rec: 32
nr_doubles: 65536
nr_of_strided_rec: 32
nr_doubles: 65536
nr_of_strided_rec: 32
nr_doubles: 65536

Write the data to file:134217728 bytes
***********WAITING************

Write the data to file:134217728 bytes
***********WAITING************

Write the data to file:134217728 bytes
***********WAITING************

Write the data to file:134217728 bytes
***********WAITING************
nr_of_strided_rec: 32
nr_doubles: 65536
nr_of_strided_rec: 32
nr_doubles: 65536
nr_of_strided_rec: 32
nr_doubles: 65536
nr_of_strided_rec: 32
nr_doubles: 65536

Write the data to file:134217728 bytes
***********WAITING************

Write the data to file:134217728 bytes
***********WAITING************

Write the data to file:134217728 bytes
***********WAITING************

Write the data to file:134217728 bytes
***********WAITING************
nr_of_strided_rec: 32
nr_doubles: 65536
nr_of_strided_rec: 32
nr_doubles: 65536
nr_of_strided_rec: 32
nr_doubles: 65536
nr_of_strided_rec: 32
nr_doubles: 65536

Write the data to file:134217728 bytes
***********WAITING************

Write the data to file:134217728 bytes
***********WAITING************

Write the data to file:134217728 bytes
***********WAITING************

Write the data to file:134217728 bytes
***********WAITING************
nr_of_strided_rec: 32
nr_doubles: 65536
nr_of_strided_rec: 32
nr_doubles: 65536
nr_of_strided_rec: 32
nr_doubles: 65536
nr_of_strided_rec: 32
nr_doubles: 65536

Write the data to file:134217728 bytes
***********WAITING************

Write the data to file:134217728 bytes
***********WAITING************

Write the data to file:134217728 bytes
***********WAITING************

Write the data to file:134217728 bytes
***********WAITING************
nr_of_strided_rec: 32
nr_doubles: 65536
nr_of_strided_rec: 32
nr_doubles: 65536
nr_of_strided_rec: 32
nr_doubles: 65536
nr_of_strided_rec: 32
nr_doubles: 65536

Write the data to file:134217728 bytes
***********WAITING************

Write the data to file:134217728 bytes
***********WAITING************

Write the data to file:134217728 bytes
***********WAITING************

Write the data to file:134217728 bytes
***********WAITING************
nr_of_strided_rec: 32
nr_doubles: 65536
nr_of_strided_rec: 32
nr_doubles: 65536
nr_of_strided_rec: 32
nr_doubles: 65536
nr_of_strided_rec: 32
nr_doubles: 65536

Write the data to file:134217728 bytes
***********WAITING************

Write the data to file:134217728 bytes
***********WAITING************

Write the data to file:134217728 bytes
***********WAITING************

Write the data to file:134217728 bytes
***********WAITING************
nr_of_strided_rec: 32
nr_doubles: 65536
nr_of_strided_rec: 32
nr_doubles: 65536
nr_of_strided_rec: 32
nr_doubles: 65536
nr_of_strided_rec: 32
nr_doubles: 65536

Write the data to file:134217728 bytes
***********WAITING************

Write the data to file:134217728 bytes
***********WAITING************

Write the data to file:134217728 bytes
***********WAITING************

Write the data to file:134217728 bytes
***********WAITING************
nr_of_strided_rec: 32
nr_doubles: 65536
nr_of_strided_rec: 32
nr_doubles: 65536
nr_of_strided_rec: 32
nr_doubles: 65536
nr_of_strided_rec: 32
nr_doubles: 65536

Write the data to file:134217728 bytes
***********WAITING************

Write the data to file:134217728 bytes
***********WAITING************

Write the data to file:134217728 bytes
***********WAITING************

Write the data to file:134217728 bytes
***********WAITING************
nr_of_strided_rec: 32
nr_doubles: 65536
nr_of_strided_rec: 32
nr_doubles: 65536
nr_of_strided_rec: 32
nr_doubles: 65536
nr_of_strided_rec: 32
nr_doubles: 65536

Write the data to file:134217728 bytes
***********WAITING************

Write the data to file:134217728 bytes
***********WAITING************

Write the data to file:134217728 bytes
***********WAITING************

Write the data to file:134217728 bytes
***********WAITING************
nr_of_strided_rec: 32
nr_doubles: 65536
nr_of_strided_rec: 32
nr_doubles: 65536
nr_of_strided_rec: 32
nr_doubles: 65536
nr_of_strided_rec: 32
nr_doubles: 65536

Write the data to file:134217728 bytes
***********WAITING************

Write the data to file:134217728 bytes
***********WAITING************

Write the data to file:134217728 bytes
***********WAITING************

Write the data to file:134217728 bytes
***********WAITING************
nr_of_strided_rec: 32
nr_doubles: 65536
nr_of_strided_rec: 32
nr_doubles: 65536
nr_of_strided_rec: 32
nr_doubles: 65536
nr_of_strided_rec: 32
nr_doubles: 65536

Write the data to file:134217728 bytes
***********WAITING************

Write the data to file:134217728 bytes
***********WAITING************

Write the data to file:134217728 bytes
***********WAITING************

Write the data to file:134217728 bytes
***********WAITING************
nr_of_strided_rec: 32
nr_doubles: 65536
nr_of_strided_rec: 32
nr_doubles: 65536
nr_of_strided_rec: 32
nr_doubles: 65536
nr_of_strided_rec: 32
nr_doubles: 65536

Write the data to file:134217728 bytes
***********WAITING************

Write the data to file:134217728 bytes
***********WAITING************

Write the data to file:134217728 bytes
***********WAITING************

Write the data to file:134217728 bytes
***********WAITING************
nr_of_strided_rec: 32
nr_doubles: 65536
nr_of_strided_rec: 32
nr_doubles: 65536
nr_of_strided_rec: 32
nr_doubles: 65536
nr_of_strided_rec: 32
nr_doubles: 65536

Write the data to file:134217728 bytes
***********WAITING************

Write the data to file:134217728 bytes
***********WAITING************

Write the data to file:134217728 bytes
***********WAITING************

Write the data to file:134217728 bytes
***********WAITING************
nr_of_strided_rec: 32
nr_doubles: 65536
nr_of_strided_rec: 32
nr_doubles: 65536
nr_of_strided_rec: 32
nr_doubles: 65536
nr_of_strided_rec: 32
nr_doubles: 65536

Write the data to file:134217728 bytes
***********WAITING************

Write the data to file:134217728 bytes
***********WAITING************

Write the data to file:134217728 bytes
***********WAITING************

Write the data to file:134217728 bytes
***********WAITING************
nr_of_strided_rec: 32
nr_doubles: 65536
nr_of_strided_rec: 32
nr_doubles: 65536
nr_of_strided_rec: 32
nr_doubles: 65536
nr_of_strided_rec: 32
nr_doubles: 65536

Write the data to file:134217728 bytes
***********WAITING************

Write the data to file:134217728 bytes
***********WAITING************

Write the data to file:134217728 bytes
***********WAITING************

Write the data to file:134217728 bytes
***********WAITING************
nr_of_strided_rec: 32
nr_doubles: 65536
nr_of_strided_rec: 32
nr_doubles: 65536
nr_of_strided_rec: 32
nr_doubles: 65536
nr_of_strided_rec: 32
nr_doubles: 65536

Write the data to file:134217728 bytes
***********WAITING************

Write the data to file:134217728 bytes
***********WAITING************

Write the data to file:134217728 bytes
***********WAITING************

Write the data to file:134217728 bytes
***********WAITING************
nr_of_strided_rec: 32
nr_doubles: 65536
nr_of_strided_rec: 32
nr_doubles: 65536
nr_of_strided_rec: 32
nr_doubles: 65536
nr_of_strided_rec: 32
nr_doubles: 65536

Write the data to file:134217728 bytes
***********WAITING************

Write the data to file:134217728 bytes
***********WAITING************

Write the data to file:134217728 bytes
***********WAITING************

Write the data to file:134217728 bytes
***********WAITING************
nr_of_strided_rec: 32
nr_doubles: 65536
nr_of_strided_rec: 32
nr_doubles: 65536
nr_of_strided_rec: 32
nr_doubles: 65536
nr_of_strided_rec: 32
nr_doubles: 65536

Write the data to file:134217728 bytes
***********WAITING************

Write the data to file:134217728 bytes
***********WAITING************

Write the data to file:134217728 bytes
***********WAITING************

Write the data to file:134217728 bytes
***********WAITING************
nr_of_strided_rec: 32
nr_doubles: 65536
nr_of_strided_rec: 32
nr_doubles: 65536
nr_of_strided_rec: 32
nr_doubles: 65536
nr_of_strided_rec: 32
nr_doubles: 65536

Write the data to file:134217728 bytes
***********WAITING************

Write the data to file:134217728 bytes
***********WAITING************

Write the data to file:134217728 bytes
***********WAITING************

Write the data to file:134217728 bytes
***********WAITING************
nr_of_strided_rec: 32
nr_doubles: 65536
nr_of_strided_rec: 32
nr_doubles: 65536
nr_of_strided_rec: 32
nr_doubles: 65536
nr_of_strided_rec: 32
nr_doubles: 65536

Write the data to file:134217728 bytes
***********WAITING************

Write the data to file:134217728 bytes
***********WAITING************

Write the data to file:134217728 bytes
***********WAITING************

Write the data to file:134217728 bytes
***********WAITING************
nr_of_strided_rec: 32
nr_doubles: 65536
nr_of_strided_rec: 32
nr_doubles: 65536
nr_of_strided_rec: 32
nr_doubles: 65536
nr_of_strided_rec: 32
nr_doubles: 65536

Write the data to file:134217728 bytes
***********WAITING************

Write the data to file:134217728 bytes
***********WAITING************

Write the data to file:134217728 bytes
***********WAITING************

Write the data to file:134217728 bytes
***********WAITING************
nr_of_strided_rec: 32
nr_doubles: 65536
nr_of_strided_rec: 32
nr_doubles: 65536
nr_of_strided_rec: 32
nr_doubles: 65536
nr_of_strided_rec: 32
nr_doubles: 65536

Write the data to file:134217728 bytes
***********WAITING************

Write the data to file:134217728 bytes
***********WAITING************

Write the data to file:134217728 bytes
***********WAITING************

Write the data to file:134217728 bytes
***********WAITING************
nr_of_strided_rec: 32
nr_doubles: 65536
nr_of_strided_rec: 32
nr_doubles: 65536
nr_of_strided_rec: 32
nr_doubles: 65536
nr_of_strided_rec: 32
nr_doubles: 65536

Write the data to file:134217728 bytes
***********WAITING************

Write the data to file:134217728 bytes
***********WAITING************

Write the data to file:134217728 bytes
***********WAITING************

Write the data to file:134217728 bytes
***********WAITING************
nr_of_strided_rec: 32
nr_doubles: 65536
nr_of_strided_rec: 32
nr_doubles: 65536
nr_of_strided_rec: 32
nr_doubles: 65536
nr_of_strided_rec: 32
nr_doubles: 65536

Write the data to file:134217728 bytes
***********WAITING************

Write the data to file:134217728 bytes
***********WAITING************

Write the data to file:134217728 bytes
***********WAITING************

Write the data to file:134217728 bytes
***********WAITING************
nr_of_strided_rec: 32
nr_doubles: 65536
nr_of_strided_rec: 32
nr_doubles: 65536
nr_of_strided_rec: 32
nr_doubles: 65536
nr_of_strided_rec: 32
nr_doubles: 65536

Write the data to file:134217728 bytes
***********WAITING************

Write the data to file:134217728 bytes
***********WAITING************

Write the data to file:134217728 bytes
***********WAITING************

Write the data to file:134217728 bytes
***********WAITING************
nr_of_strided_rec: 32
nr_doubles: 65536
nr_of_strided_rec: 32
nr_doubles: 65536
nr_of_strided_rec: 32
nr_doubles: 65536
nr_of_strided_rec: 32
nr_doubles: 65536

Write the data to file:134217728 bytes
***********WAITING************

Write the data to file:134217728 bytes
***********WAITING************

Write the data to file:134217728 bytes
***********WAITING************

Write the data to file:134217728 bytes
***********WAITING************
nr_of_strided_rec: 32
nr_doubles: 65536
nr_of_strided_rec: 32
nr_doubles: 65536
nr_of_strided_rec: 32
nr_doubles: 65536
nr_of_strided_rec: 32
nr_doubles: 65536

Write the data to file:134217728 bytes
***********WAITING************

Write the data to file:134217728 bytes
***********WAITING************

Write the data to file:134217728 bytes
***********WAITING************

Write the data to file:134217728 bytes
***********WAITING************
nr_of_strided_rec: 32
nr_doubles: 65536
nr_of_strided_rec: 32
nr_doubles: 65536
nr_of_strided_rec: 32
nr_doubles: 65536
nr_of_strided_rec: 32
nr_doubles: 65536

Write the data to file:134217728 bytes
***********WAITING************

Write the data to file:134217728 bytes
***********WAITING************

Write the data to file:134217728 bytes
***********WAITING************

Write the data to file:134217728 bytes
***********WAITING************
nr_of_strided_rec: 32
nr_doubles: 65536
nr_of_strided_rec: 32
nr_doubles: 65536
nr_of_strided_rec: 32
nr_doubles: 65536
nr_of_strided_rec: 32
nr_doubles: 65536

Write the data to file:134217728 bytes
***********WAITING************

Write the data to file:134217728 bytes
***********WAITING************

Write the data to file:134217728 bytes
***********WAITING************

Write the data to file:134217728 bytes
***********WAITING************

Write the data to file:134217728 bytes
***********WAITING************

Write the data to file:134217728 bytes
***********WAITING************

Write the data to file:134217728 bytes
***********WAITING************

Write the data to file:134217728 bytes
***********WAITING************
W_cc         3.01   [      3.01:      3.02]
W_r         48.54   [     48.54:     48.54]
W_w         32.07   [     32.07:     32.07]
          -------
W_total     83.62   [     83.62:     83.62]

calc_W done
calc_W done
nr_of_strided_rec: 32
nr_doubles: 65536
calc_W done
nr_of_strided_rec: 32
nr_doubles: 65536
calc_W done
nr_of_strided_rec: 32
nr_doubles: 65536
nr_of_strided_rec: 32
nr_doubles: 65536
nr_of_strided_rec: 32
nr_doubles: 65536
nr_of_strided_rec: 32
nr_doubles: 65536
nr_of_strided_rec: 32
nr_doubles: 65536
nr_of_strided_rec: 32
nr_doubles: 65536
nr_of_strided_rec: 32
nr_doubles: 65536
nr_of_strided_rec: 32
nr_doubles: 65536
nr_of_strided_rec: 32
nr_doubles: 65536
nr_of_strided_rec: 32
nr_doubles: 65536
nr_of_strided_rec: 32
nr_doubles: 65536
nr_of_strided_rec: 32
nr_doubles: 65536
nr_of_strided_rec: 32
nr_doubles: 65536
nr_of_strided_rec: 32
nr_doubles: 65536
nr_of_strided_rec: 32
nr_doubles: 65536
nr_of_strided_rec: 32
nr_doubles: 65536
nr_of_strided_rec: 32
nr_doubles: 65536
nr_of_strided_rec: 32
nr_doubles: 65536
nr_of_strided_rec: 32
nr_doubles: 65536
nr_of_strided_rec: 32
nr_doubles: 65536
nr_of_strided_rec: 32
nr_doubles: 65536
nr_of_strided_rec: 32
nr_doubles: 65536
nr_of_strided_rec: 32
nr_doubles: 65536
nr_of_strided_rec: 32
nr_doubles: 65536
nr_of_strided_rec: 32
nr_doubles: 65536
nr_of_strided_rec: 32
nr_doubles: 65536
nr_of_strided_rec: 32
nr_doubles: 65536
nr_of_strided_rec: 32
nr_doubles: 65536
nr_of_strided_rec: 32
nr_doubles: 65536
nr_of_strided_rec: 32
nr_doubles: 65536
nr_of_strided_rec: 32
nr_doubles: 65536
nr_of_strided_rec: 32
nr_doubles: 65536
nr_of_strided_rec: 32
nr_doubles: 65536
nr_of_strided_rec: 32
nr_doubles: 65536
nr_of_strided_rec: 32
nr_doubles: 65536
nr_of_strided_rec: 32
nr_doubles: 65536
nr_of_strided_rec: 32
nr_doubles: 65536
nr_of_strided_rec: 32
nr_doubles: 65536
nr_of_strided_rec: 32
nr_doubles: 65536
nr_of_strided_rec: 32
nr_doubles: 65536
nr_of_strided_rec: 32
nr_doubles: 65536
nr_of_strided_rec: 32
nr_doubles: 65536
nr_of_strided_rec: 32
nr_doubles: 65536
nr_of_strided_rec: 32
nr_doubles: 65536
nr_of_strided_rec: 32
nr_doubles: 65536
nr_of_strided_rec: 32
nr_doubles: 65536
nr_of_strided_rec: 32
nr_doubles: 65536
nr_of_strided_rec: 32
nr_doubles: 65536
nr_of_strided_rec: 32
nr_doubles: 65536
nr_of_strided_rec: 32
nr_doubles: 65536
nr_of_strided_rec: 32
nr_doubles: 65536
nr_of_strided_rec: 32
nr_doubles: 65536
nr_of_strided_rec: 32
nr_doubles: 65536
nr_of_strided_rec: 32
nr_doubles: 65536
nr_of_strided_rec: 32
nr_doubles: 65536
nr_of_strided_rec: 32
nr_doubles: 65536
nr_of_strided_rec: 32
nr_doubles: 65536
nr_of_strided_rec: 32
nr_doubles: 65536
nr_of_strided_rec: 32
nr_doubles: 65536
nr_of_strided_rec: 32
nr_doubles: 65536
nr_of_strided_rec: 32
nr_doubles: 65536
nr_of_strided_rec: 32
nr_doubles: 65536
nr_of_strided_rec: 32
nr_doubles: 65536
nr_of_strided_rec: 32
nr_doubles: 65536
nr_of_strided_rec: 32
nr_doubles: 65536
nr_of_strided_rec: 32
nr_doubles: 65536
nr_of_strided_rec: 32
nr_doubles: 65536
nr_of_strided_rec: 32
nr_doubles: 65536
nr_of_strided_rec: 32
nr_doubles: 65536
nr_of_strided_rec: 32
nr_doubles: 65536
nr_of_strided_rec: 32
nr_doubles: 65536
nr_of_strided_rec: 32
nr_doubles: 65536
nr_of_strided_rec: 32
nr_doubles: 65536
nr_of_strided_rec: 32
nr_doubles: 65536
nr_of_strided_rec: 32
nr_doubles: 65536
nr_of_strided_rec: 32
nr_doubles: 65536
nr_of_strided_rec: 32
nr_doubles: 65536
nr_of_strided_rec: 32
nr_doubles: 65536
nr_of_strided_rec: 32
nr_doubles: 65536
nr_of_strided_rec: 32
nr_doubles: 65536
nr_of_strided_rec: 32
nr_doubles: 65536
nr_of_strided_rec: 32
nr_doubles: 65536
nr_of_strided_rec: 32
nr_doubles: 65536
nr_of_strided_rec: 32
nr_doubles: 65536
nr_of_strided_rec: 32
nr_doubles: 65536
nr_of_strided_rec: 32
nr_doubles: 65536
nr_of_strided_rec: 32
nr_doubles: 65536
nr_of_strided_rec: 32
nr_doubles: 65536
nr_of_strided_rec: 32
nr_doubles: 65536
nr_of_strided_rec: 32
nr_doubles: 65536
nr_of_strided_rec: 32
nr_doubles: 65536
nr_of_strided_rec: 32
nr_doubles: 65536
nr_of_strided_rec: 32
nr_doubles: 65536
nr_of_strided_rec: 32
nr_doubles: 65536
nr_of_strided_rec: 32
nr_doubles: 65536
nr_of_strided_rec: 32
nr_doubles: 65536
nr_of_strided_rec: 32
nr_doubles: 65536
nr_of_strided_rec: 32
nr_doubles: 65536
nr_of_strided_rec: 32
nr_doubles: 65536
nr_of_strided_rec: 32
nr_doubles: 65536
nr_of_strided_rec: 32
nr_doubles: 65536
nr_of_strided_rec: 32
nr_doubles: 65536
nr_of_strided_rec: 32
nr_doubles: 65536
nr_of_strided_rec: 32
nr_doubles: 65536
nr_of_strided_rec: 32
nr_doubles: 65536
nr_of_strided_rec: 32
nr_doubles: 65536
nr_of_strided_rec: 32
nr_doubles: 65536
nr_of_strided_rec: 32
nr_doubles: 65536
nr_of_strided_rec: 32
nr_doubles: 65536
nr_of_strided_rec: 32
nr_doubles: 65536
nr_of_strided_rec: 32
nr_doubles: 65536
nr_of_strided_rec: 32
nr_doubles: 65536
nr_of_strided_rec: 32
nr_doubles: 65536
nr_of_strided_rec: 32
nr_doubles: 65536
nr_of_strided_rec: 32
nr_doubles: 65536
nr_of_strided_rec: 32
nr_doubles: 65536
nr_of_strided_rec: 32
nr_doubles: 65536
nr_of_strided_rec: 32
nr_doubles: 65536
C_cc         1.21   [      1.21:      1.21]
C_bw         0.63   [      0.63:      0.63]
C_r         34.55   [     34.55:     34.55]
          -------
C_total     36.39   [     36.39:     36.39]


dC[0] = 0.00000e+00
fclose PID:29841 fd:12
fclose PID:29843 fd:8
fclose PID:29842 fd:10
fclose PID:29844 fd:8
READAHEAD_TIME:0.000000 us
MaxRSS= 534896 KB, SharedMem= 0 KB, HardPageFault= 12
READAHEAD_TIME:0.000000 us
MaxRSS= 534884 KB, SharedMem= 0 KB, HardPageFault= 12
READAHEAD_TIME:0.000000 us
MaxRSS= 534924 KB, SharedMem= 0 KB, HardPageFault= 13
READAHEAD_TIME:0.000000 us
MaxRSS= 534972 KB, SharedMem= 0 KB, HardPageFault= 15
fclose PID:29840 fd:0
fclose PID:29840 fd:6
fclose PID:29840 fd:6
fclose PID:29840 fd:0
READAHEAD_TIME:0.000000 us
MaxRSS= 5360 KB, SharedMem= 0 KB, HardPageFault= 2
fclose PID:29839 fd:3
fclose PID:29839 fd:4
fclose PID:29839 fd:4
fclose PID:29839 fd:3
READAHEAD_TIME:0.000000 us
MaxRSS= 4900 KB, SharedMem= 0 KB, HardPageFault= 4
	Command being timed: "mpiexec -n 4 ./MADbench2_io 8192 30 1 8 64 1 1 524288 7 1"
	User time (seconds): 65.86
	System time (seconds): 59.84
	Percent of CPU this job got: 80%
	Elapsed (wall clock) time (h:mm:ss or m:ss): 2:35.93
	Average shared text size (kbytes): 0
	Average unshared data size (kbytes): 0
	Average stack size (kbytes): 0
	Average total size (kbytes): 0
	Maximum resident set size (kbytes): 534972
	Average resident set size (kbytes): 0
	Major (requiring I/O) page faults: 59
	Minor (reclaiming a frame) page faults: 3050362
	Voluntary context switches: 62122
	Involuntary context switches: 1096
	Swaps: 0
	File system inputs: 62016928
	File system outputs: 62914672
	Socket messages sent: 0
	Socket messages received: 0
	Signals delivered: 0
	Page size (bytes): 4096
	Exit status: 0
READAHEAD_TIME:0.000000 us
MaxRSS= 2212 KB, SharedMem= 0 KB, HardPageFault= 0
*******************DMESG OUTPUT******************
