fclose PID:30779 fd:3
fclose PID:30779 fd:4
fclose PID:30779 fd:4
fclose PID:30779 fd:3
available: 2 nodes (0-1)
fclose PID:30779 fd:3
node 0 cpus:fclose PID:30779 fd:3
 0 1 2 3 4 5 6 7 8 9 20 21 22 23 24 25 26 27 28 29
node 0 size: 80440 MB
node 0 free: 80120 MB
fclose PID:30779 fd:3
node 1 cpus:fclose PID:30779 fd:3
 10 11 12 13 14 15 16 17 18 19 30 31 32 33 34 35 36 37 38 39
node 1 size: 80635 MB
node 1 free: 80377 MB
fclose PID:30779 fd:3
fclose PID:30779 fd:3
node distances:
node   0   1 
  0:  10  21 
  1:  21  10 
READAHEAD_TIME:0.000000 us
MaxRSS= 2220 KB, SharedMem= 0 KB, HardPageFault= 10
fclose PID:30786 fd:8
fclose PID:30784 fd:12
fclose PID:30785 fd:10
fclose PID:30787 fd:8

MADbench 2.0 IO-mode
no_pe = 4  no_pix = 8192  no_bin = 30  no_gang = 1 sblocksize = 8  fblocksize = 64  r_mod = 1  w_mod = 1 record_size=16777216 stride=7


IOMETHOD = POSIX  IOMODE = SYNC  FILETYPE = UNIQUE  REMAP = CUSTOMbuild_S
build_S
build_S
build_S

Write the data to file:134217728 bytes
***********WAITING************

Write the data to file:134217728 bytes
***********WAITING************

Write the data to file:134217728 bytes
***********WAITING************

Write the data to file:134217728 bytes
***********WAITING************

Write the data to file:134217728 bytes
***********WAITING************

Write the data to file:134217728 bytes
***********WAITING************

Write the data to file:134217728 bytes
***********WAITING************

Write the data to file:134217728 bytes
***********WAITING************

Write the data to file:134217728 bytes
***********WAITING************

Write the data to file:134217728 bytes
***********WAITING************

Write the data to file:134217728 bytes
***********WAITING************

Write the data to file:134217728 bytes
***********WAITING************

Write the data to file:134217728 bytes
***********WAITING************

Write the data to file:134217728 bytes
***********WAITING************

Write the data to file:134217728 bytes
***********WAITING************

Write the data to file:134217728 bytes
***********WAITING************

Write the data to file:134217728 bytes
***********WAITING************

Write the data to file:134217728 bytes
***********WAITING************

Write the data to file:134217728 bytes
***********WAITING************

Write the data to file:134217728 bytes
***********WAITING************

Write the data to file:134217728 bytes
***********WAITING************

Write the data to file:134217728 bytes
***********WAITING************

Write the data to file:134217728 bytes
***********WAITING************

Write the data to file:134217728 bytes
***********WAITING************

Write the data to file:134217728 bytes
***********WAITING************

Write the data to file:134217728 bytes
***********WAITING************

Write the data to file:134217728 bytes
***********WAITING************

Write the data to file:134217728 bytes
***********WAITING************

Write the data to file:134217728 bytes
***********WAITING************

Write the data to file:134217728 bytes
***********WAITING************

Write the data to file:134217728 bytes
***********WAITING************

Write the data to file:134217728 bytes
***********WAITING************

Write the data to file:134217728 bytes
***********WAITING************

Write the data to file:134217728 bytes
***********WAITING************

Write the data to file:134217728 bytes
***********WAITING************

Write the data to file:134217728 bytes
***********WAITING************

Write the data to file:134217728 bytes
***********WAITING************

Write the data to file:134217728 bytes
***********WAITING************

Write the data to file:134217728 bytes
***********WAITING************

Write the data to file:134217728 bytes
***********WAITING************

Write the data to file:134217728 bytes
***********WAITING************

Write the data to file:134217728 bytes
***********WAITING************

Write the data to file:134217728 bytes
***********WAITING************

Write the data to file:134217728 bytes
***********WAITING************

Write the data to file:134217728 bytes
***********WAITING************

Write the data to file:134217728 bytes
***********WAITING************

Write the data to file:134217728 bytes
***********WAITING************

Write the data to file:134217728 bytes
***********WAITING************

Write the data to file:134217728 bytes
***********WAITING************

Write the data to file:134217728 bytes
***********WAITING************

Write the data to file:134217728 bytes
***********WAITING************

Write the data to file:134217728 bytes
***********WAITING************

Write the data to file:134217728 bytes
***********WAITING************

Write the data to file:134217728 bytes
***********WAITING************

Write the data to file:134217728 bytes
***********WAITING************

Write the data to file:134217728 bytes
***********WAITING************

Write the data to file:134217728 bytes
***********WAITING************

Write the data to file:134217728 bytes
***********WAITING************

Write the data to file:134217728 bytes
***********WAITING************

Write the data to file:134217728 bytes
***********WAITING************

Write the data to file:134217728 bytes
***********WAITING************

Write the data to file:134217728 bytes
***********WAITING************

Write the data to file:134217728 bytes
***********WAITING************

Write the data to file:134217728 bytes
***********WAITING************

Write the data to file:134217728 bytes
***********WAITING************

Write the data to file:134217728 bytes
***********WAITING************

Write the data to file:134217728 bytes
***********WAITING************

Write the data to file:134217728 bytes
***********WAITING************

Write the data to file:134217728 bytes
***********WAITING************

Write the data to file:134217728 bytes
***********WAITING************

Write the data to file:134217728 bytes
***********WAITING************

Write the data to file:134217728 bytes
***********WAITING************

Write the data to file:134217728 bytes
***********WAITING************

Write the data to file:134217728 bytes
***********WAITING************

Write the data to file:134217728 bytes
***********WAITING************

Write the data to file:134217728 bytes
***********WAITING************

Write the data to file:134217728 bytes
***********WAITING************

Write the data to file:134217728 bytes
***********WAITING************

Write the data to file:134217728 bytes
***********WAITING************

Write the data to file:134217728 bytes
***********WAITING************

Write the data to file:134217728 bytes
***********WAITING************

Write the data to file:134217728 bytes
***********WAITING************

Write the data to file:134217728 bytes
***********WAITING************

Write the data to file:134217728 bytes
***********WAITING************

Write the data to file:134217728 bytes
***********WAITING************

Write the data to file:134217728 bytes
***********WAITING************

Write the data to file:134217728 bytes
***********WAITING************

Write the data to file:134217728 bytes
***********WAITING************

Write the data to file:134217728 bytes
***********WAITING************

Write the data to file:134217728 bytes
***********WAITING************

Write the data to file:134217728 bytes
***********WAITING************

Write the data to file:134217728 bytes
***********WAITING************

Write the data to file:134217728 bytes
***********WAITING************

Write the data to file:134217728 bytes
***********WAITING************

Write the data to file:134217728 bytes
***********WAITING************

Write the data to file:134217728 bytes
***********WAITING************

Write the data to file:134217728 bytes
***********WAITING************

Write the data to file:134217728 bytes
***********WAITING************

Write the data to file:134217728 bytes
***********WAITING************

Write the data to file:134217728 bytes
***********WAITING************

Write the data to file:134217728 bytes
***********WAITING************

Write the data to file:134217728 bytes
***********WAITING************

Write the data to file:134217728 bytes
***********WAITING************

Write the data to file:134217728 bytes
***********WAITING************

Write the data to file:134217728 bytes
***********WAITING************

Write the data to file:134217728 bytes
***********WAITING************

Write the data to file:134217728 bytes
***********WAITING************

Write the data to file:134217728 bytes
***********WAITING************

Write the data to file:134217728 bytes
***********WAITING************

Write the data to file:134217728 bytes
***********WAITING************

Write the data to file:134217728 bytes
***********WAITING************

Write the data to file:134217728 bytes
***********WAITING************

Write the data to file:134217728 bytes
***********WAITING************

Write the data to file:134217728 bytes
***********WAITING************

Write the data to file:134217728 bytes
***********WAITING************

Write the data to file:134217728 bytes
***********WAITING************

Write the data to file:134217728 bytes
***********WAITING************

Write the data to file:134217728 bytes
***********WAITING************

Write the data to file:134217728 bytes
***********WAITING************

Write the data to file:134217728 bytes
***********WAITING************
S_cc         1.48   [      1.47:      1.48]
S_bw         0.74   [      0.74:      0.75]
S_w         33.29   [     33.29:     33.29]
          -------
S_total     35.51   [     35.51:     35.51]

build_S done
calc_W
build_S done
calc_W
nr_of_strided_rec: 1
nr_doubles: 2097152
build_S done
calc_W
nr_of_strided_rec: 1
nr_doubles: 2097152
build_S done
calc_W
nr_of_strided_rec: 1
nr_doubles: 2097152
nr_of_strided_rec: 1
nr_doubles: 2097152
nr_of_strided_rec: 1
nr_doubles: 2097152
nr_of_strided_rec: 1
nr_doubles: 2097152
nr_of_strided_rec: 1
nr_doubles: 2097152
nr_of_strided_rec: 1
nr_doubles: 2097152

Write the data to file:134217728 bytes
***********WAITING************

Write the data to file:134217728 bytes
***********WAITING************

Write the data to file:134217728 bytes
***********WAITING************

Write the data to file:134217728 bytes
***********WAITING************
nr_of_strided_rec: 1
nr_doubles: 2097152
nr_of_strided_rec: 1
nr_doubles: 2097152
nr_of_strided_rec: 1
nr_doubles: 2097152
nr_of_strided_rec: 1
nr_doubles: 2097152

Write the data to file:134217728 bytes
***********WAITING************

Write the data to file:134217728 bytes
***********WAITING************

Write the data to file:134217728 bytes
***********WAITING************

Write the data to file:134217728 bytes
***********WAITING************
nr_of_strided_rec: 1
nr_doubles: 2097152
nr_of_strided_rec: 1
nr_doubles: 2097152
nr_of_strided_rec: 1
nr_doubles: 2097152
nr_of_strided_rec: 1
nr_doubles: 2097152

Write the data to file:134217728 bytes
***********WAITING************

Write the data to file:134217728 bytes
***********WAITING************

Write the data to file:134217728 bytes
***********WAITING************

Write the data to file:134217728 bytes
***********WAITING************
nr_of_strided_rec: 1
nr_doubles: 2097152
nr_of_strided_rec: 1
nr_doubles: 2097152
nr_of_strided_rec: 1
nr_doubles: 2097152
nr_of_strided_rec: 1
nr_doubles: 2097152

Write the data to file:134217728 bytes
***********WAITING************

Write the data to file:134217728 bytes
***********WAITING************

Write the data to file:134217728 bytes
***********WAITING************

Write the data to file:134217728 bytes
***********WAITING************
nr_of_strided_rec: 1
nr_doubles: 2097152
nr_of_strided_rec: 1
nr_doubles: 2097152
nr_of_strided_rec: 1
nr_doubles: 2097152
nr_of_strided_rec: 1
nr_doubles: 2097152

Write the data to file:134217728 bytes
***********WAITING************

Write the data to file:134217728 bytes
***********WAITING************

Write the data to file:134217728 bytes
***********WAITING************

Write the data to file:134217728 bytes
***********WAITING************
nr_of_strided_rec: 1
nr_doubles: 2097152
nr_of_strided_rec: 1
nr_doubles: 2097152
nr_of_strided_rec: 1
nr_doubles: 2097152
nr_of_strided_rec: 1
nr_doubles: 2097152

Write the data to file:134217728 bytes
***********WAITING************

Write the data to file:134217728 bytes
***********WAITING************

Write the data to file:134217728 bytes
***********WAITING************

Write the data to file:134217728 bytes
***********WAITING************
nr_of_strided_rec: 1
nr_doubles: 2097152
nr_of_strided_rec: 1
nr_doubles: 2097152
nr_of_strided_rec: 1
nr_doubles: 2097152
nr_of_strided_rec: 1
nr_doubles: 2097152

Write the data to file:134217728 bytes
***********WAITING************

Write the data to file:134217728 bytes
***********WAITING************

Write the data to file:134217728 bytes
***********WAITING************

Write the data to file:134217728 bytes
***********WAITING************
nr_of_strided_rec: 1
nr_doubles: 2097152
nr_of_strided_rec: 1
nr_doubles: 2097152
nr_of_strided_rec: 1
nr_doubles: 2097152
nr_of_strided_rec: 1
nr_doubles: 2097152

Write the data to file:134217728 bytes
***********WAITING************

Write the data to file:134217728 bytes
***********WAITING************

Write the data to file:134217728 bytes
***********WAITING************

Write the data to file:134217728 bytes
***********WAITING************
nr_of_strided_rec: 1
nr_doubles: 2097152
nr_of_strided_rec: 1
nr_doubles: 2097152
nr_of_strided_rec: 1
nr_doubles: 2097152
nr_of_strided_rec: 1
nr_doubles: 2097152

Write the data to file:134217728 bytes
***********WAITING************

Write the data to file:134217728 bytes
***********WAITING************

Write the data to file:134217728 bytes
***********WAITING************

Write the data to file:134217728 bytes
***********WAITING************
nr_of_strided_rec: 1
nr_doubles: 2097152
nr_of_strided_rec: 1
nr_doubles: 2097152
nr_of_strided_rec: 1
nr_doubles: 2097152
nr_of_strided_rec: 1
nr_doubles: 2097152

Write the data to file:134217728 bytes
***********WAITING************

Write the data to file:134217728 bytes
***********WAITING************

Write the data to file:134217728 bytes
***********WAITING************

Write the data to file:134217728 bytes
***********WAITING************
nr_of_strided_rec: 1
nr_doubles: 2097152
nr_of_strided_rec: 1
nr_doubles: 2097152
nr_of_strided_rec: 1
nr_doubles: 2097152
nr_of_strided_rec: 1
nr_doubles: 2097152

Write the data to file:134217728 bytes
***********WAITING************

Write the data to file:134217728 bytes
***********WAITING************

Write the data to file:134217728 bytes
***********WAITING************

Write the data to file:134217728 bytes
***********WAITING************
nr_of_strided_rec: 1
nr_doubles: 2097152
nr_of_strided_rec: 1
nr_doubles: 2097152
nr_of_strided_rec: 1
nr_doubles: 2097152
nr_of_strided_rec: 1
nr_doubles: 2097152

Write the data to file:134217728 bytes
***********WAITING************

Write the data to file:134217728 bytes
***********WAITING************

Write the data to file:134217728 bytes
***********WAITING************

Write the data to file:134217728 bytes
***********WAITING************
nr_of_strided_rec: 1
nr_doubles: 2097152
nr_of_strided_rec: 1
nr_doubles: 2097152
nr_of_strided_rec: 1
nr_doubles: 2097152
nr_of_strided_rec: 1
nr_doubles: 2097152

Write the data to file:134217728 bytes
***********WAITING************

Write the data to file:134217728 bytes
***********WAITING************

Write the data to file:134217728 bytes
***********WAITING************

Write the data to file:134217728 bytes
***********WAITING************
nr_of_strided_rec: 1
nr_doubles: 2097152
nr_of_strided_rec: 1
nr_doubles: 2097152
nr_of_strided_rec: 1
nr_doubles: 2097152
nr_of_strided_rec: 1
nr_doubles: 2097152

Write the data to file:134217728 bytes
***********WAITING************

Write the data to file:134217728 bytes
***********WAITING************

Write the data to file:134217728 bytes
***********WAITING************

Write the data to file:134217728 bytes
***********WAITING************
nr_of_strided_rec: 1
nr_doubles: 2097152
nr_of_strided_rec: 1
nr_doubles: 2097152
nr_of_strided_rec: 1
nr_doubles: 2097152
nr_of_strided_rec: 1
nr_doubles: 2097152

Write the data to file:134217728 bytes
***********WAITING************

Write the data to file:134217728 bytes
***********WAITING************

Write the data to file:134217728 bytes
***********WAITING************

Write the data to file:134217728 bytes
***********WAITING************
nr_of_strided_rec: 1
nr_doubles: 2097152
nr_of_strided_rec: 1
nr_doubles: 2097152
nr_of_strided_rec: 1
nr_doubles: 2097152
nr_of_strided_rec: 1
nr_doubles: 2097152

Write the data to file:134217728 bytes
***********WAITING************

Write the data to file:134217728 bytes
***********WAITING************

Write the data to file:134217728 bytes
***********WAITING************

Write the data to file:134217728 bytes
***********WAITING************
nr_of_strided_rec: 1
nr_doubles: 2097152
nr_of_strided_rec: 1
nr_doubles: 2097152
nr_of_strided_rec: 1
nr_doubles: 2097152
nr_of_strided_rec: 1
nr_doubles: 2097152

Write the data to file:134217728 bytes
***********WAITING************

Write the data to file:134217728 bytes
***********WAITING************

Write the data to file:134217728 bytes
***********WAITING************

Write the data to file:134217728 bytes
***********WAITING************
nr_of_strided_rec: 1
nr_doubles: 2097152
nr_of_strided_rec: 1
nr_doubles: 2097152
nr_of_strided_rec: 1
nr_doubles: 2097152
nr_of_strided_rec: 1
nr_doubles: 2097152

Write the data to file:134217728 bytes
***********WAITING************

Write the data to file:134217728 bytes
***********WAITING************

Write the data to file:134217728 bytes
***********WAITING************

Write the data to file:134217728 bytes
***********WAITING************
nr_of_strided_rec: 1
nr_doubles: 2097152
nr_of_strided_rec: 1
nr_doubles: 2097152
nr_of_strided_rec: 1
nr_doubles: 2097152
nr_of_strided_rec: 1
nr_doubles: 2097152

Write the data to file:134217728 bytes
***********WAITING************

Write the data to file:134217728 bytes
***********WAITING************

Write the data to file:134217728 bytes
***********WAITING************

Write the data to file:134217728 bytes
***********WAITING************
nr_of_strided_rec: 1
nr_doubles: 2097152
nr_of_strided_rec: 1
nr_doubles: 2097152
nr_of_strided_rec: 1
nr_doubles: 2097152
nr_of_strided_rec: 1
nr_doubles: 2097152

Write the data to file:134217728 bytes
***********WAITING************

Write the data to file:134217728 bytes
***********WAITING************

Write the data to file:134217728 bytes
***********WAITING************

Write the data to file:134217728 bytes
***********WAITING************
nr_of_strided_rec: 1
nr_doubles: 2097152
nr_of_strided_rec: 1
nr_doubles: 2097152
nr_of_strided_rec: 1
nr_doubles: 2097152
nr_of_strided_rec: 1
nr_doubles: 2097152

Write the data to file:134217728 bytes
***********WAITING************

Write the data to file:134217728 bytes
***********WAITING************

Write the data to file:134217728 bytes
***********WAITING************

Write the data to file:134217728 bytes
***********WAITING************
nr_of_strided_rec: 1
nr_doubles: 2097152
nr_of_strided_rec: 1
nr_doubles: 2097152
nr_of_strided_rec: 1
nr_doubles: 2097152
nr_of_strided_rec: 1
nr_doubles: 2097152

Write the data to file:134217728 bytes
***********WAITING************

Write the data to file:134217728 bytes
***********WAITING************

Write the data to file:134217728 bytes
***********WAITING************

Write the data to file:134217728 bytes
***********WAITING************
nr_of_strided_rec: 1
nr_doubles: 2097152
nr_of_strided_rec: 1
nr_doubles: 2097152
nr_of_strided_rec: 1
nr_doubles: 2097152
nr_of_strided_rec: 1
nr_doubles: 2097152

Write the data to file:134217728 bytes
***********WAITING************

Write the data to file:134217728 bytes
***********WAITING************

Write the data to file:134217728 bytes
***********WAITING************

Write the data to file:134217728 bytes
***********WAITING************
nr_of_strided_rec: 1
nr_doubles: 2097152
nr_of_strided_rec: 1
nr_doubles: 2097152
nr_of_strided_rec: 1
nr_doubles: 2097152
nr_of_strided_rec: 1
nr_doubles: 2097152

Write the data to file:134217728 bytes
***********WAITING************

Write the data to file:134217728 bytes
***********WAITING************

Write the data to file:134217728 bytes
***********WAITING************

Write the data to file:134217728 bytes
***********WAITING************
nr_of_strided_rec: 1
nr_doubles: 2097152
nr_of_strided_rec: 1
nr_doubles: 2097152
nr_of_strided_rec: 1
nr_doubles: 2097152
nr_of_strided_rec: 1
nr_doubles: 2097152

Write the data to file:134217728 bytes
***********WAITING************

Write the data to file:134217728 bytes
***********WAITING************

Write the data to file:134217728 bytes
***********WAITING************

Write the data to file:134217728 bytes
***********WAITING************
nr_of_strided_rec: 1
nr_doubles: 2097152
nr_of_strided_rec: 1
nr_doubles: 2097152
nr_of_strided_rec: 1
nr_doubles: 2097152
nr_of_strided_rec: 1
nr_doubles: 2097152

Write the data to file:134217728 bytes
***********WAITING************

Write the data to file:134217728 bytes
***********WAITING************

Write the data to file:134217728 bytes
***********WAITING************

Write the data to file:134217728 bytes
***********WAITING************
nr_of_strided_rec: 1
nr_doubles: 2097152
nr_of_strided_rec: 1
nr_doubles: 2097152
nr_of_strided_rec: 1
nr_doubles: 2097152
nr_of_strided_rec: 1
nr_doubles: 2097152

Write the data to file:134217728 bytes
***********WAITING************

Write the data to file:134217728 bytes
***********WAITING************

Write the data to file:134217728 bytes
***********WAITING************

Write the data to file:134217728 bytes
***********WAITING************
nr_of_strided_rec: 1
nr_doubles: 2097152
nr_of_strided_rec: 1
nr_doubles: 2097152
nr_of_strided_rec: 1
nr_doubles: 2097152
nr_of_strided_rec: 1
nr_doubles: 2097152

Write the data to file:134217728 bytes
***********WAITING************

Write the data to file:134217728 bytes
***********WAITING************

Write the data to file:134217728 bytes
***********WAITING************

Write the data to file:134217728 bytes
***********WAITING************
nr_of_strided_rec: 1
nr_doubles: 2097152
nr_of_strided_rec: 1
nr_doubles: 2097152
nr_of_strided_rec: 1
nr_doubles: 2097152
nr_of_strided_rec: 1
nr_doubles: 2097152

Write the data to file:134217728 bytes
***********WAITING************

Write the data to file:134217728 bytes
***********WAITING************

Write the data to file:134217728 bytes
***********WAITING************

Write the data to file:134217728 bytes
***********WAITING************

Write the data to file:134217728 bytes
***********WAITING************

Write the data to file:134217728 bytes
***********WAITING************

Write the data to file:134217728 bytes
***********WAITING************

Write the data to file:134217728 bytes
***********WAITING************
W_cc         2.60   [      2.60:      2.60]
W_r         42.30   [     42.30:     42.30]
W_w         28.70   [     28.70:     28.70]
          -------
W_total     73.59   [     73.59:     73.60]

calc_W done
calc_W done
calc_W done
calc_W done
nr_of_strided_rec: 1
nr_doubles: 2097152
nr_of_strided_rec: 1
nr_doubles: 2097152
nr_of_strided_rec: 1
nr_doubles: 2097152
nr_of_strided_rec: 1
nr_doubles: 2097152
nr_of_strided_rec: 1
nr_doubles: 2097152
nr_of_strided_rec: 1
nr_doubles: 2097152
nr_of_strided_rec: 1
nr_doubles: 2097152
nr_of_strided_rec: 1
nr_doubles: 2097152
nr_of_strided_rec: 1
nr_doubles: 2097152
nr_of_strided_rec: 1
nr_doubles: 2097152
nr_of_strided_rec: 1
nr_doubles: 2097152
nr_of_strided_rec: 1
nr_doubles: 2097152
nr_of_strided_rec: 1
nr_doubles: 2097152
nr_of_strided_rec: 1
nr_doubles: 2097152
nr_of_strided_rec: 1
nr_doubles: 2097152
nr_of_strided_rec: 1
nr_doubles: 2097152
nr_of_strided_rec: 1
nr_doubles: 2097152
nr_of_strided_rec: 1
nr_doubles: 2097152
nr_of_strided_rec: 1
nr_doubles: 2097152
nr_of_strided_rec: 1
nr_doubles: 2097152
nr_of_strided_rec: 1
nr_doubles: 2097152
nr_of_strided_rec: 1
nr_doubles: 2097152
nr_of_strided_rec: 1
nr_doubles: 2097152
nr_of_strided_rec: 1
nr_doubles: 2097152
nr_of_strided_rec: 1
nr_doubles: 2097152
nr_of_strided_rec: 1
nr_doubles: 2097152
nr_of_strided_rec: 1
nr_doubles: 2097152
nr_of_strided_rec: 1
nr_doubles: 2097152
nr_of_strided_rec: 1
nr_doubles: 2097152
nr_of_strided_rec: 1
nr_doubles: 2097152
nr_of_strided_rec: 1
nr_doubles: 2097152
nr_of_strided_rec: 1
nr_doubles: 2097152
nr_of_strided_rec: 1
nr_doubles: 2097152
nr_of_strided_rec: 1
nr_doubles: 2097152
nr_of_strided_rec: 1
nr_doubles: 2097152
nr_of_strided_rec: 1
nr_doubles: 2097152
nr_of_strided_rec: 1
nr_doubles: 2097152
nr_of_strided_rec: 1
nr_doubles: 2097152
nr_of_strided_rec: 1
nr_doubles: 2097152
nr_of_strided_rec: 1
nr_doubles: 2097152
nr_of_strided_rec: 1
nr_doubles: 2097152
nr_of_strided_rec: 1
nr_doubles: 2097152
nr_of_strided_rec: 1
nr_doubles: 2097152
nr_of_strided_rec: 1
nr_doubles: 2097152
nr_of_strided_rec: 1
nr_doubles: 2097152
nr_of_strided_rec: 1
nr_doubles: 2097152
nr_of_strided_rec: 1
nr_doubles: 2097152
nr_of_strided_rec: 1
nr_doubles: 2097152
nr_of_strided_rec: 1
nr_doubles: 2097152
nr_of_strided_rec: 1
nr_doubles: 2097152
nr_of_strided_rec: 1
nr_doubles: 2097152
nr_of_strided_rec: 1
nr_doubles: 2097152
nr_of_strided_rec: 1
nr_doubles: 2097152
nr_of_strided_rec: 1
nr_doubles: 2097152
nr_of_strided_rec: 1
nr_doubles: 2097152
nr_of_strided_rec: 1
nr_doubles: 2097152
nr_of_strided_rec: 1
nr_doubles: 2097152
nr_of_strided_rec: 1
nr_doubles: 2097152
nr_of_strided_rec: 1
nr_doubles: 2097152
nr_of_strided_rec: 1
nr_doubles: 2097152
nr_of_strided_rec: 1
nr_doubles: 2097152
nr_of_strided_rec: 1
nr_doubles: 2097152
nr_of_strided_rec: 1
nr_doubles: 2097152
nr_of_strided_rec: 1
nr_doubles: 2097152
nr_of_strided_rec: 1
nr_doubles: 2097152
nr_of_strided_rec: 1
nr_doubles: 2097152
nr_of_strided_rec: 1
nr_doubles: 2097152
nr_of_strided_rec: 1
nr_doubles: 2097152
nr_of_strided_rec: 1
nr_doubles: 2097152
nr_of_strided_rec: 1
nr_doubles: 2097152
nr_of_strided_rec: 1
nr_doubles: 2097152
nr_of_strided_rec: 1
nr_doubles: 2097152
nr_of_strided_rec: 1
nr_doubles: 2097152
nr_of_strided_rec: 1
nr_doubles: 2097152
nr_of_strided_rec: 1
nr_doubles: 2097152
nr_of_strided_rec: 1
nr_doubles: 2097152
nr_of_strided_rec: 1
nr_doubles: 2097152
nr_of_strided_rec: 1
nr_doubles: 2097152
nr_of_strided_rec: 1
nr_doubles: 2097152
nr_of_strided_rec: 1
nr_doubles: 2097152
nr_of_strided_rec: 1
nr_doubles: 2097152
nr_of_strided_rec: 1
nr_doubles: 2097152
nr_of_strided_rec: 1
nr_doubles: 2097152
nr_of_strided_rec: 1
nr_doubles: 2097152
nr_of_strided_rec: 1
nr_doubles: 2097152
nr_of_strided_rec: 1
nr_doubles: 2097152
nr_of_strided_rec: 1
nr_doubles: 2097152
nr_of_strided_rec: 1
nr_doubles: 2097152
nr_of_strided_rec: 1
nr_doubles: 2097152
nr_of_strided_rec: 1
nr_doubles: 2097152
nr_of_strided_rec: 1
nr_doubles: 2097152
nr_of_strided_rec: 1
nr_doubles: 2097152
nr_of_strided_rec: 1
nr_doubles: 2097152
nr_of_strided_rec: 1
nr_doubles: 2097152
nr_of_strided_rec: 1
nr_doubles: 2097152
nr_of_strided_rec: 1
nr_doubles: 2097152
nr_of_strided_rec: 1
nr_doubles: 2097152
nr_of_strided_rec: 1
nr_doubles: 2097152
nr_of_strided_rec: 1
nr_doubles: 2097152
nr_of_strided_rec: 1
nr_doubles: 2097152
nr_of_strided_rec: 1
nr_doubles: 2097152
nr_of_strided_rec: 1
nr_doubles: 2097152
nr_of_strided_rec: 1
nr_doubles: 2097152
nr_of_strided_rec: 1
nr_doubles: 2097152
nr_of_strided_rec: 1
nr_doubles: 2097152
nr_of_strided_rec: 1
nr_doubles: 2097152
nr_of_strided_rec: 1
nr_doubles: 2097152
nr_of_strided_rec: 1
nr_doubles: 2097152
nr_of_strided_rec: 1
nr_doubles: 2097152
nr_of_strided_rec: 1
nr_doubles: 2097152
nr_of_strided_rec: 1
nr_doubles: 2097152
nr_of_strided_rec: 1
nr_doubles: 2097152
nr_of_strided_rec: 1
nr_doubles: 2097152
nr_of_strided_rec: 1
nr_doubles: 2097152
nr_of_strided_rec: 1
nr_doubles: 2097152
nr_of_strided_rec: 1
nr_doubles: 2097152
nr_of_strided_rec: 1
nr_doubles: 2097152
nr_of_strided_rec: 1
nr_doubles: 2097152
nr_of_strided_rec: 1
nr_doubles: 2097152
nr_of_strided_rec: 1
nr_doubles: 2097152
C_cc         1.18   [      1.18:      1.18]
C_bw         0.63   [      0.63:      0.63]
C_r         31.53   [     31.53:     31.53]
          -------
C_total     33.34   [     33.34:     33.34]


dC[0] = 0.00000e+00
fclose PID:30787 fd:8
fclose PID:30785 fd:10
fclose PID:30786 fd:8
fclose PID:30784 fd:12
READAHEAD_TIME:0.000000 us
MaxRSS= 534844 KB, SharedMem= 0 KB, HardPageFault= 11
READAHEAD_TIME:0.000000 us
MaxRSS= 534696 KB, SharedMem= 0 KB, HardPageFault= 14
READAHEAD_TIME:0.000000 us
MaxRSS= 534732 KB, SharedMem= 0 KB, HardPageFault= 11
READAHEAD_TIME:0.000000 us
MaxRSS= 535104 KB, SharedMem= 0 KB, HardPageFault= 10
fclose PID:30783 fd:0
fclose PID:30783 fd:6
fclose PID:30783 fd:6
fclose PID:30783 fd:0
READAHEAD_TIME:0.000000 us
MaxRSS= 5328 KB, SharedMem= 0 KB, HardPageFault= 2
fclose PID:30782 fd:3
fclose PID:30782 fd:4
fclose PID:30782 fd:4
fclose PID:30782 fd:3
READAHEAD_TIME:0.000000 us
MaxRSS= 4960 KB, SharedMem= 0 KB, HardPageFault= 4
	Command being timed: "mpiexec -n 4 ./MADbench2_io 8192 30 1 8 64 1 1 16777216 7 1"
	User time (seconds): 66.87
	System time (seconds): 54.95
	Percent of CPU this job got: 85%
	Elapsed (wall clock) time (h:mm:ss or m:ss): 2:22.75
	Average shared text size (kbytes): 0
	Average unshared data size (kbytes): 0
	Average stack size (kbytes): 0
	Average total size (kbytes): 0
	Maximum resident set size (kbytes): 535104
	Average resident set size (kbytes): 0
	Major (requiring I/O) page faults: 53
	Minor (reclaiming a frame) page faults: 2572798
	Voluntary context switches: 28154
	Involuntary context switches: 1106
	Swaps: 0
	File system inputs: 62219792
	File system outputs: 62914656
	Socket messages sent: 0
	Socket messages received: 0
	Signals delivered: 0
	Page size (bytes): 4096
	Exit status: 0
READAHEAD_TIME:0.000000 us
MaxRSS= 2084 KB, SharedMem= 0 KB, HardPageFault= 0
*******************DMESG OUTPUT******************
