fclose PID:30569 fd:3
fclose PID:30569 fd:4
fclose PID:30569 fd:4
fclose PID:30569 fd:3
available: 2 nodes (0-1)
fclose PID:30569 fd:3
node 0 cpus:fclose PID:30569 fd:3
 0 1 2 3 4 5 6 7 8 9 20 21 22 23 24 25 26 27 28 29
node 0 size: 80440 MB
node 0 free: 80119 MB
fclose PID:30569 fd:3
node 1 cpus:fclose PID:30569 fd:3
 10 11 12 13 14 15 16 17 18 19 30 31 32 33 34 35 36 37 38 39
node 1 size: 80635 MB
node 1 free: 80378 MB
fclose PID:30569 fd:3
fclose PID:30569 fd:3
node distances:
node   0   1 
  0:  10  21 
  1:  21  10 
READAHEAD_TIME:0.000000 us
MaxRSS= 2212 KB, SharedMem= 0 KB, HardPageFault= 10
fclose PID:30575 fd:10
fclose PID:30577 fd:8
fclose PID:30574 fd:12
fclose PID:30576 fd:8

MADbench 2.0 IO-mode
no_pe = 4  no_pix = 8192  no_bin = 30  no_gang = 1 sblocksize = 8  fblocksize = 64  r_mod = 1  w_mod = 1 record_size=4194304 stride=7


IOMETHOD = POSIX  IOMODE = SYNC  FILETYPE = UNIQUE  REMAP = CUSTOMbuild_S
build_S
build_S
build_S

Write the data to file:134217728 bytes
***********WAITING************

Write the data to file:134217728 bytes
***********WAITING************

Write the data to file:134217728 bytes
***********WAITING************

Write the data to file:134217728 bytes
***********WAITING************

Write the data to file:134217728 bytes
***********WAITING************

Write the data to file:134217728 bytes
***********WAITING************

Write the data to file:134217728 bytes
***********WAITING************

Write the data to file:134217728 bytes
***********WAITING************

Write the data to file:134217728 bytes
***********WAITING************

Write the data to file:134217728 bytes
***********WAITING************

Write the data to file:134217728 bytes
***********WAITING************

Write the data to file:134217728 bytes
***********WAITING************

Write the data to file:134217728 bytes
***********WAITING************

Write the data to file:134217728 bytes
***********WAITING************

Write the data to file:134217728 bytes
***********WAITING************

Write the data to file:134217728 bytes
***********WAITING************

Write the data to file:134217728 bytes
***********WAITING************

Write the data to file:134217728 bytes
***********WAITING************

Write the data to file:134217728 bytes
***********WAITING************

Write the data to file:134217728 bytes
***********WAITING************

Write the data to file:134217728 bytes
***********WAITING************

Write the data to file:134217728 bytes
***********WAITING************

Write the data to file:134217728 bytes
***********WAITING************

Write the data to file:134217728 bytes
***********WAITING************

Write the data to file:134217728 bytes
***********WAITING************

Write the data to file:134217728 bytes
***********WAITING************

Write the data to file:134217728 bytes
***********WAITING************

Write the data to file:134217728 bytes
***********WAITING************

Write the data to file:134217728 bytes
***********WAITING************

Write the data to file:134217728 bytes
***********WAITING************

Write the data to file:134217728 bytes
***********WAITING************

Write the data to file:134217728 bytes
***********WAITING************

Write the data to file:134217728 bytes
***********WAITING************

Write the data to file:134217728 bytes
***********WAITING************

Write the data to file:134217728 bytes
***********WAITING************

Write the data to file:134217728 bytes
***********WAITING************

Write the data to file:134217728 bytes
***********WAITING************

Write the data to file:134217728 bytes
***********WAITING************

Write the data to file:134217728 bytes
***********WAITING************

Write the data to file:134217728 bytes
***********WAITING************

Write the data to file:134217728 bytes
***********WAITING************

Write the data to file:134217728 bytes
***********WAITING************

Write the data to file:134217728 bytes
***********WAITING************

Write the data to file:134217728 bytes
***********WAITING************

Write the data to file:134217728 bytes
***********WAITING************

Write the data to file:134217728 bytes
***********WAITING************

Write the data to file:134217728 bytes
***********WAITING************

Write the data to file:134217728 bytes
***********WAITING************

Write the data to file:134217728 bytes
***********WAITING************

Write the data to file:134217728 bytes
***********WAITING************

Write the data to file:134217728 bytes
***********WAITING************

Write the data to file:134217728 bytes
***********WAITING************

Write the data to file:134217728 bytes
***********WAITING************

Write the data to file:134217728 bytes
***********WAITING************

Write the data to file:134217728 bytes
***********WAITING************

Write the data to file:134217728 bytes
***********WAITING************

Write the data to file:134217728 bytes
***********WAITING************

Write the data to file:134217728 bytes
***********WAITING************

Write the data to file:134217728 bytes
***********WAITING************

Write the data to file:134217728 bytes
***********WAITING************

Write the data to file:134217728 bytes
***********WAITING************

Write the data to file:134217728 bytes
***********WAITING************

Write the data to file:134217728 bytes
***********WAITING************

Write the data to file:134217728 bytes
***********WAITING************

Write the data to file:134217728 bytes
***********WAITING************

Write the data to file:134217728 bytes
***********WAITING************

Write the data to file:134217728 bytes
***********WAITING************

Write the data to file:134217728 bytes
***********WAITING************

Write the data to file:134217728 bytes
***********WAITING************

Write the data to file:134217728 bytes
***********WAITING************

Write the data to file:134217728 bytes
***********WAITING************

Write the data to file:134217728 bytes
***********WAITING************

Write the data to file:134217728 bytes
***********WAITING************

Write the data to file:134217728 bytes
***********WAITING************

Write the data to file:134217728 bytes
***********WAITING************

Write the data to file:134217728 bytes
***********WAITING************

Write the data to file:134217728 bytes
***********WAITING************

Write the data to file:134217728 bytes
***********WAITING************

Write the data to file:134217728 bytes
***********WAITING************

Write the data to file:134217728 bytes
***********WAITING************

Write the data to file:134217728 bytes
***********WAITING************

Write the data to file:134217728 bytes
***********WAITING************

Write the data to file:134217728 bytes
***********WAITING************

Write the data to file:134217728 bytes
***********WAITING************

Write the data to file:134217728 bytes
***********WAITING************

Write the data to file:134217728 bytes
***********WAITING************

Write the data to file:134217728 bytes
***********WAITING************

Write the data to file:134217728 bytes
***********WAITING************

Write the data to file:134217728 bytes
***********WAITING************

Write the data to file:134217728 bytes
***********WAITING************

Write the data to file:134217728 bytes
***********WAITING************

Write the data to file:134217728 bytes
***********WAITING************

Write the data to file:134217728 bytes
***********WAITING************

Write the data to file:134217728 bytes
***********WAITING************

Write the data to file:134217728 bytes
***********WAITING************

Write the data to file:134217728 bytes
***********WAITING************

Write the data to file:134217728 bytes
***********WAITING************

Write the data to file:134217728 bytes
***********WAITING************

Write the data to file:134217728 bytes
***********WAITING************

Write the data to file:134217728 bytes
***********WAITING************

Write the data to file:134217728 bytes
***********WAITING************

Write the data to file:134217728 bytes
***********WAITING************

Write the data to file:134217728 bytes
***********WAITING************

Write the data to file:134217728 bytes
***********WAITING************

Write the data to file:134217728 bytes
***********WAITING************

Write the data to file:134217728 bytes
***********WAITING************

Write the data to file:134217728 bytes
***********WAITING************

Write the data to file:134217728 bytes
***********WAITING************

Write the data to file:134217728 bytes
***********WAITING************

Write the data to file:134217728 bytes
***********WAITING************

Write the data to file:134217728 bytes
***********WAITING************

Write the data to file:134217728 bytes
***********WAITING************

Write the data to file:134217728 bytes
***********WAITING************

Write the data to file:134217728 bytes
***********WAITING************

Write the data to file:134217728 bytes
***********WAITING************

Write the data to file:134217728 bytes
***********WAITING************

Write the data to file:134217728 bytes
***********WAITING************

Write the data to file:134217728 bytes
***********WAITING************

Write the data to file:134217728 bytes
***********WAITING************

Write the data to file:134217728 bytes
***********WAITING************
S_cc         1.56   [      1.56:      1.57]
S_bw         0.71   [      0.71:      0.71]
S_w         37.26   [     37.26:     37.26]
          -------
S_total     39.54   [     39.54:     39.55]

build_S done
calc_W
build_S done
calc_W
nr_of_strided_rec: 4
nr_doubles: 524288
build_S done
calc_W
nr_of_strided_rec: 4
nr_doubles: 524288
build_S done
calc_W
nr_of_strided_rec: 4
nr_doubles: 524288
nr_of_strided_rec: 4
nr_doubles: 524288
nr_of_strided_rec: 4
nr_doubles: 524288
nr_of_strided_rec: 4
nr_doubles: 524288
nr_of_strided_rec: 4
nr_doubles: 524288
nr_of_strided_rec: 4
nr_doubles: 524288

Write the data to file:134217728 bytes
***********WAITING************

Write the data to file:134217728 bytes
***********WAITING************

Write the data to file:134217728 bytes
***********WAITING************

Write the data to file:134217728 bytes
***********WAITING************
nr_of_strided_rec: 4
nr_doubles: 524288
nr_of_strided_rec: 4
nr_doubles: 524288
nr_of_strided_rec: 4
nr_doubles: 524288
nr_of_strided_rec: 4
nr_doubles: 524288

Write the data to file:134217728 bytes
***********WAITING************

Write the data to file:134217728 bytes
***********WAITING************

Write the data to file:134217728 bytes
***********WAITING************

Write the data to file:134217728 bytes
***********WAITING************
nr_of_strided_rec: 4
nr_doubles: 524288
nr_of_strided_rec: 4
nr_doubles: 524288
nr_of_strided_rec: 4
nr_doubles: 524288
nr_of_strided_rec: 4
nr_doubles: 524288

Write the data to file:134217728 bytes
***********WAITING************

Write the data to file:134217728 bytes
***********WAITING************

Write the data to file:134217728 bytes
***********WAITING************

Write the data to file:134217728 bytes
***********WAITING************
nr_of_strided_rec: 4
nr_doubles: 524288
nr_of_strided_rec: 4
nr_doubles: 524288
nr_of_strided_rec: 4
nr_doubles: 524288
nr_of_strided_rec: 4
nr_doubles: 524288

Write the data to file:134217728 bytes
***********WAITING************

Write the data to file:134217728 bytes
***********WAITING************

Write the data to file:134217728 bytes
***********WAITING************

Write the data to file:134217728 bytes
***********WAITING************
nr_of_strided_rec: 4
nr_doubles: 524288
nr_of_strided_rec: 4
nr_doubles: 524288
nr_of_strided_rec: 4
nr_doubles: 524288
nr_of_strided_rec: 4
nr_doubles: 524288

Write the data to file:134217728 bytes
***********WAITING************

Write the data to file:134217728 bytes
***********WAITING************

Write the data to file:134217728 bytes
***********WAITING************

Write the data to file:134217728 bytes
***********WAITING************
nr_of_strided_rec: 4
nr_doubles: 524288
nr_of_strided_rec: 4
nr_doubles: 524288
nr_of_strided_rec: 4
nr_doubles: 524288
nr_of_strided_rec: 4
nr_doubles: 524288

Write the data to file:134217728 bytes
***********WAITING************

Write the data to file:134217728 bytes
***********WAITING************

Write the data to file:134217728 bytes
***********WAITING************

Write the data to file:134217728 bytes
***********WAITING************
nr_of_strided_rec: 4
nr_doubles: 524288
nr_of_strided_rec: 4
nr_doubles: 524288
nr_of_strided_rec: 4
nr_doubles: 524288
nr_of_strided_rec: 4
nr_doubles: 524288

Write the data to file:134217728 bytes
***********WAITING************

Write the data to file:134217728 bytes
***********WAITING************

Write the data to file:134217728 bytes
***********WAITING************

Write the data to file:134217728 bytes
***********WAITING************
nr_of_strided_rec: 4
nr_doubles: 524288
nr_of_strided_rec: 4
nr_doubles: 524288
nr_of_strided_rec: 4
nr_doubles: 524288
nr_of_strided_rec: 4
nr_doubles: 524288

Write the data to file:134217728 bytes
***********WAITING************

Write the data to file:134217728 bytes
***********WAITING************

Write the data to file:134217728 bytes
***********WAITING************

Write the data to file:134217728 bytes
***********WAITING************
nr_of_strided_rec: 4
nr_doubles: 524288
nr_of_strided_rec: 4
nr_doubles: 524288
nr_of_strided_rec: 4
nr_doubles: 524288
nr_of_strided_rec: 4
nr_doubles: 524288

Write the data to file:134217728 bytes
***********WAITING************

Write the data to file:134217728 bytes
***********WAITING************

Write the data to file:134217728 bytes
***********WAITING************

Write the data to file:134217728 bytes
***********WAITING************
nr_of_strided_rec: 4
nr_doubles: 524288
nr_of_strided_rec: 4
nr_doubles: 524288
nr_of_strided_rec: 4
nr_doubles: 524288
nr_of_strided_rec: 4
nr_doubles: 524288

Write the data to file:134217728 bytes
***********WAITING************

Write the data to file:134217728 bytes
***********WAITING************

Write the data to file:134217728 bytes
***********WAITING************

Write the data to file:134217728 bytes
***********WAITING************
nr_of_strided_rec: 4
nr_doubles: 524288
nr_of_strided_rec: 4
nr_doubles: 524288
nr_of_strided_rec: 4
nr_doubles: 524288
nr_of_strided_rec: 4
nr_doubles: 524288

Write the data to file:134217728 bytes
***********WAITING************

Write the data to file:134217728 bytes
***********WAITING************

Write the data to file:134217728 bytes
***********WAITING************

Write the data to file:134217728 bytes
***********WAITING************
nr_of_strided_rec: 4
nr_doubles: 524288
nr_of_strided_rec: 4
nr_doubles: 524288
nr_of_strided_rec: 4
nr_doubles: 524288
nr_of_strided_rec: 4
nr_doubles: 524288

Write the data to file:134217728 bytes
***********WAITING************

Write the data to file:134217728 bytes
***********WAITING************

Write the data to file:134217728 bytes
***********WAITING************

Write the data to file:134217728 bytes
***********WAITING************
nr_of_strided_rec: 4
nr_doubles: 524288
nr_of_strided_rec: 4
nr_doubles: 524288
nr_of_strided_rec: 4
nr_doubles: 524288
nr_of_strided_rec: 4
nr_doubles: 524288

Write the data to file:134217728 bytes
***********WAITING************

Write the data to file:134217728 bytes
***********WAITING************

Write the data to file:134217728 bytes
***********WAITING************

Write the data to file:134217728 bytes
***********WAITING************
nr_of_strided_rec: 4
nr_doubles: 524288
nr_of_strided_rec: 4
nr_doubles: 524288
nr_of_strided_rec: 4
nr_doubles: 524288
nr_of_strided_rec: 4
nr_doubles: 524288

Write the data to file:134217728 bytes
***********WAITING************

Write the data to file:134217728 bytes
***********WAITING************

Write the data to file:134217728 bytes
***********WAITING************

Write the data to file:134217728 bytes
***********WAITING************
nr_of_strided_rec: 4
nr_doubles: 524288
nr_of_strided_rec: 4
nr_doubles: 524288
nr_of_strided_rec: 4
nr_doubles: 524288
nr_of_strided_rec: 4
nr_doubles: 524288

Write the data to file:134217728 bytes
***********WAITING************

Write the data to file:134217728 bytes
***********WAITING************

Write the data to file:134217728 bytes
***********WAITING************

Write the data to file:134217728 bytes
***********WAITING************
nr_of_strided_rec: 4
nr_doubles: 524288
nr_of_strided_rec: 4
nr_doubles: 524288
nr_of_strided_rec: 4
nr_doubles: 524288
nr_of_strided_rec: 4
nr_doubles: 524288

Write the data to file:134217728 bytes
***********WAITING************

Write the data to file:134217728 bytes
***********WAITING************

Write the data to file:134217728 bytes
***********WAITING************

Write the data to file:134217728 bytes
***********WAITING************
nr_of_strided_rec: 4
nr_doubles: 524288
nr_of_strided_rec: 4
nr_doubles: 524288
nr_of_strided_rec: 4
nr_doubles: 524288
nr_of_strided_rec: 4
nr_doubles: 524288

Write the data to file:134217728 bytes
***********WAITING************

Write the data to file:134217728 bytes
***********WAITING************

Write the data to file:134217728 bytes
***********WAITING************

Write the data to file:134217728 bytes
***********WAITING************
nr_of_strided_rec: 4
nr_doubles: 524288
nr_of_strided_rec: 4
nr_doubles: 524288
nr_of_strided_rec: 4
nr_doubles: 524288
nr_of_strided_rec: 4
nr_doubles: 524288

Write the data to file:134217728 bytes
***********WAITING************

Write the data to file:134217728 bytes
***********WAITING************

Write the data to file:134217728 bytes
***********WAITING************

Write the data to file:134217728 bytes
***********WAITING************
nr_of_strided_rec: 4
nr_doubles: 524288
nr_of_strided_rec: 4
nr_doubles: 524288
nr_of_strided_rec: 4
nr_doubles: 524288
nr_of_strided_rec: 4
nr_doubles: 524288

Write the data to file:134217728 bytes
***********WAITING************

Write the data to file:134217728 bytes
***********WAITING************

Write the data to file:134217728 bytes
***********WAITING************

Write the data to file:134217728 bytes
***********WAITING************
nr_of_strided_rec: 4
nr_doubles: 524288
nr_of_strided_rec: 4
nr_doubles: 524288
nr_of_strided_rec: 4
nr_doubles: 524288
nr_of_strided_rec: 4
nr_doubles: 524288

Write the data to file:134217728 bytes
***********WAITING************

Write the data to file:134217728 bytes
***********WAITING************

Write the data to file:134217728 bytes
***********WAITING************

Write the data to file:134217728 bytes
***********WAITING************
nr_of_strided_rec: 4
nr_doubles: 524288
nr_of_strided_rec: 4
nr_doubles: 524288
nr_of_strided_rec: 4
nr_doubles: 524288
nr_of_strided_rec: 4
nr_doubles: 524288

Write the data to file:134217728 bytes
***********WAITING************

Write the data to file:134217728 bytes
***********WAITING************

Write the data to file:134217728 bytes
***********WAITING************

Write the data to file:134217728 bytes
***********WAITING************
nr_of_strided_rec: 4
nr_doubles: 524288
nr_of_strided_rec: 4
nr_doubles: 524288
nr_of_strided_rec: 4
nr_doubles: 524288
nr_of_strided_rec: 4
nr_doubles: 524288

Write the data to file:134217728 bytes
***********WAITING************

Write the data to file:134217728 bytes
***********WAITING************

Write the data to file:134217728 bytes
***********WAITING************

Write the data to file:134217728 bytes
***********WAITING************
nr_of_strided_rec: 4
nr_doubles: 524288
nr_of_strided_rec: 4
nr_doubles: 524288
nr_of_strided_rec: 4
nr_doubles: 524288
nr_of_strided_rec: 4
nr_doubles: 524288

Write the data to file:134217728 bytes
***********WAITING************

Write the data to file:134217728 bytes
***********WAITING************

Write the data to file:134217728 bytes
***********WAITING************

Write the data to file:134217728 bytes
***********WAITING************
nr_of_strided_rec: 4
nr_doubles: 524288
nr_of_strided_rec: 4
nr_doubles: 524288
nr_of_strided_rec: 4
nr_doubles: 524288
nr_of_strided_rec: 4
nr_doubles: 524288

Write the data to file:134217728 bytes
***********WAITING************

Write the data to file:134217728 bytes
***********WAITING************

Write the data to file:134217728 bytes
***********WAITING************

Write the data to file:134217728 bytes
***********WAITING************
nr_of_strided_rec: 4
nr_doubles: 524288
nr_of_strided_rec: 4
nr_doubles: 524288
nr_of_strided_rec: 4
nr_doubles: 524288
nr_of_strided_rec: 4
nr_doubles: 524288

Write the data to file:134217728 bytes
***********WAITING************

Write the data to file:134217728 bytes
***********WAITING************

Write the data to file:134217728 bytes
***********WAITING************

Write the data to file:134217728 bytes
***********WAITING************
nr_of_strided_rec: 4
nr_doubles: 524288
nr_of_strided_rec: 4
nr_doubles: 524288
nr_of_strided_rec: 4
nr_doubles: 524288
nr_of_strided_rec: 4
nr_doubles: 524288

Write the data to file:134217728 bytes
***********WAITING************

Write the data to file:134217728 bytes
***********WAITING************

Write the data to file:134217728 bytes
***********WAITING************

Write the data to file:134217728 bytes
***********WAITING************
nr_of_strided_rec: 4
nr_doubles: 524288
nr_of_strided_rec: 4
nr_doubles: 524288
nr_of_strided_rec: 4
nr_doubles: 524288
nr_of_strided_rec: 4
nr_doubles: 524288

Write the data to file:134217728 bytes
***********WAITING************

Write the data to file:134217728 bytes
***********WAITING************

Write the data to file:134217728 bytes
***********WAITING************

Write the data to file:134217728 bytes
***********WAITING************
nr_of_strided_rec: 4
nr_doubles: 524288
nr_of_strided_rec: 4
nr_doubles: 524288
nr_of_strided_rec: 4
nr_doubles: 524288
nr_of_strided_rec: 4
nr_doubles: 524288

Write the data to file:134217728 bytes
***********WAITING************

Write the data to file:134217728 bytes
***********WAITING************

Write the data to file:134217728 bytes
***********WAITING************

Write the data to file:134217728 bytes
***********WAITING************
nr_of_strided_rec: 4
nr_doubles: 524288
nr_of_strided_rec: 4
nr_doubles: 524288
nr_of_strided_rec: 4
nr_doubles: 524288
nr_of_strided_rec: 4
nr_doubles: 524288

Write the data to file:134217728 bytes
***********WAITING************

Write the data to file:134217728 bytes
***********WAITING************

Write the data to file:134217728 bytes
***********WAITING************

Write the data to file:134217728 bytes
***********WAITING************

Write the data to file:134217728 bytes
***********WAITING************

Write the data to file:134217728 bytes
***********WAITING************

Write the data to file:134217728 bytes
***********WAITING************

Write the data to file:134217728 bytes
***********WAITING************
W_cc         2.75   [      2.74:      2.75]
W_r         42.50   [     42.50:     42.50]
W_w         29.73   [     29.73:     29.73]
          -------
W_total     74.97   [     74.97:     74.97]

calc_W done
calc_W done
nr_of_strided_rec: 4
nr_doubles: 524288
calc_W done
nr_of_strided_rec: 4
nr_doubles: 524288
calc_W done
nr_of_strided_rec: 4
nr_doubles: 524288
nr_of_strided_rec: 4
nr_doubles: 524288
nr_of_strided_rec: 4
nr_doubles: 524288
nr_of_strided_rec: 4
nr_doubles: 524288
nr_of_strided_rec: 4
nr_doubles: 524288
nr_of_strided_rec: 4
nr_doubles: 524288
nr_of_strided_rec: 4
nr_doubles: 524288
nr_of_strided_rec: 4
nr_doubles: 524288
nr_of_strided_rec: 4
nr_doubles: 524288
nr_of_strided_rec: 4
nr_doubles: 524288
nr_of_strided_rec: 4
nr_doubles: 524288
nr_of_strided_rec: 4
nr_doubles: 524288
nr_of_strided_rec: 4
nr_doubles: 524288
nr_of_strided_rec: 4
nr_doubles: 524288
nr_of_strided_rec: 4
nr_doubles: 524288
nr_of_strided_rec: 4
nr_doubles: 524288
nr_of_strided_rec: 4
nr_doubles: 524288
nr_of_strided_rec: 4
nr_doubles: 524288
nr_of_strided_rec: 4
nr_doubles: 524288
nr_of_strided_rec: 4
nr_doubles: 524288
nr_of_strided_rec: 4
nr_doubles: 524288
nr_of_strided_rec: 4
nr_doubles: 524288
nr_of_strided_rec: 4
nr_doubles: 524288
nr_of_strided_rec: 4
nr_doubles: 524288
nr_of_strided_rec: 4
nr_doubles: 524288
nr_of_strided_rec: 4
nr_doubles: 524288
nr_of_strided_rec: 4
nr_doubles: 524288
nr_of_strided_rec: 4
nr_doubles: 524288
nr_of_strided_rec: 4
nr_doubles: 524288
nr_of_strided_rec: 4
nr_doubles: 524288
nr_of_strided_rec: 4
nr_doubles: 524288
nr_of_strided_rec: 4
nr_doubles: 524288
nr_of_strided_rec: 4
nr_doubles: 524288
nr_of_strided_rec: 4
nr_doubles: 524288
nr_of_strided_rec: 4
nr_doubles: 524288
nr_of_strided_rec: 4
nr_doubles: 524288
nr_of_strided_rec: 4
nr_doubles: 524288
nr_of_strided_rec: 4
nr_doubles: 524288
nr_of_strided_rec: 4
nr_doubles: 524288
nr_of_strided_rec: 4
nr_doubles: 524288
nr_of_strided_rec: 4
nr_doubles: 524288
nr_of_strided_rec: 4
nr_doubles: 524288
nr_of_strided_rec: 4
nr_doubles: 524288
nr_of_strided_rec: 4
nr_doubles: 524288
nr_of_strided_rec: 4
nr_doubles: 524288
nr_of_strided_rec: 4
nr_doubles: 524288
nr_of_strided_rec: 4
nr_doubles: 524288
nr_of_strided_rec: 4
nr_doubles: 524288
nr_of_strided_rec: 4
nr_doubles: 524288
nr_of_strided_rec: 4
nr_doubles: 524288
nr_of_strided_rec: 4
nr_doubles: 524288
nr_of_strided_rec: 4
nr_doubles: 524288
nr_of_strided_rec: 4
nr_doubles: 524288
nr_of_strided_rec: 4
nr_doubles: 524288
nr_of_strided_rec: 4
nr_doubles: 524288
nr_of_strided_rec: 4
nr_doubles: 524288
nr_of_strided_rec: 4
nr_doubles: 524288
nr_of_strided_rec: 4
nr_doubles: 524288
nr_of_strided_rec: 4
nr_doubles: 524288
nr_of_strided_rec: 4
nr_doubles: 524288
nr_of_strided_rec: 4
nr_doubles: 524288
nr_of_strided_rec: 4
nr_doubles: 524288
nr_of_strided_rec: 4
nr_doubles: 524288
nr_of_strided_rec: 4
nr_doubles: 524288
nr_of_strided_rec: 4
nr_doubles: 524288
nr_of_strided_rec: 4
nr_doubles: 524288
nr_of_strided_rec: 4
nr_doubles: 524288
nr_of_strided_rec: 4
nr_doubles: 524288
nr_of_strided_rec: 4
nr_doubles: 524288
nr_of_strided_rec: 4
nr_doubles: 524288
nr_of_strided_rec: 4
nr_doubles: 524288
nr_of_strided_rec: 4
nr_doubles: 524288
nr_of_strided_rec: 4
nr_doubles: 524288
nr_of_strided_rec: 4
nr_doubles: 524288
nr_of_strided_rec: 4
nr_doubles: 524288
nr_of_strided_rec: 4
nr_doubles: 524288
nr_of_strided_rec: 4
nr_doubles: 524288
nr_of_strided_rec: 4
nr_doubles: 524288
nr_of_strided_rec: 4
nr_doubles: 524288
nr_of_strided_rec: 4
nr_doubles: 524288
nr_of_strided_rec: 4
nr_doubles: 524288
nr_of_strided_rec: 4
nr_doubles: 524288
nr_of_strided_rec: 4
nr_doubles: 524288
nr_of_strided_rec: 4
nr_doubles: 524288
nr_of_strided_rec: 4
nr_doubles: 524288
nr_of_strided_rec: 4
nr_doubles: 524288
nr_of_strided_rec: 4
nr_doubles: 524288
nr_of_strided_rec: 4
nr_doubles: 524288
nr_of_strided_rec: 4
nr_doubles: 524288
nr_of_strided_rec: 4
nr_doubles: 524288
nr_of_strided_rec: 4
nr_doubles: 524288
nr_of_strided_rec: 4
nr_doubles: 524288
nr_of_strided_rec: 4
nr_doubles: 524288
nr_of_strided_rec: 4
nr_doubles: 524288
nr_of_strided_rec: 4
nr_doubles: 524288
nr_of_strided_rec: 4
nr_doubles: 524288
nr_of_strided_rec: 4
nr_doubles: 524288
nr_of_strided_rec: 4
nr_doubles: 524288
nr_of_strided_rec: 4
nr_doubles: 524288
nr_of_strided_rec: 4
nr_doubles: 524288
nr_of_strided_rec: 4
nr_doubles: 524288
nr_of_strided_rec: 4
nr_doubles: 524288
nr_of_strided_rec: 4
nr_doubles: 524288
nr_of_strided_rec: 4
nr_doubles: 524288
nr_of_strided_rec: 4
nr_doubles: 524288
nr_of_strided_rec: 4
nr_doubles: 524288
nr_of_strided_rec: 4
nr_doubles: 524288
nr_of_strided_rec: 4
nr_doubles: 524288
nr_of_strided_rec: 4
nr_doubles: 524288
nr_of_strided_rec: 4
nr_doubles: 524288
nr_of_strided_rec: 4
nr_doubles: 524288
nr_of_strided_rec: 4
nr_doubles: 524288
nr_of_strided_rec: 4
nr_doubles: 524288
nr_of_strided_rec: 4
nr_doubles: 524288
nr_of_strided_rec: 4
nr_doubles: 524288
nr_of_strided_rec: 4
nr_doubles: 524288
nr_of_strided_rec: 4
nr_doubles: 524288
nr_of_strided_rec: 4
nr_doubles: 524288
C_cc         1.14   [      1.14:      1.14]
C_bw         0.64   [      0.64:      0.64]
C_r         31.82   [     31.82:     31.82]
          -------
C_total     33.60   [     33.60:     33.60]


dC[0] = 0.00000e+00
fclose PID:30576 fd:8
fclose PID:30575 fd:10
fclose PID:30574 fd:12
fclose PID:30577 fd:8
READAHEAD_TIME:2365.000000 us
MaxRSS= 534888 KB, SharedMem= 0 KB, HardPageFault= 11
READAHEAD_TIME:2349.000000 us
MaxRSS= 534824 KB, SharedMem= 0 KB, HardPageFault= 15
READAHEAD_TIME:2399.000000 us
MaxRSS= 534860 KB, SharedMem= 0 KB, HardPageFault= 15
READAHEAD_TIME:2360.000000 us
MaxRSS= 535144 KB, SharedMem= 0 KB, HardPageFault= 15
fclose PID:30573 fd:0
fclose PID:30573 fd:6
fclose PID:30573 fd:6
fclose PID:30573 fd:0
READAHEAD_TIME:0.000000 us
MaxRSS= 5340 KB, SharedMem= 0 KB, HardPageFault= 2
fclose PID:30572 fd:3
fclose PID:30572 fd:4
fclose PID:30572 fd:4
fclose PID:30572 fd:3
READAHEAD_TIME:0.000000 us
MaxRSS= 4908 KB, SharedMem= 0 KB, HardPageFault= 4
	Command being timed: "mpiexec -n 4 ./MADbench2_io 8192 30 1 8 64 1 1 4194304 7 1"
	User time (seconds): 57.54
	System time (seconds): 53.78
	Percent of CPU this job got: 75%
	Elapsed (wall clock) time (h:mm:ss or m:ss): 2:28.42
	Average shared text size (kbytes): 0
	Average unshared data size (kbytes): 0
	Average stack size (kbytes): 0
	Average total size (kbytes): 0
	Maximum resident set size (kbytes): 535144
	Average resident set size (kbytes): 0
	Major (requiring I/O) page faults: 63
	Minor (reclaiming a frame) page faults: 2798898
	Voluntary context switches: 26564
	Involuntary context switches: 1073
	Swaps: 0
	File system inputs: 62842448
	File system outputs: 62914656
	Socket messages sent: 0
	Socket messages received: 0
	Signals delivered: 0
	Page size (bytes): 4096
	Exit status: 0
READAHEAD_TIME:0.000000 us
MaxRSS= 2060 KB, SharedMem= 0 KB, HardPageFault= 0
*******************DMESG OUTPUT******************
