fclose PID:29776 fd:3
fclose PID:29776 fd:4
fclose PID:29776 fd:4
fclose PID:29776 fd:3
available: 2 nodes (0-1)
fclose PID:29776 fd:3
node 0 cpus:fclose PID:29776 fd:3
 0 1 2 3 4 5 6 7 8 9 20 21 22 23 24 25 26 27 28 29
node 0 size: 80440 MB
node 0 free: 80124 MB
fclose PID:29776 fd:3
node 1 cpus:fclose PID:29776 fd:3
 10 11 12 13 14 15 16 17 18 19 30 31 32 33 34 35 36 37 38 39
node 1 size: 80635 MB
node 1 free: 80377 MB
fclose PID:29776 fd:3
fclose PID:29776 fd:3
node distances:
node   0   1 
  0:  10  21 
  1:  21  10 
READAHEAD_TIME:0.000000 us
MaxRSS= 2176 KB, SharedMem= 0 KB, HardPageFault= 10
fclose PID:29782 fd:10
fclose PID:29784 fd:8
fclose PID:29783 fd:8
fclose PID:29781 fd:12

MADbench 2.0 IO-mode
no_pe = 4  no_pix = 8192  no_bin = 30  no_gang = 1 sblocksize = 8  fblocksize = 64  r_mod = 1  w_mod = 1 record_size=131072 stride=7


IOMETHOD = POSIX  IOMODE = SYNC  FILETYPE = UNIQUE  REMAP = CUSTOMbuild_S
build_S
build_S
build_S

Write the data to file:134217728 bytes
***********WAITING************

Write the data to file:134217728 bytes
***********WAITING************

Write the data to file:134217728 bytes
***********WAITING************

Write the data to file:134217728 bytes
***********WAITING************

Write the data to file:134217728 bytes
***********WAITING************

Write the data to file:134217728 bytes
***********WAITING************

Write the data to file:134217728 bytes
***********WAITING************

Write the data to file:134217728 bytes
***********WAITING************

Write the data to file:134217728 bytes
***********WAITING************

Write the data to file:134217728 bytes
***********WAITING************

Write the data to file:134217728 bytes
***********WAITING************

Write the data to file:134217728 bytes
***********WAITING************

Write the data to file:134217728 bytes
***********WAITING************

Write the data to file:134217728 bytes
***********WAITING************

Write the data to file:134217728 bytes
***********WAITING************

Write the data to file:134217728 bytes
***********WAITING************

Write the data to file:134217728 bytes
***********WAITING************

Write the data to file:134217728 bytes
***********WAITING************

Write the data to file:134217728 bytes
***********WAITING************

Write the data to file:134217728 bytes
***********WAITING************

Write the data to file:134217728 bytes
***********WAITING************

Write the data to file:134217728 bytes
***********WAITING************

Write the data to file:134217728 bytes
***********WAITING************

Write the data to file:134217728 bytes
***********WAITING************

Write the data to file:134217728 bytes
***********WAITING************

Write the data to file:134217728 bytes
***********WAITING************

Write the data to file:134217728 bytes
***********WAITING************

Write the data to file:134217728 bytes
***********WAITING************

Write the data to file:134217728 bytes
***********WAITING************

Write the data to file:134217728 bytes
***********WAITING************

Write the data to file:134217728 bytes
***********WAITING************

Write the data to file:134217728 bytes
***********WAITING************

Write the data to file:134217728 bytes
***********WAITING************

Write the data to file:134217728 bytes
***********WAITING************

Write the data to file:134217728 bytes
***********WAITING************

Write the data to file:134217728 bytes
***********WAITING************

Write the data to file:134217728 bytes
***********WAITING************

Write the data to file:134217728 bytes
***********WAITING************

Write the data to file:134217728 bytes
***********WAITING************

Write the data to file:134217728 bytes
***********WAITING************

Write the data to file:134217728 bytes
***********WAITING************

Write the data to file:134217728 bytes
***********WAITING************

Write the data to file:134217728 bytes
***********WAITING************

Write the data to file:134217728 bytes
***********WAITING************

Write the data to file:134217728 bytes
***********WAITING************

Write the data to file:134217728 bytes
***********WAITING************

Write the data to file:134217728 bytes
***********WAITING************

Write the data to file:134217728 bytes
***********WAITING************

Write the data to file:134217728 bytes
***********WAITING************

Write the data to file:134217728 bytes
***********WAITING************

Write the data to file:134217728 bytes
***********WAITING************

Write the data to file:134217728 bytes
***********WAITING************

Write the data to file:134217728 bytes
***********WAITING************

Write the data to file:134217728 bytes
***********WAITING************

Write the data to file:134217728 bytes
***********WAITING************

Write the data to file:134217728 bytes
***********WAITING************

Write the data to file:134217728 bytes
***********WAITING************

Write the data to file:134217728 bytes
***********WAITING************

Write the data to file:134217728 bytes
***********WAITING************

Write the data to file:134217728 bytes
***********WAITING************

Write the data to file:134217728 bytes
***********WAITING************

Write the data to file:134217728 bytes
***********WAITING************

Write the data to file:134217728 bytes
***********WAITING************

Write the data to file:134217728 bytes
***********WAITING************

Write the data to file:134217728 bytes
***********WAITING************

Write the data to file:134217728 bytes
***********WAITING************

Write the data to file:134217728 bytes
***********WAITING************

Write the data to file:134217728 bytes
***********WAITING************

Write the data to file:134217728 bytes
***********WAITING************

Write the data to file:134217728 bytes
***********WAITING************

Write the data to file:134217728 bytes
***********WAITING************

Write the data to file:134217728 bytes
***********WAITING************

Write the data to file:134217728 bytes
***********WAITING************

Write the data to file:134217728 bytes
***********WAITING************

Write the data to file:134217728 bytes
***********WAITING************

Write the data to file:134217728 bytes
***********WAITING************

Write the data to file:134217728 bytes
***********WAITING************

Write the data to file:134217728 bytes
***********WAITING************

Write the data to file:134217728 bytes
***********WAITING************

Write the data to file:134217728 bytes
***********WAITING************

Write the data to file:134217728 bytes
***********WAITING************

Write the data to file:134217728 bytes
***********WAITING************

Write the data to file:134217728 bytes
***********WAITING************

Write the data to file:134217728 bytes
***********WAITING************

Write the data to file:134217728 bytes
***********WAITING************

Write the data to file:134217728 bytes
***********WAITING************

Write the data to file:134217728 bytes
***********WAITING************

Write the data to file:134217728 bytes
***********WAITING************

Write the data to file:134217728 bytes
***********WAITING************

Write the data to file:134217728 bytes
***********WAITING************

Write the data to file:134217728 bytes
***********WAITING************

Write the data to file:134217728 bytes
***********WAITING************

Write the data to file:134217728 bytes
***********WAITING************

Write the data to file:134217728 bytes
***********WAITING************

Write the data to file:134217728 bytes
***********WAITING************

Write the data to file:134217728 bytes
***********WAITING************

Write the data to file:134217728 bytes
***********WAITING************

Write the data to file:134217728 bytes
***********WAITING************

Write the data to file:134217728 bytes
***********WAITING************

Write the data to file:134217728 bytes
***********WAITING************

Write the data to file:134217728 bytes
***********WAITING************

Write the data to file:134217728 bytes
***********WAITING************

Write the data to file:134217728 bytes
***********WAITING************

Write the data to file:134217728 bytes
***********WAITING************

Write the data to file:134217728 bytes
***********WAITING************

Write the data to file:134217728 bytes
***********WAITING************

Write the data to file:134217728 bytes
***********WAITING************

Write the data to file:134217728 bytes
***********WAITING************

Write the data to file:134217728 bytes
***********WAITING************

Write the data to file:134217728 bytes
***********WAITING************

Write the data to file:134217728 bytes
***********WAITING************

Write the data to file:134217728 bytes
***********WAITING************

Write the data to file:134217728 bytes
***********WAITING************

Write the data to file:134217728 bytes
***********WAITING************

Write the data to file:134217728 bytes
***********WAITING************

Write the data to file:134217728 bytes
***********WAITING************

Write the data to file:134217728 bytes
***********WAITING************

Write the data to file:134217728 bytes
***********WAITING************

Write the data to file:134217728 bytes
***********WAITING************

Write the data to file:134217728 bytes
***********WAITING************
S_cc         1.56   [      1.56:      1.57]
S_bw         0.71   [      0.71:      0.71]
S_w         33.06   [     33.06:     33.06]
          -------
S_total     35.34   [     35.34:     35.35]

build_S done
calc_W
nr_of_strided_rec: 128
nr_doubles: 16384
build_S done
calc_W
nr_of_strided_rec: 128
nr_doubles: 16384
build_S done
calc_W
nr_of_strided_rec: 128
nr_doubles: 16384
build_S done
calc_W
nr_of_strided_rec: 128
nr_doubles: 16384
nr_of_strided_rec: 128
nr_doubles: 16384
nr_of_strided_rec: 128
nr_doubles: 16384
nr_of_strided_rec: 128
nr_doubles: 16384
nr_of_strided_rec: 128
nr_doubles: 16384

Write the data to file:134217728 bytes
***********WAITING************

Write the data to file:134217728 bytes
***********WAITING************

Write the data to file:134217728 bytes
***********WAITING************

Write the data to file:134217728 bytes
***********WAITING************
nr_of_strided_rec: 128
nr_doubles: 16384
nr_of_strided_rec: 128
nr_doubles: 16384
nr_of_strided_rec: 128
nr_doubles: 16384
nr_of_strided_rec: 128
nr_doubles: 16384

Write the data to file:134217728 bytes
***********WAITING************

Write the data to file:134217728 bytes
***********WAITING************

Write the data to file:134217728 bytes
***********WAITING************

Write the data to file:134217728 bytes
***********WAITING************
nr_of_strided_rec: 128
nr_doubles: 16384
nr_of_strided_rec: 128
nr_doubles: 16384
nr_of_strided_rec: 128
nr_doubles: 16384
nr_of_strided_rec: 128
nr_doubles: 16384

Write the data to file:134217728 bytes
***********WAITING************

Write the data to file:134217728 bytes
***********WAITING************

Write the data to file:134217728 bytes
***********WAITING************

Write the data to file:134217728 bytes
***********WAITING************
nr_of_strided_rec: 128
nr_doubles: 16384
nr_of_strided_rec: 128
nr_doubles: 16384
nr_of_strided_rec: 128
nr_doubles: 16384
nr_of_strided_rec: 128
nr_doubles: 16384

Write the data to file:134217728 bytes
***********WAITING************

Write the data to file:134217728 bytes
***********WAITING************

Write the data to file:134217728 bytes
***********WAITING************

Write the data to file:134217728 bytes
***********WAITING************
nr_of_strided_rec: 128
nr_doubles: 16384
nr_of_strided_rec: 128
nr_doubles: 16384
nr_of_strided_rec: 128
nr_doubles: 16384
nr_of_strided_rec: 128
nr_doubles: 16384

Write the data to file:134217728 bytes
***********WAITING************

Write the data to file:134217728 bytes
***********WAITING************

Write the data to file:134217728 bytes
***********WAITING************

Write the data to file:134217728 bytes
***********WAITING************
nr_of_strided_rec: 128
nr_doubles: 16384
nr_of_strided_rec: 128
nr_doubles: 16384
nr_of_strided_rec: 128
nr_doubles: 16384
nr_of_strided_rec: 128
nr_doubles: 16384

Write the data to file:134217728 bytes
***********WAITING************

Write the data to file:134217728 bytes
***********WAITING************

Write the data to file:134217728 bytes
***********WAITING************

Write the data to file:134217728 bytes
***********WAITING************
nr_of_strided_rec: 128
nr_doubles: 16384
nr_of_strided_rec: 128
nr_doubles: 16384
nr_of_strided_rec: 128
nr_doubles: 16384
nr_of_strided_rec: 128
nr_doubles: 16384

Write the data to file:134217728 bytes
***********WAITING************

Write the data to file:134217728 bytes
***********WAITING************

Write the data to file:134217728 bytes
***********WAITING************

Write the data to file:134217728 bytes
***********WAITING************
nr_of_strided_rec: 128
nr_doubles: 16384
nr_of_strided_rec: 128
nr_doubles: 16384
nr_of_strided_rec: 128
nr_doubles: 16384
nr_of_strided_rec: 128
nr_doubles: 16384

Write the data to file:134217728 bytes
***********WAITING************

Write the data to file:134217728 bytes
***********WAITING************

Write the data to file:134217728 bytes
***********WAITING************

Write the data to file:134217728 bytes
***********WAITING************
nr_of_strided_rec: 128
nr_doubles: 16384
nr_of_strided_rec: 128
nr_doubles: 16384
nr_of_strided_rec: 128
nr_doubles: 16384
nr_of_strided_rec: 128
nr_doubles: 16384

Write the data to file:134217728 bytes
***********WAITING************

Write the data to file:134217728 bytes
***********WAITING************

Write the data to file:134217728 bytes
***********WAITING************

Write the data to file:134217728 bytes
***********WAITING************
nr_of_strided_rec: 128
nr_doubles: 16384
nr_of_strided_rec: 128
nr_doubles: 16384
nr_of_strided_rec: 128
nr_doubles: 16384
nr_of_strided_rec: 128
nr_doubles: 16384

Write the data to file:134217728 bytes
***********WAITING************

Write the data to file:134217728 bytes
***********WAITING************

Write the data to file:134217728 bytes
***********WAITING************

Write the data to file:134217728 bytes
***********WAITING************
nr_of_strided_rec: 128
nr_doubles: 16384
nr_of_strided_rec: 128
nr_doubles: 16384
nr_of_strided_rec: 128
nr_doubles: 16384
nr_of_strided_rec: 128
nr_doubles: 16384

Write the data to file:134217728 bytes
***********WAITING************

Write the data to file:134217728 bytes
***********WAITING************

Write the data to file:134217728 bytes
***********WAITING************

Write the data to file:134217728 bytes
***********WAITING************
nr_of_strided_rec: 128
nr_doubles: 16384
nr_of_strided_rec: 128
nr_doubles: 16384
nr_of_strided_rec: 128
nr_doubles: 16384
nr_of_strided_rec: 128
nr_doubles: 16384

Write the data to file:134217728 bytes
***********WAITING************

Write the data to file:134217728 bytes
***********WAITING************

Write the data to file:134217728 bytes
***********WAITING************

Write the data to file:134217728 bytes
***********WAITING************
nr_of_strided_rec: 128
nr_doubles: 16384
nr_of_strided_rec: 128
nr_doubles: 16384
nr_of_strided_rec: 128
nr_doubles: 16384
nr_of_strided_rec: 128
nr_doubles: 16384

Write the data to file:134217728 bytes
***********WAITING************

Write the data to file:134217728 bytes
***********WAITING************

Write the data to file:134217728 bytes
***********WAITING************

Write the data to file:134217728 bytes
***********WAITING************
nr_of_strided_rec: 128
nr_doubles: 16384
nr_of_strided_rec: 128
nr_doubles: 16384
nr_of_strided_rec: 128
nr_doubles: 16384
nr_of_strided_rec: 128
nr_doubles: 16384

Write the data to file:134217728 bytes
***********WAITING************

Write the data to file:134217728 bytes
***********WAITING************

Write the data to file:134217728 bytes
***********WAITING************

Write the data to file:134217728 bytes
***********WAITING************
nr_of_strided_rec: 128
nr_doubles: 16384
nr_of_strided_rec: 128
nr_doubles: 16384
nr_of_strided_rec: 128
nr_doubles: 16384
nr_of_strided_rec: 128
nr_doubles: 16384

Write the data to file:134217728 bytes
***********WAITING************

Write the data to file:134217728 bytes
***********WAITING************

Write the data to file:134217728 bytes
***********WAITING************

Write the data to file:134217728 bytes
***********WAITING************
nr_of_strided_rec: 128
nr_doubles: 16384
nr_of_strided_rec: 128
nr_doubles: 16384
nr_of_strided_rec: 128
nr_doubles: 16384
nr_of_strided_rec: 128
nr_doubles: 16384

Write the data to file:134217728 bytes
***********WAITING************

Write the data to file:134217728 bytes
***********WAITING************

Write the data to file:134217728 bytes
***********WAITING************

Write the data to file:134217728 bytes
***********WAITING************
nr_of_strided_rec: 128
nr_doubles: 16384
nr_of_strided_rec: 128
nr_doubles: 16384
nr_of_strided_rec: 128
nr_doubles: 16384
nr_of_strided_rec: 128
nr_doubles: 16384

Write the data to file:134217728 bytes
***********WAITING************

Write the data to file:134217728 bytes
***********WAITING************

Write the data to file:134217728 bytes
***********WAITING************

Write the data to file:134217728 bytes
***********WAITING************
nr_of_strided_rec: 128
nr_doubles: 16384
nr_of_strided_rec: 128
nr_doubles: 16384
nr_of_strided_rec: 128
nr_doubles: 16384
nr_of_strided_rec: 128
nr_doubles: 16384

Write the data to file:134217728 bytes
***********WAITING************

Write the data to file:134217728 bytes
***********WAITING************

Write the data to file:134217728 bytes
***********WAITING************

Write the data to file:134217728 bytes
***********WAITING************
nr_of_strided_rec: 128
nr_doubles: 16384
nr_of_strided_rec: 128
nr_doubles: 16384
nr_of_strided_rec: 128
nr_doubles: 16384
nr_of_strided_rec: 128
nr_doubles: 16384

Write the data to file:134217728 bytes
***********WAITING************

Write the data to file:134217728 bytes
***********WAITING************

Write the data to file:134217728 bytes
***********WAITING************

Write the data to file:134217728 bytes
***********WAITING************
nr_of_strided_rec: 128
nr_doubles: 16384
nr_of_strided_rec: 128
nr_doubles: 16384
nr_of_strided_rec: 128
nr_doubles: 16384
nr_of_strided_rec: 128
nr_doubles: 16384

Write the data to file:134217728 bytes
***********WAITING************

Write the data to file:134217728 bytes
***********WAITING************

Write the data to file:134217728 bytes
***********WAITING************

Write the data to file:134217728 bytes
***********WAITING************
nr_of_strided_rec: 128
nr_doubles: 16384
nr_of_strided_rec: 128
nr_doubles: 16384
nr_of_strided_rec: 128
nr_doubles: 16384
nr_of_strided_rec: 128
nr_doubles: 16384

Write the data to file:134217728 bytes
***********WAITING************

Write the data to file:134217728 bytes
***********WAITING************

Write the data to file:134217728 bytes
***********WAITING************

Write the data to file:134217728 bytes
***********WAITING************
nr_of_strided_rec: 128
nr_doubles: 16384
nr_of_strided_rec: 128
nr_doubles: 16384
nr_of_strided_rec: 128
nr_doubles: 16384
nr_of_strided_rec: 128
nr_doubles: 16384

Write the data to file:134217728 bytes
***********WAITING************

Write the data to file:134217728 bytes
***********WAITING************

Write the data to file:134217728 bytes
***********WAITING************

Write the data to file:134217728 bytes
***********WAITING************
nr_of_strided_rec: 128
nr_doubles: 16384
nr_of_strided_rec: 128
nr_doubles: 16384
nr_of_strided_rec: 128
nr_doubles: 16384
nr_of_strided_rec: 128
nr_doubles: 16384

Write the data to file:134217728 bytes
***********WAITING************

Write the data to file:134217728 bytes
***********WAITING************

Write the data to file:134217728 bytes
***********WAITING************

Write the data to file:134217728 bytes
***********WAITING************
nr_of_strided_rec: 128
nr_doubles: 16384
nr_of_strided_rec: 128
nr_doubles: 16384
nr_of_strided_rec: 128
nr_doubles: 16384
nr_of_strided_rec: 128
nr_doubles: 16384

Write the data to file:134217728 bytes
***********WAITING************

Write the data to file:134217728 bytes
***********WAITING************

Write the data to file:134217728 bytes
***********WAITING************

Write the data to file:134217728 bytes
***********WAITING************
nr_of_strided_rec: 128
nr_doubles: 16384
nr_of_strided_rec: 128
nr_doubles: 16384
nr_of_strided_rec: 128
nr_doubles: 16384
nr_of_strided_rec: 128
nr_doubles: 16384

Write the data to file:134217728 bytes
***********WAITING************

Write the data to file:134217728 bytes
***********WAITING************

Write the data to file:134217728 bytes
***********WAITING************

Write the data to file:134217728 bytes
***********WAITING************
nr_of_strided_rec: 128
nr_doubles: 16384
nr_of_strided_rec: 128
nr_doubles: 16384
nr_of_strided_rec: 128
nr_doubles: 16384
nr_of_strided_rec: 128
nr_doubles: 16384

Write the data to file:134217728 bytes
***********WAITING************

Write the data to file:134217728 bytes
***********WAITING************

Write the data to file:134217728 bytes
***********WAITING************

Write the data to file:134217728 bytes
***********WAITING************
nr_of_strided_rec: 128
nr_doubles: 16384
nr_of_strided_rec: 128
nr_doubles: 16384
nr_of_strided_rec: 128
nr_doubles: 16384
nr_of_strided_rec: 128
nr_doubles: 16384

Write the data to file:134217728 bytes
***********WAITING************

Write the data to file:134217728 bytes
***********WAITING************

Write the data to file:134217728 bytes
***********WAITING************

Write the data to file:134217728 bytes
***********WAITING************
nr_of_strided_rec: 128
nr_doubles: 16384
nr_of_strided_rec: 128
nr_doubles: 16384
nr_of_strided_rec: 128
nr_doubles: 16384
nr_of_strided_rec: 128
nr_doubles: 16384

Write the data to file:134217728 bytes
***********WAITING************

Write the data to file:134217728 bytes
***********WAITING************

Write the data to file:134217728 bytes
***********WAITING************

Write the data to file:134217728 bytes
***********WAITING************
nr_of_strided_rec: 128
nr_doubles: 16384
nr_of_strided_rec: 128
nr_doubles: 16384
nr_of_strided_rec: 128
nr_doubles: 16384
nr_of_strided_rec: 128
nr_doubles: 16384

Write the data to file:134217728 bytes
***********WAITING************

Write the data to file:134217728 bytes
***********WAITING************

Write the data to file:134217728 bytes
***********WAITING************

Write the data to file:134217728 bytes
***********WAITING************

Write the data to file:134217728 bytes
***********WAITING************

Write the data to file:134217728 bytes
***********WAITING************

Write the data to file:134217728 bytes
***********WAITING************

Write the data to file:134217728 bytes
***********WAITING************
W_cc         3.84   [      3.84:      3.85]
W_r         43.59   [     43.59:     43.59]
W_w         27.38   [     27.38:     27.38]
          -------
W_total     74.82   [     74.81:     74.82]

calc_W done
calc_W done
calc_W done
calc_W done
nr_of_strided_rec: 128
nr_doubles: 16384
nr_of_strided_rec: 128
nr_doubles: 16384
nr_of_strided_rec: 128
nr_doubles: 16384
nr_of_strided_rec: 128
nr_doubles: 16384
nr_of_strided_rec: 128
nr_doubles: 16384
nr_of_strided_rec: 128
nr_doubles: 16384
nr_of_strided_rec: 128
nr_doubles: 16384
nr_of_strided_rec: 128
nr_doubles: 16384
nr_of_strided_rec: 128
nr_doubles: 16384
nr_of_strided_rec: 128
nr_doubles: 16384
nr_of_strided_rec: 128
nr_doubles: 16384
nr_of_strided_rec: 128
nr_doubles: 16384
nr_of_strided_rec: 128
nr_doubles: 16384
nr_of_strided_rec: 128
nr_doubles: 16384
nr_of_strided_rec: 128
nr_doubles: 16384
nr_of_strided_rec: 128
nr_doubles: 16384
nr_of_strided_rec: 128
nr_doubles: 16384
nr_of_strided_rec: 128
nr_doubles: 16384
nr_of_strided_rec: 128
nr_doubles: 16384
nr_of_strided_rec: 128
nr_doubles: 16384
nr_of_strided_rec: 128
nr_doubles: 16384
nr_of_strided_rec: 128
nr_doubles: 16384
nr_of_strided_rec: 128
nr_doubles: 16384
nr_of_strided_rec: 128
nr_doubles: 16384
nr_of_strided_rec: 128
nr_doubles: 16384
nr_of_strided_rec: 128
nr_doubles: 16384
nr_of_strided_rec: 128
nr_doubles: 16384
nr_of_strided_rec: 128
nr_doubles: 16384
nr_of_strided_rec: 128
nr_doubles: 16384
nr_of_strided_rec: 128
nr_doubles: 16384
nr_of_strided_rec: 128
nr_doubles: 16384
nr_of_strided_rec: 128
nr_doubles: 16384
nr_of_strided_rec: 128
nr_doubles: 16384
nr_of_strided_rec: 128
nr_doubles: 16384
nr_of_strided_rec: 128
nr_doubles: 16384
nr_of_strided_rec: 128
nr_doubles: 16384
nr_of_strided_rec: 128
nr_doubles: 16384
nr_of_strided_rec: 128
nr_doubles: 16384
nr_of_strided_rec: 128
nr_doubles: 16384
nr_of_strided_rec: 128
nr_doubles: 16384
nr_of_strided_rec: 128
nr_doubles: 16384
nr_of_strided_rec: 128
nr_doubles: 16384
nr_of_strided_rec: 128
nr_doubles: 16384
nr_of_strided_rec: 128
nr_doubles: 16384
nr_of_strided_rec: 128
nr_doubles: 16384
nr_of_strided_rec: 128
nr_doubles: 16384
nr_of_strided_rec: 128
nr_doubles: 16384
nr_of_strided_rec: 128
nr_doubles: 16384
nr_of_strided_rec: 128
nr_doubles: 16384
nr_of_strided_rec: 128
nr_doubles: 16384
nr_of_strided_rec: 128
nr_doubles: 16384
nr_of_strided_rec: 128
nr_doubles: 16384
nr_of_strided_rec: 128
nr_doubles: 16384
nr_of_strided_rec: 128
nr_doubles: 16384
nr_of_strided_rec: 128
nr_doubles: 16384
nr_of_strided_rec: 128
nr_doubles: 16384
nr_of_strided_rec: 128
nr_doubles: 16384
nr_of_strided_rec: 128
nr_doubles: 16384
nr_of_strided_rec: 128
nr_doubles: 16384
nr_of_strided_rec: 128
nr_doubles: 16384
nr_of_strided_rec: 128
nr_doubles: 16384
nr_of_strided_rec: 128
nr_doubles: 16384
nr_of_strided_rec: 128
nr_doubles: 16384
nr_of_strided_rec: 128
nr_doubles: 16384
nr_of_strided_rec: 128
nr_doubles: 16384
nr_of_strided_rec: 128
nr_doubles: 16384
nr_of_strided_rec: 128
nr_doubles: 16384
nr_of_strided_rec: 128
nr_doubles: 16384
nr_of_strided_rec: 128
nr_doubles: 16384
nr_of_strided_rec: 128
nr_doubles: 16384
nr_of_strided_rec: 128
nr_doubles: 16384
nr_of_strided_rec: 128
nr_doubles: 16384
nr_of_strided_rec: 128
nr_doubles: 16384
nr_of_strided_rec: 128
nr_doubles: 16384
nr_of_strided_rec: 128
nr_doubles: 16384
nr_of_strided_rec: 128
nr_doubles: 16384
nr_of_strided_rec: 128
nr_doubles: 16384
nr_of_strided_rec: 128
nr_doubles: 16384
nr_of_strided_rec: 128
nr_doubles: 16384
nr_of_strided_rec: 128
nr_doubles: 16384
nr_of_strided_rec: 128
nr_doubles: 16384
nr_of_strided_rec: 128
nr_doubles: 16384
nr_of_strided_rec: 128
nr_doubles: 16384
nr_of_strided_rec: 128
nr_doubles: 16384
nr_of_strided_rec: 128
nr_doubles: 16384
nr_of_strided_rec: 128
nr_doubles: 16384
nr_of_strided_rec: 128
nr_doubles: 16384
nr_of_strided_rec: 128
nr_doubles: 16384
nr_of_strided_rec: 128
nr_doubles: 16384
nr_of_strided_rec: 128
nr_doubles: 16384
nr_of_strided_rec: 128
nr_doubles: 16384
nr_of_strided_rec: 128
nr_doubles: 16384
nr_of_strided_rec: 128
nr_doubles: 16384
nr_of_strided_rec: 128
nr_doubles: 16384
nr_of_strided_rec: 128
nr_doubles: 16384
nr_of_strided_rec: 128
nr_doubles: 16384
nr_of_strided_rec: 128
nr_doubles: 16384
nr_of_strided_rec: 128
nr_doubles: 16384
nr_of_strided_rec: 128
nr_doubles: 16384
nr_of_strided_rec: 128
nr_doubles: 16384
nr_of_strided_rec: 128
nr_doubles: 16384
nr_of_strided_rec: 128
nr_doubles: 16384
nr_of_strided_rec: 128
nr_doubles: 16384
nr_of_strided_rec: 128
nr_doubles: 16384
nr_of_strided_rec: 128
nr_doubles: 16384
nr_of_strided_rec: 128
nr_doubles: 16384
nr_of_strided_rec: 128
nr_doubles: 16384
nr_of_strided_rec: 128
nr_doubles: 16384
nr_of_strided_rec: 128
nr_doubles: 16384
nr_of_strided_rec: 128
nr_doubles: 16384
nr_of_strided_rec: 128
nr_doubles: 16384
nr_of_strided_rec: 128
nr_doubles: 16384
nr_of_strided_rec: 128
nr_doubles: 16384
nr_of_strided_rec: 128
nr_doubles: 16384
nr_of_strided_rec: 128
nr_doubles: 16384
nr_of_strided_rec: 128
nr_doubles: 16384
nr_of_strided_rec: 128
nr_doubles: 16384
nr_of_strided_rec: 128
nr_doubles: 16384
nr_of_strided_rec: 128
nr_doubles: 16384
nr_of_strided_rec: 128
nr_doubles: 16384
C_cc         1.99   [      1.98:      1.99]
C_bw         0.76   [      0.76:      0.76]
C_r         36.93   [     36.93:     36.93]
          -------
C_total     39.68   [     39.67:     39.68]


dC[0] = 0.00000e+00
fclose PID:29783 fd:8
fclose PID:29781 fd:12
fclose PID:29784 fd:8
fclose PID:29782 fd:10
READAHEAD_TIME:15717232.000000 us
MaxRSS= 534744 KB, SharedMem= 0 KB, HardPageFault= 14
READAHEAD_TIME:14370047.000000 us
MaxRSS= 535020 KB, SharedMem= 0 KB, HardPageFault= 14
READAHEAD_TIME:15223338.000000 us
MaxRSS= 534828 KB, SharedMem= 0 KB, HardPageFault= 12
READAHEAD_TIME:15742969.000000 us
MaxRSS= 534796 KB, SharedMem= 0 KB, HardPageFault= 11
fclose PID:29780 fd:0
fclose PID:29780 fd:6
fclose PID:29780 fd:6
fclose PID:29780 fd:0
READAHEAD_TIME:0.000000 us
MaxRSS= 5468 KB, SharedMem= 0 KB, HardPageFault= 2
fclose PID:29779 fd:3
fclose PID:29779 fd:4
fclose PID:29779 fd:4
fclose PID:29779 fd:3
READAHEAD_TIME:0.000000 us
MaxRSS= 4920 KB, SharedMem= 0 KB, HardPageFault= 4
	Command being timed: "mpiexec -n 4 ./MADbench2_io 8192 30 1 8 64 1 1 131072 7 1"
	User time (seconds): 73.88
	System time (seconds): 61.99
	Percent of CPU this job got: 90%
	Elapsed (wall clock) time (h:mm:ss or m:ss): 2:30.20
	Average shared text size (kbytes): 0
	Average unshared data size (kbytes): 0
	Average stack size (kbytes): 0
	Average total size (kbytes): 0
	Maximum resident set size (kbytes): 535020
	Average resident set size (kbytes): 0
	Major (requiring I/O) page faults: 58
	Minor (reclaiming a frame) page faults: 3482640
	Voluntary context switches: 42628
	Involuntary context switches: 1479
	Swaps: 0
	File system inputs: 62341008
	File system outputs: 62914656
	Socket messages sent: 0
	Socket messages received: 0
	Signals delivered: 0
	Page size (bytes): 4096
	Exit status: 0
READAHEAD_TIME:0.000000 us
MaxRSS= 2180 KB, SharedMem= 0 KB, HardPageFault= 0
*******************DMESG OUTPUT******************
