fclose PID:35468 fd:3
fclose PID:35468 fd:4
fclose PID:35468 fd:4
fclose PID:35468 fd:3
available: 2 nodes (0-1)
fclose PID:35468 fd:3
node 0 cpus:fclose PID:35468 fd:3
 0 1 2 3 4 5 6 7 8 9 20 21 22 23 24 25 26 27 28 29
node 0 size: 80440 MB
node 0 free: 80120 MB
fclose PID:35468 fd:3
node 1 cpus:fclose PID:35468 fd:3
 10 11 12 13 14 15 16 17 18 19 30 31 32 33 34 35 36 37 38 39
node 1 size: 80635 MB
node 1 free: 80370 MB
fclose PID:35468 fd:3
fclose PID:35468 fd:3
node distances:
node   0   1 
  0:  10  21 
  1:  21  10 
READAHEAD_TIME:0.000000 us
MaxRSS= 2228 KB, SharedMem= 0 KB, HardPageFault= 10
fclose PID:35483 fd:8
fclose PID:35484 fd:8
fclose PID:35473 fd:12
fclose PID:35479 fd:8
fclose PID:35475 fd:8
fclose PID:35480 fd:8
fclose PID:35477 fd:8
fclose PID:35487 fd:8
fclose PID:35482 fd:8
fclose PID:35485 fd:8
fclose PID:35474 fd:10
fclose PID:35481 fd:8
fclose PID:35478 fd:8
fclose PID:35488 fd:8
fclose PID:35476 fd:8
fclose PID:35486 fd:8

MADbench 2.0 IO-mode
no_pe = 16  no_pix = 4096  no_bin = 30  no_gang = 1 sblocksize = 8  fblocksize = 64  r_mod = 1  w_mod = 1 record_size=4096 stride=7


IOMETHOD = POSIX  IOMODE = SYNC  FILETYPE = UNIQUE  REMAP = CUSTOMbuild_S
build_S
build_S
build_S
build_S
build_S
build_S
build_S
build_S
build_S
build_S
build_S
build_S
build_S
build_S
build_S

Write the data to file:8388608 bytes
***********WAITING************

Write the data to file:8388608 bytes
***********WAITING************

Write the data to file:8388608 bytes
***********WAITING************

Write the data to file:8388608 bytes
***********WAITING************

Write the data to file:8388608 bytes
***********WAITING************

Write the data to file:8388608 bytes
***********WAITING************

Write the data to file:8388608 bytes
***********WAITING************

Write the data to file:8388608 bytes
***********WAITING************

Write the data to file:8388608 bytes
***********WAITING************

Write the data to file:8388608 bytes
***********WAITING************

Write the data to file:8388608 bytes
***********WAITING************

Write the data to file:8388608 bytes
***********WAITING************

Write the data to file:8388608 bytes
***********WAITING************

Write the data to file:8388608 bytes
***********WAITING************

Write the data to file:8388608 bytes
***********WAITING************

Write the data to file:8388608 bytes
***********WAITING************

Write the data to file:8388608 bytes
***********WAITING************

Write the data to file:8388608 bytes
***********WAITING************

Write the data to file:8388608 bytes
***********WAITING************

Write the data to file:8388608 bytes
***********WAITING************

Write the data to file:8388608 bytes
***********WAITING************

Write the data to file:8388608 bytes
***********WAITING************

Write the data to file:8388608 bytes
***********WAITING************

Write the data to file:8388608 bytes
***********WAITING************

Write the data to file:8388608 bytes
***********WAITING************

Write the data to file:8388608 bytes
***********WAITING************

Write the data to file:8388608 bytes
***********WAITING************

Write the data to file:8388608 bytes
***********WAITING************

Write the data to file:8388608 bytes
***********WAITING************

Write the data to file:8388608 bytes
***********WAITING************

Write the data to file:8388608 bytes
***********WAITING************

Write the data to file:8388608 bytes
***********WAITING************

Write the data to file:8388608 bytes
***********WAITING************

Write the data to file:8388608 bytes
***********WAITING************

Write the data to file:8388608 bytes
***********WAITING************

Write the data to file:8388608 bytes
***********WAITING************

Write the data to file:8388608 bytes
***********WAITING************

Write the data to file:8388608 bytes
***********WAITING************

Write the data to file:8388608 bytes
***********WAITING************

Write the data to file:8388608 bytes
***********WAITING************

Write the data to file:8388608 bytes
***********WAITING************

Write the data to file:8388608 bytes
***********WAITING************

Write the data to file:8388608 bytes
***********WAITING************

Write the data to file:8388608 bytes
***********WAITING************

Write the data to file:8388608 bytes
***********WAITING************

Write the data to file:8388608 bytes
***********WAITING************

Write the data to file:8388608 bytes
***********WAITING************

Write the data to file:8388608 bytes
***********WAITING************

Write the data to file:8388608 bytes
***********WAITING************

Write the data to file:8388608 bytes
***********WAITING************

Write the data to file:8388608 bytes
***********WAITING************

Write the data to file:8388608 bytes
***********WAITING************

Write the data to file:8388608 bytes
***********WAITING************

Write the data to file:8388608 bytes
***********WAITING************

Write the data to file:8388608 bytes
***********WAITING************

Write the data to file:8388608 bytes
***********WAITING************

Write the data to file:8388608 bytes
***********WAITING************

Write the data to file:8388608 bytes
***********WAITING************

Write the data to file:8388608 bytes
***********WAITING************

Write the data to file:8388608 bytes
***********WAITING************

Write the data to file:8388608 bytes
***********WAITING************

Write the data to file:8388608 bytes
***********WAITING************

Write the data to file:8388608 bytes
***********WAITING************

Write the data to file:8388608 bytes
***********WAITING************

Write the data to file:8388608 bytes
***********WAITING************

Write the data to file:8388608 bytes
***********WAITING************

Write the data to file:8388608 bytes
***********WAITING************

Write the data to file:8388608 bytes
***********WAITING************

Write the data to file:8388608 bytes
***********WAITING************

Write the data to file:8388608 bytes
***********WAITING************

Write the data to file:8388608 bytes
***********WAITING************

Write the data to file:8388608 bytes
***********WAITING************

Write the data to file:8388608 bytes
***********WAITING************

Write the data to file:8388608 bytes
***********WAITING************

Write the data to file:8388608 bytes
***********WAITING************

Write the data to file:8388608 bytes
***********WAITING************

Write the data to file:8388608 bytes
***********WAITING************

Write the data to file:8388608 bytes
***********WAITING************

Write the data to file:8388608 bytes
***********WAITING************

Write the data to file:8388608 bytes
***********WAITING************

Write the data to file:8388608 bytes
***********WAITING************

Write the data to file:8388608 bytes
***********WAITING************

Write the data to file:8388608 bytes
***********WAITING************

Write the data to file:8388608 bytes
***********WAITING************

Write the data to file:8388608 bytes
***********WAITING************

Write the data to file:8388608 bytes
***********WAITING************

Write the data to file:8388608 bytes
***********WAITING************

Write the data to file:8388608 bytes
***********WAITING************

Write the data to file:8388608 bytes
***********WAITING************

Write the data to file:8388608 bytes
***********WAITING************

Write the data to file:8388608 bytes
***********WAITING************

Write the data to file:8388608 bytes
***********WAITING************

Write the data to file:8388608 bytes
***********WAITING************

Write the data to file:8388608 bytes
***********WAITING************

Write the data to file:8388608 bytes
***********WAITING************

Write the data to file:8388608 bytes
***********WAITING************

Write the data to file:8388608 bytes
***********WAITING************

Write the data to file:8388608 bytes
***********WAITING************

Write the data to file:8388608 bytes
***********WAITING************

Write the data to file:8388608 bytes
***********WAITING************

Write the data to file:8388608 bytes
***********WAITING************

Write the data to file:8388608 bytes
***********WAITING************

Write the data to file:8388608 bytes
***********WAITING************

Write the data to file:8388608 bytes
***********WAITING************

Write the data to file:8388608 bytes
***********WAITING************

Write the data to file:8388608 bytes
***********WAITING************

Write the data to file:8388608 bytes
***********WAITING************

Write the data to file:8388608 bytes
***********WAITING************

Write the data to file:8388608 bytes
***********WAITING************

Write the data to file:8388608 bytes
***********WAITING************

Write the data to file:8388608 bytes
***********WAITING************

Write the data to file:8388608 bytes
***********WAITING************

Write the data to file:8388608 bytes
***********WAITING************

Write the data to file:8388608 bytes
***********WAITING************

Write the data to file:8388608 bytes
***********WAITING************

Write the data to file:8388608 bytes
***********WAITING************

Write the data to file:8388608 bytes
***********WAITING************

Write the data to file:8388608 bytes
***********WAITING************

Write the data to file:8388608 bytes
***********WAITING************

Write the data to file:8388608 bytes
***********WAITING************

Write the data to file:8388608 bytes
***********WAITING************

Write the data to file:8388608 bytes
***********WAITING************

Write the data to file:8388608 bytes
***********WAITING************

Write the data to file:8388608 bytes
***********WAITING************

Write the data to file:8388608 bytes
***********WAITING************

Write the data to file:8388608 bytes
***********WAITING************

Write the data to file:8388608 bytes
***********WAITING************

Write the data to file:8388608 bytes
***********WAITING************

Write the data to file:8388608 bytes
***********WAITING************

Write the data to file:8388608 bytes
***********WAITING************

Write the data to file:8388608 bytes
***********WAITING************

Write the data to file:8388608 bytes
***********WAITING************

Write the data to file:8388608 bytes
***********WAITING************

Write the data to file:8388608 bytes
***********WAITING************

Write the data to file:8388608 bytes
***********WAITING************

Write the data to file:8388608 bytes
***********WAITING************

Write the data to file:8388608 bytes
***********WAITING************

Write the data to file:8388608 bytes
***********WAITING************

Write the data to file:8388608 bytes
***********WAITING************

Write the data to file:8388608 bytes
***********WAITING************

Write the data to file:8388608 bytes
***********WAITING************

Write the data to file:8388608 bytes
***********WAITING************

Write the data to file:8388608 bytes
***********WAITING************

Write the data to file:8388608 bytes
***********WAITING************

Write the data to file:8388608 bytes
***********WAITING************

Write the data to file:8388608 bytes
***********WAITING************

Write the data to file:8388608 bytes
***********WAITING************

Write the data to file:8388608 bytes
***********WAITING************

Write the data to file:8388608 bytes
***********WAITING************

Write the data to file:8388608 bytes
***********WAITING************

Write the data to file:8388608 bytes
***********WAITING************

Write the data to file:8388608 bytes
***********WAITING************

Write the data to file:8388608 bytes
***********WAITING************

Write the data to file:8388608 bytes
***********WAITING************

Write the data to file:8388608 bytes
***********WAITING************

Write the data to file:8388608 bytes
***********WAITING************

Write the data to file:8388608 bytes
***********WAITING************

Write the data to file:8388608 bytes
***********WAITING************

Write the data to file:8388608 bytes
***********WAITING************

Write the data to file:8388608 bytes
***********WAITING************

Write the data to file:8388608 bytes
***********WAITING************

Write the data to file:8388608 bytes
***********WAITING************

Write the data to file:8388608 bytes
***********WAITING************

Write the data to file:8388608 bytes
***********WAITING************

Write the data to file:8388608 bytes
***********WAITING************

Write the data to file:8388608 bytes
***********WAITING************

Write the data to file:8388608 bytes
***********WAITING************

Write the data to file:8388608 bytes
***********WAITING************

Write the data to file:8388608 bytes
***********WAITING************

Write the data to file:8388608 bytes
***********WAITING************

Write the data to file:8388608 bytes
***********WAITING************

Write the data to file:8388608 bytes
***********WAITING************

Write the data to file:8388608 bytes
***********WAITING************

Write the data to file:8388608 bytes
***********WAITING************

Write the data to file:8388608 bytes
***********WAITING************

Write the data to file:8388608 bytes
***********WAITING************

Write the data to file:8388608 bytes
***********WAITING************

Write the data to file:8388608 bytes
***********WAITING************

Write the data to file:8388608 bytes
***********WAITING************

Write the data to file:8388608 bytes
***********WAITING************

Write the data to file:8388608 bytes
***********WAITING************

Write the data to file:8388608 bytes
***********WAITING************

Write the data to file:8388608 bytes
***********WAITING************

Write the data to file:8388608 bytes
***********WAITING************

Write the data to file:8388608 bytes
***********WAITING************

Write the data to file:8388608 bytes
***********WAITING************

Write the data to file:8388608 bytes
***********WAITING************

Write the data to file:8388608 bytes
***********WAITING************

Write the data to file:8388608 bytes
***********WAITING************

Write the data to file:8388608 bytes
***********WAITING************

Write the data to file:8388608 bytes
***********WAITING************

Write the data to file:8388608 bytes
***********WAITING************

Write the data to file:8388608 bytes
***********WAITING************

Write the data to file:8388608 bytes
***********WAITING************

Write the data to file:8388608 bytes
***********WAITING************

Write the data to file:8388608 bytes
***********WAITING************

Write the data to file:8388608 bytes
***********WAITING************

Write the data to file:8388608 bytes
***********WAITING************

Write the data to file:8388608 bytes
***********WAITING************

Write the data to file:8388608 bytes
***********WAITING************

Write the data to file:8388608 bytes
***********WAITING************

Write the data to file:8388608 bytes
***********WAITING************

Write the data to file:8388608 bytes
***********WAITING************

Write the data to file:8388608 bytes
***********WAITING************

Write the data to file:8388608 bytes
***********WAITING************

Write the data to file:8388608 bytes
***********WAITING************

Write the data to file:8388608 bytes
***********WAITING************

Write the data to file:8388608 bytes
***********WAITING************

Write the data to file:8388608 bytes
***********WAITING************

Write the data to file:8388608 bytes
***********WAITING************

Write the data to file:8388608 bytes
***********WAITING************

Write the data to file:8388608 bytes
***********WAITING************

Write the data to file:8388608 bytes
***********WAITING************

Write the data to file:8388608 bytes
***********WAITING************

Write the data to file:8388608 bytes
***********WAITING************

Write the data to file:8388608 bytes
***********WAITING************

Write the data to file:8388608 bytes
***********WAITING************

Write the data to file:8388608 bytes
***********WAITING************

Write the data to file:8388608 bytes
***********WAITING************

Write the data to file:8388608 bytes
***********WAITING************

Write the data to file:8388608 bytes
***********WAITING************

Write the data to file:8388608 bytes
***********WAITING************

Write the data to file:8388608 bytes
***********WAITING************

Write the data to file:8388608 bytes
***********WAITING************

Write the data to file:8388608 bytes
***********WAITING************

Write the data to file:8388608 bytes
***********WAITING************

Write the data to file:8388608 bytes
***********WAITING************

Write the data to file:8388608 bytes
***********WAITING************

Write the data to file:8388608 bytes
***********WAITING************

Write the data to file:8388608 bytes
***********WAITING************

Write the data to file:8388608 bytes
***********WAITING************

Write the data to file:8388608 bytes
***********WAITING************

Write the data to file:8388608 bytes
***********WAITING************

Write the data to file:8388608 bytes
***********WAITING************

Write the data to file:8388608 bytes
***********WAITING************

Write the data to file:8388608 bytes
***********WAITING************

Write the data to file:8388608 bytes
***********WAITING************

Write the data to file:8388608 bytes
***********WAITING************

Write the data to file:8388608 bytes
***********WAITING************

Write the data to file:8388608 bytes
***********WAITING************

Write the data to file:8388608 bytes
***********WAITING************

Write the data to file:8388608 bytes
***********WAITING************

Write the data to file:8388608 bytes
***********WAITING************

Write the data to file:8388608 bytes
***********WAITING************

Write the data to file:8388608 bytes
***********WAITING************

Write the data to file:8388608 bytes
***********WAITING************

Write the data to file:8388608 bytes
***********WAITING************

Write the data to file:8388608 bytes
***********WAITING************

Write the data to file:8388608 bytes
***********WAITING************

Write the data to file:8388608 bytes
***********WAITING************

Write the data to file:8388608 bytes
***********WAITING************

Write the data to file:8388608 bytes
***********WAITING************

Write the data to file:8388608 bytes
***********WAITING************

Write the data to file:8388608 bytes
***********WAITING************

Write the data to file:8388608 bytes
***********WAITING************

Write the data to file:8388608 bytes
***********WAITING************

Write the data to file:8388608 bytes
***********WAITING************

Write the data to file:8388608 bytes
***********WAITING************

Write the data to file:8388608 bytes
***********WAITING************

Write the data to file:8388608 bytes
***********WAITING************

Write the data to file:8388608 bytes
***********WAITING************

Write the data to file:8388608 bytes
***********WAITING************

Write the data to file:8388608 bytes
***********WAITING************

Write the data to file:8388608 bytes
***********WAITING************

Write the data to file:8388608 bytes
***********WAITING************

Write the data to file:8388608 bytes
***********WAITING************

Write the data to file:8388608 bytes
***********WAITING************

Write the data to file:8388608 bytes
***********WAITING************

Write the data to file:8388608 bytes
***********WAITING************

Write the data to file:8388608 bytes
***********WAITING************

Write the data to file:8388608 bytes
***********WAITING************

Write the data to file:8388608 bytes
***********WAITING************

Write the data to file:8388608 bytes
***********WAITING************

Write the data to file:8388608 bytes
***********WAITING************

Write the data to file:8388608 bytes
***********WAITING************

Write the data to file:8388608 bytes
***********WAITING************

Write the data to file:8388608 bytes
***********WAITING************

Write the data to file:8388608 bytes
***********WAITING************

Write the data to file:8388608 bytes
***********WAITING************

Write the data to file:8388608 bytes
***********WAITING************

Write the data to file:8388608 bytes
***********WAITING************

Write the data to file:8388608 bytes
***********WAITING************

Write the data to file:8388608 bytes
***********WAITING************

Write the data to file:8388608 bytes
***********WAITING************

Write the data to file:8388608 bytes
***********WAITING************

Write the data to file:8388608 bytes
***********WAITING************

Write the data to file:8388608 bytes
***********WAITING************

Write the data to file:8388608 bytes
***********WAITING************

Write the data to file:8388608 bytes
***********WAITING************

Write the data to file:8388608 bytes
***********WAITING************

Write the data to file:8388608 bytes
***********WAITING************

Write the data to file:8388608 bytes
***********WAITING************

Write the data to file:8388608 bytes
***********WAITING************

Write the data to file:8388608 bytes
***********WAITING************

Write the data to file:8388608 bytes
***********WAITING************

Write the data to file:8388608 bytes
***********WAITING************

Write the data to file:8388608 bytes
***********WAITING************

Write the data to file:8388608 bytes
***********WAITING************

Write the data to file:8388608 bytes
***********WAITING************

Write the data to file:8388608 bytes
***********WAITING************

Write the data to file:8388608 bytes
***********WAITING************

Write the data to file:8388608 bytes
***********WAITING************

Write the data to file:8388608 bytes
***********WAITING************

Write the data to file:8388608 bytes
***********WAITING************

Write the data to file:8388608 bytes
***********WAITING************

Write the data to file:8388608 bytes
***********WAITING************

Write the data to file:8388608 bytes
***********WAITING************

Write the data to file:8388608 bytes
***********WAITING************

Write the data to file:8388608 bytes
***********WAITING************

Write the data to file:8388608 bytes
***********WAITING************

Write the data to file:8388608 bytes
***********WAITING************

Write the data to file:8388608 bytes
***********WAITING************

Write the data to file:8388608 bytes
***********WAITING************

Write the data to file:8388608 bytes
***********WAITING************

Write the data to file:8388608 bytes
***********WAITING************

Write the data to file:8388608 bytes
***********WAITING************

Write the data to file:8388608 bytes
***********WAITING************

Write the data to file:8388608 bytes
***********WAITING************

Write the data to file:8388608 bytes
***********WAITING************

Write the data to file:8388608 bytes
***********WAITING************

Write the data to file:8388608 bytes
***********WAITING************

Write the data to file:8388608 bytes
***********WAITING************

Write the data to file:8388608 bytes
***********WAITING************

Write the data to file:8388608 bytes
***********WAITING************

Write the data to file:8388608 bytes
***********WAITING************

Write the data to file:8388608 bytes
***********WAITING************

Write the data to file:8388608 bytes
***********WAITING************

Write the data to file:8388608 bytes
***********WAITING************

Write the data to file:8388608 bytes
***********WAITING************

Write the data to file:8388608 bytes
***********WAITING************

Write the data to file:8388608 bytes
***********WAITING************

Write the data to file:8388608 bytes
***********WAITING************

Write the data to file:8388608 bytes
***********WAITING************

Write the data to file:8388608 bytes
***********WAITING************

Write the data to file:8388608 bytes
***********WAITING************

Write the data to file:8388608 bytes
***********WAITING************

Write the data to file:8388608 bytes
***********WAITING************

Write the data to file:8388608 bytes
***********WAITING************

Write the data to file:8388608 bytes
***********WAITING************

Write the data to file:8388608 bytes
***********WAITING************

Write the data to file:8388608 bytes
***********WAITING************

Write the data to file:8388608 bytes
***********WAITING************

Write the data to file:8388608 bytes
***********WAITING************

Write the data to file:8388608 bytes
***********WAITING************

Write the data to file:8388608 bytes
***********WAITING************

Write the data to file:8388608 bytes
***********WAITING************

Write the data to file:8388608 bytes
***********WAITING************

Write the data to file:8388608 bytes
***********WAITING************

Write the data to file:8388608 bytes
***********WAITING************

Write the data to file:8388608 bytes
***********WAITING************

Write the data to file:8388608 bytes
***********WAITING************

Write the data to file:8388608 bytes
***********WAITING************

Write the data to file:8388608 bytes
***********WAITING************

Write the data to file:8388608 bytes
***********WAITING************

Write the data to file:8388608 bytes
***********WAITING************

Write the data to file:8388608 bytes
***********WAITING************

Write the data to file:8388608 bytes
***********WAITING************

Write the data to file:8388608 bytes
***********WAITING************

Write the data to file:8388608 bytes
***********WAITING************

Write the data to file:8388608 bytes
***********WAITING************

Write the data to file:8388608 bytes
***********WAITING************

Write the data to file:8388608 bytes
***********WAITING************

Write the data to file:8388608 bytes
***********WAITING************

Write the data to file:8388608 bytes
***********WAITING************

Write the data to file:8388608 bytes
***********WAITING************

Write the data to file:8388608 bytes
***********WAITING************

Write the data to file:8388608 bytes
***********WAITING************

Write the data to file:8388608 bytes
***********WAITING************

Write the data to file:8388608 bytes
***********WAITING************

Write the data to file:8388608 bytes
***********WAITING************

Write the data to file:8388608 bytes
***********WAITING************

Write the data to file:8388608 bytes
***********WAITING************

Write the data to file:8388608 bytes
***********WAITING************

Write the data to file:8388608 bytes
***********WAITING************

Write the data to file:8388608 bytes
***********WAITING************

Write the data to file:8388608 bytes
***********WAITING************

Write the data to file:8388608 bytes
***********WAITING************

Write the data to file:8388608 bytes
***********WAITING************

Write the data to file:8388608 bytes
***********WAITING************

Write the data to file:8388608 bytes
***********WAITING************

Write the data to file:8388608 bytes
***********WAITING************

Write the data to file:8388608 bytes
***********WAITING************

Write the data to file:8388608 bytes
***********WAITING************

Write the data to file:8388608 bytes
***********WAITING************

Write the data to file:8388608 bytes
***********WAITING************

Write the data to file:8388608 bytes
***********WAITING************

Write the data to file:8388608 bytes
***********WAITING************

Write the data to file:8388608 bytes
***********WAITING************

Write the data to file:8388608 bytes
***********WAITING************

Write the data to file:8388608 bytes
***********WAITING************

Write the data to file:8388608 bytes
***********WAITING************

Write the data to file:8388608 bytes
***********WAITING************

Write the data to file:8388608 bytes
***********WAITING************

Write the data to file:8388608 bytes
***********WAITING************

Write the data to file:8388608 bytes
***********WAITING************

Write the data to file:8388608 bytes
***********WAITING************

Write the data to file:8388608 bytes
***********WAITING************

Write the data to file:8388608 bytes
***********WAITING************

Write the data to file:8388608 bytes
***********WAITING************

Write the data to file:8388608 bytes
***********WAITING************

Write the data to file:8388608 bytes
***********WAITING************

Write the data to file:8388608 bytes
***********WAITING************

Write the data to file:8388608 bytes
***********WAITING************

Write the data to file:8388608 bytes
***********WAITING************

Write the data to file:8388608 bytes
***********WAITING************

Write the data to file:8388608 bytes
***********WAITING************

Write the data to file:8388608 bytes
***********WAITING************

Write the data to file:8388608 bytes
***********WAITING************

Write the data to file:8388608 bytes
***********WAITING************

Write the data to file:8388608 bytes
***********WAITING************

Write the data to file:8388608 bytes
***********WAITING************

Write the data to file:8388608 bytes
***********WAITING************

Write the data to file:8388608 bytes
***********WAITING************

Write the data to file:8388608 bytes
***********WAITING************

Write the data to file:8388608 bytes
***********WAITING************

Write the data to file:8388608 bytes
***********WAITING************

Write the data to file:8388608 bytes
***********WAITING************

Write the data to file:8388608 bytes
***********WAITING************

Write the data to file:8388608 bytes
***********WAITING************

Write the data to file:8388608 bytes
***********WAITING************

Write the data to file:8388608 bytes
***********WAITING************

Write the data to file:8388608 bytes
***********WAITING************

Write the data to file:8388608 bytes
***********WAITING************

Write the data to file:8388608 bytes
***********WAITING************

Write the data to file:8388608 bytes
***********WAITING************

Write the data to file:8388608 bytes
***********WAITING************

Write the data to file:8388608 bytes
***********WAITING************

Write the data to file:8388608 bytes
***********WAITING************

Write the data to file:8388608 bytes
***********WAITING************

Write the data to file:8388608 bytes
***********WAITING************

Write the data to file:8388608 bytes
***********WAITING************

Write the data to file:8388608 bytes
***********WAITING************

Write the data to file:8388608 bytes
***********WAITING************

Write the data to file:8388608 bytes
***********WAITING************

Write the data to file:8388608 bytes
***********WAITING************

Write the data to file:8388608 bytes
***********WAITING************

Write the data to file:8388608 bytes
***********WAITING************

Write the data to file:8388608 bytes
***********WAITING************

Write the data to file:8388608 bytes
***********WAITING************

Write the data to file:8388608 bytes
***********WAITING************

Write the data to file:8388608 bytes
***********WAITING************

Write the data to file:8388608 bytes
***********WAITING************

Write the data to file:8388608 bytes
***********WAITING************

Write the data to file:8388608 bytes
***********WAITING************

Write the data to file:8388608 bytes
***********WAITING************

Write the data to file:8388608 bytes
***********WAITING************

Write the data to file:8388608 bytes
***********WAITING************

Write the data to file:8388608 bytes
***********WAITING************

Write the data to file:8388608 bytes
***********WAITING************

Write the data to file:8388608 bytes
***********WAITING************

Write the data to file:8388608 bytes
***********WAITING************

Write the data to file:8388608 bytes
***********WAITING************

Write the data to file:8388608 bytes
***********WAITING************

Write the data to file:8388608 bytes
***********WAITING************

Write the data to file:8388608 bytes
***********WAITING************

Write the data to file:8388608 bytes
***********WAITING************

Write the data to file:8388608 bytes
***********WAITING************

Write the data to file:8388608 bytes
***********WAITING************

Write the data to file:8388608 bytes
***********WAITING************

Write the data to file:8388608 bytes
***********WAITING************

Write the data to file:8388608 bytes
***********WAITING************

Write the data to file:8388608 bytes
***********WAITING************

Write the data to file:8388608 bytes
***********WAITING************

Write the data to file:8388608 bytes
***********WAITING************

Write the data to file:8388608 bytes
***********WAITING************

Write the data to file:8388608 bytes
***********WAITING************

Write the data to file:8388608 bytes
***********WAITING************

Write the data to file:8388608 bytes
***********WAITING************

Write the data to file:8388608 bytes
***********WAITING************

Write the data to file:8388608 bytes
***********WAITING************

Write the data to file:8388608 bytes
***********WAITING************

Write the data to file:8388608 bytes
***********WAITING************

Write the data to file:8388608 bytes
***********WAITING************

Write the data to file:8388608 bytes
***********WAITING************

Write the data to file:8388608 bytes
***********WAITING************

Write the data to file:8388608 bytes
***********WAITING************

Write the data to file:8388608 bytes
***********WAITING************

Write the data to file:8388608 bytes
***********WAITING************

Write the data to file:8388608 bytes
***********WAITING************

Write the data to file:8388608 bytes
***********WAITING************
S_cc         0.21   [      0.21:      0.21]
S_bw         0.06   [      0.06:      0.06]
S_w          7.19   [      7.19:      7.19]
          -------
S_total      7.46   [      7.46:      7.46]

build_S done
calc_W
build_S done
calc_W
build_S done
calc_W
build_S done
calc_W
build_S done
calc_W
build_S done
calc_W
nr_of_strided_rec: 256
nr_doubles: 512
build_S done
calc_W
nr_of_strided_rec: 256
nr_doubles: 512
build_S done
calc_W
nr_of_strided_rec: 256
nr_doubles: 512
build_S done
calc_W
nr_of_strided_rec: 256
nr_doubles: 512
build_S done
calc_W
nr_of_strided_rec: 256
nr_doubles: 512
build_S done
calc_W
nr_of_strided_rec: 256
nr_doubles: 512
build_S done
calc_W
nr_of_strided_rec: 256
nr_doubles: 512
build_S done
calc_W
nr_of_strided_rec: 256
nr_doubles: 512
build_S done
calc_W
nr_of_strided_rec: 256
nr_doubles: 512
build_S done
calc_W
nr_of_strided_rec: 256
nr_doubles: 512
build_S done
calc_W
nr_of_strided_rec: 256
nr_doubles: 512
nr_of_strided_rec: 256
nr_doubles: 512
nr_of_strided_rec: 256
nr_doubles: 512
nr_of_strided_rec: 256
nr_doubles: 512
nr_of_strided_rec: 256
nr_doubles: 512
nr_of_strided_rec: 256
nr_doubles: 512
nr_of_strided_rec: 256
nr_doubles: 512
nr_of_strided_rec: 256
nr_doubles: 512
nr_of_strided_rec: 256
nr_doubles: 512
nr_of_strided_rec: 256
nr_doubles: 512
nr_of_strided_rec: 256
nr_doubles: 512
nr_of_strided_rec: 256
nr_doubles: 512
nr_of_strided_rec: 256
nr_doubles: 512
nr_of_strided_rec: 256
nr_doubles: 512
nr_of_strided_rec: 256
nr_doubles: 512
nr_of_strided_rec: 256
nr_doubles: 512
nr_of_strided_rec: 256
nr_doubles: 512
nr_of_strided_rec: 256
nr_doubles: 512
nr_of_strided_rec: 256
nr_doubles: 512
nr_of_strided_rec: 256
nr_doubles: 512
nr_of_strided_rec: 256
nr_doubles: 512
nr_of_strided_rec: 256
nr_doubles: 512

Write the data to file:8388608 bytes
***********WAITING************

Write the data to file:8388608 bytes
***********WAITING************

Write the data to file:8388608 bytes
***********WAITING************

Write the data to file:8388608 bytes
***********WAITING************

Write the data to file:8388608 bytes
***********WAITING************

Write the data to file:8388608 bytes
***********WAITING************

Write the data to file:8388608 bytes
***********WAITING************

Write the data to file:8388608 bytes
***********WAITING************

Write the data to file:8388608 bytes
***********WAITING************

Write the data to file:8388608 bytes
***********WAITING************

Write the data to file:8388608 bytes
***********WAITING************

Write the data to file:8388608 bytes
***********WAITING************

Write the data to file:8388608 bytes
***********WAITING************

Write the data to file:8388608 bytes
***********WAITING************

Write the data to file:8388608 bytes
***********WAITING************

Write the data to file:8388608 bytes
***********WAITING************
nr_of_strided_rec: 256
nr_doubles: 512
nr_of_strided_rec: 256
nr_doubles: 512
nr_of_strided_rec: 256
nr_doubles: 512
nr_of_strided_rec: 256
nr_doubles: 512
nr_of_strided_rec: 256
nr_doubles: 512
nr_of_strided_rec: 256
nr_doubles: 512
nr_of_strided_rec: 256
nr_doubles: 512
nr_of_strided_rec: 256
nr_doubles: 512
nr_of_strided_rec: 256
nr_doubles: 512
nr_of_strided_rec: 256
nr_doubles: 512
nr_of_strided_rec: 256
nr_doubles: 512
nr_of_strided_rec: 256
nr_doubles: 512
nr_of_strided_rec: 256
nr_doubles: 512
nr_of_strided_rec: 256
nr_doubles: 512
nr_of_strided_rec: 256
nr_doubles: 512
nr_of_strided_rec: 256
nr_doubles: 512

Write the data to file:8388608 bytes
***********WAITING************

Write the data to file:8388608 bytes
***********WAITING************

Write the data to file:8388608 bytes
***********WAITING************

Write the data to file:8388608 bytes
***********WAITING************

Write the data to file:8388608 bytes
***********WAITING************

Write the data to file:8388608 bytes
***********WAITING************

Write the data to file:8388608 bytes
***********WAITING************

Write the data to file:8388608 bytes
***********WAITING************

Write the data to file:8388608 bytes
***********WAITING************

Write the data to file:8388608 bytes
***********WAITING************

Write the data to file:8388608 bytes
***********WAITING************

Write the data to file:8388608 bytes
***********WAITING************

Write the data to file:8388608 bytes
***********WAITING************

Write the data to file:8388608 bytes
***********WAITING************

Write the data to file:8388608 bytes
***********WAITING************

Write the data to file:8388608 bytes
***********WAITING************
nr_of_strided_rec: 256
nr_doubles: 512
nr_of_strided_rec: 256
nr_doubles: 512
nr_of_strided_rec: 256
nr_doubles: 512
nr_of_strided_rec: 256
nr_doubles: 512
nr_of_strided_rec: 256
nr_doubles: 512
nr_of_strided_rec: 256
nr_doubles: 512
nr_of_strided_rec: 256
nr_doubles: 512
nr_of_strided_rec: 256
nr_doubles: 512
nr_of_strided_rec: 256
nr_doubles: 512
nr_of_strided_rec: 256
nr_doubles: 512
nr_of_strided_rec: 256
nr_doubles: 512
nr_of_strided_rec: 256
nr_doubles: 512
nr_of_strided_rec: 256
nr_doubles: 512
nr_of_strided_rec: 256
nr_doubles: 512
nr_of_strided_rec: 256
nr_doubles: 512
nr_of_strided_rec: 256
nr_doubles: 512

Write the data to file:8388608 bytes
***********WAITING************

Write the data to file:8388608 bytes
***********WAITING************

Write the data to file:8388608 bytes
***********WAITING************

Write the data to file:8388608 bytes
***********WAITING************

Write the data to file:8388608 bytes
***********WAITING************

Write the data to file:8388608 bytes
***********WAITING************

Write the data to file:8388608 bytes
***********WAITING************

Write the data to file:8388608 bytes
***********WAITING************

Write the data to file:8388608 bytes
***********WAITING************

Write the data to file:8388608 bytes
***********WAITING************

Write the data to file:8388608 bytes
***********WAITING************

Write the data to file:8388608 bytes
***********WAITING************

Write the data to file:8388608 bytes
***********WAITING************

Write the data to file:8388608 bytes
***********WAITING************

Write the data to file:8388608 bytes
***********WAITING************

Write the data to file:8388608 bytes
***********WAITING************
nr_of_strided_rec: 256
nr_doubles: 512
nr_of_strided_rec: 256
nr_doubles: 512
nr_of_strided_rec: 256
nr_doubles: 512
nr_of_strided_rec: 256
nr_doubles: 512
nr_of_strided_rec: 256
nr_doubles: 512
nr_of_strided_rec: 256
nr_doubles: 512
nr_of_strided_rec: 256
nr_doubles: 512
nr_of_strided_rec: 256
nr_doubles: 512
nr_of_strided_rec: 256
nr_doubles: 512
nr_of_strided_rec: 256
nr_doubles: 512
nr_of_strided_rec: 256
nr_doubles: 512
nr_of_strided_rec: 256
nr_doubles: 512
nr_of_strided_rec: 256
nr_doubles: 512
nr_of_strided_rec: 256
nr_doubles: 512
nr_of_strided_rec: 256
nr_doubles: 512
nr_of_strided_rec: 256
nr_doubles: 512

Write the data to file:8388608 bytes
***********WAITING************

Write the data to file:8388608 bytes
***********WAITING************

Write the data to file:8388608 bytes
***********WAITING************

Write the data to file:8388608 bytes
***********WAITING************

Write the data to file:8388608 bytes
***********WAITING************

Write the data to file:8388608 bytes
***********WAITING************

Write the data to file:8388608 bytes
***********WAITING************

Write the data to file:8388608 bytes
***********WAITING************

Write the data to file:8388608 bytes
***********WAITING************

Write the data to file:8388608 bytes
***********WAITING************

Write the data to file:8388608 bytes
***********WAITING************

Write the data to file:8388608 bytes
***********WAITING************

Write the data to file:8388608 bytes
***********WAITING************

Write the data to file:8388608 bytes
***********WAITING************

Write the data to file:8388608 bytes
***********WAITING************

Write the data to file:8388608 bytes
***********WAITING************
nr_of_strided_rec: 256
nr_doubles: 512
nr_of_strided_rec: 256
nr_doubles: 512
nr_of_strided_rec: 256
nr_doubles: 512
nr_of_strided_rec: 256
nr_doubles: 512
nr_of_strided_rec: 256
nr_doubles: 512
nr_of_strided_rec: 256
nr_doubles: 512
nr_of_strided_rec: 256
nr_doubles: 512
nr_of_strided_rec: 256
nr_doubles: 512
nr_of_strided_rec: 256
nr_doubles: 512
nr_of_strided_rec: 256
nr_doubles: 512
nr_of_strided_rec: 256
nr_doubles: 512
nr_of_strided_rec: 256
nr_doubles: 512
nr_of_strided_rec: 256
nr_doubles: 512
nr_of_strided_rec: 256
nr_doubles: 512
nr_of_strided_rec: 256
nr_doubles: 512
nr_of_strided_rec: 256
nr_doubles: 512

Write the data to file:8388608 bytes
***********WAITING************

Write the data to file:8388608 bytes
***********WAITING************

Write the data to file:8388608 bytes
***********WAITING************

Write the data to file:8388608 bytes
***********WAITING************

Write the data to file:8388608 bytes
***********WAITING************

Write the data to file:8388608 bytes
***********WAITING************

Write the data to file:8388608 bytes
***********WAITING************

Write the data to file:8388608 bytes
***********WAITING************

Write the data to file:8388608 bytes
***********WAITING************

Write the data to file:8388608 bytes
***********WAITING************

Write the data to file:8388608 bytes
***********WAITING************

Write the data to file:8388608 bytes
***********WAITING************

Write the data to file:8388608 bytes
***********WAITING************

Write the data to file:8388608 bytes
***********WAITING************

Write the data to file:8388608 bytes
***********WAITING************

Write the data to file:8388608 bytes
***********WAITING************
nr_of_strided_rec: 256
nr_doubles: 512
nr_of_strided_rec: 256
nr_doubles: 512
nr_of_strided_rec: 256
nr_doubles: 512
nr_of_strided_rec: 256
nr_doubles: 512
nr_of_strided_rec: 256
nr_doubles: 512
nr_of_strided_rec: 256
nr_doubles: 512
nr_of_strided_rec: 256
nr_doubles: 512
nr_of_strided_rec: 256
nr_doubles: 512
nr_of_strided_rec: 256
nr_doubles: 512
nr_of_strided_rec: 256
nr_doubles: 512
nr_of_strided_rec: 256
nr_doubles: 512
nr_of_strided_rec: 256
nr_doubles: 512
nr_of_strided_rec: 256
nr_doubles: 512
nr_of_strided_rec: 256
nr_doubles: 512
nr_of_strided_rec: 256
nr_doubles: 512
nr_of_strided_rec: 256
nr_doubles: 512

Write the data to file:8388608 bytes
***********WAITING************

Write the data to file:8388608 bytes
***********WAITING************

Write the data to file:8388608 bytes
***********WAITING************

Write the data to file:8388608 bytes
***********WAITING************

Write the data to file:8388608 bytes
***********WAITING************

Write the data to file:8388608 bytes
***********WAITING************

Write the data to file:8388608 bytes
***********WAITING************

Write the data to file:8388608 bytes
***********WAITING************

Write the data to file:8388608 bytes
***********WAITING************

Write the data to file:8388608 bytes
***********WAITING************

Write the data to file:8388608 bytes
***********WAITING************

Write the data to file:8388608 bytes
***********WAITING************

Write the data to file:8388608 bytes
***********WAITING************

Write the data to file:8388608 bytes
***********WAITING************

Write the data to file:8388608 bytes
***********WAITING************

Write the data to file:8388608 bytes
***********WAITING************
nr_of_strided_rec: 256
nr_doubles: 512
nr_of_strided_rec: 256
nr_doubles: 512
nr_of_strided_rec: 256
nr_doubles: 512
nr_of_strided_rec: 256
nr_doubles: 512
nr_of_strided_rec: 256
nr_doubles: 512
nr_of_strided_rec: 256
nr_doubles: 512
nr_of_strided_rec: 256
nr_doubles: 512
nr_of_strided_rec: 256
nr_doubles: 512
nr_of_strided_rec: 256
nr_doubles: 512
nr_of_strided_rec: 256
nr_doubles: 512
nr_of_strided_rec: 256
nr_doubles: 512
nr_of_strided_rec: 256
nr_doubles: 512
nr_of_strided_rec: 256
nr_doubles: 512
nr_of_strided_rec: 256
nr_doubles: 512
nr_of_strided_rec: 256
nr_doubles: 512
nr_of_strided_rec: 256
nr_doubles: 512

Write the data to file:8388608 bytes
***********WAITING************

Write the data to file:8388608 bytes
***********WAITING************

Write the data to file:8388608 bytes
***********WAITING************

Write the data to file:8388608 bytes
***********WAITING************

Write the data to file:8388608 bytes
***********WAITING************

Write the data to file:8388608 bytes
***********WAITING************

Write the data to file:8388608 bytes
***********WAITING************

Write the data to file:8388608 bytes
***********WAITING************

Write the data to file:8388608 bytes
***********WAITING************

Write the data to file:8388608 bytes
***********WAITING************

Write the data to file:8388608 bytes
***********WAITING************

Write the data to file:8388608 bytes
***********WAITING************
Write the data to file:8388608 bytes
***********WAITING************


Write the data to file:8388608 bytes
***********WAITING************

Write the data to file:8388608 bytes
***********WAITING************

Write the data to file:8388608 bytes
***********WAITING************
nr_of_strided_rec: 256
nr_doubles: 512
nr_of_strided_rec: 256
nr_doubles: 512
nr_of_strided_rec: 256
nr_doubles: 512
nr_of_strided_rec: 256
nr_doubles: 512
nr_of_strided_rec: 256
nr_doubles: 512
nr_of_strided_rec: 256
nr_doubles: 512
nr_of_strided_rec: 256
nr_doubles: 512
nr_of_strided_rec: 256
nr_doubles: 512
nr_of_strided_rec: 256
nr_doubles: 512
nr_of_strided_rec: 256
nr_doubles: 512
nr_of_strided_rec: 256
nr_doubles: 512
nr_of_strided_rec: 256
nr_doubles: 512
nr_of_strided_rec: 256
nr_doubles: 512
nr_of_strided_rec: 256
nr_doubles: 512
nr_of_strided_rec: 256
nr_doubles: 512
nr_of_strided_rec: 256
nr_doubles: 512

Write the data to file:8388608 bytes
***********WAITING************

Write the data to file:8388608 bytes
***********WAITING************

Write the data to file:8388608 bytes
***********WAITING************

Write the data to file:8388608 bytes
***********WAITING************

Write the data to file:8388608 bytes
***********WAITING************

Write the data to file:8388608 bytes
***********WAITING************

Write the data to file:8388608 bytes
***********WAITING************

Write the data to file:8388608 bytes
***********WAITING************

Write the data to file:8388608 bytes
***********WAITING************

Write the data to file:8388608 bytes
***********WAITING************

Write the data to file:8388608 bytes
***********WAITING************

Write the data to file:8388608 bytes
***********WAITING************

Write the data to file:8388608 bytes
***********WAITING************

Write the data to file:8388608 bytes
***********WAITING************

Write the data to file:8388608 bytes
***********WAITING************

Write the data to file:8388608 bytes
***********WAITING************
nr_of_strided_rec: 256
nr_doubles: 512
nr_of_strided_rec: 256
nr_doubles: 512
nr_of_strided_rec: 256
nr_doubles: 512
nr_of_strided_rec: 256
nr_doubles: 512
nr_of_strided_rec: 256
nr_doubles: 512
nr_of_strided_rec: 256
nr_doubles: 512
nr_of_strided_rec: 256
nr_doubles: 512
nr_of_strided_rec: 256
nr_doubles: 512
nr_of_strided_rec: 256
nr_doubles: 512
nr_of_strided_rec: 256
nr_doubles: 512
nr_of_strided_rec: 256
nr_doubles: 512
nr_of_strided_rec: 256
nr_doubles: 512
nr_of_strided_rec: 256
nr_doubles: 512
nr_of_strided_rec: 256
nr_doubles: 512
nr_of_strided_rec: 256
nr_doubles: 512
nr_of_strided_rec: 256
nr_doubles: 512

Write the data to file:8388608 bytes
***********WAITING************

Write the data to file:8388608 bytes
***********WAITING************

Write the data to file:8388608 bytes
***********WAITING************

Write the data to file:8388608 bytes
***********WAITING************

Write the data to file:8388608 bytes
***********WAITING************

Write the data to file:8388608 bytes
***********WAITING************

Write the data to file:8388608 bytes
***********WAITING************

Write the data to file:8388608 bytes
***********WAITING************

Write the data to file:8388608 bytes
***********WAITING************

Write the data to file:8388608 bytes
***********WAITING************

Write the data to file:8388608 bytes
***********WAITING************

Write the data to file:8388608 bytes
***********WAITING************

Write the data to file:8388608 bytes
***********WAITING************

Write the data to file:8388608 bytes
***********WAITING************

Write the data to file:8388608 bytes
***********WAITING************

Write the data to file:8388608 bytes
***********WAITING************
nr_of_strided_rec: 256
nr_doubles: 512
nr_of_strided_rec: 256
nr_doubles: 512
nr_of_strided_rec: 256
nr_doubles: 512
nr_of_strided_rec: 256
nr_doubles: 512
nr_of_strided_rec: 256
nr_doubles: 512
nr_of_strided_rec: 256
nr_doubles: 512
nr_of_strided_rec: 256
nr_doubles: 512
nr_of_strided_rec: 256
nr_doubles: 512
nr_of_strided_rec: 256
nr_doubles: 512
nr_of_strided_rec: 256
nr_doubles: 512
nr_of_strided_rec: 256
nr_doubles: 512
nr_of_strided_rec: 256
nr_doubles: 512
nr_of_strided_rec: 256
nr_doubles: 512
nr_of_strided_rec: 256
nr_doubles: 512
nr_of_strided_rec: 256
nr_doubles: 512
nr_of_strided_rec: 256
nr_doubles: 512

Write the data to file:8388608 bytes
***********WAITING************

Write the data to file:8388608 bytes
***********WAITING************

Write the data to file:8388608 bytes
***********WAITING************

Write the data to file:8388608 bytes
***********WAITING************

Write the data to file:8388608 bytes
***********WAITING************

Write the data to file:8388608 bytes
***********WAITING************

Write the data to file:8388608 bytes
***********WAITING************

Write the data to file:8388608 bytes
***********WAITING************

Write the data to file:8388608 bytes
***********WAITING************

Write the data to file:8388608 bytes
***********WAITING************

Write the data to file:8388608 bytes
***********WAITING************

Write the data to file:8388608 bytes
***********WAITING************

Write the data to file:8388608 bytes
***********WAITING************

Write the data to file:8388608 bytes
***********WAITING************

Write the data to file:8388608 bytes
***********WAITING************

Write the data to file:8388608 bytes
***********WAITING************
nr_of_strided_rec: 256
nr_doubles: 512
nr_of_strided_rec: 256
nr_doubles: 512
nr_of_strided_rec: 256
nr_doubles: 512
nr_of_strided_rec: 256
nr_doubles: 512
nr_of_strided_rec: 256
nr_doubles: 512
nr_of_strided_rec: 256
nr_doubles: 512
nr_of_strided_rec: 256
nr_doubles: 512
nr_of_strided_rec: 256
nr_doubles: 512
nr_of_strided_rec: 256
nr_doubles: 512
nr_of_strided_rec: 256
nr_doubles: 512
nr_of_strided_rec: 256
nr_doubles: 512
nr_of_strided_rec: 256
nr_doubles: 512
nr_of_strided_rec: 256
nr_doubles: 512
nr_of_strided_rec: 256
nr_doubles: 512
nr_of_strided_rec: 256
nr_doubles: 512
nr_of_strided_rec: 256
nr_doubles: 512

Write the data to file:8388608 bytes
***********WAITING************

Write the data to file:8388608 bytes
***********WAITING************

Write the data to file:8388608 bytes
***********WAITING************

Write the data to file:8388608 bytes
***********WAITING************

Write the data to file:8388608 bytes
***********WAITING************

Write the data to file:8388608 bytes
***********WAITING************

Write the data to file:8388608 bytes
***********WAITING************

Write the data to file:8388608 bytes
***********WAITING************

Write the data to file:8388608 bytes
***********WAITING************

Write the data to file:8388608 bytes
***********WAITING************

Write the data to file:8388608 bytes
***********WAITING************

Write the data to file:8388608 bytes
***********WAITING************

Write the data to file:8388608 bytes
***********WAITING************

Write the data to file:8388608 bytes
***********WAITING************

Write the data to file:8388608 bytes
***********WAITING************

Write the data to file:8388608 bytes
***********WAITING************
nr_of_strided_rec: 256
nr_doubles: 512
nr_of_strided_rec: 256
nr_doubles: 512
nr_of_strided_rec: 256
nr_doubles: 512
nr_of_strided_rec: 256
nr_doubles: 512
nr_of_strided_rec: 256
nr_doubles: 512
nr_of_strided_rec: 256
nr_doubles: 512
nr_of_strided_rec: 256
nr_doubles: 512
nr_of_strided_rec: 256
nr_doubles: 512
nr_of_strided_rec: 256
nr_doubles: 512
nr_of_strided_rec: 256
nr_doubles: 512
nr_of_strided_rec: 256
nr_doubles: 512
nr_of_strided_rec: 256
nr_doubles: 512
nr_of_strided_rec: 256
nr_doubles: 512
nr_of_strided_rec: 256
nr_doubles: 512
nr_of_strided_rec: 256
nr_doubles: 512
nr_of_strided_rec: 256
nr_doubles: 512

Write the data to file:8388608 bytes
***********WAITING************

Write the data to file:8388608 bytes
***********WAITING************

Write the data to file:8388608 bytes
***********WAITING************

Write the data to file:8388608 bytes
***********WAITING************

Write the data to file:8388608 bytes
***********WAITING************

Write the data to file:8388608 bytes
***********WAITING************

Write the data to file:8388608 bytes
***********WAITING************

Write the data to file:8388608 bytes
***********WAITING************

Write the data to file:8388608 bytes
***********WAITING************

Write the data to file:8388608 bytes
***********WAITING************

Write the data to file:8388608 bytes
***********WAITING************

Write the data to file:8388608 bytes
***********WAITING************

Write the data to file:8388608 bytes
***********WAITING************

Write the data to file:8388608 bytes
***********WAITING************

Write the data to file:8388608 bytes
***********WAITING************

Write the data to file:8388608 bytes
***********WAITING************
nr_of_strided_rec: 256
nr_doubles: 512
nr_of_strided_rec: 256
nr_doubles: 512
nr_of_strided_rec: 256
nr_doubles: 512
nr_of_strided_rec: 256
nr_doubles: 512
nr_of_strided_rec: 256
nr_doubles: 512
nr_of_strided_rec: 256
nr_doubles: 512
nr_of_strided_rec: 256
nr_doubles: 512
nr_of_strided_rec: 256
nr_doubles: 512
nr_of_strided_rec: 256
nr_doubles: 512
nr_of_strided_rec: 256
nr_doubles: 512
nr_of_strided_rec: 256
nr_doubles: 512
nr_of_strided_rec: 256
nr_doubles: 512
nr_of_strided_rec: 256
nr_doubles: 512
nr_of_strided_rec: 256
nr_doubles: 512
nr_of_strided_rec: 256
nr_doubles: 512
nr_of_strided_rec: 256
nr_doubles: 512

Write the data to file:8388608 bytes
***********WAITING************

Write the data to file:8388608 bytes
***********WAITING************

Write the data to file:8388608 bytes
***********WAITING************

Write the data to file:8388608 bytes
***********WAITING************

Write the data to file:8388608 bytes
***********WAITING************

Write the data to file:8388608 bytes
***********WAITING************

Write the data to file:8388608 bytes
***********WAITING************

Write the data to file:8388608 bytes
***********WAITING************

Write the data to file:8388608 bytes
***********WAITING************

Write the data to file:8388608 bytes
***********WAITING************

Write the data to file:8388608 bytes
***********WAITING************

Write the data to file:8388608 bytes
***********WAITING************

Write the data to file:8388608 bytes
***********WAITING************

Write the data to file:8388608 bytes
***********WAITING************

Write the data to file:8388608 bytes
***********WAITING************

Write the data to file:8388608 bytes
***********WAITING************
nr_of_strided_rec: 256
nr_doubles: 512
nr_of_strided_rec: 256
nr_doubles: 512
nr_of_strided_rec: 256
nr_doubles: 512
nr_of_strided_rec: 256
nr_doubles: 512
nr_of_strided_rec: 256
nr_doubles: 512
nr_of_strided_rec: 256
nr_doubles: 512
nr_of_strided_rec: 256
nr_doubles: 512
nr_of_strided_rec: 256
nr_doubles: 512
nr_of_strided_rec: 256
nr_doubles: 512
nr_of_strided_rec: 256
nr_doubles: 512
nr_of_strided_rec: 256
nr_doubles: 512
nr_of_strided_rec: 256
nr_doubles: 512
nr_of_strided_rec: 256
nr_doubles: 512
nr_of_strided_rec: 256
nr_doubles: 512
nr_of_strided_rec: 256
nr_doubles: 512
nr_of_strided_rec: 256
nr_doubles: 512

Write the data to file:8388608 bytes
***********WAITING************

Write the data to file:8388608 bytes
***********WAITING************

Write the data to file:8388608 bytes
***********WAITING************

Write the data to file:8388608 bytes
***********WAITING************

Write the data to file:8388608 bytes
***********WAITING************

Write the data to file:8388608 bytes
***********WAITING************

Write the data to file:8388608 bytes
***********WAITING************

Write the data to file:8388608 bytes
***********WAITING************

Write the data to file:8388608 bytes
***********WAITING************

Write the data to file:8388608 bytes
***********WAITING************

Write the data to file:8388608 bytes
***********WAITING************

Write the data to file:8388608 bytes
***********WAITING************

Write the data to file:8388608 bytes
***********WAITING************

Write the data to file:8388608 bytes
***********WAITING************

Write the data to file:8388608 bytes
***********WAITING************

Write the data to file:8388608 bytes
***********WAITING************
nr_of_strided_rec: 256
nr_doubles: 512
nr_of_strided_rec: 256
nr_doubles: 512
nr_of_strided_rec: 256
nr_doubles: 512
nr_of_strided_rec: 256
nr_doubles: 512
nr_of_strided_rec: 256
nr_doubles: 512
nr_of_strided_rec: 256
nr_doubles: 512
nr_of_strided_rec: 256
nr_doubles: 512
nr_of_strided_rec: 256
nr_doubles: 512
nr_of_strided_rec: 256
nr_doubles: 512
nr_of_strided_rec: 256
nr_doubles: 512
nr_of_strided_rec: 256
nr_doubles: 512
nr_of_strided_rec: 256
nr_doubles: 512
nr_of_strided_rec: 256
nr_doubles: 512
nr_of_strided_rec: 256
nr_doubles: 512
nr_of_strided_rec: 256
nr_doubles: 512
nr_of_strided_rec: 256
nr_doubles: 512

Write the data to file:8388608 bytes
***********WAITING************

Write the data to file:8388608 bytes
***********WAITING************

Write the data to file:8388608 bytes
***********WAITING************

Write the data to file:8388608 bytes
***********WAITING************

Write the data to file:8388608 bytes
***********WAITING************

Write the data to file:8388608 bytes
***********WAITING************

Write the data to file:8388608 bytes
***********WAITING************

Write the data to file:8388608 bytes
***********WAITING************

Write the data to file:8388608 bytes
***********WAITING************

Write the data to file:8388608 bytes
***********WAITING************

Write the data to file:8388608 bytes
***********WAITING************

Write the data to file:8388608 bytes
***********WAITING************

Write the data to file:8388608 bytes
***********WAITING************

Write the data to file:8388608 bytes
***********WAITING************

Write the data to file:8388608 bytes
***********WAITING************

Write the data to file:8388608 bytes
***********WAITING************
nr_of_strided_rec: 256
nr_doubles: 512
nr_of_strided_rec: 256
nr_doubles: 512
nr_of_strided_rec: 256
nr_doubles: 512
nr_of_strided_rec: 256
nr_doubles: 512
nr_of_strided_rec: 256
nr_doubles: 512
nr_of_strided_rec: 256
nr_doubles: 512
nr_of_strided_rec: 256
nr_doubles: 512
nr_of_strided_rec: 256
nr_doubles: 512
nr_of_strided_rec: 256
nr_doubles: 512
nr_of_strided_rec: 256
nr_doubles: 512
nr_of_strided_rec: 256
nr_doubles: 512
nr_of_strided_rec: 256
nr_doubles: 512
nr_of_strided_rec: 256
nr_doubles: 512
nr_of_strided_rec: 256
nr_doubles: 512
nr_of_strided_rec: 256
nr_doubles: 512
nr_of_strided_rec: 256
nr_doubles: 512

Write the data to file:8388608 bytes
***********WAITING************

Write the data to file:8388608 bytes
***********WAITING************

Write the data to file:8388608 bytes
***********WAITING************

Write the data to file:8388608 bytes
***********WAITING************

Write the data to file:8388608 bytes
***********WAITING************

Write the data to file:8388608 bytes
***********WAITING************

Write the data to file:8388608 bytes
***********WAITING************

Write the data to file:8388608 bytes
***********WAITING************

Write the data to file:8388608 bytes
***********WAITING************

Write the data to file:8388608 bytes
***********WAITING************

Write the data to file:8388608 bytes
***********WAITING************

Write the data to file:8388608 bytes
***********WAITING************

Write the data to file:8388608 bytes
***********WAITING************

Write the data to file:8388608 bytes
***********WAITING************

Write the data to file:8388608 bytes
***********WAITING************

Write the data to file:8388608 bytes
***********WAITING************
nr_of_strided_rec: 256
nr_doubles: 512
nr_of_strided_rec: 256
nr_doubles: 512
nr_of_strided_rec: 256
nr_doubles: 512
nr_of_strided_rec: 256
nr_doubles: 512
nr_of_strided_rec: 256
nr_doubles: 512
nr_of_strided_rec: 256
nr_doubles: 512
nr_of_strided_rec: 256
nr_doubles: 512
nr_of_strided_rec: 256
nr_doubles: 512
nr_of_strided_rec: 256
nr_doubles: 512
nr_of_strided_rec: 256
nr_doubles: 512
nr_of_strided_rec: 256
nr_doubles: 512
nr_of_strided_rec: 256
nr_doubles: 512
nr_of_strided_rec: 256
nr_doubles: 512
nr_of_strided_rec: 256
nr_doubles: 512
nr_of_strided_rec: 256
nr_doubles: 512
nr_of_strided_rec: 256
nr_doubles: 512

Write the data to file:8388608 bytes
***********WAITING************

Write the data to file:8388608 bytes
***********WAITING************

Write the data to file:8388608 bytes
***********WAITING************

Write the data to file:8388608 bytes
***********WAITING************

Write the data to file:8388608 bytes
***********WAITING************

Write the data to file:8388608 bytes
***********WAITING************

Write the data to file:8388608 bytes
***********WAITING************

Write the data to file:8388608 bytes
***********WAITING************

Write the data to file:8388608 bytes
***********WAITING************

Write the data to file:8388608 bytes
***********WAITING************

Write the data to file:8388608 bytes
***********WAITING************

Write the data to file:8388608 bytes
***********WAITING************

Write the data to file:8388608 bytes
***********WAITING************

Write the data to file:8388608 bytes
***********WAITING************

Write the data to file:8388608 bytes
***********WAITING************

Write the data to file:8388608 bytes
***********WAITING************
nr_of_strided_rec: 256
nr_doubles: 512
nr_of_strided_rec: 256
nr_doubles: 512
nr_of_strided_rec: 256
nr_doubles: 512
nr_of_strided_rec: 256
nr_doubles: 512
nr_of_strided_rec: 256
nr_doubles: 512
nr_of_strided_rec: 256
nr_doubles: 512
nr_of_strided_rec: 256
nr_doubles: 512
nr_of_strided_rec: 256
nr_doubles: 512
nr_of_strided_rec: 256
nr_doubles: 512
nr_of_strided_rec: 256
nr_doubles: 512
nr_of_strided_rec: 256
nr_doubles: 512
nr_of_strided_rec: 256
nr_doubles: 512
nr_of_strided_rec: 256
nr_doubles: 512
nr_of_strided_rec: 256
nr_doubles: 512
nr_of_strided_rec: 256
nr_doubles: 512
nr_of_strided_rec: 256
nr_doubles: 512

Write the data to file:8388608 bytes
***********WAITING************

Write the data to file:8388608 bytes
***********WAITING************

Write the data to file:8388608 bytes
***********WAITING************

Write the data to file:8388608 bytes
***********WAITING************

Write the data to file:8388608 bytes
***********WAITING************

Write the data to file:8388608 bytes
***********WAITING************

Write the data to file:8388608 bytes
***********WAITING************

Write the data to file:8388608 bytes
***********WAITING************

Write the data to file:8388608 bytes
***********WAITING************

Write the data to file:8388608 bytes
***********WAITING************

Write the data to file:8388608 bytes
***********WAITING************

Write the data to file:8388608 bytes
***********WAITING************

Write the data to file:8388608 bytes
***********WAITING************

Write the data to file:8388608 bytes
***********WAITING************

Write the data to file:8388608 bytes
***********WAITING************

Write the data to file:8388608 bytes
***********WAITING************
nr_of_strided_rec: 256
nr_doubles: 512
nr_of_strided_rec: 256
nr_doubles: 512
nr_of_strided_rec: 256
nr_doubles: 512
nr_of_strided_rec: 256
nr_doubles: 512
nr_of_strided_rec: 256
nr_doubles: 512
nr_of_strided_rec: 256
nr_doubles: 512
nr_of_strided_rec: 256
nr_doubles: 512
nr_of_strided_rec: 256
nr_doubles: 512
nr_of_strided_rec: 256
nr_doubles: 512
nr_of_strided_rec: 256
nr_doubles: 512
nr_of_strided_rec: 256
nr_doubles: 512
nr_of_strided_rec: 256
nr_doubles: 512
nr_of_strided_rec: 256
nr_doubles: 512
nr_of_strided_rec: 256
nr_doubles: 512
nr_of_strided_rec: 256
nr_doubles: 512
nr_of_strided_rec: 256
nr_doubles: 512

Write the data to file:8388608 bytes
***********WAITING************

Write the data to file:8388608 bytes
***********WAITING************

Write the data to file:8388608 bytes
***********WAITING************

Write the data to file:8388608 bytes
***********WAITING************

Write the data to file:8388608 bytes
***********WAITING************

Write the data to file:8388608 bytes
***********WAITING************

Write the data to file:8388608 bytes
***********WAITING************

Write the data to file:8388608 bytes
***********WAITING************

Write the data to file:8388608 bytes
***********WAITING************

Write the data to file:8388608 bytes
***********WAITING************

Write the data to file:8388608 bytes
***********WAITING************

Write the data to file:8388608 bytes
***********WAITING************

Write the data to file:8388608 bytes
***********WAITING************

Write the data to file:8388608 bytes
***********WAITING************

Write the data to file:8388608 bytes
***********WAITING************

Write the data to file:8388608 bytes
***********WAITING************
nr_of_strided_rec: 256
nr_doubles: 512
nr_of_strided_rec: 256
nr_doubles: 512
nr_of_strided_rec: 256
nr_doubles: 512
nr_of_strided_rec: 256
nr_doubles: 512
nr_of_strided_rec: 256
nr_doubles: 512
nr_of_strided_rec: 256
nr_doubles: 512
nr_of_strided_rec: 256
nr_doubles: 512
nr_of_strided_rec: 256
nr_doubles: 512
nr_of_strided_rec: 256
nr_doubles: 512
nr_of_strided_rec: 256
nr_doubles: 512
nr_of_strided_rec: 256
nr_doubles: 512
nr_of_strided_rec: 256
nr_doubles: 512
nr_of_strided_rec: 256
nr_doubles: 512
nr_of_strided_rec: 256
nr_doubles: 512
nr_of_strided_rec: 256
nr_doubles: 512
nr_of_strided_rec: 256
nr_doubles: 512

Write the data to file:8388608 bytes
***********WAITING************

Write the data to file:8388608 bytes
***********WAITING************

Write the data to file:8388608 bytes
***********WAITING************

Write the data to file:8388608 bytes
***********WAITING************

Write the data to file:8388608 bytes
***********WAITING************

Write the data to file:8388608 bytes
***********WAITING************

Write the data to file:8388608 bytes
***********WAITING************

Write the data to file:8388608 bytes
***********WAITING************

Write the data to file:8388608 bytes
***********WAITING************

Write the data to file:8388608 bytes
***********WAITING************

Write the data to file:8388608 bytes
***********WAITING************

Write the data to file:8388608 bytes
***********WAITING************

Write the data to file:8388608 bytes
***********WAITING************

Write the data to file:8388608 bytes
***********WAITING************

Write the data to file:8388608 bytes
***********WAITING************

Write the data to file:8388608 bytes
***********WAITING************
nr_of_strided_rec: 256
nr_doubles: 512
nr_of_strided_rec: 256
nr_doubles: 512
nr_of_strided_rec: 256
nr_doubles: 512
nr_of_strided_rec: 256
nr_doubles: 512
nr_of_strided_rec: 256
nr_doubles: 512
nr_of_strided_rec: 256
nr_doubles: 512
nr_of_strided_rec: 256
nr_doubles: 512
nr_of_strided_rec: 256
nr_doubles: 512
nr_of_strided_rec: 256
nr_doubles: 512
nr_of_strided_rec: 256
nr_doubles: 512
nr_of_strided_rec: 256
nr_doubles: 512
nr_of_strided_rec: 256
nr_doubles: 512
nr_of_strided_rec: 256
nr_doubles: 512
nr_of_strided_rec: 256
nr_doubles: 512
nr_of_strided_rec: 256
nr_doubles: 512
nr_of_strided_rec: 256
nr_doubles: 512

Write the data to file:8388608 bytes
***********WAITING************

Write the data to file:8388608 bytes
***********WAITING************

Write the data to file:8388608 bytes
***********WAITING************

Write the data to file:8388608 bytes
***********WAITING************

Write the data to file:8388608 bytes
***********WAITING************

Write the data to file:8388608 bytes
***********WAITING************

Write the data to file:8388608 bytes
***********WAITING************

Write the data to file:8388608 bytes
***********WAITING************

Write the data to file:8388608 bytes
***********WAITING************

Write the data to file:8388608 bytes
***********WAITING************

Write the data to file:8388608 bytes
***********WAITING************

Write the data to file:8388608 bytes
***********WAITING************

Write the data to file:8388608 bytes
***********WAITING************

Write the data to file:8388608 bytes
***********WAITING************

Write the data to file:8388608 bytes
***********WAITING************

Write the data to file:8388608 bytes
***********WAITING************
nr_of_strided_rec: 256
nr_doubles: 512
nr_of_strided_rec: 256
nr_doubles: 512
nr_of_strided_rec: 256
nr_doubles: 512
nr_of_strided_rec: 256
nr_doubles: 512
nr_of_strided_rec: 256
nr_doubles: 512
nr_of_strided_rec: 256
nr_doubles: 512
nr_of_strided_rec: 256
nr_doubles: 512
nr_of_strided_rec: 256
nr_doubles: 512
nr_of_strided_rec: 256
nr_doubles: 512
nr_of_strided_rec: 256
nr_doubles: 512
nr_of_strided_rec: 256
nr_doubles: 512
nr_of_strided_rec: 256
nr_doubles: 512
nr_of_strided_rec: 256
nr_doubles: 512
nr_of_strided_rec: 256
nr_doubles: 512
nr_of_strided_rec: 256
nr_doubles: 512
nr_of_strided_rec: 256
nr_doubles: 512

Write the data to file:8388608 bytes
***********WAITING************

Write the data to file:8388608 bytes
***********WAITING************

Write the data to file:8388608 bytes
***********WAITING************

Write the data to file:8388608 bytes
***********WAITING************

Write the data to file:8388608 bytes
***********WAITING************

Write the data to file:8388608 bytes
***********WAITING************

Write the data to file:8388608 bytes
***********WAITING************

Write the data to file:8388608 bytes
***********WAITING************

Write the data to file:8388608 bytes
***********WAITING************

Write the data to file:8388608 bytes
***********WAITING************

Write the data to file:8388608 bytes
***********WAITING************

Write the data to file:8388608 bytes
***********WAITING************

Write the data to file:8388608 bytes
***********WAITING************

Write the data to file:8388608 bytes
***********WAITING************

Write the data to file:8388608 bytes
***********WAITING************

Write the data to file:8388608 bytes
***********WAITING************
nr_of_strided_rec: 256
nr_doubles: 512
nr_of_strided_rec: 256
nr_doubles: 512
nr_of_strided_rec: 256
nr_doubles: 512
nr_of_strided_rec: 256
nr_doubles: 512
nr_of_strided_rec: 256
nr_doubles: 512
nr_of_strided_rec: 256
nr_doubles: 512
nr_of_strided_rec: 256
nr_doubles: 512
nr_of_strided_rec: 256
nr_doubles: 512
nr_of_strided_rec: 256
nr_doubles: 512
nr_of_strided_rec: 256
nr_doubles: 512
nr_of_strided_rec: 256
nr_doubles: 512
nr_of_strided_rec: 256
nr_doubles: 512
nr_of_strided_rec: 256
nr_doubles: 512
nr_of_strided_rec: 256
nr_doubles: 512
nr_of_strided_rec: 256
nr_doubles: 512
nr_of_strided_rec: 256
nr_doubles: 512

Write the data to file:8388608 bytes
***********WAITING************

Write the data to file:8388608 bytes
***********WAITING************

Write the data to file:8388608 bytes
***********WAITING************

Write the data to file:8388608 bytes
***********WAITING************

Write the data to file:8388608 bytes
***********WAITING************

Write the data to file:8388608 bytes
***********WAITING************

Write the data to file:8388608 bytes
***********WAITING************

Write the data to file:8388608 bytes
***********WAITING************

Write the data to file:8388608 bytes
***********WAITING************

Write the data to file:8388608 bytes
***********WAITING************

Write the data to file:8388608 bytes
***********WAITING************

Write the data to file:8388608 bytes
***********WAITING************

Write the data to file:8388608 bytes
***********WAITING************

Write the data to file:8388608 bytes
***********WAITING************

Write the data to file:8388608 bytes
***********WAITING************

Write the data to file:8388608 bytes
***********WAITING************
nr_of_strided_rec: 256
nr_doubles: 512
nr_of_strided_rec: 256
nr_doubles: 512
nr_of_strided_rec: 256
nr_doubles: 512
nr_of_strided_rec: 256
nr_doubles: 512
nr_of_strided_rec: 256
nr_doubles: 512
nr_of_strided_rec: 256
nr_doubles: 512
nr_of_strided_rec: 256
nr_doubles: 512
nr_of_strided_rec: 256
nr_doubles: 512
nr_of_strided_rec: 256
nr_doubles: 512
nr_of_strided_rec: 256
nr_doubles: 512
nr_of_strided_rec: 256
nr_doubles: 512
nr_of_strided_rec: 256
nr_doubles: 512
nr_of_strided_rec: 256
nr_doubles: 512
nr_of_strided_rec: 256
nr_doubles: 512
nr_of_strided_rec: 256
nr_doubles: 512
nr_of_strided_rec: 256
nr_doubles: 512

Write the data to file:8388608 bytes
***********WAITING************

Write the data to file:8388608 bytes
***********WAITING************

Write the data to file:8388608 bytes
***********WAITING************

Write the data to file:8388608 bytes
***********WAITING************

Write the data to file:8388608 bytes
***********WAITING************

Write the data to file:8388608 bytes
***********WAITING************

Write the data to file:8388608 bytes
***********WAITING************

Write the data to file:8388608 bytes
***********WAITING************

Write the data to file:8388608 bytes
***********WAITING************

Write the data to file:8388608 bytes
***********WAITING************

Write the data to file:8388608 bytes
***********WAITING************

Write the data to file:8388608 bytes
***********WAITING************

Write the data to file:8388608 bytes
***********WAITING************

Write the data to file:8388608 bytes
***********WAITING************

Write the data to file:8388608 bytes
***********WAITING************

Write the data to file:8388608 bytes
***********WAITING************
nr_of_strided_rec: 256
nr_doubles: 512
nr_of_strided_rec: 256
nr_doubles: 512
nr_of_strided_rec: 256
nr_doubles: 512
nr_of_strided_rec: 256
nr_doubles: 512
nr_of_strided_rec: 256
nr_doubles: 512
nr_of_strided_rec: 256
nr_doubles: 512
nr_of_strided_rec: 256
nr_doubles: 512
nr_of_strided_rec: 256
nr_doubles: 512
nr_of_strided_rec: 256
nr_doubles: 512
nr_of_strided_rec: 256
nr_doubles: 512
nr_of_strided_rec: 256
nr_doubles: 512
nr_of_strided_rec: 256
nr_doubles: 512
nr_of_strided_rec: 256
nr_doubles: 512
nr_of_strided_rec: 256
nr_doubles: 512
nr_of_strided_rec: 256
nr_doubles: 512
nr_of_strided_rec: 256
nr_doubles: 512

Write the data to file:8388608 bytes
***********WAITING************

Write the data to file:8388608 bytes
***********WAITING************

Write the data to file:8388608 bytes
***********WAITING************

Write the data to file:8388608 bytes
***********WAITING************

Write the data to file:8388608 bytes
***********WAITING************

Write the data to file:8388608 bytes
***********WAITING************

Write the data to file:8388608 bytes
***********WAITING************

Write the data to file:8388608 bytes
***********WAITING************

Write the data to file:8388608 bytes
***********WAITING************

Write the data to file:8388608 bytes
***********WAITING************

Write the data to file:8388608 bytes
***********WAITING************

Write the data to file:8388608 bytes
***********WAITING************

Write the data to file:8388608 bytes
***********WAITING************

Write the data to file:8388608 bytes
***********WAITING************

Write the data to file:8388608 bytes
***********WAITING************

Write the data to file:8388608 bytes
***********WAITING************
nr_of_strided_rec: 256
nr_doubles: 512
nr_of_strided_rec: 256
nr_doubles: 512
nr_of_strided_rec: 256
nr_doubles: 512
nr_of_strided_rec: 256
nr_doubles: 512
nr_of_strided_rec: 256
nr_doubles: 512
nr_of_strided_rec: 256
nr_doubles: 512
nr_of_strided_rec: 256
nr_doubles: 512
nr_of_strided_rec: 256
nr_doubles: 512
nr_of_strided_rec: 256
nr_doubles: 512
nr_of_strided_rec: 256
nr_doubles: 512
nr_of_strided_rec: 256
nr_doubles: 512
nr_of_strided_rec: 256
nr_doubles: 512
nr_of_strided_rec: 256
nr_doubles: 512
nr_of_strided_rec: 256
nr_doubles: 512
nr_of_strided_rec: 256
nr_doubles: 512
nr_of_strided_rec: 256
nr_doubles: 512

Write the data to file:8388608 bytes
***********WAITING************

Write the data to file:8388608 bytes
***********WAITING************

Write the data to file:8388608 bytes
***********WAITING************

Write the data to file:8388608 bytes
***********WAITING************

Write the data to file:8388608 bytes
***********WAITING************

Write the data to file:8388608 bytes
***********WAITING************

Write the data to file:8388608 bytes
***********WAITING************

Write the data to file:8388608 bytes
***********WAITING************

Write the data to file:8388608 bytes
***********WAITING************

Write the data to file:8388608 bytes
***********WAITING************

Write the data to file:8388608 bytes
***********WAITING************

Write the data to file:8388608 bytes
***********WAITING************

Write the data to file:8388608 bytes
***********WAITING************

Write the data to file:8388608 bytes
***********WAITING************

Write the data to file:8388608 bytes
***********WAITING************

Write the data to file:8388608 bytes
***********WAITING************
nr_of_strided_rec: 256
nr_doubles: 512
nr_of_strided_rec: 256
nr_doubles: 512
nr_of_strided_rec: 256
nr_doubles: 512
nr_of_strided_rec: 256
nr_doubles: 512
nr_of_strided_rec: 256
nr_doubles: 512
nr_of_strided_rec: 256
nr_doubles: 512
nr_of_strided_rec: 256
nr_doubles: 512
nr_of_strided_rec: 256
nr_doubles: 512
nr_of_strided_rec: 256
nr_doubles: 512
nr_of_strided_rec: 256
nr_doubles: 512
nr_of_strided_rec: 256
nr_doubles: 512
nr_of_strided_rec: 256
nr_doubles: 512
nr_of_strided_rec: 256
nr_doubles: 512
nr_of_strided_rec: 256
nr_doubles: 512
nr_of_strided_rec: 256
nr_doubles: 512
nr_of_strided_rec: 256
nr_doubles: 512

Write the data to file:8388608 bytes
***********WAITING************

Write the data to file:8388608 bytes
***********WAITING************

Write the data to file:8388608 bytes
***********WAITING************

Write the data to file:8388608 bytes
***********WAITING************

Write the data to file:8388608 bytes
***********WAITING************

Write the data to file:8388608 bytes
***********WAITING************

Write the data to file:8388608 bytes
***********WAITING************

Write the data to file:8388608 bytes
***********WAITING************

Write the data to file:8388608 bytes
***********WAITING************

Write the data to file:8388608 bytes
***********WAITING************

Write the data to file:8388608 bytes
***********WAITING************

Write the data to file:8388608 bytes
***********WAITING************

Write the data to file:8388608 bytes
***********WAITING************

Write the data to file:8388608 bytes
***********WAITING************

Write the data to file:8388608 bytes
***********WAITING************

Write the data to file:8388608 bytes
***********WAITING************
nr_of_strided_rec: 256
nr_doubles: 512
nr_of_strided_rec: 256
nr_doubles: 512
nr_of_strided_rec: 256
nr_doubles: 512
nr_of_strided_rec: 256
nr_doubles: 512
nr_of_strided_rec: 256
nr_doubles: 512
nr_of_strided_rec: 256
nr_doubles: 512
nr_of_strided_rec: 256
nr_doubles: 512
nr_of_strided_rec: 256
nr_doubles: 512
nr_of_strided_rec: 256
nr_doubles: 512
nr_of_strided_rec: 256
nr_doubles: 512
nr_of_strided_rec: 256
nr_doubles: 512
nr_of_strided_rec: 256
nr_doubles: 512
nr_of_strided_rec: 256
nr_doubles: 512
nr_of_strided_rec: 256
nr_doubles: 512
nr_of_strided_rec: 256
nr_doubles: 512
nr_of_strided_rec: 256
nr_doubles: 512

Write the data to file:8388608 bytes
***********WAITING************

Write the data to file:8388608 bytes
***********WAITING************

Write the data to file:8388608 bytes
***********WAITING************

Write the data to file:8388608 bytes
***********WAITING************

Write the data to file:8388608 bytes
***********WAITING************

Write the data to file:8388608 bytes
***********WAITING************

Write the data to file:8388608 bytes
***********WAITING************

Write the data to file:8388608 bytes
***********WAITING************

Write the data to file:8388608 bytes
***********WAITING************

Write the data to file:8388608 bytes
***********WAITING************

Write the data to file:8388608 bytes
***********WAITING************

Write the data to file:8388608 bytes
***********WAITING************

Write the data to file:8388608 bytes
***********WAITING************

Write the data to file:8388608 bytes
***********WAITING************

Write the data to file:8388608 bytes
***********WAITING************

Write the data to file:8388608 bytes
***********WAITING************
nr_of_strided_rec: 256
nr_doubles: 512
nr_of_strided_rec: 256
nr_doubles: 512
nr_of_strided_rec: 256
nr_doubles: 512
nr_of_strided_rec: 256
nr_doubles: 512
nr_of_strided_rec: 256
nr_doubles: 512
nr_of_strided_rec: 256
nr_doubles: 512
nr_of_strided_rec: 256
nr_doubles: 512
nr_of_strided_rec: 256
nr_doubles: 512
nr_of_strided_rec: 256
nr_doubles: 512
nr_of_strided_rec: 256
nr_doubles: 512
nr_of_strided_rec: 256
nr_doubles: 512
nr_of_strided_rec: 256
nr_doubles: 512
nr_of_strided_rec: 256
nr_doubles: 512
nr_of_strided_rec: 256
nr_doubles: 512
nr_of_strided_rec: 256
nr_doubles: 512
nr_of_strided_rec: 256
nr_doubles: 512

Write the data to file:8388608 bytes
***********WAITING************

Write the data to file:8388608 bytes
***********WAITING************

Write the data to file:8388608 bytes
***********WAITING************

Write the data to file:8388608 bytes
***********WAITING************

Write the data to file:8388608 bytes
***********WAITING************

Write the data to file:8388608 bytes
***********WAITING************

Write the data to file:8388608 bytes
***********WAITING************

Write the data to file:8388608 bytes
***********WAITING************

Write the data to file:8388608 bytes
***********WAITING************

Write the data to file:8388608 bytes
***********WAITING************

Write the data to file:8388608 bytes
***********WAITING************

Write the data to file:8388608 bytes
***********WAITING************

Write the data to file:8388608 bytes
***********WAITING************

Write the data to file:8388608 bytes
***********WAITING************

Write the data to file:8388608 bytes
***********WAITING************

Write the data to file:8388608 bytes
***********WAITING************

Write the data to file:8388608 bytes
***********WAITING************

Write the data to file:8388608 bytes
***********WAITING************

Write the data to file:8388608 bytes
***********WAITING************

Write the data to file:8388608 bytes
***********WAITING************

Write the data to file:8388608 bytes
***********WAITING************

Write the data to file:8388608 bytes
***********WAITING************

Write the data to file:8388608 bytes
***********WAITING************

Write the data to file:8388608 bytes
***********WAITING************

Write the data to file:8388608 bytes
***********WAITING************

Write the data to file:8388608 bytes
***********WAITING************

Write the data to file:8388608 bytes
***********WAITING************

Write the data to file:8388608 bytes
***********WAITING************

Write the data to file:8388608 bytes
***********WAITING************

Write the data to file:8388608 bytes
***********WAITING************

Write the data to file:8388608 bytes
***********WAITING************

Write the data to file:8388608 bytes
***********WAITING************
W_cc         0.63   [      0.62:      0.63]
W_r         27.82   [     27.82:     27.82]
W_w          3.36   [      3.36:      3.36]
          -------
W_total     31.80   [     31.80:     31.81]

calc_W done
calc_W done
calc_W done
calc_W done
calc_W done
calc_W done
calc_W done
calc_W done
calc_W done
calc_W done
calc_W done
nr_of_strided_rec: 256
nr_doubles: 512
calc_W done
nr_of_strided_rec: 256
nr_doubles: 512
calc_W done
nr_of_strided_rec: 256
nr_doubles: 512
calc_W done
nr_of_strided_rec: 256
nr_doubles: 512
calc_W done
nr_of_strided_rec: 256
nr_doubles: 512
calc_W done
nr_of_strided_rec: 256
nr_doubles: 512
nr_of_strided_rec: 256
nr_doubles: 512
nr_of_strided_rec: 256
nr_doubles: 512
nr_of_strided_rec: 256
nr_doubles: 512
nr_of_strided_rec: 256
nr_doubles: 512
nr_of_strided_rec: 256
nr_doubles: 512
nr_of_strided_rec: 256
nr_doubles: 512
nr_of_strided_rec: 256
nr_doubles: 512
nr_of_strided_rec: 256
nr_doubles: 512
nr_of_strided_rec: 256
nr_doubles: 512
nr_of_strided_rec: 256
nr_doubles: 512
nr_of_strided_rec: 256
nr_doubles: 512
nr_of_strided_rec: 256
nr_doubles: 512
nr_of_strided_rec: 256
nr_doubles: 512
nr_of_strided_rec: 256
nr_doubles: 512
nr_of_strided_rec: 256
nr_doubles: 512
nr_of_strided_rec: 256
nr_doubles: 512
nr_of_strided_rec: 256
nr_doubles: 512
nr_of_strided_rec: 256
nr_doubles: 512
nr_of_strided_rec: 256
nr_doubles: 512
nr_of_strided_rec: 256
nr_doubles: 512
nr_of_strided_rec: 256
nr_doubles: 512
nr_of_strided_rec: 256
nr_doubles: 512
nr_of_strided_rec: 256
nr_doubles: 512
nr_of_strided_rec: 256
nr_doubles: 512
nr_of_strided_rec: 256
nr_doubles: 512
nr_of_strided_rec: 256
nr_doubles: 512
nr_of_strided_rec: 256
nr_doubles: 512
nr_of_strided_rec: 256
nr_doubles: 512
nr_of_strided_rec: 256
nr_doubles: 512
nr_of_strided_rec: 256
nr_doubles: 512
nr_of_strided_rec: 256
nr_doubles: 512
nr_of_strided_rec: 256
nr_doubles: 512
nr_of_strided_rec: 256
nr_doubles: 512
nr_of_strided_rec: 256
nr_doubles: 512
nr_of_strided_rec: 256
nr_doubles: 512
nr_of_strided_rec: 256
nr_doubles: 512
nr_of_strided_rec: 256
nr_doubles: 512
nr_of_strided_rec: 256
nr_doubles: 512
nr_of_strided_rec: 256
nr_doubles: 512
nr_of_strided_rec: 256
nr_doubles: 512
nr_of_strided_rec: 256
nr_doubles: 512
nr_of_strided_rec: 256
nr_doubles: 512
nr_of_strided_rec: 256
nr_doubles: 512
nr_of_strided_rec: 256
nr_doubles: 512
nr_of_strided_rec: 256
nr_doubles: 512
nr_of_strided_rec: 256
nr_doubles: 512
nr_of_strided_rec: 256
nr_doubles: 512
nr_of_strided_rec: 256
nr_doubles: 512
nr_of_strided_rec: 256
nr_doubles: 512
nr_of_strided_rec: 256
nr_doubles: 512
nr_of_strided_rec: 256
nr_doubles: 512
nr_of_strided_rec: 256
nr_doubles: 512
nr_of_strided_rec: 256
nr_doubles: 512
nr_of_strided_rec: 256
nr_doubles: 512
nr_of_strided_rec: 256
nr_doubles: 512
nr_of_strided_rec: 256
nr_doubles: 512
nr_of_strided_rec: 256
nr_doubles: 512
nr_of_strided_rec: 256
nr_doubles: 512
nr_of_strided_rec: 256
nr_doubles: 512
nr_of_strided_rec: 256
nr_doubles: 512
nr_of_strided_rec: 256
nr_doubles: 512
nr_of_strided_rec: 256
nr_doubles: 512
nr_of_strided_rec: 256
nr_doubles: 512
nr_of_strided_rec: 256
nr_doubles: 512
nr_of_strided_rec: 256
nr_doubles: 512
nr_of_strided_rec: 256
nr_doubles: 512
nr_of_strided_rec: 256
nr_doubles: 512
nr_of_strided_rec: 256
nr_doubles: 512
nr_of_strided_rec: 256
nr_doubles: 512
nr_of_strided_rec: 256
nr_doubles: 512
nr_of_strided_rec: 256
nr_doubles: 512
nr_of_strided_rec: 256
nr_doubles: 512
nr_of_strided_rec: 256
nr_doubles: 512
nr_of_strided_rec: 256
nr_doubles: 512
nr_of_strided_rec: 256
nr_doubles: 512
nr_of_strided_rec: 256
nr_doubles: 512
nr_of_strided_rec: 256
nr_doubles: 512
nr_of_strided_rec: 256
nr_doubles: 512
nr_of_strided_rec: 256
nr_doubles: 512
nr_of_strided_rec: 256
nr_doubles: 512
nr_of_strided_rec: 256
nr_doubles: 512
nr_of_strided_rec: 256
nr_doubles: 512
nr_of_strided_rec: 256
nr_doubles: 512
nr_of_strided_rec: 256
nr_doubles: 512
nr_of_strided_rec: 256
nr_doubles: 512
nr_of_strided_rec: 256
nr_doubles: 512
nr_of_strided_rec: 256
nr_doubles: 512
nr_of_strided_rec: 256
nr_doubles: 512
nr_of_strided_rec: 256
nr_doubles: 512
nr_of_strided_rec: 256
nr_doubles: 512
nr_of_strided_rec: 256
nr_doubles: 512
nr_of_strided_rec: 256
nr_doubles: 512
nr_of_strided_rec: 256
nr_doubles: 512
nr_of_strided_rec: 256
nr_doubles: 512
nr_of_strided_rec: 256
nr_doubles: 512
nr_of_strided_rec: 256
nr_doubles: 512
nr_of_strided_rec: 256
nr_doubles: 512
nr_of_strided_rec: 256
nr_doubles: 512
nr_of_strided_rec: 256
nr_doubles: 512
nr_of_strided_rec: 256
nr_doubles: 512
nr_of_strided_rec: 256
nr_doubles: 512
nr_of_strided_rec: 256
nr_doubles: 512
nr_of_strided_rec: 256
nr_doubles: 512
nr_of_strided_rec: 256
nr_doubles: 512
nr_of_strided_rec: 256
nr_doubles: 512
nr_of_strided_rec: 256
nr_doubles: 512
nr_of_strided_rec: 256
nr_doubles: 512
nr_of_strided_rec: 256
nr_doubles: 512
nr_of_strided_rec: 256
nr_doubles: 512
nr_of_strided_rec: 256
nr_doubles: 512
nr_of_strided_rec: 256
nr_doubles: 512
nr_of_strided_rec: 256
nr_doubles: 512
nr_of_strided_rec: 256
nr_doubles: 512
nr_of_strided_rec: 256
nr_doubles: 512
nr_of_strided_rec: 256
nr_doubles: 512
nr_of_strided_rec: 256
nr_doubles: 512
nr_of_strided_rec: 256
nr_doubles: 512
nr_of_strided_rec: 256
nr_doubles: 512
nr_of_strided_rec: 256
nr_doubles: 512
nr_of_strided_rec: 256
nr_doubles: 512
nr_of_strided_rec: 256
nr_doubles: 512
nr_of_strided_rec: 256
nr_doubles: 512
nr_of_strided_rec: 256
nr_doubles: 512
nr_of_strided_rec: 256
nr_doubles: 512
nr_of_strided_rec: 256
nr_doubles: 512
nr_of_strided_rec: 256
nr_doubles: 512
nr_of_strided_rec: 256
nr_doubles: 512
nr_of_strided_rec: 256
nr_doubles: 512
nr_of_strided_rec: 256
nr_doubles: 512
nr_of_strided_rec: 256
nr_doubles: 512
nr_of_strided_rec: 256
nr_doubles: 512
nr_of_strided_rec: 256
nr_doubles: 512
nr_of_strided_rec: 256
nr_doubles: 512
nr_of_strided_rec: 256
nr_doubles: 512
nr_of_strided_rec: 256
nr_doubles: 512
nr_of_strided_rec: 256
nr_doubles: 512
nr_of_strided_rec: 256
nr_doubles: 512
nr_of_strided_rec: 256
nr_doubles: 512
nr_of_strided_rec: 256
nr_doubles: 512
nr_of_strided_rec: 256
nr_doubles: 512
nr_of_strided_rec: 256
nr_doubles: 512
nr_of_strided_rec: 256
nr_doubles: 512
nr_of_strided_rec: 256
nr_doubles: 512
nr_of_strided_rec: 256
nr_doubles: 512
nr_of_strided_rec: 256
nr_doubles: 512
nr_of_strided_rec: 256
nr_doubles: 512
nr_of_strided_rec: 256
nr_doubles: 512
nr_of_strided_rec: 256
nr_doubles: 512
nr_of_strided_rec: 256
nr_doubles: 512
nr_of_strided_rec: 256
nr_doubles: 512
nr_of_strided_rec: 256
nr_doubles: 512
nr_of_strided_rec: 256
nr_doubles: 512
nr_of_strided_rec: 256
nr_doubles: 512
nr_of_strided_rec: 256
nr_doubles: 512
nr_of_strided_rec: 256
nr_doubles: 512
nr_of_strided_rec: 256
nr_doubles: 512
nr_of_strided_rec: 256
nr_doubles: 512
nr_of_strided_rec: 256
nr_doubles: 512
nr_of_strided_rec: 256
nr_doubles: 512
nr_of_strided_rec: 256
nr_doubles: 512
nr_of_strided_rec: 256
nr_doubles: 512
nr_of_strided_rec: 256
nr_doubles: 512
nr_of_strided_rec: 256
nr_doubles: 512
nr_of_strided_rec: 256
nr_doubles: 512
nr_of_strided_rec: 256
nr_doubles: 512
nr_of_strided_rec: 256
nr_doubles: 512
nr_of_strided_rec: 256
nr_doubles: 512
nr_of_strided_rec: 256
nr_doubles: 512
nr_of_strided_rec: 256
nr_doubles: 512
nr_of_strided_rec: 256
nr_doubles: 512
nr_of_strided_rec: 256
nr_doubles: 512
nr_of_strided_rec: 256
nr_doubles: 512
nr_of_strided_rec: 256
nr_doubles: 512
nr_of_strided_rec: 256
nr_doubles: 512
nr_of_strided_rec: 256
nr_doubles: 512
nr_of_strided_rec: 256
nr_doubles: 512
nr_of_strided_rec: 256
nr_doubles: 512
nr_of_strided_rec: 256
nr_doubles: 512
nr_of_strided_rec: 256
nr_doubles: 512
nr_of_strided_rec: 256
nr_doubles: 512
nr_of_strided_rec: 256
nr_doubles: 512
nr_of_strided_rec: 256
nr_doubles: 512
nr_of_strided_rec: 256
nr_doubles: 512
nr_of_strided_rec: 256
nr_doubles: 512
nr_of_strided_rec: 256
nr_doubles: 512
nr_of_strided_rec: 256
nr_doubles: 512
nr_of_strided_rec: 256
nr_doubles: 512
nr_of_strided_rec: 256
nr_doubles: 512
nr_of_strided_rec: 256
nr_doubles: 512
nr_of_strided_rec: 256
nr_doubles: 512
nr_of_strided_rec: 256
nr_doubles: 512
nr_of_strided_rec: 256
nr_doubles: 512
nr_of_strided_rec: 256
nr_doubles: 512
nr_of_strided_rec: 256
nr_doubles: 512
nr_of_strided_rec: 256
nr_doubles: 512
nr_of_strided_rec: 256
nr_doubles: 512
nr_of_strided_rec: 256
nr_doubles: 512
nr_of_strided_rec: 256
nr_doubles: 512
nr_of_strided_rec: 256
nr_doubles: 512
nr_of_strided_rec: 256
nr_doubles: 512
nr_of_strided_rec: 256
nr_doubles: 512
nr_of_strided_rec: 256
nr_doubles: 512
nr_of_strided_rec: 256
nr_doubles: 512
nr_of_strided_rec: 256
nr_doubles: 512
nr_of_strided_rec: 256
nr_doubles: 512
nr_of_strided_rec: 256
nr_doubles: 512
nr_of_strided_rec: 256
nr_doubles: 512
nr_of_strided_rec: 256
nr_doubles: 512
nr_of_strided_rec: 256
nr_doubles: 512
nr_of_strided_rec: 256
nr_doubles: 512
nr_of_strided_rec: 256
nr_doubles: 512
nr_of_strided_rec: 256
nr_doubles: 512
nr_of_strided_rec: 256
nr_doubles: 512
nr_of_strided_rec: 256
nr_doubles: 512
nr_of_strided_rec: 256
nr_doubles: 512
nr_of_strided_rec: 256
nr_doubles: 512
nr_of_strided_rec: 256
nr_doubles: 512
nr_of_strided_rec: 256
nr_doubles: 512
nr_of_strided_rec: 256
nr_doubles: 512
nr_of_strided_rec: 256
nr_doubles: 512
nr_of_strided_rec: 256
nr_doubles: 512
nr_of_strided_rec: 256
nr_doubles: 512
nr_of_strided_rec: 256
nr_doubles: 512
nr_of_strided_rec: 256
nr_doubles: 512
nr_of_strided_rec: 256
nr_doubles: 512
nr_of_strided_rec: 256
nr_doubles: 512
nr_of_strided_rec: 256
nr_doubles: 512
nr_of_strided_rec: 256
nr_doubles: 512
nr_of_strided_rec: 256
nr_doubles: 512
nr_of_strided_rec: 256
nr_doubles: 512
nr_of_strided_rec: 256
nr_doubles: 512
nr_of_strided_rec: 256
nr_doubles: 512
nr_of_strided_rec: 256
nr_doubles: 512
nr_of_strided_rec: 256
nr_doubles: 512
nr_of_strided_rec: 256
nr_doubles: 512
nr_of_strided_rec: 256
nr_doubles: 512
nr_of_strided_rec: 256
nr_doubles: 512
nr_of_strided_rec: 256
nr_doubles: 512
nr_of_strided_rec: 256
nr_doubles: 512
nr_of_strided_rec: 256
nr_doubles: 512
nr_of_strided_rec: 256
nr_doubles: 512
nr_of_strided_rec: 256
nr_doubles: 512
nr_of_strided_rec: 256
nr_doubles: 512
nr_of_strided_rec: 256
nr_doubles: 512
nr_of_strided_rec: 256
nr_doubles: 512
nr_of_strided_rec: 256
nr_doubles: 512
nr_of_strided_rec: 256
nr_doubles: 512
nr_of_strided_rec: 256
nr_doubles: 512
nr_of_strided_rec: 256
nr_doubles: 512
nr_of_strided_rec: 256
nr_doubles: 512
nr_of_strided_rec: 256
nr_doubles: 512
nr_of_strided_rec: 256
nr_doubles: 512
nr_of_strided_rec: 256
nr_doubles: 512
nr_of_strided_rec: 256
nr_doubles: 512
nr_of_strided_rec: 256
nr_doubles: 512
nr_of_strided_rec: 256
nr_doubles: 512
nr_of_strided_rec: 256
nr_doubles: 512
nr_of_strided_rec: 256
nr_doubles: 512
nr_of_strided_rec: 256
nr_doubles: 512
nr_of_strided_rec: 256
nr_doubles: 512
nr_of_strided_rec: 256
nr_doubles: 512
nr_of_strided_rec: 256
nr_doubles: 512
nr_of_strided_rec: 256
nr_doubles: 512
nr_of_strided_rec: 256
nr_doubles: 512
nr_of_strided_rec: 256
nr_doubles: 512
nr_of_strided_rec: 256
nr_doubles: 512
nr_of_strided_rec: 256
nr_doubles: 512
nr_of_strided_rec: 256
nr_doubles: 512
nr_of_strided_rec: 256
nr_doubles: 512
nr_of_strided_rec: 256
nr_doubles: 512
nr_of_strided_rec: 256
nr_doubles: 512
nr_of_strided_rec: 256
nr_doubles: 512
nr_of_strided_rec: 256
nr_doubles: 512
nr_of_strided_rec: 256
nr_doubles: 512
nr_of_strided_rec: 256
nr_doubles: 512
nr_of_strided_rec: 256
nr_doubles: 512
nr_of_strided_rec: 256
nr_doubles: 512
nr_of_strided_rec: 256
nr_doubles: 512
nr_of_strided_rec: 256
nr_doubles: 512
nr_of_strided_rec: 256
nr_doubles: 512
nr_of_strided_rec: 256
nr_doubles: 512
nr_of_strided_rec: 256
nr_doubles: 512
nr_of_strided_rec: 256
nr_doubles: 512
nr_of_strided_rec: 256
nr_doubles: 512
nr_of_strided_rec: 256
nr_doubles: 512
nr_of_strided_rec: 256
nr_doubles: 512
nr_of_strided_rec: 256
nr_doubles: 512
nr_of_strided_rec: 256
nr_doubles: 512
nr_of_strided_rec: 256
nr_doubles: 512
nr_of_strided_rec: 256
nr_doubles: 512
nr_of_strided_rec: 256
nr_doubles: 512
nr_of_strided_rec: 256
nr_doubles: 512
nr_of_strided_rec: 256
nr_doubles: 512
nr_of_strided_rec: 256
nr_doubles: 512
nr_of_strided_rec: 256
nr_doubles: 512
nr_of_strided_rec: 256
nr_doubles: 512
nr_of_strided_rec: 256
nr_doubles: 512
nr_of_strided_rec: 256
nr_doubles: 512
nr_of_strided_rec: 256
nr_doubles: 512
nr_of_strided_rec: 256
nr_doubles: 512
nr_of_strided_rec: 256
nr_doubles: 512
nr_of_strided_rec: 256
nr_doubles: 512
nr_of_strided_rec: 256
nr_doubles: 512
nr_of_strided_rec: 256
nr_doubles: 512
nr_of_strided_rec: 256
nr_doubles: 512
nr_of_strided_rec: 256
nr_doubles: 512
nr_of_strided_rec: 256
nr_doubles: 512
nr_of_strided_rec: 256
nr_doubles: 512
nr_of_strided_rec: 256
nr_doubles: 512
nr_of_strided_rec: 256
nr_doubles: 512
nr_of_strided_rec: 256
nr_doubles: 512
nr_of_strided_rec: 256
nr_doubles: 512
nr_of_strided_rec: 256
nr_doubles: 512
nr_of_strided_rec: 256
nr_doubles: 512
nr_of_strided_rec: 256
nr_doubles: 512
nr_of_strided_rec: 256
nr_doubles: 512
nr_of_strided_rec: 256
nr_doubles: 512
nr_of_strided_rec: 256
nr_doubles: 512
nr_of_strided_rec: 256
nr_doubles: 512
nr_of_strided_rec: 256
nr_doubles: 512
nr_of_strided_rec: 256
nr_doubles: 512
nr_of_strided_rec: 256
nr_doubles: 512
nr_of_strided_rec: 256
