fclose PID:32462 fd:3
fclose PID:32462 fd:4
fclose PID:32462 fd:4
fclose PID:32462 fd:3
available: 2 nodes (0-1)
fclose PID:32462 fd:3
node 0 cpus:fclose PID:32462 fd:3
 0 1 2 3 4 5 6 7 8 9 20 21 22 23 24 25 26 27 28 29
node 0 size: 80440 MB
node 0 free: 80119 MB
fclose PID:32462 fd:3
node 1 cpus:fclose PID:32462 fd:3
 10 11 12 13 14 15 16 17 18 19 30 31 32 33 34 35 36 37 38 39
node 1 size: 80635 MB
node 1 free: 80377 MB
fclose PID:32462 fd:3
fclose PID:32462 fd:3
node distances:
node   0   1 
  0:  10  21 
  1:  21  10 
READAHEAD_TIME:0.000000 us
MaxRSS= 2252 KB, SharedMem= 0 KB, HardPageFault= 10
fclose PID:32467 fd:12
fclose PID:32470 fd:8
fclose PID:32468 fd:10
fclose PID:32469 fd:8

MADbench 2.0 IO-mode
no_pe = 4  no_pix = 16384  no_bin = 30  no_gang = 1 sblocksize = 8  fblocksize = 64  r_mod = 1  w_mod = 1 record_size=131072 stride=7


IOMETHOD = POSIX  IOMODE = SYNC  FILETYPE = UNIQUE  REMAP = CUSTOMbuild_S
build_S
build_S
build_S

Write the data to file:536870912 bytes
***********WAITING************

Write the data to file:536870912 bytes
***********WAITING************

Write the data to file:536870912 bytes
***********WAITING************

Write the data to file:536870912 bytes
***********WAITING************

Write the data to file:536870912 bytes
***********WAITING************

Write the data to file:536870912 bytes
***********WAITING************

Write the data to file:536870912 bytes
***********WAITING************

Write the data to file:536870912 bytes
***********WAITING************

Write the data to file:536870912 bytes
***********WAITING************

Write the data to file:536870912 bytes
***********WAITING************

Write the data to file:536870912 bytes
***********WAITING************

Write the data to file:536870912 bytes
***********WAITING************

Write the data to file:536870912 bytes
***********WAITING************

Write the data to file:536870912 bytes
***********WAITING************

Write the data to file:536870912 bytes
***********WAITING************

Write the data to file:536870912 bytes
***********WAITING************

Write the data to file:536870912 bytes
***********WAITING************

Write the data to file:536870912 bytes
***********WAITING************

Write the data to file:536870912 bytes
***********WAITING************

Write the data to file:536870912 bytes
***********WAITING************

Write the data to file:536870912 bytes
***********WAITING************

Write the data to file:536870912 bytes
***********WAITING************

Write the data to file:536870912 bytes
***********WAITING************

Write the data to file:536870912 bytes
***********WAITING************

Write the data to file:536870912 bytes
***********WAITING************

Write the data to file:536870912 bytes
***********WAITING************

Write the data to file:536870912 bytes
***********WAITING************

Write the data to file:536870912 bytes
***********WAITING************

Write the data to file:536870912 bytes
***********WAITING************

Write the data to file:536870912 bytes
***********WAITING************

Write the data to file:536870912 bytes
***********WAITING************

Write the data to file:536870912 bytes
***********WAITING************

Write the data to file:536870912 bytes
***********WAITING************

Write the data to file:536870912 bytes
***********WAITING************

Write the data to file:536870912 bytes
***********WAITING************

Write the data to file:536870912 bytes
***********WAITING************

Write the data to file:536870912 bytes
***********WAITING************

Write the data to file:536870912 bytes
***********WAITING************

Write the data to file:536870912 bytes
***********WAITING************

Write the data to file:536870912 bytes
***********WAITING************

Write the data to file:536870912 bytes
***********WAITING************

Write the data to file:536870912 bytes
***********WAITING************

Write the data to file:536870912 bytes
***********WAITING************

Write the data to file:536870912 bytes
***********WAITING************

Write the data to file:536870912 bytes
***********WAITING************

Write the data to file:536870912 bytes
***********WAITING************

Write the data to file:536870912 bytes
***********WAITING************

Write the data to file:536870912 bytes
***********WAITING************

Write the data to file:536870912 bytes
***********WAITING************

Write the data to file:536870912 bytes
***********WAITING************

Write the data to file:536870912 bytes
***********WAITING************

Write the data to file:536870912 bytes
***********WAITING************

Write the data to file:536870912 bytes
***********WAITING************

Write the data to file:536870912 bytes
***********WAITING************

Write the data to file:536870912 bytes
***********WAITING************

Write the data to file:536870912 bytes
***********WAITING************

Write the data to file:536870912 bytes
***********WAITING************

Write the data to file:536870912 bytes
***********WAITING************

Write the data to file:536870912 bytes
***********WAITING************

Write the data to file:536870912 bytes
***********WAITING************

Write the data to file:536870912 bytes
***********WAITING************

Write the data to file:536870912 bytes
***********WAITING************

Write the data to file:536870912 bytes
***********WAITING************

Write the data to file:536870912 bytes
***********WAITING************

Write the data to file:536870912 bytes
***********WAITING************

Write the data to file:536870912 bytes
***********WAITING************

Write the data to file:536870912 bytes
***********WAITING************

Write the data to file:536870912 bytes
***********WAITING************

Write the data to file:536870912 bytes
***********WAITING************

Write the data to file:536870912 bytes
***********WAITING************

Write the data to file:536870912 bytes
***********WAITING************

Write the data to file:536870912 bytes
***********WAITING************

Write the data to file:536870912 bytes
***********WAITING************

Write the data to file:536870912 bytes
***********WAITING************

Write the data to file:536870912 bytes
***********WAITING************

Write the data to file:536870912 bytes
***********WAITING************

Write the data to file:536870912 bytes
***********WAITING************

Write the data to file:536870912 bytes
***********WAITING************

Write the data to file:536870912 bytes
***********WAITING************

Write the data to file:536870912 bytes
***********WAITING************

Write the data to file:536870912 bytes
***********WAITING************

Write the data to file:536870912 bytes
***********WAITING************

Write the data to file:536870912 bytes
***********WAITING************

Write the data to file:536870912 bytes
***********WAITING************

Write the data to file:536870912 bytes
***********WAITING************

Write the data to file:536870912 bytes
***********WAITING************

Write the data to file:536870912 bytes
***********WAITING************

Write the data to file:536870912 bytes
***********WAITING************

Write the data to file:536870912 bytes
***********WAITING************

Write the data to file:536870912 bytes
***********WAITING************

Write the data to file:536870912 bytes
***********WAITING************

Write the data to file:536870912 bytes
***********WAITING************

Write the data to file:536870912 bytes
***********WAITING************

Write the data to file:536870912 bytes
***********WAITING************

Write the data to file:536870912 bytes
***********WAITING************

Write the data to file:536870912 bytes
***********WAITING************

Write the data to file:536870912 bytes
***********WAITING************

Write the data to file:536870912 bytes
***********WAITING************

Write the data to file:536870912 bytes
***********WAITING************

Write the data to file:536870912 bytes
***********WAITING************

Write the data to file:536870912 bytes
***********WAITING************

Write the data to file:536870912 bytes
***********WAITING************

Write the data to file:536870912 bytes
***********WAITING************

Write the data to file:536870912 bytes
***********WAITING************

Write the data to file:536870912 bytes
***********WAITING************

Write the data to file:536870912 bytes
***********WAITING************

Write the data to file:536870912 bytes
***********WAITING************

Write the data to file:536870912 bytes
***********WAITING************

Write the data to file:536870912 bytes
***********WAITING************

Write the data to file:536870912 bytes
***********WAITING************

Write the data to file:536870912 bytes
***********WAITING************

Write the data to file:536870912 bytes
***********WAITING************

Write the data to file:536870912 bytes
***********WAITING************

Write the data to file:536870912 bytes
***********WAITING************

Write the data to file:536870912 bytes
***********WAITING************

Write the data to file:536870912 bytes
***********WAITING************

Write the data to file:536870912 bytes
***********WAITING************

Write the data to file:536870912 bytes
***********WAITING************

Write the data to file:536870912 bytes
***********WAITING************

Write the data to file:536870912 bytes
***********WAITING************
S_cc         4.16   [      4.15:      4.17]
S_bw         2.92   [      2.92:      2.92]
S_w        149.54   [    149.54:    149.54]
          -------
S_total    156.62   [    156.61:    156.63]

build_S done
calc_W
build_S done
calc_W
nr_of_strided_rec: 512
nr_doubles: 16384
build_S done
calc_W
nr_of_strided_rec: 512
nr_doubles: 16384
build_S done
calc_W
nr_of_strided_rec: 512
nr_doubles: 16384
nr_of_strided_rec: 512
nr_doubles: 16384
nr_of_strided_rec: 512
nr_doubles: 16384
nr_of_strided_rec: 512
nr_doubles: 16384
nr_of_strided_rec: 512
nr_doubles: 16384
nr_of_strided_rec: 512
nr_doubles: 16384

Write the data to file:536870912 bytes
***********WAITING************

Write the data to file:536870912 bytes
***********WAITING************

Write the data to file:536870912 bytes
***********WAITING************

Write the data to file:536870912 bytes
***********WAITING************
nr_of_strided_rec: 512
nr_doubles: 16384
nr_of_strided_rec: 512
nr_doubles: 16384
nr_of_strided_rec: 512
nr_doubles: 16384
nr_of_strided_rec: 512
nr_doubles: 16384

Write the data to file:536870912 bytes
***********WAITING************

Write the data to file:536870912 bytes
***********WAITING************

Write the data to file:536870912 bytes
***********WAITING************

Write the data to file:536870912 bytes
***********WAITING************
nr_of_strided_rec: 512
nr_doubles: 16384
nr_of_strided_rec: 512
nr_doubles: 16384
nr_of_strided_rec: 512
nr_doubles: 16384
nr_of_strided_rec: 512
nr_doubles: 16384

Write the data to file:536870912 bytes
***********WAITING************

Write the data to file:536870912 bytes
***********WAITING************

Write the data to file:536870912 bytes
***********WAITING************

Write the data to file:536870912 bytes
***********WAITING************
nr_of_strided_rec: 512
nr_doubles: 16384
nr_of_strided_rec: 512
nr_doubles: 16384
nr_of_strided_rec: 512
nr_doubles: 16384
nr_of_strided_rec: 512
nr_doubles: 16384

Write the data to file:536870912 bytes
***********WAITING************

Write the data to file:536870912 bytes
***********WAITING************

Write the data to file:536870912 bytes
***********WAITING************

Write the data to file:536870912 bytes
***********WAITING************
nr_of_strided_rec: 512
nr_doubles: 16384
nr_of_strided_rec: 512
nr_doubles: 16384
nr_of_strided_rec: 512
nr_doubles: 16384
nr_of_strided_rec: 512
nr_doubles: 16384

Write the data to file:536870912 bytes
***********WAITING************

Write the data to file:536870912 bytes
***********WAITING************

Write the data to file:536870912 bytes
***********WAITING************

Write the data to file:536870912 bytes
***********WAITING************
nr_of_strided_rec: 512
nr_doubles: 16384
nr_of_strided_rec: 512
nr_doubles: 16384
nr_of_strided_rec: 512
nr_doubles: 16384
nr_of_strided_rec: 512
nr_doubles: 16384

Write the data to file:536870912 bytes
***********WAITING************

Write the data to file:536870912 bytes
***********WAITING************

Write the data to file:536870912 bytes
***********WAITING************

Write the data to file:536870912 bytes
***********WAITING************
nr_of_strided_rec: 512
nr_doubles: 16384
nr_of_strided_rec: 512
nr_doubles: 16384
nr_of_strided_rec: 512
nr_doubles: 16384
nr_of_strided_rec: 512
nr_doubles: 16384

Write the data to file:536870912 bytes
***********WAITING************

Write the data to file:536870912 bytes
***********WAITING************

Write the data to file:536870912 bytes
***********WAITING************

Write the data to file:536870912 bytes
***********WAITING************
nr_of_strided_rec: 512
nr_doubles: 16384
nr_of_strided_rec: 512
nr_doubles: 16384
nr_of_strided_rec: 512
nr_doubles: 16384
nr_of_strided_rec: 512
nr_doubles: 16384

Write the data to file:536870912 bytes
***********WAITING************

Write the data to file:536870912 bytes
***********WAITING************

Write the data to file:536870912 bytes
***********WAITING************

Write the data to file:536870912 bytes
***********WAITING************
nr_of_strided_rec: 512
nr_doubles: 16384
nr_of_strided_rec: 512
nr_doubles: 16384
nr_of_strided_rec: 512
nr_doubles: 16384
nr_of_strided_rec: 512
nr_doubles: 16384

Write the data to file:536870912 bytes
***********WAITING************

Write the data to file:536870912 bytes
***********WAITING************

Write the data to file:536870912 bytes
***********WAITING************

Write the data to file:536870912 bytes
***********WAITING************
nr_of_strided_rec: 512
nr_doubles: 16384
nr_of_strided_rec: 512
nr_doubles: 16384
nr_of_strided_rec: 512
nr_doubles: 16384
nr_of_strided_rec: 512
nr_doubles: 16384

Write the data to file:536870912 bytes
***********WAITING************

Write the data to file:536870912 bytes
***********WAITING************

Write the data to file:536870912 bytes
***********WAITING************

Write the data to file:536870912 bytes
***********WAITING************
nr_of_strided_rec: 512
nr_doubles: 16384
nr_of_strided_rec: 512
nr_doubles: 16384
nr_of_strided_rec: 512
nr_doubles: 16384
nr_of_strided_rec: 512
nr_doubles: 16384

Write the data to file:536870912 bytes
***********WAITING************

Write the data to file:536870912 bytes
***********WAITING************

Write the data to file:536870912 bytes
***********WAITING************

Write the data to file:536870912 bytes
***********WAITING************
nr_of_strided_rec: 512
nr_doubles: 16384
nr_of_strided_rec: 512
nr_doubles: 16384
nr_of_strided_rec: 512
nr_doubles: 16384
nr_of_strided_rec: 512
nr_doubles: 16384

Write the data to file:536870912 bytes
***********WAITING************

Write the data to file:536870912 bytes
***********WAITING************

Write the data to file:536870912 bytes
***********WAITING************

Write the data to file:536870912 bytes
***********WAITING************
nr_of_strided_rec: 512
nr_doubles: 16384
nr_of_strided_rec: 512
nr_doubles: 16384
nr_of_strided_rec: 512
nr_doubles: 16384
nr_of_strided_rec: 512
nr_doubles: 16384

Write the data to file:536870912 bytes
***********WAITING************

Write the data to file:536870912 bytes
***********WAITING************

Write the data to file:536870912 bytes
***********WAITING************

Write the data to file:536870912 bytes
***********WAITING************
nr_of_strided_rec: 512
nr_doubles: 16384
nr_of_strided_rec: 512
nr_doubles: 16384
nr_of_strided_rec: 512
nr_doubles: 16384
nr_of_strided_rec: 512
nr_doubles: 16384

Write the data to file:536870912 bytes
***********WAITING************

Write the data to file:536870912 bytes
***********WAITING************

Write the data to file:536870912 bytes
***********WAITING************

Write the data to file:536870912 bytes
***********WAITING************
nr_of_strided_rec: 512
nr_doubles: 16384
nr_of_strided_rec: 512
nr_doubles: 16384
nr_of_strided_rec: 512
nr_doubles: 16384
nr_of_strided_rec: 512
nr_doubles: 16384

Write the data to file:536870912 bytes
***********WAITING************

Write the data to file:536870912 bytes
***********WAITING************

Write the data to file:536870912 bytes
***********WAITING************

Write the data to file:536870912 bytes
***********WAITING************
nr_of_strided_rec: 512
nr_doubles: 16384
nr_of_strided_rec: 512
nr_doubles: 16384
nr_of_strided_rec: 512
nr_doubles: 16384
nr_of_strided_rec: 512
nr_doubles: 16384

Write the data to file:536870912 bytes
***********WAITING************

Write the data to file:536870912 bytes
***********WAITING************

Write the data to file:536870912 bytes
***********WAITING************

Write the data to file:536870912 bytes
***********WAITING************
nr_of_strided_rec: 512
nr_doubles: 16384
nr_of_strided_rec: 512
nr_doubles: 16384
nr_of_strided_rec: 512
nr_doubles: 16384
nr_of_strided_rec: 512
nr_doubles: 16384

Write the data to file:536870912 bytes
***********WAITING************

Write the data to file:536870912 bytes
***********WAITING************

Write the data to file:536870912 bytes
***********WAITING************

Write the data to file:536870912 bytes
***********WAITING************
nr_of_strided_rec: 512
nr_doubles: 16384
nr_of_strided_rec: 512
nr_doubles: 16384
nr_of_strided_rec: 512
nr_doubles: 16384
nr_of_strided_rec: 512
nr_doubles: 16384

Write the data to file:536870912 bytes
***********WAITING************

Write the data to file:536870912 bytes
***********WAITING************

Write the data to file:536870912 bytes
***********WAITING************

Write the data to file:536870912 bytes
***********WAITING************
nr_of_strided_rec: 512
nr_doubles: 16384
nr_of_strided_rec: 512
nr_doubles: 16384
nr_of_strided_rec: 512
nr_doubles: 16384
nr_of_strided_rec: 512
nr_doubles: 16384

Write the data to file:536870912 bytes
***********WAITING************

Write the data to file:536870912 bytes
***********WAITING************

Write the data to file:536870912 bytes
***********WAITING************

Write the data to file:536870912 bytes
***********WAITING************
nr_of_strided_rec: 512
nr_doubles: 16384
nr_of_strided_rec: 512
nr_doubles: 16384
nr_of_strided_rec: 512
nr_doubles: 16384
nr_of_strided_rec: 512
nr_doubles: 16384

Write the data to file:536870912 bytes
***********WAITING************

Write the data to file:536870912 bytes
***********WAITING************

Write the data to file:536870912 bytes
***********WAITING************

Write the data to file:536870912 bytes
***********WAITING************
nr_of_strided_rec: 512
nr_doubles: 16384
nr_of_strided_rec: 512
nr_doubles: 16384
nr_of_strided_rec: 512
nr_doubles: 16384
nr_of_strided_rec: 512
nr_doubles: 16384

Write the data to file:536870912 bytes
***********WAITING************

Write the data to file:536870912 bytes
***********WAITING************

Write the data to file:536870912 bytes
***********WAITING************

Write the data to file:536870912 bytes
***********WAITING************
nr_of_strided_rec: 512
nr_doubles: 16384
nr_of_strided_rec: 512
nr_doubles: 16384
nr_of_strided_rec: 512
nr_doubles: 16384
nr_of_strided_rec: 512
nr_doubles: 16384

Write the data to file:536870912 bytes
***********WAITING************

Write the data to file:536870912 bytes
***********WAITING************

Write the data to file:536870912 bytes
***********WAITING************

Write the data to file:536870912 bytes
***********WAITING************
nr_of_strided_rec: 512
nr_doubles: 16384
nr_of_strided_rec: 512
nr_doubles: 16384
nr_of_strided_rec: 512
nr_doubles: 16384
nr_of_strided_rec: 512
nr_doubles: 16384

Write the data to file:536870912 bytes
***********WAITING************

Write the data to file:536870912 bytes
***********WAITING************

Write the data to file:536870912 bytes
***********WAITING************

Write the data to file:536870912 bytes
***********WAITING************
nr_of_strided_rec: 512
nr_doubles: 16384
nr_of_strided_rec: 512
nr_doubles: 16384
nr_of_strided_rec: 512
nr_doubles: 16384
nr_of_strided_rec: 512
nr_doubles: 16384

Write the data to file:536870912 bytes
***********WAITING************

Write the data to file:536870912 bytes
***********WAITING************

Write the data to file:536870912 bytes
***********WAITING************

Write the data to file:536870912 bytes
***********WAITING************
nr_of_strided_rec: 512
nr_doubles: 16384
nr_of_strided_rec: 512
nr_doubles: 16384
nr_of_strided_rec: 512
nr_doubles: 16384
nr_of_strided_rec: 512
nr_doubles: 16384

Write the data to file:536870912 bytes
***********WAITING************

Write the data to file:536870912 bytes
***********WAITING************

Write the data to file:536870912 bytes
***********WAITING************

Write the data to file:536870912 bytes
***********WAITING************
nr_of_strided_rec: 512
nr_doubles: 16384
nr_of_strided_rec: 512
nr_doubles: 16384
nr_of_strided_rec: 512
nr_doubles: 16384
nr_of_strided_rec: 512
nr_doubles: 16384

Write the data to file:536870912 bytes
***********WAITING************

Write the data to file:536870912 bytes
***********WAITING************

Write the data to file:536870912 bytes
***********WAITING************

Write the data to file:536870912 bytes
***********WAITING************
nr_of_strided_rec: 512
nr_doubles: 16384
nr_of_strided_rec: 512
nr_doubles: 16384
nr_of_strided_rec: 512
nr_doubles: 16384
nr_of_strided_rec: 512
nr_doubles: 16384

Write the data to file:536870912 bytes
***********WAITING************

Write the data to file:536870912 bytes
***********WAITING************

Write the data to file:536870912 bytes
***********WAITING************

Write the data to file:536870912 bytes
***********WAITING************
nr_of_strided_rec: 512
nr_doubles: 16384
nr_of_strided_rec: 512
nr_doubles: 16384
nr_of_strided_rec: 512
nr_doubles: 16384
nr_of_strided_rec: 512
nr_doubles: 16384

Write the data to file:536870912 bytes
***********WAITING************

Write the data to file:536870912 bytes
***********WAITING************

Write the data to file:536870912 bytes
***********WAITING************

Write the data to file:536870912 bytes
***********WAITING************
nr_of_strided_rec: 512
nr_doubles: 16384
nr_of_strided_rec: 512
nr_doubles: 16384
nr_of_strided_rec: 512
nr_doubles: 16384
nr_of_strided_rec: 512
nr_doubles: 16384

Write the data to file:536870912 bytes
***********WAITING************

Write the data to file:536870912 bytes
***********WAITING************

Write the data to file:536870912 bytes
***********WAITING************

Write the data to file:536870912 bytes
***********WAITING************

Write the data to file:536870912 bytes
***********WAITING************

Write the data to file:536870912 bytes
***********WAITING************

Write the data to file:536870912 bytes
***********WAITING************

Write the data to file:536870912 bytes
***********WAITING************
W_cc        10.32   [     10.31:     10.33]
W_r        168.76   [    168.76:    168.76]
W_w        126.41   [    126.41:    126.41]
          -------
W_total    305.49   [    305.48:    305.49]

calc_W done
calc_W done
nr_of_strided_rec: 512
nr_doubles: 16384
calc_W done
nr_of_strided_rec: 512
nr_doubles: 16384
calc_W done
nr_of_strided_rec: 512
nr_doubles: 16384
nr_of_strided_rec: 512
nr_doubles: 16384
nr_of_strided_rec: 512
nr_doubles: 16384
nr_of_strided_rec: 512
nr_doubles: 16384
nr_of_strided_rec: 512
nr_doubles: 16384
nr_of_strided_rec: 512
nr_doubles: 16384
nr_of_strided_rec: 512
nr_doubles: 16384
nr_of_strided_rec: 512
nr_doubles: 16384
nr_of_strided_rec: 512
nr_doubles: 16384
nr_of_strided_rec: 512
nr_doubles: 16384
nr_of_strided_rec: 512
nr_doubles: 16384
nr_of_strided_rec: 512
nr_doubles: 16384
nr_of_strided_rec: 512
nr_doubles: 16384
nr_of_strided_rec: 512
nr_doubles: 16384
nr_of_strided_rec: 512
nr_doubles: 16384
nr_of_strided_rec: 512
nr_doubles: 16384
nr_of_strided_rec: 512
nr_doubles: 16384
nr_of_strided_rec: 512
nr_doubles: 16384
nr_of_strided_rec: 512
nr_doubles: 16384
nr_of_strided_rec: 512
nr_doubles: 16384
nr_of_strided_rec: 512
nr_doubles: 16384
nr_of_strided_rec: 512
nr_doubles: 16384
nr_of_strided_rec: 512
nr_doubles: 16384
nr_of_strided_rec: 512
nr_doubles: 16384
nr_of_strided_rec: 512
nr_doubles: 16384
nr_of_strided_rec: 512
nr_doubles: 16384
nr_of_strided_rec: 512
nr_doubles: 16384
nr_of_strided_rec: 512
nr_doubles: 16384
nr_of_strided_rec: 512
nr_doubles: 16384
nr_of_strided_rec: 512
nr_doubles: 16384
nr_of_strided_rec: 512
nr_doubles: 16384
nr_of_strided_rec: 512
nr_doubles: 16384
nr_of_strided_rec: 512
nr_doubles: 16384
nr_of_strided_rec: 512
nr_doubles: 16384
nr_of_strided_rec: 512
nr_doubles: 16384
nr_of_strided_rec: 512
nr_doubles: 16384
nr_of_strided_rec: 512
nr_doubles: 16384
nr_of_strided_rec: 512
nr_doubles: 16384
nr_of_strided_rec: 512
nr_doubles: 16384
nr_of_strided_rec: 512
nr_doubles: 16384
nr_of_strided_rec: 512
nr_doubles: 16384
nr_of_strided_rec: 512
nr_doubles: 16384
nr_of_strided_rec: 512
nr_doubles: 16384
nr_of_strided_rec: 512
nr_doubles: 16384
nr_of_strided_rec: 512
nr_doubles: 16384
nr_of_strided_rec: 512
nr_doubles: 16384
nr_of_strided_rec: 512
nr_doubles: 16384
nr_of_strided_rec: 512
nr_doubles: 16384
nr_of_strided_rec: 512
nr_doubles: 16384
nr_of_strided_rec: 512
nr_doubles: 16384
nr_of_strided_rec: 512
nr_doubles: 16384
nr_of_strided_rec: 512
nr_doubles: 16384
nr_of_strided_rec: 512
nr_doubles: 16384
nr_of_strided_rec: 512
nr_doubles: 16384
nr_of_strided_rec: 512
nr_doubles: 16384
nr_of_strided_rec: 512
nr_doubles: 16384
nr_of_strided_rec: 512
nr_doubles: 16384
nr_of_strided_rec: 512
nr_doubles: 16384
nr_of_strided_rec: 512
nr_doubles: 16384
nr_of_strided_rec: 512
nr_doubles: 16384
nr_of_strided_rec: 512
nr_doubles: 16384
nr_of_strided_rec: 512
nr_doubles: 16384
nr_of_strided_rec: 512
nr_doubles: 16384
nr_of_strided_rec: 512
nr_doubles: 16384
nr_of_strided_rec: 512
nr_doubles: 16384
nr_of_strided_rec: 512
nr_doubles: 16384
nr_of_strided_rec: 512
nr_doubles: 16384
nr_of_strided_rec: 512
nr_doubles: 16384
nr_of_strided_rec: 512
nr_doubles: 16384
nr_of_strided_rec: 512
nr_doubles: 16384
nr_of_strided_rec: 512
nr_doubles: 16384
nr_of_strided_rec: 512
nr_doubles: 16384
nr_of_strided_rec: 512
nr_doubles: 16384
nr_of_strided_rec: 512
nr_doubles: 16384
nr_of_strided_rec: 512
nr_doubles: 16384
nr_of_strided_rec: 512
nr_doubles: 16384
nr_of_strided_rec: 512
nr_doubles: 16384
nr_of_strided_rec: 512
nr_doubles: 16384
nr_of_strided_rec: 512
nr_doubles: 16384
nr_of_strided_rec: 512
nr_doubles: 16384
nr_of_strided_rec: 512
nr_doubles: 16384
nr_of_strided_rec: 512
nr_doubles: 16384
nr_of_strided_rec: 512
nr_doubles: 16384
nr_of_strided_rec: 512
nr_doubles: 16384
nr_of_strided_rec: 512
nr_doubles: 16384
nr_of_strided_rec: 512
nr_doubles: 16384
nr_of_strided_rec: 512
nr_doubles: 16384
nr_of_strided_rec: 512
nr_doubles: 16384
nr_of_strided_rec: 512
nr_doubles: 16384
nr_of_strided_rec: 512
nr_doubles: 16384
nr_of_strided_rec: 512
nr_doubles: 16384
nr_of_strided_rec: 512
nr_doubles: 16384
nr_of_strided_rec: 512
nr_doubles: 16384
nr_of_strided_rec: 512
nr_doubles: 16384
nr_of_strided_rec: 512
nr_doubles: 16384
nr_of_strided_rec: 512
nr_doubles: 16384
nr_of_strided_rec: 512
nr_doubles: 16384
nr_of_strided_rec: 512
nr_doubles: 16384
nr_of_strided_rec: 512
nr_doubles: 16384
nr_of_strided_rec: 512
nr_doubles: 16384
nr_of_strided_rec: 512
nr_doubles: 16384
nr_of_strided_rec: 512
nr_doubles: 16384
nr_of_strided_rec: 512
nr_doubles: 16384
nr_of_strided_rec: 512
nr_doubles: 16384
nr_of_strided_rec: 512
nr_doubles: 16384
nr_of_strided_rec: 512
nr_doubles: 16384
nr_of_strided_rec: 512
nr_doubles: 16384
nr_of_strided_rec: 512
nr_doubles: 16384
nr_of_strided_rec: 512
nr_doubles: 16384
nr_of_strided_rec: 512
nr_doubles: 16384
nr_of_strided_rec: 512
nr_doubles: 16384
nr_of_strided_rec: 512
nr_doubles: 16384
nr_of_strided_rec: 512
nr_doubles: 16384
nr_of_strided_rec: 512
nr_doubles: 16384
nr_of_strided_rec: 512
nr_doubles: 16384
nr_of_strided_rec: 512
nr_doubles: 16384
nr_of_strided_rec: 512
nr_doubles: 16384
nr_of_strided_rec: 512
nr_doubles: 16384
C_cc         4.23   [      4.23:      4.24]
C_bw         2.94   [      2.94:      2.94]
C_r        141.01   [    141.01:    141.01]
          -------
C_total    148.18   [    148.18:    148.19]


dC[0] = 0.00000e+00
fclose PID:32470 fd:8
fclose PID:32469 fd:8
fclose PID:32468 fd:10
fclose PID:32467 fd:12
READAHEAD_TIME:134261500.000000 us
MaxRSS= 2108028 KB, SharedMem= 0 KB, HardPageFault= 15
READAHEAD_TIME:134846299.000000 us
MaxRSS= 2108024 KB, SharedMem= 0 KB, HardPageFault= 9
READAHEAD_TIME:133108187.000000 us
MaxRSS= 2107748 KB, SharedMem= 0 KB, HardPageFault= 13
READAHEAD_TIME:132514264.000000 us
MaxRSS= 2107704 KB, SharedMem= 0 KB, HardPageFault= 12
fclose PID:32466 fd:0
fclose PID:32466 fd:6
fclose PID:32466 fd:6
fclose PID:32466 fd:0
READAHEAD_TIME:0.000000 us
MaxRSS= 5380 KB, SharedMem= 0 KB, HardPageFault= 2
fclose PID:32465 fd:3
fclose PID:32465 fd:4
fclose PID:32465 fd:4
fclose PID:32465 fd:3
READAHEAD_TIME:0.000000 us
MaxRSS= 4888 KB, SharedMem= 0 KB, HardPageFault= 4
	Command being timed: "mpiexec -n 4 ./MADbench2_io 16384 30 1 8 64 1 1 131072 7 1"
	User time (seconds): 431.90
	System time (seconds): 239.44
	Percent of CPU this job got: 109%
	Elapsed (wall clock) time (h:mm:ss or m:ss): 10:11.05
	Average shared text size (kbytes): 0
	Average unshared data size (kbytes): 0
	Average stack size (kbytes): 0
	Average total size (kbytes): 0
	Maximum resident set size (kbytes): 2108028
	Average resident set size (kbytes): 0
	Major (requiring I/O) page faults: 56
	Minor (reclaiming a frame) page faults: 15870571
	Voluntary context switches: 238911
	Involuntary context switches: 3749
	Swaps: 0
	File system inputs: 246012960
	File system outputs: 251658496
	Socket messages sent: 0
	Socket messages received: 0
	Signals delivered: 0
	Page size (bytes): 4096
	Exit status: 0
READAHEAD_TIME:0.000000 us
MaxRSS= 2032 KB, SharedMem= 0 KB, HardPageFault= 0
*******************DMESG OUTPUT******************
