fclose PID:30129 fd:3
fclose PID:30129 fd:4
fclose PID:30129 fd:4
fclose PID:30129 fd:3
available: 2 nodes (0-1)
fclose PID:30129 fd:3
node 0 cpus:fclose PID:30129 fd:3
 0 1 2 3 4 5 6 7 8 9 20 21 22 23 24 25 26 27 28 29
node 0 size: 80440 MB
node 0 free: 80121 MB
fclose PID:30129 fd:3
node 1 cpus:fclose PID:30129 fd:3
 10 11 12 13 14 15 16 17 18 19 30 31 32 33 34 35 36 37 38 39
node 1 size: 80635 MB
node 1 free: 80380 MB
fclose PID:30129 fd:3
fclose PID:30129 fd:3
node distances:
node   0   1 
  0:  10  21 
  1:  21  10 
READAHEAD_TIME:0.000000 us
MaxRSS= 2172 KB, SharedMem= 0 KB, HardPageFault= 10
fclose PID:30135 fd:12
fclose PID:30136 fd:10
fclose PID:30138 fd:8
fclose PID:30137 fd:8

MADbench 2.0 IO-mode
no_pe = 4  no_pix = 8192  no_bin = 30  no_gang = 1 sblocksize = 8  fblocksize = 64  r_mod = 1  w_mod = 1 record_size=1048576 stride=7


IOMETHOD = POSIX  IOMODE = SYNC  FILETYPE = UNIQUE  REMAP = CUSTOMbuild_S
build_S
build_S
build_S

Write the data to file:134217728 bytes
***********WAITING************

Write the data to file:134217728 bytes
***********WAITING************

Write the data to file:134217728 bytes
***********WAITING************

Write the data to file:134217728 bytes
***********WAITING************

Write the data to file:134217728 bytes
***********WAITING************

Write the data to file:134217728 bytes
***********WAITING************

Write the data to file:134217728 bytes
***********WAITING************

Write the data to file:134217728 bytes
***********WAITING************

Write the data to file:134217728 bytes
***********WAITING************

Write the data to file:134217728 bytes
***********WAITING************

Write the data to file:134217728 bytes
***********WAITING************

Write the data to file:134217728 bytes
***********WAITING************

Write the data to file:134217728 bytes
***********WAITING************

Write the data to file:134217728 bytes
***********WAITING************

Write the data to file:134217728 bytes
***********WAITING************

Write the data to file:134217728 bytes
***********WAITING************

Write the data to file:134217728 bytes
***********WAITING************

Write the data to file:134217728 bytes
***********WAITING************

Write the data to file:134217728 bytes
***********WAITING************

Write the data to file:134217728 bytes
***********WAITING************

Write the data to file:134217728 bytes
***********WAITING************

Write the data to file:134217728 bytes
***********WAITING************

Write the data to file:134217728 bytes
***********WAITING************

Write the data to file:134217728 bytes
***********WAITING************

Write the data to file:134217728 bytes
***********WAITING************

Write the data to file:134217728 bytes
***********WAITING************

Write the data to file:134217728 bytes
***********WAITING************

Write the data to file:134217728 bytes
***********WAITING************

Write the data to file:134217728 bytes
***********WAITING************

Write the data to file:134217728 bytes
***********WAITING************

Write the data to file:134217728 bytes
***********WAITING************

Write the data to file:134217728 bytes
***********WAITING************

Write the data to file:134217728 bytes
***********WAITING************

Write the data to file:134217728 bytes
***********WAITING************

Write the data to file:134217728 bytes
***********WAITING************

Write the data to file:134217728 bytes
***********WAITING************

Write the data to file:134217728 bytes
***********WAITING************

Write the data to file:134217728 bytes
***********WAITING************

Write the data to file:134217728 bytes
***********WAITING************

Write the data to file:134217728 bytes
***********WAITING************

Write the data to file:134217728 bytes
***********WAITING************

Write the data to file:134217728 bytes
***********WAITING************

Write the data to file:134217728 bytes
***********WAITING************

Write the data to file:134217728 bytes
***********WAITING************

Write the data to file:134217728 bytes
***********WAITING************

Write the data to file:134217728 bytes
***********WAITING************

Write the data to file:134217728 bytes
***********WAITING************

Write the data to file:134217728 bytes
***********WAITING************

Write the data to file:134217728 bytes
***********WAITING************

Write the data to file:134217728 bytes
***********WAITING************

Write the data to file:134217728 bytes
***********WAITING************

Write the data to file:134217728 bytes
***********WAITING************

Write the data to file:134217728 bytes
***********WAITING************

Write the data to file:134217728 bytes
***********WAITING************

Write the data to file:134217728 bytes
***********WAITING************

Write the data to file:134217728 bytes
***********WAITING************

Write the data to file:134217728 bytes
***********WAITING************

Write the data to file:134217728 bytes
***********WAITING************

Write the data to file:134217728 bytes
***********WAITING************

Write the data to file:134217728 bytes
***********WAITING************

Write the data to file:134217728 bytes
***********WAITING************

Write the data to file:134217728 bytes
***********WAITING************

Write the data to file:134217728 bytes
***********WAITING************

Write the data to file:134217728 bytes
***********WAITING************

Write the data to file:134217728 bytes
***********WAITING************

Write the data to file:134217728 bytes
***********WAITING************

Write the data to file:134217728 bytes
***********WAITING************

Write the data to file:134217728 bytes
***********WAITING************

Write the data to file:134217728 bytes
***********WAITING************

Write the data to file:134217728 bytes
***********WAITING************

Write the data to file:134217728 bytes
***********WAITING************

Write the data to file:134217728 bytes
***********WAITING************

Write the data to file:134217728 bytes
***********WAITING************

Write the data to file:134217728 bytes
***********WAITING************

Write the data to file:134217728 bytes
***********WAITING************

Write the data to file:134217728 bytes
***********WAITING************

Write the data to file:134217728 bytes
***********WAITING************

Write the data to file:134217728 bytes
***********WAITING************

Write the data to file:134217728 bytes
***********WAITING************

Write the data to file:134217728 bytes
***********WAITING************

Write the data to file:134217728 bytes
***********WAITING************

Write the data to file:134217728 bytes
***********WAITING************

Write the data to file:134217728 bytes
***********WAITING************

Write the data to file:134217728 bytes
***********WAITING************

Write the data to file:134217728 bytes
***********WAITING************

Write the data to file:134217728 bytes
***********WAITING************

Write the data to file:134217728 bytes
***********WAITING************

Write the data to file:134217728 bytes
***********WAITING************

Write the data to file:134217728 bytes
***********WAITING************

Write the data to file:134217728 bytes
***********WAITING************

Write the data to file:134217728 bytes
***********WAITING************

Write the data to file:134217728 bytes
***********WAITING************

Write the data to file:134217728 bytes
***********WAITING************

Write the data to file:134217728 bytes
***********WAITING************

Write the data to file:134217728 bytes
***********WAITING************

Write the data to file:134217728 bytes
***********WAITING************

Write the data to file:134217728 bytes
***********WAITING************

Write the data to file:134217728 bytes
***********WAITING************

Write the data to file:134217728 bytes
***********WAITING************

Write the data to file:134217728 bytes
***********WAITING************

Write the data to file:134217728 bytes
***********WAITING************

Write the data to file:134217728 bytes
***********WAITING************

Write the data to file:134217728 bytes
***********WAITING************

Write the data to file:134217728 bytes
***********WAITING************

Write the data to file:134217728 bytes
***********WAITING************

Write the data to file:134217728 bytes
***********WAITING************

Write the data to file:134217728 bytes
***********WAITING************

Write the data to file:134217728 bytes
***********WAITING************

Write the data to file:134217728 bytes
***********WAITING************

Write the data to file:134217728 bytes
***********WAITING************

Write the data to file:134217728 bytes
***********WAITING************

Write the data to file:134217728 bytes
***********WAITING************

Write the data to file:134217728 bytes
***********WAITING************

Write the data to file:134217728 bytes
***********WAITING************

Write the data to file:134217728 bytes
***********WAITING************

Write the data to file:134217728 bytes
***********WAITING************

Write the data to file:134217728 bytes
***********WAITING************

Write the data to file:134217728 bytes
***********WAITING************

Write the data to file:134217728 bytes
***********WAITING************

Write the data to file:134217728 bytes
***********WAITING************
S_cc         1.37   [      1.36:      1.37]
S_bw         0.71   [      0.71:      0.71]
S_w         33.81   [     33.81:     33.81]
          -------
S_total     35.89   [     35.88:     35.89]

build_S done
calc_W
build_S done
calc_W
nr_of_strided_rec: 16
nr_doubles: 131072
build_S done
calc_W
nr_of_strided_rec: 16
nr_doubles: 131072
build_S done
calc_W
nr_of_strided_rec: 16
nr_doubles: 131072
nr_of_strided_rec: 16
nr_doubles: 131072
nr_of_strided_rec: 16
nr_doubles: 131072
nr_of_strided_rec: 16
nr_doubles: 131072
nr_of_strided_rec: 16
nr_doubles: 131072
nr_of_strided_rec: 16
nr_doubles: 131072

Write the data to file:134217728 bytes
***********WAITING************

Write the data to file:134217728 bytes
***********WAITING************

Write the data to file:134217728 bytes
***********WAITING************

Write the data to file:134217728 bytes
***********WAITING************
nr_of_strided_rec: 16
nr_doubles: 131072
nr_of_strided_rec: 16
nr_doubles: 131072
nr_of_strided_rec: 16
nr_doubles: 131072
nr_of_strided_rec: 16
nr_doubles: 131072

Write the data to file:134217728 bytes
***********WAITING************

Write the data to file:134217728 bytes
***********WAITING************

Write the data to file:134217728 bytes
***********WAITING************

Write the data to file:134217728 bytes
***********WAITING************
nr_of_strided_rec: 16
nr_doubles: 131072
nr_of_strided_rec: 16
nr_doubles: 131072
nr_of_strided_rec: 16
nr_doubles: 131072
nr_of_strided_rec: 16
nr_doubles: 131072

Write the data to file:134217728 bytes
***********WAITING************

Write the data to file:134217728 bytes
***********WAITING************

Write the data to file:134217728 bytes
***********WAITING************

Write the data to file:134217728 bytes
***********WAITING************
nr_of_strided_rec: 16
nr_doubles: 131072
nr_of_strided_rec: 16
nr_doubles: 131072
nr_of_strided_rec: 16
nr_doubles: 131072
nr_of_strided_rec: 16
nr_doubles: 131072

Write the data to file:134217728 bytes
***********WAITING************

Write the data to file:134217728 bytes
***********WAITING************

Write the data to file:134217728 bytes
***********WAITING************

Write the data to file:134217728 bytes
***********WAITING************
nr_of_strided_rec: 16
nr_doubles: 131072
nr_of_strided_rec: 16
nr_doubles: 131072
nr_of_strided_rec: 16
nr_doubles: 131072
nr_of_strided_rec: 16
nr_doubles: 131072

Write the data to file:134217728 bytes
***********WAITING************

Write the data to file:134217728 bytes
***********WAITING************

Write the data to file:134217728 bytes
***********WAITING************

Write the data to file:134217728 bytes
***********WAITING************
nr_of_strided_rec: 16
nr_doubles: 131072
nr_of_strided_rec: 16
nr_doubles: 131072
nr_of_strided_rec: 16
nr_doubles: 131072
nr_of_strided_rec: 16
nr_doubles: 131072

Write the data to file:134217728 bytes
***********WAITING************

Write the data to file:134217728 bytes
***********WAITING************

Write the data to file:134217728 bytes
***********WAITING************

Write the data to file:134217728 bytes
***********WAITING************
nr_of_strided_rec: 16
nr_doubles: 131072
nr_of_strided_rec: 16
nr_doubles: 131072
nr_of_strided_rec: 16
nr_doubles: 131072
nr_of_strided_rec: 16
nr_doubles: 131072

Write the data to file:134217728 bytes
***********WAITING************

Write the data to file:134217728 bytes
***********WAITING************

Write the data to file:134217728 bytes
***********WAITING************

Write the data to file:134217728 bytes
***********WAITING************
nr_of_strided_rec: 16
nr_doubles: 131072
nr_of_strided_rec: 16
nr_doubles: 131072
nr_of_strided_rec: 16
nr_doubles: 131072
nr_of_strided_rec: 16
nr_doubles: 131072

Write the data to file:134217728 bytes
***********WAITING************

Write the data to file:134217728 bytes
***********WAITING************

Write the data to file:134217728 bytes
***********WAITING************

Write the data to file:134217728 bytes
***********WAITING************
nr_of_strided_rec: 16
nr_doubles: 131072
nr_of_strided_rec: 16
nr_doubles: 131072
nr_of_strided_rec: 16
nr_doubles: 131072
nr_of_strided_rec: 16
nr_doubles: 131072

Write the data to file:134217728 bytes
***********WAITING************

Write the data to file:134217728 bytes
***********WAITING************

Write the data to file:134217728 bytes
***********WAITING************

Write the data to file:134217728 bytes
***********WAITING************
nr_of_strided_rec: 16
nr_doubles: 131072
nr_of_strided_rec: 16
nr_doubles: 131072
nr_of_strided_rec: 16
nr_doubles: 131072
nr_of_strided_rec: 16
nr_doubles: 131072

Write the data to file:134217728 bytes
***********WAITING************

Write the data to file:134217728 bytes
***********WAITING************

Write the data to file:134217728 bytes
***********WAITING************

Write the data to file:134217728 bytes
***********WAITING************
nr_of_strided_rec: 16
nr_doubles: 131072
nr_of_strided_rec: 16
nr_doubles: 131072
nr_of_strided_rec: 16
nr_doubles: 131072
nr_of_strided_rec: 16
nr_doubles: 131072

Write the data to file:134217728 bytes
***********WAITING************

Write the data to file:134217728 bytes
***********WAITING************

Write the data to file:134217728 bytes
***********WAITING************

Write the data to file:134217728 bytes
***********WAITING************
nr_of_strided_rec: 16
nr_doubles: 131072
nr_of_strided_rec: 16
nr_doubles: 131072
nr_of_strided_rec: 16
nr_doubles: 131072
nr_of_strided_rec: 16
nr_doubles: 131072

Write the data to file:134217728 bytes
***********WAITING************

Write the data to file:134217728 bytes
***********WAITING************

Write the data to file:134217728 bytes
***********WAITING************

Write the data to file:134217728 bytes
***********WAITING************
nr_of_strided_rec: 16
nr_doubles: 131072
nr_of_strided_rec: 16
nr_doubles: 131072
nr_of_strided_rec: 16
nr_doubles: 131072
nr_of_strided_rec: 16
nr_doubles: 131072

Write the data to file:134217728 bytes
***********WAITING************

Write the data to file:134217728 bytes
***********WAITING************

Write the data to file:134217728 bytes
***********WAITING************

Write the data to file:134217728 bytes
***********WAITING************
nr_of_strided_rec: 16
nr_doubles: 131072
nr_of_strided_rec: 16
nr_doubles: 131072
nr_of_strided_rec: 16
nr_doubles: 131072
nr_of_strided_rec: 16
nr_doubles: 131072

Write the data to file:134217728 bytes
***********WAITING************

Write the data to file:134217728 bytes
***********WAITING************

Write the data to file:134217728 bytes
***********WAITING************

Write the data to file:134217728 bytes
***********WAITING************
nr_of_strided_rec: 16
nr_doubles: 131072
nr_of_strided_rec: 16
nr_doubles: 131072
nr_of_strided_rec: 16
nr_doubles: 131072
nr_of_strided_rec: 16
nr_doubles: 131072

Write the data to file:134217728 bytes
***********WAITING************

Write the data to file:134217728 bytes
***********WAITING************

Write the data to file:134217728 bytes
***********WAITING************

Write the data to file:134217728 bytes
***********WAITING************
nr_of_strided_rec: 16
nr_doubles: 131072
nr_of_strided_rec: 16
nr_doubles: 131072
nr_of_strided_rec: 16
nr_doubles: 131072
nr_of_strided_rec: 16
nr_doubles: 131072

Write the data to file:134217728 bytes
***********WAITING************

Write the data to file:134217728 bytes
***********WAITING************

Write the data to file:134217728 bytes
***********WAITING************

Write the data to file:134217728 bytes
***********WAITING************
nr_of_strided_rec: 16
nr_doubles: 131072
nr_of_strided_rec: 16
nr_doubles: 131072
nr_of_strided_rec: 16
nr_doubles: 131072
nr_of_strided_rec: 16
nr_doubles: 131072

Write the data to file:134217728 bytes
***********WAITING************

Write the data to file:134217728 bytes
***********WAITING************

Write the data to file:134217728 bytes
***********WAITING************

Write the data to file:134217728 bytes
***********WAITING************
nr_of_strided_rec: 16
nr_doubles: 131072
nr_of_strided_rec: 16
nr_doubles: 131072
nr_of_strided_rec: 16
nr_doubles: 131072
nr_of_strided_rec: 16
nr_doubles: 131072

Write the data to file:134217728 bytes
***********WAITING************

Write the data to file:134217728 bytes
***********WAITING************

Write the data to file:134217728 bytes
***********WAITING************

Write the data to file:134217728 bytes
***********WAITING************
nr_of_strided_rec: 16
nr_doubles: 131072
nr_of_strided_rec: 16
nr_doubles: 131072
nr_of_strided_rec: 16
nr_doubles: 131072
nr_of_strided_rec: 16
nr_doubles: 131072

Write the data to file:134217728 bytes
***********WAITING************

Write the data to file:134217728 bytes
***********WAITING************

Write the data to file:134217728 bytes
***********WAITING************

Write the data to file:134217728 bytes
***********WAITING************
nr_of_strided_rec: 16
nr_doubles: 131072
nr_of_strided_rec: 16
nr_doubles: 131072
nr_of_strided_rec: 16
nr_doubles: 131072
nr_of_strided_rec: 16
nr_doubles: 131072

Write the data to file:134217728 bytes
***********WAITING************

Write the data to file:134217728 bytes
***********WAITING************

Write the data to file:134217728 bytes
***********WAITING************

Write the data to file:134217728 bytes
***********WAITING************
nr_of_strided_rec: 16
nr_doubles: 131072
nr_of_strided_rec: 16
nr_doubles: 131072
nr_of_strided_rec: 16
nr_doubles: 131072
nr_of_strided_rec: 16
nr_doubles: 131072

Write the data to file:134217728 bytes
***********WAITING************

Write the data to file:134217728 bytes
***********WAITING************

Write the data to file:134217728 bytes
***********WAITING************

Write the data to file:134217728 bytes
***********WAITING************
nr_of_strided_rec: 16
nr_doubles: 131072
nr_of_strided_rec: 16
nr_doubles: 131072
nr_of_strided_rec: 16
nr_doubles: 131072
nr_of_strided_rec: 16
nr_doubles: 131072

Write the data to file:134217728 bytes
***********WAITING************

Write the data to file:134217728 bytes
***********WAITING************

Write the data to file:134217728 bytes
***********WAITING************

Write the data to file:134217728 bytes
***********WAITING************
nr_of_strided_rec: 16
nr_doubles: 131072
nr_of_strided_rec: 16
nr_doubles: 131072
nr_of_strided_rec: 16
nr_doubles: 131072
nr_of_strided_rec: 16
nr_doubles: 131072

Write the data to file:134217728 bytes
***********WAITING************

Write the data to file:134217728 bytes
***********WAITING************

Write the data to file:134217728 bytes
***********WAITING************

Write the data to file:134217728 bytes
***********WAITING************
nr_of_strided_rec: 16
nr_doubles: 131072
nr_of_strided_rec: 16
nr_doubles: 131072
nr_of_strided_rec: 16
nr_doubles: 131072
nr_of_strided_rec: 16
nr_doubles: 131072

Write the data to file:134217728 bytes
***********WAITING************

Write the data to file:134217728 bytes
***********WAITING************

Write the data to file:134217728 bytes
***********WAITING************

Write the data to file:134217728 bytes
***********WAITING************
nr_of_strided_rec: 16
nr_doubles: 131072
nr_of_strided_rec: 16
nr_doubles: 131072
nr_of_strided_rec: 16
nr_doubles: 131072
nr_of_strided_rec: 16
nr_doubles: 131072

Write the data to file:134217728 bytes
***********WAITING************

Write the data to file:134217728 bytes
***********WAITING************

Write the data to file:134217728 bytes
***********WAITING************

Write the data to file:134217728 bytes
***********WAITING************
nr_of_strided_rec: 16
nr_doubles: 131072
nr_of_strided_rec: 16
nr_doubles: 131072
nr_of_strided_rec: 16
nr_doubles: 131072
nr_of_strided_rec: 16
nr_doubles: 131072

Write the data to file:134217728 bytes
***********WAITING************

Write the data to file:134217728 bytes
***********WAITING************

Write the data to file:134217728 bytes
***********WAITING************

Write the data to file:134217728 bytes
***********WAITING************
nr_of_strided_rec: 16
nr_doubles: 131072
nr_of_strided_rec: 16
nr_doubles: 131072
nr_of_strided_rec: 16
nr_doubles: 131072
nr_of_strided_rec: 16
nr_doubles: 131072

Write the data to file:134217728 bytes
***********WAITING************

Write the data to file:134217728 bytes
***********WAITING************

Write the data to file:134217728 bytes
***********WAITING************

Write the data to file:134217728 bytes
***********WAITING************
nr_of_strided_rec: 16
nr_doubles: 131072
nr_of_strided_rec: 16
nr_doubles: 131072
nr_of_strided_rec: 16
nr_doubles: 131072
nr_of_strided_rec: 16
nr_doubles: 131072

Write the data to file:134217728 bytes
***********WAITING************

Write the data to file:134217728 bytes
***********WAITING************

Write the data to file:134217728 bytes
***********WAITING************

Write the data to file:134217728 bytes
***********WAITING************
nr_of_strided_rec: 16
nr_doubles: 131072
nr_of_strided_rec: 16
nr_doubles: 131072
nr_of_strided_rec: 16
nr_doubles: 131072
nr_of_strided_rec: 16
nr_doubles: 131072

Write the data to file:134217728 bytes
***********WAITING************

Write the data to file:134217728 bytes
***********WAITING************

Write the data to file:134217728 bytes
***********WAITING************

Write the data to file:134217728 bytes
***********WAITING************

Write the data to file:134217728 bytes
***********WAITING************

Write the data to file:134217728 bytes
***********WAITING************

Write the data to file:134217728 bytes
***********WAITING************

Write the data to file:134217728 bytes
***********WAITING************
W_cc         3.43   [      3.43:      3.43]
W_r         43.09   [     43.09:     43.09]
W_w         28.06   [     28.06:     28.06]
          -------
W_total     74.58   [     74.58:     74.59]

calc_W done
calc_W done
calc_W done
nr_of_strided_rec: 16
nr_doubles: 131072
calc_W done
nr_of_strided_rec: 16
nr_doubles: 131072
nr_of_strided_rec: 16
nr_doubles: 131072
nr_of_strided_rec: 16
nr_doubles: 131072
nr_of_strided_rec: 16
nr_doubles: 131072
nr_of_strided_rec: 16
nr_doubles: 131072
nr_of_strided_rec: 16
nr_doubles: 131072
nr_of_strided_rec: 16
nr_doubles: 131072
nr_of_strided_rec: 16
nr_doubles: 131072
nr_of_strided_rec: 16
nr_doubles: 131072
nr_of_strided_rec: 16
nr_doubles: 131072
nr_of_strided_rec: 16
nr_doubles: 131072
nr_of_strided_rec: 16
nr_doubles: 131072
nr_of_strided_rec: 16
nr_doubles: 131072
nr_of_strided_rec: 16
nr_doubles: 131072
nr_of_strided_rec: 16
nr_doubles: 131072
nr_of_strided_rec: 16
nr_doubles: 131072
nr_of_strided_rec: 16
nr_doubles: 131072
nr_of_strided_rec: 16
nr_doubles: 131072
nr_of_strided_rec: 16
nr_doubles: 131072
nr_of_strided_rec: 16
nr_doubles: 131072
nr_of_strided_rec: 16
nr_doubles: 131072
nr_of_strided_rec: 16
nr_doubles: 131072
nr_of_strided_rec: 16
nr_doubles: 131072
nr_of_strided_rec: 16
nr_doubles: 131072
nr_of_strided_rec: 16
nr_doubles: 131072
nr_of_strided_rec: 16
nr_doubles: 131072
nr_of_strided_rec: 16
nr_doubles: 131072
nr_of_strided_rec: 16
nr_doubles: 131072
nr_of_strided_rec: 16
nr_doubles: 131072
nr_of_strided_rec: 16
nr_doubles: 131072
nr_of_strided_rec: 16
nr_doubles: 131072
nr_of_strided_rec: 16
nr_doubles: 131072
nr_of_strided_rec: 16
nr_doubles: 131072
nr_of_strided_rec: 16
nr_doubles: 131072
nr_of_strided_rec: 16
nr_doubles: 131072
nr_of_strided_rec: 16
nr_doubles: 131072
nr_of_strided_rec: 16
nr_doubles: 131072
nr_of_strided_rec: 16
nr_doubles: 131072
nr_of_strided_rec: 16
nr_doubles: 131072
nr_of_strided_rec: 16
nr_doubles: 131072
nr_of_strided_rec: 16
nr_doubles: 131072
nr_of_strided_rec: 16
nr_doubles: 131072
nr_of_strided_rec: 16
nr_doubles: 131072
nr_of_strided_rec: 16
nr_doubles: 131072
nr_of_strided_rec: 16
nr_doubles: 131072
nr_of_strided_rec: 16
nr_doubles: 131072
nr_of_strided_rec: 16
nr_doubles: 131072
nr_of_strided_rec: 16
nr_doubles: 131072
nr_of_strided_rec: 16
nr_doubles: 131072
nr_of_strided_rec: 16
nr_doubles: 131072
nr_of_strided_rec: 16
nr_doubles: 131072
nr_of_strided_rec: 16
nr_doubles: 131072
nr_of_strided_rec: 16
nr_doubles: 131072
nr_of_strided_rec: 16
nr_doubles: 131072
nr_of_strided_rec: 16
nr_doubles: 131072
nr_of_strided_rec: 16
nr_doubles: 131072
nr_of_strided_rec: 16
nr_doubles: 131072
nr_of_strided_rec: 16
nr_doubles: 131072
nr_of_strided_rec: 16
nr_doubles: 131072
nr_of_strided_rec: 16
nr_doubles: 131072
nr_of_strided_rec: 16
nr_doubles: 131072
nr_of_strided_rec: 16
nr_doubles: 131072
nr_of_strided_rec: 16
nr_doubles: 131072
nr_of_strided_rec: 16
nr_doubles: 131072
nr_of_strided_rec: 16
nr_doubles: 131072
nr_of_strided_rec: 16
nr_doubles: 131072
nr_of_strided_rec: 16
nr_doubles: 131072
nr_of_strided_rec: 16
nr_doubles: 131072
nr_of_strided_rec: 16
nr_doubles: 131072
nr_of_strided_rec: 16
nr_doubles: 131072
nr_of_strided_rec: 16
nr_doubles: 131072
nr_of_strided_rec: 16
nr_doubles: 131072
nr_of_strided_rec: 16
nr_doubles: 131072
nr_of_strided_rec: 16
nr_doubles: 131072
nr_of_strided_rec: 16
nr_doubles: 131072
nr_of_strided_rec: 16
nr_doubles: 131072
nr_of_strided_rec: 16
nr_doubles: 131072
nr_of_strided_rec: 16
nr_doubles: 131072
nr_of_strided_rec: 16
nr_doubles: 131072
nr_of_strided_rec: 16
nr_doubles: 131072
nr_of_strided_rec: 16
nr_doubles: 131072
nr_of_strided_rec: 16
nr_doubles: 131072
nr_of_strided_rec: 16
nr_doubles: 131072
nr_of_strided_rec: 16
nr_doubles: 131072
nr_of_strided_rec: 16
nr_doubles: 131072
nr_of_strided_rec: 16
nr_doubles: 131072
nr_of_strided_rec: 16
nr_doubles: 131072
nr_of_strided_rec: 16
nr_doubles: 131072
nr_of_strided_rec: 16
nr_doubles: 131072
nr_of_strided_rec: 16
nr_doubles: 131072
nr_of_strided_rec: 16
nr_doubles: 131072
nr_of_strided_rec: 16
nr_doubles: 131072
nr_of_strided_rec: 16
nr_doubles: 131072
nr_of_strided_rec: 16
nr_doubles: 131072
nr_of_strided_rec: 16
nr_doubles: 131072
nr_of_strided_rec: 16
nr_doubles: 131072
nr_of_strided_rec: 16
nr_doubles: 131072
nr_of_strided_rec: 16
nr_doubles: 131072
nr_of_strided_rec: 16
nr_doubles: 131072
nr_of_strided_rec: 16
nr_doubles: 131072
nr_of_strided_rec: 16
nr_doubles: 131072
nr_of_strided_rec: 16
nr_doubles: 131072
nr_of_strided_rec: 16
nr_doubles: 131072
nr_of_strided_rec: 16
nr_doubles: 131072
nr_of_strided_rec: 16
nr_doubles: 131072
nr_of_strided_rec: 16
nr_doubles: 131072
nr_of_strided_rec: 16
nr_doubles: 131072
nr_of_strided_rec: 16
nr_doubles: 131072
nr_of_strided_rec: 16
nr_doubles: 131072
nr_of_strided_rec: 16
nr_doubles: 131072
nr_of_strided_rec: 16
nr_doubles: 131072
nr_of_strided_rec: 16
nr_doubles: 131072
nr_of_strided_rec: 16
nr_doubles: 131072
nr_of_strided_rec: 16
nr_doubles: 131072
nr_of_strided_rec: 16
nr_doubles: 131072
nr_of_strided_rec: 16
nr_doubles: 131072
nr_of_strided_rec: 16
nr_doubles: 131072
nr_of_strided_rec: 16
nr_doubles: 131072
nr_of_strided_rec: 16
nr_doubles: 131072
C_cc         1.21   [      1.21:      1.21]
C_bw         0.61   [      0.61:      0.61]
C_r         32.70   [     32.70:     32.71]
          -------
C_total     34.53   [     34.52:     34.53]


dC[0] = 0.00000e+00
fclose PID:30138 fd:8
fclose PID:30135 fd:12
fclose PID:30136 fd:10
fclose PID:30137 fd:8
READAHEAD_TIME:0.000000 us
MaxRSS= 535048 KB, SharedMem= 0 KB, HardPageFault= 12
READAHEAD_TIME:0.000000 us
MaxRSS= 534916 KB, SharedMem= 0 KB, HardPageFault= 12
READAHEAD_TIME:0.000000 us
MaxRSS= 534880 KB, SharedMem= 0 KB, HardPageFault= 9
READAHEAD_TIME:0.000000 us
MaxRSS= 535056 KB, SharedMem= 0 KB, HardPageFault= 11
fclose PID:30134 fd:0
fclose PID:30134 fd:6
fclose PID:30134 fd:6
fclose PID:30134 fd:0
READAHEAD_TIME:0.000000 us
MaxRSS= 5304 KB, SharedMem= 0 KB, HardPageFault= 2
fclose PID:30133 fd:3
fclose PID:30133 fd:4
fclose PID:30133 fd:4
fclose PID:30133 fd:3
READAHEAD_TIME:0.000000 us
MaxRSS= 4948 KB, SharedMem= 0 KB, HardPageFault= 4
	Command being timed: "mpiexec -n 4 ./MADbench2_io 8192 30 1 8 64 1 1 1048576 7 1"
	User time (seconds): 65.64
	System time (seconds): 56.61
	Percent of CPU this job got: 84%
	Elapsed (wall clock) time (h:mm:ss or m:ss): 2:25.38
	Average shared text size (kbytes): 0
	Average unshared data size (kbytes): 0
	Average stack size (kbytes): 0
	Average total size (kbytes): 0
	Maximum resident set size (kbytes): 535056
	Average resident set size (kbytes): 0
	Major (requiring I/O) page faults: 51
	Minor (reclaiming a frame) page faults: 2959045
	Voluntary context switches: 32759
	Involuntary context switches: 1078
	Swaps: 0
	File system inputs: 62364640
	File system outputs: 62914664
	Socket messages sent: 0
	Socket messages received: 0
	Signals delivered: 0
	Page size (bytes): 4096
	Exit status: 0
READAHEAD_TIME:0.000000 us
MaxRSS= 2208 KB, SharedMem= 0 KB, HardPageFault= 0
*******************DMESG OUTPUT******************
