fclose PID:30370 fd:3
fclose PID:30370 fd:4
fclose PID:30370 fd:4
fclose PID:30370 fd:3
available: 2 nodes (0-1)
fclose PID:30370 fd:3
node 0 cpus:fclose PID:30370 fd:3
 0 1 2 3 4 5 6 7 8 9 20 21 22 23 24 25 26 27 28 29
node 0 size: 80440 MB
node 0 free: 80122 MB
fclose PID:30370 fd:3
node 1 cpus:fclose PID:30370 fd:3
 10 11 12 13 14 15 16 17 18 19 30 31 32 33 34 35 36 37 38 39
node 1 size: 80635 MB
node 1 free: 80375 MB
fclose PID:30370 fd:3
fclose PID:30370 fd:3
node distances:
node   0   1 
  0:  10  21 
  1:  21  10 
READAHEAD_TIME:0.000000 us
MaxRSS= 2196 KB, SharedMem= 0 KB, HardPageFault= 10
fclose PID:30378 fd:8
fclose PID:30376 fd:10
fclose PID:30375 fd:12
fclose PID:30377 fd:8

MADbench 2.0 IO-mode
no_pe = 4  no_pix = 8192  no_bin = 30  no_gang = 1 sblocksize = 8  fblocksize = 64  r_mod = 1  w_mod = 1 record_size=1048576 stride=7
IOMETHOD = POSIX  IOMODE = SYNC  FILETYPE = UNIQUE  REMAP = CUSTOM

build_S
build_S
build_S
build_S

Write the data to file:134217728 bytes
***********WAITING************

Write the data to file:134217728 bytes
***********WAITING************

Write the data to file:134217728 bytes
***********WAITING************

Write the data to file:134217728 bytes
***********WAITING************

Write the data to file:134217728 bytes
***********WAITING************

Write the data to file:134217728 bytes
***********WAITING************

Write the data to file:134217728 bytes
***********WAITING************

Write the data to file:134217728 bytes
***********WAITING************

Write the data to file:134217728 bytes
***********WAITING************

Write the data to file:134217728 bytes
***********WAITING************

Write the data to file:134217728 bytes
***********WAITING************

Write the data to file:134217728 bytes
***********WAITING************

Write the data to file:134217728 bytes
***********WAITING************

Write the data to file:134217728 bytes
***********WAITING************

Write the data to file:134217728 bytes
***********WAITING************

Write the data to file:134217728 bytes
***********WAITING************

Write the data to file:134217728 bytes
***********WAITING************

Write the data to file:134217728 bytes
***********WAITING************

Write the data to file:134217728 bytes
***********WAITING************

Write the data to file:134217728 bytes
***********WAITING************

Write the data to file:134217728 bytes
***********WAITING************

Write the data to file:134217728 bytes
***********WAITING************

Write the data to file:134217728 bytes
***********WAITING************

Write the data to file:134217728 bytes
***********WAITING************

Write the data to file:134217728 bytes
***********WAITING************

Write the data to file:134217728 bytes
***********WAITING************

Write the data to file:134217728 bytes
***********WAITING************

Write the data to file:134217728 bytes
***********WAITING************

Write the data to file:134217728 bytes
***********WAITING************

Write the data to file:134217728 bytes
***********WAITING************

Write the data to file:134217728 bytes
***********WAITING************

Write the data to file:134217728 bytes
***********WAITING************

Write the data to file:134217728 bytes
***********WAITING************

Write the data to file:134217728 bytes
***********WAITING************

Write the data to file:134217728 bytes
***********WAITING************

Write the data to file:134217728 bytes
***********WAITING************

Write the data to file:134217728 bytes
***********WAITING************

Write the data to file:134217728 bytes
***********WAITING************

Write the data to file:134217728 bytes
***********WAITING************

Write the data to file:134217728 bytes
***********WAITING************

Write the data to file:134217728 bytes
***********WAITING************

Write the data to file:134217728 bytes
***********WAITING************

Write the data to file:134217728 bytes
***********WAITING************

Write the data to file:134217728 bytes
***********WAITING************

Write the data to file:134217728 bytes
***********WAITING************

Write the data to file:134217728 bytes
***********WAITING************

Write the data to file:134217728 bytes
***********WAITING************

Write the data to file:134217728 bytes
***********WAITING************

Write the data to file:134217728 bytes
***********WAITING************

Write the data to file:134217728 bytes
***********WAITING************

Write the data to file:134217728 bytes
***********WAITING************

Write the data to file:134217728 bytes
***********WAITING************

Write the data to file:134217728 bytes
***********WAITING************

Write the data to file:134217728 bytes
***********WAITING************

Write the data to file:134217728 bytes
***********WAITING************

Write the data to file:134217728 bytes
***********WAITING************

Write the data to file:134217728 bytes
***********WAITING************

Write the data to file:134217728 bytes
***********WAITING************

Write the data to file:134217728 bytes
***********WAITING************

Write the data to file:134217728 bytes
***********WAITING************

Write the data to file:134217728 bytes
***********WAITING************

Write the data to file:134217728 bytes
***********WAITING************

Write the data to file:134217728 bytes
***********WAITING************

Write the data to file:134217728 bytes
***********WAITING************

Write the data to file:134217728 bytes
***********WAITING************

Write the data to file:134217728 bytes
***********WAITING************

Write the data to file:134217728 bytes
***********WAITING************

Write the data to file:134217728 bytes
***********WAITING************

Write the data to file:134217728 bytes
***********WAITING************

Write the data to file:134217728 bytes
***********WAITING************

Write the data to file:134217728 bytes
***********WAITING************

Write the data to file:134217728 bytes
***********WAITING************

Write the data to file:134217728 bytes
***********WAITING************

Write the data to file:134217728 bytes
***********WAITING************

Write the data to file:134217728 bytes
***********WAITING************

Write the data to file:134217728 bytes
***********WAITING************

Write the data to file:134217728 bytes
***********WAITING************

Write the data to file:134217728 bytes
***********WAITING************

Write the data to file:134217728 bytes
***********WAITING************

Write the data to file:134217728 bytes
***********WAITING************

Write the data to file:134217728 bytes
***********WAITING************

Write the data to file:134217728 bytes
***********WAITING************

Write the data to file:134217728 bytes
***********WAITING************

Write the data to file:134217728 bytes
***********WAITING************

Write the data to file:134217728 bytes
***********WAITING************

Write the data to file:134217728 bytes
***********WAITING************

Write the data to file:134217728 bytes
***********WAITING************

Write the data to file:134217728 bytes
***********WAITING************

Write the data to file:134217728 bytes
***********WAITING************

Write the data to file:134217728 bytes
***********WAITING************

Write the data to file:134217728 bytes
***********WAITING************

Write the data to file:134217728 bytes
***********WAITING************

Write the data to file:134217728 bytes
***********WAITING************

Write the data to file:134217728 bytes
***********WAITING************

Write the data to file:134217728 bytes
***********WAITING************

Write the data to file:134217728 bytes
***********WAITING************

Write the data to file:134217728 bytes
***********WAITING************

Write the data to file:134217728 bytes
***********WAITING************

Write the data to file:134217728 bytes
***********WAITING************

Write the data to file:134217728 bytes
***********WAITING************

Write the data to file:134217728 bytes
***********WAITING************

Write the data to file:134217728 bytes
***********WAITING************

Write the data to file:134217728 bytes
***********WAITING************

Write the data to file:134217728 bytes
***********WAITING************

Write the data to file:134217728 bytes
***********WAITING************

Write the data to file:134217728 bytes
***********WAITING************

Write the data to file:134217728 bytes
***********WAITING************

Write the data to file:134217728 bytes
***********WAITING************

Write the data to file:134217728 bytes
***********WAITING************

Write the data to file:134217728 bytes
***********WAITING************

Write the data to file:134217728 bytes
***********WAITING************

Write the data to file:134217728 bytes
***********WAITING************

Write the data to file:134217728 bytes
***********WAITING************

Write the data to file:134217728 bytes
***********WAITING************

Write the data to file:134217728 bytes
***********WAITING************

Write the data to file:134217728 bytes
***********WAITING************

Write the data to file:134217728 bytes
***********WAITING************

Write the data to file:134217728 bytes
***********WAITING************

Write the data to file:134217728 bytes
***********WAITING************

Write the data to file:134217728 bytes
***********WAITING************
S_cc         1.54   [      1.53:      1.54]
S_bw         0.72   [      0.72:      0.72]
S_w         33.79   [     33.79:     33.79]
          -------
S_total     36.05   [     36.04:     36.05]

build_S done
calc_W
nr_of_strided_rec: 16
nr_doubles: 131072
build_S done
calc_W
nr_of_strided_rec: 16
nr_doubles: 131072
build_S done
calc_W
nr_of_strided_rec: 16
nr_doubles: 131072
build_S done
calc_W
nr_of_strided_rec: 16
nr_doubles: 131072
nr_of_strided_rec: 16
nr_doubles: 131072
nr_of_strided_rec: 16
nr_doubles: 131072
nr_of_strided_rec: 16
nr_doubles: 131072
nr_of_strided_rec: 16
nr_doubles: 131072

Write the data to file:134217728 bytes
***********WAITING************

Write the data to file:134217728 bytes
***********WAITING************

Write the data to file:134217728 bytes
***********WAITING************

Write the data to file:134217728 bytes
***********WAITING************
nr_of_strided_rec: 16
nr_doubles: 131072
nr_of_strided_rec: 16
nr_doubles: 131072
nr_of_strided_rec: 16
nr_doubles: 131072
nr_of_strided_rec: 16
nr_doubles: 131072

Write the data to file:134217728 bytes
***********WAITING************

Write the data to file:134217728 bytes
***********WAITING************

Write the data to file:134217728 bytes
***********WAITING************

Write the data to file:134217728 bytes
***********WAITING************
nr_of_strided_rec: 16
nr_doubles: 131072
nr_of_strided_rec: 16
nr_doubles: 131072
nr_of_strided_rec: 16
nr_doubles: 131072
nr_of_strided_rec: 16
nr_doubles: 131072

Write the data to file:134217728 bytes
***********WAITING************

Write the data to file:134217728 bytes
***********WAITING************

Write the data to file:134217728 bytes
***********WAITING************

Write the data to file:134217728 bytes
***********WAITING************
nr_of_strided_rec: 16
nr_doubles: 131072
nr_of_strided_rec: 16
nr_doubles: 131072
nr_of_strided_rec: 16
nr_doubles: 131072
nr_of_strided_rec: 16
nr_doubles: 131072

Write the data to file:134217728 bytes
***********WAITING************

Write the data to file:134217728 bytes
***********WAITING************

Write the data to file:134217728 bytes
***********WAITING************

Write the data to file:134217728 bytes
***********WAITING************
nr_of_strided_rec: 16
nr_doubles: 131072
nr_of_strided_rec: 16
nr_doubles: 131072
nr_of_strided_rec: 16
nr_doubles: 131072
nr_of_strided_rec: 16
nr_doubles: 131072

Write the data to file:134217728 bytes
***********WAITING************

Write the data to file:134217728 bytes
***********WAITING************

Write the data to file:134217728 bytes
***********WAITING************

Write the data to file:134217728 bytes
***********WAITING************
nr_of_strided_rec: 16
nr_doubles: 131072
nr_of_strided_rec: 16
nr_doubles: 131072
nr_of_strided_rec: 16
nr_doubles: 131072
nr_of_strided_rec: 16
nr_doubles: 131072

Write the data to file:134217728 bytes
***********WAITING************

Write the data to file:134217728 bytes
***********WAITING************

Write the data to file:134217728 bytes
***********WAITING************

Write the data to file:134217728 bytes
***********WAITING************
nr_of_strided_rec: 16
nr_doubles: 131072
nr_of_strided_rec: 16
nr_doubles: 131072
nr_of_strided_rec: 16
nr_doubles: 131072
nr_of_strided_rec: 16
nr_doubles: 131072

Write the data to file:134217728 bytes
***********WAITING************

Write the data to file:134217728 bytes
***********WAITING************

Write the data to file:134217728 bytes
***********WAITING************

Write the data to file:134217728 bytes
***********WAITING************
nr_of_strided_rec: 16
nr_doubles: 131072
nr_of_strided_rec: 16
nr_doubles: 131072
nr_of_strided_rec: 16
nr_doubles: 131072
nr_of_strided_rec: 16
nr_doubles: 131072

Write the data to file:134217728 bytes
***********WAITING************

Write the data to file:134217728 bytes
***********WAITING************

Write the data to file:134217728 bytes
***********WAITING************

Write the data to file:134217728 bytes
***********WAITING************
nr_of_strided_rec: 16
nr_doubles: 131072
nr_of_strided_rec: 16
nr_doubles: 131072
nr_of_strided_rec: 16
nr_doubles: 131072
nr_of_strided_rec: 16
nr_doubles: 131072

Write the data to file:134217728 bytes
***********WAITING************

Write the data to file:134217728 bytes
***********WAITING************

Write the data to file:134217728 bytes
***********WAITING************

Write the data to file:134217728 bytes
***********WAITING************
nr_of_strided_rec: 16
nr_doubles: 131072
nr_of_strided_rec: 16
nr_doubles: 131072
nr_of_strided_rec: 16
nr_doubles: 131072
nr_of_strided_rec: 16
nr_doubles: 131072

Write the data to file:134217728 bytes
***********WAITING************

Write the data to file:134217728 bytes
***********WAITING************

Write the data to file:134217728 bytes
***********WAITING************

Write the data to file:134217728 bytes
***********WAITING************
nr_of_strided_rec: 16
nr_doubles: 131072
nr_of_strided_rec: 16
nr_doubles: 131072
nr_of_strided_rec: 16
nr_doubles: 131072
nr_of_strided_rec: 16
nr_doubles: 131072

Write the data to file:134217728 bytes
***********WAITING************

Write the data to file:134217728 bytes
***********WAITING************

Write the data to file:134217728 bytes
***********WAITING************

Write the data to file:134217728 bytes
***********WAITING************
nr_of_strided_rec: 16
nr_doubles: 131072
nr_of_strided_rec: 16
nr_doubles: 131072
nr_of_strided_rec: 16
nr_doubles: 131072
nr_of_strided_rec: 16
nr_doubles: 131072

Write the data to file:134217728 bytes
***********WAITING************

Write the data to file:134217728 bytes
***********WAITING************

Write the data to file:134217728 bytes
***********WAITING************

Write the data to file:134217728 bytes
***********WAITING************
nr_of_strided_rec: 16
nr_doubles: 131072
nr_of_strided_rec: 16
nr_doubles: 131072
nr_of_strided_rec: 16
nr_doubles: 131072
nr_of_strided_rec: 16
nr_doubles: 131072

Write the data to file:134217728 bytes
***********WAITING************

Write the data to file:134217728 bytes
***********WAITING************

Write the data to file:134217728 bytes
***********WAITING************

Write the data to file:134217728 bytes
***********WAITING************
nr_of_strided_rec: 16
nr_doubles: 131072
nr_of_strided_rec: 16
nr_doubles: 131072
nr_of_strided_rec: 16
nr_doubles: 131072
nr_of_strided_rec: 16
nr_doubles: 131072

Write the data to file:134217728 bytes
***********WAITING************

Write the data to file:134217728 bytes
***********WAITING************

Write the data to file:134217728 bytes
***********WAITING************

Write the data to file:134217728 bytes
***********WAITING************
nr_of_strided_rec: 16
nr_doubles: 131072
nr_of_strided_rec: 16
nr_doubles: 131072
nr_of_strided_rec: 16
nr_doubles: 131072
nr_of_strided_rec: 16
nr_doubles: 131072

Write the data to file:134217728 bytes
***********WAITING************

Write the data to file:134217728 bytes
***********WAITING************

Write the data to file:134217728 bytes
***********WAITING************

Write the data to file:134217728 bytes
***********WAITING************
nr_of_strided_rec: 16
nr_doubles: 131072
nr_of_strided_rec: 16
nr_doubles: 131072
nr_of_strided_rec: 16
nr_doubles: 131072
nr_of_strided_rec: 16
nr_doubles: 131072

Write the data to file:134217728 bytes
***********WAITING************

Write the data to file:134217728 bytes
***********WAITING************

Write the data to file:134217728 bytes
***********WAITING************

Write the data to file:134217728 bytes
***********WAITING************
nr_of_strided_rec: 16
nr_doubles: 131072
nr_of_strided_rec: 16
nr_doubles: 131072
nr_of_strided_rec: 16
nr_doubles: 131072
nr_of_strided_rec: 16
nr_doubles: 131072

Write the data to file:134217728 bytes
***********WAITING************

Write the data to file:134217728 bytes
***********WAITING************

Write the data to file:134217728 bytes
***********WAITING************

Write the data to file:134217728 bytes
***********WAITING************
nr_of_strided_rec: 16
nr_doubles: 131072
nr_of_strided_rec: 16
nr_doubles: 131072
nr_of_strided_rec: 16
nr_doubles: 131072
nr_of_strided_rec: 16
nr_doubles: 131072

Write the data to file:134217728 bytes
***********WAITING************

Write the data to file:134217728 bytes
***********WAITING************

Write the data to file:134217728 bytes
***********WAITING************

Write the data to file:134217728 bytes
***********WAITING************
nr_of_strided_rec: 16
nr_doubles: 131072
nr_of_strided_rec: 16
nr_doubles: 131072
nr_of_strided_rec: 16
nr_doubles: 131072
nr_of_strided_rec: 16
nr_doubles: 131072

Write the data to file:134217728 bytes
***********WAITING************

Write the data to file:134217728 bytes
***********WAITING************

Write the data to file:134217728 bytes
***********WAITING************

Write the data to file:134217728 bytes
***********WAITING************
nr_of_strided_rec: 16
nr_doubles: 131072
nr_of_strided_rec: 16
nr_doubles: 131072
nr_of_strided_rec: 16
nr_doubles: 131072
nr_of_strided_rec: 16
nr_doubles: 131072

Write the data to file:134217728 bytes
***********WAITING************

Write the data to file:134217728 bytes
***********WAITING************

Write the data to file:134217728 bytes
***********WAITING************

Write the data to file:134217728 bytes
***********WAITING************
nr_of_strided_rec: 16
nr_doubles: 131072
nr_of_strided_rec: 16
nr_doubles: 131072
nr_of_strided_rec: 16
nr_doubles: 131072
nr_of_strided_rec: 16
nr_doubles: 131072

Write the data to file:134217728 bytes
***********WAITING************

Write the data to file:134217728 bytes
***********WAITING************

Write the data to file:134217728 bytes
***********WAITING************

Write the data to file:134217728 bytes
***********WAITING************
nr_of_strided_rec: 16
nr_doubles: 131072
nr_of_strided_rec: 16
nr_doubles: 131072
nr_of_strided_rec: 16
nr_doubles: 131072
nr_of_strided_rec: 16
nr_doubles: 131072

Write the data to file:134217728 bytes
***********WAITING************

Write the data to file:134217728 bytes
***********WAITING************

Write the data to file:134217728 bytes
***********WAITING************

Write the data to file:134217728 bytes
***********WAITING************
nr_of_strided_rec: 16
nr_doubles: 131072
nr_of_strided_rec: 16
nr_doubles: 131072
nr_of_strided_rec: 16
nr_doubles: 131072
nr_of_strided_rec: 16
nr_doubles: 131072

Write the data to file:134217728 bytes
***********WAITING************

Write the data to file:134217728 bytes
***********WAITING************

Write the data to file:134217728 bytes
***********WAITING************

Write the data to file:134217728 bytes
***********WAITING************
nr_of_strided_rec: 16
nr_doubles: 131072
nr_of_strided_rec: 16
nr_doubles: 131072
nr_of_strided_rec: 16
nr_doubles: 131072
nr_of_strided_rec: 16
nr_doubles: 131072

Write the data to file:134217728 bytes
***********WAITING************

Write the data to file:134217728 bytes
***********WAITING************

Write the data to file:134217728 bytes
***********WAITING************

Write the data to file:134217728 bytes
***********WAITING************
nr_of_strided_rec: 16
nr_doubles: 131072
nr_of_strided_rec: 16
nr_doubles: 131072
nr_of_strided_rec: 16
nr_doubles: 131072
nr_of_strided_rec: 16
nr_doubles: 131072

Write the data to file:134217728 bytes
***********WAITING************

Write the data to file:134217728 bytes
***********WAITING************

Write the data to file:134217728 bytes
***********WAITING************

Write the data to file:134217728 bytes
***********WAITING************
nr_of_strided_rec: 16
nr_doubles: 131072
nr_of_strided_rec: 16
nr_doubles: 131072
nr_of_strided_rec: 16
nr_doubles: 131072
nr_of_strided_rec: 16
nr_doubles: 131072

Write the data to file:134217728 bytes
***********WAITING************

Write the data to file:134217728 bytes
***********WAITING************

Write the data to file:134217728 bytes
***********WAITING************

Write the data to file:134217728 bytes
***********WAITING************
nr_of_strided_rec: 16
nr_doubles: 131072
nr_of_strided_rec: 16
nr_doubles: 131072
nr_of_strided_rec: 16
nr_doubles: 131072
nr_of_strided_rec: 16
nr_doubles: 131072

Write the data to file:134217728 bytes
***********WAITING************

Write the data to file:134217728 bytes
***********WAITING************

Write the data to file:134217728 bytes
***********WAITING************

Write the data to file:134217728 bytes
***********WAITING************
nr_of_strided_rec: 16
nr_doubles: 131072
nr_of_strided_rec: 16
nr_doubles: 131072
nr_of_strided_rec: 16
nr_doubles: 131072
nr_of_strided_rec: 16
nr_doubles: 131072

Write the data to file:134217728 bytes
***********WAITING************

Write the data to file:134217728 bytes
***********WAITING************

Write the data to file:134217728 bytes
***********WAITING************

Write the data to file:134217728 bytes
***********WAITING************
nr_of_strided_rec: 16
nr_doubles: 131072
nr_of_strided_rec: 16
nr_doubles: 131072
nr_of_strided_rec: 16
nr_doubles: 131072
nr_of_strided_rec: 16
nr_doubles: 131072

Write the data to file:134217728 bytes
***********WAITING************

Write the data to file:134217728 bytes
***********WAITING************

Write the data to file:134217728 bytes
***********WAITING************

Write the data to file:134217728 bytes
***********WAITING************

Write the data to file:134217728 bytes
***********WAITING************

Write the data to file:134217728 bytes
***********WAITING************

Write the data to file:134217728 bytes
***********WAITING************

Write the data to file:134217728 bytes
***********WAITING************
W_cc         2.88   [      2.88:      2.89]
W_r         44.34   [     44.34:     44.34]
W_w         29.66   [     29.66:     29.66]
          -------
W_total     76.88   [     76.88:     76.89]

calc_W done
calc_W done
calc_W done
calc_W done
nr_of_strided_rec: 16
nr_doubles: 131072
nr_of_strided_rec: 16
nr_doubles: 131072
nr_of_strided_rec: 16
nr_doubles: 131072
nr_of_strided_rec: 16
nr_doubles: 131072
nr_of_strided_rec: 16
nr_doubles: 131072
nr_of_strided_rec: 16
nr_doubles: 131072
nr_of_strided_rec: 16
nr_doubles: 131072
nr_of_strided_rec: 16
nr_doubles: 131072
nr_of_strided_rec: 16
nr_doubles: 131072
nr_of_strided_rec: 16
nr_doubles: 131072
nr_of_strided_rec: 16
nr_doubles: 131072
nr_of_strided_rec: 16
nr_doubles: 131072
nr_of_strided_rec: 16
nr_doubles: 131072
nr_of_strided_rec: 16
nr_doubles: 131072
nr_of_strided_rec: 16
nr_doubles: 131072
nr_of_strided_rec: 16
nr_doubles: 131072
nr_of_strided_rec: 16
nr_doubles: 131072
nr_of_strided_rec: 16
nr_doubles: 131072
nr_of_strided_rec: 16
nr_doubles: 131072
nr_of_strided_rec: 16
nr_doubles: 131072
nr_of_strided_rec: 16
nr_doubles: 131072
nr_of_strided_rec: 16
nr_doubles: 131072
nr_of_strided_rec: 16
nr_doubles: 131072
nr_of_strided_rec: 16
nr_doubles: 131072
nr_of_strided_rec: 16
nr_doubles: 131072
nr_of_strided_rec: 16
nr_doubles: 131072
nr_of_strided_rec: 16
nr_doubles: 131072
nr_of_strided_rec: 16
nr_doubles: 131072
nr_of_strided_rec: 16
nr_doubles: 131072
nr_of_strided_rec: 16
nr_doubles: 131072
nr_of_strided_rec: 16
nr_doubles: 131072
nr_of_strided_rec: 16
nr_doubles: 131072
nr_of_strided_rec: 16
nr_doubles: 131072
nr_of_strided_rec: 16
nr_doubles: 131072
nr_of_strided_rec: 16
nr_doubles: 131072
nr_of_strided_rec: 16
nr_doubles: 131072
nr_of_strided_rec: 16
nr_doubles: 131072
nr_of_strided_rec: 16
nr_doubles: 131072
nr_of_strided_rec: 16
nr_doubles: 131072
nr_of_strided_rec: 16
nr_doubles: 131072
nr_of_strided_rec: 16
nr_doubles: 131072
nr_of_strided_rec: 16
nr_doubles: 131072
nr_of_strided_rec: 16
nr_doubles: 131072
nr_of_strided_rec: 16
nr_doubles: 131072
nr_of_strided_rec: 16
nr_doubles: 131072
nr_of_strided_rec: 16
nr_doubles: 131072
nr_of_strided_rec: 16
nr_doubles: 131072
nr_of_strided_rec: 16
nr_doubles: 131072
nr_of_strided_rec: 16
nr_doubles: 131072
nr_of_strided_rec: 16
nr_doubles: 131072
nr_of_strided_rec: 16
nr_doubles: 131072
nr_of_strided_rec: 16
nr_doubles: 131072
nr_of_strided_rec: 16
nr_doubles: 131072
nr_of_strided_rec: 16
nr_doubles: 131072
nr_of_strided_rec: 16
nr_doubles: 131072
nr_of_strided_rec: 16
nr_doubles: 131072
nr_of_strided_rec: 16
nr_doubles: 131072
nr_of_strided_rec: 16
nr_doubles: 131072
nr_of_strided_rec: 16
nr_doubles: 131072
nr_of_strided_rec: 16
nr_doubles: 131072
nr_of_strided_rec: 16
nr_doubles: 131072
nr_of_strided_rec: 16
nr_doubles: 131072
nr_of_strided_rec: 16
nr_doubles: 131072
nr_of_strided_rec: 16
nr_doubles: 131072
nr_of_strided_rec: 16
nr_doubles: 131072
nr_of_strided_rec: 16
nr_doubles: 131072
nr_of_strided_rec: 16
nr_doubles: 131072
nr_of_strided_rec: 16
nr_doubles: 131072
nr_of_strided_rec: 16
nr_doubles: 131072
nr_of_strided_rec: 16
nr_doubles: 131072
nr_of_strided_rec: 16
nr_doubles: 131072
nr_of_strided_rec: 16
nr_doubles: 131072
nr_of_strided_rec: 16
nr_doubles: 131072
nr_of_strided_rec: 16
nr_doubles: 131072
nr_of_strided_rec: 16
nr_doubles: 131072
nr_of_strided_rec: 16
nr_doubles: 131072
nr_of_strided_rec: 16
nr_doubles: 131072
nr_of_strided_rec: 16
nr_doubles: 131072
nr_of_strided_rec: 16
nr_doubles: 131072
nr_of_strided_rec: 16
nr_doubles: 131072
nr_of_strided_rec: 16
nr_doubles: 131072
nr_of_strided_rec: 16
nr_doubles: 131072
nr_of_strided_rec: 16
nr_doubles: 131072
nr_of_strided_rec: 16
nr_doubles: 131072
nr_of_strided_rec: 16
nr_doubles: 131072
nr_of_strided_rec: 16
nr_doubles: 131072
nr_of_strided_rec: 16
nr_doubles: 131072
nr_of_strided_rec: 16
nr_doubles: 131072
nr_of_strided_rec: 16
nr_doubles: 131072
nr_of_strided_rec: 16
nr_doubles: 131072
nr_of_strided_rec: 16
nr_doubles: 131072
nr_of_strided_rec: 16
nr_doubles: 131072
nr_of_strided_rec: 16
nr_doubles: 131072
nr_of_strided_rec: 16
nr_doubles: 131072
nr_of_strided_rec: 16
nr_doubles: 131072
nr_of_strided_rec: 16
nr_doubles: 131072
nr_of_strided_rec: 16
nr_doubles: 131072
nr_of_strided_rec: 16
nr_doubles: 131072
nr_of_strided_rec: 16
nr_doubles: 131072
nr_of_strided_rec: 16
nr_doubles: 131072
nr_of_strided_rec: 16
nr_doubles: 131072
nr_of_strided_rec: 16
nr_doubles: 131072
nr_of_strided_rec: 16
nr_doubles: 131072
nr_of_strided_rec: 16
nr_doubles: 131072
nr_of_strided_rec: 16
nr_doubles: 131072
nr_of_strided_rec: 16
nr_doubles: 131072
nr_of_strided_rec: 16
nr_doubles: 131072
nr_of_strided_rec: 16
nr_doubles: 131072
nr_of_strided_rec: 16
nr_doubles: 131072
nr_of_strided_rec: 16
nr_doubles: 131072
nr_of_strided_rec: 16
nr_doubles: 131072
nr_of_strided_rec: 16
nr_doubles: 131072
nr_of_strided_rec: 16
nr_doubles: 131072
nr_of_strided_rec: 16
nr_doubles: 131072
nr_of_strided_rec: 16
nr_doubles: 131072
nr_of_strided_rec: 16
nr_doubles: 131072
nr_of_strided_rec: 16
nr_doubles: 131072
nr_of_strided_rec: 16
nr_doubles: 131072
nr_of_strided_rec: 16
nr_doubles: 131072
nr_of_strided_rec: 16
nr_doubles: 131072
C_cc         1.12   [      1.12:      1.12]
C_bw         0.85   [      0.85:      0.85]
C_r         33.12   [     33.12:     33.12]
          -------
C_total     35.09   [     35.09:     35.09]


dC[0] = 0.00000e+00
fclose PID:30375 fd:12
fclose PID:30378 fd:8
fclose PID:30376 fd:10
fclose PID:30377 fd:8
READAHEAD_TIME:575727.000000 us
MaxRSS= 534664 KB, SharedMem= 0 KB, HardPageFault= 5
READAHEAD_TIME:596529.000000 us
MaxRSS= 535040 KB, SharedMem= 0 KB, HardPageFault= 11
READAHEAD_TIME:600272.000000 us
READAHEAD_TIME:623012.000000 us
MaxRSS= 534852 KB, SharedMem= 0 KB, HardPageFault= 5
MaxRSS= 534736 KB, SharedMem= 0 KB, HardPageFault= 8
fclose PID:30374 fd:0
fclose PID:30374 fd:6
fclose PID:30374 fd:6
fclose PID:30374 fd:0
READAHEAD_TIME:0.000000 us
MaxRSS= 5424 KB, SharedMem= 0 KB, HardPageFault= 2
fclose PID:30373 fd:3
fclose PID:30373 fd:4
fclose PID:30373 fd:4
fclose PID:30373 fd:3
READAHEAD_TIME:0.000000 us
MaxRSS= 4884 KB, SharedMem= 0 KB, HardPageFault= 4
	Command being timed: "mpiexec -n 4 ./MADbench2_io 8192 30 1 8 64 1 1 1048576 7 1"
	User time (seconds): 72.34
	System time (seconds): 56.17
	Percent of CPU this job got: 86%
	Elapsed (wall clock) time (h:mm:ss or m:ss): 2:28.35
	Average shared text size (kbytes): 0
	Average unshared data size (kbytes): 0
	Average stack size (kbytes): 0
	Average total size (kbytes): 0
	Maximum resident set size (kbytes): 535040
	Average resident set size (kbytes): 0
	Major (requiring I/O) page faults: 36
	Minor (reclaiming a frame) page faults: 2683760
	Voluntary context switches: 16281
	Involuntary context switches: 1116
	Swaps: 0
	File system inputs: 63881424
	File system outputs: 62914656
	Socket messages sent: 0
	Socket messages received: 0
	Signals delivered: 0
	Page size (bytes): 4096
	Exit status: 0
READAHEAD_TIME:0.000000 us
MaxRSS= 2088 KB, SharedMem= 0 KB, HardPageFault= 0
*******************DMESG OUTPUT******************
