fclose PID:36065 fd:3
fclose PID:36065 fd:4
fclose PID:36065 fd:4
fclose PID:36065 fd:3
available: 2 nodes (0-1)
fclose PID:36065 fd:3
node 0 cpus:fclose PID:36065 fd:3
 0 1 2 3 4 5 6 7 8 9 20 21 22 23 24 25 26 27 28 29
node 0 size: 80440 MB
node 0 free: 80118 MB
fclose PID:36065 fd:3
node 1 cpus:fclose PID:36065 fd:3
 10 11 12 13 14 15 16 17 18 19 30 31 32 33 34 35 36 37 38 39
node 1 size: 80635 MB
node 1 free: 80366 MB
fclose PID:36065 fd:3
fclose PID:36065 fd:3
node distances:
node   0   1 
  0:  10  21 
  1:  21  10 
READAHEAD_TIME:0.000000 us
MaxRSS= 2220 KB, SharedMem= 0 KB, HardPageFault= 10
fclose PID:36082 fd:8
fclose PID:36077 fd:8
fclose PID:36073 fd:8
fclose PID:36085 fd:8
fclose PID:36078 fd:8
fclose PID:36079 fd:8
fclose PID:36076 fd:8
fclose PID:36070 fd:12
fclose PID:36072 fd:8
fclose PID:36074 fd:8
fclose PID:36075 fd:8
fclose PID:36081 fd:8
fclose PID:36084 fd:8
fclose PID:36080 fd:8
fclose PID:36071 fd:10
fclose PID:36083 fd:8

MADbench 2.0 IO-mode
no_pe = 16  no_pix = 4096  no_bin = 30  no_gang = 1 sblocksize = 8  fblocksize = 64  r_mod = 1  w_mod = 1 record_size=524288 stride=7


IOMETHOD = POSIX  IOMODE = SYNC  FILETYPE = UNIQUE  REMAP = CUSTOMbuild_S
build_S
build_S
build_S
build_S
build_S
build_S
build_S
build_S
build_S
build_S
build_S
build_S
build_S
build_S
build_S

Write the data to file:8388608 bytes
***********WAITING************

Write the data to file:8388608 bytes
***********WAITING************

Write the data to file:8388608 bytes
***********WAITING************

Write the data to file:8388608 bytes
***********WAITING************

Write the data to file:8388608 bytes
***********WAITING************

Write the data to file:8388608 bytes
***********WAITING************

Write the data to file:8388608 bytes
***********WAITING************

Write the data to file:8388608 bytes
***********WAITING************

Write the data to file:8388608 bytes
***********WAITING************

Write the data to file:8388608 bytes
***********WAITING************

Write the data to file:8388608 bytes
***********WAITING************

Write the data to file:8388608 bytes
***********WAITING************

Write the data to file:8388608 bytes
***********WAITING************

Write the data to file:8388608 bytes
***********WAITING************

Write the data to file:8388608 bytes
***********WAITING************

Write the data to file:8388608 bytes
***********WAITING************

Write the data to file:8388608 bytes
***********WAITING************

Write the data to file:8388608 bytes
***********WAITING************

Write the data to file:8388608 bytes
***********WAITING************

Write the data to file:8388608 bytes
***********WAITING************

Write the data to file:8388608 bytes
***********WAITING************

Write the data to file:8388608 bytes
***********WAITING************

Write the data to file:8388608 bytes
***********WAITING************

Write the data to file:8388608 bytes
***********WAITING************

Write the data to file:8388608 bytes
***********WAITING************

Write the data to file:8388608 bytes
***********WAITING************

Write the data to file:8388608 bytes
***********WAITING************

Write the data to file:8388608 bytes
***********WAITING************

Write the data to file:8388608 bytes
***********WAITING************

Write the data to file:8388608 bytes
***********WAITING************

Write the data to file:8388608 bytes
***********WAITING************

Write the data to file:8388608 bytes
***********WAITING************

Write the data to file:8388608 bytes
***********WAITING************

Write the data to file:8388608 bytes
***********WAITING************

Write the data to file:8388608 bytes
***********WAITING************

Write the data to file:8388608 bytes
***********WAITING************

Write the data to file:8388608 bytes
***********WAITING************

Write the data to file:8388608 bytes
***********WAITING************

Write the data to file:8388608 bytes
***********WAITING************

Write the data to file:8388608 bytes
***********WAITING************

Write the data to file:8388608 bytes
***********WAITING************

Write the data to file:8388608 bytes
***********WAITING************

Write the data to file:8388608 bytes
***********WAITING************

Write the data to file:8388608 bytes
***********WAITING************

Write the data to file:8388608 bytes
***********WAITING************

Write the data to file:8388608 bytes
***********WAITING************

Write the data to file:8388608 bytes
***********WAITING************

Write the data to file:8388608 bytes
***********WAITING************

Write the data to file:8388608 bytes
***********WAITING************

Write the data to file:8388608 bytes
***********WAITING************

Write the data to file:8388608 bytes
***********WAITING************

Write the data to file:8388608 bytes
***********WAITING************

Write the data to file:8388608 bytes
***********WAITING************

Write the data to file:8388608 bytes
***********WAITING************

Write the data to file:8388608 bytes
***********WAITING************

Write the data to file:8388608 bytes
***********WAITING************

Write the data to file:8388608 bytes
***********WAITING************

Write the data to file:8388608 bytes
***********WAITING************

Write the data to file:8388608 bytes
***********WAITING************

Write the data to file:8388608 bytes
***********WAITING************

Write the data to file:8388608 bytes
***********WAITING************

Write the data to file:8388608 bytes
***********WAITING************

Write the data to file:8388608 bytes
***********WAITING************

Write the data to file:8388608 bytes
***********WAITING************

Write the data to file:8388608 bytes
***********WAITING************

Write the data to file:8388608 bytes
***********WAITING************

Write the data to file:8388608 bytes
***********WAITING************

Write the data to file:8388608 bytes
***********WAITING************

Write the data to file:8388608 bytes
***********WAITING************

Write the data to file:8388608 bytes
***********WAITING************

Write the data to file:8388608 bytes
***********WAITING************

Write the data to file:8388608 bytes
***********WAITING************

Write the data to file:8388608 bytes
***********WAITING************

Write the data to file:8388608 bytes
***********WAITING************

Write the data to file:8388608 bytes
***********WAITING************

Write the data to file:8388608 bytes
***********WAITING************

Write the data to file:8388608 bytes
***********WAITING************

Write the data to file:8388608 bytes
***********WAITING************

Write the data to file:8388608 bytes
***********WAITING************

Write the data to file:8388608 bytes
***********WAITING************

Write the data to file:8388608 bytes
***********WAITING************

Write the data to file:8388608 bytes
***********WAITING************

Write the data to file:8388608 bytes
***********WAITING************

Write the data to file:8388608 bytes
***********WAITING************

Write the data to file:8388608 bytes
***********WAITING************

Write the data to file:8388608 bytes
***********WAITING************

Write the data to file:8388608 bytes
***********WAITING************

Write the data to file:8388608 bytes
***********WAITING************

Write the data to file:8388608 bytes
***********WAITING************

Write the data to file:8388608 bytes
***********WAITING************

Write the data to file:8388608 bytes
***********WAITING************

Write the data to file:8388608 bytes
***********WAITING************

Write the data to file:8388608 bytes
***********WAITING************

Write the data to file:8388608 bytes
***********WAITING************

Write the data to file:8388608 bytes
***********WAITING************

Write the data to file:8388608 bytes
***********WAITING************

Write the data to file:8388608 bytes
***********WAITING************

Write the data to file:8388608 bytes
***********WAITING************

Write the data to file:8388608 bytes
***********WAITING************

Write the data to file:8388608 bytes
***********WAITING************

Write the data to file:8388608 bytes
***********WAITING************

Write the data to file:8388608 bytes
***********WAITING************

Write the data to file:8388608 bytes
***********WAITING************

Write the data to file:8388608 bytes
***********WAITING************

Write the data to file:8388608 bytes
***********WAITING************

Write the data to file:8388608 bytes
***********WAITING************

Write the data to file:8388608 bytes
***********WAITING************

Write the data to file:8388608 bytes
***********WAITING************

Write the data to file:8388608 bytes
***********WAITING************

Write the data to file:8388608 bytes
***********WAITING************

Write the data to file:8388608 bytes
***********WAITING************

Write the data to file:8388608 bytes
***********WAITING************

Write the data to file:8388608 bytes
***********WAITING************

Write the data to file:8388608 bytes
***********WAITING************

Write the data to file:8388608 bytes
***********WAITING************

Write the data to file:8388608 bytes
***********WAITING************

Write the data to file:8388608 bytes
***********WAITING************

Write the data to file:8388608 bytes
***********WAITING************

Write the data to file:8388608 bytes
***********WAITING************

Write the data to file:8388608 bytes
***********WAITING************

Write the data to file:8388608 bytes
***********WAITING************

Write the data to file:8388608 bytes
***********WAITING************

Write the data to file:8388608 bytes
***********WAITING************

Write the data to file:8388608 bytes
***********WAITING************

Write the data to file:8388608 bytes
***********WAITING************

Write the data to file:8388608 bytes
***********WAITING************

Write the data to file:8388608 bytes
***********WAITING************

Write the data to file:8388608 bytes
***********WAITING************

Write the data to file:8388608 bytes
***********WAITING************

Write the data to file:8388608 bytes
***********WAITING************

Write the data to file:8388608 bytes
***********WAITING************

Write the data to file:8388608 bytes
***********WAITING************

Write the data to file:8388608 bytes
***********WAITING************

Write the data to file:8388608 bytes
***********WAITING************

Write the data to file:8388608 bytes
***********WAITING************

Write the data to file:8388608 bytes
***********WAITING************

Write the data to file:8388608 bytes
***********WAITING************

Write the data to file:8388608 bytes
***********WAITING************

Write the data to file:8388608 bytes
***********WAITING************

Write the data to file:8388608 bytes
***********WAITING************

Write the data to file:8388608 bytes
***********WAITING************

Write the data to file:8388608 bytes
***********WAITING************

Write the data to file:8388608 bytes
***********WAITING************

Write the data to file:8388608 bytes
***********WAITING************

Write the data to file:8388608 bytes
***********WAITING************

Write the data to file:8388608 bytes
***********WAITING************

Write the data to file:8388608 bytes
***********WAITING************

Write the data to file:8388608 bytes
***********WAITING************

Write the data to file:8388608 bytes
***********WAITING************

Write the data to file:8388608 bytes
***********WAITING************

Write the data to file:8388608 bytes
***********WAITING************

Write the data to file:8388608 bytes
***********WAITING************

Write the data to file:8388608 bytes
***********WAITING************

Write the data to file:8388608 bytes
***********WAITING************

Write the data to file:8388608 bytes
***********WAITING************

Write the data to file:8388608 bytes
***********WAITING************

Write the data to file:8388608 bytes
***********WAITING************

Write the data to file:8388608 bytes
***********WAITING************

Write the data to file:8388608 bytes
***********WAITING************

Write the data to file:8388608 bytes
***********WAITING************

Write the data to file:8388608 bytes
***********WAITING************

Write the data to file:8388608 bytes
***********WAITING************

Write the data to file:8388608 bytes
***********WAITING************

Write the data to file:8388608 bytes
***********WAITING************

Write the data to file:8388608 bytes
***********WAITING************

Write the data to file:8388608 bytes
***********WAITING************

Write the data to file:8388608 bytes
***********WAITING************

Write the data to file:8388608 bytes
***********WAITING************

Write the data to file:8388608 bytes
***********WAITING************

Write the data to file:8388608 bytes
***********WAITING************

Write the data to file:8388608 bytes
***********WAITING************

Write the data to file:8388608 bytes
***********WAITING************

Write the data to file:8388608 bytes
***********WAITING************

Write the data to file:8388608 bytes
***********WAITING************

Write the data to file:8388608 bytes
***********WAITING************

Write the data to file:8388608 bytes
***********WAITING************

Write the data to file:8388608 bytes
***********WAITING************

Write the data to file:8388608 bytes
***********WAITING************

Write the data to file:8388608 bytes
***********WAITING************

Write the data to file:8388608 bytes
***********WAITING************

Write the data to file:8388608 bytes
***********WAITING************

Write the data to file:8388608 bytes
***********WAITING************

Write the data to file:8388608 bytes
***********WAITING************

Write the data to file:8388608 bytes
***********WAITING************

Write the data to file:8388608 bytes
***********WAITING************

Write the data to file:8388608 bytes
***********WAITING************

Write the data to file:8388608 bytes
***********WAITING************

Write the data to file:8388608 bytes
***********WAITING************

Write the data to file:8388608 bytes
***********WAITING************

Write the data to file:8388608 bytes
***********WAITING************

Write the data to file:8388608 bytes
***********WAITING************

Write the data to file:8388608 bytes
***********WAITING************

Write the data to file:8388608 bytes
***********WAITING************

Write the data to file:8388608 bytes
***********WAITING************

Write the data to file:8388608 bytes
***********WAITING************

Write the data to file:8388608 bytes
***********WAITING************

Write the data to file:8388608 bytes
***********WAITING************

Write the data to file:8388608 bytes
***********WAITING************

Write the data to file:8388608 bytes
***********WAITING************

Write the data to file:8388608 bytes
***********WAITING************

Write the data to file:8388608 bytes
***********WAITING************

Write the data to file:8388608 bytes
***********WAITING************

Write the data to file:8388608 bytes
***********WAITING************

Write the data to file:8388608 bytes
***********WAITING************

Write the data to file:8388608 bytes
***********WAITING************

Write the data to file:8388608 bytes
***********WAITING************

Write the data to file:8388608 bytes
***********WAITING************

Write the data to file:8388608 bytes
***********WAITING************

Write the data to file:8388608 bytes
***********WAITING************

Write the data to file:8388608 bytes
***********WAITING************

Write the data to file:8388608 bytes
***********WAITING************

Write the data to file:8388608 bytes
***********WAITING************

Write the data to file:8388608 bytes
***********WAITING************

Write the data to file:8388608 bytes
***********WAITING************

Write the data to file:8388608 bytes
***********WAITING************

Write the data to file:8388608 bytes
***********WAITING************

Write the data to file:8388608 bytes
***********WAITING************

Write the data to file:8388608 bytes
***********WAITING************

Write the data to file:8388608 bytes
***********WAITING************

Write the data to file:8388608 bytes
***********WAITING************

Write the data to file:8388608 bytes
***********WAITING************

Write the data to file:8388608 bytes
***********WAITING************

Write the data to file:8388608 bytes
***********WAITING************

Write the data to file:8388608 bytes
***********WAITING************

Write the data to file:8388608 bytes
***********WAITING************

Write the data to file:8388608 bytes
***********WAITING************

Write the data to file:8388608 bytes
***********WAITING************

Write the data to file:8388608 bytes
***********WAITING************

Write the data to file:8388608 bytes
***********WAITING************

Write the data to file:8388608 bytes
***********WAITING************

Write the data to file:8388608 bytes
***********WAITING************

Write the data to file:8388608 bytes
***********WAITING************

Write the data to file:8388608 bytes
***********WAITING************

Write the data to file:8388608 bytes
***********WAITING************

Write the data to file:8388608 bytes
***********WAITING************

Write the data to file:8388608 bytes
***********WAITING************

Write the data to file:8388608 bytes
***********WAITING************

Write the data to file:8388608 bytes
***********WAITING************

Write the data to file:8388608 bytes
***********WAITING************

Write the data to file:8388608 bytes
***********WAITING************

Write the data to file:8388608 bytes
***********WAITING************

Write the data to file:8388608 bytes
***********WAITING************

Write the data to file:8388608 bytes
***********WAITING************

Write the data to file:8388608 bytes
***********WAITING************

Write the data to file:8388608 bytes
***********WAITING************

Write the data to file:8388608 bytes
***********WAITING************

Write the data to file:8388608 bytes
***********WAITING************

Write the data to file:8388608 bytes
***********WAITING************

Write the data to file:8388608 bytes
***********WAITING************

Write the data to file:8388608 bytes
***********WAITING************

Write the data to file:8388608 bytes
***********WAITING************

Write the data to file:8388608 bytes
***********WAITING************

Write the data to file:8388608 bytes
***********WAITING************

Write the data to file:8388608 bytes
***********WAITING************

Write the data to file:8388608 bytes
***********WAITING************

Write the data to file:8388608 bytes
***********WAITING************

Write the data to file:8388608 bytes
***********WAITING************

Write the data to file:8388608 bytes
***********WAITING************

Write the data to file:8388608 bytes
***********WAITING************

Write the data to file:8388608 bytes
***********WAITING************

Write the data to file:8388608 bytes
***********WAITING************

Write the data to file:8388608 bytes
***********WAITING************

Write the data to file:8388608 bytes
***********WAITING************

Write the data to file:8388608 bytes
***********WAITING************

Write the data to file:8388608 bytes
***********WAITING************

Write the data to file:8388608 bytes
***********WAITING************

Write the data to file:8388608 bytes
***********WAITING************

Write the data to file:8388608 bytes
***********WAITING************

Write the data to file:8388608 bytes
***********WAITING************

Write the data to file:8388608 bytes
***********WAITING************

Write the data to file:8388608 bytes
***********WAITING************

Write the data to file:8388608 bytes
***********WAITING************

Write the data to file:8388608 bytes
***********WAITING************

Write the data to file:8388608 bytes
***********WAITING************

Write the data to file:8388608 bytes
***********WAITING************

Write the data to file:8388608 bytes
***********WAITING************

Write the data to file:8388608 bytes
***********WAITING************

Write the data to file:8388608 bytes
***********WAITING************

Write the data to file:8388608 bytes
***********WAITING************

Write the data to file:8388608 bytes
***********WAITING************

Write the data to file:8388608 bytes
***********WAITING************

Write the data to file:8388608 bytes
***********WAITING************

Write the data to file:8388608 bytes
***********WAITING************

Write the data to file:8388608 bytes
***********WAITING************

Write the data to file:8388608 bytes
***********WAITING************

Write the data to file:8388608 bytes
***********WAITING************

Write the data to file:8388608 bytes
***********WAITING************

Write the data to file:8388608 bytes
***********WAITING************

Write the data to file:8388608 bytes
***********WAITING************

Write the data to file:8388608 bytes
***********WAITING************

Write the data to file:8388608 bytes
***********WAITING************

Write the data to file:8388608 bytes
***********WAITING************

Write the data to file:8388608 bytes
***********WAITING************

Write the data to file:8388608 bytes
***********WAITING************

Write the data to file:8388608 bytes
***********WAITING************

Write the data to file:8388608 bytes
***********WAITING************

Write the data to file:8388608 bytes
***********WAITING************

Write the data to file:8388608 bytes
***********WAITING************

Write the data to file:8388608 bytes
***********WAITING************

Write the data to file:8388608 bytes
***********WAITING************

Write the data to file:8388608 bytes
***********WAITING************

Write the data to file:8388608 bytes
***********WAITING************

Write the data to file:8388608 bytes
***********WAITING************

Write the data to file:8388608 bytes
***********WAITING************

Write the data to file:8388608 bytes
***********WAITING************

Write the data to file:8388608 bytes
***********WAITING************

Write the data to file:8388608 bytes
***********WAITING************

Write the data to file:8388608 bytes
***********WAITING************

Write the data to file:8388608 bytes
***********WAITING************

Write the data to file:8388608 bytes
***********WAITING************

Write the data to file:8388608 bytes
***********WAITING************

Write the data to file:8388608 bytes
***********WAITING************

Write the data to file:8388608 bytes
***********WAITING************

Write the data to file:8388608 bytes
***********WAITING************

Write the data to file:8388608 bytes
***********WAITING************

Write the data to file:8388608 bytes
***********WAITING************

Write the data to file:8388608 bytes
***********WAITING************

Write the data to file:8388608 bytes
***********WAITING************

Write the data to file:8388608 bytes
***********WAITING************

Write the data to file:8388608 bytes
***********WAITING************

Write the data to file:8388608 bytes
***********WAITING************

Write the data to file:8388608 bytes
***********WAITING************

Write the data to file:8388608 bytes
***********WAITING************

Write the data to file:8388608 bytes
***********WAITING************

Write the data to file:8388608 bytes
***********WAITING************

Write the data to file:8388608 bytes
***********WAITING************

Write the data to file:8388608 bytes
***********WAITING************

Write the data to file:8388608 bytes
***********WAITING************

Write the data to file:8388608 bytes
***********WAITING************

Write the data to file:8388608 bytes
***********WAITING************

Write the data to file:8388608 bytes
***********WAITING************

Write the data to file:8388608 bytes
***********WAITING************

Write the data to file:8388608 bytes
***********WAITING************

Write the data to file:8388608 bytes
***********WAITING************

Write the data to file:8388608 bytes
***********WAITING************

Write the data to file:8388608 bytes
***********WAITING************

Write the data to file:8388608 bytes
***********WAITING************

Write the data to file:8388608 bytes
***********WAITING************

Write the data to file:8388608 bytes
***********WAITING************

Write the data to file:8388608 bytes
***********WAITING************

Write the data to file:8388608 bytes
***********WAITING************

Write the data to file:8388608 bytes
***********WAITING************

Write the data to file:8388608 bytes
***********WAITING************

Write the data to file:8388608 bytes
***********WAITING************

Write the data to file:8388608 bytes
***********WAITING************

Write the data to file:8388608 bytes
***********WAITING************

Write the data to file:8388608 bytes
***********WAITING************

Write the data to file:8388608 bytes
***********WAITING************

Write the data to file:8388608 bytes
***********WAITING************

Write the data to file:8388608 bytes
***********WAITING************

Write the data to file:8388608 bytes
***********WAITING************

Write the data to file:8388608 bytes
***********WAITING************

Write the data to file:8388608 bytes
***********WAITING************

Write the data to file:8388608 bytes
***********WAITING************

Write the data to file:8388608 bytes
***********WAITING************

Write the data to file:8388608 bytes
***********WAITING************

Write the data to file:8388608 bytes
***********WAITING************

Write the data to file:8388608 bytes
***********WAITING************

Write the data to file:8388608 bytes
***********WAITING************

Write the data to file:8388608 bytes
***********WAITING************

Write the data to file:8388608 bytes
***********WAITING************

Write the data to file:8388608 bytes
***********WAITING************

Write the data to file:8388608 bytes
***********WAITING************

Write the data to file:8388608 bytes
***********WAITING************

Write the data to file:8388608 bytes
***********WAITING************

Write the data to file:8388608 bytes
***********WAITING************

Write the data to file:8388608 bytes
***********WAITING************

Write the data to file:8388608 bytes
***********WAITING************

Write the data to file:8388608 bytes
***********WAITING************

Write the data to file:8388608 bytes
***********WAITING************

Write the data to file:8388608 bytes
***********WAITING************

Write the data to file:8388608 bytes
***********WAITING************

Write the data to file:8388608 bytes
***********WAITING************

Write the data to file:8388608 bytes
***********WAITING************

Write the data to file:8388608 bytes
***********WAITING************

Write the data to file:8388608 bytes
***********WAITING************

Write the data to file:8388608 bytes
***********WAITING************

Write the data to file:8388608 bytes
***********WAITING************

Write the data to file:8388608 bytes
***********WAITING************

Write the data to file:8388608 bytes
***********WAITING************

Write the data to file:8388608 bytes
***********WAITING************

Write the data to file:8388608 bytes
***********WAITING************

Write the data to file:8388608 bytes
***********WAITING************

Write the data to file:8388608 bytes
***********WAITING************

Write the data to file:8388608 bytes
***********WAITING************

Write the data to file:8388608 bytes
***********WAITING************

Write the data to file:8388608 bytes
***********WAITING************

Write the data to file:8388608 bytes
***********WAITING************

Write the data to file:8388608 bytes
***********WAITING************

Write the data to file:8388608 bytes
***********WAITING************

Write the data to file:8388608 bytes
***********WAITING************

Write the data to file:8388608 bytes
***********WAITING************

Write the data to file:8388608 bytes
***********WAITING************

Write the data to file:8388608 bytes
***********WAITING************

Write the data to file:8388608 bytes
***********WAITING************

Write the data to file:8388608 bytes
***********WAITING************

Write the data to file:8388608 bytes
***********WAITING************

Write the data to file:8388608 bytes
***********WAITING************

Write the data to file:8388608 bytes
***********WAITING************

Write the data to file:8388608 bytes
***********WAITING************

Write the data to file:8388608 bytes
***********WAITING************

Write the data to file:8388608 bytes
***********WAITING************

Write the data to file:8388608 bytes
***********WAITING************

Write the data to file:8388608 bytes
***********WAITING************

Write the data to file:8388608 bytes
***********WAITING************

Write the data to file:8388608 bytes
***********WAITING************

Write the data to file:8388608 bytes
***********WAITING************

Write the data to file:8388608 bytes
***********WAITING************

Write the data to file:8388608 bytes
***********WAITING************

Write the data to file:8388608 bytes
***********WAITING************

Write the data to file:8388608 bytes
***********WAITING************

Write the data to file:8388608 bytes
***********WAITING************

Write the data to file:8388608 bytes
***********WAITING************

Write the data to file:8388608 bytes
***********WAITING************

Write the data to file:8388608 bytes
***********WAITING************

Write the data to file:8388608 bytes
***********WAITING************

Write the data to file:8388608 bytes
***********WAITING************

Write the data to file:8388608 bytes
***********WAITING************

Write the data to file:8388608 bytes
***********WAITING************

Write the data to file:8388608 bytes
***********WAITING************

Write the data to file:8388608 bytes
***********WAITING************

Write the data to file:8388608 bytes
***********WAITING************

Write the data to file:8388608 bytes
***********WAITING************

Write the data to file:8388608 bytes
***********WAITING************

Write the data to file:8388608 bytes
***********WAITING************

Write the data to file:8388608 bytes
***********WAITING************

Write the data to file:8388608 bytes
***********WAITING************

Write the data to file:8388608 bytes
***********WAITING************

Write the data to file:8388608 bytes
***********WAITING************

Write the data to file:8388608 bytes
***********WAITING************

Write the data to file:8388608 bytes
***********WAITING************

Write the data to file:8388608 bytes
***********WAITING************

Write the data to file:8388608 bytes
***********WAITING************

Write the data to file:8388608 bytes
***********WAITING************

Write the data to file:8388608 bytes
***********WAITING************

Write the data to file:8388608 bytes
***********WAITING************

Write the data to file:8388608 bytes
***********WAITING************

Write the data to file:8388608 bytes
***********WAITING************

Write the data to file:8388608 bytes
***********WAITING************

Write the data to file:8388608 bytes
***********WAITING************

Write the data to file:8388608 bytes
***********WAITING************

Write the data to file:8388608 bytes
***********WAITING************

Write the data to file:8388608 bytes
***********WAITING************

Write the data to file:8388608 bytes
***********WAITING************

Write the data to file:8388608 bytes
***********WAITING************

Write the data to file:8388608 bytes
***********WAITING************

Write the data to file:8388608 bytes
***********WAITING************

Write the data to file:8388608 bytes
***********WAITING************

Write the data to file:8388608 bytes
***********WAITING************

Write the data to file:8388608 bytes
***********WAITING************

Write the data to file:8388608 bytes
***********WAITING************

Write the data to file:8388608 bytes
***********WAITING************

Write the data to file:8388608 bytes
***********WAITING************

Write the data to file:8388608 bytes
***********WAITING************

Write the data to file:8388608 bytes
***********WAITING************

Write the data to file:8388608 bytes
***********WAITING************

Write the data to file:8388608 bytes
***********WAITING************

Write the data to file:8388608 bytes
***********WAITING************

Write the data to file:8388608 bytes
***********WAITING************

Write the data to file:8388608 bytes
***********WAITING************

Write the data to file:8388608 bytes
***********WAITING************

Write the data to file:8388608 bytes
***********WAITING************

Write the data to file:8388608 bytes
***********WAITING************

Write the data to file:8388608 bytes
***********WAITING************

Write the data to file:8388608 bytes
***********WAITING************

Write the data to file:8388608 bytes
***********WAITING************

Write the data to file:8388608 bytes
***********WAITING************

Write the data to file:8388608 bytes
***********WAITING************

Write the data to file:8388608 bytes
***********WAITING************

Write the data to file:8388608 bytes
***********WAITING************

Write the data to file:8388608 bytes
***********WAITING************

Write the data to file:8388608 bytes
***********WAITING************

Write the data to file:8388608 bytes
***********WAITING************

Write the data to file:8388608 bytes
***********WAITING************

Write the data to file:8388608 bytes
***********WAITING************

Write the data to file:8388608 bytes
***********WAITING************

Write the data to file:8388608 bytes
***********WAITING************

Write the data to file:8388608 bytes
***********WAITING************

Write the data to file:8388608 bytes
***********WAITING************

Write the data to file:8388608 bytes
***********WAITING************
S_cc         0.25   [      0.25:      0.25]
S_bw         0.06   [      0.06:      0.06]
S_w          7.48   [      7.48:      7.48]
          -------
S_total      7.79   [      7.79:      7.79]

build_S done
calc_W
build_S done
calc_W
nr_of_strided_rec: 2
nr_doubles: 65536
build_S done
calc_W
nr_of_strided_rec: 2
nr_doubles: 65536
build_S done
calc_W
nr_of_strided_rec: 2
nr_doubles: 65536
build_S done
calc_W
nr_of_strided_rec: 2
nr_doubles: 65536
build_S done
calc_W
nr_of_strided_rec: 2
nr_doubles: 65536
build_S done
calc_W
nr_of_strided_rec: 2
nr_doubles: 65536
build_S done
calc_W
nr_of_strided_rec: 2
nr_doubles: 65536
build_S done
calc_W
nr_of_strided_rec: 2
nr_doubles: 65536
build_S done
calc_W
nr_of_strided_rec: 2
nr_doubles: 65536
build_S done
calc_W
nr_of_strided_rec: 2
nr_doubles: 65536
build_S done
calc_W
nr_of_strided_rec: 2
nr_doubles: 65536
build_S done
calc_W
nr_of_strided_rec: 2
nr_doubles: 65536
build_S done
calc_W
nr_of_strided_rec: 2
nr_doubles: 65536
build_S done
calc_W
nr_of_strided_rec: 2
nr_doubles: 65536
build_S done
calc_W
nr_of_strided_rec: 2
nr_doubles: 65536
nr_of_strided_rec: 2
nr_doubles: 65536
nr_of_strided_rec: 2
nr_doubles: 65536
nr_of_strided_rec: 2
nr_doubles: 65536
nr_of_strided_rec: 2
nr_doubles: 65536
nr_of_strided_rec: 2
nr_doubles: 65536
nr_of_strided_rec: 2
nr_doubles: 65536
nr_of_strided_rec: 2
nr_doubles: 65536
nr_of_strided_rec: 2
nr_doubles: 65536
nr_of_strided_rec: 2
nr_doubles: 65536
nr_of_strided_rec: 2
nr_doubles: 65536
nr_of_strided_rec: 2
nr_doubles: 65536
nr_of_strided_rec: 2
nr_doubles: 65536
nr_of_strided_rec: 2
nr_doubles: 65536
nr_of_strided_rec: 2
nr_doubles: 65536
nr_of_strided_rec: 2
nr_doubles: 65536
nr_of_strided_rec: 2
nr_doubles: 65536
nr_of_strided_rec: 2
nr_doubles: 65536

Write the data to file:8388608 bytes
***********WAITING************

Write the data to file:8388608 bytes
***********WAITING************

Write the data to file:8388608 bytes
***********WAITING************

Write the data to file:8388608 bytes
***********WAITING************

Write the data to file:8388608 bytes
***********WAITING************

Write the data to file:8388608 bytes
***********WAITING************

Write the data to file:8388608 bytes
***********WAITING************

Write the data to file:8388608 bytes
***********WAITING************

Write the data to file:8388608 bytes
***********WAITING************

Write the data to file:8388608 bytes
***********WAITING************

Write the data to file:8388608 bytes
***********WAITING************

Write the data to file:8388608 bytes
***********WAITING************

Write the data to file:8388608 bytes
***********WAITING************

Write the data to file:8388608 bytes
***********WAITING************

Write the data to file:8388608 bytes
***********WAITING************

Write the data to file:8388608 bytes
***********WAITING************
nr_of_strided_rec: 2
nr_doubles: 65536
nr_of_strided_rec: 2
nr_doubles: 65536
nr_of_strided_rec: 2
nr_doubles: 65536
nr_of_strided_rec: 2
nr_doubles: 65536
nr_of_strided_rec: 2
nr_doubles: 65536
nr_of_strided_rec: 2
nr_doubles: 65536
nr_of_strided_rec: 2
nr_doubles: 65536
nr_of_strided_rec: 2
nr_doubles: 65536
nr_of_strided_rec: 2
nr_doubles: 65536
nr_of_strided_rec: 2
nr_doubles: 65536
nr_of_strided_rec: 2
nr_doubles: 65536
nr_of_strided_rec: 2
nr_doubles: 65536
nr_of_strided_rec: 2
nr_doubles: 65536
nr_of_strided_rec: 2
nr_doubles: 65536
nr_of_strided_rec: 2
nr_doubles: 65536
nr_of_strided_rec: 2
nr_doubles: 65536

Write the data to file:8388608 bytes
***********WAITING************

Write the data to file:8388608 bytes
***********WAITING************

Write the data to file:8388608 bytes
***********WAITING************

Write the data to file:8388608 bytes
***********WAITING************

Write the data to file:8388608 bytes
***********WAITING************

Write the data to file:8388608 bytes
***********WAITING************

Write the data to file:8388608 bytes
***********WAITING************

Write the data to file:8388608 bytes
***********WAITING************

Write the data to file:8388608 bytes
***********WAITING************

Write the data to file:8388608 bytes
***********WAITING************

Write the data to file:8388608 bytes
***********WAITING************

Write the data to file:8388608 bytes
***********WAITING************

Write the data to file:8388608 bytes
***********WAITING************

Write the data to file:8388608 bytes
***********WAITING************

Write the data to file:8388608 bytes
***********WAITING************

Write the data to file:8388608 bytes
***********WAITING************
nr_of_strided_rec: 2
nr_doubles: 65536
nr_of_strided_rec: 2
nr_doubles: 65536
nr_of_strided_rec: 2
nr_doubles: 65536
nr_of_strided_rec: 2
nr_doubles: 65536
nr_of_strided_rec: 2
nr_doubles: 65536
nr_of_strided_rec: 2
nr_doubles: 65536
nr_of_strided_rec: 2
nr_doubles: 65536
nr_of_strided_rec: 2
nr_doubles: 65536
nr_of_strided_rec: 2
nr_doubles: 65536
nr_of_strided_rec: 2
nr_doubles: 65536
nr_of_strided_rec: 2
nr_doubles: 65536
nr_of_strided_rec: 2
nr_doubles: 65536
nr_of_strided_rec: 2
nr_doubles: 65536
nr_of_strided_rec: 2
nr_doubles: 65536
nr_of_strided_rec: 2
nr_doubles: 65536
nr_of_strided_rec: 2
nr_doubles: 65536

Write the data to file:8388608 bytes
***********WAITING************

Write the data to file:8388608 bytes
***********WAITING************

Write the data to file:8388608 bytes
***********WAITING************

Write the data to file:8388608 bytes
***********WAITING************

Write the data to file:8388608 bytes
***********WAITING************

Write the data to file:8388608 bytes
***********WAITING************

Write the data to file:8388608 bytes
***********WAITING************

Write the data to file:8388608 bytes
***********WAITING************

Write the data to file:8388608 bytes
***********WAITING************

Write the data to file:8388608 bytes
***********WAITING************

Write the data to file:8388608 bytes
***********WAITING************

Write the data to file:8388608 bytes
***********WAITING************

Write the data to file:8388608 bytes
***********WAITING************

Write the data to file:8388608 bytes
***********WAITING************

Write the data to file:8388608 bytes
***********WAITING************

Write the data to file:8388608 bytes
***********WAITING************
nr_of_strided_rec: 2
nr_doubles: 65536
nr_of_strided_rec: 2
nr_doubles: 65536
nr_of_strided_rec: 2
nr_doubles: 65536
nr_of_strided_rec: 2
nr_doubles: 65536
nr_of_strided_rec: 2
nr_doubles: 65536
nr_of_strided_rec: 2
nr_doubles: 65536
nr_of_strided_rec: 2
nr_doubles: 65536
nr_of_strided_rec: 2
nr_doubles: 65536
nr_of_strided_rec: 2
nr_doubles: 65536
nr_of_strided_rec: 2
nr_doubles: 65536
nr_of_strided_rec: 2
nr_doubles: 65536
nr_of_strided_rec: 2
nr_doubles: 65536
nr_of_strided_rec: 2
nr_doubles: 65536
nr_of_strided_rec: 2
nr_doubles: 65536
nr_of_strided_rec: 2
nr_doubles: 65536
nr_of_strided_rec: 2
nr_doubles: 65536

Write the data to file:8388608 bytes
***********WAITING************

Write the data to file:8388608 bytes
***********WAITING************

Write the data to file:8388608 bytes
***********WAITING************

Write the data to file:8388608 bytes
***********WAITING************

Write the data to file:8388608 bytes
***********WAITING************

Write the data to file:8388608 bytes
***********WAITING************

Write the data to file:8388608 bytes
***********WAITING************

Write the data to file:8388608 bytes
***********WAITING************

Write the data to file:8388608 bytes
***********WAITING************

Write the data to file:8388608 bytes
***********WAITING************

Write the data to file:8388608 bytes
***********WAITING************

Write the data to file:8388608 bytes
***********WAITING************

Write the data to file:8388608 bytes
***********WAITING************

Write the data to file:8388608 bytes
***********WAITING************

Write the data to file:8388608 bytes
***********WAITING************

Write the data to file:8388608 bytes
***********WAITING************
nr_of_strided_rec: 2
nr_doubles: 65536
nr_of_strided_rec: 2
nr_doubles: 65536
nr_of_strided_rec: 2
nr_doubles: 65536
nr_of_strided_rec: 2
nr_doubles: 65536
nr_of_strided_rec: 2
nr_doubles: 65536
nr_of_strided_rec: 2
nr_doubles: 65536
nr_of_strided_rec: 2
nr_doubles: 65536
nr_of_strided_rec: 2
nr_doubles: 65536
nr_of_strided_rec: 2
nr_doubles: 65536
nr_of_strided_rec: 2
nr_doubles: 65536
nr_of_strided_rec: 2
nr_doubles: 65536
nr_of_strided_rec: 2
nr_doubles: 65536
nr_of_strided_rec: 2
nr_doubles: 65536
nr_of_strided_rec: 2
nr_doubles: 65536
nr_of_strided_rec: 2
nr_doubles: 65536
nr_of_strided_rec: 2
nr_doubles: 65536

Write the data to file:8388608 bytes
***********WAITING************

Write the data to file:8388608 bytes
***********WAITING************

Write the data to file:8388608 bytes
***********WAITING************

Write the data to file:8388608 bytes
***********WAITING************

Write the data to file:8388608 bytes
***********WAITING************

Write the data to file:8388608 bytes
***********WAITING************

Write the data to file:8388608 bytes
***********WAITING************

Write the data to file:8388608 bytes
***********WAITING************

Write the data to file:8388608 bytes
***********WAITING************

Write the data to file:8388608 bytes
***********WAITING************

Write the data to file:8388608 bytes
***********WAITING************

Write the data to file:8388608 bytes
***********WAITING************

Write the data to file:8388608 bytes
***********WAITING************

Write the data to file:8388608 bytes
***********WAITING************

Write the data to file:8388608 bytes
***********WAITING************

Write the data to file:8388608 bytes
***********WAITING************
nr_of_strided_rec: 2
nr_doubles: 65536
nr_of_strided_rec: 2
nr_doubles: 65536
nr_of_strided_rec: 2
nr_doubles: 65536
nr_of_strided_rec: 2
nr_doubles: 65536
nr_of_strided_rec: 2
nr_doubles: 65536
nr_of_strided_rec: 2
nr_doubles: 65536
nr_of_strided_rec: 2
nr_doubles: 65536
nr_of_strided_rec: 2
nr_doubles: 65536
nr_of_strided_rec: 2
nr_doubles: 65536
nr_of_strided_rec: 2
nr_doubles: 65536
nr_of_strided_rec: 2
nr_doubles: 65536
nr_of_strided_rec: 2
nr_doubles: 65536
nr_of_strided_rec: 2
nr_doubles: 65536
nr_of_strided_rec: 2
nr_doubles: 65536
nr_of_strided_rec: 2
nr_doubles: 65536
nr_of_strided_rec: 2
nr_doubles: 65536

Write the data to file:8388608 bytes
***********WAITING************

Write the data to file:8388608 bytes
***********WAITING************

Write the data to file:8388608 bytes
***********WAITING************

Write the data to file:8388608 bytes
***********WAITING************

Write the data to file:8388608 bytes
***********WAITING************

Write the data to file:8388608 bytes
***********WAITING************

Write the data to file:8388608 bytes
***********WAITING************

Write the data to file:8388608 bytes
***********WAITING************

Write the data to file:8388608 bytes
***********WAITING************

Write the data to file:8388608 bytes
***********WAITING************

Write the data to file:8388608 bytes
***********WAITING************

Write the data to file:8388608 bytes
***********WAITING************

Write the data to file:8388608 bytes
***********WAITING************

Write the data to file:8388608 bytes
***********WAITING************

Write the data to file:8388608 bytes
***********WAITING************

Write the data to file:8388608 bytes
***********WAITING************
nr_of_strided_rec: 2
nr_doubles: 65536
nr_of_strided_rec: 2
nr_doubles: 65536
nr_of_strided_rec: 2
nr_doubles: 65536
nr_of_strided_rec: 2
nr_doubles: 65536
nr_of_strided_rec: 2
nr_doubles: 65536
nr_of_strided_rec: 2
nr_doubles: 65536
nr_of_strided_rec: 2
nr_doubles: 65536
nr_of_strided_rec: 2
nr_doubles: 65536
nr_of_strided_rec: 2
nr_doubles: 65536
nr_of_strided_rec: 2
nr_doubles: 65536
nr_of_strided_rec: 2
nr_doubles: 65536
nr_of_strided_rec: 2
nr_doubles: 65536
nr_of_strided_rec: 2
nr_doubles: 65536
nr_of_strided_rec: 2
nr_doubles: 65536
nr_of_strided_rec: 2
nr_doubles: 65536
nr_of_strided_rec: 2
nr_doubles: 65536

Write the data to file:8388608 bytes
***********WAITING************

Write the data to file:8388608 bytes
***********WAITING************

Write the data to file:8388608 bytes
***********WAITING************

Write the data to file:8388608 bytes
***********WAITING************

Write the data to file:8388608 bytes
***********WAITING************

Write the data to file:8388608 bytes
***********WAITING************

Write the data to file:8388608 bytes
***********WAITING************

Write the data to file:8388608 bytes
***********WAITING************

Write the data to file:8388608 bytes
***********WAITING************

Write the data to file:8388608 bytes
***********WAITING************

Write the data to file:8388608 bytes
***********WAITING************

Write the data to file:8388608 bytes
***********WAITING************

Write the data to file:8388608 bytes
***********WAITING************

Write the data to file:8388608 bytes
***********WAITING************

Write the data to file:8388608 bytes
***********WAITING************

Write the data to file:8388608 bytes
***********WAITING************
nr_of_strided_rec: 2
nr_doubles: 65536
nr_of_strided_rec: 2
nr_doubles: 65536
nr_of_strided_rec: 2
nr_doubles: 65536
nr_of_strided_rec: 2
nr_doubles: 65536
nr_of_strided_rec: 2
nr_doubles: 65536
nr_of_strided_rec: 2
nr_doubles: 65536
nr_of_strided_rec: 2
nr_doubles: 65536
nr_of_strided_rec: 2
nr_doubles: 65536
nr_of_strided_rec: 2
nr_doubles: 65536
nr_of_strided_rec: 2
nr_doubles: 65536
nr_of_strided_rec: 2
nr_doubles: 65536
nr_of_strided_rec: 2
nr_doubles: 65536
nr_of_strided_rec: 2
nr_doubles: 65536
nr_of_strided_rec: 2
nr_doubles: 65536
nr_of_strided_rec: 2
nr_doubles: 65536
nr_of_strided_rec: 2
nr_doubles: 65536

Write the data to file:8388608 bytes
***********WAITING************

Write the data to file:8388608 bytes
***********WAITING************

Write the data to file:8388608 bytes
***********WAITING************

Write the data to file:8388608 bytes
***********WAITING************

Write the data to file:8388608 bytes
***********WAITING************

Write the data to file:8388608 bytes
***********WAITING************

Write the data to file:8388608 bytes
***********WAITING************

Write the data to file:8388608 bytes
***********WAITING************

Write the data to file:8388608 bytes
***********WAITING************

Write the data to file:8388608 bytes
***********WAITING************

Write the data to file:8388608 bytes
***********WAITING************

Write the data to file:8388608 bytes
***********WAITING************

Write the data to file:8388608 bytes
***********WAITING************

Write the data to file:8388608 bytes
***********WAITING************

Write the data to file:8388608 bytes
***********WAITING************

Write the data to file:8388608 bytes
***********WAITING************
nr_of_strided_rec: 2
nr_doubles: 65536
nr_of_strided_rec: 2
nr_doubles: 65536
nr_of_strided_rec: 2
nr_doubles: 65536
nr_of_strided_rec: 2
nr_doubles: 65536
nr_of_strided_rec: 2
nr_doubles: 65536
nr_of_strided_rec: 2
nr_doubles: 65536
nr_of_strided_rec: 2
nr_doubles: 65536
nr_of_strided_rec: 2
nr_doubles: 65536
nr_of_strided_rec: 2
nr_doubles: 65536
nr_of_strided_rec: 2
nr_doubles: 65536
nr_of_strided_rec: 2
nr_doubles: 65536
nr_of_strided_rec: 2
nr_doubles: 65536
nr_of_strided_rec: 2
nr_doubles: 65536
nr_of_strided_rec: 2
nr_doubles: 65536
nr_of_strided_rec: 2
nr_doubles: 65536
nr_of_strided_rec: 2
nr_doubles: 65536

Write the data to file:8388608 bytes
***********WAITING************

Write the data to file:8388608 bytes
***********WAITING************

Write the data to file:8388608 bytes
***********WAITING************

Write the data to file:8388608 bytes
***********WAITING************

Write the data to file:8388608 bytes
***********WAITING************

Write the data to file:8388608 bytes
***********WAITING************

Write the data to file:8388608 bytes
***********WAITING************

Write the data to file:8388608 bytes
***********WAITING************

Write the data to file:8388608 bytes
***********WAITING************

Write the data to file:8388608 bytes
***********WAITING************

Write the data to file:8388608 bytes
***********WAITING************

Write the data to file:8388608 bytes
***********WAITING************

Write the data to file:8388608 bytes
***********WAITING************

Write the data to file:8388608 bytes
***********WAITING************

Write the data to file:8388608 bytes
***********WAITING************

Write the data to file:8388608 bytes
***********WAITING************
nr_of_strided_rec: 2
nr_doubles: 65536
nr_of_strided_rec: 2
nr_doubles: 65536
nr_of_strided_rec: 2
nr_doubles: 65536
nr_of_strided_rec: 2
nr_doubles: 65536
nr_of_strided_rec: 2
nr_doubles: 65536
nr_of_strided_rec: 2
nr_doubles: 65536
nr_of_strided_rec: 2
nr_doubles: 65536
nr_of_strided_rec: 2
nr_doubles: 65536
nr_of_strided_rec: 2
nr_doubles: 65536
nr_of_strided_rec: 2
nr_doubles: 65536
nr_of_strided_rec: 2
nr_doubles: 65536
nr_of_strided_rec: 2
nr_doubles: 65536
nr_of_strided_rec: 2
nr_doubles: 65536
nr_of_strided_rec: 2
nr_doubles: 65536
nr_of_strided_rec: 2
nr_doubles: 65536
nr_of_strided_rec: 2
nr_doubles: 65536

Write the data to file:8388608 bytes
***********WAITING************

Write the data to file:8388608 bytes
***********WAITING************

Write the data to file:8388608 bytes
***********WAITING************

Write the data to file:8388608 bytes
***********WAITING************

Write the data to file:8388608 bytes
***********WAITING************

Write the data to file:8388608 bytes
***********WAITING************

Write the data to file:8388608 bytes
***********WAITING************

Write the data to file:8388608 bytes
***********WAITING************

Write the data to file:8388608 bytes
***********WAITING************

Write the data to file:8388608 bytes
***********WAITING************

Write the data to file:8388608 bytes
***********WAITING************

Write the data to file:8388608 bytes
***********WAITING************

Write the data to file:8388608 bytes
***********WAITING************

Write the data to file:8388608 bytes
***********WAITING************

Write the data to file:8388608 bytes
***********WAITING************

Write the data to file:8388608 bytes
***********WAITING************
nr_of_strided_rec: 2
nr_doubles: 65536
nr_of_strided_rec: 2
nr_doubles: 65536
nr_of_strided_rec: 2
nr_doubles: 65536
nr_of_strided_rec: 2
nr_doubles: 65536
nr_of_strided_rec: 2
nr_doubles: 65536
nr_of_strided_rec: 2
nr_doubles: 65536
nr_of_strided_rec: 2
nr_doubles: 65536
nr_of_strided_rec: 2
nr_doubles: 65536
nr_of_strided_rec: 2
nr_doubles: 65536
nr_of_strided_rec: 2
nr_doubles: 65536
nr_of_strided_rec: 2
nr_doubles: 65536
nr_of_strided_rec: 2
nr_doubles: 65536
nr_of_strided_rec: 2
nr_doubles: 65536
nr_of_strided_rec: 2
nr_doubles: 65536
nr_of_strided_rec: 2
nr_doubles: 65536
nr_of_strided_rec: 2
nr_doubles: 65536

Write the data to file:8388608 bytes
***********WAITING************

Write the data to file:8388608 bytes
***********WAITING************

Write the data to file:8388608 bytes
***********WAITING************

Write the data to file:8388608 bytes
***********WAITING************

Write the data to file:8388608 bytes
***********WAITING************

Write the data to file:8388608 bytes
***********WAITING************

Write the data to file:8388608 bytes
***********WAITING************

Write the data to file:8388608 bytes
***********WAITING************

Write the data to file:8388608 bytes
***********WAITING************

Write the data to file:8388608 bytes
***********WAITING************

Write the data to file:8388608 bytes
***********WAITING************

Write the data to file:8388608 bytes
***********WAITING************

Write the data to file:8388608 bytes
***********WAITING************

Write the data to file:8388608 bytes
***********WAITING************

Write the data to file:8388608 bytes
***********WAITING************

Write the data to file:8388608 bytes
***********WAITING************
nr_of_strided_rec: 2
nr_doubles: 65536
nr_of_strided_rec: 2
nr_doubles: 65536
nr_of_strided_rec: 2
nr_doubles: 65536
nr_of_strided_rec: 2
nr_doubles: 65536
nr_of_strided_rec: 2
nr_doubles: 65536
nr_of_strided_rec: 2
nr_doubles: 65536
nr_of_strided_rec: 2
nr_doubles: 65536
nr_of_strided_rec: 2
nr_doubles: 65536
nr_of_strided_rec: 2
nr_doubles: 65536
nr_of_strided_rec: 2
nr_doubles: 65536
nr_of_strided_rec: 2
nr_doubles: 65536
nr_of_strided_rec: 2
nr_doubles: 65536
nr_of_strided_rec: 2
nr_doubles: 65536
nr_of_strided_rec: 2
nr_doubles: 65536
nr_of_strided_rec: 2
nr_doubles: 65536
nr_of_strided_rec: 2
nr_doubles: 65536

Write the data to file:8388608 bytes
***********WAITING************

Write the data to file:8388608 bytes
***********WAITING************

Write the data to file:8388608 bytes
***********WAITING************

Write the data to file:8388608 bytes
***********WAITING************

Write the data to file:8388608 bytes
***********WAITING************

Write the data to file:8388608 bytes
***********WAITING************

Write the data to file:8388608 bytes
***********WAITING************

Write the data to file:8388608 bytes
***********WAITING************

Write the data to file:8388608 bytes
***********WAITING************

Write the data to file:8388608 bytes
***********WAITING************

Write the data to file:8388608 bytes
***********WAITING************

Write the data to file:8388608 bytes
***********WAITING************

Write the data to file:8388608 bytes
***********WAITING************

Write the data to file:8388608 bytes
***********WAITING************

Write the data to file:8388608 bytes
***********WAITING************

Write the data to file:8388608 bytes
***********WAITING************
nr_of_strided_rec: 2
nr_doubles: 65536
nr_of_strided_rec: 2
nr_doubles: 65536
nr_of_strided_rec: 2
nr_doubles: 65536
nr_of_strided_rec: 2
nr_doubles: 65536
nr_of_strided_rec: 2
nr_doubles: 65536
nr_of_strided_rec: 2
nr_doubles: 65536
nr_of_strided_rec: 2
nr_doubles: 65536
nr_of_strided_rec: 2
nr_doubles: 65536
nr_of_strided_rec: 2
nr_doubles: 65536
nr_of_strided_rec: 2
nr_doubles: 65536
nr_of_strided_rec: 2
nr_doubles: 65536
nr_of_strided_rec: 2
nr_doubles: 65536
nr_of_strided_rec: 2
nr_doubles: 65536
nr_of_strided_rec: 2
nr_doubles: 65536
nr_of_strided_rec: 2
nr_doubles: 65536
nr_of_strided_rec: 2
nr_doubles: 65536

Write the data to file:8388608 bytes
***********WAITING************

Write the data to file:8388608 bytes
***********WAITING************

Write the data to file:8388608 bytes
***********WAITING************

Write the data to file:8388608 bytes
***********WAITING************

Write the data to file:8388608 bytes
***********WAITING************

Write the data to file:8388608 bytes
***********WAITING************

Write the data to file:8388608 bytes
***********WAITING************

Write the data to file:8388608 bytes
***********WAITING************

Write the data to file:8388608 bytes
***********WAITING************

Write the data to file:8388608 bytes
***********WAITING************

Write the data to file:8388608 bytes
***********WAITING************

Write the data to file:8388608 bytes
***********WAITING************

Write the data to file:8388608 bytes
***********WAITING************

Write the data to file:8388608 bytes
***********WAITING************

Write the data to file:8388608 bytes
***********WAITING************

Write the data to file:8388608 bytes
***********WAITING************
nr_of_strided_rec: 2
nr_doubles: 65536
nr_of_strided_rec: 2
nr_doubles: 65536
nr_of_strided_rec: 2
nr_doubles: 65536
nr_of_strided_rec: 2
nr_doubles: 65536
nr_of_strided_rec: 2
nr_doubles: 65536
nr_of_strided_rec: 2
nr_doubles: 65536
nr_of_strided_rec: 2
nr_doubles: 65536
nr_of_strided_rec: 2
nr_doubles: 65536
nr_of_strided_rec: 2
nr_doubles: 65536
nr_of_strided_rec: 2
nr_doubles: 65536
nr_of_strided_rec: 2
nr_doubles: 65536
nr_of_strided_rec: 2
nr_doubles: 65536
nr_of_strided_rec: 2
nr_doubles: 65536
nr_of_strided_rec: 2
nr_doubles: 65536
nr_of_strided_rec: 2
nr_doubles: 65536
nr_of_strided_rec: 2
nr_doubles: 65536

Write the data to file:8388608 bytes
***********WAITING************

Write the data to file:8388608 bytes
***********WAITING************

Write the data to file:8388608 bytes
***********WAITING************

Write the data to file:8388608 bytes
***********WAITING************

Write the data to file:8388608 bytes
***********WAITING************

Write the data to file:8388608 bytes
***********WAITING************

Write the data to file:8388608 bytes
***********WAITING************

Write the data to file:8388608 bytes
***********WAITING************

Write the data to file:8388608 bytes
***********WAITING************

Write the data to file:8388608 bytes
***********WAITING************

Write the data to file:8388608 bytes
***********WAITING************

Write the data to file:8388608 bytes
***********WAITING************

Write the data to file:8388608 bytes
***********WAITING************

Write the data to file:8388608 bytes
***********WAITING************

Write the data to file:8388608 bytes
***********WAITING************

Write the data to file:8388608 bytes
***********WAITING************
nr_of_strided_rec: 2
nr_doubles: 65536
nr_of_strided_rec: 2
nr_doubles: 65536
nr_of_strided_rec: 2
nr_doubles: 65536
nr_of_strided_rec: 2
nr_doubles: 65536
nr_of_strided_rec: 2
nr_doubles: 65536
nr_of_strided_rec: 2
nr_doubles: 65536
nr_of_strided_rec: 2
nr_doubles: 65536
nr_of_strided_rec: 2
nr_doubles: 65536
nr_of_strided_rec: 2
nr_doubles: 65536
nr_of_strided_rec: 2
nr_doubles: 65536
nr_of_strided_rec: 2
nr_doubles: 65536
nr_of_strided_rec: 2
nr_doubles: 65536
nr_of_strided_rec: 2
nr_doubles: 65536
nr_of_strided_rec: 2
nr_doubles: 65536
nr_of_strided_rec: 2
nr_doubles: 65536
nr_of_strided_rec: 2
nr_doubles: 65536

Write the data to file:8388608 bytes
***********WAITING************

Write the data to file:8388608 bytes
***********WAITING************

Write the data to file:8388608 bytes
***********WAITING************

Write the data to file:8388608 bytes
***********WAITING************

Write the data to file:8388608 bytes
***********WAITING************

Write the data to file:8388608 bytes
***********WAITING************

Write the data to file:8388608 bytes
***********WAITING************

Write the data to file:8388608 bytes
***********WAITING************

Write the data to file:8388608 bytes
***********WAITING************

Write the data to file:8388608 bytes
***********WAITING************

Write the data to file:8388608 bytes
***********WAITING************

Write the data to file:8388608 bytes
***********WAITING************

Write the data to file:8388608 bytes
***********WAITING************

Write the data to file:8388608 bytes
***********WAITING************

Write the data to file:8388608 bytes
***********WAITING************

Write the data to file:8388608 bytes
***********WAITING************
nr_of_strided_rec: 2
nr_doubles: 65536
nr_of_strided_rec: 2
nr_doubles: 65536
nr_of_strided_rec: 2
nr_doubles: 65536
nr_of_strided_rec: 2
nr_doubles: 65536
nr_of_strided_rec: 2
nr_doubles: 65536
nr_of_strided_rec: 2
nr_doubles: 65536
nr_of_strided_rec: 2
nr_doubles: 65536
nr_of_strided_rec: 2
nr_doubles: 65536
nr_of_strided_rec: 2
nr_doubles: 65536
nr_of_strided_rec: 2
nr_doubles: 65536
nr_of_strided_rec: 2
nr_doubles: 65536
nr_of_strided_rec: 2
nr_doubles: 65536
nr_of_strided_rec: 2
nr_doubles: 65536
nr_of_strided_rec: 2
nr_doubles: 65536
nr_of_strided_rec: 2
nr_doubles: 65536
nr_of_strided_rec: 2
nr_doubles: 65536

Write the data to file:8388608 bytes
***********WAITING************

Write the data to file:8388608 bytes
***********WAITING************

Write the data to file:8388608 bytes
***********WAITING************

Write the data to file:8388608 bytes
***********WAITING************

Write the data to file:8388608 bytes
***********WAITING************

Write the data to file:8388608 bytes
***********WAITING************

Write the data to file:8388608 bytes
***********WAITING************

Write the data to file:8388608 bytes
***********WAITING************

Write the data to file:8388608 bytes
***********WAITING************

Write the data to file:8388608 bytes
***********WAITING************

Write the data to file:8388608 bytes
***********WAITING************

Write the data to file:8388608 bytes
***********WAITING************

Write the data to file:8388608 bytes
***********WAITING************

Write the data to file:8388608 bytes
***********WAITING************

Write the data to file:8388608 bytes
***********WAITING************

Write the data to file:8388608 bytes
***********WAITING************
nr_of_strided_rec: 2
nr_doubles: 65536
nr_of_strided_rec: 2
nr_doubles: 65536
nr_of_strided_rec: 2
nr_doubles: 65536
nr_of_strided_rec: 2
nr_doubles: 65536
nr_of_strided_rec: 2
nr_doubles: 65536
nr_of_strided_rec: 2
nr_doubles: 65536
nr_of_strided_rec: 2
nr_doubles: 65536
nr_of_strided_rec: 2
nr_doubles: 65536
nr_of_strided_rec: 2
nr_doubles: 65536
nr_of_strided_rec: 2
nr_doubles: 65536
nr_of_strided_rec: 2
nr_doubles: 65536
nr_of_strided_rec: 2
nr_doubles: 65536
nr_of_strided_rec: 2
nr_doubles: 65536
nr_of_strided_rec: 2
nr_doubles: 65536
nr_of_strided_rec: 2
nr_doubles: 65536
nr_of_strided_rec: 2
nr_doubles: 65536

Write the data to file:8388608 bytes
***********WAITING************

Write the data to file:8388608 bytes
***********WAITING************

Write the data to file:8388608 bytes
***********WAITING************

Write the data to file:8388608 bytes
***********WAITING************

Write the data to file:8388608 bytes
***********WAITING************

Write the data to file:8388608 bytes
***********WAITING************

Write the data to file:8388608 bytes
***********WAITING************

Write the data to file:8388608 bytes
***********WAITING************

Write the data to file:8388608 bytes
***********WAITING************

Write the data to file:8388608 bytes
***********WAITING************

Write the data to file:8388608 bytes
***********WAITING************

Write the data to file:8388608 bytes
***********WAITING************

Write the data to file:8388608 bytes
***********WAITING************

Write the data to file:8388608 bytes
***********WAITING************

Write the data to file:8388608 bytes
***********WAITING************

Write the data to file:8388608 bytes
***********WAITING************
nr_of_strided_rec: 2
nr_doubles: 65536
nr_of_strided_rec: 2
nr_doubles: 65536
nr_of_strided_rec: 2
nr_doubles: 65536
nr_of_strided_rec: 2
nr_doubles: 65536
nr_of_strided_rec: 2
nr_doubles: 65536
nr_of_strided_rec: 2
nr_doubles: 65536
nr_of_strided_rec: 2
nr_doubles: 65536
nr_of_strided_rec: 2
nr_doubles: 65536
nr_of_strided_rec: 2
nr_doubles: 65536
nr_of_strided_rec: 2
nr_doubles: 65536
nr_of_strided_rec: 2
nr_doubles: 65536
nr_of_strided_rec: 2
nr_doubles: 65536
nr_of_strided_rec: 2
nr_doubles: 65536
nr_of_strided_rec: 2
nr_doubles: 65536
nr_of_strided_rec: 2
nr_doubles: 65536
nr_of_strided_rec: 2
nr_doubles: 65536

Write the data to file:8388608 bytes
***********WAITING************

Write the data to file:8388608 bytes
***********WAITING************

Write the data to file:8388608 bytes
***********WAITING************

Write the data to file:8388608 bytes
***********WAITING************

Write the data to file:8388608 bytes
***********WAITING************

Write the data to file:8388608 bytes
***********WAITING************

Write the data to file:8388608 bytes
***********WAITING************

Write the data to file:8388608 bytes
***********WAITING************

Write the data to file:8388608 bytes
***********WAITING************

Write the data to file:8388608 bytes
***********WAITING************

Write the data to file:8388608 bytes
***********WAITING************

Write the data to file:8388608 bytes
***********WAITING************

Write the data to file:8388608 bytes
***********WAITING************

Write the data to file:8388608 bytes
***********WAITING************

Write the data to file:8388608 bytes
***********WAITING************

Write the data to file:8388608 bytes
***********WAITING************
nr_of_strided_rec: 2
nr_doubles: 65536
nr_of_strided_rec: 2
nr_doubles: 65536
nr_of_strided_rec: 2
nr_doubles: 65536
nr_of_strided_rec: 2
nr_doubles: 65536
nr_of_strided_rec: 2
nr_doubles: 65536
nr_of_strided_rec: 2
nr_doubles: 65536
nr_of_strided_rec: 2
nr_doubles: 65536
nr_of_strided_rec: 2
nr_doubles: 65536
nr_of_strided_rec: 2
nr_doubles: 65536
nr_of_strided_rec: 2
nr_doubles: 65536
nr_of_strided_rec: 2
nr_doubles: 65536
nr_of_strided_rec: 2
nr_doubles: 65536
nr_of_strided_rec: 2
nr_doubles: 65536
nr_of_strided_rec: 2
nr_doubles: 65536
nr_of_strided_rec: 2
nr_doubles: 65536
nr_of_strided_rec: 2
nr_doubles: 65536

Write the data to file:8388608 bytes
***********WAITING************

Write the data to file:8388608 bytes
***********WAITING************

Write the data to file:8388608 bytes
***********WAITING************

Write the data to file:8388608 bytes
***********WAITING************

Write the data to file:8388608 bytes
***********WAITING************

Write the data to file:8388608 bytes
***********WAITING************

Write the data to file:8388608 bytes
***********WAITING************

Write the data to file:8388608 bytes
***********WAITING************

Write the data to file:8388608 bytes
***********WAITING************

Write the data to file:8388608 bytes
***********WAITING************

Write the data to file:8388608 bytes
***********WAITING************

Write the data to file:8388608 bytes
***********WAITING************

Write the data to file:8388608 bytes
***********WAITING************

Write the data to file:8388608 bytes
***********WAITING************

Write the data to file:8388608 bytes
***********WAITING************

Write the data to file:8388608 bytes
***********WAITING************
nr_of_strided_rec: 2
nr_doubles: 65536
nr_of_strided_rec: 2
nr_doubles: 65536
nr_of_strided_rec: 2
nr_doubles: 65536
nr_of_strided_rec: 2
nr_doubles: 65536
nr_of_strided_rec: 2
nr_doubles: 65536
nr_of_strided_rec: 2
nr_doubles: 65536
nr_of_strided_rec: 2
nr_doubles: 65536
nr_of_strided_rec: 2
nr_doubles: 65536
nr_of_strided_rec: 2
nr_doubles: 65536
nr_of_strided_rec: 2
nr_doubles: 65536
nr_of_strided_rec: 2
nr_doubles: 65536
nr_of_strided_rec: 2
nr_doubles: 65536
nr_of_strided_rec: 2
nr_doubles: 65536
nr_of_strided_rec: 2
nr_doubles: 65536
nr_of_strided_rec: 2
nr_doubles: 65536
nr_of_strided_rec: 2
nr_doubles: 65536

Write the data to file:8388608 bytes
***********WAITING************

Write the data to file:8388608 bytes
***********WAITING************

Write the data to file:8388608 bytes
***********WAITING************

Write the data to file:8388608 bytes
***********WAITING************

Write the data to file:8388608 bytes
***********WAITING************

Write the data to file:8388608 bytes
***********WAITING************

Write the data to file:8388608 bytes
***********WAITING************

Write the data to file:8388608 bytes
***********WAITING************

Write the data to file:8388608 bytes
***********WAITING************

Write the data to file:8388608 bytes
***********WAITING************

Write the data to file:8388608 bytes
***********WAITING************

Write the data to file:8388608 bytes
***********WAITING************

Write the data to file:8388608 bytes
***********WAITING************

Write the data to file:8388608 bytes
***********WAITING************

Write the data to file:8388608 bytes
***********WAITING************

Write the data to file:8388608 bytes
***********WAITING************
nr_of_strided_rec: 2
nr_doubles: 65536
nr_of_strided_rec: 2
nr_doubles: 65536
nr_of_strided_rec: 2
nr_doubles: 65536
nr_of_strided_rec: 2
nr_doubles: 65536
nr_of_strided_rec: 2
nr_doubles: 65536
nr_of_strided_rec: 2
nr_doubles: 65536
nr_of_strided_rec: 2
nr_doubles: 65536
nr_of_strided_rec: 2
nr_doubles: 65536
nr_of_strided_rec: 2
nr_doubles: 65536
nr_of_strided_rec: 2
nr_doubles: 65536
nr_of_strided_rec: 2
nr_doubles: 65536
nr_of_strided_rec: 2
nr_doubles: 65536
nr_of_strided_rec: 2
nr_doubles: 65536
nr_of_strided_rec: 2
nr_doubles: 65536
nr_of_strided_rec: 2
nr_doubles: 65536
nr_of_strided_rec: 2
nr_doubles: 65536

Write the data to file:8388608 bytes
***********WAITING************

Write the data to file:8388608 bytes
***********WAITING************

Write the data to file:8388608 bytes
***********WAITING************

Write the data to file:8388608 bytes
***********WAITING************

Write the data to file:8388608 bytes
***********WAITING************

Write the data to file:8388608 bytes
***********WAITING************

Write the data to file:8388608 bytes
***********WAITING************

Write the data to file:8388608 bytes
***********WAITING************

Write the data to file:8388608 bytes
***********WAITING************

Write the data to file:8388608 bytes
***********WAITING************

Write the data to file:8388608 bytes
***********WAITING************

Write the data to file:8388608 bytes
***********WAITING************

Write the data to file:8388608 bytes
***********WAITING************

Write the data to file:8388608 bytes
***********WAITING************

Write the data to file:8388608 bytes
***********WAITING************

Write the data to file:8388608 bytes
***********WAITING************
nr_of_strided_rec: 2
nr_doubles: 65536
nr_of_strided_rec: 2
nr_doubles: 65536
nr_of_strided_rec: 2
nr_doubles: 65536
nr_of_strided_rec: 2
nr_doubles: 65536
nr_of_strided_rec: 2
nr_doubles: 65536
nr_of_strided_rec: 2
nr_doubles: 65536
nr_of_strided_rec: 2
nr_doubles: 65536
nr_of_strided_rec: 2
nr_doubles: 65536
nr_of_strided_rec: 2
nr_doubles: 65536
nr_of_strided_rec: 2
nr_doubles: 65536
nr_of_strided_rec: 2
nr_doubles: 65536
nr_of_strided_rec: 2
nr_doubles: 65536
nr_of_strided_rec: 2
nr_doubles: 65536
nr_of_strided_rec: 2
nr_doubles: 65536
nr_of_strided_rec: 2
nr_doubles: 65536
nr_of_strided_rec: 2
nr_doubles: 65536

Write the data to file:8388608 bytes
***********WAITING************

Write the data to file:8388608 bytes
***********WAITING************

Write the data to file:8388608 bytes
***********WAITING************

Write the data to file:8388608 bytes
***********WAITING************

Write the data to file:8388608 bytes
***********WAITING************

Write the data to file:8388608 bytes
***********WAITING************

Write the data to file:8388608 bytes
***********WAITING************

Write the data to file:8388608 bytes
***********WAITING************

Write the data to file:8388608 bytes
***********WAITING************

Write the data to file:8388608 bytes
***********WAITING************

Write the data to file:8388608 bytes
***********WAITING************

Write the data to file:8388608 bytes
***********WAITING************

Write the data to file:8388608 bytes
***********WAITING************

Write the data to file:8388608 bytes
***********WAITING************

Write the data to file:8388608 bytes
***********WAITING************

Write the data to file:8388608 bytes
***********WAITING************
nr_of_strided_rec: 2
nr_doubles: 65536
nr_of_strided_rec: 2
nr_doubles: 65536
nr_of_strided_rec: 2
nr_doubles: 65536
nr_of_strided_rec: 2
nr_doubles: 65536
nr_of_strided_rec: 2
nr_doubles: 65536
nr_of_strided_rec: 2
nr_doubles: 65536
nr_of_strided_rec: 2
nr_doubles: 65536
nr_of_strided_rec: 2
nr_doubles: 65536
nr_of_strided_rec: 2
nr_doubles: 65536
nr_of_strided_rec: 2
nr_doubles: 65536
nr_of_strided_rec: 2
nr_doubles: 65536
nr_of_strided_rec: 2
nr_doubles: 65536
nr_of_strided_rec: 2
nr_doubles: 65536
nr_of_strided_rec: 2
nr_doubles: 65536
nr_of_strided_rec: 2
nr_doubles: 65536
nr_of_strided_rec: 2
nr_doubles: 65536

Write the data to file:8388608 bytes
***********WAITING************

Write the data to file:8388608 bytes
***********WAITING************

Write the data to file:8388608 bytes
***********WAITING************

Write the data to file:8388608 bytes
***********WAITING************

Write the data to file:8388608 bytes
***********WAITING************

Write the data to file:8388608 bytes
***********WAITING************

Write the data to file:8388608 bytes
***********WAITING************

Write the data to file:8388608 bytes
***********WAITING************

Write the data to file:8388608 bytes
***********WAITING************

Write the data to file:8388608 bytes
***********WAITING************

Write the data to file:8388608 bytes
***********WAITING************

Write the data to file:8388608 bytes
***********WAITING************

Write the data to file:8388608 bytes
***********WAITING************

Write the data to file:8388608 bytes
***********WAITING************

Write the data to file:8388608 bytes
***********WAITING************

Write the data to file:8388608 bytes
***********WAITING************
nr_of_strided_rec: 2
nr_doubles: 65536
nr_of_strided_rec: 2
nr_doubles: 65536
nr_of_strided_rec: 2
nr_doubles: 65536
nr_of_strided_rec: 2
nr_doubles: 65536
nr_of_strided_rec: 2
nr_doubles: 65536
nr_of_strided_rec: 2
nr_doubles: 65536
nr_of_strided_rec: 2
nr_doubles: 65536
nr_of_strided_rec: 2
nr_doubles: 65536
nr_of_strided_rec: 2
nr_doubles: 65536
nr_of_strided_rec: 2
nr_doubles: 65536
nr_of_strided_rec: 2
nr_doubles: 65536
nr_of_strided_rec: 2
nr_doubles: 65536
nr_of_strided_rec: 2
nr_doubles: 65536
nr_of_strided_rec: 2
nr_doubles: 65536
nr_of_strided_rec: 2
nr_doubles: 65536
nr_of_strided_rec: 2
nr_doubles: 65536

Write the data to file:8388608 bytes
***********WAITING************

Write the data to file:8388608 bytes
***********WAITING************

Write the data to file:8388608 bytes
***********WAITING************

Write the data to file:8388608 bytes
***********WAITING************

Write the data to file:8388608 bytes
***********WAITING************

Write the data to file:8388608 bytes
***********WAITING************

Write the data to file:8388608 bytes
***********WAITING************

Write the data to file:8388608 bytes
***********WAITING************

Write the data to file:8388608 bytes
***********WAITING************

Write the data to file:8388608 bytes
***********WAITING************

Write the data to file:8388608 bytes
***********WAITING************

Write the data to file:8388608 bytes
***********WAITING************

Write the data to file:8388608 bytes
***********WAITING************

Write the data to file:8388608 bytes
***********WAITING************

Write the data to file:8388608 bytes
***********WAITING************

Write the data to file:8388608 bytes
***********WAITING************
nr_of_strided_rec: 2
nr_doubles: 65536
nr_of_strided_rec: 2
nr_doubles: 65536
nr_of_strided_rec: 2
nr_doubles: 65536
nr_of_strided_rec: 2
nr_doubles: 65536
nr_of_strided_rec: 2
nr_doubles: 65536
nr_of_strided_rec: 2
nr_doubles: 65536
nr_of_strided_rec: 2
nr_doubles: 65536
nr_of_strided_rec: 2
nr_doubles: 65536
nr_of_strided_rec: 2
nr_doubles: 65536
nr_of_strided_rec: 2
nr_doubles: 65536
nr_of_strided_rec: 2
nr_doubles: 65536
nr_of_strided_rec: 2
nr_doubles: 65536
nr_of_strided_rec: 2
nr_doubles: 65536
nr_of_strided_rec: 2
nr_doubles: 65536
nr_of_strided_rec: 2
nr_doubles: 65536
nr_of_strided_rec: 2
nr_doubles: 65536

Write the data to file:8388608 bytes
***********WAITING************

Write the data to file:8388608 bytes
***********WAITING************

Write the data to file:8388608 bytes
***********WAITING************

Write the data to file:8388608 bytes
***********WAITING************

Write the data to file:8388608 bytes
***********WAITING************

Write the data to file:8388608 bytes
***********WAITING************

Write the data to file:8388608 bytes
***********WAITING************

Write the data to file:8388608 bytes
***********WAITING************

Write the data to file:8388608 bytes
***********WAITING************

Write the data to file:8388608 bytes
***********WAITING************

Write the data to file:8388608 bytes
***********WAITING************

Write the data to file:8388608 bytes
***********WAITING************

Write the data to file:8388608 bytes
***********WAITING************

Write the data to file:8388608 bytes
***********WAITING************

Write the data to file:8388608 bytes
***********WAITING************

Write the data to file:8388608 bytes
***********WAITING************
nr_of_strided_rec: 2
nr_doubles: 65536
nr_of_strided_rec: 2
nr_doubles: 65536
nr_of_strided_rec: 2
nr_doubles: 65536
nr_of_strided_rec: 2
nr_doubles: 65536
nr_of_strided_rec: 2
nr_doubles: 65536
nr_of_strided_rec: 2
nr_doubles: 65536
nr_of_strided_rec: 2
nr_doubles: 65536
nr_of_strided_rec: 2
nr_doubles: 65536
nr_of_strided_rec: 2
nr_doubles: 65536
nr_of_strided_rec: 2
nr_doubles: 65536
nr_of_strided_rec: 2
nr_doubles: 65536
nr_of_strided_rec: 2
nr_doubles: 65536
nr_of_strided_rec: 2
nr_doubles: 65536
nr_of_strided_rec: 2
nr_doubles: 65536
nr_of_strided_rec: 2
nr_doubles: 65536
nr_of_strided_rec: 2
nr_doubles: 65536

Write the data to file:8388608 bytes
***********WAITING************

Write the data to file:8388608 bytes
***********WAITING************

Write the data to file:8388608 bytes
***********WAITING************

Write the data to file:8388608 bytes
***********WAITING************

Write the data to file:8388608 bytes
***********WAITING************

Write the data to file:8388608 bytes
***********WAITING************

Write the data to file:8388608 bytes
***********WAITING************

Write the data to file:8388608 bytes
***********WAITING************

Write the data to file:8388608 bytes
***********WAITING************

Write the data to file:8388608 bytes
***********WAITING************

Write the data to file:8388608 bytes
***********WAITING************

Write the data to file:8388608 bytes
***********WAITING************

Write the data to file:8388608 bytes
***********WAITING************

Write the data to file:8388608 bytes
***********WAITING************

Write the data to file:8388608 bytes
***********WAITING************

Write the data to file:8388608 bytes
***********WAITING************
nr_of_strided_rec: 2
nr_doubles: 65536
nr_of_strided_rec: 2
nr_doubles: 65536
nr_of_strided_rec: 2
nr_doubles: 65536
nr_of_strided_rec: 2
nr_doubles: 65536
nr_of_strided_rec: 2
nr_doubles: 65536
nr_of_strided_rec: 2
nr_doubles: 65536
nr_of_strided_rec: 2
nr_doubles: 65536
nr_of_strided_rec: 2
nr_doubles: 65536
nr_of_strided_rec: 2
nr_doubles: 65536
nr_of_strided_rec: 2
nr_doubles: 65536
nr_of_strided_rec: 2
nr_doubles: 65536
nr_of_strided_rec: 2
nr_doubles: 65536
nr_of_strided_rec: 2
nr_doubles: 65536
nr_of_strided_rec: 2
nr_doubles: 65536
nr_of_strided_rec: 2
nr_doubles: 65536
nr_of_strided_rec: 2
nr_doubles: 65536

Write the data to file:8388608 bytes
***********WAITING************

Write the data to file:8388608 bytes
***********WAITING************

Write the data to file:8388608 bytes
***********WAITING************

Write the data to file:8388608 bytes
***********WAITING************

Write the data to file:8388608 bytes
***********WAITING************

Write the data to file:8388608 bytes
***********WAITING************

Write the data to file:8388608 bytes
***********WAITING************

Write the data to file:8388608 bytes
***********WAITING************

Write the data to file:8388608 bytes
***********WAITING************

Write the data to file:8388608 bytes
***********WAITING************

Write the data to file:8388608 bytes
***********WAITING************

Write the data to file:8388608 bytes
***********WAITING************

Write the data to file:8388608 bytes
***********WAITING************

Write the data to file:8388608 bytes
***********WAITING************

Write the data to file:8388608 bytes
***********WAITING************

Write the data to file:8388608 bytes
***********WAITING************
nr_of_strided_rec: 2
nr_doubles: 65536
nr_of_strided_rec: 2
nr_doubles: 65536
nr_of_strided_rec: 2
nr_doubles: 65536
nr_of_strided_rec: 2
nr_doubles: 65536
nr_of_strided_rec: 2
nr_doubles: 65536
nr_of_strided_rec: 2
nr_doubles: 65536
nr_of_strided_rec: 2
nr_doubles: 65536
nr_of_strided_rec: 2
nr_doubles: 65536
nr_of_strided_rec: 2
nr_doubles: 65536
nr_of_strided_rec: 2
nr_doubles: 65536
nr_of_strided_rec: 2
nr_doubles: 65536
nr_of_strided_rec: 2
nr_doubles: 65536
nr_of_strided_rec: 2
nr_doubles: 65536
nr_of_strided_rec: 2
nr_doubles: 65536
nr_of_strided_rec: 2
nr_doubles: 65536
nr_of_strided_rec: 2
nr_doubles: 65536

Write the data to file:8388608 bytes
***********WAITING************

Write the data to file:8388608 bytes
***********WAITING************

Write the data to file:8388608 bytes
***********WAITING************

Write the data to file:8388608 bytes
***********WAITING************

Write the data to file:8388608 bytes
***********WAITING************

Write the data to file:8388608 bytes
***********WAITING************

Write the data to file:8388608 bytes
***********WAITING************

Write the data to file:8388608 bytes
***********WAITING************

Write the data to file:8388608 bytes
***********WAITING************

Write the data to file:8388608 bytes
***********WAITING************

Write the data to file:8388608 bytes
***********WAITING************

Write the data to file:8388608 bytes
***********WAITING************

Write the data to file:8388608 bytes
***********WAITING************

Write the data to file:8388608 bytes
***********WAITING************

Write the data to file:8388608 bytes
***********WAITING************

Write the data to file:8388608 bytes
***********WAITING************
nr_of_strided_rec: 2
nr_doubles: 65536
nr_of_strided_rec: 2
nr_doubles: 65536
nr_of_strided_rec: 2
nr_doubles: 65536
nr_of_strided_rec: 2
nr_doubles: 65536
nr_of_strided_rec: 2
nr_doubles: 65536
nr_of_strided_rec: 2
nr_doubles: 65536
nr_of_strided_rec: 2
nr_doubles: 65536
nr_of_strided_rec: 2
nr_doubles: 65536
nr_of_strided_rec: 2
nr_doubles: 65536
nr_of_strided_rec: 2
nr_doubles: 65536
nr_of_strided_rec: 2
nr_doubles: 65536
nr_of_strided_rec: 2
nr_doubles: 65536
nr_of_strided_rec: 2
nr_doubles: 65536
nr_of_strided_rec: 2
nr_doubles: 65536
nr_of_strided_rec: 2
nr_doubles: 65536
nr_of_strided_rec: 2
nr_doubles: 65536

Write the data to file:8388608 bytes
***********WAITING************

Write the data to file:8388608 bytes
***********WAITING************

Write the data to file:8388608 bytes
***********WAITING************

Write the data to file:8388608 bytes
***********WAITING************

Write the data to file:8388608 bytes
***********WAITING************

Write the data to file:8388608 bytes
***********WAITING************

Write the data to file:8388608 bytes
***********WAITING************

Write the data to file:8388608 bytes
***********WAITING************

Write the data to file:8388608 bytes
***********WAITING************

Write the data to file:8388608 bytes
***********WAITING************

Write the data to file:8388608 bytes
***********WAITING************

Write the data to file:8388608 bytes
***********WAITING************

Write the data to file:8388608 bytes
***********WAITING************

Write the data to file:8388608 bytes
***********WAITING************

Write the data to file:8388608 bytes
***********WAITING************

Write the data to file:8388608 bytes
***********WAITING************

Write the data to file:8388608 bytes
***********WAITING************

Write the data to file:8388608 bytes
***********WAITING************

Write the data to file:8388608 bytes
***********WAITING************

Write the data to file:8388608 bytes
***********WAITING************

Write the data to file:8388608 bytes
***********WAITING************

Write the data to file:8388608 bytes
***********WAITING************

Write the data to file:8388608 bytes
***********WAITING************

Write the data to file:8388608 bytes
***********WAITING************

Write the data to file:8388608 bytes
***********WAITING************

Write the data to file:8388608 bytes
***********WAITING************

Write the data to file:8388608 bytes
***********WAITING************

Write the data to file:8388608 bytes
***********WAITING************

Write the data to file:8388608 bytes
***********WAITING************

Write the data to file:8388608 bytes
***********WAITING************

Write the data to file:8388608 bytes
***********WAITING************

Write the data to file:8388608 bytes
***********WAITING************
W_cc         0.57   [      0.57:      0.57]
W_r         13.94   [     13.94:     13.94]
W_w          3.39   [      3.39:      3.39]
          -------
W_total     17.90   [     17.89:     17.90]

calc_W done
nr_of_strided_rec: 2
nr_doubles: 65536
calc_W done
nr_of_strided_rec: 2
nr_doubles: 65536
calc_W done
nr_of_strided_rec: 2
nr_doubles: 65536
calc_W done
nr_of_strided_rec: 2
nr_doubles: 65536
calc_W done
nr_of_strided_rec: 2
nr_doubles: 65536
calc_W done
nr_of_strided_rec: 2
nr_doubles: 65536
calc_W done
nr_of_strided_rec: 2
nr_doubles: 65536
calc_W done
nr_of_strided_rec: 2
nr_doubles: 65536
calc_W done
nr_of_strided_rec: 2
nr_doubles: 65536
calc_W done
nr_of_strided_rec: 2
nr_doubles: 65536
calc_W done
nr_of_strided_rec: 2
nr_doubles: 65536
calc_W done
nr_of_strided_rec: 2
nr_doubles: 65536
calc_W done
nr_of_strided_rec: 2
nr_doubles: 65536
calc_W done
nr_of_strided_rec: 2
nr_doubles: 65536
calc_W done
nr_of_strided_rec: 2
nr_doubles: 65536
calc_W done
nr_of_strided_rec: 2
nr_doubles: 65536
nr_of_strided_rec: 2
nr_doubles: 65536
nr_of_strided_rec: 2
nr_doubles: 65536
nr_of_strided_rec: 2
nr_doubles: 65536
nr_of_strided_rec: 2
nr_doubles: 65536
nr_of_strided_rec: 2
nr_doubles: 65536
nr_of_strided_rec: 2
nr_doubles: 65536
nr_of_strided_rec: 2
nr_doubles: 65536
nr_of_strided_rec: 2
nr_doubles: 65536
nr_of_strided_rec: 2
nr_doubles: 65536
nr_of_strided_rec: 2
nr_doubles: 65536
nr_of_strided_rec: 2
nr_doubles: 65536
nr_of_strided_rec: 2
nr_doubles: 65536
nr_of_strided_rec: 2
nr_doubles: 65536
nr_of_strided_rec: 2
nr_doubles: 65536
nr_of_strided_rec: 2
nr_doubles: 65536
nr_of_strided_rec: 2
nr_doubles: 65536
nr_of_strided_rec: 2
nr_doubles: 65536
nr_of_strided_rec: 2
nr_doubles: 65536
nr_of_strided_rec: 2
nr_doubles: 65536
nr_of_strided_rec: 2
nr_doubles: 65536
nr_of_strided_rec: 2
nr_doubles: 65536
nr_of_strided_rec: 2
nr_doubles: 65536
nr_of_strided_rec: 2
nr_doubles: 65536
nr_of_strided_rec: 2
nr_doubles: 65536
nr_of_strided_rec: 2
nr_doubles: 65536
nr_of_strided_rec: 2
nr_doubles: 65536
nr_of_strided_rec: 2
nr_doubles: 65536
nr_of_strided_rec: 2
nr_doubles: 65536
nr_of_strided_rec: 2
nr_doubles: 65536
nr_of_strided_rec: 2
nr_doubles: 65536
nr_of_strided_rec: 2
nr_doubles: 65536
nr_of_strided_rec: 2
nr_doubles: 65536
nr_of_strided_rec: 2
nr_doubles: 65536
nr_of_strided_rec: 2
nr_doubles: 65536
nr_of_strided_rec: 2
nr_doubles: 65536
nr_of_strided_rec: 2
nr_doubles: 65536
nr_of_strided_rec: 2
nr_doubles: 65536
nr_of_strided_rec: 2
nr_doubles: 65536
nr_of_strided_rec: 2
nr_doubles: 65536
nr_of_strided_rec: 2
nr_doubles: 65536
nr_of_strided_rec: 2
nr_doubles: 65536
nr_of_strided_rec: 2
nr_doubles: 65536
nr_of_strided_rec: 2
nr_doubles: 65536
nr_of_strided_rec: 2
nr_doubles: 65536
nr_of_strided_rec: 2
nr_doubles: 65536
nr_of_strided_rec: 2
nr_doubles: 65536
nr_of_strided_rec: 2
nr_doubles: 65536
nr_of_strided_rec: 2
nr_doubles: 65536
nr_of_strided_rec: 2
nr_doubles: 65536
nr_of_strided_rec: 2
nr_doubles: 65536
nr_of_strided_rec: 2
nr_doubles: 65536
nr_of_strided_rec: 2
nr_doubles: 65536
nr_of_strided_rec: 2
nr_doubles: 65536
nr_of_strided_rec: 2
nr_doubles: 65536
nr_of_strided_rec: 2
nr_doubles: 65536
nr_of_strided_rec: 2
nr_doubles: 65536
nr_of_strided_rec: 2
nr_doubles: 65536
nr_of_strided_rec: 2
nr_doubles: 65536
nr_of_strided_rec: 2
nr_doubles: 65536
nr_of_strided_rec: 2
nr_doubles: 65536
nr_of_strided_rec: 2
nr_doubles: 65536
nr_of_strided_rec: 2
nr_doubles: 65536
nr_of_strided_rec: 2
nr_doubles: 65536
nr_of_strided_rec: 2
nr_doubles: 65536
nr_of_strided_rec: 2
nr_doubles: 65536
nr_of_strided_rec: 2
nr_doubles: 65536
nr_of_strided_rec: 2
nr_doubles: 65536
nr_of_strided_rec: 2
nr_doubles: 65536
nr_of_strided_rec: 2
nr_doubles: 65536
nr_of_strided_rec: 2
nr_doubles: 65536
nr_of_strided_rec: 2
nr_doubles: 65536
nr_of_strided_rec: 2
nr_doubles: 65536
nr_of_strided_rec: 2
nr_doubles: 65536
nr_of_strided_rec: 2
nr_doubles: 65536
nr_of_strided_rec: 2
nr_doubles: 65536
nr_of_strided_rec: 2
nr_doubles: 65536
nr_of_strided_rec: 2
nr_doubles: 65536
nr_of_strided_rec: 2
nr_doubles: 65536
nr_of_strided_rec: 2
nr_doubles: 65536
nr_of_strided_rec: 2
nr_doubles: 65536
nr_of_strided_rec: 2
nr_doubles: 65536
nr_of_strided_rec: 2
nr_doubles: 65536
nr_of_strided_rec: 2
nr_doubles: 65536
nr_of_strided_rec: 2
nr_doubles: 65536
nr_of_strided_rec: 2
nr_doubles: 65536
nr_of_strided_rec: 2
nr_doubles: 65536
nr_of_strided_rec: 2
nr_doubles: 65536
nr_of_strided_rec: 2
nr_doubles: 65536
nr_of_strided_rec: 2
nr_doubles: 65536
nr_of_strided_rec: 2
nr_doubles: 65536
nr_of_strided_rec: 2
nr_doubles: 65536
nr_of_strided_rec: 2
nr_doubles: 65536
nr_of_strided_rec: 2
nr_doubles: 65536
nr_of_strided_rec: 2
nr_doubles: 65536
nr_of_strided_rec: 2
nr_doubles: 65536
nr_of_strided_rec: 2
nr_doubles: 65536
nr_of_strided_rec: 2
nr_doubles: 65536
nr_of_strided_rec: 2
nr_doubles: 65536
nr_of_strided_rec: 2
nr_doubles: 65536
nr_of_strided_rec: 2
nr_doubles: 65536
nr_of_strided_rec: 2
nr_doubles: 65536
nr_of_strided_rec: 2
nr_doubles: 65536
nr_of_strided_rec: 2
nr_doubles: 65536
nr_of_strided_rec: 2
nr_doubles: 65536
nr_of_strided_rec: 2
nr_doubles: 65536
nr_of_strided_rec: 2
nr_doubles: 65536
nr_of_strided_rec: 2
nr_doubles: 65536
nr_of_strided_rec: 2
nr_doubles: 65536
nr_of_strided_rec: 2
nr_doubles: 65536
nr_of_strided_rec: 2
nr_doubles: 65536
nr_of_strided_rec: 2
nr_doubles: 65536
nr_of_strided_rec: 2
nr_doubles: 65536
nr_of_strided_rec: 2
nr_doubles: 65536
nr_of_strided_rec: 2
nr_doubles: 65536
nr_of_strided_rec: 2
nr_doubles: 65536
nr_of_strided_rec: 2
nr_doubles: 65536
nr_of_strided_rec: 2
nr_doubles: 65536
nr_of_strided_rec: 2
nr_doubles: 65536
nr_of_strided_rec: 2
nr_doubles: 65536
nr_of_strided_rec: 2
nr_doubles: 65536
nr_of_strided_rec: 2
nr_doubles: 65536
nr_of_strided_rec: 2
nr_doubles: 65536
nr_of_strided_rec: 2
nr_doubles: 65536
nr_of_strided_rec: 2
nr_doubles: 65536
nr_of_strided_rec: 2
nr_doubles: 65536
nr_of_strided_rec: 2
nr_doubles: 65536
nr_of_strided_rec: 2
nr_doubles: 65536
nr_of_strided_rec: 2
nr_doubles: 65536
nr_of_strided_rec: 2
nr_doubles: 65536
nr_of_strided_rec: 2
nr_doubles: 65536
nr_of_strided_rec: 2
nr_doubles: 65536
nr_of_strided_rec: 2
nr_doubles: 65536
nr_of_strided_rec: 2
nr_doubles: 65536
nr_of_strided_rec: 2
nr_doubles: 65536
nr_of_strided_rec: 2
nr_doubles: 65536
nr_of_strided_rec: 2
nr_doubles: 65536
nr_of_strided_rec: 2
nr_doubles: 65536
nr_of_strided_rec: 2
nr_doubles: 65536
nr_of_strided_rec: 2
nr_doubles: 65536
nr_of_strided_rec: 2
nr_doubles: 65536
nr_of_strided_rec: 2
nr_doubles: 65536
nr_of_strided_rec: 2
nr_doubles: 65536
nr_of_strided_rec: 2
nr_doubles: 65536
nr_of_strided_rec: 2
nr_doubles: 65536
nr_of_strided_rec: 2
nr_doubles: 65536
nr_of_strided_rec: 2
nr_doubles: 65536
nr_of_strided_rec: 2
nr_doubles: 65536
nr_of_strided_rec: 2
nr_doubles: 65536
nr_of_strided_rec: 2
nr_doubles: 65536
nr_of_strided_rec: 2
nr_doubles: 65536
nr_of_strided_rec: 2
nr_doubles: 65536
nr_of_strided_rec: 2
nr_doubles: 65536
nr_of_strided_rec: 2
nr_doubles: 65536
nr_of_strided_rec: 2
nr_doubles: 65536
nr_of_strided_rec: 2
nr_doubles: 65536
nr_of_strided_rec: 2
nr_doubles: 65536
nr_of_strided_rec: 2
nr_doubles: 65536
nr_of_strided_rec: 2
nr_doubles: 65536
nr_of_strided_rec: 2
nr_doubles: 65536
nr_of_strided_rec: 2
nr_doubles: 65536
nr_of_strided_rec: 2
nr_doubles: 65536
nr_of_strided_rec: 2
nr_doubles: 65536
nr_of_strided_rec: 2
nr_doubles: 65536
nr_of_strided_rec: 2
nr_doubles: 65536
nr_of_strided_rec: 2
nr_doubles: 65536
nr_of_strided_rec: 2
nr_doubles: 65536
nr_of_strided_rec: 2
nr_doubles: 65536
nr_of_strided_rec: 2
nr_doubles: 65536
nr_of_strided_rec: 2
nr_doubles: 65536
nr_of_strided_rec: 2
nr_doubles: 65536
nr_of_strided_rec: 2
nr_doubles: 65536
nr_of_strided_rec: 2
nr_doubles: 65536
nr_of_strided_rec: 2
nr_doubles: 65536
nr_of_strided_rec: 2
nr_doubles: 65536
nr_of_strided_rec: 2
nr_doubles: 65536
nr_of_strided_rec: 2
nr_doubles: 65536
nr_of_strided_rec: 2
nr_doubles: 65536
nr_of_strided_rec: 2
nr_doubles: 65536
nr_of_strided_rec: 2
nr_doubles: 65536
nr_of_strided_rec: 2
nr_doubles: 65536
nr_of_strided_rec: 2
nr_doubles: 65536
nr_of_strided_rec: 2
nr_doubles: 65536
nr_of_strided_rec: 2
nr_doubles: 65536
nr_of_strided_rec: 2
nr_doubles: 65536
nr_of_strided_rec: 2
nr_doubles: 65536
nr_of_strided_rec: 2
nr_doubles: 65536
nr_of_strided_rec: 2
nr_doubles: 65536
nr_of_strided_rec: 2
nr_doubles: 65536
nr_of_strided_rec: 2
nr_doubles: 65536
nr_of_strided_rec: 2
nr_doubles: 65536
nr_of_strided_rec: 2
nr_doubles: 65536
nr_of_strided_rec: 2
nr_doubles: 65536
nr_of_strided_rec: 2
nr_doubles: 65536
nr_of_strided_rec: 2
nr_doubles: 65536
nr_of_strided_rec: 2
nr_doubles: 65536
nr_of_strided_rec: 2
nr_doubles: 65536
nr_of_strided_rec: 2
nr_doubles: 65536
nr_of_strided_rec: 2
nr_doubles: 65536
nr_of_strided_rec: 2
nr_doubles: 65536
nr_of_strided_rec: 2
nr_doubles: 65536
nr_of_strided_rec: 2
nr_doubles: 65536
nr_of_strided_rec: 2
nr_doubles: 65536
nr_of_strided_rec: 2
nr_doubles: 65536
nr_of_strided_rec: 2
nr_doubles: 65536
nr_of_strided_rec: 2
nr_doubles: 65536
nr_of_strided_rec: 2
nr_doubles: 65536
nr_of_strided_rec: 2
nr_doubles: 65536
nr_of_strided_rec: 2
nr_doubles: 65536
nr_of_strided_rec: 2
nr_doubles: 65536
nr_of_strided_rec: 2
nr_doubles: 65536
nr_of_strided_rec: 2
nr_doubles: 65536
nr_of_strided_rec: 2
nr_doubles: 65536
nr_of_strided_rec: 2
nr_doubles: 65536
nr_of_strided_rec: 2
nr_doubles: 65536
nr_of_strided_rec: 2
nr_doubles: 65536
nr_of_strided_rec: 2
nr_doubles: 65536
nr_of_strided_rec: 2
nr_doubles: 65536
nr_of_strided_rec: 2
nr_doubles: 65536
nr_of_strided_rec: 2
nr_doubles: 65536
nr_of_strided_rec: 2
nr_doubles: 65536
nr_of_strided_rec: 2
nr_doubles: 65536
nr_of_strided_rec: 2
nr_doubles: 65536
nr_of_strided_rec: 2
nr_doubles: 65536
nr_of_strided_rec: 2
nr_doubles: 65536
nr_of_strided_rec: 2
nr_doubles: 65536
nr_of_strided_rec: 2
nr_doubles: 65536
nr_of_strided_rec: 2
nr_doubles: 65536
nr_of_strided_rec: 2
nr_doubles: 65536
nr_of_strided_rec: 2
nr_doubles: 65536
nr_of_strided_rec: 2
nr_doubles: 65536
nr_of_strided_rec: 2
nr_doubles: 65536
nr_of_strided_rec: 2
nr_doubles: 65536
nr_of_strided_rec: 2
nr_doubles: 65536
nr_of_strided_rec: 2
nr_doubles: 65536
nr_of_strided_rec: 2
nr_doubles: 65536
nr_of_strided_rec: 2
nr_doubles: 65536
nr_of_strided_rec: 2
nr_doubles: 65536
nr_of_strided_rec: 2
nr_doubles: 65536
nr_of_strided_rec: 2
nr_doubles: 65536
nr_of_strided_rec: 2
nr_doubles: 65536
nr_of_strided_rec: 2
nr_doubles: 65536
nr_of_strided_rec: 2
nr_doubles: 65536
nr_of_strided_rec: 2
nr_doubles: 65536
nr_of_strided_rec: 2
nr_doubles: 65536
nr_of_strided_rec: 2
nr_doubles: 65536
nr_of_strided_rec: 2
nr_doubles: 65536
nr_of_strided_rec: 2
nr_doubles: 65536
nr_of_strided_rec: 2
nr_doubles: 65536
nr_of_strided_rec: 2
nr_doubles: 65536
nr_of_strided_rec: 2
nr_doubles: 65536
nr_of_strided_rec: 2
nr_doubles: 65536
nr_of_strided_rec: 2
nr_doubles: 65536
nr_of_strided_rec: 2
nr_doubles: 65536
nr_of_strided_rec: 2
nr_doubles: 65536
nr_of_strided_rec: 2
nr_doubles: 65536
nr_of_strided_rec: 2
nr_doubles: 65536
nr_of_strided_rec: 2
nr_doubles: 65536
nr_of_strided_rec: 2
nr_doubles: 65536
nr_of_strided_rec: 2
nr_doubles: 65536
nr_of_strided_rec: 2
nr_doubles: 65536
nr_of_strided_rec: 2
nr_doubles: 65536
nr_of_strided_rec: 2
nr_doubles: 65536
nr_of_strided_rec: 2
nr_doubles: 65536
nr_of_strided_rec: 2
nr_doubles: 65536
nr_of_strided_rec: 2
nr_doubles: 65536
nr_of_strided_rec: 2
nr_doubles: 65536
nr_of_strided_rec: 2
nr_doubles: 65536
nr_of_strided_rec: 2
nr_doubles: 65536
nr_of_strided_rec: 2
nr_doubles: 65536
nr_of_strided_rec: 2
nr_doubles: 65536
nr_of_strided_rec: 2
nr_doubles: 65536
nr_of_strided_rec: 2
nr_doubles: 65536
nr_of_strided_rec: 2
nr_doubles: 65536
nr_of_strided_rec: 2
nr_doubles: 65536
nr_of_strided_rec: 2
nr_doubles: 65536
nr_of_strided_rec: 2
nr_doubles: 65536
nr_of_strided_rec: 2
nr_doubles: 65536
nr_of_strided_rec: 2
nr_doubles: 65536
nr_of_strided_rec: 2
nr_doubles: 65536
nr_of_strided_rec: 2
nr_doubles: 65536
nr_of_strided_rec: 2
nr_doubles: 65536
nr_of_strided_rec: 2
nr_doubles: 65536
nr_of_strided_rec: 2
nr_doubles: 65536
nr_of_strided_rec: 2
nr_doubles: 65536
nr_of_strided_rec: 2
nr_doubles: 65536
nr_of_strided_rec: 2
nr_doubles: 65536
nr_of_strided_rec: 2
nr_doubles: 65536
nr_of_strided_rec: 2
nr_doubles: 65536
nr_of_strided_rec: 2
nr_doubles: 65536
nr_of_strided_rec: 2
nr_doubles: 65536
nr_of_strided_rec: 2
nr_doubles: 65536
nr_of_strided_rec: 2
nr_doubles: 65536
nr_of_strided_rec: 2
nr_doubles: 65536
nr_of_strided_rec: 2
nr_doubles: 65536
nr_of_strided_rec: 2
nr_doubles: 65536
nr_of_strided_rec: 2
nr_doubles: 65536
nr_of_strided_rec: 2
nr_doubles: 65536
nr_of_strided_rec: 2
nr_doubles: 65536
nr_of_strided_rec: 2
nr_doubles: 65536
nr_of_strided_rec: 2
nr_doubles: 65536
nr_of_strided_rec: 2
nr_doubles: 65536
nr_of_strided_rec: 2
nr_doubles: 65536
nr_of_strided_rec: 2
nr_doubles: 65536
nr_of_strided_rec: 2
nr_doubles: 65536
nr_of_strided_rec: 2
nr_doubles: 65536
nr_of_strided_rec: 2
nr_doubles: 65536
nr_of_strided_rec: 2
nr_doubles: 65536
nr_of_strided_rec: 2
nr_doubles: 65536
nr_of_strided_rec: 2
nr_doubles: 65536
nr_of_strided_rec: 2
nr_doubles: 65536
nr_of_strided_rec: 2
nr_doubles: 65536
nr_of_strided_rec: 2
nr_doubles: 65536
nr_of_strided_rec: 2
