fclose PID:29042 fd:3
fclose PID:29042 fd:4
fclose PID:29042 fd:4
fclose PID:29042 fd:3
available: 2 nodes (0-1)
fclose PID:29042 fd:3
node 0 cpus:fclose PID:29042 fd:3
 0 1 2 3 4 5 6 7 8 9 20 21 22 23 24 25 26 27 28 29
node 0 size: 80440 MB
node 0 free: 80123 MB
fclose PID:29042 fd:3
node 1 cpus:fclose PID:29042 fd:3
 10 11 12 13 14 15 16 17 18 19 30 31 32 33 34 35 36 37 38 39
node 1 size: 80635 MB
node 1 free: 80375 MB
fclose PID:29042 fd:3
fclose PID:29042 fd:3
node distances:
node   0   1 
  0:  10  21 
  1:  21  10 
READAHEAD_TIME:0.000000 us
MaxRSS= 2300 KB, SharedMem= 0 KB, HardPageFault= 10
fclose PID:29047 fd:12
fclose PID:29048 fd:10
fclose PID:29049 fd:8
fclose PID:29050 fd:8

MADbench 2.0 IO-mode
no_pe = 4  no_pix = 4096  no_bin = 30  no_gang = 1 sblocksize = 8  fblocksize = 64  r_mod = 1  w_mod = 1 record_size=16777216 stride=7
IOMETHOD = POSIX  IOMODE = SYNC  FILETYPE = UNIQUE  REMAP = CUSTOM

build_S
build_S
build_S
build_S

Write the data to file:33554432 bytes
***********WAITING************

Write the data to file:33554432 bytes
***********WAITING************

Write the data to file:33554432 bytes
***********WAITING************

Write the data to file:33554432 bytes
***********WAITING************

Write the data to file:33554432 bytes
***********WAITING************

Write the data to file:33554432 bytes
***********WAITING************

Write the data to file:33554432 bytes
***********WAITING************

Write the data to file:33554432 bytes
***********WAITING************

Write the data to file:33554432 bytes
***********WAITING************

Write the data to file:33554432 bytes
***********WAITING************

Write the data to file:33554432 bytes
***********WAITING************

Write the data to file:33554432 bytes
***********WAITING************

Write the data to file:33554432 bytes
***********WAITING************

Write the data to file:33554432 bytes
***********WAITING************

Write the data to file:33554432 bytes
***********WAITING************

Write the data to file:33554432 bytes
***********WAITING************

Write the data to file:33554432 bytes
***********WAITING************

Write the data to file:33554432 bytes
***********WAITING************

Write the data to file:33554432 bytes
***********WAITING************

Write the data to file:33554432 bytes
***********WAITING************

Write the data to file:33554432 bytes
***********WAITING************

Write the data to file:33554432 bytes
***********WAITING************

Write the data to file:33554432 bytes
***********WAITING************

Write the data to file:33554432 bytes
***********WAITING************

Write the data to file:33554432 bytes
***********WAITING************

Write the data to file:33554432 bytes
***********WAITING************

Write the data to file:33554432 bytes
***********WAITING************

Write the data to file:33554432 bytes
***********WAITING************

Write the data to file:33554432 bytes
***********WAITING************

Write the data to file:33554432 bytes
***********WAITING************

Write the data to file:33554432 bytes
***********WAITING************

Write the data to file:33554432 bytes
***********WAITING************

Write the data to file:33554432 bytes
***********WAITING************

Write the data to file:33554432 bytes
***********WAITING************

Write the data to file:33554432 bytes
***********WAITING************

Write the data to file:33554432 bytes
***********WAITING************

Write the data to file:33554432 bytes
***********WAITING************

Write the data to file:33554432 bytes
***********WAITING************

Write the data to file:33554432 bytes
***********WAITING************

Write the data to file:33554432 bytes
***********WAITING************

Write the data to file:33554432 bytes
***********WAITING************

Write the data to file:33554432 bytes
***********WAITING************

Write the data to file:33554432 bytes
***********WAITING************

Write the data to file:33554432 bytes
***********WAITING************

Write the data to file:33554432 bytes
***********WAITING************

Write the data to file:33554432 bytes
***********WAITING************

Write the data to file:33554432 bytes
***********WAITING************

Write the data to file:33554432 bytes
***********WAITING************

Write the data to file:33554432 bytes
***********WAITING************

Write the data to file:33554432 bytes
***********WAITING************

Write the data to file:33554432 bytes
***********WAITING************

Write the data to file:33554432 bytes
***********WAITING************

Write the data to file:33554432 bytes
***********WAITING************

Write the data to file:33554432 bytes
***********WAITING************

Write the data to file:33554432 bytes
***********WAITING************

Write the data to file:33554432 bytes
***********WAITING************

Write the data to file:33554432 bytes
***********WAITING************

Write the data to file:33554432 bytes
***********WAITING************

Write the data to file:33554432 bytes
***********WAITING************

Write the data to file:33554432 bytes
***********WAITING************

Write the data to file:33554432 bytes
***********WAITING************

Write the data to file:33554432 bytes
***********WAITING************

Write the data to file:33554432 bytes
***********WAITING************

Write the data to file:33554432 bytes
***********WAITING************

Write the data to file:33554432 bytes
***********WAITING************

Write the data to file:33554432 bytes
***********WAITING************

Write the data to file:33554432 bytes
***********WAITING************

Write the data to file:33554432 bytes
***********WAITING************

Write the data to file:33554432 bytes
***********WAITING************

Write the data to file:33554432 bytes
***********WAITING************

Write the data to file:33554432 bytes
***********WAITING************

Write the data to file:33554432 bytes
***********WAITING************

Write the data to file:33554432 bytes
***********WAITING************

Write the data to file:33554432 bytes
***********WAITING************

Write the data to file:33554432 bytes
***********WAITING************

Write the data to file:33554432 bytes
***********WAITING************

Write the data to file:33554432 bytes
***********WAITING************

Write the data to file:33554432 bytes
***********WAITING************

Write the data to file:33554432 bytes
***********WAITING************

Write the data to file:33554432 bytes
***********WAITING************

Write the data to file:33554432 bytes
***********WAITING************

Write the data to file:33554432 bytes
***********WAITING************

Write the data to file:33554432 bytes
***********WAITING************

Write the data to file:33554432 bytes
***********WAITING************

Write the data to file:33554432 bytes
***********WAITING************

Write the data to file:33554432 bytes
***********WAITING************

Write the data to file:33554432 bytes
***********WAITING************

Write the data to file:33554432 bytes
***********WAITING************

Write the data to file:33554432 bytes
***********WAITING************

Write the data to file:33554432 bytes
***********WAITING************

Write the data to file:33554432 bytes
***********WAITING************

Write the data to file:33554432 bytes
***********WAITING************

Write the data to file:33554432 bytes
***********WAITING************

Write the data to file:33554432 bytes
***********WAITING************

Write the data to file:33554432 bytes
***********WAITING************

Write the data to file:33554432 bytes
***********WAITING************

Write the data to file:33554432 bytes
***********WAITING************

Write the data to file:33554432 bytes
***********WAITING************

Write the data to file:33554432 bytes
***********WAITING************

Write the data to file:33554432 bytes
***********WAITING************

Write the data to file:33554432 bytes
***********WAITING************

Write the data to file:33554432 bytes
***********WAITING************

Write the data to file:33554432 bytes
***********WAITING************

Write the data to file:33554432 bytes
***********WAITING************

Write the data to file:33554432 bytes
***********WAITING************

Write the data to file:33554432 bytes
***********WAITING************

Write the data to file:33554432 bytes
***********WAITING************

Write the data to file:33554432 bytes
***********WAITING************

Write the data to file:33554432 bytes
***********WAITING************

Write the data to file:33554432 bytes
***********WAITING************

Write the data to file:33554432 bytes
***********WAITING************

Write the data to file:33554432 bytes
***********WAITING************

Write the data to file:33554432 bytes
***********WAITING************

Write the data to file:33554432 bytes
***********WAITING************

Write the data to file:33554432 bytes
***********WAITING************

Write the data to file:33554432 bytes
***********WAITING************

Write the data to file:33554432 bytes
***********WAITING************

Write the data to file:33554432 bytes
***********WAITING************

Write the data to file:33554432 bytes
***********WAITING************

Write the data to file:33554432 bytes
***********WAITING************
S_cc         0.42   [      0.42:      0.42]
S_bw         0.17   [      0.17:      0.17]
S_w          8.20   [      8.20:      8.20]
          -------
S_total      8.80   [      8.80:      8.80]

build_S done
calc_W
build_S done
calc_W
nr_of_strided_rec: 0
WARNING: RECORD_SIZE >> READ_NEEDED
nr_doubles: 4194304
build_S done
calc_W
nr_of_strided_rec: 0
WARNING: RECORD_SIZE >> READ_NEEDED
nr_doubles: 4194304
build_S done
calc_W
nr_of_strided_rec: 0
WARNING: RECORD_SIZE >> READ_NEEDED
nr_doubles: 4194304
nr_of_strided_rec: 0
WARNING: RECORD_SIZE >> READ_NEEDED
nr_doubles: 4194304
nr_of_strided_rec: 1
nr_doubles: 4194304
nr_of_strided_rec: 1
nr_doubles: 4194304
nr_of_strided_rec: 1
nr_doubles: 4194304
nr_of_strided_rec: 1
nr_doubles: 4194304

Write the data to file:33554432 bytes
***********WAITING************

Write the data to file:33554432 bytes
***********WAITING************

Write the data to file:33554432 bytes
***********WAITING************

Write the data to file:33554432 bytes
***********WAITING************
nr_of_strided_rec: 1
nr_doubles: 4194304
nr_of_strided_rec: 1
nr_doubles: 4194304
nr_of_strided_rec: 1
nr_doubles: 4194304
nr_of_strided_rec: 1
nr_doubles: 4194304

Write the data to file:33554432 bytes
***********WAITING************

Write the data to file:33554432 bytes
***********WAITING************

Write the data to file:33554432 bytes
***********WAITING************

Write the data to file:33554432 bytes
***********WAITING************
nr_of_strided_rec: 1
nr_doubles: 4194304
nr_of_strided_rec: 1
nr_doubles: 4194304
nr_of_strided_rec: 1
nr_doubles: 4194304
nr_of_strided_rec: 1
nr_doubles: 4194304

Write the data to file:33554432 bytes
***********WAITING************

Write the data to file:33554432 bytes
***********WAITING************

Write the data to file:33554432 bytes
***********WAITING************

Write the data to file:33554432 bytes
***********WAITING************
nr_of_strided_rec: 1
nr_doubles: 4194304
nr_of_strided_rec: 1
nr_doubles: 4194304
nr_of_strided_rec: 1
nr_doubles: 4194304
nr_of_strided_rec: 1
nr_doubles: 4194304

Write the data to file:33554432 bytes
***********WAITING************

Write the data to file:33554432 bytes
***********WAITING************

Write the data to file:33554432 bytes
***********WAITING************

Write the data to file:33554432 bytes
***********WAITING************
nr_of_strided_rec: 1
nr_doubles: 4194304
nr_of_strided_rec: 1
nr_doubles: 4194304
nr_of_strided_rec: 1
nr_doubles: 4194304
nr_of_strided_rec: 1
nr_doubles: 4194304

Write the data to file:33554432 bytes
***********WAITING************

Write the data to file:33554432 bytes
***********WAITING************

Write the data to file:33554432 bytes
***********WAITING************

Write the data to file:33554432 bytes
***********WAITING************
nr_of_strided_rec: 1
nr_doubles: 4194304
nr_of_strided_rec: 1
nr_doubles: 4194304
nr_of_strided_rec: 1
nr_doubles: 4194304
nr_of_strided_rec: 1
nr_doubles: 4194304

Write the data to file:33554432 bytes
***********WAITING************

Write the data to file:33554432 bytes
***********WAITING************

Write the data to file:33554432 bytes
***********WAITING************

Write the data to file:33554432 bytes
***********WAITING************
nr_of_strided_rec: 1
nr_doubles: 4194304
nr_of_strided_rec: 1
nr_doubles: 4194304
nr_of_strided_rec: 1
nr_doubles: 4194304
nr_of_strided_rec: 1
nr_doubles: 4194304

Write the data to file:33554432 bytes
***********WAITING************

Write the data to file:33554432 bytes
***********WAITING************

Write the data to file:33554432 bytes
***********WAITING************

Write the data to file:33554432 bytes
***********WAITING************
nr_of_strided_rec: 1
nr_doubles: 4194304
nr_of_strided_rec: 1
nr_doubles: 4194304
nr_of_strided_rec: 1
nr_doubles: 4194304
nr_of_strided_rec: 1
nr_doubles: 4194304

Write the data to file:33554432 bytes
***********WAITING************

Write the data to file:33554432 bytes
***********WAITING************

Write the data to file:33554432 bytes
***********WAITING************

Write the data to file:33554432 bytes
***********WAITING************
nr_of_strided_rec: 1
nr_doubles: 4194304
nr_of_strided_rec: 1
nr_doubles: 4194304
nr_of_strided_rec: 1
nr_doubles: 4194304
nr_of_strided_rec: 1
nr_doubles: 4194304

Write the data to file:33554432 bytes
***********WAITING************

Write the data to file:33554432 bytes
***********WAITING************

Write the data to file:33554432 bytes
***********WAITING************

Write the data to file:33554432 bytes
***********WAITING************
nr_of_strided_rec: 1
nr_doubles: 4194304
nr_of_strided_rec: 1
nr_doubles: 4194304
nr_of_strided_rec: 1
nr_doubles: 4194304
nr_of_strided_rec: 1
nr_doubles: 4194304

Write the data to file:33554432 bytes
***********WAITING************

Write the data to file:33554432 bytes
***********WAITING************

Write the data to file:33554432 bytes
***********WAITING************

Write the data to file:33554432 bytes
***********WAITING************
nr_of_strided_rec: 1
nr_doubles: 4194304
nr_of_strided_rec: 1
nr_doubles: 4194304
nr_of_strided_rec: 1
nr_doubles: 4194304
nr_of_strided_rec: 1
nr_doubles: 4194304

Write the data to file:33554432 bytes
***********WAITING************

Write the data to file:33554432 bytes
***********WAITING************

Write the data to file:33554432 bytes
***********WAITING************

Write the data to file:33554432 bytes
***********WAITING************
nr_of_strided_rec: 1
nr_doubles: 4194304
nr_of_strided_rec: 1
nr_doubles: 4194304
nr_of_strided_rec: 1
nr_doubles: 4194304
nr_of_strided_rec: 1
nr_doubles: 4194304

Write the data to file:33554432 bytes
***********WAITING************

Write the data to file:33554432 bytes
***********WAITING************

Write the data to file:33554432 bytes
***********WAITING************

Write the data to file:33554432 bytes
***********WAITING************
nr_of_strided_rec: 1
nr_doubles: 4194304
nr_of_strided_rec: 1
nr_doubles: 4194304
nr_of_strided_rec: 1
nr_doubles: 4194304
nr_of_strided_rec: 1
nr_doubles: 4194304

Write the data to file:33554432 bytes
***********WAITING************

Write the data to file:33554432 bytes
***********WAITING************

Write the data to file:33554432 bytes
***********WAITING************

Write the data to file:33554432 bytes
***********WAITING************
nr_of_strided_rec: 1
nr_doubles: 4194304
nr_of_strided_rec: 1
nr_doubles: 4194304
nr_of_strided_rec: 1
nr_doubles: 4194304
nr_of_strided_rec: 1
nr_doubles: 4194304

Write the data to file:33554432 bytes
***********WAITING************

Write the data to file:33554432 bytes
***********WAITING************

Write the data to file:33554432 bytes
***********WAITING************

Write the data to file:33554432 bytes
***********WAITING************
nr_of_strided_rec: 1
nr_doubles: 4194304
nr_of_strided_rec: 1
nr_doubles: 4194304
nr_of_strided_rec: 1
nr_doubles: 4194304
nr_of_strided_rec: 1
nr_doubles: 4194304

Write the data to file:33554432 bytes
***********WAITING************

Write the data to file:33554432 bytes
***********WAITING************

Write the data to file:33554432 bytes
***********WAITING************

Write the data to file:33554432 bytes
***********WAITING************
nr_of_strided_rec: 1
nr_doubles: 4194304
nr_of_strided_rec: 1
nr_doubles: 4194304
nr_of_strided_rec: 1
nr_doubles: 4194304
nr_of_strided_rec: 1
nr_doubles: 4194304

Write the data to file:33554432 bytes
***********WAITING************

Write the data to file:33554432 bytes
***********WAITING************

Write the data to file:33554432 bytes
***********WAITING************

Write the data to file:33554432 bytes
***********WAITING************
nr_of_strided_rec: 1
nr_doubles: 4194304
nr_of_strided_rec: 1
nr_doubles: 4194304
nr_of_strided_rec: 1
nr_doubles: 4194304
nr_of_strided_rec: 1
nr_doubles: 4194304

Write the data to file:33554432 bytes
***********WAITING************

Write the data to file:33554432 bytes
***********WAITING************

Write the data to file:33554432 bytes
***********WAITING************

Write the data to file:33554432 bytes
***********WAITING************
nr_of_strided_rec: 1
nr_doubles: 4194304
nr_of_strided_rec: 1
nr_doubles: 4194304
nr_of_strided_rec: 1
nr_doubles: 4194304
nr_of_strided_rec: 1
nr_doubles: 4194304

Write the data to file:33554432 bytes
***********WAITING************

Write the data to file:33554432 bytes
***********WAITING************

Write the data to file:33554432 bytes
***********WAITING************

Write the data to file:33554432 bytes
***********WAITING************
nr_of_strided_rec: 1
nr_doubles: 4194304
nr_of_strided_rec: 1
nr_doubles: 4194304
nr_of_strided_rec: 1
nr_doubles: 4194304
nr_of_strided_rec: 1
nr_doubles: 4194304

Write the data to file:33554432 bytes
***********WAITING************

Write the data to file:33554432 bytes
***********WAITING************

Write the data to file:33554432 bytes
***********WAITING************

Write the data to file:33554432 bytes
***********WAITING************
nr_of_strided_rec: 1
nr_doubles: 4194304
nr_of_strided_rec: 1
nr_doubles: 4194304
nr_of_strided_rec: 1
nr_doubles: 4194304
nr_of_strided_rec: 1
nr_doubles: 4194304

Write the data to file:33554432 bytes
***********WAITING************

Write the data to file:33554432 bytes
***********WAITING************

Write the data to file:33554432 bytes
***********WAITING************

Write the data to file:33554432 bytes
***********WAITING************
nr_of_strided_rec: 1
nr_doubles: 4194304
nr_of_strided_rec: 1
nr_doubles: 4194304
nr_of_strided_rec: 1
nr_doubles: 4194304
nr_of_strided_rec: 1
nr_doubles: 4194304

Write the data to file:33554432 bytes
***********WAITING************

Write the data to file:33554432 bytes
***********WAITING************

Write the data to file:33554432 bytes
***********WAITING************

Write the data to file:33554432 bytes
***********WAITING************
nr_of_strided_rec: 1
nr_doubles: 4194304
nr_of_strided_rec: 1
nr_doubles: 4194304
nr_of_strided_rec: 1
nr_doubles: 4194304
nr_of_strided_rec: 1
nr_doubles: 4194304

Write the data to file:33554432 bytes
***********WAITING************

Write the data to file:33554432 bytes
***********WAITING************

Write the data to file:33554432 bytes
***********WAITING************

Write the data to file:33554432 bytes
***********WAITING************
nr_of_strided_rec: 1
nr_doubles: 4194304
nr_of_strided_rec: 1
nr_doubles: 4194304
nr_of_strided_rec: 1
nr_doubles: 4194304
nr_of_strided_rec: 1
nr_doubles: 4194304

Write the data to file:33554432 bytes
***********WAITING************

Write the data to file:33554432 bytes
***********WAITING************

Write the data to file:33554432 bytes
***********WAITING************

Write the data to file:33554432 bytes
***********WAITING************
nr_of_strided_rec: 1
nr_doubles: 4194304
nr_of_strided_rec: 1
nr_doubles: 4194304
nr_of_strided_rec: 1
nr_doubles: 4194304
nr_of_strided_rec: 1
nr_doubles: 4194304

Write the data to file:33554432 bytes
***********WAITING************

Write the data to file:33554432 bytes
***********WAITING************

Write the data to file:33554432 bytes
***********WAITING************

Write the data to file:33554432 bytes
***********WAITING************
nr_of_strided_rec: 1
nr_doubles: 4194304
nr_of_strided_rec: 1
nr_doubles: 4194304
nr_of_strided_rec: 1
nr_doubles: 4194304
nr_of_strided_rec: 1
nr_doubles: 4194304

Write the data to file:33554432 bytes
***********WAITING************

Write the data to file:33554432 bytes
***********WAITING************

Write the data to file:33554432 bytes
***********WAITING************

Write the data to file:33554432 bytes
***********WAITING************
nr_of_strided_rec: 1
nr_doubles: 4194304
nr_of_strided_rec: 1
nr_doubles: 4194304
nr_of_strided_rec: 1
nr_doubles: 4194304
nr_of_strided_rec: 1
nr_doubles: 4194304

Write the data to file:33554432 bytes
***********WAITING************

Write the data to file:33554432 bytes
***********WAITING************

Write the data to file:33554432 bytes
***********WAITING************

Write the data to file:33554432 bytes
***********WAITING************
nr_of_strided_rec: 1
nr_doubles: 4194304
nr_of_strided_rec: 1
nr_doubles: 4194304
nr_of_strided_rec: 1
nr_doubles: 4194304
nr_of_strided_rec: 1
nr_doubles: 4194304

Write the data to file:33554432 bytes
***********WAITING************

Write the data to file:33554432 bytes
***********WAITING************

Write the data to file:33554432 bytes
***********WAITING************

Write the data to file:33554432 bytes
***********WAITING************
nr_of_strided_rec: 1
nr_doubles: 4194304
nr_of_strided_rec: 1
nr_doubles: 4194304
nr_of_strided_rec: 1
nr_doubles: 4194304
nr_of_strided_rec: 1
nr_doubles: 4194304

Write the data to file:33554432 bytes
***********WAITING************

Write the data to file:33554432 bytes
***********WAITING************

Write the data to file:33554432 bytes
***********WAITING************

Write the data to file:33554432 bytes
***********WAITING************
nr_of_strided_rec: 1
nr_doubles: 4194304
nr_of_strided_rec: 1
nr_doubles: 4194304
nr_of_strided_rec: 1
nr_doubles: 4194304
nr_of_strided_rec: 1
nr_doubles: 4194304

Write the data to file:33554432 bytes
***********WAITING************

Write the data to file:33554432 bytes
***********WAITING************

Write the data to file:33554432 bytes
***********WAITING************

Write the data to file:33554432 bytes
***********WAITING************

Write the data to file:33554432 bytes
***********WAITING************

Write the data to file:33554432 bytes
***********WAITING************

Write the data to file:33554432 bytes
***********WAITING************

Write the data to file:33554432 bytes
***********WAITING************
W_cc         0.98   [      0.98:      0.98]
W_r         17.00   [     17.00:     17.00]
W_w          2.05   [      2.05:      2.05]
          -------
W_total     20.03   [     20.03:     20.03]

calc_W done
calc_W done
nr_of_strided_rec: 1
nr_doubles: 4194304
calc_W done
nr_of_strided_rec: 1
nr_doubles: 4194304
calc_W done
nr_of_strided_rec: 1
nr_doubles: 4194304
nr_of_strided_rec: 1
nr_doubles: 4194304
nr_of_strided_rec: 1
nr_doubles: 4194304
nr_of_strided_rec: 1
nr_doubles: 4194304
nr_of_strided_rec: 1
nr_doubles: 4194304
nr_of_strided_rec: 1
nr_doubles: 4194304
nr_of_strided_rec: 1
nr_doubles: 4194304
nr_of_strided_rec: 1
nr_doubles: 4194304
nr_of_strided_rec: 1
nr_doubles: 4194304
nr_of_strided_rec: 1
nr_doubles: 4194304
nr_of_strided_rec: 1
nr_doubles: 4194304
nr_of_strided_rec: 1
nr_doubles: 4194304
nr_of_strided_rec: 1
nr_doubles: 4194304
nr_of_strided_rec: 1
nr_doubles: 4194304
nr_of_strided_rec: 1
nr_doubles: 4194304
nr_of_strided_rec: 1
nr_doubles: 4194304
nr_of_strided_rec: 1
nr_doubles: 4194304
nr_of_strided_rec: 1
nr_doubles: 4194304
nr_of_strided_rec: 1
nr_doubles: 4194304
nr_of_strided_rec: 1
nr_doubles: 4194304
nr_of_strided_rec: 1
nr_doubles: 4194304
nr_of_strided_rec: 1
nr_doubles: 4194304
nr_of_strided_rec: 1
nr_doubles: 4194304
nr_of_strided_rec: 1
nr_doubles: 4194304
nr_of_strided_rec: 1
nr_doubles: 4194304
nr_of_strided_rec: 1
nr_doubles: 4194304
nr_of_strided_rec: 1
nr_doubles: 4194304
nr_of_strided_rec: 1
nr_doubles: 4194304
nr_of_strided_rec: 1
nr_doubles: 4194304
nr_of_strided_rec: 1
nr_doubles: 4194304
nr_of_strided_rec: 1
nr_doubles: 4194304
nr_of_strided_rec: 1
nr_doubles: 4194304
nr_of_strided_rec: 1
nr_doubles: 4194304
nr_of_strided_rec: 1
nr_doubles: 4194304
nr_of_strided_rec: 1
nr_doubles: 4194304
nr_of_strided_rec: 1
nr_doubles: 4194304
nr_of_strided_rec: 1
nr_doubles: 4194304
nr_of_strided_rec: 1
nr_doubles: 4194304
nr_of_strided_rec: 1
nr_doubles: 4194304
nr_of_strided_rec: 1
nr_doubles: 4194304
nr_of_strided_rec: 1
nr_doubles: 4194304
nr_of_strided_rec: 1
nr_doubles: 4194304
nr_of_strided_rec: 1
nr_doubles: 4194304
nr_of_strided_rec: 1
nr_doubles: 4194304
nr_of_strided_rec: 1
nr_doubles: 4194304
nr_of_strided_rec: 1
nr_doubles: 4194304
nr_of_strided_rec: 1
nr_doubles: 4194304
nr_of_strided_rec: 1
nr_doubles: 4194304
nr_of_strided_rec: 1
nr_doubles: 4194304
nr_of_strided_rec: 1
nr_doubles: 4194304
nr_of_strided_rec: 1
nr_doubles: 4194304
nr_of_strided_rec: 1
nr_doubles: 4194304
nr_of_strided_rec: 1
nr_doubles: 4194304
nr_of_strided_rec: 1
nr_doubles: 4194304
nr_of_strided_rec: 1
nr_doubles: 4194304
nr_of_strided_rec: 1
nr_doubles: 4194304
nr_of_strided_rec: 1
nr_doubles: 4194304
nr_of_strided_rec: 1
nr_doubles: 4194304
nr_of_strided_rec: 1
nr_doubles: 4194304
nr_of_strided_rec: 1
nr_doubles: 4194304
nr_of_strided_rec: 1
nr_doubles: 4194304
nr_of_strided_rec: 1
nr_doubles: 4194304
nr_of_strided_rec: 1
nr_doubles: 4194304
nr_of_strided_rec: 1
nr_doubles: 4194304
nr_of_strided_rec: 1
nr_doubles: 4194304
nr_of_strided_rec: 1
nr_doubles: 4194304
nr_of_strided_rec: 1
nr_doubles: 4194304
nr_of_strided_rec: 1
nr_doubles: 4194304
nr_of_strided_rec: 1
nr_doubles: 4194304
nr_of_strided_rec: 1
nr_doubles: 4194304
nr_of_strided_rec: 1
nr_doubles: 4194304
nr_of_strided_rec: 1
nr_doubles: 4194304
nr_of_strided_rec: 1
nr_doubles: 4194304
nr_of_strided_rec: 1
nr_doubles: 4194304
nr_of_strided_rec: 1
nr_doubles: 4194304
nr_of_strided_rec: 1
nr_doubles: 4194304
nr_of_strided_rec: 1
nr_doubles: 4194304
nr_of_strided_rec: 1
nr_doubles: 4194304
nr_of_strided_rec: 1
nr_doubles: 4194304
nr_of_strided_rec: 1
nr_doubles: 4194304
nr_of_strided_rec: 1
nr_doubles: 4194304
nr_of_strided_rec: 1
nr_doubles: 4194304
nr_of_strided_rec: 1
nr_doubles: 4194304
nr_of_strided_rec: 1
nr_doubles: 4194304
nr_of_strided_rec: 1
nr_doubles: 4194304
nr_of_strided_rec: 1
nr_doubles: 4194304
nr_of_strided_rec: 1
nr_doubles: 4194304
nr_of_strided_rec: 1
nr_doubles: 4194304
nr_of_strided_rec: 1
nr_doubles: 4194304
nr_of_strided_rec: 1
nr_doubles: 4194304
nr_of_strided_rec: 1
nr_doubles: 4194304
nr_of_strided_rec: 1
nr_doubles: 4194304
nr_of_strided_rec: 1
nr_doubles: 4194304
nr_of_strided_rec: 1
nr_doubles: 4194304
nr_of_strided_rec: 1
nr_doubles: 4194304
nr_of_strided_rec: 1
nr_doubles: 4194304
nr_of_strided_rec: 1
nr_doubles: 4194304
nr_of_strided_rec: 1
nr_doubles: 4194304
nr_of_strided_rec: 1
nr_doubles: 4194304
nr_of_strided_rec: 1
nr_doubles: 4194304
nr_of_strided_rec: 1
nr_doubles: 4194304
nr_of_strided_rec: 1
nr_doubles: 4194304
nr_of_strided_rec: 1
nr_doubles: 4194304
nr_of_strided_rec: 1
nr_doubles: 4194304
nr_of_strided_rec: 1
nr_doubles: 4194304
nr_of_strided_rec: 1
nr_doubles: 4194304
nr_of_strided_rec: 1
nr_doubles: 4194304
nr_of_strided_rec: 1
nr_doubles: 4194304
nr_of_strided_rec: 1
nr_doubles: 4194304
nr_of_strided_rec: 1
nr_doubles: 4194304
nr_of_strided_rec: 1
nr_doubles: 4194304
nr_of_strided_rec: 1
nr_doubles: 4194304
nr_of_strided_rec: 1
nr_doubles: 4194304
nr_of_strided_rec: 1
nr_doubles: 4194304
nr_of_strided_rec: 1
nr_doubles: 4194304
nr_of_strided_rec: 1
nr_doubles: 4194304
nr_of_strided_rec: 1
nr_doubles: 4194304
nr_of_strided_rec: 1
nr_doubles: 4194304
C_cc         0.52   [      0.52:      0.52]
C_bw         0.17   [      0.17:      0.17]
C_r          8.13   [      8.13:      8.13]
          -------
C_total      8.82   [      8.82:      8.82]


dC[0] = 0.00000e+00
fclose PID:29047 fd:12
fclose PID:29048 fd:10
fclose PID:29049 fd:8
fclose PID:29050 fd:8
READAHEAD_TIME:7504.000000 us
MaxRSS= 141680 KB, SharedMem= 0 KB, HardPageFault= 16
READAHEAD_TIME:6518.000000 us
MaxRSS= 141448 KB, SharedMem= 0 KB, HardPageFault= 15
READAHEAD_TIME:6787.000000 us
MaxRSS= 141640 KB, SharedMem= 0 KB, HardPageFault= 14
READAHEAD_TIME:7090.000000 us
MaxRSS= 141584 KB, SharedMem= 0 KB, HardPageFault= 11
fclose PID:29046 fd:0
fclose PID:29046 fd:6
fclose PID:29046 fd:6
fclose PID:29046 fd:0
READAHEAD_TIME:0.000000 us
MaxRSS= 5384 KB, SharedMem= 0 KB, HardPageFault= 2
fclose PID:29045 fd:3
fclose PID:29045 fd:4
fclose PID:29045 fd:4
fclose PID:29045 fd:3
READAHEAD_TIME:0.000000 us
MaxRSS= 4896 KB, SharedMem= 0 KB, HardPageFault= 4
	Command being timed: "mpiexec -n 4 ./MADbench2_io 4096 30 1 8 64 1 1 16777216 7 1"
	User time (seconds): 19.53
	System time (seconds): 14.39
	Percent of CPU this job got: 89%
	Elapsed (wall clock) time (h:mm:ss or m:ss): 0:37.90
	Average shared text size (kbytes): 0
	Average unshared data size (kbytes): 0
	Average stack size (kbytes): 0
	Average total size (kbytes): 0
	Maximum resident set size (kbytes): 141680
	Average resident set size (kbytes): 0
	Major (requiring I/O) page faults: 63
	Minor (reclaiming a frame) page faults: 443795
	Voluntary context switches: 7405
	Involuntary context switches: 340
	Swaps: 0
	File system inputs: 15724288
	File system outputs: 15728712
	Socket messages sent: 0
	Socket messages received: 0
	Signals delivered: 0
	Page size (bytes): 4096
	Exit status: 0
READAHEAD_TIME:0.000000 us
MaxRSS= 3912 KB, SharedMem= 0 KB, HardPageFault= 0
*******************DMESG OUTPUT******************
