fclose PID:38624 fd:3
fclose PID:38624 fd:4
fclose PID:38624 fd:4
fclose PID:38624 fd:3
available: 2 nodes (0-1)
fclose PID:38624 fd:3
node 0 cpus:fclose PID:38624 fd:3
 0 1 2 3 4 5 6 7 8 9 20 21 22 23 24 25 26 27 28 29
node 0 size: 80440 MB
node 0 free: 80124 MB
fclose PID:38624 fd:3
node 1 cpus:fclose PID:38624 fd:3
 10 11 12 13 14 15 16 17 18 19 30 31 32 33 34 35 36 37 38 39
node 1 size: 80635 MB
node 1 free: 80362 MB
fclose PID:38624 fd:3
fclose PID:38624 fd:3
node distances:
node   0   1 
  0:  10  21 
  1:  21  10 
READAHEAD_TIME:0.000000 us
MaxRSS= 2172 KB, SharedMem= 0 KB, HardPageFault= 10
fclose PID:38635 fd:8
fclose PID:38634 fd:8
fclose PID:38642 fd:8
fclose PID:38637 fd:8
fclose PID:38629 fd:12
fclose PID:38632 fd:8
fclose PID:38633 fd:8
fclose PID:38636 fd:8
fclose PID:38638 fd:8
fclose PID:38630 fd:10
fclose PID:38641 fd:8
fclose PID:38643 fd:8
fclose PID:38631 fd:8
fclose PID:38644 fd:8
fclose PID:38639 fd:8
fclose PID:38640 fd:8

MADbench 2.0 IO-mode
no_pe = 16  no_pix = 8192  no_bin = 30  no_gang = 1 sblocksize = 8  fblocksize = 64  r_mod = 1  w_mod = 1 record_size=4194304 stride=7


IOMETHOD = POSIX  IOMODE = SYNC  FILETYPE = UNIQUE  REMAP = CUSTOMbuild_S
build_S
build_S
build_S
build_S
build_S
build_S
build_S
build_S
build_S
build_S
build_S
build_S
build_S
build_S
build_S

Write the data to file:33554432 bytes
***********WAITING************

Write the data to file:33554432 bytes
***********WAITING************

Write the data to file:33554432 bytes
***********WAITING************

Write the data to file:33554432 bytes
***********WAITING************

Write the data to file:33554432 bytes
***********WAITING************

Write the data to file:33554432 bytes
***********WAITING************

Write the data to file:33554432 bytes
***********WAITING************

Write the data to file:33554432 bytes
***********WAITING************

Write the data to file:33554432 bytes
***********WAITING************

Write the data to file:33554432 bytes
***********WAITING************

Write the data to file:33554432 bytes
***********WAITING************

Write the data to file:33554432 bytes
***********WAITING************

Write the data to file:33554432 bytes
***********WAITING************

Write the data to file:33554432 bytes
***********WAITING************

Write the data to file:33554432 bytes
***********WAITING************

Write the data to file:33554432 bytes
***********WAITING************

Write the data to file:33554432 bytes
***********WAITING************

Write the data to file:33554432 bytes
***********WAITING************

Write the data to file:33554432 bytes
***********WAITING************

Write the data to file:33554432 bytes
***********WAITING************

Write the data to file:33554432 bytes
***********WAITING************

Write the data to file:33554432 bytes
***********WAITING************

Write the data to file:33554432 bytes
***********WAITING************

Write the data to file:33554432 bytes
***********WAITING************

Write the data to file:33554432 bytes
***********WAITING************

Write the data to file:33554432 bytes
***********WAITING************

Write the data to file:33554432 bytes
***********WAITING************

Write the data to file:33554432 bytes
***********WAITING************

Write the data to file:33554432 bytes
***********WAITING************

Write the data to file:33554432 bytes
***********WAITING************

Write the data to file:33554432 bytes
***********WAITING************

Write the data to file:33554432 bytes
***********WAITING************

Write the data to file:33554432 bytes
***********WAITING************

Write the data to file:33554432 bytes
***********WAITING************

Write the data to file:33554432 bytes
***********WAITING************

Write the data to file:33554432 bytes
***********WAITING************

Write the data to file:33554432 bytes
***********WAITING************

Write the data to file:33554432 bytes
***********WAITING************

Write the data to file:33554432 bytes
***********WAITING************

Write the data to file:33554432 bytes
***********WAITING************

Write the data to file:33554432 bytes
***********WAITING************

Write the data to file:33554432 bytes
***********WAITING************

Write the data to file:33554432 bytes
***********WAITING************

Write the data to file:33554432 bytes
***********WAITING************

Write the data to file:33554432 bytes
***********WAITING************

Write the data to file:33554432 bytes
***********WAITING************

Write the data to file:33554432 bytes
***********WAITING************

Write the data to file:33554432 bytes
***********WAITING************

Write the data to file:33554432 bytes
***********WAITING************

Write the data to file:33554432 bytes
***********WAITING************

Write the data to file:33554432 bytes
***********WAITING************

Write the data to file:33554432 bytes
***********WAITING************

Write the data to file:33554432 bytes
***********WAITING************

Write the data to file:33554432 bytes
***********WAITING************

Write the data to file:33554432 bytes
***********WAITING************

Write the data to file:33554432 bytes
***********WAITING************

Write the data to file:33554432 bytes
***********WAITING************

Write the data to file:33554432 bytes
***********WAITING************

Write the data to file:33554432 bytes
***********WAITING************

Write the data to file:33554432 bytes
***********WAITING************

Write the data to file:33554432 bytes
***********WAITING************

Write the data to file:33554432 bytes
***********WAITING************

Write the data to file:33554432 bytes
***********WAITING************

Write the data to file:33554432 bytes
***********WAITING************

Write the data to file:33554432 bytes
***********WAITING************

Write the data to file:33554432 bytes
***********WAITING************

Write the data to file:33554432 bytes
***********WAITING************

Write the data to file:33554432 bytes
***********WAITING************

Write the data to file:33554432 bytes
***********WAITING************

Write the data to file:33554432 bytes
***********WAITING************

Write the data to file:33554432 bytes
***********WAITING************

Write the data to file:33554432 bytes
***********WAITING************

Write the data to file:33554432 bytes
***********WAITING************

Write the data to file:33554432 bytes
***********WAITING************

Write the data to file:33554432 bytes
***********WAITING************

Write the data to file:33554432 bytes
***********WAITING************

Write the data to file:33554432 bytes
***********WAITING************

Write the data to file:33554432 bytes
***********WAITING************

Write the data to file:33554432 bytes
***********WAITING************

Write the data to file:33554432 bytes
***********WAITING************

Write the data to file:33554432 bytes
***********WAITING************

Write the data to file:33554432 bytes
***********WAITING************

Write the data to file:33554432 bytes
***********WAITING************

Write the data to file:33554432 bytes
***********WAITING************

Write the data to file:33554432 bytes
***********WAITING************

Write the data to file:33554432 bytes
***********WAITING************

Write the data to file:33554432 bytes
***********WAITING************

Write the data to file:33554432 bytes
***********WAITING************

Write the data to file:33554432 bytes
***********WAITING************

Write the data to file:33554432 bytes
***********WAITING************

Write the data to file:33554432 bytes
***********WAITING************

Write the data to file:33554432 bytes
***********WAITING************

Write the data to file:33554432 bytes
***********WAITING************

Write the data to file:33554432 bytes
***********WAITING************

Write the data to file:33554432 bytes
***********WAITING************

Write the data to file:33554432 bytes
***********WAITING************

Write the data to file:33554432 bytes
***********WAITING************

Write the data to file:33554432 bytes
***********WAITING************

Write the data to file:33554432 bytes
***********WAITING************

Write the data to file:33554432 bytes
***********WAITING************

Write the data to file:33554432 bytes
***********WAITING************

Write the data to file:33554432 bytes
***********WAITING************

Write the data to file:33554432 bytes
***********WAITING************

Write the data to file:33554432 bytes
***********WAITING************

Write the data to file:33554432 bytes
***********WAITING************

Write the data to file:33554432 bytes
***********WAITING************

Write the data to file:33554432 bytes
***********WAITING************

Write the data to file:33554432 bytes
***********WAITING************

Write the data to file:33554432 bytes
***********WAITING************

Write the data to file:33554432 bytes
***********WAITING************

Write the data to file:33554432 bytes
***********WAITING************

Write the data to file:33554432 bytes
***********WAITING************

Write the data to file:33554432 bytes
***********WAITING************

Write the data to file:33554432 bytes
***********WAITING************

Write the data to file:33554432 bytes
***********WAITING************

Write the data to file:33554432 bytes
***********WAITING************

Write the data to file:33554432 bytes
***********WAITING************

Write the data to file:33554432 bytes
***********WAITING************

Write the data to file:33554432 bytes
***********WAITING************

Write the data to file:33554432 bytes
***********WAITING************

Write the data to file:33554432 bytes
***********WAITING************

Write the data to file:33554432 bytes
***********WAITING************

Write the data to file:33554432 bytes
***********WAITING************

Write the data to file:33554432 bytes
***********WAITING************

Write the data to file:33554432 bytes
***********WAITING************

Write the data to file:33554432 bytes
***********WAITING************

Write the data to file:33554432 bytes
***********WAITING************

Write the data to file:33554432 bytes
***********WAITING************

Write the data to file:33554432 bytes
***********WAITING************

Write the data to file:33554432 bytes
***********WAITING************

Write the data to file:33554432 bytes
***********WAITING************

Write the data to file:33554432 bytes
***********WAITING************

Write the data to file:33554432 bytes
***********WAITING************

Write the data to file:33554432 bytes
***********WAITING************

Write the data to file:33554432 bytes
***********WAITING************

Write the data to file:33554432 bytes
***********WAITING************

Write the data to file:33554432 bytes
***********WAITING************

Write the data to file:33554432 bytes
***********WAITING************

Write the data to file:33554432 bytes
***********WAITING************

Write the data to file:33554432 bytes
***********WAITING************

Write the data to file:33554432 bytes
***********WAITING************

Write the data to file:33554432 bytes
***********WAITING************

Write the data to file:33554432 bytes
***********WAITING************

Write the data to file:33554432 bytes
***********WAITING************

Write the data to file:33554432 bytes
***********WAITING************

Write the data to file:33554432 bytes
***********WAITING************

Write the data to file:33554432 bytes
***********WAITING************

Write the data to file:33554432 bytes
***********WAITING************

Write the data to file:33554432 bytes
***********WAITING************

Write the data to file:33554432 bytes
***********WAITING************

Write the data to file:33554432 bytes
***********WAITING************

Write the data to file:33554432 bytes
***********WAITING************

Write the data to file:33554432 bytes
***********WAITING************

Write the data to file:33554432 bytes
***********WAITING************

Write the data to file:33554432 bytes
***********WAITING************

Write the data to file:33554432 bytes
***********WAITING************

Write the data to file:33554432 bytes
***********WAITING************

Write the data to file:33554432 bytes
***********WAITING************

Write the data to file:33554432 bytes
***********WAITING************

Write the data to file:33554432 bytes
***********WAITING************

Write the data to file:33554432 bytes
***********WAITING************

Write the data to file:33554432 bytes
***********WAITING************

Write the data to file:33554432 bytes
***********WAITING************

Write the data to file:33554432 bytes
***********WAITING************

Write the data to file:33554432 bytes
***********WAITING************

Write the data to file:33554432 bytes
***********WAITING************

Write the data to file:33554432 bytes
***********WAITING************

Write the data to file:33554432 bytes
***********WAITING************

Write the data to file:33554432 bytes
***********WAITING************

Write the data to file:33554432 bytes
***********WAITING************

Write the data to file:33554432 bytes
***********WAITING************

Write the data to file:33554432 bytes
***********WAITING************

Write the data to file:33554432 bytes
***********WAITING************

Write the data to file:33554432 bytes
***********WAITING************

Write the data to file:33554432 bytes
***********WAITING************

Write the data to file:33554432 bytes
***********WAITING************

Write the data to file:33554432 bytes
***********WAITING************

Write the data to file:33554432 bytes
***********WAITING************

Write the data to file:33554432 bytes
***********WAITING************

Write the data to file:33554432 bytes
***********WAITING************

Write the data to file:33554432 bytes
***********WAITING************

Write the data to file:33554432 bytes
***********WAITING************

Write the data to file:33554432 bytes
***********WAITING************

Write the data to file:33554432 bytes
***********WAITING************

Write the data to file:33554432 bytes
***********WAITING************

Write the data to file:33554432 bytes
***********WAITING************

Write the data to file:33554432 bytes
***********WAITING************

Write the data to file:33554432 bytes
***********WAITING************

Write the data to file:33554432 bytes
***********WAITING************

Write the data to file:33554432 bytes
***********WAITING************

Write the data to file:33554432 bytes
***********WAITING************

Write the data to file:33554432 bytes
***********WAITING************

Write the data to file:33554432 bytes
***********WAITING************

Write the data to file:33554432 bytes
***********WAITING************

Write the data to file:33554432 bytes
***********WAITING************

Write the data to file:33554432 bytes
***********WAITING************

Write the data to file:33554432 bytes
***********WAITING************

Write the data to file:33554432 bytes
***********WAITING************

Write the data to file:33554432 bytes
***********WAITING************

Write the data to file:33554432 bytes
***********WAITING************

Write the data to file:33554432 bytes
***********WAITING************

Write the data to file:33554432 bytes
***********WAITING************

Write the data to file:33554432 bytes
***********WAITING************

Write the data to file:33554432 bytes
***********WAITING************

Write the data to file:33554432 bytes
***********WAITING************

Write the data to file:33554432 bytes
***********WAITING************

Write the data to file:33554432 bytes
***********WAITING************

Write the data to file:33554432 bytes
***********WAITING************

Write the data to file:33554432 bytes
***********WAITING************

Write the data to file:33554432 bytes
***********WAITING************

Write the data to file:33554432 bytes
***********WAITING************

Write the data to file:33554432 bytes
***********WAITING************

Write the data to file:33554432 bytes
***********WAITING************

Write the data to file:33554432 bytes
***********WAITING************

Write the data to file:33554432 bytes
***********WAITING************

Write the data to file:33554432 bytes
***********WAITING************

Write the data to file:33554432 bytes
***********WAITING************

Write the data to file:33554432 bytes
***********WAITING************

Write the data to file:33554432 bytes
***********WAITING************

Write the data to file:33554432 bytes
***********WAITING************

Write the data to file:33554432 bytes
***********WAITING************

Write the data to file:33554432 bytes
***********WAITING************

Write the data to file:33554432 bytes
***********WAITING************

Write the data to file:33554432 bytes
***********WAITING************

Write the data to file:33554432 bytes
***********WAITING************

Write the data to file:33554432 bytes
***********WAITING************

Write the data to file:33554432 bytes
***********WAITING************

Write the data to file:33554432 bytes
***********WAITING************

Write the data to file:33554432 bytes
***********WAITING************

Write the data to file:33554432 bytes
***********WAITING************

Write the data to file:33554432 bytes
***********WAITING************

Write the data to file:33554432 bytes
***********WAITING************

Write the data to file:33554432 bytes
***********WAITING************

Write the data to file:33554432 bytes
***********WAITING************

Write the data to file:33554432 bytes
***********WAITING************

Write the data to file:33554432 bytes
***********WAITING************

Write the data to file:33554432 bytes
***********WAITING************

Write the data to file:33554432 bytes
***********WAITING************

Write the data to file:33554432 bytes
***********WAITING************

Write the data to file:33554432 bytes
***********WAITING************

Write the data to file:33554432 bytes
***********WAITING************

Write the data to file:33554432 bytes
***********WAITING************

Write the data to file:33554432 bytes
***********WAITING************

Write the data to file:33554432 bytes
***********WAITING************

Write the data to file:33554432 bytes
***********WAITING************

Write the data to file:33554432 bytes
***********WAITING************

Write the data to file:33554432 bytes
***********WAITING************

Write the data to file:33554432 bytes
***********WAITING************

Write the data to file:33554432 bytes
***********WAITING************

Write the data to file:33554432 bytes
***********WAITING************

Write the data to file:33554432 bytes
***********WAITING************

Write the data to file:33554432 bytes
***********WAITING************

Write the data to file:33554432 bytes
***********WAITING************

Write the data to file:33554432 bytes
***********WAITING************

Write the data to file:33554432 bytes
***********WAITING************

Write the data to file:33554432 bytes
***********WAITING************

Write the data to file:33554432 bytes
***********WAITING************

Write the data to file:33554432 bytes
***********WAITING************

Write the data to file:33554432 bytes
***********WAITING************

Write the data to file:33554432 bytes
***********WAITING************

Write the data to file:33554432 bytes
***********WAITING************

Write the data to file:33554432 bytes
***********WAITING************

Write the data to file:33554432 bytes
***********WAITING************

Write the data to file:33554432 bytes
***********WAITING************

Write the data to file:33554432 bytes
***********WAITING************

Write the data to file:33554432 bytes
***********WAITING************

Write the data to file:33554432 bytes
***********WAITING************

Write the data to file:33554432 bytes
***********WAITING************

Write the data to file:33554432 bytes
***********WAITING************

Write the data to file:33554432 bytes
***********WAITING************

Write the data to file:33554432 bytes
***********WAITING************

Write the data to file:33554432 bytes
***********WAITING************

Write the data to file:33554432 bytes
***********WAITING************

Write the data to file:33554432 bytes
***********WAITING************

Write the data to file:33554432 bytes
***********WAITING************

Write the data to file:33554432 bytes
***********WAITING************

Write the data to file:33554432 bytes
***********WAITING************

Write the data to file:33554432 bytes
***********WAITING************

Write the data to file:33554432 bytes
***********WAITING************

Write the data to file:33554432 bytes
***********WAITING************

Write the data to file:33554432 bytes
***********WAITING************

Write the data to file:33554432 bytes
***********WAITING************

Write the data to file:33554432 bytes
***********WAITING************

Write the data to file:33554432 bytes
***********WAITING************

Write the data to file:33554432 bytes
***********WAITING************

Write the data to file:33554432 bytes
***********WAITING************

Write the data to file:33554432 bytes
***********WAITING************

Write the data to file:33554432 bytes
***********WAITING************

Write the data to file:33554432 bytes
***********WAITING************

Write the data to file:33554432 bytes
***********WAITING************

Write the data to file:33554432 bytes
***********WAITING************

Write the data to file:33554432 bytes
***********WAITING************

Write the data to file:33554432 bytes
***********WAITING************

Write the data to file:33554432 bytes
***********WAITING************

Write the data to file:33554432 bytes
***********WAITING************

Write the data to file:33554432 bytes
***********WAITING************

Write the data to file:33554432 bytes
***********WAITING************

Write the data to file:33554432 bytes
***********WAITING************

Write the data to file:33554432 bytes
***********WAITING************

Write the data to file:33554432 bytes
***********WAITING************

Write the data to file:33554432 bytes
***********WAITING************

Write the data to file:33554432 bytes
***********WAITING************

Write the data to file:33554432 bytes
***********WAITING************

Write the data to file:33554432 bytes
***********WAITING************

Write the data to file:33554432 bytes
***********WAITING************

Write the data to file:33554432 bytes
***********WAITING************

Write the data to file:33554432 bytes
***********WAITING************

Write the data to file:33554432 bytes
***********WAITING************

Write the data to file:33554432 bytes
***********WAITING************

Write the data to file:33554432 bytes
***********WAITING************

Write the data to file:33554432 bytes
***********WAITING************

Write the data to file:33554432 bytes
***********WAITING************

Write the data to file:33554432 bytes
***********WAITING************

Write the data to file:33554432 bytes
***********WAITING************

Write the data to file:33554432 bytes
***********WAITING************

Write the data to file:33554432 bytes
***********WAITING************

Write the data to file:33554432 bytes
***********WAITING************

Write the data to file:33554432 bytes
***********WAITING************

Write the data to file:33554432 bytes
***********WAITING************

Write the data to file:33554432 bytes
***********WAITING************

Write the data to file:33554432 bytes
***********WAITING************

Write the data to file:33554432 bytes
***********WAITING************

Write the data to file:33554432 bytes
***********WAITING************

Write the data to file:33554432 bytes
***********WAITING************

Write the data to file:33554432 bytes
***********WAITING************

Write the data to file:33554432 bytes
***********WAITING************

Write the data to file:33554432 bytes
***********WAITING************

Write the data to file:33554432 bytes
***********WAITING************

Write the data to file:33554432 bytes
***********WAITING************

Write the data to file:33554432 bytes
***********WAITING************

Write the data to file:33554432 bytes
***********WAITING************

Write the data to file:33554432 bytes
***********WAITING************

Write the data to file:33554432 bytes
***********WAITING************

Write the data to file:33554432 bytes
***********WAITING************

Write the data to file:33554432 bytes
***********WAITING************

Write the data to file:33554432 bytes
***********WAITING************

Write the data to file:33554432 bytes
***********WAITING************

Write the data to file:33554432 bytes
***********WAITING************

Write the data to file:33554432 bytes
***********WAITING************

Write the data to file:33554432 bytes
***********WAITING************

Write the data to file:33554432 bytes
***********WAITING************

Write the data to file:33554432 bytes
***********WAITING************

Write the data to file:33554432 bytes
***********WAITING************

Write the data to file:33554432 bytes
***********WAITING************

Write the data to file:33554432 bytes
***********WAITING************

Write the data to file:33554432 bytes
***********WAITING************

Write the data to file:33554432 bytes
***********WAITING************

Write the data to file:33554432 bytes
***********WAITING************

Write the data to file:33554432 bytes
***********WAITING************

Write the data to file:33554432 bytes
***********WAITING************

Write the data to file:33554432 bytes
***********WAITING************

Write the data to file:33554432 bytes
***********WAITING************

Write the data to file:33554432 bytes
***********WAITING************

Write the data to file:33554432 bytes
***********WAITING************

Write the data to file:33554432 bytes
***********WAITING************

Write the data to file:33554432 bytes
***********WAITING************

Write the data to file:33554432 bytes
***********WAITING************

Write the data to file:33554432 bytes
***********WAITING************

Write the data to file:33554432 bytes
***********WAITING************

Write the data to file:33554432 bytes
***********WAITING************

Write the data to file:33554432 bytes
***********WAITING************

Write the data to file:33554432 bytes
***********WAITING************

Write the data to file:33554432 bytes
***********WAITING************

Write the data to file:33554432 bytes
***********WAITING************

Write the data to file:33554432 bytes
***********WAITING************

Write the data to file:33554432 bytes
***********WAITING************

Write the data to file:33554432 bytes
***********WAITING************

Write the data to file:33554432 bytes
***********WAITING************

Write the data to file:33554432 bytes
***********WAITING************

Write the data to file:33554432 bytes
***********WAITING************

Write the data to file:33554432 bytes
***********WAITING************

Write the data to file:33554432 bytes
***********WAITING************

Write the data to file:33554432 bytes
***********WAITING************

Write the data to file:33554432 bytes
***********WAITING************

Write the data to file:33554432 bytes
***********WAITING************

Write the data to file:33554432 bytes
***********WAITING************

Write the data to file:33554432 bytes
***********WAITING************

Write the data to file:33554432 bytes
***********WAITING************

Write the data to file:33554432 bytes
***********WAITING************

Write the data to file:33554432 bytes
***********WAITING************

Write the data to file:33554432 bytes
***********WAITING************

Write the data to file:33554432 bytes
***********WAITING************

Write the data to file:33554432 bytes
***********WAITING************

Write the data to file:33554432 bytes
***********WAITING************

Write the data to file:33554432 bytes
***********WAITING************

Write the data to file:33554432 bytes
***********WAITING************

Write the data to file:33554432 bytes
***********WAITING************

Write the data to file:33554432 bytes
***********WAITING************

Write the data to file:33554432 bytes
***********WAITING************

Write the data to file:33554432 bytes
***********WAITING************

Write the data to file:33554432 bytes
***********WAITING************

Write the data to file:33554432 bytes
***********WAITING************

Write the data to file:33554432 bytes
***********WAITING************

Write the data to file:33554432 bytes
***********WAITING************

Write the data to file:33554432 bytes
***********WAITING************

Write the data to file:33554432 bytes
***********WAITING************

Write the data to file:33554432 bytes
***********WAITING************

Write the data to file:33554432 bytes
***********WAITING************

Write the data to file:33554432 bytes
***********WAITING************

Write the data to file:33554432 bytes
***********WAITING************

Write the data to file:33554432 bytes
***********WAITING************

Write the data to file:33554432 bytes
***********WAITING************

Write the data to file:33554432 bytes
***********WAITING************

Write the data to file:33554432 bytes
***********WAITING************

Write the data to file:33554432 bytes
***********WAITING************

Write the data to file:33554432 bytes
***********WAITING************

Write the data to file:33554432 bytes
***********WAITING************

Write the data to file:33554432 bytes
***********WAITING************

Write the data to file:33554432 bytes
***********WAITING************

Write the data to file:33554432 bytes
***********WAITING************

Write the data to file:33554432 bytes
***********WAITING************

Write the data to file:33554432 bytes
***********WAITING************

Write the data to file:33554432 bytes
***********WAITING************

Write the data to file:33554432 bytes
***********WAITING************

Write the data to file:33554432 bytes
***********WAITING************

Write the data to file:33554432 bytes
***********WAITING************

Write the data to file:33554432 bytes
***********WAITING************

Write the data to file:33554432 bytes
***********WAITING************

Write the data to file:33554432 bytes
***********WAITING************

Write the data to file:33554432 bytes
***********WAITING************

Write the data to file:33554432 bytes
***********WAITING************

Write the data to file:33554432 bytes
***********WAITING************

Write the data to file:33554432 bytes
***********WAITING************

Write the data to file:33554432 bytes
***********WAITING************

Write the data to file:33554432 bytes
***********WAITING************

Write the data to file:33554432 bytes
***********WAITING************

Write the data to file:33554432 bytes
***********WAITING************

Write the data to file:33554432 bytes
***********WAITING************

Write the data to file:33554432 bytes
***********WAITING************

Write the data to file:33554432 bytes
***********WAITING************

Write the data to file:33554432 bytes
***********WAITING************

Write the data to file:33554432 bytes
***********WAITING************

Write the data to file:33554432 bytes
***********WAITING************

Write the data to file:33554432 bytes
***********WAITING************

Write the data to file:33554432 bytes
***********WAITING************

Write the data to file:33554432 bytes
***********WAITING************

Write the data to file:33554432 bytes
***********WAITING************

Write the data to file:33554432 bytes
***********WAITING************

Write the data to file:33554432 bytes
***********WAITING************

Write the data to file:33554432 bytes
***********WAITING************

Write the data to file:33554432 bytes
***********WAITING************

Write the data to file:33554432 bytes
***********WAITING************

Write the data to file:33554432 bytes
***********WAITING************

Write the data to file:33554432 bytes
***********WAITING************

Write the data to file:33554432 bytes
***********WAITING************

Write the data to file:33554432 bytes
***********WAITING************

Write the data to file:33554432 bytes
***********WAITING************

Write the data to file:33554432 bytes
***********WAITING************

Write the data to file:33554432 bytes
***********WAITING************

Write the data to file:33554432 bytes
***********WAITING************

Write the data to file:33554432 bytes
***********WAITING************

Write the data to file:33554432 bytes
***********WAITING************

Write the data to file:33554432 bytes
***********WAITING************

Write the data to file:33554432 bytes
***********WAITING************

Write the data to file:33554432 bytes
***********WAITING************

Write the data to file:33554432 bytes
***********WAITING************

Write the data to file:33554432 bytes
***********WAITING************

Write the data to file:33554432 bytes
***********WAITING************

Write the data to file:33554432 bytes
***********WAITING************

Write the data to file:33554432 bytes
***********WAITING************

Write the data to file:33554432 bytes
***********WAITING************

Write the data to file:33554432 bytes
***********WAITING************

Write the data to file:33554432 bytes
***********WAITING************

Write the data to file:33554432 bytes
***********WAITING************

Write the data to file:33554432 bytes
***********WAITING************

Write the data to file:33554432 bytes
***********WAITING************

Write the data to file:33554432 bytes
***********WAITING************

Write the data to file:33554432 bytes
***********WAITING************

Write the data to file:33554432 bytes
***********WAITING************

Write the data to file:33554432 bytes
***********WAITING************

Write the data to file:33554432 bytes
***********WAITING************

Write the data to file:33554432 bytes
***********WAITING************

Write the data to file:33554432 bytes
***********WAITING************

Write the data to file:33554432 bytes
***********WAITING************

Write the data to file:33554432 bytes
***********WAITING************

Write the data to file:33554432 bytes
***********WAITING************

Write the data to file:33554432 bytes
***********WAITING************

Write the data to file:33554432 bytes
***********WAITING************

Write the data to file:33554432 bytes
***********WAITING************

Write the data to file:33554432 bytes
***********WAITING************
S_cc         0.97   [      0.96:      0.97]
S_bw         0.23   [      0.23:      0.23]
S_w         32.73   [     32.73:     32.73]
          -------
S_total     33.93   [     33.92:     33.93]

build_S done
calc_W
build_S done
calc_W
build_S done
calc_W
build_S done
calc_W
nr_of_strided_rec: 1
nr_doubles: 524288
build_S done
calc_W
nr_of_strided_rec: 1
nr_doubles: 524288
build_S done
calc_W
nr_of_strided_rec: 1
nr_doubles: 524288
build_S done
calc_W
nr_of_strided_rec: 1
nr_doubles: 524288
build_S done
calc_W
nr_of_strided_rec: 1
nr_doubles: 524288
build_S done
calc_W
nr_of_strided_rec: 1
nr_doubles: 524288
build_S done
calc_W
nr_of_strided_rec: 1
nr_doubles: 524288
build_S done
calc_W
nr_of_strided_rec: 1
nr_doubles: 524288
build_S done
calc_W
nr_of_strided_rec: 1
nr_doubles: 524288
build_S done
calc_W
nr_of_strided_rec: 1
nr_doubles: 524288
build_S done
calc_W
nr_of_strided_rec: 1
nr_doubles: 524288
build_S done
calc_W
nr_of_strided_rec: 1
nr_doubles: 524288
build_S done
calc_W
nr_of_strided_rec: 1
nr_doubles: 524288
nr_of_strided_rec: 1
nr_doubles: 524288
nr_of_strided_rec: 1
nr_doubles: 524288
nr_of_strided_rec: 1
nr_doubles: 524288
nr_of_strided_rec: 1
nr_doubles: 524288
nr_of_strided_rec: 1
nr_doubles: 524288
nr_of_strided_rec: 1
nr_doubles: 524288
nr_of_strided_rec: 1
nr_doubles: 524288
nr_of_strided_rec: 1
nr_doubles: 524288
nr_of_strided_rec: 1
nr_doubles: 524288
nr_of_strided_rec: 1
nr_doubles: 524288
nr_of_strided_rec: 1
nr_doubles: 524288
nr_of_strided_rec: 1
nr_doubles: 524288
nr_of_strided_rec: 1
nr_doubles: 524288
nr_of_strided_rec: 1
nr_doubles: 524288
nr_of_strided_rec: 1
nr_doubles: 524288
nr_of_strided_rec: 1
nr_doubles: 524288
nr_of_strided_rec: 1
nr_doubles: 524288
nr_of_strided_rec: 1
nr_doubles: 524288
nr_of_strided_rec: 1
nr_doubles: 524288

Write the data to file:33554432 bytes
***********WAITING************

Write the data to file:33554432 bytes
***********WAITING************

Write the data to file:33554432 bytes
***********WAITING************

Write the data to file:33554432 bytes
***********WAITING************

Write the data to file:33554432 bytes
***********WAITING************

Write the data to file:33554432 bytes
***********WAITING************

Write the data to file:33554432 bytes
***********WAITING************

Write the data to file:33554432 bytes
***********WAITING************

Write the data to file:33554432 bytes
***********WAITING************

Write the data to file:33554432 bytes
***********WAITING************

Write the data to file:33554432 bytes
***********WAITING************

Write the data to file:33554432 bytes
***********WAITING************

Write the data to file:33554432 bytes
***********WAITING************

Write the data to file:33554432 bytes
***********WAITING************

Write the data to file:33554432 bytes
***********WAITING************

Write the data to file:33554432 bytes
***********WAITING************
nr_of_strided_rec: 1
nr_doubles: 524288
nr_of_strided_rec: 1
nr_doubles: 524288
nr_of_strided_rec: 1
nr_doubles: 524288
nr_of_strided_rec: 1
nr_doubles: 524288
nr_of_strided_rec: 1
nr_doubles: 524288
nr_of_strided_rec: 1
nr_doubles: 524288
nr_of_strided_rec: 1
nr_doubles: 524288
nr_of_strided_rec: 1
nr_doubles: 524288
nr_of_strided_rec: 1
nr_doubles: 524288
nr_of_strided_rec: 1
nr_doubles: 524288
nr_of_strided_rec: 1
nr_doubles: 524288
nr_of_strided_rec: 1
nr_doubles: 524288
nr_of_strided_rec: 1
nr_doubles: 524288
nr_of_strided_rec: 1
nr_doubles: 524288
nr_of_strided_rec: 1
nr_doubles: 524288
nr_of_strided_rec: 1
nr_doubles: 524288

Write the data to file:33554432 bytes
***********WAITING************

Write the data to file:33554432 bytes
***********WAITING************

Write the data to file:33554432 bytes
***********WAITING************

Write the data to file:33554432 bytes
***********WAITING************

Write the data to file:33554432 bytes
***********WAITING************

Write the data to file:33554432 bytes
***********WAITING************

Write the data to file:33554432 bytes
***********WAITING************

Write the data to file:33554432 bytes
***********WAITING************

Write the data to file:33554432 bytes
***********WAITING************

Write the data to file:33554432 bytes
***********WAITING************

Write the data to file:33554432 bytes
***********WAITING************

Write the data to file:33554432 bytes
***********WAITING************

Write the data to file:33554432 bytes
***********WAITING************

Write the data to file:33554432 bytes
***********WAITING************

Write the data to file:33554432 bytes
***********WAITING************

Write the data to file:33554432 bytes
***********WAITING************
nr_of_strided_rec: 1
nr_doubles: 524288
nr_of_strided_rec: 1
nr_doubles: 524288
nr_of_strided_rec: 1
nr_doubles: 524288
nr_of_strided_rec: 1
nr_doubles: 524288
nr_of_strided_rec: 1
nr_doubles: 524288
nr_of_strided_rec: 1
nr_doubles: 524288
nr_of_strided_rec: 1
nr_doubles: 524288
nr_of_strided_rec: 1
nr_doubles: 524288
nr_of_strided_rec: 1
nr_doubles: 524288
nr_of_strided_rec: 1
nr_doubles: 524288
nr_of_strided_rec: 1
nr_doubles: 524288
nr_of_strided_rec: 1
nr_doubles: 524288
nr_of_strided_rec: 1
nr_doubles: 524288
nr_of_strided_rec: 1
nr_doubles: 524288
nr_of_strided_rec: 1
nr_doubles: 524288
nr_of_strided_rec: 1
nr_doubles: 524288

Write the data to file:33554432 bytes
***********WAITING************

Write the data to file:33554432 bytes
***********WAITING************

Write the data to file:33554432 bytes
***********WAITING************

Write the data to file:33554432 bytes
***********WAITING************

Write the data to file:33554432 bytes
***********WAITING************

Write the data to file:33554432 bytes
***********WAITING************

Write the data to file:33554432 bytes
***********WAITING************

Write the data to file:33554432 bytes
***********WAITING************

Write the data to file:33554432 bytes
***********WAITING************

Write the data to file:33554432 bytes
***********WAITING************

Write the data to file:33554432 bytes
***********WAITING************

Write the data to file:33554432 bytes
***********WAITING************

Write the data to file:33554432 bytes
***********WAITING************

Write the data to file:33554432 bytes
***********WAITING************

Write the data to file:33554432 bytes
***********WAITING************

Write the data to file:33554432 bytes
***********WAITING************
nr_of_strided_rec: 1
nr_doubles: 524288
nr_of_strided_rec: 1
nr_doubles: 524288
nr_of_strided_rec: 1
nr_doubles: 524288
nr_of_strided_rec: 1
nr_doubles: 524288
nr_of_strided_rec: 1
nr_doubles: 524288
nr_of_strided_rec: 1
nr_doubles: 524288
nr_of_strided_rec: 1
nr_doubles: 524288
nr_of_strided_rec: 1
nr_doubles: 524288
nr_of_strided_rec: 1
nr_doubles: 524288
nr_of_strided_rec: 1
nr_doubles: 524288
nr_of_strided_rec: 1
nr_doubles: 524288
nr_of_strided_rec: 1
nr_doubles: 524288
nr_of_strided_rec: 1
nr_doubles: 524288
nr_of_strided_rec: 1
nr_doubles: 524288
nr_of_strided_rec: 1
nr_doubles: 524288
nr_of_strided_rec: 1
nr_doubles: 524288

Write the data to file:33554432 bytes
***********WAITING************

Write the data to file:33554432 bytes
***********WAITING************

Write the data to file:33554432 bytes
***********WAITING************

Write the data to file:33554432 bytes
***********WAITING************

Write the data to file:33554432 bytes
***********WAITING************

Write the data to file:33554432 bytes
***********WAITING************

Write the data to file:33554432 bytes
***********WAITING************

Write the data to file:33554432 bytes
***********WAITING************

Write the data to file:33554432 bytes
***********WAITING************

Write the data to file:33554432 bytes
***********WAITING************

Write the data to file:33554432 bytes
***********WAITING************

Write the data to file:33554432 bytes
***********WAITING************

Write the data to file:33554432 bytes
***********WAITING************

Write the data to file:33554432 bytes
***********WAITING************

Write the data to file:33554432 bytes
***********WAITING************

Write the data to file:33554432 bytes
***********WAITING************
nr_of_strided_rec: 1
nr_doubles: 524288
nr_of_strided_rec: 1
nr_doubles: 524288
nr_of_strided_rec: 1
nr_doubles: 524288
nr_of_strided_rec: 1
nr_doubles: 524288
nr_of_strided_rec: 1
nr_doubles: 524288
nr_of_strided_rec: 1
nr_doubles: 524288
nr_of_strided_rec: 1
nr_doubles: 524288
nr_of_strided_rec: 1
nr_doubles: 524288
nr_of_strided_rec: 1
nr_doubles: 524288
nr_of_strided_rec: 1
nr_doubles: 524288
nr_of_strided_rec: 1
nr_doubles: 524288
nr_of_strided_rec: 1
nr_doubles: 524288
nr_of_strided_rec: 1
nr_doubles: 524288
nr_of_strided_rec: 1
nr_doubles: 524288
nr_of_strided_rec: 1
nr_doubles: 524288
nr_of_strided_rec: 1
nr_doubles: 524288

Write the data to file:33554432 bytes
***********WAITING************

Write the data to file:33554432 bytes
***********WAITING************

Write the data to file:33554432 bytes
***********WAITING************

Write the data to file:33554432 bytes
***********WAITING************

Write the data to file:33554432 bytes
***********WAITING************

Write the data to file:33554432 bytes
***********WAITING************

Write the data to file:33554432 bytes
***********WAITING************

Write the data to file:33554432 bytes
***********WAITING************

Write the data to file:33554432 bytes
***********WAITING************

Write the data to file:33554432 bytes
***********WAITING************

Write the data to file:33554432 bytes
***********WAITING************

Write the data to file:33554432 bytes
***********WAITING************

Write the data to file:33554432 bytes
***********WAITING************

Write the data to file:33554432 bytes
***********WAITING************

Write the data to file:33554432 bytes
***********WAITING************

Write the data to file:33554432 bytes
***********WAITING************
nr_of_strided_rec: 1
nr_doubles: 524288
nr_of_strided_rec: 1
nr_doubles: 524288
nr_of_strided_rec: 1
nr_doubles: 524288
nr_of_strided_rec: 1
nr_doubles: 524288
nr_of_strided_rec: 1
nr_doubles: 524288
nr_of_strided_rec: 1
nr_doubles: 524288
nr_of_strided_rec: 1
nr_doubles: 524288
nr_of_strided_rec: 1
nr_doubles: 524288
nr_of_strided_rec: 1
nr_doubles: 524288
nr_of_strided_rec: 1
nr_doubles: 524288
nr_of_strided_rec: 1
nr_doubles: 524288
nr_of_strided_rec: 1
nr_doubles: 524288
nr_of_strided_rec: 1
nr_doubles: 524288
nr_of_strided_rec: 1
nr_doubles: 524288
nr_of_strided_rec: 1
nr_doubles: 524288
nr_of_strided_rec: 1
nr_doubles: 524288

Write the data to file:33554432 bytes
***********WAITING************

Write the data to file:33554432 bytes
***********WAITING************

Write the data to file:33554432 bytes
***********WAITING************

Write the data to file:33554432 bytes
***********WAITING************

Write the data to file:33554432 bytes
***********WAITING************

Write the data to file:33554432 bytes
***********WAITING************

Write the data to file:33554432 bytes
***********WAITING************

Write the data to file:33554432 bytes
***********WAITING************

Write the data to file:33554432 bytes
***********WAITING************

Write the data to file:33554432 bytes
***********WAITING************

Write the data to file:33554432 bytes
***********WAITING************

Write the data to file:33554432 bytes
***********WAITING************

Write the data to file:33554432 bytes
***********WAITING************

Write the data to file:33554432 bytes
***********WAITING************

Write the data to file:33554432 bytes
***********WAITING************

Write the data to file:33554432 bytes
***********WAITING************
nr_of_strided_rec: 1
nr_doubles: 524288
nr_of_strided_rec: 1
nr_doubles: 524288
nr_of_strided_rec: 1
nr_doubles: 524288
nr_of_strided_rec: 1
nr_doubles: 524288
nr_of_strided_rec: 1
nr_doubles: 524288
nr_of_strided_rec: 1
nr_doubles: 524288
nr_of_strided_rec: 1
nr_doubles: 524288
nr_of_strided_rec: 1
nr_doubles: 524288
nr_of_strided_rec: 1
nr_doubles: 524288
nr_of_strided_rec: 1
nr_doubles: 524288
nr_of_strided_rec: 1
nr_doubles: 524288
nr_of_strided_rec: 1
nr_doubles: 524288
nr_of_strided_rec: 1
nr_doubles: 524288
nr_of_strided_rec: 1
nr_doubles: 524288
nr_of_strided_rec: 1
nr_doubles: 524288
nr_of_strided_rec: 1
nr_doubles: 524288

Write the data to file:33554432 bytes
***********WAITING************

Write the data to file:33554432 bytes
***********WAITING************

Write the data to file:33554432 bytes
***********WAITING************

Write the data to file:33554432 bytes
***********WAITING************

Write the data to file:33554432 bytes
***********WAITING************

Write the data to file:33554432 bytes
***********WAITING************

Write the data to file:33554432 bytes
***********WAITING************

Write the data to file:33554432 bytes
***********WAITING************

Write the data to file:33554432 bytes
***********WAITING************

Write the data to file:33554432 bytes
***********WAITING************

Write the data to file:33554432 bytes
***********WAITING************

Write the data to file:33554432 bytes
***********WAITING************

Write the data to file:33554432 bytes
***********WAITING************

Write the data to file:33554432 bytes
***********WAITING************

Write the data to file:33554432 bytes
***********WAITING************

Write the data to file:33554432 bytes
***********WAITING************
nr_of_strided_rec: 1
nr_doubles: 524288
nr_of_strided_rec: 1
nr_doubles: 524288
nr_of_strided_rec: 1
nr_doubles: 524288
nr_of_strided_rec: 1
nr_doubles: 524288
nr_of_strided_rec: 1
nr_doubles: 524288
nr_of_strided_rec: 1
nr_doubles: 524288
nr_of_strided_rec: 1
nr_doubles: 524288
nr_of_strided_rec: 1
nr_doubles: 524288
nr_of_strided_rec: 1
nr_doubles: 524288
nr_of_strided_rec: 1
nr_doubles: 524288
nr_of_strided_rec: 1
nr_doubles: 524288
nr_of_strided_rec: 1
nr_doubles: 524288
nr_of_strided_rec: 1
nr_doubles: 524288
nr_of_strided_rec: 1
nr_doubles: 524288
nr_of_strided_rec: 1
nr_doubles: 524288
nr_of_strided_rec: 1
nr_doubles: 524288

Write the data to file:33554432 bytes
***********WAITING************

Write the data to file:33554432 bytes
***********WAITING************

Write the data to file:33554432 bytes
***********WAITING************

Write the data to file:33554432 bytes
***********WAITING************

Write the data to file:33554432 bytes
***********WAITING************

Write the data to file:33554432 bytes
***********WAITING************

Write the data to file:33554432 bytes
***********WAITING************

Write the data to file:33554432 bytes
***********WAITING************

Write the data to file:33554432 bytes
***********WAITING************

Write the data to file:33554432 bytes
***********WAITING************

Write the data to file:33554432 bytes
***********WAITING************

Write the data to file:33554432 bytes
***********WAITING************

Write the data to file:33554432 bytes
***********WAITING************

Write the data to file:33554432 bytes
***********WAITING************

Write the data to file:33554432 bytes
***********WAITING************

Write the data to file:33554432 bytes
***********WAITING************
nr_of_strided_rec: 1
nr_doubles: 524288
nr_of_strided_rec: 1
nr_doubles: 524288
nr_of_strided_rec: 1
nr_doubles: 524288
nr_of_strided_rec: 1
nr_doubles: 524288
nr_of_strided_rec: 1
nr_doubles: 524288
nr_of_strided_rec: 1
nr_doubles: 524288
nr_of_strided_rec: 1
nr_doubles: 524288
nr_of_strided_rec: 1
nr_doubles: 524288
nr_of_strided_rec: 1
nr_doubles: 524288
nr_of_strided_rec: 1
nr_doubles: 524288
nr_of_strided_rec: 1
nr_doubles: 524288
nr_of_strided_rec: 1
nr_doubles: 524288
nr_of_strided_rec: 1
nr_doubles: 524288
nr_of_strided_rec: 1
nr_doubles: 524288
nr_of_strided_rec: 1
nr_doubles: 524288
nr_of_strided_rec: 1
nr_doubles: 524288

Write the data to file:33554432 bytes
***********WAITING************

Write the data to file:33554432 bytes
***********WAITING************

Write the data to file:33554432 bytes
***********WAITING************

Write the data to file:33554432 bytes
***********WAITING************

Write the data to file:33554432 bytes
***********WAITING************

Write the data to file:33554432 bytes
***********WAITING************

Write the data to file:33554432 bytes
***********WAITING************

Write the data to file:33554432 bytes
***********WAITING************

Write the data to file:33554432 bytes
***********WAITING************

Write the data to file:33554432 bytes
***********WAITING************

Write the data to file:33554432 bytes
***********WAITING************

Write the data to file:33554432 bytes
***********WAITING************

Write the data to file:33554432 bytes
***********WAITING************

Write the data to file:33554432 bytes
***********WAITING************

Write the data to file:33554432 bytes
***********WAITING************

Write the data to file:33554432 bytes
***********WAITING************
nr_of_strided_rec: 1
nr_doubles: 524288
nr_of_strided_rec: 1
nr_doubles: 524288
nr_of_strided_rec: 1
nr_doubles: 524288
nr_of_strided_rec: 1
nr_doubles: 524288
nr_of_strided_rec: 1
nr_doubles: 524288
nr_of_strided_rec: 1
nr_doubles: 524288
nr_of_strided_rec: 1
nr_doubles: 524288
nr_of_strided_rec: 1
nr_doubles: 524288
nr_of_strided_rec: 1
nr_doubles: 524288
nr_of_strided_rec: 1
nr_doubles: 524288
nr_of_strided_rec: 1
nr_doubles: 524288
nr_of_strided_rec: 1
nr_doubles: 524288
nr_of_strided_rec: 1
nr_doubles: 524288
nr_of_strided_rec: 1
nr_doubles: 524288
nr_of_strided_rec: 1
nr_doubles: 524288
nr_of_strided_rec: 1
nr_doubles: 524288

Write the data to file:33554432 bytes
***********WAITING************

Write the data to file:33554432 bytes
***********WAITING************

Write the data to file:33554432 bytes
***********WAITING************

Write the data to file:33554432 bytes
***********WAITING************

Write the data to file:33554432 bytes
***********WAITING************

Write the data to file:33554432 bytes
***********WAITING************

Write the data to file:33554432 bytes
***********WAITING************

Write the data to file:33554432 bytes
***********WAITING************

Write the data to file:33554432 bytes
***********WAITING************

Write the data to file:33554432 bytes
***********WAITING************

Write the data to file:33554432 bytes
***********WAITING************

Write the data to file:33554432 bytes
***********WAITING************

Write the data to file:33554432 bytes
***********WAITING************

Write the data to file:33554432 bytes
***********WAITING************

Write the data to file:33554432 bytes
***********WAITING************

Write the data to file:33554432 bytes
***********WAITING************
nr_of_strided_rec: 1
nr_doubles: 524288
nr_of_strided_rec: 1
nr_doubles: 524288
nr_of_strided_rec: 1
nr_doubles: 524288
nr_of_strided_rec: 1
nr_doubles: 524288
nr_of_strided_rec: 1
nr_doubles: 524288
nr_of_strided_rec: 1
nr_doubles: 524288
nr_of_strided_rec: 1
nr_doubles: 524288
nr_of_strided_rec: 1
nr_doubles: 524288
nr_of_strided_rec: 1
nr_doubles: 524288
nr_of_strided_rec: 1
nr_doubles: 524288
nr_of_strided_rec: 1
nr_doubles: 524288
nr_of_strided_rec: 1
nr_doubles: 524288
nr_of_strided_rec: 1
nr_doubles: 524288
nr_of_strided_rec: 1
nr_doubles: 524288
nr_of_strided_rec: 1
nr_doubles: 524288
nr_of_strided_rec: 1
nr_doubles: 524288

Write the data to file:33554432 bytes
***********WAITING************

Write the data to file:33554432 bytes
***********WAITING************

Write the data to file:33554432 bytes
***********WAITING************

Write the data to file:33554432 bytes
***********WAITING************

Write the data to file:33554432 bytes
***********WAITING************

Write the data to file:33554432 bytes
***********WAITING************

Write the data to file:33554432 bytes
***********WAITING************

Write the data to file:33554432 bytes
***********WAITING************

Write the data to file:33554432 bytes
***********WAITING************

Write the data to file:33554432 bytes
***********WAITING************

Write the data to file:33554432 bytes
***********WAITING************

Write the data to file:33554432 bytes
***********WAITING************

Write the data to file:33554432 bytes
***********WAITING************

Write the data to file:33554432 bytes
***********WAITING************

Write the data to file:33554432 bytes
***********WAITING************

Write the data to file:33554432 bytes
***********WAITING************
nr_of_strided_rec: 1
nr_doubles: 524288
nr_of_strided_rec: 1
nr_doubles: 524288
nr_of_strided_rec: 1
nr_doubles: 524288
nr_of_strided_rec: 1
nr_doubles: 524288
nr_of_strided_rec: 1
nr_doubles: 524288
nr_of_strided_rec: 1
nr_doubles: 524288
nr_of_strided_rec: 1
nr_doubles: 524288
nr_of_strided_rec: 1
nr_doubles: 524288
nr_of_strided_rec: 1
nr_doubles: 524288
nr_of_strided_rec: 1
nr_doubles: 524288
nr_of_strided_rec: 1
nr_doubles: 524288
nr_of_strided_rec: 1
nr_doubles: 524288
nr_of_strided_rec: 1
nr_doubles: 524288
nr_of_strided_rec: 1
nr_doubles: 524288
nr_of_strided_rec: 1
nr_doubles: 524288
nr_of_strided_rec: 1
nr_doubles: 524288

Write the data to file:33554432 bytes
***********WAITING************

Write the data to file:33554432 bytes
***********WAITING************

Write the data to file:33554432 bytes
***********WAITING************

Write the data to file:33554432 bytes
***********WAITING************

Write the data to file:33554432 bytes
***********WAITING************

Write the data to file:33554432 bytes
***********WAITING************

Write the data to file:33554432 bytes
***********WAITING************

Write the data to file:33554432 bytes
***********WAITING************

Write the data to file:33554432 bytes
***********WAITING************

Write the data to file:33554432 bytes
***********WAITING************

Write the data to file:33554432 bytes
***********WAITING************

Write the data to file:33554432 bytes
***********WAITING************

Write the data to file:33554432 bytes
***********WAITING************

Write the data to file:33554432 bytes
***********WAITING************

Write the data to file:33554432 bytes
***********WAITING************

Write the data to file:33554432 bytes
***********WAITING************
nr_of_strided_rec: 1
nr_doubles: 524288
nr_of_strided_rec: 1
nr_doubles: 524288
nr_of_strided_rec: 1
nr_doubles: 524288
nr_of_strided_rec: 1
nr_doubles: 524288
nr_of_strided_rec: 1
nr_doubles: 524288
nr_of_strided_rec: 1
nr_doubles: 524288
nr_of_strided_rec: 1
nr_doubles: 524288
nr_of_strided_rec: 1
nr_doubles: 524288
nr_of_strided_rec: 1
nr_doubles: 524288
nr_of_strided_rec: 1
nr_doubles: 524288
nr_of_strided_rec: 1
nr_doubles: 524288
nr_of_strided_rec: 1
nr_doubles: 524288
nr_of_strided_rec: 1
nr_doubles: 524288
nr_of_strided_rec: 1
nr_doubles: 524288
nr_of_strided_rec: 1
nr_doubles: 524288
nr_of_strided_rec: 1
nr_doubles: 524288

Write the data to file:33554432 bytes
***********WAITING************

Write the data to file:33554432 bytes
***********WAITING************

Write the data to file:33554432 bytes
***********WAITING************

Write the data to file:33554432 bytes
***********WAITING************

Write the data to file:33554432 bytes
***********WAITING************

Write the data to file:33554432 bytes
***********WAITING************

Write the data to file:33554432 bytes
***********WAITING************

Write the data to file:33554432 bytes
***********WAITING************

Write the data to file:33554432 bytes
***********WAITING************

Write the data to file:33554432 bytes
***********WAITING************

Write the data to file:33554432 bytes
***********WAITING************

Write the data to file:33554432 bytes
***********WAITING************

Write the data to file:33554432 bytes
***********WAITING************

Write the data to file:33554432 bytes
***********WAITING************

Write the data to file:33554432 bytes
***********WAITING************

Write the data to file:33554432 bytes
***********WAITING************
nr_of_strided_rec: 1
nr_doubles: 524288
nr_of_strided_rec: 1
nr_doubles: 524288
nr_of_strided_rec: 1
nr_doubles: 524288
nr_of_strided_rec: 1
nr_doubles: 524288
nr_of_strided_rec: 1
nr_doubles: 524288
nr_of_strided_rec: 1
nr_doubles: 524288
nr_of_strided_rec: 1
nr_doubles: 524288
nr_of_strided_rec: 1
nr_doubles: 524288
nr_of_strided_rec: 1
nr_doubles: 524288
nr_of_strided_rec: 1
nr_doubles: 524288
nr_of_strided_rec: 1
nr_doubles: 524288
nr_of_strided_rec: 1
nr_doubles: 524288
nr_of_strided_rec: 1
nr_doubles: 524288
nr_of_strided_rec: 1
nr_doubles: 524288
nr_of_strided_rec: 1
nr_doubles: 524288
nr_of_strided_rec: 1
nr_doubles: 524288

Write the data to file:33554432 bytes
***********WAITING************

Write the data to file:33554432 bytes
***********WAITING************

Write the data to file:33554432 bytes
***********WAITING************

Write the data to file:33554432 bytes
***********WAITING************

Write the data to file:33554432 bytes
***********WAITING************

Write the data to file:33554432 bytes
***********WAITING************

Write the data to file:33554432 bytes
***********WAITING************

Write the data to file:33554432 bytes
***********WAITING************

Write the data to file:33554432 bytes
***********WAITING************

Write the data to file:33554432 bytes
***********WAITING************

Write the data to file:33554432 bytes
***********WAITING************

Write the data to file:33554432 bytes
***********WAITING************

Write the data to file:33554432 bytes
***********WAITING************

Write the data to file:33554432 bytes
***********WAITING************

Write the data to file:33554432 bytes
***********WAITING************

Write the data to file:33554432 bytes
***********WAITING************
nr_of_strided_rec: 1
nr_doubles: 524288
nr_of_strided_rec: 1
nr_doubles: 524288
nr_of_strided_rec: 1
nr_doubles: 524288
nr_of_strided_rec: 1
nr_doubles: 524288
nr_of_strided_rec: 1
nr_doubles: 524288
nr_of_strided_rec: 1
nr_doubles: 524288
nr_of_strided_rec: 1
nr_doubles: 524288
nr_of_strided_rec: 1
nr_doubles: 524288
nr_of_strided_rec: 1
nr_doubles: 524288
nr_of_strided_rec: 1
nr_doubles: 524288
nr_of_strided_rec: 1
nr_doubles: 524288
nr_of_strided_rec: 1
nr_doubles: 524288
nr_of_strided_rec: 1
nr_doubles: 524288
nr_of_strided_rec: 1
nr_doubles: 524288
nr_of_strided_rec: 1
nr_doubles: 524288
nr_of_strided_rec: 1
nr_doubles: 524288

Write the data to file:33554432 bytes
***********WAITING************

Write the data to file:33554432 bytes
***********WAITING************

Write the data to file:33554432 bytes
***********WAITING************

Write the data to file:33554432 bytes
***********WAITING************

Write the data to file:33554432 bytes
***********WAITING************

Write the data to file:33554432 bytes
***********WAITING************

Write the data to file:33554432 bytes
***********WAITING************

Write the data to file:33554432 bytes
***********WAITING************

Write the data to file:33554432 bytes
***********WAITING************

Write the data to file:33554432 bytes
***********WAITING************

Write the data to file:33554432 bytes
***********WAITING************

Write the data to file:33554432 bytes
***********WAITING************

Write the data to file:33554432 bytes
***********WAITING************

Write the data to file:33554432 bytes
***********WAITING************

Write the data to file:33554432 bytes
***********WAITING************

Write the data to file:33554432 bytes
***********WAITING************
nr_of_strided_rec: 1
nr_doubles: 524288
nr_of_strided_rec: 1
nr_doubles: 524288
nr_of_strided_rec: 1
nr_doubles: 524288
nr_of_strided_rec: 1
nr_doubles: 524288
nr_of_strided_rec: 1
nr_doubles: 524288
nr_of_strided_rec: 1
nr_doubles: 524288
nr_of_strided_rec: 1
nr_doubles: 524288
nr_of_strided_rec: 1
nr_doubles: 524288
nr_of_strided_rec: 1
nr_doubles: 524288
nr_of_strided_rec: 1
nr_doubles: 524288
nr_of_strided_rec: 1
nr_doubles: 524288
nr_of_strided_rec: 1
nr_doubles: 524288
nr_of_strided_rec: 1
nr_doubles: 524288
nr_of_strided_rec: 1
nr_doubles: 524288
nr_of_strided_rec: 1
nr_doubles: 524288
nr_of_strided_rec: 1
nr_doubles: 524288

Write the data to file:33554432 bytes
***********WAITING************

Write the data to file:33554432 bytes
***********WAITING************

Write the data to file:33554432 bytes
***********WAITING************

Write the data to file:33554432 bytes
***********WAITING************

Write the data to file:33554432 bytes
***********WAITING************

Write the data to file:33554432 bytes
***********WAITING************

Write the data to file:33554432 bytes
***********WAITING************

Write the data to file:33554432 bytes
***********WAITING************

Write the data to file:33554432 bytes
***********WAITING************

Write the data to file:33554432 bytes
***********WAITING************

Write the data to file:33554432 bytes
***********WAITING************

Write the data to file:33554432 bytes
***********WAITING************

Write the data to file:33554432 bytes
***********WAITING************

Write the data to file:33554432 bytes
***********WAITING************

Write the data to file:33554432 bytes
***********WAITING************

Write the data to file:33554432 bytes
***********WAITING************
nr_of_strided_rec: 1
nr_doubles: 524288
nr_of_strided_rec: 1
nr_doubles: 524288
nr_of_strided_rec: 1
nr_doubles: 524288
nr_of_strided_rec: 1
nr_doubles: 524288
nr_of_strided_rec: 1
nr_doubles: 524288
nr_of_strided_rec: 1
nr_doubles: 524288
nr_of_strided_rec: 1
nr_doubles: 524288
nr_of_strided_rec: 1
nr_doubles: 524288
nr_of_strided_rec: 1
nr_doubles: 524288
nr_of_strided_rec: 1
nr_doubles: 524288
nr_of_strided_rec: 1
nr_doubles: 524288
nr_of_strided_rec: 1
nr_doubles: 524288
nr_of_strided_rec: 1
nr_doubles: 524288
nr_of_strided_rec: 1
nr_doubles: 524288
nr_of_strided_rec: 1
nr_doubles: 524288
nr_of_strided_rec: 1
nr_doubles: 524288

Write the data to file:33554432 bytes
***********WAITING************

Write the data to file:33554432 bytes
***********WAITING************

Write the data to file:33554432 bytes
***********WAITING************

Write the data to file:33554432 bytes
***********WAITING************

Write the data to file:33554432 bytes
***********WAITING************

Write the data to file:33554432 bytes
***********WAITING************

Write the data to file:33554432 bytes
***********WAITING************

Write the data to file:33554432 bytes
***********WAITING************

Write the data to file:33554432 bytes
***********WAITING************

Write the data to file:33554432 bytes
***********WAITING************

Write the data to file:33554432 bytes
***********WAITING************

Write the data to file:33554432 bytes
***********WAITING************

Write the data to file:33554432 bytes
***********WAITING************

Write the data to file:33554432 bytes
***********WAITING************

Write the data to file:33554432 bytes
***********WAITING************

Write the data to file:33554432 bytes
***********WAITING************
nr_of_strided_rec: 1
nr_doubles: 524288
nr_of_strided_rec: 1
nr_doubles: 524288
nr_of_strided_rec: 1
nr_doubles: 524288
nr_of_strided_rec: 1
nr_doubles: 524288
nr_of_strided_rec: 1
nr_doubles: 524288
nr_of_strided_rec: 1
nr_doubles: 524288
nr_of_strided_rec: 1
nr_doubles: 524288
nr_of_strided_rec: 1
nr_doubles: 524288
nr_of_strided_rec: 1
nr_doubles: 524288
nr_of_strided_rec: 1
nr_doubles: 524288
nr_of_strided_rec: 1
nr_doubles: 524288
nr_of_strided_rec: 1
nr_doubles: 524288
nr_of_strided_rec: 1
nr_doubles: 524288
nr_of_strided_rec: 1
nr_doubles: 524288
nr_of_strided_rec: 1
nr_doubles: 524288
nr_of_strided_rec: 1
nr_doubles: 524288

Write the data to file:33554432 bytes
***********WAITING************

Write the data to file:33554432 bytes
***********WAITING************

Write the data to file:33554432 bytes
***********WAITING************

Write the data to file:33554432 bytes
***********WAITING************

Write the data to file:33554432 bytes
***********WAITING************

Write the data to file:33554432 bytes
***********WAITING************

Write the data to file:33554432 bytes
***********WAITING************

Write the data to file:33554432 bytes
***********WAITING************

Write the data to file:33554432 bytes
***********WAITING************

Write the data to file:33554432 bytes
***********WAITING************

Write the data to file:33554432 bytes
***********WAITING************

Write the data to file:33554432 bytes
***********WAITING************

Write the data to file:33554432 bytes
***********WAITING************

Write the data to file:33554432 bytes
***********WAITING************

Write the data to file:33554432 bytes
***********WAITING************

Write the data to file:33554432 bytes
***********WAITING************
nr_of_strided_rec: 1
nr_doubles: 524288
nr_of_strided_rec: 1
nr_doubles: 524288
nr_of_strided_rec: 1
nr_doubles: 524288
nr_of_strided_rec: 1
nr_doubles: 524288
nr_of_strided_rec: 1
nr_doubles: 524288
nr_of_strided_rec: 1
nr_doubles: 524288
nr_of_strided_rec: 1
nr_doubles: 524288
nr_of_strided_rec: 1
nr_doubles: 524288
nr_of_strided_rec: 1
nr_doubles: 524288
nr_of_strided_rec: 1
nr_doubles: 524288
nr_of_strided_rec: 1
nr_doubles: 524288
nr_of_strided_rec: 1
nr_doubles: 524288
nr_of_strided_rec: 1
nr_doubles: 524288
nr_of_strided_rec: 1
nr_doubles: 524288
nr_of_strided_rec: 1
nr_doubles: 524288
nr_of_strided_rec: 1
nr_doubles: 524288

Write the data to file:33554432 bytes
***********WAITING************

Write the data to file:33554432 bytes
***********WAITING************

Write the data to file:33554432 bytes
***********WAITING************

Write the data to file:33554432 bytes
***********WAITING************

Write the data to file:33554432 bytes
***********WAITING************

Write the data to file:33554432 bytes
***********WAITING************

Write the data to file:33554432 bytes
***********WAITING************

Write the data to file:33554432 bytes
***********WAITING************

Write the data to file:33554432 bytes
***********WAITING************

Write the data to file:33554432 bytes
***********WAITING************

Write the data to file:33554432 bytes
***********WAITING************

Write the data to file:33554432 bytes
***********WAITING************

Write the data to file:33554432 bytes
***********WAITING************

Write the data to file:33554432 bytes
***********WAITING************

Write the data to file:33554432 bytes
***********WAITING************

Write the data to file:33554432 bytes
***********WAITING************
nr_of_strided_rec: 1
nr_doubles: 524288
nr_of_strided_rec: 1
nr_doubles: 524288
nr_of_strided_rec: 1
nr_doubles: 524288
nr_of_strided_rec: 1
nr_doubles: 524288
nr_of_strided_rec: 1
nr_doubles: 524288
nr_of_strided_rec: 1
nr_doubles: 524288
nr_of_strided_rec: 1
nr_doubles: 524288
nr_of_strided_rec: 1
nr_doubles: 524288
nr_of_strided_rec: 1
nr_doubles: 524288
nr_of_strided_rec: 1
nr_doubles: 524288
nr_of_strided_rec: 1
nr_doubles: 524288
nr_of_strided_rec: 1
nr_doubles: 524288
nr_of_strided_rec: 1
nr_doubles: 524288
nr_of_strided_rec: 1
nr_doubles: 524288
nr_of_strided_rec: 1
nr_doubles: 524288
nr_of_strided_rec: 1
nr_doubles: 524288

Write the data to file:33554432 bytes
***********WAITING************

Write the data to file:33554432 bytes
***********WAITING************

Write the data to file:33554432 bytes
***********WAITING************

Write the data to file:33554432 bytes
***********WAITING************

Write the data to file:33554432 bytes
***********WAITING************

Write the data to file:33554432 bytes
***********WAITING************

Write the data to file:33554432 bytes
***********WAITING************

Write the data to file:33554432 bytes
***********WAITING************

Write the data to file:33554432 bytes
***********WAITING************

Write the data to file:33554432 bytes
***********WAITING************

Write the data to file:33554432 bytes
***********WAITING************

Write the data to file:33554432 bytes
***********WAITING************

Write the data to file:33554432 bytes
***********WAITING************

Write the data to file:33554432 bytes
***********WAITING************

Write the data to file:33554432 bytes
***********WAITING************

Write the data to file:33554432 bytes
***********WAITING************
nr_of_strided_rec: 1
nr_doubles: 524288
nr_of_strided_rec: 1
nr_doubles: 524288
nr_of_strided_rec: 1
nr_doubles: 524288
nr_of_strided_rec: 1
nr_doubles: 524288
nr_of_strided_rec: 1
nr_doubles: 524288
nr_of_strided_rec: 1
nr_doubles: 524288
nr_of_strided_rec: 1
nr_doubles: 524288
nr_of_strided_rec: 1
nr_doubles: 524288
nr_of_strided_rec: 1
nr_doubles: 524288
nr_of_strided_rec: 1
nr_doubles: 524288
nr_of_strided_rec: 1
nr_doubles: 524288
nr_of_strided_rec: 1
nr_doubles: 524288
nr_of_strided_rec: 1
nr_doubles: 524288
nr_of_strided_rec: 1
nr_doubles: 524288
nr_of_strided_rec: 1
nr_doubles: 524288
nr_of_strided_rec: 1
nr_doubles: 524288

Write the data to file:33554432 bytes
***********WAITING************

Write the data to file:33554432 bytes
***********WAITING************

Write the data to file:33554432 bytes
***********WAITING************

Write the data to file:33554432 bytes
***********WAITING************

Write the data to file:33554432 bytes
***********WAITING************

Write the data to file:33554432 bytes
***********WAITING************

Write the data to file:33554432 bytes
***********WAITING************

Write the data to file:33554432 bytes
***********WAITING************

Write the data to file:33554432 bytes
***********WAITING************

Write the data to file:33554432 bytes
***********WAITING************

Write the data to file:33554432 bytes
***********WAITING************

Write the data to file:33554432 bytes
***********WAITING************

Write the data to file:33554432 bytes
***********WAITING************

Write the data to file:33554432 bytes
***********WAITING************

Write the data to file:33554432 bytes
***********WAITING************

Write the data to file:33554432 bytes
***********WAITING************
nr_of_strided_rec: 1
nr_doubles: 524288
nr_of_strided_rec: 1
nr_doubles: 524288
nr_of_strided_rec: 1
nr_doubles: 524288
nr_of_strided_rec: 1
nr_doubles: 524288
nr_of_strided_rec: 1
nr_doubles: 524288
nr_of_strided_rec: 1
nr_doubles: 524288
nr_of_strided_rec: 1
nr_doubles: 524288
nr_of_strided_rec: 1
nr_doubles: 524288
nr_of_strided_rec: 1
nr_doubles: 524288
nr_of_strided_rec: 1
nr_doubles: 524288
nr_of_strided_rec: 1
nr_doubles: 524288
nr_of_strided_rec: 1
nr_doubles: 524288
nr_of_strided_rec: 1
nr_doubles: 524288
nr_of_strided_rec: 1
nr_doubles: 524288
nr_of_strided_rec: 1
nr_doubles: 524288
nr_of_strided_rec: 1
nr_doubles: 524288

Write the data to file:33554432 bytes
***********WAITING************

Write the data to file:33554432 bytes
***********WAITING************

Write the data to file:33554432 bytes
***********WAITING************

Write the data to file:33554432 bytes
***********WAITING************

Write the data to file:33554432 bytes
***********WAITING************

Write the data to file:33554432 bytes
***********WAITING************

Write the data to file:33554432 bytes
***********WAITING************

Write the data to file:33554432 bytes
***********WAITING************

Write the data to file:33554432 bytes
***********WAITING************

Write the data to file:33554432 bytes
***********WAITING************

Write the data to file:33554432 bytes
***********WAITING************

Write the data to file:33554432 bytes
***********WAITING************

Write the data to file:33554432 bytes
***********WAITING************

Write the data to file:33554432 bytes
***********WAITING************

Write the data to file:33554432 bytes
***********WAITING************

Write the data to file:33554432 bytes
***********WAITING************
nr_of_strided_rec: 1
nr_doubles: 524288
nr_of_strided_rec: 1
nr_doubles: 524288
nr_of_strided_rec: 1
nr_doubles: 524288
nr_of_strided_rec: 1
nr_doubles: 524288
nr_of_strided_rec: 1
nr_doubles: 524288
nr_of_strided_rec: 1
nr_doubles: 524288
nr_of_strided_rec: 1
nr_doubles: 524288
nr_of_strided_rec: 1
nr_doubles: 524288
nr_of_strided_rec: 1
nr_doubles: 524288
nr_of_strided_rec: 1
nr_doubles: 524288
nr_of_strided_rec: 1
nr_doubles: 524288
nr_of_strided_rec: 1
nr_doubles: 524288
nr_of_strided_rec: 1
nr_doubles: 524288
nr_of_strided_rec: 1
nr_doubles: 524288
nr_of_strided_rec: 1
nr_doubles: 524288
nr_of_strided_rec: 1
nr_doubles: 524288

Write the data to file:33554432 bytes
***********WAITING************

Write the data to file:33554432 bytes
***********WAITING************

Write the data to file:33554432 bytes
***********WAITING************

Write the data to file:33554432 bytes
***********WAITING************

Write the data to file:33554432 bytes
***********WAITING************

Write the data to file:33554432 bytes
***********WAITING************

Write the data to file:33554432 bytes
***********WAITING************

Write the data to file:33554432 bytes
***********WAITING************

Write the data to file:33554432 bytes
***********WAITING************

Write the data to file:33554432 bytes
***********WAITING************

Write the data to file:33554432 bytes
***********WAITING************

Write the data to file:33554432 bytes
***********WAITING************

Write the data to file:33554432 bytes
***********WAITING************

Write the data to file:33554432 bytes
***********WAITING************

Write the data to file:33554432 bytes
***********WAITING************

Write the data to file:33554432 bytes
***********WAITING************
nr_of_strided_rec: 1
nr_doubles: 524288
nr_of_strided_rec: 1
nr_doubles: 524288
nr_of_strided_rec: 1
nr_doubles: 524288
nr_of_strided_rec: 1
nr_doubles: 524288
nr_of_strided_rec: 1
nr_doubles: 524288
nr_of_strided_rec: 1
nr_doubles: 524288
nr_of_strided_rec: 1
nr_doubles: 524288
nr_of_strided_rec: 1
nr_doubles: 524288
nr_of_strided_rec: 1
nr_doubles: 524288
nr_of_strided_rec: 1
nr_doubles: 524288
nr_of_strided_rec: 1
nr_doubles: 524288
nr_of_strided_rec: 1
nr_doubles: 524288
nr_of_strided_rec: 1
nr_doubles: 524288
nr_of_strided_rec: 1
nr_doubles: 524288
nr_of_strided_rec: 1
nr_doubles: 524288
nr_of_strided_rec: 1
nr_doubles: 524288

Write the data to file:33554432 bytes
***********WAITING************

Write the data to file:33554432 bytes
***********WAITING************

Write the data to file:33554432 bytes
***********WAITING************

Write the data to file:33554432 bytes
***********WAITING************

Write the data to file:33554432 bytes
***********WAITING************

Write the data to file:33554432 bytes
***********WAITING************

Write the data to file:33554432 bytes
***********WAITING************

Write the data to file:33554432 bytes
***********WAITING************

Write the data to file:33554432 bytes
***********WAITING************

Write the data to file:33554432 bytes
***********WAITING************

Write the data to file:33554432 bytes
***********WAITING************

Write the data to file:33554432 bytes
***********WAITING************

Write the data to file:33554432 bytes
***********WAITING************

Write the data to file:33554432 bytes
***********WAITING************

Write the data to file:33554432 bytes
***********WAITING************

Write the data to file:33554432 bytes
***********WAITING************
nr_of_strided_rec: 1
nr_doubles: 524288
nr_of_strided_rec: 1
nr_doubles: 524288
nr_of_strided_rec: 1
nr_doubles: 524288
nr_of_strided_rec: 1
nr_doubles: 524288
nr_of_strided_rec: 1
nr_doubles: 524288
nr_of_strided_rec: 1
nr_doubles: 524288
nr_of_strided_rec: 1
nr_doubles: 524288
nr_of_strided_rec: 1
nr_doubles: 524288
nr_of_strided_rec: 1
nr_doubles: 524288
nr_of_strided_rec: 1
nr_doubles: 524288
nr_of_strided_rec: 1
nr_doubles: 524288
nr_of_strided_rec: 1
nr_doubles: 524288
nr_of_strided_rec: 1
nr_doubles: 524288
nr_of_strided_rec: 1
nr_doubles: 524288
nr_of_strided_rec: 1
nr_doubles: 524288
nr_of_strided_rec: 1
nr_doubles: 524288

Write the data to file:33554432 bytes
***********WAITING************

Write the data to file:33554432 bytes
***********WAITING************

Write the data to file:33554432 bytes
***********WAITING************

Write the data to file:33554432 bytes
***********WAITING************

Write the data to file:33554432 bytes
***********WAITING************

Write the data to file:33554432 bytes
***********WAITING************

Write the data to file:33554432 bytes
***********WAITING************

Write the data to file:33554432 bytes
***********WAITING************

Write the data to file:33554432 bytes
***********WAITING************

Write the data to file:33554432 bytes
***********WAITING************

Write the data to file:33554432 bytes
***********WAITING************

Write the data to file:33554432 bytes
***********WAITING************

Write the data to file:33554432 bytes
***********WAITING************

Write the data to file:33554432 bytes
***********WAITING************

Write the data to file:33554432 bytes
***********WAITING************

Write the data to file:33554432 bytes
***********WAITING************
nr_of_strided_rec: 1
nr_doubles: 524288
nr_of_strided_rec: 1
nr_doubles: 524288
nr_of_strided_rec: 1
nr_doubles: 524288
nr_of_strided_rec: 1
nr_doubles: 524288
nr_of_strided_rec: 1
nr_doubles: 524288
nr_of_strided_rec: 1
nr_doubles: 524288
nr_of_strided_rec: 1
nr_doubles: 524288
nr_of_strided_rec: 1
nr_doubles: 524288
nr_of_strided_rec: 1
nr_doubles: 524288
nr_of_strided_rec: 1
nr_doubles: 524288
nr_of_strided_rec: 1
nr_doubles: 524288
nr_of_strided_rec: 1
nr_doubles: 524288
nr_of_strided_rec: 1
nr_doubles: 524288
nr_of_strided_rec: 1
nr_doubles: 524288
nr_of_strided_rec: 1
nr_doubles: 524288
nr_of_strided_rec: 1
nr_doubles: 524288

Write the data to file:33554432 bytes
***********WAITING************

Write the data to file:33554432 bytes
***********WAITING************

Write the data to file:33554432 bytes
***********WAITING************

Write the data to file:33554432 bytes
***********WAITING************

Write the data to file:33554432 bytes
***********WAITING************

Write the data to file:33554432 bytes
***********WAITING************

Write the data to file:33554432 bytes
***********WAITING************

Write the data to file:33554432 bytes
***********WAITING************

Write the data to file:33554432 bytes
***********WAITING************

Write the data to file:33554432 bytes
***********WAITING************

Write the data to file:33554432 bytes
***********WAITING************

Write the data to file:33554432 bytes
***********WAITING************

Write the data to file:33554432 bytes
***********WAITING************

Write the data to file:33554432 bytes
***********WAITING************

Write the data to file:33554432 bytes
***********WAITING************

Write the data to file:33554432 bytes
***********WAITING************
nr_of_strided_rec: 1
nr_doubles: 524288
nr_of_strided_rec: 1
nr_doubles: 524288
nr_of_strided_rec: 1
nr_doubles: 524288
nr_of_strided_rec: 1
nr_doubles: 524288
nr_of_strided_rec: 1
nr_doubles: 524288
nr_of_strided_rec: 1
nr_doubles: 524288
nr_of_strided_rec: 1
nr_doubles: 524288
nr_of_strided_rec: 1
nr_doubles: 524288
nr_of_strided_rec: 1
nr_doubles: 524288
nr_of_strided_rec: 1
nr_doubles: 524288
nr_of_strided_rec: 1
nr_doubles: 524288
nr_of_strided_rec: 1
nr_doubles: 524288
nr_of_strided_rec: 1
nr_doubles: 524288
nr_of_strided_rec: 1
nr_doubles: 524288
nr_of_strided_rec: 1
nr_doubles: 524288
nr_of_strided_rec: 1
nr_doubles: 524288

Write the data to file:33554432 bytes
***********WAITING************

Write the data to file:33554432 bytes
***********WAITING************

Write the data to file:33554432 bytes
***********WAITING************

Write the data to file:33554432 bytes
***********WAITING************

Write the data to file:33554432 bytes
***********WAITING************

Write the data to file:33554432 bytes
***********WAITING************

Write the data to file:33554432 bytes
***********WAITING************

Write the data to file:33554432 bytes
***********WAITING************

Write the data to file:33554432 bytes
***********WAITING************

Write the data to file:33554432 bytes
***********WAITING************

Write the data to file:33554432 bytes
***********WAITING************

Write the data to file:33554432 bytes
***********WAITING************

Write the data to file:33554432 bytes
***********WAITING************

Write the data to file:33554432 bytes
***********WAITING************

Write the data to file:33554432 bytes
***********WAITING************

Write the data to file:33554432 bytes
***********WAITING************
nr_of_strided_rec: 1
nr_doubles: 524288
nr_of_strided_rec: 1
nr_doubles: 524288
nr_of_strided_rec: 1
nr_doubles: 524288
nr_of_strided_rec: 1
nr_doubles: 524288
nr_of_strided_rec: 1
nr_doubles: 524288
nr_of_strided_rec: 1
nr_doubles: 524288
nr_of_strided_rec: 1
nr_doubles: 524288
nr_of_strided_rec: 1
nr_doubles: 524288
nr_of_strided_rec: 1
nr_doubles: 524288
nr_of_strided_rec: 1
nr_doubles: 524288
nr_of_strided_rec: 1
nr_doubles: 524288
nr_of_strided_rec: 1
nr_doubles: 524288
nr_of_strided_rec: 1
nr_doubles: 524288
nr_of_strided_rec: 1
nr_doubles: 524288
nr_of_strided_rec: 1
nr_doubles: 524288
nr_of_strided_rec: 1
nr_doubles: 524288

Write the data to file:33554432 bytes
***********WAITING************

Write the data to file:33554432 bytes
***********WAITING************

Write the data to file:33554432 bytes
***********WAITING************

Write the data to file:33554432 bytes
***********WAITING************

Write the data to file:33554432 bytes
***********WAITING************

Write the data to file:33554432 bytes
***********WAITING************

Write the data to file:33554432 bytes
***********WAITING************

Write the data to file:33554432 bytes
***********WAITING************

Write the data to file:33554432 bytes
***********WAITING************

Write the data to file:33554432 bytes
***********WAITING************

Write the data to file:33554432 bytes
***********WAITING************

Write the data to file:33554432 bytes
***********WAITING************

Write the data to file:33554432 bytes
***********WAITING************

Write the data to file:33554432 bytes
***********WAITING************

Write the data to file:33554432 bytes
***********WAITING************

Write the data to file:33554432 bytes
***********WAITING************
nr_of_strided_rec: 1
nr_doubles: 524288
nr_of_strided_rec: 1
nr_doubles: 524288
nr_of_strided_rec: 1
nr_doubles: 524288
nr_of_strided_rec: 1
nr_doubles: 524288
nr_of_strided_rec: 1
nr_doubles: 524288
nr_of_strided_rec: 1
nr_doubles: 524288
nr_of_strided_rec: 1
nr_doubles: 524288
nr_of_strided_rec: 1
nr_doubles: 524288
nr_of_strided_rec: 1
nr_doubles: 524288
nr_of_strided_rec: 1
nr_doubles: 524288
nr_of_strided_rec: 1
nr_doubles: 524288
nr_of_strided_rec: 1
nr_doubles: 524288
nr_of_strided_rec: 1
nr_doubles: 524288
nr_of_strided_rec: 1
nr_doubles: 524288
nr_of_strided_rec: 1
nr_doubles: 524288
nr_of_strided_rec: 1
nr_doubles: 524288

Write the data to file:33554432 bytes
***********WAITING************

Write the data to file:33554432 bytes
***********WAITING************

Write the data to file:33554432 bytes
***********WAITING************

Write the data to file:33554432 bytes
***********WAITING************

Write the data to file:33554432 bytes
***********WAITING************

Write the data to file:33554432 bytes
***********WAITING************

Write the data to file:33554432 bytes
***********WAITING************

Write the data to file:33554432 bytes
***********WAITING************

Write the data to file:33554432 bytes
***********WAITING************

Write the data to file:33554432 bytes
***********WAITING************

Write the data to file:33554432 bytes
***********WAITING************

Write the data to file:33554432 bytes
***********WAITING************

Write the data to file:33554432 bytes
***********WAITING************

Write the data to file:33554432 bytes
***********WAITING************

Write the data to file:33554432 bytes
***********WAITING************

Write the data to file:33554432 bytes
***********WAITING************

Write the data to file:33554432 bytes
***********WAITING************

Write the data to file:33554432 bytes
***********WAITING************

Write the data to file:33554432 bytes
***********WAITING************

Write the data to file:33554432 bytes
***********WAITING************

Write the data to file:33554432 bytes
***********WAITING************

Write the data to file:33554432 bytes
***********WAITING************

Write the data to file:33554432 bytes
***********WAITING************

Write the data to file:33554432 bytes
***********WAITING************

Write the data to file:33554432 bytes
***********WAITING************

Write the data to file:33554432 bytes
***********WAITING************

Write the data to file:33554432 bytes
***********WAITING************

Write the data to file:33554432 bytes
***********WAITING************

Write the data to file:33554432 bytes
***********WAITING************

Write the data to file:33554432 bytes
***********WAITING************

Write the data to file:33554432 bytes
***********WAITING************

Write the data to file:33554432 bytes
***********WAITING************
W_cc         1.78   [      1.77:      1.78]
W_r         38.59   [     38.59:     38.59]
W_w         25.10   [     25.10:     25.10]
          -------
W_total     65.46   [     65.46:     65.46]

calc_W done
calc_W done
nr_of_strided_rec: 1
nr_doubles: 524288
calc_W done
nr_of_strided_rec: 1
nr_doubles: 524288
calc_W done
nr_of_strided_rec: 1
nr_doubles: 524288
calc_W done
nr_of_strided_rec: 1
nr_doubles: 524288
calc_W done
nr_of_strided_rec: 1
nr_doubles: 524288
calc_W done
nr_of_strided_rec: 1
nr_doubles: 524288
calc_W done
nr_of_strided_rec: 1
nr_doubles: 524288
calc_W done
nr_of_strided_rec: 1
nr_doubles: 524288
calc_W done
nr_of_strided_rec: 1
nr_doubles: 524288
calc_W done
nr_of_strided_rec: 1
nr_doubles: 524288
calc_W done
nr_of_strided_rec: 1
nr_doubles: 524288
calc_W done
nr_of_strided_rec: 1
nr_doubles: 524288
calc_W done
nr_of_strided_rec: 1
nr_doubles: 524288
calc_W done
nr_of_strided_rec: 1
nr_doubles: 524288
calc_W done
nr_of_strided_rec: 1
nr_doubles: 524288
nr_of_strided_rec: 1
nr_doubles: 524288
nr_of_strided_rec: 1
nr_doubles: 524288
nr_of_strided_rec: 1
nr_doubles: 524288
nr_of_strided_rec: 1
nr_doubles: 524288
nr_of_strided_rec: 1
nr_doubles: 524288
nr_of_strided_rec: 1
nr_doubles: 524288
nr_of_strided_rec: 1
nr_doubles: 524288
nr_of_strided_rec: 1
nr_doubles: 524288
nr_of_strided_rec: 1
nr_doubles: 524288
nr_of_strided_rec: 1
nr_doubles: 524288
nr_of_strided_rec: 1
nr_doubles: 524288
nr_of_strided_rec: 1
nr_doubles: 524288
nr_of_strided_rec: 1
nr_doubles: 524288
nr_of_strided_rec: 1
nr_doubles: 524288
nr_of_strided_rec: 1
nr_doubles: 524288
nr_of_strided_rec: 1
nr_doubles: 524288
nr_of_strided_rec: 1
nr_doubles: 524288
nr_of_strided_rec: 1
nr_doubles: 524288
nr_of_strided_rec: 1
nr_doubles: 524288
nr_of_strided_rec: 1
nr_doubles: 524288
nr_of_strided_rec: 1
nr_doubles: 524288
nr_of_strided_rec: 1
nr_doubles: 524288
nr_of_strided_rec: 1
nr_doubles: 524288
nr_of_strided_rec: 1
nr_doubles: 524288
nr_of_strided_rec: 1
nr_doubles: 524288
nr_of_strided_rec: 1
nr_doubles: 524288
nr_of_strided_rec: 1
nr_doubles: 524288
nr_of_strided_rec: 1
nr_doubles: 524288
nr_of_strided_rec: 1
nr_doubles: 524288
nr_of_strided_rec: 1
nr_doubles: 524288
nr_of_strided_rec: 1
nr_doubles: 524288
nr_of_strided_rec: 1
nr_doubles: 524288
nr_of_strided_rec: 1
nr_doubles: 524288
nr_of_strided_rec: 1
nr_doubles: 524288
nr_of_strided_rec: 1
nr_doubles: 524288
nr_of_strided_rec: 1
nr_doubles: 524288
nr_of_strided_rec: 1
nr_doubles: 524288
nr_of_strided_rec: 1
nr_doubles: 524288
nr_of_strided_rec: 1
nr_doubles: 524288
nr_of_strided_rec: 1
nr_doubles: 524288
nr_of_strided_rec: 1
nr_doubles: 524288
nr_of_strided_rec: 1
nr_doubles: 524288
nr_of_strided_rec: 1
nr_doubles: 524288
nr_of_strided_rec: 1
nr_doubles: 524288
nr_of_strided_rec: 1
nr_doubles: 524288
nr_of_strided_rec: 1
nr_doubles: 524288
nr_of_strided_rec: 1
nr_doubles: 524288
nr_of_strided_rec: 1
nr_doubles: 524288
nr_of_strided_rec: 1
nr_doubles: 524288
nr_of_strided_rec: 1
nr_doubles: 524288
nr_of_strided_rec: 1
nr_doubles: 524288
nr_of_strided_rec: 1
nr_doubles: 524288
nr_of_strided_rec: 1
nr_doubles: 524288
nr_of_strided_rec: 1
nr_doubles: 524288
nr_of_strided_rec: 1
nr_doubles: 524288
nr_of_strided_rec: 1
nr_doubles: 524288
nr_of_strided_rec: 1
nr_doubles: 524288
nr_of_strided_rec: 1
nr_doubles: 524288
nr_of_strided_rec: 1
nr_doubles: 524288
nr_of_strided_rec: 1
nr_doubles: 524288
nr_of_strided_rec: 1
nr_doubles: 524288
nr_of_strided_rec: 1
nr_doubles: 524288
nr_of_strided_rec: 1
nr_doubles: 524288
nr_of_strided_rec: 1
nr_doubles: 524288
nr_of_strided_rec: 1
nr_doubles: 524288
nr_of_strided_rec: 1
nr_doubles: 524288
nr_of_strided_rec: 1
nr_doubles: 524288
nr_of_strided_rec: 1
nr_doubles: 524288
nr_of_strided_rec: 1
nr_doubles: 524288
nr_of_strided_rec: 1
nr_doubles: 524288
nr_of_strided_rec: 1
nr_doubles: 524288
nr_of_strided_rec: 1
nr_doubles: 524288
nr_of_strided_rec: 1
nr_doubles: 524288
nr_of_strided_rec: 1
nr_doubles: 524288
nr_of_strided_rec: 1
nr_doubles: 524288
nr_of_strided_rec: 1
nr_doubles: 524288
nr_of_strided_rec: 1
nr_doubles: 524288
nr_of_strided_rec: 1
nr_doubles: 524288
nr_of_strided_rec: 1
nr_doubles: 524288
nr_of_strided_rec: 1
nr_doubles: 524288
nr_of_strided_rec: 1
nr_doubles: 524288
nr_of_strided_rec: 1
nr_doubles: 524288
nr_of_strided_rec: 1
nr_doubles: 524288
nr_of_strided_rec: 1
nr_doubles: 524288
nr_of_strided_rec: 1
nr_doubles: 524288
nr_of_strided_rec: 1
nr_doubles: 524288
nr_of_strided_rec: 1
nr_doubles: 524288
nr_of_strided_rec: 1
nr_doubles: 524288
nr_of_strided_rec: 1
nr_doubles: 524288
nr_of_strided_rec: 1
nr_doubles: 524288
nr_of_strided_rec: 1
nr_doubles: 524288
nr_of_strided_rec: 1
nr_doubles: 524288
nr_of_strided_rec: 1
nr_doubles: 524288
nr_of_strided_rec: 1
nr_doubles: 524288
nr_of_strided_rec: 1
nr_doubles: 524288
nr_of_strided_rec: 1
nr_doubles: 524288
nr_of_strided_rec: 1
nr_doubles: 524288
nr_of_strided_rec: 1
nr_doubles: 524288
nr_of_strided_rec: 1
nr_doubles: 524288
nr_of_strided_rec: 1
nr_doubles: 524288
nr_of_strided_rec: 1
nr_doubles: 524288
nr_of_strided_rec: 1
nr_doubles: 524288
nr_of_strided_rec: 1
nr_doubles: 524288
nr_of_strided_rec: 1
nr_doubles: 524288
nr_of_strided_rec: 1
nr_doubles: 524288
nr_of_strided_rec: 1
nr_doubles: 524288
nr_of_strided_rec: 1
nr_doubles: 524288
nr_of_strided_rec: 1
nr_doubles: 524288
nr_of_strided_rec: 1
nr_doubles: 524288
nr_of_strided_rec: 1
nr_doubles: 524288
nr_of_strided_rec: 1
nr_doubles: 524288
nr_of_strided_rec: 1
nr_doubles: 524288
nr_of_strided_rec: 1
nr_doubles: 524288
nr_of_strided_rec: 1
nr_doubles: 524288
nr_of_strided_rec: 1
nr_doubles: 524288
nr_of_strided_rec: 1
nr_doubles: 524288
nr_of_strided_rec: 1
nr_doubles: 524288
nr_of_strided_rec: 1
nr_doubles: 524288
nr_of_strided_rec: 1
nr_doubles: 524288
nr_of_strided_rec: 1
nr_doubles: 524288
nr_of_strided_rec: 1
nr_doubles: 524288
nr_of_strided_rec: 1
nr_doubles: 524288
nr_of_strided_rec: 1
nr_doubles: 524288
nr_of_strided_rec: 1
nr_doubles: 524288
nr_of_strided_rec: 1
nr_doubles: 524288
nr_of_strided_rec: 1
nr_doubles: 524288
nr_of_strided_rec: 1
nr_doubles: 524288
nr_of_strided_rec: 1
nr_doubles: 524288
nr_of_strided_rec: 1
nr_doubles: 524288
nr_of_strided_rec: 1
nr_doubles: 524288
nr_of_strided_rec: 1
nr_doubles: 524288
nr_of_strided_rec: 1
nr_doubles: 524288
nr_of_strided_rec: 1
nr_doubles: 524288
nr_of_strided_rec: 1
nr_doubles: 524288
nr_of_strided_rec: 1
nr_doubles: 524288
nr_of_strided_rec: 1
nr_doubles: 524288
nr_of_strided_rec: 1
nr_doubles: 524288
nr_of_strided_rec: 1
nr_doubles: 524288
nr_of_strided_rec: 1
nr_doubles: 524288
nr_of_strided_rec: 1
nr_doubles: 524288
nr_of_strided_rec: 1
nr_doubles: 524288
nr_of_strided_rec: 1
nr_doubles: 524288
nr_of_strided_rec: 1
nr_doubles: 524288
nr_of_strided_rec: 1
nr_doubles: 524288
nr_of_strided_rec: 1
nr_doubles: 524288
nr_of_strided_rec: 1
nr_doubles: 524288
nr_of_strided_rec: 1
nr_doubles: 524288
nr_of_strided_rec: 1
nr_doubles: 524288
nr_of_strided_rec: 1
nr_doubles: 524288
nr_of_strided_rec: 1
nr_doubles: 524288
nr_of_strided_rec: 1
nr_doubles: 524288
nr_of_strided_rec: 1
nr_doubles: 524288
nr_of_strided_rec: 1
nr_doubles: 524288
nr_of_strided_rec: 1
nr_doubles: 524288
nr_of_strided_rec: 1
nr_doubles: 524288
nr_of_strided_rec: 1
nr_doubles: 524288
nr_of_strided_rec: 1
nr_doubles: 524288
nr_of_strided_rec: 1
nr_doubles: 524288
nr_of_strided_rec: 1
nr_doubles: 524288
nr_of_strided_rec: 1
nr_doubles: 524288
nr_of_strided_rec: 1
nr_doubles: 524288
nr_of_strided_rec: 1
nr_doubles: 524288
nr_of_strided_rec: 1
nr_doubles: 524288
nr_of_strided_rec: 1
nr_doubles: 524288
nr_of_strided_rec: 1
nr_doubles: 524288
nr_of_strided_rec: 1
nr_doubles: 524288
nr_of_strided_rec: 1
nr_doubles: 524288
nr_of_strided_rec: 1
nr_doubles: 524288
nr_of_strided_rec: 1
nr_doubles: 524288
nr_of_strided_rec: 1
nr_doubles: 524288
nr_of_strided_rec: 1
nr_doubles: 524288
nr_of_strided_rec: 1
nr_doubles: 524288
nr_of_strided_rec: 1
nr_doubles: 524288
nr_of_strided_rec: 1
nr_doubles: 524288
nr_of_strided_rec: 1
nr_doubles: 524288
nr_of_strided_rec: 1
nr_doubles: 524288
nr_of_strided_rec: 1
nr_doubles: 524288
nr_of_strided_rec: 1
nr_doubles: 524288
nr_of_strided_rec: 1
nr_doubles: 524288
nr_of_strided_rec: 1
nr_doubles: 524288
nr_of_strided_rec: 1
nr_doubles: 524288
nr_of_strided_rec: 1
nr_doubles: 524288
nr_of_strided_rec: 1
nr_doubles: 524288
nr_of_strided_rec: 1
nr_doubles: 524288
nr_of_strided_rec: 1
nr_doubles: 524288
nr_of_strided_rec: 1
nr_doubles: 524288
nr_of_strided_rec: 1
nr_doubles: 524288
nr_of_strided_rec: 1
nr_doubles: 524288
nr_of_strided_rec: 1
nr_doubles: 524288
nr_of_strided_rec: 1
nr_doubles: 524288
nr_of_strided_rec: 1
nr_doubles: 524288
nr_of_strided_rec: 1
nr_doubles: 524288
nr_of_strided_rec: 1
nr_doubles: 524288
nr_of_strided_rec: 1
nr_doubles: 524288
nr_of_strided_rec: 1
nr_doubles: 524288
nr_of_strided_rec: 1
nr_doubles: 524288
nr_of_strided_rec: 1
nr_doubles: 524288
nr_of_strided_rec: 1
nr_doubles: 524288
nr_of_strided_rec: 1
nr_doubles: 524288
nr_of_strided_rec: 1
nr_doubles: 524288
nr_of_strided_rec: 1
nr_doubles: 524288
nr_of_strided_rec: 1
nr_doubles: 524288
nr_of_strided_rec: 1
nr_doubles: 524288
nr_of_strided_rec: 1
nr_doubles: 524288
nr_of_strided_rec: 1
nr_doubles: 524288
nr_of_strided_rec: 1
nr_doubles: 524288
nr_of_strided_rec: 1
nr_doubles: 524288
nr_of_strided_rec: 1
nr_doubles: 524288
nr_of_strided_rec: 1
nr_doubles: 524288
nr_of_strided_rec: 1
nr_doubles: 524288
nr_of_strided_rec: 1
nr_doubles: 524288
nr_of_strided_rec: 1
nr_doubles: 524288
nr_of_strided_rec: 1
nr_doubles: 524288
nr_of_strided_rec: 1
nr_doubles: 524288
nr_of_strided_rec: 1
nr_doubles: 524288
nr_of_strided_rec: 1
nr_doubles: 524288
nr_of_strided_rec: 1
nr_doubles: 524288
nr_of_strided_rec: 1
nr_doubles: 524288
nr_of_strided_rec: 1
nr_doubles: 524288
nr_of_strided_rec: 1
nr_doubles: 524288
nr_of_strided_rec: 1
nr_doubles: 524288
nr_of_strided_rec: 1
nr_doubles: 524288
nr_of_strided_rec: 1
nr_doubles: 524288
nr_of_strided_rec: 1
nr_doubles: 524288
nr_of_strided_rec: 1
nr_doubles: 524288
nr_of_strided_rec: 1
nr_doubles: 524288
nr_of_strided_rec: 1
nr_doubles: 524288
nr_of_strided_rec: 1
nr_doubles: 524288
nr_of_strided_rec: 1
nr_doubles: 524288
nr_of_strided_rec: 1
nr_doubles: 524288
nr_of_strided_rec: 1
nr_doubles: 524288
nr_of_strided_rec: 1
nr_doubles: 524288
nr_of_strided_rec: 1
nr_doubles: 524288
nr_of_strided_rec: 1
nr_doubles: 524288
nr_of_strided_rec: 1
nr_doubles: 524288
nr_of_strided_rec: 1
nr_doubles: 524288
nr_of_strided_rec: 1
nr_doubles: 524288
nr_of_strided_rec: 1
nr_doubles: 524288
nr_of_strided_rec: 1
nr_doubles: 524288
nr_of_strided_rec: 1
nr_doubles: 524288
nr_of_strided_rec: 1
nr_doubles: 524288
nr_of_strided_rec: 1
nr_doubles: 524288
nr_of_strided_rec: 1
nr_doubles: 524288
nr_of_strided_rec: 1
nr_doubles: 524288
nr_of_strided_rec: 1
nr_doubles: 524288
nr_of_strided_rec: 1
nr_doubles: 524288
nr_of_strided_rec: 1
nr_doubles: 524288
nr_of_strided_rec: 1
nr_doubles: 524288
nr_of_strided_rec: 1
nr_doubles: 524288
nr_of_strided_rec: 1
nr_doubles: 524288
nr_of_strided_rec: 1
nr_doubles: 524288
nr_of_strided_rec: 1
nr_doubles: 524288
nr_of_strided_rec: 1
nr_doubles: 524288
nr_of_strided_rec: 1
nr_doubles: 524288
nr_of_strided_rec: 1
nr_doubles: 524288
nr_of_strided_rec: 1
nr_doubles: 524288
nr_of_strided_rec: 1
nr_doubles: 524288
nr_of_strided_rec: 1
nr_doubles: 524288
nr_of_strided_rec: 1
nr_doubles: 524288
nr_of_strided_rec: 1
nr_doubles: 524288
nr_of_strided_rec: 1
nr_doubles: 524288
nr_of_strided_rec: 1
nr_doubles: 524288
nr_of_strided_rec: 1
nr_doubles: 524288
nr_of_strided_rec: 1
nr_doubles: 524288
nr_of_strided_rec: 1
nr_doubles: 524288
nr_of_strided_rec: 1
nr_doubles: 524288
nr_of_strided_rec: 1
nr_doubles: 524288
nr_of_strided_rec: 1
nr_doubles: 524288
nr_of_strided_rec: 1
nr_doubles: 524288
nr_of_strided_rec: 1
