fclose PID:38973 fd:3
fclose PID:38973 fd:4
fclose PID:38973 fd:4
fclose PID:38973 fd:3
available: 2 nodes (0-1)
fclose PID:38973 fd:3
node 0 cpus:fclose PID:38973 fd:3
 0 1 2 3 4 5 6 7 8 9 20 21 22 23 24 25 26 27 28 29
node 0 size: 80440 MB
node 0 free: 80127 MB
fclose PID:38973 fd:3
node 1 cpus:fclose PID:38973 fd:3
 10 11 12 13 14 15 16 17 18 19 30 31 32 33 34 35 36 37 38 39
node 1 size: 80635 MB
node 1 free: 80363 MB
fclose PID:38973 fd:3
fclose PID:38973 fd:3
node distances:
node   0   1 
  0:  10  21 
  1:  21  10 
READAHEAD_TIME:0.000000 us
MaxRSS= 2196 KB, SharedMem= 0 KB, HardPageFault= 10
fclose PID:38983 fd:8
fclose PID:38992 fd:8
fclose PID:38985 fd:8
fclose PID:38978 fd:12
fclose PID:38986 fd:8
fclose PID:38991 fd:8
fclose PID:38979 fd:10
fclose PID:38987 fd:8
fclose PID:38981 fd:8
fclose PID:38989 fd:8
fclose PID:38988 fd:8
fclose PID:38980 fd:8
fclose PID:38982 fd:8
fclose PID:38984 fd:8
fclose PID:38990 fd:8
fclose PID:38993 fd:8

MADbench 2.0 IO-mode
no_pe = 16  no_pix = 8192  no_bin = 30  no_gang = 1 sblocksize = 8  fblocksize = 64  r_mod = 1  w_mod = 1 record_size=16777216 stride=7


IOMETHOD = POSIX  IOMODE = SYNC  FILETYPE = UNIQUE  REMAP = CUSTOMbuild_S
build_S
build_S
build_S
build_S
build_S
build_S
build_S
build_S
build_S
build_S
build_S
build_S
build_S
build_S
build_S

Write the data to file:33554432 bytes
***********WAITING************

Write the data to file:33554432 bytes
***********WAITING************

Write the data to file:33554432 bytes
***********WAITING************

Write the data to file:33554432 bytes
***********WAITING************

Write the data to file:33554432 bytes
***********WAITING************

Write the data to file:33554432 bytes
***********WAITING************

Write the data to file:33554432 bytes
***********WAITING************

Write the data to file:33554432 bytes
***********WAITING************

Write the data to file:33554432 bytes
***********WAITING************

Write the data to file:33554432 bytes
***********WAITING************

Write the data to file:33554432 bytes
***********WAITING************

Write the data to file:33554432 bytes
***********WAITING************

Write the data to file:33554432 bytes
***********WAITING************

Write the data to file:33554432 bytes
***********WAITING************

Write the data to file:33554432 bytes
***********WAITING************

Write the data to file:33554432 bytes
***********WAITING************

Write the data to file:33554432 bytes
***********WAITING************

Write the data to file:33554432 bytes
***********WAITING************

Write the data to file:33554432 bytes
***********WAITING************

Write the data to file:33554432 bytes
***********WAITING************

Write the data to file:33554432 bytes
***********WAITING************

Write the data to file:33554432 bytes
***********WAITING************

Write the data to file:33554432 bytes
***********WAITING************

Write the data to file:33554432 bytes
***********WAITING************

Write the data to file:33554432 bytes
***********WAITING************

Write the data to file:33554432 bytes
***********WAITING************

Write the data to file:33554432 bytes
***********WAITING************

Write the data to file:33554432 bytes
***********WAITING************

Write the data to file:33554432 bytes
***********WAITING************

Write the data to file:33554432 bytes
***********WAITING************

Write the data to file:33554432 bytes
***********WAITING************

Write the data to file:33554432 bytes
***********WAITING************

Write the data to file:33554432 bytes
***********WAITING************

Write the data to file:33554432 bytes
***********WAITING************

Write the data to file:33554432 bytes
***********WAITING************

Write the data to file:33554432 bytes
***********WAITING************

Write the data to file:33554432 bytes
***********WAITING************

Write the data to file:33554432 bytes
***********WAITING************

Write the data to file:33554432 bytes
***********WAITING************

Write the data to file:33554432 bytes
***********WAITING************

Write the data to file:33554432 bytes
***********WAITING************

Write the data to file:33554432 bytes
***********WAITING************

Write the data to file:33554432 bytes
***********WAITING************

Write the data to file:33554432 bytes
***********WAITING************

Write the data to file:33554432 bytes
***********WAITING************

Write the data to file:33554432 bytes
***********WAITING************

Write the data to file:33554432 bytes
***********WAITING************

Write the data to file:33554432 bytes
***********WAITING************

Write the data to file:33554432 bytes
***********WAITING************

Write the data to file:33554432 bytes
***********WAITING************

Write the data to file:33554432 bytes
***********WAITING************

Write the data to file:33554432 bytes
***********WAITING************

Write the data to file:33554432 bytes
***********WAITING************

Write the data to file:33554432 bytes
***********WAITING************

Write the data to file:33554432 bytes
***********WAITING************

Write the data to file:33554432 bytes
***********WAITING************

Write the data to file:33554432 bytes
***********WAITING************

Write the data to file:33554432 bytes
***********WAITING************

Write the data to file:33554432 bytes
***********WAITING************

Write the data to file:33554432 bytes
***********WAITING************

Write the data to file:33554432 bytes
***********WAITING************

Write the data to file:33554432 bytes
***********WAITING************

Write the data to file:33554432 bytes
***********WAITING************

Write the data to file:33554432 bytes
***********WAITING************

Write the data to file:33554432 bytes
***********WAITING************

Write the data to file:33554432 bytes
***********WAITING************

Write the data to file:33554432 bytes
***********WAITING************

Write the data to file:33554432 bytes
***********WAITING************

Write the data to file:33554432 bytes
***********WAITING************

Write the data to file:33554432 bytes
***********WAITING************

Write the data to file:33554432 bytes
***********WAITING************

Write the data to file:33554432 bytes
***********WAITING************

Write the data to file:33554432 bytes
***********WAITING************

Write the data to file:33554432 bytes
***********WAITING************

Write the data to file:33554432 bytes
***********WAITING************

Write the data to file:33554432 bytes
***********WAITING************

Write the data to file:33554432 bytes
***********WAITING************

Write the data to file:33554432 bytes
***********WAITING************

Write the data to file:33554432 bytes
***********WAITING************

Write the data to file:33554432 bytes
***********WAITING************

Write the data to file:33554432 bytes
***********WAITING************

Write the data to file:33554432 bytes
***********WAITING************

Write the data to file:33554432 bytes
***********WAITING************

Write the data to file:33554432 bytes
***********WAITING************

Write the data to file:33554432 bytes
***********WAITING************

Write the data to file:33554432 bytes
***********WAITING************

Write the data to file:33554432 bytes
***********WAITING************

Write the data to file:33554432 bytes
***********WAITING************

Write the data to file:33554432 bytes
***********WAITING************

Write the data to file:33554432 bytes
***********WAITING************

Write the data to file:33554432 bytes
***********WAITING************

Write the data to file:33554432 bytes
***********WAITING************

Write the data to file:33554432 bytes
***********WAITING************

Write the data to file:33554432 bytes
***********WAITING************

Write the data to file:33554432 bytes
***********WAITING************

Write the data to file:33554432 bytes
***********WAITING************

Write the data to file:33554432 bytes
***********WAITING************

Write the data to file:33554432 bytes
***********WAITING************

Write the data to file:33554432 bytes
***********WAITING************

Write the data to file:33554432 bytes
***********WAITING************

Write the data to file:33554432 bytes
***********WAITING************

Write the data to file:33554432 bytes
***********WAITING************

Write the data to file:33554432 bytes
***********WAITING************

Write the data to file:33554432 bytes
***********WAITING************

Write the data to file:33554432 bytes
***********WAITING************

Write the data to file:33554432 bytes
***********WAITING************

Write the data to file:33554432 bytes
***********WAITING************

Write the data to file:33554432 bytes
***********WAITING************

Write the data to file:33554432 bytes
***********WAITING************

Write the data to file:33554432 bytes
***********WAITING************

Write the data to file:33554432 bytes
***********WAITING************

Write the data to file:33554432 bytes
***********WAITING************

Write the data to file:33554432 bytes
***********WAITING************

Write the data to file:33554432 bytes
***********WAITING************

Write the data to file:33554432 bytes
***********WAITING************

Write the data to file:33554432 bytes
***********WAITING************

Write the data to file:33554432 bytes
***********WAITING************

Write the data to file:33554432 bytes
***********WAITING************

Write the data to file:33554432 bytes
***********WAITING************

Write the data to file:33554432 bytes
***********WAITING************

Write the data to file:33554432 bytes
***********WAITING************

Write the data to file:33554432 bytes
***********WAITING************

Write the data to file:33554432 bytes
***********WAITING************

Write the data to file:33554432 bytes
***********WAITING************

Write the data to file:33554432 bytes
***********WAITING************

Write the data to file:33554432 bytes
***********WAITING************

Write the data to file:33554432 bytes
***********WAITING************

Write the data to file:33554432 bytes
***********WAITING************

Write the data to file:33554432 bytes
***********WAITING************

Write the data to file:33554432 bytes
***********WAITING************

Write the data to file:33554432 bytes
***********WAITING************

Write the data to file:33554432 bytes
***********WAITING************

Write the data to file:33554432 bytes
***********WAITING************

Write the data to file:33554432 bytes
***********WAITING************

Write the data to file:33554432 bytes
***********WAITING************

Write the data to file:33554432 bytes
***********WAITING************

Write the data to file:33554432 bytes
***********WAITING************

Write the data to file:33554432 bytes
***********WAITING************

Write the data to file:33554432 bytes
***********WAITING************

Write the data to file:33554432 bytes
***********WAITING************

Write the data to file:33554432 bytes
***********WAITING************

Write the data to file:33554432 bytes
***********WAITING************

Write the data to file:33554432 bytes
***********WAITING************

Write the data to file:33554432 bytes
***********WAITING************

Write the data to file:33554432 bytes
***********WAITING************

Write the data to file:33554432 bytes
***********WAITING************

Write the data to file:33554432 bytes
***********WAITING************

Write the data to file:33554432 bytes
***********WAITING************

Write the data to file:33554432 bytes
***********WAITING************

Write the data to file:33554432 bytes
***********WAITING************

Write the data to file:33554432 bytes
***********WAITING************

Write the data to file:33554432 bytes
***********WAITING************

Write the data to file:33554432 bytes
***********WAITING************

Write the data to file:33554432 bytes
***********WAITING************

Write the data to file:33554432 bytes
***********WAITING************

Write the data to file:33554432 bytes
***********WAITING************

Write the data to file:33554432 bytes
***********WAITING************

Write the data to file:33554432 bytes
***********WAITING************

Write the data to file:33554432 bytes
***********WAITING************

Write the data to file:33554432 bytes
***********WAITING************

Write the data to file:33554432 bytes
***********WAITING************

Write the data to file:33554432 bytes
***********WAITING************

Write the data to file:33554432 bytes
***********WAITING************

Write the data to file:33554432 bytes
***********WAITING************

Write the data to file:33554432 bytes
***********WAITING************

Write the data to file:33554432 bytes
***********WAITING************

Write the data to file:33554432 bytes
***********WAITING************

Write the data to file:33554432 bytes
***********WAITING************

Write the data to file:33554432 bytes
***********WAITING************

Write the data to file:33554432 bytes
***********WAITING************

Write the data to file:33554432 bytes
***********WAITING************

Write the data to file:33554432 bytes
***********WAITING************

Write the data to file:33554432 bytes
***********WAITING************

Write the data to file:33554432 bytes
***********WAITING************

Write the data to file:33554432 bytes
***********WAITING************

Write the data to file:33554432 bytes
***********WAITING************

Write the data to file:33554432 bytes
***********WAITING************

Write the data to file:33554432 bytes
***********WAITING************

Write the data to file:33554432 bytes
***********WAITING************

Write the data to file:33554432 bytes
***********WAITING************

Write the data to file:33554432 bytes
***********WAITING************

Write the data to file:33554432 bytes
***********WAITING************

Write the data to file:33554432 bytes
***********WAITING************

Write the data to file:33554432 bytes
***********WAITING************

Write the data to file:33554432 bytes
***********WAITING************

Write the data to file:33554432 bytes
***********WAITING************

Write the data to file:33554432 bytes
***********WAITING************

Write the data to file:33554432 bytes
***********WAITING************

Write the data to file:33554432 bytes
***********WAITING************

Write the data to file:33554432 bytes
***********WAITING************

Write the data to file:33554432 bytes
***********WAITING************

Write the data to file:33554432 bytes
***********WAITING************

Write the data to file:33554432 bytes
***********WAITING************

Write the data to file:33554432 bytes
***********WAITING************

Write the data to file:33554432 bytes
***********WAITING************

Write the data to file:33554432 bytes
***********WAITING************

Write the data to file:33554432 bytes
***********WAITING************

Write the data to file:33554432 bytes
***********WAITING************

Write the data to file:33554432 bytes
***********WAITING************

Write the data to file:33554432 bytes
***********WAITING************

Write the data to file:33554432 bytes
***********WAITING************

Write the data to file:33554432 bytes
***********WAITING************

Write the data to file:33554432 bytes
***********WAITING************

Write the data to file:33554432 bytes
***********WAITING************

Write the data to file:33554432 bytes
***********WAITING************

Write the data to file:33554432 bytes
***********WAITING************

Write the data to file:33554432 bytes
***********WAITING************

Write the data to file:33554432 bytes
***********WAITING************

Write the data to file:33554432 bytes
***********WAITING************

Write the data to file:33554432 bytes
***********WAITING************

Write the data to file:33554432 bytes
***********WAITING************

Write the data to file:33554432 bytes
***********WAITING************

Write the data to file:33554432 bytes
***********WAITING************

Write the data to file:33554432 bytes
***********WAITING************

Write the data to file:33554432 bytes
***********WAITING************

Write the data to file:33554432 bytes
***********WAITING************

Write the data to file:33554432 bytes
***********WAITING************

Write the data to file:33554432 bytes
***********WAITING************

Write the data to file:33554432 bytes
***********WAITING************

Write the data to file:33554432 bytes
***********WAITING************

Write the data to file:33554432 bytes
***********WAITING************

Write the data to file:33554432 bytes
***********WAITING************

Write the data to file:33554432 bytes
***********WAITING************

Write the data to file:33554432 bytes
***********WAITING************

Write the data to file:33554432 bytes
***********WAITING************

Write the data to file:33554432 bytes
***********WAITING************

Write the data to file:33554432 bytes
***********WAITING************

Write the data to file:33554432 bytes
***********WAITING************

Write the data to file:33554432 bytes
***********WAITING************

Write the data to file:33554432 bytes
***********WAITING************

Write the data to file:33554432 bytes
***********WAITING************

Write the data to file:33554432 bytes
***********WAITING************

Write the data to file:33554432 bytes
***********WAITING************

Write the data to file:33554432 bytes
***********WAITING************

Write the data to file:33554432 bytes
***********WAITING************

Write the data to file:33554432 bytes
***********WAITING************

Write the data to file:33554432 bytes
***********WAITING************

Write the data to file:33554432 bytes
***********WAITING************

Write the data to file:33554432 bytes
***********WAITING************

Write the data to file:33554432 bytes
***********WAITING************

Write the data to file:33554432 bytes
***********WAITING************

Write the data to file:33554432 bytes
***********WAITING************

Write the data to file:33554432 bytes
***********WAITING************

Write the data to file:33554432 bytes
***********WAITING************

Write the data to file:33554432 bytes
***********WAITING************

Write the data to file:33554432 bytes
***********WAITING************

Write the data to file:33554432 bytes
***********WAITING************

Write the data to file:33554432 bytes
***********WAITING************

Write the data to file:33554432 bytes
***********WAITING************

Write the data to file:33554432 bytes
***********WAITING************

Write the data to file:33554432 bytes
***********WAITING************

Write the data to file:33554432 bytes
***********WAITING************

Write the data to file:33554432 bytes
***********WAITING************

Write the data to file:33554432 bytes
***********WAITING************

Write the data to file:33554432 bytes
***********WAITING************

Write the data to file:33554432 bytes
***********WAITING************

Write the data to file:33554432 bytes
***********WAITING************

Write the data to file:33554432 bytes
***********WAITING************

Write the data to file:33554432 bytes
***********WAITING************

Write the data to file:33554432 bytes
***********WAITING************

Write the data to file:33554432 bytes
***********WAITING************

Write the data to file:33554432 bytes
***********WAITING************

Write the data to file:33554432 bytes
***********WAITING************

Write the data to file:33554432 bytes
***********WAITING************

Write the data to file:33554432 bytes
***********WAITING************

Write the data to file:33554432 bytes
***********WAITING************

Write the data to file:33554432 bytes
***********WAITING************

Write the data to file:33554432 bytes
***********WAITING************

Write the data to file:33554432 bytes
***********WAITING************

Write the data to file:33554432 bytes
***********WAITING************

Write the data to file:33554432 bytes
***********WAITING************

Write the data to file:33554432 bytes
***********WAITING************

Write the data to file:33554432 bytes
***********WAITING************

Write the data to file:33554432 bytes
***********WAITING************

Write the data to file:33554432 bytes
***********WAITING************

Write the data to file:33554432 bytes
***********WAITING************

Write the data to file:33554432 bytes
***********WAITING************

Write the data to file:33554432 bytes
***********WAITING************

Write the data to file:33554432 bytes
***********WAITING************

Write the data to file:33554432 bytes
***********WAITING************

Write the data to file:33554432 bytes
***********WAITING************

Write the data to file:33554432 bytes
***********WAITING************

Write the data to file:33554432 bytes
***********WAITING************

Write the data to file:33554432 bytes
***********WAITING************

Write the data to file:33554432 bytes
***********WAITING************

Write the data to file:33554432 bytes
***********WAITING************

Write the data to file:33554432 bytes
***********WAITING************

Write the data to file:33554432 bytes
***********WAITING************

Write the data to file:33554432 bytes
***********WAITING************

Write the data to file:33554432 bytes
***********WAITING************

Write the data to file:33554432 bytes
***********WAITING************

Write the data to file:33554432 bytes
***********WAITING************

Write the data to file:33554432 bytes
***********WAITING************

Write the data to file:33554432 bytes
***********WAITING************

Write the data to file:33554432 bytes
***********WAITING************

Write the data to file:33554432 bytes
***********WAITING************

Write the data to file:33554432 bytes
***********WAITING************

Write the data to file:33554432 bytes
***********WAITING************

Write the data to file:33554432 bytes
***********WAITING************

Write the data to file:33554432 bytes
***********WAITING************

Write the data to file:33554432 bytes
***********WAITING************

Write the data to file:33554432 bytes
***********WAITING************

Write the data to file:33554432 bytes
***********WAITING************

Write the data to file:33554432 bytes
***********WAITING************

Write the data to file:33554432 bytes
***********WAITING************

Write the data to file:33554432 bytes
***********WAITING************

Write the data to file:33554432 bytes
***********WAITING************

Write the data to file:33554432 bytes
***********WAITING************

Write the data to file:33554432 bytes
***********WAITING************

Write the data to file:33554432 bytes
***********WAITING************

Write the data to file:33554432 bytes
***********WAITING************

Write the data to file:33554432 bytes
***********WAITING************

Write the data to file:33554432 bytes
***********WAITING************

Write the data to file:33554432 bytes
***********WAITING************

Write the data to file:33554432 bytes
***********WAITING************

Write the data to file:33554432 bytes
***********WAITING************

Write the data to file:33554432 bytes
***********WAITING************

Write the data to file:33554432 bytes
***********WAITING************

Write the data to file:33554432 bytes
***********WAITING************

Write the data to file:33554432 bytes
***********WAITING************

Write the data to file:33554432 bytes
***********WAITING************

Write the data to file:33554432 bytes
***********WAITING************

Write the data to file:33554432 bytes
***********WAITING************

Write the data to file:33554432 bytes
***********WAITING************

Write the data to file:33554432 bytes
***********WAITING************

Write the data to file:33554432 bytes
***********WAITING************

Write the data to file:33554432 bytes
***********WAITING************

Write the data to file:33554432 bytes
***********WAITING************

Write the data to file:33554432 bytes
***********WAITING************

Write the data to file:33554432 bytes
***********WAITING************

Write the data to file:33554432 bytes
***********WAITING************

Write the data to file:33554432 bytes
***********WAITING************

Write the data to file:33554432 bytes
***********WAITING************

Write the data to file:33554432 bytes
***********WAITING************

Write the data to file:33554432 bytes
***********WAITING************

Write the data to file:33554432 bytes
***********WAITING************

Write the data to file:33554432 bytes
***********WAITING************

Write the data to file:33554432 bytes
***********WAITING************

Write the data to file:33554432 bytes
***********WAITING************

Write the data to file:33554432 bytes
***********WAITING************

Write the data to file:33554432 bytes
***********WAITING************

Write the data to file:33554432 bytes
***********WAITING************

Write the data to file:33554432 bytes
***********WAITING************

Write the data to file:33554432 bytes
***********WAITING************

Write the data to file:33554432 bytes
***********WAITING************

Write the data to file:33554432 bytes
***********WAITING************

Write the data to file:33554432 bytes
***********WAITING************

Write the data to file:33554432 bytes
***********WAITING************

Write the data to file:33554432 bytes
***********WAITING************

Write the data to file:33554432 bytes
***********WAITING************

Write the data to file:33554432 bytes
***********WAITING************

Write the data to file:33554432 bytes
***********WAITING************

Write the data to file:33554432 bytes
***********WAITING************

Write the data to file:33554432 bytes
***********WAITING************

Write the data to file:33554432 bytes
***********WAITING************

Write the data to file:33554432 bytes
***********WAITING************

Write the data to file:33554432 bytes
***********WAITING************

Write the data to file:33554432 bytes
***********WAITING************

Write the data to file:33554432 bytes
***********WAITING************

Write the data to file:33554432 bytes
***********WAITING************

Write the data to file:33554432 bytes
***********WAITING************

Write the data to file:33554432 bytes
***********WAITING************

Write the data to file:33554432 bytes
***********WAITING************

Write the data to file:33554432 bytes
***********WAITING************

Write the data to file:33554432 bytes
***********WAITING************

Write the data to file:33554432 bytes
***********WAITING************

Write the data to file:33554432 bytes
***********WAITING************

Write the data to file:33554432 bytes
***********WAITING************

Write the data to file:33554432 bytes
***********WAITING************

Write the data to file:33554432 bytes
***********WAITING************

Write the data to file:33554432 bytes
***********WAITING************

Write the data to file:33554432 bytes
***********WAITING************

Write the data to file:33554432 bytes
***********WAITING************

Write the data to file:33554432 bytes
***********WAITING************

Write the data to file:33554432 bytes
***********WAITING************

Write the data to file:33554432 bytes
***********WAITING************

Write the data to file:33554432 bytes
***********WAITING************

Write the data to file:33554432 bytes
***********WAITING************

Write the data to file:33554432 bytes
***********WAITING************

Write the data to file:33554432 bytes
***********WAITING************

Write the data to file:33554432 bytes
***********WAITING************

Write the data to file:33554432 bytes
***********WAITING************

Write the data to file:33554432 bytes
***********WAITING************

Write the data to file:33554432 bytes
***********WAITING************

Write the data to file:33554432 bytes
***********WAITING************

Write the data to file:33554432 bytes
***********WAITING************

Write the data to file:33554432 bytes
***********WAITING************

Write the data to file:33554432 bytes
***********WAITING************

Write the data to file:33554432 bytes
***********WAITING************

Write the data to file:33554432 bytes
***********WAITING************

Write the data to file:33554432 bytes
***********WAITING************

Write the data to file:33554432 bytes
***********WAITING************

Write the data to file:33554432 bytes
***********WAITING************

Write the data to file:33554432 bytes
***********WAITING************

Write the data to file:33554432 bytes
***********WAITING************

Write the data to file:33554432 bytes
***********WAITING************

Write the data to file:33554432 bytes
***********WAITING************

Write the data to file:33554432 bytes
***********WAITING************

Write the data to file:33554432 bytes
***********WAITING************

Write the data to file:33554432 bytes
***********WAITING************

Write the data to file:33554432 bytes
***********WAITING************

Write the data to file:33554432 bytes
***********WAITING************

Write the data to file:33554432 bytes
***********WAITING************

Write the data to file:33554432 bytes
***********WAITING************

Write the data to file:33554432 bytes
***********WAITING************

Write the data to file:33554432 bytes
***********WAITING************

Write the data to file:33554432 bytes
***********WAITING************

Write the data to file:33554432 bytes
***********WAITING************

Write the data to file:33554432 bytes
***********WAITING************

Write the data to file:33554432 bytes
***********WAITING************

Write the data to file:33554432 bytes
***********WAITING************

Write the data to file:33554432 bytes
***********WAITING************

Write the data to file:33554432 bytes
***********WAITING************

Write the data to file:33554432 bytes
***********WAITING************

Write the data to file:33554432 bytes
***********WAITING************

Write the data to file:33554432 bytes
***********WAITING************

Write the data to file:33554432 bytes
***********WAITING************

Write the data to file:33554432 bytes
***********WAITING************

Write the data to file:33554432 bytes
***********WAITING************

Write the data to file:33554432 bytes
***********WAITING************

Write the data to file:33554432 bytes
***********WAITING************

Write the data to file:33554432 bytes
***********WAITING************

Write the data to file:33554432 bytes
***********WAITING************

Write the data to file:33554432 bytes
***********WAITING************

Write the data to file:33554432 bytes
***********WAITING************

Write the data to file:33554432 bytes
***********WAITING************

Write the data to file:33554432 bytes
***********WAITING************

Write the data to file:33554432 bytes
***********WAITING************

Write the data to file:33554432 bytes
***********WAITING************

Write the data to file:33554432 bytes
***********WAITING************

Write the data to file:33554432 bytes
***********WAITING************

Write the data to file:33554432 bytes
***********WAITING************

Write the data to file:33554432 bytes
***********WAITING************

Write the data to file:33554432 bytes
***********WAITING************

Write the data to file:33554432 bytes
***********WAITING************

Write the data to file:33554432 bytes
***********WAITING************

Write the data to file:33554432 bytes
***********WAITING************

Write the data to file:33554432 bytes
***********WAITING************

Write the data to file:33554432 bytes
***********WAITING************

Write the data to file:33554432 bytes
***********WAITING************

Write the data to file:33554432 bytes
***********WAITING************

Write the data to file:33554432 bytes
***********WAITING************

Write the data to file:33554432 bytes
***********WAITING************

Write the data to file:33554432 bytes
***********WAITING************

Write the data to file:33554432 bytes
***********WAITING************

Write the data to file:33554432 bytes
***********WAITING************

Write the data to file:33554432 bytes
***********WAITING************

Write the data to file:33554432 bytes
***********WAITING************

Write the data to file:33554432 bytes
***********WAITING************

Write the data to file:33554432 bytes
***********WAITING************

Write the data to file:33554432 bytes
***********WAITING************

Write the data to file:33554432 bytes
***********WAITING************

Write the data to file:33554432 bytes
***********WAITING************

Write the data to file:33554432 bytes
***********WAITING************

Write the data to file:33554432 bytes
***********WAITING************

Write the data to file:33554432 bytes
***********WAITING************

Write the data to file:33554432 bytes
***********WAITING************

Write the data to file:33554432 bytes
***********WAITING************

Write the data to file:33554432 bytes
***********WAITING************

Write the data to file:33554432 bytes
***********WAITING************

Write the data to file:33554432 bytes
***********WAITING************

Write the data to file:33554432 bytes
***********WAITING************

Write the data to file:33554432 bytes
***********WAITING************

Write the data to file:33554432 bytes
***********WAITING************

Write the data to file:33554432 bytes
***********WAITING************

Write the data to file:33554432 bytes
***********WAITING************

Write the data to file:33554432 bytes
***********WAITING************

Write the data to file:33554432 bytes
***********WAITING************

Write the data to file:33554432 bytes
***********WAITING************

Write the data to file:33554432 bytes
***********WAITING************

Write the data to file:33554432 bytes
***********WAITING************

Write the data to file:33554432 bytes
***********WAITING************

Write the data to file:33554432 bytes
***********WAITING************

Write the data to file:33554432 bytes
***********WAITING************

Write the data to file:33554432 bytes
***********WAITING************

Write the data to file:33554432 bytes
***********WAITING************

Write the data to file:33554432 bytes
***********WAITING************

Write the data to file:33554432 bytes
***********WAITING************

Write the data to file:33554432 bytes
***********WAITING************

Write the data to file:33554432 bytes
***********WAITING************
S_cc         0.92   [      0.91:      0.93]
S_bw         0.24   [      0.24:      0.24]
S_w         32.83   [     32.83:     32.83]
          -------
S_total     33.99   [     33.98:     33.99]

build_S done
calc_W
build_S done
calc_W
nr_of_strided_rec: 0
WARNING: RECORD_SIZE >> READ_NEEDED
nr_doubles: 4194304
build_S done
calc_W
nr_of_strided_rec: 0
WARNING: RECORD_SIZE >> READ_NEEDED
nr_doubles: 4194304
build_S done
calc_W
nr_of_strided_rec: 0
WARNING: RECORD_SIZE >> READ_NEEDED
nr_doubles: 4194304
build_S done
calc_W
nr_of_strided_rec: 0
WARNING: RECORD_SIZE >> READ_NEEDED
nr_doubles: 4194304
build_S done
calc_W
nr_of_strided_rec: 0
WARNING: RECORD_SIZE >> READ_NEEDED
nr_doubles: 4194304
build_S done
calc_W
nr_of_strided_rec: 0
WARNING: RECORD_SIZE >> READ_NEEDED
nr_doubles: 4194304
build_S done
calc_W
nr_of_strided_rec: 0
WARNING: RECORD_SIZE >> READ_NEEDED
nr_doubles: 4194304
build_S done
calc_W
nr_of_strided_rec: 0
WARNING: RECORD_SIZE >> READ_NEEDED
nr_doubles: 4194304
build_S done
calc_W
nr_of_strided_rec: 0
WARNING: RECORD_SIZE >> READ_NEEDED
nr_doubles: 4194304
build_S done
calc_W
nr_of_strided_rec: 0
WARNING: RECORD_SIZE >> READ_NEEDED
nr_doubles: 4194304
build_S done
calc_W
nr_of_strided_rec: 0
WARNING: RECORD_SIZE >> READ_NEEDED
nr_doubles: 4194304
build_S done
calc_W
nr_of_strided_rec: 0
WARNING: RECORD_SIZE >> READ_NEEDED
nr_doubles: 4194304
build_S done
calc_W
nr_of_strided_rec: 0
WARNING: RECORD_SIZE >> READ_NEEDED
nr_doubles: 4194304
build_S done
calc_W
nr_of_strided_rec: 0
WARNING: RECORD_SIZE >> READ_NEEDED
nr_doubles: 4194304
build_S done
calc_W
nr_of_strided_rec: 0
WARNING: RECORD_SIZE >> READ_NEEDED
nr_doubles: 4194304
nr_of_strided_rec: 0
WARNING: RECORD_SIZE >> READ_NEEDED
nr_doubles: 4194304
nr_of_strided_rec: 1
nr_doubles: 4194304
nr_of_strided_rec: 1
nr_doubles: 4194304
nr_of_strided_rec: 1
nr_doubles: 4194304
nr_of_strided_rec: 1
nr_doubles: 4194304
nr_of_strided_rec: 1
nr_doubles: 4194304
nr_of_strided_rec: 1
nr_doubles: 4194304
nr_of_strided_rec: 1
nr_doubles: 4194304
nr_of_strided_rec: 1
nr_doubles: 4194304
nr_of_strided_rec: 1
nr_doubles: 4194304
nr_of_strided_rec: 1
nr_doubles: 4194304
nr_of_strided_rec: 1
nr_doubles: 4194304
nr_of_strided_rec: 1
nr_doubles: 4194304
nr_of_strided_rec: 1
nr_doubles: 4194304
nr_of_strided_rec: 1
nr_doubles: 4194304
nr_of_strided_rec: 1
nr_doubles: 4194304
nr_of_strided_rec: 1
nr_doubles: 4194304

Write the data to file:33554432 bytes
***********WAITING************

Write the data to file:33554432 bytes
***********WAITING************

Write the data to file:33554432 bytes
***********WAITING************

Write the data to file:33554432 bytes
***********WAITING************

Write the data to file:33554432 bytes
***********WAITING************

Write the data to file:33554432 bytes
***********WAITING************

Write the data to file:33554432 bytes
***********WAITING************

Write the data to file:33554432 bytes
***********WAITING************

Write the data to file:33554432 bytes
***********WAITING************

Write the data to file:33554432 bytes
***********WAITING************

Write the data to file:33554432 bytes
***********WAITING************

Write the data to file:33554432 bytes
***********WAITING************

Write the data to file:33554432 bytes
***********WAITING************

Write the data to file:33554432 bytes
***********WAITING************

Write the data to file:33554432 bytes
***********WAITING************

Write the data to file:33554432 bytes
***********WAITING************
nr_of_strided_rec: 1
nr_doubles: 4194304
nr_of_strided_rec: 1
nr_doubles: 4194304
nr_of_strided_rec: 1
nr_doubles: 4194304
nr_of_strided_rec: 1
nr_doubles: 4194304
nr_of_strided_rec: 1
nr_doubles: 4194304
nr_of_strided_rec: 1
nr_doubles: 4194304
nr_of_strided_rec: 1
nr_doubles: 4194304
nr_of_strided_rec: 1
nr_doubles: 4194304
nr_of_strided_rec: 1
nr_doubles: 4194304
nr_of_strided_rec: 1
nr_doubles: 4194304
nr_of_strided_rec: 1
nr_doubles: 4194304
nr_of_strided_rec: 1
nr_doubles: 4194304
nr_of_strided_rec: 1
nr_doubles: 4194304
nr_of_strided_rec: 1
nr_doubles: 4194304
nr_of_strided_rec: 1
nr_doubles: 4194304
nr_of_strided_rec: 1
nr_doubles: 4194304

Write the data to file:33554432 bytes
***********WAITING************

Write the data to file:33554432 bytes
***********WAITING************

Write the data to file:33554432 bytes
***********WAITING************

Write the data to file:33554432 bytes
***********WAITING************

Write the data to file:33554432 bytes
***********WAITING************

Write the data to file:33554432 bytes
***********WAITING************

Write the data to file:33554432 bytes
***********WAITING************

Write the data to file:33554432 bytes
***********WAITING************

Write the data to file:33554432 bytes
***********WAITING************

Write the data to file:33554432 bytes
***********WAITING************

Write the data to file:33554432 bytes
***********WAITING************

Write the data to file:33554432 bytes
***********WAITING************

Write the data to file:33554432 bytes
***********WAITING************

Write the data to file:33554432 bytes
***********WAITING************

Write the data to file:33554432 bytes
***********WAITING************

Write the data to file:33554432 bytes
***********WAITING************
nr_of_strided_rec: 1
nr_doubles: 4194304
nr_of_strided_rec: 1
nr_doubles: 4194304
nr_of_strided_rec: 1
nr_doubles: 4194304
nr_of_strided_rec: 1
nr_doubles: 4194304
nr_of_strided_rec: 1
nr_doubles: 4194304
nr_of_strided_rec: 1
nr_doubles: 4194304
nr_of_strided_rec: 1
nr_doubles: 4194304
nr_of_strided_rec: 1
nr_doubles: 4194304
nr_of_strided_rec: 1
nr_doubles: 4194304
nr_of_strided_rec: 1
nr_doubles: 4194304
nr_of_strided_rec: 1
nr_doubles: 4194304
nr_of_strided_rec: 1
nr_doubles: 4194304
nr_of_strided_rec: 1
nr_doubles: 4194304
nr_of_strided_rec: 1
nr_doubles: 4194304
nr_of_strided_rec: 1
nr_doubles: 4194304
nr_of_strided_rec: 1
nr_doubles: 4194304

Write the data to file:33554432 bytes
***********WAITING************

Write the data to file:33554432 bytes
***********WAITING************

Write the data to file:33554432 bytes
***********WAITING************

Write the data to file:33554432 bytes
***********WAITING************

Write the data to file:33554432 bytes
***********WAITING************

Write the data to file:33554432 bytes
***********WAITING************

Write the data to file:33554432 bytes
***********WAITING************

Write the data to file:33554432 bytes
***********WAITING************

Write the data to file:33554432 bytes
***********WAITING************

Write the data to file:33554432 bytes
***********WAITING************

Write the data to file:33554432 bytes
***********WAITING************

Write the data to file:33554432 bytes
***********WAITING************

Write the data to file:33554432 bytes
***********WAITING************

Write the data to file:33554432 bytes
***********WAITING************

Write the data to file:33554432 bytes
***********WAITING************

Write the data to file:33554432 bytes
***********WAITING************
nr_of_strided_rec: 1
nr_doubles: 4194304
nr_of_strided_rec: 1
nr_doubles: 4194304
nr_of_strided_rec: 1
nr_doubles: 4194304
nr_of_strided_rec: 1
nr_doubles: 4194304
nr_of_strided_rec: 1
nr_doubles: 4194304
nr_of_strided_rec: 1
nr_doubles: 4194304
nr_of_strided_rec: 1
nr_doubles: 4194304
nr_of_strided_rec: 1
nr_doubles: 4194304
nr_of_strided_rec: 1
nr_doubles: 4194304
nr_of_strided_rec: 1
nr_doubles: 4194304
nr_of_strided_rec: 1
nr_doubles: 4194304
nr_of_strided_rec: 1
nr_doubles: 4194304
nr_of_strided_rec: 1
nr_doubles: 4194304
nr_of_strided_rec: 1
nr_doubles: 4194304
nr_of_strided_rec: 1
nr_doubles: 4194304
nr_of_strided_rec: 1
nr_doubles: 4194304

Write the data to file:33554432 bytes
***********WAITING************

Write the data to file:33554432 bytes
***********WAITING************

Write the data to file:33554432 bytes
***********WAITING************

Write the data to file:33554432 bytes
***********WAITING************

Write the data to file:33554432 bytes
***********WAITING************

Write the data to file:33554432 bytes
***********WAITING************

Write the data to file:33554432 bytes
***********WAITING************

Write the data to file:33554432 bytes
***********WAITING************

Write the data to file:33554432 bytes
***********WAITING************

Write the data to file:33554432 bytes
***********WAITING************

Write the data to file:33554432 bytes
***********WAITING************

Write the data to file:33554432 bytes
***********WAITING************

Write the data to file:33554432 bytes
***********WAITING************

Write the data to file:33554432 bytes
***********WAITING************

Write the data to file:33554432 bytes
***********WAITING************

Write the data to file:33554432 bytes
***********WAITING************
nr_of_strided_rec: 1
nr_doubles: 4194304
nr_of_strided_rec: 1
nr_doubles: 4194304
nr_of_strided_rec: 1
nr_doubles: 4194304
nr_of_strided_rec: 1
nr_doubles: 4194304
nr_of_strided_rec: 1
nr_doubles: 4194304
nr_of_strided_rec: 1
nr_doubles: 4194304
nr_of_strided_rec: 1
nr_doubles: 4194304
nr_of_strided_rec: 1
nr_doubles: 4194304
nr_of_strided_rec: 1
nr_doubles: 4194304
nr_of_strided_rec: 1
nr_doubles: 4194304
nr_of_strided_rec: 1
nr_doubles: 4194304
nr_of_strided_rec: 1
nr_doubles: 4194304
nr_of_strided_rec: 1
nr_doubles: 4194304
nr_of_strided_rec: 1
nr_doubles: 4194304
nr_of_strided_rec: 1
nr_doubles: 4194304
nr_of_strided_rec: 1
nr_doubles: 4194304

Write the data to file:33554432 bytes
***********WAITING************

Write the data to file:33554432 bytes
***********WAITING************

Write the data to file:33554432 bytes
***********WAITING************

Write the data to file:33554432 bytes
***********WAITING************

Write the data to file:33554432 bytes
***********WAITING************

Write the data to file:33554432 bytes
***********WAITING************

Write the data to file:33554432 bytes
***********WAITING************

Write the data to file:33554432 bytes
***********WAITING************

Write the data to file:33554432 bytes
***********WAITING************

Write the data to file:33554432 bytes
***********WAITING************

Write the data to file:33554432 bytes
***********WAITING************

Write the data to file:33554432 bytes
***********WAITING************

Write the data to file:33554432 bytes
***********WAITING************

Write the data to file:33554432 bytes
***********WAITING************

Write the data to file:33554432 bytes
***********WAITING************

Write the data to file:33554432 bytes
***********WAITING************
nr_of_strided_rec: 1
nr_doubles: 4194304
nr_of_strided_rec: 1
nr_doubles: 4194304
nr_of_strided_rec: 1
nr_doubles: 4194304
nr_of_strided_rec: 1
nr_doubles: 4194304
nr_of_strided_rec: 1
nr_doubles: 4194304
nr_of_strided_rec: 1
nr_doubles: 4194304
nr_of_strided_rec: 1
nr_doubles: 4194304
nr_of_strided_rec: 1
nr_doubles: 4194304
nr_of_strided_rec: 1
nr_doubles: 4194304
nr_of_strided_rec: 1
nr_doubles: 4194304
nr_of_strided_rec: 1
nr_doubles: 4194304
nr_of_strided_rec: 1
nr_doubles: 4194304
nr_of_strided_rec: 1
nr_doubles: 4194304
nr_of_strided_rec: 1
nr_doubles: 4194304
nr_of_strided_rec: 1
nr_doubles: 4194304
nr_of_strided_rec: 1
nr_doubles: 4194304

Write the data to file:33554432 bytes
***********WAITING************

Write the data to file:33554432 bytes
***********WAITING************

Write the data to file:33554432 bytes
***********WAITING************

Write the data to file:33554432 bytes
***********WAITING************

Write the data to file:33554432 bytes
***********WAITING************

Write the data to file:33554432 bytes
***********WAITING************

Write the data to file:33554432 bytes
***********WAITING************

Write the data to file:33554432 bytes
***********WAITING************

Write the data to file:33554432 bytes
***********WAITING************

Write the data to file:33554432 bytes
***********WAITING************

Write the data to file:33554432 bytes
***********WAITING************

Write the data to file:33554432 bytes
***********WAITING************

Write the data to file:33554432 bytes
***********WAITING************

Write the data to file:33554432 bytes
***********WAITING************

Write the data to file:33554432 bytes
***********WAITING************

Write the data to file:33554432 bytes
***********WAITING************
nr_of_strided_rec: 1
nr_doubles: 4194304
nr_of_strided_rec: 1
nr_doubles: 4194304
nr_of_strided_rec: 1
nr_doubles: 4194304
nr_of_strided_rec: 1
nr_doubles: 4194304
nr_of_strided_rec: 1
nr_doubles: 4194304
nr_of_strided_rec: 1
nr_doubles: 4194304
nr_of_strided_rec: 1
nr_doubles: 4194304
nr_of_strided_rec: 1
nr_doubles: 4194304
nr_of_strided_rec: 1
nr_doubles: 4194304
nr_of_strided_rec: 1
nr_doubles: 4194304
nr_of_strided_rec: 1
nr_doubles: 4194304
nr_of_strided_rec: 1
nr_doubles: 4194304
nr_of_strided_rec: 1
nr_doubles: 4194304
nr_of_strided_rec: 1
nr_doubles: 4194304
nr_of_strided_rec: 1
nr_doubles: 4194304
nr_of_strided_rec: 1
nr_doubles: 4194304

Write the data to file:33554432 bytes
***********WAITING************

Write the data to file:33554432 bytes
***********WAITING************

Write the data to file:33554432 bytes
***********WAITING************

Write the data to file:33554432 bytes
***********WAITING************

Write the data to file:33554432 bytes
***********WAITING************

Write the data to file:33554432 bytes
***********WAITING************

Write the data to file:33554432 bytes
***********WAITING************

Write the data to file:33554432 bytes
***********WAITING************

Write the data to file:33554432 bytes
***********WAITING************

Write the data to file:33554432 bytes
***********WAITING************

Write the data to file:33554432 bytes
***********WAITING************

Write the data to file:33554432 bytes
***********WAITING************

Write the data to file:33554432 bytes
***********WAITING************

Write the data to file:33554432 bytes
***********WAITING************

Write the data to file:33554432 bytes
***********WAITING************

Write the data to file:33554432 bytes
***********WAITING************
nr_of_strided_rec: 1
nr_doubles: 4194304
nr_of_strided_rec: 1
nr_doubles: 4194304
nr_of_strided_rec: 1
nr_doubles: 4194304
nr_of_strided_rec: 1
nr_doubles: 4194304
nr_of_strided_rec: 1
nr_doubles: 4194304
nr_of_strided_rec: 1
nr_doubles: 4194304
nr_of_strided_rec: 1
nr_doubles: 4194304
nr_of_strided_rec: 1
nr_doubles: 4194304
nr_of_strided_rec: 1
nr_doubles: 4194304
nr_of_strided_rec: 1
nr_doubles: 4194304
nr_of_strided_rec: 1
nr_doubles: 4194304
nr_of_strided_rec: 1
nr_doubles: 4194304
nr_of_strided_rec: 1
nr_doubles: 4194304
nr_of_strided_rec: 1
nr_doubles: 4194304
nr_of_strided_rec: 1
nr_doubles: 4194304
nr_of_strided_rec: 1
nr_doubles: 4194304

Write the data to file:33554432 bytes
***********WAITING************

Write the data to file:33554432 bytes
***********WAITING************

Write the data to file:33554432 bytes
***********WAITING************

Write the data to file:33554432 bytes
***********WAITING************

Write the data to file:33554432 bytes
***********WAITING************

Write the data to file:33554432 bytes
***********WAITING************

Write the data to file:33554432 bytes
***********WAITING************

Write the data to file:33554432 bytes
***********WAITING************

Write the data to file:33554432 bytes
***********WAITING************

Write the data to file:33554432 bytes
***********WAITING************

Write the data to file:33554432 bytes
***********WAITING************

Write the data to file:33554432 bytes
***********WAITING************

Write the data to file:33554432 bytes
***********WAITING************

Write the data to file:33554432 bytes
***********WAITING************

Write the data to file:33554432 bytes
***********WAITING************

Write the data to file:33554432 bytes
***********WAITING************
nr_of_strided_rec: 1
nr_doubles: 4194304
nr_of_strided_rec: 1
nr_doubles: 4194304
nr_of_strided_rec: 1
nr_doubles: 4194304
nr_of_strided_rec: 1
nr_doubles: 4194304
nr_of_strided_rec: 1
nr_doubles: 4194304
nr_of_strided_rec: 1
nr_doubles: 4194304
nr_of_strided_rec: 1
nr_doubles: 4194304
nr_of_strided_rec: 1
nr_doubles: 4194304
nr_of_strided_rec: 1
nr_doubles: 4194304
nr_of_strided_rec: 1
nr_doubles: 4194304
nr_of_strided_rec: 1
nr_doubles: 4194304
nr_of_strided_rec: 1
nr_doubles: 4194304
nr_of_strided_rec: 1
nr_doubles: 4194304
nr_of_strided_rec: 1
nr_doubles: 4194304
nr_of_strided_rec: 1
nr_doubles: 4194304
nr_of_strided_rec: 1
nr_doubles: 4194304

Write the data to file:33554432 bytes
***********WAITING************

Write the data to file:33554432 bytes
***********WAITING************

Write the data to file:33554432 bytes
***********WAITING************

Write the data to file:33554432 bytes
***********WAITING************

Write the data to file:33554432 bytes
***********WAITING************

Write the data to file:33554432 bytes
***********WAITING************

Write the data to file:33554432 bytes
***********WAITING************

Write the data to file:33554432 bytes
***********WAITING************

Write the data to file:33554432 bytes
***********WAITING************

Write the data to file:33554432 bytes
***********WAITING************

Write the data to file:33554432 bytes
***********WAITING************

Write the data to file:33554432 bytes
***********WAITING************

Write the data to file:33554432 bytes
***********WAITING************

Write the data to file:33554432 bytes
***********WAITING************

Write the data to file:33554432 bytes
***********WAITING************

Write the data to file:33554432 bytes
***********WAITING************
nr_of_strided_rec: 1
nr_doubles: 4194304
nr_of_strided_rec: 1
nr_doubles: 4194304
nr_of_strided_rec: 1
nr_doubles: 4194304
nr_of_strided_rec: 1
nr_doubles: 4194304
nr_of_strided_rec: 1
nr_doubles: 4194304
nr_of_strided_rec: 1
nr_doubles: 4194304
nr_of_strided_rec: 1
nr_doubles: 4194304
nr_of_strided_rec: 1
nr_doubles: 4194304
nr_of_strided_rec: 1
nr_doubles: 4194304
nr_of_strided_rec: 1
nr_doubles: 4194304
nr_of_strided_rec: 1
nr_doubles: 4194304
nr_of_strided_rec: 1
nr_doubles: 4194304
nr_of_strided_rec: 1
nr_doubles: 4194304
nr_of_strided_rec: 1
nr_doubles: 4194304
nr_of_strided_rec: 1
nr_doubles: 4194304
nr_of_strided_rec: 1
nr_doubles: 4194304

Write the data to file:33554432 bytes
***********WAITING************

Write the data to file:33554432 bytes
***********WAITING************

Write the data to file:33554432 bytes
***********WAITING************

Write the data to file:33554432 bytes
***********WAITING************

Write the data to file:33554432 bytes
***********WAITING************

Write the data to file:33554432 bytes
***********WAITING************

Write the data to file:33554432 bytes
***********WAITING************

Write the data to file:33554432 bytes
***********WAITING************

Write the data to file:33554432 bytes
***********WAITING************

Write the data to file:33554432 bytes
***********WAITING************

Write the data to file:33554432 bytes
***********WAITING************

Write the data to file:33554432 bytes
***********WAITING************

Write the data to file:33554432 bytes
***********WAITING************

Write the data to file:33554432 bytes
***********WAITING************

Write the data to file:33554432 bytes
***********WAITING************

Write the data to file:33554432 bytes
***********WAITING************
nr_of_strided_rec: 1
nr_doubles: 4194304
nr_of_strided_rec: 1
nr_doubles: 4194304
nr_of_strided_rec: 1
nr_doubles: 4194304
nr_of_strided_rec: 1
nr_doubles: 4194304
nr_of_strided_rec: 1
nr_doubles: 4194304
nr_of_strided_rec: 1
nr_doubles: 4194304
nr_of_strided_rec: 1
nr_doubles: 4194304
nr_of_strided_rec: 1
nr_doubles: 4194304
nr_of_strided_rec: 1
nr_doubles: 4194304
nr_of_strided_rec: 1
nr_doubles: 4194304
nr_of_strided_rec: 1
nr_doubles: 4194304
nr_of_strided_rec: 1
nr_doubles: 4194304
nr_of_strided_rec: 1
nr_doubles: 4194304
nr_of_strided_rec: 1
nr_doubles: 4194304
nr_of_strided_rec: 1
nr_doubles: 4194304
nr_of_strided_rec: 1
nr_doubles: 4194304

Write the data to file:33554432 bytes
***********WAITING************

Write the data to file:33554432 bytes
***********WAITING************

Write the data to file:33554432 bytes
***********WAITING************

Write the data to file:33554432 bytes
***********WAITING************

Write the data to file:33554432 bytes
***********WAITING************

Write the data to file:33554432 bytes
***********WAITING************

Write the data to file:33554432 bytes
***********WAITING************

Write the data to file:33554432 bytes
***********WAITING************

Write the data to file:33554432 bytes
***********WAITING************

Write the data to file:33554432 bytes
***********WAITING************

Write the data to file:33554432 bytes
***********WAITING************

Write the data to file:33554432 bytes
***********WAITING************

Write the data to file:33554432 bytes
***********WAITING************

Write the data to file:33554432 bytes
***********WAITING************

Write the data to file:33554432 bytes
***********WAITING************

Write the data to file:33554432 bytes
***********WAITING************
nr_of_strided_rec: 1
nr_doubles: 4194304
nr_of_strided_rec: 1
nr_doubles: 4194304
nr_of_strided_rec: 1
nr_doubles: 4194304
nr_of_strided_rec: 1
nr_doubles: 4194304
nr_of_strided_rec: 1
nr_doubles: 4194304
nr_of_strided_rec: 1
nr_doubles: 4194304
nr_of_strided_rec: 1
nr_doubles: 4194304
nr_of_strided_rec: 1
nr_doubles: 4194304
nr_of_strided_rec: 1
nr_doubles: 4194304
nr_of_strided_rec: 1
nr_doubles: 4194304
nr_of_strided_rec: 1
nr_doubles: 4194304
nr_of_strided_rec: 1
nr_doubles: 4194304
nr_of_strided_rec: 1
nr_doubles: 4194304
nr_of_strided_rec: 1
nr_doubles: 4194304
nr_of_strided_rec: 1
nr_doubles: 4194304
nr_of_strided_rec: 1
nr_doubles: 4194304

Write the data to file:33554432 bytes
***********WAITING************

Write the data to file:33554432 bytes
***********WAITING************

Write the data to file:33554432 bytes
***********WAITING************

Write the data to file:33554432 bytes
***********WAITING************

Write the data to file:33554432 bytes
***********WAITING************

Write the data to file:33554432 bytes
***********WAITING************

Write the data to file:33554432 bytes
***********WAITING************

Write the data to file:33554432 bytes
***********WAITING************

Write the data to file:33554432 bytes
***********WAITING************

Write the data to file:33554432 bytes
***********WAITING************

Write the data to file:33554432 bytes
***********WAITING************

Write the data to file:33554432 bytes
***********WAITING************

Write the data to file:33554432 bytes
***********WAITING************

Write the data to file:33554432 bytes
***********WAITING************

Write the data to file:33554432 bytes
***********WAITING************

Write the data to file:33554432 bytes
***********WAITING************
nr_of_strided_rec: 1
nr_doubles: 4194304
nr_of_strided_rec: 1
nr_doubles: 4194304
nr_of_strided_rec: 1
nr_doubles: 4194304
nr_of_strided_rec: 1
nr_doubles: 4194304
nr_of_strided_rec: 1
nr_doubles: 4194304
nr_of_strided_rec: 1
nr_doubles: 4194304
nr_of_strided_rec: 1
nr_doubles: 4194304
nr_of_strided_rec: 1
nr_doubles: 4194304
nr_of_strided_rec: 1
nr_doubles: 4194304
nr_of_strided_rec: 1
nr_doubles: 4194304
nr_of_strided_rec: 1
nr_doubles: 4194304
nr_of_strided_rec: 1
nr_doubles: 4194304
nr_of_strided_rec: 1
nr_doubles: 4194304
nr_of_strided_rec: 1
nr_doubles: 4194304
nr_of_strided_rec: 1
nr_doubles: 4194304
nr_of_strided_rec: 1
nr_doubles: 4194304

Write the data to file:33554432 bytes
***********WAITING************

Write the data to file:33554432 bytes
***********WAITING************

Write the data to file:33554432 bytes
***********WAITING************

Write the data to file:33554432 bytes
***********WAITING************

Write the data to file:33554432 bytes
***********WAITING************

Write the data to file:33554432 bytes
***********WAITING************

Write the data to file:33554432 bytes
***********WAITING************

Write the data to file:33554432 bytes
***********WAITING************

Write the data to file:33554432 bytes
***********WAITING************

Write the data to file:33554432 bytes
***********WAITING************

Write the data to file:33554432 bytes
***********WAITING************

Write the data to file:33554432 bytes
***********WAITING************

Write the data to file:33554432 bytes
***********WAITING************

Write the data to file:33554432 bytes
***********WAITING************

Write the data to file:33554432 bytes
***********WAITING************

Write the data to file:33554432 bytes
***********WAITING************
nr_of_strided_rec: 1
nr_doubles: 4194304
nr_of_strided_rec: 1
nr_doubles: 4194304
nr_of_strided_rec: 1
nr_doubles: 4194304
nr_of_strided_rec: 1
nr_doubles: 4194304
nr_of_strided_rec: 1
nr_doubles: 4194304
nr_of_strided_rec: 1
nr_doubles: 4194304
nr_of_strided_rec: 1
nr_doubles: 4194304
nr_of_strided_rec: 1
nr_doubles: 4194304
nr_of_strided_rec: 1
nr_doubles: 4194304
nr_of_strided_rec: 1
nr_doubles: 4194304
nr_of_strided_rec: 1
nr_doubles: 4194304
nr_of_strided_rec: 1
nr_doubles: 4194304
nr_of_strided_rec: 1
nr_doubles: 4194304
nr_of_strided_rec: 1
nr_doubles: 4194304
nr_of_strided_rec: 1
nr_doubles: 4194304
nr_of_strided_rec: 1
nr_doubles: 4194304

Write the data to file:33554432 bytes
***********WAITING************

Write the data to file:33554432 bytes
***********WAITING************

Write the data to file:33554432 bytes
***********WAITING************

Write the data to file:33554432 bytes
***********WAITING************

Write the data to file:33554432 bytes
***********WAITING************

Write the data to file:33554432 bytes
***********WAITING************

Write the data to file:33554432 bytes
***********WAITING************

Write the data to file:33554432 bytes
***********WAITING************

Write the data to file:33554432 bytes
***********WAITING************

Write the data to file:33554432 bytes
***********WAITING************

Write the data to file:33554432 bytes
***********WAITING************

Write the data to file:33554432 bytes
***********WAITING************

Write the data to file:33554432 bytes
***********WAITING************

Write the data to file:33554432 bytes
***********WAITING************

Write the data to file:33554432 bytes
***********WAITING************

Write the data to file:33554432 bytes
***********WAITING************
nr_of_strided_rec: 1
nr_doubles: 4194304
nr_of_strided_rec: 1
nr_doubles: 4194304
nr_of_strided_rec: 1
nr_doubles: 4194304
nr_of_strided_rec: 1
nr_doubles: 4194304
nr_of_strided_rec: 1
nr_doubles: 4194304
nr_of_strided_rec: 1
nr_doubles: 4194304
nr_of_strided_rec: 1
nr_doubles: 4194304
nr_of_strided_rec: 1
nr_doubles: 4194304
nr_of_strided_rec: 1
nr_doubles: 4194304
nr_of_strided_rec: 1
nr_doubles: 4194304
nr_of_strided_rec: 1
nr_doubles: 4194304
nr_of_strided_rec: 1
nr_doubles: 4194304
nr_of_strided_rec: 1
nr_doubles: 4194304
nr_of_strided_rec: 1
nr_doubles: 4194304
nr_of_strided_rec: 1
nr_doubles: 4194304
nr_of_strided_rec: 1
nr_doubles: 4194304

Write the data to file:33554432 bytes
***********WAITING************

Write the data to file:33554432 bytes
***********WAITING************

Write the data to file:33554432 bytes
***********WAITING************

Write the data to file:33554432 bytes
***********WAITING************

Write the data to file:33554432 bytes
***********WAITING************

Write the data to file:33554432 bytes
***********WAITING************

Write the data to file:33554432 bytes
***********WAITING************

Write the data to file:33554432 bytes
***********WAITING************

Write the data to file:33554432 bytes
***********WAITING************

Write the data to file:33554432 bytes
***********WAITING************

Write the data to file:33554432 bytes
***********WAITING************

Write the data to file:33554432 bytes
***********WAITING************

Write the data to file:33554432 bytes
***********WAITING************

Write the data to file:33554432 bytes
***********WAITING************

Write the data to file:33554432 bytes
***********WAITING************

Write the data to file:33554432 bytes
***********WAITING************
nr_of_strided_rec: 1
nr_doubles: 4194304
nr_of_strided_rec: 1
nr_doubles: 4194304
nr_of_strided_rec: 1
nr_doubles: 4194304
nr_of_strided_rec: 1
nr_doubles: 4194304
nr_of_strided_rec: 1
nr_doubles: 4194304
nr_of_strided_rec: 1
nr_doubles: 4194304
nr_of_strided_rec: 1
nr_doubles: 4194304
nr_of_strided_rec: 1
nr_doubles: 4194304
nr_of_strided_rec: 1
nr_doubles: 4194304
nr_of_strided_rec: 1
nr_doubles: 4194304
nr_of_strided_rec: 1
nr_doubles: 4194304
nr_of_strided_rec: 1
nr_doubles: 4194304
nr_of_strided_rec: 1
nr_doubles: 4194304
nr_of_strided_rec: 1
nr_doubles: 4194304
nr_of_strided_rec: 1
nr_doubles: 4194304
nr_of_strided_rec: 1
nr_doubles: 4194304

Write the data to file:33554432 bytes
***********WAITING************

Write the data to file:33554432 bytes
***********WAITING************

Write the data to file:33554432 bytes
***********WAITING************

Write the data to file:33554432 bytes
***********WAITING************

Write the data to file:33554432 bytes
***********WAITING************

Write the data to file:33554432 bytes
***********WAITING************

Write the data to file:33554432 bytes
***********WAITING************

Write the data to file:33554432 bytes
***********WAITING************

Write the data to file:33554432 bytes
***********WAITING************

Write the data to file:33554432 bytes
***********WAITING************

Write the data to file:33554432 bytes
***********WAITING************

Write the data to file:33554432 bytes
***********WAITING************

Write the data to file:33554432 bytes
***********WAITING************

Write the data to file:33554432 bytes
***********WAITING************

Write the data to file:33554432 bytes
***********WAITING************

Write the data to file:33554432 bytes
***********WAITING************
nr_of_strided_rec: 1
nr_doubles: 4194304
nr_of_strided_rec: 1
nr_doubles: 4194304
nr_of_strided_rec: 1
nr_doubles: 4194304
nr_of_strided_rec: 1
nr_doubles: 4194304
nr_of_strided_rec: 1
nr_doubles: 4194304
nr_of_strided_rec: 1
nr_doubles: 4194304
nr_of_strided_rec: 1
nr_doubles: 4194304
nr_of_strided_rec: 1
nr_doubles: 4194304
nr_of_strided_rec: 1
nr_doubles: 4194304
nr_of_strided_rec: 1
nr_doubles: 4194304
nr_of_strided_rec: 1
nr_doubles: 4194304
nr_of_strided_rec: 1
nr_doubles: 4194304
nr_of_strided_rec: 1
nr_doubles: 4194304
nr_of_strided_rec: 1
nr_doubles: 4194304
nr_of_strided_rec: 1
nr_doubles: 4194304
nr_of_strided_rec: 1
nr_doubles: 4194304

Write the data to file:33554432 bytes
***********WAITING************

Write the data to file:33554432 bytes
***********WAITING************

Write the data to file:33554432 bytes
***********WAITING************

Write the data to file:33554432 bytes
***********WAITING************

Write the data to file:33554432 bytes
***********WAITING************

Write the data to file:33554432 bytes
***********WAITING************

Write the data to file:33554432 bytes
***********WAITING************

Write the data to file:33554432 bytes
***********WAITING************

Write the data to file:33554432 bytes
***********WAITING************

Write the data to file:33554432 bytes
***********WAITING************

Write the data to file:33554432 bytes
***********WAITING************

Write the data to file:33554432 bytes
***********WAITING************

Write the data to file:33554432 bytes
***********WAITING************

Write the data to file:33554432 bytes
***********WAITING************

Write the data to file:33554432 bytes
***********WAITING************

Write the data to file:33554432 bytes
***********WAITING************
nr_of_strided_rec: 1
nr_doubles: 4194304
nr_of_strided_rec: 1
nr_doubles: 4194304
nr_of_strided_rec: 1
nr_doubles: 4194304
nr_of_strided_rec: 1
nr_doubles: 4194304
nr_of_strided_rec: 1
nr_doubles: 4194304
nr_of_strided_rec: 1
nr_doubles: 4194304
nr_of_strided_rec: 1
nr_doubles: 4194304
nr_of_strided_rec: 1
nr_doubles: 4194304
nr_of_strided_rec: 1
nr_doubles: 4194304
nr_of_strided_rec: 1
nr_doubles: 4194304
nr_of_strided_rec: 1
nr_doubles: 4194304
nr_of_strided_rec: 1
nr_doubles: 4194304
nr_of_strided_rec: 1
nr_doubles: 4194304
nr_of_strided_rec: 1
nr_doubles: 4194304
nr_of_strided_rec: 1
nr_doubles: 4194304
nr_of_strided_rec: 1
nr_doubles: 4194304

Write the data to file:33554432 bytes
***********WAITING************

Write the data to file:33554432 bytes
***********WAITING************

Write the data to file:33554432 bytes
***********WAITING************

Write the data to file:33554432 bytes
***********WAITING************

Write the data to file:33554432 bytes
***********WAITING************

Write the data to file:33554432 bytes
***********WAITING************

Write the data to file:33554432 bytes
***********WAITING************

Write the data to file:33554432 bytes
***********WAITING************

Write the data to file:33554432 bytes
***********WAITING************

Write the data to file:33554432 bytes
***********WAITING************

Write the data to file:33554432 bytes
***********WAITING************

Write the data to file:33554432 bytes
***********WAITING************

Write the data to file:33554432 bytes
***********WAITING************

Write the data to file:33554432 bytes
***********WAITING************

Write the data to file:33554432 bytes
***********WAITING************

Write the data to file:33554432 bytes
***********WAITING************
nr_of_strided_rec: 1
nr_doubles: 4194304
nr_of_strided_rec: 1
nr_doubles: 4194304
nr_of_strided_rec: 1
nr_doubles: 4194304
nr_of_strided_rec: 1
nr_doubles: 4194304
nr_of_strided_rec: 1
nr_doubles: 4194304
nr_of_strided_rec: 1
nr_doubles: 4194304
nr_of_strided_rec: 1
nr_doubles: 4194304
nr_of_strided_rec: 1
nr_doubles: 4194304
nr_of_strided_rec: 1
nr_doubles: 4194304
nr_of_strided_rec: 1
nr_doubles: 4194304
nr_of_strided_rec: 1
nr_doubles: 4194304
nr_of_strided_rec: 1
nr_doubles: 4194304
nr_of_strided_rec: 1
nr_doubles: 4194304
nr_of_strided_rec: 1
nr_doubles: 4194304
nr_of_strided_rec: 1
nr_doubles: 4194304
nr_of_strided_rec: 1
nr_doubles: 4194304

Write the data to file:33554432 bytes
***********WAITING************

Write the data to file:33554432 bytes
***********WAITING************

Write the data to file:33554432 bytes
***********WAITING************

Write the data to file:33554432 bytes
***********WAITING************

Write the data to file:33554432 bytes
***********WAITING************

Write the data to file:33554432 bytes
***********WAITING************

Write the data to file:33554432 bytes
***********WAITING************

Write the data to file:33554432 bytes
***********WAITING************

Write the data to file:33554432 bytes
***********WAITING************

Write the data to file:33554432 bytes
***********WAITING************

Write the data to file:33554432 bytes
***********WAITING************

Write the data to file:33554432 bytes
***********WAITING************

Write the data to file:33554432 bytes
***********WAITING************

Write the data to file:33554432 bytes
***********WAITING************

Write the data to file:33554432 bytes
***********WAITING************

Write the data to file:33554432 bytes
***********WAITING************
nr_of_strided_rec: 1
nr_doubles: 4194304
nr_of_strided_rec: 1
nr_doubles: 4194304
nr_of_strided_rec: 1
nr_doubles: 4194304
nr_of_strided_rec: 1
nr_doubles: 4194304
nr_of_strided_rec: 1
nr_doubles: 4194304
nr_of_strided_rec: 1
nr_doubles: 4194304
nr_of_strided_rec: 1
nr_doubles: 4194304
nr_of_strided_rec: 1
nr_doubles: 4194304
nr_of_strided_rec: 1
nr_doubles: 4194304
nr_of_strided_rec: 1
nr_doubles: 4194304
nr_of_strided_rec: 1
nr_doubles: 4194304
nr_of_strided_rec: 1
nr_doubles: 4194304
nr_of_strided_rec: 1
nr_doubles: 4194304
nr_of_strided_rec: 1
nr_doubles: 4194304
nr_of_strided_rec: 1
nr_doubles: 4194304
nr_of_strided_rec: 1
nr_doubles: 4194304

Write the data to file:33554432 bytes
***********WAITING************

Write the data to file:33554432 bytes
***********WAITING************

Write the data to file:33554432 bytes
***********WAITING************

Write the data to file:33554432 bytes
***********WAITING************

Write the data to file:33554432 bytes
***********WAITING************

Write the data to file:33554432 bytes
***********WAITING************

Write the data to file:33554432 bytes
***********WAITING************

Write the data to file:33554432 bytes
***********WAITING************

Write the data to file:33554432 bytes
***********WAITING************

Write the data to file:33554432 bytes
***********WAITING************

Write the data to file:33554432 bytes
***********WAITING************

Write the data to file:33554432 bytes
***********WAITING************

Write the data to file:33554432 bytes
***********WAITING************

Write the data to file:33554432 bytes
***********WAITING************

Write the data to file:33554432 bytes
***********WAITING************

Write the data to file:33554432 bytes
***********WAITING************
nr_of_strided_rec: 1
nr_doubles: 4194304
nr_of_strided_rec: 1
nr_doubles: 4194304
nr_of_strided_rec: 1
nr_doubles: 4194304
nr_of_strided_rec: 1
nr_doubles: 4194304
nr_of_strided_rec: 1
nr_doubles: 4194304
nr_of_strided_rec: 1
nr_doubles: 4194304
nr_of_strided_rec: 1
nr_doubles: 4194304
nr_of_strided_rec: 1
nr_doubles: 4194304
nr_of_strided_rec: 1
nr_doubles: 4194304
nr_of_strided_rec: 1
nr_doubles: 4194304
nr_of_strided_rec: 1
nr_doubles: 4194304
nr_of_strided_rec: 1
nr_doubles: 4194304
nr_of_strided_rec: 1
nr_doubles: 4194304
nr_of_strided_rec: 1
nr_doubles: 4194304
nr_of_strided_rec: 1
nr_doubles: 4194304
nr_of_strided_rec: 1
nr_doubles: 4194304

Write the data to file:33554432 bytes
***********WAITING************

Write the data to file:33554432 bytes
***********WAITING************

Write the data to file:33554432 bytes
***********WAITING************

Write the data to file:33554432 bytes
***********WAITING************

Write the data to file:33554432 bytes
***********WAITING************

Write the data to file:33554432 bytes
***********WAITING************

Write the data to file:33554432 bytes
***********WAITING************

Write the data to file:33554432 bytes
***********WAITING************

Write the data to file:33554432 bytes
***********WAITING************

Write the data to file:33554432 bytes
***********WAITING************

Write the data to file:33554432 bytes
***********WAITING************

Write the data to file:33554432 bytes
***********WAITING************

Write the data to file:33554432 bytes
***********WAITING************

Write the data to file:33554432 bytes
***********WAITING************

Write the data to file:33554432 bytes
***********WAITING************

Write the data to file:33554432 bytes
***********WAITING************
nr_of_strided_rec: 1
nr_doubles: 4194304
nr_of_strided_rec: 1
nr_doubles: 4194304
nr_of_strided_rec: 1
nr_doubles: 4194304
nr_of_strided_rec: 1
nr_doubles: 4194304
nr_of_strided_rec: 1
nr_doubles: 4194304
nr_of_strided_rec: 1
nr_doubles: 4194304
nr_of_strided_rec: 1
nr_doubles: 4194304
nr_of_strided_rec: 1
nr_doubles: 4194304
nr_of_strided_rec: 1
nr_doubles: 4194304
nr_of_strided_rec: 1
nr_doubles: 4194304
nr_of_strided_rec: 1
nr_doubles: 4194304
nr_of_strided_rec: 1
nr_doubles: 4194304
nr_of_strided_rec: 1
nr_doubles: 4194304
nr_of_strided_rec: 1
nr_doubles: 4194304
nr_of_strided_rec: 1
nr_doubles: 4194304
nr_of_strided_rec: 1
nr_doubles: 4194304

Write the data to file:33554432 bytes
***********WAITING************

Write the data to file:33554432 bytes
***********WAITING************

Write the data to file:33554432 bytes
***********WAITING************

Write the data to file:33554432 bytes
***********WAITING************

Write the data to file:33554432 bytes
***********WAITING************

Write the data to file:33554432 bytes
***********WAITING************

Write the data to file:33554432 bytes
***********WAITING************

Write the data to file:33554432 bytes
***********WAITING************

Write the data to file:33554432 bytes
***********WAITING************

Write the data to file:33554432 bytes
***********WAITING************

Write the data to file:33554432 bytes
***********WAITING************

Write the data to file:33554432 bytes
***********WAITING************

Write the data to file:33554432 bytes
***********WAITING************

Write the data to file:33554432 bytes
***********WAITING************

Write the data to file:33554432 bytes
***********WAITING************

Write the data to file:33554432 bytes
***********WAITING************
nr_of_strided_rec: 1
nr_doubles: 4194304
nr_of_strided_rec: 1
nr_doubles: 4194304
nr_of_strided_rec: 1
nr_doubles: 4194304
nr_of_strided_rec: 1
nr_doubles: 4194304
nr_of_strided_rec: 1
nr_doubles: 4194304
nr_of_strided_rec: 1
nr_doubles: 4194304
nr_of_strided_rec: 1
nr_doubles: 4194304
nr_of_strided_rec: 1
nr_doubles: 4194304
nr_of_strided_rec: 1
nr_doubles: 4194304
nr_of_strided_rec: 1
nr_doubles: 4194304
nr_of_strided_rec: 1
nr_doubles: 4194304
nr_of_strided_rec: 1
nr_doubles: 4194304
nr_of_strided_rec: 1
nr_doubles: 4194304
nr_of_strided_rec: 1
nr_doubles: 4194304
nr_of_strided_rec: 1
nr_doubles: 4194304
nr_of_strided_rec: 1
nr_doubles: 4194304

Write the data to file:33554432 bytes
***********WAITING************

Write the data to file:33554432 bytes
***********WAITING************

Write the data to file:33554432 bytes
***********WAITING************

Write the data to file:33554432 bytes
***********WAITING************

Write the data to file:33554432 bytes
***********WAITING************

Write the data to file:33554432 bytes
***********WAITING************

Write the data to file:33554432 bytes
***********WAITING************

Write the data to file:33554432 bytes
***********WAITING************

Write the data to file:33554432 bytes
***********WAITING************

Write the data to file:33554432 bytes
***********WAITING************

Write the data to file:33554432 bytes
***********WAITING************

Write the data to file:33554432 bytes
***********WAITING************

Write the data to file:33554432 bytes
***********WAITING************

Write the data to file:33554432 bytes
***********WAITING************

Write the data to file:33554432 bytes
***********WAITING************

Write the data to file:33554432 bytes
***********WAITING************
nr_of_strided_rec: 1
nr_doubles: 4194304
nr_of_strided_rec: 1
nr_doubles: 4194304
nr_of_strided_rec: 1
nr_doubles: 4194304
nr_of_strided_rec: 1
nr_doubles: 4194304
nr_of_strided_rec: 1
nr_doubles: 4194304
nr_of_strided_rec: 1
nr_doubles: 4194304
nr_of_strided_rec: 1
nr_doubles: 4194304
nr_of_strided_rec: 1
nr_doubles: 4194304
nr_of_strided_rec: 1
nr_doubles: 4194304
nr_of_strided_rec: 1
nr_doubles: 4194304
nr_of_strided_rec: 1
nr_doubles: 4194304
nr_of_strided_rec: 1
nr_doubles: 4194304
nr_of_strided_rec: 1
nr_doubles: 4194304
nr_of_strided_rec: 1
nr_doubles: 4194304
nr_of_strided_rec: 1
nr_doubles: 4194304
nr_of_strided_rec: 1
nr_doubles: 4194304

Write the data to file:33554432 bytes
***********WAITING************

Write the data to file:33554432 bytes
***********WAITING************

Write the data to file:33554432 bytes
***********WAITING************

Write the data to file:33554432 bytes
***********WAITING************

Write the data to file:33554432 bytes
***********WAITING************

Write the data to file:33554432 bytes
***********WAITING************

Write the data to file:33554432 bytes
***********WAITING************

Write the data to file:33554432 bytes
***********WAITING************

Write the data to file:33554432 bytes
***********WAITING************

Write the data to file:33554432 bytes
***********WAITING************

Write the data to file:33554432 bytes
***********WAITING************

Write the data to file:33554432 bytes
***********WAITING************

Write the data to file:33554432 bytes
***********WAITING************

Write the data to file:33554432 bytes
***********WAITING************

Write the data to file:33554432 bytes
***********WAITING************

Write the data to file:33554432 bytes
***********WAITING************
nr_of_strided_rec: 1
nr_doubles: 4194304
nr_of_strided_rec: 1
nr_doubles: 4194304
nr_of_strided_rec: 1
nr_doubles: 4194304
nr_of_strided_rec: 1
nr_doubles: 4194304
nr_of_strided_rec: 1
nr_doubles: 4194304
nr_of_strided_rec: 1
nr_doubles: 4194304
nr_of_strided_rec: 1
nr_doubles: 4194304
nr_of_strided_rec: 1
nr_doubles: 4194304
nr_of_strided_rec: 1
nr_doubles: 4194304
nr_of_strided_rec: 1
nr_doubles: 4194304
nr_of_strided_rec: 1
nr_doubles: 4194304
nr_of_strided_rec: 1
nr_doubles: 4194304
nr_of_strided_rec: 1
nr_doubles: 4194304
nr_of_strided_rec: 1
nr_doubles: 4194304
nr_of_strided_rec: 1
nr_doubles: 4194304
nr_of_strided_rec: 1
nr_doubles: 4194304

Write the data to file:33554432 bytes
***********WAITING************

Write the data to file:33554432 bytes
***********WAITING************

Write the data to file:33554432 bytes
***********WAITING************

Write the data to file:33554432 bytes
***********WAITING************

Write the data to file:33554432 bytes
***********WAITING************

Write the data to file:33554432 bytes
***********WAITING************

Write the data to file:33554432 bytes
***********WAITING************

Write the data to file:33554432 bytes
***********WAITING************

Write the data to file:33554432 bytes
***********WAITING************

Write the data to file:33554432 bytes
***********WAITING************

Write the data to file:33554432 bytes
***********WAITING************

Write the data to file:33554432 bytes
***********WAITING************

Write the data to file:33554432 bytes
***********WAITING************

Write the data to file:33554432 bytes
***********WAITING************

Write the data to file:33554432 bytes
***********WAITING************

Write the data to file:33554432 bytes
***********WAITING************
nr_of_strided_rec: 1
nr_doubles: 4194304
nr_of_strided_rec: 1
nr_doubles: 4194304
nr_of_strided_rec: 1
nr_doubles: 4194304
nr_of_strided_rec: 1
nr_doubles: 4194304
nr_of_strided_rec: 1
nr_doubles: 4194304
nr_of_strided_rec: 1
nr_doubles: 4194304
nr_of_strided_rec: 1
nr_doubles: 4194304
nr_of_strided_rec: 1
nr_doubles: 4194304
nr_of_strided_rec: 1
nr_doubles: 4194304
nr_of_strided_rec: 1
nr_doubles: 4194304
nr_of_strided_rec: 1
nr_doubles: 4194304
nr_of_strided_rec: 1
nr_doubles: 4194304
nr_of_strided_rec: 1
nr_doubles: 4194304
nr_of_strided_rec: 1
nr_doubles: 4194304
nr_of_strided_rec: 1
nr_doubles: 4194304
nr_of_strided_rec: 1
nr_doubles: 4194304

Write the data to file:33554432 bytes
***********WAITING************

Write the data to file:33554432 bytes
***********WAITING************

Write the data to file:33554432 bytes
***********WAITING************

Write the data to file:33554432 bytes
***********WAITING************

Write the data to file:33554432 bytes
***********WAITING************

Write the data to file:33554432 bytes
***********WAITING************

Write the data to file:33554432 bytes
***********WAITING************

Write the data to file:33554432 bytes
***********WAITING************

Write the data to file:33554432 bytes
***********WAITING************

Write the data to file:33554432 bytes
***********WAITING************

Write the data to file:33554432 bytes
***********WAITING************

Write the data to file:33554432 bytes
***********WAITING************

Write the data to file:33554432 bytes
***********WAITING************

Write the data to file:33554432 bytes
***********WAITING************

Write the data to file:33554432 bytes
***********WAITING************

Write the data to file:33554432 bytes
***********WAITING************
nr_of_strided_rec: 1
nr_doubles: 4194304
nr_of_strided_rec: 1
nr_doubles: 4194304
nr_of_strided_rec: 1
nr_doubles: 4194304
nr_of_strided_rec: 1
nr_doubles: 4194304
nr_of_strided_rec: 1
nr_doubles: 4194304
nr_of_strided_rec: 1
nr_doubles: 4194304
nr_of_strided_rec: 1
nr_doubles: 4194304
nr_of_strided_rec: 1
nr_doubles: 4194304
nr_of_strided_rec: 1
nr_doubles: 4194304
nr_of_strided_rec: 1
nr_doubles: 4194304
nr_of_strided_rec: 1
nr_doubles: 4194304
nr_of_strided_rec: 1
nr_doubles: 4194304
nr_of_strided_rec: 1
nr_doubles: 4194304
nr_of_strided_rec: 1
nr_doubles: 4194304
nr_of_strided_rec: 1
nr_doubles: 4194304
nr_of_strided_rec: 1
nr_doubles: 4194304

Write the data to file:33554432 bytes
***********WAITING************

Write the data to file:33554432 bytes
***********WAITING************

Write the data to file:33554432 bytes
***********WAITING************

Write the data to file:33554432 bytes
***********WAITING************

Write the data to file:33554432 bytes
***********WAITING************

Write the data to file:33554432 bytes
***********WAITING************

Write the data to file:33554432 bytes
***********WAITING************

Write the data to file:33554432 bytes
***********WAITING************

Write the data to file:33554432 bytes
***********WAITING************

Write the data to file:33554432 bytes
***********WAITING************

Write the data to file:33554432 bytes
***********WAITING************

Write the data to file:33554432 bytes
***********WAITING************

Write the data to file:33554432 bytes
***********WAITING************

Write the data to file:33554432 bytes
***********WAITING************

Write the data to file:33554432 bytes
***********WAITING************

Write the data to file:33554432 bytes
***********WAITING************
nr_of_strided_rec: 1
nr_doubles: 4194304
nr_of_strided_rec: 1
nr_doubles: 4194304
nr_of_strided_rec: 1
nr_doubles: 4194304
nr_of_strided_rec: 1
nr_doubles: 4194304
nr_of_strided_rec: 1
nr_doubles: 4194304
nr_of_strided_rec: 1
nr_doubles: 4194304
nr_of_strided_rec: 1
nr_doubles: 4194304
nr_of_strided_rec: 1
nr_doubles: 4194304
nr_of_strided_rec: 1
nr_doubles: 4194304
nr_of_strided_rec: 1
nr_doubles: 4194304
nr_of_strided_rec: 1
nr_doubles: 4194304
nr_of_strided_rec: 1
nr_doubles: 4194304
nr_of_strided_rec: 1
nr_doubles: 4194304
nr_of_strided_rec: 1
nr_doubles: 4194304
nr_of_strided_rec: 1
nr_doubles: 4194304
nr_of_strided_rec: 1
nr_doubles: 4194304

Write the data to file:33554432 bytes
***********WAITING************

Write the data to file:33554432 bytes
***********WAITING************

Write the data to file:33554432 bytes
***********WAITING************

Write the data to file:33554432 bytes
***********WAITING************

Write the data to file:33554432 bytes
***********WAITING************

Write the data to file:33554432 bytes
***********WAITING************

Write the data to file:33554432 bytes
***********WAITING************

Write the data to file:33554432 bytes
***********WAITING************

Write the data to file:33554432 bytes
***********WAITING************

Write the data to file:33554432 bytes
***********WAITING************

Write the data to file:33554432 bytes
***********WAITING************

Write the data to file:33554432 bytes
***********WAITING************

Write the data to file:33554432 bytes
***********WAITING************

Write the data to file:33554432 bytes
***********WAITING************

Write the data to file:33554432 bytes
***********WAITING************

Write the data to file:33554432 bytes
***********WAITING************
nr_of_strided_rec: 1
nr_doubles: 4194304
nr_of_strided_rec: 1
nr_doubles: 4194304
nr_of_strided_rec: 1
nr_doubles: 4194304
nr_of_strided_rec: 1
nr_doubles: 4194304
nr_of_strided_rec: 1
nr_doubles: 4194304
nr_of_strided_rec: 1
nr_doubles: 4194304
nr_of_strided_rec: 1
nr_doubles: 4194304
nr_of_strided_rec: 1
nr_doubles: 4194304
nr_of_strided_rec: 1
nr_doubles: 4194304
nr_of_strided_rec: 1
nr_doubles: 4194304
nr_of_strided_rec: 1
nr_doubles: 4194304
nr_of_strided_rec: 1
nr_doubles: 4194304
nr_of_strided_rec: 1
nr_doubles: 4194304
nr_of_strided_rec: 1
nr_doubles: 4194304
nr_of_strided_rec: 1
nr_doubles: 4194304
nr_of_strided_rec: 1
nr_doubles: 4194304

Write the data to file:33554432 bytes
***********WAITING************

Write the data to file:33554432 bytes
***********WAITING************

Write the data to file:33554432 bytes
***********WAITING************

Write the data to file:33554432 bytes
***********WAITING************

Write the data to file:33554432 bytes
***********WAITING************

Write the data to file:33554432 bytes
***********WAITING************

Write the data to file:33554432 bytes
***********WAITING************

Write the data to file:33554432 bytes
***********WAITING************

Write the data to file:33554432 bytes
***********WAITING************

Write the data to file:33554432 bytes
***********WAITING************

Write the data to file:33554432 bytes
***********WAITING************

Write the data to file:33554432 bytes
***********WAITING************

Write the data to file:33554432 bytes
***********WAITING************

Write the data to file:33554432 bytes
***********WAITING************

Write the data to file:33554432 bytes
***********WAITING************

Write the data to file:33554432 bytes
***********WAITING************

Write the data to file:33554432 bytes
***********WAITING************

Write the data to file:33554432 bytes
***********WAITING************

Write the data to file:33554432 bytes
***********WAITING************

Write the data to file:33554432 bytes
***********WAITING************

Write the data to file:33554432 bytes
***********WAITING************

Write the data to file:33554432 bytes
***********WAITING************

Write the data to file:33554432 bytes
***********WAITING************

Write the data to file:33554432 bytes
***********WAITING************

Write the data to file:33554432 bytes
***********WAITING************

Write the data to file:33554432 bytes
***********WAITING************

Write the data to file:33554432 bytes
***********WAITING************

Write the data to file:33554432 bytes
***********WAITING************

Write the data to file:33554432 bytes
***********WAITING************

Write the data to file:33554432 bytes
***********WAITING************

Write the data to file:33554432 bytes
***********WAITING************

Write the data to file:33554432 bytes
***********WAITING************
W_cc         1.84   [      1.84:      1.84]
W_r         38.05   [     38.05:     38.05]
W_w         26.21   [     26.21:     26.21]
          -------
W_total     66.09   [     66.09:     66.10]

calc_W done
calc_W done
nr_of_strided_rec: 1
nr_doubles: 4194304
calc_W done
nr_of_strided_rec: 1
nr_doubles: 4194304
calc_W done
nr_of_strided_rec: 1
nr_doubles: 4194304
calc_W done
nr_of_strided_rec: 1
nr_doubles: 4194304
calc_W done
nr_of_strided_rec: 1
nr_doubles: 4194304
calc_W done
nr_of_strided_rec: 1
nr_doubles: 4194304
calc_W done
nr_of_strided_rec: 1
nr_doubles: 4194304
calc_W done
nr_of_strided_rec: 1
nr_doubles: 4194304
calc_W done
nr_of_strided_rec: 1
nr_doubles: 4194304
calc_W done
nr_of_strided_rec: 1
nr_doubles: 4194304
calc_W done
nr_of_strided_rec: 1
nr_doubles: 4194304
calc_W done
nr_of_strided_rec: 1
nr_doubles: 4194304
calc_W done
nr_of_strided_rec: 1
nr_doubles: 4194304
calc_W done
nr_of_strided_rec: 1
nr_doubles: 4194304
calc_W done
nr_of_strided_rec: 1
nr_doubles: 4194304
nr_of_strided_rec: 1
nr_doubles: 4194304
nr_of_strided_rec: 1
nr_doubles: 4194304
nr_of_strided_rec: 1
nr_doubles: 4194304
nr_of_strided_rec: 1
nr_doubles: 4194304
nr_of_strided_rec: 1
nr_doubles: 4194304
nr_of_strided_rec: 1
nr_doubles: 4194304
nr_of_strided_rec: 1
nr_doubles: 4194304
nr_of_strided_rec: 1
nr_doubles: 4194304
nr_of_strided_rec: 1
nr_doubles: 4194304
nr_of_strided_rec: 1
nr_doubles: 4194304
nr_of_strided_rec: 1
nr_doubles: 4194304
nr_of_strided_rec: 1
nr_doubles: 4194304
nr_of_strided_rec: 1
nr_doubles: 4194304
nr_of_strided_rec: 1
nr_doubles: 4194304
nr_of_strided_rec: 1
nr_doubles: 4194304
nr_of_strided_rec: 1
nr_doubles: 4194304
nr_of_strided_rec: 1
nr_doubles: 4194304
nr_of_strided_rec: 1
nr_doubles: 4194304
nr_of_strided_rec: 1
nr_doubles: 4194304
nr_of_strided_rec: 1
nr_doubles: 4194304
nr_of_strided_rec: 1
nr_doubles: 4194304
nr_of_strided_rec: 1
nr_doubles: 4194304
nr_of_strided_rec: 1
nr_doubles: 4194304
nr_of_strided_rec: 1
nr_doubles: 4194304
nr_of_strided_rec: 1
nr_doubles: 4194304
nr_of_strided_rec: 1
nr_doubles: 4194304
nr_of_strided_rec: 1
nr_doubles: 4194304
nr_of_strided_rec: 1
nr_doubles: 4194304
nr_of_strided_rec: 1
nr_doubles: 4194304
nr_of_strided_rec: 1
nr_doubles: 4194304
nr_of_strided_rec: 1
nr_doubles: 4194304
nr_of_strided_rec: 1
nr_doubles: 4194304
nr_of_strided_rec: 1
nr_doubles: 4194304
nr_of_strided_rec: 1
nr_doubles: 4194304
nr_of_strided_rec: 1
nr_doubles: 4194304
nr_of_strided_rec: 1
nr_doubles: 4194304
nr_of_strided_rec: 1
nr_doubles: 4194304
nr_of_strided_rec: 1
nr_doubles: 4194304
nr_of_strided_rec: 1
nr_doubles: 4194304
nr_of_strided_rec: 1
nr_doubles: 4194304
nr_of_strided_rec: 1
nr_doubles: 4194304
nr_of_strided_rec: 1
nr_doubles: 4194304
nr_of_strided_rec: 1
nr_doubles: 4194304
nr_of_strided_rec: 1
nr_doubles: 4194304
nr_of_strided_rec: 1
nr_doubles: 4194304
nr_of_strided_rec: 1
nr_doubles: 4194304
nr_of_strided_rec: 1
nr_doubles: 4194304
nr_of_strided_rec: 1
nr_doubles: 4194304
nr_of_strided_rec: 1
nr_doubles: 4194304
nr_of_strided_rec: 1
nr_doubles: 4194304
nr_of_strided_rec: 1
nr_doubles: 4194304
nr_of_strided_rec: 1
nr_doubles: 4194304
nr_of_strided_rec: 1
nr_doubles: 4194304
nr_of_strided_rec: 1
nr_doubles: 4194304
nr_of_strided_rec: 1
nr_doubles: 4194304
nr_of_strided_rec: 1
nr_doubles: 4194304
nr_of_strided_rec: 1
nr_doubles: 4194304
nr_of_strided_rec: 1
nr_doubles: 4194304
nr_of_strided_rec: 1
nr_doubles: 4194304
nr_of_strided_rec: 1
nr_doubles: 4194304
nr_of_strided_rec: 1
nr_doubles: 4194304
nr_of_strided_rec: 1
nr_doubles: 4194304
nr_of_strided_rec: 1
nr_doubles: 4194304
nr_of_strided_rec: 1
nr_doubles: 4194304
nr_of_strided_rec: 1
nr_doubles: 4194304
nr_of_strided_rec: 1
nr_doubles: 4194304
nr_of_strided_rec: 1
nr_doubles: 4194304
nr_of_strided_rec: 1
nr_doubles: 4194304
nr_of_strided_rec: 1
nr_doubles: 4194304
nr_of_strided_rec: 1
nr_doubles: 4194304
nr_of_strided_rec: 1
nr_doubles: 4194304
nr_of_strided_rec: 1
nr_doubles: 4194304
nr_of_strided_rec: 1
nr_doubles: 4194304
nr_of_strided_rec: 1
nr_doubles: 4194304
nr_of_strided_rec: 1
nr_doubles: 4194304
nr_of_strided_rec: 1
nr_doubles: 4194304
nr_of_strided_rec: 1
nr_doubles: 4194304
nr_of_strided_rec: 1
nr_doubles: 4194304
nr_of_strided_rec: 1
nr_doubles: 4194304
nr_of_strided_rec: 1
nr_doubles: 4194304
nr_of_strided_rec: 1
nr_doubles: 4194304
nr_of_strided_rec: 1
nr_doubles: 4194304
nr_of_strided_rec: 1
nr_doubles: 4194304
nr_of_strided_rec: 1
nr_doubles: 4194304
nr_of_strided_rec: 1
nr_doubles: 4194304
nr_of_strided_rec: 1
nr_doubles: 4194304
nr_of_strided_rec: 1
nr_doubles: 4194304
nr_of_strided_rec: 1
nr_doubles: 4194304
nr_of_strided_rec: 1
nr_doubles: 4194304
nr_of_strided_rec: 1
nr_doubles: 4194304
nr_of_strided_rec: 1
nr_doubles: 4194304
nr_of_strided_rec: 1
nr_doubles: 4194304
nr_of_strided_rec: 1
nr_doubles: 4194304
nr_of_strided_rec: 1
nr_doubles: 4194304
nr_of_strided_rec: 1
nr_doubles: 4194304
nr_of_strided_rec: 1
nr_doubles: 4194304
nr_of_strided_rec: 1
nr_doubles: 4194304
nr_of_strided_rec: 1
nr_doubles: 4194304
nr_of_strided_rec: 1
nr_doubles: 4194304
nr_of_strided_rec: 1
nr_doubles: 4194304
nr_of_strided_rec: 1
nr_doubles: 4194304
nr_of_strided_rec: 1
nr_doubles: 4194304
nr_of_strided_rec: 1
nr_doubles: 4194304
nr_of_strided_rec: 1
nr_doubles: 4194304
nr_of_strided_rec: 1
nr_doubles: 4194304
nr_of_strided_rec: 1
nr_doubles: 4194304
nr_of_strided_rec: 1
nr_doubles: 4194304
nr_of_strided_rec: 1
nr_doubles: 4194304
nr_of_strided_rec: 1
nr_doubles: 4194304
nr_of_strided_rec: 1
nr_doubles: 4194304
nr_of_strided_rec: 1
nr_doubles: 4194304
nr_of_strided_rec: 1
nr_doubles: 4194304
nr_of_strided_rec: 1
nr_doubles: 4194304
nr_of_strided_rec: 1
nr_doubles: 4194304
nr_of_strided_rec: 1
nr_doubles: 4194304
nr_of_strided_rec: 1
nr_doubles: 4194304
nr_of_strided_rec: 1
nr_doubles: 4194304
nr_of_strided_rec: 1
nr_doubles: 4194304
nr_of_strided_rec: 1
nr_doubles: 4194304
nr_of_strided_rec: 1
nr_doubles: 4194304
nr_of_strided_rec: 1
nr_doubles: 4194304
nr_of_strided_rec: 1
nr_doubles: 4194304
nr_of_strided_rec: 1
nr_doubles: 4194304
nr_of_strided_rec: 1
nr_doubles: 4194304
nr_of_strided_rec: 1
nr_doubles: 4194304
nr_of_strided_rec: 1
nr_doubles: 4194304
nr_of_strided_rec: 1
nr_doubles: 4194304
nr_of_strided_rec: 1
nr_doubles: 4194304
nr_of_strided_rec: 1
nr_doubles: 4194304
nr_of_strided_rec: 1
nr_doubles: 4194304
nr_of_strided_rec: 1
nr_doubles: 4194304
nr_of_strided_rec: 1
nr_doubles: 4194304
nr_of_strided_rec: 1
nr_doubles: 4194304
nr_of_strided_rec: 1
nr_doubles: 4194304
nr_of_strided_rec: 1
nr_doubles: 4194304
nr_of_strided_rec: 1
nr_doubles: 4194304
nr_of_strided_rec: 1
nr_doubles: 4194304
nr_of_strided_rec: 1
nr_doubles: 4194304
nr_of_strided_rec: 1
nr_doubles: 4194304
nr_of_strided_rec: 1
nr_doubles: 4194304
nr_of_strided_rec: 1
nr_doubles: 4194304
nr_of_strided_rec: 1
nr_doubles: 4194304
nr_of_strided_rec: 1
nr_doubles: 4194304
nr_of_strided_rec: 1
nr_doubles: 4194304
nr_of_strided_rec: 1
nr_doubles: 4194304
nr_of_strided_rec: 1
nr_doubles: 4194304
nr_of_strided_rec: 1
nr_doubles: 4194304
nr_of_strided_rec: 1
nr_doubles: 4194304
nr_of_strided_rec: 1
nr_doubles: 4194304
nr_of_strided_rec: 1
nr_doubles: 4194304
nr_of_strided_rec: 1
nr_doubles: 4194304
nr_of_strided_rec: 1
nr_doubles: 4194304
nr_of_strided_rec: 1
nr_doubles: 4194304
nr_of_strided_rec: 1
nr_doubles: 4194304
nr_of_strided_rec: 1
nr_doubles: 4194304
nr_of_strided_rec: 1
nr_doubles: 4194304
nr_of_strided_rec: 1
nr_doubles: 4194304
nr_of_strided_rec: 1
nr_doubles: 4194304
nr_of_strided_rec: 1
nr_doubles: 4194304
nr_of_strided_rec: 1
nr_doubles: 4194304
nr_of_strided_rec: 1
nr_doubles: 4194304
nr_of_strided_rec: 1
nr_doubles: 4194304
nr_of_strided_rec: 1
nr_doubles: 4194304
nr_of_strided_rec: 1
nr_doubles: 4194304
nr_of_strided_rec: 1
nr_doubles: 4194304
nr_of_strided_rec: 1
nr_doubles: 4194304
nr_of_strided_rec: 1
nr_doubles: 4194304
nr_of_strided_rec: 1
nr_doubles: 4194304
nr_of_strided_rec: 1
nr_doubles: 4194304
nr_of_strided_rec: 1
nr_doubles: 4194304
nr_of_strided_rec: 1
nr_doubles: 4194304
nr_of_strided_rec: 1
nr_doubles: 4194304
nr_of_strided_rec: 1
nr_doubles: 4194304
nr_of_strided_rec: 1
nr_doubles: 4194304
nr_of_strided_rec: 1
nr_doubles: 4194304
nr_of_strided_rec: 1
nr_doubles: 4194304
nr_of_strided_rec: 1
nr_doubles: 4194304
nr_of_strided_rec: 1
nr_doubles: 4194304
nr_of_strided_rec: 1
nr_doubles: 4194304
nr_of_strided_rec: 1
nr_doubles: 4194304
nr_of_strided_rec: 1
nr_doubles: 4194304
nr_of_strided_rec: 1
nr_doubles: 4194304
nr_of_strided_rec: 1
nr_doubles: 4194304
nr_of_strided_rec: 1
nr_doubles: 4194304
nr_of_strided_rec: 1
nr_doubles: 4194304
nr_of_strided_rec: 1
nr_doubles: 4194304
nr_of_strided_rec: 1
nr_doubles: 4194304
nr_of_strided_rec: 1
nr_doubles: 4194304
nr_of_strided_rec: 1
nr_doubles: 4194304
nr_of_strided_rec: 1
nr_doubles: 4194304
nr_of_strided_rec: 1
nr_doubles: 4194304
nr_of_strided_rec: 1
nr_doubles: 4194304
nr_of_strided_rec: 1
nr_doubles: 4194304
nr_of_strided_rec: 1
nr_doubles: 4194304
nr_of_strided_rec: 1
nr_doubles: 4194304
nr_of_strided_rec: 1
nr_doubles: 4194304
nr_of_strided_rec: 1
nr_doubles: 4194304
nr_of_strided_rec: 1
nr_doubles: 4194304
nr_of_strided_rec: 1
nr_doubles: 4194304
nr_of_strided_rec: 1
nr_doubles: 4194304
nr_of_strided_rec: 1
nr_doubles: 4194304
nr_of_strided_rec: 1
nr_doubles: 4194304
nr_of_strided_rec: 1
nr_doubles: 4194304
nr_of_strided_rec: 1
nr_doubles: 4194304
nr_of_strided_rec: 1
nr_doubles: 4194304
nr_of_strided_rec: 1
nr_doubles: 4194304
nr_of_strided_rec: 1
nr_doubles: 4194304
nr_of_strided_rec: 1
nr_doubles: 4194304
nr_of_strided_rec: 1
nr_doubles: 4194304
nr_of_strided_rec: 1
nr_doubles: 4194304
nr_of_strided_rec: 1
nr_doubles: 4194304
nr_of_strided_rec: 1
nr_doubles: 4194304
nr_of_strided_rec: 1
nr_doubles: 4194304
nr_of_strided_rec: 1
nr_doubles: 4194304
nr_of_strided_rec: 1
nr_doubles: 4194304
nr_of_strided_rec: 1
nr_doubles: 4194304
nr_of_strided_rec: 1
nr_doubles: 4194304
nr_of_strided_rec: 1
nr_doubles: 4194304
nr_of_strided_rec: 1
nr_doubles: 4194304
nr_of_strided_rec: 1
nr_doubles: 4194304
nr_of_strided_rec: 1
nr_doubles: 4194304
nr_of_strided_rec: 1
nr_doubles: 4194304
nr_of_strided_rec: 1
nr_doubles: 4194304
nr_of_strided_rec: 1
nr_doubles: 4194304
nr_of_strided_rec: 1
nr_doubles: 4194304
nr_of_strided_rec: 1
nr_doubles: 4194304
nr_of_strided_rec: 1
nr_doubles: 4194304
nr_of_strided_rec: 1
nr_doubles: 4194304
nr_of_strided_rec: 1
nr_doubles: 4194304
nr_of_strided_rec: 1
nr_doubles: 4194304
nr_of_strided_rec: 1
nr_doubles: 4194304
nr_of_strided_rec: 1
nr_doubles: 4194304
nr_of_strided_rec: 1
nr_doubles: 4194304
nr_of_strided_rec: 1
nr_doubles: 4194304
nr_of_strided_rec: 1
nr_doubles: 4194304
nr_of_strided_rec: 1
nr_doubles: 4194304
nr_of_strided_rec: 1
