fclose PID:34130 fd:3
fclose PID:34130 fd:4
fclose PID:34130 fd:4
fclose PID:34130 fd:3
available: 2 nodes (0-1)
fclose PID:34130 fd:3
node 0 cpus:fclose PID:34130 fd:3
 0 1 2 3 4 5 6 7 8 9 20 21 22 23 24 25 26 27 28 29
node 0 size: 80440 MB
node 0 free: 80123 MB
fclose PID:34130 fd:3
node 1 cpus:fclose PID:34130 fd:3
 10 11 12 13 14 15 16 17 18 19 30 31 32 33 34 35 36 37 38 39
node 1 size: 80635 MB
node 1 free: 80376 MB
fclose PID:34130 fd:3
fclose PID:34130 fd:3
node distances:
node   0   1 
  0:  10  21 
  1:  21  10 
READAHEAD_TIME:0.000000 us
MaxRSS= 2200 KB, SharedMem= 0 KB, HardPageFault= 10
fclose PID:34135 fd:12
fclose PID:34137 fd:8
fclose PID:34138 fd:8
fclose PID:34136 fd:10

MADbench 2.0 IO-mode
no_pe = 4  no_pix = 16384  no_bin = 30  no_gang = 1 sblocksize = 8  fblocksize = 64  r_mod = 1  w_mod = 1 record_size=4194304 stride=7


IOMETHOD = POSIX  IOMODE = SYNC  FILETYPE = UNIQUE  REMAP = CUSTOMbuild_S
build_S
build_S
build_S

Write the data to file:536870912 bytes
***********WAITING************

Write the data to file:536870912 bytes
***********WAITING************

Write the data to file:536870912 bytes
***********WAITING************

Write the data to file:536870912 bytes
***********WAITING************

Write the data to file:536870912 bytes
***********WAITING************

Write the data to file:536870912 bytes
***********WAITING************

Write the data to file:536870912 bytes
***********WAITING************

Write the data to file:536870912 bytes
***********WAITING************

Write the data to file:536870912 bytes
***********WAITING************

Write the data to file:536870912 bytes
***********WAITING************

Write the data to file:536870912 bytes
***********WAITING************

Write the data to file:536870912 bytes
***********WAITING************

Write the data to file:536870912 bytes
***********WAITING************

Write the data to file:536870912 bytes
***********WAITING************

Write the data to file:536870912 bytes
***********WAITING************

Write the data to file:536870912 bytes
***********WAITING************

Write the data to file:536870912 bytes
***********WAITING************

Write the data to file:536870912 bytes
***********WAITING************

Write the data to file:536870912 bytes
***********WAITING************

Write the data to file:536870912 bytes
***********WAITING************

Write the data to file:536870912 bytes
***********WAITING************

Write the data to file:536870912 bytes
***********WAITING************

Write the data to file:536870912 bytes
***********WAITING************

Write the data to file:536870912 bytes
***********WAITING************

Write the data to file:536870912 bytes
***********WAITING************

Write the data to file:536870912 bytes
***********WAITING************

Write the data to file:536870912 bytes
***********WAITING************

Write the data to file:536870912 bytes
***********WAITING************

Write the data to file:536870912 bytes
***********WAITING************

Write the data to file:536870912 bytes
***********WAITING************

Write the data to file:536870912 bytes
***********WAITING************

Write the data to file:536870912 bytes
***********WAITING************

Write the data to file:536870912 bytes
***********WAITING************

Write the data to file:536870912 bytes
***********WAITING************

Write the data to file:536870912 bytes
***********WAITING************

Write the data to file:536870912 bytes
***********WAITING************

Write the data to file:536870912 bytes
***********WAITING************

Write the data to file:536870912 bytes
***********WAITING************

Write the data to file:536870912 bytes
***********WAITING************

Write the data to file:536870912 bytes
***********WAITING************

Write the data to file:536870912 bytes
***********WAITING************

Write the data to file:536870912 bytes
***********WAITING************

Write the data to file:536870912 bytes
***********WAITING************

Write the data to file:536870912 bytes
***********WAITING************

Write the data to file:536870912 bytes
***********WAITING************

Write the data to file:536870912 bytes
***********WAITING************

Write the data to file:536870912 bytes
***********WAITING************

Write the data to file:536870912 bytes
***********WAITING************

Write the data to file:536870912 bytes
***********WAITING************

Write the data to file:536870912 bytes
***********WAITING************

Write the data to file:536870912 bytes
***********WAITING************

Write the data to file:536870912 bytes
***********WAITING************

Write the data to file:536870912 bytes
***********WAITING************

Write the data to file:536870912 bytes
***********WAITING************

Write the data to file:536870912 bytes
***********WAITING************

Write the data to file:536870912 bytes
***********WAITING************

Write the data to file:536870912 bytes
***********WAITING************

Write the data to file:536870912 bytes
***********WAITING************

Write the data to file:536870912 bytes
***********WAITING************

Write the data to file:536870912 bytes
***********WAITING************

Write the data to file:536870912 bytes
***********WAITING************

Write the data to file:536870912 bytes
***********WAITING************

Write the data to file:536870912 bytes
***********WAITING************

Write the data to file:536870912 bytes
***********WAITING************

Write the data to file:536870912 bytes
***********WAITING************

Write the data to file:536870912 bytes
***********WAITING************

Write the data to file:536870912 bytes
***********WAITING************

Write the data to file:536870912 bytes
***********WAITING************

Write the data to file:536870912 bytes
***********WAITING************

Write the data to file:536870912 bytes
***********WAITING************

Write the data to file:536870912 bytes
***********WAITING************

Write the data to file:536870912 bytes
***********WAITING************

Write the data to file:536870912 bytes
***********WAITING************

Write the data to file:536870912 bytes
***********WAITING************

Write the data to file:536870912 bytes
***********WAITING************

Write the data to file:536870912 bytes
***********WAITING************

Write the data to file:536870912 bytes
***********WAITING************

Write the data to file:536870912 bytes
***********WAITING************

Write the data to file:536870912 bytes
***********WAITING************

Write the data to file:536870912 bytes
***********WAITING************

Write the data to file:536870912 bytes
***********WAITING************

Write the data to file:536870912 bytes
***********WAITING************

Write the data to file:536870912 bytes
***********WAITING************

Write the data to file:536870912 bytes
***********WAITING************

Write the data to file:536870912 bytes
***********WAITING************

Write the data to file:536870912 bytes
***********WAITING************

Write the data to file:536870912 bytes
***********WAITING************

Write the data to file:536870912 bytes
***********WAITING************

Write the data to file:536870912 bytes
***********WAITING************

Write the data to file:536870912 bytes
***********WAITING************

Write the data to file:536870912 bytes
***********WAITING************

Write the data to file:536870912 bytes
***********WAITING************

Write the data to file:536870912 bytes
***********WAITING************

Write the data to file:536870912 bytes
***********WAITING************

Write the data to file:536870912 bytes
***********WAITING************

Write the data to file:536870912 bytes
***********WAITING************

Write the data to file:536870912 bytes
***********WAITING************

Write the data to file:536870912 bytes
***********WAITING************

Write the data to file:536870912 bytes
***********WAITING************

Write the data to file:536870912 bytes
***********WAITING************

Write the data to file:536870912 bytes
***********WAITING************

Write the data to file:536870912 bytes
***********WAITING************

Write the data to file:536870912 bytes
***********WAITING************

Write the data to file:536870912 bytes
***********WAITING************

Write the data to file:536870912 bytes
***********WAITING************

Write the data to file:536870912 bytes
***********WAITING************

Write the data to file:536870912 bytes
***********WAITING************

Write the data to file:536870912 bytes
***********WAITING************

Write the data to file:536870912 bytes
***********WAITING************

Write the data to file:536870912 bytes
***********WAITING************

Write the data to file:536870912 bytes
***********WAITING************

Write the data to file:536870912 bytes
***********WAITING************

Write the data to file:536870912 bytes
***********WAITING************

Write the data to file:536870912 bytes
***********WAITING************

Write the data to file:536870912 bytes
***********WAITING************

Write the data to file:536870912 bytes
***********WAITING************

Write the data to file:536870912 bytes
***********WAITING************

Write the data to file:536870912 bytes
***********WAITING************

Write the data to file:536870912 bytes
***********WAITING************

Write the data to file:536870912 bytes
***********WAITING************
S_cc         4.98   [      4.98:      4.99]
S_bw         2.86   [      2.86:      2.87]
S_w        148.61   [    148.60:    148.61]
          -------
S_total    156.45   [    156.45:    156.47]

build_S done
calc_W
nr_of_strided_rec: 16
nr_doubles: 524288
build_S done
calc_W
nr_of_strided_rec: 16
nr_doubles: 524288
build_S done
calc_W
nr_of_strided_rec: 16
nr_doubles: 524288
build_S done
calc_W
nr_of_strided_rec: 16
nr_doubles: 524288
nr_of_strided_rec: 16
nr_doubles: 524288
nr_of_strided_rec: 16
nr_doubles: 524288
nr_of_strided_rec: 16
nr_doubles: 524288
nr_of_strided_rec: 16
nr_doubles: 524288

Write the data to file:536870912 bytes
***********WAITING************

Write the data to file:536870912 bytes
***********WAITING************

Write the data to file:536870912 bytes
***********WAITING************

Write the data to file:536870912 bytes
***********WAITING************
nr_of_strided_rec: 16
nr_doubles: 524288
nr_of_strided_rec: 16
nr_doubles: 524288
nr_of_strided_rec: 16
nr_doubles: 524288
nr_of_strided_rec: 16
nr_doubles: 524288

Write the data to file:536870912 bytes
***********WAITING************

Write the data to file:536870912 bytes
***********WAITING************

Write the data to file:536870912 bytes
***********WAITING************

Write the data to file:536870912 bytes
***********WAITING************
nr_of_strided_rec: 16
nr_doubles: 524288
nr_of_strided_rec: 16
nr_doubles: 524288
nr_of_strided_rec: 16
nr_doubles: 524288
nr_of_strided_rec: 16
nr_doubles: 524288

Write the data to file:536870912 bytes
***********WAITING************

Write the data to file:536870912 bytes
***********WAITING************

Write the data to file:536870912 bytes
***********WAITING************

Write the data to file:536870912 bytes
***********WAITING************
nr_of_strided_rec: 16
nr_doubles: 524288
nr_of_strided_rec: 16
nr_doubles: 524288
nr_of_strided_rec: 16
nr_doubles: 524288
nr_of_strided_rec: 16
nr_doubles: 524288

Write the data to file:536870912 bytes
***********WAITING************

Write the data to file:536870912 bytes
***********WAITING************

Write the data to file:536870912 bytes
***********WAITING************

Write the data to file:536870912 bytes
***********WAITING************
nr_of_strided_rec: 16
nr_doubles: 524288
nr_of_strided_rec: 16
nr_doubles: 524288
nr_of_strided_rec: 16
nr_doubles: 524288
nr_of_strided_rec: 16
nr_doubles: 524288

Write the data to file:536870912 bytes
***********WAITING************

Write the data to file:536870912 bytes
***********WAITING************

Write the data to file:536870912 bytes
***********WAITING************

Write the data to file:536870912 bytes
***********WAITING************
nr_of_strided_rec: 16
nr_doubles: 524288
nr_of_strided_rec: 16
nr_doubles: 524288
nr_of_strided_rec: 16
nr_doubles: 524288
nr_of_strided_rec: 16
nr_doubles: 524288

Write the data to file:536870912 bytes
***********WAITING************

Write the data to file:536870912 bytes
***********WAITING************

Write the data to file:536870912 bytes
***********WAITING************

Write the data to file:536870912 bytes
***********WAITING************
nr_of_strided_rec: 16
nr_doubles: 524288
nr_of_strided_rec: 16
nr_doubles: 524288
nr_of_strided_rec: 16
nr_doubles: 524288
nr_of_strided_rec: 16
nr_doubles: 524288

Write the data to file:536870912 bytes
***********WAITING************

Write the data to file:536870912 bytes
***********WAITING************

Write the data to file:536870912 bytes
***********WAITING************

Write the data to file:536870912 bytes
***********WAITING************
nr_of_strided_rec: 16
nr_doubles: 524288
nr_of_strided_rec: 16
nr_doubles: 524288
nr_of_strided_rec: 16
nr_doubles: 524288
nr_of_strided_rec: 16
nr_doubles: 524288

Write the data to file:536870912 bytes
***********WAITING************

Write the data to file:536870912 bytes
***********WAITING************

Write the data to file:536870912 bytes
***********WAITING************

Write the data to file:536870912 bytes
***********WAITING************
nr_of_strided_rec: 16
nr_doubles: 524288
nr_of_strided_rec: 16
nr_doubles: 524288
nr_of_strided_rec: 16
nr_doubles: 524288
nr_of_strided_rec: 16
nr_doubles: 524288

Write the data to file:536870912 bytes
***********WAITING************

Write the data to file:536870912 bytes
***********WAITING************

Write the data to file:536870912 bytes
***********WAITING************

Write the data to file:536870912 bytes
***********WAITING************
nr_of_strided_rec: 16
nr_doubles: 524288
nr_of_strided_rec: 16
nr_doubles: 524288
nr_of_strided_rec: 16
nr_doubles: 524288
nr_of_strided_rec: 16
nr_doubles: 524288

Write the data to file:536870912 bytes
***********WAITING************

Write the data to file:536870912 bytes
***********WAITING************

Write the data to file:536870912 bytes
***********WAITING************

Write the data to file:536870912 bytes
***********WAITING************
nr_of_strided_rec: 16
nr_doubles: 524288
nr_of_strided_rec: 16
nr_doubles: 524288
nr_of_strided_rec: 16
nr_doubles: 524288
nr_of_strided_rec: 16
nr_doubles: 524288

Write the data to file:536870912 bytes
***********WAITING************

Write the data to file:536870912 bytes
***********WAITING************

Write the data to file:536870912 bytes
***********WAITING************

Write the data to file:536870912 bytes
***********WAITING************
nr_of_strided_rec: 16
nr_doubles: 524288
nr_of_strided_rec: 16
nr_doubles: 524288
nr_of_strided_rec: 16
nr_doubles: 524288
nr_of_strided_rec: 16
nr_doubles: 524288

Write the data to file:536870912 bytes
***********WAITING************

Write the data to file:536870912 bytes
***********WAITING************

Write the data to file:536870912 bytes
***********WAITING************

Write the data to file:536870912 bytes
***********WAITING************
nr_of_strided_rec: 16
nr_doubles: 524288
nr_of_strided_rec: 16
nr_doubles: 524288
nr_of_strided_rec: 16
nr_doubles: 524288
nr_of_strided_rec: 16
nr_doubles: 524288

Write the data to file:536870912 bytes
***********WAITING************

Write the data to file:536870912 bytes
***********WAITING************

Write the data to file:536870912 bytes
***********WAITING************

Write the data to file:536870912 bytes
***********WAITING************
nr_of_strided_rec: 16
nr_doubles: 524288
nr_of_strided_rec: 16
nr_doubles: 524288
nr_of_strided_rec: 16
nr_doubles: 524288
nr_of_strided_rec: 16
nr_doubles: 524288

Write the data to file:536870912 bytes
***********WAITING************

Write the data to file:536870912 bytes
***********WAITING************

Write the data to file:536870912 bytes
***********WAITING************

Write the data to file:536870912 bytes
***********WAITING************
nr_of_strided_rec: 16
nr_doubles: 524288
nr_of_strided_rec: 16
nr_doubles: 524288
nr_of_strided_rec: 16
nr_doubles: 524288
nr_of_strided_rec: 16
nr_doubles: 524288

Write the data to file:536870912 bytes
***********WAITING************

Write the data to file:536870912 bytes
***********WAITING************

Write the data to file:536870912 bytes
***********WAITING************

Write the data to file:536870912 bytes
***********WAITING************
nr_of_strided_rec: 16
nr_doubles: 524288
nr_of_strided_rec: 16
nr_doubles: 524288
nr_of_strided_rec: 16
nr_doubles: 524288
nr_of_strided_rec: 16
nr_doubles: 524288

Write the data to file:536870912 bytes
***********WAITING************

Write the data to file:536870912 bytes
***********WAITING************

Write the data to file:536870912 bytes
***********WAITING************

Write the data to file:536870912 bytes
***********WAITING************
nr_of_strided_rec: 16
nr_doubles: 524288
nr_of_strided_rec: 16
nr_doubles: 524288
nr_of_strided_rec: 16
nr_doubles: 524288
nr_of_strided_rec: 16
nr_doubles: 524288

Write the data to file:536870912 bytes
***********WAITING************

Write the data to file:536870912 bytes
***********WAITING************

Write the data to file:536870912 bytes
***********WAITING************

Write the data to file:536870912 bytes
***********WAITING************
nr_of_strided_rec: 16
nr_doubles: 524288
nr_of_strided_rec: 16
nr_doubles: 524288
nr_of_strided_rec: 16
nr_doubles: 524288
nr_of_strided_rec: 16
nr_doubles: 524288

Write the data to file:536870912 bytes
***********WAITING************

Write the data to file:536870912 bytes
***********WAITING************

Write the data to file:536870912 bytes
***********WAITING************

Write the data to file:536870912 bytes
***********WAITING************
nr_of_strided_rec: 16
nr_doubles: 524288
nr_of_strided_rec: 16
nr_doubles: 524288
nr_of_strided_rec: 16
nr_doubles: 524288
nr_of_strided_rec: 16
nr_doubles: 524288

Write the data to file:536870912 bytes
***********WAITING************

Write the data to file:536870912 bytes
***********WAITING************

Write the data to file:536870912 bytes
***********WAITING************

Write the data to file:536870912 bytes
***********WAITING************
nr_of_strided_rec: 16
nr_doubles: 524288
nr_of_strided_rec: 16
nr_doubles: 524288
nr_of_strided_rec: 16
nr_doubles: 524288
nr_of_strided_rec: 16
nr_doubles: 524288

Write the data to file:536870912 bytes
***********WAITING************

Write the data to file:536870912 bytes
***********WAITING************

Write the data to file:536870912 bytes
***********WAITING************

Write the data to file:536870912 bytes
***********WAITING************
nr_of_strided_rec: 16
nr_doubles: 524288
nr_of_strided_rec: 16
nr_doubles: 524288
nr_of_strided_rec: 16
nr_doubles: 524288
nr_of_strided_rec: 16
nr_doubles: 524288

Write the data to file:536870912 bytes
***********WAITING************

Write the data to file:536870912 bytes
***********WAITING************

Write the data to file:536870912 bytes
***********WAITING************

Write the data to file:536870912 bytes
***********WAITING************
nr_of_strided_rec: 16
nr_doubles: 524288
nr_of_strided_rec: 16
nr_doubles: 524288
nr_of_strided_rec: 16
nr_doubles: 524288
nr_of_strided_rec: 16
nr_doubles: 524288

Write the data to file:536870912 bytes
***********WAITING************

Write the data to file:536870912 bytes
***********WAITING************

Write the data to file:536870912 bytes
***********WAITING************

Write the data to file:536870912 bytes
***********WAITING************
nr_of_strided_rec: 16
nr_doubles: 524288
nr_of_strided_rec: 16
nr_doubles: 524288
nr_of_strided_rec: 16
nr_doubles: 524288
nr_of_strided_rec: 16
nr_doubles: 524288

Write the data to file:536870912 bytes
***********WAITING************

Write the data to file:536870912 bytes
***********WAITING************

Write the data to file:536870912 bytes
***********WAITING************

Write the data to file:536870912 bytes
***********WAITING************
nr_of_strided_rec: 16
nr_doubles: 524288
nr_of_strided_rec: 16
nr_doubles: 524288
nr_of_strided_rec: 16
nr_doubles: 524288
nr_of_strided_rec: 16
nr_doubles: 524288

Write the data to file:536870912 bytes
***********WAITING************

Write the data to file:536870912 bytes
***********WAITING************

Write the data to file:536870912 bytes
***********WAITING************

Write the data to file:536870912 bytes
***********WAITING************
nr_of_strided_rec: 16
nr_doubles: 524288
nr_of_strided_rec: 16
nr_doubles: 524288
nr_of_strided_rec: 16
nr_doubles: 524288
nr_of_strided_rec: 16
nr_doubles: 524288

Write the data to file:536870912 bytes
***********WAITING************

Write the data to file:536870912 bytes
***********WAITING************

Write the data to file:536870912 bytes
***********WAITING************

Write the data to file:536870912 bytes
***********WAITING************
nr_of_strided_rec: 16
nr_doubles: 524288
nr_of_strided_rec: 16
nr_doubles: 524288
nr_of_strided_rec: 16
nr_doubles: 524288
nr_of_strided_rec: 16
nr_doubles: 524288

Write the data to file:536870912 bytes
***********WAITING************

Write the data to file:536870912 bytes
***********WAITING************

Write the data to file:536870912 bytes
***********WAITING************

Write the data to file:536870912 bytes
***********WAITING************
nr_of_strided_rec: 16
nr_doubles: 524288
nr_of_strided_rec: 16
nr_doubles: 524288
nr_of_strided_rec: 16
nr_doubles: 524288
nr_of_strided_rec: 16
nr_doubles: 524288

Write the data to file:536870912 bytes
***********WAITING************

Write the data to file:536870912 bytes
***********WAITING************

Write the data to file:536870912 bytes
***********WAITING************

Write the data to file:536870912 bytes
***********WAITING************
nr_of_strided_rec: 16
nr_doubles: 524288
nr_of_strided_rec: 16
nr_doubles: 524288
nr_of_strided_rec: 16
nr_doubles: 524288
nr_of_strided_rec: 16
nr_doubles: 524288

Write the data to file:536870912 bytes
***********WAITING************

Write the data to file:536870912 bytes
***********WAITING************

Write the data to file:536870912 bytes
***********WAITING************

Write the data to file:536870912 bytes
***********WAITING************
nr_of_strided_rec: 16
nr_doubles: 524288
nr_of_strided_rec: 16
nr_doubles: 524288
nr_of_strided_rec: 16
nr_doubles: 524288
nr_of_strided_rec: 16
nr_doubles: 524288

Write the data to file:536870912 bytes
***********WAITING************

Write the data to file:536870912 bytes
***********WAITING************

Write the data to file:536870912 bytes
***********WAITING************

Write the data to file:536870912 bytes
***********WAITING************

Write the data to file:536870912 bytes
***********WAITING************

Write the data to file:536870912 bytes
***********WAITING************

Write the data to file:536870912 bytes
***********WAITING************

Write the data to file:536870912 bytes
***********WAITING************
W_cc         7.45   [      7.45:      7.46]
W_r        152.05   [    152.05:    152.05]
W_w        124.11   [    124.11:    124.11]
          -------
W_total    283.62   [    283.61:    283.62]

calc_W done
nr_of_strided_rec: 16
nr_doubles: 524288
calc_W done
nr_of_strided_rec: 16
nr_doubles: 524288
calc_W done
nr_of_strided_rec: 16
nr_doubles: 524288
calc_W done
nr_of_strided_rec: 16
nr_doubles: 524288
nr_of_strided_rec: 16
nr_doubles: 524288
nr_of_strided_rec: 16
nr_doubles: 524288
nr_of_strided_rec: 16
nr_doubles: 524288
nr_of_strided_rec: 16
nr_doubles: 524288
nr_of_strided_rec: 16
nr_doubles: 524288
nr_of_strided_rec: 16
nr_doubles: 524288
nr_of_strided_rec: 16
nr_doubles: 524288
nr_of_strided_rec: 16
nr_doubles: 524288
nr_of_strided_rec: 16
nr_doubles: 524288
nr_of_strided_rec: 16
nr_doubles: 524288
nr_of_strided_rec: 16
nr_doubles: 524288
nr_of_strided_rec: 16
nr_doubles: 524288
nr_of_strided_rec: 16
nr_doubles: 524288
nr_of_strided_rec: 16
nr_doubles: 524288
nr_of_strided_rec: 16
nr_doubles: 524288
nr_of_strided_rec: 16
nr_doubles: 524288
nr_of_strided_rec: 16
nr_doubles: 524288
nr_of_strided_rec: 16
nr_doubles: 524288
nr_of_strided_rec: 16
nr_doubles: 524288
nr_of_strided_rec: 16
nr_doubles: 524288
nr_of_strided_rec: 16
nr_doubles: 524288
nr_of_strided_rec: 16
nr_doubles: 524288
nr_of_strided_rec: 16
nr_doubles: 524288
nr_of_strided_rec: 16
nr_doubles: 524288
nr_of_strided_rec: 16
nr_doubles: 524288
nr_of_strided_rec: 16
nr_doubles: 524288
nr_of_strided_rec: 16
nr_doubles: 524288
nr_of_strided_rec: 16
nr_doubles: 524288
nr_of_strided_rec: 16
nr_doubles: 524288
nr_of_strided_rec: 16
nr_doubles: 524288
nr_of_strided_rec: 16
nr_doubles: 524288
nr_of_strided_rec: 16
nr_doubles: 524288
nr_of_strided_rec: 16
nr_doubles: 524288
nr_of_strided_rec: 16
nr_doubles: 524288
nr_of_strided_rec: 16
nr_doubles: 524288
nr_of_strided_rec: 16
nr_doubles: 524288
nr_of_strided_rec: 16
nr_doubles: 524288
nr_of_strided_rec: 16
nr_doubles: 524288
nr_of_strided_rec: 16
nr_doubles: 524288
nr_of_strided_rec: 16
nr_doubles: 524288
nr_of_strided_rec: 16
nr_doubles: 524288
nr_of_strided_rec: 16
nr_doubles: 524288
nr_of_strided_rec: 16
nr_doubles: 524288
nr_of_strided_rec: 16
nr_doubles: 524288
nr_of_strided_rec: 16
nr_doubles: 524288
nr_of_strided_rec: 16
nr_doubles: 524288
nr_of_strided_rec: 16
nr_doubles: 524288
nr_of_strided_rec: 16
nr_doubles: 524288
nr_of_strided_rec: 16
nr_doubles: 524288
nr_of_strided_rec: 16
nr_doubles: 524288
nr_of_strided_rec: 16
nr_doubles: 524288
nr_of_strided_rec: 16
nr_doubles: 524288
nr_of_strided_rec: 16
nr_doubles: 524288
nr_of_strided_rec: 16
nr_doubles: 524288
nr_of_strided_rec: 16
nr_doubles: 524288
nr_of_strided_rec: 16
nr_doubles: 524288
nr_of_strided_rec: 16
nr_doubles: 524288
nr_of_strided_rec: 16
nr_doubles: 524288
nr_of_strided_rec: 16
nr_doubles: 524288
nr_of_strided_rec: 16
nr_doubles: 524288
nr_of_strided_rec: 16
nr_doubles: 524288
nr_of_strided_rec: 16
nr_doubles: 524288
nr_of_strided_rec: 16
nr_doubles: 524288
nr_of_strided_rec: 16
nr_doubles: 524288
nr_of_strided_rec: 16
nr_doubles: 524288
nr_of_strided_rec: 16
nr_doubles: 524288
nr_of_strided_rec: 16
nr_doubles: 524288
nr_of_strided_rec: 16
nr_doubles: 524288
nr_of_strided_rec: 16
nr_doubles: 524288
nr_of_strided_rec: 16
nr_doubles: 524288
nr_of_strided_rec: 16
nr_doubles: 524288
nr_of_strided_rec: 16
nr_doubles: 524288
nr_of_strided_rec: 16
nr_doubles: 524288
nr_of_strided_rec: 16
nr_doubles: 524288
nr_of_strided_rec: 16
nr_doubles: 524288
nr_of_strided_rec: 16
nr_doubles: 524288
nr_of_strided_rec: 16
nr_doubles: 524288
nr_of_strided_rec: 16
nr_doubles: 524288
nr_of_strided_rec: 16
nr_doubles: 524288
nr_of_strided_rec: 16
nr_doubles: 524288
nr_of_strided_rec: 16
nr_doubles: 524288
nr_of_strided_rec: 16
nr_doubles: 524288
nr_of_strided_rec: 16
nr_doubles: 524288
nr_of_strided_rec: 16
nr_doubles: 524288
nr_of_strided_rec: 16
nr_doubles: 524288
nr_of_strided_rec: 16
nr_doubles: 524288
nr_of_strided_rec: 16
nr_doubles: 524288
nr_of_strided_rec: 16
nr_doubles: 524288
nr_of_strided_rec: 16
nr_doubles: 524288
nr_of_strided_rec: 16
nr_doubles: 524288
nr_of_strided_rec: 16
nr_doubles: 524288
nr_of_strided_rec: 16
nr_doubles: 524288
nr_of_strided_rec: 16
nr_doubles: 524288
nr_of_strided_rec: 16
nr_doubles: 524288
nr_of_strided_rec: 16
nr_doubles: 524288
nr_of_strided_rec: 16
nr_doubles: 524288
nr_of_strided_rec: 16
nr_doubles: 524288
nr_of_strided_rec: 16
nr_doubles: 524288
nr_of_strided_rec: 16
nr_doubles: 524288
nr_of_strided_rec: 16
nr_doubles: 524288
nr_of_strided_rec: 16
nr_doubles: 524288
nr_of_strided_rec: 16
nr_doubles: 524288
nr_of_strided_rec: 16
nr_doubles: 524288
nr_of_strided_rec: 16
nr_doubles: 524288
nr_of_strided_rec: 16
nr_doubles: 524288
nr_of_strided_rec: 16
nr_doubles: 524288
nr_of_strided_rec: 16
nr_doubles: 524288
nr_of_strided_rec: 16
nr_doubles: 524288
nr_of_strided_rec: 16
nr_doubles: 524288
nr_of_strided_rec: 16
nr_doubles: 524288
nr_of_strided_rec: 16
nr_doubles: 524288
nr_of_strided_rec: 16
nr_doubles: 524288
nr_of_strided_rec: 16
nr_doubles: 524288
nr_of_strided_rec: 16
nr_doubles: 524288
nr_of_strided_rec: 16
nr_doubles: 524288
nr_of_strided_rec: 16
nr_doubles: 524288
C_cc         3.09   [      3.08:      3.09]
C_bw         2.39   [      2.39:      2.39]
C_r        128.81   [    128.81:    128.81]
          -------
C_total    134.28   [    134.28:    134.28]


dC[0] = 0.00000e+00
fclose PID:34135 fd:12
fclose PID:34137 fd:8
fclose PID:34138 fd:8
fclose PID:34136 fd:10
READAHEAD_TIME:0.000000 us
MaxRSS= 2107672 KB, SharedMem= 0 KB, HardPageFault= 8
READAHEAD_TIME:0.000000 us
MaxRSS= 2108032 KB, SharedMem= 0 KB, HardPageFault= 7
READAHEAD_TIME:0.000000 us
MaxRSS= 2107660 KB, SharedMem= 0 KB, HardPageFault= 8
READAHEAD_TIME:0.000000 us
MaxRSS= 2107840 KB, SharedMem= 0 KB, HardPageFault= 14
fclose PID:34134 fd:0
fclose PID:34134 fd:6
fclose PID:34134 fd:6
fclose PID:34134 fd:0
READAHEAD_TIME:0.000000 us
MaxRSS= 5368 KB, SharedMem= 0 KB, HardPageFault= 2
fclose PID:34133 fd:3
fclose PID:34133 fd:4
fclose PID:34133 fd:4
fclose PID:34133 fd:3
READAHEAD_TIME:0.000000 us
MaxRSS= 4888 KB, SharedMem= 0 KB, HardPageFault= 4
	Command being timed: "mpiexec -n 4 ./MADbench2_io 16384 30 1 8 64 1 1 4194304 7 1"
	User time (seconds): 285.50
	System time (seconds): 216.07
	Percent of CPU this job got: 87%
	Elapsed (wall clock) time (h:mm:ss or m:ss): 9:35.07
	Average shared text size (kbytes): 0
	Average unshared data size (kbytes): 0
	Average stack size (kbytes): 0
	Average total size (kbytes): 0
	Maximum resident set size (kbytes): 2108032
	Average resident set size (kbytes): 0
	Major (requiring I/O) page faults: 44
	Minor (reclaiming a frame) page faults: 11055158
	Voluntary context switches: 126989
	Involuntary context switches: 2849
	Swaps: 0
	File system inputs: 246469744
	File system outputs: 251658488
	Socket messages sent: 0
	Socket messages received: 0
	Signals delivered: 0
	Page size (bytes): 4096
	Exit status: 0
READAHEAD_TIME:0.000000 us
MaxRSS= 2232 KB, SharedMem= 0 KB, HardPageFault= 0
*******************DMESG OUTPUT******************
