fclose PID:30973 fd:3
fclose PID:30973 fd:4
fclose PID:30973 fd:4
fclose PID:30973 fd:3
available: 2 nodes (0-1)
fclose PID:30973 fd:3
node 0 cpus:fclose PID:30973 fd:3
 0 1 2 3 4 5 6 7 8 9 20 21 22 23 24 25 26 27 28 29
node 0 size: 80440 MB
node 0 free: 80120 MB
fclose PID:30973 fd:3
node 1 cpus:fclose PID:30973 fd:3
 10 11 12 13 14 15 16 17 18 19 30 31 32 33 34 35 36 37 38 39
node 1 size: 80635 MB
node 1 free: 80375 MB
fclose PID:30973 fd:3
fclose PID:30973 fd:3
node distances:
node   0   1 
  0:  10  21 
  1:  21  10 
READAHEAD_TIME:0.000000 us
MaxRSS= 2204 KB, SharedMem= 0 KB, HardPageFault= 10
fclose PID:30978 fd:12
fclose PID:30979 fd:10
fclose PID:30981 fd:8
fclose PID:30980 fd:8

MADbench 2.0 IO-mode
no_pe = 4  no_pix = 8192  no_bin = 30  no_gang = 1 sblocksize = 8  fblocksize = 64  r_mod = 1  w_mod = 1 record_size=16777216 stride=7


IOMETHOD = POSIX  IOMODE = SYNC  FILETYPE = UNIQUE  REMAP = CUSTOMbuild_S
build_S
build_S
build_S

Write the data to file:134217728 bytes
***********WAITING************

Write the data to file:134217728 bytes
***********WAITING************

Write the data to file:134217728 bytes
***********WAITING************

Write the data to file:134217728 bytes
***********WAITING************

Write the data to file:134217728 bytes
***********WAITING************

Write the data to file:134217728 bytes
***********WAITING************

Write the data to file:134217728 bytes
***********WAITING************

Write the data to file:134217728 bytes
***********WAITING************

Write the data to file:134217728 bytes
***********WAITING************

Write the data to file:134217728 bytes
***********WAITING************

Write the data to file:134217728 bytes
***********WAITING************

Write the data to file:134217728 bytes
***********WAITING************

Write the data to file:134217728 bytes
***********WAITING************

Write the data to file:134217728 bytes
***********WAITING************

Write the data to file:134217728 bytes
***********WAITING************

Write the data to file:134217728 bytes
***********WAITING************

Write the data to file:134217728 bytes
***********WAITING************

Write the data to file:134217728 bytes
***********WAITING************

Write the data to file:134217728 bytes
***********WAITING************

Write the data to file:134217728 bytes
***********WAITING************

Write the data to file:134217728 bytes
***********WAITING************

Write the data to file:134217728 bytes
***********WAITING************

Write the data to file:134217728 bytes
***********WAITING************

Write the data to file:134217728 bytes
***********WAITING************

Write the data to file:134217728 bytes
***********WAITING************

Write the data to file:134217728 bytes
***********WAITING************

Write the data to file:134217728 bytes
***********WAITING************

Write the data to file:134217728 bytes
***********WAITING************

Write the data to file:134217728 bytes
***********WAITING************

Write the data to file:134217728 bytes
***********WAITING************

Write the data to file:134217728 bytes
***********WAITING************

Write the data to file:134217728 bytes
***********WAITING************

Write the data to file:134217728 bytes
***********WAITING************

Write the data to file:134217728 bytes
***********WAITING************

Write the data to file:134217728 bytes
***********WAITING************

Write the data to file:134217728 bytes
***********WAITING************

Write the data to file:134217728 bytes
***********WAITING************

Write the data to file:134217728 bytes
***********WAITING************

Write the data to file:134217728 bytes
***********WAITING************

Write the data to file:134217728 bytes
***********WAITING************

Write the data to file:134217728 bytes
***********WAITING************

Write the data to file:134217728 bytes
***********WAITING************

Write the data to file:134217728 bytes
***********WAITING************

Write the data to file:134217728 bytes
***********WAITING************

Write the data to file:134217728 bytes
***********WAITING************

Write the data to file:134217728 bytes
***********WAITING************

Write the data to file:134217728 bytes
***********WAITING************

Write the data to file:134217728 bytes
***********WAITING************

Write the data to file:134217728 bytes
***********WAITING************

Write the data to file:134217728 bytes
***********WAITING************

Write the data to file:134217728 bytes
***********WAITING************

Write the data to file:134217728 bytes
***********WAITING************

Write the data to file:134217728 bytes
***********WAITING************

Write the data to file:134217728 bytes
***********WAITING************

Write the data to file:134217728 bytes
***********WAITING************

Write the data to file:134217728 bytes
***********WAITING************

Write the data to file:134217728 bytes
***********WAITING************

Write the data to file:134217728 bytes
***********WAITING************

Write the data to file:134217728 bytes
***********WAITING************

Write the data to file:134217728 bytes
***********WAITING************

Write the data to file:134217728 bytes
***********WAITING************

Write the data to file:134217728 bytes
***********WAITING************

Write the data to file:134217728 bytes
***********WAITING************

Write the data to file:134217728 bytes
***********WAITING************

Write the data to file:134217728 bytes
***********WAITING************

Write the data to file:134217728 bytes
***********WAITING************

Write the data to file:134217728 bytes
***********WAITING************

Write the data to file:134217728 bytes
***********WAITING************

Write the data to file:134217728 bytes
***********WAITING************

Write the data to file:134217728 bytes
***********WAITING************

Write the data to file:134217728 bytes
***********WAITING************

Write the data to file:134217728 bytes
***********WAITING************

Write the data to file:134217728 bytes
***********WAITING************

Write the data to file:134217728 bytes
***********WAITING************

Write the data to file:134217728 bytes
***********WAITING************

Write the data to file:134217728 bytes
***********WAITING************

Write the data to file:134217728 bytes
***********WAITING************

Write the data to file:134217728 bytes
***********WAITING************

Write the data to file:134217728 bytes
***********WAITING************

Write the data to file:134217728 bytes
***********WAITING************

Write the data to file:134217728 bytes
***********WAITING************

Write the data to file:134217728 bytes
***********WAITING************

Write the data to file:134217728 bytes
***********WAITING************

Write the data to file:134217728 bytes
***********WAITING************

Write the data to file:134217728 bytes
***********WAITING************

Write the data to file:134217728 bytes
***********WAITING************

Write the data to file:134217728 bytes
***********WAITING************

Write the data to file:134217728 bytes
***********WAITING************

Write the data to file:134217728 bytes
***********WAITING************

Write the data to file:134217728 bytes
***********WAITING************

Write the data to file:134217728 bytes
***********WAITING************

Write the data to file:134217728 bytes
***********WAITING************

Write the data to file:134217728 bytes
***********WAITING************

Write the data to file:134217728 bytes
***********WAITING************

Write the data to file:134217728 bytes
***********WAITING************

Write the data to file:134217728 bytes
***********WAITING************

Write the data to file:134217728 bytes
***********WAITING************

Write the data to file:134217728 bytes
***********WAITING************

Write the data to file:134217728 bytes
***********WAITING************

Write the data to file:134217728 bytes
***********WAITING************

Write the data to file:134217728 bytes
***********WAITING************

Write the data to file:134217728 bytes
***********WAITING************

Write the data to file:134217728 bytes
***********WAITING************

Write the data to file:134217728 bytes
***********WAITING************

Write the data to file:134217728 bytes
***********WAITING************

Write the data to file:134217728 bytes
***********WAITING************

Write the data to file:134217728 bytes
***********WAITING************

Write the data to file:134217728 bytes
***********WAITING************

Write the data to file:134217728 bytes
***********WAITING************

Write the data to file:134217728 bytes
***********WAITING************

Write the data to file:134217728 bytes
***********WAITING************

Write the data to file:134217728 bytes
***********WAITING************

Write the data to file:134217728 bytes
***********WAITING************

Write the data to file:134217728 bytes
***********WAITING************

Write the data to file:134217728 bytes
***********WAITING************

Write the data to file:134217728 bytes
***********WAITING************

Write the data to file:134217728 bytes
***********WAITING************

Write the data to file:134217728 bytes
***********WAITING************

Write the data to file:134217728 bytes
***********WAITING************

Write the data to file:134217728 bytes
***********WAITING************
S_cc         1.73   [      1.73:      1.73]
S_bw         0.74   [      0.74:      0.74]
S_w         33.55   [     33.55:     33.56]
          -------
S_total     36.03   [     36.02:     36.03]

build_S done
calc_W
nr_of_strided_rec: 1
nr_doubles: 2097152
build_S done
calc_W
nr_of_strided_rec: 1
nr_doubles: 2097152
build_S done
calc_W
nr_of_strided_rec: 1
nr_doubles: 2097152
build_S done
calc_W
nr_of_strided_rec: 1
nr_doubles: 2097152
nr_of_strided_rec: 1
nr_doubles: 2097152
nr_of_strided_rec: 1
nr_doubles: 2097152
nr_of_strided_rec: 1
nr_doubles: 2097152
nr_of_strided_rec: 1
nr_doubles: 2097152

Write the data to file:134217728 bytes
***********WAITING************

Write the data to file:134217728 bytes
***********WAITING************

Write the data to file:134217728 bytes
***********WAITING************

Write the data to file:134217728 bytes
***********WAITING************
nr_of_strided_rec: 1
nr_doubles: 2097152
nr_of_strided_rec: 1
nr_doubles: 2097152
nr_of_strided_rec: 1
nr_doubles: 2097152
nr_of_strided_rec: 1
nr_doubles: 2097152

Write the data to file:134217728 bytes
***********WAITING************

Write the data to file:134217728 bytes
***********WAITING************

Write the data to file:134217728 bytes
***********WAITING************

Write the data to file:134217728 bytes
***********WAITING************
nr_of_strided_rec: 1
nr_doubles: 2097152
nr_of_strided_rec: 1
nr_doubles: 2097152
nr_of_strided_rec: 1
nr_doubles: 2097152
nr_of_strided_rec: 1
nr_doubles: 2097152

Write the data to file:134217728 bytes
***********WAITING************

Write the data to file:134217728 bytes
***********WAITING************

Write the data to file:134217728 bytes
***********WAITING************

Write the data to file:134217728 bytes
***********WAITING************
nr_of_strided_rec: 1
nr_doubles: 2097152
nr_of_strided_rec: 1
nr_doubles: 2097152
nr_of_strided_rec: 1
nr_doubles: 2097152
nr_of_strided_rec: 1
nr_doubles: 2097152

Write the data to file:134217728 bytes
***********WAITING************

Write the data to file:134217728 bytes
***********WAITING************

Write the data to file:134217728 bytes
***********WAITING************

Write the data to file:134217728 bytes
***********WAITING************
nr_of_strided_rec: 1
nr_doubles: 2097152
nr_of_strided_rec: 1
nr_doubles: 2097152
nr_of_strided_rec: 1
nr_doubles: 2097152
nr_of_strided_rec: 1
nr_doubles: 2097152

Write the data to file:134217728 bytes
***********WAITING************

Write the data to file:134217728 bytes
***********WAITING************

Write the data to file:134217728 bytes
***********WAITING************

Write the data to file:134217728 bytes
***********WAITING************
nr_of_strided_rec: 1
nr_doubles: 2097152
nr_of_strided_rec: 1
nr_doubles: 2097152
nr_of_strided_rec: 1
nr_doubles: 2097152
nr_of_strided_rec: 1
nr_doubles: 2097152

Write the data to file:134217728 bytes
***********WAITING************

Write the data to file:134217728 bytes
***********WAITING************

Write the data to file:134217728 bytes
***********WAITING************

Write the data to file:134217728 bytes
***********WAITING************
nr_of_strided_rec: 1
nr_doubles: 2097152
nr_of_strided_rec: 1
nr_doubles: 2097152
nr_of_strided_rec: 1
nr_doubles: 2097152
nr_of_strided_rec: 1
nr_doubles: 2097152

Write the data to file:134217728 bytes
***********WAITING************

Write the data to file:134217728 bytes
***********WAITING************

Write the data to file:134217728 bytes
***********WAITING************

Write the data to file:134217728 bytes
***********WAITING************
nr_of_strided_rec: 1
nr_doubles: 2097152
nr_of_strided_rec: 1
nr_doubles: 2097152
nr_of_strided_rec: 1
nr_doubles: 2097152
nr_of_strided_rec: 1
nr_doubles: 2097152

Write the data to file:134217728 bytes
***********WAITING************

Write the data to file:134217728 bytes
***********WAITING************

Write the data to file:134217728 bytes
***********WAITING************

Write the data to file:134217728 bytes
***********WAITING************
nr_of_strided_rec: 1
nr_doubles: 2097152
nr_of_strided_rec: 1
nr_doubles: 2097152
nr_of_strided_rec: 1
nr_doubles: 2097152
nr_of_strided_rec: 1
nr_doubles: 2097152

Write the data to file:134217728 bytes
***********WAITING************

Write the data to file:134217728 bytes
***********WAITING************

Write the data to file:134217728 bytes
***********WAITING************

Write the data to file:134217728 bytes
***********WAITING************
nr_of_strided_rec: 1
nr_doubles: 2097152
nr_of_strided_rec: 1
nr_doubles: 2097152
nr_of_strided_rec: 1
nr_doubles: 2097152
nr_of_strided_rec: 1
nr_doubles: 2097152

Write the data to file:134217728 bytes
***********WAITING************

Write the data to file:134217728 bytes
***********WAITING************

Write the data to file:134217728 bytes
***********WAITING************

Write the data to file:134217728 bytes
***********WAITING************
nr_of_strided_rec: 1
nr_doubles: 2097152
nr_of_strided_rec: 1
nr_doubles: 2097152
nr_of_strided_rec: 1
nr_doubles: 2097152
nr_of_strided_rec: 1
nr_doubles: 2097152

Write the data to file:134217728 bytes
***********WAITING************

Write the data to file:134217728 bytes
***********WAITING************

Write the data to file:134217728 bytes
***********WAITING************

Write the data to file:134217728 bytes
***********WAITING************
nr_of_strided_rec: 1
nr_doubles: 2097152
nr_of_strided_rec: 1
nr_doubles: 2097152
nr_of_strided_rec: 1
nr_doubles: 2097152
nr_of_strided_rec: 1
nr_doubles: 2097152

Write the data to file:134217728 bytes
***********WAITING************

Write the data to file:134217728 bytes
***********WAITING************

Write the data to file:134217728 bytes
***********WAITING************

Write the data to file:134217728 bytes
***********WAITING************
nr_of_strided_rec: 1
nr_doubles: 2097152
nr_of_strided_rec: 1
nr_doubles: 2097152
nr_of_strided_rec: 1
nr_doubles: 2097152
nr_of_strided_rec: 1
nr_doubles: 2097152

Write the data to file:134217728 bytes
***********WAITING************

Write the data to file:134217728 bytes
***********WAITING************

Write the data to file:134217728 bytes
***********WAITING************

Write the data to file:134217728 bytes
***********WAITING************
nr_of_strided_rec: 1
nr_doubles: 2097152
nr_of_strided_rec: 1
nr_doubles: 2097152
nr_of_strided_rec: 1
nr_doubles: 2097152
nr_of_strided_rec: 1
nr_doubles: 2097152

Write the data to file:134217728 bytes
***********WAITING************

Write the data to file:134217728 bytes
***********WAITING************

Write the data to file:134217728 bytes
***********WAITING************

Write the data to file:134217728 bytes
***********WAITING************
nr_of_strided_rec: 1
nr_doubles: 2097152
nr_of_strided_rec: 1
nr_doubles: 2097152
nr_of_strided_rec: 1
nr_doubles: 2097152
nr_of_strided_rec: 1
nr_doubles: 2097152

Write the data to file:134217728 bytes
***********WAITING************

Write the data to file:134217728 bytes
***********WAITING************

Write the data to file:134217728 bytes
***********WAITING************

Write the data to file:134217728 bytes
***********WAITING************
nr_of_strided_rec: 1
nr_doubles: 2097152
nr_of_strided_rec: 1
nr_doubles: 2097152
nr_of_strided_rec: 1
nr_doubles: 2097152
nr_of_strided_rec: 1
nr_doubles: 2097152

Write the data to file:134217728 bytes
***********WAITING************

Write the data to file:134217728 bytes
***********WAITING************

Write the data to file:134217728 bytes
***********WAITING************

Write the data to file:134217728 bytes
***********WAITING************
nr_of_strided_rec: 1
nr_doubles: 2097152
nr_of_strided_rec: 1
nr_doubles: 2097152
nr_of_strided_rec: 1
nr_doubles: 2097152
nr_of_strided_rec: 1
nr_doubles: 2097152

Write the data to file:134217728 bytes
***********WAITING************

Write the data to file:134217728 bytes
***********WAITING************

Write the data to file:134217728 bytes
***********WAITING************

Write the data to file:134217728 bytes
***********WAITING************
nr_of_strided_rec: 1
nr_doubles: 2097152
nr_of_strided_rec: 1
nr_doubles: 2097152
nr_of_strided_rec: 1
nr_doubles: 2097152
nr_of_strided_rec: 1
nr_doubles: 2097152

Write the data to file:134217728 bytes
***********WAITING************

Write the data to file:134217728 bytes
***********WAITING************

Write the data to file:134217728 bytes
***********WAITING************

Write the data to file:134217728 bytes
***********WAITING************
nr_of_strided_rec: 1
nr_doubles: 2097152
nr_of_strided_rec: 1
nr_doubles: 2097152
nr_of_strided_rec: 1
nr_doubles: 2097152
nr_of_strided_rec: 1
nr_doubles: 2097152

Write the data to file:134217728 bytes
***********WAITING************

Write the data to file:134217728 bytes
***********WAITING************

Write the data to file:134217728 bytes
***********WAITING************

Write the data to file:134217728 bytes
***********WAITING************
nr_of_strided_rec: 1
nr_doubles: 2097152
nr_of_strided_rec: 1
nr_doubles: 2097152
nr_of_strided_rec: 1
nr_doubles: 2097152
nr_of_strided_rec: 1
nr_doubles: 2097152

Write the data to file:134217728 bytes
***********WAITING************

Write the data to file:134217728 bytes
***********WAITING************

Write the data to file:134217728 bytes
***********WAITING************

Write the data to file:134217728 bytes
***********WAITING************
nr_of_strided_rec: 1
nr_doubles: 2097152
nr_of_strided_rec: 1
nr_doubles: 2097152
nr_of_strided_rec: 1
nr_doubles: 2097152
nr_of_strided_rec: 1
nr_doubles: 2097152

Write the data to file:134217728 bytes
***********WAITING************

Write the data to file:134217728 bytes
***********WAITING************

Write the data to file:134217728 bytes
***********WAITING************

Write the data to file:134217728 bytes
***********WAITING************
nr_of_strided_rec: 1
nr_doubles: 2097152
nr_of_strided_rec: 1
nr_doubles: 2097152
nr_of_strided_rec: 1
nr_doubles: 2097152
nr_of_strided_rec: 1
nr_doubles: 2097152

Write the data to file:134217728 bytes
***********WAITING************

Write the data to file:134217728 bytes
***********WAITING************

Write the data to file:134217728 bytes
***********WAITING************

Write the data to file:134217728 bytes
***********WAITING************
nr_of_strided_rec: 1
nr_doubles: 2097152
nr_of_strided_rec: 1
nr_doubles: 2097152
nr_of_strided_rec: 1
nr_doubles: 2097152
nr_of_strided_rec: 1
nr_doubles: 2097152

Write the data to file:134217728 bytes
***********WAITING************

Write the data to file:134217728 bytes
***********WAITING************

Write the data to file:134217728 bytes
***********WAITING************

Write the data to file:134217728 bytes
***********WAITING************
nr_of_strided_rec: 1
nr_doubles: 2097152
nr_of_strided_rec: 1
nr_doubles: 2097152
nr_of_strided_rec: 1
nr_doubles: 2097152
nr_of_strided_rec: 1
nr_doubles: 2097152

Write the data to file:134217728 bytes
***********WAITING************

Write the data to file:134217728 bytes
***********WAITING************

Write the data to file:134217728 bytes
***********WAITING************

Write the data to file:134217728 bytes
***********WAITING************
nr_of_strided_rec: 1
nr_doubles: 2097152
nr_of_strided_rec: 1
nr_doubles: 2097152
nr_of_strided_rec: 1
nr_doubles: 2097152
nr_of_strided_rec: 1
nr_doubles: 2097152

Write the data to file:134217728 bytes
***********WAITING************

Write the data to file:134217728 bytes
***********WAITING************

Write the data to file:134217728 bytes
***********WAITING************

Write the data to file:134217728 bytes
***********WAITING************
nr_of_strided_rec: 1
nr_doubles: 2097152
nr_of_strided_rec: 1
nr_doubles: 2097152
nr_of_strided_rec: 1
nr_doubles: 2097152
nr_of_strided_rec: 1
nr_doubles: 2097152

Write the data to file:134217728 bytes
***********WAITING************

Write the data to file:134217728 bytes
***********WAITING************

Write the data to file:134217728 bytes
***********WAITING************

Write the data to file:134217728 bytes
***********WAITING************
nr_of_strided_rec: 1
nr_doubles: 2097152
nr_of_strided_rec: 1
nr_doubles: 2097152
nr_of_strided_rec: 1
nr_doubles: 2097152
nr_of_strided_rec: 1
nr_doubles: 2097152

Write the data to file:134217728 bytes
***********WAITING************

Write the data to file:134217728 bytes
***********WAITING************

Write the data to file:134217728 bytes
***********WAITING************

Write the data to file:134217728 bytes
***********WAITING************
nr_of_strided_rec: 1
nr_doubles: 2097152
nr_of_strided_rec: 1
nr_doubles: 2097152
nr_of_strided_rec: 1
nr_doubles: 2097152
nr_of_strided_rec: 1
nr_doubles: 2097152

Write the data to file:134217728 bytes
***********WAITING************

Write the data to file:134217728 bytes
***********WAITING************

Write the data to file:134217728 bytes
***********WAITING************

Write the data to file:134217728 bytes
***********WAITING************
nr_of_strided_rec: 1
nr_doubles: 2097152
nr_of_strided_rec: 1
nr_doubles: 2097152
nr_of_strided_rec: 1
nr_doubles: 2097152
nr_of_strided_rec: 1
nr_doubles: 2097152

Write the data to file:134217728 bytes
***********WAITING************

Write the data to file:134217728 bytes
***********WAITING************

Write the data to file:134217728 bytes
***********WAITING************

Write the data to file:134217728 bytes
***********WAITING************

Write the data to file:134217728 bytes
***********WAITING************

Write the data to file:134217728 bytes
***********WAITING************

Write the data to file:134217728 bytes
***********WAITING************

Write the data to file:134217728 bytes
***********WAITING************
W_cc         3.40   [      3.39:      3.40]
W_r         41.20   [     41.20:     41.20]
W_w         28.42   [     28.42:     28.42]
          -------
W_total     73.02   [     73.01:     73.02]

calc_W done
calc_W done
nr_of_strided_rec: 1
nr_doubles: 2097152
calc_W done
nr_of_strided_rec: 1
nr_doubles: 2097152
calc_W done
nr_of_strided_rec: 1
nr_doubles: 2097152
nr_of_strided_rec: 1
nr_doubles: 2097152
nr_of_strided_rec: 1
nr_doubles: 2097152
nr_of_strided_rec: 1
nr_doubles: 2097152
nr_of_strided_rec: 1
nr_doubles: 2097152
nr_of_strided_rec: 1
nr_doubles: 2097152
nr_of_strided_rec: 1
nr_doubles: 2097152
nr_of_strided_rec: 1
nr_doubles: 2097152
nr_of_strided_rec: 1
nr_doubles: 2097152
nr_of_strided_rec: 1
nr_doubles: 2097152
nr_of_strided_rec: 1
nr_doubles: 2097152
nr_of_strided_rec: 1
nr_doubles: 2097152
nr_of_strided_rec: 1
nr_doubles: 2097152
nr_of_strided_rec: 1
nr_doubles: 2097152
nr_of_strided_rec: 1
nr_doubles: 2097152
nr_of_strided_rec: 1
nr_doubles: 2097152
nr_of_strided_rec: 1
nr_doubles: 2097152
nr_of_strided_rec: 1
nr_doubles: 2097152
nr_of_strided_rec: 1
nr_doubles: 2097152
nr_of_strided_rec: 1
nr_doubles: 2097152
nr_of_strided_rec: 1
nr_doubles: 2097152
nr_of_strided_rec: 1
nr_doubles: 2097152
nr_of_strided_rec: 1
nr_doubles: 2097152
nr_of_strided_rec: 1
nr_doubles: 2097152
nr_of_strided_rec: 1
nr_doubles: 2097152
nr_of_strided_rec: 1
nr_doubles: 2097152
nr_of_strided_rec: 1
nr_doubles: 2097152
nr_of_strided_rec: 1
nr_doubles: 2097152
nr_of_strided_rec: 1
nr_doubles: 2097152
nr_of_strided_rec: 1
nr_doubles: 2097152
nr_of_strided_rec: 1
nr_doubles: 2097152
nr_of_strided_rec: 1
nr_doubles: 2097152
nr_of_strided_rec: 1
nr_doubles: 2097152
nr_of_strided_rec: 1
nr_doubles: 2097152
nr_of_strided_rec: 1
nr_doubles: 2097152
nr_of_strided_rec: 1
nr_doubles: 2097152
nr_of_strided_rec: 1
nr_doubles: 2097152
nr_of_strided_rec: 1
nr_doubles: 2097152
nr_of_strided_rec: 1
nr_doubles: 2097152
nr_of_strided_rec: 1
nr_doubles: 2097152
nr_of_strided_rec: 1
nr_doubles: 2097152
nr_of_strided_rec: 1
nr_doubles: 2097152
nr_of_strided_rec: 1
nr_doubles: 2097152
nr_of_strided_rec: 1
nr_doubles: 2097152
nr_of_strided_rec: 1
nr_doubles: 2097152
nr_of_strided_rec: 1
nr_doubles: 2097152
nr_of_strided_rec: 1
nr_doubles: 2097152
nr_of_strided_rec: 1
nr_doubles: 2097152
nr_of_strided_rec: 1
nr_doubles: 2097152
nr_of_strided_rec: 1
nr_doubles: 2097152
nr_of_strided_rec: 1
nr_doubles: 2097152
nr_of_strided_rec: 1
nr_doubles: 2097152
nr_of_strided_rec: 1
nr_doubles: 2097152
nr_of_strided_rec: 1
nr_doubles: 2097152
nr_of_strided_rec: 1
nr_doubles: 2097152
nr_of_strided_rec: 1
nr_doubles: 2097152
nr_of_strided_rec: 1
nr_doubles: 2097152
nr_of_strided_rec: 1
nr_doubles: 2097152
nr_of_strided_rec: 1
nr_doubles: 2097152
nr_of_strided_rec: 1
nr_doubles: 2097152
nr_of_strided_rec: 1
nr_doubles: 2097152
nr_of_strided_rec: 1
nr_doubles: 2097152
nr_of_strided_rec: 1
nr_doubles: 2097152
nr_of_strided_rec: 1
nr_doubles: 2097152
nr_of_strided_rec: 1
nr_doubles: 2097152
nr_of_strided_rec: 1
nr_doubles: 2097152
nr_of_strided_rec: 1
nr_doubles: 2097152
nr_of_strided_rec: 1
nr_doubles: 2097152
nr_of_strided_rec: 1
nr_doubles: 2097152
nr_of_strided_rec: 1
nr_doubles: 2097152
nr_of_strided_rec: 1
nr_doubles: 2097152
nr_of_strided_rec: 1
nr_doubles: 2097152
nr_of_strided_rec: 1
nr_doubles: 2097152
nr_of_strided_rec: 1
nr_doubles: 2097152
nr_of_strided_rec: 1
nr_doubles: 2097152
nr_of_strided_rec: 1
nr_doubles: 2097152
nr_of_strided_rec: 1
nr_doubles: 2097152
nr_of_strided_rec: 1
nr_doubles: 2097152
nr_of_strided_rec: 1
nr_doubles: 2097152
nr_of_strided_rec: 1
nr_doubles: 2097152
nr_of_strided_rec: 1
nr_doubles: 2097152
nr_of_strided_rec: 1
nr_doubles: 2097152
nr_of_strided_rec: 1
nr_doubles: 2097152
nr_of_strided_rec: 1
nr_doubles: 2097152
nr_of_strided_rec: 1
nr_doubles: 2097152
nr_of_strided_rec: 1
nr_doubles: 2097152
nr_of_strided_rec: 1
nr_doubles: 2097152
nr_of_strided_rec: 1
nr_doubles: 2097152
nr_of_strided_rec: 1
nr_doubles: 2097152
nr_of_strided_rec: 1
nr_doubles: 2097152
nr_of_strided_rec: 1
nr_doubles: 2097152
nr_of_strided_rec: 1
nr_doubles: 2097152
nr_of_strided_rec: 1
nr_doubles: 2097152
nr_of_strided_rec: 1
nr_doubles: 2097152
nr_of_strided_rec: 1
nr_doubles: 2097152
nr_of_strided_rec: 1
nr_doubles: 2097152
nr_of_strided_rec: 1
nr_doubles: 2097152
nr_of_strided_rec: 1
nr_doubles: 2097152
nr_of_strided_rec: 1
nr_doubles: 2097152
nr_of_strided_rec: 1
nr_doubles: 2097152
nr_of_strided_rec: 1
nr_doubles: 2097152
nr_of_strided_rec: 1
nr_doubles: 2097152
nr_of_strided_rec: 1
nr_doubles: 2097152
nr_of_strided_rec: 1
nr_doubles: 2097152
nr_of_strided_rec: 1
nr_doubles: 2097152
nr_of_strided_rec: 1
nr_doubles: 2097152
nr_of_strided_rec: 1
nr_doubles: 2097152
nr_of_strided_rec: 1
nr_doubles: 2097152
nr_of_strided_rec: 1
nr_doubles: 2097152
nr_of_strided_rec: 1
nr_doubles: 2097152
nr_of_strided_rec: 1
nr_doubles: 2097152
nr_of_strided_rec: 1
nr_doubles: 2097152
nr_of_strided_rec: 1
nr_doubles: 2097152
nr_of_strided_rec: 1
nr_doubles: 2097152
nr_of_strided_rec: 1
nr_doubles: 2097152
nr_of_strided_rec: 1
nr_doubles: 2097152
nr_of_strided_rec: 1
nr_doubles: 2097152
nr_of_strided_rec: 1
nr_doubles: 2097152
C_cc         1.37   [      1.37:      1.37]
C_bw         0.62   [      0.62:      0.62]
C_r         31.64   [     31.64:     31.64]
          -------
C_total     33.63   [     33.62:     33.63]


dC[0] = 0.00000e+00
fclose PID:30978 fd:12
fclose PID:30979 fd:10
fclose PID:30980 fd:8
fclose PID:30981 fd:8
READAHEAD_TIME:59402.000000 us
MaxRSS= 534836 KB, SharedMem= 0 KB, HardPageFault= 13
READAHEAD_TIME:60418.000000 us
MaxRSS= 534960 KB, SharedMem= 0 KB, HardPageFault= 14
READAHEAD_TIME:58022.000000 us
MaxRSS= 534920 KB, SharedMem= 0 KB, HardPageFault= 13
READAHEAD_TIME:61468.000000 us
MaxRSS= 535100 KB, SharedMem= 0 KB, HardPageFault= 13
fclose PID:30977 fd:0
fclose PID:30977 fd:6
fclose PID:30977 fd:6
fclose PID:30977 fd:0
READAHEAD_TIME:0.000000 us
MaxRSS= 5364 KB, SharedMem= 0 KB, HardPageFault= 2
fclose PID:30976 fd:3
fclose PID:30976 fd:4
fclose PID:30976 fd:4
fclose PID:30976 fd:3
READAHEAD_TIME:0.000000 us
MaxRSS= 4896 KB, SharedMem= 0 KB, HardPageFault= 4
	Command being timed: "mpiexec -n 4 ./MADbench2_io 8192 30 1 8 64 1 1 16777216 7 1"
	User time (seconds): 75.97
	System time (seconds): 56.18
	Percent of CPU this job got: 92%
	Elapsed (wall clock) time (h:mm:ss or m:ss): 2:23.09
	Average shared text size (kbytes): 0
	Average unshared data size (kbytes): 0
	Average stack size (kbytes): 0
	Average total size (kbytes): 0
	Maximum resident set size (kbytes): 535100
	Average resident set size (kbytes): 0
	Major (requiring I/O) page faults: 60
	Minor (reclaiming a frame) page faults: 2658085
	Voluntary context switches: 26290
	Involuntary context switches: 1136
	Swaps: 0
	File system inputs: 62568328
	File system outputs: 62914656
	Socket messages sent: 0
	Socket messages received: 0
	Signals delivered: 0
	Page size (bytes): 4096
	Exit status: 0
READAHEAD_TIME:0.000000 us
MaxRSS= 2284 KB, SharedMem= 0 KB, HardPageFault= 0
*******************DMESG OUTPUT******************
