fclose PID:31842 fd:3
fclose PID:31842 fd:4
fclose PID:31842 fd:4
fclose PID:31842 fd:3
available: 2 nodes (0-1)
fclose PID:31842 fd:3
node 0 cpus:fclose PID:31842 fd:3
 0 1 2 3 4 5 6 7 8 9 20 21 22 23 24 25 26 27 28 29
node 0 size: 80440 MB
node 0 free: 80117 MB
fclose PID:31842 fd:3
node 1 cpus:fclose PID:31842 fd:3
 10 11 12 13 14 15 16 17 18 19 30 31 32 33 34 35 36 37 38 39
node 1 size: 80635 MB
node 1 free: 80375 MB
fclose PID:31842 fd:3
fclose PID:31842 fd:3
node distances:
node   0   1 
  0:  10  21 
  1:  21  10 
READAHEAD_TIME:0.000000 us
MaxRSS= 2232 KB, SharedMem= 0 KB, HardPageFault= 10
fclose PID:31849 fd:8
fclose PID:31850 fd:8
fclose PID:31848 fd:10
fclose PID:31847 fd:12

MADbench 2.0 IO-mode
no_pe = 4  no_pix = 16384  no_bin = 30  no_gang = 1 sblocksize = 8  fblocksize = 64  r_mod = 1  w_mod = 1 record_size=4096 stride=7


IOMETHOD = POSIX  IOMODE = SYNC  FILETYPE = UNIQUE  REMAP = CUSTOMbuild_S
build_S
build_S
build_S

Write the data to file:536870912 bytes
***********WAITING************

Write the data to file:536870912 bytes
***********WAITING************

Write the data to file:536870912 bytes
***********WAITING************

Write the data to file:536870912 bytes
***********WAITING************

Write the data to file:536870912 bytes
***********WAITING************

Write the data to file:536870912 bytes
***********WAITING************

Write the data to file:536870912 bytes
***********WAITING************

Write the data to file:536870912 bytes
***********WAITING************

Write the data to file:536870912 bytes
***********WAITING************

Write the data to file:536870912 bytes
***********WAITING************

Write the data to file:536870912 bytes
***********WAITING************

Write the data to file:536870912 bytes
***********WAITING************

Write the data to file:536870912 bytes
***********WAITING************

Write the data to file:536870912 bytes
***********WAITING************

Write the data to file:536870912 bytes
***********WAITING************

Write the data to file:536870912 bytes
***********WAITING************

Write the data to file:536870912 bytes
***********WAITING************

Write the data to file:536870912 bytes
***********WAITING************

Write the data to file:536870912 bytes
***********WAITING************

Write the data to file:536870912 bytes
***********WAITING************

Write the data to file:536870912 bytes
***********WAITING************

Write the data to file:536870912 bytes
***********WAITING************

Write the data to file:536870912 bytes
***********WAITING************

Write the data to file:536870912 bytes
***********WAITING************

Write the data to file:536870912 bytes
***********WAITING************

Write the data to file:536870912 bytes
***********WAITING************

Write the data to file:536870912 bytes
***********WAITING************

Write the data to file:536870912 bytes
***********WAITING************

Write the data to file:536870912 bytes
***********WAITING************

Write the data to file:536870912 bytes
***********WAITING************

Write the data to file:536870912 bytes
***********WAITING************

Write the data to file:536870912 bytes
***********WAITING************

Write the data to file:536870912 bytes
***********WAITING************

Write the data to file:536870912 bytes
***********WAITING************

Write the data to file:536870912 bytes
***********WAITING************

Write the data to file:536870912 bytes
***********WAITING************

Write the data to file:536870912 bytes
***********WAITING************

Write the data to file:536870912 bytes
***********WAITING************

Write the data to file:536870912 bytes
***********WAITING************

Write the data to file:536870912 bytes
***********WAITING************

Write the data to file:536870912 bytes
***********WAITING************

Write the data to file:536870912 bytes
***********WAITING************

Write the data to file:536870912 bytes
***********WAITING************

Write the data to file:536870912 bytes
***********WAITING************

Write the data to file:536870912 bytes
***********WAITING************

Write the data to file:536870912 bytes
***********WAITING************

Write the data to file:536870912 bytes
***********WAITING************

Write the data to file:536870912 bytes
***********WAITING************

Write the data to file:536870912 bytes
***********WAITING************

Write the data to file:536870912 bytes
***********WAITING************

Write the data to file:536870912 bytes
***********WAITING************

Write the data to file:536870912 bytes
***********WAITING************

Write the data to file:536870912 bytes
***********WAITING************

Write the data to file:536870912 bytes
***********WAITING************

Write the data to file:536870912 bytes
***********WAITING************

Write the data to file:536870912 bytes
***********WAITING************

Write the data to file:536870912 bytes
***********WAITING************

Write the data to file:536870912 bytes
***********WAITING************

Write the data to file:536870912 bytes
***********WAITING************

Write the data to file:536870912 bytes
***********WAITING************

Write the data to file:536870912 bytes
***********WAITING************

Write the data to file:536870912 bytes
***********WAITING************

Write the data to file:536870912 bytes
***********WAITING************

Write the data to file:536870912 bytes
***********WAITING************

Write the data to file:536870912 bytes
***********WAITING************

Write the data to file:536870912 bytes
***********WAITING************

Write the data to file:536870912 bytes
***********WAITING************

Write the data to file:536870912 bytes
***********WAITING************

Write the data to file:536870912 bytes
***********WAITING************

Write the data to file:536870912 bytes
***********WAITING************

Write the data to file:536870912 bytes
***********WAITING************

Write the data to file:536870912 bytes
***********WAITING************

Write the data to file:536870912 bytes
***********WAITING************

Write the data to file:536870912 bytes
***********WAITING************

Write the data to file:536870912 bytes
***********WAITING************

Write the data to file:536870912 bytes
***********WAITING************

Write the data to file:536870912 bytes
***********WAITING************

Write the data to file:536870912 bytes
***********WAITING************

Write the data to file:536870912 bytes
***********WAITING************

Write the data to file:536870912 bytes
***********WAITING************

Write the data to file:536870912 bytes
***********WAITING************

Write the data to file:536870912 bytes
***********WAITING************

Write the data to file:536870912 bytes
***********WAITING************

Write the data to file:536870912 bytes
***********WAITING************

Write the data to file:536870912 bytes
***********WAITING************

Write the data to file:536870912 bytes
***********WAITING************

Write the data to file:536870912 bytes
***********WAITING************

Write the data to file:536870912 bytes
***********WAITING************

Write the data to file:536870912 bytes
***********WAITING************

Write the data to file:536870912 bytes
***********WAITING************

Write the data to file:536870912 bytes
***********WAITING************

Write the data to file:536870912 bytes
***********WAITING************

Write the data to file:536870912 bytes
***********WAITING************

Write the data to file:536870912 bytes
***********WAITING************

Write the data to file:536870912 bytes
***********WAITING************

Write the data to file:536870912 bytes
***********WAITING************

Write the data to file:536870912 bytes
***********WAITING************

Write the data to file:536870912 bytes
***********WAITING************

Write the data to file:536870912 bytes
***********WAITING************

Write the data to file:536870912 bytes
***********WAITING************

Write the data to file:536870912 bytes
***********WAITING************

Write the data to file:536870912 bytes
***********WAITING************

Write the data to file:536870912 bytes
***********WAITING************

Write the data to file:536870912 bytes
***********WAITING************

Write the data to file:536870912 bytes
***********WAITING************

Write the data to file:536870912 bytes
***********WAITING************

Write the data to file:536870912 bytes
***********WAITING************

Write the data to file:536870912 bytes
***********WAITING************

Write the data to file:536870912 bytes
***********WAITING************

Write the data to file:536870912 bytes
***********WAITING************

Write the data to file:536870912 bytes
***********WAITING************

Write the data to file:536870912 bytes
***********WAITING************

Write the data to file:536870912 bytes
***********WAITING************

Write the data to file:536870912 bytes
***********WAITING************

Write the data to file:536870912 bytes
***********WAITING************

Write the data to file:536870912 bytes
***********WAITING************

Write the data to file:536870912 bytes
***********WAITING************

Write the data to file:536870912 bytes
***********WAITING************

Write the data to file:536870912 bytes
***********WAITING************

Write the data to file:536870912 bytes
***********WAITING************
S_cc         3.95   [      3.95:      3.96]
S_bw         2.54   [      2.54:      2.54]
S_w         87.28   [     87.28:     87.28]
          -------
S_total     93.78   [     93.77:     93.78]

build_S done
calc_W
nr_of_strided_rec: 16384
nr_doubles: 512
build_S done
calc_W
nr_of_strided_rec: 16384
nr_doubles: 512
build_S done
calc_W
nr_of_strided_rec: 16384
nr_doubles: 512
build_S done
calc_W
nr_of_strided_rec: 16384
nr_doubles: 512
nr_of_strided_rec: 16384
nr_doubles: 512
nr_of_strided_rec: 16384
nr_doubles: 512
nr_of_strided_rec: 16384
nr_doubles: 512
nr_of_strided_rec: 16384
nr_doubles: 512

Write the data to file:536870912 bytes
***********WAITING************

Write the data to file:536870912 bytes
***********WAITING************

Write the data to file:536870912 bytes
***********WAITING************

Write the data to file:536870912 bytes
***********WAITING************
nr_of_strided_rec: 16384
nr_doubles: 512
nr_of_strided_rec: 16384
nr_doubles: 512
nr_of_strided_rec: 16384
nr_doubles: 512
nr_of_strided_rec: 16384
nr_doubles: 512

Write the data to file:536870912 bytes
***********WAITING************

Write the data to file:536870912 bytes
***********WAITING************

Write the data to file:536870912 bytes
***********WAITING************

Write the data to file:536870912 bytes
***********WAITING************
nr_of_strided_rec: 16384
nr_doubles: 512
nr_of_strided_rec: 16384
nr_doubles: 512
nr_of_strided_rec: 16384
nr_doubles: 512
nr_of_strided_rec: 16384
nr_doubles: 512

Write the data to file:536870912 bytes
***********WAITING************

Write the data to file:536870912 bytes
***********WAITING************

Write the data to file:536870912 bytes
***********WAITING************

Write the data to file:536870912 bytes
***********WAITING************
nr_of_strided_rec: 16384
nr_doubles: 512
nr_of_strided_rec: 16384
nr_doubles: 512
nr_of_strided_rec: 16384
nr_doubles: 512
nr_of_strided_rec: 16384
nr_doubles: 512

Write the data to file:536870912 bytes
***********WAITING************

Write the data to file:536870912 bytes
***********WAITING************

Write the data to file:536870912 bytes
***********WAITING************

Write the data to file:536870912 bytes
***********WAITING************
nr_of_strided_rec: 16384
nr_doubles: 512
nr_of_strided_rec: 16384
nr_doubles: 512
nr_of_strided_rec: 16384
nr_doubles: 512
nr_of_strided_rec: 16384
nr_doubles: 512

Write the data to file:536870912 bytes
***********WAITING************

Write the data to file:536870912 bytes
***********WAITING************

Write the data to file:536870912 bytes
***********WAITING************

Write the data to file:536870912 bytes
***********WAITING************
nr_of_strided_rec: 16384
nr_doubles: 512
nr_of_strided_rec: 16384
nr_doubles: 512
nr_of_strided_rec: 16384
nr_doubles: 512
nr_of_strided_rec: 16384
nr_doubles: 512

Write the data to file:536870912 bytes
***********WAITING************

Write the data to file:536870912 bytes
***********WAITING************

Write the data to file:536870912 bytes
***********WAITING************

Write the data to file:536870912 bytes
***********WAITING************
nr_of_strided_rec: 16384
nr_doubles: 512
nr_of_strided_rec: 16384
nr_doubles: 512
nr_of_strided_rec: 16384
nr_doubles: 512
nr_of_strided_rec: 16384
nr_doubles: 512

Write the data to file:536870912 bytes
***********WAITING************

Write the data to file:536870912 bytes
***********WAITING************

Write the data to file:536870912 bytes
***********WAITING************

Write the data to file:536870912 bytes
***********WAITING************
nr_of_strided_rec: 16384
nr_doubles: 512
nr_of_strided_rec: 16384
nr_doubles: 512
nr_of_strided_rec: 16384
nr_doubles: 512
nr_of_strided_rec: 16384
nr_doubles: 512

Write the data to file:536870912 bytes
***********WAITING************

Write the data to file:536870912 bytes
***********WAITING************

Write the data to file:536870912 bytes
***********WAITING************

Write the data to file:536870912 bytes
***********WAITING************
nr_of_strided_rec: 16384
nr_doubles: 512
nr_of_strided_rec: 16384
nr_doubles: 512
nr_of_strided_rec: 16384
nr_doubles: 512
nr_of_strided_rec: 16384
nr_doubles: 512

Write the data to file:536870912 bytes
***********WAITING************

Write the data to file:536870912 bytes
***********WAITING************

Write the data to file:536870912 bytes
***********WAITING************

Write the data to file:536870912 bytes
***********WAITING************
nr_of_strided_rec: 16384
nr_doubles: 512
nr_of_strided_rec: 16384
nr_doubles: 512
nr_of_strided_rec: 16384
nr_doubles: 512
nr_of_strided_rec: 16384
nr_doubles: 512

Write the data to file:536870912 bytes
***********WAITING************

Write the data to file:536870912 bytes
***********WAITING************

Write the data to file:536870912 bytes
***********WAITING************

Write the data to file:536870912 bytes
***********WAITING************
nr_of_strided_rec: 16384
nr_doubles: 512
nr_of_strided_rec: 16384
nr_doubles: 512
nr_of_strided_rec: 16384
nr_doubles: 512
nr_of_strided_rec: 16384
nr_doubles: 512

Write the data to file:536870912 bytes
***********WAITING************

Write the data to file:536870912 bytes
***********WAITING************

Write the data to file:536870912 bytes
***********WAITING************

Write the data to file:536870912 bytes
***********WAITING************
nr_of_strided_rec: 16384
nr_doubles: 512
nr_of_strided_rec: 16384
nr_doubles: 512
nr_of_strided_rec: 16384
nr_doubles: 512
nr_of_strided_rec: 16384
nr_doubles: 512

Write the data to file:536870912 bytes
***********WAITING************

Write the data to file:536870912 bytes
***********WAITING************

Write the data to file:536870912 bytes
***********WAITING************

Write the data to file:536870912 bytes
***********WAITING************
nr_of_strided_rec: 16384
nr_doubles: 512
nr_of_strided_rec: 16384
nr_doubles: 512
nr_of_strided_rec: 16384
nr_doubles: 512
nr_of_strided_rec: 16384
nr_doubles: 512

Write the data to file:536870912 bytes
***********WAITING************

Write the data to file:536870912 bytes
***********WAITING************

Write the data to file:536870912 bytes
***********WAITING************

Write the data to file:536870912 bytes
***********WAITING************
nr_of_strided_rec: 16384
nr_doubles: 512
nr_of_strided_rec: 16384
nr_doubles: 512
nr_of_strided_rec: 16384
nr_doubles: 512
nr_of_strided_rec: 16384
nr_doubles: 512

Write the data to file:536870912 bytes
***********WAITING************

Write the data to file:536870912 bytes
***********WAITING************

Write the data to file:536870912 bytes
***********WAITING************

Write the data to file:536870912 bytes
***********WAITING************
nr_of_strided_rec: 16384
nr_doubles: 512
nr_of_strided_rec: 16384
nr_doubles: 512
nr_of_strided_rec: 16384
nr_doubles: 512
nr_of_strided_rec: 16384
nr_doubles: 512

Write the data to file:536870912 bytes
***********WAITING************

Write the data to file:536870912 bytes
***********WAITING************

Write the data to file:536870912 bytes
***********WAITING************

Write the data to file:536870912 bytes
***********WAITING************
nr_of_strided_rec: 16384
nr_doubles: 512
nr_of_strided_rec: 16384
nr_doubles: 512
nr_of_strided_rec: 16384
nr_doubles: 512
nr_of_strided_rec: 16384
nr_doubles: 512

Write the data to file:536870912 bytes
***********WAITING************

Write the data to file:536870912 bytes
***********WAITING************

Write the data to file:536870912 bytes
***********WAITING************

Write the data to file:536870912 bytes
***********WAITING************
nr_of_strided_rec: 16384
nr_doubles: 512
nr_of_strided_rec: 16384
nr_doubles: 512
nr_of_strided_rec: 16384
nr_doubles: 512
nr_of_strided_rec: 16384
nr_doubles: 512

Write the data to file:536870912 bytes
***********WAITING************

Write the data to file:536870912 bytes
***********WAITING************

Write the data to file:536870912 bytes
***********WAITING************

Write the data to file:536870912 bytes
***********WAITING************
nr_of_strided_rec: 16384
nr_doubles: 512
nr_of_strided_rec: 16384
nr_doubles: 512
nr_of_strided_rec: 16384
nr_doubles: 512
nr_of_strided_rec: 16384
nr_doubles: 512

Write the data to file:536870912 bytes
***********WAITING************

Write the data to file:536870912 bytes
***********WAITING************

Write the data to file:536870912 bytes
***********WAITING************

Write the data to file:536870912 bytes
***********WAITING************
nr_of_strided_rec: 16384
nr_doubles: 512
nr_of_strided_rec: 16384
nr_doubles: 512
nr_of_strided_rec: 16384
nr_doubles: 512
nr_of_strided_rec: 16384
nr_doubles: 512

Write the data to file:536870912 bytes
***********WAITING************

Write the data to file:536870912 bytes
***********WAITING************

Write the data to file:536870912 bytes
***********WAITING************

Write the data to file:536870912 bytes
***********WAITING************
nr_of_strided_rec: 16384
nr_doubles: 512
nr_of_strided_rec: 16384
nr_doubles: 512
nr_of_strided_rec: 16384
nr_doubles: 512
nr_of_strided_rec: 16384
nr_doubles: 512

Write the data to file:536870912 bytes
***********WAITING************

Write the data to file:536870912 bytes
***********WAITING************

Write the data to file:536870912 bytes
***********WAITING************

Write the data to file:536870912 bytes
***********WAITING************
nr_of_strided_rec: 16384
nr_doubles: 512
nr_of_strided_rec: 16384
nr_doubles: 512
nr_of_strided_rec: 16384
nr_doubles: 512
nr_of_strided_rec: 16384
nr_doubles: 512

Write the data to file:536870912 bytes
***********WAITING************

Write the data to file:536870912 bytes
***********WAITING************

Write the data to file:536870912 bytes
***********WAITING************

Write the data to file:536870912 bytes
***********WAITING************
nr_of_strided_rec: 16384
nr_doubles: 512
nr_of_strided_rec: 16384
nr_doubles: 512
nr_of_strided_rec: 16384
nr_doubles: 512
nr_of_strided_rec: 16384
nr_doubles: 512

Write the data to file:536870912 bytes
***********WAITING************

Write the data to file:536870912 bytes
***********WAITING************

Write the data to file:536870912 bytes
***********WAITING************

Write the data to file:536870912 bytes
***********WAITING************
nr_of_strided_rec: 16384
nr_doubles: 512
nr_of_strided_rec: 16384
nr_doubles: 512
nr_of_strided_rec: 16384
nr_doubles: 512
nr_of_strided_rec: 16384
nr_doubles: 512

Write the data to file:536870912 bytes
***********WAITING************

Write the data to file:536870912 bytes
***********WAITING************

Write the data to file:536870912 bytes
***********WAITING************

Write the data to file:536870912 bytes
***********WAITING************
nr_of_strided_rec: 16384
nr_doubles: 512
nr_of_strided_rec: 16384
nr_doubles: 512
nr_of_strided_rec: 16384
nr_doubles: 512
nr_of_strided_rec: 16384
nr_doubles: 512

Write the data to file:536870912 bytes
***********WAITING************

Write the data to file:536870912 bytes
***********WAITING************

Write the data to file:536870912 bytes
***********WAITING************

Write the data to file:536870912 bytes
***********WAITING************
nr_of_strided_rec: 16384
nr_doubles: 512
nr_of_strided_rec: 16384
nr_doubles: 512
nr_of_strided_rec: 16384
nr_doubles: 512
nr_of_strided_rec: 16384
nr_doubles: 512

Write the data to file:536870912 bytes
***********WAITING************

Write the data to file:536870912 bytes
***********WAITING************

Write the data to file:536870912 bytes
***********WAITING************

Write the data to file:536870912 bytes
***********WAITING************
nr_of_strided_rec: 16384
nr_doubles: 512
nr_of_strided_rec: 16384
nr_doubles: 512
nr_of_strided_rec: 16384
nr_doubles: 512
nr_of_strided_rec: 16384
nr_doubles: 512

Write the data to file:536870912 bytes
***********WAITING************

Write the data to file:536870912 bytes
***********WAITING************

Write the data to file:536870912 bytes
***********WAITING************

Write the data to file:536870912 bytes
***********WAITING************
nr_of_strided_rec: 16384
nr_doubles: 512
nr_of_strided_rec: 16384
nr_doubles: 512
nr_of_strided_rec: 16384
nr_doubles: 512
nr_of_strided_rec: 16384
nr_doubles: 512

Write the data to file:536870912 bytes
***********WAITING************

Write the data to file:536870912 bytes
***********WAITING************

Write the data to file:536870912 bytes
***********WAITING************

Write the data to file:536870912 bytes
***********WAITING************
nr_of_strided_rec: 16384
nr_doubles: 512
nr_of_strided_rec: 16384
nr_doubles: 512
nr_of_strided_rec: 16384
nr_doubles: 512
nr_of_strided_rec: 16384
nr_doubles: 512

Write the data to file:536870912 bytes
***********WAITING************

Write the data to file:536870912 bytes
***********WAITING************

Write the data to file:536870912 bytes
***********WAITING************

Write the data to file:536870912 bytes
***********WAITING************
nr_of_strided_rec: 16384
nr_doubles: 512
nr_of_strided_rec: 16384
nr_doubles: 512
nr_of_strided_rec: 16384
nr_doubles: 512
nr_of_strided_rec: 16384
nr_doubles: 512

Write the data to file:536870912 bytes
***********WAITING************

Write the data to file:536870912 bytes
***********WAITING************

Write the data to file:536870912 bytes
***********WAITING************

Write the data to file:536870912 bytes
***********WAITING************

Write the data to file:536870912 bytes
***********WAITING************

Write the data to file:536870912 bytes
***********WAITING************

Write the data to file:536870912 bytes
***********WAITING************

Write the data to file:536870912 bytes
***********WAITING************
W_cc         9.38   [      9.38:      9.39]
W_r        357.13   [    357.13:    357.13]
W_w        126.51   [    126.51:    126.51]
          -------
W_total    493.03   [    493.02:    493.03]

calc_W done
calc_W done
nr_of_strided_rec: 16384
nr_doubles: 512
calc_W done
nr_of_strided_rec: 16384
nr_doubles: 512
calc_W done
nr_of_strided_rec: 16384
nr_doubles: 512
nr_of_strided_rec: 16384
nr_doubles: 512
nr_of_strided_rec: 16384
nr_doubles: 512
nr_of_strided_rec: 16384
nr_doubles: 512
nr_of_strided_rec: 16384
nr_doubles: 512
nr_of_strided_rec: 16384
nr_doubles: 512
nr_of_strided_rec: 16384
nr_doubles: 512
nr_of_strided_rec: 16384
nr_doubles: 512
nr_of_strided_rec: 16384
nr_doubles: 512
nr_of_strided_rec: 16384
nr_doubles: 512
nr_of_strided_rec: 16384
nr_doubles: 512
nr_of_strided_rec: 16384
nr_doubles: 512
nr_of_strided_rec: 16384
nr_doubles: 512
nr_of_strided_rec: 16384
nr_doubles: 512
nr_of_strided_rec: 16384
nr_doubles: 512
nr_of_strided_rec: 16384
nr_doubles: 512
nr_of_strided_rec: 16384
nr_doubles: 512
nr_of_strided_rec: 16384
nr_doubles: 512
nr_of_strided_rec: 16384
nr_doubles: 512
nr_of_strided_rec: 16384
nr_doubles: 512
nr_of_strided_rec: 16384
nr_doubles: 512
nr_of_strided_rec: 16384
nr_doubles: 512
nr_of_strided_rec: 16384
nr_doubles: 512
nr_of_strided_rec: 16384
nr_doubles: 512
nr_of_strided_rec: 16384
nr_doubles: 512
nr_of_strided_rec: 16384
nr_doubles: 512
nr_of_strided_rec: 16384
nr_doubles: 512
nr_of_strided_rec: 16384
nr_doubles: 512
nr_of_strided_rec: 16384
nr_doubles: 512
nr_of_strided_rec: 16384
nr_doubles: 512
nr_of_strided_rec: 16384
nr_doubles: 512
nr_of_strided_rec: 16384
nr_doubles: 512
nr_of_strided_rec: 16384
nr_doubles: 512
nr_of_strided_rec: 16384
nr_doubles: 512
nr_of_strided_rec: 16384
nr_doubles: 512
nr_of_strided_rec: 16384
nr_doubles: 512
nr_of_strided_rec: 16384
nr_doubles: 512
nr_of_strided_rec: 16384
nr_doubles: 512
nr_of_strided_rec: 16384
nr_doubles: 512
nr_of_strided_rec: 16384
nr_doubles: 512
nr_of_strided_rec: 16384
nr_doubles: 512
nr_of_strided_rec: 16384
nr_doubles: 512
nr_of_strided_rec: 16384
nr_doubles: 512
nr_of_strided_rec: 16384
nr_doubles: 512
nr_of_strided_rec: 16384
nr_doubles: 512
nr_of_strided_rec: 16384
nr_doubles: 512
nr_of_strided_rec: 16384
nr_doubles: 512
nr_of_strided_rec: 16384
nr_doubles: 512
nr_of_strided_rec: 16384
nr_doubles: 512
nr_of_strided_rec: 16384
nr_doubles: 512
nr_of_strided_rec: 16384
nr_doubles: 512
nr_of_strided_rec: 16384
nr_doubles: 512
nr_of_strided_rec: 16384
nr_doubles: 512
nr_of_strided_rec: 16384
nr_doubles: 512
nr_of_strided_rec: 16384
nr_doubles: 512
nr_of_strided_rec: 16384
nr_doubles: 512
nr_of_strided_rec: 16384
nr_doubles: 512
nr_of_strided_rec: 16384
nr_doubles: 512
nr_of_strided_rec: 16384
nr_doubles: 512
nr_of_strided_rec: 16384
nr_doubles: 512
nr_of_strided_rec: 16384
nr_doubles: 512
nr_of_strided_rec: 16384
nr_doubles: 512
nr_of_strided_rec: 16384
nr_doubles: 512
nr_of_strided_rec: 16384
nr_doubles: 512
nr_of_strided_rec: 16384
nr_doubles: 512
nr_of_strided_rec: 16384
nr_doubles: 512
nr_of_strided_rec: 16384
nr_doubles: 512
nr_of_strided_rec: 16384
nr_doubles: 512
nr_of_strided_rec: 16384
nr_doubles: 512
nr_of_strided_rec: 16384
nr_doubles: 512
nr_of_strided_rec: 16384
nr_doubles: 512
nr_of_strided_rec: 16384
nr_doubles: 512
nr_of_strided_rec: 16384
nr_doubles: 512
nr_of_strided_rec: 16384
nr_doubles: 512
nr_of_strided_rec: 16384
nr_doubles: 512
nr_of_strided_rec: 16384
nr_doubles: 512
nr_of_strided_rec: 16384
nr_doubles: 512
nr_of_strided_rec: 16384
nr_doubles: 512
nr_of_strided_rec: 16384
nr_doubles: 512
nr_of_strided_rec: 16384
nr_doubles: 512
nr_of_strided_rec: 16384
nr_doubles: 512
nr_of_strided_rec: 16384
nr_doubles: 512
nr_of_strided_rec: 16384
nr_doubles: 512
nr_of_strided_rec: 16384
nr_doubles: 512
nr_of_strided_rec: 16384
nr_doubles: 512
nr_of_strided_rec: 16384
nr_doubles: 512
nr_of_strided_rec: 16384
nr_doubles: 512
nr_of_strided_rec: 16384
nr_doubles: 512
nr_of_strided_rec: 16384
nr_doubles: 512
nr_of_strided_rec: 16384
nr_doubles: 512
nr_of_strided_rec: 16384
nr_doubles: 512
nr_of_strided_rec: 16384
nr_doubles: 512
nr_of_strided_rec: 16384
nr_doubles: 512
nr_of_strided_rec: 16384
nr_doubles: 512
nr_of_strided_rec: 16384
nr_doubles: 512
nr_of_strided_rec: 16384
nr_doubles: 512
nr_of_strided_rec: 16384
nr_doubles: 512
nr_of_strided_rec: 16384
nr_doubles: 512
nr_of_strided_rec: 16384
nr_doubles: 512
nr_of_strided_rec: 16384
nr_doubles: 512
nr_of_strided_rec: 16384
nr_doubles: 512
nr_of_strided_rec: 16384
nr_doubles: 512
nr_of_strided_rec: 16384
nr_doubles: 512
nr_of_strided_rec: 16384
nr_doubles: 512
nr_of_strided_rec: 16384
nr_doubles: 512
nr_of_strided_rec: 16384
nr_doubles: 512
nr_of_strided_rec: 16384
nr_doubles: 512
nr_of_strided_rec: 16384
nr_doubles: 512
nr_of_strided_rec: 16384
nr_doubles: 512
nr_of_strided_rec: 16384
nr_doubles: 512
nr_of_strided_rec: 16384
nr_doubles: 512
nr_of_strided_rec: 16384
nr_doubles: 512
nr_of_strided_rec: 16384
nr_doubles: 512
nr_of_strided_rec: 16384
nr_doubles: 512
nr_of_strided_rec: 16384
nr_doubles: 512
nr_of_strided_rec: 16384
nr_doubles: 512
nr_of_strided_rec: 16384
nr_doubles: 512
nr_of_strided_rec: 16384
nr_doubles: 512
C_cc         5.55   [      5.55:      5.56]
C_bw         2.72   [      2.72:      2.72]
C_r        271.71   [    271.71:    271.71]
          -------
C_total    279.98   [    279.98:    279.99]


dC[0] = 0.00000e+00
fclose PID:31847 fd:12
fclose PID:31849 fd:8
fclose PID:31848 fd:10
fclose PID:31850 fd:8
READAHEAD_TIME:84612019.000000 us
MaxRSS= 2107840 KB, SharedMem= 0 KB, HardPageFault= 10
READAHEAD_TIME:83775655.000000 us
MaxRSS= 2107804 KB, SharedMem= 0 KB, HardPageFault= 14
READAHEAD_TIME:79044620.000000 us
MaxRSS= 2107904 KB, SharedMem= 0 KB, HardPageFault= 13
READAHEAD_TIME:83062985.000000 us
MaxRSS= 2107808 KB, SharedMem= 0 KB, HardPageFault= 12
fclose PID:31846 fd:0
fclose PID:31846 fd:6
fclose PID:31846 fd:6
fclose PID:31846 fd:0
READAHEAD_TIME:0.000000 us
MaxRSS= 5408 KB, SharedMem= 0 KB, HardPageFault= 2
fclose PID:31845 fd:3
fclose PID:31845 fd:4
fclose PID:31845 fd:4
fclose PID:31845 fd:3
READAHEAD_TIME:0.000000 us
MaxRSS= 4952 KB, SharedMem= 0 KB, HardPageFault= 4
	Command being timed: "mpiexec -n 4 ./MADbench2_io 16384 30 1 8 64 1 1 4096 7 1"
	User time (seconds): 885.65
	System time (seconds): 395.92
	Percent of CPU this job got: 147%
	Elapsed (wall clock) time (h:mm:ss or m:ss): 14:27.50
	Average shared text size (kbytes): 0
	Average unshared data size (kbytes): 0
	Average stack size (kbytes): 0
	Average total size (kbytes): 0
	Maximum resident set size (kbytes): 2107904
	Average resident set size (kbytes): 0
	Major (requiring I/O) page faults: 57
	Minor (reclaiming a frame) page faults: 14486222
	Voluntary context switches: 4189282
	Involuntary context switches: 10237
	Swaps: 0
	File system inputs: 247303352
	File system outputs: 251658616
	Socket messages sent: 0
	Socket messages received: 0
	Signals delivered: 0
	Page size (bytes): 4096
	Exit status: 0
READAHEAD_TIME:0.000000 us
MaxRSS= 2068 KB, SharedMem= 0 KB, HardPageFault= 0
*******************DMESG OUTPUT******************
