fclose PID:28034 fd:3
fclose PID:28034 fd:4
fclose PID:28034 fd:4
fclose PID:28034 fd:3
available: 2 nodes (0-1)
fclose PID:28034 fd:3
node 0 cpus:fclose PID:28034 fd:3
 0 1 2 3 4 5 6 7 8 9 20 21 22 23 24 25 26 27 28 29
node 0 size: 80440 MB
node 0 free: 80127 MB
fclose PID:28034 fd:3
node 1 cpus:fclose PID:28034 fd:3
 10 11 12 13 14 15 16 17 18 19 30 31 32 33 34 35 36 37 38 39
node 1 size: 80635 MB
node 1 free: 80378 MB
fclose PID:28034 fd:3
fclose PID:28034 fd:3
node distances:
node   0   1 
  0:  10  21 
  1:  21  10 
READAHEAD_TIME:0.000000 us
MaxRSS= 2176 KB, SharedMem= 0 KB, HardPageFault= 10
fclose PID:28041 fd:8
fclose PID:28042 fd:8
fclose PID:28039 fd:12
fclose PID:28040 fd:10

MADbench 2.0 IO-mode
no_pe = 4  no_pix = 4096  no_bin = 30  no_gang = 1 sblocksize = 8  fblocksize = 64  r_mod = 1  w_mod = 1 record_size=4096 stride=7


IOMETHOD = POSIX  IOMODE = SYNC  FILETYPE = UNIQUE  REMAP = CUSTOMbuild_S
build_S
build_S
build_S

Write the data to file:33554432 bytes
***********WAITING************

Write the data to file:33554432 bytes
***********WAITING************

Write the data to file:33554432 bytes
***********WAITING************

Write the data to file:33554432 bytes
***********WAITING************

Write the data to file:33554432 bytes
***********WAITING************

Write the data to file:33554432 bytes
***********WAITING************

Write the data to file:33554432 bytes
***********WAITING************

Write the data to file:33554432 bytes
***********WAITING************

Write the data to file:33554432 bytes
***********WAITING************

Write the data to file:33554432 bytes
***********WAITING************

Write the data to file:33554432 bytes
***********WAITING************

Write the data to file:33554432 bytes
***********WAITING************

Write the data to file:33554432 bytes
***********WAITING************

Write the data to file:33554432 bytes
***********WAITING************

Write the data to file:33554432 bytes
***********WAITING************

Write the data to file:33554432 bytes
***********WAITING************

Write the data to file:33554432 bytes
***********WAITING************

Write the data to file:33554432 bytes
***********WAITING************

Write the data to file:33554432 bytes
***********WAITING************

Write the data to file:33554432 bytes
***********WAITING************

Write the data to file:33554432 bytes
***********WAITING************

Write the data to file:33554432 bytes
***********WAITING************

Write the data to file:33554432 bytes
***********WAITING************

Write the data to file:33554432 bytes
***********WAITING************

Write the data to file:33554432 bytes
***********WAITING************

Write the data to file:33554432 bytes
***********WAITING************

Write the data to file:33554432 bytes
***********WAITING************

Write the data to file:33554432 bytes
***********WAITING************

Write the data to file:33554432 bytes
***********WAITING************

Write the data to file:33554432 bytes
***********WAITING************

Write the data to file:33554432 bytes
***********WAITING************

Write the data to file:33554432 bytes
***********WAITING************

Write the data to file:33554432 bytes
***********WAITING************

Write the data to file:33554432 bytes
***********WAITING************

Write the data to file:33554432 bytes
***********WAITING************

Write the data to file:33554432 bytes
***********WAITING************

Write the data to file:33554432 bytes
***********WAITING************

Write the data to file:33554432 bytes
***********WAITING************

Write the data to file:33554432 bytes
***********WAITING************

Write the data to file:33554432 bytes
***********WAITING************

Write the data to file:33554432 bytes
***********WAITING************

Write the data to file:33554432 bytes
***********WAITING************

Write the data to file:33554432 bytes
***********WAITING************

Write the data to file:33554432 bytes
***********WAITING************

Write the data to file:33554432 bytes
***********WAITING************

Write the data to file:33554432 bytes
***********WAITING************

Write the data to file:33554432 bytes
***********WAITING************

Write the data to file:33554432 bytes
***********WAITING************

Write the data to file:33554432 bytes
***********WAITING************

Write the data to file:33554432 bytes
***********WAITING************

Write the data to file:33554432 bytes
***********WAITING************

Write the data to file:33554432 bytes
***********WAITING************

Write the data to file:33554432 bytes
***********WAITING************

Write the data to file:33554432 bytes
***********WAITING************

Write the data to file:33554432 bytes
***********WAITING************

Write the data to file:33554432 bytes
***********WAITING************

Write the data to file:33554432 bytes
***********WAITING************

Write the data to file:33554432 bytes
***********WAITING************

Write the data to file:33554432 bytes
***********WAITING************

Write the data to file:33554432 bytes
***********WAITING************

Write the data to file:33554432 bytes
***********WAITING************

Write the data to file:33554432 bytes
***********WAITING************

Write the data to file:33554432 bytes
***********WAITING************

Write the data to file:33554432 bytes
***********WAITING************

Write the data to file:33554432 bytes
***********WAITING************

Write the data to file:33554432 bytes
***********WAITING************

Write the data to file:33554432 bytes
***********WAITING************

Write the data to file:33554432 bytes
***********WAITING************

Write the data to file:33554432 bytes
***********WAITING************

Write the data to file:33554432 bytes
***********WAITING************

Write the data to file:33554432 bytes
***********WAITING************

Write the data to file:33554432 bytes
***********WAITING************

Write the data to file:33554432 bytes
***********WAITING************

Write the data to file:33554432 bytes
***********WAITING************

Write the data to file:33554432 bytes
***********WAITING************

Write the data to file:33554432 bytes
***********WAITING************

Write the data to file:33554432 bytes
***********WAITING************

Write the data to file:33554432 bytes
***********WAITING************

Write the data to file:33554432 bytes
***********WAITING************

Write the data to file:33554432 bytes
***********WAITING************

Write the data to file:33554432 bytes
***********WAITING************

Write the data to file:33554432 bytes
***********WAITING************

Write the data to file:33554432 bytes
***********WAITING************

Write the data to file:33554432 bytes
***********WAITING************

Write the data to file:33554432 bytes
***********WAITING************

Write the data to file:33554432 bytes
***********WAITING************

Write the data to file:33554432 bytes
***********WAITING************

Write the data to file:33554432 bytes
***********WAITING************

Write the data to file:33554432 bytes
***********WAITING************

Write the data to file:33554432 bytes
***********WAITING************

Write the data to file:33554432 bytes
***********WAITING************

Write the data to file:33554432 bytes
***********WAITING************

Write the data to file:33554432 bytes
***********WAITING************

Write the data to file:33554432 bytes
***********WAITING************

Write the data to file:33554432 bytes
***********WAITING************

Write the data to file:33554432 bytes
***********WAITING************

Write the data to file:33554432 bytes
***********WAITING************

Write the data to file:33554432 bytes
***********WAITING************

Write the data to file:33554432 bytes
***********WAITING************

Write the data to file:33554432 bytes
***********WAITING************

Write the data to file:33554432 bytes
***********WAITING************

Write the data to file:33554432 bytes
***********WAITING************

Write the data to file:33554432 bytes
***********WAITING************

Write the data to file:33554432 bytes
***********WAITING************

Write the data to file:33554432 bytes
***********WAITING************

Write the data to file:33554432 bytes
***********WAITING************

Write the data to file:33554432 bytes
***********WAITING************

Write the data to file:33554432 bytes
***********WAITING************

Write the data to file:33554432 bytes
***********WAITING************

Write the data to file:33554432 bytes
***********WAITING************

Write the data to file:33554432 bytes
***********WAITING************

Write the data to file:33554432 bytes
***********WAITING************

Write the data to file:33554432 bytes
***********WAITING************

Write the data to file:33554432 bytes
***********WAITING************

Write the data to file:33554432 bytes
***********WAITING************

Write the data to file:33554432 bytes
***********WAITING************

Write the data to file:33554432 bytes
***********WAITING************

Write the data to file:33554432 bytes
***********WAITING************

Write the data to file:33554432 bytes
***********WAITING************

Write the data to file:33554432 bytes
***********WAITING************
S_cc         0.43   [      0.43:      0.43]
S_bw         0.18   [      0.18:      0.18]
S_w          8.36   [      8.36:      8.36]
          -------
S_total      8.96   [      8.96:      8.96]

build_S done
calc_W
build_S done
calc_W
nr_of_strided_rec: 1024
build_S done
calc_W
nr_of_strided_rec: 1024
nr_doubles: 512
build_S done
calc_W
nr_of_strided_rec: 1024
nr_doubles: 512
nr_of_strided_rec: 1024
nr_doubles: 512
nr_doubles: 512
nr_of_strided_rec: 1024
nr_doubles: 512
nr_of_strided_rec: 1024
nr_doubles: 512
nr_of_strided_rec: 1024
nr_doubles: 512
nr_of_strided_rec: 1024
nr_doubles: 512

Write the data to file:33554432 bytes
***********WAITING************

Write the data to file:33554432 bytes
***********WAITING************

Write the data to file:33554432 bytes
***********WAITING************

Write the data to file:33554432 bytes
***********WAITING************
nr_of_strided_rec: 1024
nr_doubles: 512
nr_of_strided_rec: 1024
nr_doubles: 512
nr_of_strided_rec: 1024
nr_doubles: 512
nr_of_strided_rec: 1024
nr_doubles: 512

Write the data to file:33554432 bytes
***********WAITING************

Write the data to file:33554432 bytes
***********WAITING************

Write the data to file:33554432 bytes
***********WAITING************

Write the data to file:33554432 bytes
***********WAITING************
nr_of_strided_rec: 1024
nr_doubles: 512
nr_of_strided_rec: 1024
nr_doubles: 512
nr_of_strided_rec: 1024
nr_doubles: 512
nr_of_strided_rec: 1024
nr_doubles: 512

Write the data to file:33554432 bytes
***********WAITING************

Write the data to file:33554432 bytes
***********WAITING************

Write the data to file:33554432 bytes
***********WAITING************

Write the data to file:33554432 bytes
***********WAITING************
nr_of_strided_rec: 1024
nr_doubles: 512
nr_of_strided_rec: 1024
nr_doubles: 512
nr_of_strided_rec: 1024
nr_doubles: 512
nr_of_strided_rec: 1024
nr_doubles: 512

Write the data to file:33554432 bytes
***********WAITING************

Write the data to file:33554432 bytes
***********WAITING************

Write the data to file:33554432 bytes
***********WAITING************

Write the data to file:33554432 bytes
***********WAITING************
nr_of_strided_rec: 1024
nr_doubles: 512
nr_of_strided_rec: 1024
nr_doubles: 512
nr_of_strided_rec: 1024
nr_doubles: 512
nr_of_strided_rec: 1024
nr_doubles: 512

Write the data to file:33554432 bytes
***********WAITING************

Write the data to file:33554432 bytes
***********WAITING************

Write the data to file:33554432 bytes
***********WAITING************

Write the data to file:33554432 bytes
***********WAITING************
nr_of_strided_rec: 1024
nr_doubles: 512
nr_of_strided_rec: 1024
nr_doubles: 512
nr_of_strided_rec: 1024
nr_doubles: 512
nr_of_strided_rec: 1024
nr_doubles: 512

Write the data to file:33554432 bytes
***********WAITING************

Write the data to file:33554432 bytes
***********WAITING************

Write the data to file:33554432 bytes
***********WAITING************

Write the data to file:33554432 bytes
***********WAITING************
nr_of_strided_rec: 1024
nr_doubles: 512
nr_of_strided_rec: 1024
nr_doubles: 512
nr_of_strided_rec: 1024
nr_doubles: 512
nr_of_strided_rec: 1024
nr_doubles: 512

Write the data to file:33554432 bytes
***********WAITING************

Write the data to file:33554432 bytes
***********WAITING************

Write the data to file:33554432 bytes
***********WAITING************

Write the data to file:33554432 bytes
***********WAITING************
nr_of_strided_rec: 1024
nr_doubles: 512
nr_of_strided_rec: 1024
nr_doubles: 512
nr_of_strided_rec: 1024
nr_doubles: 512
nr_of_strided_rec: 1024
nr_doubles: 512

Write the data to file:33554432 bytes
***********WAITING************

Write the data to file:33554432 bytes
***********WAITING************

Write the data to file:33554432 bytes
***********WAITING************

Write the data to file:33554432 bytes
***********WAITING************
nr_of_strided_rec: 1024
nr_doubles: 512
nr_of_strided_rec: 1024
nr_doubles: 512
nr_of_strided_rec: 1024
nr_doubles: 512
nr_of_strided_rec: 1024
nr_doubles: 512

Write the data to file:33554432 bytes
***********WAITING************

Write the data to file:33554432 bytes
***********WAITING************

Write the data to file:33554432 bytes
***********WAITING************

Write the data to file:33554432 bytes
***********WAITING************
nr_of_strided_rec: 1024
nr_doubles: 512
nr_of_strided_rec: 1024
nr_doubles: 512
nr_of_strided_rec: 1024
nr_doubles: 512
nr_of_strided_rec: 1024
nr_doubles: 512

Write the data to file:33554432 bytes
***********WAITING************

Write the data to file:33554432 bytes
***********WAITING************

Write the data to file:33554432 bytes
***********WAITING************

Write the data to file:33554432 bytes
***********WAITING************
nr_of_strided_rec: 1024
nr_doubles: 512
nr_of_strided_rec: 1024
nr_doubles: 512
nr_of_strided_rec: 1024
nr_doubles: 512
nr_of_strided_rec: 1024
nr_doubles: 512

Write the data to file:33554432 bytes
***********WAITING************

Write the data to file:33554432 bytes
***********WAITING************

Write the data to file:33554432 bytes
***********WAITING************

Write the data to file:33554432 bytes
***********WAITING************
nr_of_strided_rec: 1024
nr_doubles: 512
nr_of_strided_rec: 1024
nr_doubles: 512
nr_of_strided_rec: 1024
nr_doubles: 512
nr_of_strided_rec: 1024
nr_doubles: 512

Write the data to file:33554432 bytes
***********WAITING************

Write the data to file:33554432 bytes
***********WAITING************

Write the data to file:33554432 bytes
***********WAITING************

Write the data to file:33554432 bytes
***********WAITING************
nr_of_strided_rec: 1024
nr_doubles: 512
nr_of_strided_rec: 1024
nr_doubles: 512
nr_of_strided_rec: 1024
nr_doubles: 512
nr_of_strided_rec: 1024
nr_doubles: 512

Write the data to file:33554432 bytes
***********WAITING************

Write the data to file:33554432 bytes
***********WAITING************

Write the data to file:33554432 bytes
***********WAITING************

Write the data to file:33554432 bytes
***********WAITING************
nr_of_strided_rec: 1024
nr_doubles: 512
nr_of_strided_rec: 1024
nr_doubles: 512
nr_of_strided_rec: 1024
nr_doubles: 512
nr_of_strided_rec: 1024
nr_doubles: 512

Write the data to file:33554432 bytes
***********WAITING************

Write the data to file:33554432 bytes
***********WAITING************

Write the data to file:33554432 bytes
***********WAITING************

Write the data to file:33554432 bytes
***********WAITING************
nr_of_strided_rec: 1024
nr_doubles: 512
nr_of_strided_rec: 1024
nr_doubles: 512
nr_of_strided_rec: 1024
nr_doubles: 512
nr_of_strided_rec: 1024
nr_doubles: 512

Write the data to file:33554432 bytes
***********WAITING************

Write the data to file:33554432 bytes
***********WAITING************

Write the data to file:33554432 bytes
***********WAITING************

Write the data to file:33554432 bytes
***********WAITING************
nr_of_strided_rec: 1024
nr_doubles: 512
nr_of_strided_rec: 1024
nr_doubles: 512
nr_of_strided_rec: 1024
nr_doubles: 512
nr_of_strided_rec: 1024
nr_doubles: 512

Write the data to file:33554432 bytes
***********WAITING************

Write the data to file:33554432 bytes
***********WAITING************

Write the data to file:33554432 bytes
***********WAITING************

Write the data to file:33554432 bytes
***********WAITING************
nr_of_strided_rec: 1024
nr_doubles: 512
nr_of_strided_rec: 1024
nr_doubles: 512
nr_of_strided_rec: 1024
nr_doubles: 512
nr_of_strided_rec: 1024
nr_doubles: 512

Write the data to file:33554432 bytes
***********WAITING************

Write the data to file:33554432 bytes
***********WAITING************

Write the data to file:33554432 bytes
***********WAITING************

Write the data to file:33554432 bytes
***********WAITING************
nr_of_strided_rec: 1024
nr_doubles: 512
nr_of_strided_rec: 1024
nr_doubles: 512
nr_of_strided_rec: 1024
nr_doubles: 512
nr_of_strided_rec: 1024
nr_doubles: 512

Write the data to file:33554432 bytes
***********WAITING************

Write the data to file:33554432 bytes
***********WAITING************

Write the data to file:33554432 bytes
***********WAITING************

Write the data to file:33554432 bytes
***********WAITING************
nr_of_strided_rec: 1024
nr_doubles: 512
nr_of_strided_rec: 1024
nr_doubles: 512
nr_of_strided_rec: 1024
nr_doubles: 512
nr_of_strided_rec: 1024
nr_doubles: 512

Write the data to file:33554432 bytes
***********WAITING************

Write the data to file:33554432 bytes
***********WAITING************

Write the data to file:33554432 bytes
***********WAITING************

Write the data to file:33554432 bytes
***********WAITING************
nr_of_strided_rec: 1024
nr_doubles: 512
nr_of_strided_rec: 1024
nr_doubles: 512
nr_of_strided_rec: 1024
nr_doubles: 512
nr_of_strided_rec: 1024
nr_doubles: 512

Write the data to file:33554432 bytes
***********WAITING************

Write the data to file:33554432 bytes
***********WAITING************

Write the data to file:33554432 bytes
***********WAITING************

Write the data to file:33554432 bytes
***********WAITING************
nr_of_strided_rec: 1024
nr_doubles: 512
nr_of_strided_rec: 1024
nr_doubles: 512
nr_of_strided_rec: 1024
nr_doubles: 512
nr_of_strided_rec: 1024
nr_doubles: 512

Write the data to file:33554432 bytes
***********WAITING************

Write the data to file:33554432 bytes
***********WAITING************

Write the data to file:33554432 bytes
***********WAITING************

Write the data to file:33554432 bytes
***********WAITING************
nr_of_strided_rec: 1024
nr_doubles: 512
nr_of_strided_rec: 1024
nr_doubles: 512
nr_of_strided_rec: 1024
nr_doubles: 512
nr_of_strided_rec: 1024
nr_doubles: 512

Write the data to file:33554432 bytes
***********WAITING************

Write the data to file:33554432 bytes
***********WAITING************

Write the data to file:33554432 bytes
***********WAITING************

Write the data to file:33554432 bytes
***********WAITING************
nr_of_strided_rec: 1024
nr_doubles: 512
nr_of_strided_rec: 1024
nr_doubles: 512
nr_of_strided_rec: 1024
nr_doubles: 512
nr_of_strided_rec: 1024
nr_doubles: 512

Write the data to file:33554432 bytes
***********WAITING************

Write the data to file:33554432 bytes
***********WAITING************

Write the data to file:33554432 bytes
***********WAITING************

Write the data to file:33554432 bytes
***********WAITING************
nr_of_strided_rec: 1024
nr_doubles: 512
nr_of_strided_rec: 1024
nr_doubles: 512
nr_of_strided_rec: 1024
nr_doubles: 512
nr_of_strided_rec: 1024
nr_doubles: 512

Write the data to file:33554432 bytes
***********WAITING************

Write the data to file:33554432 bytes
***********WAITING************

Write the data to file:33554432 bytes
***********WAITING************

Write the data to file:33554432 bytes
***********WAITING************
nr_of_strided_rec: 1024
nr_doubles: 512
nr_of_strided_rec: 1024
nr_doubles: 512
nr_of_strided_rec: 1024
nr_doubles: 512
nr_of_strided_rec: 1024
nr_doubles: 512

Write the data to file:33554432 bytes
***********WAITING************

Write the data to file:33554432 bytes
***********WAITING************

Write the data to file:33554432 bytes
***********WAITING************

Write the data to file:33554432 bytes
***********WAITING************
nr_of_strided_rec: 1024
nr_doubles: 512
nr_of_strided_rec: 1024
nr_doubles: 512
nr_of_strided_rec: 1024
nr_doubles: 512
nr_of_strided_rec: 1024
nr_doubles: 512

Write the data to file:33554432 bytes
***********WAITING************

Write the data to file:33554432 bytes
***********WAITING************

Write the data to file:33554432 bytes
***********WAITING************

Write the data to file:33554432 bytes
***********WAITING************
nr_of_strided_rec: 1024
nr_doubles: 512
nr_of_strided_rec: 1024
nr_doubles: 512
nr_of_strided_rec: 1024
nr_doubles: 512
nr_of_strided_rec: 1024
nr_doubles: 512

Write the data to file:33554432 bytes
***********WAITING************

Write the data to file:33554432 bytes
***********WAITING************

Write the data to file:33554432 bytes
***********WAITING************

Write the data to file:33554432 bytes
***********WAITING************
nr_of_strided_rec: 1024
nr_doubles: 512
nr_of_strided_rec: 1024
nr_doubles: 512
nr_of_strided_rec: 1024
nr_doubles: 512
nr_of_strided_rec: 1024
nr_doubles: 512

Write the data to file:33554432 bytes
***********WAITING************

Write the data to file:33554432 bytes
***********WAITING************

Write the data to file:33554432 bytes
***********WAITING************

Write the data to file:33554432 bytes
***********WAITING************
nr_of_strided_rec: 1024
nr_doubles: 512
nr_of_strided_rec: 1024
nr_doubles: 512
nr_of_strided_rec: 1024
nr_doubles: 512
nr_of_strided_rec: 1024
nr_doubles: 512

Write the data to file:33554432 bytes
***********WAITING************

Write the data to file:33554432 bytes
***********WAITING************

Write the data to file:33554432 bytes
***********WAITING************

Write the data to file:33554432 bytes
***********WAITING************

Write the data to file:33554432 bytes
***********WAITING************

Write the data to file:33554432 bytes
***********WAITING************

Write the data to file:33554432 bytes
***********WAITING************

Write the data to file:33554432 bytes
***********WAITING************
W_cc         0.99   [      0.99:      0.99]
W_r         25.47   [     25.47:     25.47]
W_w          1.51   [      1.51:      1.51]
          -------
W_total     27.97   [     27.97:     27.97]

calc_W done
calc_W done
nr_of_strided_rec: 1024
nr_doubles: 512
calc_W done
nr_of_strided_rec: 1024
nr_doubles: 512
calc_W done
nr_of_strided_rec: 1024
nr_doubles: 512
nr_of_strided_rec: 1024
nr_doubles: 512
nr_of_strided_rec: 1024
nr_doubles: 512
nr_of_strided_rec: 1024
nr_doubles: 512
nr_of_strided_rec: 1024
nr_doubles: 512
nr_of_strided_rec: 1024
nr_doubles: 512
nr_of_strided_rec: 1024
nr_doubles: 512
nr_of_strided_rec: 1024
nr_doubles: 512
nr_of_strided_rec: 1024
nr_doubles: 512
nr_of_strided_rec: 1024
nr_doubles: 512
nr_of_strided_rec: 1024
nr_doubles: 512
nr_of_strided_rec: 1024
nr_doubles: 512
nr_of_strided_rec: 1024
nr_doubles: 512
nr_of_strided_rec: 1024
nr_doubles: 512
nr_of_strided_rec: 1024
nr_doubles: 512
nr_of_strided_rec: 1024
nr_doubles: 512
nr_of_strided_rec: 1024
nr_doubles: 512
nr_of_strided_rec: 1024
nr_doubles: 512
nr_of_strided_rec: 1024
nr_doubles: 512
nr_of_strided_rec: 1024
nr_doubles: 512
nr_of_strided_rec: 1024
nr_doubles: 512
nr_of_strided_rec: 1024
nr_doubles: 512
nr_of_strided_rec: 1024
nr_doubles: 512
nr_of_strided_rec: 1024
nr_doubles: 512
nr_of_strided_rec: 1024
nr_doubles: 512
nr_of_strided_rec: 1024
nr_doubles: 512
nr_of_strided_rec: 1024
nr_doubles: 512
nr_of_strided_rec: 1024
nr_doubles: 512
nr_of_strided_rec: 1024
nr_doubles: 512
nr_of_strided_rec: 1024
nr_doubles: 512
nr_of_strided_rec: 1024
nr_doubles: 512
nr_of_strided_rec: 1024
nr_doubles: 512
nr_of_strided_rec: 1024
nr_doubles: 512
nr_of_strided_rec: 1024
nr_doubles: 512
nr_of_strided_rec: 1024
nr_doubles: 512
nr_of_strided_rec: 1024
nr_doubles: 512
nr_of_strided_rec: 1024
nr_doubles: 512
nr_of_strided_rec: 1024
nr_doubles: 512
nr_of_strided_rec: 1024
nr_doubles: 512
nr_of_strided_rec: 1024
nr_doubles: 512
nr_of_strided_rec: 1024
nr_doubles: 512
nr_of_strided_rec: 1024
nr_doubles: 512
nr_of_strided_rec: 1024
nr_doubles: 512
nr_of_strided_rec: 1024
nr_doubles: 512
nr_of_strided_rec: 1024
nr_doubles: 512
nr_of_strided_rec: 1024
nr_doubles: 512
nr_of_strided_rec: 1024
nr_doubles: 512
nr_of_strided_rec: 1024
nr_doubles: 512
nr_of_strided_rec: 1024
nr_doubles: 512
nr_of_strided_rec: 1024
nr_doubles: 512
nr_of_strided_rec: 1024
nr_doubles: 512
nr_of_strided_rec: 1024
nr_doubles: 512
nr_of_strided_rec: 1024
nr_doubles: 512
nr_of_strided_rec: 1024
nr_doubles: 512
nr_of_strided_rec: 1024
nr_doubles: 512
nr_of_strided_rec: 1024
nr_doubles: 512
nr_of_strided_rec: 1024
nr_doubles: 512
nr_of_strided_rec: 1024
nr_doubles: 512
nr_of_strided_rec: 1024
nr_doubles: 512
nr_of_strided_rec: 1024
nr_doubles: 512
nr_of_strided_rec: 1024
nr_doubles: 512
nr_of_strided_rec: 1024
nr_doubles: 512
nr_of_strided_rec: 1024
nr_doubles: 512
nr_of_strided_rec: 1024
nr_doubles: 512
nr_of_strided_rec: 1024
nr_doubles: 512
nr_of_strided_rec: 1024
nr_doubles: 512
nr_of_strided_rec: 1024
nr_doubles: 512
nr_of_strided_rec: 1024
nr_doubles: 512
nr_of_strided_rec: 1024
nr_doubles: 512
nr_of_strided_rec: 1024
nr_doubles: 512
nr_of_strided_rec: 1024
nr_doubles: 512
nr_of_strided_rec: 1024
nr_doubles: 512
nr_of_strided_rec: 1024
nr_doubles: 512
nr_of_strided_rec: 1024
nr_doubles: 512
nr_of_strided_rec: 1024
nr_doubles: 512
nr_of_strided_rec: 1024
nr_doubles: 512
nr_of_strided_rec: 1024
nr_doubles: 512
nr_of_strided_rec: 1024
nr_doubles: 512
nr_of_strided_rec: 1024
nr_doubles: 512
nr_of_strided_rec: 1024
nr_doubles: 512
nr_of_strided_rec: 1024
nr_doubles: 512
nr_of_strided_rec: 1024
nr_doubles: 512
nr_of_strided_rec: 1024
nr_doubles: 512
nr_of_strided_rec: 1024
nr_doubles: 512
nr_of_strided_rec: 1024
nr_doubles: 512
nr_of_strided_rec: 1024
nr_doubles: 512
nr_of_strided_rec: 1024
nr_doubles: 512
nr_of_strided_rec: 1024
nr_doubles: 512
nr_of_strided_rec: 1024
nr_doubles: 512
nr_of_strided_rec: 1024
nr_doubles: 512
nr_of_strided_rec: 1024
nr_doubles: 512
nr_of_strided_rec: 1024
nr_doubles: 512
nr_of_strided_rec: 1024
nr_doubles: 512
nr_of_strided_rec: 1024
nr_doubles: 512
nr_of_strided_rec: 1024
nr_doubles: 512
nr_of_strided_rec: 1024
nr_doubles: 512
nr_of_strided_rec: 1024
nr_doubles: 512
nr_of_strided_rec: 1024
nr_doubles: 512
nr_of_strided_rec: 1024
nr_doubles: 512
nr_of_strided_rec: 1024
nr_doubles: 512
nr_of_strided_rec: 1024
nr_doubles: 512
nr_of_strided_rec: 1024
nr_doubles: 512
nr_of_strided_rec: 1024
nr_doubles: 512
nr_of_strided_rec: 1024
nr_doubles: 512
nr_of_strided_rec: 1024
nr_doubles: 512
nr_of_strided_rec: 1024
nr_doubles: 512
nr_of_strided_rec: 1024
nr_doubles: 512
nr_of_strided_rec: 1024
nr_doubles: 512
nr_of_strided_rec: 1024
nr_doubles: 512
nr_of_strided_rec: 1024
nr_doubles: 512
nr_of_strided_rec: 1024
nr_doubles: 512
nr_of_strided_rec: 1024
nr_doubles: 512
nr_of_strided_rec: 1024
nr_doubles: 512
nr_of_strided_rec: 1024
nr_doubles: 512
nr_of_strided_rec: 1024
nr_doubles: 512
nr_of_strided_rec: 1024
nr_doubles: 512
nr_of_strided_rec: 1024
nr_doubles: 512
nr_of_strided_rec: 1024
nr_doubles: 512
C_cc         0.49   [      0.49:      0.49]
C_bw         0.17   [      0.17:      0.17]
C_r         16.67   [     16.67:     16.67]
          -------
C_total     17.33   [     17.33:     17.33]


dC[0] = 0.00000e+00
fclose PID:28041 fd:8
fclose PID:28039 fd:12
fclose PID:28040 fd:10
fclose PID:28042 fd:8
READAHEAD_TIME:5376542.000000 us
MaxRSS= 141464 KB, SharedMem= 0 KB, HardPageFault= 14
READAHEAD_TIME:5198847.000000 us
MaxRSS= 141464 KB, SharedMem= 0 KB, HardPageFault= 12
READAHEAD_TIME:5704536.000000 us
MaxRSS= 141672 KB, SharedMem= 0 KB, HardPageFault= 14
READAHEAD_TIME:5439286.000000 us
MaxRSS= 141720 KB, SharedMem= 0 KB, HardPageFault= 12
fclose PID:28038 fd:0
fclose PID:28038 fd:6
fclose PID:28038 fd:6
fclose PID:28038 fd:0
READAHEAD_TIME:0.000000 us
MaxRSS= 5424 KB, SharedMem= 0 KB, HardPageFault= 2
fclose PID:28037 fd:3
fclose PID:28037 fd:4
fclose PID:28037 fd:4
fclose PID:28037 fd:3
READAHEAD_TIME:0.000000 us
MaxRSS= 4896 KB, SharedMem= 0 KB, HardPageFault= 4
	Command being timed: "mpiexec -n 4 ./MADbench2_io 4096 30 1 8 64 1 1 4096 7 1"
	User time (seconds): 42.98
	System time (seconds): 23.67
	Percent of CPU this job got: 122%
	Elapsed (wall clock) time (h:mm:ss or m:ss): 0:54.51
	Average shared text size (kbytes): 0
	Average unshared data size (kbytes): 0
	Average stack size (kbytes): 0
	Average total size (kbytes): 0
	Maximum resident set size (kbytes): 141720
	Average resident set size (kbytes): 0
	Major (requiring I/O) page faults: 59
	Minor (reclaiming a frame) page faults: 661703
	Voluntary context switches: 259077
	Involuntary context switches: 1210
	Swaps: 0
	File system inputs: 15262144
	File system outputs: 15728712
	Socket messages sent: 0
	Socket messages received: 0
	Signals delivered: 0
	Page size (bytes): 4096
	Exit status: 0
READAHEAD_TIME:0.000000 us
MaxRSS= 2196 KB, SharedMem= 0 KB, HardPageFault= 0
*******************DMESG OUTPUT******************
