fclose PID:29328 fd:3
fclose PID:29328 fd:4
fclose PID:29328 fd:4
fclose PID:29328 fd:3
available: 2 nodes (0-1)
fclose PID:29328 fd:3
node 0 cpus:fclose PID:29328 fd:3
 0 1 2 3 4 5 6 7 8 9 20 21 22 23 24 25 26 27 28 29
node 0 size: 80440 MB
node 0 free: 80129 MB
fclose PID:29328 fd:3
node 1 cpus:fclose PID:29328 fd:3
 10 11 12 13 14 15 16 17 18 19 30 31 32 33 34 35 36 37 38 39
node 1 size: 80635 MB
node 1 free: 80381 MB
fclose PID:29328 fd:3
fclose PID:29328 fd:3
node distances:
node   0   1 
  0:  10  21 
  1:  21  10 
READAHEAD_TIME:0.000000 us
MaxRSS= 2136 KB, SharedMem= 0 KB, HardPageFault= 10
fclose PID:29334 fd:10
fclose PID:29333 fd:12
fclose PID:29335 fd:8
fclose PID:29336 fd:8

MADbench 2.0 IO-mode
no_pe = 4  no_pix = 8192  no_bin = 30  no_gang = 1 sblocksize = 8  fblocksize = 64  r_mod = 1  w_mod = 1 record_size=4096 stride=7


IOMETHOD = POSIX  IOMODE = SYNC  FILETYPE = UNIQUE  REMAP = CUSTOMbuild_S
build_S
build_S
build_S

Write the data to file:134217728 bytes
***********WAITING************

Write the data to file:134217728 bytes
***********WAITING************

Write the data to file:134217728 bytes
***********WAITING************

Write the data to file:134217728 bytes
***********WAITING************

Write the data to file:134217728 bytes
***********WAITING************

Write the data to file:134217728 bytes
***********WAITING************

Write the data to file:134217728 bytes
***********WAITING************

Write the data to file:134217728 bytes
***********WAITING************

Write the data to file:134217728 bytes
***********WAITING************

Write the data to file:134217728 bytes
***********WAITING************

Write the data to file:134217728 bytes
***********WAITING************

Write the data to file:134217728 bytes
***********WAITING************

Write the data to file:134217728 bytes
***********WAITING************

Write the data to file:134217728 bytes
***********WAITING************

Write the data to file:134217728 bytes
***********WAITING************

Write the data to file:134217728 bytes
***********WAITING************

Write the data to file:134217728 bytes
***********WAITING************

Write the data to file:134217728 bytes
***********WAITING************

Write the data to file:134217728 bytes
***********WAITING************

Write the data to file:134217728 bytes
***********WAITING************

Write the data to file:134217728 bytes
***********WAITING************

Write the data to file:134217728 bytes
***********WAITING************

Write the data to file:134217728 bytes
***********WAITING************

Write the data to file:134217728 bytes
***********WAITING************

Write the data to file:134217728 bytes
***********WAITING************

Write the data to file:134217728 bytes
***********WAITING************

Write the data to file:134217728 bytes
***********WAITING************

Write the data to file:134217728 bytes
***********WAITING************

Write the data to file:134217728 bytes
***********WAITING************

Write the data to file:134217728 bytes
***********WAITING************

Write the data to file:134217728 bytes
***********WAITING************

Write the data to file:134217728 bytes
***********WAITING************

Write the data to file:134217728 bytes
***********WAITING************

Write the data to file:134217728 bytes
***********WAITING************

Write the data to file:134217728 bytes
***********WAITING************

Write the data to file:134217728 bytes
***********WAITING************

Write the data to file:134217728 bytes
***********WAITING************

Write the data to file:134217728 bytes
***********WAITING************

Write the data to file:134217728 bytes
***********WAITING************

Write the data to file:134217728 bytes
***********WAITING************

Write the data to file:134217728 bytes
***********WAITING************

Write the data to file:134217728 bytes
***********WAITING************

Write the data to file:134217728 bytes
***********WAITING************

Write the data to file:134217728 bytes
***********WAITING************

Write the data to file:134217728 bytes
***********WAITING************

Write the data to file:134217728 bytes
***********WAITING************

Write the data to file:134217728 bytes
***********WAITING************

Write the data to file:134217728 bytes
***********WAITING************

Write the data to file:134217728 bytes
***********WAITING************

Write the data to file:134217728 bytes
***********WAITING************

Write the data to file:134217728 bytes
***********WAITING************

Write the data to file:134217728 bytes
***********WAITING************

Write the data to file:134217728 bytes
***********WAITING************

Write the data to file:134217728 bytes
***********WAITING************

Write the data to file:134217728 bytes
***********WAITING************

Write the data to file:134217728 bytes
***********WAITING************

Write the data to file:134217728 bytes
***********WAITING************

Write the data to file:134217728 bytes
***********WAITING************

Write the data to file:134217728 bytes
***********WAITING************

Write the data to file:134217728 bytes
***********WAITING************

Write the data to file:134217728 bytes
***********WAITING************

Write the data to file:134217728 bytes
***********WAITING************

Write the data to file:134217728 bytes
***********WAITING************

Write the data to file:134217728 bytes
***********WAITING************

Write the data to file:134217728 bytes
***********WAITING************

Write the data to file:134217728 bytes
***********WAITING************

Write the data to file:134217728 bytes
***********WAITING************

Write the data to file:134217728 bytes
***********WAITING************

Write the data to file:134217728 bytes
***********WAITING************

Write the data to file:134217728 bytes
***********WAITING************

Write the data to file:134217728 bytes
***********WAITING************

Write the data to file:134217728 bytes
***********WAITING************

Write the data to file:134217728 bytes
***********WAITING************

Write the data to file:134217728 bytes
***********WAITING************

Write the data to file:134217728 bytes
***********WAITING************

Write the data to file:134217728 bytes
***********WAITING************

Write the data to file:134217728 bytes
***********WAITING************

Write the data to file:134217728 bytes
***********WAITING************

Write the data to file:134217728 bytes
***********WAITING************

Write the data to file:134217728 bytes
***********WAITING************

Write the data to file:134217728 bytes
***********WAITING************

Write the data to file:134217728 bytes
***********WAITING************

Write the data to file:134217728 bytes
***********WAITING************

Write the data to file:134217728 bytes
***********WAITING************

Write the data to file:134217728 bytes
***********WAITING************

Write the data to file:134217728 bytes
***********WAITING************

Write the data to file:134217728 bytes
***********WAITING************

Write the data to file:134217728 bytes
***********WAITING************

Write the data to file:134217728 bytes
***********WAITING************

Write the data to file:134217728 bytes
***********WAITING************

Write the data to file:134217728 bytes
***********WAITING************

Write the data to file:134217728 bytes
***********WAITING************

Write the data to file:134217728 bytes
***********WAITING************

Write the data to file:134217728 bytes
***********WAITING************

Write the data to file:134217728 bytes
***********WAITING************

Write the data to file:134217728 bytes
***********WAITING************

Write the data to file:134217728 bytes
***********WAITING************

Write the data to file:134217728 bytes
***********WAITING************

Write the data to file:134217728 bytes
***********WAITING************

Write the data to file:134217728 bytes
***********WAITING************

Write the data to file:134217728 bytes
***********WAITING************

Write the data to file:134217728 bytes
***********WAITING************

Write the data to file:134217728 bytes
***********WAITING************

Write the data to file:134217728 bytes
***********WAITING************

Write the data to file:134217728 bytes
***********WAITING************

Write the data to file:134217728 bytes
***********WAITING************

Write the data to file:134217728 bytes
***********WAITING************

Write the data to file:134217728 bytes
***********WAITING************

Write the data to file:134217728 bytes
***********WAITING************

Write the data to file:134217728 bytes
***********WAITING************

Write the data to file:134217728 bytes
***********WAITING************

Write the data to file:134217728 bytes
***********WAITING************

Write the data to file:134217728 bytes
***********WAITING************

Write the data to file:134217728 bytes
***********WAITING************

Write the data to file:134217728 bytes
***********WAITING************

Write the data to file:134217728 bytes
***********WAITING************

Write the data to file:134217728 bytes
***********WAITING************

Write the data to file:134217728 bytes
***********WAITING************

Write the data to file:134217728 bytes
***********WAITING************

Write the data to file:134217728 bytes
***********WAITING************
S_cc         1.56   [      1.55:      1.56]
S_bw         0.69   [      0.69:      0.69]
S_w         35.92   [     35.92:     35.92]
          -------
S_total     38.16   [     38.16:     38.17]

build_S done
calc_W
build_S done
calc_W
nr_of_strided_rec: 4096
build_S done
calc_W
nr_of_strided_rec: 4096
nr_doubles: 512
build_S done
calc_W
nr_of_strided_rec: 4096
nr_doubles: 512
nr_of_strided_rec: 4096
nr_doubles: 512
nr_doubles: 512
nr_of_strided_rec: 4096
nr_doubles: 512
nr_of_strided_rec: 4096
nr_doubles: 512
nr_of_strided_rec: 4096
nr_doubles: 512
nr_of_strided_rec: 4096
nr_doubles: 512

Write the data to file:134217728 bytes
***********WAITING************

Write the data to file:134217728 bytes
***********WAITING************

Write the data to file:134217728 bytes
***********WAITING************

Write the data to file:134217728 bytes
***********WAITING************
nr_of_strided_rec: 4096
nr_doubles: 512
nr_of_strided_rec: 4096
nr_doubles: 512
nr_of_strided_rec: 4096
nr_doubles: 512
nr_of_strided_rec: 4096
nr_doubles: 512

Write the data to file:134217728 bytes
***********WAITING************

Write the data to file:134217728 bytes
***********WAITING************

Write the data to file:134217728 bytes
***********WAITING************

Write the data to file:134217728 bytes
***********WAITING************
nr_of_strided_rec: 4096
nr_doubles: 512
nr_of_strided_rec: 4096
nr_doubles: 512
nr_of_strided_rec: 4096
nr_doubles: 512
nr_of_strided_rec: 4096
nr_doubles: 512

Write the data to file:134217728 bytes
***********WAITING************

Write the data to file:134217728 bytes
***********WAITING************

Write the data to file:134217728 bytes
***********WAITING************

Write the data to file:134217728 bytes
***********WAITING************
nr_of_strided_rec: 4096
nr_doubles: 512
nr_of_strided_rec: 4096
nr_doubles: 512
nr_of_strided_rec: 4096
nr_doubles: 512
nr_of_strided_rec: 4096
nr_doubles: 512

Write the data to file:134217728 bytes
***********WAITING************

Write the data to file:134217728 bytes
***********WAITING************

Write the data to file:134217728 bytes
***********WAITING************

Write the data to file:134217728 bytes
***********WAITING************
nr_of_strided_rec: 4096
nr_doubles: 512
nr_of_strided_rec: 4096
nr_doubles: 512
nr_of_strided_rec: 4096
nr_doubles: 512
nr_of_strided_rec: 4096
nr_doubles: 512

Write the data to file:134217728 bytes
***********WAITING************

Write the data to file:134217728 bytes
***********WAITING************

Write the data to file:134217728 bytes
***********WAITING************

Write the data to file:134217728 bytes
***********WAITING************
nr_of_strided_rec: 4096
nr_doubles: 512
nr_of_strided_rec: 4096
nr_doubles: 512
nr_of_strided_rec: 4096
nr_doubles: 512
nr_of_strided_rec: 4096
nr_doubles: 512

Write the data to file:134217728 bytes
***********WAITING************

Write the data to file:134217728 bytes
***********WAITING************

Write the data to file:134217728 bytes
***********WAITING************

Write the data to file:134217728 bytes
***********WAITING************
nr_of_strided_rec: 4096
nr_doubles: 512
nr_of_strided_rec: 4096
nr_doubles: 512
nr_of_strided_rec: 4096
nr_doubles: 512
nr_of_strided_rec: 4096
nr_doubles: 512

Write the data to file:134217728 bytes
***********WAITING************

Write the data to file:134217728 bytes
***********WAITING************

Write the data to file:134217728 bytes
***********WAITING************

Write the data to file:134217728 bytes
***********WAITING************
nr_of_strided_rec: 4096
nr_doubles: 512
nr_of_strided_rec: 4096
nr_doubles: 512
nr_of_strided_rec: 4096
nr_doubles: 512
nr_of_strided_rec: 4096
nr_doubles: 512

Write the data to file:134217728 bytes
***********WAITING************

Write the data to file:134217728 bytes
***********WAITING************

Write the data to file:134217728 bytes
***********WAITING************

Write the data to file:134217728 bytes
***********WAITING************
nr_of_strided_rec: 4096
nr_doubles: 512
nr_of_strided_rec: 4096
nr_doubles: 512
nr_of_strided_rec: 4096
nr_doubles: 512
nr_of_strided_rec: 4096
nr_doubles: 512

Write the data to file:134217728 bytes
***********WAITING************

Write the data to file:134217728 bytes
***********WAITING************

Write the data to file:134217728 bytes
***********WAITING************

Write the data to file:134217728 bytes
***********WAITING************
nr_of_strided_rec: 4096
nr_doubles: 512
nr_of_strided_rec: 4096
nr_doubles: 512
nr_of_strided_rec: 4096
nr_doubles: 512
nr_of_strided_rec: 4096
nr_doubles: 512

Write the data to file:134217728 bytes
***********WAITING************

Write the data to file:134217728 bytes
***********WAITING************

Write the data to file:134217728 bytes
***********WAITING************

Write the data to file:134217728 bytes
***********WAITING************
nr_of_strided_rec: 4096
nr_doubles: 512
nr_of_strided_rec: 4096
nr_doubles: 512
nr_of_strided_rec: 4096
nr_doubles: 512
nr_of_strided_rec: 4096
nr_doubles: 512

Write the data to file:134217728 bytes
***********WAITING************

Write the data to file:134217728 bytes
***********WAITING************

Write the data to file:134217728 bytes
***********WAITING************

Write the data to file:134217728 bytes
***********WAITING************
nr_of_strided_rec: 4096
nr_doubles: 512
nr_of_strided_rec: 4096
nr_doubles: 512
nr_of_strided_rec: 4096
nr_doubles: 512
nr_of_strided_rec: 4096
nr_doubles: 512

Write the data to file:134217728 bytes
***********WAITING************

Write the data to file:134217728 bytes
***********WAITING************

Write the data to file:134217728 bytes
***********WAITING************

Write the data to file:134217728 bytes
***********WAITING************
nr_of_strided_rec: 4096
nr_doubles: 512
nr_of_strided_rec: 4096
nr_doubles: 512
nr_of_strided_rec: 4096
nr_doubles: 512
nr_of_strided_rec: 4096
nr_doubles: 512

Write the data to file:134217728 bytes
***********WAITING************

Write the data to file:134217728 bytes
***********WAITING************

Write the data to file:134217728 bytes
***********WAITING************

Write the data to file:134217728 bytes
***********WAITING************
nr_of_strided_rec: 4096
nr_doubles: 512
nr_of_strided_rec: 4096
nr_doubles: 512
nr_of_strided_rec: 4096
nr_doubles: 512
nr_of_strided_rec: 4096
nr_doubles: 512

Write the data to file:134217728 bytes
***********WAITING************

Write the data to file:134217728 bytes
***********WAITING************

Write the data to file:134217728 bytes
***********WAITING************

Write the data to file:134217728 bytes
***********WAITING************
nr_of_strided_rec: 4096
nr_doubles: 512
nr_of_strided_rec: 4096
nr_doubles: 512
nr_of_strided_rec: 4096
nr_doubles: 512
nr_of_strided_rec: 4096
nr_doubles: 512

Write the data to file:134217728 bytes
***********WAITING************

Write the data to file:134217728 bytes
***********WAITING************

Write the data to file:134217728 bytes
***********WAITING************

Write the data to file:134217728 bytes
***********WAITING************
nr_of_strided_rec: 4096
nr_doubles: 512
nr_of_strided_rec: 4096
nr_doubles: 512
nr_of_strided_rec: 4096
nr_doubles: 512
nr_of_strided_rec: 4096
nr_doubles: 512

Write the data to file:134217728 bytes
***********WAITING************

Write the data to file:134217728 bytes
***********WAITING************

Write the data to file:134217728 bytes
***********WAITING************

Write the data to file:134217728 bytes
***********WAITING************
nr_of_strided_rec: 4096
nr_doubles: 512
nr_of_strided_rec: 4096
nr_doubles: 512
nr_of_strided_rec: 4096
nr_doubles: 512
nr_of_strided_rec: 4096
nr_doubles: 512

Write the data to file:134217728 bytes
***********WAITING************

Write the data to file:134217728 bytes
***********WAITING************

Write the data to file:134217728 bytes
***********WAITING************

Write the data to file:134217728 bytes
***********WAITING************
nr_of_strided_rec: 4096
nr_doubles: 512
nr_of_strided_rec: 4096
nr_doubles: 512
nr_of_strided_rec: 4096
nr_doubles: 512
nr_of_strided_rec: 4096
nr_doubles: 512

Write the data to file:134217728 bytes
***********WAITING************

Write the data to file:134217728 bytes
***********WAITING************

Write the data to file:134217728 bytes
***********WAITING************

Write the data to file:134217728 bytes
***********WAITING************
nr_of_strided_rec: 4096
nr_doubles: 512
nr_of_strided_rec: 4096
nr_doubles: 512
nr_of_strided_rec: 4096
nr_doubles: 512
nr_of_strided_rec: 4096
nr_doubles: 512

Write the data to file:134217728 bytes
***********WAITING************

Write the data to file:134217728 bytes
***********WAITING************

Write the data to file:134217728 bytes
***********WAITING************

Write the data to file:134217728 bytes
***********WAITING************
nr_of_strided_rec: 4096
nr_doubles: 512
nr_of_strided_rec: 4096
nr_doubles: 512
nr_of_strided_rec: 4096
nr_doubles: 512
nr_of_strided_rec: 4096
nr_doubles: 512

Write the data to file:134217728 bytes
***********WAITING************

Write the data to file:134217728 bytes
***********WAITING************

Write the data to file:134217728 bytes
***********WAITING************

Write the data to file:134217728 bytes
***********WAITING************
nr_of_strided_rec: 4096
nr_doubles: 512
nr_of_strided_rec: 4096
nr_doubles: 512
nr_of_strided_rec: 4096
nr_doubles: 512
nr_of_strided_rec: 4096
nr_doubles: 512

Write the data to file:134217728 bytes
***********WAITING************

Write the data to file:134217728 bytes
***********WAITING************

Write the data to file:134217728 bytes
***********WAITING************

Write the data to file:134217728 bytes
***********WAITING************
nr_of_strided_rec: 4096
nr_doubles: 512
nr_of_strided_rec: 4096
nr_doubles: 512
nr_of_strided_rec: 4096
nr_doubles: 512
nr_of_strided_rec: 4096
nr_doubles: 512

Write the data to file:134217728 bytes
***********WAITING************

Write the data to file:134217728 bytes
***********WAITING************

Write the data to file:134217728 bytes
***********WAITING************

Write the data to file:134217728 bytes
***********WAITING************
nr_of_strided_rec: 4096
nr_doubles: 512
nr_of_strided_rec: 4096
nr_doubles: 512
nr_of_strided_rec: 4096
nr_doubles: 512
nr_of_strided_rec: 4096
nr_doubles: 512

Write the data to file:134217728 bytes
***********WAITING************

Write the data to file:134217728 bytes
***********WAITING************

Write the data to file:134217728 bytes
***********WAITING************

Write the data to file:134217728 bytes
***********WAITING************
nr_of_strided_rec: 4096
nr_doubles: 512
nr_of_strided_rec: 4096
nr_doubles: 512
nr_of_strided_rec: 4096
nr_doubles: 512
nr_of_strided_rec: 4096
nr_doubles: 512

Write the data to file:134217728 bytes
***********WAITING************

Write the data to file:134217728 bytes
***********WAITING************

Write the data to file:134217728 bytes
***********WAITING************

Write the data to file:134217728 bytes
***********WAITING************
nr_of_strided_rec: 4096
nr_doubles: 512
nr_of_strided_rec: 4096
nr_doubles: 512
nr_of_strided_rec: 4096
nr_doubles: 512
nr_of_strided_rec: 4096
nr_doubles: 512

Write the data to file:134217728 bytes
***********WAITING************

Write the data to file:134217728 bytes
***********WAITING************

Write the data to file:134217728 bytes
***********WAITING************

Write the data to file:134217728 bytes
***********WAITING************
nr_of_strided_rec: 4096
nr_doubles: 512
nr_of_strided_rec: 4096
nr_doubles: 512
nr_of_strided_rec: 4096
nr_doubles: 512
nr_of_strided_rec: 4096
nr_doubles: 512

Write the data to file:134217728 bytes
***********WAITING************

Write the data to file:134217728 bytes
***********WAITING************

Write the data to file:134217728 bytes
***********WAITING************

Write the data to file:134217728 bytes
***********WAITING************
nr_of_strided_rec: 4096
nr_doubles: 512
nr_of_strided_rec: 4096
nr_doubles: 512
nr_of_strided_rec: 4096
nr_doubles: 512
nr_of_strided_rec: 4096
nr_doubles: 512

Write the data to file:134217728 bytes
***********WAITING************

Write the data to file:134217728 bytes
***********WAITING************

Write the data to file:134217728 bytes
***********WAITING************

Write the data to file:134217728 bytes
***********WAITING************
nr_of_strided_rec: 4096
nr_doubles: 512
nr_of_strided_rec: 4096
nr_doubles: 512
nr_of_strided_rec: 4096
nr_doubles: 512
nr_of_strided_rec: 4096
nr_doubles: 512

Write the data to file:134217728 bytes
***********WAITING************

Write the data to file:134217728 bytes
***********WAITING************

Write the data to file:134217728 bytes
***********WAITING************

Write the data to file:134217728 bytes
***********WAITING************
nr_of_strided_rec: 4096
nr_doubles: 512
nr_of_strided_rec: 4096
nr_doubles: 512
nr_of_strided_rec: 4096
nr_doubles: 512
nr_of_strided_rec: 4096
nr_doubles: 512

Write the data to file:134217728 bytes
***********WAITING************

Write the data to file:134217728 bytes
***********WAITING************

Write the data to file:134217728 bytes
***********WAITING************

Write the data to file:134217728 bytes
***********WAITING************

Write the data to file:134217728 bytes
***********WAITING************

Write the data to file:134217728 bytes
***********WAITING************

Write the data to file:134217728 bytes
***********WAITING************

Write the data to file:134217728 bytes
***********WAITING************
W_cc         3.79   [      3.79:      3.80]
W_r         95.73   [     95.73:     95.73]
W_w         28.60   [     28.60:     28.60]
          -------
W_total    128.12   [    128.11:    128.12]

calc_W done
calc_W done
calc_W done
calc_W done
nr_of_strided_rec: 4096
nr_doubles: 512
nr_of_strided_rec: 4096
nr_doubles: 512
nr_of_strided_rec: 4096
nr_doubles: 512
nr_of_strided_rec: 4096
nr_doubles: 512
nr_of_strided_rec: 4096
nr_doubles: 512
nr_of_strided_rec: 4096
nr_doubles: 512
nr_of_strided_rec: 4096
nr_doubles: 512
nr_of_strided_rec: 4096
nr_doubles: 512
nr_of_strided_rec: 4096
nr_doubles: 512
nr_of_strided_rec: 4096
nr_doubles: 512
nr_of_strided_rec: 4096
nr_doubles: 512
nr_of_strided_rec: 4096
nr_doubles: 512
nr_of_strided_rec: 4096
nr_doubles: 512
nr_of_strided_rec: 4096
nr_doubles: 512
nr_of_strided_rec: 4096
nr_doubles: 512
nr_of_strided_rec: 4096
nr_doubles: 512
nr_of_strided_rec: 4096
nr_doubles: 512
nr_of_strided_rec: 4096
nr_doubles: 512
nr_of_strided_rec: 4096
nr_doubles: 512
nr_of_strided_rec: 4096
nr_doubles: 512
nr_of_strided_rec: 4096
nr_doubles: 512
nr_of_strided_rec: 4096
nr_doubles: 512
nr_of_strided_rec: 4096
nr_doubles: 512
nr_of_strided_rec: 4096
nr_doubles: 512
nr_of_strided_rec: 4096
nr_doubles: 512
nr_of_strided_rec: 4096
nr_doubles: 512
nr_of_strided_rec: 4096
nr_doubles: 512
nr_of_strided_rec: 4096
nr_doubles: 512
nr_of_strided_rec: 4096
nr_doubles: 512
nr_of_strided_rec: 4096
nr_doubles: 512
nr_of_strided_rec: 4096
nr_doubles: 512
nr_of_strided_rec: 4096
nr_doubles: 512
nr_of_strided_rec: 4096
nr_doubles: 512
nr_of_strided_rec: 4096
nr_doubles: 512
nr_of_strided_rec: 4096
nr_doubles: 512
nr_of_strided_rec: 4096
nr_doubles: 512
nr_of_strided_rec: 4096
nr_doubles: 512
nr_of_strided_rec: 4096
nr_doubles: 512
nr_of_strided_rec: 4096
nr_doubles: 512
nr_of_strided_rec: 4096
nr_doubles: 512
nr_of_strided_rec: 4096
nr_doubles: 512
nr_of_strided_rec: 4096
nr_doubles: 512
nr_of_strided_rec: 4096
nr_doubles: 512
nr_of_strided_rec: 4096
nr_doubles: 512
nr_of_strided_rec: 4096
nr_doubles: 512
nr_of_strided_rec: 4096
nr_doubles: 512
nr_of_strided_rec: 4096
nr_doubles: 512
nr_of_strided_rec: 4096
nr_doubles: 512
nr_of_strided_rec: 4096
nr_doubles: 512
nr_of_strided_rec: 4096
nr_doubles: 512
nr_of_strided_rec: 4096
nr_doubles: 512
nr_of_strided_rec: 4096
nr_doubles: 512
nr_of_strided_rec: 4096
nr_doubles: 512
nr_of_strided_rec: 4096
nr_doubles: 512
nr_of_strided_rec: 4096
nr_doubles: 512
nr_of_strided_rec: 4096
nr_doubles: 512
nr_of_strided_rec: 4096
nr_doubles: 512
nr_of_strided_rec: 4096
nr_doubles: 512
nr_of_strided_rec: 4096
nr_doubles: 512
nr_of_strided_rec: 4096
nr_doubles: 512
nr_of_strided_rec: 4096
nr_doubles: 512
nr_of_strided_rec: 4096
nr_doubles: 512
nr_of_strided_rec: 4096
nr_doubles: 512
nr_of_strided_rec: 4096
nr_doubles: 512
nr_of_strided_rec: 4096
nr_doubles: 512
nr_of_strided_rec: 4096
nr_doubles: 512
nr_of_strided_rec: 4096
nr_doubles: 512
nr_of_strided_rec: 4096
nr_doubles: 512
nr_of_strided_rec: 4096
nr_doubles: 512
nr_of_strided_rec: 4096
nr_doubles: 512
nr_of_strided_rec: 4096
nr_doubles: 512
nr_of_strided_rec: 4096
nr_doubles: 512
nr_of_strided_rec: 4096
nr_doubles: 512
nr_of_strided_rec: 4096
nr_doubles: 512
nr_of_strided_rec: 4096
nr_doubles: 512
nr_of_strided_rec: 4096
nr_doubles: 512
nr_of_strided_rec: 4096
nr_doubles: 512
nr_of_strided_rec: 4096
nr_doubles: 512
nr_of_strided_rec: 4096
nr_doubles: 512
nr_of_strided_rec: 4096
nr_doubles: 512
nr_of_strided_rec: 4096
nr_doubles: 512
nr_of_strided_rec: 4096
nr_doubles: 512
nr_of_strided_rec: 4096
nr_doubles: 512
nr_of_strided_rec: 4096
nr_doubles: 512
nr_of_strided_rec: 4096
nr_doubles: 512
nr_of_strided_rec: 4096
nr_doubles: 512
nr_of_strided_rec: 4096
nr_doubles: 512
nr_of_strided_rec: 4096
nr_doubles: 512
nr_of_strided_rec: 4096
nr_doubles: 512
nr_of_strided_rec: 4096
nr_doubles: 512
nr_of_strided_rec: 4096
nr_doubles: 512
nr_of_strided_rec: 4096
nr_doubles: 512
nr_of_strided_rec: 4096
nr_doubles: 512
nr_of_strided_rec: 4096
nr_doubles: 512
nr_of_strided_rec: 4096
nr_doubles: 512
nr_of_strided_rec: 4096
nr_doubles: 512
nr_of_strided_rec: 4096
nr_doubles: 512
nr_of_strided_rec: 4096
nr_doubles: 512
nr_of_strided_rec: 4096
nr_doubles: 512
nr_of_strided_rec: 4096
nr_doubles: 512
nr_of_strided_rec: 4096
nr_doubles: 512
nr_of_strided_rec: 4096
nr_doubles: 512
nr_of_strided_rec: 4096
nr_doubles: 512
nr_of_strided_rec: 4096
nr_doubles: 512
nr_of_strided_rec: 4096
nr_doubles: 512
nr_of_strided_rec: 4096
nr_doubles: 512
nr_of_strided_rec: 4096
nr_doubles: 512
nr_of_strided_rec: 4096
nr_doubles: 512
nr_of_strided_rec: 4096
nr_doubles: 512
nr_of_strided_rec: 4096
nr_doubles: 512
nr_of_strided_rec: 4096
nr_doubles: 512
nr_of_strided_rec: 4096
nr_doubles: 512
nr_of_strided_rec: 4096
nr_doubles: 512
nr_of_strided_rec: 4096
nr_doubles: 512
nr_of_strided_rec: 4096
nr_doubles: 512
nr_of_strided_rec: 4096
nr_doubles: 512
nr_of_strided_rec: 4096
nr_doubles: 512
nr_of_strided_rec: 4096
nr_doubles: 512
nr_of_strided_rec: 4096
nr_doubles: 512
nr_of_strided_rec: 4096
nr_doubles: 512
C_cc         1.72   [      1.72:      1.72]
C_bw         0.77   [      0.77:      0.77]
C_r         87.62   [     87.62:     87.62]
          -------
C_total     90.11   [     90.11:     90.12]


dC[0] = 0.00000e+00
fclose PID:29333 fd:12
fclose PID:29335 fd:8
fclose PID:29334 fd:10
fclose PID:29336 fd:8
READAHEAD_TIME:52304070.000000 us
MaxRSS= 534968 KB, SharedMem= 0 KB, HardPageFault= 17
READAHEAD_TIME:54146034.000000 us
MaxRSS= 534884 KB, SharedMem= 0 KB, HardPageFault= 12
READAHEAD_TIME:50949998.000000 us
READAHEAD_TIME:54735274.000000 us
MaxRSS= 534936 KB, SharedMem= 0 KB, HardPageFault= 14
MaxRSS= 535020 KB, SharedMem= 0 KB, HardPageFault= 14
fclose PID:29332 fd:0
fclose PID:29332 fd:6
fclose PID:29332 fd:6
fclose PID:29332 fd:0
READAHEAD_TIME:0.000000 us
MaxRSS= 5312 KB, SharedMem= 0 KB, HardPageFault= 2
fclose PID:29331 fd:3
fclose PID:29331 fd:4
fclose PID:29331 fd:4
fclose PID:29331 fd:3
READAHEAD_TIME:0.000000 us
MaxRSS= 4960 KB, SharedMem= 0 KB, HardPageFault= 4
	Command being timed: "mpiexec -n 4 ./MADbench2_io 8192 30 1 8 64 1 1 4096 7 1"
	User time (seconds): 236.48
	System time (seconds): 108.29
	Percent of CPU this job got: 134%
	Elapsed (wall clock) time (h:mm:ss or m:ss): 4:16.74
	Average shared text size (kbytes): 0
	Average unshared data size (kbytes): 0
	Average stack size (kbytes): 0
	Average total size (kbytes): 0
	Maximum resident set size (kbytes): 535020
	Average resident set size (kbytes): 0
	Major (requiring I/O) page faults: 65
	Minor (reclaiming a frame) page faults: 5325603
	Voluntary context switches: 1158210
	Involuntary context switches: 5018
	Swaps: 0
	File system inputs: 62610144
	File system outputs: 62914744
	Socket messages sent: 0
	Socket messages received: 0
	Signals delivered: 0
	Page size (bytes): 4096
	Exit status: 0
READAHEAD_TIME:0.000000 us
MaxRSS= 2196 KB, SharedMem= 0 KB, HardPageFault= 0
*******************DMESG OUTPUT******************
