fclose PID:29465 fd:3
fclose PID:29465 fd:4
fclose PID:29465 fd:4
fclose PID:29465 fd:3
available: 2 nodes (0-1)
fclose PID:29465 fd:3
node 0 cpus:fclose PID:29465 fd:3
 0 1 2 3 4 5 6 7 8 9 20 21 22 23 24 25 26 27 28 29
node 0 size: 80440 MB
node 0 free: 80128 MB
fclose PID:29465 fd:3
node 1 cpus:fclose PID:29465 fd:3
 10 11 12 13 14 15 16 17 18 19 30 31 32 33 34 35 36 37 38 39
node 1 size: 80635 MB
node 1 free: 80378 MB
fclose PID:29465 fd:3
fclose PID:29465 fd:3
node distances:
node   0   1 
  0:  10  21 
  1:  21  10 
READAHEAD_TIME:0.000000 us
MaxRSS= 2204 KB, SharedMem= 0 KB, HardPageFault= 10
fclose PID:29470 fd:12
fclose PID:29471 fd:10
fclose PID:29473 fd:8
fclose PID:29472 fd:8

MADbench 2.0 IO-mode
no_pe = 4  no_pix = 8192  no_bin = 30  no_gang = 1 sblocksize = 8  fblocksize = 64  r_mod = 1  w_mod = 1 record_size=4096 stride=7


IOMETHOD = POSIX  IOMODE = SYNC  FILETYPE = UNIQUE  REMAP = CUSTOMbuild_S
build_S
build_S
build_S

Write the data to file:134217728 bytes
***********WAITING************

Write the data to file:134217728 bytes
***********WAITING************

Write the data to file:134217728 bytes
***********WAITING************

Write the data to file:134217728 bytes
***********WAITING************

Write the data to file:134217728 bytes
***********WAITING************

Write the data to file:134217728 bytes
***********WAITING************

Write the data to file:134217728 bytes
***********WAITING************

Write the data to file:134217728 bytes
***********WAITING************

Write the data to file:134217728 bytes
***********WAITING************

Write the data to file:134217728 bytes
***********WAITING************

Write the data to file:134217728 bytes
***********WAITING************

Write the data to file:134217728 bytes
***********WAITING************

Write the data to file:134217728 bytes
***********WAITING************

Write the data to file:134217728 bytes
***********WAITING************

Write the data to file:134217728 bytes
***********WAITING************

Write the data to file:134217728 bytes
***********WAITING************

Write the data to file:134217728 bytes
***********WAITING************

Write the data to file:134217728 bytes
***********WAITING************

Write the data to file:134217728 bytes
***********WAITING************

Write the data to file:134217728 bytes
***********WAITING************

Write the data to file:134217728 bytes
***********WAITING************

Write the data to file:134217728 bytes
***********WAITING************

Write the data to file:134217728 bytes
***********WAITING************

Write the data to file:134217728 bytes
***********WAITING************

Write the data to file:134217728 bytes
***********WAITING************

Write the data to file:134217728 bytes
***********WAITING************

Write the data to file:134217728 bytes
***********WAITING************

Write the data to file:134217728 bytes
***********WAITING************

Write the data to file:134217728 bytes
***********WAITING************

Write the data to file:134217728 bytes
***********WAITING************

Write the data to file:134217728 bytes
***********WAITING************

Write the data to file:134217728 bytes
***********WAITING************

Write the data to file:134217728 bytes
***********WAITING************

Write the data to file:134217728 bytes
***********WAITING************

Write the data to file:134217728 bytes
***********WAITING************

Write the data to file:134217728 bytes
***********WAITING************

Write the data to file:134217728 bytes
***********WAITING************

Write the data to file:134217728 bytes
***********WAITING************

Write the data to file:134217728 bytes
***********WAITING************

Write the data to file:134217728 bytes
***********WAITING************

Write the data to file:134217728 bytes
***********WAITING************

Write the data to file:134217728 bytes
***********WAITING************

Write the data to file:134217728 bytes
***********WAITING************

Write the data to file:134217728 bytes
***********WAITING************

Write the data to file:134217728 bytes
***********WAITING************

Write the data to file:134217728 bytes
***********WAITING************

Write the data to file:134217728 bytes
***********WAITING************

Write the data to file:134217728 bytes
***********WAITING************

Write the data to file:134217728 bytes
***********WAITING************

Write the data to file:134217728 bytes
***********WAITING************

Write the data to file:134217728 bytes
***********WAITING************

Write the data to file:134217728 bytes
***********WAITING************

Write the data to file:134217728 bytes
***********WAITING************

Write the data to file:134217728 bytes
***********WAITING************

Write the data to file:134217728 bytes
***********WAITING************

Write the data to file:134217728 bytes
***********WAITING************

Write the data to file:134217728 bytes
***********WAITING************

Write the data to file:134217728 bytes
***********WAITING************

Write the data to file:134217728 bytes
***********WAITING************

Write the data to file:134217728 bytes
***********WAITING************

Write the data to file:134217728 bytes
***********WAITING************

Write the data to file:134217728 bytes
***********WAITING************

Write the data to file:134217728 bytes
***********WAITING************

Write the data to file:134217728 bytes
***********WAITING************

Write the data to file:134217728 bytes
***********WAITING************

Write the data to file:134217728 bytes
***********WAITING************

Write the data to file:134217728 bytes
***********WAITING************

Write the data to file:134217728 bytes
***********WAITING************

Write the data to file:134217728 bytes
***********WAITING************

Write the data to file:134217728 bytes
***********WAITING************

Write the data to file:134217728 bytes
***********WAITING************

Write the data to file:134217728 bytes
***********WAITING************

Write the data to file:134217728 bytes
***********WAITING************

Write the data to file:134217728 bytes
***********WAITING************

Write the data to file:134217728 bytes
***********WAITING************

Write the data to file:134217728 bytes
***********WAITING************

Write the data to file:134217728 bytes
***********WAITING************

Write the data to file:134217728 bytes
***********WAITING************

Write the data to file:134217728 bytes
***********WAITING************

Write the data to file:134217728 bytes
***********WAITING************

Write the data to file:134217728 bytes
***********WAITING************

Write the data to file:134217728 bytes
***********WAITING************

Write the data to file:134217728 bytes
***********WAITING************

Write the data to file:134217728 bytes
***********WAITING************

Write the data to file:134217728 bytes
***********WAITING************

Write the data to file:134217728 bytes
***********WAITING************

Write the data to file:134217728 bytes
***********WAITING************

Write the data to file:134217728 bytes
***********WAITING************

Write the data to file:134217728 bytes
***********WAITING************

Write the data to file:134217728 bytes
***********WAITING************

Write the data to file:134217728 bytes
***********WAITING************

Write the data to file:134217728 bytes
***********WAITING************

Write the data to file:134217728 bytes
***********WAITING************

Write the data to file:134217728 bytes
***********WAITING************

Write the data to file:134217728 bytes
***********WAITING************

Write the data to file:134217728 bytes
***********WAITING************

Write the data to file:134217728 bytes
***********WAITING************

Write the data to file:134217728 bytes
***********WAITING************

Write the data to file:134217728 bytes
***********WAITING************

Write the data to file:134217728 bytes
***********WAITING************

Write the data to file:134217728 bytes
***********WAITING************

Write the data to file:134217728 bytes
***********WAITING************

Write the data to file:134217728 bytes
***********WAITING************

Write the data to file:134217728 bytes
***********WAITING************

Write the data to file:134217728 bytes
***********WAITING************

Write the data to file:134217728 bytes
***********WAITING************

Write the data to file:134217728 bytes
***********WAITING************

Write the data to file:134217728 bytes
***********WAITING************

Write the data to file:134217728 bytes
***********WAITING************

Write the data to file:134217728 bytes
***********WAITING************

Write the data to file:134217728 bytes
***********WAITING************

Write the data to file:134217728 bytes
***********WAITING************

Write the data to file:134217728 bytes
***********WAITING************

Write the data to file:134217728 bytes
***********WAITING************

Write the data to file:134217728 bytes
***********WAITING************

Write the data to file:134217728 bytes
***********WAITING************

Write the data to file:134217728 bytes
***********WAITING************

Write the data to file:134217728 bytes
***********WAITING************

Write the data to file:134217728 bytes
***********WAITING************

Write the data to file:134217728 bytes
***********WAITING************
S_cc         1.65   [      1.65:      1.66]
S_bw         0.71   [      0.71:      0.71]
S_w         31.57   [     31.57:     31.57]
          -------
S_total     33.93   [     33.93:     33.94]

build_S done
calc_W
nr_of_strided_rec: 4096
nr_doubles: 512
build_S done
calc_W
nr_of_strided_rec: 4096
nr_doubles: 512
build_S done
calc_W
nr_of_strided_rec: 4096
nr_doubles: 512
build_S done
calc_W
nr_of_strided_rec: 4096
nr_doubles: 512
nr_of_strided_rec: 4096
nr_doubles: 512
nr_of_strided_rec: 4096
nr_doubles: 512
nr_of_strided_rec: 4096
nr_doubles: 512
nr_of_strided_rec: 4096
nr_doubles: 512

Write the data to file:134217728 bytes
***********WAITING************

Write the data to file:134217728 bytes
***********WAITING************

Write the data to file:134217728 bytes
***********WAITING************

Write the data to file:134217728 bytes
***********WAITING************
nr_of_strided_rec: 4096
nr_doubles: 512
nr_of_strided_rec: 4096
nr_doubles: 512
nr_of_strided_rec: 4096
nr_doubles: 512
nr_of_strided_rec: 4096
nr_doubles: 512

Write the data to file:134217728 bytes
***********WAITING************

Write the data to file:134217728 bytes
***********WAITING************

Write the data to file:134217728 bytes
***********WAITING************

Write the data to file:134217728 bytes
***********WAITING************
nr_of_strided_rec: 4096
nr_doubles: 512
nr_of_strided_rec: 4096
nr_doubles: 512
nr_of_strided_rec: 4096
nr_doubles: 512
nr_of_strided_rec: 4096
nr_doubles: 512

Write the data to file:134217728 bytes
***********WAITING************

Write the data to file:134217728 bytes
***********WAITING************

Write the data to file:134217728 bytes
***********WAITING************

Write the data to file:134217728 bytes
***********WAITING************
nr_of_strided_rec: 4096
nr_doubles: 512
nr_of_strided_rec: 4096
nr_doubles: 512
nr_of_strided_rec: 4096
nr_doubles: 512
nr_of_strided_rec: 4096
nr_doubles: 512

Write the data to file:134217728 bytes
***********WAITING************

Write the data to file:134217728 bytes
***********WAITING************

Write the data to file:134217728 bytes
***********WAITING************

Write the data to file:134217728 bytes
***********WAITING************
nr_of_strided_rec: 4096
nr_doubles: 512
nr_of_strided_rec: 4096
nr_doubles: 512
nr_of_strided_rec: 4096
nr_doubles: 512
nr_of_strided_rec: 4096
nr_doubles: 512

Write the data to file:134217728 bytes
***********WAITING************

Write the data to file:134217728 bytes
***********WAITING************

Write the data to file:134217728 bytes
***********WAITING************

Write the data to file:134217728 bytes
***********WAITING************
nr_of_strided_rec: 4096
nr_doubles: 512
nr_of_strided_rec: 4096
nr_doubles: 512
nr_of_strided_rec: 4096
nr_doubles: 512
nr_of_strided_rec: 4096
nr_doubles: 512

Write the data to file:134217728 bytes
***********WAITING************

Write the data to file:134217728 bytes
***********WAITING************

Write the data to file:134217728 bytes
***********WAITING************

Write the data to file:134217728 bytes
***********WAITING************
nr_of_strided_rec: 4096
nr_doubles: 512
nr_of_strided_rec: 4096
nr_doubles: 512
nr_of_strided_rec: 4096
nr_doubles: 512
nr_of_strided_rec: 4096
nr_doubles: 512

Write the data to file:134217728 bytes
***********WAITING************

Write the data to file:134217728 bytes
***********WAITING************

Write the data to file:134217728 bytes
***********WAITING************

Write the data to file:134217728 bytes
***********WAITING************
nr_of_strided_rec: 4096
nr_doubles: 512
nr_of_strided_rec: 4096
nr_doubles: 512
nr_of_strided_rec: 4096
nr_doubles: 512
nr_of_strided_rec: 4096
nr_doubles: 512

Write the data to file:134217728 bytes
***********WAITING************

Write the data to file:134217728 bytes
***********WAITING************

Write the data to file:134217728 bytes
***********WAITING************

Write the data to file:134217728 bytes
***********WAITING************
nr_of_strided_rec: 4096
nr_doubles: 512
nr_of_strided_rec: 4096
nr_doubles: 512
nr_of_strided_rec: 4096
nr_doubles: 512
nr_of_strided_rec: 4096
nr_doubles: 512

Write the data to file:134217728 bytes
***********WAITING************

Write the data to file:134217728 bytes
***********WAITING************

Write the data to file:134217728 bytes
***********WAITING************

Write the data to file:134217728 bytes
***********WAITING************
nr_of_strided_rec: 4096
nr_doubles: 512
nr_of_strided_rec: 4096
nr_doubles: 512
nr_of_strided_rec: 4096
nr_doubles: 512
nr_of_strided_rec: 4096
nr_doubles: 512

Write the data to file:134217728 bytes
***********WAITING************

Write the data to file:134217728 bytes
***********WAITING************

Write the data to file:134217728 bytes
***********WAITING************

Write the data to file:134217728 bytes
***********WAITING************
nr_of_strided_rec: 4096
nr_doubles: 512
nr_of_strided_rec: 4096
nr_doubles: 512
nr_of_strided_rec: 4096
nr_doubles: 512
nr_of_strided_rec: 4096
nr_doubles: 512

Write the data to file:134217728 bytes
***********WAITING************

Write the data to file:134217728 bytes
***********WAITING************

Write the data to file:134217728 bytes
***********WAITING************

Write the data to file:134217728 bytes
***********WAITING************
nr_of_strided_rec: 4096
nr_doubles: 512
nr_of_strided_rec: 4096
nr_doubles: 512
nr_of_strided_rec: 4096
nr_doubles: 512
nr_of_strided_rec: 4096
nr_doubles: 512

Write the data to file:134217728 bytes
***********WAITING************

Write the data to file:134217728 bytes
***********WAITING************

Write the data to file:134217728 bytes
***********WAITING************

Write the data to file:134217728 bytes
***********WAITING************
nr_of_strided_rec: 4096
nr_doubles: 512
nr_of_strided_rec: 4096
nr_doubles: 512
nr_of_strided_rec: 4096
nr_doubles: 512
nr_of_strided_rec: 4096
nr_doubles: 512

Write the data to file:134217728 bytes
***********WAITING************

Write the data to file:134217728 bytes
***********WAITING************

Write the data to file:134217728 bytes
***********WAITING************

Write the data to file:134217728 bytes
***********WAITING************
nr_of_strided_rec: 4096
nr_doubles: 512
nr_of_strided_rec: 4096
nr_doubles: 512
nr_of_strided_rec: 4096
nr_doubles: 512
nr_of_strided_rec: 4096
nr_doubles: 512

Write the data to file:134217728 bytes
***********WAITING************

Write the data to file:134217728 bytes
***********WAITING************

Write the data to file:134217728 bytes
***********WAITING************

Write the data to file:134217728 bytes
***********WAITING************
nr_of_strided_rec: 4096
nr_doubles: 512
nr_of_strided_rec: 4096
nr_doubles: 512
nr_of_strided_rec: 4096
nr_doubles: 512
nr_of_strided_rec: 4096
nr_doubles: 512

Write the data to file:134217728 bytes
***********WAITING************

Write the data to file:134217728 bytes
***********WAITING************

Write the data to file:134217728 bytes
***********WAITING************

Write the data to file:134217728 bytes
***********WAITING************
nr_of_strided_rec: 4096
nr_doubles: 512
nr_of_strided_rec: 4096
nr_doubles: 512
nr_of_strided_rec: 4096
nr_doubles: 512
nr_of_strided_rec: 4096
nr_doubles: 512

Write the data to file:134217728 bytes
***********WAITING************

Write the data to file:134217728 bytes
***********WAITING************

Write the data to file:134217728 bytes
***********WAITING************

Write the data to file:134217728 bytes
***********WAITING************
nr_of_strided_rec: 4096
nr_doubles: 512
nr_of_strided_rec: 4096
nr_doubles: 512
nr_of_strided_rec: 4096
nr_doubles: 512
nr_of_strided_rec: 4096
nr_doubles: 512

Write the data to file:134217728 bytes
***********WAITING************

Write the data to file:134217728 bytes
***********WAITING************

Write the data to file:134217728 bytes
***********WAITING************

Write the data to file:134217728 bytes
***********WAITING************
nr_of_strided_rec: 4096
nr_doubles: 512
nr_of_strided_rec: 4096
nr_doubles: 512
nr_of_strided_rec: 4096
nr_doubles: 512
nr_of_strided_rec: 4096
nr_doubles: 512

Write the data to file:134217728 bytes
***********WAITING************

Write the data to file:134217728 bytes
***********WAITING************

Write the data to file:134217728 bytes
***********WAITING************

Write the data to file:134217728 bytes
***********WAITING************
nr_of_strided_rec: 4096
nr_doubles: 512
nr_of_strided_rec: 4096
nr_doubles: 512
nr_of_strided_rec: 4096
nr_doubles: 512
nr_of_strided_rec: 4096
nr_doubles: 512

Write the data to file:134217728 bytes
***********WAITING************

Write the data to file:134217728 bytes
***********WAITING************

Write the data to file:134217728 bytes
***********WAITING************

Write the data to file:134217728 bytes
***********WAITING************
nr_of_strided_rec: 4096
nr_doubles: 512
nr_of_strided_rec: 4096
nr_doubles: 512
nr_of_strided_rec: 4096
nr_doubles: 512
nr_of_strided_rec: 4096
nr_doubles: 512

Write the data to file:134217728 bytes
***********WAITING************

Write the data to file:134217728 bytes
***********WAITING************

Write the data to file:134217728 bytes
***********WAITING************

Write the data to file:134217728 bytes
***********WAITING************
nr_of_strided_rec: 4096
nr_doubles: 512
nr_of_strided_rec: 4096
nr_doubles: 512
nr_of_strided_rec: 4096
nr_doubles: 512
nr_of_strided_rec: 4096
nr_doubles: 512

Write the data to file:134217728 bytes
***********WAITING************

Write the data to file:134217728 bytes
***********WAITING************

Write the data to file:134217728 bytes
***********WAITING************

Write the data to file:134217728 bytes
***********WAITING************
nr_of_strided_rec: 4096
nr_doubles: 512
nr_of_strided_rec: 4096
nr_doubles: 512
nr_of_strided_rec: 4096
nr_doubles: 512
nr_of_strided_rec: 4096
nr_doubles: 512

Write the data to file:134217728 bytes
***********WAITING************

Write the data to file:134217728 bytes
***********WAITING************

Write the data to file:134217728 bytes
***********WAITING************

Write the data to file:134217728 bytes
***********WAITING************
nr_of_strided_rec: 4096
nr_doubles: 512
nr_of_strided_rec: 4096
nr_doubles: 512
nr_of_strided_rec: 4096
nr_doubles: 512
nr_of_strided_rec: 4096
nr_doubles: 512

Write the data to file:134217728 bytes
***********WAITING************

Write the data to file:134217728 bytes
***********WAITING************

Write the data to file:134217728 bytes
***********WAITING************

Write the data to file:134217728 bytes
***********WAITING************
nr_of_strided_rec: 4096
nr_doubles: 512
nr_of_strided_rec: 4096
nr_doubles: 512
nr_of_strided_rec: 4096
nr_doubles: 512
nr_of_strided_rec: 4096
nr_doubles: 512

Write the data to file:134217728 bytes
***********WAITING************

Write the data to file:134217728 bytes
***********WAITING************

Write the data to file:134217728 bytes
***********WAITING************

Write the data to file:134217728 bytes
***********WAITING************
nr_of_strided_rec: 4096
nr_doubles: 512
nr_of_strided_rec: 4096
nr_doubles: 512
nr_of_strided_rec: 4096
nr_doubles: 512
nr_of_strided_rec: 4096
nr_doubles: 512

Write the data to file:134217728 bytes
***********WAITING************

Write the data to file:134217728 bytes
***********WAITING************

Write the data to file:134217728 bytes
***********WAITING************

Write the data to file:134217728 bytes
***********WAITING************
nr_of_strided_rec: 4096
nr_doubles: 512
nr_of_strided_rec: 4096
nr_doubles: 512
nr_of_strided_rec: 4096
nr_doubles: 512
nr_of_strided_rec: 4096
nr_doubles: 512

Write the data to file:134217728 bytes
***********WAITING************

Write the data to file:134217728 bytes
***********WAITING************

Write the data to file:134217728 bytes
***********WAITING************

Write the data to file:134217728 bytes
***********WAITING************
nr_of_strided_rec: 4096
nr_doubles: 512
nr_of_strided_rec: 4096
nr_doubles: 512
nr_of_strided_rec: 4096
nr_doubles: 512
nr_of_strided_rec: 4096
nr_doubles: 512

Write the data to file:134217728 bytes
***********WAITING************

Write the data to file:134217728 bytes
***********WAITING************

Write the data to file:134217728 bytes
***********WAITING************

Write the data to file:134217728 bytes
***********WAITING************
nr_of_strided_rec: 4096
nr_doubles: 512
nr_of_strided_rec: 4096
nr_doubles: 512
nr_of_strided_rec: 4096
nr_doubles: 512
nr_of_strided_rec: 4096
nr_doubles: 512

Write the data to file:134217728 bytes
***********WAITING************

Write the data to file:134217728 bytes
***********WAITING************

Write the data to file:134217728 bytes
***********WAITING************

Write the data to file:134217728 bytes
***********WAITING************
nr_of_strided_rec: 4096
nr_doubles: 512
nr_of_strided_rec: 4096
nr_doubles: 512
nr_of_strided_rec: 4096
nr_doubles: 512
nr_of_strided_rec: 4096
nr_doubles: 512

Write the data to file:134217728 bytes
***********WAITING************

Write the data to file:134217728 bytes
***********WAITING************

Write the data to file:134217728 bytes
***********WAITING************

Write the data to file:134217728 bytes
***********WAITING************

Write the data to file:134217728 bytes
***********WAITING************

Write the data to file:134217728 bytes
***********WAITING************

Write the data to file:134217728 bytes
***********WAITING************

Write the data to file:134217728 bytes
***********WAITING************
W_cc         3.56   [      3.56:      3.56]
W_r         77.43   [     77.42:     77.43]
W_w         29.53   [     29.53:     29.53]
          -------
W_total    110.52   [    110.51:    110.52]

calc_W done
calc_W done
calc_W done
calc_W done
nr_of_strided_rec: 4096
nr_doubles: 512
nr_of_strided_rec: 4096
nr_doubles: 512
nr_of_strided_rec: 4096
nr_doubles: 512
nr_of_strided_rec: 4096
nr_doubles: 512
nr_of_strided_rec: 4096
nr_doubles: 512
nr_of_strided_rec: 4096
nr_doubles: 512
nr_of_strided_rec: 4096
nr_doubles: 512
nr_of_strided_rec: 4096
nr_doubles: 512
nr_of_strided_rec: 4096
nr_doubles: 512
nr_of_strided_rec: 4096
nr_doubles: 512
nr_of_strided_rec: 4096
nr_doubles: 512
nr_of_strided_rec: 4096
nr_doubles: 512
nr_of_strided_rec: 4096
nr_doubles: 512
nr_of_strided_rec: 4096
nr_doubles: 512
nr_of_strided_rec: 4096
nr_doubles: 512
nr_of_strided_rec: 4096
nr_doubles: 512
nr_of_strided_rec: 4096
nr_doubles: 512
nr_of_strided_rec: 4096
nr_doubles: 512
nr_of_strided_rec: 4096
nr_doubles: 512
nr_of_strided_rec: 4096
nr_doubles: 512
nr_of_strided_rec: 4096
nr_doubles: 512
nr_of_strided_rec: 4096
nr_doubles: 512
nr_of_strided_rec: 4096
nr_doubles: 512
nr_of_strided_rec: 4096
nr_doubles: 512
nr_of_strided_rec: 4096
nr_doubles: 512
nr_of_strided_rec: 4096
nr_doubles: 512
nr_of_strided_rec: 4096
nr_doubles: 512
nr_of_strided_rec: 4096
nr_doubles: 512
nr_of_strided_rec: 4096
nr_doubles: 512
nr_of_strided_rec: 4096
nr_doubles: 512
nr_of_strided_rec: 4096
nr_doubles: 512
nr_of_strided_rec: 4096
nr_doubles: 512
nr_of_strided_rec: 4096
nr_doubles: 512
nr_of_strided_rec: 4096
nr_doubles: 512
nr_of_strided_rec: 4096
nr_doubles: 512
nr_of_strided_rec: 4096
nr_doubles: 512
nr_of_strided_rec: 4096
nr_doubles: 512
nr_of_strided_rec: 4096
nr_doubles: 512
nr_of_strided_rec: 4096
nr_doubles: 512
nr_of_strided_rec: 4096
nr_doubles: 512
nr_of_strided_rec: 4096
nr_doubles: 512
nr_of_strided_rec: 4096
nr_doubles: 512
nr_of_strided_rec: 4096
nr_doubles: 512
nr_of_strided_rec: 4096
nr_doubles: 512
nr_of_strided_rec: 4096
nr_doubles: 512
nr_of_strided_rec: 4096
nr_doubles: 512
nr_of_strided_rec: 4096
nr_doubles: 512
nr_of_strided_rec: 4096
nr_doubles: 512
nr_of_strided_rec: 4096
nr_doubles: 512
nr_of_strided_rec: 4096
nr_doubles: 512
nr_of_strided_rec: 4096
nr_doubles: 512
nr_of_strided_rec: 4096
nr_doubles: 512
nr_of_strided_rec: 4096
nr_doubles: 512
nr_of_strided_rec: 4096
nr_doubles: 512
nr_of_strided_rec: 4096
nr_doubles: 512
nr_of_strided_rec: 4096
nr_doubles: 512
nr_of_strided_rec: 4096
nr_doubles: 512
nr_of_strided_rec: 4096
nr_doubles: 512
nr_of_strided_rec: 4096
nr_doubles: 512
nr_of_strided_rec: 4096
nr_doubles: 512
nr_of_strided_rec: 4096
nr_doubles: 512
nr_of_strided_rec: 4096
nr_doubles: 512
nr_of_strided_rec: 4096
nr_doubles: 512
nr_of_strided_rec: 4096
nr_doubles: 512
nr_of_strided_rec: 4096
nr_doubles: 512
nr_of_strided_rec: 4096
nr_doubles: 512
nr_of_strided_rec: 4096
nr_doubles: 512
nr_of_strided_rec: 4096
nr_doubles: 512
nr_of_strided_rec: 4096
nr_doubles: 512
nr_of_strided_rec: 4096
nr_doubles: 512
nr_of_strided_rec: 4096
nr_doubles: 512
nr_of_strided_rec: 4096
nr_doubles: 512
nr_of_strided_rec: 4096
nr_doubles: 512
nr_of_strided_rec: 4096
nr_doubles: 512
nr_of_strided_rec: 4096
nr_doubles: 512
nr_of_strided_rec: 4096
nr_doubles: 512
nr_of_strided_rec: 4096
nr_doubles: 512
nr_of_strided_rec: 4096
nr_doubles: 512
nr_of_strided_rec: 4096
nr_doubles: 512
nr_of_strided_rec: 4096
nr_doubles: 512
nr_of_strided_rec: 4096
nr_doubles: 512
nr_of_strided_rec: 4096
nr_doubles: 512
nr_of_strided_rec: 4096
nr_doubles: 512
nr_of_strided_rec: 4096
nr_doubles: 512
nr_of_strided_rec: 4096
nr_doubles: 512
nr_of_strided_rec: 4096
nr_doubles: 512
nr_of_strided_rec: 4096
nr_doubles: 512
nr_of_strided_rec: 4096
nr_doubles: 512
nr_of_strided_rec: 4096
nr_doubles: 512
nr_of_strided_rec: 4096
nr_doubles: 512
nr_of_strided_rec: 4096
nr_doubles: 512
nr_of_strided_rec: 4096
nr_doubles: 512
nr_of_strided_rec: 4096
nr_doubles: 512
nr_of_strided_rec: 4096
nr_doubles: 512
nr_of_strided_rec: 4096
nr_doubles: 512
nr_of_strided_rec: 4096
nr_doubles: 512
nr_of_strided_rec: 4096
nr_doubles: 512
nr_of_strided_rec: 4096
nr_doubles: 512
nr_of_strided_rec: 4096
nr_doubles: 512
nr_of_strided_rec: 4096
nr_doubles: 512
nr_of_strided_rec: 4096
nr_doubles: 512
nr_of_strided_rec: 4096
nr_doubles: 512
nr_of_strided_rec: 4096
nr_doubles: 512
nr_of_strided_rec: 4096
nr_doubles: 512
nr_of_strided_rec: 4096
nr_doubles: 512
nr_of_strided_rec: 4096
nr_doubles: 512
nr_of_strided_rec: 4096
nr_doubles: 512
nr_of_strided_rec: 4096
nr_doubles: 512
nr_of_strided_rec: 4096
nr_doubles: 512
nr_of_strided_rec: 4096
nr_doubles: 512
nr_of_strided_rec: 4096
nr_doubles: 512
nr_of_strided_rec: 4096
nr_doubles: 512
nr_of_strided_rec: 4096
nr_doubles: 512
nr_of_strided_rec: 4096
nr_doubles: 512
nr_of_strided_rec: 4096
nr_doubles: 512
nr_of_strided_rec: 4096
nr_doubles: 512
nr_of_strided_rec: 4096
nr_doubles: 512
nr_of_strided_rec: 4096
nr_doubles: 512
nr_of_strided_rec: 4096
nr_doubles: 512
nr_of_strided_rec: 4096
nr_doubles: 512
C_cc         1.53   [      1.53:      1.53]
C_bw         0.68   [      0.68:      0.68]
C_r         68.79   [     68.79:     68.79]
          -------
C_total     71.00   [     71.00:     71.00]


dC[0] = 0.00000e+00
fclose PID:29470 fd:12
fclose PID:29472 fd:8
fclose PID:29471 fd:10
fclose PID:29473 fd:8
READAHEAD_TIME:23475668.000000 us
MaxRSS= 534764 KB, SharedMem= 0 KB, HardPageFault= 15
READAHEAD_TIME:21819324.000000 us
MaxRSS= 535056 KB, SharedMem= 0 KB, HardPageFault= 13
READAHEAD_TIME:21658113.000000 us
MaxRSS= 534876 KB, SharedMem= 0 KB, HardPageFault= 11
READAHEAD_TIME:21726430.000000 us
MaxRSS= 534784 KB, SharedMem= 0 KB, HardPageFault= 13
fclose PID:29469 fd:0
fclose PID:29469 fd:6
fclose PID:29469 fd:6
fclose PID:29469 fd:0
READAHEAD_TIME:0.000000 us
MaxRSS= 5348 KB, SharedMem= 0 KB, HardPageFault= 2
fclose PID:29468 fd:3
fclose PID:29468 fd:4
fclose PID:29468 fd:4
fclose PID:29468 fd:3
READAHEAD_TIME:0.000000 us
MaxRSS= 4948 KB, SharedMem= 0 KB, HardPageFault= 4
	Command being timed: "mpiexec -n 4 ./MADbench2_io 8192 30 1 8 64 1 1 4096 7 1"
	User time (seconds): 179.02
	System time (seconds): 95.09
	Percent of CPU this job got: 127%
	Elapsed (wall clock) time (h:mm:ss or m:ss): 3:35.81
	Average shared text size (kbytes): 0
	Average unshared data size (kbytes): 0
	Average stack size (kbytes): 0
	Average total size (kbytes): 0
	Maximum resident set size (kbytes): 535056
	Average resident set size (kbytes): 0
	Major (requiring I/O) page faults: 59
	Minor (reclaiming a frame) page faults: 4413495
	Voluntary context switches: 1053648
	Involuntary context switches: 3500
	Swaps: 0
	File system inputs: 62134528
	File system outputs: 62914712
	Socket messages sent: 0
	Socket messages received: 0
	Signals delivered: 0
	Page size (bytes): 4096
	Exit status: 0
READAHEAD_TIME:0.000000 us
MaxRSS= 2196 KB, SharedMem= 0 KB, HardPageFault= 0
*******************DMESG OUTPUT******************
