fclose PID:32345 fd:3
fclose PID:32345 fd:4
fclose PID:32345 fd:4
fclose PID:32345 fd:3
available: 2 nodes (0-1)
fclose PID:32345 fd:3
node 0 cpus:fclose PID:32345 fd:3
 0 1 2 3 4 5 6 7 8 9 20 21 22 23 24 25 26 27 28 29
node 0 size: 80440 MB
node 0 free: 80124 MB
fclose PID:32345 fd:3
node 1 cpus:fclose PID:32345 fd:3
 10 11 12 13 14 15 16 17 18 19 30 31 32 33 34 35 36 37 38 39
node 1 size: 80635 MB
node 1 free: 80378 MB
fclose PID:32345 fd:3
fclose PID:32345 fd:3
node distances:
node   0   1 
  0:  10  21 
  1:  21  10 
READAHEAD_TIME:0.000000 us
MaxRSS= 2204 KB, SharedMem= 0 KB, HardPageFault= 10
fclose PID:32353 fd:8
fclose PID:32350 fd:12
fclose PID:32351 fd:10
fclose PID:32352 fd:8

MADbench 2.0 IO-mode
no_pe = 4  no_pix = 16384  no_bin = 30  no_gang = 1 sblocksize = 8  fblocksize = 64  r_mod = 1  w_mod = 1 record_size=131072 stride=7


IOMETHOD = POSIX  IOMODE = SYNC  FILETYPE = UNIQUE  REMAP = CUSTOMbuild_S
build_S
build_S
build_S

Write the data to file:536870912 bytes
***********WAITING************

Write the data to file:536870912 bytes
***********WAITING************

Write the data to file:536870912 bytes
***********WAITING************

Write the data to file:536870912 bytes
***********WAITING************

Write the data to file:536870912 bytes
***********WAITING************

Write the data to file:536870912 bytes
***********WAITING************

Write the data to file:536870912 bytes
***********WAITING************

Write the data to file:536870912 bytes
***********WAITING************

Write the data to file:536870912 bytes
***********WAITING************

Write the data to file:536870912 bytes
***********WAITING************

Write the data to file:536870912 bytes
***********WAITING************

Write the data to file:536870912 bytes
***********WAITING************

Write the data to file:536870912 bytes
***********WAITING************

Write the data to file:536870912 bytes
***********WAITING************

Write the data to file:536870912 bytes
***********WAITING************

Write the data to file:536870912 bytes
***********WAITING************

Write the data to file:536870912 bytes
***********WAITING************

Write the data to file:536870912 bytes
***********WAITING************

Write the data to file:536870912 bytes
***********WAITING************

Write the data to file:536870912 bytes
***********WAITING************

Write the data to file:536870912 bytes
***********WAITING************

Write the data to file:536870912 bytes
***********WAITING************

Write the data to file:536870912 bytes
***********WAITING************

Write the data to file:536870912 bytes
***********WAITING************

Write the data to file:536870912 bytes
***********WAITING************

Write the data to file:536870912 bytes
***********WAITING************

Write the data to file:536870912 bytes
***********WAITING************

Write the data to file:536870912 bytes
***********WAITING************

Write the data to file:536870912 bytes
***********WAITING************

Write the data to file:536870912 bytes
***********WAITING************

Write the data to file:536870912 bytes
***********WAITING************

Write the data to file:536870912 bytes
***********WAITING************

Write the data to file:536870912 bytes
***********WAITING************

Write the data to file:536870912 bytes
***********WAITING************

Write the data to file:536870912 bytes
***********WAITING************

Write the data to file:536870912 bytes
***********WAITING************

Write the data to file:536870912 bytes
***********WAITING************

Write the data to file:536870912 bytes
***********WAITING************

Write the data to file:536870912 bytes
***********WAITING************

Write the data to file:536870912 bytes
***********WAITING************

Write the data to file:536870912 bytes
***********WAITING************

Write the data to file:536870912 bytes
***********WAITING************

Write the data to file:536870912 bytes
***********WAITING************

Write the data to file:536870912 bytes
***********WAITING************

Write the data to file:536870912 bytes
***********WAITING************

Write the data to file:536870912 bytes
***********WAITING************

Write the data to file:536870912 bytes
***********WAITING************

Write the data to file:536870912 bytes
***********WAITING************

Write the data to file:536870912 bytes
***********WAITING************

Write the data to file:536870912 bytes
***********WAITING************

Write the data to file:536870912 bytes
***********WAITING************

Write the data to file:536870912 bytes
***********WAITING************

Write the data to file:536870912 bytes
***********WAITING************

Write the data to file:536870912 bytes
***********WAITING************

Write the data to file:536870912 bytes
***********WAITING************

Write the data to file:536870912 bytes
***********WAITING************

Write the data to file:536870912 bytes
***********WAITING************

Write the data to file:536870912 bytes
***********WAITING************

Write the data to file:536870912 bytes
***********WAITING************

Write the data to file:536870912 bytes
***********WAITING************

Write the data to file:536870912 bytes
***********WAITING************

Write the data to file:536870912 bytes
***********WAITING************

Write the data to file:536870912 bytes
***********WAITING************

Write the data to file:536870912 bytes
***********WAITING************

Write the data to file:536870912 bytes
***********WAITING************

Write the data to file:536870912 bytes
***********WAITING************

Write the data to file:536870912 bytes
***********WAITING************

Write the data to file:536870912 bytes
***********WAITING************

Write the data to file:536870912 bytes
***********WAITING************

Write the data to file:536870912 bytes
***********WAITING************

Write the data to file:536870912 bytes
***********WAITING************

Write the data to file:536870912 bytes
***********WAITING************

Write the data to file:536870912 bytes
***********WAITING************

Write the data to file:536870912 bytes
***********WAITING************

Write the data to file:536870912 bytes
***********WAITING************

Write the data to file:536870912 bytes
***********WAITING************

Write the data to file:536870912 bytes
***********WAITING************

Write the data to file:536870912 bytes
***********WAITING************

Write the data to file:536870912 bytes
***********WAITING************

Write the data to file:536870912 bytes
***********WAITING************

Write the data to file:536870912 bytes
***********WAITING************

Write the data to file:536870912 bytes
***********WAITING************

Write the data to file:536870912 bytes
***********WAITING************

Write the data to file:536870912 bytes
***********WAITING************

Write the data to file:536870912 bytes
***********WAITING************

Write the data to file:536870912 bytes
***********WAITING************

Write the data to file:536870912 bytes
***********WAITING************

Write the data to file:536870912 bytes
***********WAITING************

Write the data to file:536870912 bytes
***********WAITING************

Write the data to file:536870912 bytes
***********WAITING************

Write the data to file:536870912 bytes
***********WAITING************

Write the data to file:536870912 bytes
***********WAITING************

Write the data to file:536870912 bytes
***********WAITING************

Write the data to file:536870912 bytes
***********WAITING************

Write the data to file:536870912 bytes
***********WAITING************

Write the data to file:536870912 bytes
***********WAITING************

Write the data to file:536870912 bytes
***********WAITING************

Write the data to file:536870912 bytes
***********WAITING************

Write the data to file:536870912 bytes
***********WAITING************

Write the data to file:536870912 bytes
***********WAITING************

Write the data to file:536870912 bytes
***********WAITING************

Write the data to file:536870912 bytes
***********WAITING************

Write the data to file:536870912 bytes
***********WAITING************

Write the data to file:536870912 bytes
***********WAITING************

Write the data to file:536870912 bytes
***********WAITING************

Write the data to file:536870912 bytes
***********WAITING************

Write the data to file:536870912 bytes
***********WAITING************

Write the data to file:536870912 bytes
***********WAITING************

Write the data to file:536870912 bytes
***********WAITING************

Write the data to file:536870912 bytes
***********WAITING************

Write the data to file:536870912 bytes
***********WAITING************

Write the data to file:536870912 bytes
***********WAITING************

Write the data to file:536870912 bytes
***********WAITING************

Write the data to file:536870912 bytes
***********WAITING************

Write the data to file:536870912 bytes
***********WAITING************

Write the data to file:536870912 bytes
***********WAITING************

Write the data to file:536870912 bytes
***********WAITING************

Write the data to file:536870912 bytes
***********WAITING************

Write the data to file:536870912 bytes
***********WAITING************

Write the data to file:536870912 bytes
***********WAITING************
S_cc         4.20   [      4.20:      4.20]
S_bw         2.60   [      2.60:      2.60]
S_w        103.79   [    103.79:    103.79]
          -------
S_total    110.59   [    110.59:    110.60]

build_S done
calc_W
build_S done
calc_W
nr_of_strided_rec: 512
nr_doubles: 16384
build_S done
calc_W
nr_of_strided_rec: 512
nr_doubles: 16384
build_S done
calc_W
nr_of_strided_rec: 512
nr_doubles: 16384
nr_of_strided_rec: 512
nr_doubles: 16384
nr_of_strided_rec: 512
nr_doubles: 16384
nr_of_strided_rec: 512
nr_doubles: 16384
nr_of_strided_rec: 512
nr_doubles: 16384
nr_of_strided_rec: 512
nr_doubles: 16384

Write the data to file:536870912 bytes
***********WAITING************

Write the data to file:536870912 bytes
***********WAITING************

Write the data to file:536870912 bytes
***********WAITING************

Write the data to file:536870912 bytes
***********WAITING************
nr_of_strided_rec: 512
nr_doubles: 16384
nr_of_strided_rec: 512
nr_doubles: 16384
nr_of_strided_rec: 512
nr_doubles: 16384
nr_of_strided_rec: 512
nr_doubles: 16384

Write the data to file:536870912 bytes
***********WAITING************

Write the data to file:536870912 bytes
***********WAITING************

Write the data to file:536870912 bytes
***********WAITING************

Write the data to file:536870912 bytes
***********WAITING************
nr_of_strided_rec: 512
nr_doubles: 16384
nr_of_strided_rec: 512
nr_doubles: 16384
nr_of_strided_rec: 512
nr_doubles: 16384
nr_of_strided_rec: 512
nr_doubles: 16384

Write the data to file:536870912 bytes
***********WAITING************

Write the data to file:536870912 bytes
***********WAITING************

Write the data to file:536870912 bytes
***********WAITING************

Write the data to file:536870912 bytes
***********WAITING************
nr_of_strided_rec: 512
nr_doubles: 16384
nr_of_strided_rec: 512
nr_doubles: 16384
nr_of_strided_rec: 512
nr_doubles: 16384
nr_of_strided_rec: 512
nr_doubles: 16384

Write the data to file:536870912 bytes
***********WAITING************

Write the data to file:536870912 bytes
***********WAITING************

Write the data to file:536870912 bytes
***********WAITING************

Write the data to file:536870912 bytes
***********WAITING************
nr_of_strided_rec: 512
nr_doubles: 16384
nr_of_strided_rec: 512
nr_doubles: 16384
nr_of_strided_rec: 512
nr_doubles: 16384
nr_of_strided_rec: 512
nr_doubles: 16384

Write the data to file:536870912 bytes
***********WAITING************

Write the data to file:536870912 bytes
***********WAITING************

Write the data to file:536870912 bytes
***********WAITING************

Write the data to file:536870912 bytes
***********WAITING************
nr_of_strided_rec: 512
nr_doubles: 16384
nr_of_strided_rec: 512
nr_doubles: 16384
nr_of_strided_rec: 512
nr_doubles: 16384
nr_of_strided_rec: 512
nr_doubles: 16384

Write the data to file:536870912 bytes
***********WAITING************

Write the data to file:536870912 bytes
***********WAITING************

Write the data to file:536870912 bytes
***********WAITING************

Write the data to file:536870912 bytes
***********WAITING************
nr_of_strided_rec: 512
nr_doubles: 16384
nr_of_strided_rec: 512
nr_doubles: 16384
nr_of_strided_rec: 512
nr_doubles: 16384
nr_of_strided_rec: 512
nr_doubles: 16384

Write the data to file:536870912 bytes
***********WAITING************

Write the data to file:536870912 bytes
***********WAITING************

Write the data to file:536870912 bytes
***********WAITING************

Write the data to file:536870912 bytes
***********WAITING************
nr_of_strided_rec: 512
nr_doubles: 16384
nr_of_strided_rec: 512
nr_doubles: 16384
nr_of_strided_rec: 512
nr_doubles: 16384
nr_of_strided_rec: 512
nr_doubles: 16384

Write the data to file:536870912 bytes
***********WAITING************

Write the data to file:536870912 bytes
***********WAITING************

Write the data to file:536870912 bytes
***********WAITING************

Write the data to file:536870912 bytes
***********WAITING************
nr_of_strided_rec: 512
nr_doubles: 16384
nr_of_strided_rec: 512
nr_doubles: 16384
nr_of_strided_rec: 512
nr_doubles: 16384
nr_of_strided_rec: 512
nr_doubles: 16384

Write the data to file:536870912 bytes
***********WAITING************

Write the data to file:536870912 bytes
***********WAITING************

Write the data to file:536870912 bytes
***********WAITING************

Write the data to file:536870912 bytes
***********WAITING************
nr_of_strided_rec: 512
nr_doubles: 16384
nr_of_strided_rec: 512
nr_doubles: 16384
nr_of_strided_rec: 512
nr_doubles: 16384
nr_of_strided_rec: 512
nr_doubles: 16384

Write the data to file:536870912 bytes
***********WAITING************

Write the data to file:536870912 bytes
***********WAITING************

Write the data to file:536870912 bytes
***********WAITING************

Write the data to file:536870912 bytes
***********WAITING************
nr_of_strided_rec: 512
nr_doubles: 16384
nr_of_strided_rec: 512
nr_doubles: 16384
nr_of_strided_rec: 512
nr_doubles: 16384
nr_of_strided_rec: 512
nr_doubles: 16384

Write the data to file:536870912 bytes
***********WAITING************

Write the data to file:536870912 bytes
***********WAITING************

Write the data to file:536870912 bytes
***********WAITING************

Write the data to file:536870912 bytes
***********WAITING************
nr_of_strided_rec: 512
nr_doubles: 16384
nr_of_strided_rec: 512
nr_doubles: 16384
nr_of_strided_rec: 512
nr_doubles: 16384
nr_of_strided_rec: 512
nr_doubles: 16384

Write the data to file:536870912 bytes
***********WAITING************

Write the data to file:536870912 bytes
***********WAITING************

Write the data to file:536870912 bytes
***********WAITING************

Write the data to file:536870912 bytes
***********WAITING************
nr_of_strided_rec: 512
nr_doubles: 16384
nr_of_strided_rec: 512
nr_doubles: 16384
nr_of_strided_rec: 512
nr_doubles: 16384
nr_of_strided_rec: 512
nr_doubles: 16384

Write the data to file:536870912 bytes
***********WAITING************

Write the data to file:536870912 bytes
***********WAITING************

Write the data to file:536870912 bytes
***********WAITING************

Write the data to file:536870912 bytes
***********WAITING************
nr_of_strided_rec: 512
nr_doubles: 16384
nr_of_strided_rec: 512
nr_doubles: 16384
nr_of_strided_rec: 512
nr_doubles: 16384
nr_of_strided_rec: 512
nr_doubles: 16384

Write the data to file:536870912 bytes
***********WAITING************

Write the data to file:536870912 bytes
***********WAITING************

Write the data to file:536870912 bytes
***********WAITING************

Write the data to file:536870912 bytes
***********WAITING************
nr_of_strided_rec: 512
nr_doubles: 16384
nr_of_strided_rec: 512
nr_doubles: 16384
nr_of_strided_rec: 512
nr_doubles: 16384
nr_of_strided_rec: 512
nr_doubles: 16384

Write the data to file:536870912 bytes
***********WAITING************

Write the data to file:536870912 bytes
***********WAITING************

Write the data to file:536870912 bytes
***********WAITING************

Write the data to file:536870912 bytes
***********WAITING************
nr_of_strided_rec: 512
nr_doubles: 16384
nr_of_strided_rec: 512
nr_doubles: 16384
nr_of_strided_rec: 512
nr_doubles: 16384
nr_of_strided_rec: 512
nr_doubles: 16384

Write the data to file:536870912 bytes
***********WAITING************

Write the data to file:536870912 bytes
***********WAITING************

Write the data to file:536870912 bytes
***********WAITING************

Write the data to file:536870912 bytes
***********WAITING************
nr_of_strided_rec: 512
nr_doubles: 16384
nr_of_strided_rec: 512
nr_doubles: 16384
nr_of_strided_rec: 512
nr_doubles: 16384
nr_of_strided_rec: 512
nr_doubles: 16384

Write the data to file:536870912 bytes
***********WAITING************

Write the data to file:536870912 bytes
***********WAITING************

Write the data to file:536870912 bytes
***********WAITING************

Write the data to file:536870912 bytes
***********WAITING************
nr_of_strided_rec: 512
nr_doubles: 16384
nr_of_strided_rec: 512
nr_doubles: 16384
nr_of_strided_rec: 512
nr_doubles: 16384
nr_of_strided_rec: 512
nr_doubles: 16384

Write the data to file:536870912 bytes
***********WAITING************

Write the data to file:536870912 bytes
***********WAITING************

Write the data to file:536870912 bytes
***********WAITING************

Write the data to file:536870912 bytes
***********WAITING************
nr_of_strided_rec: 512
nr_doubles: 16384
nr_of_strided_rec: 512
nr_doubles: 16384
nr_of_strided_rec: 512
nr_doubles: 16384
nr_of_strided_rec: 512
nr_doubles: 16384

Write the data to file:536870912 bytes
***********WAITING************

Write the data to file:536870912 bytes
***********WAITING************

Write the data to file:536870912 bytes
***********WAITING************

Write the data to file:536870912 bytes
***********WAITING************
nr_of_strided_rec: 512
nr_doubles: 16384
nr_of_strided_rec: 512
nr_doubles: 16384
nr_of_strided_rec: 512
nr_doubles: 16384
nr_of_strided_rec: 512
nr_doubles: 16384

Write the data to file:536870912 bytes
***********WAITING************

Write the data to file:536870912 bytes
***********WAITING************

Write the data to file:536870912 bytes
***********WAITING************

Write the data to file:536870912 bytes
***********WAITING************
nr_of_strided_rec: 512
nr_doubles: 16384
nr_of_strided_rec: 512
nr_doubles: 16384
nr_of_strided_rec: 512
nr_doubles: 16384
nr_of_strided_rec: 512
nr_doubles: 16384

Write the data to file:536870912 bytes
***********WAITING************

Write the data to file:536870912 bytes
***********WAITING************

Write the data to file:536870912 bytes
***********WAITING************

Write the data to file:536870912 bytes
***********WAITING************
nr_of_strided_rec: 512
nr_doubles: 16384
nr_of_strided_rec: 512
nr_doubles: 16384
nr_of_strided_rec: 512
nr_doubles: 16384
nr_of_strided_rec: 512
nr_doubles: 16384

Write the data to file:536870912 bytes
***********WAITING************

Write the data to file:536870912 bytes
***********WAITING************

Write the data to file:536870912 bytes
***********WAITING************

Write the data to file:536870912 bytes
***********WAITING************
nr_of_strided_rec: 512
nr_doubles: 16384
nr_of_strided_rec: 512
nr_doubles: 16384
nr_of_strided_rec: 512
nr_doubles: 16384
nr_of_strided_rec: 512
nr_doubles: 16384

Write the data to file:536870912 bytes
***********WAITING************

Write the data to file:536870912 bytes
***********WAITING************

Write the data to file:536870912 bytes
***********WAITING************

Write the data to file:536870912 bytes
***********WAITING************
nr_of_strided_rec: 512
nr_doubles: 16384
nr_of_strided_rec: 512
nr_doubles: 16384
nr_of_strided_rec: 512
nr_doubles: 16384
nr_of_strided_rec: 512
nr_doubles: 16384

Write the data to file:536870912 bytes
***********WAITING************

Write the data to file:536870912 bytes
***********WAITING************

Write the data to file:536870912 bytes
***********WAITING************

Write the data to file:536870912 bytes
***********WAITING************
nr_of_strided_rec: 512
nr_doubles: 16384
nr_of_strided_rec: 512
nr_doubles: 16384
nr_of_strided_rec: 512
nr_doubles: 16384
nr_of_strided_rec: 512
nr_doubles: 16384

Write the data to file:536870912 bytes
***********WAITING************

Write the data to file:536870912 bytes
***********WAITING************

Write the data to file:536870912 bytes
***********WAITING************

Write the data to file:536870912 bytes
***********WAITING************
nr_of_strided_rec: 512
nr_doubles: 16384
nr_of_strided_rec: 512
nr_doubles: 16384
nr_of_strided_rec: 512
nr_doubles: 16384
nr_of_strided_rec: 512
nr_doubles: 16384

Write the data to file:536870912 bytes
***********WAITING************

Write the data to file:536870912 bytes
***********WAITING************

Write the data to file:536870912 bytes
***********WAITING************

Write the data to file:536870912 bytes
***********WAITING************
nr_of_strided_rec: 512
nr_doubles: 16384
nr_of_strided_rec: 512
nr_doubles: 16384
nr_of_strided_rec: 512
nr_doubles: 16384
nr_of_strided_rec: 512
nr_doubles: 16384

Write the data to file:536870912 bytes
***********WAITING************

Write the data to file:536870912 bytes
***********WAITING************

Write the data to file:536870912 bytes
***********WAITING************

Write the data to file:536870912 bytes
***********WAITING************
nr_of_strided_rec: 512
nr_doubles: 16384
nr_of_strided_rec: 512
nr_doubles: 16384
nr_of_strided_rec: 512
nr_doubles: 16384
nr_of_strided_rec: 512
nr_doubles: 16384

Write the data to file:536870912 bytes
***********WAITING************

Write the data to file:536870912 bytes
***********WAITING************

Write the data to file:536870912 bytes
***********WAITING************

Write the data to file:536870912 bytes
***********WAITING************
nr_of_strided_rec: 512
nr_doubles: 16384
nr_of_strided_rec: 512
nr_doubles: 16384
nr_of_strided_rec: 512
nr_doubles: 16384
nr_of_strided_rec: 512
nr_doubles: 16384

Write the data to file:536870912 bytes
***********WAITING************

Write the data to file:536870912 bytes
***********WAITING************

Write the data to file:536870912 bytes
***********WAITING************

Write the data to file:536870912 bytes
***********WAITING************

Write the data to file:536870912 bytes
***********WAITING************

Write the data to file:536870912 bytes
***********WAITING************

Write the data to file:536870912 bytes
***********WAITING************

Write the data to file:536870912 bytes
***********WAITING************
W_cc         9.20   [      9.19:      9.21]
W_r        248.39   [    248.39:    248.39]
W_w         89.63   [     89.63:     89.63]
          -------
W_total    347.22   [    347.21:    347.24]

calc_W done
calc_W done
calc_W done
calc_W done
nr_of_strided_rec: 512
nr_doubles: 16384
nr_of_strided_rec: 512
nr_doubles: 16384
nr_of_strided_rec: 512
nr_doubles: 16384
nr_of_strided_rec: 512
nr_doubles: 16384
nr_of_strided_rec: 512
nr_doubles: 16384
nr_of_strided_rec: 512
nr_doubles: 16384
nr_of_strided_rec: 512
nr_doubles: 16384
nr_of_strided_rec: 512
nr_doubles: 16384
nr_of_strided_rec: 512
nr_doubles: 16384
nr_of_strided_rec: 512
nr_doubles: 16384
nr_of_strided_rec: 512
nr_doubles: 16384
nr_of_strided_rec: 512
nr_doubles: 16384
nr_of_strided_rec: 512
nr_doubles: 16384
nr_of_strided_rec: 512
nr_doubles: 16384
nr_of_strided_rec: 512
nr_doubles: 16384
nr_of_strided_rec: 512
nr_doubles: 16384
nr_of_strided_rec: 512
nr_doubles: 16384
nr_of_strided_rec: 512
nr_doubles: 16384
nr_of_strided_rec: 512
nr_doubles: 16384
nr_of_strided_rec: 512
nr_doubles: 16384
nr_of_strided_rec: 512
nr_doubles: 16384
nr_of_strided_rec: 512
nr_doubles: 16384
nr_of_strided_rec: 512
nr_doubles: 16384
nr_of_strided_rec: 512
nr_doubles: 16384
nr_of_strided_rec: 512
nr_doubles: 16384
nr_of_strided_rec: 512
nr_doubles: 16384
nr_of_strided_rec: 512
nr_doubles: 16384
nr_of_strided_rec: 512
nr_doubles: 16384
nr_of_strided_rec: 512
nr_doubles: 16384
nr_of_strided_rec: 512
nr_doubles: 16384
nr_of_strided_rec: 512
nr_doubles: 16384
nr_of_strided_rec: 512
nr_doubles: 16384
nr_of_strided_rec: 512
nr_doubles: 16384
nr_of_strided_rec: 512
nr_doubles: 16384
nr_of_strided_rec: 512
nr_doubles: 16384
nr_of_strided_rec: 512
nr_doubles: 16384
nr_of_strided_rec: 512
nr_doubles: 16384
nr_of_strided_rec: 512
nr_doubles: 16384
nr_of_strided_rec: 512
nr_doubles: 16384
nr_of_strided_rec: 512
nr_doubles: 16384
nr_of_strided_rec: 512
nr_doubles: 16384
nr_of_strided_rec: 512
nr_doubles: 16384
nr_of_strided_rec: 512
nr_doubles: 16384
nr_of_strided_rec: 512
nr_doubles: 16384
nr_of_strided_rec: 512
nr_doubles: 16384
nr_of_strided_rec: 512
nr_doubles: 16384
nr_of_strided_rec: 512
nr_doubles: 16384
nr_of_strided_rec: 512
nr_doubles: 16384
nr_of_strided_rec: 512
nr_doubles: 16384
nr_of_strided_rec: 512
nr_doubles: 16384
nr_of_strided_rec: 512
nr_doubles: 16384
nr_of_strided_rec: 512
nr_doubles: 16384
nr_of_strided_rec: 512
nr_doubles: 16384
nr_of_strided_rec: 512
nr_doubles: 16384
nr_of_strided_rec: 512
nr_doubles: 16384
nr_of_strided_rec: 512
nr_doubles: 16384
nr_of_strided_rec: 512
nr_doubles: 16384
nr_of_strided_rec: 512
nr_doubles: 16384
nr_of_strided_rec: 512
nr_doubles: 16384
nr_of_strided_rec: 512
nr_doubles: 16384
nr_of_strided_rec: 512
nr_doubles: 16384
nr_of_strided_rec: 512
nr_doubles: 16384
nr_of_strided_rec: 512
nr_doubles: 16384
nr_of_strided_rec: 512
nr_doubles: 16384
nr_of_strided_rec: 512
nr_doubles: 16384
nr_of_strided_rec: 512
nr_doubles: 16384
nr_of_strided_rec: 512
nr_doubles: 16384
nr_of_strided_rec: 512
nr_doubles: 16384
nr_of_strided_rec: 512
nr_doubles: 16384
nr_of_strided_rec: 512
nr_doubles: 16384
nr_of_strided_rec: 512
nr_doubles: 16384
nr_of_strided_rec: 512
nr_doubles: 16384
nr_of_strided_rec: 512
nr_doubles: 16384
nr_of_strided_rec: 512
nr_doubles: 16384
nr_of_strided_rec: 512
nr_doubles: 16384
nr_of_strided_rec: 512
nr_doubles: 16384
nr_of_strided_rec: 512
nr_doubles: 16384
nr_of_strided_rec: 512
nr_doubles: 16384
nr_of_strided_rec: 512
nr_doubles: 16384
nr_of_strided_rec: 512
nr_doubles: 16384
nr_of_strided_rec: 512
nr_doubles: 16384
nr_of_strided_rec: 512
nr_doubles: 16384
nr_of_strided_rec: 512
nr_doubles: 16384
nr_of_strided_rec: 512
nr_doubles: 16384
nr_of_strided_rec: 512
nr_doubles: 16384
nr_of_strided_rec: 512
nr_doubles: 16384
nr_of_strided_rec: 512
nr_doubles: 16384
nr_of_strided_rec: 512
nr_doubles: 16384
nr_of_strided_rec: 512
nr_doubles: 16384
nr_of_strided_rec: 512
nr_doubles: 16384
nr_of_strided_rec: 512
nr_doubles: 16384
nr_of_strided_rec: 512
nr_doubles: 16384
nr_of_strided_rec: 512
nr_doubles: 16384
nr_of_strided_rec: 512
nr_doubles: 16384
nr_of_strided_rec: 512
nr_doubles: 16384
nr_of_strided_rec: 512
nr_doubles: 16384
nr_of_strided_rec: 512
nr_doubles: 16384
nr_of_strided_rec: 512
nr_doubles: 16384
nr_of_strided_rec: 512
nr_doubles: 16384
nr_of_strided_rec: 512
nr_doubles: 16384
nr_of_strided_rec: 512
nr_doubles: 16384
nr_of_strided_rec: 512
nr_doubles: 16384
nr_of_strided_rec: 512
nr_doubles: 16384
nr_of_strided_rec: 512
nr_doubles: 16384
nr_of_strided_rec: 512
nr_doubles: 16384
nr_of_strided_rec: 512
nr_doubles: 16384
nr_of_strided_rec: 512
nr_doubles: 16384
nr_of_strided_rec: 512
nr_doubles: 16384
nr_of_strided_rec: 512
nr_doubles: 16384
nr_of_strided_rec: 512
nr_doubles: 16384
nr_of_strided_rec: 512
nr_doubles: 16384
nr_of_strided_rec: 512
nr_doubles: 16384
nr_of_strided_rec: 512
nr_doubles: 16384
nr_of_strided_rec: 512
nr_doubles: 16384
nr_of_strided_rec: 512
nr_doubles: 16384
nr_of_strided_rec: 512
nr_doubles: 16384
nr_of_strided_rec: 512
nr_doubles: 16384
nr_of_strided_rec: 512
nr_doubles: 16384
nr_of_strided_rec: 512
nr_doubles: 16384
nr_of_strided_rec: 512
nr_doubles: 16384
C_cc         4.47   [      4.46:      4.47]
C_bw         3.03   [      3.02:      3.03]
C_r        142.30   [    142.30:    142.30]
          -------
C_total    149.80   [    149.79:    149.80]


dC[0] = 0.00000e+00
fclose PID:32350 fd:12
fclose PID:32352 fd:8
fclose PID:32353 fd:8
fclose PID:32351 fd:10
READAHEAD_TIME:158351769.000000 us
MaxRSS= 2107992 KB, SharedMem= 0 KB, HardPageFault= 8
READAHEAD_TIME:159387821.000000 us
MaxRSS= 2107788 KB, SharedMem= 0 KB, HardPageFault= 13
READAHEAD_TIME:159885214.000000 us
MaxRSS= 2107688 KB, SharedMem= 0 KB, HardPageFault= 10
READAHEAD_TIME:160345530.000000 us
MaxRSS= 2108112 KB, SharedMem= 0 KB, HardPageFault= 5
fclose PID:32349 fd:0
fclose PID:32349 fd:6
fclose PID:32349 fd:6
fclose PID:32349 fd:0
READAHEAD_TIME:0.000000 us
MaxRSS= 5392 KB, SharedMem= 0 KB, HardPageFault= 2
fclose PID:32348 fd:3
fclose PID:32348 fd:4
fclose PID:32348 fd:4
fclose PID:32348 fd:3
READAHEAD_TIME:0.000000 us
MaxRSS= 4864 KB, SharedMem= 0 KB, HardPageFault= 4
	Command being timed: "mpiexec -n 4 ./MADbench2_io 16384 30 1 8 64 1 1 131072 7 1"
	User time (seconds): 325.28
	System time (seconds): 237.32
	Percent of CPU this job got: 92%
	Elapsed (wall clock) time (h:mm:ss or m:ss): 10:08.31
	Average shared text size (kbytes): 0
	Average unshared data size (kbytes): 0
	Average stack size (kbytes): 0
	Average total size (kbytes): 0
	Maximum resident set size (kbytes): 2108112
	Average resident set size (kbytes): 0
	Major (requiring I/O) page faults: 43
	Minor (reclaiming a frame) page faults: 13062189
	Voluntary context switches: 219444
	Involuntary context switches: 3649
	Swaps: 0
	File system inputs: 251586016
	File system outputs: 251658504
	Socket messages sent: 0
	Socket messages received: 0
	Signals delivered: 0
	Page size (bytes): 4096
	Exit status: 0
READAHEAD_TIME:0.000000 us
MaxRSS= 2192 KB, SharedMem= 0 KB, HardPageFault= 0
*******************DMESG OUTPUT******************
