fclose PID:37784 fd:3
fclose PID:37784 fd:4
fclose PID:37784 fd:4
fclose PID:37784 fd:3
available: 2 nodes (0-1)
fclose PID:37784 fd:3
node 0 cpus:fclose PID:37784 fd:3
 0 1 2 3 4 5 6 7 8 9 20 21 22 23 24 25 26 27 28 29
node 0 size: 80440 MB
node 0 free: 80119 MB
fclose PID:37784 fd:3
node 1 cpus:fclose PID:37784 fd:3
 10 11 12 13 14 15 16 17 18 19 30 31 32 33 34 35 36 37 38 39
node 1 size: 80635 MB
node 1 free: 80365 MB
fclose PID:37784 fd:3
fclose PID:37784 fd:3
node distances:
node   0   1 
  0:  10  21 
  1:  21  10 
READAHEAD_TIME:0.000000 us
MaxRSS= 2232 KB, SharedMem= 0 KB, HardPageFault= 10
fclose PID:37797 fd:8
fclose PID:37804 fd:8
fclose PID:37798 fd:8
fclose PID:37792 fd:8
fclose PID:37794 fd:8
fclose PID:37795 fd:8
fclose PID:37801 fd:8
fclose PID:37793 fd:8
fclose PID:37796 fd:8
fclose PID:37799 fd:8
fclose PID:37802 fd:8
fclose PID:37791 fd:8
fclose PID:37803 fd:8
fclose PID:37790 fd:10
fclose PID:37789 fd:12
fclose PID:37800 fd:8

MADbench 2.0 IO-mode
no_pe = 16  no_pix = 8192  no_bin = 30  no_gang = 1 sblocksize = 8  fblocksize = 64  r_mod = 1  w_mod = 1 record_size=131072 stride=7


IOMETHOD = POSIX  IOMODE = SYNC  FILETYPE = UNIQUE  REMAP = CUSTOMbuild_S
build_S
build_S
build_S
build_S
build_S
build_S
build_S
build_S
build_S
build_S
build_S
build_S
build_S
build_S
build_S

Write the data to file:33554432 bytes
***********WAITING************

Write the data to file:33554432 bytes
***********WAITING************

Write the data to file:33554432 bytes
***********WAITING************

Write the data to file:33554432 bytes
***********WAITING************

Write the data to file:33554432 bytes
***********WAITING************

Write the data to file:33554432 bytes
***********WAITING************

Write the data to file:33554432 bytes
***********WAITING************

Write the data to file:33554432 bytes
***********WAITING************

Write the data to file:33554432 bytes
***********WAITING************

Write the data to file:33554432 bytes
***********WAITING************

Write the data to file:33554432 bytes
***********WAITING************

Write the data to file:33554432 bytes
***********WAITING************

Write the data to file:33554432 bytes
***********WAITING************

Write the data to file:33554432 bytes
***********WAITING************

Write the data to file:33554432 bytes
***********WAITING************

Write the data to file:33554432 bytes
***********WAITING************

Write the data to file:33554432 bytes
***********WAITING************

Write the data to file:33554432 bytes
***********WAITING************

Write the data to file:33554432 bytes
***********WAITING************

Write the data to file:33554432 bytes
***********WAITING************

Write the data to file:33554432 bytes
***********WAITING************

Write the data to file:33554432 bytes
***********WAITING************

Write the data to file:33554432 bytes
***********WAITING************

Write the data to file:33554432 bytes
***********WAITING************

Write the data to file:33554432 bytes
***********WAITING************

Write the data to file:33554432 bytes
***********WAITING************

Write the data to file:33554432 bytes
***********WAITING************

Write the data to file:33554432 bytes
***********WAITING************

Write the data to file:33554432 bytes
***********WAITING************

Write the data to file:33554432 bytes
***********WAITING************

Write the data to file:33554432 bytes
***********WAITING************

Write the data to file:33554432 bytes
***********WAITING************

Write the data to file:33554432 bytes
***********WAITING************

Write the data to file:33554432 bytes
***********WAITING************

Write the data to file:33554432 bytes
***********WAITING************

Write the data to file:33554432 bytes
***********WAITING************

Write the data to file:33554432 bytes
***********WAITING************

Write the data to file:33554432 bytes
***********WAITING************

Write the data to file:33554432 bytes
***********WAITING************

Write the data to file:33554432 bytes
***********WAITING************

Write the data to file:33554432 bytes
***********WAITING************

Write the data to file:33554432 bytes
***********WAITING************

Write the data to file:33554432 bytes
***********WAITING************

Write the data to file:33554432 bytes
***********WAITING************

Write the data to file:33554432 bytes
***********WAITING************

Write the data to file:33554432 bytes
***********WAITING************

Write the data to file:33554432 bytes
***********WAITING************

Write the data to file:33554432 bytes
***********WAITING************

Write the data to file:33554432 bytes
***********WAITING************

Write the data to file:33554432 bytes
***********WAITING************

Write the data to file:33554432 bytes
***********WAITING************

Write the data to file:33554432 bytes
***********WAITING************

Write the data to file:33554432 bytes
***********WAITING************

Write the data to file:33554432 bytes
***********WAITING************

Write the data to file:33554432 bytes
***********WAITING************

Write the data to file:33554432 bytes
***********WAITING************

Write the data to file:33554432 bytes
***********WAITING************

Write the data to file:33554432 bytes
***********WAITING************

Write the data to file:33554432 bytes
***********WAITING************

Write the data to file:33554432 bytes
***********WAITING************

Write the data to file:33554432 bytes
***********WAITING************

Write the data to file:33554432 bytes
***********WAITING************

Write the data to file:33554432 bytes
***********WAITING************

Write the data to file:33554432 bytes
***********WAITING************

Write the data to file:33554432 bytes
***********WAITING************

Write the data to file:33554432 bytes
***********WAITING************

Write the data to file:33554432 bytes
***********WAITING************

Write the data to file:33554432 bytes
***********WAITING************

Write the data to file:33554432 bytes
***********WAITING************

Write the data to file:33554432 bytes
***********WAITING************

Write the data to file:33554432 bytes
***********WAITING************

Write the data to file:33554432 bytes
***********WAITING************

Write the data to file:33554432 bytes
***********WAITING************

Write the data to file:33554432 bytes
***********WAITING************

Write the data to file:33554432 bytes
***********WAITING************

Write the data to file:33554432 bytes
***********WAITING************

Write the data to file:33554432 bytes
***********WAITING************

Write the data to file:33554432 bytes
***********WAITING************

Write the data to file:33554432 bytes
***********WAITING************

Write the data to file:33554432 bytes
***********WAITING************

Write the data to file:33554432 bytes
***********WAITING************

Write the data to file:33554432 bytes
***********WAITING************

Write the data to file:33554432 bytes
***********WAITING************

Write the data to file:33554432 bytes
***********WAITING************

Write the data to file:33554432 bytes
***********WAITING************

Write the data to file:33554432 bytes
***********WAITING************

Write the data to file:33554432 bytes
***********WAITING************

Write the data to file:33554432 bytes
***********WAITING************

Write the data to file:33554432 bytes
***********WAITING************

Write the data to file:33554432 bytes
***********WAITING************

Write the data to file:33554432 bytes
***********WAITING************

Write the data to file:33554432 bytes
***********WAITING************

Write the data to file:33554432 bytes
***********WAITING************

Write the data to file:33554432 bytes
***********WAITING************

Write the data to file:33554432 bytes
***********WAITING************

Write the data to file:33554432 bytes
***********WAITING************

Write the data to file:33554432 bytes
***********WAITING************

Write the data to file:33554432 bytes
***********WAITING************

Write the data to file:33554432 bytes
***********WAITING************

Write the data to file:33554432 bytes
***********WAITING************

Write the data to file:33554432 bytes
***********WAITING************

Write the data to file:33554432 bytes
***********WAITING************

Write the data to file:33554432 bytes
***********WAITING************

Write the data to file:33554432 bytes
***********WAITING************

Write the data to file:33554432 bytes
***********WAITING************

Write the data to file:33554432 bytes
***********WAITING************

Write the data to file:33554432 bytes
***********WAITING************

Write the data to file:33554432 bytes
***********WAITING************

Write the data to file:33554432 bytes
***********WAITING************

Write the data to file:33554432 bytes
***********WAITING************

Write the data to file:33554432 bytes
***********WAITING************

Write the data to file:33554432 bytes
***********WAITING************

Write the data to file:33554432 bytes
***********WAITING************

Write the data to file:33554432 bytes
***********WAITING************

Write the data to file:33554432 bytes
***********WAITING************

Write the data to file:33554432 bytes
***********WAITING************

Write the data to file:33554432 bytes
***********WAITING************

Write the data to file:33554432 bytes
***********WAITING************

Write the data to file:33554432 bytes
***********WAITING************

Write the data to file:33554432 bytes
***********WAITING************

Write the data to file:33554432 bytes
***********WAITING************

Write the data to file:33554432 bytes
***********WAITING************

Write the data to file:33554432 bytes
***********WAITING************

Write the data to file:33554432 bytes
***********WAITING************

Write the data to file:33554432 bytes
***********WAITING************

Write the data to file:33554432 bytes
***********WAITING************

Write the data to file:33554432 bytes
***********WAITING************

Write the data to file:33554432 bytes
***********WAITING************

Write the data to file:33554432 bytes
***********WAITING************

Write the data to file:33554432 bytes
***********WAITING************

Write the data to file:33554432 bytes
***********WAITING************

Write the data to file:33554432 bytes
***********WAITING************

Write the data to file:33554432 bytes
***********WAITING************

Write the data to file:33554432 bytes
***********WAITING************

Write the data to file:33554432 bytes
***********WAITING************

Write the data to file:33554432 bytes
***********WAITING************

Write the data to file:33554432 bytes
***********WAITING************

Write the data to file:33554432 bytes
***********WAITING************

Write the data to file:33554432 bytes
***********WAITING************

Write the data to file:33554432 bytes
***********WAITING************

Write the data to file:33554432 bytes
***********WAITING************

Write the data to file:33554432 bytes
***********WAITING************

Write the data to file:33554432 bytes
***********WAITING************

Write the data to file:33554432 bytes
***********WAITING************

Write the data to file:33554432 bytes
***********WAITING************

Write the data to file:33554432 bytes
***********WAITING************

Write the data to file:33554432 bytes
***********WAITING************

Write the data to file:33554432 bytes
***********WAITING************

Write the data to file:33554432 bytes
***********WAITING************

Write the data to file:33554432 bytes
***********WAITING************

Write the data to file:33554432 bytes
***********WAITING************

Write the data to file:33554432 bytes
***********WAITING************

Write the data to file:33554432 bytes
***********WAITING************

Write the data to file:33554432 bytes
***********WAITING************

Write the data to file:33554432 bytes
***********WAITING************

Write the data to file:33554432 bytes
***********WAITING************

Write the data to file:33554432 bytes
***********WAITING************

Write the data to file:33554432 bytes
***********WAITING************

Write the data to file:33554432 bytes
***********WAITING************

Write the data to file:33554432 bytes
***********WAITING************

Write the data to file:33554432 bytes
***********WAITING************

Write the data to file:33554432 bytes
***********WAITING************

Write the data to file:33554432 bytes
***********WAITING************

Write the data to file:33554432 bytes
***********WAITING************

Write the data to file:33554432 bytes
***********WAITING************

Write the data to file:33554432 bytes
***********WAITING************

Write the data to file:33554432 bytes
***********WAITING************

Write the data to file:33554432 bytes
***********WAITING************

Write the data to file:33554432 bytes
***********WAITING************

Write the data to file:33554432 bytes
***********WAITING************

Write the data to file:33554432 bytes
***********WAITING************

Write the data to file:33554432 bytes
***********WAITING************

Write the data to file:33554432 bytes
***********WAITING************

Write the data to file:33554432 bytes
***********WAITING************

Write the data to file:33554432 bytes
***********WAITING************

Write the data to file:33554432 bytes
***********WAITING************

Write the data to file:33554432 bytes
***********WAITING************

Write the data to file:33554432 bytes
***********WAITING************

Write the data to file:33554432 bytes
***********WAITING************

Write the data to file:33554432 bytes
***********WAITING************

Write the data to file:33554432 bytes
***********WAITING************

Write the data to file:33554432 bytes
***********WAITING************

Write the data to file:33554432 bytes
***********WAITING************

Write the data to file:33554432 bytes
***********WAITING************

Write the data to file:33554432 bytes
***********WAITING************

Write the data to file:33554432 bytes
***********WAITING************

Write the data to file:33554432 bytes
***********WAITING************

Write the data to file:33554432 bytes
***********WAITING************

Write the data to file:33554432 bytes
***********WAITING************

Write the data to file:33554432 bytes
***********WAITING************

Write the data to file:33554432 bytes
***********WAITING************

Write the data to file:33554432 bytes
***********WAITING************

Write the data to file:33554432 bytes
***********WAITING************

Write the data to file:33554432 bytes
***********WAITING************

Write the data to file:33554432 bytes
***********WAITING************

Write the data to file:33554432 bytes
***********WAITING************

Write the data to file:33554432 bytes
***********WAITING************

Write the data to file:33554432 bytes
***********WAITING************

Write the data to file:33554432 bytes
***********WAITING************

Write the data to file:33554432 bytes
***********WAITING************

Write the data to file:33554432 bytes
***********WAITING************

Write the data to file:33554432 bytes
***********WAITING************

Write the data to file:33554432 bytes
***********WAITING************

Write the data to file:33554432 bytes
***********WAITING************

Write the data to file:33554432 bytes
***********WAITING************

Write the data to file:33554432 bytes
***********WAITING************

Write the data to file:33554432 bytes
***********WAITING************

Write the data to file:33554432 bytes
***********WAITING************

Write the data to file:33554432 bytes
***********WAITING************

Write the data to file:33554432 bytes
***********WAITING************

Write the data to file:33554432 bytes
***********WAITING************

Write the data to file:33554432 bytes
***********WAITING************

Write the data to file:33554432 bytes
***********WAITING************

Write the data to file:33554432 bytes
***********WAITING************

Write the data to file:33554432 bytes
***********WAITING************

Write the data to file:33554432 bytes
***********WAITING************

Write the data to file:33554432 bytes
***********WAITING************

Write the data to file:33554432 bytes
***********WAITING************

Write the data to file:33554432 bytes
***********WAITING************

Write the data to file:33554432 bytes
***********WAITING************

Write the data to file:33554432 bytes
***********WAITING************

Write the data to file:33554432 bytes
***********WAITING************

Write the data to file:33554432 bytes
***********WAITING************

Write the data to file:33554432 bytes
***********WAITING************

Write the data to file:33554432 bytes
***********WAITING************

Write the data to file:33554432 bytes
***********WAITING************

Write the data to file:33554432 bytes
***********WAITING************

Write the data to file:33554432 bytes
***********WAITING************

Write the data to file:33554432 bytes
***********WAITING************

Write the data to file:33554432 bytes
***********WAITING************

Write the data to file:33554432 bytes
***********WAITING************

Write the data to file:33554432 bytes
***********WAITING************

Write the data to file:33554432 bytes
***********WAITING************

Write the data to file:33554432 bytes
***********WAITING************

Write the data to file:33554432 bytes
***********WAITING************

Write the data to file:33554432 bytes
***********WAITING************

Write the data to file:33554432 bytes
***********WAITING************

Write the data to file:33554432 bytes
***********WAITING************

Write the data to file:33554432 bytes
***********WAITING************

Write the data to file:33554432 bytes
***********WAITING************

Write the data to file:33554432 bytes
***********WAITING************

Write the data to file:33554432 bytes
***********WAITING************

Write the data to file:33554432 bytes
***********WAITING************

Write the data to file:33554432 bytes
***********WAITING************

Write the data to file:33554432 bytes
***********WAITING************

Write the data to file:33554432 bytes
***********WAITING************

Write the data to file:33554432 bytes
***********WAITING************

Write the data to file:33554432 bytes
***********WAITING************

Write the data to file:33554432 bytes
***********WAITING************

Write the data to file:33554432 bytes
***********WAITING************

Write the data to file:33554432 bytes
***********WAITING************

Write the data to file:33554432 bytes
***********WAITING************

Write the data to file:33554432 bytes
***********WAITING************

Write the data to file:33554432 bytes
***********WAITING************

Write the data to file:33554432 bytes
***********WAITING************

Write the data to file:33554432 bytes
***********WAITING************

Write the data to file:33554432 bytes
***********WAITING************

Write the data to file:33554432 bytes
***********WAITING************

Write the data to file:33554432 bytes
***********WAITING************

Write the data to file:33554432 bytes
***********WAITING************

Write the data to file:33554432 bytes
***********WAITING************

Write the data to file:33554432 bytes
***********WAITING************

Write the data to file:33554432 bytes
***********WAITING************

Write the data to file:33554432 bytes
***********WAITING************

Write the data to file:33554432 bytes
***********WAITING************

Write the data to file:33554432 bytes
***********WAITING************

Write the data to file:33554432 bytes
***********WAITING************

Write the data to file:33554432 bytes
***********WAITING************

Write the data to file:33554432 bytes
***********WAITING************

Write the data to file:33554432 bytes
***********WAITING************

Write the data to file:33554432 bytes
***********WAITING************

Write the data to file:33554432 bytes
***********WAITING************

Write the data to file:33554432 bytes
***********WAITING************

Write the data to file:33554432 bytes
***********WAITING************

Write the data to file:33554432 bytes
***********WAITING************

Write the data to file:33554432 bytes
***********WAITING************

Write the data to file:33554432 bytes
***********WAITING************

Write the data to file:33554432 bytes
***********WAITING************

Write the data to file:33554432 bytes
***********WAITING************

Write the data to file:33554432 bytes
***********WAITING************

Write the data to file:33554432 bytes
***********WAITING************

Write the data to file:33554432 bytes
***********WAITING************

Write the data to file:33554432 bytes
***********WAITING************

Write the data to file:33554432 bytes
***********WAITING************

Write the data to file:33554432 bytes
***********WAITING************

Write the data to file:33554432 bytes
***********WAITING************

Write the data to file:33554432 bytes
***********WAITING************

Write the data to file:33554432 bytes
***********WAITING************

Write the data to file:33554432 bytes
***********WAITING************

Write the data to file:33554432 bytes
***********WAITING************

Write the data to file:33554432 bytes
***********WAITING************

Write the data to file:33554432 bytes
***********WAITING************

Write the data to file:33554432 bytes
***********WAITING************

Write the data to file:33554432 bytes
***********WAITING************

Write the data to file:33554432 bytes
***********WAITING************

Write the data to file:33554432 bytes
***********WAITING************

Write the data to file:33554432 bytes
***********WAITING************

Write the data to file:33554432 bytes
***********WAITING************

Write the data to file:33554432 bytes
***********WAITING************

Write the data to file:33554432 bytes
***********WAITING************

Write the data to file:33554432 bytes
***********WAITING************

Write the data to file:33554432 bytes
***********WAITING************

Write the data to file:33554432 bytes
***********WAITING************

Write the data to file:33554432 bytes
***********WAITING************

Write the data to file:33554432 bytes
***********WAITING************

Write the data to file:33554432 bytes
***********WAITING************

Write the data to file:33554432 bytes
***********WAITING************

Write the data to file:33554432 bytes
***********WAITING************

Write the data to file:33554432 bytes
***********WAITING************

Write the data to file:33554432 bytes
***********WAITING************

Write the data to file:33554432 bytes
***********WAITING************

Write the data to file:33554432 bytes
***********WAITING************

Write the data to file:33554432 bytes
***********WAITING************

Write the data to file:33554432 bytes
***********WAITING************

Write the data to file:33554432 bytes
***********WAITING************

Write the data to file:33554432 bytes
***********WAITING************

Write the data to file:33554432 bytes
***********WAITING************

Write the data to file:33554432 bytes
***********WAITING************

Write the data to file:33554432 bytes
***********WAITING************

Write the data to file:33554432 bytes
***********WAITING************

Write the data to file:33554432 bytes
***********WAITING************

Write the data to file:33554432 bytes
***********WAITING************

Write the data to file:33554432 bytes
***********WAITING************

Write the data to file:33554432 bytes
***********WAITING************

Write the data to file:33554432 bytes
***********WAITING************

Write the data to file:33554432 bytes
***********WAITING************

Write the data to file:33554432 bytes
***********WAITING************

Write the data to file:33554432 bytes
***********WAITING************

Write the data to file:33554432 bytes
***********WAITING************

Write the data to file:33554432 bytes
***********WAITING************

Write the data to file:33554432 bytes
***********WAITING************

Write the data to file:33554432 bytes
***********WAITING************

Write the data to file:33554432 bytes
***********WAITING************

Write the data to file:33554432 bytes
***********WAITING************

Write the data to file:33554432 bytes
***********WAITING************

Write the data to file:33554432 bytes
***********WAITING************

Write the data to file:33554432 bytes
***********WAITING************

Write the data to file:33554432 bytes
***********WAITING************

Write the data to file:33554432 bytes
***********WAITING************

Write the data to file:33554432 bytes
***********WAITING************

Write the data to file:33554432 bytes
***********WAITING************

Write the data to file:33554432 bytes
***********WAITING************

Write the data to file:33554432 bytes
***********WAITING************

Write the data to file:33554432 bytes
***********WAITING************

Write the data to file:33554432 bytes
***********WAITING************

Write the data to file:33554432 bytes
***********WAITING************

Write the data to file:33554432 bytes
***********WAITING************

Write the data to file:33554432 bytes
***********WAITING************

Write the data to file:33554432 bytes
***********WAITING************

Write the data to file:33554432 bytes
***********WAITING************

Write the data to file:33554432 bytes
***********WAITING************

Write the data to file:33554432 bytes
***********WAITING************

Write the data to file:33554432 bytes
***********WAITING************

Write the data to file:33554432 bytes
***********WAITING************

Write the data to file:33554432 bytes
***********WAITING************

Write the data to file:33554432 bytes
***********WAITING************

Write the data to file:33554432 bytes
***********WAITING************

Write the data to file:33554432 bytes
***********WAITING************

Write the data to file:33554432 bytes
***********WAITING************

Write the data to file:33554432 bytes
***********WAITING************

Write the data to file:33554432 bytes
***********WAITING************

Write the data to file:33554432 bytes
***********WAITING************

Write the data to file:33554432 bytes
***********WAITING************

Write the data to file:33554432 bytes
***********WAITING************

Write the data to file:33554432 bytes
***********WAITING************

Write the data to file:33554432 bytes
***********WAITING************

Write the data to file:33554432 bytes
***********WAITING************

Write the data to file:33554432 bytes
***********WAITING************

Write the data to file:33554432 bytes
***********WAITING************

Write the data to file:33554432 bytes
***********WAITING************

Write the data to file:33554432 bytes
***********WAITING************

Write the data to file:33554432 bytes
***********WAITING************

Write the data to file:33554432 bytes
***********WAITING************

Write the data to file:33554432 bytes
***********WAITING************

Write the data to file:33554432 bytes
***********WAITING************

Write the data to file:33554432 bytes
***********WAITING************

Write the data to file:33554432 bytes
***********WAITING************

Write the data to file:33554432 bytes
***********WAITING************

Write the data to file:33554432 bytes
***********WAITING************

Write the data to file:33554432 bytes
***********WAITING************

Write the data to file:33554432 bytes
***********WAITING************

Write the data to file:33554432 bytes
***********WAITING************

Write the data to file:33554432 bytes
***********WAITING************

Write the data to file:33554432 bytes
***********WAITING************

Write the data to file:33554432 bytes
***********WAITING************

Write the data to file:33554432 bytes
***********WAITING************

Write the data to file:33554432 bytes
***********WAITING************

Write the data to file:33554432 bytes
***********WAITING************

Write the data to file:33554432 bytes
***********WAITING************

Write the data to file:33554432 bytes
***********WAITING************

Write the data to file:33554432 bytes
***********WAITING************

Write the data to file:33554432 bytes
***********WAITING************

Write the data to file:33554432 bytes
***********WAITING************

Write the data to file:33554432 bytes
***********WAITING************

Write the data to file:33554432 bytes
***********WAITING************

Write the data to file:33554432 bytes
***********WAITING************

Write the data to file:33554432 bytes
***********WAITING************

Write the data to file:33554432 bytes
***********WAITING************

Write the data to file:33554432 bytes
***********WAITING************

Write the data to file:33554432 bytes
***********WAITING************

Write the data to file:33554432 bytes
***********WAITING************

Write the data to file:33554432 bytes
***********WAITING************

Write the data to file:33554432 bytes
***********WAITING************

Write the data to file:33554432 bytes
***********WAITING************

Write the data to file:33554432 bytes
***********WAITING************

Write the data to file:33554432 bytes
***********WAITING************

Write the data to file:33554432 bytes
***********WAITING************

Write the data to file:33554432 bytes
***********WAITING************

Write the data to file:33554432 bytes
***********WAITING************

Write the data to file:33554432 bytes
***********WAITING************

Write the data to file:33554432 bytes
***********WAITING************

Write the data to file:33554432 bytes
***********WAITING************

Write the data to file:33554432 bytes
***********WAITING************

Write the data to file:33554432 bytes
***********WAITING************

Write the data to file:33554432 bytes
***********WAITING************

Write the data to file:33554432 bytes
***********WAITING************

Write the data to file:33554432 bytes
***********WAITING************

Write the data to file:33554432 bytes
***********WAITING************

Write the data to file:33554432 bytes
***********WAITING************

Write the data to file:33554432 bytes
***********WAITING************

Write the data to file:33554432 bytes
***********WAITING************

Write the data to file:33554432 bytes
***********WAITING************

Write the data to file:33554432 bytes
***********WAITING************

Write the data to file:33554432 bytes
***********WAITING************

Write the data to file:33554432 bytes
***********WAITING************

Write the data to file:33554432 bytes
***********WAITING************

Write the data to file:33554432 bytes
***********WAITING************

Write the data to file:33554432 bytes
***********WAITING************

Write the data to file:33554432 bytes
***********WAITING************

Write the data to file:33554432 bytes
***********WAITING************

Write the data to file:33554432 bytes
***********WAITING************

Write the data to file:33554432 bytes
***********WAITING************

Write the data to file:33554432 bytes
***********WAITING************

Write the data to file:33554432 bytes
***********WAITING************

Write the data to file:33554432 bytes
***********WAITING************

Write the data to file:33554432 bytes
***********WAITING************

Write the data to file:33554432 bytes
***********WAITING************

Write the data to file:33554432 bytes
***********WAITING************

Write the data to file:33554432 bytes
***********WAITING************

Write the data to file:33554432 bytes
***********WAITING************

Write the data to file:33554432 bytes
***********WAITING************

Write the data to file:33554432 bytes
***********WAITING************

Write the data to file:33554432 bytes
***********WAITING************

Write the data to file:33554432 bytes
***********WAITING************

Write the data to file:33554432 bytes
***********WAITING************

Write the data to file:33554432 bytes
***********WAITING************

Write the data to file:33554432 bytes
***********WAITING************

Write the data to file:33554432 bytes
***********WAITING************

Write the data to file:33554432 bytes
***********WAITING************

Write the data to file:33554432 bytes
***********WAITING************

Write the data to file:33554432 bytes
***********WAITING************

Write the data to file:33554432 bytes
***********WAITING************

Write the data to file:33554432 bytes
***********WAITING************

Write the data to file:33554432 bytes
***********WAITING************

Write the data to file:33554432 bytes
***********WAITING************

Write the data to file:33554432 bytes
***********WAITING************

Write the data to file:33554432 bytes
***********WAITING************

Write the data to file:33554432 bytes
***********WAITING************

Write the data to file:33554432 bytes
***********WAITING************

Write the data to file:33554432 bytes
***********WAITING************

Write the data to file:33554432 bytes
***********WAITING************

Write the data to file:33554432 bytes
***********WAITING************

Write the data to file:33554432 bytes
***********WAITING************

Write the data to file:33554432 bytes
***********WAITING************

Write the data to file:33554432 bytes
***********WAITING************

Write the data to file:33554432 bytes
***********WAITING************

Write the data to file:33554432 bytes
***********WAITING************

Write the data to file:33554432 bytes
***********WAITING************

Write the data to file:33554432 bytes
***********WAITING************

Write the data to file:33554432 bytes
***********WAITING************

Write the data to file:33554432 bytes
***********WAITING************

Write the data to file:33554432 bytes
***********WAITING************

Write the data to file:33554432 bytes
***********WAITING************

Write the data to file:33554432 bytes
***********WAITING************

Write the data to file:33554432 bytes
***********WAITING************

Write the data to file:33554432 bytes
***********WAITING************

Write the data to file:33554432 bytes
***********WAITING************

Write the data to file:33554432 bytes
***********WAITING************

Write the data to file:33554432 bytes
***********WAITING************

Write the data to file:33554432 bytes
***********WAITING************
S_cc         0.85   [      0.84:      0.85]
S_bw         0.24   [      0.24:      0.24]
S_w         32.91   [     32.91:     32.91]
          -------
S_total     34.00   [     33.99:     34.00]

build_S done
calc_W
build_S done
calc_W
build_S done
calc_W
build_S done
calc_W
build_S done
calc_W
build_S done
calc_W
nr_of_strided_rec: 32
nr_doubles: 16384
build_S done
calc_W
nr_of_strided_rec: 32
nr_doubles: 16384
build_S done
calc_W
nr_of_strided_rec: 32
nr_doubles: 16384
nr_of_strided_rec: 32
nr_doubles: 16384
build_S done
calc_W
nr_of_strided_rec: 32
nr_doubles: 16384
nr_of_strided_rec: 32
nr_doubles: 16384
build_S done
calc_W
nr_of_strided_rec: 32
nr_doubles: 16384
nr_of_strided_rec: 32
nr_doubles: 16384
build_S done
calc_W
nr_of_strided_rec: 32
nr_doubles: 16384
nr_of_strided_rec: 32
nr_doubles: 16384
build_S done
calc_W
nr_of_strided_rec: 32
nr_doubles: 16384
nr_of_strided_rec: 32
nr_doubles: 16384
build_S done
calc_W
nr_of_strided_rec: 32
nr_doubles: 16384
build_S done
calc_W
nr_of_strided_rec: 32
nr_doubles: 16384
build_S done
calc_W
nr_of_strided_rec: 32
nr_doubles: 16384
build_S done
calc_W
nr_of_strided_rec: 32
nr_doubles: 16384
nr_of_strided_rec: 32
nr_doubles: 16384
nr_of_strided_rec: 32
nr_doubles: 16384
nr_of_strided_rec: 32
nr_doubles: 16384
nr_of_strided_rec: 32
nr_doubles: 16384
nr_of_strided_rec: 32
nr_doubles: 16384
nr_of_strided_rec: 32
nr_doubles: 16384
nr_of_strided_rec: 32
nr_doubles: 16384
nr_of_strided_rec: 32
nr_doubles: 16384
nr_of_strided_rec: 32
nr_doubles: 16384
nr_of_strided_rec: 32
nr_doubles: 16384
nr_of_strided_rec: 32
nr_doubles: 16384
nr_of_strided_rec: 32
nr_doubles: 16384
nr_of_strided_rec: 32
nr_doubles: 16384
nr_of_strided_rec: 32
nr_doubles: 16384
nr_of_strided_rec: 32
nr_doubles: 16384
nr_of_strided_rec: 32
nr_doubles: 16384

Write the data to file:33554432 bytes
***********WAITING************

Write the data to file:33554432 bytes
***********WAITING************

Write the data to file:33554432 bytes
***********WAITING************

Write the data to file:33554432 bytes
***********WAITING************

Write the data to file:33554432 bytes
***********WAITING************

Write the data to file:33554432 bytes
***********WAITING************

Write the data to file:33554432 bytes
***********WAITING************

Write the data to file:33554432 bytes
***********WAITING************

Write the data to file:33554432 bytes
***********WAITING************

Write the data to file:33554432 bytes
***********WAITING************

Write the data to file:33554432 bytes
***********WAITING************

Write the data to file:33554432 bytes
***********WAITING************

Write the data to file:33554432 bytes
***********WAITING************

Write the data to file:33554432 bytes
***********WAITING************

Write the data to file:33554432 bytes
***********WAITING************

Write the data to file:33554432 bytes
***********WAITING************
nr_of_strided_rec: 32
nr_doubles: 16384
nr_of_strided_rec: 32
nr_doubles: 16384
nr_of_strided_rec: 32
nr_doubles: 16384
nr_of_strided_rec: 32
nr_doubles: 16384
nr_of_strided_rec: 32
nr_doubles: 16384
nr_of_strided_rec: 32
nr_doubles: 16384
nr_of_strided_rec: 32
nr_doubles: 16384
nr_of_strided_rec: 32
nr_doubles: 16384
nr_of_strided_rec: 32
nr_doubles: 16384
nr_of_strided_rec: 32
nr_doubles: 16384
nr_of_strided_rec: 32
nr_doubles: 16384
nr_of_strided_rec: 32
nr_doubles: 16384
nr_of_strided_rec: 32
nr_doubles: 16384
nr_of_strided_rec: 32
nr_doubles: 16384
nr_of_strided_rec: 32
nr_doubles: 16384
nr_of_strided_rec: 32
nr_doubles: 16384

Write the data to file:33554432 bytes
***********WAITING************

Write the data to file:33554432 bytes
***********WAITING************

Write the data to file:33554432 bytes
***********WAITING************

Write the data to file:33554432 bytes
***********WAITING************

Write the data to file:33554432 bytes
***********WAITING************

Write the data to file:33554432 bytes
***********WAITING************

Write the data to file:33554432 bytes
***********WAITING************

Write the data to file:33554432 bytes
***********WAITING************

Write the data to file:33554432 bytes
***********WAITING************

Write the data to file:33554432 bytes
***********WAITING************

Write the data to file:33554432 bytes
***********WAITING************

Write the data to file:33554432 bytes
***********WAITING************

Write the data to file:33554432 bytes
***********WAITING************

Write the data to file:33554432 bytes
***********WAITING************

Write the data to file:33554432 bytes
***********WAITING************

Write the data to file:33554432 bytes
***********WAITING************
nr_of_strided_rec: 32
nr_doubles: 16384
nr_of_strided_rec: 32
nr_doubles: 16384
nr_of_strided_rec: 32
nr_doubles: 16384
nr_of_strided_rec: 32
nr_doubles: 16384
nr_of_strided_rec: 32
nr_doubles: 16384
nr_of_strided_rec: 32
nr_doubles: 16384
nr_of_strided_rec: 32
nr_doubles: 16384
nr_of_strided_rec: 32
nr_doubles: 16384
nr_of_strided_rec: 32
nr_doubles: 16384
nr_of_strided_rec: 32
nr_doubles: 16384
nr_of_strided_rec: 32
nr_doubles: 16384
nr_of_strided_rec: 32
nr_doubles: 16384
nr_of_strided_rec: 32
nr_doubles: 16384
nr_of_strided_rec: 32
nr_doubles: 16384
nr_of_strided_rec: 32
nr_doubles: 16384
nr_of_strided_rec: 32
nr_doubles: 16384

Write the data to file:33554432 bytes
***********WAITING************

Write the data to file:33554432 bytes
***********WAITING************

Write the data to file:33554432 bytes
***********WAITING************

Write the data to file:33554432 bytes
***********WAITING************

Write the data to file:33554432 bytes
***********WAITING************

Write the data to file:33554432 bytes
***********WAITING************

Write the data to file:33554432 bytes
***********WAITING************

Write the data to file:33554432 bytes
***********WAITING************

Write the data to file:33554432 bytes
***********WAITING************

Write the data to file:33554432 bytes
***********WAITING************

Write the data to file:33554432 bytes
***********WAITING************

Write the data to file:33554432 bytes
***********WAITING************

Write the data to file:33554432 bytes
***********WAITING************

Write the data to file:33554432 bytes
***********WAITING************

Write the data to file:33554432 bytes
***********WAITING************

Write the data to file:33554432 bytes
***********WAITING************
nr_of_strided_rec: 32
nr_doubles: 16384
nr_of_strided_rec: 32
nr_doubles: 16384
nr_of_strided_rec: 32
nr_doubles: 16384
nr_of_strided_rec: 32
nr_doubles: 16384
nr_of_strided_rec: 32
nr_doubles: 16384
nr_of_strided_rec: 32
nr_doubles: 16384
nr_of_strided_rec: 32
nr_doubles: 16384
nr_of_strided_rec: 32
nr_doubles: 16384
nr_of_strided_rec: 32
nr_doubles: 16384
nr_of_strided_rec: 32
nr_doubles: 16384
nr_of_strided_rec: 32
nr_doubles: 16384
nr_of_strided_rec: 32
nr_doubles: 16384
nr_of_strided_rec: 32
nr_doubles: 16384
nr_of_strided_rec: 32
nr_doubles: 16384
nr_of_strided_rec: 32
nr_doubles: 16384
nr_of_strided_rec: 32
nr_doubles: 16384

Write the data to file:33554432 bytes
***********WAITING************

Write the data to file:33554432 bytes
***********WAITING************

Write the data to file:33554432 bytes
***********WAITING************

Write the data to file:33554432 bytes
***********WAITING************

Write the data to file:33554432 bytes
***********WAITING************

Write the data to file:33554432 bytes
***********WAITING************

Write the data to file:33554432 bytes
***********WAITING************

Write the data to file:33554432 bytes
***********WAITING************

Write the data to file:33554432 bytes
***********WAITING************

Write the data to file:33554432 bytes
***********WAITING************

Write the data to file:33554432 bytes
***********WAITING************

Write the data to file:33554432 bytes
***********WAITING************

Write the data to file:33554432 bytes
***********WAITING************

Write the data to file:33554432 bytes
***********WAITING************

Write the data to file:33554432 bytes
***********WAITING************

Write the data to file:33554432 bytes
***********WAITING************
nr_of_strided_rec: 32
nr_doubles: 16384
nr_of_strided_rec: 32
nr_doubles: 16384
nr_of_strided_rec: 32
nr_doubles: 16384
nr_of_strided_rec: 32
nr_doubles: 16384
nr_of_strided_rec: 32
nr_doubles: 16384
nr_of_strided_rec: 32
nr_doubles: 16384
nr_of_strided_rec: 32
nr_doubles: 16384
nr_of_strided_rec: 32
nr_doubles: 16384
nr_of_strided_rec: 32
nr_doubles: 16384
nr_of_strided_rec: 32
nr_doubles: 16384
nr_of_strided_rec: 32
nr_doubles: 16384
nr_of_strided_rec: 32
nr_doubles: 16384
nr_of_strided_rec: 32
nr_doubles: 16384
nr_of_strided_rec: 32
nr_doubles: 16384
nr_of_strided_rec: 32
nr_doubles: 16384
nr_of_strided_rec: 32
nr_doubles: 16384

Write the data to file:33554432 bytes
***********WAITING************

Write the data to file:33554432 bytes
***********WAITING************

Write the data to file:33554432 bytes
***********WAITING************

Write the data to file:33554432 bytes
***********WAITING************

Write the data to file:33554432 bytes
***********WAITING************

Write the data to file:33554432 bytes
***********WAITING************

Write the data to file:33554432 bytes
***********WAITING************

Write the data to file:33554432 bytes
***********WAITING************

Write the data to file:33554432 bytes
***********WAITING************

Write the data to file:33554432 bytes
***********WAITING************

Write the data to file:33554432 bytes
***********WAITING************

Write the data to file:33554432 bytes
***********WAITING************

Write the data to file:33554432 bytes
***********WAITING************

Write the data to file:33554432 bytes
***********WAITING************

Write the data to file:33554432 bytes
***********WAITING************

Write the data to file:33554432 bytes
***********WAITING************
nr_of_strided_rec: 32
nr_doubles: 16384
nr_of_strided_rec: 32
nr_doubles: 16384
nr_of_strided_rec: 32
nr_doubles: 16384
nr_of_strided_rec: 32
nr_doubles: 16384
nr_of_strided_rec: 32
nr_doubles: 16384
nr_of_strided_rec: 32
nr_doubles: 16384
nr_of_strided_rec: 32
nr_doubles: 16384
nr_of_strided_rec: 32
nr_doubles: 16384
nr_of_strided_rec: 32
nr_doubles: 16384
nr_of_strided_rec: 32
nr_doubles: 16384
nr_of_strided_rec: 32
nr_doubles: 16384
nr_of_strided_rec: 32
nr_doubles: 16384
nr_of_strided_rec: 32
nr_doubles: 16384
nr_of_strided_rec: 32
nr_doubles: 16384
nr_of_strided_rec: 32
nr_doubles: 16384
nr_of_strided_rec: 32
nr_doubles: 16384

Write the data to file:33554432 bytes
***********WAITING************

Write the data to file:33554432 bytes
***********WAITING************

Write the data to file:33554432 bytes
***********WAITING************

Write the data to file:33554432 bytes
***********WAITING************

Write the data to file:33554432 bytes
***********WAITING************

Write the data to file:33554432 bytes
***********WAITING************

Write the data to file:33554432 bytes
***********WAITING************

Write the data to file:33554432 bytes
***********WAITING************

Write the data to file:33554432 bytes
***********WAITING************

Write the data to file:33554432 bytes
***********WAITING************

Write the data to file:33554432 bytes
***********WAITING************

Write the data to file:33554432 bytes
***********WAITING************

Write the data to file:33554432 bytes
***********WAITING************

Write the data to file:33554432 bytes
***********WAITING************

Write the data to file:33554432 bytes
***********WAITING************

Write the data to file:33554432 bytes
***********WAITING************
nr_of_strided_rec: 32
nr_doubles: 16384
nr_of_strided_rec: 32
nr_doubles: 16384
nr_of_strided_rec: 32
nr_doubles: 16384
nr_of_strided_rec: 32
nr_doubles: 16384
nr_of_strided_rec: 32
nr_doubles: 16384
nr_of_strided_rec: 32
nr_doubles: 16384
nr_of_strided_rec: 32
nr_doubles: 16384
nr_of_strided_rec: 32
nr_doubles: 16384
nr_of_strided_rec: 32
nr_doubles: 16384
nr_of_strided_rec: 32
nr_doubles: 16384
nr_of_strided_rec: 32
nr_doubles: 16384
nr_of_strided_rec: 32
nr_doubles: 16384
nr_of_strided_rec: 32
nr_doubles: 16384
nr_of_strided_rec: 32
nr_doubles: 16384
nr_of_strided_rec: 32
nr_doubles: 16384
nr_of_strided_rec: 32
nr_doubles: 16384

Write the data to file:33554432 bytes
***********WAITING************

Write the data to file:33554432 bytes
***********WAITING************

Write the data to file:33554432 bytes
***********WAITING************

Write the data to file:33554432 bytes
***********WAITING************

Write the data to file:33554432 bytes
***********WAITING************

Write the data to file:33554432 bytes
***********WAITING************

Write the data to file:33554432 bytes
***********WAITING************

Write the data to file:33554432 bytes
***********WAITING************

Write the data to file:33554432 bytes
***********WAITING************

Write the data to file:33554432 bytes
***********WAITING************

Write the data to file:33554432 bytes
***********WAITING************

Write the data to file:33554432 bytes
***********WAITING************

Write the data to file:33554432 bytes
***********WAITING************

Write the data to file:33554432 bytes
***********WAITING************

Write the data to file:33554432 bytes
***********WAITING************

Write the data to file:33554432 bytes
***********WAITING************
nr_of_strided_rec: 32
nr_doubles: 16384
nr_of_strided_rec: 32
nr_doubles: 16384
nr_of_strided_rec: 32
nr_doubles: 16384
nr_of_strided_rec: 32
nr_doubles: 16384
nr_of_strided_rec: 32
nr_doubles: 16384
nr_of_strided_rec: 32
nr_doubles: 16384
nr_of_strided_rec: 32
nr_doubles: 16384
nr_of_strided_rec: 32
nr_doubles: 16384
nr_of_strided_rec: 32
nr_doubles: 16384
nr_of_strided_rec: 32
nr_doubles: 16384
nr_of_strided_rec: 32
nr_doubles: 16384
nr_of_strided_rec: 32
nr_doubles: 16384
nr_of_strided_rec: 32
nr_doubles: 16384
nr_of_strided_rec: 32
nr_doubles: 16384
nr_of_strided_rec: 32
nr_doubles: 16384
nr_of_strided_rec: 32
nr_doubles: 16384

Write the data to file:33554432 bytes
***********WAITING************

Write the data to file:33554432 bytes
***********WAITING************

Write the data to file:33554432 bytes
***********WAITING************

Write the data to file:33554432 bytes
***********WAITING************

Write the data to file:33554432 bytes
***********WAITING************

Write the data to file:33554432 bytes
***********WAITING************

Write the data to file:33554432 bytes
***********WAITING************

Write the data to file:33554432 bytes
***********WAITING************

Write the data to file:33554432 bytes
***********WAITING************

Write the data to file:33554432 bytes
***********WAITING************

Write the data to file:33554432 bytes
***********WAITING************

Write the data to file:33554432 bytes
***********WAITING************

Write the data to file:33554432 bytes
***********WAITING************

Write the data to file:33554432 bytes
***********WAITING************

Write the data to file:33554432 bytes
***********WAITING************

Write the data to file:33554432 bytes
***********WAITING************
nr_of_strided_rec: 32
nr_doubles: 16384
nr_of_strided_rec: 32
nr_doubles: 16384
nr_of_strided_rec: 32
nr_doubles: 16384
nr_of_strided_rec: 32
nr_doubles: 16384
nr_of_strided_rec: 32
nr_doubles: 16384
nr_of_strided_rec: 32
nr_doubles: 16384
nr_of_strided_rec: 32
nr_doubles: 16384
nr_of_strided_rec: 32
nr_doubles: 16384
nr_of_strided_rec: 32
nr_doubles: 16384
nr_of_strided_rec: 32
nr_doubles: 16384
nr_of_strided_rec: 32
nr_doubles: 16384
nr_of_strided_rec: 32
nr_doubles: 16384
nr_of_strided_rec: 32
nr_doubles: 16384
nr_of_strided_rec: 32
nr_doubles: 16384
nr_of_strided_rec: 32
nr_doubles: 16384
nr_of_strided_rec: 32
nr_doubles: 16384

Write the data to file:33554432 bytes
***********WAITING************

Write the data to file:33554432 bytes
***********WAITING************

Write the data to file:33554432 bytes
***********WAITING************

Write the data to file:33554432 bytes
***********WAITING************

Write the data to file:33554432 bytes
***********WAITING************

Write the data to file:33554432 bytes
***********WAITING************

Write the data to file:33554432 bytes
***********WAITING************

Write the data to file:33554432 bytes
***********WAITING************

Write the data to file:33554432 bytes
***********WAITING************

Write the data to file:33554432 bytes
***********WAITING************

Write the data to file:33554432 bytes
***********WAITING************

Write the data to file:33554432 bytes
***********WAITING************

Write the data to file:33554432 bytes
***********WAITING************

Write the data to file:33554432 bytes
***********WAITING************

Write the data to file:33554432 bytes
***********WAITING************

Write the data to file:33554432 bytes
***********WAITING************
nr_of_strided_rec: 32
nr_doubles: 16384
nr_of_strided_rec: 32
nr_doubles: 16384
nr_of_strided_rec: 32
nr_doubles: 16384
nr_of_strided_rec: 32
nr_doubles: 16384
nr_of_strided_rec: 32
nr_doubles: 16384
nr_of_strided_rec: 32
nr_doubles: 16384
nr_of_strided_rec: 32
nr_doubles: 16384
nr_of_strided_rec: 32
nr_doubles: 16384
nr_of_strided_rec: 32
nr_doubles: 16384
nr_of_strided_rec: 32
nr_doubles: 16384
nr_of_strided_rec: 32
nr_doubles: 16384
nr_of_strided_rec: 32
nr_doubles: 16384
nr_of_strided_rec: 32
nr_doubles: 16384
nr_of_strided_rec: 32
nr_doubles: 16384
nr_of_strided_rec: 32
nr_doubles: 16384
nr_of_strided_rec: 32
nr_doubles: 16384

Write the data to file:33554432 bytes
***********WAITING************

Write the data to file:33554432 bytes
***********WAITING************

Write the data to file:33554432 bytes
***********WAITING************

Write the data to file:33554432 bytes
***********WAITING************

Write the data to file:33554432 bytes
***********WAITING************

Write the data to file:33554432 bytes
***********WAITING************

Write the data to file:33554432 bytes
***********WAITING************

Write the data to file:33554432 bytes
***********WAITING************

Write the data to file:33554432 bytes
***********WAITING************

Write the data to file:33554432 bytes
***********WAITING************

Write the data to file:33554432 bytes
***********WAITING************

Write the data to file:33554432 bytes
***********WAITING************

Write the data to file:33554432 bytes
***********WAITING************

Write the data to file:33554432 bytes
***********WAITING************

Write the data to file:33554432 bytes
***********WAITING************

Write the data to file:33554432 bytes
***********WAITING************
nr_of_strided_rec: 32
nr_doubles: 16384
nr_of_strided_rec: 32
nr_doubles: 16384
nr_of_strided_rec: 32
nr_doubles: 16384
nr_of_strided_rec: 32
nr_doubles: 16384
nr_of_strided_rec: 32
nr_doubles: 16384
nr_of_strided_rec: 32
nr_doubles: 16384
nr_of_strided_rec: 32
nr_doubles: 16384
nr_of_strided_rec: 32
nr_doubles: 16384
nr_of_strided_rec: 32
nr_doubles: 16384
nr_of_strided_rec: 32
nr_doubles: 16384
nr_of_strided_rec: 32
nr_doubles: 16384
nr_of_strided_rec: 32
nr_doubles: 16384
nr_of_strided_rec: 32
nr_doubles: 16384
nr_of_strided_rec: 32
nr_doubles: 16384
nr_of_strided_rec: 32
nr_doubles: 16384
nr_of_strided_rec: 32
nr_doubles: 16384

Write the data to file:33554432 bytes
***********WAITING************

Write the data to file:33554432 bytes
***********WAITING************

Write the data to file:33554432 bytes
***********WAITING************

Write the data to file:33554432 bytes
***********WAITING************

Write the data to file:33554432 bytes
***********WAITING************

Write the data to file:33554432 bytes
***********WAITING************

Write the data to file:33554432 bytes
***********WAITING************

Write the data to file:33554432 bytes
***********WAITING************

Write the data to file:33554432 bytes
***********WAITING************

Write the data to file:33554432 bytes
***********WAITING************

Write the data to file:33554432 bytes
***********WAITING************

Write the data to file:33554432 bytes
***********WAITING************

Write the data to file:33554432 bytes
***********WAITING************

Write the data to file:33554432 bytes
***********WAITING************

Write the data to file:33554432 bytes
***********WAITING************

Write the data to file:33554432 bytes
***********WAITING************
nr_of_strided_rec: 32
nr_doubles: 16384
nr_of_strided_rec: 32
nr_doubles: 16384
nr_of_strided_rec: 32
nr_doubles: 16384
nr_of_strided_rec: 32
nr_doubles: 16384
nr_of_strided_rec: 32
nr_doubles: 16384
nr_of_strided_rec: 32
nr_doubles: 16384
nr_of_strided_rec: 32
nr_doubles: 16384
nr_of_strided_rec: 32
nr_doubles: 16384
nr_of_strided_rec: 32
nr_doubles: 16384
nr_of_strided_rec: 32
nr_doubles: 16384
nr_of_strided_rec: 32
nr_doubles: 16384
nr_of_strided_rec: 32
nr_doubles: 16384
nr_of_strided_rec: 32
nr_doubles: 16384
nr_of_strided_rec: 32
nr_doubles: 16384
nr_of_strided_rec: 32
nr_doubles: 16384
nr_of_strided_rec: 32
nr_doubles: 16384

Write the data to file:33554432 bytes
***********WAITING************

Write the data to file:33554432 bytes
***********WAITING************

Write the data to file:33554432 bytes
***********WAITING************

Write the data to file:33554432 bytes
***********WAITING************

Write the data to file:33554432 bytes
***********WAITING************

Write the data to file:33554432 bytes
***********WAITING************

Write the data to file:33554432 bytes
***********WAITING************

Write the data to file:33554432 bytes
***********WAITING************

Write the data to file:33554432 bytes
***********WAITING************

Write the data to file:33554432 bytes
***********WAITING************

Write the data to file:33554432 bytes
***********WAITING************

Write the data to file:33554432 bytes
***********WAITING************

Write the data to file:33554432 bytes
***********WAITING************

Write the data to file:33554432 bytes
***********WAITING************

Write the data to file:33554432 bytes
***********WAITING************

Write the data to file:33554432 bytes
***********WAITING************
nr_of_strided_rec: 32
nr_doubles: 16384
nr_of_strided_rec: 32
nr_doubles: 16384
nr_of_strided_rec: 32
nr_doubles: 16384
nr_of_strided_rec: 32
nr_doubles: 16384
nr_of_strided_rec: 32
nr_doubles: 16384
nr_of_strided_rec: 32
nr_doubles: 16384
nr_of_strided_rec: 32
nr_doubles: 16384
nr_of_strided_rec: 32
nr_doubles: 16384
nr_of_strided_rec: 32
nr_doubles: 16384
nr_of_strided_rec: 32
nr_doubles: 16384
nr_of_strided_rec: 32
nr_doubles: 16384
nr_of_strided_rec: 32
nr_doubles: 16384
nr_of_strided_rec: 32
nr_doubles: 16384
nr_of_strided_rec: 32
nr_doubles: 16384
nr_of_strided_rec: 32
nr_doubles: 16384
nr_of_strided_rec: 32
nr_doubles: 16384

Write the data to file:33554432 bytes
***********WAITING************

Write the data to file:33554432 bytes
***********WAITING************

Write the data to file:33554432 bytes
***********WAITING************

Write the data to file:33554432 bytes
***********WAITING************

Write the data to file:33554432 bytes
***********WAITING************

Write the data to file:33554432 bytes
***********WAITING************

Write the data to file:33554432 bytes
***********WAITING************

Write the data to file:33554432 bytes
***********WAITING************

Write the data to file:33554432 bytes
***********WAITING************

Write the data to file:33554432 bytes
***********WAITING************

Write the data to file:33554432 bytes
***********WAITING************

Write the data to file:33554432 bytes
***********WAITING************

Write the data to file:33554432 bytes
***********WAITING************

Write the data to file:33554432 bytes
***********WAITING************

Write the data to file:33554432 bytes
***********WAITING************

Write the data to file:33554432 bytes
***********WAITING************
nr_of_strided_rec: 32
nr_doubles: 16384
nr_of_strided_rec: 32
nr_doubles: 16384
nr_of_strided_rec: 32
nr_doubles: 16384
nr_of_strided_rec: 32
nr_doubles: 16384
nr_of_strided_rec: 32
nr_doubles: 16384
nr_of_strided_rec: 32
nr_doubles: 16384
nr_of_strided_rec: 32
nr_doubles: 16384
nr_of_strided_rec: 32
nr_doubles: 16384
nr_of_strided_rec: 32
nr_doubles: 16384
nr_of_strided_rec: 32
nr_doubles: 16384
nr_of_strided_rec: 32
nr_doubles: 16384
nr_of_strided_rec: 32
nr_doubles: 16384
nr_of_strided_rec: 32
nr_doubles: 16384
nr_of_strided_rec: 32
nr_doubles: 16384
nr_of_strided_rec: 32
nr_doubles: 16384
nr_of_strided_rec: 32
nr_doubles: 16384

Write the data to file:33554432 bytes
***********WAITING************

Write the data to file:33554432 bytes
***********WAITING************

Write the data to file:33554432 bytes
***********WAITING************

Write the data to file:33554432 bytes
***********WAITING************

Write the data to file:33554432 bytes
***********WAITING************

Write the data to file:33554432 bytes
***********WAITING************

Write the data to file:33554432 bytes
***********WAITING************

Write the data to file:33554432 bytes
***********WAITING************

Write the data to file:33554432 bytes
***********WAITING************

Write the data to file:33554432 bytes
***********WAITING************

Write the data to file:33554432 bytes
***********WAITING************

Write the data to file:33554432 bytes
***********WAITING************

Write the data to file:33554432 bytes
***********WAITING************

Write the data to file:33554432 bytes
***********WAITING************

Write the data to file:33554432 bytes
***********WAITING************

Write the data to file:33554432 bytes
***********WAITING************
nr_of_strided_rec: 32
nr_doubles: 16384
nr_of_strided_rec: 32
nr_doubles: 16384
nr_of_strided_rec: 32
nr_doubles: 16384
nr_of_strided_rec: 32
nr_doubles: 16384
nr_of_strided_rec: 32
nr_doubles: 16384
nr_of_strided_rec: 32
nr_doubles: 16384
nr_of_strided_rec: 32
nr_doubles: 16384
nr_of_strided_rec: 32
nr_doubles: 16384
nr_of_strided_rec: 32
nr_doubles: 16384
nr_of_strided_rec: 32
nr_doubles: 16384
nr_of_strided_rec: 32
nr_doubles: 16384
nr_of_strided_rec: 32
nr_doubles: 16384
nr_of_strided_rec: 32
nr_doubles: 16384
nr_of_strided_rec: 32
nr_doubles: 16384
nr_of_strided_rec: 32
nr_doubles: 16384
nr_of_strided_rec: 32
nr_doubles: 16384

Write the data to file:33554432 bytes
***********WAITING************

Write the data to file:33554432 bytes
***********WAITING************

Write the data to file:33554432 bytes
***********WAITING************

Write the data to file:33554432 bytes
***********WAITING************

Write the data to file:33554432 bytes
***********WAITING************

Write the data to file:33554432 bytes
***********WAITING************

Write the data to file:33554432 bytes
***********WAITING************

Write the data to file:33554432 bytes
***********WAITING************

Write the data to file:33554432 bytes
***********WAITING************

Write the data to file:33554432 bytes
***********WAITING************

Write the data to file:33554432 bytes
***********WAITING************

Write the data to file:33554432 bytes
***********WAITING************

Write the data to file:33554432 bytes
***********WAITING************

Write the data to file:33554432 bytes
***********WAITING************

Write the data to file:33554432 bytes
***********WAITING************

Write the data to file:33554432 bytes
***********WAITING************
nr_of_strided_rec: 32
nr_doubles: 16384
nr_of_strided_rec: 32
nr_doubles: 16384
nr_of_strided_rec: 32
nr_doubles: 16384
nr_of_strided_rec: 32
nr_doubles: 16384
nr_of_strided_rec: 32
nr_doubles: 16384
nr_of_strided_rec: 32
nr_doubles: 16384
nr_of_strided_rec: 32
nr_doubles: 16384
nr_of_strided_rec: 32
nr_doubles: 16384
nr_of_strided_rec: 32
nr_doubles: 16384
nr_of_strided_rec: 32
nr_doubles: 16384
nr_of_strided_rec: 32
nr_doubles: 16384
nr_of_strided_rec: 32
nr_doubles: 16384
nr_of_strided_rec: 32
nr_doubles: 16384
nr_of_strided_rec: 32
nr_doubles: 16384
nr_of_strided_rec: 32
nr_doubles: 16384
nr_of_strided_rec: 32
nr_doubles: 16384

Write the data to file:33554432 bytes
***********WAITING************

Write the data to file:33554432 bytes
***********WAITING************

Write the data to file:33554432 bytes
***********WAITING************

Write the data to file:33554432 bytes
***********WAITING************

Write the data to file:33554432 bytes
***********WAITING************

Write the data to file:33554432 bytes
***********WAITING************

Write the data to file:33554432 bytes
***********WAITING************

Write the data to file:33554432 bytes
***********WAITING************

Write the data to file:33554432 bytes
***********WAITING************

Write the data to file:33554432 bytes
***********WAITING************

Write the data to file:33554432 bytes
***********WAITING************

Write the data to file:33554432 bytes
***********WAITING************

Write the data to file:33554432 bytes
***********WAITING************

Write the data to file:33554432 bytes
***********WAITING************

Write the data to file:33554432 bytes
***********WAITING************

Write the data to file:33554432 bytes
***********WAITING************
nr_of_strided_rec: 32
nr_doubles: 16384
nr_of_strided_rec: 32
nr_doubles: 16384
nr_of_strided_rec: 32
nr_doubles: 16384
nr_of_strided_rec: 32
nr_doubles: 16384
nr_of_strided_rec: 32
nr_doubles: 16384
nr_of_strided_rec: 32
nr_doubles: 16384
nr_of_strided_rec: 32
nr_doubles: 16384
nr_of_strided_rec: 32
nr_doubles: 16384
nr_of_strided_rec: 32
nr_doubles: 16384
nr_of_strided_rec: 32
nr_doubles: 16384
nr_of_strided_rec: 32
nr_doubles: 16384
nr_of_strided_rec: 32
nr_doubles: 16384
nr_of_strided_rec: 32
nr_doubles: 16384
nr_of_strided_rec: 32
nr_doubles: 16384
nr_of_strided_rec: 32
nr_doubles: 16384
nr_of_strided_rec: 32
nr_doubles: 16384

Write the data to file:33554432 bytes
***********WAITING************

Write the data to file:33554432 bytes
***********WAITING************

Write the data to file:33554432 bytes
***********WAITING************

Write the data to file:33554432 bytes
***********WAITING************

Write the data to file:33554432 bytes
***********WAITING************

Write the data to file:33554432 bytes
***********WAITING************

Write the data to file:33554432 bytes
***********WAITING************

Write the data to file:33554432 bytes
***********WAITING************

Write the data to file:33554432 bytes
***********WAITING************

Write the data to file:33554432 bytes
***********WAITING************

Write the data to file:33554432 bytes
***********WAITING************

Write the data to file:33554432 bytes
***********WAITING************

Write the data to file:33554432 bytes
***********WAITING************

Write the data to file:33554432 bytes
***********WAITING************

Write the data to file:33554432 bytes
***********WAITING************

Write the data to file:33554432 bytes
***********WAITING************
nr_of_strided_rec: 32
nr_doubles: 16384
nr_of_strided_rec: 32
nr_doubles: 16384
nr_of_strided_rec: 32
nr_doubles: 16384
nr_of_strided_rec: 32
nr_doubles: 16384
nr_of_strided_rec: 32
nr_doubles: 16384
nr_of_strided_rec: 32
nr_doubles: 16384
nr_of_strided_rec: 32
nr_doubles: 16384
nr_of_strided_rec: 32
nr_doubles: 16384
nr_of_strided_rec: 32
nr_doubles: 16384
nr_of_strided_rec: 32
nr_doubles: 16384
nr_of_strided_rec: 32
nr_doubles: 16384
nr_of_strided_rec: 32
nr_doubles: 16384
nr_of_strided_rec: 32
nr_doubles: 16384
nr_of_strided_rec: 32
nr_doubles: 16384
nr_of_strided_rec: 32
nr_doubles: 16384
nr_of_strided_rec: 32
nr_doubles: 16384

Write the data to file:33554432 bytes
***********WAITING************

Write the data to file:33554432 bytes
***********WAITING************

Write the data to file:33554432 bytes
***********WAITING************

Write the data to file:33554432 bytes
***********WAITING************

Write the data to file:33554432 bytes
***********WAITING************

Write the data to file:33554432 bytes
***********WAITING************

Write the data to file:33554432 bytes
***********WAITING************

Write the data to file:33554432 bytes
***********WAITING************

Write the data to file:33554432 bytes
***********WAITING************

Write the data to file:33554432 bytes
***********WAITING************

Write the data to file:33554432 bytes
***********WAITING************

Write the data to file:33554432 bytes
***********WAITING************

Write the data to file:33554432 bytes
***********WAITING************

Write the data to file:33554432 bytes
***********WAITING************

Write the data to file:33554432 bytes
***********WAITING************

Write the data to file:33554432 bytes
***********WAITING************
nr_of_strided_rec: 32
nr_doubles: 16384
nr_of_strided_rec: 32
nr_doubles: 16384
nr_of_strided_rec: 32
nr_doubles: 16384
nr_of_strided_rec: 32
nr_doubles: 16384
nr_of_strided_rec: 32
nr_doubles: 16384
nr_of_strided_rec: 32
nr_doubles: 16384
nr_of_strided_rec: 32
nr_doubles: 16384
nr_of_strided_rec: 32
nr_doubles: 16384
nr_of_strided_rec: 32
nr_doubles: 16384
nr_of_strided_rec: 32
nr_doubles: 16384
nr_of_strided_rec: 32
nr_doubles: 16384
nr_of_strided_rec: 32
nr_doubles: 16384
nr_of_strided_rec: 32
nr_doubles: 16384
nr_of_strided_rec: 32
nr_doubles: 16384
nr_of_strided_rec: 32
nr_doubles: 16384
nr_of_strided_rec: 32
nr_doubles: 16384

Write the data to file:33554432 bytes
***********WAITING************

Write the data to file:33554432 bytes
***********WAITING************

Write the data to file:33554432 bytes
***********WAITING************

Write the data to file:33554432 bytes
***********WAITING************

Write the data to file:33554432 bytes
***********WAITING************

Write the data to file:33554432 bytes
***********WAITING************

Write the data to file:33554432 bytes
***********WAITING************

Write the data to file:33554432 bytes
***********WAITING************

Write the data to file:33554432 bytes
***********WAITING************

Write the data to file:33554432 bytes
***********WAITING************

Write the data to file:33554432 bytes
***********WAITING************

Write the data to file:33554432 bytes
***********WAITING************

Write the data to file:33554432 bytes
***********WAITING************

Write the data to file:33554432 bytes
***********WAITING************

Write the data to file:33554432 bytes
***********WAITING************

Write the data to file:33554432 bytes
***********WAITING************
nr_of_strided_rec: 32
nr_doubles: 16384
nr_of_strided_rec: 32
nr_doubles: 16384
nr_of_strided_rec: 32
nr_doubles: 16384
nr_of_strided_rec: 32
nr_doubles: 16384
nr_of_strided_rec: 32
nr_doubles: 16384
nr_of_strided_rec: 32
nr_doubles: 16384
nr_of_strided_rec: 32
nr_doubles: 16384
nr_of_strided_rec: 32
nr_doubles: 16384
nr_of_strided_rec: 32
nr_doubles: 16384
nr_of_strided_rec: 32
nr_doubles: 16384
nr_of_strided_rec: 32
nr_doubles: 16384
nr_of_strided_rec: 32
nr_doubles: 16384
nr_of_strided_rec: 32
nr_doubles: 16384
nr_of_strided_rec: 32
nr_doubles: 16384
nr_of_strided_rec: 32
nr_doubles: 16384
nr_of_strided_rec: 32
nr_doubles: 16384

Write the data to file:33554432 bytes
***********WAITING************

Write the data to file:33554432 bytes
***********WAITING************

Write the data to file:33554432 bytes
***********WAITING************

Write the data to file:33554432 bytes
***********WAITING************

Write the data to file:33554432 bytes
***********WAITING************

Write the data to file:33554432 bytes
***********WAITING************

Write the data to file:33554432 bytes
***********WAITING************

Write the data to file:33554432 bytes
***********WAITING************

Write the data to file:33554432 bytes
***********WAITING************

Write the data to file:33554432 bytes
***********WAITING************

Write the data to file:33554432 bytes
***********WAITING************

Write the data to file:33554432 bytes
***********WAITING************

Write the data to file:33554432 bytes
***********WAITING************

Write the data to file:33554432 bytes
***********WAITING************

Write the data to file:33554432 bytes
***********WAITING************

Write the data to file:33554432 bytes
***********WAITING************
nr_of_strided_rec: 32
nr_doubles: 16384
nr_of_strided_rec: 32
nr_doubles: 16384
nr_of_strided_rec: 32
nr_doubles: 16384
nr_of_strided_rec: 32
nr_doubles: 16384
nr_of_strided_rec: 32
nr_doubles: 16384
nr_of_strided_rec: 32
nr_doubles: 16384
nr_of_strided_rec: 32
nr_doubles: 16384
nr_of_strided_rec: 32
nr_doubles: 16384
nr_of_strided_rec: 32
nr_doubles: 16384
nr_of_strided_rec: 32
nr_doubles: 16384
nr_of_strided_rec: 32
nr_doubles: 16384
nr_of_strided_rec: 32
nr_doubles: 16384
nr_of_strided_rec: 32
nr_doubles: 16384
nr_of_strided_rec: 32
nr_doubles: 16384
nr_of_strided_rec: 32
nr_doubles: 16384
nr_of_strided_rec: 32
nr_doubles: 16384

Write the data to file:33554432 bytes
***********WAITING************

Write the data to file:33554432 bytes
***********WAITING************

Write the data to file:33554432 bytes
***********WAITING************

Write the data to file:33554432 bytes
***********WAITING************

Write the data to file:33554432 bytes
***********WAITING************

Write the data to file:33554432 bytes
***********WAITING************

Write the data to file:33554432 bytes
***********WAITING************

Write the data to file:33554432 bytes
***********WAITING************

Write the data to file:33554432 bytes
***********WAITING************

Write the data to file:33554432 bytes
***********WAITING************

Write the data to file:33554432 bytes
***********WAITING************

Write the data to file:33554432 bytes
***********WAITING************

Write the data to file:33554432 bytes
***********WAITING************

Write the data to file:33554432 bytes
***********WAITING************

Write the data to file:33554432 bytes
***********WAITING************

Write the data to file:33554432 bytes
***********WAITING************
nr_of_strided_rec: 32
nr_doubles: 16384
nr_of_strided_rec: 32
nr_doubles: 16384
nr_of_strided_rec: 32
nr_doubles: 16384
nr_of_strided_rec: 32
nr_doubles: 16384
nr_of_strided_rec: 32
nr_doubles: 16384
nr_of_strided_rec: 32
nr_doubles: 16384
nr_of_strided_rec: 32
nr_doubles: 16384
nr_of_strided_rec: 32
nr_doubles: 16384
nr_of_strided_rec: 32
nr_doubles: 16384
nr_of_strided_rec: 32
nr_doubles: 16384
nr_of_strided_rec: 32
nr_doubles: 16384
nr_of_strided_rec: 32
nr_doubles: 16384
nr_of_strided_rec: 32
nr_doubles: 16384
nr_of_strided_rec: 32
nr_doubles: 16384
nr_of_strided_rec: 32
nr_doubles: 16384
nr_of_strided_rec: 32
nr_doubles: 16384

Write the data to file:33554432 bytes
***********WAITING************

Write the data to file:33554432 bytes
***********WAITING************

Write the data to file:33554432 bytes
***********WAITING************

Write the data to file:33554432 bytes
***********WAITING************

Write the data to file:33554432 bytes
***********WAITING************

Write the data to file:33554432 bytes
***********WAITING************

Write the data to file:33554432 bytes
***********WAITING************

Write the data to file:33554432 bytes
***********WAITING************

Write the data to file:33554432 bytes
***********WAITING************

Write the data to file:33554432 bytes
***********WAITING************

Write the data to file:33554432 bytes
***********WAITING************

Write the data to file:33554432 bytes
***********WAITING************

Write the data to file:33554432 bytes
***********WAITING************

Write the data to file:33554432 bytes
***********WAITING************

Write the data to file:33554432 bytes
***********WAITING************

Write the data to file:33554432 bytes
***********WAITING************
nr_of_strided_rec: 32
nr_doubles: 16384
nr_of_strided_rec: 32
nr_doubles: 16384
nr_of_strided_rec: 32
nr_doubles: 16384
nr_of_strided_rec: 32
nr_doubles: 16384
nr_of_strided_rec: 32
nr_doubles: 16384
nr_of_strided_rec: 32
nr_doubles: 16384
nr_of_strided_rec: 32
nr_doubles: 16384
nr_of_strided_rec: 32
nr_doubles: 16384
nr_of_strided_rec: 32
nr_doubles: 16384
nr_of_strided_rec: 32
nr_doubles: 16384
nr_of_strided_rec: 32
nr_doubles: 16384
nr_of_strided_rec: 32
nr_doubles: 16384
nr_of_strided_rec: 32
nr_doubles: 16384
nr_of_strided_rec: 32
nr_doubles: 16384
nr_of_strided_rec: 32
nr_doubles: 16384
nr_of_strided_rec: 32
nr_doubles: 16384

Write the data to file:33554432 bytes
***********WAITING************

Write the data to file:33554432 bytes
***********WAITING************

Write the data to file:33554432 bytes
***********WAITING************

Write the data to file:33554432 bytes
***********WAITING************

Write the data to file:33554432 bytes
***********WAITING************

Write the data to file:33554432 bytes
***********WAITING************

Write the data to file:33554432 bytes
***********WAITING************

Write the data to file:33554432 bytes
***********WAITING************

Write the data to file:33554432 bytes
***********WAITING************

Write the data to file:33554432 bytes
***********WAITING************

Write the data to file:33554432 bytes
***********WAITING************

Write the data to file:33554432 bytes
***********WAITING************

Write the data to file:33554432 bytes
***********WAITING************

Write the data to file:33554432 bytes
***********WAITING************

Write the data to file:33554432 bytes
***********WAITING************

Write the data to file:33554432 bytes
***********WAITING************
nr_of_strided_rec: 32
nr_doubles: 16384
nr_of_strided_rec: 32
nr_doubles: 16384
nr_of_strided_rec: 32
nr_doubles: 16384
nr_of_strided_rec: 32
nr_doubles: 16384
nr_of_strided_rec: 32
nr_doubles: 16384
nr_of_strided_rec: 32
nr_doubles: 16384
nr_of_strided_rec: 32
nr_doubles: 16384
nr_of_strided_rec: 32
nr_doubles: 16384
nr_of_strided_rec: 32
nr_doubles: 16384
nr_of_strided_rec: 32
nr_doubles: 16384
nr_of_strided_rec: 32
nr_doubles: 16384
nr_of_strided_rec: 32
nr_doubles: 16384
nr_of_strided_rec: 32
nr_doubles: 16384
nr_of_strided_rec: 32
nr_doubles: 16384
nr_of_strided_rec: 32
nr_doubles: 16384
nr_of_strided_rec: 32
nr_doubles: 16384

Write the data to file:33554432 bytes
***********WAITING************

Write the data to file:33554432 bytes
***********WAITING************

Write the data to file:33554432 bytes
***********WAITING************

Write the data to file:33554432 bytes
***********WAITING************

Write the data to file:33554432 bytes
***********WAITING************

Write the data to file:33554432 bytes
***********WAITING************

Write the data to file:33554432 bytes
***********WAITING************

Write the data to file:33554432 bytes
***********WAITING************

Write the data to file:33554432 bytes
***********WAITING************

Write the data to file:33554432 bytes
***********WAITING************

Write the data to file:33554432 bytes
***********WAITING************

Write the data to file:33554432 bytes
***********WAITING************

Write the data to file:33554432 bytes
***********WAITING************

Write the data to file:33554432 bytes
***********WAITING************

Write the data to file:33554432 bytes
***********WAITING************

Write the data to file:33554432 bytes
***********WAITING************
nr_of_strided_rec: 32
nr_doubles: 16384
nr_of_strided_rec: 32
nr_doubles: 16384
nr_of_strided_rec: 32
nr_doubles: 16384
nr_of_strided_rec: 32
nr_doubles: 16384
nr_of_strided_rec: 32
nr_doubles: 16384
nr_of_strided_rec: 32
nr_doubles: 16384
nr_of_strided_rec: 32
nr_doubles: 16384
nr_of_strided_rec: 32
nr_doubles: 16384
nr_of_strided_rec: 32
nr_doubles: 16384
nr_of_strided_rec: 32
nr_doubles: 16384
nr_of_strided_rec: 32
nr_doubles: 16384
nr_of_strided_rec: 32
nr_doubles: 16384
nr_of_strided_rec: 32
nr_doubles: 16384
nr_of_strided_rec: 32
nr_doubles: 16384
nr_of_strided_rec: 32
nr_doubles: 16384
nr_of_strided_rec: 32
nr_doubles: 16384

Write the data to file:33554432 bytes
***********WAITING************

Write the data to file:33554432 bytes
***********WAITING************

Write the data to file:33554432 bytes
***********WAITING************

Write the data to file:33554432 bytes
***********WAITING************

Write the data to file:33554432 bytes
***********WAITING************

Write the data to file:33554432 bytes
***********WAITING************

Write the data to file:33554432 bytes
***********WAITING************

Write the data to file:33554432 bytes
***********WAITING************

Write the data to file:33554432 bytes
***********WAITING************

Write the data to file:33554432 bytes
***********WAITING************

Write the data to file:33554432 bytes
***********WAITING************

Write the data to file:33554432 bytes
***********WAITING************

Write the data to file:33554432 bytes
***********WAITING************

Write the data to file:33554432 bytes
***********WAITING************

Write the data to file:33554432 bytes
***********WAITING************

Write the data to file:33554432 bytes
***********WAITING************
nr_of_strided_rec: 32
nr_doubles: 16384
nr_of_strided_rec: 32
nr_doubles: 16384
nr_of_strided_rec: 32
nr_doubles: 16384
nr_of_strided_rec: 32
nr_doubles: 16384
nr_of_strided_rec: 32
nr_doubles: 16384
nr_of_strided_rec: 32
nr_doubles: 16384
nr_of_strided_rec: 32
nr_doubles: 16384
nr_of_strided_rec: 32
nr_doubles: 16384
nr_of_strided_rec: 32
nr_doubles: 16384
nr_of_strided_rec: 32
nr_doubles: 16384
nr_of_strided_rec: 32
nr_doubles: 16384
nr_of_strided_rec: 32
nr_doubles: 16384
nr_of_strided_rec: 32
nr_doubles: 16384
nr_of_strided_rec: 32
nr_doubles: 16384
nr_of_strided_rec: 32
nr_doubles: 16384
nr_of_strided_rec: 32
nr_doubles: 16384

Write the data to file:33554432 bytes
***********WAITING************

Write the data to file:33554432 bytes
***********WAITING************

Write the data to file:33554432 bytes
***********WAITING************

Write the data to file:33554432 bytes
***********WAITING************

Write the data to file:33554432 bytes
***********WAITING************

Write the data to file:33554432 bytes
***********WAITING************

Write the data to file:33554432 bytes
***********WAITING************

Write the data to file:33554432 bytes
***********WAITING************

Write the data to file:33554432 bytes
***********WAITING************

Write the data to file:33554432 bytes
***********WAITING************

Write the data to file:33554432 bytes
***********WAITING************

Write the data to file:33554432 bytes
***********WAITING************

Write the data to file:33554432 bytes
***********WAITING************

Write the data to file:33554432 bytes
***********WAITING************

Write the data to file:33554432 bytes
***********WAITING************

Write the data to file:33554432 bytes
***********WAITING************
nr_of_strided_rec: 32
nr_doubles: 16384
nr_of_strided_rec: 32
nr_doubles: 16384
nr_of_strided_rec: 32
nr_doubles: 16384
nr_of_strided_rec: 32
nr_doubles: 16384
nr_of_strided_rec: 32
nr_doubles: 16384
nr_of_strided_rec: 32
nr_doubles: 16384
nr_of_strided_rec: 32
nr_doubles: 16384
nr_of_strided_rec: 32
nr_doubles: 16384
nr_of_strided_rec: 32
nr_doubles: 16384
nr_of_strided_rec: 32
nr_doubles: 16384
nr_of_strided_rec: 32
nr_doubles: 16384
nr_of_strided_rec: 32
nr_doubles: 16384
nr_of_strided_rec: 32
nr_doubles: 16384
nr_of_strided_rec: 32
nr_doubles: 16384
nr_of_strided_rec: 32
nr_doubles: 16384
nr_of_strided_rec: 32
nr_doubles: 16384

Write the data to file:33554432 bytes
***********WAITING************

Write the data to file:33554432 bytes
***********WAITING************

Write the data to file:33554432 bytes
***********WAITING************

Write the data to file:33554432 bytes
***********WAITING************

Write the data to file:33554432 bytes
***********WAITING************

Write the data to file:33554432 bytes
***********WAITING************

Write the data to file:33554432 bytes
***********WAITING************

Write the data to file:33554432 bytes
***********WAITING************

Write the data to file:33554432 bytes
***********WAITING************

Write the data to file:33554432 bytes
***********WAITING************

Write the data to file:33554432 bytes
***********WAITING************

Write the data to file:33554432 bytes
***********WAITING************

Write the data to file:33554432 bytes
***********WAITING************

Write the data to file:33554432 bytes
***********WAITING************

Write the data to file:33554432 bytes
***********WAITING************

Write the data to file:33554432 bytes
***********WAITING************
nr_of_strided_rec: 32
nr_doubles: 16384
nr_of_strided_rec: 32
nr_doubles: 16384
nr_of_strided_rec: 32
nr_doubles: 16384
nr_of_strided_rec: 32
nr_doubles: 16384
nr_of_strided_rec: 32
nr_doubles: 16384
nr_of_strided_rec: 32
nr_doubles: 16384
nr_of_strided_rec: 32
nr_doubles: 16384
nr_of_strided_rec: 32
nr_doubles: 16384
nr_of_strided_rec: 32
nr_doubles: 16384
nr_of_strided_rec: 32
nr_doubles: 16384
nr_of_strided_rec: 32
nr_doubles: 16384
nr_of_strided_rec: 32
nr_doubles: 16384
nr_of_strided_rec: 32
nr_doubles: 16384
nr_of_strided_rec: 32
nr_doubles: 16384
nr_of_strided_rec: 32
nr_doubles: 16384
nr_of_strided_rec: 32
nr_doubles: 16384

Write the data to file:33554432 bytes
***********WAITING************

Write the data to file:33554432 bytes
***********WAITING************

Write the data to file:33554432 bytes
***********WAITING************

Write the data to file:33554432 bytes
***********WAITING************

Write the data to file:33554432 bytes
***********WAITING************

Write the data to file:33554432 bytes
***********WAITING************

Write the data to file:33554432 bytes
***********WAITING************

Write the data to file:33554432 bytes
***********WAITING************

Write the data to file:33554432 bytes
***********WAITING************

Write the data to file:33554432 bytes
***********WAITING************

Write the data to file:33554432 bytes
***********WAITING************

Write the data to file:33554432 bytes
***********WAITING************

Write the data to file:33554432 bytes
***********WAITING************

Write the data to file:33554432 bytes
***********WAITING************

Write the data to file:33554432 bytes
***********WAITING************

Write the data to file:33554432 bytes
***********WAITING************
nr_of_strided_rec: 32
nr_doubles: 16384
nr_of_strided_rec: 32
nr_doubles: 16384
nr_of_strided_rec: 32
nr_doubles: 16384
nr_of_strided_rec: 32
nr_doubles: 16384
nr_of_strided_rec: 32
nr_doubles: 16384
nr_of_strided_rec: 32
nr_doubles: 16384
nr_of_strided_rec: 32
nr_doubles: 16384
nr_of_strided_rec: 32
nr_doubles: 16384
nr_of_strided_rec: 32
nr_doubles: 16384
nr_of_strided_rec: 32
nr_doubles: 16384
nr_of_strided_rec: 32
nr_doubles: 16384
nr_of_strided_rec: 32
nr_doubles: 16384
nr_of_strided_rec: 32
nr_doubles: 16384
nr_of_strided_rec: 32
nr_doubles: 16384
nr_of_strided_rec: 32
nr_doubles: 16384
nr_of_strided_rec: 32
nr_doubles: 16384

Write the data to file:33554432 bytes
***********WAITING************

Write the data to file:33554432 bytes
***********WAITING************

Write the data to file:33554432 bytes
***********WAITING************

Write the data to file:33554432 bytes
***********WAITING************

Write the data to file:33554432 bytes
***********WAITING************

Write the data to file:33554432 bytes
***********WAITING************

Write the data to file:33554432 bytes
***********WAITING************

Write the data to file:33554432 bytes
***********WAITING************

Write the data to file:33554432 bytes
***********WAITING************

Write the data to file:33554432 bytes
***********WAITING************

Write the data to file:33554432 bytes
***********WAITING************

Write the data to file:33554432 bytes
***********WAITING************

Write the data to file:33554432 bytes
***********WAITING************

Write the data to file:33554432 bytes
***********WAITING************

Write the data to file:33554432 bytes
***********WAITING************

Write the data to file:33554432 bytes
***********WAITING************

Write the data to file:33554432 bytes
***********WAITING************

Write the data to file:33554432 bytes
***********WAITING************

Write the data to file:33554432 bytes
***********WAITING************

Write the data to file:33554432 bytes
***********WAITING************

Write the data to file:33554432 bytes
***********WAITING************

Write the data to file:33554432 bytes
***********WAITING************

Write the data to file:33554432 bytes
***********WAITING************

Write the data to file:33554432 bytes
***********WAITING************

Write the data to file:33554432 bytes
***********WAITING************

Write the data to file:33554432 bytes
***********WAITING************

Write the data to file:33554432 bytes
***********WAITING************

Write the data to file:33554432 bytes
***********WAITING************

Write the data to file:33554432 bytes
***********WAITING************

Write the data to file:33554432 bytes
***********WAITING************

Write the data to file:33554432 bytes
***********WAITING************

Write the data to file:33554432 bytes
***********WAITING************
W_cc         2.09   [      2.09:      2.09]
W_r         48.53   [     48.53:     48.53]
W_w         22.57   [     22.57:     22.57]
          -------
W_total     73.19   [     73.19:     73.19]

calc_W done
calc_W done
calc_W done
calc_W done
calc_W done
nr_of_strided_rec: 32
calc_W done
nr_of_strided_rec: 32
nr_doubles: 16384
calc_W done
nr_of_strided_rec: 32
nr_doubles: 16384
calc_W done
nr_of_strided_rec: 32
nr_doubles: 16384
calc_W done
nr_of_strided_rec: 32
nr_doubles: 16384
calc_W done
nr_of_strided_rec: 32
nr_doubles: 16384
calc_W done
nr_of_strided_rec: 32
nr_doubles: 16384
calc_W done
nr_of_strided_rec: 32
nr_doubles: 16384
calc_W done
nr_of_strided_rec: 32
nr_doubles: 16384
calc_W done
nr_of_strided_rec: 32
nr_doubles: 16384
calc_W done
nr_of_strided_rec: 32
nr_doubles: 16384
calc_W done
nr_of_strided_rec: 32
nr_doubles: 16384
nr_of_strided_rec: 32
nr_doubles: 16384
nr_of_strided_rec: 32
nr_doubles: 16384
nr_of_strided_rec: 32
nr_doubles: 16384
nr_of_strided_rec: 32
nr_doubles: 16384
nr_doubles: 16384
nr_of_strided_rec: 32
nr_doubles: 16384
nr_of_strided_rec: 32
nr_doubles: 16384
nr_of_strided_rec: 32
nr_doubles: 16384
nr_of_strided_rec: 32
nr_doubles: 16384
nr_of_strided_rec: 32
nr_doubles: 16384
nr_of_strided_rec: 32
nr_doubles: 16384
nr_of_strided_rec: 32
nr_doubles: 16384
nr_of_strided_rec: 32
nr_doubles: 16384
nr_of_strided_rec: 32
nr_doubles: 16384
nr_of_strided_rec: 32
nr_doubles: 16384
nr_of_strided_rec: 32
nr_doubles: 16384
nr_of_strided_rec: 32
nr_doubles: 16384
nr_of_strided_rec: 32
nr_doubles: 16384
nr_of_strided_rec: 32
nr_doubles: 16384
nr_of_strided_rec: 32
nr_doubles: 16384
nr_of_strided_rec: 32
nr_doubles: 16384
nr_of_strided_rec: 32
nr_doubles: 16384
nr_of_strided_rec: 32
nr_doubles: 16384
nr_of_strided_rec: 32
nr_doubles: 16384
nr_of_strided_rec: 32
nr_doubles: 16384
nr_of_strided_rec: 32
nr_doubles: 16384
nr_of_strided_rec: 32
nr_doubles: 16384
nr_of_strided_rec: 32
nr_doubles: 16384
nr_of_strided_rec: 32
nr_doubles: 16384
nr_of_strided_rec: 32
nr_doubles: 16384
nr_of_strided_rec: 32
nr_doubles: 16384
nr_of_strided_rec: 32
nr_doubles: 16384
nr_of_strided_rec: 32
nr_doubles: 16384
nr_of_strided_rec: 32
nr_doubles: 16384
nr_of_strided_rec: 32
nr_doubles: 16384
nr_of_strided_rec: 32
nr_doubles: 16384
nr_of_strided_rec: 32
nr_doubles: 16384
nr_of_strided_rec: 32
nr_doubles: 16384
nr_of_strided_rec: 32
nr_doubles: 16384
nr_of_strided_rec: 32
nr_doubles: 16384
nr_of_strided_rec: 32
nr_doubles: 16384
nr_of_strided_rec: 32
nr_doubles: 16384
nr_of_strided_rec: 32
nr_doubles: 16384
nr_of_strided_rec: 32
nr_doubles: 16384
nr_of_strided_rec: 32
nr_doubles: 16384
nr_of_strided_rec: 32
nr_doubles: 16384
nr_of_strided_rec: 32
nr_doubles: 16384
nr_of_strided_rec: 32
nr_doubles: 16384
nr_of_strided_rec: 32
nr_doubles: 16384
nr_of_strided_rec: 32
nr_doubles: 16384
nr_of_strided_rec: 32
nr_doubles: 16384
nr_of_strided_rec: 32
nr_doubles: 16384
nr_of_strided_rec: 32
nr_doubles: 16384
nr_of_strided_rec: 32
nr_doubles: 16384
nr_of_strided_rec: 32
nr_doubles: 16384
nr_of_strided_rec: 32
nr_doubles: 16384
nr_of_strided_rec: 32
nr_doubles: 16384
nr_of_strided_rec: 32
nr_doubles: 16384
nr_of_strided_rec: 32
nr_doubles: 16384
nr_of_strided_rec: 32
nr_doubles: 16384
nr_of_strided_rec: 32
nr_doubles: 16384
nr_of_strided_rec: 32
nr_doubles: 16384
nr_of_strided_rec: 32
nr_doubles: 16384
nr_of_strided_rec: 32
nr_doubles: 16384
nr_of_strided_rec: 32
nr_doubles: 16384
nr_of_strided_rec: 32
nr_doubles: 16384
nr_of_strided_rec: 32
nr_doubles: 16384
nr_of_strided_rec: 32
nr_doubles: 16384
nr_of_strided_rec: 32
nr_doubles: 16384
nr_of_strided_rec: 32
nr_doubles: 16384
nr_of_strided_rec: 32
nr_doubles: 16384
nr_of_strided_rec: 32
nr_doubles: 16384
nr_of_strided_rec: 32
nr_doubles: 16384
nr_of_strided_rec: 32
nr_doubles: 16384
nr_of_strided_rec: 32
nr_doubles: 16384
nr_of_strided_rec: 32
nr_doubles: 16384
nr_of_strided_rec: 32
nr_doubles: 16384
nr_of_strided_rec: 32
nr_doubles: 16384
nr_of_strided_rec: 32
nr_doubles: 16384
nr_of_strided_rec: 32
nr_doubles: 16384
nr_of_strided_rec: 32
nr_doubles: 16384
nr_of_strided_rec: 32
nr_doubles: 16384
nr_of_strided_rec: 32
nr_doubles: 16384
nr_of_strided_rec: 32
nr_doubles: 16384
nr_of_strided_rec: 32
nr_doubles: 16384
nr_of_strided_rec: 32
nr_doubles: 16384
nr_of_strided_rec: 32
nr_doubles: 16384
nr_of_strided_rec: 32
nr_doubles: 16384
nr_of_strided_rec: 32
nr_doubles: 16384
nr_of_strided_rec: 32
nr_doubles: 16384
nr_of_strided_rec: 32
nr_doubles: 16384
nr_of_strided_rec: 32
nr_doubles: 16384
nr_of_strided_rec: 32
nr_doubles: 16384
nr_of_strided_rec: 32
nr_doubles: 16384
nr_of_strided_rec: 32
nr_doubles: 16384
nr_of_strided_rec: 32
nr_doubles: 16384
nr_of_strided_rec: 32
nr_doubles: 16384
nr_of_strided_rec: 32
nr_doubles: 16384
nr_of_strided_rec: 32
nr_doubles: 16384
nr_of_strided_rec: 32
nr_doubles: 16384
nr_of_strided_rec: 32
nr_doubles: 16384
nr_of_strided_rec: 32
nr_doubles: 16384
nr_of_strided_rec: 32
nr_doubles: 16384
nr_of_strided_rec: 32
nr_doubles: 16384
nr_of_strided_rec: 32
nr_doubles: 16384
nr_of_strided_rec: 32
nr_doubles: 16384
nr_of_strided_rec: 32
nr_doubles: 16384
nr_of_strided_rec: 32
nr_doubles: 16384
nr_of_strided_rec: 32
nr_doubles: 16384
nr_of_strided_rec: 32
nr_doubles: 16384
nr_of_strided_rec: 32
nr_doubles: 16384
nr_of_strided_rec: 32
nr_doubles: 16384
nr_of_strided_rec: 32
nr_doubles: 16384
nr_of_strided_rec: 32
nr_doubles: 16384
nr_of_strided_rec: 32
nr_doubles: 16384
nr_of_strided_rec: 32
nr_doubles: 16384
nr_of_strided_rec: 32
nr_doubles: 16384
nr_of_strided_rec: 32
nr_doubles: 16384
nr_of_strided_rec: 32
nr_doubles: 16384
nr_of_strided_rec: 32
nr_doubles: 16384
nr_of_strided_rec: 32
nr_doubles: 16384
nr_of_strided_rec: 32
nr_doubles: 16384
nr_of_strided_rec: 32
nr_doubles: 16384
nr_of_strided_rec: 32
nr_doubles: 16384
nr_of_strided_rec: 32
nr_doubles: 16384
nr_of_strided_rec: 32
nr_doubles: 16384
nr_of_strided_rec: 32
nr_doubles: 16384
nr_of_strided_rec: 32
nr_doubles: 16384
nr_of_strided_rec: 32
nr_doubles: 16384
nr_of_strided_rec: 32
nr_doubles: 16384
nr_of_strided_rec: 32
nr_doubles: 16384
nr_of_strided_rec: 32
nr_doubles: 16384
nr_of_strided_rec: 32
nr_doubles: 16384
nr_of_strided_rec: 32
nr_doubles: 16384
nr_of_strided_rec: 32
nr_doubles: 16384
nr_of_strided_rec: 32
nr_doubles: 16384
nr_of_strided_rec: 32
nr_doubles: 16384
nr_of_strided_rec: 32
nr_doubles: 16384
nr_of_strided_rec: 32
nr_doubles: 16384
nr_of_strided_rec: 32
nr_doubles: 16384
nr_of_strided_rec: 32
nr_doubles: 16384
nr_of_strided_rec: 32
nr_doubles: 16384
nr_of_strided_rec: 32
nr_doubles: 16384
nr_of_strided_rec: 32
nr_doubles: 16384
nr_of_strided_rec: 32
nr_doubles: 16384
nr_of_strided_rec: 32
nr_doubles: 16384
nr_of_strided_rec: 32
nr_doubles: 16384
nr_of_strided_rec: 32
nr_doubles: 16384
nr_of_strided_rec: 32
nr_doubles: 16384
nr_of_strided_rec: 32
nr_doubles: 16384
nr_of_strided_rec: 32
nr_doubles: 16384
nr_of_strided_rec: 32
nr_doubles: 16384
nr_of_strided_rec: 32
nr_doubles: 16384
nr_of_strided_rec: 32
nr_doubles: 16384
nr_of_strided_rec: 32
nr_doubles: 16384
nr_of_strided_rec: 32
nr_doubles: 16384
nr_of_strided_rec: 32
nr_doubles: 16384
nr_of_strided_rec: 32
nr_doubles: 16384
nr_of_strided_rec: 32
nr_doubles: 16384
nr_of_strided_rec: 32
nr_doubles: 16384
nr_of_strided_rec: 32
nr_doubles: 16384
nr_of_strided_rec: 32
nr_doubles: 16384
nr_of_strided_rec: 32
nr_doubles: 16384
nr_of_strided_rec: 32
nr_doubles: 16384
nr_of_strided_rec: 32
nr_doubles: 16384
nr_of_strided_rec: 32
nr_doubles: 16384
nr_of_strided_rec: 32
nr_doubles: 16384
nr_of_strided_rec: 32
nr_doubles: 16384
nr_of_strided_rec: 32
nr_doubles: 16384
nr_of_strided_rec: 32
nr_doubles: 16384
nr_of_strided_rec: 32
nr_doubles: 16384
nr_of_strided_rec: 32
nr_doubles: 16384
nr_of_strided_rec: 32
nr_doubles: 16384
nr_of_strided_rec: 32
nr_doubles: 16384
nr_of_strided_rec: 32
nr_doubles: 16384
nr_of_strided_rec: 32
nr_doubles: 16384
nr_of_strided_rec: 32
nr_doubles: 16384
nr_of_strided_rec: 32
nr_doubles: 16384
nr_of_strided_rec: 32
nr_doubles: 16384
nr_of_strided_rec: 32
nr_doubles: 16384
nr_of_strided_rec: 32
nr_doubles: 16384
nr_of_strided_rec: 32
nr_doubles: 16384
nr_of_strided_rec: 32
nr_doubles: 16384
nr_of_strided_rec: 32
nr_doubles: 16384
nr_of_strided_rec: 32
nr_doubles: 16384
nr_of_strided_rec: 32
nr_doubles: 16384
nr_of_strided_rec: 32
nr_doubles: 16384
nr_of_strided_rec: 32
nr_doubles: 16384
nr_of_strided_rec: 32
nr_doubles: 16384
nr_of_strided_rec: 32
nr_doubles: 16384
nr_of_strided_rec: 32
nr_doubles: 16384
nr_of_strided_rec: 32
nr_doubles: 16384
nr_of_strided_rec: 32
nr_doubles: 16384
nr_of_strided_rec: 32
nr_doubles: 16384
nr_of_strided_rec: 32
nr_doubles: 16384
nr_of_strided_rec: 32
nr_doubles: 16384
nr_of_strided_rec: 32
nr_doubles: 16384
nr_of_strided_rec: 32
nr_doubles: 16384
nr_of_strided_rec: 32
nr_doubles: 16384
nr_of_strided_rec: 32
nr_doubles: 16384
nr_of_strided_rec: 32
nr_doubles: 16384
nr_of_strided_rec: 32
nr_doubles: 16384
nr_of_strided_rec: 32
nr_doubles: 16384
nr_of_strided_rec: 32
nr_doubles: 16384
nr_of_strided_rec: 32
nr_doubles: 16384
nr_of_strided_rec: 32
nr_doubles: 16384
nr_of_strided_rec: 32
nr_doubles: 16384
nr_of_strided_rec: 32
nr_doubles: 16384
nr_of_strided_rec: 32
nr_doubles: 16384
nr_of_strided_rec: 32
nr_doubles: 16384
nr_of_strided_rec: 32
nr_doubles: 16384
nr_of_strided_rec: 32
nr_doubles: 16384
nr_of_strided_rec: 32
nr_doubles: 16384
nr_of_strided_rec: 32
nr_doubles: 16384
nr_of_strided_rec: 32
nr_doubles: 16384
nr_of_strided_rec: 32
nr_doubles: 16384
nr_of_strided_rec: 32
nr_doubles: 16384
nr_of_strided_rec: 32
nr_doubles: 16384
nr_of_strided_rec: 32
nr_doubles: 16384
nr_of_strided_rec: 32
nr_doubles: 16384
nr_of_strided_rec: 32
nr_doubles: 16384
nr_of_strided_rec: 32
nr_doubles: 16384
nr_of_strided_rec: 32
nr_doubles: 16384
nr_of_strided_rec: 32
nr_doubles: 16384
nr_of_strided_rec: 32
nr_doubles: 16384
nr_of_strided_rec: 32
nr_doubles: 16384
nr_of_strided_rec: 32
nr_doubles: 16384
nr_of_strided_rec: 32
nr_doubles: 16384
nr_of_strided_rec: 32
nr_doubles: 16384
nr_of_strided_rec: 32
nr_doubles: 16384
nr_of_strided_rec: 32
nr_doubles: 16384
nr_of_strided_rec: 32
nr_doubles: 16384
nr_of_strided_rec: 32
nr_doubles: 16384
nr_of_strided_rec: 32
nr_doubles: 16384
nr_of_strided_rec: 32
nr_doubles: 16384
nr_of_strided_rec: 32
nr_doubles: 16384
nr_of_strided_rec: 32
nr_doubles: 16384
nr_of_strided_rec: 32
nr_doubles: 16384
nr_of_strided_rec: 32
nr_doubles: 16384
nr_of_strided_rec: 32
nr_doubles: 16384
nr_of_strided_rec: 32
nr_doubles: 16384
nr_of_strided_rec: 32
nr_doubles: 16384
nr_of_strided_rec: 32
nr_doubles: 16384
nr_of_strided_rec: 32
nr_doubles: 16384
nr_of_strided_rec: 32
nr_doubles: 16384
nr_of_strided_rec: 32
nr_doubles: 16384
nr_of_strided_rec: 32
nr_doubles: 16384
nr_of_strided_rec: 32
nr_doubles: 16384
nr_of_strided_rec: 32
nr_doubles: 16384
nr_of_strided_rec: 32
nr_doubles: 16384
nr_of_strided_rec: 32
nr_doubles: 16384
nr_of_strided_rec: 32
nr_doubles: 16384
nr_of_strided_rec: 32
nr_doubles: 16384
nr_of_strided_rec: 32
nr_doubles: 16384
nr_of_strided_rec: 32
nr_doubles: 16384
nr_of_strided_rec: 32
nr_doubles: 16384
nr_of_strided_rec: 32
nr_doubles: 16384
nr_of_strided_rec: 32
nr_doubles: 16384
nr_of_strided_rec: 32
nr_doubles: 16384
nr_of_strided_rec: 32
nr_doubles: 16384
nr_of_strided_rec: 32
nr_doubles: 16384
nr_of_strided_rec: 32
nr_doubles: 16384
nr_of_strided_rec: 32
nr_doubles: 16384
nr_of_strided_rec: 32
nr_doubles: 16384
nr_of_strided_rec: 32
nr_doubles: 16384
nr_of_strided_rec: 32
nr_doubles: 16384
nr_of_strided_rec: 32
nr_doubles: 16384
nr_of_strided_rec: 32
nr_doubles: 16384
nr_of_strided_rec: 32
nr_doubles: 16384
nr_of_strided_rec: 32
nr_doubles: 16384
nr_of_strided_rec: 32
nr_doubles: 16384
nr_of_strided_rec: 32
nr_doubles: 16384
nr_of_strided_rec: 32
nr_doubles: 16384
nr_of_strided_rec: 32
