fclose PID:32102 fd:3
fclose PID:32102 fd:4
fclose PID:32102 fd:4
fclose PID:32102 fd:3
available: 2 nodes (0-1)
fclose PID:32102 fd:3
node 0 cpus:fclose PID:32102 fd:3
 0 1 2 3 4 5 6 7 8 9 20 21 22 23 24 25 26 27 28 29
node 0 size: 80440 MB
node 0 free: 80126 MB
fclose PID:32102 fd:3
node 1 cpus:fclose PID:32102 fd:3
 10 11 12 13 14 15 16 17 18 19 30 31 32 33 34 35 36 37 38 39
node 1 size: 80635 MB
node 1 free: 80379 MB
fclose PID:32102 fd:3
fclose PID:32102 fd:3
node distances:
node   0   1 
  0:  10  21 
  1:  21  10 
READAHEAD_TIME:0.000000 us
MaxRSS= 2188 KB, SharedMem= 0 KB, HardPageFault= 10
fclose PID:32107 fd:12
fclose PID:32108 fd:10
fclose PID:32110 fd:8
fclose PID:32109 fd:8

MADbench 2.0 IO-mode
no_pe = 4  no_pix = 16384  no_bin = 30  no_gang = 1 sblocksize = 8  fblocksize = 64  r_mod = 1  w_mod = 1 record_size=131072 stride=7


IOMETHOD = POSIX  IOMODE = SYNC  FILETYPE = UNIQUE  REMAP = CUSTOMbuild_S
build_S
build_S
build_S

Write the data to file:536870912 bytes
***********WAITING************

Write the data to file:536870912 bytes
***********WAITING************

Write the data to file:536870912 bytes
***********WAITING************

Write the data to file:536870912 bytes
***********WAITING************

Write the data to file:536870912 bytes
***********WAITING************

Write the data to file:536870912 bytes
***********WAITING************

Write the data to file:536870912 bytes
***********WAITING************

Write the data to file:536870912 bytes
***********WAITING************

Write the data to file:536870912 bytes
***********WAITING************

Write the data to file:536870912 bytes
***********WAITING************

Write the data to file:536870912 bytes
***********WAITING************

Write the data to file:536870912 bytes
***********WAITING************

Write the data to file:536870912 bytes
***********WAITING************

Write the data to file:536870912 bytes
***********WAITING************

Write the data to file:536870912 bytes
***********WAITING************

Write the data to file:536870912 bytes
***********WAITING************

Write the data to file:536870912 bytes
***********WAITING************

Write the data to file:536870912 bytes
***********WAITING************

Write the data to file:536870912 bytes
***********WAITING************

Write the data to file:536870912 bytes
***********WAITING************

Write the data to file:536870912 bytes
***********WAITING************

Write the data to file:536870912 bytes
***********WAITING************

Write the data to file:536870912 bytes
***********WAITING************

Write the data to file:536870912 bytes
***********WAITING************

Write the data to file:536870912 bytes
***********WAITING************

Write the data to file:536870912 bytes
***********WAITING************

Write the data to file:536870912 bytes
***********WAITING************

Write the data to file:536870912 bytes
***********WAITING************

Write the data to file:536870912 bytes
***********WAITING************

Write the data to file:536870912 bytes
***********WAITING************

Write the data to file:536870912 bytes
***********WAITING************

Write the data to file:536870912 bytes
***********WAITING************

Write the data to file:536870912 bytes
***********WAITING************

Write the data to file:536870912 bytes
***********WAITING************

Write the data to file:536870912 bytes
***********WAITING************

Write the data to file:536870912 bytes
***********WAITING************

Write the data to file:536870912 bytes
***********WAITING************

Write the data to file:536870912 bytes
***********WAITING************

Write the data to file:536870912 bytes
***********WAITING************

Write the data to file:536870912 bytes
***********WAITING************

Write the data to file:536870912 bytes
***********WAITING************

Write the data to file:536870912 bytes
***********WAITING************

Write the data to file:536870912 bytes
***********WAITING************

Write the data to file:536870912 bytes
***********WAITING************

Write the data to file:536870912 bytes
***********WAITING************

Write the data to file:536870912 bytes
***********WAITING************

Write the data to file:536870912 bytes
***********WAITING************

Write the data to file:536870912 bytes
***********WAITING************

Write the data to file:536870912 bytes
***********WAITING************

Write the data to file:536870912 bytes
***********WAITING************

Write the data to file:536870912 bytes
***********WAITING************

Write the data to file:536870912 bytes
***********WAITING************

Write the data to file:536870912 bytes
***********WAITING************

Write the data to file:536870912 bytes
***********WAITING************

Write the data to file:536870912 bytes
***********WAITING************

Write the data to file:536870912 bytes
***********WAITING************

Write the data to file:536870912 bytes
***********WAITING************

Write the data to file:536870912 bytes
***********WAITING************

Write the data to file:536870912 bytes
***********WAITING************

Write the data to file:536870912 bytes
***********WAITING************

Write the data to file:536870912 bytes
***********WAITING************

Write the data to file:536870912 bytes
***********WAITING************

Write the data to file:536870912 bytes
***********WAITING************

Write the data to file:536870912 bytes
***********WAITING************

Write the data to file:536870912 bytes
***********WAITING************

Write the data to file:536870912 bytes
***********WAITING************

Write the data to file:536870912 bytes
***********WAITING************

Write the data to file:536870912 bytes
***********WAITING************

Write the data to file:536870912 bytes
***********WAITING************

Write the data to file:536870912 bytes
***********WAITING************

Write the data to file:536870912 bytes
***********WAITING************

Write the data to file:536870912 bytes
***********WAITING************

Write the data to file:536870912 bytes
***********WAITING************

Write the data to file:536870912 bytes
***********WAITING************

Write the data to file:536870912 bytes
***********WAITING************

Write the data to file:536870912 bytes
***********WAITING************

Write the data to file:536870912 bytes
***********WAITING************

Write the data to file:536870912 bytes
***********WAITING************

Write the data to file:536870912 bytes
***********WAITING************

Write the data to file:536870912 bytes
***********WAITING************

Write the data to file:536870912 bytes
***********WAITING************

Write the data to file:536870912 bytes
***********WAITING************

Write the data to file:536870912 bytes
***********WAITING************

Write the data to file:536870912 bytes
***********WAITING************

Write the data to file:536870912 bytes
***********WAITING************

Write the data to file:536870912 bytes
***********WAITING************

Write the data to file:536870912 bytes
***********WAITING************

Write the data to file:536870912 bytes
***********WAITING************

Write the data to file:536870912 bytes
***********WAITING************

Write the data to file:536870912 bytes
***********WAITING************

Write the data to file:536870912 bytes
***********WAITING************

Write the data to file:536870912 bytes
***********WAITING************

Write the data to file:536870912 bytes
***********WAITING************

Write the data to file:536870912 bytes
***********WAITING************

Write the data to file:536870912 bytes
***********WAITING************

Write the data to file:536870912 bytes
***********WAITING************

Write the data to file:536870912 bytes
***********WAITING************

Write the data to file:536870912 bytes
***********WAITING************

Write the data to file:536870912 bytes
***********WAITING************

Write the data to file:536870912 bytes
***********WAITING************

Write the data to file:536870912 bytes
***********WAITING************

Write the data to file:536870912 bytes
***********WAITING************

Write the data to file:536870912 bytes
***********WAITING************

Write the data to file:536870912 bytes
***********WAITING************

Write the data to file:536870912 bytes
***********WAITING************

Write the data to file:536870912 bytes
***********WAITING************

Write the data to file:536870912 bytes
***********WAITING************

Write the data to file:536870912 bytes
***********WAITING************

Write the data to file:536870912 bytes
***********WAITING************

Write the data to file:536870912 bytes
***********WAITING************

Write the data to file:536870912 bytes
***********WAITING************

Write the data to file:536870912 bytes
***********WAITING************

Write the data to file:536870912 bytes
***********WAITING************

Write the data to file:536870912 bytes
***********WAITING************

Write the data to file:536870912 bytes
***********WAITING************

Write the data to file:536870912 bytes
***********WAITING************

Write the data to file:536870912 bytes
***********WAITING************

Write the data to file:536870912 bytes
***********WAITING************

Write the data to file:536870912 bytes
***********WAITING************

Write the data to file:536870912 bytes
***********WAITING************
S_cc         2.90   [      2.90:      2.90]
S_bw         2.78   [      2.78:      2.78]
S_w        107.88   [    107.88:    107.88]
          -------
S_total    113.56   [    113.56:    113.56]

build_S done
calc_W
nr_of_strided_rec: 512
nr_doubles: 16384
build_S done
calc_W
nr_of_strided_rec: 512
nr_doubles: 16384
build_S done
calc_W
nr_of_strided_rec: 512
nr_doubles: 16384
build_S done
calc_W
nr_of_strided_rec: 512
nr_doubles: 16384
nr_of_strided_rec: 512
nr_doubles: 16384
nr_of_strided_rec: 512
nr_doubles: 16384
nr_of_strided_rec: 512
nr_doubles: 16384
nr_of_strided_rec: 512
nr_doubles: 16384

Write the data to file:536870912 bytes
***********WAITING************

Write the data to file:536870912 bytes
***********WAITING************

Write the data to file:536870912 bytes
***********WAITING************

Write the data to file:536870912 bytes
***********WAITING************
nr_of_strided_rec: 512
nr_doubles: 16384
nr_of_strided_rec: 512
nr_doubles: 16384
nr_of_strided_rec: 512
nr_doubles: 16384
nr_of_strided_rec: 512
nr_doubles: 16384

Write the data to file:536870912 bytes
***********WAITING************

Write the data to file:536870912 bytes
***********WAITING************

Write the data to file:536870912 bytes
***********WAITING************

Write the data to file:536870912 bytes
***********WAITING************
nr_of_strided_rec: 512
nr_doubles: 16384
nr_of_strided_rec: 512
nr_doubles: 16384
nr_of_strided_rec: 512
nr_doubles: 16384
nr_of_strided_rec: 512
nr_doubles: 16384

Write the data to file:536870912 bytes
***********WAITING************

Write the data to file:536870912 bytes
***********WAITING************

Write the data to file:536870912 bytes
***********WAITING************

Write the data to file:536870912 bytes
***********WAITING************
nr_of_strided_rec: 512
nr_doubles: 16384
nr_of_strided_rec: 512
nr_doubles: 16384
nr_of_strided_rec: 512
nr_doubles: 16384
nr_of_strided_rec: 512
nr_doubles: 16384

Write the data to file:536870912 bytes
***********WAITING************

Write the data to file:536870912 bytes
***********WAITING************

Write the data to file:536870912 bytes
***********WAITING************

Write the data to file:536870912 bytes
***********WAITING************
nr_of_strided_rec: 512
nr_doubles: 16384
nr_of_strided_rec: 512
nr_doubles: 16384
nr_of_strided_rec: 512
nr_doubles: 16384
nr_of_strided_rec: 512
nr_doubles: 16384

Write the data to file:536870912 bytes
***********WAITING************

Write the data to file:536870912 bytes
***********WAITING************

Write the data to file:536870912 bytes
***********WAITING************

Write the data to file:536870912 bytes
***********WAITING************
nr_of_strided_rec: 512
nr_doubles: 16384
nr_of_strided_rec: 512
nr_doubles: 16384
nr_of_strided_rec: 512
nr_doubles: 16384
nr_of_strided_rec: 512
nr_doubles: 16384

Write the data to file:536870912 bytes
***********WAITING************

Write the data to file:536870912 bytes
***********WAITING************

Write the data to file:536870912 bytes
***********WAITING************

Write the data to file:536870912 bytes
***********WAITING************
nr_of_strided_rec: 512
nr_doubles: 16384
nr_of_strided_rec: 512
nr_doubles: 16384
nr_of_strided_rec: 512
nr_doubles: 16384
nr_of_strided_rec: 512
nr_doubles: 16384

Write the data to file:536870912 bytes
***********WAITING************

Write the data to file:536870912 bytes
***********WAITING************

Write the data to file:536870912 bytes
***********WAITING************

Write the data to file:536870912 bytes
***********WAITING************
nr_of_strided_rec: 512
nr_doubles: 16384
nr_of_strided_rec: 512
nr_doubles: 16384
nr_of_strided_rec: 512
nr_doubles: 16384
nr_of_strided_rec: 512
nr_doubles: 16384

Write the data to file:536870912 bytes
***********WAITING************

Write the data to file:536870912 bytes
***********WAITING************

Write the data to file:536870912 bytes
***********WAITING************

Write the data to file:536870912 bytes
***********WAITING************
nr_of_strided_rec: 512
nr_doubles: 16384
nr_of_strided_rec: 512
nr_doubles: 16384
nr_of_strided_rec: 512
nr_doubles: 16384
nr_of_strided_rec: 512
nr_doubles: 16384

Write the data to file:536870912 bytes
***********WAITING************

Write the data to file:536870912 bytes
***********WAITING************

Write the data to file:536870912 bytes
***********WAITING************

Write the data to file:536870912 bytes
***********WAITING************
nr_of_strided_rec: 512
nr_doubles: 16384
nr_of_strided_rec: 512
nr_doubles: 16384
nr_of_strided_rec: 512
nr_doubles: 16384
nr_of_strided_rec: 512
nr_doubles: 16384

Write the data to file:536870912 bytes
***********WAITING************

Write the data to file:536870912 bytes
***********WAITING************

Write the data to file:536870912 bytes
***********WAITING************

Write the data to file:536870912 bytes
***********WAITING************
nr_of_strided_rec: 512
nr_doubles: 16384
nr_of_strided_rec: 512
nr_doubles: 16384
nr_of_strided_rec: 512
nr_doubles: 16384
nr_of_strided_rec: 512
nr_doubles: 16384

Write the data to file:536870912 bytes
***********WAITING************

Write the data to file:536870912 bytes
***********WAITING************

Write the data to file:536870912 bytes
***********WAITING************

Write the data to file:536870912 bytes
***********WAITING************
nr_of_strided_rec: 512
nr_doubles: 16384
nr_of_strided_rec: 512
nr_doubles: 16384
nr_of_strided_rec: 512
nr_doubles: 16384
nr_of_strided_rec: 512
nr_doubles: 16384

Write the data to file:536870912 bytes
***********WAITING************

Write the data to file:536870912 bytes
***********WAITING************

Write the data to file:536870912 bytes
***********WAITING************

Write the data to file:536870912 bytes
***********WAITING************
nr_of_strided_rec: 512
nr_doubles: 16384
nr_of_strided_rec: 512
nr_doubles: 16384
nr_of_strided_rec: 512
nr_doubles: 16384
nr_of_strided_rec: 512
nr_doubles: 16384

Write the data to file:536870912 bytes
***********WAITING************

Write the data to file:536870912 bytes
***********WAITING************

Write the data to file:536870912 bytes
***********WAITING************

Write the data to file:536870912 bytes
***********WAITING************
nr_of_strided_rec: 512
nr_doubles: 16384
nr_of_strided_rec: 512
nr_doubles: 16384
nr_of_strided_rec: 512
nr_doubles: 16384
nr_of_strided_rec: 512
nr_doubles: 16384

Write the data to file:536870912 bytes
***********WAITING************

Write the data to file:536870912 bytes
***********WAITING************

Write the data to file:536870912 bytes
***********WAITING************

Write the data to file:536870912 bytes
***********WAITING************
nr_of_strided_rec: 512
nr_doubles: 16384
nr_of_strided_rec: 512
nr_doubles: 16384
nr_of_strided_rec: 512
nr_doubles: 16384
nr_of_strided_rec: 512
nr_doubles: 16384

Write the data to file:536870912 bytes
***********WAITING************

Write the data to file:536870912 bytes
***********WAITING************

Write the data to file:536870912 bytes
***********WAITING************

Write the data to file:536870912 bytes
***********WAITING************
nr_of_strided_rec: 512
nr_doubles: 16384
nr_of_strided_rec: 512
nr_doubles: 16384
nr_of_strided_rec: 512
nr_doubles: 16384
nr_of_strided_rec: 512
nr_doubles: 16384

Write the data to file:536870912 bytes
***********WAITING************

Write the data to file:536870912 bytes
***********WAITING************

Write the data to file:536870912 bytes
***********WAITING************

Write the data to file:536870912 bytes
***********WAITING************
nr_of_strided_rec: 512
nr_doubles: 16384
nr_of_strided_rec: 512
nr_doubles: 16384
nr_of_strided_rec: 512
nr_doubles: 16384
nr_of_strided_rec: 512
nr_doubles: 16384

Write the data to file:536870912 bytes
***********WAITING************

Write the data to file:536870912 bytes
***********WAITING************

Write the data to file:536870912 bytes
***********WAITING************

Write the data to file:536870912 bytes
***********WAITING************
nr_of_strided_rec: 512
nr_doubles: 16384
nr_of_strided_rec: 512
nr_doubles: 16384
nr_of_strided_rec: 512
nr_doubles: 16384
nr_of_strided_rec: 512
nr_doubles: 16384

Write the data to file:536870912 bytes
***********WAITING************

Write the data to file:536870912 bytes
***********WAITING************

Write the data to file:536870912 bytes
***********WAITING************

Write the data to file:536870912 bytes
***********WAITING************
nr_of_strided_rec: 512
nr_doubles: 16384
nr_of_strided_rec: 512
nr_doubles: 16384
nr_of_strided_rec: 512
nr_doubles: 16384
nr_of_strided_rec: 512
nr_doubles: 16384

Write the data to file:536870912 bytes
***********WAITING************

Write the data to file:536870912 bytes
***********WAITING************

Write the data to file:536870912 bytes
***********WAITING************

Write the data to file:536870912 bytes
***********WAITING************
nr_of_strided_rec: 512
nr_doubles: 16384
nr_of_strided_rec: 512
nr_doubles: 16384
nr_of_strided_rec: 512
nr_doubles: 16384
nr_of_strided_rec: 512
nr_doubles: 16384

Write the data to file:536870912 bytes
***********WAITING************

Write the data to file:536870912 bytes
***********WAITING************

Write the data to file:536870912 bytes
***********WAITING************

Write the data to file:536870912 bytes
***********WAITING************
nr_of_strided_rec: 512
nr_doubles: 16384
nr_of_strided_rec: 512
nr_doubles: 16384
nr_of_strided_rec: 512
nr_doubles: 16384
nr_of_strided_rec: 512
nr_doubles: 16384

Write the data to file:536870912 bytes
***********WAITING************

Write the data to file:536870912 bytes
***********WAITING************

Write the data to file:536870912 bytes
***********WAITING************

Write the data to file:536870912 bytes
***********WAITING************
nr_of_strided_rec: 512
nr_doubles: 16384
nr_of_strided_rec: 512
nr_doubles: 16384
nr_of_strided_rec: 512
nr_doubles: 16384
nr_of_strided_rec: 512
nr_doubles: 16384

Write the data to file:536870912 bytes
***********WAITING************

Write the data to file:536870912 bytes
***********WAITING************

Write the data to file:536870912 bytes
***********WAITING************

Write the data to file:536870912 bytes
***********WAITING************
nr_of_strided_rec: 512
nr_doubles: 16384
nr_of_strided_rec: 512
nr_doubles: 16384
nr_of_strided_rec: 512
nr_doubles: 16384
nr_of_strided_rec: 512
nr_doubles: 16384

Write the data to file:536870912 bytes
***********WAITING************

Write the data to file:536870912 bytes
***********WAITING************

Write the data to file:536870912 bytes
***********WAITING************

Write the data to file:536870912 bytes
***********WAITING************
nr_of_strided_rec: 512
nr_doubles: 16384
nr_of_strided_rec: 512
nr_doubles: 16384
nr_of_strided_rec: 512
nr_doubles: 16384
nr_of_strided_rec: 512
nr_doubles: 16384

Write the data to file:536870912 bytes
***********WAITING************

Write the data to file:536870912 bytes
***********WAITING************

Write the data to file:536870912 bytes
***********WAITING************

Write the data to file:536870912 bytes
***********WAITING************
nr_of_strided_rec: 512
nr_doubles: 16384
nr_of_strided_rec: 512
nr_doubles: 16384
nr_of_strided_rec: 512
nr_doubles: 16384
nr_of_strided_rec: 512
nr_doubles: 16384

Write the data to file:536870912 bytes
***********WAITING************

Write the data to file:536870912 bytes
***********WAITING************

Write the data to file:536870912 bytes
***********WAITING************

Write the data to file:536870912 bytes
***********WAITING************
nr_of_strided_rec: 512
nr_doubles: 16384
nr_of_strided_rec: 512
nr_doubles: 16384
nr_of_strided_rec: 512
nr_doubles: 16384
nr_of_strided_rec: 512
nr_doubles: 16384

Write the data to file:536870912 bytes
***********WAITING************

Write the data to file:536870912 bytes
***********WAITING************

Write the data to file:536870912 bytes
***********WAITING************

Write the data to file:536870912 bytes
***********WAITING************
nr_of_strided_rec: 512
nr_doubles: 16384
nr_of_strided_rec: 512
nr_doubles: 16384
nr_of_strided_rec: 512
nr_doubles: 16384
nr_of_strided_rec: 512
nr_doubles: 16384

Write the data to file:536870912 bytes
***********WAITING************

Write the data to file:536870912 bytes
***********WAITING************

Write the data to file:536870912 bytes
***********WAITING************

Write the data to file:536870912 bytes
***********WAITING************
nr_of_strided_rec: 512
nr_doubles: 16384
nr_of_strided_rec: 512
nr_doubles: 16384
nr_of_strided_rec: 512
nr_doubles: 16384
nr_of_strided_rec: 512
nr_doubles: 16384

Write the data to file:536870912 bytes
***********WAITING************

Write the data to file:536870912 bytes
***********WAITING************

Write the data to file:536870912 bytes
***********WAITING************

Write the data to file:536870912 bytes
***********WAITING************
nr_of_strided_rec: 512
nr_doubles: 16384
nr_of_strided_rec: 512
nr_doubles: 16384
nr_of_strided_rec: 512
nr_doubles: 16384
nr_of_strided_rec: 512
nr_doubles: 16384

Write the data to file:536870912 bytes
***********WAITING************

Write the data to file:536870912 bytes
***********WAITING************

Write the data to file:536870912 bytes
***********WAITING************

Write the data to file:536870912 bytes
***********WAITING************

Write the data to file:536870912 bytes
***********WAITING************

Write the data to file:536870912 bytes
***********WAITING************

Write the data to file:536870912 bytes
***********WAITING************

Write the data to file:536870912 bytes
***********WAITING************
W_cc         6.75   [      6.74:      6.76]
W_r        246.81   [    246.81:    246.81]
W_w        122.00   [    121.99:    122.00]
          -------
W_total    375.57   [    375.56:    375.58]

calc_W done
calc_W done
nr_of_strided_rec: 512
nr_doubles: 16384
calc_W done
nr_of_strided_rec: 512
nr_doubles: 16384
calc_W done
nr_of_strided_rec: 512
nr_doubles: 16384
nr_of_strided_rec: 512
nr_doubles: 16384
nr_of_strided_rec: 512
nr_doubles: 16384
nr_of_strided_rec: 512
nr_doubles: 16384
nr_of_strided_rec: 512
nr_doubles: 16384
nr_of_strided_rec: 512
nr_doubles: 16384
nr_of_strided_rec: 512
nr_doubles: 16384
nr_of_strided_rec: 512
nr_doubles: 16384
nr_of_strided_rec: 512
nr_doubles: 16384
nr_of_strided_rec: 512
nr_doubles: 16384
nr_of_strided_rec: 512
nr_doubles: 16384
nr_of_strided_rec: 512
nr_doubles: 16384
nr_of_strided_rec: 512
nr_doubles: 16384
nr_of_strided_rec: 512
nr_doubles: 16384
nr_of_strided_rec: 512
nr_doubles: 16384
nr_of_strided_rec: 512
nr_doubles: 16384
nr_of_strided_rec: 512
nr_doubles: 16384
nr_of_strided_rec: 512
nr_doubles: 16384
nr_of_strided_rec: 512
nr_doubles: 16384
nr_of_strided_rec: 512
nr_doubles: 16384
nr_of_strided_rec: 512
nr_doubles: 16384
nr_of_strided_rec: 512
nr_doubles: 16384
nr_of_strided_rec: 512
nr_doubles: 16384
nr_of_strided_rec: 512
nr_doubles: 16384
nr_of_strided_rec: 512
nr_doubles: 16384
nr_of_strided_rec: 512
nr_doubles: 16384
nr_of_strided_rec: 512
nr_doubles: 16384
nr_of_strided_rec: 512
nr_doubles: 16384
nr_of_strided_rec: 512
nr_doubles: 16384
nr_of_strided_rec: 512
nr_doubles: 16384
nr_of_strided_rec: 512
nr_doubles: 16384
nr_of_strided_rec: 512
nr_doubles: 16384
nr_of_strided_rec: 512
nr_doubles: 16384
nr_of_strided_rec: 512
nr_doubles: 16384
nr_of_strided_rec: 512
nr_doubles: 16384
nr_of_strided_rec: 512
nr_doubles: 16384
nr_of_strided_rec: 512
nr_doubles: 16384
nr_of_strided_rec: 512
nr_doubles: 16384
nr_of_strided_rec: 512
nr_doubles: 16384
nr_of_strided_rec: 512
nr_doubles: 16384
nr_of_strided_rec: 512
nr_doubles: 16384
nr_of_strided_rec: 512
nr_doubles: 16384
nr_of_strided_rec: 512
nr_doubles: 16384
nr_of_strided_rec: 512
nr_doubles: 16384
nr_of_strided_rec: 512
nr_doubles: 16384
nr_of_strided_rec: 512
nr_doubles: 16384
nr_of_strided_rec: 512
nr_doubles: 16384
nr_of_strided_rec: 512
nr_doubles: 16384
nr_of_strided_rec: 512
nr_doubles: 16384
nr_of_strided_rec: 512
nr_doubles: 16384
nr_of_strided_rec: 512
nr_doubles: 16384
nr_of_strided_rec: 512
nr_doubles: 16384
nr_of_strided_rec: 512
nr_doubles: 16384
nr_of_strided_rec: 512
nr_doubles: 16384
nr_of_strided_rec: 512
nr_doubles: 16384
nr_of_strided_rec: 512
nr_doubles: 16384
nr_of_strided_rec: 512
nr_doubles: 16384
nr_of_strided_rec: 512
nr_doubles: 16384
nr_of_strided_rec: 512
nr_doubles: 16384
nr_of_strided_rec: 512
nr_doubles: 16384
nr_of_strided_rec: 512
nr_doubles: 16384
nr_of_strided_rec: 512
nr_doubles: 16384
nr_of_strided_rec: 512
nr_doubles: 16384
nr_of_strided_rec: 512
nr_doubles: 16384
nr_of_strided_rec: 512
nr_doubles: 16384
nr_of_strided_rec: 512
nr_doubles: 16384
nr_of_strided_rec: 512
nr_doubles: 16384
nr_of_strided_rec: 512
nr_doubles: 16384
nr_of_strided_rec: 512
nr_doubles: 16384
nr_of_strided_rec: 512
nr_doubles: 16384
nr_of_strided_rec: 512
nr_doubles: 16384
nr_of_strided_rec: 512
nr_doubles: 16384
nr_of_strided_rec: 512
nr_doubles: 16384
nr_of_strided_rec: 512
nr_doubles: 16384
nr_of_strided_rec: 512
nr_doubles: 16384
nr_of_strided_rec: 512
nr_doubles: 16384
nr_of_strided_rec: 512
nr_doubles: 16384
nr_of_strided_rec: 512
nr_doubles: 16384
nr_of_strided_rec: 512
nr_doubles: 16384
nr_of_strided_rec: 512
nr_doubles: 16384
nr_of_strided_rec: 512
nr_doubles: 16384
nr_of_strided_rec: 512
nr_doubles: 16384
nr_of_strided_rec: 512
nr_doubles: 16384
nr_of_strided_rec: 512
nr_doubles: 16384
nr_of_strided_rec: 512
nr_doubles: 16384
nr_of_strided_rec: 512
nr_doubles: 16384
nr_of_strided_rec: 512
nr_doubles: 16384
nr_of_strided_rec: 512
nr_doubles: 16384
nr_of_strided_rec: 512
nr_doubles: 16384
nr_of_strided_rec: 512
nr_doubles: 16384
nr_of_strided_rec: 512
nr_doubles: 16384
nr_of_strided_rec: 512
nr_doubles: 16384
nr_of_strided_rec: 512
nr_doubles: 16384
nr_of_strided_rec: 512
nr_doubles: 16384
nr_of_strided_rec: 512
nr_doubles: 16384
nr_of_strided_rec: 512
nr_doubles: 16384
nr_of_strided_rec: 512
nr_doubles: 16384
nr_of_strided_rec: 512
nr_doubles: 16384
nr_of_strided_rec: 512
nr_doubles: 16384
nr_of_strided_rec: 512
nr_doubles: 16384
nr_of_strided_rec: 512
nr_doubles: 16384
nr_of_strided_rec: 512
nr_doubles: 16384
nr_of_strided_rec: 512
nr_doubles: 16384
nr_of_strided_rec: 512
nr_doubles: 16384
nr_of_strided_rec: 512
nr_doubles: 16384
nr_of_strided_rec: 512
nr_doubles: 16384
nr_of_strided_rec: 512
nr_doubles: 16384
nr_of_strided_rec: 512
nr_doubles: 16384
nr_of_strided_rec: 512
nr_doubles: 16384
nr_of_strided_rec: 512
nr_doubles: 16384
nr_of_strided_rec: 512
nr_doubles: 16384
nr_of_strided_rec: 512
nr_doubles: 16384
nr_of_strided_rec: 512
nr_doubles: 16384
nr_of_strided_rec: 512
nr_doubles: 16384
nr_of_strided_rec: 512
nr_doubles: 16384
nr_of_strided_rec: 512
nr_doubles: 16384
nr_of_strided_rec: 512
nr_doubles: 16384
nr_of_strided_rec: 512
nr_doubles: 16384
C_cc         2.93   [      2.93:      2.93]
C_bw         2.75   [      2.75:      2.75]
C_r        168.65   [    168.65:    168.65]
          -------
C_total    174.33   [    174.33:    174.33]


dC[0] = 0.00000e+00
fclose PID:32108 fd:10
fclose PID:32110 fd:8
fclose PID:32109 fd:8
fclose PID:32107 fd:12
READAHEAD_TIME:0.000000 us
MaxRSS= 2107812 KB, SharedMem= 0 KB, HardPageFault= 12
READAHEAD_TIME:0.000000 us
MaxRSS= 2107788 KB, SharedMem= 0 KB, HardPageFault= 10
READAHEAD_TIME:0.000000 us
MaxRSS= 2107740 KB, SharedMem= 0 KB, HardPageFault= 9
READAHEAD_TIME:0.000000 us
MaxRSS= 2107960 KB, SharedMem= 0 KB, HardPageFault= 14
fclose PID:32106 fd:0
fclose PID:32106 fd:6
fclose PID:32106 fd:6
fclose PID:32106 fd:0
READAHEAD_TIME:0.000000 us
MaxRSS= 5408 KB, SharedMem= 0 KB, HardPageFault= 2
fclose PID:32105 fd:3
fclose PID:32105 fd:4
fclose PID:32105 fd:4
fclose PID:32105 fd:3
READAHEAD_TIME:0.000000 us
MaxRSS= 4920 KB, SharedMem= 0 KB, HardPageFault= 4
	Command being timed: "mpiexec -n 4 ./MADbench2_io 16384 30 1 8 64 1 1 131072 7 1"
	User time (seconds): 427.06
	System time (seconds): 269.66
	Percent of CPU this job got: 104%
	Elapsed (wall clock) time (h:mm:ss or m:ss): 11:04.15
	Average shared text size (kbytes): 0
	Average unshared data size (kbytes): 0
	Average stack size (kbytes): 0
	Average total size (kbytes): 0
	Maximum resident set size (kbytes): 2107960
	Average resident set size (kbytes): 0
	Major (requiring I/O) page faults: 52
	Minor (reclaiming a frame) page faults: 7483538
	Voluntary context switches: 1095366
	Involuntary context switches: 2576
	Swaps: 0
	File system inputs: 249248776
	File system outputs: 251658592
	Socket messages sent: 0
	Socket messages received: 0
	Signals delivered: 0
	Page size (bytes): 4096
	Exit status: 0
READAHEAD_TIME:0.000000 us
MaxRSS= 2072 KB, SharedMem= 0 KB, HardPageFault= 0
*******************DMESG OUTPUT******************
