fclose PID:33924 fd:3
fclose PID:33924 fd:4
fclose PID:33924 fd:4
fclose PID:33924 fd:3
available: 2 nodes (0-1)
fclose PID:33924 fd:3
node 0 cpus:fclose PID:33924 fd:3
 0 1 2 3 4 5 6 7 8 9 20 21 22 23 24 25 26 27 28 29
node 0 size: 80440 MB
node 0 free: 80120 MB
fclose PID:33924 fd:3
node 1 cpus:fclose PID:33924 fd:3
 10 11 12 13 14 15 16 17 18 19 30 31 32 33 34 35 36 37 38 39
node 1 size: 80635 MB
node 1 free: 80374 MB
fclose PID:33924 fd:3
fclose PID:33924 fd:3
node distances:
node   0   1 
  0:  10  21 
  1:  21  10 
READAHEAD_TIME:0.000000 us
MaxRSS= 2160 KB, SharedMem= 0 KB, HardPageFault= 10
fclose PID:33929 fd:12
fclose PID:33930 fd:10
fclose PID:33932 fd:8
fclose PID:33931 fd:8

MADbench 2.0 IO-mode
no_pe = 4  no_pix = 16384  no_bin = 30  no_gang = 1 sblocksize = 8  fblocksize = 64  r_mod = 1  w_mod = 1 record_size=1048576 stride=7


IOMETHOD = POSIX  IOMODE = SYNC  FILETYPE = UNIQUE  REMAP = CUSTOMbuild_S
build_S
build_S
build_S

Write the data to file:536870912 bytes
***********WAITING************

Write the data to file:536870912 bytes
***********WAITING************

Write the data to file:536870912 bytes
***********WAITING************

Write the data to file:536870912 bytes
***********WAITING************

Write the data to file:536870912 bytes
***********WAITING************

Write the data to file:536870912 bytes
***********WAITING************

Write the data to file:536870912 bytes
***********WAITING************

Write the data to file:536870912 bytes
***********WAITING************

Write the data to file:536870912 bytes
***********WAITING************

Write the data to file:536870912 bytes
***********WAITING************

Write the data to file:536870912 bytes
***********WAITING************

Write the data to file:536870912 bytes
***********WAITING************

Write the data to file:536870912 bytes
***********WAITING************

Write the data to file:536870912 bytes
***********WAITING************

Write the data to file:536870912 bytes
***********WAITING************

Write the data to file:536870912 bytes
***********WAITING************

Write the data to file:536870912 bytes
***********WAITING************

Write the data to file:536870912 bytes
***********WAITING************

Write the data to file:536870912 bytes
***********WAITING************

Write the data to file:536870912 bytes
***********WAITING************

Write the data to file:536870912 bytes
***********WAITING************

Write the data to file:536870912 bytes
***********WAITING************

Write the data to file:536870912 bytes
***********WAITING************

Write the data to file:536870912 bytes
***********WAITING************

Write the data to file:536870912 bytes
***********WAITING************

Write the data to file:536870912 bytes
***********WAITING************

Write the data to file:536870912 bytes
***********WAITING************

Write the data to file:536870912 bytes
***********WAITING************

Write the data to file:536870912 bytes
***********WAITING************

Write the data to file:536870912 bytes
***********WAITING************

Write the data to file:536870912 bytes
***********WAITING************

Write the data to file:536870912 bytes
***********WAITING************

Write the data to file:536870912 bytes
***********WAITING************

Write the data to file:536870912 bytes
***********WAITING************

Write the data to file:536870912 bytes
***********WAITING************

Write the data to file:536870912 bytes
***********WAITING************

Write the data to file:536870912 bytes
***********WAITING************

Write the data to file:536870912 bytes
***********WAITING************

Write the data to file:536870912 bytes
***********WAITING************

Write the data to file:536870912 bytes
***********WAITING************

Write the data to file:536870912 bytes
***********WAITING************

Write the data to file:536870912 bytes
***********WAITING************

Write the data to file:536870912 bytes
***********WAITING************

Write the data to file:536870912 bytes
***********WAITING************

Write the data to file:536870912 bytes
***********WAITING************

Write the data to file:536870912 bytes
***********WAITING************

Write the data to file:536870912 bytes
***********WAITING************

Write the data to file:536870912 bytes
***********WAITING************

Write the data to file:536870912 bytes
***********WAITING************

Write the data to file:536870912 bytes
***********WAITING************

Write the data to file:536870912 bytes
***********WAITING************

Write the data to file:536870912 bytes
***********WAITING************

Write the data to file:536870912 bytes
***********WAITING************

Write the data to file:536870912 bytes
***********WAITING************

Write the data to file:536870912 bytes
***********WAITING************

Write the data to file:536870912 bytes
***********WAITING************

Write the data to file:536870912 bytes
***********WAITING************

Write the data to file:536870912 bytes
***********WAITING************

Write the data to file:536870912 bytes
***********WAITING************

Write the data to file:536870912 bytes
***********WAITING************

Write the data to file:536870912 bytes
***********WAITING************

Write the data to file:536870912 bytes
***********WAITING************

Write the data to file:536870912 bytes
***********WAITING************

Write the data to file:536870912 bytes
***********WAITING************

Write the data to file:536870912 bytes
***********WAITING************

Write the data to file:536870912 bytes
***********WAITING************

Write the data to file:536870912 bytes
***********WAITING************

Write the data to file:536870912 bytes
***********WAITING************

Write the data to file:536870912 bytes
***********WAITING************

Write the data to file:536870912 bytes
***********WAITING************

Write the data to file:536870912 bytes
***********WAITING************

Write the data to file:536870912 bytes
***********WAITING************

Write the data to file:536870912 bytes
***********WAITING************

Write the data to file:536870912 bytes
***********WAITING************

Write the data to file:536870912 bytes
***********WAITING************

Write the data to file:536870912 bytes
***********WAITING************

Write the data to file:536870912 bytes
***********WAITING************

Write the data to file:536870912 bytes
***********WAITING************

Write the data to file:536870912 bytes
***********WAITING************

Write the data to file:536870912 bytes
***********WAITING************

Write the data to file:536870912 bytes
***********WAITING************

Write the data to file:536870912 bytes
***********WAITING************

Write the data to file:536870912 bytes
***********WAITING************

Write the data to file:536870912 bytes
***********WAITING************

Write the data to file:536870912 bytes
***********WAITING************

Write the data to file:536870912 bytes
***********WAITING************

Write the data to file:536870912 bytes
***********WAITING************

Write the data to file:536870912 bytes
***********WAITING************

Write the data to file:536870912 bytes
***********WAITING************

Write the data to file:536870912 bytes
***********WAITING************

Write the data to file:536870912 bytes
***********WAITING************

Write the data to file:536870912 bytes
***********WAITING************

Write the data to file:536870912 bytes
***********WAITING************

Write the data to file:536870912 bytes
***********WAITING************

Write the data to file:536870912 bytes
***********WAITING************

Write the data to file:536870912 bytes
***********WAITING************

Write the data to file:536870912 bytes
***********WAITING************

Write the data to file:536870912 bytes
***********WAITING************

Write the data to file:536870912 bytes
***********WAITING************

Write the data to file:536870912 bytes
***********WAITING************

Write the data to file:536870912 bytes
***********WAITING************

Write the data to file:536870912 bytes
***********WAITING************

Write the data to file:536870912 bytes
***********WAITING************

Write the data to file:536870912 bytes
***********WAITING************

Write the data to file:536870912 bytes
***********WAITING************

Write the data to file:536870912 bytes
***********WAITING************

Write the data to file:536870912 bytes
***********WAITING************

Write the data to file:536870912 bytes
***********WAITING************

Write the data to file:536870912 bytes
***********WAITING************

Write the data to file:536870912 bytes
***********WAITING************

Write the data to file:536870912 bytes
***********WAITING************

Write the data to file:536870912 bytes
***********WAITING************

Write the data to file:536870912 bytes
***********WAITING************

Write the data to file:536870912 bytes
***********WAITING************

Write the data to file:536870912 bytes
***********WAITING************

Write the data to file:536870912 bytes
***********WAITING************

Write the data to file:536870912 bytes
***********WAITING************

Write the data to file:536870912 bytes
***********WAITING************

Write the data to file:536870912 bytes
***********WAITING************

Write the data to file:536870912 bytes
***********WAITING************
S_cc         3.77   [      3.77:      3.78]
S_bw         2.49   [      2.49:      2.49]
S_w        105.51   [    105.51:    105.51]
          -------
S_total    111.77   [    111.77:    111.78]

build_S done
calc_W
nr_of_strided_rec: 64
nr_doubles: 131072
build_S done
calc_W
nr_of_strided_rec: 64
nr_doubles: 131072
build_S done
calc_W
nr_of_strided_rec: 64
nr_doubles: 131072
build_S done
calc_W
nr_of_strided_rec: 64
nr_doubles: 131072
nr_of_strided_rec: 64
nr_doubles: 131072
nr_of_strided_rec: 64
nr_doubles: 131072
nr_of_strided_rec: 64
nr_doubles: 131072
nr_of_strided_rec: 64
nr_doubles: 131072

Write the data to file:536870912 bytes
***********WAITING************

Write the data to file:536870912 bytes
***********WAITING************

Write the data to file:536870912 bytes
***********WAITING************

Write the data to file:536870912 bytes
***********WAITING************
nr_of_strided_rec: 64
nr_doubles: 131072
nr_of_strided_rec: 64
nr_doubles: 131072
nr_of_strided_rec: 64
nr_doubles: 131072
nr_of_strided_rec: 64
nr_doubles: 131072

Write the data to file:536870912 bytes
***********WAITING************

Write the data to file:536870912 bytes
***********WAITING************

Write the data to file:536870912 bytes
***********WAITING************

Write the data to file:536870912 bytes
***********WAITING************
nr_of_strided_rec: 64
nr_doubles: 131072
nr_of_strided_rec: 64
nr_doubles: 131072
nr_of_strided_rec: 64
nr_doubles: 131072
nr_of_strided_rec: 64
nr_doubles: 131072

Write the data to file:536870912 bytes
***********WAITING************

Write the data to file:536870912 bytes
***********WAITING************

Write the data to file:536870912 bytes
***********WAITING************

Write the data to file:536870912 bytes
***********WAITING************
nr_of_strided_rec: 64
nr_doubles: 131072
nr_of_strided_rec: 64
nr_doubles: 131072
nr_of_strided_rec: 64
nr_doubles: 131072
nr_of_strided_rec: 64
nr_doubles: 131072

Write the data to file:536870912 bytes
***********WAITING************

Write the data to file:536870912 bytes
***********WAITING************

Write the data to file:536870912 bytes
***********WAITING************

Write the data to file:536870912 bytes
***********WAITING************
nr_of_strided_rec: 64
nr_doubles: 131072
nr_of_strided_rec: 64
nr_doubles: 131072
nr_of_strided_rec: 64
nr_doubles: 131072
nr_of_strided_rec: 64
nr_doubles: 131072

Write the data to file:536870912 bytes
***********WAITING************

Write the data to file:536870912 bytes
***********WAITING************

Write the data to file:536870912 bytes
***********WAITING************

Write the data to file:536870912 bytes
***********WAITING************
nr_of_strided_rec: 64
nr_doubles: 131072
nr_of_strided_rec: 64
nr_doubles: 131072
nr_of_strided_rec: 64
nr_doubles: 131072
nr_of_strided_rec: 64
nr_doubles: 131072

Write the data to file:536870912 bytes
***********WAITING************

Write the data to file:536870912 bytes
***********WAITING************

Write the data to file:536870912 bytes
***********WAITING************

Write the data to file:536870912 bytes
***********WAITING************
nr_of_strided_rec: 64
nr_doubles: 131072
nr_of_strided_rec: 64
nr_doubles: 131072
nr_of_strided_rec: 64
nr_doubles: 131072
nr_of_strided_rec: 64
nr_doubles: 131072

Write the data to file:536870912 bytes
***********WAITING************

Write the data to file:536870912 bytes
***********WAITING************

Write the data to file:536870912 bytes
***********WAITING************

Write the data to file:536870912 bytes
***********WAITING************
nr_of_strided_rec: 64
nr_doubles: 131072
nr_of_strided_rec: 64
nr_doubles: 131072
nr_of_strided_rec: 64
nr_doubles: 131072
nr_of_strided_rec: 64
nr_doubles: 131072

Write the data to file:536870912 bytes
***********WAITING************

Write the data to file:536870912 bytes
***********WAITING************

Write the data to file:536870912 bytes
***********WAITING************

Write the data to file:536870912 bytes
***********WAITING************
nr_of_strided_rec: 64
nr_doubles: 131072
nr_of_strided_rec: 64
nr_doubles: 131072
nr_of_strided_rec: 64
nr_doubles: 131072
nr_of_strided_rec: 64
nr_doubles: 131072

Write the data to file:536870912 bytes
***********WAITING************

Write the data to file:536870912 bytes
***********WAITING************

Write the data to file:536870912 bytes
***********WAITING************

Write the data to file:536870912 bytes
***********WAITING************
nr_of_strided_rec: 64
nr_doubles: 131072
nr_of_strided_rec: 64
nr_doubles: 131072
nr_of_strided_rec: 64
nr_doubles: 131072
nr_of_strided_rec: 64
nr_doubles: 131072

Write the data to file:536870912 bytes
***********WAITING************

Write the data to file:536870912 bytes
***********WAITING************

Write the data to file:536870912 bytes
***********WAITING************

Write the data to file:536870912 bytes
***********WAITING************
nr_of_strided_rec: 64
nr_doubles: 131072
nr_of_strided_rec: 64
nr_doubles: 131072
nr_of_strided_rec: 64
nr_doubles: 131072
nr_of_strided_rec: 64
nr_doubles: 131072

Write the data to file:536870912 bytes
***********WAITING************

Write the data to file:536870912 bytes
***********WAITING************

Write the data to file:536870912 bytes
***********WAITING************

Write the data to file:536870912 bytes
***********WAITING************
nr_of_strided_rec: 64
nr_doubles: 131072
nr_of_strided_rec: 64
nr_doubles: 131072
nr_of_strided_rec: 64
nr_doubles: 131072
nr_of_strided_rec: 64
nr_doubles: 131072

Write the data to file:536870912 bytes
***********WAITING************

Write the data to file:536870912 bytes
***********WAITING************

Write the data to file:536870912 bytes
***********WAITING************

Write the data to file:536870912 bytes
***********WAITING************
nr_of_strided_rec: 64
nr_doubles: 131072
nr_of_strided_rec: 64
nr_doubles: 131072
nr_of_strided_rec: 64
nr_doubles: 131072
nr_of_strided_rec: 64
nr_doubles: 131072

Write the data to file:536870912 bytes
***********WAITING************

Write the data to file:536870912 bytes
***********WAITING************

Write the data to file:536870912 bytes
***********WAITING************

Write the data to file:536870912 bytes
***********WAITING************
nr_of_strided_rec: 64
nr_doubles: 131072
nr_of_strided_rec: 64
nr_doubles: 131072
nr_of_strided_rec: 64
nr_doubles: 131072
nr_of_strided_rec: 64
nr_doubles: 131072

Write the data to file:536870912 bytes
***********WAITING************

Write the data to file:536870912 bytes
***********WAITING************

Write the data to file:536870912 bytes
***********WAITING************

Write the data to file:536870912 bytes
***********WAITING************
nr_of_strided_rec: 64
nr_doubles: 131072
nr_of_strided_rec: 64
nr_doubles: 131072
nr_of_strided_rec: 64
nr_doubles: 131072
nr_of_strided_rec: 64
nr_doubles: 131072

Write the data to file:536870912 bytes
***********WAITING************

Write the data to file:536870912 bytes
***********WAITING************

Write the data to file:536870912 bytes
***********WAITING************

Write the data to file:536870912 bytes
***********WAITING************
nr_of_strided_rec: 64
nr_doubles: 131072
nr_of_strided_rec: 64
nr_doubles: 131072
nr_of_strided_rec: 64
nr_doubles: 131072
nr_of_strided_rec: 64
nr_doubles: 131072

Write the data to file:536870912 bytes
***********WAITING************

Write the data to file:536870912 bytes
***********WAITING************

Write the data to file:536870912 bytes
***********WAITING************

Write the data to file:536870912 bytes
***********WAITING************
nr_of_strided_rec: 64
nr_doubles: 131072
nr_of_strided_rec: 64
nr_doubles: 131072
nr_of_strided_rec: 64
nr_doubles: 131072
nr_of_strided_rec: 64
nr_doubles: 131072

Write the data to file:536870912 bytes
***********WAITING************

Write the data to file:536870912 bytes
***********WAITING************

Write the data to file:536870912 bytes
***********WAITING************

Write the data to file:536870912 bytes
***********WAITING************
nr_of_strided_rec: 64
nr_doubles: 131072
nr_of_strided_rec: 64
nr_doubles: 131072
nr_of_strided_rec: 64
nr_doubles: 131072
nr_of_strided_rec: 64
nr_doubles: 131072

Write the data to file:536870912 bytes
***********WAITING************

Write the data to file:536870912 bytes
***********WAITING************

Write the data to file:536870912 bytes
***********WAITING************

Write the data to file:536870912 bytes
***********WAITING************
nr_of_strided_rec: 64
nr_doubles: 131072
nr_of_strided_rec: 64
nr_doubles: 131072
nr_of_strided_rec: 64
nr_doubles: 131072
nr_of_strided_rec: 64
nr_doubles: 131072

Write the data to file:536870912 bytes
***********WAITING************

Write the data to file:536870912 bytes
***********WAITING************

Write the data to file:536870912 bytes
***********WAITING************

Write the data to file:536870912 bytes
***********WAITING************
nr_of_strided_rec: 64
nr_doubles: 131072
nr_of_strided_rec: 64
nr_doubles: 131072
nr_of_strided_rec: 64
nr_doubles: 131072
nr_of_strided_rec: 64
nr_doubles: 131072

Write the data to file:536870912 bytes
***********WAITING************

Write the data to file:536870912 bytes
***********WAITING************

Write the data to file:536870912 bytes
***********WAITING************

Write the data to file:536870912 bytes
***********WAITING************
nr_of_strided_rec: 64
nr_doubles: 131072
nr_of_strided_rec: 64
nr_doubles: 131072
nr_of_strided_rec: 64
nr_doubles: 131072
nr_of_strided_rec: 64
nr_doubles: 131072

Write the data to file:536870912 bytes
***********WAITING************

Write the data to file:536870912 bytes
***********WAITING************

Write the data to file:536870912 bytes
***********WAITING************

Write the data to file:536870912 bytes
***********WAITING************
nr_of_strided_rec: 64
nr_doubles: 131072
nr_of_strided_rec: 64
nr_doubles: 131072
nr_of_strided_rec: 64
nr_doubles: 131072
nr_of_strided_rec: 64
nr_doubles: 131072

Write the data to file:536870912 bytes
***********WAITING************

Write the data to file:536870912 bytes
***********WAITING************

Write the data to file:536870912 bytes
***********WAITING************

Write the data to file:536870912 bytes
***********WAITING************
nr_of_strided_rec: 64
nr_doubles: 131072
nr_of_strided_rec: 64
nr_doubles: 131072
nr_of_strided_rec: 64
nr_doubles: 131072
nr_of_strided_rec: 64
nr_doubles: 131072

Write the data to file:536870912 bytes
***********WAITING************

Write the data to file:536870912 bytes
***********WAITING************

Write the data to file:536870912 bytes
***********WAITING************

Write the data to file:536870912 bytes
***********WAITING************
nr_of_strided_rec: 64
nr_doubles: 131072
nr_of_strided_rec: 64
nr_doubles: 131072
nr_of_strided_rec: 64
nr_doubles: 131072
nr_of_strided_rec: 64
nr_doubles: 131072

Write the data to file:536870912 bytes
***********WAITING************

Write the data to file:536870912 bytes
***********WAITING************

Write the data to file:536870912 bytes
***********WAITING************

Write the data to file:536870912 bytes
***********WAITING************
nr_of_strided_rec: 64
nr_doubles: 131072
nr_of_strided_rec: 64
nr_doubles: 131072
nr_of_strided_rec: 64
nr_doubles: 131072
nr_of_strided_rec: 64
nr_doubles: 131072

Write the data to file:536870912 bytes
***********WAITING************

Write the data to file:536870912 bytes
***********WAITING************

Write the data to file:536870912 bytes
***********WAITING************

Write the data to file:536870912 bytes
***********WAITING************
nr_of_strided_rec: 64
nr_doubles: 131072
nr_of_strided_rec: 64
nr_doubles: 131072
nr_of_strided_rec: 64
nr_doubles: 131072
nr_of_strided_rec: 64
nr_doubles: 131072

Write the data to file:536870912 bytes
***********WAITING************

Write the data to file:536870912 bytes
***********WAITING************

Write the data to file:536870912 bytes
***********WAITING************

Write the data to file:536870912 bytes
***********WAITING************
nr_of_strided_rec: 64
nr_doubles: 131072
nr_of_strided_rec: 64
nr_doubles: 131072
nr_of_strided_rec: 64
nr_doubles: 131072
nr_of_strided_rec: 64
nr_doubles: 131072

Write the data to file:536870912 bytes
***********WAITING************

Write the data to file:536870912 bytes
***********WAITING************

Write the data to file:536870912 bytes
***********WAITING************

Write the data to file:536870912 bytes
***********WAITING************
nr_of_strided_rec: 64
nr_doubles: 131072
nr_of_strided_rec: 64
nr_doubles: 131072
nr_of_strided_rec: 64
nr_doubles: 131072
nr_of_strided_rec: 64
nr_doubles: 131072

Write the data to file:536870912 bytes
***********WAITING************

Write the data to file:536870912 bytes
***********WAITING************

Write the data to file:536870912 bytes
***********WAITING************

Write the data to file:536870912 bytes
***********WAITING************
nr_of_strided_rec: 64
nr_doubles: 131072
nr_of_strided_rec: 64
nr_doubles: 131072
nr_of_strided_rec: 64
nr_doubles: 131072
nr_of_strided_rec: 64
nr_doubles: 131072

Write the data to file:536870912 bytes
***********WAITING************

Write the data to file:536870912 bytes
***********WAITING************

Write the data to file:536870912 bytes
***********WAITING************

Write the data to file:536870912 bytes
***********WAITING************

Write the data to file:536870912 bytes
***********WAITING************

Write the data to file:536870912 bytes
***********WAITING************

Write the data to file:536870912 bytes
***********WAITING************

Write the data to file:536870912 bytes
***********WAITING************
W_cc         7.93   [      7.93:      7.94]
W_r        207.18   [    207.18:    207.18]
W_w         60.95   [     60.95:     60.95]
          -------
W_total    276.06   [    276.05:    276.07]

calc_W done
calc_W done
nr_of_strided_rec: 64
nr_doubles: 131072
calc_W done
nr_of_strided_rec: 64
nr_doubles: 131072
calc_W done
nr_of_strided_rec: 64
nr_doubles: 131072
nr_of_strided_rec: 64
nr_doubles: 131072
nr_of_strided_rec: 64
nr_doubles: 131072
nr_of_strided_rec: 64
nr_doubles: 131072
nr_of_strided_rec: 64
nr_doubles: 131072
nr_of_strided_rec: 64
nr_doubles: 131072
nr_of_strided_rec: 64
nr_doubles: 131072
nr_of_strided_rec: 64
nr_doubles: 131072
nr_of_strided_rec: 64
nr_doubles: 131072
nr_of_strided_rec: 64
nr_doubles: 131072
nr_of_strided_rec: 64
nr_doubles: 131072
nr_of_strided_rec: 64
nr_doubles: 131072
nr_of_strided_rec: 64
nr_doubles: 131072
nr_of_strided_rec: 64
nr_doubles: 131072
nr_of_strided_rec: 64
nr_doubles: 131072
nr_of_strided_rec: 64
nr_doubles: 131072
nr_of_strided_rec: 64
nr_doubles: 131072
nr_of_strided_rec: 64
nr_doubles: 131072
nr_of_strided_rec: 64
nr_doubles: 131072
nr_of_strided_rec: 64
nr_doubles: 131072
nr_of_strided_rec: 64
nr_doubles: 131072
nr_of_strided_rec: 64
nr_doubles: 131072
nr_of_strided_rec: 64
nr_doubles: 131072
nr_of_strided_rec: 64
nr_doubles: 131072
nr_of_strided_rec: 64
nr_doubles: 131072
nr_of_strided_rec: 64
nr_doubles: 131072
nr_of_strided_rec: 64
nr_doubles: 131072
nr_of_strided_rec: 64
nr_doubles: 131072
nr_of_strided_rec: 64
nr_doubles: 131072
nr_of_strided_rec: 64
nr_doubles: 131072
nr_of_strided_rec: 64
nr_doubles: 131072
nr_of_strided_rec: 64
nr_doubles: 131072
nr_of_strided_rec: 64
nr_doubles: 131072
nr_of_strided_rec: 64
nr_doubles: 131072
nr_of_strided_rec: 64
nr_doubles: 131072
nr_of_strided_rec: 64
nr_doubles: 131072
nr_of_strided_rec: 64
nr_doubles: 131072
nr_of_strided_rec: 64
nr_doubles: 131072
nr_of_strided_rec: 64
nr_doubles: 131072
nr_of_strided_rec: 64
nr_doubles: 131072
nr_of_strided_rec: 64
nr_doubles: 131072
nr_of_strided_rec: 64
nr_doubles: 131072
nr_of_strided_rec: 64
nr_doubles: 131072
nr_of_strided_rec: 64
nr_doubles: 131072
nr_of_strided_rec: 64
nr_doubles: 131072
nr_of_strided_rec: 64
nr_doubles: 131072
nr_of_strided_rec: 64
nr_doubles: 131072
nr_of_strided_rec: 64
nr_doubles: 131072
nr_of_strided_rec: 64
nr_doubles: 131072
nr_of_strided_rec: 64
nr_doubles: 131072
nr_of_strided_rec: 64
nr_doubles: 131072
nr_of_strided_rec: 64
nr_doubles: 131072
nr_of_strided_rec: 64
nr_doubles: 131072
nr_of_strided_rec: 64
nr_doubles: 131072
nr_of_strided_rec: 64
nr_doubles: 131072
nr_of_strided_rec: 64
nr_doubles: 131072
nr_of_strided_rec: 64
nr_doubles: 131072
nr_of_strided_rec: 64
nr_doubles: 131072
nr_of_strided_rec: 64
nr_doubles: 131072
nr_of_strided_rec: 64
nr_doubles: 131072
nr_of_strided_rec: 64
nr_doubles: 131072
nr_of_strided_rec: 64
nr_doubles: 131072
nr_of_strided_rec: 64
nr_doubles: 131072
nr_of_strided_rec: 64
nr_doubles: 131072
nr_of_strided_rec: 64
nr_doubles: 131072
nr_of_strided_rec: 64
nr_doubles: 131072
nr_of_strided_rec: 64
nr_doubles: 131072
nr_of_strided_rec: 64
nr_doubles: 131072
nr_of_strided_rec: 64
nr_doubles: 131072
nr_of_strided_rec: 64
nr_doubles: 131072
nr_of_strided_rec: 64
nr_doubles: 131072
nr_of_strided_rec: 64
nr_doubles: 131072
nr_of_strided_rec: 64
nr_doubles: 131072
nr_of_strided_rec: 64
nr_doubles: 131072
nr_of_strided_rec: 64
nr_doubles: 131072
nr_of_strided_rec: 64
nr_doubles: 131072
nr_of_strided_rec: 64
nr_doubles: 131072
nr_of_strided_rec: 64
nr_doubles: 131072
nr_of_strided_rec: 64
nr_doubles: 131072
nr_of_strided_rec: 64
nr_doubles: 131072
nr_of_strided_rec: 64
nr_doubles: 131072
nr_of_strided_rec: 64
nr_doubles: 131072
nr_of_strided_rec: 64
nr_doubles: 131072
nr_of_strided_rec: 64
nr_doubles: 131072
nr_of_strided_rec: 64
nr_doubles: 131072
nr_of_strided_rec: 64
nr_doubles: 131072
nr_of_strided_rec: 64
nr_doubles: 131072
nr_of_strided_rec: 64
nr_doubles: 131072
nr_of_strided_rec: 64
nr_doubles: 131072
nr_of_strided_rec: 64
nr_doubles: 131072
nr_of_strided_rec: 64
nr_doubles: 131072
nr_of_strided_rec: 64
nr_doubles: 131072
nr_of_strided_rec: 64
nr_doubles: 131072
nr_of_strided_rec: 64
nr_doubles: 131072
nr_of_strided_rec: 64
nr_doubles: 131072
nr_of_strided_rec: 64
nr_doubles: 131072
nr_of_strided_rec: 64
nr_doubles: 131072
nr_of_strided_rec: 64
nr_doubles: 131072
nr_of_strided_rec: 64
nr_doubles: 131072
nr_of_strided_rec: 64
nr_doubles: 131072
nr_of_strided_rec: 64
nr_doubles: 131072
nr_of_strided_rec: 64
nr_doubles: 131072
nr_of_strided_rec: 64
nr_doubles: 131072
nr_of_strided_rec: 64
nr_doubles: 131072
nr_of_strided_rec: 64
nr_doubles: 131072
nr_of_strided_rec: 64
nr_doubles: 131072
nr_of_strided_rec: 64
nr_doubles: 131072
nr_of_strided_rec: 64
nr_doubles: 131072
nr_of_strided_rec: 64
nr_doubles: 131072
nr_of_strided_rec: 64
nr_doubles: 131072
nr_of_strided_rec: 64
nr_doubles: 131072
nr_of_strided_rec: 64
nr_doubles: 131072
nr_of_strided_rec: 64
nr_doubles: 131072
nr_of_strided_rec: 64
nr_doubles: 131072
nr_of_strided_rec: 64
nr_doubles: 131072
nr_of_strided_rec: 64
nr_doubles: 131072
nr_of_strided_rec: 64
nr_doubles: 131072
nr_of_strided_rec: 64
nr_doubles: 131072
C_cc         5.15   [      5.14:      5.15]
C_bw         2.84   [      2.84:      2.84]
C_r        124.66   [    124.66:    124.66]
          -------
C_total    132.64   [    132.64:    132.64]


dC[0] = 0.00000e+00
fclose PID:33932 fd:8
fclose PID:33931 fd:8
fclose PID:33929 fd:12
fclose PID:33930 fd:10
READAHEAD_TIME:19125913.000000 us
MaxRSS= 2108024 KB, SharedMem= 0 KB, HardPageFault= 12
READAHEAD_TIME:18205372.000000 us
MaxRSS= 2107944 KB, SharedMem= 0 KB, HardPageFault= 6
READAHEAD_TIME:21738745.000000 us
MaxRSS= 2107848 KB, SharedMem= 0 KB, HardPageFault= 4
READAHEAD_TIME:18423353.000000 us
MaxRSS= 2107800 KB, SharedMem= 0 KB, HardPageFault= 7
fclose PID:33928 fd:0
fclose PID:33928 fd:6
fclose PID:33928 fd:6
fclose PID:33928 fd:0
READAHEAD_TIME:0.000000 us
MaxRSS= 5444 KB, SharedMem= 0 KB, HardPageFault= 2
fclose PID:33927 fd:3
fclose PID:33927 fd:4
fclose PID:33927 fd:4
fclose PID:33927 fd:3
READAHEAD_TIME:0.000000 us
MaxRSS= 4904 KB, SharedMem= 0 KB, HardPageFault= 4
	Command being timed: "mpiexec -n 4 ./MADbench2_io 16384 30 1 8 64 1 1 1048576 7 1"
	User time (seconds): 383.80
	System time (seconds): 251.06
	Percent of CPU this job got: 121%
	Elapsed (wall clock) time (h:mm:ss or m:ss): 8:41.17
	Average shared text size (kbytes): 0
	Average unshared data size (kbytes): 0
	Average stack size (kbytes): 0
	Average total size (kbytes): 0
	Maximum resident set size (kbytes): 2108024
	Average resident set size (kbytes): 0
	Major (requiring I/O) page faults: 36
	Minor (reclaiming a frame) page faults: 11072363
	Voluntary context switches: 113510
	Involuntary context switches: 3384
	Swaps: 0
	File system inputs: 199461384
	File system outputs: 251658648
	Socket messages sent: 0
	Socket messages received: 0
	Signals delivered: 0
	Page size (bytes): 4096
	Exit status: 0
READAHEAD_TIME:0.000000 us
MaxRSS= 2072 KB, SharedMem= 0 KB, HardPageFault= 0
*******************DMESG OUTPUT******************
