fclose PID:28124 fd:3
fclose PID:28124 fd:4
fclose PID:28124 fd:4
fclose PID:28124 fd:3
available: 2 nodes (0-1)
fclose PID:28124 fd:3
node 0 cpus:fclose PID:28124 fd:3
 0 1 2 3 4 5 6 7 8 9 20 21 22 23 24 25 26 27 28 29
node 0 size: 80440 MB
node 0 free: 80125 MB
fclose PID:28124 fd:3
node 1 cpus:fclose PID:28124 fd:3
 10 11 12 13 14 15 16 17 18 19 30 31 32 33 34 35 36 37 38 39
node 1 size: 80635 MB
node 1 free: 80376 MB
fclose PID:28124 fd:3
fclose PID:28124 fd:3
node distances:
node   0   1 
  0:  10  21 
  1:  21  10 
READAHEAD_TIME:0.000000 us
MaxRSS= 2204 KB, SharedMem= 0 KB, HardPageFault= 10
fclose PID:28129 fd:12
fclose PID:28130 fd:10
fclose PID:28132 fd:8
fclose PID:28131 fd:8

MADbench 2.0 IO-mode
no_pe = 4  no_pix = 4096  no_bin = 30  no_gang = 1 sblocksize = 8  fblocksize = 64  r_mod = 1  w_mod = 1 record_size=131072 stride=7


IOMETHOD = POSIX  IOMODE = SYNC  FILETYPE = UNIQUE  REMAP = CUSTOMbuild_S
build_S
build_S
build_S

Write the data to file:33554432 bytes
***********WAITING************

Write the data to file:33554432 bytes
***********WAITING************

Write the data to file:33554432 bytes
***********WAITING************

Write the data to file:33554432 bytes
***********WAITING************

Write the data to file:33554432 bytes
***********WAITING************

Write the data to file:33554432 bytes
***********WAITING************

Write the data to file:33554432 bytes
***********WAITING************

Write the data to file:33554432 bytes
***********WAITING************

Write the data to file:33554432 bytes
***********WAITING************

Write the data to file:33554432 bytes
***********WAITING************

Write the data to file:33554432 bytes
***********WAITING************

Write the data to file:33554432 bytes
***********WAITING************

Write the data to file:33554432 bytes
***********WAITING************

Write the data to file:33554432 bytes
***********WAITING************

Write the data to file:33554432 bytes
***********WAITING************

Write the data to file:33554432 bytes
***********WAITING************

Write the data to file:33554432 bytes
***********WAITING************

Write the data to file:33554432 bytes
***********WAITING************

Write the data to file:33554432 bytes
***********WAITING************

Write the data to file:33554432 bytes
***********WAITING************

Write the data to file:33554432 bytes
***********WAITING************

Write the data to file:33554432 bytes
***********WAITING************

Write the data to file:33554432 bytes
***********WAITING************

Write the data to file:33554432 bytes
***********WAITING************

Write the data to file:33554432 bytes
***********WAITING************

Write the data to file:33554432 bytes
***********WAITING************

Write the data to file:33554432 bytes
***********WAITING************

Write the data to file:33554432 bytes
***********WAITING************

Write the data to file:33554432 bytes
***********WAITING************

Write the data to file:33554432 bytes
***********WAITING************

Write the data to file:33554432 bytes
***********WAITING************

Write the data to file:33554432 bytes
***********WAITING************

Write the data to file:33554432 bytes
***********WAITING************

Write the data to file:33554432 bytes
***********WAITING************

Write the data to file:33554432 bytes
***********WAITING************

Write the data to file:33554432 bytes
***********WAITING************

Write the data to file:33554432 bytes
***********WAITING************

Write the data to file:33554432 bytes
***********WAITING************

Write the data to file:33554432 bytes
***********WAITING************

Write the data to file:33554432 bytes
***********WAITING************

Write the data to file:33554432 bytes
***********WAITING************

Write the data to file:33554432 bytes
***********WAITING************

Write the data to file:33554432 bytes
***********WAITING************

Write the data to file:33554432 bytes
***********WAITING************

Write the data to file:33554432 bytes
***********WAITING************

Write the data to file:33554432 bytes
***********WAITING************

Write the data to file:33554432 bytes
***********WAITING************

Write the data to file:33554432 bytes
***********WAITING************

Write the data to file:33554432 bytes
***********WAITING************

Write the data to file:33554432 bytes
***********WAITING************

Write the data to file:33554432 bytes
***********WAITING************

Write the data to file:33554432 bytes
***********WAITING************

Write the data to file:33554432 bytes
***********WAITING************

Write the data to file:33554432 bytes
***********WAITING************

Write the data to file:33554432 bytes
***********WAITING************

Write the data to file:33554432 bytes
***********WAITING************

Write the data to file:33554432 bytes
***********WAITING************

Write the data to file:33554432 bytes
***********WAITING************

Write the data to file:33554432 bytes
***********WAITING************

Write the data to file:33554432 bytes
***********WAITING************

Write the data to file:33554432 bytes
***********WAITING************

Write the data to file:33554432 bytes
***********WAITING************

Write the data to file:33554432 bytes
***********WAITING************

Write the data to file:33554432 bytes
***********WAITING************

Write the data to file:33554432 bytes
***********WAITING************

Write the data to file:33554432 bytes
***********WAITING************

Write the data to file:33554432 bytes
***********WAITING************

Write the data to file:33554432 bytes
***********WAITING************

Write the data to file:33554432 bytes
***********WAITING************

Write the data to file:33554432 bytes
***********WAITING************

Write the data to file:33554432 bytes
***********WAITING************

Write the data to file:33554432 bytes
***********WAITING************

Write the data to file:33554432 bytes
***********WAITING************

Write the data to file:33554432 bytes
***********WAITING************

Write the data to file:33554432 bytes
***********WAITING************

Write the data to file:33554432 bytes
***********WAITING************

Write the data to file:33554432 bytes
***********WAITING************

Write the data to file:33554432 bytes
***********WAITING************

Write the data to file:33554432 bytes
***********WAITING************

Write the data to file:33554432 bytes
***********WAITING************

Write the data to file:33554432 bytes
***********WAITING************

Write the data to file:33554432 bytes
***********WAITING************

Write the data to file:33554432 bytes
***********WAITING************

Write the data to file:33554432 bytes
***********WAITING************

Write the data to file:33554432 bytes
***********WAITING************

Write the data to file:33554432 bytes
***********WAITING************

Write the data to file:33554432 bytes
***********WAITING************

Write the data to file:33554432 bytes
***********WAITING************

Write the data to file:33554432 bytes
***********WAITING************

Write the data to file:33554432 bytes
***********WAITING************

Write the data to file:33554432 bytes
***********WAITING************

Write the data to file:33554432 bytes
***********WAITING************

Write the data to file:33554432 bytes
***********WAITING************

Write the data to file:33554432 bytes
***********WAITING************

Write the data to file:33554432 bytes
***********WAITING************

Write the data to file:33554432 bytes
***********WAITING************

Write the data to file:33554432 bytes
***********WAITING************

Write the data to file:33554432 bytes
***********WAITING************

Write the data to file:33554432 bytes
***********WAITING************

Write the data to file:33554432 bytes
***********WAITING************

Write the data to file:33554432 bytes
***********WAITING************

Write the data to file:33554432 bytes
***********WAITING************

Write the data to file:33554432 bytes
***********WAITING************

Write the data to file:33554432 bytes
***********WAITING************

Write the data to file:33554432 bytes
***********WAITING************

Write the data to file:33554432 bytes
***********WAITING************

Write the data to file:33554432 bytes
***********WAITING************

Write the data to file:33554432 bytes
***********WAITING************

Write the data to file:33554432 bytes
***********WAITING************

Write the data to file:33554432 bytes
***********WAITING************

Write the data to file:33554432 bytes
***********WAITING************

Write the data to file:33554432 bytes
***********WAITING************

Write the data to file:33554432 bytes
***********WAITING************

Write the data to file:33554432 bytes
***********WAITING************

Write the data to file:33554432 bytes
***********WAITING************

Write the data to file:33554432 bytes
***********WAITING************

Write the data to file:33554432 bytes
***********WAITING************

Write the data to file:33554432 bytes
***********WAITING************

Write the data to file:33554432 bytes
***********WAITING************

Write the data to file:33554432 bytes
***********WAITING************
S_cc         0.41   [      0.41:      0.41]
S_bw         0.19   [      0.19:      0.19]
S_w          7.68   [      7.68:      7.68]
          -------
S_total      8.27   [      8.27:      8.27]

build_S done
calc_W
build_S done
calc_W
build_S done
calc_W
nr_of_strided_rec: 32
nr_doubles: 16384
build_S done
calc_W
nr_of_strided_rec: 32
nr_doubles: 16384
nr_of_strided_rec: 32
nr_doubles: 16384
nr_of_strided_rec: 32
nr_doubles: 16384
nr_of_strided_rec: 32
nr_doubles: 16384
nr_of_strided_rec: 32
nr_doubles: 16384
nr_of_strided_rec: 32
nr_doubles: 16384
nr_of_strided_rec: 32
nr_doubles: 16384

Write the data to file:33554432 bytes
***********WAITING************

Write the data to file:33554432 bytes
***********WAITING************

Write the data to file:33554432 bytes
***********WAITING************

Write the data to file:33554432 bytes
***********WAITING************
nr_of_strided_rec: 32
nr_doubles: 16384
nr_of_strided_rec: 32
nr_doubles: 16384
nr_of_strided_rec: 32
nr_doubles: 16384
nr_of_strided_rec: 32
nr_doubles: 16384

Write the data to file:33554432 bytes
***********WAITING************

Write the data to file:33554432 bytes
***********WAITING************

Write the data to file:33554432 bytes
***********WAITING************

Write the data to file:33554432 bytes
***********WAITING************
nr_of_strided_rec: 32
nr_doubles: 16384
nr_of_strided_rec: 32
nr_doubles: 16384
nr_of_strided_rec: 32
nr_doubles: 16384
nr_of_strided_rec: 32
nr_doubles: 16384

Write the data to file:33554432 bytes
***********WAITING************

Write the data to file:33554432 bytes
***********WAITING************

Write the data to file:33554432 bytes
***********WAITING************

Write the data to file:33554432 bytes
***********WAITING************
nr_of_strided_rec: 32
nr_doubles: 16384
nr_of_strided_rec: 32
nr_doubles: 16384
nr_of_strided_rec: 32
nr_doubles: 16384
nr_of_strided_rec: 32
nr_doubles: 16384

Write the data to file:33554432 bytes
***********WAITING************

Write the data to file:33554432 bytes
***********WAITING************

Write the data to file:33554432 bytes
***********WAITING************

Write the data to file:33554432 bytes
***********WAITING************
nr_of_strided_rec: 32
nr_doubles: 16384
nr_of_strided_rec: 32
nr_doubles: 16384
nr_of_strided_rec: 32
nr_doubles: 16384
nr_of_strided_rec: 32
nr_doubles: 16384

Write the data to file:33554432 bytes
***********WAITING************

Write the data to file:33554432 bytes
***********WAITING************

Write the data to file:33554432 bytes
***********WAITING************

Write the data to file:33554432 bytes
***********WAITING************
nr_of_strided_rec: 32
nr_doubles: 16384
nr_of_strided_rec: 32
nr_doubles: 16384
nr_of_strided_rec: 32
nr_doubles: 16384
nr_of_strided_rec: 32
nr_doubles: 16384

Write the data to file:33554432 bytes
***********WAITING************

Write the data to file:33554432 bytes
***********WAITING************

Write the data to file:33554432 bytes
***********WAITING************

Write the data to file:33554432 bytes
***********WAITING************
nr_of_strided_rec: 32
nr_doubles: 16384
nr_of_strided_rec: 32
nr_doubles: 16384
nr_of_strided_rec: 32
nr_doubles: 16384
nr_of_strided_rec: 32
nr_doubles: 16384

Write the data to file:33554432 bytes
***********WAITING************

Write the data to file:33554432 bytes
***********WAITING************

Write the data to file:33554432 bytes
***********WAITING************

Write the data to file:33554432 bytes
***********WAITING************
nr_of_strided_rec: 32
nr_doubles: 16384
nr_of_strided_rec: 32
nr_doubles: 16384
nr_of_strided_rec: 32
nr_doubles: 16384
nr_of_strided_rec: 32
nr_doubles: 16384

Write the data to file:33554432 bytes
***********WAITING************

Write the data to file:33554432 bytes
***********WAITING************

Write the data to file:33554432 bytes
***********WAITING************

Write the data to file:33554432 bytes
***********WAITING************
nr_of_strided_rec: 32
nr_doubles: 16384
nr_of_strided_rec: 32
nr_doubles: 16384
nr_of_strided_rec: 32
nr_doubles: 16384
nr_of_strided_rec: 32
nr_doubles: 16384

Write the data to file:33554432 bytes
***********WAITING************

Write the data to file:33554432 bytes
***********WAITING************

Write the data to file:33554432 bytes
***********WAITING************

Write the data to file:33554432 bytes
***********WAITING************
nr_of_strided_rec: 32
nr_doubles: 16384
nr_of_strided_rec: 32
nr_doubles: 16384
nr_of_strided_rec: 32
nr_doubles: 16384
nr_of_strided_rec: 32
nr_doubles: 16384

Write the data to file:33554432 bytes
***********WAITING************

Write the data to file:33554432 bytes
***********WAITING************

Write the data to file:33554432 bytes
***********WAITING************

Write the data to file:33554432 bytes
***********WAITING************
nr_of_strided_rec: 32
nr_doubles: 16384
nr_of_strided_rec: 32
nr_doubles: 16384
nr_of_strided_rec: 32
nr_doubles: 16384
nr_of_strided_rec: 32
nr_doubles: 16384

Write the data to file:33554432 bytes
***********WAITING************

Write the data to file:33554432 bytes
***********WAITING************

Write the data to file:33554432 bytes
***********WAITING************

Write the data to file:33554432 bytes
***********WAITING************
nr_of_strided_rec: 32
nr_doubles: 16384
nr_of_strided_rec: 32
nr_doubles: 16384
nr_of_strided_rec: 32
nr_doubles: 16384
nr_of_strided_rec: 32
nr_doubles: 16384

Write the data to file:33554432 bytes
***********WAITING************

Write the data to file:33554432 bytes
***********WAITING************

Write the data to file:33554432 bytes
***********WAITING************

Write the data to file:33554432 bytes
***********WAITING************
nr_of_strided_rec: 32
nr_doubles: 16384
nr_of_strided_rec: 32
nr_doubles: 16384
nr_of_strided_rec: 32
nr_doubles: 16384
nr_of_strided_rec: 32
nr_doubles: 16384

Write the data to file:33554432 bytes
***********WAITING************

Write the data to file:33554432 bytes
***********WAITING************

Write the data to file:33554432 bytes
***********WAITING************

Write the data to file:33554432 bytes
***********WAITING************
nr_of_strided_rec: 32
nr_doubles: 16384
nr_of_strided_rec: 32
nr_doubles: 16384
nr_of_strided_rec: 32
nr_doubles: 16384
nr_of_strided_rec: 32
nr_doubles: 16384

Write the data to file:33554432 bytes
***********WAITING************

Write the data to file:33554432 bytes
***********WAITING************

Write the data to file:33554432 bytes
***********WAITING************

Write the data to file:33554432 bytes
***********WAITING************
nr_of_strided_rec: 32
nr_doubles: 16384
nr_of_strided_rec: 32
nr_doubles: 16384
nr_of_strided_rec: 32
nr_doubles: 16384
nr_of_strided_rec: 32
nr_doubles: 16384

Write the data to file:33554432 bytes
***********WAITING************

Write the data to file:33554432 bytes
***********WAITING************

Write the data to file:33554432 bytes
***********WAITING************

Write the data to file:33554432 bytes
***********WAITING************
nr_of_strided_rec: 32
nr_doubles: 16384
nr_of_strided_rec: 32
nr_doubles: 16384
nr_of_strided_rec: 32
nr_doubles: 16384
nr_of_strided_rec: 32
nr_doubles: 16384

Write the data to file:33554432 bytes
***********WAITING************

Write the data to file:33554432 bytes
***********WAITING************

Write the data to file:33554432 bytes
***********WAITING************

Write the data to file:33554432 bytes
***********WAITING************
nr_of_strided_rec: 32
nr_doubles: 16384
nr_of_strided_rec: 32
nr_doubles: 16384
nr_of_strided_rec: 32
nr_doubles: 16384
nr_of_strided_rec: 32
nr_doubles: 16384

Write the data to file:33554432 bytes
***********WAITING************

Write the data to file:33554432 bytes
***********WAITING************

Write the data to file:33554432 bytes
***********WAITING************

Write the data to file:33554432 bytes
***********WAITING************
nr_of_strided_rec: 32
nr_doubles: 16384
nr_of_strided_rec: 32
nr_doubles: 16384
nr_of_strided_rec: 32
nr_doubles: 16384
nr_of_strided_rec: 32
nr_doubles: 16384

Write the data to file:33554432 bytes
***********WAITING************

Write the data to file:33554432 bytes
***********WAITING************

Write the data to file:33554432 bytes
***********WAITING************

Write the data to file:33554432 bytes
***********WAITING************
nr_of_strided_rec: 32
nr_doubles: 16384
nr_of_strided_rec: 32
nr_doubles: 16384
nr_of_strided_rec: 32
nr_doubles: 16384
nr_of_strided_rec: 32
nr_doubles: 16384

Write the data to file:33554432 bytes
***********WAITING************

Write the data to file:33554432 bytes
***********WAITING************

Write the data to file:33554432 bytes
***********WAITING************

Write the data to file:33554432 bytes
***********WAITING************
nr_of_strided_rec: 32
nr_doubles: 16384
nr_of_strided_rec: 32
nr_doubles: 16384
nr_of_strided_rec: 32
nr_doubles: 16384
nr_of_strided_rec: 32
nr_doubles: 16384

Write the data to file:33554432 bytes
***********WAITING************

Write the data to file:33554432 bytes
***********WAITING************

Write the data to file:33554432 bytes
***********WAITING************

Write the data to file:33554432 bytes
***********WAITING************
nr_of_strided_rec: 32
nr_doubles: 16384
nr_of_strided_rec: 32
nr_doubles: 16384
nr_of_strided_rec: 32
nr_doubles: 16384
nr_of_strided_rec: 32
nr_doubles: 16384

Write the data to file:33554432 bytes
***********WAITING************

Write the data to file:33554432 bytes
***********WAITING************

Write the data to file:33554432 bytes
***********WAITING************

Write the data to file:33554432 bytes
***********WAITING************
nr_of_strided_rec: 32
nr_doubles: 16384
nr_of_strided_rec: 32
nr_doubles: 16384
nr_of_strided_rec: 32
nr_doubles: 16384
nr_of_strided_rec: 32
nr_doubles: 16384

Write the data to file:33554432 bytes
***********WAITING************

Write the data to file:33554432 bytes
***********WAITING************

Write the data to file:33554432 bytes
***********WAITING************

Write the data to file:33554432 bytes
***********WAITING************
nr_of_strided_rec: 32
nr_doubles: 16384
nr_of_strided_rec: 32
nr_doubles: 16384
nr_of_strided_rec: 32
nr_doubles: 16384
nr_of_strided_rec: 32
nr_doubles: 16384

Write the data to file:33554432 bytes
***********WAITING************

Write the data to file:33554432 bytes
***********WAITING************

Write the data to file:33554432 bytes
***********WAITING************

Write the data to file:33554432 bytes
***********WAITING************
nr_of_strided_rec: 32
nr_doubles: 16384
nr_of_strided_rec: 32
nr_doubles: 16384
nr_of_strided_rec: 32
nr_doubles: 16384
nr_of_strided_rec: 32
nr_doubles: 16384

Write the data to file:33554432 bytes
***********WAITING************

Write the data to file:33554432 bytes
***********WAITING************

Write the data to file:33554432 bytes
***********WAITING************

Write the data to file:33554432 bytes
***********WAITING************
nr_of_strided_rec: 32
nr_doubles: 16384
nr_of_strided_rec: 32
nr_doubles: 16384
nr_of_strided_rec: 32
nr_doubles: 16384
nr_of_strided_rec: 32
nr_doubles: 16384

Write the data to file:33554432 bytes
***********WAITING************

Write the data to file:33554432 bytes
***********WAITING************

Write the data to file:33554432 bytes
***********WAITING************

Write the data to file:33554432 bytes
***********WAITING************
nr_of_strided_rec: 32
nr_doubles: 16384
nr_of_strided_rec: 32
nr_doubles: 16384
nr_of_strided_rec: 32
nr_doubles: 16384
nr_of_strided_rec: 32
nr_doubles: 16384

Write the data to file:33554432 bytes
***********WAITING************

Write the data to file:33554432 bytes
***********WAITING************

Write the data to file:33554432 bytes
***********WAITING************

Write the data to file:33554432 bytes
***********WAITING************
nr_of_strided_rec: 32
nr_doubles: 16384
nr_of_strided_rec: 32
nr_doubles: 16384
nr_of_strided_rec: 32
nr_doubles: 16384
nr_of_strided_rec: 32
nr_doubles: 16384

Write the data to file:33554432 bytes
***********WAITING************

Write the data to file:33554432 bytes
***********WAITING************

Write the data to file:33554432 bytes
***********WAITING************

Write the data to file:33554432 bytes
***********WAITING************
nr_of_strided_rec: 32
nr_doubles: 16384
nr_of_strided_rec: 32
nr_doubles: 16384
nr_of_strided_rec: 32
nr_doubles: 16384
nr_of_strided_rec: 32
nr_doubles: 16384

Write the data to file:33554432 bytes
***********WAITING************

Write the data to file:33554432 bytes
***********WAITING************

Write the data to file:33554432 bytes
***********WAITING************

Write the data to file:33554432 bytes
***********WAITING************
nr_of_strided_rec: 32
nr_doubles: 16384
nr_of_strided_rec: 32
nr_doubles: 16384
nr_of_strided_rec: 32
nr_doubles: 16384
nr_of_strided_rec: 32
nr_doubles: 16384

Write the data to file:33554432 bytes
***********WAITING************

Write the data to file:33554432 bytes
***********WAITING************

Write the data to file:33554432 bytes
***********WAITING************

Write the data to file:33554432 bytes
***********WAITING************

Write the data to file:33554432 bytes
***********WAITING************

Write the data to file:33554432 bytes
***********WAITING************

Write the data to file:33554432 bytes
***********WAITING************

Write the data to file:33554432 bytes
***********WAITING************
W_cc         0.98   [      0.98:      0.98]
W_r         21.24   [     21.24:     21.24]
W_w          1.08   [      1.08:      1.08]
          -------
W_total     23.30   [     23.30:     23.31]

calc_W done
calc_W done
calc_W done
nr_of_strided_rec: 32
nr_doubles: 16384
calc_W done
nr_of_strided_rec: 32
nr_doubles: 16384
nr_of_strided_rec: 32
nr_doubles: 16384
nr_of_strided_rec: 32
nr_doubles: 16384
nr_of_strided_rec: 32
nr_doubles: 16384
nr_of_strided_rec: 32
nr_doubles: 16384
nr_of_strided_rec: 32
nr_doubles: 16384
nr_of_strided_rec: 32
nr_doubles: 16384
nr_of_strided_rec: 32
nr_doubles: 16384
nr_of_strided_rec: 32
nr_doubles: 16384
nr_of_strided_rec: 32
nr_doubles: 16384
nr_of_strided_rec: 32
nr_doubles: 16384
nr_of_strided_rec: 32
nr_doubles: 16384
nr_of_strided_rec: 32
nr_doubles: 16384
nr_of_strided_rec: 32
nr_doubles: 16384
nr_of_strided_rec: 32
nr_doubles: 16384
nr_of_strided_rec: 32
nr_doubles: 16384
nr_of_strided_rec: 32
nr_doubles: 16384
nr_of_strided_rec: 32
nr_doubles: 16384
nr_of_strided_rec: 32
nr_doubles: 16384
nr_of_strided_rec: 32
nr_doubles: 16384
nr_of_strided_rec: 32
nr_doubles: 16384
nr_of_strided_rec: 32
nr_doubles: 16384
nr_of_strided_rec: 32
nr_doubles: 16384
nr_of_strided_rec: 32
nr_doubles: 16384
nr_of_strided_rec: 32
nr_doubles: 16384
nr_of_strided_rec: 32
nr_doubles: 16384
nr_of_strided_rec: 32
nr_doubles: 16384
nr_of_strided_rec: 32
nr_doubles: 16384
nr_of_strided_rec: 32
nr_doubles: 16384
nr_of_strided_rec: 32
nr_doubles: 16384
nr_of_strided_rec: 32
nr_doubles: 16384
nr_of_strided_rec: 32
nr_doubles: 16384
nr_of_strided_rec: 32
nr_doubles: 16384
nr_of_strided_rec: 32
nr_doubles: 16384
nr_of_strided_rec: 32
nr_doubles: 16384
nr_of_strided_rec: 32
nr_doubles: 16384
nr_of_strided_rec: 32
nr_doubles: 16384
nr_of_strided_rec: 32
nr_doubles: 16384
nr_of_strided_rec: 32
nr_doubles: 16384
nr_of_strided_rec: 32
nr_doubles: 16384
nr_of_strided_rec: 32
nr_doubles: 16384
nr_of_strided_rec: 32
nr_doubles: 16384
nr_of_strided_rec: 32
nr_doubles: 16384
nr_of_strided_rec: 32
nr_doubles: 16384
nr_of_strided_rec: 32
nr_doubles: 16384
nr_of_strided_rec: 32
nr_doubles: 16384
nr_of_strided_rec: 32
nr_doubles: 16384
nr_of_strided_rec: 32
nr_doubles: 16384
nr_of_strided_rec: 32
nr_doubles: 16384
nr_of_strided_rec: 32
nr_doubles: 16384
nr_of_strided_rec: 32
nr_doubles: 16384
nr_of_strided_rec: 32
nr_doubles: 16384
nr_of_strided_rec: 32
nr_doubles: 16384
nr_of_strided_rec: 32
nr_doubles: 16384
nr_of_strided_rec: 32
nr_doubles: 16384
nr_of_strided_rec: 32
nr_doubles: 16384
nr_of_strided_rec: 32
nr_doubles: 16384
nr_of_strided_rec: 32
nr_doubles: 16384
nr_of_strided_rec: 32
nr_doubles: 16384
nr_of_strided_rec: 32
nr_doubles: 16384
nr_of_strided_rec: 32
nr_doubles: 16384
nr_of_strided_rec: 32
nr_doubles: 16384
nr_of_strided_rec: 32
nr_doubles: 16384
nr_of_strided_rec: 32
nr_doubles: 16384
nr_of_strided_rec: 32
nr_doubles: 16384
nr_of_strided_rec: 32
nr_doubles: 16384
nr_of_strided_rec: 32
nr_doubles: 16384
nr_of_strided_rec: 32
nr_doubles: 16384
nr_of_strided_rec: 32
nr_doubles: 16384
nr_of_strided_rec: 32
nr_doubles: 16384
nr_of_strided_rec: 32
nr_doubles: 16384
nr_of_strided_rec: 32
nr_doubles: 16384
nr_of_strided_rec: 32
nr_doubles: 16384
nr_of_strided_rec: 32
nr_doubles: 16384
nr_of_strided_rec: 32
nr_doubles: 16384
nr_of_strided_rec: 32
nr_doubles: 16384
nr_of_strided_rec: 32
nr_doubles: 16384
nr_of_strided_rec: 32
nr_doubles: 16384
nr_of_strided_rec: 32
nr_doubles: 16384
nr_of_strided_rec: 32
nr_doubles: 16384
nr_of_strided_rec: 32
nr_doubles: 16384
nr_of_strided_rec: 32
nr_doubles: 16384
nr_of_strided_rec: 32
nr_doubles: 16384
nr_of_strided_rec: 32
nr_doubles: 16384
nr_of_strided_rec: 32
nr_doubles: 16384
nr_of_strided_rec: 32
nr_doubles: 16384
nr_of_strided_rec: 32
nr_doubles: 16384
nr_of_strided_rec: 32
nr_doubles: 16384
nr_of_strided_rec: 32
nr_doubles: 16384
nr_of_strided_rec: 32
nr_doubles: 16384
nr_of_strided_rec: 32
nr_doubles: 16384
nr_of_strided_rec: 32
nr_doubles: 16384
nr_of_strided_rec: 32
nr_doubles: 16384
nr_of_strided_rec: 32
nr_doubles: 16384
nr_of_strided_rec: 32
nr_doubles: 16384
nr_of_strided_rec: 32
nr_doubles: 16384
nr_of_strided_rec: 32
nr_doubles: 16384
nr_of_strided_rec: 32
nr_doubles: 16384
nr_of_strided_rec: 32
nr_doubles: 16384
nr_of_strided_rec: 32
nr_doubles: 16384
nr_of_strided_rec: 32
nr_doubles: 16384
nr_of_strided_rec: 32
nr_doubles: 16384
nr_of_strided_rec: 32
nr_doubles: 16384
nr_of_strided_rec: 32
nr_doubles: 16384
nr_of_strided_rec: 32
nr_doubles: 16384
nr_of_strided_rec: 32
nr_doubles: 16384
nr_of_strided_rec: 32
nr_doubles: 16384
nr_of_strided_rec: 32
nr_doubles: 16384
nr_of_strided_rec: 32
nr_doubles: 16384
nr_of_strided_rec: 32
nr_doubles: 16384
nr_of_strided_rec: 32
nr_doubles: 16384
nr_of_strided_rec: 32
nr_doubles: 16384
nr_of_strided_rec: 32
nr_doubles: 16384
nr_of_strided_rec: 32
nr_doubles: 16384
nr_of_strided_rec: 32
nr_doubles: 16384
nr_of_strided_rec: 32
nr_doubles: 16384
nr_of_strided_rec: 32
nr_doubles: 16384
nr_of_strided_rec: 32
nr_doubles: 16384
nr_of_strided_rec: 32
nr_doubles: 16384
C_cc         0.41   [      0.41:      0.41]
C_bw         0.16   [      0.16:      0.16]
C_r          9.89   [      9.89:      9.89]
          -------
C_total     10.45   [     10.45:     10.45]


dC[0] = 0.00000e+00
fclose PID:28131 fd:8
fclose PID:28132 fd:8
fclose PID:28129 fd:12
fclose PID:28130 fd:10
READAHEAD_TIME:0.000000 us
MaxRSS= 141580 KB, SharedMem= 0 KB, HardPageFault= 15
READAHEAD_TIME:0.000000 us
MaxRSS= 141664 KB, SharedMem= 0 KB, HardPageFault= 16
READAHEAD_TIME:0.000000 us
MaxRSS= 141796 KB, SharedMem= 0 KB, HardPageFault= 12
READAHEAD_TIME:0.000000 us
MaxRSS= 141604 KB, SharedMem= 0 KB, HardPageFault= 12
fclose PID:28128 fd:0
fclose PID:28128 fd:6
fclose PID:28128 fd:6
fclose PID:28128 fd:0
READAHEAD_TIME:0.000000 us
MaxRSS= 5392 KB, SharedMem= 0 KB, HardPageFault= 2
fclose PID:28127 fd:3
fclose PID:28127 fd:4
fclose PID:28127 fd:4
fclose PID:28127 fd:3
READAHEAD_TIME:0.000000 us
MaxRSS= 4896 KB, SharedMem= 0 KB, HardPageFault= 4
	Command being timed: "mpiexec -n 4 ./MADbench2_io 4096 30 1 8 64 1 1 131072 7 1"
	User time (seconds): 14.38
	System time (seconds): 17.59
	Percent of CPU this job got: 75%
	Elapsed (wall clock) time (h:mm:ss or m:ss): 0:42.31
	Average shared text size (kbytes): 0
	Average unshared data size (kbytes): 0
	Average stack size (kbytes): 0
	Average total size (kbytes): 0
	Maximum resident set size (kbytes): 141796
	Average resident set size (kbytes): 0
	Major (requiring I/O) page faults: 62
	Minor (reclaiming a frame) page faults: 408447
	Voluntary context switches: 58915
	Involuntary context switches: 257
	Swaps: 0
	File system inputs: 15246456
	File system outputs: 15728712
	Socket messages sent: 0
	Socket messages received: 0
	Signals delivered: 0
	Page size (bytes): 4096
	Exit status: 0
READAHEAD_TIME:0.000000 us
MaxRSS= 2140 KB, SharedMem= 0 KB, HardPageFault= 0
*******************DMESG OUTPUT******************
