fclose PID:34025 fd:3
fclose PID:34025 fd:4
fclose PID:34025 fd:4
fclose PID:34025 fd:3
available: 2 nodes (0-1)
fclose PID:34025 fd:3
node 0 cpus:fclose PID:34025 fd:3
 0 1 2 3 4 5 6 7 8 9 20 21 22 23 24 25 26 27 28 29
node 0 size: 80440 MB
node 0 free: 80122 MB
fclose PID:34025 fd:3
node 1 cpus:fclose PID:34025 fd:3
 10 11 12 13 14 15 16 17 18 19 30 31 32 33 34 35 36 37 38 39
node 1 size: 80635 MB
node 1 free: 80376 MB
fclose PID:34025 fd:3
fclose PID:34025 fd:3
node distances:
node   0   1 
  0:  10  21 
  1:  21  10 
READAHEAD_TIME:0.000000 us
MaxRSS= 2188 KB, SharedMem= 0 KB, HardPageFault= 10
fclose PID:34030 fd:12
fclose PID:34031 fd:10
fclose PID:34032 fd:8
fclose PID:34033 fd:8

MADbench 2.0 IO-mode
no_pe = 4  no_pix = 16384  no_bin = 30  no_gang = 1 sblocksize = 8  fblocksize = 64  r_mod = 1  w_mod = 1 record_size=4194304 stride=7


IOMETHOD = POSIX  IOMODE = SYNC  FILETYPE = UNIQUE  REMAP = CUSTOMbuild_S
build_S
build_S
build_S

Write the data to file:536870912 bytes
***********WAITING************

Write the data to file:536870912 bytes
***********WAITING************

Write the data to file:536870912 bytes
***********WAITING************

Write the data to file:536870912 bytes
***********WAITING************

Write the data to file:536870912 bytes
***********WAITING************

Write the data to file:536870912 bytes
***********WAITING************

Write the data to file:536870912 bytes
***********WAITING************

Write the data to file:536870912 bytes
***********WAITING************

Write the data to file:536870912 bytes
***********WAITING************

Write the data to file:536870912 bytes
***********WAITING************

Write the data to file:536870912 bytes
***********WAITING************

Write the data to file:536870912 bytes
***********WAITING************

Write the data to file:536870912 bytes
***********WAITING************

Write the data to file:536870912 bytes
***********WAITING************

Write the data to file:536870912 bytes
***********WAITING************

Write the data to file:536870912 bytes
***********WAITING************

Write the data to file:536870912 bytes
***********WAITING************

Write the data to file:536870912 bytes
***********WAITING************

Write the data to file:536870912 bytes
***********WAITING************

Write the data to file:536870912 bytes
***********WAITING************

Write the data to file:536870912 bytes
***********WAITING************

Write the data to file:536870912 bytes
***********WAITING************

Write the data to file:536870912 bytes
***********WAITING************

Write the data to file:536870912 bytes
***********WAITING************

Write the data to file:536870912 bytes
***********WAITING************

Write the data to file:536870912 bytes
***********WAITING************

Write the data to file:536870912 bytes
***********WAITING************

Write the data to file:536870912 bytes
***********WAITING************

Write the data to file:536870912 bytes
***********WAITING************

Write the data to file:536870912 bytes
***********WAITING************

Write the data to file:536870912 bytes
***********WAITING************

Write the data to file:536870912 bytes
***********WAITING************

Write the data to file:536870912 bytes
***********WAITING************

Write the data to file:536870912 bytes
***********WAITING************

Write the data to file:536870912 bytes
***********WAITING************

Write the data to file:536870912 bytes
***********WAITING************

Write the data to file:536870912 bytes
***********WAITING************

Write the data to file:536870912 bytes
***********WAITING************

Write the data to file:536870912 bytes
***********WAITING************

Write the data to file:536870912 bytes
***********WAITING************

Write the data to file:536870912 bytes
***********WAITING************

Write the data to file:536870912 bytes
***********WAITING************

Write the data to file:536870912 bytes
***********WAITING************

Write the data to file:536870912 bytes
***********WAITING************

Write the data to file:536870912 bytes
***********WAITING************

Write the data to file:536870912 bytes
***********WAITING************

Write the data to file:536870912 bytes
***********WAITING************

Write the data to file:536870912 bytes
***********WAITING************

Write the data to file:536870912 bytes
***********WAITING************

Write the data to file:536870912 bytes
***********WAITING************

Write the data to file:536870912 bytes
***********WAITING************

Write the data to file:536870912 bytes
***********WAITING************

Write the data to file:536870912 bytes
***********WAITING************

Write the data to file:536870912 bytes
***********WAITING************

Write the data to file:536870912 bytes
***********WAITING************

Write the data to file:536870912 bytes
***********WAITING************

Write the data to file:536870912 bytes
***********WAITING************

Write the data to file:536870912 bytes
***********WAITING************

Write the data to file:536870912 bytes
***********WAITING************

Write the data to file:536870912 bytes
***********WAITING************

Write the data to file:536870912 bytes
***********WAITING************

Write the data to file:536870912 bytes
***********WAITING************

Write the data to file:536870912 bytes
***********WAITING************

Write the data to file:536870912 bytes
***********WAITING************

Write the data to file:536870912 bytes
***********WAITING************

Write the data to file:536870912 bytes
***********WAITING************

Write the data to file:536870912 bytes
***********WAITING************

Write the data to file:536870912 bytes
***********WAITING************

Write the data to file:536870912 bytes
***********WAITING************

Write the data to file:536870912 bytes
***********WAITING************

Write the data to file:536870912 bytes
***********WAITING************

Write the data to file:536870912 bytes
***********WAITING************

Write the data to file:536870912 bytes
***********WAITING************

Write the data to file:536870912 bytes
***********WAITING************

Write the data to file:536870912 bytes
***********WAITING************

Write the data to file:536870912 bytes
***********WAITING************

Write the data to file:536870912 bytes
***********WAITING************

Write the data to file:536870912 bytes
***********WAITING************

Write the data to file:536870912 bytes
***********WAITING************

Write the data to file:536870912 bytes
***********WAITING************

Write the data to file:536870912 bytes
***********WAITING************

Write the data to file:536870912 bytes
***********WAITING************

Write the data to file:536870912 bytes
***********WAITING************

Write the data to file:536870912 bytes
***********WAITING************

Write the data to file:536870912 bytes
***********WAITING************

Write the data to file:536870912 bytes
***********WAITING************

Write the data to file:536870912 bytes
***********WAITING************

Write the data to file:536870912 bytes
***********WAITING************

Write the data to file:536870912 bytes
***********WAITING************

Write the data to file:536870912 bytes
***********WAITING************

Write the data to file:536870912 bytes
***********WAITING************

Write the data to file:536870912 bytes
***********WAITING************

Write the data to file:536870912 bytes
***********WAITING************

Write the data to file:536870912 bytes
***********WAITING************

Write the data to file:536870912 bytes
***********WAITING************

Write the data to file:536870912 bytes
***********WAITING************

Write the data to file:536870912 bytes
***********WAITING************

Write the data to file:536870912 bytes
***********WAITING************

Write the data to file:536870912 bytes
***********WAITING************

Write the data to file:536870912 bytes
***********WAITING************

Write the data to file:536870912 bytes
***********WAITING************

Write the data to file:536870912 bytes
***********WAITING************

Write the data to file:536870912 bytes
***********WAITING************

Write the data to file:536870912 bytes
***********WAITING************

Write the data to file:536870912 bytes
***********WAITING************

Write the data to file:536870912 bytes
***********WAITING************

Write the data to file:536870912 bytes
***********WAITING************

Write the data to file:536870912 bytes
***********WAITING************

Write the data to file:536870912 bytes
***********WAITING************

Write the data to file:536870912 bytes
***********WAITING************

Write the data to file:536870912 bytes
***********WAITING************

Write the data to file:536870912 bytes
***********WAITING************

Write the data to file:536870912 bytes
***********WAITING************

Write the data to file:536870912 bytes
***********WAITING************

Write the data to file:536870912 bytes
***********WAITING************

Write the data to file:536870912 bytes
***********WAITING************

Write the data to file:536870912 bytes
***********WAITING************

Write the data to file:536870912 bytes
***********WAITING************

Write the data to file:536870912 bytes
***********WAITING************

Write the data to file:536870912 bytes
***********WAITING************
S_cc         3.97   [      3.97:      3.97]
S_bw         2.57   [      2.57:      2.57]
S_w        125.80   [    125.80:    125.80]
          -------
S_total    132.34   [    132.33:    132.34]

build_S done
calc_W
nr_of_strided_rec: 16
nr_doubles: 524288
build_S done
calc_W
nr_of_strided_rec: 16
nr_doubles: 524288
build_S done
calc_W
nr_of_strided_rec: 16
nr_doubles: 524288
build_S done
calc_W
nr_of_strided_rec: 16
nr_doubles: 524288
nr_of_strided_rec: 16
nr_doubles: 524288
nr_of_strided_rec: 16
nr_doubles: 524288
nr_of_strided_rec: 16
nr_doubles: 524288
nr_of_strided_rec: 16
nr_doubles: 524288

Write the data to file:536870912 bytes
***********WAITING************

Write the data to file:536870912 bytes
***********WAITING************

Write the data to file:536870912 bytes
***********WAITING************

Write the data to file:536870912 bytes
***********WAITING************
nr_of_strided_rec: 16
nr_doubles: 524288
nr_of_strided_rec: 16
nr_doubles: 524288
nr_of_strided_rec: 16
nr_doubles: 524288
nr_of_strided_rec: 16
nr_doubles: 524288

Write the data to file:536870912 bytes
***********WAITING************

Write the data to file:536870912 bytes
***********WAITING************

Write the data to file:536870912 bytes
***********WAITING************

Write the data to file:536870912 bytes
***********WAITING************
nr_of_strided_rec: 16
nr_doubles: 524288
nr_of_strided_rec: 16
nr_doubles: 524288
nr_of_strided_rec: 16
nr_doubles: 524288
nr_of_strided_rec: 16
nr_doubles: 524288

Write the data to file:536870912 bytes
***********WAITING************

Write the data to file:536870912 bytes
***********WAITING************

Write the data to file:536870912 bytes
***********WAITING************

Write the data to file:536870912 bytes
***********WAITING************
nr_of_strided_rec: 16
nr_doubles: 524288
nr_of_strided_rec: 16
nr_doubles: 524288
nr_of_strided_rec: 16
nr_doubles: 524288
nr_of_strided_rec: 16
nr_doubles: 524288

Write the data to file:536870912 bytes
***********WAITING************

Write the data to file:536870912 bytes
***********WAITING************

Write the data to file:536870912 bytes
***********WAITING************

Write the data to file:536870912 bytes
***********WAITING************
nr_of_strided_rec: 16
nr_doubles: 524288
nr_of_strided_rec: 16
nr_doubles: 524288
nr_of_strided_rec: 16
nr_doubles: 524288
nr_of_strided_rec: 16
nr_doubles: 524288

Write the data to file:536870912 bytes
***********WAITING************

Write the data to file:536870912 bytes
***********WAITING************

Write the data to file:536870912 bytes
***********WAITING************

Write the data to file:536870912 bytes
***********WAITING************
nr_of_strided_rec: 16
nr_doubles: 524288
nr_of_strided_rec: 16
nr_doubles: 524288
nr_of_strided_rec: 16
nr_doubles: 524288
nr_of_strided_rec: 16
nr_doubles: 524288

Write the data to file:536870912 bytes
***********WAITING************

Write the data to file:536870912 bytes
***********WAITING************

Write the data to file:536870912 bytes
***********WAITING************

Write the data to file:536870912 bytes
***********WAITING************
nr_of_strided_rec: 16
nr_doubles: 524288
nr_of_strided_rec: 16
nr_doubles: 524288
nr_of_strided_rec: 16
nr_doubles: 524288
nr_of_strided_rec: 16
nr_doubles: 524288

Write the data to file:536870912 bytes
***********WAITING************

Write the data to file:536870912 bytes
***********WAITING************

Write the data to file:536870912 bytes
***********WAITING************

Write the data to file:536870912 bytes
***********WAITING************
nr_of_strided_rec: 16
nr_doubles: 524288
nr_of_strided_rec: 16
nr_doubles: 524288
nr_of_strided_rec: 16
nr_doubles: 524288
nr_of_strided_rec: 16
nr_doubles: 524288

Write the data to file:536870912 bytes
***********WAITING************

Write the data to file:536870912 bytes
***********WAITING************

Write the data to file:536870912 bytes
***********WAITING************

Write the data to file:536870912 bytes
***********WAITING************
nr_of_strided_rec: 16
nr_doubles: 524288
nr_of_strided_rec: 16
nr_doubles: 524288
nr_of_strided_rec: 16
nr_doubles: 524288
nr_of_strided_rec: 16
nr_doubles: 524288

Write the data to file:536870912 bytes
***********WAITING************

Write the data to file:536870912 bytes
***********WAITING************

Write the data to file:536870912 bytes
***********WAITING************

Write the data to file:536870912 bytes
***********WAITING************
nr_of_strided_rec: 16
nr_doubles: 524288
nr_of_strided_rec: 16
nr_doubles: 524288
nr_of_strided_rec: 16
nr_doubles: 524288
nr_of_strided_rec: 16
nr_doubles: 524288

Write the data to file:536870912 bytes
***********WAITING************

Write the data to file:536870912 bytes
***********WAITING************

Write the data to file:536870912 bytes
***********WAITING************

Write the data to file:536870912 bytes
***********WAITING************
nr_of_strided_rec: 16
nr_doubles: 524288
nr_of_strided_rec: 16
nr_doubles: 524288
nr_of_strided_rec: 16
nr_doubles: 524288
nr_of_strided_rec: 16
nr_doubles: 524288

Write the data to file:536870912 bytes
***********WAITING************

Write the data to file:536870912 bytes
***********WAITING************

Write the data to file:536870912 bytes
***********WAITING************

Write the data to file:536870912 bytes
***********WAITING************
nr_of_strided_rec: 16
nr_doubles: 524288
nr_of_strided_rec: 16
nr_doubles: 524288
nr_of_strided_rec: 16
nr_doubles: 524288
nr_of_strided_rec: 16
nr_doubles: 524288

Write the data to file:536870912 bytes
***********WAITING************

Write the data to file:536870912 bytes
***********WAITING************

Write the data to file:536870912 bytes
***********WAITING************

Write the data to file:536870912 bytes
***********WAITING************
nr_of_strided_rec: 16
nr_doubles: 524288
nr_of_strided_rec: 16
nr_doubles: 524288
nr_of_strided_rec: 16
nr_doubles: 524288
nr_of_strided_rec: 16
nr_doubles: 524288

Write the data to file:536870912 bytes
***********WAITING************

Write the data to file:536870912 bytes
***********WAITING************

Write the data to file:536870912 bytes
***********WAITING************

Write the data to file:536870912 bytes
***********WAITING************
nr_of_strided_rec: 16
nr_doubles: 524288
nr_of_strided_rec: 16
nr_doubles: 524288
nr_of_strided_rec: 16
nr_doubles: 524288
nr_of_strided_rec: 16
nr_doubles: 524288

Write the data to file:536870912 bytes
***********WAITING************

Write the data to file:536870912 bytes
***********WAITING************

Write the data to file:536870912 bytes
***********WAITING************

Write the data to file:536870912 bytes
***********WAITING************
nr_of_strided_rec: 16
nr_doubles: 524288
nr_of_strided_rec: 16
nr_doubles: 524288
nr_of_strided_rec: 16
nr_doubles: 524288
nr_of_strided_rec: 16
nr_doubles: 524288

Write the data to file:536870912 bytes
***********WAITING************

Write the data to file:536870912 bytes
***********WAITING************

Write the data to file:536870912 bytes
***********WAITING************

Write the data to file:536870912 bytes
***********WAITING************
nr_of_strided_rec: 16
nr_doubles: 524288
nr_of_strided_rec: 16
nr_doubles: 524288
nr_of_strided_rec: 16
nr_doubles: 524288
nr_of_strided_rec: 16
nr_doubles: 524288

Write the data to file:536870912 bytes
***********WAITING************

Write the data to file:536870912 bytes
***********WAITING************

Write the data to file:536870912 bytes
***********WAITING************

Write the data to file:536870912 bytes
***********WAITING************
nr_of_strided_rec: 16
nr_doubles: 524288
nr_of_strided_rec: 16
nr_doubles: 524288
nr_of_strided_rec: 16
nr_doubles: 524288
nr_of_strided_rec: 16
nr_doubles: 524288

Write the data to file:536870912 bytes
***********WAITING************

Write the data to file:536870912 bytes
***********WAITING************

Write the data to file:536870912 bytes
***********WAITING************

Write the data to file:536870912 bytes
***********WAITING************
nr_of_strided_rec: 16
nr_doubles: 524288
nr_of_strided_rec: 16
nr_doubles: 524288
nr_of_strided_rec: 16
nr_doubles: 524288
nr_of_strided_rec: 16
nr_doubles: 524288

Write the data to file:536870912 bytes
***********WAITING************

Write the data to file:536870912 bytes
***********WAITING************

Write the data to file:536870912 bytes
***********WAITING************

Write the data to file:536870912 bytes
***********WAITING************
nr_of_strided_rec: 16
nr_doubles: 524288
nr_of_strided_rec: 16
nr_doubles: 524288
nr_of_strided_rec: 16
nr_doubles: 524288
nr_of_strided_rec: 16
nr_doubles: 524288

Write the data to file:536870912 bytes
***********WAITING************

Write the data to file:536870912 bytes
***********WAITING************

Write the data to file:536870912 bytes
***********WAITING************

Write the data to file:536870912 bytes
***********WAITING************
nr_of_strided_rec: 16
nr_doubles: 524288
nr_of_strided_rec: 16
nr_doubles: 524288
nr_of_strided_rec: 16
nr_doubles: 524288
nr_of_strided_rec: 16
nr_doubles: 524288

Write the data to file:536870912 bytes
***********WAITING************

Write the data to file:536870912 bytes
***********WAITING************

Write the data to file:536870912 bytes
***********WAITING************

Write the data to file:536870912 bytes
***********WAITING************
nr_of_strided_rec: 16
nr_doubles: 524288
nr_of_strided_rec: 16
nr_doubles: 524288
nr_of_strided_rec: 16
nr_doubles: 524288
nr_of_strided_rec: 16
nr_doubles: 524288

Write the data to file:536870912 bytes
***********WAITING************

Write the data to file:536870912 bytes
***********WAITING************

Write the data to file:536870912 bytes
***********WAITING************

Write the data to file:536870912 bytes
***********WAITING************
nr_of_strided_rec: 16
nr_doubles: 524288
nr_of_strided_rec: 16
nr_doubles: 524288
nr_of_strided_rec: 16
nr_doubles: 524288
nr_of_strided_rec: 16
nr_doubles: 524288

Write the data to file:536870912 bytes
***********WAITING************

Write the data to file:536870912 bytes
***********WAITING************

Write the data to file:536870912 bytes
***********WAITING************

Write the data to file:536870912 bytes
***********WAITING************
nr_of_strided_rec: 16
nr_doubles: 524288
nr_of_strided_rec: 16
nr_doubles: 524288
nr_of_strided_rec: 16
nr_doubles: 524288
nr_of_strided_rec: 16
nr_doubles: 524288

Write the data to file:536870912 bytes
***********WAITING************

Write the data to file:536870912 bytes
***********WAITING************

Write the data to file:536870912 bytes
***********WAITING************

Write the data to file:536870912 bytes
***********WAITING************
nr_of_strided_rec: 16
nr_doubles: 524288
nr_of_strided_rec: 16
nr_doubles: 524288
nr_of_strided_rec: 16
nr_doubles: 524288
nr_of_strided_rec: 16
nr_doubles: 524288

Write the data to file:536870912 bytes
***********WAITING************

Write the data to file:536870912 bytes
***********WAITING************

Write the data to file:536870912 bytes
***********WAITING************

Write the data to file:536870912 bytes
***********WAITING************
nr_of_strided_rec: 16
nr_doubles: 524288
nr_of_strided_rec: 16
nr_doubles: 524288
nr_of_strided_rec: 16
nr_doubles: 524288
nr_of_strided_rec: 16
nr_doubles: 524288

Write the data to file:536870912 bytes
***********WAITING************

Write the data to file:536870912 bytes
***********WAITING************

Write the data to file:536870912 bytes
***********WAITING************

Write the data to file:536870912 bytes
***********WAITING************
nr_of_strided_rec: 16
nr_doubles: 524288
nr_of_strided_rec: 16
nr_doubles: 524288
nr_of_strided_rec: 16
nr_doubles: 524288
nr_of_strided_rec: 16
nr_doubles: 524288

Write the data to file:536870912 bytes
***********WAITING************

Write the data to file:536870912 bytes
***********WAITING************

Write the data to file:536870912 bytes
***********WAITING************

Write the data to file:536870912 bytes
***********WAITING************
nr_of_strided_rec: 16
nr_doubles: 524288
nr_of_strided_rec: 16
nr_doubles: 524288
nr_of_strided_rec: 16
nr_doubles: 524288
nr_of_strided_rec: 16
nr_doubles: 524288

Write the data to file:536870912 bytes
***********WAITING************

Write the data to file:536870912 bytes
***********WAITING************

Write the data to file:536870912 bytes
***********WAITING************

Write the data to file:536870912 bytes
***********WAITING************
nr_of_strided_rec: 16
nr_doubles: 524288
nr_of_strided_rec: 16
nr_doubles: 524288
nr_of_strided_rec: 16
nr_doubles: 524288
nr_of_strided_rec: 16
nr_doubles: 524288

Write the data to file:536870912 bytes
***********WAITING************

Write the data to file:536870912 bytes
***********WAITING************

Write the data to file:536870912 bytes
***********WAITING************

Write the data to file:536870912 bytes
***********WAITING************
nr_of_strided_rec: 16
nr_doubles: 524288
nr_of_strided_rec: 16
nr_doubles: 524288
nr_of_strided_rec: 16
nr_doubles: 524288
nr_of_strided_rec: 16
nr_doubles: 524288

Write the data to file:536870912 bytes
***********WAITING************

Write the data to file:536870912 bytes
***********WAITING************

Write the data to file:536870912 bytes
***********WAITING************

Write the data to file:536870912 bytes
***********WAITING************

Write the data to file:536870912 bytes
***********WAITING************

Write the data to file:536870912 bytes
***********WAITING************

Write the data to file:536870912 bytes
***********WAITING************

Write the data to file:536870912 bytes
***********WAITING************
W_cc         7.10   [      7.08:      7.12]
W_r        184.74   [    184.73:    184.75]
W_w        128.99   [    128.99:    128.99]
          -------
W_total    320.83   [    320.81:    320.85]

calc_W done
calc_W done
calc_W done
nr_of_strided_rec: 16
nr_doubles: 524288
calc_W done
nr_of_strided_rec: 16
nr_doubles: 524288
nr_of_strided_rec: 16
nr_doubles: 524288
nr_of_strided_rec: 16
nr_doubles: 524288
nr_of_strided_rec: 16
nr_doubles: 524288
nr_of_strided_rec: 16
nr_doubles: 524288
nr_of_strided_rec: 16
nr_doubles: 524288
nr_of_strided_rec: 16
nr_doubles: 524288
nr_of_strided_rec: 16
nr_doubles: 524288
nr_of_strided_rec: 16
nr_doubles: 524288
nr_of_strided_rec: 16
nr_doubles: 524288
nr_of_strided_rec: 16
nr_doubles: 524288
nr_of_strided_rec: 16
nr_doubles: 524288
nr_of_strided_rec: 16
nr_doubles: 524288
nr_of_strided_rec: 16
nr_doubles: 524288
nr_of_strided_rec: 16
nr_doubles: 524288
nr_of_strided_rec: 16
nr_doubles: 524288
nr_of_strided_rec: 16
nr_doubles: 524288
nr_of_strided_rec: 16
nr_doubles: 524288
nr_of_strided_rec: 16
nr_doubles: 524288
nr_of_strided_rec: 16
nr_doubles: 524288
nr_of_strided_rec: 16
nr_doubles: 524288
nr_of_strided_rec: 16
nr_doubles: 524288
nr_of_strided_rec: 16
nr_doubles: 524288
nr_of_strided_rec: 16
nr_doubles: 524288
nr_of_strided_rec: 16
nr_doubles: 524288
nr_of_strided_rec: 16
nr_doubles: 524288
nr_of_strided_rec: 16
nr_doubles: 524288
nr_of_strided_rec: 16
nr_doubles: 524288
nr_of_strided_rec: 16
nr_doubles: 524288
nr_of_strided_rec: 16
nr_doubles: 524288
nr_of_strided_rec: 16
nr_doubles: 524288
nr_of_strided_rec: 16
nr_doubles: 524288
nr_of_strided_rec: 16
nr_doubles: 524288
nr_of_strided_rec: 16
nr_doubles: 524288
nr_of_strided_rec: 16
nr_doubles: 524288
nr_of_strided_rec: 16
nr_doubles: 524288
nr_of_strided_rec: 16
nr_doubles: 524288
nr_of_strided_rec: 16
nr_doubles: 524288
nr_of_strided_rec: 16
nr_doubles: 524288
nr_of_strided_rec: 16
nr_doubles: 524288
nr_of_strided_rec: 16
nr_doubles: 524288
nr_of_strided_rec: 16
nr_doubles: 524288
nr_of_strided_rec: 16
nr_doubles: 524288
nr_of_strided_rec: 16
nr_doubles: 524288
nr_of_strided_rec: 16
nr_doubles: 524288
nr_of_strided_rec: 16
nr_doubles: 524288
nr_of_strided_rec: 16
nr_doubles: 524288
nr_of_strided_rec: 16
nr_doubles: 524288
nr_of_strided_rec: 16
nr_doubles: 524288
nr_of_strided_rec: 16
nr_doubles: 524288
nr_of_strided_rec: 16
nr_doubles: 524288
nr_of_strided_rec: 16
nr_doubles: 524288
nr_of_strided_rec: 16
nr_doubles: 524288
nr_of_strided_rec: 16
nr_doubles: 524288
nr_of_strided_rec: 16
nr_doubles: 524288
nr_of_strided_rec: 16
nr_doubles: 524288
nr_of_strided_rec: 16
nr_doubles: 524288
nr_of_strided_rec: 16
nr_doubles: 524288
nr_of_strided_rec: 16
nr_doubles: 524288
nr_of_strided_rec: 16
nr_doubles: 524288
nr_of_strided_rec: 16
nr_doubles: 524288
nr_of_strided_rec: 16
nr_doubles: 524288
nr_of_strided_rec: 16
nr_doubles: 524288
nr_of_strided_rec: 16
nr_doubles: 524288
nr_of_strided_rec: 16
nr_doubles: 524288
nr_of_strided_rec: 16
nr_doubles: 524288
nr_of_strided_rec: 16
nr_doubles: 524288
nr_of_strided_rec: 16
nr_doubles: 524288
nr_of_strided_rec: 16
nr_doubles: 524288
nr_of_strided_rec: 16
nr_doubles: 524288
nr_of_strided_rec: 16
nr_doubles: 524288
nr_of_strided_rec: 16
nr_doubles: 524288
nr_of_strided_rec: 16
nr_doubles: 524288
nr_of_strided_rec: 16
nr_doubles: 524288
nr_of_strided_rec: 16
nr_doubles: 524288
nr_of_strided_rec: 16
nr_doubles: 524288
nr_of_strided_rec: 16
nr_doubles: 524288
nr_of_strided_rec: 16
nr_doubles: 524288
nr_of_strided_rec: 16
nr_doubles: 524288
nr_of_strided_rec: 16
nr_doubles: 524288
nr_of_strided_rec: 16
nr_doubles: 524288
nr_of_strided_rec: 16
nr_doubles: 524288
nr_of_strided_rec: 16
nr_doubles: 524288
nr_of_strided_rec: 16
nr_doubles: 524288
nr_of_strided_rec: 16
nr_doubles: 524288
nr_of_strided_rec: 16
nr_doubles: 524288
nr_of_strided_rec: 16
nr_doubles: 524288
nr_of_strided_rec: 16
nr_doubles: 524288
nr_of_strided_rec: 16
nr_doubles: 524288
nr_of_strided_rec: 16
nr_doubles: 524288
nr_of_strided_rec: 16
nr_doubles: 524288
nr_of_strided_rec: 16
nr_doubles: 524288
nr_of_strided_rec: 16
nr_doubles: 524288
nr_of_strided_rec: 16
nr_doubles: 524288
nr_of_strided_rec: 16
nr_doubles: 524288
nr_of_strided_rec: 16
nr_doubles: 524288
nr_of_strided_rec: 16
nr_doubles: 524288
nr_of_strided_rec: 16
nr_doubles: 524288
nr_of_strided_rec: 16
nr_doubles: 524288
nr_of_strided_rec: 16
nr_doubles: 524288
nr_of_strided_rec: 16
nr_doubles: 524288
nr_of_strided_rec: 16
nr_doubles: 524288
nr_of_strided_rec: 16
nr_doubles: 524288
nr_of_strided_rec: 16
nr_doubles: 524288
nr_of_strided_rec: 16
nr_doubles: 524288
nr_of_strided_rec: 16
nr_doubles: 524288
nr_of_strided_rec: 16
nr_doubles: 524288
nr_of_strided_rec: 16
nr_doubles: 524288
nr_of_strided_rec: 16
nr_doubles: 524288
nr_of_strided_rec: 16
nr_doubles: 524288
nr_of_strided_rec: 16
nr_doubles: 524288
nr_of_strided_rec: 16
nr_doubles: 524288
nr_of_strided_rec: 16
nr_doubles: 524288
nr_of_strided_rec: 16
nr_doubles: 524288
nr_of_strided_rec: 16
nr_doubles: 524288
nr_of_strided_rec: 16
nr_doubles: 524288
nr_of_strided_rec: 16
nr_doubles: 524288
nr_of_strided_rec: 16
nr_doubles: 524288
nr_of_strided_rec: 16
nr_doubles: 524288
C_cc         2.99   [      2.98:      3.00]
C_bw         2.68   [      2.68:      2.68]
C_r        132.69   [    132.69:    132.69]
          -------
C_total    138.35   [    138.34:    138.36]


dC[0] = 0.00000e+00
fclose PID:34032 fd:8
fclose PID:34031 fd:10
fclose PID:34030 fd:12
fclose PID:34033 fd:8
READAHEAD_TIME:0.000000 us
MaxRSS= 2107880 KB, SharedMem= 0 KB, HardPageFault= 14
READAHEAD_TIME:0.000000 us
MaxRSS= 2107944 KB, SharedMem= 0 KB, HardPageFault= 11
READAHEAD_TIME:0.000000 us
MaxRSS= 2107900 KB, SharedMem= 0 KB, HardPageFault= 11
READAHEAD_TIME:0.000000 us
MaxRSS= 2107800 KB, SharedMem= 0 KB, HardPageFault= 13
fclose PID:34029 fd:0
fclose PID:34029 fd:6
fclose PID:34029 fd:6
fclose PID:34029 fd:0
READAHEAD_TIME:0.000000 us
MaxRSS= 5420 KB, SharedMem= 0 KB, HardPageFault= 2
fclose PID:34028 fd:3
fclose PID:34028 fd:4
fclose PID:34028 fd:4
fclose PID:34028 fd:3
READAHEAD_TIME:0.000000 us
MaxRSS= 4952 KB, SharedMem= 0 KB, HardPageFault= 4
	Command being timed: "mpiexec -n 4 ./MADbench2_io 16384 30 1 8 64 1 1 4194304 7 1"
	User time (seconds): 387.72
	System time (seconds): 230.19
	Percent of CPU this job got: 104%
	Elapsed (wall clock) time (h:mm:ss or m:ss): 9:52.25
	Average shared text size (kbytes): 0
	Average unshared data size (kbytes): 0
	Average stack size (kbytes): 0
	Average total size (kbytes): 0
	Maximum resident set size (kbytes): 2107944
	Average resident set size (kbytes): 0
	Major (requiring I/O) page faults: 56
	Minor (reclaiming a frame) page faults: 7934472
	Voluntary context switches: 180800
	Involuntary context switches: 2639
	Swaps: 0
	File system inputs: 249592048
	File system outputs: 251658544
	Socket messages sent: 0
	Socket messages received: 0
	Signals delivered: 0
	Page size (bytes): 4096
	Exit status: 0
READAHEAD_TIME:0.000000 us
MaxRSS= 2072 KB, SharedMem= 0 KB, HardPageFault= 0
*******************DMESG OUTPUT******************
