+ REDISROOT=/users/skannan/ssd/NVM/appbench/redis-5.0.5
+ REDISCONF=/users/skannan/ssd/NVM/appbench/redis-5.0.5/config
+ APPBASE=/users/skannan/ssd/NVM/appbench/redis-5.0.5/src
+ APP=/users/skannan/ssd/NVM/appbench/redis-5.0.5/src/pagerank
+ PARAM=
+ OUTPUT=
+ READS=1000000
+ KEYS=1000000
+ CLIPREFIX='numactl --preferred=0'
+ PHYSCPU=--physcpubind
+ let MAXINST=4
+ let STARTPORT=6378
+ let SERVERCPU=20
+ let DATASIZE=4096
+ let physcpu=0
+ let physcpu2=1
+ cd /users/skannan/ssd/NVM/appbench/redis-5.0.5/src
+ CLEAN
+ (( b=1 ))
+ (( b<=4 ))
+ rm -rf '*.rdb'
+ rm -rf '*.aof'
+ sudo killall redis-server1
redis-server1: no process found
+ appname=redis-server1
+ sudo kill -9 redis-server1
kill: failed to parse argument: 'redis-server1'
+ sudo killall redis-server1
redis-server1: no process found
+ echo 'KILLING redis-server1'
KILLING redis-server1
+ sudo kill -9 redis-server1
kill: failed to parse argument: 'redis-server1'
+ (( b++  ))
+ (( b<=4 ))
+ rm -rf '*.rdb'
+ rm -rf '*.aof'
+ sudo killall redis-server2
redis-server2: no process found
+ appname=redis-server2
+ sudo kill -9 redis-server2
kill: failed to parse argument: 'redis-server2'
+ sudo killall redis-server2
redis-server2: no process found
+ echo 'KILLING redis-server2'
KILLING redis-server2
+ sudo kill -9 redis-server2
kill: failed to parse argument: 'redis-server2'
+ (( b++  ))
+ (( b<=4 ))
+ rm -rf '*.rdb'
+ rm -rf '*.aof'
+ sudo killall redis-server3
redis-server3: no process found
+ appname=redis-server3
+ sudo kill -9 redis-server3
kill: failed to parse argument: 'redis-server3'
+ sudo killall redis-server3
redis-server3: no process found
+ echo 'KILLING redis-server3'
KILLING redis-server3
+ sudo kill -9 redis-server3
kill: failed to parse argument: 'redis-server3'
+ (( b++  ))
+ (( b<=4 ))
+ rm -rf '*.rdb'
+ rm -rf '*.aof'
+ sudo killall redis-server4
redis-server4: no process found
+ appname=redis-server4
+ sudo kill -9 redis-server4
kill: failed to parse argument: 'redis-server4'
+ sudo killall redis-server4
redis-server4: no process found
+ echo 'KILLING redis-server4'
KILLING redis-server4
+ sudo kill -9 redis-server4
kill: failed to parse argument: 'redis-server4'
+ (( b++  ))
+ (( b<=4 ))
+ sudo killall redis-benchmark
redis-benchmark: no process found
+ sudo killall redis-benchmark
redis-benchmark: no process found
+ sleep 5
+ PREPARE
+ (( inst=1 ))
+ (( inst<=4 ))
+ cd /users/skannan/ssd/NVM/appbench/redis-5.0.5/src
+ sudo rm redis-server1 redis-benchmark1
+ cp redis-server redis-server1
+ cp redis-benchmark redis-benchmark1
+ cd /users/skannan/ssd/NVM/appbench
+ (( inst++  ))
+ (( inst<=4 ))
+ cd /users/skannan/ssd/NVM/appbench/redis-5.0.5/src
+ sudo rm redis-server2 redis-benchmark2
+ cp redis-server redis-server2
+ cp redis-benchmark redis-benchmark2
+ cd /users/skannan/ssd/NVM/appbench
+ (( inst++  ))
+ (( inst<=4 ))
+ cd /users/skannan/ssd/NVM/appbench/redis-5.0.5/src
+ sudo rm redis-server3 redis-benchmark3
+ cp redis-server redis-server3
+ cp redis-benchmark redis-benchmark3
+ cd /users/skannan/ssd/NVM/appbench
+ (( inst++  ))
+ (( inst<=4 ))
+ cd /users/skannan/ssd/NVM/appbench/redis-5.0.5/src
+ sudo rm redis-server4 redis-benchmark4
+ cp redis-server redis-server4
+ cp redis-benchmark redis-benchmark4
+ cd /users/skannan/ssd/NVM/appbench
+ (( inst++  ))
+ (( inst<=4 ))
+ FlushDisk
+ sudo sh -c 'echo 3 > /proc/sys/vm/drop_caches'
+ sudo sh -c sync
+ sudo sh -c sync
+ sudo sh -c 'echo 3 > /proc/sys/vm/drop_caches'
+ cd /users/skannan/ssd/NVM/appbench/shared_data
+ RUN
+ let port=6378
+ let physcpu=20
+ let physcpu2=20+1
+ (( r=1 ))
+ (( r<=4 ))
+ let port=6378+1
+ let physcpu=20+2
+ let physcpu2=21+2
+ sleep 1
+ LD_PRELOAD=/users/skannan/ssd/NVM/appbench/shared_libs/construct/libmigration.so
+ numactl --preferred=0 --physcpubind=20,21 /users/skannan/ssd/NVM/appbench/redis-5.0.5/src/redis-server1 /users/skannan/ssd/NVM/appbench/redis-5.0.5/config/redis-6378.conf
initiating tracing...
initiating tracing...
15344:C 29 Jul 2019 21:05:22.273 # oO0OoO0OoO0Oo Redis is starting oO0OoO0OoO0Oo
15344:C 29 Jul 2019 21:05:22.273 # Redis version=5.0.5, bits=64, commit=ca9ca7e7, modified=1, pid=15344, just started
15344:C 29 Jul 2019 21:05:22.273 # Configuration loaded
15344:M 29 Jul 2019 21:05:22.274 # You requested maxclients of 10000 requiring at least 10032 max file descriptors.
15344:M 29 Jul 2019 21:05:22.274 # Server can't set maximum open files to 10032 because of OS error: Operation not permitted.
15344:M 29 Jul 2019 21:05:22.274 # Current maximum open files is 4096. maxclients has been reduced to 4064 to compensate for low ulimit. If you need higher maxclients increase 'ulimit -n'.
                _._                                                  
           _.-``__ ''-._                                             
      _.-``    `.  `_.  ''-._           Redis 5.0.5 (ca9ca7e7/1) 64 bit
  .-`` .-```.  ```\/    _.,_ ''-._                                   
 (    '      ,       .-`  | `,    )     Running in standalone mode
 |`-._`-...-` __...-.``-._|'` _.-'|     Port: 6378
 |    `-._   `._    /     _.-'    |     PID: 15344
  `-._    `-._  `-./  _.-'    _.-'                                   
 |`-._`-._    `-.__.-'    _.-'_.-'|                                  
 |    `-._`-._        _.-'_.-'    |           http://redis.io        
  `-._    `-._`-.__.-'_.-'    _.-'                                   
 |`-._`-._    `-.__.-'    _.-'_.-'|                                  
 |    `-._`-._        _.-'_.-'    |                                  
  `-._    `-._`-.__.-'_.-'    _.-'                                   
      `-._    `-.__.-'    _.-'                                       
          `-._        _.-'                                           
              `-.__.-'                                               

15344:M 29 Jul 2019 21:05:22.289 # WARNING: The TCP backlog setting of 511 cannot be enforced because /proc/sys/net/core/somaxconn is set to the lower value of 128.
15344:M 29 Jul 2019 21:05:22.289 # Server initialized
15344:M 29 Jul 2019 21:05:22.289 # WARNING overcommit_memory is set to 0! Background save may fail under low memory condition. To fix this issue add 'vm.overcommit_memory = 1' to /etc/sysctl.conf and then reboot or run the command 'sysctl vm.overcommit_memory=1' for this to take effect.
15344:M 29 Jul 2019 21:05:22.289 # WARNING you have Transparent Huge Pages (THP) support enabled in your kernel. This will create latency and memory usage issues with Redis. To fix this issue run the command 'echo never > /sys/kernel/mm/transparent_hugepage/enabled' as root, and add it to your /etc/rc.local in order to retain the setting after a reboot. Redis must be restarted after THP is disabled.
15344:M 29 Jul 2019 21:05:22.289 * Ready to accept connections
+ (( r++ ))
+ (( r<=4 ))
+ let port=6379+1
+ let physcpu=22+2
+ let physcpu2=23+2
+ sleep 1
+ LD_PRELOAD=/users/skannan/ssd/NVM/appbench/shared_libs/construct/libmigration.so
+ numactl --preferred=0 --physcpubind=22,23 /users/skannan/ssd/NVM/appbench/redis-5.0.5/src/redis-server2 /users/skannan/ssd/NVM/appbench/redis-5.0.5/config/redis-6379.conf
initiating tracing...
initiating tracing...
15349:C 29 Jul 2019 21:05:23.242 # oO0OoO0OoO0Oo Redis is starting oO0OoO0OoO0Oo
15349:C 29 Jul 2019 21:05:23.242 # Redis version=5.0.5, bits=64, commit=ca9ca7e7, modified=1, pid=15349, just started
15349:C 29 Jul 2019 21:05:23.242 # Configuration loaded
15349:M 29 Jul 2019 21:05:23.243 # You requested maxclients of 10000 requiring at least 10032 max file descriptors.
15349:M 29 Jul 2019 21:05:23.243 # Server can't set maximum open files to 10032 because of OS error: Operation not permitted.
15349:M 29 Jul 2019 21:05:23.243 # Current maximum open files is 4096. maxclients has been reduced to 4064 to compensate for low ulimit. If you need higher maxclients increase 'ulimit -n'.
                _._                                                  
           _.-``__ ''-._                                             
      _.-``    `.  `_.  ''-._           Redis 5.0.5 (ca9ca7e7/1) 64 bit
  .-`` .-```.  ```\/    _.,_ ''-._                                   
 (    '      ,       .-`  | `,    )     Running in standalone mode
 |`-._`-...-` __...-.``-._|'` _.-'|     Port: 6379
 |    `-._   `._    /     _.-'    |     PID: 15349
  `-._    `-._  `-./  _.-'    _.-'                                   
 |`-._`-._    `-.__.-'    _.-'_.-'|                                  
 |    `-._`-._        _.-'_.-'    |           http://redis.io        
  `-._    `-._`-.__.-'_.-'    _.-'                                   
 |`-._`-._    `-.__.-'    _.-'_.-'|                                  
 |    `-._`-._        _.-'_.-'    |                                  
  `-._    `-._`-.__.-'_.-'    _.-'                                   
      `-._    `-.__.-'    _.-'                                       
          `-._        _.-'                                           
              `-.__.-'                                               

15349:M 29 Jul 2019 21:05:23.244 # WARNING: The TCP backlog setting of 511 cannot be enforced because /proc/sys/net/core/somaxconn is set to the lower value of 128.
15349:M 29 Jul 2019 21:05:23.244 # Server initialized
15349:M 29 Jul 2019 21:05:23.244 # WARNING overcommit_memory is set to 0! Background save may fail under low memory condition. To fix this issue add 'vm.overcommit_memory = 1' to /etc/sysctl.conf and then reboot or run the command 'sysctl vm.overcommit_memory=1' for this to take effect.
15349:M 29 Jul 2019 21:05:23.244 # WARNING you have Transparent Huge Pages (THP) support enabled in your kernel. This will create latency and memory usage issues with Redis. To fix this issue run the command 'echo never > /sys/kernel/mm/transparent_hugepage/enabled' as root, and add it to your /etc/rc.local in order to retain the setting after a reboot. Redis must be restarted after THP is disabled.
15349:M 29 Jul 2019 21:05:23.244 * Ready to accept connections
+ (( r++ ))
+ (( r<=4 ))
+ let port=6380+1
+ let physcpu=24+2
+ let physcpu2=25+2
+ sleep 1
+ LD_PRELOAD=/users/skannan/ssd/NVM/appbench/shared_libs/construct/libmigration.so
+ numactl --preferred=0 --physcpubind=24,25 /users/skannan/ssd/NVM/appbench/redis-5.0.5/src/redis-server3 /users/skannan/ssd/NVM/appbench/redis-5.0.5/config/redis-6380.conf
initiating tracing...
initiating tracing...
15354:C 29 Jul 2019 21:05:24.243 # oO0OoO0OoO0Oo Redis is starting oO0OoO0OoO0Oo
15354:C 29 Jul 2019 21:05:24.243 # Redis version=5.0.5, bits=64, commit=ca9ca7e7, modified=1, pid=15354, just started
15354:C 29 Jul 2019 21:05:24.243 # Configuration loaded
15354:M 29 Jul 2019 21:05:24.244 # You requested maxclients of 10000 requiring at least 10032 max file descriptors.
15354:M 29 Jul 2019 21:05:24.244 # Server can't set maximum open files to 10032 because of OS error: Operation not permitted.
15354:M 29 Jul 2019 21:05:24.244 # Current maximum open files is 4096. maxclients has been reduced to 4064 to compensate for low ulimit. If you need higher maxclients increase 'ulimit -n'.
                _._                                                  
           _.-``__ ''-._                                             
      _.-``    `.  `_.  ''-._           Redis 5.0.5 (ca9ca7e7/1) 64 bit
  .-`` .-```.  ```\/    _.,_ ''-._                                   
 (    '      ,       .-`  | `,    )     Running in standalone mode
 |`-._`-...-` __...-.``-._|'` _.-'|     Port: 6380
 |    `-._   `._    /     _.-'    |     PID: 15354
  `-._    `-._  `-./  _.-'    _.-'                                   
 |`-._`-._    `-.__.-'    _.-'_.-'|                                  
 |    `-._`-._        _.-'_.-'    |           http://redis.io        
  `-._    `-._`-.__.-'_.-'    _.-'                                   
 |`-._`-._    `-.__.-'    _.-'_.-'|                                  
 |    `-._`-._        _.-'_.-'    |                                  
  `-._    `-._`-.__.-'_.-'    _.-'                                   
      `-._    `-.__.-'    _.-'                                       
          `-._        _.-'                                           
              `-.__.-'                                               

15354:M 29 Jul 2019 21:05:24.245 # WARNING: The TCP backlog setting of 511 cannot be enforced because /proc/sys/net/core/somaxconn is set to the lower value of 128.
15354:M 29 Jul 2019 21:05:24.245 # Server initialized
15354:M 29 Jul 2019 21:05:24.245 # WARNING overcommit_memory is set to 0! Background save may fail under low memory condition. To fix this issue add 'vm.overcommit_memory = 1' to /etc/sysctl.conf and then reboot or run the command 'sysctl vm.overcommit_memory=1' for this to take effect.
15354:M 29 Jul 2019 21:05:24.245 # WARNING you have Transparent Huge Pages (THP) support enabled in your kernel. This will create latency and memory usage issues with Redis. To fix this issue run the command 'echo never > /sys/kernel/mm/transparent_hugepage/enabled' as root, and add it to your /etc/rc.local in order to retain the setting after a reboot. Redis must be restarted after THP is disabled.
15354:M 29 Jul 2019 21:05:24.245 * Ready to accept connections
+ (( r++ ))
+ (( r<=4 ))
+ let port=6381+1
+ let physcpu=26+2
+ let physcpu2=27+2
+ sleep 1
+ LD_PRELOAD=/users/skannan/ssd/NVM/appbench/shared_libs/construct/libmigration.so
+ numactl --preferred=0 --physcpubind=26,27 /users/skannan/ssd/NVM/appbench/redis-5.0.5/src/redis-server4 /users/skannan/ssd/NVM/appbench/redis-5.0.5/config/redis-6381.conf
initiating tracing...
initiating tracing...
15359:C 29 Jul 2019 21:05:25.244 # oO0OoO0OoO0Oo Redis is starting oO0OoO0OoO0Oo
15359:C 29 Jul 2019 21:05:25.244 # Redis version=5.0.5, bits=64, commit=ca9ca7e7, modified=1, pid=15359, just started
15359:C 29 Jul 2019 21:05:25.244 # Configuration loaded
15359:M 29 Jul 2019 21:05:25.244 # You requested maxclients of 10000 requiring at least 10032 max file descriptors.
15359:M 29 Jul 2019 21:05:25.244 # Server can't set maximum open files to 10032 because of OS error: Operation not permitted.
15359:M 29 Jul 2019 21:05:25.244 # Current maximum open files is 4096. maxclients has been reduced to 4064 to compensate for low ulimit. If you need higher maxclients increase 'ulimit -n'.
                _._                                                  
           _.-``__ ''-._                                             
      _.-``    `.  `_.  ''-._           Redis 5.0.5 (ca9ca7e7/1) 64 bit
  .-`` .-```.  ```\/    _.,_ ''-._                                   
 (    '      ,       .-`  | `,    )     Running in standalone mode
 |`-._`-...-` __...-.``-._|'` _.-'|     Port: 6381
 |    `-._   `._    /     _.-'    |     PID: 15359
  `-._    `-._  `-./  _.-'    _.-'                                   
 |`-._`-._    `-.__.-'    _.-'_.-'|                                  
 |    `-._`-._        _.-'_.-'    |           http://redis.io        
  `-._    `-._`-.__.-'_.-'    _.-'                                   
 |`-._`-._    `-.__.-'    _.-'_.-'|                                  
 |    `-._`-._        _.-'_.-'    |                                  
  `-._    `-._`-.__.-'_.-'    _.-'                                   
      `-._    `-.__.-'    _.-'                                       
          `-._        _.-'                                           
              `-.__.-'                                               

15359:M 29 Jul 2019 21:05:25.245 # WARNING: The TCP backlog setting of 511 cannot be enforced because /proc/sys/net/core/somaxconn is set to the lower value of 128.
15359:M 29 Jul 2019 21:05:25.245 # Server initialized
15359:M 29 Jul 2019 21:05:25.245 # WARNING overcommit_memory is set to 0! Background save may fail under low memory condition. To fix this issue add 'vm.overcommit_memory = 1' to /etc/sysctl.conf and then reboot or run the command 'sysctl vm.overcommit_memory=1' for this to take effect.
15359:M 29 Jul 2019 21:05:25.245 # WARNING you have Transparent Huge Pages (THP) support enabled in your kernel. This will create latency and memory usage issues with Redis. To fix this issue run the command 'echo never > /sys/kernel/mm/transparent_hugepage/enabled' as root, and add it to your /etc/rc.local in order to retain the setting after a reboot. Redis must be restarted after THP is disabled.
15359:M 29 Jul 2019 21:05:25.245 * Ready to accept connections
+ (( r++ ))
+ (( r<=4 ))
+ export LD_PRELOAD=
+ LD_PRELOAD=
+ sleep 10
+ RUNCLIENT
+ let port=6378
+ let physcpu=2
+ let physcpu2=3
+ PARAMS=' -r 1000000 -n 1000000 -c 50 -t get,set -P 16 -q  -h 127.0.0.1 -d 4096'
+ (( c=1 ))
+ (( c<4 ))
+ let port=6378+1
+ let physcpu=2+1
+ let physcpu2=3+2
+ (( c++ ))
+ (( c<4 ))
+ numactl --preferred=0 /users/skannan/ssd/NVM/appbench/redis-5.0.5/src/redis-benchmark -r 1000000 -n 1000000 -c 50 -t get,set -P 16 -q -h 127.0.0.1 -d 4096 -p 6378
+ let port=6379+1
+ let physcpu=3+1
+ let physcpu2=5+2
+ (( c++ ))
+ (( c<4 ))
+ numactl --preferred=0 /users/skannan/ssd/NVM/appbench/redis-5.0.5/src/redis-benchmark -r 1000000 -n 1000000 -c 50 -t get,set -P 16 -q -h 127.0.0.1 -d 4096 -p 6379
+ let port=6380+1
+ let physcpu=4+1
+ let physcpu2=7+2
+ (( c++ ))
+ (( c<4 ))
+ numactl --preferred=0 /users/skannan/ssd/NVM/appbench/redis-5.0.5/src/redis-benchmark -r 1000000 -n 1000000 -c 50 -t get,set -P 16 -q -h 127.0.0.1 -d 4096 -p 6381
+ numactl --preferred=0 /users/skannan/ssd/NVM/appbench/redis-5.0.5/src/redis-benchmark -r 1000000 -n 1000000 -c 50 -t get,set -P 16 -q -h 127.0.0.1 -d 4096 -p 6380
15354:M 29 Jul 2019 21:05:36.469 * Starting automatic rewriting of AOF on 8096071300% growth
15349:M 29 Jul 2019 21:05:36.469 * Starting automatic rewriting of AOF on 8035612700% growth
15354:M 29 Jul 2019 21:05:36.470 * Background append only file rewriting started by pid 15369
15349:M 29 Jul 2019 21:05:36.471 * Background append only file rewriting started by pid 15370
15359:M 29 Jul 2019 21:05:36.472 * Starting automatic rewriting of AOF on 6948600200% growth
15359:M 29 Jul 2019 21:05:36.473 * Background append only file rewriting started by pid 15371
15344:M 29 Jul 2019 21:05:36.519 * Starting automatic rewriting of AOF on 9406283700% growth
15344:M 29 Jul 2019 21:05:36.521 * Background append only file rewriting started by pid 15372
15354:M 29 Jul 2019 21:05:37.613 * AOF rewrite child asks to stop sending diffs.
15369:C 29 Jul 2019 21:05:37.613 * Parent agreed to stop sending diffs. Finalizing AOF...
15369:C 29 Jul 2019 21:05:37.613 * Concatenating 262.19 MB of AOF diff received from parent.
15359:M 29 Jul 2019 21:05:37.613 * AOF rewrite child asks to stop sending diffs.
15371:C 29 Jul 2019 21:05:37.613 * Parent agreed to stop sending diffs. Finalizing AOF...
15371:C 29 Jul 2019 21:05:37.613 * Concatenating 243.89 MB of AOF diff received from parent.
15349:M 29 Jul 2019 21:05:37.626 * AOF rewrite child asks to stop sending diffs.
15370:C 29 Jul 2019 21:05:37.626 * Parent agreed to stop sending diffs. Finalizing AOF...
15370:C 29 Jul 2019 21:05:37.626 * Concatenating 273.62 MB of AOF diff received from parent.
15344:M 29 Jul 2019 21:05:37.691 * AOF rewrite child asks to stop sending diffs.
15372:C 29 Jul 2019 21:05:37.691 * Parent agreed to stop sending diffs. Finalizing AOF...
15372:C 29 Jul 2019 21:05:37.691 * Concatenating 266.00 MB of AOF diff received from parent.
15349:M 29 Jul 2019 21:05:38.510 * Background AOF buffer size: 80 MB
15359:M 29 Jul 2019 21:05:38.769 * Background AOF buffer size: 80 MB
15354:M 29 Jul 2019 21:05:43.137 * Background AOF buffer size: 80 MB
15354:M 29 Jul 2019 21:05:43.191 * Asynchronous AOF fsync is taking too long (disk is busy?). Writing the AOF buffer without waiting for fsync to complete, this may slow down Redis.
15359:M 29 Jul 2019 21:05:43.225 * Asynchronous AOF fsync is taking too long (disk is busy?). Writing the AOF buffer without waiting for fsync to complete, this may slow down Redis.
15344:M 29 Jul 2019 21:05:43.233 * Background AOF buffer size: 80 MB
15349:M 29 Jul 2019 21:05:43.536 * Background AOF buffer size: 180 MB
15344:M 29 Jul 2019 21:05:43.887 * Background AOF buffer size: 180 MB
15349:M 29 Jul 2019 21:05:45.017 * Asynchronous AOF fsync is taking too long (disk is busy?). Writing the AOF buffer without waiting for fsync to complete, this may slow down Redis.
15354:M 29 Jul 2019 21:05:45.017 * Asynchronous AOF fsync is taking too long (disk is busy?). Writing the AOF buffer without waiting for fsync to complete, this may slow down Redis.
15359:M 29 Jul 2019 21:05:45.034 * Asynchronous AOF fsync is taking too long (disk is busy?). Writing the AOF buffer without waiting for fsync to complete, this may slow down Redis.
15344:M 29 Jul 2019 21:05:45.097 * Asynchronous AOF fsync is taking too long (disk is busy?). Writing the AOF buffer without waiting for fsync to complete, this may slow down Redis.
15359:M 29 Jul 2019 21:05:46.603 * Background AOF buffer size: 180 MB
15354:M 29 Jul 2019 21:05:46.795 * Background AOF buffer size: 180 MB
15359:M 29 Jul 2019 21:05:47.014 * Asynchronous AOF fsync is taking too long (disk is busy?). Writing the AOF buffer without waiting for fsync to complete, this may slow down Redis.
15354:M 29 Jul 2019 21:05:47.020 * Asynchronous AOF fsync is taking too long (disk is busy?). Writing the AOF buffer without waiting for fsync to complete, this may slow down Redis.
15349:M 29 Jul 2019 21:05:48.262 * Background AOF buffer size: 280 MB
15349:M 29 Jul 2019 21:05:48.334 * Asynchronous AOF fsync is taking too long (disk is busy?). Writing the AOF buffer without waiting for fsync to complete, this may slow down Redis.
15344:M 29 Jul 2019 21:05:48.380 * Asynchronous AOF fsync is taking too long (disk is busy?). Writing the AOF buffer without waiting for fsync to complete, this may slow down Redis.
15354:M 29 Jul 2019 21:05:49.014 * Asynchronous AOF fsync is taking too long (disk is busy?). Writing the AOF buffer without waiting for fsync to complete, this may slow down Redis.
15359:M 29 Jul 2019 21:05:49.112 * Asynchronous AOF fsync is taking too long (disk is busy?). Writing the AOF buffer without waiting for fsync to complete, this may slow down Redis.
15344:M 29 Jul 2019 21:05:49.543 * Background AOF buffer size: 280 MB
15371:C 29 Jul 2019 21:05:49.574 * SYNC append only file rewrite performed
15370:C 29 Jul 2019 21:05:49.574 * SYNC append only file rewrite performed
15369:C 29 Jul 2019 21:05:49.583 * SYNC append only file rewrite performed
15372:C 29 Jul 2019 21:05:49.583 * SYNC append only file rewrite performed
15370:C 29 Jul 2019 21:05:49.595 * AOF rewrite: 299 MB of memory used by copy-on-write
15371:C 29 Jul 2019 21:05:49.595 * AOF rewrite: 279 MB of memory used by copy-on-write
15369:C 29 Jul 2019 21:05:49.599 * AOF rewrite: 285 MB of memory used by copy-on-write
15372:C 29 Jul 2019 21:05:49.600 * AOF rewrite: 294 MB of memory used by copy-on-write
15344:M 29 Jul 2019 21:05:49.657 * Background AOF rewrite terminated with success
15354:M 29 Jul 2019 21:05:49.710 * Background AOF rewrite terminated with success
15349:M 29 Jul 2019 21:05:49.755 * Background AOF rewrite terminated with success
15359:M 29 Jul 2019 21:05:49.768 * Background AOF rewrite terminated with success
15354:M 29 Jul 2019 21:05:50.994 * Residual parent diff successfully flushed to the rewritten AOF (251.60 MB)
15344:M 29 Jul 2019 21:05:50.997 * Residual parent diff successfully flushed to the rewritten AOF (282.65 MB)
15359:M 29 Jul 2019 21:05:51.280 * Residual parent diff successfully flushed to the rewritten AOF (275.41 MB)
15349:M 29 Jul 2019 21:05:51.358 * Residual parent diff successfully flushed to the rewritten AOF (321.14 MB)
15354:M 29 Jul 2019 21:05:51.439 * Background AOF rewrite finished successfully
15344:M 29 Jul 2019 21:05:52.095 * Background AOF rewrite finished successfully
15359:M 29 Jul 2019 21:05:52.611 * Background AOF rewrite finished successfully
15349:M 29 Jul 2019 21:05:53.382 * Background AOF rewrite finished successfully
15349:M 29 Jul 2019 21:05:53.528 * Asynchronous AOF fsync is taking too long (disk is busy?). Writing the AOF buffer without waiting for fsync to complete, this may slow down Redis.
15359:M 29 Jul 2019 21:05:57.019 * Asynchronous AOF fsync is taking too long (disk is busy?). Writing the AOF buffer without waiting for fsync to complete, this may slow down Redis.
15344:M 29 Jul 2019 21:05:57.030 * Asynchronous AOF fsync is taking too long (disk is busy?). Writing the AOF buffer without waiting for fsync to complete, this may slow down Redis.
15349:M 29 Jul 2019 21:05:57.051 * Asynchronous AOF fsync is taking too long (disk is busy?). Writing the AOF buffer without waiting for fsync to complete, this may slow down Redis.
15354:M 29 Jul 2019 21:05:57.091 * Asynchronous AOF fsync is taking too long (disk is busy?). Writing the AOF buffer without waiting for fsync to complete, this may slow down Redis.
15354:M 29 Jul 2019 21:06:00.055 * Asynchronous AOF fsync is taking too long (disk is busy?). Writing the AOF buffer without waiting for fsync to complete, this may slow down Redis.
15349:M 29 Jul 2019 21:06:00.076 * Asynchronous AOF fsync is taking too long (disk is busy?). Writing the AOF buffer without waiting for fsync to complete, this may slow down Redis.
15349:M 29 Jul 2019 21:06:01.122 * Starting automatic rewriting of AOF on 102% growth
15349:M 29 Jul 2019 21:06:01.264 * Background append only file rewriting started by pid 15373
15344:M 29 Jul 2019 21:06:01.676 * Starting automatic rewriting of AOF on 116% growth
15344:M 29 Jul 2019 21:06:01.846 * Background append only file rewriting started by pid 15374
15359:M 29 Jul 2019 21:06:02.303 * Starting automatic rewriting of AOF on 116% growth
15359:M 29 Jul 2019 21:06:02.453 * Background append only file rewriting started by pid 15375
15354:M 29 Jul 2019 21:06:02.599 * Starting automatic rewriting of AOF on 122% growth
15354:M 29 Jul 2019 21:06:02.787 * Background append only file rewriting started by pid 15376
15349:M 29 Jul 2019 21:06:15.443 * AOF rewrite child asks to stop sending diffs.
15373:C 29 Jul 2019 21:06:15.444 * Parent agreed to stop sending diffs. Finalizing AOF...
15373:C 29 Jul 2019 21:06:15.445 * Concatenating 46.12 MB of AOF diff received from parent.
15344:M 29 Jul 2019 21:06:16.680 * AOF rewrite child asks to stop sending diffs.
15374:C 29 Jul 2019 21:06:16.680 * Parent agreed to stop sending diffs. Finalizing AOF...
15374:C 29 Jul 2019 21:06:16.683 * Concatenating 46.31 MB of AOF diff received from parent.
15373:C 29 Jul 2019 21:06:17.233 * SYNC append only file rewrite performed
15373:C 29 Jul 2019 21:06:17.522 * AOF rewrite: 258 MB of memory used by copy-on-write
15359:M 29 Jul 2019 21:06:17.871 * AOF rewrite child asks to stop sending diffs.
15375:C 29 Jul 2019 21:06:17.871 * Parent agreed to stop sending diffs. Finalizing AOF...
15375:C 29 Jul 2019 21:06:17.872 * Concatenating 43.44 MB of AOF diff received from parent.
15349:M 29 Jul 2019 21:06:17.929 * Background AOF rewrite terminated with success
15374:C 29 Jul 2019 21:06:18.422 * SYNC append only file rewrite performed
15374:C 29 Jul 2019 21:06:18.621 * AOF rewrite: 306 MB of memory used by copy-on-write
15349:M 29 Jul 2019 21:06:18.631 * Residual parent diff successfully flushed to the rewritten AOF (44.26 MB)
15354:M 29 Jul 2019 21:06:18.696 * AOF rewrite child asks to stop sending diffs.
15376:C 29 Jul 2019 21:06:18.696 * Parent agreed to stop sending diffs. Finalizing AOF...
15376:C 29 Jul 2019 21:06:18.698 * Concatenating 48.06 MB of AOF diff received from parent.
15349:M 29 Jul 2019 21:06:18.746 * Background AOF rewrite finished successfully
15344:M 29 Jul 2019 21:06:18.993 * Background AOF buffer size: 77 MB
15344:M 29 Jul 2019 21:06:19.089 * Background AOF rewrite terminated with success
15375:C 29 Jul 2019 21:06:19.481 * SYNC append only file rewrite performed
15375:C 29 Jul 2019 21:06:19.643 * AOF rewrite: 405 MB of memory used by copy-on-write
15344:M 29 Jul 2019 21:06:19.771 * Residual parent diff successfully flushed to the rewritten AOF (80.10 MB)
15359:M 29 Jul 2019 21:06:19.858 * Background AOF buffer size: 70 MB
15359:M 29 Jul 2019 21:06:19.946 * Background AOF rewrite terminated with success
15344:M 29 Jul 2019 21:06:19.963 * Background AOF rewrite finished successfully
15354:M 29 Jul 2019 21:06:20.076 * Background AOF buffer size: 79 MB
15359:M 29 Jul 2019 21:06:20.095 * Residual parent diff successfully flushed to the rewritten AOF (81.68 MB)
15354:M 29 Jul 2019 21:06:20.508 * Background AOF buffer size: 179 MB
15359:M 29 Jul 2019 21:06:20.520 * Background AOF rewrite finished successfully
15376:C 29 Jul 2019 21:06:20.520 * SYNC append only file rewrite performed
15376:C 29 Jul 2019 21:06:20.664 * AOF rewrite: 312 MB of memory used by copy-on-write
15354:M 29 Jul 2019 21:06:21.249 * Background AOF rewrite terminated with success
15349:M 29 Jul 2019 21:06:21.273 * Starting automatic rewriting of AOF on 184% growth
15349:M 29 Jul 2019 21:06:21.401 * Background append only file rewriting started by pid 15378
15354:M 29 Jul 2019 21:06:21.662 * Residual parent diff successfully flushed to the rewritten AOF (181.59 MB)
15359:M 29 Jul 2019 21:06:22.012 * Starting automatic rewriting of AOF on 108% growth
15359:M 29 Jul 2019 21:06:22.142 * Background append only file rewriting started by pid 15379
15354:M 29 Jul 2019 21:06:22.228 * Background AOF rewrite finished successfully
15354:M 29 Jul 2019 21:06:25.042 * 10000 changes in 60 seconds. Saving...
15344:M 29 Jul 2019 21:06:25.274 * 10000 changes in 60 seconds. Saving...
15354:M 29 Jul 2019 21:06:25.276 * Background saving started by pid 15380
15344:M 29 Jul 2019 21:06:25.493 * Background saving started by pid 15381
15349:M 29 Jul 2019 21:06:27.197 * Background AOF buffer size: 70 MB
15349:M 29 Jul 2019 21:06:30.720 * Background AOF buffer size: 76 MB
15349:M 29 Jul 2019 21:06:32.963 * AOF rewrite child asks to stop sending diffs.
15378:C 29 Jul 2019 21:06:32.964 * Parent agreed to stop sending diffs. Finalizing AOF...
15378:C 29 Jul 2019 21:06:32.965 * Concatenating 39.62 MB of AOF diff received from parent.
15378:C 29 Jul 2019 21:06:35.048 * SYNC append only file rewrite performed
15378:C 29 Jul 2019 21:06:35.314 * AOF rewrite: 351 MB of memory used by copy-on-write
15349:M 29 Jul 2019 21:06:35.947 * Background AOF rewrite terminated with success
15349:M 29 Jul 2019 21:06:37.566 * Residual parent diff successfully flushed to the rewritten AOF (152.49 MB)
15349:M 29 Jul 2019 21:06:37.912 * Background AOF rewrite finished successfully
15349:M 29 Jul 2019 21:06:38.013 * 10000 changes in 60 seconds. Saving...
15349:M 29 Jul 2019 21:06:38.400 * Background saving started by pid 15382
15359:M 29 Jul 2019 21:06:39.609 * AOF rewrite child asks to stop sending diffs.
15379:C 29 Jul 2019 21:06:39.609 * Parent agreed to stop sending diffs. Finalizing AOF...
15379:C 29 Jul 2019 21:06:39.611 * Concatenating 73.75 MB of AOF diff received from parent.
15380:C 29 Jul 2019 21:06:39.826 * DB saved on disk
15380:C 29 Jul 2019 21:06:40.097 * RDB: 437 MB of memory used by copy-on-write
15381:C 29 Jul 2019 21:06:40.567 * DB saved on disk
15381:C 29 Jul 2019 21:06:40.705 * RDB: 423 MB of memory used by copy-on-write
15379:C 29 Jul 2019 21:06:40.726 * SYNC append only file rewrite performed
15379:C 29 Jul 2019 21:06:40.900 * AOF rewrite: 294 MB of memory used by copy-on-write
15359:M 29 Jul 2019 21:06:40.937 * Background AOF buffer size: 79 MB
15344:M 29 Jul 2019 21:06:41.213 * Background saving terminated with success
15359:M 29 Jul 2019 21:06:41.244 * Background AOF rewrite terminated with success
15344:M 29 Jul 2019 21:06:41.314 * Starting automatic rewriting of AOF on 500% growth
15344:M 29 Jul 2019 21:06:41.357 * Background append only file rewriting started by pid 15383
15354:M 29 Jul 2019 21:06:41.395 * Background saving terminated with success
15354:M 29 Jul 2019 21:06:41.527 * Starting automatic rewriting of AOF on 216% growth
15354:M 29 Jul 2019 21:06:41.936 * Background append only file rewriting started by pid 15384
15359:M 29 Jul 2019 21:06:43.284 * Residual parent diff successfully flushed to the rewritten AOF (102.55 MB)
15359:M 29 Jul 2019 21:06:43.546 * Background AOF rewrite finished successfully
15359:M 29 Jul 2019 21:06:43.724 * 10000 changes in 60 seconds. Saving...
15359:M 29 Jul 2019 21:06:43.998 * Background saving started by pid 15385
15344:M 29 Jul 2019 21:06:45.316 * Background AOF buffer size: 78 MB
15354:M 29 Jul 2019 21:06:46.905 * Background AOF buffer size: 77 MB
15382:C 29 Jul 2019 21:06:52.714 * DB saved on disk
15382:C 29 Jul 2019 21:06:53.358 * RDB: 544 MB of memory used by copy-on-write
15349:M 29 Jul 2019 21:06:54.320 * Background saving terminated with success
15349:M 29 Jul 2019 21:06:54.423 * Starting automatic rewriting of AOF on 227% growth
15349:M 29 Jul 2019 21:06:54.944 * Background append only file rewriting started by pid 15386
15354:M 29 Jul 2019 21:06:55.342 * Background AOF buffer size: 176 MB
15344:M 29 Jul 2019 21:06:59.278 * Background AOF buffer size: 171 MB
15344:M 29 Jul 2019 21:07:00.991 * Background AOF buffer size: 178 MB
15344:M 29 Jul 2019 21:07:01.240 * AOF rewrite child asks to stop sending diffs.
15383:C 29 Jul 2019 21:07:01.240 * Parent agreed to stop sending diffs. Finalizing AOF...
15383:C 29 Jul 2019 21:07:01.242 * Concatenating 53.44 MB of AOF diff received from parent.
15385:C 29 Jul 2019 21:07:01.709 * DB saved on disk
15385:C 29 Jul 2019 21:07:02.212 * RDB: 491 MB of memory used by copy-on-write
15359:M 29 Jul 2019 21:07:03.068 * Background saving terminated with success
15359:M 29 Jul 2019 21:07:03.171 * Starting automatic rewriting of AOF on 217% growth
15383:C 29 Jul 2019 21:07:03.337 * SYNC append only file rewrite performed
15359:M 29 Jul 2019 21:07:03.731 * Background append only file rewriting started by pid 15387
15383:C 29 Jul 2019 21:07:03.849 * AOF rewrite: 473 MB of memory used by copy-on-write
15354:M 29 Jul 2019 21:07:04.484 * AOF rewrite child asks to stop sending diffs.
15384:C 29 Jul 2019 21:07:04.485 * Parent agreed to stop sending diffs. Finalizing AOF...
15384:C 29 Jul 2019 21:07:04.487 * Concatenating 63.56 MB of AOF diff received from parent.
15344:M 29 Jul 2019 21:07:05.043 * Background AOF rewrite terminated with success
15384:C 29 Jul 2019 21:07:06.752 * SYNC append only file rewrite performed
15354:M 29 Jul 2019 21:07:07.264 * Background AOF buffer size: 279 MB
15384:C 29 Jul 2019 21:07:07.326 * AOF rewrite: 514 MB of memory used by copy-on-write
15354:M 29 Jul 2019 21:07:08.394 * Background AOF rewrite terminated with success
15344:M 29 Jul 2019 21:07:08.869 * Residual parent diff successfully flushed to the rewritten AOF (247.46 MB)
15344:M 29 Jul 2019 21:07:09.543 * Background AOF rewrite finished successfully
15354:M 29 Jul 2019 21:07:11.296 * Residual parent diff successfully flushed to the rewritten AOF (305.53 MB)
15354:M 29 Jul 2019 21:07:11.889 * Background AOF rewrite finished successfully
15354:M 29 Jul 2019 21:07:11.993 * Asynchronous AOF fsync is taking too long (disk is busy?). Writing the AOF buffer without waiting for fsync to complete, this may slow down Redis.
15349:M 29 Jul 2019 21:07:12.841 * Background AOF buffer size: 72 MB
15359:M 29 Jul 2019 21:07:14.367 * Background AOF buffer size: 72 MB
15344:M 29 Jul 2019 21:07:17.651 * Starting automatic rewriting of AOF on 102% growth
15349:M 29 Jul 2019 21:07:17.986 * AOF rewrite child asks to stop sending diffs.
15386:C 29 Jul 2019 21:07:17.986 * Parent agreed to stop sending diffs. Finalizing AOF...
15386:C 29 Jul 2019 21:07:17.987 * Concatenating 93.00 MB of AOF diff received from parent.
15359:M 29 Jul 2019 21:07:17.991 * Background AOF buffer size: 175 MB
15344:M 29 Jul 2019 21:07:18.157 * Background append only file rewriting started by pid 15390
15386:C 29 Jul 2019 21:07:21.408 * SYNC append only file rewrite performed
15349:M 29 Jul 2019 21:07:21.801 * Background AOF buffer size: 170 MB
15386:C 29 Jul 2019 21:07:22.123 * AOF rewrite: 506 MB of memory used by copy-on-write
15349:M 29 Jul 2019 21:07:23.242 * Background AOF rewrite terminated with success
15354:M 29 Jul 2019 21:07:24.241 * Starting automatic rewriting of AOF on 101% growth
15349:M 29 Jul 2019 21:07:24.687 * Residual parent diff successfully flushed to the rewritten AOF (203.93 MB)
15354:M 29 Jul 2019 21:07:24.847 * Background append only file rewriting started by pid 15391
15349:M 29 Jul 2019 21:07:25.047 * Background AOF rewrite finished successfully
15349:M 29 Jul 2019 21:07:25.151 * Asynchronous AOF fsync is taking too long (disk is busy?). Writing the AOF buffer without waiting for fsync to complete, this may slow down Redis.
15359:M 29 Jul 2019 21:07:25.240 * AOF rewrite child asks to stop sending diffs.
15387:C 29 Jul 2019 21:07:25.253 * Parent agreed to stop sending diffs. Finalizing AOF...
15387:C 29 Jul 2019 21:07:25.254 * Concatenating 83.56 MB of AOF diff received from parent.
15359:M 29 Jul 2019 21:07:25.266 * Background AOF buffer size: 270 MB
15387:C 29 Jul 2019 21:07:27.043 * SYNC append only file rewrite performed
15387:C 29 Jul 2019 21:07:27.611 * AOF rewrite: 565 MB of memory used by copy-on-write
15359:M 29 Jul 2019 21:07:28.053 * Background AOF buffer size: 370 MB
15359:M 29 Jul 2019 21:07:28.707 * Background AOF rewrite terminated with success
15354:M 29 Jul 2019 21:07:29.594 * Background AOF buffer size: 74 MB
15344:M 29 Jul 2019 21:07:31.998 * Background AOF buffer size: 70 MB
15344:M 29 Jul 2019 21:07:32.924 * Background AOF buffer size: 77 MB
15359:M 29 Jul 2019 21:07:34.634 * Residual parent diff successfully flushed to the rewritten AOF (392.83 MB)
15349:M 29 Jul 2019 21:07:35.923 * Starting automatic rewriting of AOF on 101% growth
15359:M 29 Jul 2019 21:07:36.286 * Background AOF rewrite finished successfully
15349:M 29 Jul 2019 21:07:36.456 * Background append only file rewriting started by pid 15392
15354:M 29 Jul 2019 21:07:39.633 * Background AOF buffer size: 172 MB
15344:M 29 Jul 2019 21:07:39.791 * Background AOF buffer size: 170 MB
15344:M 29 Jul 2019 21:07:40.256 * Background AOF buffer size: 177 MB
15349:M 29 Jul 2019 21:07:46.854 * Background AOF buffer size: 71 MB
15344:M 29 Jul 2019 21:07:47.144 * AOF rewrite child asks to stop sending diffs.
15390:C 29 Jul 2019 21:07:47.144 * Parent agreed to stop sending diffs. Finalizing AOF...
15390:C 29 Jul 2019 21:07:47.145 * Concatenating 92.81 MB of AOF diff received from parent.
15349:M 29 Jul 2019 21:07:48.586 * Background AOF buffer size: 76 MB
15390:C 29 Jul 2019 21:07:49.824 * SYNC append only file rewrite performed
15344:M 29 Jul 2019 21:07:50.024 * Background AOF buffer size: 274 MB
15354:M 29 Jul 2019 21:07:50.363 * AOF rewrite child asks to stop sending diffs.
15391:C 29 Jul 2019 21:07:50.364 * Parent agreed to stop sending diffs. Finalizing AOF...
15391:C 29 Jul 2019 21:07:50.364 * Concatenating 91.69 MB of AOF diff received from parent.
15390:C 29 Jul 2019 21:07:50.421 * AOF rewrite: 715 MB of memory used by copy-on-write
15344:M 29 Jul 2019 21:07:51.777 * Background AOF rewrite terminated with success
15354:M 29 Jul 2019 21:07:51.870 * Background AOF buffer size: 270 MB
15391:C 29 Jul 2019 21:07:52.720 * SYNC append only file rewrite performed
15391:C 29 Jul 2019 21:07:53.314 * AOF rewrite: 773 MB of memory used by copy-on-write
15354:M 29 Jul 2019 21:07:54.332 * Background AOF rewrite terminated with success
15344:M 29 Jul 2019 21:07:54.938 * Residual parent diff successfully flushed to the rewritten AOF (316.31 MB)
15344:M 29 Jul 2019 21:07:55.824 * Background AOF rewrite finished successfully
15344:M 29 Jul 2019 21:07:55.931 * 10000 changes in 60 seconds. Saving...
15359:M 29 Jul 2019 21:07:56.319 * Starting automatic rewriting of AOF on 105% growth
15349:M 29 Jul 2019 21:07:56.370 * Background AOF buffer size: 172 MB
15344:M 29 Jul 2019 21:07:56.465 * Background saving started by pid 15393
15359:M 29 Jul 2019 21:07:56.587 * Background append only file rewriting started by pid 15394
15354:M 29 Jul 2019 21:07:57.051 * Residual parent diff successfully flushed to the rewritten AOF (338.06 MB)
15354:M 29 Jul 2019 21:07:57.790 * Background AOF rewrite finished successfully
15354:M 29 Jul 2019 21:07:57.910 * 10000 changes in 60 seconds. Saving...
15354:M 29 Jul 2019 21:07:58.582 * Background saving started by pid 15395
15349:M 29 Jul 2019 21:07:59.844 * AOF rewrite child asks to stop sending diffs.
15392:C 29 Jul 2019 21:07:59.845 * Parent agreed to stop sending diffs. Finalizing AOF...
15392:C 29 Jul 2019 21:07:59.846 * Concatenating 111.00 MB of AOF diff received from parent.
15392:C 29 Jul 2019 21:08:01.536 * SYNC append only file rewrite performed
15392:C 29 Jul 2019 21:08:02.173 * AOF rewrite: 663 MB of memory used by copy-on-write
15349:M 29 Jul 2019 21:08:03.390 * Background AOF buffer size: 270 MB
15349:M 29 Jul 2019 21:08:03.588 * Background AOF rewrite terminated with success
15349:M 29 Jul 2019 21:08:05.473 * Residual parent diff successfully flushed to the rewritten AOF (279.33 MB)
15349:M 29 Jul 2019 21:08:06.047 * Background AOF rewrite finished successfully
15349:M 29 Jul 2019 21:08:06.157 * 10000 changes in 60 seconds. Saving...
15349:M 29 Jul 2019 21:08:06.776 * Background saving started by pid 15397
15359:M 29 Jul 2019 21:08:08.733 * Background AOF buffer size: 70 MB
15359:M 29 Jul 2019 21:08:10.022 * Background AOF buffer size: 74 MB
15359:M 29 Jul 2019 21:08:16.384 * AOF rewrite child asks to stop sending diffs.
15394:C 29 Jul 2019 21:08:16.384 * Parent agreed to stop sending diffs. Finalizing AOF...
15394:C 29 Jul 2019 21:08:16.384 * Concatenating 89.50 MB of AOF diff received from parent.
15393:C 29 Jul 2019 21:08:16.667 * DB saved on disk
15393:C 29 Jul 2019 21:08:17.146 * RDB: 1423 MB of memory used by copy-on-write
15359:M 29 Jul 2019 21:08:17.296 * Background AOF buffer size: 179 MB
15394:C 29 Jul 2019 21:08:17.524 * SYNC append only file rewrite performed
15394:C 29 Jul 2019 21:08:17.990 * AOF rewrite: 1127 MB of memory used by copy-on-write
15344:M 29 Jul 2019 21:08:18.887 * Background saving terminated with success
15344:M 29 Jul 2019 21:08:18.991 * Starting automatic rewriting of AOF on 121% growth
15359:M 29 Jul 2019 21:08:19.100 * Background AOF rewrite terminated with success
15395:C 29 Jul 2019 21:08:19.240 * DB saved on disk
15344:M 29 Jul 2019 21:08:19.485 * Background append only file rewriting started by pid 15399
15395:C 29 Jul 2019 21:08:19.779 * RDB: 1474 MB of memory used by copy-on-write
15354:M 29 Jul 2019 21:08:21.603 * Background saving terminated with success
15354:M 29 Jul 2019 21:08:21.703 * Starting automatic rewriting of AOF on 131% growth
15359:M 29 Jul 2019 21:08:21.848 * Residual parent diff successfully flushed to the rewritten AOF (272.76 MB)
15354:M 29 Jul 2019 21:08:22.186 * Background append only file rewriting started by pid 15400
15359:M 29 Jul 2019 21:08:22.721 * Background AOF rewrite finished successfully
15359:M 29 Jul 2019 21:08:22.827 * 10000 changes in 60 seconds. Saving...
15344:M 29 Jul 2019 21:08:23.255 * Background AOF buffer size: 74 MB
15359:M 29 Jul 2019 21:08:23.757 * Background saving started by pid 15401
15397:C 29 Jul 2019 21:08:26.617 * DB saved on disk
15397:C 29 Jul 2019 21:08:27.617 * RDB: 1479 MB of memory used by copy-on-write
15349:M 29 Jul 2019 21:08:29.853 * Background saving terminated with success
15349:M 29 Jul 2019 21:08:29.958 * Starting automatic rewriting of AOF on 143% growth
15349:M 29 Jul 2019 21:08:30.723 * Background append only file rewriting started by pid 15402
15359:M 29 Jul 2019 21:08:33.082 * Asynchronous AOF fsync is taking too long (disk is busy?). Writing the AOF buffer without waiting for fsync to complete, this may slow down Redis.
15354:M 29 Jul 2019 21:08:33.105 * Asynchronous AOF fsync is taking too long (disk is busy?). Writing the AOF buffer without waiting for fsync to complete, this may slow down Redis.
15354:M 29 Jul 2019 21:08:33.415 * Background AOF buffer size: 73 MB
15344:M 29 Jul 2019 21:08:47.456 * AOF rewrite child asks to stop sending diffs.
15399:C 29 Jul 2019 21:08:47.456 * Parent agreed to stop sending diffs. Finalizing AOF...
15399:C 29 Jul 2019 21:08:47.457 * Concatenating 91.31 MB of AOF diff received from parent.
15399:C 29 Jul 2019 21:08:49.576 * SYNC append only file rewrite performed
15399:C 29 Jul 2019 21:08:50.513 * AOF rewrite: 606 MB of memory used by copy-on-write
15344:M 29 Jul 2019 21:08:52.165 * Background AOF rewrite terminated with success
15401:C 29 Jul 2019 21:08:52.568 * DB saved on disk
15354:M 29 Jul 2019 21:08:53.085 * AOF rewrite child asks to stop sending diffs.
15400:C 29 Jul 2019 21:08:53.085 * Parent agreed to stop sending diffs. Finalizing AOF...
15400:C 29 Jul 2019 21:08:53.086 * Concatenating 125.94 MB of AOF diff received from parent.
15401:C 29 Jul 2019 21:08:53.305 * RDB: 948 MB of memory used by copy-on-write
15344:M 29 Jul 2019 21:08:53.581 * Residual parent diff successfully flushed to the rewritten AOF (90.94 MB)
15344:M 29 Jul 2019 21:08:53.649 * Background AOF rewrite finished successfully
15400:C 29 Jul 2019 21:08:54.540 * SYNC append only file rewrite performed
15359:M 29 Jul 2019 21:08:54.654 * Background saving terminated with success
15359:M 29 Jul 2019 21:08:54.756 * Starting automatic rewriting of AOF on 121% growth
15400:C 29 Jul 2019 21:08:55.058 * AOF rewrite: 598 MB of memory used by copy-on-write
15359:M 29 Jul 2019 21:08:55.310 * Background append only file rewriting started by pid 15404
15354:M 29 Jul 2019 21:08:55.960 * Background AOF rewrite terminated with success
15354:M 29 Jul 2019 21:08:56.544 * Residual parent diff successfully flushed to the rewritten AOF (16.62 MB)
15354:M 29 Jul 2019 21:08:56.547 * Background AOF rewrite finished successfully
15349:M 29 Jul 2019 21:08:56.618 * AOF rewrite child asks to stop sending diffs.
15402:C 29 Jul 2019 21:08:56.618 * Parent agreed to stop sending diffs. Finalizing AOF...
15402:C 29 Jul 2019 21:08:56.618 * Concatenating 54.47 MB of AOF diff received from parent.
15402:C 29 Jul 2019 21:08:57.268 * SYNC append only file rewrite performed
15402:C 29 Jul 2019 21:08:57.785 * AOF rewrite: 387 MB of memory used by copy-on-write
15349:M 29 Jul 2019 21:08:58.559 * Background AOF rewrite terminated with success
15349:M 29 Jul 2019 21:08:58.560 * Residual parent diff successfully flushed to the rewritten AOF (0.00 MB)
15349:M 29 Jul 2019 21:08:58.560 * Background AOF rewrite finished successfully
+ sleep 5
15359:M 29 Jul 2019 21:09:04.495 * AOF rewrite child asks to stop sending diffs.
15404:C 29 Jul 2019 21:09:04.495 * Parent agreed to stop sending diffs. Finalizing AOF...
15404:C 29 Jul 2019 21:09:04.495 * Concatenating 0.00 MB of AOF diff received from parent.
15404:C 29 Jul 2019 21:09:04.495 * SYNC append only file rewrite performed
15404:C 29 Jul 2019 21:09:04.559 * AOF rewrite: 15 MB of memory used by copy-on-write
15359:M 29 Jul 2019 21:09:04.704 * Background AOF rewrite terminated with success
15359:M 29 Jul 2019 21:09:04.704 * Residual parent diff successfully flushed to the rewritten AOF (0.00 MB)
15359:M 29 Jul 2019 21:09:04.704 * Background AOF rewrite finished successfully
+ ps aux
+ grep redis-server
+ awk '{print $2; system("sudo kill -9 " $2); kill $(pgrep -f redis-server)}'
15344
15349
15354
15359
15408
15409
/users/skannan/ssd/NVM/appbench/redis-5.0.5/src/run.sh: line 76: 15407 Done                    ps aux
     15408                       | grep redis-server
     15409 Killed                  | awk '{print $2; system("sudo kill -9 " $2); kill $(pgrep -f redis-server)}'
+ CLEAN
+ (( b=1 ))
+ (( b<=4 ))
+ rm -rf dump.rdb
+ rm -rf appendonly-6378.aof appendonly-6379.aof appendonly-6380.aof appendonly-6381.aof
+ sudo killall redis-server1
+ appname=redis-server1
+ sudo kill -9 redis-server1
kill: failed to parse argument: 'redis-server1'
+ sudo killall redis-server1
+ echo 'KILLING redis-server1'
KILLING redis-server1
+ sudo kill -9 redis-server1
kill: failed to parse argument: 'redis-server1'
+ (( b++  ))
+ (( b<=4 ))
+ rm -rf '*.rdb'
+ rm -rf '*.aof'
+ sudo killall redis-server2
+ appname=redis-server2
+ sudo kill -9 redis-server2
kill: failed to parse argument: 'redis-server2'
+ sudo killall redis-server2
+ echo 'KILLING redis-server2'
KILLING redis-server2
+ sudo kill -9 redis-server2
kill: failed to parse argument: 'redis-server2'
+ (( b++  ))
+ (( b<=4 ))
+ rm -rf '*.rdb'
+ rm -rf '*.aof'
+ sudo killall redis-server3
+ appname=redis-server3
+ sudo kill -9 redis-server3
kill: failed to parse argument: 'redis-server3'
+ sudo killall redis-server3
+ echo 'KILLING redis-server3'
KILLING redis-server3
+ sudo kill -9 redis-server3
kill: failed to parse argument: 'redis-server3'
+ (( b++  ))
+ (( b<=4 ))
+ rm -rf '*.rdb'
+ rm -rf '*.aof'
+ sudo killall redis-server4
+ appname=redis-server4
+ sudo kill -9 redis-server4
kill: failed to parse argument: 'redis-server4'
+ sudo killall redis-server4
+ echo 'KILLING redis-server4'
KILLING redis-server4
+ sudo kill -9 redis-server4
kill: failed to parse argument: 'redis-server4'
+ (( b++  ))
+ (( b<=4 ))
+ sudo killall redis-benchmark
redis-benchmark: no process found
+ sudo killall redis-benchmark
redis-benchmark: no process found
+ CLEAN
+ (( b=1 ))
+ (( b<=4 ))
+ rm -rf '*.rdb'
+ rm -rf '*.aof'
+ sudo killall redis-server1
+ appname=redis-server1
+ sudo kill -9 redis-server1
kill: failed to parse argument: 'redis-server1'
+ sudo killall redis-server1
+ echo 'KILLING redis-server1'
KILLING redis-server1
+ sudo kill -9 redis-server1
kill: failed to parse argument: 'redis-server1'
+ (( b++  ))
+ (( b<=4 ))
+ rm -rf '*.rdb'
+ rm -rf '*.aof'
+ sudo killall redis-server2
+ appname=redis-server2
+ sudo kill -9 redis-server2
kill: failed to parse argument: 'redis-server2'
+ sudo killall redis-server2
+ echo 'KILLING redis-server2'
KILLING redis-server2
+ sudo kill -9 redis-server2
kill: failed to parse argument: 'redis-server2'
+ (( b++  ))
+ (( b<=4 ))
+ rm -rf '*.rdb'
+ rm -rf '*.aof'
+ sudo killall redis-server3
+ appname=redis-server3
+ sudo kill -9 redis-server3
kill: failed to parse argument: 'redis-server3'
+ sudo killall redis-server3
+ echo 'KILLING redis-server3'
KILLING redis-server3
+ sudo kill -9 redis-server3
kill: failed to parse argument: 'redis-server3'
+ (( b++  ))
+ (( b<=4 ))
+ rm -rf '*.rdb'
+ rm -rf '*.aof'
+ sudo killall redis-server4
+ appname=redis-server4
+ sudo kill -9 redis-server4
kill: failed to parse argument: 'redis-server4'
+ sudo killall redis-server4
+ echo 'KILLING redis-server4'
KILLING redis-server4
+ sudo kill -9 redis-server4
kill: failed to parse argument: 'redis-server4'
+ (( b++  ))
+ (( b<=4 ))
+ sudo killall redis-benchmark
redis-benchmark: no process found
+ sudo killall redis-benchmark
redis-benchmark: no process found
+ set +x
[    0.000000] main: Linux version 4.17.0 (root@node-0.wisc5.fsperfatscale-pg0.wisc.cloudlab.us) (gcc version 4.8.4 (Ubuntu 4.8.4-2ubuntu1~14.04.4)) #2 SMP Fri Jul 12 19:08:27 MDT 2019
[    0.000000] Command line: BOOT_IMAGE=/boot/vmlinuz-4.17.0 root=UUID=4910fb56-38cb-41ae-82bf-3efa1d8a45a0 ro console=ttyS0,115200 crashkernel=384M-:128M
[    0.000000] common: KERNEL supported cpus:
[    0.000000] common:   Intel GenuineIntel
[    0.000000] common:   AMD AuthenticAMD
[    0.000000] common:   Centaur CentaurHauls
[    0.000000] xstate: x86/fpu: Supporting XSAVE feature 0x001: 'x87 floating point registers'
[    0.000000] xstate: x86/fpu: Supporting XSAVE feature 0x002: 'SSE registers'
[    0.000000] xstate: x86/fpu: Supporting XSAVE feature 0x004: 'AVX registers'
[    0.000000] xstate: x86/fpu: xstate_offset[2]:  576, xstate_sizes[2]:  256
[    0.000000] xstate: x86/fpu: Enabled xstate features 0x7, context size is 832 bytes, using 'standard' format.
[    0.000000] e820: e820: BIOS-provided physical RAM map:
[    0.000000] e820: BIOS-e820: [mem 0x0000000000000000-0x0000000000099bff] usable
[    0.000000] e820: BIOS-e820: [mem 0x0000000000099c00-0x000000000009ffff] reserved
[    0.000000] e820: BIOS-e820: [mem 0x00000000000e0000-0x00000000000fffff] reserved
[    0.000000] e820: BIOS-e820: [mem 0x0000000000100000-0x00000000791d3fff] usable
[    0.000000] e820: BIOS-e820: [mem 0x00000000791d4000-0x00000000799cdfff] reserved
[    0.000000] e820: BIOS-e820: [mem 0x00000000799ce000-0x0000000079a32fff] ACPI data
[    0.000000] e820: BIOS-e820: [mem 0x0000000079a33000-0x0000000079fa1fff] ACPI NVS
[    0.000000] e820: BIOS-e820: [mem 0x0000000079fa2000-0x000000008fffffff] reserved
[    0.000000] e820: BIOS-e820: [mem 0x00000000fed1c000-0x00000000fed44fff] reserved
[    0.000000] e820: BIOS-e820: [mem 0x00000000ff000000-0x00000000ffffffff] reserved
[    0.000000] e820: BIOS-e820: [mem 0x0000000100000000-0x000000287fffffff] usable
[    0.000000] NX (Execute Disable) protection: active
[    0.000000] dmi_scan: SMBIOS 3.0.0 present.
[    0.000000] dmi_scan: DMI: Cisco Systems Inc UCSC-C220-M4S/UCSC-C220-M4S, BIOS C220M4.3.0.3c.0.0831170216 08/31/2017
[    0.000000] e820: update [mem 0x00000000-0x00000fff] usable ==> reserved
[    0.000000] e820: remove [mem 0x000a0000-0x000fffff] usable
[    0.000000] e820: e820: last_pfn = 0x2880000 max_arch_pfn = 0x400000000
[    0.000000] generic: MTRR default type: write-back
[    0.000000] generic: MTRR fixed ranges enabled:
[    0.000000] generic:   00000-9FFFF write-back
[    0.000000] generic:   A0000-BFFFF uncachable
[    0.000000] generic:   C0000-FFFFF write-protect
[    0.000000] generic: MTRR variable ranges enabled:
[    0.000000] generic:   0 base 000080000000 mask 3FFF80000000 uncachable
[    0.000000] generic:   1 base 038000000000 mask 3F8000000000 uncachable
[    0.000000] generic:   2 disabled
[    0.000000] generic:   3 disabled
[    0.000000] generic:   4 disabled
[    0.000000] generic:   5 disabled
[    0.000000] generic:   6 disabled
[    0.000000] generic:   7 disabled
[    0.000000] generic:   8 disabled
[    0.000000] generic:   9 disabled
[    0.000000] x86/PAT: Configuration [0-7]: WB  WC  UC- UC  WB  WP  UC- WT  
[    0.000000] e820: e820: last_pfn = 0x791d4 max_arch_pfn = 0x400000000
[    0.000000] mpparse: found SMP MP-table at [mem 0x000fd010-0x000fd01f] mapped at [        (ptrval)]
[    0.000000] Scanning 1 areas for low memory corruption
[    0.000000] Base memory trampoline at [        (ptrval)] 7e000 size 24576
[    0.000000] Using GB pages for direct mapping
[    0.000000] BRK [0x0aecd000, 0x0aecdfff] PGTABLE
[    0.000000] BRK [0x0aece000, 0x0aecefff] PGTABLE
[    0.000000] BRK [0x0aecf000, 0x0aecffff] PGTABLE
[    0.000000] RAMDISK: [mem 0x237c8000-0x2dbdbfff]
[    0.000000] tables: Early table checksum verification disabled
[    0.000000] ACPI: RSDP 0x00000000000F05B0 000024 (v02 Cisco0)
[    0.000000] ACPI: XSDT 0x00000000799E20A8 0000D4 (v01 Cisco0 CiscoUCS 01072009 AMI  00010013)
[    0.000000] ACPI: FACP 0x0000000079A16CE0 00010C (v05 Cisco0 CiscoUCS 01072009 AMI  00010013)
[    0.000000] ACPI: DSDT 0x00000000799E2210 034ACB (v02 Cisco0 CiscoUCS 01072009 INTL 20091013)
[    0.000000] ACPI: FACS 0x0000000079FA0F80 000040
[    0.000000] ACPI: APIC 0x0000000079A16DF0 000294 (v03 Cisco0 CiscoUCS 01072009 AMI  00010013)
[    0.000000] ACPI: FPDT 0x0000000079A17088 000044 (v01 Cisco0 CiscoUCS 01072009 AMI  00010013)
[    0.000000] ACPI: FIDT 0x0000000079A170D0 00009C (v01 Cisco0 CiscoUCS 01072009 AMI  00010013)
[    0.000000] ACPI: SPMI 0x0000000079A17170 000041 (v05 Cisco0 CiscoUCS 00000000 AMI. 00000000)
[    0.000000] ACPI: MCFG 0x0000000079A171B8 00003C (v01 Cisco0 CiscoUCS 01072009 MSFT 00000097)
[    0.000000] ACPI: UEFI 0x0000000079A171F8 000042 (v01 Cisco0 CiscoUCS 01072009      00000000)
[    0.000000] ACPI: HPET 0x0000000079A17240 000038 (v01 Cisco0 CiscoUCS 00000001 INTL 20091013)
[    0.000000] ACPI: MSCT 0x0000000079A17278 000090 (v01 Cisco0 CiscoUCS 00000001 INTL 20091013)
[    0.000000] ACPI: SLIT 0x0000000079A17308 000030 (v01 Cisco0 CiscoUCS 00000001 INTL 20091013)
[    0.000000] ACPI: SRAT 0x0000000079A17338 001158 (v03 Cisco0 CiscoUCS 00000001 INTL 20091013)
[    0.000000] ACPI: WDDT 0x0000000079A18490 000040 (v01 Cisco0 CiscoUCS 00000000 INTL 20091013)
[    0.000000] ACPI: SSDT 0x0000000079A184D0 0171BD (v02 Cisco0 PmMgt    00000002 INTL 20120913)
[    0.000000] ACPI: NITR 0x0000000079A2F690 000071 (v02 Cisco0 CiscoUCS 00000001 INTL 20091013)
[    0.000000] ACPI: SSDT 0x0000000079A2F708 002654 (v02 Cisco0 SpsNm    00000002 INTL 20120913)
[    0.000000] ACPI: SSDT 0x0000000079A31D60 000064 (v02 Cisco0 SpsNvs   00000002 INTL 20120913)
[    0.000000] ACPI: PRAD 0x0000000079A31DC8 000102 (v02 Cisco0 CiscoUCS 00000002 INTL 20120913)
[    0.000000] ACPI: DMAR 0x0000000079A31ED0 000100 (v01 Cisco0 CiscoUCS 00000001 INTL 20091013)
[    0.000000] ACPI: HEST 0x0000000079A31FD0 0000A8 (v01 Cisco0 CiscoUCS 00000001 INTL 00000001)
[    0.000000] ACPI: BERT 0x0000000079A32078 000030 (v01 Cisco0 CiscoUCS 00000001 INTL 00000001)
[    0.000000] ACPI: ERST 0x0000000079A320A8 000230 (v01 Cisco0 CiscoUCS 00000001 INTL 00000001)
[    0.000000] ACPI: EINJ 0x0000000079A322D8 000130 (v01 Cisco0 CiscoUCS 00000001 INTL 00000001)
[    0.000000] ACPI: Local APIC address 0xfee00000
[    0.000000] SRAT: PXM 0 -> APIC 0x00 -> Node 0
[    0.000000] SRAT: PXM 0 -> APIC 0x02 -> Node 0
[    0.000000] SRAT: PXM 0 -> APIC 0x04 -> Node 0
[    0.000000] SRAT: PXM 0 -> APIC 0x06 -> Node 0
[    0.000000] SRAT: PXM 0 -> APIC 0x08 -> Node 0
[    0.000000] SRAT: PXM 0 -> APIC 0x10 -> Node 0
[    0.000000] SRAT: PXM 0 -> APIC 0x12 -> Node 0
[    0.000000] SRAT: PXM 0 -> APIC 0x14 -> Node 0
[    0.000000] SRAT: PXM 0 -> APIC 0x16 -> Node 0
[    0.000000] SRAT: PXM 0 -> APIC 0x18 -> Node 0
[    0.000000] SRAT: PXM 1 -> APIC 0x20 -> Node 1
[    0.000000] SRAT: PXM 1 -> APIC 0x22 -> Node 1
[    0.000000] SRAT: PXM 1 -> APIC 0x24 -> Node 1
[    0.000000] SRAT: PXM 1 -> APIC 0x26 -> Node 1
[    0.000000] SRAT: PXM 1 -> APIC 0x28 -> Node 1
[    0.000000] SRAT: PXM 1 -> APIC 0x30 -> Node 1
[    0.000000] SRAT: PXM 1 -> APIC 0x32 -> Node 1
[    0.000000] SRAT: PXM 1 -> APIC 0x34 -> Node 1
[    0.000000] SRAT: PXM 1 -> APIC 0x36 -> Node 1
[    0.000000] SRAT: PXM 1 -> APIC 0x38 -> Node 1
[    0.000000] SRAT: PXM 0 -> APIC 0x01 -> Node 0
[    0.000000] SRAT: PXM 0 -> APIC 0x03 -> Node 0
[    0.000000] SRAT: PXM 0 -> APIC 0x05 -> Node 0
[    0.000000] SRAT: PXM 0 -> APIC 0x07 -> Node 0
[    0.000000] SRAT: PXM 0 -> APIC 0x09 -> Node 0
[    0.000000] SRAT: PXM 0 -> APIC 0x11 -> Node 0
[    0.000000] SRAT: PXM 0 -> APIC 0x13 -> Node 0
[    0.000000] SRAT: PXM 0 -> APIC 0x15 -> Node 0
[    0.000000] SRAT: PXM 0 -> APIC 0x17 -> Node 0
[    0.000000] SRAT: PXM 0 -> APIC 0x19 -> Node 0
[    0.000000] SRAT: PXM 1 -> APIC 0x21 -> Node 1
[    0.000000] SRAT: PXM 1 -> APIC 0x23 -> Node 1
[    0.000000] SRAT: PXM 1 -> APIC 0x25 -> Node 1
[    0.000000] SRAT: PXM 1 -> APIC 0x27 -> Node 1
[    0.000000] SRAT: PXM 1 -> APIC 0x29 -> Node 1
[    0.000000] SRAT: PXM 1 -> APIC 0x31 -> Node 1
[    0.000000] SRAT: PXM 1 -> APIC 0x33 -> Node 1
[    0.000000] SRAT: PXM 1 -> APIC 0x35 -> Node 1
[    0.000000] SRAT: PXM 1 -> APIC 0x37 -> Node 1
[    0.000000] SRAT: PXM 1 -> APIC 0x39 -> Node 1
[    0.000000] acpi: SRAT: Node 0 PXM 0 [mem 0x00000000-0x7fffffff]
[    0.000000] acpi: SRAT: Node 0 PXM 0 [mem 0x100000000-0x107fffffff]
[    0.000000] acpi: SRAT: Node 0 PXM 0 [mem 0x1080000000-0x147fffffff]
[    0.000000] acpi: SRAT: Node 1 PXM 1 [mem 0x1480000000-0x247fffffff]
[    0.000000] acpi: SRAT: Node 1 PXM 1 [mem 0x2480000000-0x287fffffff]
[    0.000000] NUMA: Initialized distance table, cnt=2
[    0.000000] NUMA: Node 0 [mem 0x00000000-0x7fffffff] + [mem 0x100000000-0x107fffffff] -> [mem 0x00000000-0x107fffffff]
[    0.000000] NUMA: Node 0 [mem 0x00000000-0x107fffffff] + [mem 0x1080000000-0x147fffffff] -> [mem 0x00000000-0x147fffffff]
[    0.000000] NUMA: Node 1 [mem 0x1480000000-0x247fffffff] + [mem 0x2480000000-0x287fffffff] -> [mem 0x1480000000-0x287fffffff]
[    0.000000] NODE_DATA(0) allocated [mem 0x147fffc000-0x147fffffff]
[    0.000000] NODE_DATA(1) allocated [mem 0x287fff9000-0x287fffcfff]
[    0.000000] setup: Reserving 128MB of memory at 768MB for crashkernel (System RAM: 163729MB)
[    0.000000] tsc: Fast TSC calibration using PIT
[    0.000000] page_alloc: Zone ranges:
[    0.000000] page_alloc:   DMA      [mem 0x0000000000001000-0x0000000000ffffff]
[    0.000000] page_alloc:   DMA32    [mem 0x0000000001000000-0x00000000ffffffff]
[    0.000000] page_alloc:   Normal   [mem 0x0000000100000000-0x000000287fffffff]
[    0.000000] page_alloc: Movable zone start for each node
[    0.000000] page_alloc: Early memory node ranges
[    0.000000] page_alloc:   node   0: [mem 0x0000000000001000-0x0000000000098fff]
[    0.000000] page_alloc:   node   0: [mem 0x0000000000100000-0x00000000791d3fff]
[    0.000000] page_alloc:   node   0: [mem 0x0000000100000000-0x000000147fffffff]
[    0.000000] page_alloc:   node   1: [mem 0x0000001480000000-0x000000287fffffff]
[    0.000000] page_alloc: Initmem setup node 0 [mem 0x0000000000001000-0x000000147fffffff]
[    0.000000] On node 0 totalpages: 20943212
[    0.000000]   DMA zone: 144 pages used for memmap
[    0.000000]   DMA zone: 42 pages reserved
[    0.000000]   DMA zone: 3992 pages, LIFO batch:0
[    0.000000]   DMA32 zone: 17297 pages used for memmap
[    0.000000]   DMA32 zone: 491988 pages, LIFO batch:31
[    0.000000]   Normal zone: 718848 pages used for memmap
[    0.000000]   Normal zone: 20447232 pages, LIFO batch:31
[    0.000000] page_alloc: Initmem setup node 1 [mem 0x0000001480000000-0x000000287fffffff]
[    0.000000] On node 1 totalpages: 20971520
[    0.000000]   Normal zone: 737280 pages used for memmap
[    0.000000]   Normal zone: 20971520 pages, LIFO batch:31
[    0.000000] page_alloc: Reserved but unavailable: 104 pages
[    0.000000] ACPI: PM-Timer IO Port: 0x408
[    0.000000] ACPI: Local APIC address 0xfee00000
[    0.000000] tables: LAPIC_NMI (acpi_id[0x00] high edge lint[0x1])
[    0.000000] tables: LAPIC_NMI (acpi_id[0x02] high edge lint[0x1])
[    0.000000] tables: LAPIC_NMI (acpi_id[0x04] high edge lint[0x1])
[    0.000000] tables: LAPIC_NMI (acpi_id[0x06] high edge lint[0x1])
[    0.000000] tables: LAPIC_NMI (acpi_id[0x08] high edge lint[0x1])
[    0.000000] tables: LAPIC_NMI (acpi_id[0x10] high edge lint[0x1])
[    0.000000] tables: LAPIC_NMI (acpi_id[0x12] high edge lint[0x1])
[    0.000000] tables: LAPIC_NMI (acpi_id[0x14] high edge lint[0x1])
[    0.000000] tables: LAPIC_NMI (acpi_id[0x16] high edge lint[0x1])
[    0.000000] tables: LAPIC_NMI (acpi_id[0x18] high edge lint[0x1])
[    0.000000] tables: LAPIC_NMI (acpi_id[0x20] high edge lint[0x1])
[    0.000000] tables: LAPIC_NMI (acpi_id[0x22] high edge lint[0x1])
[    0.000000] tables: LAPIC_NMI (acpi_id[0x24] high edge lint[0x1])
[    0.000000] tables: LAPIC_NMI (acpi_id[0x26] high edge lint[0x1])
[    0.000000] tables: LAPIC_NMI (acpi_id[0x28] high edge lint[0x1])
[    0.000000] tables: LAPIC_NMI (acpi_id[0x30] high edge lint[0x1])
[    0.000000] tables: LAPIC_NMI (acpi_id[0x32] high edge lint[0x1])
[    0.000000] tables: LAPIC_NMI (acpi_id[0x34] high edge lint[0x1])
[    0.000000] tables: LAPIC_NMI (acpi_id[0x36] high edge lint[0x1])
[    0.000000] tables: LAPIC_NMI (acpi_id[0x38] high edge lint[0x1])
[    0.000000] tables: LAPIC_NMI (acpi_id[0x01] high edge lint[0x1])
[    0.000000] tables: LAPIC_NMI (acpi_id[0x03] high edge lint[0x1])
[    0.000000] tables: LAPIC_NMI (acpi_id[0x05] high edge lint[0x1])
[    0.000000] tables: LAPIC_NMI (acpi_id[0x07] high edge lint[0x1])
[    0.000000] tables: LAPIC_NMI (acpi_id[0x09] high edge lint[0x1])
[    0.000000] tables: LAPIC_NMI (acpi_id[0x11] high edge lint[0x1])
[    0.000000] tables: LAPIC_NMI (acpi_id[0x13] high edge lint[0x1])
[    0.000000] tables: LAPIC_NMI (acpi_id[0x15] high edge lint[0x1])
[    0.000000] tables: LAPIC_NMI (acpi_id[0x17] high edge lint[0x1])
[    0.000000] tables: LAPIC_NMI (acpi_id[0x19] high edge lint[0x1])
[    0.000000] tables: LAPIC_NMI (acpi_id[0x21] high edge lint[0x1])
[    0.000000] tables: LAPIC_NMI (acpi_id[0x23] high edge lint[0x1])
[    0.000000] tables: LAPIC_NMI (acpi_id[0x25] high edge lint[0x1])
[    0.000000] tables: LAPIC_NMI (acpi_id[0x27] high edge lint[0x1])
[    0.000000] tables: LAPIC_NMI (acpi_id[0x29] high edge lint[0x1])
[    0.000000] tables: LAPIC_NMI (acpi_id[0x31] high edge lint[0x1])
[    0.000000] tables: LAPIC_NMI (acpi_id[0x33] high edge lint[0x1])
[    0.000000] tables: LAPIC_NMI (acpi_id[0x35] high edge lint[0x1])
[    0.000000] tables: LAPIC_NMI (acpi_id[0x37] high edge lint[0x1])
[    0.000000] tables: LAPIC_NMI (acpi_id[0x39] high edge lint[0x1])
[    0.000000] io_apic: IOAPIC[0]: apic_id 1, version 32, address 0xfec00000, GSI 0-23
[    0.000000] io_apic: IOAPIC[1]: apic_id 2, version 32, address 0xfec01000, GSI 24-47
[    0.000000] io_apic: IOAPIC[2]: apic_id 3, version 32, address 0xfec40000, GSI 48-71
[    0.000000] tables: INT_SRC_OVR (bus 0 bus_irq 0 global_irq 2 dfl dfl)
[    0.000000] tables: INT_SRC_OVR (bus 0 bus_irq 9 global_irq 9 high level)
[    0.000000] ACPI: IRQ0 used by override.
[    0.000000] ACPI: IRQ9 used by override.
[    0.000000] Using ACPI (MADT) for SMP configuration information
[    0.000000] ACPI: HPET id: 0x8086a701 base: 0xfed00000
[    0.000000] smpboot: Allowing 40 CPUs, 0 hotplug CPUs
[    0.000000] snapshot: Registered nosave memory: [mem 0x00000000-0x00000fff]
[    0.000000] snapshot: Registered nosave memory: [mem 0x00099000-0x00099fff]
[    0.000000] snapshot: Registered nosave memory: [mem 0x0009a000-0x0009ffff]
[    0.000000] snapshot: Registered nosave memory: [mem 0x000a0000-0x000dffff]
[    0.000000] snapshot: Registered nosave memory: [mem 0x000e0000-0x000fffff]
[    0.000000] snapshot: Registered nosave memory: [mem 0x791d4000-0x799cdfff]
[    0.000000] snapshot: Registered nosave memory: [mem 0x799ce000-0x79a32fff]
[    0.000000] snapshot: Registered nosave memory: [mem 0x79a33000-0x79fa1fff]
[    0.000000] snapshot: Registered nosave memory: [mem 0x79fa2000-0x8fffffff]
[    0.000000] snapshot: Registered nosave memory: [mem 0x90000000-0xfed1bfff]
[    0.000000] snapshot: Registered nosave memory: [mem 0xfed1c000-0xfed44fff]
[    0.000000] snapshot: Registered nosave memory: [mem 0xfed45000-0xfeffffff]
[    0.000000] snapshot: Registered nosave memory: [mem 0xff000000-0xffffffff]
[    0.000000] e820: e820: [mem 0x90000000-0xfed1bfff] available for PCI devices
[    0.000000] Booting paravirtualized kernel on bare hardware
[    0.000000] clocksource: refined-jiffies: mask: 0xffffffff max_cycles: 0xffffffff, max_idle_ns: 7645519600211568 ns
[    0.000000] setup_percpu: NR_CPUS:256 nr_cpumask_bits:256 nr_cpu_ids:40 nr_node_ids:2
[    0.000000] percpu: Embedded 45 pages/cpu @        (ptrval) s145496 r8192 d30632 u262144
[    0.000000] pcpu-alloc: s145496 r8192 d30632 u262144 alloc=1*2097152
[    0.000000] pcpu-alloc: [0] 00 01 02 03 04 05 06 07 [0] 08 09 20 21 22 23 24 25 
[    0.000000] pcpu-alloc: [0] 26 27 28 29 -- -- -- -- [1] 10 11 12 13 14 15 16 17 
[    0.000000] pcpu-alloc: [1] 18 19 30 31 32 33 34 35 [1] 36 37 38 39 -- -- -- -- 
[    0.000000] page_alloc: Built 2 zonelists, mobility grouping on.  Total pages: 40441121
[    0.000000] page_alloc: Policy zone: Normal
[    0.000000] main: Kernel command line: BOOT_IMAGE=/boot/vmlinuz-4.17.0 root=UUID=4910fb56-38cb-41ae-82bf-3efa1d8a45a0 ro console=ttyS0,115200 crashkernel=384M-:128M
[    0.000000] printk: log_buf_len individual max cpu contribution: 4096 bytes
[    0.000000] printk: log_buf_len total cpu_extra contributions: 159744 bytes
[    0.000000] printk: log_buf_len min size: 262144 bytes
[    0.000000] printk: log_buf_len: 524288 bytes
[    0.000000] printk: early log buf free: 244828(93%)
[    0.000000] Calgary: detecting Calgary via BIOS EBDA area
[    0.000000] Calgary: Unable to locate Rio Grande table in EBDA - bailing!
[    0.000000] page_alloc: Memory: 161224948K/167658928K available (14348K kernel code, 1801K rwdata, 4280K rodata, 1812K init, 132104K bss, 6433980K reserved, 0K cma-reserved)
[    0.000000] slub: SLUB: HWalign=64, Order=0-3, MinObjects=0, CPUs=40, Nodes=2
[    0.000000] Kernel/User page tables isolation: enabled
[    0.000000] libftrace: ftrace: allocating 42155 entries in 165 pages
[    0.000000] trace: 
[    0.000000] trace: **********************************************************
[    0.000000] trace: **   NOTICE NOTICE NOTICE NOTICE NOTICE NOTICE NOTICE   **
[    0.000000] trace: **                                                      **
[    0.000000] trace: ** trace_printk() being used. Allocating extra memory.  **
[    0.000000] trace: **                                                      **
[    0.000000] trace: ** This means that this is a DEBUG kernel and it is     **
[    0.000000] trace: ** unsafe for production use.                           **
[    0.000000] trace: **                                                      **
[    0.000000] trace: ** If you see this message and you are not debugging    **
[    0.000000] trace: ** the kernel, report this immediately to your vendor!  **
[    0.000000] trace: **                                                      **
[    0.000000] trace: **   NOTICE NOTICE NOTICE NOTICE NOTICE NOTICE NOTICE   **
[    0.000000] trace: **********************************************************
[    0.000000] tree: Hierarchical RCU implementation.
[    0.000000] tree: 	RCU restricting CPUs from NR_CPUS=256 to nr_cpu_ids=40.
[    0.000000] tree: RCU: Adjusting geometry for rcu_fanout_leaf=16, nr_cpu_ids=40
[    0.000000] NR_IRQS: 16640, nr_irqs: 1560, preallocated irqs: 16
[    0.000000] tree: 	Offload RCU callbacks from CPUs: (none).
[    0.000000] vt: Console: colour VGA+ 80x25
[    0.000000] printk: console [ttyS0] enabled
[    0.000000] mempolicy: Enabling automatic NUMA balancing. Configure with numa_balancing= or the kernel.numa_balancing sysctl
[    0.000000] ACPI: Core revision 20180313
[    0.000000] clocksource: hpet: mask: 0xffffffff max_cycles: 0xffffffff, max_idle_ns: 133484882848 ns
[    0.000000] hpet clockevent registered
[    0.000000] apic: APIC: Switch to symmetric I/O mode setup
[    0.004000] dmar: Host address width 46
[    0.008000] dmar: DRHD base: 0x000000fbffc000 flags: 0x0
[    0.012000] dmar: dmar0: reg_base_addr fbffc000 ver 1:0 cap d2078c106f0466 ecap f020de
[    0.016000] dmar: DRHD base: 0x000000c7ffc000 flags: 0x1
[    0.020000] dmar: dmar1: reg_base_addr c7ffc000 ver 1:0 cap d2078c106f0466 ecap f020de
[    0.024000] dmar: RMRR base: 0x0000007bb4c000 end: 0x0000007bb5cfff
[    0.028000] dmar: ATSR flags: 0x0
[    0.032000] dmar: RHSA base: 0x000000c7ffc000 proximity domain: 0x0
[    0.036000] dmar: RHSA base: 0x000000fbffc000 proximity domain: 0x1
[    0.040000] intel_irq_remapping: IOAPIC id 3 under DRHD base  0xfbffc000 IOMMU 0
[    0.044000] intel_irq_remapping: IOAPIC id 1 under DRHD base  0xc7ffc000 IOMMU 1
[    0.048000] intel_irq_remapping: IOAPIC id 2 under DRHD base  0xc7ffc000 IOMMU 1
[    0.052000] intel_irq_remapping: HPET id 0 under DRHD base 0xc7ffc000
[    0.056000] intel_irq_remapping: x2apic is disabled because BIOS sets x2apic opt out bit.
[    0.056000] intel_irq_remapping: Use 'intremap=no_x2apic_optout' to override the BIOS setting.
[    0.064000] intel_irq_remapping: Enabled IRQ remapping in xapic mode
[    0.064000] apic: x2apic: IRQ remapping doesn't support X2APIC mode
[    0.068000] probe_64: Switched APIC routing to physical flat.
[    0.072000] ..TIMER: vector=0x30 apic1=0 pin1=2 apic2=-1 pin2=-1
[    0.092000] tsc: Fast TSC calibration using PIT
[    0.096000] tsc: Detected 2593.528 MHz processor
[    0.100000] clocksource: tsc-early: mask: 0xffffffffffffffff max_cycles: 0x25625a45293, max_idle_ns: 440795282137 ns
[    0.104001] calibrate: Calibrating delay loop (skipped), value calculated using timer frequency.. 5187.05 BogoMIPS (lpj=10374112)
[    0.108001] pid: pid_max: default: 40960 minimum: 320
[    0.112073] security: Security Framework initialized
[    0.116001] yama: Yama: becoming mindful.
[    0.120036] AppArmor: AppArmor initialized
[    0.148149] page_alloc: Dentry cache hash table entries: 16777216 (order: 15, 134217728 bytes)
[    0.164916] page_alloc: Inode-cache hash table entries: 8388608 (order: 14, 67108864 bytes)
[    0.168373] page_alloc: Mount-cache hash table entries: 262144 (order: 9, 2097152 bytes)
[    0.172344] page_alloc: Mountpoint-cache hash table entries: 262144 (order: 9, 2097152 bytes)
[    0.176306] topology: CPU: Physical Processor ID: 0
[    0.180001] topology: CPU: Processor Core ID: 0
[    0.184005] intel: ENERGY_PERF_BIAS: Set to 'normal', was 'performance'
[    0.188000] intel: ENERGY_PERF_BIAS: View and update with x86_energy_perf_policy(8)
[    0.192004] mce: CPU supports 22 MCE banks
[    0.196016] therm_throt: CPU0: Thermal monitoring enabled (TM1)
[    0.200021] process: using mwait in idle threads
[    0.204002] common: Last level iTLB entries: 4KB 1024, 2MB 1024, 4MB 1024
[    0.208000] common: Last level dTLB entries: 4KB 1024, 2MB 1024, 4MB 1024, 1GB 4
[    0.212001] Spectre V2 : Vulnerable: Minimal generic ASM retpoline
[    0.216000] Speculative Store Bypass: Vulnerable
[    0.220131] page_alloc: Freeing SMP alternatives memory: 40K
[    0.228098] TSC deadline timer enabled
[    0.228105] smpboot: CPU0: Intel(R) Xeon(R) CPU E5-2660 v3 @ 2.60GHz (family: 0x6, model: 0x3f, stepping: 0x2)
[    0.232134] core: Performance Events: PEBS fmt2+, Haswell events, 16-deep LBR, full-width counters, Intel PMU driver.
[    0.236004] core: ... version:                3
[    0.240000] core: ... bit width:              48
[    0.244000] core: ... generic registers:      4
[    0.248001] core: ... value mask:             0000ffffffffffff
[    0.252000] core: ... max period:             00007fffffffffff
[    0.256000] core: ... fixed-purpose events:   3
[    0.260000] core: ... event mask:             000000070000000f
[    0.264057] srcutree: Hierarchical SRCU implementation.
[    0.272100] watchdog_hld: Enabled. Permanently consumes one hw-PMU counter.
[    0.276007] smp: Bringing up secondary CPUs ...
[    0.280173] x86: Booting SMP configuration:
[    0.284002] .... node  #0, CPUs:        #1  #2  #3  #4  #5  #6  #7  #8  #9
[    0.296002] .... node  #1, CPUs:   #10 #11 #12 #13 #14 #15 #16 #17 #18 #19
[    0.396002] .... node  #0, CPUs:   #20 #21 #22 #23 #24 #25 #26 #27 #28 #29
[    0.412002] .... node  #1, CPUs:   #30 #31 #32 #33 #34 #35 #36 #37 #38 #39
[    0.425440] smp: Brought up 2 nodes, 40 CPUs
[    0.432001] smpboot: Max logical packages: 2
[    0.436001] smpboot: Total of 40 processors activated (207514.02 BogoMIPS)
[    0.449910] devtmpfs: initialized
[    0.452064] init_64: x86/mm: Memory block size: 2048MB
[    0.456772] evm: security.selinux
[    0.460001] evm: security.SMACK64
[    0.463697] evm: security.apparmor
[    0.464000] evm: security.ima
[    0.467308] evm: security.capability
[    0.468059] acpi: PM: Registering ACPI NVS region [mem 0x79a33000-0x79fa1fff] (5697536 bytes)
[    0.472243] clocksource: jiffies: mask: 0xffffffff max_cycles: 0xffffffff, max_idle_ns: 7645041785100000 ns
[    0.476059] page_alloc: futex hash table entries: 16384 (order: 8, 1048576 bytes)
[    0.480371] xor: automatically using best checksumming function   avx       
[    0.484029] core: initialized pinctrl subsystem
[    0.488114] trace: RTC time: 20:30:05, date: 07/29/19
[    0.492632] socket: NET: Registered protocol family 16
[    0.496102] audit: initializing netlink subsys (disabled)
[    0.500021] audit: type=2000 audit(1564432202.500:1): state=initialized audit_enabled=0 res=1
[    0.508005] cpuidle: using governor ladder
[    0.512013] cpuidle: using governor menu
[    0.516049] random: random: get_random_bytes called from kcmp_cookies_init+0x16/0x38 with crng_init=0
[    0.520003] pci_acpi: ACPI FADT declares the system doesn't support PCIe ASPM, so disable it
[    0.524001] ACPI: bus type PCI registered
[    0.528001] acpiphp: ACPI Hot Plug PCI Controller Driver version: 0.5
[    0.532103] mmconfig_shared: PCI: MMCONFIG for domain 0000 [bus 00-ff] at [mem 0x80000000-0x8fffffff] (base 0x80000000)
[    0.536003] mmconfig_shared: PCI: MMCONFIG at [mem 0x80000000-0x8fffffff] reserved in E820
[    0.540013] PCI: Using configuration type 1 for base access
[    0.544033] core: PMU erratum BJ122, BV98, HSD29 worked around, HT is on
[    0.549769] hugetlb: HugeTLB registered 1.00 GiB page size, pre-allocated 0 pages
[    0.552004] hugetlb: HugeTLB registered 2.00 MiB page size, pre-allocated 0 pages
[    0.624007] raid6_pq: raid6: sse2x1   gen()  8385 MB/s
[    0.696005] raid6_pq: raid6: sse2x1   xor()  6585 MB/s
[    0.768007] raid6_pq: raid6: sse2x2   gen() 10532 MB/s
[    0.840001] raid6_pq: raid6: sse2x2   xor()  7250 MB/s
[    0.912003] raid6_pq: raid6: sse2x4   gen() 12321 MB/s
[    0.984003] raid6_pq: raid6: sse2x4   xor()  8438 MB/s
[    1.056002] raid6_pq: raid6: avx2x1   gen() 16381 MB/s
[    1.128001] raid6_pq: raid6: avx2x1   xor() 12537 MB/s
[    1.200002] raid6_pq: raid6: avx2x2   gen() 18986 MB/s
[    1.272001] raid6_pq: raid6: avx2x2   xor() 13564 MB/s
[    1.344002] raid6_pq: raid6: avx2x4   gen() 22208 MB/s
[    1.416002] raid6_pq: raid6: avx2x4   xor() 14665 MB/s
[    1.420001] raid6_pq: raid6: using algorithm avx2x4 gen() 22208 MB/s
[    1.424000] raid6_pq: raid6: .... xor() 14665 MB/s, rmw enabled
[    1.428001] raid6_pq: raid6: using avx2x2 recovery algorithm
[    1.432179] acpi: Added _OSI(Module Device)
[    1.436002] acpi: Added _OSI(Processor Device)
[    1.440001] acpi: Added _OSI(3.0 _SCP Extensions)
[    1.444001] acpi: Added _OSI(Processor Aggregator Device)
[    1.448001] acpi: Added _OSI(Linux-Dell-Video)
[    1.484868] ACPI: 4 ACPI AML tables successfully acquired and loaded
[    1.492335] acpi: [Firmware Bug]: BIOS _OSI(Linux) query ignored
[    1.504756] ACPI: Dynamic OEM Table Load:
[    1.528913] ACPI: Interpreter enabled
[    1.532013] acpi: ACPI: (supports S0 S5)
[    1.536002] ACPI: Using IOAPIC for interrupt routing
[    1.540043] apei: HEST: Table parsing has been initialized.
[    1.544003] PCI: Using host bridge windows from ACPI; if necessary, use "pci=nocrs" and report a bug
[    1.548436] ACPI: Enabled 5 GPEs in block 00 to 3F
[    1.584154] acpi: ACPI: PCI Root Bridge [UNC1] (domain 0000 [bus ff])
[    1.588005] acpi PNP0A03:02: _OSC: OS supports [ExtendedConfig ASPM ClockPM Segments MSI]
[    1.602096] acpi PNP0A03:02: _OSC: OS now controls [PCIeHotplug PME AER PCIeCapability]
[    1.608002] acpi PNP0A03:02: FADT indicates ASPM is unsupported, using BIOS configuration
[    1.620040] probe: PCI host bridge to bus 0000:ff
[    1.624002] pci_bus 0000:ff: root bus resource [bus ff]
[    1.628010] pci 0000:ff:08.0: [8086:2f80] type 00 class 0x088000
[    1.628064] pci 0000:ff:08.2: [8086:2f32] type 00 class 0x110100
[    1.628107] pci 0000:ff:08.3: [8086:2f83] type 00 class 0x088000
[    1.628154] pci 0000:ff:09.0: [8086:2f90] type 00 class 0x088000
[    1.628196] pci 0000:ff:09.2: [8086:2f33] type 00 class 0x110100
[    1.628236] pci 0000:ff:09.3: [8086:2f93] type 00 class 0x088000
[    1.628280] pci 0000:ff:0b.0: [8086:2f81] type 00 class 0x088000
[    1.628318] pci 0000:ff:0b.1: [8086:2f36] type 00 class 0x110100
[    1.628360] pci 0000:ff:0b.2: [8086:2f37] type 00 class 0x110100
[    1.628398] pci 0000:ff:0c.0: [8086:2fe0] type 00 class 0x088000
[    1.628435] pci 0000:ff:0c.1: [8086:2fe1] type 00 class 0x088000
[    1.628471] pci 0000:ff:0c.2: [8086:2fe2] type 00 class 0x088000
[    1.628509] pci 0000:ff:0c.3: [8086:2fe3] type 00 class 0x088000
[    1.628548] pci 0000:ff:0c.4: [8086:2fe4] type 00 class 0x088000
[    1.628584] pci 0000:ff:0c.5: [8086:2fe5] type 00 class 0x088000
[    1.628620] pci 0000:ff:0c.6: [8086:2fe6] type 00 class 0x088000
[    1.628658] pci 0000:ff:0c.7: [8086:2fe7] type 00 class 0x088000
[    1.628695] pci 0000:ff:0d.0: [8086:2fe8] type 00 class 0x088000
[    1.628735] pci 0000:ff:0d.1: [8086:2fe9] type 00 class 0x088000
[    1.628776] pci 0000:ff:0f.0: [8086:2ff8] type 00 class 0x088000
[    1.628814] pci 0000:ff:0f.1: [8086:2ff9] type 00 class 0x088000
[    1.628856] pci 0000:ff:0f.2: [8086:2ffa] type 00 class 0x088000
[    1.628893] pci 0000:ff:0f.3: [8086:2ffb] type 00 class 0x088000
[    1.628933] pci 0000:ff:0f.4: [8086:2ffc] type 00 class 0x088000
[    1.628973] pci 0000:ff:0f.5: [8086:2ffd] type 00 class 0x088000
[    1.629012] pci 0000:ff:0f.6: [8086:2ffe] type 00 class 0x088000
[    1.629051] pci 0000:ff:10.0: [8086:2f1d] type 00 class 0x088000
[    1.629089] pci 0000:ff:10.1: [8086:2f34] type 00 class 0x110100
[    1.629129] pci 0000:ff:10.5: [8086:2f1e] type 00 class 0x088000
[    1.629165] pci 0000:ff:10.6: [8086:2f7d] type 00 class 0x110100
[    1.629201] pci 0000:ff:10.7: [8086:2f1f] type 00 class 0x088000
[    1.629239] pci 0000:ff:12.0: [8086:2fa0] type 00 class 0x088000
[    1.629280] pci 0000:ff:12.1: [8086:2f30] type 00 class 0x110100
[    1.629324] pci 0000:ff:12.4: [8086:2f60] type 00 class 0x088000
[    1.629365] pci 0000:ff:12.5: [8086:2f38] type 00 class 0x110100
[    1.629408] pci 0000:ff:13.0: [8086:2fa8] type 00 class 0x088000
[    1.629451] pci 0000:ff:13.1: [8086:2f71] type 00 class 0x088000
[    1.629493] pci 0000:ff:13.2: [8086:2faa] type 00 class 0x088000
[    1.629541] pci 0000:ff:13.3: [8086:2fab] type 00 class 0x088000
[    1.629586] pci 0000:ff:13.6: [8086:2fae] type 00 class 0x088000
[    1.629628] pci 0000:ff:13.7: [8086:2faf] type 00 class 0x088000
[    1.629668] pci 0000:ff:14.0: [8086:2fb0] type 00 class 0x088000
[    1.629712] pci 0000:ff:14.1: [8086:2fb1] type 00 class 0x088000
[    1.629758] pci 0000:ff:14.2: [8086:2fb2] type 00 class 0x088000
[    1.629802] pci 0000:ff:14.3: [8086:2fb3] type 00 class 0x088000
[    1.629845] pci 0000:ff:14.4: [8086:2fbc] type 00 class 0x088000
[    1.629887] pci 0000:ff:14.5: [8086:2fbd] type 00 class 0x088000
[    1.629927] pci 0000:ff:14.6: [8086:2fbe] type 00 class 0x088000
[    1.629972] pci 0000:ff:14.7: [8086:2fbf] type 00 class 0x088000
[    1.630014] pci 0000:ff:16.0: [8086:2f68] type 00 class 0x088000
[    1.630059] pci 0000:ff:16.1: [8086:2f79] type 00 class 0x088000
[    1.630103] pci 0000:ff:16.2: [8086:2f6a] type 00 class 0x088000
[    1.630147] pci 0000:ff:16.3: [8086:2f6b] type 00 class 0x088000
[    1.630195] pci 0000:ff:16.6: [8086:2f6e] type 00 class 0x088000
[    1.630240] pci 0000:ff:16.7: [8086:2f6f] type 00 class 0x088000
[    1.630281] pci 0000:ff:17.0: [8086:2fd0] type 00 class 0x088000
[    1.630327] pci 0000:ff:17.1: [8086:2fd1] type 00 class 0x088000
[    1.630372] pci 0000:ff:17.2: [8086:2fd2] type 00 class 0x088000
[    1.630419] pci 0000:ff:17.3: [8086:2fd3] type 00 class 0x088000
[    1.630463] pci 0000:ff:17.4: [8086:2fb8] type 00 class 0x088000
[    1.630505] pci 0000:ff:17.5: [8086:2fb9] type 00 class 0x088000
[    1.630546] pci 0000:ff:17.6: [8086:2fba] type 00 class 0x088000
[    1.630586] pci 0000:ff:17.7: [8086:2fbb] type 00 class 0x088000
[    1.630643] pci 0000:ff:1e.0: [8086:2f98] type 00 class 0x088000
[    1.630685] pci 0000:ff:1e.1: [8086:2f99] type 00 class 0x088000
[    1.630725] pci 0000:ff:1e.2: [8086:2f9a] type 00 class 0x088000
[    1.630764] pci 0000:ff:1e.3: [8086:2fc0] type 00 class 0x088000
[    1.630793] pci 0000:ff:1e.4: [8086:2f9c] type 00 class 0x088000
[    1.630841] pci 0000:ff:1f.0: [8086:2f88] type 00 class 0x088000
[    1.630882] pci 0000:ff:1f.2: [8086:2f8a] type 00 class 0x088000
[    1.630985] acpi: ACPI: PCI Root Bridge [UNC0] (domain 0000 [bus 7f])
[    1.640003] acpi PNP0A03:03: _OSC: OS supports [ExtendedConfig ASPM ClockPM Segments MSI]
[    1.648725] acpi PNP0A03:03: _OSC: OS now controls [PCIeHotplug PME AER PCIeCapability]
[    1.660001] acpi PNP0A03:03: FADT indicates ASPM is unsupported, using BIOS configuration
[    1.668035] probe: PCI host bridge to bus 0000:7f
[    1.672002] pci_bus 0000:7f: root bus resource [bus 7f]
[    1.680008] pci 0000:7f:08.0: [8086:2f80] type 00 class 0x088000
[    1.680050] pci 0000:7f:08.2: [8086:2f32] type 00 class 0x110100
[    1.680092] pci 0000:7f:08.3: [8086:2f83] type 00 class 0x088000
[    1.680133] pci 0000:7f:09.0: [8086:2f90] type 00 class 0x088000
[    1.680170] pci 0000:7f:09.2: [8086:2f33] type 00 class 0x110100
[    1.680206] pci 0000:7f:09.3: [8086:2f93] type 00 class 0x088000
[    1.680246] pci 0000:7f:0b.0: [8086:2f81] type 00 class 0x088000
[    1.680281] pci 0000:7f:0b.1: [8086:2f36] type 00 class 0x110100
[    1.680315] pci 0000:7f:0b.2: [8086:2f37] type 00 class 0x110100
[    1.680350] pci 0000:7f:0c.0: [8086:2fe0] type 00 class 0x088000
[    1.680386] pci 0000:7f:0c.1: [8086:2fe1] type 00 class 0x088000
[    1.680422] pci 0000:7f:0c.2: [8086:2fe2] type 00 class 0x088000
[    1.680458] pci 0000:7f:0c.3: [8086:2fe3] type 00 class 0x088000
[    1.680493] pci 0000:7f:0c.4: [8086:2fe4] type 00 class 0x088000
[    1.680528] pci 0000:7f:0c.5: [8086:2fe5] type 00 class 0x088000
[    1.680563] pci 0000:7f:0c.6: [8086:2fe6] type 00 class 0x088000
[    1.680597] pci 0000:7f:0c.7: [8086:2fe7] type 00 class 0x088000
[    1.680634] pci 0000:7f:0d.0: [8086:2fe8] type 00 class 0x088000
[    1.680669] pci 0000:7f:0d.1: [8086:2fe9] type 00 class 0x088000
[    1.680709] pci 0000:7f:0f.0: [8086:2ff8] type 00 class 0x088000
[    1.680743] pci 0000:7f:0f.1: [8086:2ff9] type 00 class 0x088000
[    1.680778] pci 0000:7f:0f.2: [8086:2ffa] type 00 class 0x088000
[    1.680815] pci 0000:7f:0f.3: [8086:2ffb] type 00 class 0x088000
[    1.680849] pci 0000:7f:0f.4: [8086:2ffc] type 00 class 0x088000
[    1.680883] pci 0000:7f:0f.5: [8086:2ffd] type 00 class 0x088000
[    1.680917] pci 0000:7f:0f.6: [8086:2ffe] type 00 class 0x088000
[    1.680954] pci 0000:7f:10.0: [8086:2f1d] type 00 class 0x088000
[    1.680993] pci 0000:7f:10.1: [8086:2f34] type 00 class 0x110100
[    1.681029] pci 0000:7f:10.5: [8086:2f1e] type 00 class 0x088000
[    1.681064] pci 0000:7f:10.6: [8086:2f7d] type 00 class 0x110100
[    1.681098] pci 0000:7f:10.7: [8086:2f1f] type 00 class 0x088000
[    1.681137] pci 0000:7f:12.0: [8086:2fa0] type 00 class 0x088000
[    1.681183] pci 0000:7f:12.1: [8086:2f30] type 00 class 0x110100
[    1.681222] pci 0000:7f:12.4: [8086:2f60] type 00 class 0x088000
[    1.681261] pci 0000:7f:12.5: [8086:2f38] type 00 class 0x110100
[    1.681301] pci 0000:7f:13.0: [8086:2fa8] type 00 class 0x088000
[    1.681341] pci 0000:7f:13.1: [8086:2f71] type 00 class 0x088000
[    1.681384] pci 0000:7f:13.2: [8086:2faa] type 00 class 0x088000
[    1.681424] pci 0000:7f:13.3: [8086:2fab] type 00 class 0x088000
[    1.681465] pci 0000:7f:13.6: [8086:2fae] type 00 class 0x088000
[    1.681503] pci 0000:7f:13.7: [8086:2faf] type 00 class 0x088000
[    1.681540] pci 0000:7f:14.0: [8086:2fb0] type 00 class 0x088000
[    1.681585] pci 0000:7f:14.1: [8086:2fb1] type 00 class 0x088000
[    1.681627] pci 0000:7f:14.2: [8086:2fb2] type 00 class 0x088000
[    1.681667] pci 0000:7f:14.3: [8086:2fb3] type 00 class 0x088000
[    1.681707] pci 0000:7f:14.4: [8086:2fbc] type 00 class 0x088000
[    1.681744] pci 0000:7f:14.5: [8086:2fbd] type 00 class 0x088000
[    1.681785] pci 0000:7f:14.6: [8086:2fbe] type 00 class 0x088000
[    1.681822] pci 0000:7f:14.7: [8086:2fbf] type 00 class 0x088000
[    1.681861] pci 0000:7f:16.0: [8086:2f68] type 00 class 0x088000
[    1.681903] pci 0000:7f:16.1: [8086:2f79] type 00 class 0x088000
[    1.681944] pci 0000:7f:16.2: [8086:2f6a] type 00 class 0x088000
[    1.681988] pci 0000:7f:16.3: [8086:2f6b] type 00 class 0x088000
[    1.682030] pci 0000:7f:16.6: [8086:2f6e] type 00 class 0x088000
[    1.682068] pci 0000:7f:16.7: [8086:2f6f] type 00 class 0x088000
[    1.682106] pci 0000:7f:17.0: [8086:2fd0] type 00 class 0x088000
[    1.682147] pci 0000:7f:17.1: [8086:2fd1] type 00 class 0x088000
[    1.682191] pci 0000:7f:17.2: [8086:2fd2] type 00 class 0x088000
[    1.682233] pci 0000:7f:17.3: [8086:2fd3] type 00 class 0x088000
[    1.682275] pci 0000:7f:17.4: [8086:2fb8] type 00 class 0x088000
[    1.682313] pci 0000:7f:17.5: [8086:2fb9] type 00 class 0x088000
[    1.682351] pci 0000:7f:17.6: [8086:2fba] type 00 class 0x088000
[    1.682392] pci 0000:7f:17.7: [8086:2fbb] type 00 class 0x088000
[    1.682436] pci 0000:7f:1e.0: [8086:2f98] type 00 class 0x088000
[    1.682472] pci 0000:7f:1e.1: [8086:2f99] type 00 class 0x088000
[    1.682509] pci 0000:7f:1e.2: [8086:2f9a] type 00 class 0x088000
[    1.682548] pci 0000:7f:1e.3: [8086:2fc0] type 00 class 0x088000
[    1.682578] pci 0000:7f:1e.4: [8086:2f9c] type 00 class 0x088000
[    1.682620] pci 0000:7f:1f.0: [8086:2f88] type 00 class 0x088000
[    1.682661] pci 0000:7f:1f.2: [8086:2f8a] type 00 class 0x088000
[    1.691153] acpi: ACPI: PCI Root Bridge [PCI0] (domain 0000 [bus 00-7e])
[    1.696004] acpi PNP0A08:00: _OSC: OS supports [ExtendedConfig ASPM ClockPM Segments MSI]
[    1.708518] acpi PNP0A08:00: _OSC: OS now controls [PCIeHotplug PME AER PCIeCapability]
[    1.716001] acpi PNP0A08:00: FADT indicates ASPM is unsupported, using BIOS configuration
[    1.724278] probe: PCI host bridge to bus 0000:00
[    1.732003] pci_bus 0000:00: root bus resource [io  0x0000-0x0cf7 window]
[    1.740001] pci_bus 0000:00: root bus resource [io  0x1000-0x7fff window]
[    1.744001] pci_bus 0000:00: root bus resource [mem 0x000a0000-0x000bffff window]
[    1.756001] pci_bus 0000:00: root bus resource [mem 0x90000000-0xc7ffbfff window]
[    1.764001] pci_bus 0000:00: root bus resource [mem 0x38000000000-0x3bfffffffff window]
[    1.772001] pci_bus 0000:00: root bus resource [bus 00-7e]
[    1.776007] pci 0000:00:00.0: [8086:2f00] type 00 class 0x060000
[    1.776136] pci 0000:00:01.0: [8086:2f02] type 01 class 0x060400
[    1.776181] pci 0000:00:01.0: PME# supported from D0 D3hot D3cold
[    1.776274] pci 0000:00:01.1: [8086:2f03] type 01 class 0x060400
[    1.776317] pci 0000:00:01.1: PME# supported from D0 D3hot D3cold
[    1.776411] pci 0000:00:02.0: [8086:2f04] type 01 class 0x060400
[    1.776454] pci 0000:00:02.0: PME# supported from D0 D3hot D3cold
[    1.776547] pci 0000:00:02.2: [8086:2f06] type 01 class 0x060400
[    1.776589] pci 0000:00:02.2: PME# supported from D0 D3hot D3cold
[    1.776683] pci 0000:00:03.0: [8086:2f08] type 01 class 0x060400
[    1.776725] pci 0000:00:03.0: PME# supported from D0 D3hot D3cold
[    1.776817] pci 0000:00:05.0: [8086:2f28] type 00 class 0x088000
[    1.776925] pci 0000:00:05.1: [8086:2f29] type 00 class 0x088000
[    1.777042] pci 0000:00:05.2: [8086:2f2a] type 00 class 0x088000
[    1.777147] pci 0000:00:05.4: [8086:2f2c] type 00 class 0x080020
[    1.777155] pci 0000:00:05.4: reg 0x10: [mem 0xc7005000-0xc7005fff]
[    1.777275] pci 0000:00:11.0: [8086:8d7c] type 00 class 0xff0000
[    1.777460] pci 0000:00:11.4: [8086:8d62] type 00 class 0x010601
[    1.777477] pci 0000:00:11.4: reg 0x10: [io  0x7110-0x7117]
[    1.777484] pci 0000:00:11.4: reg 0x14: [io  0x7100-0x7103]
[    1.777491] pci 0000:00:11.4: reg 0x18: [io  0x70f0-0x70f7]
[    1.777498] pci 0000:00:11.4: reg 0x1c: [io  0x70e0-0x70e3]
[    1.777505] pci 0000:00:11.4: reg 0x20: [io  0x7020-0x703f]
[    1.777513] pci 0000:00:11.4: reg 0x24: [mem 0xc7004000-0xc70047ff]
[    1.777550] pci 0000:00:11.4: PME# supported from D3hot
[    1.777651] pci 0000:00:16.0: [8086:8d3a] type 00 class 0x078000
[    1.777669] pci 0000:00:16.0: reg 0x10: [mem 0x3bffff13000-0x3bffff1300f 64bit]
[    1.777724] pci 0000:00:16.0: PME# supported from D0 D3hot D3cold
[    1.777810] pci 0000:00:16.1: [8086:8d3b] type 00 class 0x078000
[    1.777828] pci 0000:00:16.1: reg 0x10: [mem 0x3bffff12000-0x3bffff1200f 64bit]
[    1.777883] pci 0000:00:16.1: PME# supported from D0 D3hot D3cold
[    1.777986] pci 0000:00:1a.0: [8086:8d2d] type 00 class 0x0c0320
[    1.778005] pci 0000:00:1a.0: reg 0x10: [mem 0xc7002000-0xc70023ff]
[    1.778081] pci 0000:00:1a.0: PME# supported from D0 D3hot D3cold
[    1.778173] pci 0000:00:1c.0: [8086:8d10] type 01 class 0x060400
[    1.778238] pci 0000:00:1c.0: PME# supported from D0 D3hot D3cold
[    1.778336] pci 0000:00:1c.3: [8086:8d16] type 01 class 0x060400
[    1.778402] pci 0000:00:1c.3: PME# supported from D0 D3hot D3cold
[    1.778503] pci 0000:00:1d.0: [8086:8d26] type 00 class 0x0c0320
[    1.778522] pci 0000:00:1d.0: reg 0x10: [mem 0xc7001000-0xc70013ff]
[    1.778597] pci 0000:00:1d.0: PME# supported from D0 D3hot D3cold
[    1.778688] pci 0000:00:1f.0: [8086:8d44] type 00 class 0x060100
[    1.778869] pci 0000:00:1f.2: [8086:8d02] type 00 class 0x010601
[    1.778883] pci 0000:00:1f.2: reg 0x10: [io  0x7070-0x7077]
[    1.778889] pci 0000:00:1f.2: reg 0x14: [io  0x7060-0x7063]
[    1.778895] pci 0000:00:1f.2: reg 0x18: [io  0x7050-0x7057]
[    1.778901] pci 0000:00:1f.2: reg 0x1c: [io  0x7040-0x7043]
[    1.778907] pci 0000:00:1f.2: reg 0x20: [io  0x7000-0x701f]
[    1.778913] pci 0000:00:1f.2: reg 0x24: [mem 0xc7000000-0xc70007ff]
[    1.778944] pci 0000:00:1f.2: PME# supported from D3hot
[    1.779165] acpiphp: Slot [0] registered
[    1.784034] pci 0000:01:00.0: [8086:1521] type 00 class 0x020000
[    1.784051] pci 0000:01:00.0: reg 0x10: [mem 0xc6a00000-0xc6afffff]
[    1.784062] pci 0000:01:00.0: reg 0x18: [io  0x6020-0x603f]
[    1.784068] pci 0000:01:00.0: reg 0x1c: [mem 0xc6c04000-0xc6c07fff]
[    1.784085] pci 0000:01:00.0: reg 0x30: [mem 0xc6b80000-0xc6bfffff pref]
[    1.784139] pci 0000:01:00.0: PME# supported from D0 D3hot D3cold
[    1.784162] pci 0000:01:00.0: reg 0x184: [mem 0x3bfffe60000-0x3bfffe63fff 64bit pref]
[    1.784164] pci 0000:01:00.0: VF(n) BAR0 space: [mem 0x3bfffe60000-0x3bfffe7ffff 64bit pref] (contains BAR0 for 8 VFs)
[    1.796013] pci 0000:01:00.0: reg 0x190: [mem 0x3bfffe40000-0x3bfffe43fff 64bit pref]
[    1.796014] pci 0000:01:00.0: VF(n) BAR3 space: [mem 0x3bfffe40000-0x3bfffe5ffff 64bit pref] (contains BAR3 for 8 VFs)
[    1.808086] pci 0000:01:00.1: [8086:1521] type 00 class 0x020000
[    1.808103] pci 0000:01:00.1: reg 0x10: [mem 0xc6900000-0xc69fffff]
[    1.808114] pci 0000:01:00.1: reg 0x18: [io  0x6000-0x601f]
[    1.808121] pci 0000:01:00.1: reg 0x1c: [mem 0xc6c00000-0xc6c03fff]
[    1.808137] pci 0000:01:00.1: reg 0x30: [mem 0xc6b00000-0xc6b7ffff pref]
[    1.808188] pci 0000:01:00.1: PME# supported from D0 D3hot D3cold
[    1.808208] pci 0000:01:00.1: reg 0x184: [mem 0x3bfffe20000-0x3bfffe23fff 64bit pref]
[    1.808209] pci 0000:01:00.1: VF(n) BAR0 space: [mem 0x3bfffe20000-0x3bfffe3ffff 64bit pref] (contains BAR0 for 8 VFs)
[    1.820012] pci 0000:01:00.1: reg 0x190: [mem 0x3bfffe00000-0x3bfffe03fff 64bit pref]
[    1.820013] pci 0000:01:00.1: VF(n) BAR3 space: [mem 0x3bfffe00000-0x3bfffe1ffff 64bit pref] (contains BAR3 for 8 VFs)
[    1.832078] pci 0000:00:01.0: PCI bridge to [bus 01-02]
[    1.840004] pci 0000:00:01.0:   bridge window [io  0x6000-0x6fff]
[    1.840005] pci 0000:00:01.0:   bridge window [mem 0xc6900000-0xc6cfffff]
[    1.840008] pci 0000:00:01.0:   bridge window [mem 0x3bfffe00000-0x3bfffefffff 64bit pref]
[    1.840156] pci 0000:00:01.1: PCI bridge to [bus 03]
[    1.844134] pci 0000:00:02.0: PCI bridge to [bus 04]
[    1.852140] pci 0000:05:00.0: [1000:0090] type 00 class 0x010700
[    1.852151] pci 0000:05:00.0: reg 0x10: [io  0x5000-0x50ff]
[    1.852157] pci 0000:05:00.0: reg 0x14: [mem 0xc6e40000-0xc6e4ffff 64bit]
[    1.852164] pci 0000:05:00.0: reg 0x1c: [mem 0xc6e00000-0xc6e3ffff 64bit]
[    1.852172] pci 0000:05:00.0: reg 0x30: [mem 0xc6d00000-0xc6dfffff pref]
[    1.852175] pci 0000:05:00.0: enabling Extended Tags
[    1.856076] pci 0000:05:00.0: supports D1 D2
[    1.856135] pci 0000:00:02.2: PCI bridge to [bus 05]
[    1.864002] pci 0000:00:02.2:   bridge window [io  0x5000-0x5fff]
[    1.864004] pci 0000:00:02.2:   bridge window [mem 0xc6d00000-0xc6efffff]
[    1.864142] pci 0000:06:00.0: [8086:10fb] type 00 class 0x020000
[    1.864155] pci 0000:06:00.0: reg 0x10: [mem 0xc7900000-0xc79fffff pref]
[    1.864164] pci 0000:06:00.0: reg 0x18: [io  0x4020-0x403f]
[    1.864169] pci 0000:06:00.0: reg 0x1c: [mem 0xc7e04000-0xc7e07fff pref]
[    1.864181] pci 0000:06:00.0: reg 0x30: [mem 0xc6f80000-0xc6ffffff pref]
[    1.864220] pci 0000:06:00.0: PME# supported from D0 D3hot
[    1.864237] pci 0000:06:00.0: reg 0x184: [mem 0xc7d00000-0xc7d03fff 64bit pref]
[    1.864239] pci 0000:06:00.0: VF(n) BAR0 space: [mem 0xc7d00000-0xc7dfffff 64bit pref] (contains BAR0 for 64 VFs)
[    1.872010] pci 0000:06:00.0: reg 0x190: [mem 0xc7c00000-0xc7c03fff 64bit pref]
[    1.872011] pci 0000:06:00.0: VF(n) BAR3 space: [mem 0xc7c00000-0xc7cfffff 64bit pref] (contains BAR3 for 64 VFs)
[    1.884134] pci 0000:06:00.1: [8086:10fb] type 00 class 0x020000
[    1.884146] pci 0000:06:00.1: reg 0x10: [mem 0xc7800000-0xc78fffff pref]
[    1.884155] pci 0000:06:00.1: reg 0x18: [io  0x4000-0x401f]
[    1.884160] pci 0000:06:00.1: reg 0x1c: [mem 0xc7e00000-0xc7e03fff pref]
[    1.884172] pci 0000:06:00.1: reg 0x30: [mem 0xc6f00000-0xc6f7ffff pref]
[    1.884209] pci 0000:06:00.1: PME# supported from D0 D3hot
[    1.884222] pci 0000:06:00.1: reg 0x184: [mem 0xc7b00000-0xc7b03fff 64bit pref]
[    1.884224] pci 0000:06:00.1: VF(n) BAR0 space: [mem 0xc7b00000-0xc7bfffff 64bit pref] (contains BAR0 for 64 VFs)
[    1.896010] pci 0000:06:00.1: reg 0x190: [mem 0xc7a00000-0xc7a03fff 64bit pref]
[    1.896011] pci 0000:06:00.1: VF(n) BAR3 space: [mem 0xc7a00000-0xc7afffff 64bit pref] (contains BAR3 for 64 VFs)
[    1.908128] pci 0000:00:03.0: PCI bridge to [bus 06-07]
[    1.916002] pci 0000:00:03.0:   bridge window [io  0x4000-0x4fff]
[    1.916004] pci 0000:00:03.0:   bridge window [mem 0xc6f00000-0xc6ffffff]
[    1.916007] pci 0000:00:03.0:   bridge window [mem 0xc7800000-0xc7efffff 64bit pref]
[    1.916040] pci 0000:00:1c.0: PCI bridge to [bus 08]
[    1.920065] pci 0000:09:00.0: [102b:0522] type 00 class 0x030000
[    1.920096] pci 0000:09:00.0: reg 0x10: [mem 0xc5000000-0xc5ffffff]
[    1.920110] pci 0000:09:00.0: reg 0x14: [mem 0xc6810000-0xc6813fff]
[    1.920123] pci 0000:09:00.0: reg 0x18: [mem 0xc6000000-0xc67fffff]
[    1.920174] pci 0000:09:00.0: reg 0x30: [mem 0xc6800000-0xc680ffff pref]
[    1.920309] pci 0000:00:1c.3: PCI bridge to [bus 09]
[    1.924005] pci 0000:00:1c.3:   bridge window [mem 0xc5000000-0xc68fffff]
[    1.924033] pci_bus 0000:00: on NUMA node 0
[    1.924577] acpi: ACPI: PCI Root Bridge [PCI1] (domain 0000 [bus 80-fe])
[    1.932004] acpi PNP0A08:01: _OSC: OS supports [ExtendedConfig ASPM ClockPM Segments MSI]
[    1.944511] acpi PNP0A08:01: _OSC: OS now controls [PCIeHotplug PME AER PCIeCapability]
[    1.952001] acpi PNP0A08:01: FADT indicates ASPM is unsupported, using BIOS configuration
[    1.960152] probe: PCI host bridge to bus 0000:80
[    1.968002] pci_bus 0000:80: root bus resource [io  0x8000-0xffff window]
[    1.976001] pci_bus 0000:80: root bus resource [mem 0xc8000000-0xfbffbfff window]
[    1.984001] pci_bus 0000:80: root bus resource [mem 0x3c000000000-0x3ffffffffff window]
[    1.992001] pci_bus 0000:80: root bus resource [bus 80-fe]
[    1.996009] pci 0000:80:02.0: [8086:2f04] type 01 class 0x060400
[    1.996061] pci 0000:80:02.0: PME# supported from D0 D3hot D3cold
[    1.996135] pci 0000:80:05.0: [8086:2f28] type 00 class 0x088000
[    1.996221] pci 0000:80:05.1: [8086:2f29] type 00 class 0x088000
[    1.996323] pci 0000:80:05.2: [8086:2f2a] type 00 class 0x088000
[    1.996407] pci 0000:80:05.4: [8086:2f2c] type 00 class 0x080020
[    1.996416] pci 0000:80:05.4: reg 0x10: [mem 0xfbf00000-0xfbf00fff]
[    1.996647] pci 0000:80:02.0: PCI bridge to [bus 81]
[    2.004011] pci_bus 0000:80: on NUMA node 1
[    2.004336] ACPI: PCI Interrupt Link [LNKA] (IRQs 3 4 5 6 7 10 *11 12 14 15)
[    2.012040] ACPI: PCI Interrupt Link [LNKB] (IRQs 3 4 5 6 7 *10 11 12 14 15)
[    2.020038] ACPI: PCI Interrupt Link [LNKC] (IRQs 3 4 5 6 10 *11 12 14 15)
[    2.028038] ACPI: PCI Interrupt Link [LNKD] (IRQs 3 4 *5 6 10 11 12 14 15)
[    2.036037] ACPI: PCI Interrupt Link [LNKE] (IRQs 3 4 5 6 7 10 11 12 14 15) *0, disabled.
