++ APPBASE=/users/skannan/ssd/NVM/appbench/apps/FlashX
++ STORAGE=/users/skannan/ssd/NVM/appbench/shared_data/rocksdb/DATA
++ mkdir -p /users/skannan/ssd/NVM/appbench/shared_data/rocksdb/DATA
++ BENCHMARK=' --benchmarks=fillrandom,readrandom,fillseq,readseq'
++ rm -rf /users/skannan/ssd/NVM/appbench/shared_data/rocksdb/DATA
++ export LD_PRELOAD=/users/skannan/ssd/NVM/appbench/shared_libs/construct/libmigration.so
++ LD_PRELOAD=/users/skannan/ssd/NVM/appbench/shared_libs/construct/libmigration.so
++ numactl --preferred=0 /users/skannan/ssd/NVM/appbench/apps/FlashX/build/flash-graph/test-algs/test_algs /users/skannan/ssd/NVM/appbench/apps/FlashX/flash-graph/conf/run_test.txt /users/skannan/ssd/NVM/appbench/apps/FlashX/build/data/com-friendster.ungraph.adj /users/skannan/ssd/NVM/appbench/apps/FlashX/build/data/com-friendster.ungraph.index wcc
initiating tracing...
initiating tracing...
Initialize ops. There are 11 types
SAFS runs on 1 NUMA nodes
The root conf file: FG_TOP/flash-graph/conf/data_files.txt
FG_TOP/flash-graph/conf/data_files.txt doesn't exist
FlashGraph: fail to initialize SAFS
FlashMatrix runs on 4 threads and 1 NUMA nodes
reserved 0 bytes are associated with NUMA nodes and 0 bytes aren't

FlashGraph runs on 4 threads and 1 nodes
Configuration parameters in graph algorithm.
	threads: 4
	prof_file: 
	trace_file: 
	max_processing_vertices: 2000
	enable_elevator: 0
	part_range_size_log: 10
	preload: 0
	index_file_weight: 10
	in_mem_graph: 0
	num_vparts: 1
	min_vpart_degree: 2147483647
	serial_run: 1
	vertex_merge_gap: 0
load a graph of 17444610048 bytes
load vertex index: file size: 329686816, index size: 329686816
init from a compressed vertex index
There are 848507 large in-vertices and 1350523 large out-vertices
init in-mem compressed index takes 0.900889 seconds
There are 124836180 vertices
It takes 1.25673 seconds to initialize the graph engine
weakly connected components starts
Iter 0 takes 46.0752 seconds, and 65608366 vertices are in iter 1
Iter 1 takes 1.64484 seconds, and 6694315 vertices are in iter 2
Iter 2 takes 0.233653 seconds, and 219607 vertices are in iter 3
Iter 3 takes 0.039018 seconds, and 62684 vertices are in iter 4
Iter 4 takes 0.01345 seconds, and 20695 vertices are in iter 5
Iter 5 takes 0.00545 seconds, and 7109 vertices are in iter 6
Iter 6 takes 0.002759 seconds, and 2580 vertices are in iter 7
Iter 7 takes 0.001711 seconds, and 919 vertices are in iter 8
Iter 8 takes 0.00052 seconds, and 358 vertices are in iter 9
Iter 9 takes 0.00038 seconds, and 125 vertices are in iter 10
Iter 10 takes 0.000316 seconds, and 53 vertices are in iter 11
Iter 11 takes 0.000305 seconds, and 30 vertices are in iter 12
Iter 12 takes 0.000294 seconds, and 14 vertices are in iter 13
Iter 13 takes 0.000861 seconds, and 5 vertices are in iter 14
Iter 14 takes 0.000855 seconds, and 4 vertices are in iter 15
Iter 15 takes 0.000765 seconds, and 3 vertices are in iter 16
Iter 16 takes 0.00091 seconds, and 1 vertices are in iter 17
Iter 17 takes 0.000916 seconds, and 0 vertices are in iter 18
The graph engine takes 48.0254 seconds to complete
WCC takes 48.0254 seconds in total
There are 2 components (exclude empty vertices), and largest comp has -8436461943459969370 vertices
reserved 536870912 bytes are associated with NUMA nodes and 0 bytes aren't

I/O system is destroyed
I/O threads get 0 reads (0 bytes) and 0 writes (0 bytes)


application termination...
++ export LD_PRELOAD=
++ LD_PRELOAD=
++ exit
[    0.000000] main: Linux version 4.17.0 (root@node-0.wisc5.fsperfatscale-pg0.wisc.cloudlab.us) (gcc version 4.8.4 (Ubuntu 4.8.4-2ubuntu1~14.04.4)) #2 SMP Fri Jul 12 19:08:27 MDT 2019
[    0.000000] Command line: BOOT_IMAGE=/boot/vmlinuz-4.17.0 root=UUID=4910fb56-38cb-41ae-82bf-3efa1d8a45a0 ro console=ttyS0,115200 crashkernel=384M-:128M
[    0.000000] common: KERNEL supported cpus:
[    0.000000] common:   Intel GenuineIntel
[    0.000000] common:   AMD AuthenticAMD
[    0.000000] common:   Centaur CentaurHauls
[    0.000000] xstate: x86/fpu: Supporting XSAVE feature 0x001: 'x87 floating point registers'
[    0.000000] xstate: x86/fpu: Supporting XSAVE feature 0x002: 'SSE registers'
[    0.000000] xstate: x86/fpu: Supporting XSAVE feature 0x004: 'AVX registers'
[    0.000000] xstate: x86/fpu: xstate_offset[2]:  576, xstate_sizes[2]:  256
[    0.000000] xstate: x86/fpu: Enabled xstate features 0x7, context size is 832 bytes, using 'standard' format.
[    0.000000] e820: e820: BIOS-provided physical RAM map:
[    0.000000] e820: BIOS-e820: [mem 0x0000000000000000-0x0000000000099bff] usable
[    0.000000] e820: BIOS-e820: [mem 0x0000000000099c00-0x000000000009ffff] reserved
[    0.000000] e820: BIOS-e820: [mem 0x00000000000e0000-0x00000000000fffff] reserved
[    0.000000] e820: BIOS-e820: [mem 0x0000000000100000-0x00000000791d3fff] usable
[    0.000000] e820: BIOS-e820: [mem 0x00000000791d4000-0x00000000799cdfff] reserved
[    0.000000] e820: BIOS-e820: [mem 0x00000000799ce000-0x0000000079a32fff] ACPI data
[    0.000000] e820: BIOS-e820: [mem 0x0000000079a33000-0x0000000079fa1fff] ACPI NVS
[    0.000000] e820: BIOS-e820: [mem 0x0000000079fa2000-0x000000008fffffff] reserved
[    0.000000] e820: BIOS-e820: [mem 0x00000000fed1c000-0x00000000fed44fff] reserved
[    0.000000] e820: BIOS-e820: [mem 0x00000000ff000000-0x00000000ffffffff] reserved
[    0.000000] e820: BIOS-e820: [mem 0x0000000100000000-0x000000287fffffff] usable
[    0.000000] NX (Execute Disable) protection: active
[    0.000000] dmi_scan: SMBIOS 3.0.0 present.
[    0.000000] dmi_scan: DMI: Cisco Systems Inc UCSC-C220-M4S/UCSC-C220-M4S, BIOS C220M4.3.0.3c.0.0831170216 08/31/2017
[    0.000000] e820: update [mem 0x00000000-0x00000fff] usable ==> reserved
[    0.000000] e820: remove [mem 0x000a0000-0x000fffff] usable
[    0.000000] e820: e820: last_pfn = 0x2880000 max_arch_pfn = 0x400000000
[    0.000000] generic: MTRR default type: write-back
[    0.000000] generic: MTRR fixed ranges enabled:
[    0.000000] generic:   00000-9FFFF write-back
[    0.000000] generic:   A0000-BFFFF uncachable
[    0.000000] generic:   C0000-FFFFF write-protect
[    0.000000] generic: MTRR variable ranges enabled:
[    0.000000] generic:   0 base 000080000000 mask 3FFF80000000 uncachable
[    0.000000] generic:   1 base 038000000000 mask 3F8000000000 uncachable
[    0.000000] generic:   2 disabled
[    0.000000] generic:   3 disabled
[    0.000000] generic:   4 disabled
[    0.000000] generic:   5 disabled
[    0.000000] generic:   6 disabled
[    0.000000] generic:   7 disabled
[    0.000000] generic:   8 disabled
[    0.000000] generic:   9 disabled
[    0.000000] x86/PAT: Configuration [0-7]: WB  WC  UC- UC  WB  WP  UC- WT  
[    0.000000] e820: e820: last_pfn = 0x791d4 max_arch_pfn = 0x400000000
[    0.000000] mpparse: found SMP MP-table at [mem 0x000fd010-0x000fd01f] mapped at [        (ptrval)]
[    0.000000] Scanning 1 areas for low memory corruption
[    0.000000] Base memory trampoline at [        (ptrval)] 7e000 size 24576
[    0.000000] Using GB pages for direct mapping
[    0.000000] BRK [0x0aecd000, 0x0aecdfff] PGTABLE
[    0.000000] BRK [0x0aece000, 0x0aecefff] PGTABLE
[    0.000000] BRK [0x0aecf000, 0x0aecffff] PGTABLE
[    0.000000] RAMDISK: [mem 0x237c8000-0x2dbdbfff]
[    0.000000] tables: Early table checksum verification disabled
[    0.000000] ACPI: RSDP 0x00000000000F05B0 000024 (v02 Cisco0)
[    0.000000] ACPI: XSDT 0x00000000799E20A8 0000D4 (v01 Cisco0 CiscoUCS 01072009 AMI  00010013)
[    0.000000] ACPI: FACP 0x0000000079A16CE0 00010C (v05 Cisco0 CiscoUCS 01072009 AMI  00010013)
[    0.000000] ACPI: DSDT 0x00000000799E2210 034ACB (v02 Cisco0 CiscoUCS 01072009 INTL 20091013)
[    0.000000] ACPI: FACS 0x0000000079FA0F80 000040
[    0.000000] ACPI: APIC 0x0000000079A16DF0 000294 (v03 Cisco0 CiscoUCS 01072009 AMI  00010013)
[    0.000000] ACPI: FPDT 0x0000000079A17088 000044 (v01 Cisco0 CiscoUCS 01072009 AMI  00010013)
[    0.000000] ACPI: FIDT 0x0000000079A170D0 00009C (v01 Cisco0 CiscoUCS 01072009 AMI  00010013)
[    0.000000] ACPI: SPMI 0x0000000079A17170 000041 (v05 Cisco0 CiscoUCS 00000000 AMI. 00000000)
[    0.000000] ACPI: MCFG 0x0000000079A171B8 00003C (v01 Cisco0 CiscoUCS 01072009 MSFT 00000097)
[    0.000000] ACPI: UEFI 0x0000000079A171F8 000042 (v01 Cisco0 CiscoUCS 01072009      00000000)
[    0.000000] ACPI: HPET 0x0000000079A17240 000038 (v01 Cisco0 CiscoUCS 00000001 INTL 20091013)
[    0.000000] ACPI: MSCT 0x0000000079A17278 000090 (v01 Cisco0 CiscoUCS 00000001 INTL 20091013)
[    0.000000] ACPI: SLIT 0x0000000079A17308 000030 (v01 Cisco0 CiscoUCS 00000001 INTL 20091013)
[    0.000000] ACPI: SRAT 0x0000000079A17338 001158 (v03 Cisco0 CiscoUCS 00000001 INTL 20091013)
[    0.000000] ACPI: WDDT 0x0000000079A18490 000040 (v01 Cisco0 CiscoUCS 00000000 INTL 20091013)
[    0.000000] ACPI: SSDT 0x0000000079A184D0 0171BD (v02 Cisco0 PmMgt    00000002 INTL 20120913)
[    0.000000] ACPI: NITR 0x0000000079A2F690 000071 (v02 Cisco0 CiscoUCS 00000001 INTL 20091013)
[    0.000000] ACPI: SSDT 0x0000000079A2F708 002654 (v02 Cisco0 SpsNm    00000002 INTL 20120913)
[    0.000000] ACPI: SSDT 0x0000000079A31D60 000064 (v02 Cisco0 SpsNvs   00000002 INTL 20120913)
[    0.000000] ACPI: PRAD 0x0000000079A31DC8 000102 (v02 Cisco0 CiscoUCS 00000002 INTL 20120913)
[    0.000000] ACPI: DMAR 0x0000000079A31ED0 000100 (v01 Cisco0 CiscoUCS 00000001 INTL 20091013)
[    0.000000] ACPI: HEST 0x0000000079A31FD0 0000A8 (v01 Cisco0 CiscoUCS 00000001 INTL 00000001)
[    0.000000] ACPI: BERT 0x0000000079A32078 000030 (v01 Cisco0 CiscoUCS 00000001 INTL 00000001)
[    0.000000] ACPI: ERST 0x0000000079A320A8 000230 (v01 Cisco0 CiscoUCS 00000001 INTL 00000001)
[    0.000000] ACPI: EINJ 0x0000000079A322D8 000130 (v01 Cisco0 CiscoUCS 00000001 INTL 00000001)
[    0.000000] ACPI: Local APIC address 0xfee00000
[    0.000000] SRAT: PXM 0 -> APIC 0x00 -> Node 0
[    0.000000] SRAT: PXM 0 -> APIC 0x02 -> Node 0
[    0.000000] SRAT: PXM 0 -> APIC 0x04 -> Node 0
[    0.000000] SRAT: PXM 0 -> APIC 0x06 -> Node 0
[    0.000000] SRAT: PXM 0 -> APIC 0x08 -> Node 0
[    0.000000] SRAT: PXM 0 -> APIC 0x10 -> Node 0
[    0.000000] SRAT: PXM 0 -> APIC 0x12 -> Node 0
[    0.000000] SRAT: PXM 0 -> APIC 0x14 -> Node 0
[    0.000000] SRAT: PXM 0 -> APIC 0x16 -> Node 0
[    0.000000] SRAT: PXM 0 -> APIC 0x18 -> Node 0
[    0.000000] SRAT: PXM 1 -> APIC 0x20 -> Node 1
[    0.000000] SRAT: PXM 1 -> APIC 0x22 -> Node 1
[    0.000000] SRAT: PXM 1 -> APIC 0x24 -> Node 1
[    0.000000] SRAT: PXM 1 -> APIC 0x26 -> Node 1
[    0.000000] SRAT: PXM 1 -> APIC 0x28 -> Node 1
[    0.000000] SRAT: PXM 1 -> APIC 0x30 -> Node 1
[    0.000000] SRAT: PXM 1 -> APIC 0x32 -> Node 1
[    0.000000] SRAT: PXM 1 -> APIC 0x34 -> Node 1
[    0.000000] SRAT: PXM 1 -> APIC 0x36 -> Node 1
[    0.000000] SRAT: PXM 1 -> APIC 0x38 -> Node 1
[    0.000000] SRAT: PXM 0 -> APIC 0x01 -> Node 0
[    0.000000] SRAT: PXM 0 -> APIC 0x03 -> Node 0
[    0.000000] SRAT: PXM 0 -> APIC 0x05 -> Node 0
[    0.000000] SRAT: PXM 0 -> APIC 0x07 -> Node 0
[    0.000000] SRAT: PXM 0 -> APIC 0x09 -> Node 0
[    0.000000] SRAT: PXM 0 -> APIC 0x11 -> Node 0
[    0.000000] SRAT: PXM 0 -> APIC 0x13 -> Node 0
[    0.000000] SRAT: PXM 0 -> APIC 0x15 -> Node 0
[    0.000000] SRAT: PXM 0 -> APIC 0x17 -> Node 0
[    0.000000] SRAT: PXM 0 -> APIC 0x19 -> Node 0
[    0.000000] SRAT: PXM 1 -> APIC 0x21 -> Node 1
[    0.000000] SRAT: PXM 1 -> APIC 0x23 -> Node 1
[    0.000000] SRAT: PXM 1 -> APIC 0x25 -> Node 1
[    0.000000] SRAT: PXM 1 -> APIC 0x27 -> Node 1
[    0.000000] SRAT: PXM 1 -> APIC 0x29 -> Node 1
[    0.000000] SRAT: PXM 1 -> APIC 0x31 -> Node 1
[    0.000000] SRAT: PXM 1 -> APIC 0x33 -> Node 1
[    0.000000] SRAT: PXM 1 -> APIC 0x35 -> Node 1
[    0.000000] SRAT: PXM 1 -> APIC 0x37 -> Node 1
[    0.000000] SRAT: PXM 1 -> APIC 0x39 -> Node 1
[    0.000000] acpi: SRAT: Node 0 PXM 0 [mem 0x00000000-0x7fffffff]
[    0.000000] acpi: SRAT: Node 0 PXM 0 [mem 0x100000000-0x107fffffff]
[    0.000000] acpi: SRAT: Node 0 PXM 0 [mem 0x1080000000-0x147fffffff]
[    0.000000] acpi: SRAT: Node 1 PXM 1 [mem 0x1480000000-0x247fffffff]
[    0.000000] acpi: SRAT: Node 1 PXM 1 [mem 0x2480000000-0x287fffffff]
[    0.000000] NUMA: Initialized distance table, cnt=2
[    0.000000] NUMA: Node 0 [mem 0x00000000-0x7fffffff] + [mem 0x100000000-0x107fffffff] -> [mem 0x00000000-0x107fffffff]
[    0.000000] NUMA: Node 0 [mem 0x00000000-0x107fffffff] + [mem 0x1080000000-0x147fffffff] -> [mem 0x00000000-0x147fffffff]
[    0.000000] NUMA: Node 1 [mem 0x1480000000-0x247fffffff] + [mem 0x2480000000-0x287fffffff] -> [mem 0x1480000000-0x287fffffff]
[    0.000000] NODE_DATA(0) allocated [mem 0x147fffc000-0x147fffffff]
[    0.000000] NODE_DATA(1) allocated [mem 0x287fff9000-0x287fffcfff]
[    0.000000] setup: Reserving 128MB of memory at 768MB for crashkernel (System RAM: 163729MB)
[    0.000000] tsc: Fast TSC calibration using PIT
[    0.000000] page_alloc: Zone ranges:
[    0.000000] page_alloc:   DMA      [mem 0x0000000000001000-0x0000000000ffffff]
[    0.000000] page_alloc:   DMA32    [mem 0x0000000001000000-0x00000000ffffffff]
[    0.000000] page_alloc:   Normal   [mem 0x0000000100000000-0x000000287fffffff]
[    0.000000] page_alloc: Movable zone start for each node
[    0.000000] page_alloc: Early memory node ranges
[    0.000000] page_alloc:   node   0: [mem 0x0000000000001000-0x0000000000098fff]
[    0.000000] page_alloc:   node   0: [mem 0x0000000000100000-0x00000000791d3fff]
[    0.000000] page_alloc:   node   0: [mem 0x0000000100000000-0x000000147fffffff]
[    0.000000] page_alloc:   node   1: [mem 0x0000001480000000-0x000000287fffffff]
[    0.000000] page_alloc: Initmem setup node 0 [mem 0x0000000000001000-0x000000147fffffff]
[    0.000000] On node 0 totalpages: 20943212
[    0.000000]   DMA zone: 144 pages used for memmap
[    0.000000]   DMA zone: 42 pages reserved
[    0.000000]   DMA zone: 3992 pages, LIFO batch:0
[    0.000000]   DMA32 zone: 17297 pages used for memmap
[    0.000000]   DMA32 zone: 491988 pages, LIFO batch:31
[    0.000000]   Normal zone: 718848 pages used for memmap
[    0.000000]   Normal zone: 20447232 pages, LIFO batch:31
[    0.000000] page_alloc: Initmem setup node 1 [mem 0x0000001480000000-0x000000287fffffff]
[    0.000000] On node 1 totalpages: 20971520
[    0.000000]   Normal zone: 737280 pages used for memmap
[    0.000000]   Normal zone: 20971520 pages, LIFO batch:31
[    0.000000] page_alloc: Reserved but unavailable: 104 pages
[    0.000000] ACPI: PM-Timer IO Port: 0x408
[    0.000000] ACPI: Local APIC address 0xfee00000
[    0.000000] tables: LAPIC_NMI (acpi_id[0x00] high edge lint[0x1])
[    0.000000] tables: LAPIC_NMI (acpi_id[0x02] high edge lint[0x1])
[    0.000000] tables: LAPIC_NMI (acpi_id[0x04] high edge lint[0x1])
[    0.000000] tables: LAPIC_NMI (acpi_id[0x06] high edge lint[0x1])
[    0.000000] tables: LAPIC_NMI (acpi_id[0x08] high edge lint[0x1])
[    0.000000] tables: LAPIC_NMI (acpi_id[0x10] high edge lint[0x1])
[    0.000000] tables: LAPIC_NMI (acpi_id[0x12] high edge lint[0x1])
[    0.000000] tables: LAPIC_NMI (acpi_id[0x14] high edge lint[0x1])
[    0.000000] tables: LAPIC_NMI (acpi_id[0x16] high edge lint[0x1])
[    0.000000] tables: LAPIC_NMI (acpi_id[0x18] high edge lint[0x1])
[    0.000000] tables: LAPIC_NMI (acpi_id[0x20] high edge lint[0x1])
[    0.000000] tables: LAPIC_NMI (acpi_id[0x22] high edge lint[0x1])
[    0.000000] tables: LAPIC_NMI (acpi_id[0x24] high edge lint[0x1])
[    0.000000] tables: LAPIC_NMI (acpi_id[0x26] high edge lint[0x1])
[    0.000000] tables: LAPIC_NMI (acpi_id[0x28] high edge lint[0x1])
[    0.000000] tables: LAPIC_NMI (acpi_id[0x30] high edge lint[0x1])
[    0.000000] tables: LAPIC_NMI (acpi_id[0x32] high edge lint[0x1])
[    0.000000] tables: LAPIC_NMI (acpi_id[0x34] high edge lint[0x1])
[    0.000000] tables: LAPIC_NMI (acpi_id[0x36] high edge lint[0x1])
[    0.000000] tables: LAPIC_NMI (acpi_id[0x38] high edge lint[0x1])
[    0.000000] tables: LAPIC_NMI (acpi_id[0x01] high edge lint[0x1])
[    0.000000] tables: LAPIC_NMI (acpi_id[0x03] high edge lint[0x1])
[    0.000000] tables: LAPIC_NMI (acpi_id[0x05] high edge lint[0x1])
[    0.000000] tables: LAPIC_NMI (acpi_id[0x07] high edge lint[0x1])
[    0.000000] tables: LAPIC_NMI (acpi_id[0x09] high edge lint[0x1])
[    0.000000] tables: LAPIC_NMI (acpi_id[0x11] high edge lint[0x1])
[    0.000000] tables: LAPIC_NMI (acpi_id[0x13] high edge lint[0x1])
[    0.000000] tables: LAPIC_NMI (acpi_id[0x15] high edge lint[0x1])
[    0.000000] tables: LAPIC_NMI (acpi_id[0x17] high edge lint[0x1])
[    0.000000] tables: LAPIC_NMI (acpi_id[0x19] high edge lint[0x1])
[    0.000000] tables: LAPIC_NMI (acpi_id[0x21] high edge lint[0x1])
[    0.000000] tables: LAPIC_NMI (acpi_id[0x23] high edge lint[0x1])
[    0.000000] tables: LAPIC_NMI (acpi_id[0x25] high edge lint[0x1])
[    0.000000] tables: LAPIC_NMI (acpi_id[0x27] high edge lint[0x1])
[    0.000000] tables: LAPIC_NMI (acpi_id[0x29] high edge lint[0x1])
[    0.000000] tables: LAPIC_NMI (acpi_id[0x31] high edge lint[0x1])
[    0.000000] tables: LAPIC_NMI (acpi_id[0x33] high edge lint[0x1])
[    0.000000] tables: LAPIC_NMI (acpi_id[0x35] high edge lint[0x1])
[    0.000000] tables: LAPIC_NMI (acpi_id[0x37] high edge lint[0x1])
[    0.000000] tables: LAPIC_NMI (acpi_id[0x39] high edge lint[0x1])
[    0.000000] io_apic: IOAPIC[0]: apic_id 1, version 32, address 0xfec00000, GSI 0-23
[    0.000000] io_apic: IOAPIC[1]: apic_id 2, version 32, address 0xfec01000, GSI 24-47
[    0.000000] io_apic: IOAPIC[2]: apic_id 3, version 32, address 0xfec40000, GSI 48-71
[    0.000000] tables: INT_SRC_OVR (bus 0 bus_irq 0 global_irq 2 dfl dfl)
[    0.000000] tables: INT_SRC_OVR (bus 0 bus_irq 9 global_irq 9 high level)
[    0.000000] ACPI: IRQ0 used by override.
[    0.000000] ACPI: IRQ9 used by override.
[    0.000000] Using ACPI (MADT) for SMP configuration information
[    0.000000] ACPI: HPET id: 0x8086a701 base: 0xfed00000
[    0.000000] smpboot: Allowing 40 CPUs, 0 hotplug CPUs
[    0.000000] snapshot: Registered nosave memory: [mem 0x00000000-0x00000fff]
[    0.000000] snapshot: Registered nosave memory: [mem 0x00099000-0x00099fff]
[    0.000000] snapshot: Registered nosave memory: [mem 0x0009a000-0x0009ffff]
[    0.000000] snapshot: Registered nosave memory: [mem 0x000a0000-0x000dffff]
[    0.000000] snapshot: Registered nosave memory: [mem 0x000e0000-0x000fffff]
[    0.000000] snapshot: Registered nosave memory: [mem 0x791d4000-0x799cdfff]
[    0.000000] snapshot: Registered nosave memory: [mem 0x799ce000-0x79a32fff]
[    0.000000] snapshot: Registered nosave memory: [mem 0x79a33000-0x79fa1fff]
[    0.000000] snapshot: Registered nosave memory: [mem 0x79fa2000-0x8fffffff]
[    0.000000] snapshot: Registered nosave memory: [mem 0x90000000-0xfed1bfff]
[    0.000000] snapshot: Registered nosave memory: [mem 0xfed1c000-0xfed44fff]
[    0.000000] snapshot: Registered nosave memory: [mem 0xfed45000-0xfeffffff]
[    0.000000] snapshot: Registered nosave memory: [mem 0xff000000-0xffffffff]
[    0.000000] e820: e820: [mem 0x90000000-0xfed1bfff] available for PCI devices
[    0.000000] Booting paravirtualized kernel on bare hardware
[    0.000000] clocksource: refined-jiffies: mask: 0xffffffff max_cycles: 0xffffffff, max_idle_ns: 7645519600211568 ns
[    0.000000] setup_percpu: NR_CPUS:256 nr_cpumask_bits:256 nr_cpu_ids:40 nr_node_ids:2
[    0.000000] percpu: Embedded 45 pages/cpu @        (ptrval) s145496 r8192 d30632 u262144
[    0.000000] pcpu-alloc: s145496 r8192 d30632 u262144 alloc=1*2097152
[    0.000000] pcpu-alloc: [0] 00 01 02 03 04 05 06 07 [0] 08 09 20 21 22 23 24 25 
[    0.000000] pcpu-alloc: [0] 26 27 28 29 -- -- -- -- [1] 10 11 12 13 14 15 16 17 
[    0.000000] pcpu-alloc: [1] 18 19 30 31 32 33 34 35 [1] 36 37 38 39 -- -- -- -- 
[    0.000000] page_alloc: Built 2 zonelists, mobility grouping on.  Total pages: 40441121
[    0.000000] page_alloc: Policy zone: Normal
[    0.000000] main: Kernel command line: BOOT_IMAGE=/boot/vmlinuz-4.17.0 root=UUID=4910fb56-38cb-41ae-82bf-3efa1d8a45a0 ro console=ttyS0,115200 crashkernel=384M-:128M
[    0.000000] printk: log_buf_len individual max cpu contribution: 4096 bytes
[    0.000000] printk: log_buf_len total cpu_extra contributions: 159744 bytes
[    0.000000] printk: log_buf_len min size: 262144 bytes
[    0.000000] printk: log_buf_len: 524288 bytes
[    0.000000] printk: early log buf free: 244828(93%)
[    0.000000] Calgary: detecting Calgary via BIOS EBDA area
[    0.000000] Calgary: Unable to locate Rio Grande table in EBDA - bailing!
[    0.000000] page_alloc: Memory: 161224948K/167658928K available (14348K kernel code, 1801K rwdata, 4280K rodata, 1812K init, 132104K bss, 6433980K reserved, 0K cma-reserved)
[    0.000000] slub: SLUB: HWalign=64, Order=0-3, MinObjects=0, CPUs=40, Nodes=2
[    0.000000] Kernel/User page tables isolation: enabled
[    0.000000] libftrace: ftrace: allocating 42155 entries in 165 pages
[    0.000000] trace: 
[    0.000000] trace: **********************************************************
[    0.000000] trace: **   NOTICE NOTICE NOTICE NOTICE NOTICE NOTICE NOTICE   **
[    0.000000] trace: **                                                      **
[    0.000000] trace: ** trace_printk() being used. Allocating extra memory.  **
[    0.000000] trace: **                                                      **
[    0.000000] trace: ** This means that this is a DEBUG kernel and it is     **
[    0.000000] trace: ** unsafe for production use.                           **
[    0.000000] trace: **                                                      **
[    0.000000] trace: ** If you see this message and you are not debugging    **
[    0.000000] trace: ** the kernel, report this immediately to your vendor!  **
[    0.000000] trace: **                                                      **
[    0.000000] trace: **   NOTICE NOTICE NOTICE NOTICE NOTICE NOTICE NOTICE   **
[    0.000000] trace: **********************************************************
[    0.000000] tree: Hierarchical RCU implementation.
[    0.000000] tree: 	RCU restricting CPUs from NR_CPUS=256 to nr_cpu_ids=40.
[    0.000000] tree: RCU: Adjusting geometry for rcu_fanout_leaf=16, nr_cpu_ids=40
[    0.000000] NR_IRQS: 16640, nr_irqs: 1560, preallocated irqs: 16
[    0.000000] tree: 	Offload RCU callbacks from CPUs: (none).
[    0.000000] vt: Console: colour VGA+ 80x25
[    0.000000] printk: console [ttyS0] enabled
[    0.000000] mempolicy: Enabling automatic NUMA balancing. Configure with numa_balancing= or the kernel.numa_balancing sysctl
[    0.000000] ACPI: Core revision 20180313
[    0.000000] clocksource: hpet: mask: 0xffffffff max_cycles: 0xffffffff, max_idle_ns: 133484882848 ns
[    0.000000] hpet clockevent registered
[    0.000000] apic: APIC: Switch to symmetric I/O mode setup
[    0.004000] dmar: Host address width 46
[    0.008000] dmar: DRHD base: 0x000000fbffc000 flags: 0x0
[    0.012000] dmar: dmar0: reg_base_addr fbffc000 ver 1:0 cap d2078c106f0466 ecap f020de
[    0.016000] dmar: DRHD base: 0x000000c7ffc000 flags: 0x1
[    0.020000] dmar: dmar1: reg_base_addr c7ffc000 ver 1:0 cap d2078c106f0466 ecap f020de
[    0.024000] dmar: RMRR base: 0x0000007bb4c000 end: 0x0000007bb5cfff
[    0.028000] dmar: ATSR flags: 0x0
[    0.032000] dmar: RHSA base: 0x000000c7ffc000 proximity domain: 0x0
[    0.036000] dmar: RHSA base: 0x000000fbffc000 proximity domain: 0x1
[    0.040000] intel_irq_remapping: IOAPIC id 3 under DRHD base  0xfbffc000 IOMMU 0
[    0.044000] intel_irq_remapping: IOAPIC id 1 under DRHD base  0xc7ffc000 IOMMU 1
[    0.048000] intel_irq_remapping: IOAPIC id 2 under DRHD base  0xc7ffc000 IOMMU 1
[    0.052000] intel_irq_remapping: HPET id 0 under DRHD base 0xc7ffc000
[    0.056000] intel_irq_remapping: x2apic is disabled because BIOS sets x2apic opt out bit.
[    0.056000] intel_irq_remapping: Use 'intremap=no_x2apic_optout' to override the BIOS setting.
[    0.064000] intel_irq_remapping: Enabled IRQ remapping in xapic mode
[    0.064000] apic: x2apic: IRQ remapping doesn't support X2APIC mode
[    0.068000] probe_64: Switched APIC routing to physical flat.
[    0.072000] ..TIMER: vector=0x30 apic1=0 pin1=2 apic2=-1 pin2=-1
[    0.092000] tsc: Fast TSC calibration using PIT
[    0.096000] tsc: Detected 2593.862 MHz processor
[    0.100000] clocksource: tsc-early: mask: 0xffffffffffffffff max_cycles: 0x256395ed077, max_idle_ns: 440795333196 ns
[    0.104001] calibrate: Calibrating delay loop (skipped), value calculated using timer frequency.. 5187.72 BogoMIPS (lpj=10375448)
[    0.108001] pid: pid_max: default: 40960 minimum: 320
[    0.112073] security: Security Framework initialized
[    0.116001] yama: Yama: becoming mindful.
[    0.120035] AppArmor: AppArmor initialized
[    0.148109] page_alloc: Dentry cache hash table entries: 16777216 (order: 15, 134217728 bytes)
[    0.164851] page_alloc: Inode-cache hash table entries: 8388608 (order: 14, 67108864 bytes)
[    0.168373] page_alloc: Mount-cache hash table entries: 262144 (order: 9, 2097152 bytes)
[    0.172344] page_alloc: Mountpoint-cache hash table entries: 262144 (order: 9, 2097152 bytes)
[    0.176303] topology: CPU: Physical Processor ID: 0
[    0.180001] topology: CPU: Processor Core ID: 0
[    0.184005] intel: ENERGY_PERF_BIAS: Set to 'normal', was 'performance'
[    0.188000] intel: ENERGY_PERF_BIAS: View and update with x86_energy_perf_policy(8)
[    0.192004] mce: CPU supports 22 MCE banks
[    0.196015] therm_throt: CPU0: Thermal monitoring enabled (TM1)
[    0.200021] process: using mwait in idle threads
[    0.204002] common: Last level iTLB entries: 4KB 1024, 2MB 1024, 4MB 1024
[    0.208000] common: Last level dTLB entries: 4KB 1024, 2MB 1024, 4MB 1024, 1GB 4
[    0.212002] Spectre V2 : Vulnerable: Minimal generic ASM retpoline
[    0.216000] Speculative Store Bypass: Vulnerable
[    0.220130] page_alloc: Freeing SMP alternatives memory: 40K
[    0.228099] TSC deadline timer enabled
[    0.228106] smpboot: CPU0: Intel(R) Xeon(R) CPU E5-2660 v3 @ 2.60GHz (family: 0x6, model: 0x3f, stepping: 0x2)
[    0.232132] core: Performance Events: PEBS fmt2+, Haswell events, 16-deep LBR, full-width counters, Intel PMU driver.
[    0.236004] core: ... version:                3
[    0.240000] core: ... bit width:              48
[    0.244000] core: ... generic registers:      4
[    0.248001] core: ... value mask:             0000ffffffffffff
[    0.252000] core: ... max period:             00007fffffffffff
[    0.256000] core: ... fixed-purpose events:   3
[    0.260000] core: ... event mask:             000000070000000f
[    0.264056] srcutree: Hierarchical SRCU implementation.
[    0.272091] watchdog_hld: Enabled. Permanently consumes one hw-PMU counter.
[    0.276007] smp: Bringing up secondary CPUs ...
[    0.280173] x86: Booting SMP configuration:
[    0.284002] .... node  #0, CPUs:        #1  #2  #3  #4  #5  #6  #7  #8  #9
[    0.296003] .... node  #1, CPUs:   #10 #11 #12 #13 #14 #15 #16 #17 #18 #19
[    0.396002] .... node  #0, CPUs:   #20 #21 #22 #23 #24 #25 #26 #27 #28 #29
[    0.412004] .... node  #1, CPUs:   #30 #31 #32 #33 #34 #35 #36 #37 #38 #39
[    0.425252] smp: Brought up 2 nodes, 40 CPUs
[    0.432001] smpboot: Max logical packages: 2
[    0.436002] smpboot: Total of 40 processors activated (207539.29 BogoMIPS)
[    0.449925] devtmpfs: initialized
[    0.452064] init_64: x86/mm: Memory block size: 2048MB
[    0.456767] evm: security.selinux
[    0.460001] evm: security.SMACK64
[    0.463695] evm: security.apparmor
[    0.464000] evm: security.ima
[    0.467307] evm: security.capability
[    0.468060] acpi: PM: Registering ACPI NVS region [mem 0x79a33000-0x79fa1fff] (5697536 bytes)
[    0.472243] clocksource: jiffies: mask: 0xffffffff max_cycles: 0xffffffff, max_idle_ns: 7645041785100000 ns
[    0.476061] page_alloc: futex hash table entries: 16384 (order: 8, 1048576 bytes)
[    0.480363] xor: automatically using best checksumming function   avx       
[    0.484027] core: initialized pinctrl subsystem
[    0.488113] trace: RTC time: 15:28:41, date: 07/13/19
[    0.492634] socket: NET: Registered protocol family 16
[    0.496103] audit: initializing netlink subsys (disabled)
[    0.500021] audit: type=2000 audit(1563031719.500:1): state=initialized audit_enabled=0 res=1
[    0.508004] cpuidle: using governor ladder
[    0.512013] cpuidle: using governor menu
[    0.516049] random: random: get_random_bytes called from kcmp_cookies_init+0x16/0x38 with crng_init=0
[    0.520003] pci_acpi: ACPI FADT declares the system doesn't support PCIe ASPM, so disable it
[    0.524001] ACPI: bus type PCI registered
[    0.528001] acpiphp: ACPI Hot Plug PCI Controller Driver version: 0.5
[    0.532106] mmconfig_shared: PCI: MMCONFIG for domain 0000 [bus 00-ff] at [mem 0x80000000-0x8fffffff] (base 0x80000000)
[    0.536003] mmconfig_shared: PCI: MMCONFIG at [mem 0x80000000-0x8fffffff] reserved in E820
[    0.540013] PCI: Using configuration type 1 for base access
[    0.544033] core: PMU erratum BJ122, BV98, HSD29 worked around, HT is on
[    0.549767] hugetlb: HugeTLB registered 1.00 GiB page size, pre-allocated 0 pages
[    0.552004] hugetlb: HugeTLB registered 2.00 MiB page size, pre-allocated 0 pages
[    0.624005] raid6_pq: raid6: sse2x1   gen()  8386 MB/s
[    0.696005] raid6_pq: raid6: sse2x1   xor()  6584 MB/s
[    0.768007] raid6_pq: raid6: sse2x2   gen() 10541 MB/s
[    0.840003] raid6_pq: raid6: sse2x2   xor()  7250 MB/s
[    0.912005] raid6_pq: raid6: sse2x4   gen() 12323 MB/s
[    0.984001] raid6_pq: raid6: sse2x4   xor()  8436 MB/s
[    1.056004] raid6_pq: raid6: avx2x1   gen() 16388 MB/s
[    1.128001] raid6_pq: raid6: avx2x1   xor() 12541 MB/s
[    1.200004] raid6_pq: raid6: avx2x2   gen() 18989 MB/s
[    1.272003] raid6_pq: raid6: avx2x2   xor() 13566 MB/s
[    1.344003] raid6_pq: raid6: avx2x4   gen() 22209 MB/s
[    1.416001] raid6_pq: raid6: avx2x4   xor() 15015 MB/s
[    1.420001] raid6_pq: raid6: using algorithm avx2x4 gen() 22209 MB/s
[    1.424000] raid6_pq: raid6: .... xor() 15015 MB/s, rmw enabled
[    1.428001] raid6_pq: raid6: using avx2x2 recovery algorithm
[    1.432192] acpi: Added _OSI(Module Device)
[    1.436002] acpi: Added _OSI(Processor Device)
[    1.440001] acpi: Added _OSI(3.0 _SCP Extensions)
[    1.444001] acpi: Added _OSI(Processor Aggregator Device)
[    1.448001] acpi: Added _OSI(Linux-Dell-Video)
[    1.484845] ACPI: 4 ACPI AML tables successfully acquired and loaded
[    1.492335] acpi: [Firmware Bug]: BIOS _OSI(Linux) query ignored
[    1.504756] ACPI: Dynamic OEM Table Load:
[    1.528888] ACPI: Interpreter enabled
[    1.532012] acpi: ACPI: (supports S0 S5)
[    1.536002] ACPI: Using IOAPIC for interrupt routing
[    1.540043] apei: HEST: Table parsing has been initialized.
[    1.544003] PCI: Using host bridge windows from ACPI; if necessary, use "pci=nocrs" and report a bug
[    1.548435] ACPI: Enabled 5 GPEs in block 00 to 3F
[    1.584141] acpi: ACPI: PCI Root Bridge [UNC1] (domain 0000 [bus ff])
[    1.588005] acpi PNP0A03:02: _OSC: OS supports [ExtendedConfig ASPM ClockPM Segments MSI]
[    1.602093] acpi PNP0A03:02: _OSC: OS now controls [PCIeHotplug PME AER PCIeCapability]
[    1.608002] acpi PNP0A03:02: FADT indicates ASPM is unsupported, using BIOS configuration
[    1.620040] probe: PCI host bridge to bus 0000:ff
[    1.624002] pci_bus 0000:ff: root bus resource [bus ff]
[    1.628010] pci 0000:ff:08.0: [8086:2f80] type 00 class 0x088000
[    1.628064] pci 0000:ff:08.2: [8086:2f32] type 00 class 0x110100
[    1.628106] pci 0000:ff:08.3: [8086:2f83] type 00 class 0x088000
[    1.628153] pci 0000:ff:09.0: [8086:2f90] type 00 class 0x088000
[    1.628197] pci 0000:ff:09.2: [8086:2f33] type 00 class 0x110100
[    1.628237] pci 0000:ff:09.3: [8086:2f93] type 00 class 0x088000
[    1.628280] pci 0000:ff:0b.0: [8086:2f81] type 00 class 0x088000
[    1.628318] pci 0000:ff:0b.1: [8086:2f36] type 00 class 0x110100
[    1.628360] pci 0000:ff:0b.2: [8086:2f37] type 00 class 0x110100
[    1.628398] pci 0000:ff:0c.0: [8086:2fe0] type 00 class 0x088000
[    1.628435] pci 0000:ff:0c.1: [8086:2fe1] type 00 class 0x088000
[    1.628471] pci 0000:ff:0c.2: [8086:2fe2] type 00 class 0x088000
[    1.628509] pci 0000:ff:0c.3: [8086:2fe3] type 00 class 0x088000
[    1.628547] pci 0000:ff:0c.4: [8086:2fe4] type 00 class 0x088000
[    1.628583] pci 0000:ff:0c.5: [8086:2fe5] type 00 class 0x088000
[    1.628620] pci 0000:ff:0c.6: [8086:2fe6] type 00 class 0x088000
[    1.628658] pci 0000:ff:0c.7: [8086:2fe7] type 00 class 0x088000
[    1.628695] pci 0000:ff:0d.0: [8086:2fe8] type 00 class 0x088000
[    1.628734] pci 0000:ff:0d.1: [8086:2fe9] type 00 class 0x088000
[    1.628776] pci 0000:ff:0f.0: [8086:2ff8] type 00 class 0x088000
[    1.628812] pci 0000:ff:0f.1: [8086:2ff9] type 00 class 0x088000
[    1.628854] pci 0000:ff:0f.2: [8086:2ffa] type 00 class 0x088000
[    1.628892] pci 0000:ff:0f.3: [8086:2ffb] type 00 class 0x088000
[    1.628931] pci 0000:ff:0f.4: [8086:2ffc] type 00 class 0x088000
[    1.628971] pci 0000:ff:0f.5: [8086:2ffd] type 00 class 0x088000
[    1.629009] pci 0000:ff:0f.6: [8086:2ffe] type 00 class 0x088000
[    1.629047] pci 0000:ff:10.0: [8086:2f1d] type 00 class 0x088000
[    1.629086] pci 0000:ff:10.1: [8086:2f34] type 00 class 0x110100
[    1.629128] pci 0000:ff:10.5: [8086:2f1e] type 00 class 0x088000
[    1.629164] pci 0000:ff:10.6: [8086:2f7d] type 00 class 0x110100
[    1.629200] pci 0000:ff:10.7: [8086:2f1f] type 00 class 0x088000
[    1.629237] pci 0000:ff:12.0: [8086:2fa0] type 00 class 0x088000
[    1.629279] pci 0000:ff:12.1: [8086:2f30] type 00 class 0x110100
[    1.629323] pci 0000:ff:12.4: [8086:2f60] type 00 class 0x088000
[    1.629364] pci 0000:ff:12.5: [8086:2f38] type 00 class 0x110100
[    1.629406] pci 0000:ff:13.0: [8086:2fa8] type 00 class 0x088000
[    1.629450] pci 0000:ff:13.1: [8086:2f71] type 00 class 0x088000
[    1.629491] pci 0000:ff:13.2: [8086:2faa] type 00 class 0x088000
[    1.629540] pci 0000:ff:13.3: [8086:2fab] type 00 class 0x088000
[    1.629584] pci 0000:ff:13.6: [8086:2fae] type 00 class 0x088000
[    1.629626] pci 0000:ff:13.7: [8086:2faf] type 00 class 0x088000
[    1.629667] pci 0000:ff:14.0: [8086:2fb0] type 00 class 0x088000
[    1.629710] pci 0000:ff:14.1: [8086:2fb1] type 00 class 0x088000
[    1.629756] pci 0000:ff:14.2: [8086:2fb2] type 00 class 0x088000
[    1.629800] pci 0000:ff:14.3: [8086:2fb3] type 00 class 0x088000
[    1.629843] pci 0000:ff:14.4: [8086:2fbc] type 00 class 0x088000
[    1.629884] pci 0000:ff:14.5: [8086:2fbd] type 00 class 0x088000
[    1.629926] pci 0000:ff:14.6: [8086:2fbe] type 00 class 0x088000
[    1.629971] pci 0000:ff:14.7: [8086:2fbf] type 00 class 0x088000
[    1.630013] pci 0000:ff:16.0: [8086:2f68] type 00 class 0x088000
[    1.630057] pci 0000:ff:16.1: [8086:2f79] type 00 class 0x088000
[    1.630101] pci 0000:ff:16.2: [8086:2f6a] type 00 class 0x088000
[    1.630146] pci 0000:ff:16.3: [8086:2f6b] type 00 class 0x088000
[    1.630194] pci 0000:ff:16.6: [8086:2f6e] type 00 class 0x088000
[    1.630239] pci 0000:ff:16.7: [8086:2f6f] type 00 class 0x088000
[    1.630280] pci 0000:ff:17.0: [8086:2fd0] type 00 class 0x088000
[    1.630326] pci 0000:ff:17.1: [8086:2fd1] type 00 class 0x088000
[    1.630370] pci 0000:ff:17.2: [8086:2fd2] type 00 class 0x088000
[    1.630417] pci 0000:ff:17.3: [8086:2fd3] type 00 class 0x088000
[    1.630462] pci 0000:ff:17.4: [8086:2fb8] type 00 class 0x088000
[    1.630503] pci 0000:ff:17.5: [8086:2fb9] type 00 class 0x088000
[    1.630544] pci 0000:ff:17.6: [8086:2fba] type 00 class 0x088000
[    1.630585] pci 0000:ff:17.7: [8086:2fbb] type 00 class 0x088000
[    1.630641] pci 0000:ff:1e.0: [8086:2f98] type 00 class 0x088000
[    1.630683] pci 0000:ff:1e.1: [8086:2f99] type 00 class 0x088000
[    1.630722] pci 0000:ff:1e.2: [8086:2f9a] type 00 class 0x088000
[    1.630762] pci 0000:ff:1e.3: [8086:2fc0] type 00 class 0x088000
[    1.630791] pci 0000:ff:1e.4: [8086:2f9c] type 00 class 0x088000
[    1.630839] pci 0000:ff:1f.0: [8086:2f88] type 00 class 0x088000
[    1.630881] pci 0000:ff:1f.2: [8086:2f8a] type 00 class 0x088000
[    1.630983] acpi: ACPI: PCI Root Bridge [UNC0] (domain 0000 [bus 7f])
[    1.640003] acpi PNP0A03:03: _OSC: OS supports [ExtendedConfig ASPM ClockPM Segments MSI]
[    1.648725] acpi PNP0A03:03: _OSC: OS now controls [PCIeHotplug PME AER PCIeCapability]
[    1.660001] acpi PNP0A03:03: FADT indicates ASPM is unsupported, using BIOS configuration
[    1.668035] probe: PCI host bridge to bus 0000:7f
[    1.672002] pci_bus 0000:7f: root bus resource [bus 7f]
[    1.680008] pci 0000:7f:08.0: [8086:2f80] type 00 class 0x088000
[    1.680051] pci 0000:7f:08.2: [8086:2f32] type 00 class 0x110100
[    1.680092] pci 0000:7f:08.3: [8086:2f83] type 00 class 0x088000
[    1.680133] pci 0000:7f:09.0: [8086:2f90] type 00 class 0x088000
[    1.680170] pci 0000:7f:09.2: [8086:2f33] type 00 class 0x110100
[    1.680206] pci 0000:7f:09.3: [8086:2f93] type 00 class 0x088000
[    1.680247] pci 0000:7f:0b.0: [8086:2f81] type 00 class 0x088000
[    1.680282] pci 0000:7f:0b.1: [8086:2f36] type 00 class 0x110100
[    1.680315] pci 0000:7f:0b.2: [8086:2f37] type 00 class 0x110100
[    1.680351] pci 0000:7f:0c.0: [8086:2fe0] type 00 class 0x088000
[    1.680387] pci 0000:7f:0c.1: [8086:2fe1] type 00 class 0x088000
[    1.680421] pci 0000:7f:0c.2: [8086:2fe2] type 00 class 0x088000
[    1.680456] pci 0000:7f:0c.3: [8086:2fe3] type 00 class 0x088000
[    1.680490] pci 0000:7f:0c.4: [8086:2fe4] type 00 class 0x088000
[    1.680524] pci 0000:7f:0c.5: [8086:2fe5] type 00 class 0x088000
[    1.680559] pci 0000:7f:0c.6: [8086:2fe6] type 00 class 0x088000
[    1.680592] pci 0000:7f:0c.7: [8086:2fe7] type 00 class 0x088000
[    1.680629] pci 0000:7f:0d.0: [8086:2fe8] type 00 class 0x088000
[    1.680665] pci 0000:7f:0d.1: [8086:2fe9] type 00 class 0x088000
[    1.680703] pci 0000:7f:0f.0: [8086:2ff8] type 00 class 0x088000
[    1.680738] pci 0000:7f:0f.1: [8086:2ff9] type 00 class 0x088000
[    1.680775] pci 0000:7f:0f.2: [8086:2ffa] type 00 class 0x088000
[    1.680812] pci 0000:7f:0f.3: [8086:2ffb] type 00 class 0x088000
[    1.680847] pci 0000:7f:0f.4: [8086:2ffc] type 00 class 0x088000
[    1.680881] pci 0000:7f:0f.5: [8086:2ffd] type 00 class 0x088000
[    1.680916] pci 0000:7f:0f.6: [8086:2ffe] type 00 class 0x088000
[    1.680952] pci 0000:7f:10.0: [8086:2f1d] type 00 class 0x088000
[    1.680990] pci 0000:7f:10.1: [8086:2f34] type 00 class 0x110100
[    1.681027] pci 0000:7f:10.5: [8086:2f1e] type 00 class 0x088000
[    1.681060] pci 0000:7f:10.6: [8086:2f7d] type 00 class 0x110100
[    1.681095] pci 0000:7f:10.7: [8086:2f1f] type 00 class 0x088000
[    1.681134] pci 0000:7f:12.0: [8086:2fa0] type 00 class 0x088000
[    1.681180] pci 0000:7f:12.1: [8086:2f30] type 00 class 0x110100
[    1.681219] pci 0000:7f:12.4: [8086:2f60] type 00 class 0x088000
[    1.681258] pci 0000:7f:12.5: [8086:2f38] type 00 class 0x110100
[    1.681298] pci 0000:7f:13.0: [8086:2fa8] type 00 class 0x088000
[    1.681338] pci 0000:7f:13.1: [8086:2f71] type 00 class 0x088000
[    1.681381] pci 0000:7f:13.2: [8086:2faa] type 00 class 0x088000
[    1.681420] pci 0000:7f:13.3: [8086:2fab] type 00 class 0x088000
[    1.681461] pci 0000:7f:13.6: [8086:2fae] type 00 class 0x088000
[    1.681498] pci 0000:7f:13.7: [8086:2faf] type 00 class 0x088000
[    1.681536] pci 0000:7f:14.0: [8086:2fb0] type 00 class 0x088000
[    1.681580] pci 0000:7f:14.1: [8086:2fb1] type 00 class 0x088000
[    1.681623] pci 0000:7f:14.2: [8086:2fb2] type 00 class 0x088000
[    1.681663] pci 0000:7f:14.3: [8086:2fb3] type 00 class 0x088000
[    1.681702] pci 0000:7f:14.4: [8086:2fbc] type 00 class 0x088000
[    1.681740] pci 0000:7f:14.5: [8086:2fbd] type 00 class 0x088000
[    1.681780] pci 0000:7f:14.6: [8086:2fbe] type 00 class 0x088000
[    1.681818] pci 0000:7f:14.7: [8086:2fbf] type 00 class 0x088000
[    1.681856] pci 0000:7f:16.0: [8086:2f68] type 00 class 0x088000
[    1.681898] pci 0000:7f:16.1: [8086:2f79] type 00 class 0x088000
[    1.681939] pci 0000:7f:16.2: [8086:2f6a] type 00 class 0x088000
[    1.681982] pci 0000:7f:16.3: [8086:2f6b] type 00 class 0x088000
[    1.682025] pci 0000:7f:16.6: [8086:2f6e] type 00 class 0x088000
[    1.682062] pci 0000:7f:16.7: [8086:2f6f] type 00 class 0x088000
[    1.682100] pci 0000:7f:17.0: [8086:2fd0] type 00 class 0x088000
[    1.682141] pci 0000:7f:17.1: [8086:2fd1] type 00 class 0x088000
[    1.682185] pci 0000:7f:17.2: [8086:2fd2] type 00 class 0x088000
[    1.682228] pci 0000:7f:17.3: [8086:2fd3] type 00 class 0x088000
[    1.682269] pci 0000:7f:17.4: [8086:2fb8] type 00 class 0x088000
[    1.682307] pci 0000:7f:17.5: [8086:2fb9] type 00 class 0x088000
[    1.682345] pci 0000:7f:17.6: [8086:2fba] type 00 class 0x088000
[    1.682386] pci 0000:7f:17.7: [8086:2fbb] type 00 class 0x088000
[    1.682429] pci 0000:7f:1e.0: [8086:2f98] type 00 class 0x088000
[    1.682466] pci 0000:7f:1e.1: [8086:2f99] type 00 class 0x088000
[    1.682503] pci 0000:7f:1e.2: [8086:2f9a] type 00 class 0x088000
[    1.682542] pci 0000:7f:1e.3: [8086:2fc0] type 00 class 0x088000
[    1.682572] pci 0000:7f:1e.4: [8086:2f9c] type 00 class 0x088000
[    1.682614] pci 0000:7f:1f.0: [8086:2f88] type 00 class 0x088000
[    1.682654] pci 0000:7f:1f.2: [8086:2f8a] type 00 class 0x088000
[    1.691140] acpi: ACPI: PCI Root Bridge [PCI0] (domain 0000 [bus 00-7e])
[    1.696004] acpi PNP0A08:00: _OSC: OS supports [ExtendedConfig ASPM ClockPM Segments MSI]
[    1.708517] acpi PNP0A08:00: _OSC: OS now controls [PCIeHotplug PME AER PCIeCapability]
[    1.716001] acpi PNP0A08:00: FADT indicates ASPM is unsupported, using BIOS configuration
[    1.724277] probe: PCI host bridge to bus 0000:00
[    1.732002] pci_bus 0000:00: root bus resource [io  0x0000-0x0cf7 window]
[    1.740001] pci_bus 0000:00: root bus resource [io  0x1000-0x7fff window]
[    1.744001] pci_bus 0000:00: root bus resource [mem 0x000a0000-0x000bffff window]
[    1.756001] pci_bus 0000:00: root bus resource [mem 0x90000000-0xc7ffbfff window]
[    1.764001] pci_bus 0000:00: root bus resource [mem 0x38000000000-0x3bfffffffff window]
[    1.772001] pci_bus 0000:00: root bus resource [bus 00-7e]
[    1.776007] pci 0000:00:00.0: [8086:2f00] type 00 class 0x060000
[    1.776136] pci 0000:00:01.0: [8086:2f02] type 01 class 0x060400
[    1.776181] pci 0000:00:01.0: PME# supported from D0 D3hot D3cold
[    1.776275] pci 0000:00:01.1: [8086:2f03] type 01 class 0x060400
[    1.776318] pci 0000:00:01.1: PME# supported from D0 D3hot D3cold
[    1.776413] pci 0000:00:02.0: [8086:2f04] type 01 class 0x060400
[    1.776455] pci 0000:00:02.0: PME# supported from D0 D3hot D3cold
[    1.776548] pci 0000:00:02.2: [8086:2f06] type 01 class 0x060400
[    1.776591] pci 0000:00:02.2: PME# supported from D0 D3hot D3cold
[    1.776686] pci 0000:00:03.0: [8086:2f08] type 01 class 0x060400
[    1.776729] pci 0000:00:03.0: PME# supported from D0 D3hot D3cold
[    1.776820] pci 0000:00:05.0: [8086:2f28] type 00 class 0x088000
[    1.776928] pci 0000:00:05.1: [8086:2f29] type 00 class 0x088000
[    1.777046] pci 0000:00:05.2: [8086:2f2a] type 00 class 0x088000
[    1.777150] pci 0000:00:05.4: [8086:2f2c] type 00 class 0x080020
[    1.777158] pci 0000:00:05.4: reg 0x10: [mem 0xc7005000-0xc7005fff]
[    1.777278] pci 0000:00:11.0: [8086:8d7c] type 00 class 0xff0000
[    1.777464] pci 0000:00:11.4: [8086:8d62] type 00 class 0x010601
[    1.777481] pci 0000:00:11.4: reg 0x10: [io  0x7110-0x7117]
[    1.777488] pci 0000:00:11.4: reg 0x14: [io  0x7100-0x7103]
[    1.777495] pci 0000:00:11.4: reg 0x18: [io  0x70f0-0x70f7]
[    1.777502] pci 0000:00:11.4: reg 0x1c: [io  0x70e0-0x70e3]
[    1.777509] pci 0000:00:11.4: reg 0x20: [io  0x7020-0x703f]
[    1.777516] pci 0000:00:11.4: reg 0x24: [mem 0xc7004000-0xc70047ff]
[    1.777554] pci 0000:00:11.4: PME# supported from D3hot
[    1.777655] pci 0000:00:16.0: [8086:8d3a] type 00 class 0x078000
[    1.777673] pci 0000:00:16.0: reg 0x10: [mem 0x3bffff13000-0x3bffff1300f 64bit]
[    1.777728] pci 0000:00:16.0: PME# supported from D0 D3hot D3cold
[    1.777815] pci 0000:00:16.1: [8086:8d3b] type 00 class 0x078000
[    1.777833] pci 0000:00:16.1: reg 0x10: [mem 0x3bffff12000-0x3bffff1200f 64bit]
[    1.777888] pci 0000:00:16.1: PME# supported from D0 D3hot D3cold
[    1.777989] pci 0000:00:1a.0: [8086:8d2d] type 00 class 0x0c0320
[    1.778007] pci 0000:00:1a.0: reg 0x10: [mem 0xc7002000-0xc70023ff]
[    1.778083] pci 0000:00:1a.0: PME# supported from D0 D3hot D3cold
[    1.778175] pci 0000:00:1c.0: [8086:8d10] type 01 class 0x060400
[    1.778241] pci 0000:00:1c.0: PME# supported from D0 D3hot D3cold
[    1.778338] pci 0000:00:1c.3: [8086:8d16] type 01 class 0x060400
[    1.778404] pci 0000:00:1c.3: PME# supported from D0 D3hot D3cold
[    1.778505] pci 0000:00:1d.0: [8086:8d26] type 00 class 0x0c0320
[    1.778524] pci 0000:00:1d.0: reg 0x10: [mem 0xc7001000-0xc70013ff]
[    1.778599] pci 0000:00:1d.0: PME# supported from D0 D3hot D3cold
[    1.778691] pci 0000:00:1f.0: [8086:8d44] type 00 class 0x060100
[    1.778872] pci 0000:00:1f.2: [8086:8d02] type 00 class 0x010601
[    1.778886] pci 0000:00:1f.2: reg 0x10: [io  0x7070-0x7077]
[    1.778892] pci 0000:00:1f.2: reg 0x14: [io  0x7060-0x7063]
[    1.778898] pci 0000:00:1f.2: reg 0x18: [io  0x7050-0x7057]
[    1.778904] pci 0000:00:1f.2: reg 0x1c: [io  0x7040-0x7043]
[    1.778910] pci 0000:00:1f.2: reg 0x20: [io  0x7000-0x701f]
[    1.778916] pci 0000:00:1f.2: reg 0x24: [mem 0xc7000000-0xc70007ff]
[    1.778948] pci 0000:00:1f.2: PME# supported from D3hot
[    1.779167] acpiphp: Slot [0] registered
[    1.784034] pci 0000:01:00.0: [8086:1521] type 00 class 0x020000
[    1.784051] pci 0000:01:00.0: reg 0x10: [mem 0xc6a00000-0xc6afffff]
[    1.784062] pci 0000:01:00.0: reg 0x18: [io  0x6020-0x603f]
[    1.784068] pci 0000:01:00.0: reg 0x1c: [mem 0xc6c04000-0xc6c07fff]
[    1.784085] pci 0000:01:00.0: reg 0x30: [mem 0xc6b80000-0xc6bfffff pref]
[    1.784138] pci 0000:01:00.0: PME# supported from D0 D3hot D3cold
[    1.784161] pci 0000:01:00.0: reg 0x184: [mem 0x3bfffe60000-0x3bfffe63fff 64bit pref]
[    1.784163] pci 0000:01:00.0: VF(n) BAR0 space: [mem 0x3bfffe60000-0x3bfffe7ffff 64bit pref] (contains BAR0 for 8 VFs)
[    1.796013] pci 0000:01:00.0: reg 0x190: [mem 0x3bfffe40000-0x3bfffe43fff 64bit pref]
[    1.796014] pci 0000:01:00.0: VF(n) BAR3 space: [mem 0x3bfffe40000-0x3bfffe5ffff 64bit pref] (contains BAR3 for 8 VFs)
[    1.808085] pci 0000:01:00.1: [8086:1521] type 00 class 0x020000
[    1.808102] pci 0000:01:00.1: reg 0x10: [mem 0xc6900000-0xc69fffff]
[    1.808113] pci 0000:01:00.1: reg 0x18: [io  0x6000-0x601f]
[    1.808119] pci 0000:01:00.1: reg 0x1c: [mem 0xc6c00000-0xc6c03fff]
[    1.808136] pci 0000:01:00.1: reg 0x30: [mem 0xc6b00000-0xc6b7ffff pref]
[    1.808187] pci 0000:01:00.1: PME# supported from D0 D3hot D3cold
[    1.808206] pci 0000:01:00.1: reg 0x184: [mem 0x3bfffe20000-0x3bfffe23fff 64bit pref]
[    1.808208] pci 0000:01:00.1: VF(n) BAR0 space: [mem 0x3bfffe20000-0x3bfffe3ffff 64bit pref] (contains BAR0 for 8 VFs)
[    1.820012] pci 0000:01:00.1: reg 0x190: [mem 0x3bfffe00000-0x3bfffe03fff 64bit pref]
[    1.820013] pci 0000:01:00.1: VF(n) BAR3 space: [mem 0x3bfffe00000-0x3bfffe1ffff 64bit pref] (contains BAR3 for 8 VFs)
[    1.832078] pci 0000:00:01.0: PCI bridge to [bus 01-02]
[    1.840003] pci 0000:00:01.0:   bridge window [io  0x6000-0x6fff]
[    1.840005] pci 0000:00:01.0:   bridge window [mem 0xc6900000-0xc6cfffff]
[    1.840008] pci 0000:00:01.0:   bridge window [mem 0x3bfffe00000-0x3bfffefffff 64bit pref]
[    1.840156] pci 0000:00:01.1: PCI bridge to [bus 03]
[    1.844134] pci 0000:00:02.0: PCI bridge to [bus 04]
[    1.852139] pci 0000:05:00.0: [1000:0090] type 00 class 0x010700
[    1.852150] pci 0000:05:00.0: reg 0x10: [io  0x5000-0x50ff]
[    1.852156] pci 0000:05:00.0: reg 0x14: [mem 0xc6e40000-0xc6e4ffff 64bit]
[    1.852163] pci 0000:05:00.0: reg 0x1c: [mem 0xc6e00000-0xc6e3ffff 64bit]
[    1.852171] pci 0000:05:00.0: reg 0x30: [mem 0xc6d00000-0xc6dfffff pref]
[    1.852175] pci 0000:05:00.0: enabling Extended Tags
[    1.856076] pci 0000:05:00.0: supports D1 D2
[    1.856134] pci 0000:00:02.2: PCI bridge to [bus 05]
[    1.860002] pci 0000:00:02.2:   bridge window [io  0x5000-0x5fff]
[    1.860004] pci 0000:00:02.2:   bridge window [mem 0xc6d00000-0xc6efffff]
[    1.860142] pci 0000:06:00.0: [8086:10fb] type 00 class 0x020000
[    1.860154] pci 0000:06:00.0: reg 0x10: [mem 0xc7900000-0xc79fffff pref]
[    1.860163] pci 0000:06:00.0: reg 0x18: [io  0x4020-0x403f]
[    1.860168] pci 0000:06:00.0: reg 0x1c: [mem 0xc7e04000-0xc7e07fff pref]
[    1.860181] pci 0000:06:00.0: reg 0x30: [mem 0xc6f80000-0xc6ffffff pref]
[    1.860220] pci 0000:06:00.0: PME# supported from D0 D3hot
[    1.860236] pci 0000:06:00.0: reg 0x184: [mem 0xc7d00000-0xc7d03fff 64bit pref]
[    1.860238] pci 0000:06:00.0: VF(n) BAR0 space: [mem 0xc7d00000-0xc7dfffff 64bit pref] (contains BAR0 for 64 VFs)
[    1.872010] pci 0000:06:00.0: reg 0x190: [mem 0xc7c00000-0xc7c03fff 64bit pref]
[    1.872011] pci 0000:06:00.0: VF(n) BAR3 space: [mem 0xc7c00000-0xc7cfffff 64bit pref] (contains BAR3 for 64 VFs)
[    1.884134] pci 0000:06:00.1: [8086:10fb] type 00 class 0x020000
[    1.884146] pci 0000:06:00.1: reg 0x10: [mem 0xc7800000-0xc78fffff pref]
[    1.884155] pci 0000:06:00.1: reg 0x18: [io  0x4000-0x401f]
[    1.884160] pci 0000:06:00.1: reg 0x1c: [mem 0xc7e00000-0xc7e03fff pref]
[    1.884172] pci 0000:06:00.1: reg 0x30: [mem 0xc6f00000-0xc6f7ffff pref]
[    1.884209] pci 0000:06:00.1: PME# supported from D0 D3hot
[    1.884223] pci 0000:06:00.1: reg 0x184: [mem 0xc7b00000-0xc7b03fff 64bit pref]
[    1.884224] pci 0000:06:00.1: VF(n) BAR0 space: [mem 0xc7b00000-0xc7bfffff 64bit pref] (contains BAR0 for 64 VFs)
[    1.896009] pci 0000:06:00.1: reg 0x190: [mem 0xc7a00000-0xc7a03fff 64bit pref]
[    1.896010] pci 0000:06:00.1: VF(n) BAR3 space: [mem 0xc7a00000-0xc7afffff 64bit pref] (contains BAR3 for 64 VFs)
[    1.908128] pci 0000:00:03.0: PCI bridge to [bus 06-07]
[    1.916002] pci 0000:00:03.0:   bridge window [io  0x4000-0x4fff]
[    1.916004] pci 0000:00:03.0:   bridge window [mem 0xc6f00000-0xc6ffffff]
[    1.916006] pci 0000:00:03.0:   bridge window [mem 0xc7800000-0xc7efffff 64bit pref]
[    1.916039] pci 0000:00:1c.0: PCI bridge to [bus 08]
[    1.920065] pci 0000:09:00.0: [102b:0522] type 00 class 0x030000
[    1.920096] pci 0000:09:00.0: reg 0x10: [mem 0xc5000000-0xc5ffffff]
[    1.920109] pci 0000:09:00.0: reg 0x14: [mem 0xc6810000-0xc6813fff]
[    1.920123] pci 0000:09:00.0: reg 0x18: [mem 0xc6000000-0xc67fffff]
[    1.920174] pci 0000:09:00.0: reg 0x30: [mem 0xc6800000-0xc680ffff pref]
[    1.920308] pci 0000:00:1c.3: PCI bridge to [bus 09]
[    1.924005] pci 0000:00:1c.3:   bridge window [mem 0xc5000000-0xc68fffff]
[    1.924033] pci_bus 0000:00: on NUMA node 0
[    1.924578] acpi: ACPI: PCI Root Bridge [PCI1] (domain 0000 [bus 80-fe])
[    1.932004] acpi PNP0A08:01: _OSC: OS supports [ExtendedConfig ASPM ClockPM Segments MSI]
[    1.944512] acpi PNP0A08:01: _OSC: OS now controls [PCIeHotplug PME AER PCIeCapability]
[    1.952001] acpi PNP0A08:01: FADT indicates ASPM is unsupported, using BIOS configuration
[    1.960153] probe: PCI host bridge to bus 0000:80
[    1.968002] pci_bus 0000:80: root bus resource [io  0x8000-0xffff window]
[    1.976001] pci_bus 0000:80: root bus resource [mem 0xc8000000-0xfbffbfff window]
[    1.984001] pci_bus 0000:80: root bus resource [mem 0x3c000000000-0x3ffffffffff window]
[    1.992001] pci_bus 0000:80: root bus resource [bus 80-fe]
[    1.996009] pci 0000:80:02.0: [8086:2f04] type 01 class 0x060400
[    1.996060] pci 0000:80:02.0: PME# supported from D0 D3hot D3cold
[    1.996135] pci 0000:80:05.0: [8086:2f28] type 00 class 0x088000
[    1.996222] pci 0000:80:05.1: [8086:2f29] type 00 class 0x088000
[    1.996324] pci 0000:80:05.2: [8086:2f2a] type 00 class 0x088000
[    1.996408] pci 0000:80:05.4: [8086:2f2c] type 00 class 0x080020
[    1.996417] pci 0000:80:05.4: reg 0x10: [mem 0xfbf00000-0xfbf00fff]
[    1.996647] pci 0000:80:02.0: PCI bridge to [bus 81]
[    2.004010] pci_bus 0000:80: on NUMA node 1
[    2.004338] ACPI: PCI Interrupt Link [LNKA] (IRQs 3 4 5 6 7 10 *11 12 14 15)
[    2.012040] ACPI: PCI Interrupt Link [LNKB] (IRQs 3 4 5 6 7 *10 11 12 14 15)
[    2.020038] ACPI: PCI Interrupt Link [LNKC] (IRQs 3 4 5 6 10 *11 12 14 15)
[    2.028037] ACPI: PCI Interrupt Link [LNKD] (IRQs 3 4 *5 6 10 11 12 14 15)
[    2.036037] ACPI: PCI Interrupt Link [LNKE] (IRQs 3 4 5 6 7 10 11 12 14 15) *0, disabled.
[    2.044038] ACPI: PCI Interrupt Link [LNKF] (IRQs 3 4 5 6 7 10 11 12 14 15) *0, disabled.
[    2.052038] ACPI: PCI Interrupt Link [LNKG] (IRQs 3 4 5 6 7 10 11 12 14 15) *0, disabled.
[    2.064037] ACPI: PCI Interrupt Link [LNKH] (IRQs 3 4 5 6 7 10 11 12 14 15) *0, disabled.
[    2.072266] pci 0000:09:00.0: vgaarb: setting as boot VGA device
[    2.076000] pci 0000:09:00.0: vgaarb: VGA device added: decodes=io+mem,owns=io+mem,locks=none
[    2.088004] pci 0000:09:00.0: vgaarb: bridge control possible
[    2.096001] vgaarb: loaded
[    2.099144] SCSI subsystem initialized
[    2.104060] libata version 3.00 loaded.
[    2.104060] ACPI: bus type USB registered
[    2.108012] usbcore: usbcore: registered new interface driver usbfs
[    2.112010] usbcore: usbcore: registered new interface driver hub
[    2.120121] usbcore: usbcore: registered new device driver usb
[    2.128012] pps_core: LinuxPPS API ver. 1 registered
[    2.132001] pps_core: Software ver. 5.3.6 - Copyright 2005-2007 Rodolfo Giometti <giometti@linux.it>
[    2.144002] ptp: PTP clock support registered
[    2.148073] EDAC MC: Ver: 3.0.0
[    2.152037] PCI: Using ACPI for IRQ routing
[    2.160052] PCI: pci_cache_line_size set to 64 bytes
[    2.160201] e820: reserve RAM buffer [mem 0x00099c00-0x0009ffff]
[    2.160202] e820: reserve RAM buffer [mem 0x791d4000-0x7bffffff]
[    2.160313] NetLabel: Initializing
[    2.164001] NetLabel:  domain hash size = 128
[    2.168000] NetLabel:  protocols = UNLABELED CIPSOv4 CALIPSO
[    2.176018] NetLabel:  unlabeled traffic allowed by default
[    2.184000] hpet0: at MMIO 0xfed00000, IRQs 2, 8, 0, 0, 0, 0, 0, 0
[    2.188002] hpet0: 8 comparators, 64-bit 14.318180 MHz counter
[    2.198093] clocksource: Switched to clocksource tsc-early
[    2.219688] VFS: Disk quotas dquot_6.6.0
[    2.224089] dquot: VFS: Dquot-cache hash table entries: 512 (order 0, 4096 bytes)
[    2.232591] AppArmor: AppArmor Filesystem Enabled
[    2.237864] pnp: PnP ACPI init
[    2.241529] pnp 00:00: Plug and Play ACPI device, IDs PNP0b00 (active)
[    2.241628] system 00:01: [io  0x0500-0x057f] has been reserved
[    2.248237] system 00:01: [io  0x0400-0x047f] has been reserved
[    2.254843] system 00:01: [io  0x0580-0x059f] has been reserved
[    2.261447] system 00:01: [io  0x0600-0x061f] has been reserved
[    2.268051] system 00:01: [io  0x0880-0x0883] has been reserved
[    2.274657] system 00:01: [io  0x0800-0x081f] has been reserved
[    2.281263] system 00:01: [mem 0xfed1c000-0xfed3ffff] has been reserved
[    2.288649] system 00:01: [mem 0xfed45000-0xfed8bfff] has been reserved
[    2.296030] system 00:01: [mem 0xff000000-0xffffffff] has been reserved
[    2.303410] system 00:01: [mem 0xfee00000-0xfeefffff] has been reserved
[    2.310791] system 00:01: [mem 0xfed12000-0xfed1200f] has been reserved
[    2.318172] system 00:01: [mem 0xfed12010-0xfed1201f] has been reserved
[    2.325552] system 00:01: [mem 0xfed1b000-0xfed1bfff] has been reserved
[    2.332936] system 00:01: Plug and Play ACPI device, IDs PNP0c02 (active)
[    2.333042] pnp 00:02: [dma 0 disabled]
[    2.333079] pnp 00:02: Plug and Play ACPI device, IDs PNP0501 (active)
[    2.333176] pnp 00:03: [dma 0 disabled]
[    2.333207] pnp 00:03: Plug and Play ACPI device, IDs PNP0501 (active)
[    2.333704] pnp: PnP ACPI: found 4 devices
[    2.344069] clocksource: acpi_pm: mask: 0xffffff max_cycles: 0xffffff, max_idle_ns: 2085701024 ns
[    2.354035] pci 0000:00:01.0: PCI bridge to [bus 01-02]
[    2.359859] pci 0000:00:01.0:   bridge window [io  0x6000-0x6fff]
[    2.366659] pci 0000:00:01.0:   bridge window [mem 0xc6900000-0xc6cfffff]
[    2.374236] pci 0000:00:01.0:   bridge window [mem 0x3bfffe00000-0x3bfffefffff 64bit pref]
[    2.383460] pci 0000:00:01.1: PCI bridge to [bus 03]
[    2.389004] pci 0000:00:02.0: PCI bridge to [bus 04]
[    2.394547] pci 0000:00:02.2: PCI bridge to [bus 05]
[    2.400087] pci 0000:00:02.2:   bridge window [io  0x5000-0x5fff]
[    2.406887] pci 0000:00:02.2:   bridge window [mem 0xc6d00000-0xc6efffff]
[    2.414463] pci 0000:00:03.0: PCI bridge to [bus 06-07]
[    2.420293] pci 0000:00:03.0:   bridge window [io  0x4000-0x4fff]
[    2.427092] pci 0000:00:03.0:   bridge window [mem 0xc6f00000-0xc6ffffff]
[    2.434667] pci 0000:00:03.0:   bridge window [mem 0xc7800000-0xc7efffff 64bit pref]
[    2.443308] pci 0000:00:1c.0: PCI bridge to [bus 08]
[    2.448853] pci 0000:00:1c.3: PCI bridge to [bus 09]
[    2.454395] pci 0000:00:1c.3:   bridge window [mem 0xc5000000-0xc68fffff]
[    2.461974] pci_bus 0000:00: resource 4 [io  0x0000-0x0cf7 window]
[    2.461975] pci_bus 0000:00: resource 5 [io  0x1000-0x7fff window]
[    2.461975] pci_bus 0000:00: resource 6 [mem 0x000a0000-0x000bffff window]
[    2.461976] pci_bus 0000:00: resource 7 [mem 0x90000000-0xc7ffbfff window]
[    2.461977] pci_bus 0000:00: resource 8 [mem 0x38000000000-0x3bfffffffff window]
[    2.461978] pci_bus 0000:01: resource 0 [io  0x6000-0x6fff]
[    2.461979] pci_bus 0000:01: resource 1 [mem 0xc6900000-0xc6cfffff]
[    2.461980] pci_bus 0000:01: resource 2 [mem 0x3bfffe00000-0x3bfffefffff 64bit pref]
[    2.461981] pci_bus 0000:05: resource 0 [io  0x5000-0x5fff]
[    2.461982] pci_bus 0000:05: resource 1 [mem 0xc6d00000-0xc6efffff]
[    2.461983] pci_bus 0000:06: resource 0 [io  0x4000-0x4fff]
[    2.461984] pci_bus 0000:06: resource 1 [mem 0xc6f00000-0xc6ffffff]
[    2.461985] pci_bus 0000:06: resource 2 [mem 0xc7800000-0xc7efffff 64bit pref]
[    2.461986] pci_bus 0000:09: resource 1 [mem 0xc5000000-0xc68fffff]
[    2.462086] pci 0000:80:02.0: PCI bridge to [bus 81]
[    2.467631] pci_bus 0000:80: resource 4 [io  0x8000-0xffff window]
[    2.467632] pci_bus 0000:80: resource 5 [mem 0xc8000000-0xfbffbfff window]
[    2.467633] pci_bus 0000:80: resource 6 [mem 0x3c000000000-0x3ffffffffff window]
[    2.467738] socket: NET: Registered protocol family 2
[    2.473703] page_alloc: tcp_listen_portaddr_hash hash table entries: 65536 (order: 8, 1048576 bytes)
[    2.484204] page_alloc: TCP established hash table entries: 524288 (order: 10, 4194304 bytes)
[    2.494345] page_alloc: TCP bind hash table entries: 65536 (order: 8, 1048576 bytes)
[    2.503141] tcp: Hash tables configured (established 524288 bind 65536)
[    2.510704] page_alloc: UDP hash table entries: 65536 (order: 9, 2097152 bytes)
[    2.519236] page_alloc: UDP-Lite hash table entries: 65536 (order: 9, 2097152 bytes)
[    2.528329] socket: NET: Registered protocol family 1
[    2.556156] pci 0000:00:1a.0: quirk_usb_early_handoff+0x0/0x6b0 took 21475 usecs
[    2.588139] pci 0000:00:1d.0: quirk_usb_early_handoff+0x0/0x6b0 took 23154 usecs
[    2.596409] PCI: CLS mismatch (64 != 32), using 64 bytes
[    2.596423] pci 0000:09:00.0: Video device with shadowed ROM at [mem 0x000c0000-0x000dffff]
[    2.605785] Trying to unpack rootfs image as initramfs...
[    5.056021] page_alloc: Freeing initrd memory: 168016K
[    5.061906] PCI-DMA: Using software bounce buffering for IO (SWIOTLB)
[    5.069105] software IO TLB [mem 0x751d4000-0x791d4000] (64MB) mapped at [        (ptrval)-        (ptrval)]
[    5.080487] intel_rapl_perf: API unit is 2^-32 Joules, 3 fixed counters, 655360 ms ovfl timer
[    5.090007] intel_rapl_perf: hw unit of domain pp0-core 2^-14 Joules
[    5.097098] intel_rapl_perf: hw unit of domain package 2^-14 Joules
[    5.104090] intel_rapl_perf: hw unit of domain dram 2^-16 Joules
[    5.112832] Scanning for low memory corruption every 60 seconds
[    5.120795] system_keyring: Initialise system trusted keyrings
[    5.127373] workingset: workingset: timestamp_bits=40 max_order=26 bucket_order=0
[    5.136837] zbud: loaded
[    5.140202] fuse init (API version 7.26)
[    5.144639] SGI XFS with ACLs, security attributes, realtime, debug enabled
[    5.153047] pstore: using deflate compression
[    5.158919] key: Key type asymmetric registered
[    5.163976] asymmetric_keys: Asymmetric key parser 'x509' registered
[    5.171104] Block layer SCSI generic (bsg) driver version 0.4 loaded (major 248)
[    5.179439] io scheduler noop registered
[    5.183815] io scheduler deadline registered (default)
[    5.189577] io scheduler cfq registered
[    5.193855] io scheduler mq-deadline registered (default)
[    5.199878] io scheduler kyber registered
[    5.206522] pcieport 0000:00:01.0: AER enabled with IRQ 25
[    5.212666] pcieport 0000:00:01.1: AER enabled with IRQ 26
[    5.218806] pcieport 0000:00:02.0: AER enabled with IRQ 28
[    5.224948] pcieport 0000:00:02.2: AER enabled with IRQ 29
[    5.231092] pcieport 0000:00:03.0: AER enabled with IRQ 31
[    5.237241] pcieport 0000:80:02.0: AER enabled with IRQ 35
[    5.243370] pcieport 0000:00:01.0: Signaling PME with IRQ 25
[    5.249695] pcieport 0000:00:01.1: Signaling PME with IRQ 26
[    5.256018] pcieport 0000:00:02.0: Signaling PME with IRQ 28
[    5.262341] pcieport 0000:00:02.2: Signaling PME with IRQ 29
[    5.268668] pcieport 0000:00:03.0: Signaling PME with IRQ 31
[    5.274997] pcieport 0000:00:1c.0: Signaling PME with IRQ 32
[    5.281326] pcieport 0000:00:1c.3: Signaling PME with IRQ 33
[    5.287661] pcieport 0000:80:02.0: Signaling PME with IRQ 35
[    5.294016] intel_idle: MWAIT substates: 0x2120
[    5.294017] intel_idle: v0.4.1 model 0x3F
[    5.295638] intel_idle: lapic_timer_reliable_states 0xffffffff
[    5.295646] ipmi_msghandler: ipmi message handler version 39.2
[    5.302325] ACPI: Deprecated procfs I/F for AC is loaded, please retry with CONFIG_ACPI_PROCFS_POWER cleared
[    5.313322] ACPI: AC Adapter [P111] (on-line)
[    5.318254] input_core: Power Button as /devices/LNXSYSTM:00/LNXSYBUS:00/PNP0C0C:00/input/input0
[    5.328063] ACPI: Power Button [PWRB]
[    5.332185] input_core: Power Button as /devices/LNXSYSTM:00/LNXPWRBN:00/input/input1
[    5.340958] ACPI: Power Button [PWRF]
[    5.350307] ERST: Error Record Serialization Table (ERST) support is initialized.
[    5.358769] pstore: Registered erst as persistent store backend
[    5.365831] ghes: GHES: APEI firmware first mode is enabled by APEI bit and WHEA _OSC.
[    5.374805] 8250: Serial: 8250/16550 driver, 32 ports, IRQ sharing enabled
[    5.402941] serial_core: 00:02: ttyS0 at I/O 0x3f8 (irq = 4, base_baud = 115200) is a 16550A
[    5.432852] serial_core: 00:03: ttyS1 at I/O 0x2f8 (irq = 3, base_baud = 115200) is a 16550A
[    5.443352] Linux agpgart interface v0.103
[    5.454791] brd: brd: module loaded
[    5.462639] loop: module loaded
[    5.466464] libphy: Fixed MDIO Bus: probed
[    5.471205] tun: Universal TUN/TAP device driver, 1.6
[    5.476918] ppp_generic: PPP generic driver version 2.4.2
[    5.482996] ehci_hcd: USB 2.0 'Enhanced' Host Controller (EHCI) Driver
[    5.490285] ehci_pci: ehci-pci: EHCI PCI platform driver
[    5.496392] ehci-pci 0000:00:1a.0: EHCI Host Controller
[    5.502236] ehci-pci 0000:00:1a.0: new USB bus registered, assigned bus number 1
[    5.510504] ehci-pci 0000:00:1a.0: debug port 2
[    5.519461] ehci-pci 0000:00:1a.0: cache line size of 64 is not supported
[    5.519474] ehci-pci 0000:00:1a.0: irq 18, io mem 0xc7002000
[    5.540068] ehci-pci 0000:00:1a.0: USB 2.0 started, EHCI 1.00
[    5.546525] usb usb1: New USB device found, idVendor=1d6b, idProduct=0002, bcdDevice= 4.17
[    5.555751] usb usb1: New USB device strings: Mfr=3, Product=2, SerialNumber=1
[    5.563813] usb usb1: Product: EHCI Host Controller
[    5.569260] usb usb1: Manufacturer: Linux 4.17.0 ehci_hcd
[    5.575285] usb usb1: SerialNumber: 0000:00:1a.0
[    5.580556] hub 1-0:1.0: USB hub found
[    5.584745] hub 1-0:1.0: 2 ports detected
[    5.589460] ehci-pci 0000:00:1d.0: EHCI Host Controller
[    5.595303] ehci-pci 0000:00:1d.0: new USB bus registered, assigned bus number 2
[    5.603560] ehci-pci 0000:00:1d.0: debug port 2
[    5.612503] ehci-pci 0000:00:1d.0: cache line size of 64 is not supported
[    5.612510] ehci-pci 0000:00:1d.0: irq 18, io mem 0xc7001000
[    5.632062] ehci-pci 0000:00:1d.0: USB 2.0 started, EHCI 1.00
[    5.638511] usb usb2: New USB device found, idVendor=1d6b, idProduct=0002, bcdDevice= 4.17
[    5.647737] usb usb2: New USB device strings: Mfr=3, Product=2, SerialNumber=1
[    5.655800] usb usb2: Product: EHCI Host Controller
[    5.661235] usb usb2: Manufacturer: Linux 4.17.0 ehci_hcd
[    5.667260] usb usb2: SerialNumber: 0000:00:1d.0
[    5.672522] hub 2-0:1.0: USB hub found
[    5.676709] hub 2-0:1.0: 2 ports detected
[    5.681327] ehci_platform: ehci-platform: EHCI generic platform driver
[    5.688630] ohci_hcd: USB 1.1 'Open' Host Controller (OHCI) Driver
[    5.695533] ohci_pci: ohci-pci: OHCI PCI platform driver
[    5.701476] ohci_platform: ohci-platform: OHCI generic platform driver
[    5.708772] uhci_hcd: USB Universal Host Controller Interface driver
[    5.715917] i8042: PNP: No PS/2 controller found.
[    5.721240] mousedev: PS/2 mouse device common for all mice
[    5.727569] rtc_cmos 00:00: RTC can wake from S4
[    5.732878] rtc_cmos 00:00: registered as rtc0
[    5.737853] rtc_cmos 00:00: alarms up to one month, y3k, 114 bytes nvram, hpet irqs
[    5.746435] dm_mod: device-mapper: uevent: version 1.0.3
[    5.752446] dm_mod: device-mapper: ioctl: 4.39.0-ioctl (2018-04-03) initialised: dm-devel@redhat.com
[    5.762650] intel_pstate: Intel P-state driver initializing
[    5.773805] ledtrig_cpu: ledtrig-cpu: registered to indicate activity on CPUs
[    5.782051] socket: NET: Registered protocol family 10
[    5.788133] ipv6: Segment Routing with IPv6
[    5.792816] socket: NET: Registered protocol family 17
[    5.798559] key: Key type dns_resolver registered
[    5.807057] microcode: sig=0x306f2, pf=0x1, revision=0x3a
[    5.814021] microcode: Microcode Update Driver: v2.2.
[    5.814029] sched_clock: Marking stable (5814017094, 0)->(6099908451, -285891357)
[    5.828385] taskstats: registered taskstats version 1
[    5.834027] system_keyring: Loading compiled-in X.509 certificates
[    5.843163] system_keyring: Loaded X.509 cert 'Build time autogenerated kernel key: a85f92fc9e42360718088a26c87bd4874b11e307'
[    5.855838] zswap: loaded using pool lzo/zbud
[    5.861166] btrfs: Btrfs loaded, crc32c=crc32c-intel, debug=on
[    5.870717] key: Key type big_key registered
[    5.876772] key: Key type trusted registered
[    5.882860] key: Key type encrypted registered
[    5.887821] AppArmor: AppArmor sha1 policy hashing enabled
[    5.893947] ima: No TPM chip found, activating TPM-bypass! (rc=-19)
[    5.900943] ima: Allocated hash algorithm: sha1
[    5.906014] evm: HMAC attrs: 0x1
[    5.910208] trace:   Magic number: 11:499:487
[    5.915412] rtc_cmos 00:00: setting system clock to 2019-07-13 15:28:47 UTC (1563031727)
[    5.926346] page_alloc: Freeing unused kernel memory: 1812K
[    5.928035] usb 1-1: new high-speed USB device number 2 using ehci-pci
[    5.984063] Write protecting the kernel read-only data: 22528k
[    5.991510] page_alloc: Freeing unused kernel memory: 2004K
[    6.001555] page_alloc: Freeing unused kernel memory: 1864K
[    6.017351] systemd-udevd[395]: starting version 204
[    6.024039] usb 2-1: new high-speed USB device number 2 using ehci-pci
[    6.062387] dca: dca service started, version 1.12.1
[    6.071674] ahci 0000:00:11.4: version 3.0
[    6.072028] ahci 0000:00:11.4: AHCI 0001.0300 32 slots 4 ports 6 Gbps 0xf impl SATA mode
[    6.081068] ahci 0000:00:11.4: flags: 64bit ncq pm led clo pio slum part ems apst 
[    6.092305] usb 1-1: New USB device found, idVendor=8087, idProduct=800a, bcdDevice= 0.05
[    6.101438] usb 1-1: New USB device strings: Mfr=0, Product=0, SerialNumber=0
[    6.109824] hub 1-1:1.0: USB hub found
[    6.109949] igb: Intel(R) Gigabit Ethernet Network Driver - version 5.4.0-k
[    6.114052] hub 1-1:1.0: 6 ports detected
[    6.121780] igb: Copyright (c) 2007-2014 Intel Corporation.
[    6.132652] mpt3sas: mpt3sas version 17.100.00.00 loaded
[    6.133003] igb 0000:01:00.0: PHY reset is blocked due to SOL/IDER session.
[    6.144043] tsc: Refined TSC clocksource calibration: 2593.746 MHz
[    6.146701] scsi host0: ahci
[    6.153304] clocksource: tsc: mask: 0xffffffffffffffff max_cycles: 0x2563286027e, max_idle_ns: 440795304218 ns
[    6.156663] mpt3sas: mpt3sas_cm0: 64 BIT PCI BUS DMA ADDRESSING SUPPORTED, total mem (161398684 kB)
[    6.177794] clocksource: Switched to clocksource tsc
[    6.183669] ixgbe: Intel(R) 10 Gigabit PCI Express Network Driver - version 5.1.0-k
[    6.187590] scsi host2: ahci
[    6.192220] ixgbe: Copyright (c) 1999-2016 Intel Corporation.
[    6.195563] scsi host3: ahci
[    6.204428] usb 2-1: New USB device found, idVendor=8087, idProduct=8002, bcdDevice= 0.05
[    6.205434] scsi host4: ahci
[    6.214246] usb 2-1: New USB device strings: Mfr=0, Product=0, SerialNumber=0
[    6.225593] hub 2-1:1.0: USB hub found
[    6.229951] hub 2-1:1.0: 8 ports detected
[    6.237873] igb 0000:01:00.0: added PHC on eth0
[    6.242930] igb 0000:01:00.0: Intel(R) Gigabit Ethernet Network Connection
[    6.250607] igb 0000:01:00.0: eth0: (PCIe:5.0Gb/s:Width x4) 70:e4:22:83:d4:0a
[    6.258643] igb 0000:01:00.0: eth0: PBA No: FFFFFF-0FF
[    6.264378] igb 0000:01:00.0: Using MSI-X interrupts. 8 rx queue(s), 8 tx queue(s)
[    6.272871] ata1: SATA max UDMA/133 abar m2048@0xc7004000 port 0xc7004100 irq 36
[    6.281128] ata2: SATA max UDMA/133 abar m2048@0xc7004000 port 0xc7004180 irq 36
[    6.289384] ata3: SATA max UDMA/133 abar m2048@0xc7004000 port 0xc7004200 irq 36
[    6.297638] ata4: SATA max UDMA/133 abar m2048@0xc7004000 port 0xc7004280 irq 36
[    6.306464] igb 0000:01:00.1: PHY reset is blocked due to SOL/IDER session.
[    6.314391] ahci 0000:00:1f.2: AHCI 0001.0300 32 slots 6 ports 6 Gbps 0x3f impl SATA mode
[    6.323522] ahci 0000:00:1f.2: flags: 64bit ncq pm led clo pio slum part ems apst 
[    6.355623] igb 0000:01:00.1: added PHC on eth1
[    6.360683] igb 0000:01:00.1: Intel(R) Gigabit Ethernet Network Connection
[    6.368357] igb 0000:01:00.1: eth1: (PCIe:5.0Gb/s:Width x4) 70:e4:22:83:d4:0b
[    6.376392] igb 0000:01:00.1: eth1: PBA No: FFFFFF-0FF
[    6.382128] igb 0000:01:00.1: Using MSI-X interrupts. 8 rx queue(s), 8 tx queue(s)
[    6.424309] ixgbe 0000:06:00.0: Multiqueue Enabled: Rx Queue count = 40, Tx Queue count = 40 XDP Queue count = 0
[    6.435949] ixgbe 0000:06:00.0: PCI Express bandwidth of 32GT/s available
[    6.443528] ixgbe 0000:06:00.0: (Speed:5.0GT/s, Width: x8, Encoding Loss:20%)
[    6.451812] ixgbe 0000:06:00.0: MAC: 2, PHY: 14, SFP+: 3, PBA No: E68793-000
[    6.459681] ixgbe 0000:06:00.0: 90:e2:ba:b3:b9:90
[    6.465645] scsi host5: ahci
[    6.469025] scsi host6: ahci
[    6.472395] scsi host7: ahci
[    6.476141] ixgbe 0000:06:00.0: Intel(R) 10 Gigabit Network Connection
[    6.483616] scsi host8: ahci
[    6.486985] scsi host9: ahci
[    6.490392] scsi host10: ahci
[    6.493744] ata5: SATA max UDMA/133 abar m2048@0xc7000000 port 0xc7000100 irq 57
[    6.502000] ata6: SATA max UDMA/133 abar m2048@0xc7000000 port 0xc7000180 irq 57
[    6.510256] ata7: SATA max UDMA/133 abar m2048@0xc7000000 port 0xc7000200 irq 57
[    6.518508] ata8: SATA max UDMA/133 abar m2048@0xc7000000 port 0xc7000280 irq 57
[    6.520036] usb 2-1.4: new high-speed USB device number 3 using ehci-pci
[    6.526764] ata9: SATA max UDMA/133 abar m2048@0xc7000000 port 0xc7000300 irq 57
[    6.526768] ata10: SATA max UDMA/133 abar m2048@0xc7000000 port 0xc7000380 irq 57
[    6.566961] mpt3sas: mpt3sas_cm0: CurrentHostPageSize is 0: Setting default host page size to 4k
[    6.576792] mpt3sas_cm0: MSI-X vectors supported: 96, no of cores: 40, max_msix_vectors: -1
[    6.586771] mpt3sas: mpt3sas0-msix0: PCI-MSI-X enabled: IRQ 102
[    6.593377] mpt3sas: mpt3sas0-msix1: PCI-MSI-X enabled: IRQ 103
[    6.599995] mpt3sas: mpt3sas0-msix2: PCI-MSI-X enabled: IRQ 104
[    6.606603] mpt3sas: mpt3sas0-msix3: PCI-MSI-X enabled: IRQ 105
[    6.613208] mpt3sas: mpt3sas0-msix4: PCI-MSI-X enabled: IRQ 106
[    6.618752] ata2: SATA link down (SStatus 0 SControl 300)
[    6.619813] mpt3sas: mpt3sas0-msix5: PCI-MSI-X enabled: IRQ 107
[    6.625870] ata1: SATA link down (SStatus 0 SControl 300)
[    6.632447] mpt3sas: mpt3sas0-msix6: PCI-MSI-X enabled: IRQ 108
[    6.638513] ata3: SATA link down (SStatus 0 SControl 300)
[    6.640303] usb 2-1.4: New USB device found, idVendor=0424, idProduct=2512, bcdDevice= b.b3
[    6.640307] usb 2-1.4: New USB device strings: Mfr=0, Product=0, SerialNumber=0
[    6.640582] hub 2-1.4:1.0: USB hub found
[    6.640676] hub 2-1.4:1.0: 2 ports detected
[    6.645091] mpt3sas: mpt3sas0-msix7: PCI-MSI-X enabled: IRQ 109
[    6.645095] mpt3sas: mpt3sas0-msix8: PCI-MSI-X enabled: IRQ 110
[    6.651182] ata4: SATA link down (SStatus 0 SControl 300)
[    6.660452] mpt3sas: mpt3sas0-msix9: PCI-MSI-X enabled: IRQ 111
[    6.660453] mpt3sas: mpt3sas0-msix10: PCI-MSI-X enabled: IRQ 112
[    6.660453] mpt3sas: mpt3sas0-msix11: PCI-MSI-X enabled: IRQ 113
[    6.660453] mpt3sas: mpt3sas0-msix12: PCI-MSI-X enabled: IRQ 114
[    6.660454] mpt3sas: mpt3sas0-msix13: PCI-MSI-X enabled: IRQ 115
[    6.660454] mpt3sas: mpt3sas0-msix14: PCI-MSI-X enabled: IRQ 116
[    6.660454] mpt3sas: mpt3sas0-msix15: PCI-MSI-X enabled: IRQ 117
[    6.660455] mpt3sas: mpt3sas0-msix16: PCI-MSI-X enabled: IRQ 118
[    6.660455] mpt3sas: mpt3sas0-msix17: PCI-MSI-X enabled: IRQ 119
[    6.660455] mpt3sas: mpt3sas0-msix18: PCI-MSI-X enabled: IRQ 120
[    6.660456] mpt3sas: mpt3sas0-msix19: PCI-MSI-X enabled: IRQ 121
[    6.660456] mpt3sas: mpt3sas0-msix20: PCI-MSI-X enabled: IRQ 122
[    6.660456] mpt3sas: mpt3sas0-msix21: PCI-MSI-X enabled: IRQ 123
[    6.660469] mpt3sas: mpt3sas0-msix22: PCI-MSI-X enabled: IRQ 124
[    6.660471] mpt3sas: mpt3sas0-msix23: PCI-MSI-X enabled: IRQ 125
[    6.728036] usb 2-1.6: new full-speed USB device number 4 using ehci-pci
[    6.730308] mpt3sas: mpt3sas0-msix24: PCI-MSI-X enabled: IRQ 126
[    6.811527] mpt3sas: mpt3sas0-msix25: PCI-MSI-X enabled: IRQ 127
[    6.818229] mpt3sas: mpt3sas0-msix26: PCI-MSI-X enabled: IRQ 128
[    6.824931] mpt3sas: mpt3sas0-msix27: PCI-MSI-X enabled: IRQ 129
[    6.831644] mpt3sas: mpt3sas0-msix28: PCI-MSI-X enabled: IRQ 130
[    6.838347] mpt3sas: mpt3sas0-msix29: PCI-MSI-X enabled: IRQ 131
[    6.845048] mpt3sas: mpt3sas0-msix30: PCI-MSI-X enabled: IRQ 132
[    6.846929] usb 2-1.6: New USB device found, idVendor=0624, idProduct=0402, bcdDevice= 0.00
[    6.851751] mpt3sas: mpt3sas0-msix31: PCI-MSI-X enabled: IRQ 133
[    6.851751] mpt3sas: mpt3sas0-msix32: PCI-MSI-X enabled: IRQ 134
[    6.851753] mpt3sas: mpt3sas0-msix33: PCI-MSI-X enabled: IRQ 135
[    6.861071] usb 2-1.6: New USB device strings: Mfr=1, Product=2, SerialNumber=3
[    6.861073] usb 2-1.6: Product: Cisco USB Composite Device-0
[    6.866668] ata5: SATA link down (SStatus 0 SControl 300)
[    6.866984] ata8: SATA link down (SStatus 0 SControl 300)
[    6.867010] ata9: SATA link down (SStatus 0 SControl 300)
[    6.867033] ata6: SATA link down (SStatus 0 SControl 300)
[    6.867058] ata10: SATA link down (SStatus 0 SControl 300)
[    6.867079] ata7: SATA link down (SStatus 0 SControl 300)
[    6.867784] mpt3sas: mpt3sas0-msix34: PCI-MSI-X enabled: IRQ 136
[    6.867786] mpt3sas: mpt3sas0-msix35: PCI-MSI-X enabled: IRQ 137
[    6.874488] usb 2-1.6: Manufacturer: Avocent
[    6.881187] mpt3sas: mpt3sas0-msix36: PCI-MSI-X enabled: IRQ 138
[    6.881187] mpt3sas: mpt3sas0-msix37: PCI-MSI-X enabled: IRQ 139
[    6.881188] mpt3sas: mpt3sas0-msix38: PCI-MSI-X enabled: IRQ 140
[    6.881189] mpt3sas: mpt3sas0-msix39: PCI-MSI-X enabled: IRQ 141
[    6.889355] usb 2-1.6: SerialNumber: 20111102-00000001
[    6.926053] hidraw: raw HID events driver (C) Jiri Kosina
[    6.931996] mpt3sas: mpt3sas_cm0: iomem(0x00000000c6e40000), mapped(0x        (ptrval)), size(65536)
[    6.998961] mpt3sas: mpt3sas_cm0: ioport(0x0000000000005000), size(256)
[    7.008498] usbcore: usbcore: registered new interface driver usbhid
[    7.015594] usbhid: usbhid: USB HID core driver
[    7.023873] input_core: Avocent Cisco USB Composite Device-0 as /devices/pci0000:00/0000:00:1d.0/usb2/2-1/2-1.6/2-1.6:1.0/0003:0624:0402.0001/input/input2
[    7.062882] mpt3sas: mpt3sas_cm0: CurrentHostPageSize is 0: Setting default host page size to 4k
[    7.072695] mpt3sas: mpt3sas_cm0: sending message unit reset !!
[    7.082078] mpt3sas: mpt3sas_cm0: message unit reset: SUCCESS
[    7.096264] hid-generic 0003:0624:0402.0001: input,hidraw0: USB HID v1.00 Keyboard [Avocent Cisco USB Composite Device-0] on usb-0000:00:1d.0-1.6/input0
[    7.111594] input_core: Avocent Cisco USB Composite Device-0 as /devices/pci0000:00/0000:00:1d.0/usb2/2-1/2-1.6/2-1.6:1.1/0003:0624:0402.0002/input/input3
[    7.127131] hid-generic 0003:0624:0402.0002: input,hidraw1: USB HID v1.00 Mouse [Avocent Cisco USB Composite Device-0] on usb-0000:00:1d.0-1.6/input1
[    7.142191] input_core: Avocent Cisco USB Composite Device-0 as /devices/pci0000:00/0000:00:1d.0/usb2/2-1/2-1.6/2-1.6:1.2/0003:0624:0402.0003/input/input4
[    7.157713] hid-generic 0003:0624:0402.0003: input,hidraw2: USB HID v1.00 Mouse [Avocent Cisco USB Composite Device-0] on usb-0000:00:1d.0-1.6/input2
[    7.176492] ixgbe 0000:06:00.1: Multiqueue Enabled: Rx Queue count = 40, Tx Queue count = 40 XDP Queue count = 0
[    7.188134] ixgbe 0000:06:00.1: PCI Express bandwidth of 32GT/s available
[    7.195711] ixgbe 0000:06:00.1: (Speed:5.0GT/s, Width: x8, Encoding Loss:20%)
[    7.204008] ixgbe 0000:06:00.1: MAC: 2, PHY: 14, SFP+: 4, PBA No: E68793-000
[    7.211876] ixgbe 0000:06:00.1: 90:e2:ba:b3:b9:91
[    7.218758] mpt3sas: mpt3sas_cm0: Allocated physical memory: size(22593 kB)
[    7.226528] mpt3sas: mpt3sas_cm0: Current Controller Queue Depth(10104),Max Controller Queue Depth(10240)
[    7.237204] mpt3sas: mpt3sas_cm0: Scatter Gather Elements per IO(128)
[    7.246779] ixgbe 0000:06:00.1: Intel(R) 10 Gigabit Network Connection
[    7.296376] mpt3sas: mpt3sas_cm0: LSISAS3108: FWVersion(11.65.06.00), ChipRevision(0x02), BiosVersion(08.27.03.00)
[    7.307922] mpt3sas: mpt3sas_cm0: Protocol=(
[    7.307923] mpt3sas: Initiator
[    7.312684] mpt3sas: ,Target
[    7.316092] mpt3sas: ), 
[    7.319301] mpt3sas: Capabilities=(
[    7.322127] mpt3sas: TLR
[    7.326018] mpt3sas: ,EEDP
[    7.328845] mpt3sas: ,Snapshot Buffer
[    7.331861] mpt3sas: ,Diag Trace Buffer
[    7.335946] mpt3sas: ,Task Set Full
[    7.340226] mpt3sas: ,NCQ
[    7.344117] mpt3sas: )
[    7.349698] scsi host1: Fusion MPT SAS Host
[    7.354527] ******blk_init_rl***** blk_init_rl:914 
[    7.360051] mpt3sas: mpt3sas_cm0: sending port enable !!
[    7.366839] random: random: fast init done
[    7.371715] mpt3sas: mpt3sas_cm0: host_add: handle(0x0001), sas_addr(0x578da6e715bfe0a0), phys(8)
[    7.384037] mpt3sas: mpt3sas_cm0: port enable: SUCCESS
[    7.389943] ******blk_init_rl***** blk_init_rl:914 
[    7.395509] ******blk_init_rl***** blk_init_rl:914 
[    7.401181] scsi 1:0:0:0: Direct-Access     HGST     HUC101212CSS600  A469 PQ: 0 ANSI: 6
[    7.410216] scsi 1:0:0:0: SSP: handle(0x0009), sas_addr(0x5000cca0729d0b55), phy(0), device_name(0x5000cca0729d0b57)
[    7.421970] scsi 1:0:0:0: enclosure logical id (0x578da6e715bfe0a0), slot(1) 
[    7.429933] scsi 1:0:0:0: enclosure level(0x0000), connector name(     )
[    7.438187] ******blk_init_rl***** blk_init_rl:914 
[    7.443731] ******blk_init_rl***** blk_init_rl:914 
[    7.449355] scsi 1:0:1:0: Direct-Access     HGST     HUC101212CSS600  A469 PQ: 0 ANSI: 6
[    7.458389] scsi 1:0:1:0: SSP: handle(0x000b), sas_addr(0x5000cca0729d3301), phy(1), device_name(0x5000cca0729d3303)
[    7.470136] scsi 1:0:1:0: enclosure logical id (0x578da6e715bfe0a0), slot(2) 
[    7.478098] scsi 1:0:1:0: enclosure level(0x0000), connector name(     )
[    7.486287] ******blk_init_rl***** blk_init_rl:914 
[    7.491854] ******blk_init_rl***** blk_init_rl:914 
[    7.497669] scsi 1:0:2:0: Direct-Access     ATA      INTEL SSDSC2BB48 0374 PQ: 0 ANSI: 6
[    7.506701] scsi 1:0:2:0: SATA: handle(0x000a), sas_addr(0x4433221102000000), phy(2), device_name(0x55cd2e404c5f52fd)
[    7.518542] scsi 1:0:2:0: enclosure logical id (0x578da6e715bfe0a0), slot(3) 
[    7.526507] scsi 1:0:2:0: enclosure level(0x0000), connector name(     )
[    7.534024] scsi 1:0:2:0: atapi(n), ncq(y), asyn_notify(n), smart(y), fua(y), sw_preserve(y)
[    7.544276] sd 1:0:0:0: Attached scsi generic sg0 type 0
[    7.544709] sd 1:0:0:0: [sda] 2344225968 512-byte logical blocks: (1.20 TB/1.09 TiB)
[    7.550373] sd 1:0:1:0: Attached scsi generic sg1 type 0
[    7.550789] sd 1:0:1:0: [sdb] 2344225968 512-byte logical blocks: (1.20 TB/1.09 TiB)
[    7.551020] sd 1:0:1:0: [sdb] Write Protect is off
[    7.551024] sd 1:0:1:0: [sdb] Mode Sense: f7 00 10 08
[    7.551366] sd 1:0:1:0: [sdb] Write cache: enabled, read cache: enabled, supports DPO and FUA
[    7.559085] sd 1:0:0:0: [sda] Write Protect is off
[    7.562317] sd 1:0:1:0: [sdb] Attached SCSI disk
[    7.564988] sd 1:0:2:0: Attached scsi generic sg2 type 0
[    7.566164] sd 1:0:2:0: [sdc] 937703088 512-byte logical blocks: (480 GB/447 GiB)
[    7.566169] sd 1:0:2:0: [sdc] 4096-byte physical blocks
[    7.566683] sd 1:0:2:0: [sdc] Write Protect is off
[    7.566685] sd 1:0:2:0: [sdc] Mode Sense: 9b 00 10 08
[    7.567003] sd 1:0:2:0: [sdc] Write cache: enabled, read cache: enabled, supports DPO and FUA
[    7.569927]  sdc: sdc1
[    7.573233] sd 1:0:2:0: [sdc] Attached SCSI disk
[    7.573444] sd 1:0:0:0: [sda] Mode Sense: f7 00 10 08
[    7.573748] sd 1:0:0:0: [sda] Write cache: enabled, read cache: enabled, supports DPO and FUA
[    7.672345]  sda: sda1 sda2 sda3 sda4
[    7.701676] sd 1:0:0:0: [sda] Attached SCSI disk
[   12.825009] EXT4-fs (sda1): mounting ext3 file system using the ext4 subsystem
[   12.853935] EXT4-fs (sda1): mounted filesystem with ordered data mode. Opts: (null)
[   13.423333] random: init: uninitialized urandom read (12 bytes read)
[   13.752404] init: ureadahead main process (572) terminated with status 5
[   13.959164] random: mountall: uninitialized urandom read (12 bytes read)
[   14.118258] swapfile: Adding 3145724k swap on /dev/sda3.  Priority:-2 extents:1 across:3145724k FS
[   14.280149] random: lsb_release: uninitialized urandom read (24 bytes read)
[   14.622413] systemd-udevd[695]: starting version 204
[   14.936921] lp: driver loaded but no devices found
[   15.036631] EXT4-fs (sda1): re-mounted. Opts: errors=remount-ro
[   15.166213] EXT4-fs (sdc1): mounted filesystem with ordered data mode. Opts: (null)
[   15.250276] random: random: crng init done
[   15.255355] power_meter ACPI000D:00: Found ACPI power meter.
[   15.255365] power_meter ACPI000D:00: Ignoring unsafe software power cap!
[   15.262892] power_meter ACPI000D:00: hwmon_device_register() is deprecated. Please convert the driver to use hwmon_device_register_with_info().
[   15.324186] ipmi_si: IPMI System Interface driver.
[   15.324199] ipmi_si dmi-ipmi-si.0: ipmi_platform: probing via SMBIOS
[   15.324200] ipmi_si: ipmi_si: SMBIOS: io 0xca2 regsize 1 spacing 1 irq 0
[   15.324201] ipmi_si: ipmi_si: Adding SMBIOS-specified kcs state machine
[   15.324223] ipmi_si IPI0001:00: ipmi_platform: probing via ACPI
[   15.324237] ipmi_si IPI0001:00: [io  0x0ca2] regsize 1 spacing 1 irq 0
[   15.324238] ipmi_si dmi-ipmi-si.0: Removing SMBIOS-specified kcs state machine in favor of ACPI
[   15.336034] ipmi_si: ipmi_si: Adding ACPI-specified kcs state machine
[   15.336120] ipmi_si: ipmi_si: Trying ACPI-specified kcs state machine at i/o address 0xca2, slave address 0x20, irq 0
[   15.368219] power_meter ACPI000D:01: Found ACPI power meter.
[   15.368252] power_meter ACPI000D:01: Ignoring unsafe software power cap!
[   15.375754] power_meter ACPI000D:01: hwmon_device_register() is deprecated. Please convert the driver to use hwmon_device_register_with_info().
[   15.532517] mei_me 0000:00:16.0: Device doesn't have valid ME Interface
[   15.598894] cryptd: cryptd: max_cpu_qlen set to 1000
[   15.674702] ipmi_si IPI0001:00: Found new BMC (man_id: 0x00168b, prod_id: 0x0015, dev_id: 0x20)
[   15.686567] ipmi_si IPI0001:00: IPMI kcs interface initialized
[   15.690717] aesni_intel: AVX2 version of gcm_enc/dec engaged.
[   15.690718] aesni_intel: AES CTR mode by8 optimization enabled
[   15.861928] FS-Cache: Loaded
[   16.348219] RPC: Registered named UNIX socket transport module.
[   16.348221] RPC: Registered udp transport module.
[   16.348221] RPC: Registered tcp transport module.
[   16.348221] RPC: Registered tcp NFSv4.1 backchannel transport module.
[   16.823995] ixgbe 0000:06:00.1: registered PHC device on eth3
[   16.933172] ipv6: ADDRCONF(NETDEV_UP): eth3: link is not ready
[   17.004015] ixgbe 0000:06:00.1 eth3: detected SFP+: 4
[   17.102956] EDAC sbridge: Seeking for: PCI ID 8086:2fa0
[   17.102968] EDAC sbridge: Seeking for: PCI ID 8086:2fa0
[   17.102980] EDAC sbridge: Seeking for: PCI ID 8086:2fa0
[   17.102989] EDAC sbridge: Seeking for: PCI ID 8086:2f60
[   17.102993] EDAC sbridge: Seeking for: PCI ID 8086:2f60
[   17.102997] EDAC sbridge: Seeking for: PCI ID 8086:2f60
[   17.103001] EDAC sbridge: Seeking for: PCI ID 8086:2fa8
[   17.103004] EDAC sbridge: Seeking for: PCI ID 8086:2fa8
[   17.103009] EDAC sbridge: Seeking for: PCI ID 8086:2fa8
[   17.103012] EDAC sbridge: Seeking for: PCI ID 8086:2f71
[   17.103015] EDAC sbridge: Seeking for: PCI ID 8086:2f71
[   17.103020] EDAC sbridge: Seeking for: PCI ID 8086:2f71
[   17.103023] EDAC sbridge: Seeking for: PCI ID 8086:2faa
[   17.103026] EDAC sbridge: Seeking for: PCI ID 8086:2faa
[   17.103031] EDAC sbridge: Seeking for: PCI ID 8086:2faa
[   17.103034] EDAC sbridge: Seeking for: PCI ID 8086:2fab
[   17.103037] EDAC sbridge: Seeking for: PCI ID 8086:2fab
[   17.103042] EDAC sbridge: Seeking for: PCI ID 8086:2fab
[   17.103045] EDAC sbridge: Seeking for: PCI ID 8086:2fac
[   17.103052] EDAC sbridge: Seeking for: PCI ID 8086:2fad
[   17.103059] EDAC sbridge: Seeking for: PCI ID 8086:2f68
[   17.103063] EDAC sbridge: Seeking for: PCI ID 8086:2f68
[   17.103068] EDAC sbridge: Seeking for: PCI ID 8086:2f68
[   17.103070] EDAC sbridge: Seeking for: PCI ID 8086:2f79
[   17.103074] EDAC sbridge: Seeking for: PCI ID 8086:2f79
[   17.103079] EDAC sbridge: Seeking for: PCI ID 8086:2f79
[   17.103082] EDAC sbridge: Seeking for: PCI ID 8086:2f6a
[   17.103086] EDAC sbridge: Seeking for: PCI ID 8086:2f6a
[   17.103090] EDAC sbridge: Seeking for: PCI ID 8086:2f6a
[   17.103093] EDAC sbridge: Seeking for: PCI ID 8086:2f6b
[   17.103097] EDAC sbridge: Seeking for: PCI ID 8086:2f6b
[   17.103101] EDAC sbridge: Seeking for: PCI ID 8086:2f6b
[   17.103104] EDAC sbridge: Seeking for: PCI ID 8086:2f6c
[   17.103111] EDAC sbridge: Seeking for: PCI ID 8086:2f6d
[   17.103118] EDAC sbridge: Seeking for: PCI ID 8086:2ffc
[   17.103121] EDAC sbridge: Seeking for: PCI ID 8086:2ffc
[   17.103125] EDAC sbridge: Seeking for: PCI ID 8086:2ffc
[   17.103129] EDAC sbridge: Seeking for: PCI ID 8086:2ffd
[   17.103132] EDAC sbridge: Seeking for: PCI ID 8086:2ffd
[   17.103137] EDAC sbridge: Seeking for: PCI ID 8086:2ffd
[   17.103140] EDAC sbridge: Seeking for: PCI ID 8086:2fbd
[   17.103144] EDAC sbridge: Seeking for: PCI ID 8086:2fbd
[   17.103149] EDAC sbridge: Seeking for: PCI ID 8086:2fbd
[   17.103152] EDAC sbridge: Seeking for: PCI ID 8086:2fbf
[   17.103156] EDAC sbridge: Seeking for: PCI ID 8086:2fbf
[   17.103160] EDAC sbridge: Seeking for: PCI ID 8086:2fbf
[   17.103163] EDAC sbridge: Seeking for: PCI ID 8086:2fb9
[   17.103167] EDAC sbridge: Seeking for: PCI ID 8086:2fb9
[   17.103172] EDAC sbridge: Seeking for: PCI ID 8086:2fb9
[   17.103174] EDAC sbridge: Seeking for: PCI ID 8086:2fbb
[   17.103178] EDAC sbridge: Seeking for: PCI ID 8086:2fbb
[   17.103183] EDAC sbridge: Seeking for: PCI ID 8086:2fbb
[   17.103362] EDAC MC0: Giving out device to module sb_edac controller Haswell SrcID#1_Ha#0: DEV 0000:ff:12.0 (INTERRUPT)
[   17.103519] EDAC MC1: Giving out device to module sb_edac controller Haswell SrcID#0_Ha#0: DEV 0000:7f:12.0 (INTERRUPT)
[   17.103646] EDAC MC2: Giving out device to module sb_edac controller Haswell SrcID#1_Ha#1: DEV 0000:ff:12.4 (INTERRUPT)
[   17.103895] EDAC MC3: Giving out device to module sb_edac controller Haswell SrcID#0_Ha#1: DEV 0000:7f:12.4 (INTERRUPT)
[   17.103896] EDAC sbridge:  Ver: 1.1.2 
[   17.143497] intel_rapl: Found RAPL domain package
[   17.143500] intel_rapl: Found RAPL domain dram
[   17.143502] intel_rapl: DRAM domain energy unit 15300pj
[   17.143623] intel_rapl: Found RAPL domain package
[   17.143628] intel_rapl: Found RAPL domain dram
[   17.143630] intel_rapl: DRAM domain energy unit 15300pj
[   17.170284] ixgbe 0000:06:00.0: registered PHC device on eth2
[   17.175228] FS-Cache: Netfs 'nfs' registered for caching
[   17.277251] ipv6: ADDRCONF(NETDEV_UP): eth2: link is not ready
[   17.340291] ixgbe 0000:06:00.0 eth2: detected SFP+: 3
[   17.366379] ipv6: ADDRCONF(NETDEV_UP): eth1: link is not ready
[   17.453961] igb 0000:01:00.0 eth0: igb: eth0 NIC Link is Up 1000 Mbps Full Duplex, Flow Control: RX
[   17.454252] ipv6: ADDRCONF(NETDEV_UP): eth0: link is not ready
[   17.454257] ipv6: ADDRCONF(NETDEV_CHANGE): eth0: link becomes ready
[   17.609591] Installing knfsd (copyright (C) 1996 okir@monad.swb.de).
[   18.230026] ixgbe 0000:06:00.0: removed PHC on eth2
[   18.312145] ixgbe 0000:06:00.1: removed PHC on eth3
[   19.618120] init: failsafe main process (1457) killed by TERM signal
[   19.735084] init: Failed to obtain startpar-bridge instance: Unknown parameter: INSTANCE
[   19.856958] Loading iSCSI transport class v2.0-870.
[   19.973165] iscsi: registered transport (tcp)
[   20.335908] iscsi: registered transport (iser)
[   21.604227] init: udev-fallback-graphics main process (1747) terminated with status 1
[   22.955628] proc: postgres (2056): /proc/2056/oom_adj is deprecated, please use /proc/2056/oom_score_adj instead.
[ 1369.316232] module: nvmemul: loading out-of-tree module taints kernel.
[ 1369.316269] module: nvmemul: module verification failed: signature and/or required key missing - tainting kernel
[ 1369.316552] nvmemul: Loading. Initializing...
[ 1369.316555] nvmemul: major is 245
[ 1370.591377] nvmemul: ioctl command: 0xc008aa02
[ 1370.591381] nvmemul: getpci bus_id 0x7f device_id 0x14, function_id 0x0, offset 0x190, val 0xfff
[ 1370.591385] nvmemul: ioctl command: 0x8008aa01
[ 1370.591387] nvmemul: setpci bus_id=0x7f device_id=0x14, function_id=0x0, val=0x8fff
[ 1370.591389] nvmemul: ioctl command: 0x8008aa01
[ 1370.591390] nvmemul: setpci bus_id=0x7f device_id=0x14, function_id=0x1, val=0x8fff
[ 1370.591392] nvmemul: ioctl command: 0x8008aa01
[ 1370.591393] nvmemul: setpci bus_id=0x7f device_id=0x17, function_id=0x0, val=0x8fff
[ 1370.591395] nvmemul: ioctl command: 0x8008aa01
[ 1370.591396] nvmemul: setpci bus_id=0x7f device_id=0x17, function_id=0x1, val=0x8fff
[ 1370.591398] nvmemul: ioctl command: 0x8008aa01
[ 1370.591399] nvmemul: setpci bus_id=0xff device_id=0x14, function_id=0x0, val=0x800f
[ 1370.591402] nvmemul: ioctl command: 0x8008aa01
[ 1370.591403] nvmemul: setpci bus_id=0xff device_id=0x14, function_id=0x1, val=0x800f
[ 1370.591405] nvmemul: ioctl command: 0x8008aa01
[ 1370.591406] nvmemul: setpci bus_id=0xff device_id=0x17, function_id=0x0, val=0x800f
[ 1370.591408] nvmemul: ioctl command: 0x8008aa01
[ 1370.591409] nvmemul: setpci bus_id=0xff device_id=0x17, function_id=0x1, val=0x800f
[ 1389.292335] perf: interrupt took too long (3241 > 2500), lowering kernel.perf_event_max_sample_rate to 61500
[ 1399.365684] perf: interrupt took too long (4778 > 4051), lowering kernel.perf_event_max_sample_rate to 41750
[ 1402.660059] nvmemul: ioctl command: 0x8008aa01
[ 1402.660088] nvmemul: setpci bus_id=0x7f device_id=0x14, function_id=0x0, val=0x800f
[ 1402.660100] nvmemul: ioctl command: 0x8008aa01
[ 1402.660104] nvmemul: setpci bus_id=0x7f device_id=0x14, function_id=0x1, val=0x800f
[ 1402.660113] nvmemul: ioctl command: 0x8008aa01
[ 1402.660135] nvmemul: setpci bus_id=0x7f device_id=0x17, function_id=0x0, val=0x800f
[ 1402.660144] nvmemul: ioctl command: 0x8008aa01
[ 1402.660150] nvmemul: setpci bus_id=0x7f device_id=0x17, function_id=0x1, val=0x800f
[ 1402.660159] nvmemul: ioctl command: 0xc008aa02
[ 1402.660165] nvmemul: getpci bus_id 0xff device_id 0x14, function_id 0x0, offset 0x190, val 0x800f
[ 1402.660175] nvmemul: ioctl command: 0x8008aa01
[ 1402.660181] nvmemul: setpci bus_id=0xff device_id=0x14, function_id=0x0, val=0x8fff
[ 1402.660183] nvmemul: ioctl command: 0x8008aa01
[ 1402.660184] nvmemul: setpci bus_id=0xff device_id=0x14, function_id=0x1, val=0x8fff
[ 1402.660190] nvmemul: ioctl command: 0x8008aa01
[ 1402.660191] nvmemul: setpci bus_id=0xff device_id=0x17, function_id=0x0, val=0x8fff
[ 1402.660194] nvmemul: ioctl command: 0x8008aa01
[ 1402.660195] nvmemul: setpci bus_id=0xff device_id=0x17, function_id=0x1, val=0x8fff
[ 1408.469743] INFO: NMI handler (ghes_notify_nmi) took too long to run: 1.338 msecs
[ 1408.470821] INFO: NMI handler (perf_event_nmi_handler) took too long to run: 1.330 msecs
[ 1408.471012] perf: interrupt took too long (9908 > 5972), lowering kernel.perf_event_max_sample_rate to 20000
[ 1408.953666] INFO: NMI handler (ghes_notify_nmi) took too long to run: 1.515 msecs
[ 1408.954544] INFO: NMI handler (perf_event_nmi_handler) took too long to run: 1.692 msecs
[ 1408.954598] perf: interrupt took too long (12892 > 12385), lowering kernel.perf_event_max_sample_rate to 15500
[ 1412.964559] INFO: NMI handler (ghes_notify_nmi) took too long to run: 2.046 msecs
[ 1417.418400] INFO: NMI handler (perf_event_nmi_handler) took too long to run: 1.922 msecs
[ 1419.096681] perf: interrupt took too long (18607 > 16115), lowering kernel.perf_event_max_sample_rate to 10500
[ 1419.386960] INFO: NMI handler (ghes_notify_nmi) took too long to run: 2.430 msecs
[ 1419.387536] INFO: NMI handler (perf_event_nmi_handler) took too long to run: 2.154 msecs
[ 1419.954724] perf: interrupt took too long (24572 > 23258), lowering kernel.perf_event_max_sample_rate to 8000
[ 1430.401548] perf: interrupt took too long (35198 > 30715), lowering kernel.perf_event_max_sample_rate to 5500
[ 1437.977061] nvmemul: ioctl command: 0xc008aa02
[ 1437.977077] nvmemul: getpci bus_id 0x7f device_id 0x14, function_id 0x0, offset 0x190, val 0x800f
[ 1437.977100] nvmemul: ioctl command: 0x8008aa01
[ 1437.977102] nvmemul: setpci bus_id=0x7f device_id=0x14, function_id=0x0, val=0x8fff
[ 1437.977104] nvmemul: ioctl command: 0x8008aa01
[ 1437.977105] nvmemul: setpci bus_id=0x7f device_id=0x14, function_id=0x1, val=0x8fff
[ 1437.977107] nvmemul: ioctl command: 0x8008aa01
[ 1437.977108] nvmemul: setpci bus_id=0x7f device_id=0x17, function_id=0x0, val=0x8fff
[ 1437.977111] nvmemul: ioctl command: 0x8008aa01
[ 1437.977112] nvmemul: setpci bus_id=0x7f device_id=0x17, function_id=0x1, val=0x8fff
[ 1437.977114] nvmemul: ioctl command: 0xc008aa02
[ 1437.977115] nvmemul: getpci bus_id 0xff device_id 0x14, function_id 0x0, offset 0x190, val 0x8fff
[ 1446.594685] nvmemul: ioctl command: 0xc008aa02
[ 1446.594689] nvmemul: getpci bus_id 0xff device_id 0x14, function_id 0x0, offset 0x190, val 0x8fff
[ 1446.594693] nvmemul: ioctl command: 0xc008aa02
[ 1446.594694] nvmemul: getpci bus_id 0xff device_id 0x14, function_id 0x0, offset 0x190, val 0x8fff
[ 1446.594697] nvmemul: ioctl command: 0x8008aa01
[ 1446.594699] nvmemul: setpci bus_id=0xff device_id=0x14, function_id=0x0, val=0x800f
[ 1446.594701] nvmemul: ioctl command: 0x8008aa01
[ 1446.594702] nvmemul: setpci bus_id=0xff device_id=0x14, function_id=0x1, val=0x800f
[ 1446.594704] nvmemul: ioctl command: 0x8008aa01
[ 1446.594706] nvmemul: setpci bus_id=0xff device_id=0x17, function_id=0x0, val=0x800f
[ 1446.594708] nvmemul: ioctl command: 0x8008aa01
[ 1446.594709] nvmemul: setpci bus_id=0xff device_id=0x17, function_id=0x1, val=0x800f
[ 1476.352379] nvmemul: ioctl command: 0xc008aa02
[ 1476.352432] nvmemul: getpci bus_id 0xff device_id 0x14, function_id 0x0, offset 0x190, val 0x800f
[ 1476.352441] nvmemul: ioctl command: 0x8008aa01
[ 1476.352448] nvmemul: setpci bus_id=0xff device_id=0x14, function_id=0x0, val=0x801e
[ 1476.352450] nvmemul: ioctl command: 0x8008aa01
[ 1476.352451] nvmemul: setpci bus_id=0xff device_id=0x14, function_id=0x1, val=0x801e
[ 1476.352456] nvmemul: ioctl command: 0x8008aa01
[ 1476.352457] nvmemul: setpci bus_id=0xff device_id=0x17, function_id=0x0, val=0x801e
[ 1476.352459] nvmemul: ioctl command: 0x8008aa01
[ 1476.352460] nvmemul: setpci bus_id=0xff device_id=0x17, function_id=0x1, val=0x801e
[ 1491.288187] nvmemul: ioctl command: 0xc008aa02
[ 1491.288210] nvmemul: getpci bus_id 0xff device_id 0x14, function_id 0x0, offset 0x190, val 0x801e
[ 1491.288218] nvmemul: ioctl command: 0x8008aa01
[ 1491.288225] nvmemul: setpci bus_id=0xff device_id=0x14, function_id=0x0, val=0x802d
[ 1491.288227] nvmemul: ioctl command: 0x8008aa01
[ 1491.288228] nvmemul: setpci bus_id=0xff device_id=0x14, function_id=0x1, val=0x802d
[ 1491.288231] nvmemul: ioctl command: 0x8008aa01
[ 1491.288232] nvmemul: setpci bus_id=0xff device_id=0x17, function_id=0x0, val=0x802d
[ 1491.288234] nvmemul: ioctl command: 0x8008aa01
[ 1491.288235] nvmemul: setpci bus_id=0xff device_id=0x17, function_id=0x1, val=0x802d
[ 1501.846482] nvmemul: ioctl command: 0xc008aa02
[ 1501.846489] nvmemul: getpci bus_id 0xff device_id 0x14, function_id 0x0, offset 0x190, val 0x802d
[ 1501.846498] nvmemul: ioctl command: 0x8008aa01
[ 1501.846499] nvmemul: setpci bus_id=0xff device_id=0x14, function_id=0x0, val=0x803c
[ 1501.846502] nvmemul: ioctl command: 0x8008aa01
[ 1501.846502] nvmemul: setpci bus_id=0xff device_id=0x14, function_id=0x1, val=0x803c
[ 1501.846505] nvmemul: ioctl command: 0x8008aa01
[ 1501.846506] nvmemul: setpci bus_id=0xff device_id=0x17, function_id=0x0, val=0x803c
[ 1501.846508] nvmemul: ioctl command: 0x8008aa01
[ 1501.846509] nvmemul: setpci bus_id=0xff device_id=0x17, function_id=0x1, val=0x803c
[ 1510.464777] nvmemul: ioctl command: 0xc008aa02
[ 1510.464791] nvmemul: getpci bus_id 0xff device_id 0x14, function_id 0x0, offset 0x190, val 0x803c
[ 1510.464798] nvmemul: ioctl command: 0x8008aa01
[ 1510.464799] nvmemul: setpci bus_id=0xff device_id=0x14, function_id=0x0, val=0x804b
[ 1510.464802] nvmemul: ioctl command: 0x8008aa01
[ 1510.464803] nvmemul: setpci bus_id=0xff device_id=0x14, function_id=0x1, val=0x804b
[ 1510.464805] nvmemul: ioctl command: 0x8008aa01
[ 1510.464806] nvmemul: setpci bus_id=0xff device_id=0x17, function_id=0x0, val=0x804b
[ 1510.464808] nvmemul: ioctl command: 0x8008aa01
[ 1510.464809] nvmemul: setpci bus_id=0xff device_id=0x17, function_id=0x1, val=0x804b
[ 1557.571461] EXT4-fs (loop0): mounted filesystem with ordered data mode. Opts: (null)
[ 1558.854454] drop_caches: sh (4014): drop_caches: 3
[ 1562.424235] drop_caches: sh (4022): drop_caches: 3
[ 1563.814888] flag is set to collect hetero allocate  9 
[ 1563.814892] flag is set to enable HETERO_PGCACHE 11 
[ 1563.814892] flag is set to enable HETERO_BUFFER 12 
[ 1563.814893] flag is set to enable HETERO_JOURNAL 13 
[ 1563.814894] flag is set to enable HETERO_RADIX 14 
[ 1563.814895] flag is set to enable HETERO_FULLKERN 15 
