++ ROCKSDB=/users/skannan/ssd/NVM/appbench/apps/rocksdb
++ USEPLAINTABLE=--use_plain_table=1
++ DISABLEDATASYNC=--disable_data_sync=0
++ STORAGE=/users/skannan/ssd/NVM/appbench/shared_data/rocksdb/DATA
++ mkdir -p /users/skannan/ssd/NVM/appbench/shared_data/rocksdb/DATA
++ BENCHMARK=fillseq,readwhilewriting
++ rm '/users/skannan/ssd/NVM/appbench/shared_data/rocksdb/DATA/*'
rm: cannot remove ‘/users/skannan/ssd/NVM/appbench/shared_data/rocksdb/DATA/*’: No such file or directory
++ NUMVALS=' --num=350000'
++ VALSIZE=' --value_size=4096'
++ OTHERPARAMS='--db=/users/skannan/ssd/NVM/appbench/shared_data/rocksdb/DATA --num_levels=6 --key_size=20 --prefix_size=12 --keys_per_prefix=10  --value_size=4096 --cache_size=17179869184 --cache_numshardbits=6 --compression_type=none --compression_ratio=1 --min_level_to_compress=-1 --disable_seek_compaction=1 --hard_rate_limit=2 --write_buffer_size=134217728 --max_write_buffer_number=2 --level0_file_num_compaction_trigger=8 --target_file_size_base=134217728 --max_bytes_for_level_base=1073741824 --disable_wal=0 --wal_dir=/users/skannan/ssd/NVM/appbench/shared_data/rocksdb/DATA/WAL_LOG --sync=0  --verify_checksum=1 --delete_obsolete_files_period_micros=314572800 --max_background_compactions=4 --max_background_flushes=0 --level0_slowdown_writes_trigger=16 --level0_stop_writes_trigger=24 --statistics=0 --stats_per_interval=0 --stats_interval=1048576 --histogram=0 --use_plain_table=1 --open_files=-1 --mmap_read=1 --mmap_write=0 --bloom_bits=10 --bloom_locality=1 --benchmarks=filluniquerandom --use_existing_db=0  --num=350000 --threads=16'
++ OTHERPARAMSRUN='--db=/users/skannan/ssd/NVM/appbench/shared_data/rocksdb/DATA --num_levels=6 --key_size=20 --prefix_size=12 --keys_per_prefix=10  --value_size=4096 --compression_type=none --compression_ratio=1 --min_level_to_compress=-1 --disable_seek_compaction=1 --hard_rate_limit=2 --write_buffer_size=134217728 --max_write_buffer_number=2 --level0_file_num_compaction_trigger=8 --target_file_size_base=134217728 --max_bytes_for_level_base=1073741824 --disable_wal=0 --wal_dir=/users/skannan/ssd/NVM/appbench/shared_data/rocksdb/DATA/WAL_LOG --verify_checksum=1 --delete_obsolete_files_period_micros=314572800 --max_background_compactions=4 --max_background_flushes=0 --level0_slowdown_writes_trigger=16 --level0_stop_writes_trigger=24 --statistics=0 --stats_per_interval=0 --stats_interval=1048576 --histogram=0 --use_plain_table=1 --open_files=-1 --mmap_read=1 --mmap_write=0 --bloom_bits=10 --bloom_locality=1 --duration=60 --benchmarks=fillseq,readwhilewriting  --num=350000 --threads=32'
++ rm -rf /users/skannan/ssd/NVM/appbench/shared_data/rocksdb/DATA/rocksdb
++ /users/skannan/ssd/NVM/appbench/apps/rocksdb/db_bench --db=/users/skannan/ssd/NVM/appbench/shared_data/rocksdb/DATA/rocksdb --db=/users/skannan/ssd/NVM/appbench/shared_data/rocksdb/DATA --num_levels=6 --key_size=20 --prefix_size=12 --keys_per_prefix=10 --value_size=4096 --cache_size=17179869184 --cache_numshardbits=6 --compression_type=none --compression_ratio=1 --min_level_to_compress=-1 --disable_seek_compaction=1 --hard_rate_limit=2 --write_buffer_size=134217728 --max_write_buffer_number=2 --level0_file_num_compaction_trigger=8 --target_file_size_base=134217728 --max_bytes_for_level_base=1073741824 --disable_wal=0 --wal_dir=/users/skannan/ssd/NVM/appbench/shared_data/rocksdb/DATA/WAL_LOG --sync=0 --verify_checksum=1 --delete_obsolete_files_period_micros=314572800 --max_background_compactions=4 --max_background_flushes=0 --level0_slowdown_writes_trigger=16 --level0_stop_writes_trigger=24 --statistics=0 --stats_per_interval=0 --stats_interval=1048576 --histogram=0 --use_plain_table=1 --open_files=-1 --mmap_read=1 --mmap_write=0 --bloom_bits=10 --bloom_locality=1 --benchmarks=filluniquerandom --use_existing_db=0 --num=350000 --threads=16
Waring: plain table is used with skipList
RocksDB:    version 6.2
Date:       Sat Aug  3 18:25:24 2019
CPU:        40 * Intel(R) Xeon(R) CPU E5-2660 v3 @ 2.60GHz
CPUCache:   25600 KB
filluniquerandom multithreaded not supported, use 1 threadWaring: plain table is used with skipList
Initializing RocksDB Options from the specified file
Initializing RocksDB Options from command-line flags
Keys:       20 bytes each
Values:     4096 bytes each (4096 bytes after compression)
Entries:    350000
Prefix:    12 bytes
Keys per prefix:    10
RawSize:    1373.9 MB (estimated)
FileSize:   1373.9 MB (estimated)
Write rate: 0 bytes/second
Read rate: 0 ops/second
Compression: NoCompression
Compression sampling rate: 0
Memtablerep: skip_list
Perf Level: 1
------------------------------------------------
Initializing RocksDB Options from the specified file
Initializing RocksDB Options from command-line flags
DB path: [/users/skannan/ssd/NVM/appbench/shared_data/rocksdb/DATA]
filluniquerandom :      17.368 micros/op 57574 ops/sec;  226.0 MB/s
++ export LD_PRELOAD=/users/skannan/ssd/NVM/appbench/shared_libs/construct/libmigration.so
++ LD_PRELOAD=/users/skannan/ssd/NVM/appbench/shared_libs/construct/libmigration.so
++ numactl --preferred=0 /users/skannan/ssd/NVM/appbench/apps/rocksdb/db_bench --db=/users/skannan/ssd/NVM/appbench/shared_data/rocksdb/DATA/rocksdb --db=/users/skannan/ssd/NVM/appbench/shared_data/rocksdb/DATA --num_levels=6 --key_size=20 --prefix_size=12 --keys_per_prefix=10 --value_size=4096 --compression_type=none --compression_ratio=1 --min_level_to_compress=-1 --disable_seek_compaction=1 --hard_rate_limit=2 --write_buffer_size=134217728 --max_write_buffer_number=2 --level0_file_num_compaction_trigger=8 --target_file_size_base=134217728 --max_bytes_for_level_base=1073741824 --disable_wal=0 --wal_dir=/users/skannan/ssd/NVM/appbench/shared_data/rocksdb/DATA/WAL_LOG --verify_checksum=1 --delete_obsolete_files_period_micros=314572800 --max_background_compactions=4 --max_background_flushes=0 --level0_slowdown_writes_trigger=16 --level0_stop_writes_trigger=24 --statistics=0 --stats_per_interval=0 --stats_interval=1048576 --histogram=0 --use_plain_table=1 --open_files=-1 --mmap_read=1 --mmap_write=0 --bloom_bits=10 --bloom_locality=1 --duration=60 --benchmarks=fillseq,readwhilewriting --num=350000 --threads=32
initiating tracing...
initiating tracing...
Waring: plain table is used with skipList
RocksDB:    version 6.2
Date:       Sat Aug  3 18:25:31 2019
CPU:        40 * Intel(R) Xeon(R) CPU E5-2660 v3 @ 2.60GHz
CPUCache:   25600 KB
Waring: plain table is used with skipList
Initializing RocksDB Options from the specified file
Initializing RocksDB Options from command-line flags
Keys:       20 bytes each
Values:     4096 bytes each (4096 bytes after compression)
Entries:    350000
Prefix:    12 bytes
Keys per prefix:    10
RawSize:    1373.9 MB (estimated)
FileSize:   1373.9 MB (estimated)
Write rate: 0 bytes/second
Read rate: 0 ops/second
Compression: NoCompression
Compression sampling rate: 0
Memtablerep: skip_list
Perf Level: 1
------------------------------------------------
Initializing RocksDB Options from the specified file
Initializing RocksDB Options from command-line flags
DB path: [/users/skannan/ssd/NVM/appbench/shared_data/rocksdb/DATA]
fillseq      :     224.302 micros/op 141947 ops/sec;  557.2 MB/s
2019/08/03-18:26:59  ... thread 25: (1048576,1048576) ops and (119660.7,119660.7) ops/second in (8.762911,8.762911) seconds
2019/08/03-18:27:02  ... thread 27: (1048576,1048576) ops and (86778.7,86778.7) ops/second in (12.083338,12.083338) seconds
2019/08/03-18:27:03  ... thread 30: (1048576,1048576) ops and (81337.0,81337.0) ops/second in (12.891742,12.891742) seconds
2019/08/03-18:27:04  ... thread 28: (1048576,1048576) ops and (73559.3,73559.3) ops/second in (14.254842,14.254842) seconds
2019/08/03-18:27:05  ... thread 1: (1048576,1048576) ops and (72011.3,72011.3) ops/second in (14.561267,14.561267) seconds
2019/08/03-18:27:06  ... thread 14: (1048576,1048576) ops and (64447.5,64447.5) ops/second in (16.270228,16.270228) seconds
2019/08/03-18:27:10  ... thread 8: (1048576,1048576) ops and (52920.4,52920.4) ops/second in (19.814202,19.814202) seconds
2019/08/03-18:27:10  ... thread 24: (1048576,1048576) ops and (52913.1,52913.1) ops/second in (19.816956,19.816956) seconds
2019/08/03-18:27:10  ... thread 31: (1048576,1048576) ops and (52696.7,52696.7) ops/second in (19.898312,19.898312) seconds
2019/08/03-18:27:10  ... thread 22: (1048576,1048576) ops and (52438.8,52438.8) ops/second in (19.996180,19.996180) seconds
2019/08/03-18:27:10  ... thread 26: (1048576,1048576) ops and (51867.1,51867.1) ops/second in (20.216587,20.216587) seconds
2019/08/03-18:27:10  ... thread 11: (1048576,1048576) ops and (51742.6,51742.6) ops/second in (20.265231,20.265231) seconds
2019/08/03-18:27:10  ... thread 6: (1048576,1048576) ops and (51644.0,51644.0) ops/second in (20.303923,20.303923) seconds
2019/08/03-18:27:10  ... thread 3: (1048576,1048576) ops and (51593.5,51593.5) ops/second in (20.323791,20.323791) seconds
2019/08/03-18:27:10  ... thread 18: (1048576,1048576) ops and (51571.0,51571.0) ops/second in (20.332652,20.332652) seconds
2019/08/03-18:27:10  ... thread 21: (1048576,1048576) ops and (51470.4,51470.4) ops/second in (20.372391,20.372391) seconds
2019/08/03-18:27:10  ... thread 17: (1048576,1048576) ops and (51463.5,51463.5) ops/second in (20.375155,20.375155) seconds
2019/08/03-18:27:10  ... thread 2: (1048576,1048576) ops and (51457.7,51457.7) ops/second in (20.377439,20.377439) seconds
2019/08/03-18:27:10  ... thread 5: (1048576,1048576) ops and (51329.3,51329.3) ops/second in (20.428430,20.428430) seconds
2019/08/03-18:27:11  ... thread 20: (1048576,1048576) ops and (51013.2,51013.2) ops/second in (20.554981,20.554981) seconds
2019/08/03-18:27:11  ... thread 29: (1048576,1048576) ops and (50820.9,50820.9) ops/second in (20.632755,20.632755) seconds
2019/08/03-18:27:11  ... thread 15: (1048576,1048576) ops and (50725.3,50725.3) ops/second in (20.671665,20.671665) seconds
2019/08/03-18:27:11  ... thread 12: (1048576,1048576) ops and (50386.0,50386.0) ops/second in (20.810851,20.810851) seconds
2019/08/03-18:27:11  ... thread 9: (1048576,1048576) ops and (49844.8,49844.8) ops/second in (21.036809,21.036809) seconds
2019/08/03-18:27:11  ... thread 10: (1048576,1048576) ops and (49550.5,49550.5) ops/second in (21.161778,21.161778) seconds
2019/08/03-18:27:11  ... thread 7: (1048576,1048576) ops and (49338.0,49338.0) ops/second in (21.252900,21.252900) seconds
2019/08/03-18:27:11  ... thread 32: (1048576,1048576) ops and (48917.8,48917.8) ops/second in (21.435490,21.435490) seconds
2019/08/03-18:27:11  ... thread 4: (1048576,1048576) ops and (48898.0,48898.0) ops/second in (21.444137,21.444137) seconds
2019/08/03-18:27:12  ... thread 16: (1048576,1048576) ops and (48115.5,48115.5) ops/second in (21.792873,21.792873) seconds
2019/08/03-18:27:12  ... thread 19: (1048576,1048576) ops and (47874.7,47874.7) ops/second in (21.902497,21.902497) seconds
2019/08/03-18:27:12  ... thread 23: (1048576,1048576) ops and (47853.5,47853.5) ops/second in (21.912197,21.912197) seconds
2019/08/03-18:27:12  ... thread 13: (1048576,1048576) ops and (46941.8,46941.8) ops/second in (22.337786,22.337786) seconds
2019/08/03-18:27:36  ... thread 30: (1048576,2097152) ops and (31475.1,45386.9) ops/second in (33.314411,46.206153) seconds
2019/08/03-18:27:38  ... thread 15: (1048576,2097152) ops and (38546.1,43804.9) ops/second in (27.203138,47.874803) seconds
2019/08/03-18:27:38  ... thread 14: (1048576,2097152) ops and (33149.0,43779.7) ops/second in (31.632209,47.902437) seconds
2019/08/03-18:27:38  ... thread 9: (1048576,2097152) ops and (38376.9,43365.5) ops/second in (27.323112,48.359921) seconds
2019/08/03-18:27:39  ... thread 28: (1048576,2097152) ops and (29887.7,42505.2) ops/second in (35.083864,49.338706) seconds
2019/08/03-18:27:40  ... thread 25: (1048576,2097152) ops and (25299.3,41767.8) ops/second in (41.446830,50.209741) seconds
2019/08/03-18:27:40  ... thread 1: (1048576,2097152) ops and (29326.9,41679.6) ops/second in (35.754781,50.316048) seconds
2019/08/03-18:27:41  ... thread 27: (1048576,2097152) ops and (26745.1,40888.5) ops/second in (39.206229,51.289567) seconds
2019/08/03-18:27:42  ... thread 8: (1048576,2097152) ops and (32495.1,40265.6) ops/second in (32.268743,52.082945) seconds
2019/08/03-18:27:43  ... thread 22: (1048576,2097152) ops and (31748.4,39551.1) ops/second in (33.027682,53.023862) seconds
2019/08/03-18:27:43  ... thread 20: (1048576,2097152) ops and (31974.7,39310.1) ops/second in (32.793897,53.348878) seconds
2019/08/03-18:27:44  ... thread 11: (1048576,2097152) ops and (31184.4,38915.2) ops/second in (33.625056,53.890287) seconds
2019/08/03-18:27:44  ... thread 24: (1048576,2097152) ops and (30762.7,38906.1) ops/second in (34.085963,53.902919) seconds
2019/08/03-18:27:44  ... thread 18: (1048576,2097152) ops and (31087.7,38791.4) ops/second in (33.729576,54.062228) seconds
2019/08/03-18:27:44  ... thread 6: (1048576,2097152) ops and (30778.1,38569.9) ops/second in (34.068857,54.372780) seconds
2019/08/03-18:27:44  ... thread 26: (1048576,2097152) ops and (30696.1,38567.2) ops/second in (34.159962,54.376549) seconds
2019/08/03-18:27:45  ... thread 4: (1048576,2097152) ops and (31635.3,38416.5) ops/second in (33.145785,54.589922) seconds
2019/08/03-18:27:45  ... thread 31: (1048576,2097152) ops and (29973.1,38211.8) ops/second in (34.983937,54.882249) seconds
2019/08/03-18:27:45  ... thread 12: (1048576,2097152) ops and (30737.0,38181.9) ops/second in (34.114471,54.925322) seconds
2019/08/03-18:27:45  ... thread 16: (1048576,2097152) ops and (31356.4,37968.9) ops/second in (33.440569,55.233442) seconds
2019/08/03-18:27:45  ... thread 7: (1048576,2097152) ops and (30735.8,37876.1) ops/second in (34.115794,55.368694) seconds
2019/08/03-18:27:45  ... thread 10: (1048576,2097152) ops and (30623.6,37852.9) ops/second in (34.240836,55.402614) seconds
2019/08/03-18:27:45  ... thread 2: (1048576,2097152) ops and (29904.0,37826.0) ops/second in (35.064685,55.442124) seconds
2019/08/03-18:27:46  ... thread 29: (1048576,2097152) ops and (30090.2,37799.8) ops/second in (34.847726,55.480481) seconds
2019/08/03-18:27:46  ... thread 17: (1048576,2097152) ops and (29715.9,37676.7) ops/second in (35.286643,55.661798) seconds
2019/08/03-18:27:46  ... thread 32: (1048576,2097152) ops and (30608.5,37655.5) ops/second in (34.257693,55.693183) seconds
2019/08/03-18:27:46  ... thread 0: (1048576,1048576) ops and (18740.6,18740.6) ops/second in (55.952023,55.952023) seconds
2019/08/03-18:27:46  ... thread 3: (1048576,2097152) ops and (29379.1,37439.1) ops/second in (35.691184,56.014975) seconds
2019/08/03-18:27:46  ... thread 21: (1048576,2097152) ops and (29340.2,37375.1) ops/second in (35.738591,56.110982) seconds
2019/08/03-18:27:46  ... thread 5: (1048576,2097152) ops and (29337.1,37335.3) ops/second in (35.742352,56.170782) seconds
2019/08/03-18:27:46  ... thread 23: (1048576,2097152) ops and (30463.9,37228.1) ops/second in (34.420231,56.332428) seconds
2019/08/03-18:27:47  ... thread 19: (1048576,2097152) ops and (29552.7,36545.9) ops/second in (35.481567,57.384064) seconds
2019/08/03-18:27:48  ... thread 13: (1048576,2097152) ops and (29696.4,36378.8) ops/second in (35.309880,57.647666) seconds
DB path: [/users/skannan/ssd/NVM/appbench/shared_data/rocksdb/DATA]
readwhilewriting :      24.575 micros/op 1301426 ops/sec; 5108.5 MB/s (2518999 of 2518999 found)

application termination...
++ export LD_PRELOAD=
++ LD_PRELOAD=
++ exit
[    0.000000] main: Linux version 4.17.0 (root@node-0.wisc5.fsperfatscale-pg0.wisc.cloudlab.us) (gcc version 4.8.4 (Ubuntu 4.8.4-2ubuntu1~14.04.4)) #3 SMP Thu Aug 1 18:22:31 MDT 2019
[    0.000000] Command line: BOOT_IMAGE=/boot/vmlinuz-4.17.0 root=UUID=4910fb56-38cb-41ae-82bf-3efa1d8a45a0 ro console=ttyS0,115200 crashkernel=384M-:128M
[    0.000000] common: KERNEL supported cpus:
[    0.000000] common:   Intel GenuineIntel
[    0.000000] common:   AMD AuthenticAMD
[    0.000000] common:   Centaur CentaurHauls
[    0.000000] xstate: x86/fpu: Supporting XSAVE feature 0x001: 'x87 floating point registers'
[    0.000000] xstate: x86/fpu: Supporting XSAVE feature 0x002: 'SSE registers'
[    0.000000] xstate: x86/fpu: Supporting XSAVE feature 0x004: 'AVX registers'
[    0.000000] xstate: x86/fpu: xstate_offset[2]:  576, xstate_sizes[2]:  256
[    0.000000] xstate: x86/fpu: Enabled xstate features 0x7, context size is 832 bytes, using 'standard' format.
[    0.000000] e820: e820: BIOS-provided physical RAM map:
[    0.000000] e820: BIOS-e820: [mem 0x0000000000000000-0x0000000000099bff] usable
[    0.000000] e820: BIOS-e820: [mem 0x0000000000099c00-0x000000000009ffff] reserved
[    0.000000] e820: BIOS-e820: [mem 0x00000000000e0000-0x00000000000fffff] reserved
[    0.000000] e820: BIOS-e820: [mem 0x0000000000100000-0x00000000791d3fff] usable
[    0.000000] e820: BIOS-e820: [mem 0x00000000791d4000-0x00000000799cdfff] reserved
[    0.000000] e820: BIOS-e820: [mem 0x00000000799ce000-0x0000000079a32fff] ACPI data
[    0.000000] e820: BIOS-e820: [mem 0x0000000079a33000-0x0000000079fa1fff] ACPI NVS
[    0.000000] e820: BIOS-e820: [mem 0x0000000079fa2000-0x000000008fffffff] reserved
[    0.000000] e820: BIOS-e820: [mem 0x00000000fed1c000-0x00000000fed44fff] reserved
[    0.000000] e820: BIOS-e820: [mem 0x00000000ff000000-0x00000000ffffffff] reserved
[    0.000000] e820: BIOS-e820: [mem 0x0000000100000000-0x000000287fffffff] usable
[    0.000000] NX (Execute Disable) protection: active
[    0.000000] dmi_scan: SMBIOS 3.0.0 present.
[    0.000000] dmi_scan: DMI: Cisco Systems Inc UCSC-C220-M4S/UCSC-C220-M4S, BIOS C220M4.3.0.3c.0.0831170216 08/31/2017
[    0.000000] e820: update [mem 0x00000000-0x00000fff] usable ==> reserved
[    0.000000] e820: remove [mem 0x000a0000-0x000fffff] usable
[    0.000000] e820: e820: last_pfn = 0x2880000 max_arch_pfn = 0x400000000
[    0.000000] generic: MTRR default type: write-back
[    0.000000] generic: MTRR fixed ranges enabled:
[    0.000000] generic:   00000-9FFFF write-back
[    0.000000] generic:   A0000-BFFFF uncachable
[    0.000000] generic:   C0000-FFFFF write-protect
[    0.000000] generic: MTRR variable ranges enabled:
[    0.000000] generic:   0 base 000080000000 mask 3FFF80000000 uncachable
[    0.000000] generic:   1 base 038000000000 mask 3F8000000000 uncachable
[    0.000000] generic:   2 disabled
[    0.000000] generic:   3 disabled
[    0.000000] generic:   4 disabled
[    0.000000] generic:   5 disabled
[    0.000000] generic:   6 disabled
[    0.000000] generic:   7 disabled
[    0.000000] generic:   8 disabled
[    0.000000] generic:   9 disabled
[    0.000000] x86/PAT: Configuration [0-7]: WB  WC  UC- UC  WB  WP  UC- WT  
[    0.000000] e820: e820: last_pfn = 0x791d4 max_arch_pfn = 0x400000000
[    0.000000] mpparse: found SMP MP-table at [mem 0x000fd010-0x000fd01f] mapped at [        (ptrval)]
[    0.000000] Scanning 1 areas for low memory corruption
[    0.000000] Base memory trampoline at [        (ptrval)] 7e000 size 24576
[    0.000000] Using GB pages for direct mapping
[    0.000000] BRK [0x0aecf000, 0x0aecffff] PGTABLE
[    0.000000] BRK [0x0aed0000, 0x0aed0fff] PGTABLE
[    0.000000] BRK [0x0aed1000, 0x0aed1fff] PGTABLE
[    0.000000] RAMDISK: [mem 0x237ca000-0x2dbdcfff]
[    0.000000] tables: Early table checksum verification disabled
[    0.000000] ACPI: RSDP 0x00000000000F05B0 000024 (v02 Cisco0)
[    0.000000] ACPI: XSDT 0x00000000799E20A8 0000D4 (v01 Cisco0 CiscoUCS 01072009 AMI  00010013)
[    0.000000] ACPI: FACP 0x0000000079A16CE0 00010C (v05 Cisco0 CiscoUCS 01072009 AMI  00010013)
[    0.000000] ACPI: DSDT 0x00000000799E2210 034ACB (v02 Cisco0 CiscoUCS 01072009 INTL 20091013)
[    0.000000] ACPI: FACS 0x0000000079FA0F80 000040
[    0.000000] ACPI: APIC 0x0000000079A16DF0 000294 (v03 Cisco0 CiscoUCS 01072009 AMI  00010013)
[    0.000000] ACPI: FPDT 0x0000000079A17088 000044 (v01 Cisco0 CiscoUCS 01072009 AMI  00010013)
[    0.000000] ACPI: FIDT 0x0000000079A170D0 00009C (v01 Cisco0 CiscoUCS 01072009 AMI  00010013)
[    0.000000] ACPI: SPMI 0x0000000079A17170 000041 (v05 Cisco0 CiscoUCS 00000000 AMI. 00000000)
[    0.000000] ACPI: MCFG 0x0000000079A171B8 00003C (v01 Cisco0 CiscoUCS 01072009 MSFT 00000097)
[    0.000000] ACPI: UEFI 0x0000000079A171F8 000042 (v01 Cisco0 CiscoUCS 01072009      00000000)
[    0.000000] ACPI: HPET 0x0000000079A17240 000038 (v01 Cisco0 CiscoUCS 00000001 INTL 20091013)
[    0.000000] ACPI: MSCT 0x0000000079A17278 000090 (v01 Cisco0 CiscoUCS 00000001 INTL 20091013)
[    0.000000] ACPI: SLIT 0x0000000079A17308 000030 (v01 Cisco0 CiscoUCS 00000001 INTL 20091013)
[    0.000000] ACPI: SRAT 0x0000000079A17338 001158 (v03 Cisco0 CiscoUCS 00000001 INTL 20091013)
[    0.000000] ACPI: WDDT 0x0000000079A18490 000040 (v01 Cisco0 CiscoUCS 00000000 INTL 20091013)
[    0.000000] ACPI: SSDT 0x0000000079A184D0 0171BD (v02 Cisco0 PmMgt    00000002 INTL 20120913)
[    0.000000] ACPI: NITR 0x0000000079A2F690 000071 (v02 Cisco0 CiscoUCS 00000001 INTL 20091013)
[    0.000000] ACPI: SSDT 0x0000000079A2F708 002654 (v02 Cisco0 SpsNm    00000002 INTL 20120913)
[    0.000000] ACPI: SSDT 0x0000000079A31D60 000064 (v02 Cisco0 SpsNvs   00000002 INTL 20120913)
[    0.000000] ACPI: PRAD 0x0000000079A31DC8 000102 (v02 Cisco0 CiscoUCS 00000002 INTL 20120913)
[    0.000000] ACPI: DMAR 0x0000000079A31ED0 000100 (v01 Cisco0 CiscoUCS 00000001 INTL 20091013)
[    0.000000] ACPI: HEST 0x0000000079A31FD0 0000A8 (v01 Cisco0 CiscoUCS 00000001 INTL 00000001)
[    0.000000] ACPI: BERT 0x0000000079A32078 000030 (v01 Cisco0 CiscoUCS 00000001 INTL 00000001)
[    0.000000] ACPI: ERST 0x0000000079A320A8 000230 (v01 Cisco0 CiscoUCS 00000001 INTL 00000001)
[    0.000000] ACPI: EINJ 0x0000000079A322D8 000130 (v01 Cisco0 CiscoUCS 00000001 INTL 00000001)
[    0.000000] ACPI: Local APIC address 0xfee00000
[    0.000000] SRAT: PXM 0 -> APIC 0x00 -> Node 0
[    0.000000] SRAT: PXM 0 -> APIC 0x02 -> Node 0
[    0.000000] SRAT: PXM 0 -> APIC 0x04 -> Node 0
[    0.000000] SRAT: PXM 0 -> APIC 0x06 -> Node 0
[    0.000000] SRAT: PXM 0 -> APIC 0x08 -> Node 0
[    0.000000] SRAT: PXM 0 -> APIC 0x10 -> Node 0
[    0.000000] SRAT: PXM 0 -> APIC 0x12 -> Node 0
[    0.000000] SRAT: PXM 0 -> APIC 0x14 -> Node 0
[    0.000000] SRAT: PXM 0 -> APIC 0x16 -> Node 0
[    0.000000] SRAT: PXM 0 -> APIC 0x18 -> Node 0
[    0.000000] SRAT: PXM 1 -> APIC 0x20 -> Node 1
[    0.000000] SRAT: PXM 1 -> APIC 0x22 -> Node 1
[    0.000000] SRAT: PXM 1 -> APIC 0x24 -> Node 1
[    0.000000] SRAT: PXM 1 -> APIC 0x26 -> Node 1
[    0.000000] SRAT: PXM 1 -> APIC 0x28 -> Node 1
[    0.000000] SRAT: PXM 1 -> APIC 0x30 -> Node 1
[    0.000000] SRAT: PXM 1 -> APIC 0x32 -> Node 1
[    0.000000] SRAT: PXM 1 -> APIC 0x34 -> Node 1
[    0.000000] SRAT: PXM 1 -> APIC 0x36 -> Node 1
[    0.000000] SRAT: PXM 1 -> APIC 0x38 -> Node 1
[    0.000000] SRAT: PXM 0 -> APIC 0x01 -> Node 0
[    0.000000] SRAT: PXM 0 -> APIC 0x03 -> Node 0
[    0.000000] SRAT: PXM 0 -> APIC 0x05 -> Node 0
[    0.000000] SRAT: PXM 0 -> APIC 0x07 -> Node 0
[    0.000000] SRAT: PXM 0 -> APIC 0x09 -> Node 0
[    0.000000] SRAT: PXM 0 -> APIC 0x11 -> Node 0
[    0.000000] SRAT: PXM 0 -> APIC 0x13 -> Node 0
[    0.000000] SRAT: PXM 0 -> APIC 0x15 -> Node 0
[    0.000000] SRAT: PXM 0 -> APIC 0x17 -> Node 0
[    0.000000] SRAT: PXM 0 -> APIC 0x19 -> Node 0
[    0.000000] SRAT: PXM 1 -> APIC 0x21 -> Node 1
[    0.000000] SRAT: PXM 1 -> APIC 0x23 -> Node 1
[    0.000000] SRAT: PXM 1 -> APIC 0x25 -> Node 1
[    0.000000] SRAT: PXM 1 -> APIC 0x27 -> Node 1
[    0.000000] SRAT: PXM 1 -> APIC 0x29 -> Node 1
[    0.000000] SRAT: PXM 1 -> APIC 0x31 -> Node 1
[    0.000000] SRAT: PXM 1 -> APIC 0x33 -> Node 1
[    0.000000] SRAT: PXM 1 -> APIC 0x35 -> Node 1
[    0.000000] SRAT: PXM 1 -> APIC 0x37 -> Node 1
[    0.000000] SRAT: PXM 1 -> APIC 0x39 -> Node 1
[    0.000000] acpi: SRAT: Node 0 PXM 0 [mem 0x00000000-0x7fffffff]
[    0.000000] acpi: SRAT: Node 0 PXM 0 [mem 0x100000000-0x107fffffff]
[    0.000000] acpi: SRAT: Node 0 PXM 0 [mem 0x1080000000-0x147fffffff]
[    0.000000] acpi: SRAT: Node 1 PXM 1 [mem 0x1480000000-0x247fffffff]
[    0.000000] acpi: SRAT: Node 1 PXM 1 [mem 0x2480000000-0x287fffffff]
[    0.000000] NUMA: Initialized distance table, cnt=2
[    0.000000] NUMA: Node 0 [mem 0x00000000-0x7fffffff] + [mem 0x100000000-0x107fffffff] -> [mem 0x00000000-0x107fffffff]
[    0.000000] NUMA: Node 0 [mem 0x00000000-0x107fffffff] + [mem 0x1080000000-0x147fffffff] -> [mem 0x00000000-0x147fffffff]
[    0.000000] NUMA: Node 1 [mem 0x1480000000-0x247fffffff] + [mem 0x2480000000-0x287fffffff] -> [mem 0x1480000000-0x287fffffff]
[    0.000000] NODE_DATA(0) allocated [mem 0x147fffc000-0x147fffffff]
[    0.000000] NODE_DATA(1) allocated [mem 0x287fff9000-0x287fffcfff]
[    0.000000] setup: Reserving 128MB of memory at 768MB for crashkernel (System RAM: 163729MB)
[    0.000000] tsc: Fast TSC calibration using PIT
[    0.000000] page_alloc: Zone ranges:
[    0.000000] page_alloc:   DMA      [mem 0x0000000000001000-0x0000000000ffffff]
[    0.000000] page_alloc:   DMA32    [mem 0x0000000001000000-0x00000000ffffffff]
[    0.000000] page_alloc:   Normal   [mem 0x0000000100000000-0x000000287fffffff]
[    0.000000] page_alloc: Movable zone start for each node
[    0.000000] page_alloc: Early memory node ranges
[    0.000000] page_alloc:   node   0: [mem 0x0000000000001000-0x0000000000098fff]
[    0.000000] page_alloc:   node   0: [mem 0x0000000000100000-0x00000000791d3fff]
[    0.000000] page_alloc:   node   0: [mem 0x0000000100000000-0x000000147fffffff]
[    0.000000] page_alloc:   node   1: [mem 0x0000001480000000-0x000000287fffffff]
[    0.000000] page_alloc: Initmem setup node 0 [mem 0x0000000000001000-0x000000147fffffff]
[    0.000000] On node 0 totalpages: 20943212
[    0.000000]   DMA zone: 144 pages used for memmap
[    0.000000]   DMA zone: 42 pages reserved
[    0.000000]   DMA zone: 3992 pages, LIFO batch:0
[    0.000000]   DMA32 zone: 17297 pages used for memmap
[    0.000000]   DMA32 zone: 491988 pages, LIFO batch:31
[    0.000000]   Normal zone: 718848 pages used for memmap
[    0.000000]   Normal zone: 20447232 pages, LIFO batch:31
[    0.000000] page_alloc: Initmem setup node 1 [mem 0x0000001480000000-0x000000287fffffff]
[    0.000000] On node 1 totalpages: 20971520
[    0.000000]   Normal zone: 737280 pages used for memmap
[    0.000000]   Normal zone: 20971520 pages, LIFO batch:31
[    0.000000] page_alloc: Reserved but unavailable: 104 pages
[    0.000000] ACPI: PM-Timer IO Port: 0x408
[    0.000000] ACPI: Local APIC address 0xfee00000
[    0.000000] tables: LAPIC_NMI (acpi_id[0x00] high edge lint[0x1])
[    0.000000] tables: LAPIC_NMI (acpi_id[0x02] high edge lint[0x1])
[    0.000000] tables: LAPIC_NMI (acpi_id[0x04] high edge lint[0x1])
[    0.000000] tables: LAPIC_NMI (acpi_id[0x06] high edge lint[0x1])
[    0.000000] tables: LAPIC_NMI (acpi_id[0x08] high edge lint[0x1])
[    0.000000] tables: LAPIC_NMI (acpi_id[0x10] high edge lint[0x1])
[    0.000000] tables: LAPIC_NMI (acpi_id[0x12] high edge lint[0x1])
[    0.000000] tables: LAPIC_NMI (acpi_id[0x14] high edge lint[0x1])
[    0.000000] tables: LAPIC_NMI (acpi_id[0x16] high edge lint[0x1])
[    0.000000] tables: LAPIC_NMI (acpi_id[0x18] high edge lint[0x1])
[    0.000000] tables: LAPIC_NMI (acpi_id[0x20] high edge lint[0x1])
[    0.000000] tables: LAPIC_NMI (acpi_id[0x22] high edge lint[0x1])
[    0.000000] tables: LAPIC_NMI (acpi_id[0x24] high edge lint[0x1])
[    0.000000] tables: LAPIC_NMI (acpi_id[0x26] high edge lint[0x1])
[    0.000000] tables: LAPIC_NMI (acpi_id[0x28] high edge lint[0x1])
[    0.000000] tables: LAPIC_NMI (acpi_id[0x30] high edge lint[0x1])
[    0.000000] tables: LAPIC_NMI (acpi_id[0x32] high edge lint[0x1])
[    0.000000] tables: LAPIC_NMI (acpi_id[0x34] high edge lint[0x1])
[    0.000000] tables: LAPIC_NMI (acpi_id[0x36] high edge lint[0x1])
[    0.000000] tables: LAPIC_NMI (acpi_id[0x38] high edge lint[0x1])
[    0.000000] tables: LAPIC_NMI (acpi_id[0x01] high edge lint[0x1])
[    0.000000] tables: LAPIC_NMI (acpi_id[0x03] high edge lint[0x1])
[    0.000000] tables: LAPIC_NMI (acpi_id[0x05] high edge lint[0x1])
[    0.000000] tables: LAPIC_NMI (acpi_id[0x07] high edge lint[0x1])
[    0.000000] tables: LAPIC_NMI (acpi_id[0x09] high edge lint[0x1])
[    0.000000] tables: LAPIC_NMI (acpi_id[0x11] high edge lint[0x1])
[    0.000000] tables: LAPIC_NMI (acpi_id[0x13] high edge lint[0x1])
[    0.000000] tables: LAPIC_NMI (acpi_id[0x15] high edge lint[0x1])
[    0.000000] tables: LAPIC_NMI (acpi_id[0x17] high edge lint[0x1])
[    0.000000] tables: LAPIC_NMI (acpi_id[0x19] high edge lint[0x1])
[    0.000000] tables: LAPIC_NMI (acpi_id[0x21] high edge lint[0x1])
[    0.000000] tables: LAPIC_NMI (acpi_id[0x23] high edge lint[0x1])
[    0.000000] tables: LAPIC_NMI (acpi_id[0x25] high edge lint[0x1])
[    0.000000] tables: LAPIC_NMI (acpi_id[0x27] high edge lint[0x1])
[    0.000000] tables: LAPIC_NMI (acpi_id[0x29] high edge lint[0x1])
[    0.000000] tables: LAPIC_NMI (acpi_id[0x31] high edge lint[0x1])
[    0.000000] tables: LAPIC_NMI (acpi_id[0x33] high edge lint[0x1])
[    0.000000] tables: LAPIC_NMI (acpi_id[0x35] high edge lint[0x1])
[    0.000000] tables: LAPIC_NMI (acpi_id[0x37] high edge lint[0x1])
[    0.000000] tables: LAPIC_NMI (acpi_id[0x39] high edge lint[0x1])
[    0.000000] io_apic: IOAPIC[0]: apic_id 1, version 32, address 0xfec00000, GSI 0-23
[    0.000000] io_apic: IOAPIC[1]: apic_id 2, version 32, address 0xfec01000, GSI 24-47
[    0.000000] io_apic: IOAPIC[2]: apic_id 3, version 32, address 0xfec40000, GSI 48-71
[    0.000000] tables: INT_SRC_OVR (bus 0 bus_irq 0 global_irq 2 dfl dfl)
[    0.000000] tables: INT_SRC_OVR (bus 0 bus_irq 9 global_irq 9 high level)
[    0.000000] ACPI: IRQ0 used by override.
[    0.000000] ACPI: IRQ9 used by override.
[    0.000000] Using ACPI (MADT) for SMP configuration information
[    0.000000] ACPI: HPET id: 0x8086a701 base: 0xfed00000
[    0.000000] smpboot: Allowing 40 CPUs, 0 hotplug CPUs
[    0.000000] snapshot: Registered nosave memory: [mem 0x00000000-0x00000fff]
[    0.000000] snapshot: Registered nosave memory: [mem 0x00099000-0x00099fff]
[    0.000000] snapshot: Registered nosave memory: [mem 0x0009a000-0x0009ffff]
[    0.000000] snapshot: Registered nosave memory: [mem 0x000a0000-0x000dffff]
[    0.000000] snapshot: Registered nosave memory: [mem 0x000e0000-0x000fffff]
[    0.000000] snapshot: Registered nosave memory: [mem 0x791d4000-0x799cdfff]
[    0.000000] snapshot: Registered nosave memory: [mem 0x799ce000-0x79a32fff]
[    0.000000] snapshot: Registered nosave memory: [mem 0x79a33000-0x79fa1fff]
[    0.000000] snapshot: Registered nosave memory: [mem 0x79fa2000-0x8fffffff]
[    0.000000] snapshot: Registered nosave memory: [mem 0x90000000-0xfed1bfff]
[    0.000000] snapshot: Registered nosave memory: [mem 0xfed1c000-0xfed44fff]
[    0.000000] snapshot: Registered nosave memory: [mem 0xfed45000-0xfeffffff]
[    0.000000] snapshot: Registered nosave memory: [mem 0xff000000-0xffffffff]
[    0.000000] e820: e820: [mem 0x90000000-0xfed1bfff] available for PCI devices
[    0.000000] Booting paravirtualized kernel on bare hardware
[    0.000000] clocksource: refined-jiffies: mask: 0xffffffff max_cycles: 0xffffffff, max_idle_ns: 7645519600211568 ns
[    0.000000] setup_percpu: NR_CPUS:256 nr_cpumask_bits:256 nr_cpu_ids:40 nr_node_ids:2
[    0.000000] percpu: Embedded 45 pages/cpu @        (ptrval) s145496 r8192 d30632 u262144
[    0.000000] pcpu-alloc: s145496 r8192 d30632 u262144 alloc=1*2097152
[    0.000000] pcpu-alloc: [0] 00 01 02 03 04 05 06 07 [0] 08 09 20 21 22 23 24 25 
[    0.000000] pcpu-alloc: [0] 26 27 28 29 -- -- -- -- [1] 10 11 12 13 14 15 16 17 
[    0.000000] pcpu-alloc: [1] 18 19 30 31 32 33 34 35 [1] 36 37 38 39 -- -- -- -- 
[    0.000000] page_alloc: Built 2 zonelists, mobility grouping on.  Total pages: 40441121
[    0.000000] page_alloc: Policy zone: Normal
[    0.000000] main: Kernel command line: BOOT_IMAGE=/boot/vmlinuz-4.17.0 root=UUID=4910fb56-38cb-41ae-82bf-3efa1d8a45a0 ro console=ttyS0,115200 crashkernel=384M-:128M
[    0.000000] printk: log_buf_len individual max cpu contribution: 4096 bytes
[    0.000000] printk: log_buf_len total cpu_extra contributions: 159744 bytes
[    0.000000] printk: log_buf_len min size: 262144 bytes
[    0.000000] printk: log_buf_len: 524288 bytes
[    0.000000] printk: early log buf free: 244832(93%)
[    0.000000] Calgary: detecting Calgary via BIOS EBDA area
[    0.000000] Calgary: Unable to locate Rio Grande table in EBDA - bailing!
[    0.000000] page_alloc: Memory: 161224944K/167658928K available (14348K kernel code, 1801K rwdata, 4280K rodata, 1816K init, 132104K bss, 6433984K reserved, 0K cma-reserved)
[    0.000000] slub: SLUB: HWalign=64, Order=0-3, MinObjects=0, CPUs=40, Nodes=2
[    0.000000] Kernel/User page tables isolation: enabled
[    0.000000] libftrace: ftrace: allocating 42156 entries in 165 pages
[    0.000000] trace: 
[    0.000000] trace: **********************************************************
[    0.000000] trace: **   NOTICE NOTICE NOTICE NOTICE NOTICE NOTICE NOTICE   **
[    0.000000] trace: **                                                      **
[    0.000000] trace: ** trace_printk() being used. Allocating extra memory.  **
[    0.000000] trace: **                                                      **
[    0.000000] trace: ** This means that this is a DEBUG kernel and it is     **
[    0.000000] trace: ** unsafe for production use.                           **
[    0.000000] trace: **                                                      **
[    0.000000] trace: ** If you see this message and you are not debugging    **
[    0.000000] trace: ** the kernel, report this immediately to your vendor!  **
[    0.000000] trace: **                                                      **
[    0.000000] trace: **   NOTICE NOTICE NOTICE NOTICE NOTICE NOTICE NOTICE   **
[    0.000000] trace: **********************************************************
[    0.000000] tree: Hierarchical RCU implementation.
[    0.000000] tree: 	RCU restricting CPUs from NR_CPUS=256 to nr_cpu_ids=40.
[    0.000000] tree: RCU: Adjusting geometry for rcu_fanout_leaf=16, nr_cpu_ids=40
[    0.000000] NR_IRQS: 16640, nr_irqs: 1560, preallocated irqs: 16
[    0.000000] tree: 	Offload RCU callbacks from CPUs: (none).
[    0.000000] vt: Console: colour VGA+ 80x25
[    0.000000] printk: console [ttyS0] enabled
[    0.000000] mempolicy: Enabling automatic NUMA balancing. Configure with numa_balancing= or the kernel.numa_balancing sysctl
[    0.000000] ACPI: Core revision 20180313
[    0.000000] clocksource: hpet: mask: 0xffffffff max_cycles: 0xffffffff, max_idle_ns: 133484882848 ns
[    0.000000] hpet clockevent registered
[    0.000000] apic: APIC: Switch to symmetric I/O mode setup
[    0.004000] dmar: Host address width 46
[    0.008000] dmar: DRHD base: 0x000000fbffc000 flags: 0x0
[    0.012000] dmar: dmar0: reg_base_addr fbffc000 ver 1:0 cap d2078c106f0466 ecap f020de
[    0.016000] dmar: DRHD base: 0x000000c7ffc000 flags: 0x1
[    0.020000] dmar: dmar1: reg_base_addr c7ffc000 ver 1:0 cap d2078c106f0466 ecap f020de
[    0.024000] dmar: RMRR base: 0x0000007bb4c000 end: 0x0000007bb5cfff
[    0.028000] dmar: ATSR flags: 0x0
[    0.032000] dmar: RHSA base: 0x000000c7ffc000 proximity domain: 0x0
[    0.036000] dmar: RHSA base: 0x000000fbffc000 proximity domain: 0x1
[    0.040000] intel_irq_remapping: IOAPIC id 3 under DRHD base  0xfbffc000 IOMMU 0
[    0.044000] intel_irq_remapping: IOAPIC id 1 under DRHD base  0xc7ffc000 IOMMU 1
[    0.048000] intel_irq_remapping: IOAPIC id 2 under DRHD base  0xc7ffc000 IOMMU 1
[    0.052000] intel_irq_remapping: HPET id 0 under DRHD base 0xc7ffc000
[    0.056000] intel_irq_remapping: x2apic is disabled because BIOS sets x2apic opt out bit.
[    0.056000] intel_irq_remapping: Use 'intremap=no_x2apic_optout' to override the BIOS setting.
[    0.064000] intel_irq_remapping: Enabled IRQ remapping in xapic mode
[    0.064000] apic: x2apic: IRQ remapping doesn't support X2APIC mode
[    0.068000] probe_64: Switched APIC routing to physical flat.
[    0.072000] ..TIMER: vector=0x30 apic1=0 pin1=2 apic2=-1 pin2=-1
[    0.092000] tsc: Fast TSC calibration using PIT
[    0.096000] tsc: Detected 2593.857 MHz processor
[    0.100000] clocksource: tsc-early: mask: 0xffffffffffffffff max_cycles: 0x25639125d60, max_idle_ns: 440795239377 ns
[    0.104001] calibrate: Calibrating delay loop (skipped), value calculated using timer frequency.. 5187.71 BogoMIPS (lpj=10375428)
[    0.108001] pid: pid_max: default: 40960 minimum: 320
[    0.112073] security: Security Framework initialized
[    0.116001] yama: Yama: becoming mindful.
[    0.120036] AppArmor: AppArmor initialized
[    0.148346] page_alloc: Dentry cache hash table entries: 16777216 (order: 15, 134217728 bytes)
[    0.165088] page_alloc: Inode-cache hash table entries: 8388608 (order: 14, 67108864 bytes)
[    0.168373] page_alloc: Mount-cache hash table entries: 262144 (order: 9, 2097152 bytes)
[    0.176157] page_alloc: Mountpoint-cache hash table entries: 262144 (order: 9, 2097152 bytes)
[    0.180308] topology: CPU: Physical Processor ID: 0
[    0.184001] topology: CPU: Processor Core ID: 0
[    0.188005] intel: ENERGY_PERF_BIAS: Set to 'normal', was 'performance'
[    0.192000] intel: ENERGY_PERF_BIAS: View and update with x86_energy_perf_policy(8)
[    0.196004] mce: CPU supports 22 MCE banks
[    0.200015] therm_throt: CPU0: Thermal monitoring enabled (TM1)
[    0.204021] process: using mwait in idle threads
[    0.208002] common: Last level iTLB entries: 4KB 1024, 2MB 1024, 4MB 1024
[    0.212000] common: Last level dTLB entries: 4KB 1024, 2MB 1024, 4MB 1024, 1GB 4
[    0.216001] Spectre V2 : Vulnerable: Minimal generic ASM retpoline
[    0.220000] Speculative Store Bypass: Vulnerable
[    0.224129] page_alloc: Freeing SMP alternatives memory: 40K
[    0.232555] TSC deadline timer enabled
[    0.232562] smpboot: CPU0: Intel(R) Xeon(R) CPU E5-2660 v3 @ 2.60GHz (family: 0x6, model: 0x3f, stepping: 0x2)
[    0.236132] core: Performance Events: PEBS fmt2+, Haswell events, 16-deep LBR, full-width counters, Intel PMU driver.
[    0.240004] core: ... version:                3
[    0.244001] core: ... bit width:              48
[    0.248000] core: ... generic registers:      4
[    0.252001] core: ... value mask:             0000ffffffffffff
[    0.256000] core: ... max period:             00007fffffffffff
[    0.260000] core: ... fixed-purpose events:   3
[    0.264000] core: ... event mask:             000000070000000f
[    0.268056] srcutree: Hierarchical SRCU implementation.
[    0.276100] watchdog_hld: Enabled. Permanently consumes one hw-PMU counter.
[    0.280007] smp: Bringing up secondary CPUs ...
[    0.284174] x86: Booting SMP configuration:
[    0.288002] .... node  #0, CPUs:        #1  #2  #3  #4  #5  #6  #7  #8  #9
[    0.300002] .... node  #1, CPUs:   #10 #11 #12 #13 #14 #15 #16 #17 #18 #19
[    0.400003] .... node  #0, CPUs:   #20 #21 #22 #23 #24 #25 #26 #27 #28 #29
[    0.416002] .... node  #1, CPUs:   #30 #31 #32 #33 #34 #35 #36 #37 #38 #39
[    0.429288] smp: Brought up 2 nodes, 40 CPUs
[    0.436001] smpboot: Max logical packages: 2
[    0.440002] smpboot: Total of 40 processors activated (207539.75 BogoMIPS)
[    0.453929] devtmpfs: initialized
[    0.456066] init_64: x86/mm: Memory block size: 2048MB
[    0.460791] evm: security.selinux
[    0.464001] evm: security.SMACK64
[    0.467695] evm: security.apparmor
[    0.468000] evm: security.ima
[    0.471309] evm: security.capability
[    0.472059] acpi: PM: Registering ACPI NVS region [mem 0x79a33000-0x79fa1fff] (5697536 bytes)
[    0.476245] clocksource: jiffies: mask: 0xffffffff max_cycles: 0xffffffff, max_idle_ns: 7645041785100000 ns
[    0.480060] page_alloc: futex hash table entries: 16384 (order: 8, 1048576 bytes)
[    0.484364] xor: automatically using best checksumming function   avx       
[    0.488029] core: initialized pinctrl subsystem
[    0.492115] trace: RTC time:  0:20:26, date: 08/04/19
[    0.496636] socket: NET: Registered protocol family 16
[    0.500106] audit: initializing netlink subsys (disabled)
[    0.504022] audit: type=2000 audit(1564878023.504:1): state=initialized audit_enabled=0 res=1
[    0.512005] cpuidle: using governor ladder
[    0.516013] cpuidle: using governor menu
[    0.520052] random: random: get_random_bytes called from kcmp_cookies_init+0x16/0x38 with crng_init=0
[    0.524003] pci_acpi: ACPI FADT declares the system doesn't support PCIe ASPM, so disable it
[    0.528002] ACPI: bus type PCI registered
[    0.532002] acpiphp: ACPI Hot Plug PCI Controller Driver version: 0.5
[    0.536103] mmconfig_shared: PCI: MMCONFIG for domain 0000 [bus 00-ff] at [mem 0x80000000-0x8fffffff] (base 0x80000000)
[    0.540003] mmconfig_shared: PCI: MMCONFIG at [mem 0x80000000-0x8fffffff] reserved in E820
[    0.544013] PCI: Using configuration type 1 for base access
[    0.548036] core: PMU erratum BJ122, BV98, HSD29 worked around, HT is on
[    0.553785] hugetlb: HugeTLB registered 1.00 GiB page size, pre-allocated 0 pages
[    0.556004] hugetlb: HugeTLB registered 2.00 MiB page size, pre-allocated 0 pages
[    0.628003] raid6_pq: raid6: sse2x1   gen()  8309 MB/s
[    0.700002] raid6_pq: raid6: sse2x1   xor()  6584 MB/s
[    0.772006] raid6_pq: raid6: sse2x2   gen() 10540 MB/s
[    0.844003] raid6_pq: raid6: sse2x2   xor()  7241 MB/s
[    0.916003] raid6_pq: raid6: sse2x4   gen() 12322 MB/s
[    0.988004] raid6_pq: raid6: sse2x4   xor()  8451 MB/s
[    1.060003] raid6_pq: raid6: avx2x1   gen() 15759 MB/s
[    1.132003] raid6_pq: raid6: avx2x1   xor() 12538 MB/s
[    1.204003] raid6_pq: raid6: avx2x2   gen() 18993 MB/s
[    1.276003] raid6_pq: raid6: avx2x2   xor() 13554 MB/s
[    1.348002] raid6_pq: raid6: avx2x4   gen() 22207 MB/s
[    1.420002] raid6_pq: raid6: avx2x4   xor() 13551 MB/s
[    1.424001] raid6_pq: raid6: using algorithm avx2x4 gen() 22207 MB/s
[    1.428000] raid6_pq: raid6: .... xor() 13551 MB/s, rmw enabled
[    1.432001] raid6_pq: raid6: using avx2x2 recovery algorithm
[    1.436185] acpi: Added _OSI(Module Device)
[    1.440002] acpi: Added _OSI(Processor Device)
[    1.444001] acpi: Added _OSI(3.0 _SCP Extensions)
[    1.448001] acpi: Added _OSI(Processor Aggregator Device)
[    1.452001] acpi: Added _OSI(Linux-Dell-Video)
[    1.489081] ACPI: 4 ACPI AML tables successfully acquired and loaded
[    1.496270] acpi: [Firmware Bug]: BIOS _OSI(Linux) query ignored
[    1.508748] ACPI: Dynamic OEM Table Load:
[    1.532918] ACPI: Interpreter enabled
[    1.536013] acpi: ACPI: (supports S0 S5)
[    1.540002] ACPI: Using IOAPIC for interrupt routing
[    1.544043] apei: HEST: Table parsing has been initialized.
[    1.548003] PCI: Using host bridge windows from ACPI; if necessary, use "pci=nocrs" and report a bug
[    1.552430] ACPI: Enabled 5 GPEs in block 00 to 3F
[    1.588440] acpi: ACPI: PCI Root Bridge [UNC1] (domain 0000 [bus ff])
[    1.592005] acpi PNP0A03:02: _OSC: OS supports [ExtendedConfig ASPM ClockPM Segments MSI]
[    1.606082] acpi PNP0A03:02: _OSC: OS now controls [PCIeHotplug PME AER PCIeCapability]
[    1.612002] acpi PNP0A03:02: FADT indicates ASPM is unsupported, using BIOS configuration
[    1.624040] probe: PCI host bridge to bus 0000:ff
[    1.628002] pci_bus 0000:ff: root bus resource [bus ff]
[    1.636010] pci 0000:ff:08.0: [8086:2f80] type 00 class 0x088000
[    1.636065] pci 0000:ff:08.2: [8086:2f32] type 00 class 0x110100
[    1.636108] pci 0000:ff:08.3: [8086:2f83] type 00 class 0x088000
[    1.636156] pci 0000:ff:09.0: [8086:2f90] type 00 class 0x088000
[    1.636200] pci 0000:ff:09.2: [8086:2f33] type 00 class 0x110100
[    1.636240] pci 0000:ff:09.3: [8086:2f93] type 00 class 0x088000
[    1.636284] pci 0000:ff:0b.0: [8086:2f81] type 00 class 0x088000
[    1.636323] pci 0000:ff:0b.1: [8086:2f36] type 00 class 0x110100
[    1.636365] pci 0000:ff:0b.2: [8086:2f37] type 00 class 0x110100
[    1.636404] pci 0000:ff:0c.0: [8086:2fe0] type 00 class 0x088000
[    1.636441] pci 0000:ff:0c.1: [8086:2fe1] type 00 class 0x088000
[    1.636478] pci 0000:ff:0c.2: [8086:2fe2] type 00 class 0x088000
[    1.636517] pci 0000:ff:0c.3: [8086:2fe3] type 00 class 0x088000
[    1.636557] pci 0000:ff:0c.4: [8086:2fe4] type 00 class 0x088000
[    1.636594] pci 0000:ff:0c.5: [8086:2fe5] type 00 class 0x088000
[    1.636631] pci 0000:ff:0c.6: [8086:2fe6] type 00 class 0x088000
[    1.636669] pci 0000:ff:0c.7: [8086:2fe7] type 00 class 0x088000
[    1.636708] pci 0000:ff:0d.0: [8086:2fe8] type 00 class 0x088000
[    1.636749] pci 0000:ff:0d.1: [8086:2fe9] type 00 class 0x088000
[    1.636791] pci 0000:ff:0f.0: [8086:2ff8] type 00 class 0x088000
[    1.636829] pci 0000:ff:0f.1: [8086:2ff9] type 00 class 0x088000
[    1.636872] pci 0000:ff:0f.2: [8086:2ffa] type 00 class 0x088000
[    1.636909] pci 0000:ff:0f.3: [8086:2ffb] type 00 class 0x088000
[    1.636951] pci 0000:ff:0f.4: [8086:2ffc] type 00 class 0x088000
[    1.636991] pci 0000:ff:0f.5: [8086:2ffd] type 00 class 0x088000
[    1.637030] pci 0000:ff:0f.6: [8086:2ffe] type 00 class 0x088000
[    1.637069] pci 0000:ff:10.0: [8086:2f1d] type 00 class 0x088000
[    1.637108] pci 0000:ff:10.1: [8086:2f34] type 00 class 0x110100
[    1.637151] pci 0000:ff:10.5: [8086:2f1e] type 00 class 0x088000
[    1.637188] pci 0000:ff:10.6: [8086:2f7d] type 00 class 0x110100
[    1.637226] pci 0000:ff:10.7: [8086:2f1f] type 00 class 0x088000
[    1.637264] pci 0000:ff:12.0: [8086:2fa0] type 00 class 0x088000
[    1.637305] pci 0000:ff:12.1: [8086:2f30] type 00 class 0x110100
[    1.637350] pci 0000:ff:12.4: [8086:2f60] type 00 class 0x088000
[    1.637391] pci 0000:ff:12.5: [8086:2f38] type 00 class 0x110100
[    1.637434] pci 0000:ff:13.0: [8086:2fa8] type 00 class 0x088000
[    1.637478] pci 0000:ff:13.1: [8086:2f71] type 00 class 0x088000
[    1.637521] pci 0000:ff:13.2: [8086:2faa] type 00 class 0x088000
[    1.637569] pci 0000:ff:13.3: [8086:2fab] type 00 class 0x088000
[    1.637615] pci 0000:ff:13.6: [8086:2fae] type 00 class 0x088000
[    1.637658] pci 0000:ff:13.7: [8086:2faf] type 00 class 0x088000
[    1.637699] pci 0000:ff:14.0: [8086:2fb0] type 00 class 0x088000
[    1.637744] pci 0000:ff:14.1: [8086:2fb1] type 00 class 0x088000
[    1.637791] pci 0000:ff:14.2: [8086:2fb2] type 00 class 0x088000
[    1.637835] pci 0000:ff:14.3: [8086:2fb3] type 00 class 0x088000
[    1.637879] pci 0000:ff:14.4: [8086:2fbc] type 00 class 0x088000
[    1.637919] pci 0000:ff:14.5: [8086:2fbd] type 00 class 0x088000
[    1.637960] pci 0000:ff:14.6: [8086:2fbe] type 00 class 0x088000
[    1.638006] pci 0000:ff:14.7: [8086:2fbf] type 00 class 0x088000
[    1.638048] pci 0000:ff:16.0: [8086:2f68] type 00 class 0x088000
[    1.638093] pci 0000:ff:16.1: [8086:2f79] type 00 class 0x088000
[    1.638138] pci 0000:ff:16.2: [8086:2f6a] type 00 class 0x088000
[    1.638183] pci 0000:ff:16.3: [8086:2f6b] type 00 class 0x088000
[    1.638232] pci 0000:ff:16.6: [8086:2f6e] type 00 class 0x088000
[    1.638277] pci 0000:ff:16.7: [8086:2f6f] type 00 class 0x088000
[    1.638318] pci 0000:ff:17.0: [8086:2fd0] type 00 class 0x088000
[    1.638366] pci 0000:ff:17.1: [8086:2fd1] type 00 class 0x088000
[    1.638411] pci 0000:ff:17.2: [8086:2fd2] type 00 class 0x088000
[    1.638459] pci 0000:ff:17.3: [8086:2fd3] type 00 class 0x088000
[    1.638504] pci 0000:ff:17.4: [8086:2fb8] type 00 class 0x088000
[    1.638545] pci 0000:ff:17.5: [8086:2fb9] type 00 class 0x088000
[    1.638587] pci 0000:ff:17.6: [8086:2fba] type 00 class 0x088000
[    1.638628] pci 0000:ff:17.7: [8086:2fbb] type 00 class 0x088000
[    1.638686] pci 0000:ff:1e.0: [8086:2f98] type 00 class 0x088000
[    1.638728] pci 0000:ff:1e.1: [8086:2f99] type 00 class 0x088000
[    1.638768] pci 0000:ff:1e.2: [8086:2f9a] type 00 class 0x088000
[    1.638809] pci 0000:ff:1e.3: [8086:2fc0] type 00 class 0x088000
[    1.638838] pci 0000:ff:1e.4: [8086:2f9c] type 00 class 0x088000
[    1.638887] pci 0000:ff:1f.0: [8086:2f88] type 00 class 0x088000
[    1.638929] pci 0000:ff:1f.2: [8086:2f8a] type 00 class 0x088000
[    1.639031] acpi: ACPI: PCI Root Bridge [UNC0] (domain 0000 [bus 7f])
[    1.644003] acpi PNP0A03:03: _OSC: OS supports [ExtendedConfig ASPM ClockPM Segments MSI]
[    1.652731] acpi PNP0A03:03: _OSC: OS now controls [PCIeHotplug PME AER PCIeCapability]
[    1.664001] acpi PNP0A03:03: FADT indicates ASPM is unsupported, using BIOS configuration
[    1.672035] probe: PCI host bridge to bus 0000:7f
[    1.676002] pci_bus 0000:7f: root bus resource [bus 7f]
[    1.684008] pci 0000:7f:08.0: [8086:2f80] type 00 class 0x088000
[    1.684051] pci 0000:7f:08.2: [8086:2f32] type 00 class 0x110100
[    1.684094] pci 0000:7f:08.3: [8086:2f83] type 00 class 0x088000
[    1.684135] pci 0000:7f:09.0: [8086:2f90] type 00 class 0x088000
[    1.684173] pci 0000:7f:09.2: [8086:2f33] type 00 class 0x110100
[    1.684210] pci 0000:7f:09.3: [8086:2f93] type 00 class 0x088000
[    1.684250] pci 0000:7f:0b.0: [8086:2f81] type 00 class 0x088000
[    1.684288] pci 0000:7f:0b.1: [8086:2f36] type 00 class 0x110100
[    1.684324] pci 0000:7f:0b.2: [8086:2f37] type 00 class 0x110100
[    1.684361] pci 0000:7f:0c.0: [8086:2fe0] type 00 class 0x088000
[    1.684398] pci 0000:7f:0c.1: [8086:2fe1] type 00 class 0x088000
[    1.684434] pci 0000:7f:0c.2: [8086:2fe2] type 00 class 0x088000
[    1.684472] pci 0000:7f:0c.3: [8086:2fe3] type 00 class 0x088000
[    1.684508] pci 0000:7f:0c.4: [8086:2fe4] type 00 class 0x088000
[    1.684542] pci 0000:7f:0c.5: [8086:2fe5] type 00 class 0x088000
[    1.684577] pci 0000:7f:0c.6: [8086:2fe6] type 00 class 0x088000
[    1.684612] pci 0000:7f:0c.7: [8086:2fe7] type 00 class 0x088000
[    1.684650] pci 0000:7f:0d.0: [8086:2fe8] type 00 class 0x088000
[    1.684686] pci 0000:7f:0d.1: [8086:2fe9] type 00 class 0x088000
[    1.684724] pci 0000:7f:0f.0: [8086:2ff8] type 00 class 0x088000
[    1.684759] pci 0000:7f:0f.1: [8086:2ff9] type 00 class 0x088000
[    1.684794] pci 0000:7f:0f.2: [8086:2ffa] type 00 class 0x088000
[    1.684831] pci 0000:7f:0f.3: [8086:2ffb] type 00 class 0x088000
[    1.684865] pci 0000:7f:0f.4: [8086:2ffc] type 00 class 0x088000
[    1.684900] pci 0000:7f:0f.5: [8086:2ffd] type 00 class 0x088000
[    1.684934] pci 0000:7f:0f.6: [8086:2ffe] type 00 class 0x088000
[    1.684972] pci 0000:7f:10.0: [8086:2f1d] type 00 class 0x088000
[    1.685009] pci 0000:7f:10.1: [8086:2f34] type 00 class 0x110100
[    1.685044] pci 0000:7f:10.5: [8086:2f1e] type 00 class 0x088000
[    1.685079] pci 0000:7f:10.6: [8086:2f7d] type 00 class 0x110100
[    1.685113] pci 0000:7f:10.7: [8086:2f1f] type 00 class 0x088000
[    1.685151] pci 0000:7f:12.0: [8086:2fa0] type 00 class 0x088000
[    1.685197] pci 0000:7f:12.1: [8086:2f30] type 00 class 0x110100
[    1.685236] pci 0000:7f:12.4: [8086:2f60] type 00 class 0x088000
[    1.685276] pci 0000:7f:12.5: [8086:2f38] type 00 class 0x110100
[    1.685316] pci 0000:7f:13.0: [8086:2fa8] type 00 class 0x088000
[    1.685356] pci 0000:7f:13.1: [8086:2f71] type 00 class 0x088000
[    1.685399] pci 0000:7f:13.2: [8086:2faa] type 00 class 0x088000
[    1.685439] pci 0000:7f:13.3: [8086:2fab] type 00 class 0x088000
[    1.685480] pci 0000:7f:13.6: [8086:2fae] type 00 class 0x088000
[    1.685518] pci 0000:7f:13.7: [8086:2faf] type 00 class 0x088000
[    1.685555] pci 0000:7f:14.0: [8086:2fb0] type 00 class 0x088000
[    1.685600] pci 0000:7f:14.1: [8086:2fb1] type 00 class 0x088000
[    1.685643] pci 0000:7f:14.2: [8086:2fb2] type 00 class 0x088000
[    1.685684] pci 0000:7f:14.3: [8086:2fb3] type 00 class 0x088000
[    1.685724] pci 0000:7f:14.4: [8086:2fbc] type 00 class 0x088000
[    1.685762] pci 0000:7f:14.5: [8086:2fbd] type 00 class 0x088000
[    1.685803] pci 0000:7f:14.6: [8086:2fbe] type 00 class 0x088000
[    1.685841] pci 0000:7f:14.7: [8086:2fbf] type 00 class 0x088000
[    1.685880] pci 0000:7f:16.0: [8086:2f68] type 00 class 0x088000
[    1.685922] pci 0000:7f:16.1: [8086:2f79] type 00 class 0x088000
[    1.685963] pci 0000:7f:16.2: [8086:2f6a] type 00 class 0x088000
[    1.686008] pci 0000:7f:16.3: [8086:2f6b] type 00 class 0x088000
[    1.686051] pci 0000:7f:16.6: [8086:2f6e] type 00 class 0x088000
[    1.686089] pci 0000:7f:16.7: [8086:2f6f] type 00 class 0x088000
[    1.686128] pci 0000:7f:17.0: [8086:2fd0] type 00 class 0x088000
[    1.686169] pci 0000:7f:17.1: [8086:2fd1] type 00 class 0x088000
[    1.686213] pci 0000:7f:17.2: [8086:2fd2] type 00 class 0x088000
[    1.686257] pci 0000:7f:17.3: [8086:2fd3] type 00 class 0x088000
[    1.686298] pci 0000:7f:17.4: [8086:2fb8] type 00 class 0x088000
[    1.686337] pci 0000:7f:17.5: [8086:2fb9] type 00 class 0x088000
[    1.686375] pci 0000:7f:17.6: [8086:2fba] type 00 class 0x088000
[    1.686417] pci 0000:7f:17.7: [8086:2fbb] type 00 class 0x088000
[    1.686460] pci 0000:7f:1e.0: [8086:2f98] type 00 class 0x088000
[    1.686498] pci 0000:7f:1e.1: [8086:2f99] type 00 class 0x088000
[    1.686535] pci 0000:7f:1e.2: [8086:2f9a] type 00 class 0x088000
[    1.686575] pci 0000:7f:1e.3: [8086:2fc0] type 00 class 0x088000
[    1.686605] pci 0000:7f:1e.4: [8086:2f9c] type 00 class 0x088000
[    1.686648] pci 0000:7f:1f.0: [8086:2f88] type 00 class 0x088000
[    1.686688] pci 0000:7f:1f.2: [8086:2f8a] type 00 class 0x088000
[    1.695234] acpi: ACPI: PCI Root Bridge [PCI0] (domain 0000 [bus 00-7e])
[    1.700004] acpi PNP0A08:00: _OSC: OS supports [ExtendedConfig ASPM ClockPM Segments MSI]
[    1.712520] acpi PNP0A08:00: _OSC: OS now controls [PCIeHotplug PME AER PCIeCapability]
[    1.720001] acpi PNP0A08:00: FADT indicates ASPM is unsupported, using BIOS configuration
[    1.728277] probe: PCI host bridge to bus 0000:00
[    1.736002] pci_bus 0000:00: root bus resource [io  0x0000-0x0cf7 window]
[    1.744001] pci_bus 0000:00: root bus resource [io  0x1000-0x7fff window]
[    1.752002] pci_bus 0000:00: root bus resource [mem 0x000a0000-0x000bffff window]
[    1.760001] pci_bus 0000:00: root bus resource [mem 0x90000000-0xc7ffbfff window]
[    1.768001] pci_bus 0000:00: root bus resource [mem 0x38000000000-0x3bfffffffff window]
[    1.776001] pci_bus 0000:00: root bus resource [bus 00-7e]
[    1.784007] pci 0000:00:00.0: [8086:2f00] type 00 class 0x060000
[    1.784137] pci 0000:00:01.0: [8086:2f02] type 01 class 0x060400
[    1.784181] pci 0000:00:01.0: PME# supported from D0 D3hot D3cold
[    1.784276] pci 0000:00:01.1: [8086:2f03] type 01 class 0x060400
[    1.784318] pci 0000:00:01.1: PME# supported from D0 D3hot D3cold
[    1.784413] pci 0000:00:02.0: [8086:2f04] type 01 class 0x060400
[    1.784456] pci 0000:00:02.0: PME# supported from D0 D3hot D3cold
[    1.784550] pci 0000:00:02.2: [8086:2f06] type 01 class 0x060400
[    1.784592] pci 0000:00:02.2: PME# supported from D0 D3hot D3cold
[    1.784687] pci 0000:00:03.0: [8086:2f08] type 01 class 0x060400
[    1.784730] pci 0000:00:03.0: PME# supported from D0 D3hot D3cold
[    1.784822] pci 0000:00:05.0: [8086:2f28] type 00 class 0x088000
[    1.784930] pci 0000:00:05.1: [8086:2f29] type 00 class 0x088000
[    1.785049] pci 0000:00:05.2: [8086:2f2a] type 00 class 0x088000
[    1.785154] pci 0000:00:05.4: [8086:2f2c] type 00 class 0x080020
[    1.785162] pci 0000:00:05.4: reg 0x10: [mem 0xc7005000-0xc7005fff]
[    1.785282] pci 0000:00:11.0: [8086:8d7c] type 00 class 0xff0000
[    1.785468] pci 0000:00:11.4: [8086:8d62] type 00 class 0x010601
[    1.785485] pci 0000:00:11.4: reg 0x10: [io  0x7110-0x7117]
[    1.785492] pci 0000:00:11.4: reg 0x14: [io  0x7100-0x7103]
[    1.785500] pci 0000:00:11.4: reg 0x18: [io  0x70f0-0x70f7]
[    1.785507] pci 0000:00:11.4: reg 0x1c: [io  0x70e0-0x70e3]
[    1.785514] pci 0000:00:11.4: reg 0x20: [io  0x7020-0x703f]
[    1.785521] pci 0000:00:11.4: reg 0x24: [mem 0xc7004000-0xc70047ff]
[    1.785559] pci 0000:00:11.4: PME# supported from D3hot
[    1.785662] pci 0000:00:16.0: [8086:8d3a] type 00 class 0x078000
[    1.785681] pci 0000:00:16.0: reg 0x10: [mem 0x3bffff13000-0x3bffff1300f 64bit]
[    1.785736] pci 0000:00:16.0: PME# supported from D0 D3hot D3cold
[    1.785823] pci 0000:00:16.1: [8086:8d3b] type 00 class 0x078000
[    1.785841] pci 0000:00:16.1: reg 0x10: [mem 0x3bffff12000-0x3bffff1200f 64bit]
[    1.785896] pci 0000:00:16.1: PME# supported from D0 D3hot D3cold
[    1.785997] pci 0000:00:1a.0: [8086:8d2d] type 00 class 0x0c0320
[    1.786016] pci 0000:00:1a.0: reg 0x10: [mem 0xc7002000-0xc70023ff]
[    1.786091] pci 0000:00:1a.0: PME# supported from D0 D3hot D3cold
[    1.786182] pci 0000:00:1c.0: [8086:8d10] type 01 class 0x060400
[    1.786247] pci 0000:00:1c.0: PME# supported from D0 D3hot D3cold
[    1.786346] pci 0000:00:1c.3: [8086:8d16] type 01 class 0x060400
[    1.786411] pci 0000:00:1c.3: PME# supported from D0 D3hot D3cold
[    1.786513] pci 0000:00:1d.0: [8086:8d26] type 00 class 0x0c0320
[    1.786532] pci 0000:00:1d.0: reg 0x10: [mem 0xc7001000-0xc70013ff]
[    1.786606] pci 0000:00:1d.0: PME# supported from D0 D3hot D3cold
[    1.786698] pci 0000:00:1f.0: [8086:8d44] type 00 class 0x060100
[    1.786880] pci 0000:00:1f.2: [8086:8d02] type 00 class 0x010601
[    1.786894] pci 0000:00:1f.2: reg 0x10: [io  0x7070-0x7077]
[    1.786900] pci 0000:00:1f.2: reg 0x14: [io  0x7060-0x7063]
[    1.786906] pci 0000:00:1f.2: reg 0x18: [io  0x7050-0x7057]
[    1.786912] pci 0000:00:1f.2: reg 0x1c: [io  0x7040-0x7043]
[    1.786918] pci 0000:00:1f.2: reg 0x20: [io  0x7000-0x701f]
[    1.786924] pci 0000:00:1f.2: reg 0x24: [mem 0xc7000000-0xc70007ff]
[    1.786956] pci 0000:00:1f.2: PME# supported from D3hot
[    1.787178] acpiphp: Slot [0] registered
[    1.788034] pci 0000:01:00.0: [8086:1521] type 00 class 0x020000
[    1.788051] pci 0000:01:00.0: reg 0x10: [mem 0xc6a00000-0xc6afffff]
[    1.788062] pci 0000:01:00.0: reg 0x18: [io  0x6020-0x603f]
[    1.788068] pci 0000:01:00.0: reg 0x1c: [mem 0xc6c04000-0xc6c07fff]
[    1.788085] pci 0000:01:00.0: reg 0x30: [mem 0xc6b80000-0xc6bfffff pref]
[    1.788139] pci 0000:01:00.0: PME# supported from D0 D3hot D3cold
[    1.788162] pci 0000:01:00.0: reg 0x184: [mem 0x3bfffe60000-0x3bfffe63fff 64bit pref]
[    1.788164] pci 0000:01:00.0: VF(n) BAR0 space: [mem 0x3bfffe60000-0x3bfffe7ffff 64bit pref] (contains BAR0 for 8 VFs)
[    1.800013] pci 0000:01:00.0: reg 0x190: [mem 0x3bfffe40000-0x3bfffe43fff 64bit pref]
[    1.800014] pci 0000:01:00.0: VF(n) BAR3 space: [mem 0x3bfffe40000-0x3bfffe5ffff 64bit pref] (contains BAR3 for 8 VFs)
[    1.812086] pci 0000:01:00.1: [8086:1521] type 00 class 0x020000
[    1.812103] pci 0000:01:00.1: reg 0x10: [mem 0xc6900000-0xc69fffff]
[    1.812114] pci 0000:01:00.1: reg 0x18: [io  0x6000-0x601f]
[    1.812120] pci 0000:01:00.1: reg 0x1c: [mem 0xc6c00000-0xc6c03fff]
[    1.812136] pci 0000:01:00.1: reg 0x30: [mem 0xc6b00000-0xc6b7ffff pref]
[    1.812188] pci 0000:01:00.1: PME# supported from D0 D3hot D3cold
[    1.812207] pci 0000:01:00.1: reg 0x184: [mem 0x3bfffe20000-0x3bfffe23fff 64bit pref]
[    1.812209] pci 0000:01:00.1: VF(n) BAR0 space: [mem 0x3bfffe20000-0x3bfffe3ffff 64bit pref] (contains BAR0 for 8 VFs)
[    1.824811] pci 0000:01:00.1: reg 0x190: [mem 0x3bfffe00000-0x3bfffe03fff 64bit pref]
[    1.824811] pci 0000:01:00.1: VF(n) BAR3 space: [mem 0x3bfffe00000-0x3bfffe1ffff 64bit pref] (contains BAR3 for 8 VFs)
[    1.836079] pci 0000:00:01.0: PCI bridge to [bus 01-02]
[    1.844004] pci 0000:00:01.0:   bridge window [io  0x6000-0x6fff]
[    1.844005] pci 0000:00:01.0:   bridge window [mem 0xc6900000-0xc6cfffff]
[    1.844008] pci 0000:00:01.0:   bridge window [mem 0x3bfffe00000-0x3bfffefffff 64bit pref]
[    1.844156] pci 0000:00:01.1: PCI bridge to [bus 03]
[    1.848134] pci 0000:00:02.0: PCI bridge to [bus 04]
[    1.856140] pci 0000:05:00.0: [1000:0090] type 00 class 0x010700
[    1.856151] pci 0000:05:00.0: reg 0x10: [io  0x5000-0x50ff]
[    1.856158] pci 0000:05:00.0: reg 0x14: [mem 0xc6e40000-0xc6e4ffff 64bit]
[    1.856164] pci 0000:05:00.0: reg 0x1c: [mem 0xc6e00000-0xc6e3ffff 64bit]
[    1.856172] pci 0000:05:00.0: reg 0x30: [mem 0xc6d00000-0xc6dfffff pref]
[    1.856176] pci 0000:05:00.0: enabling Extended Tags
[    1.860077] pci 0000:05:00.0: supports D1 D2
[    1.860136] pci 0000:00:02.2: PCI bridge to [bus 05]
[    1.868002] pci 0000:00:02.2:   bridge window [io  0x5000-0x5fff]
[    1.868004] pci 0000:00:02.2:   bridge window [mem 0xc6d00000-0xc6efffff]
[    1.868144] pci 0000:06:00.0: [8086:10fb] type 00 class 0x020000
[    1.868156] pci 0000:06:00.0: reg 0x10: [mem 0xc7900000-0xc79fffff pref]
[    1.868165] pci 0000:06:00.0: reg 0x18: [io  0x4020-0x403f]
[    1.868170] pci 0000:06:00.0: reg 0x1c: [mem 0xc7e04000-0xc7e07fff pref]
[    1.868182] pci 0000:06:00.0: reg 0x30: [mem 0xc6f80000-0xc6ffffff pref]
[    1.868222] pci 0000:06:00.0: PME# supported from D0 D3hot
[    1.868238] pci 0000:06:00.0: reg 0x184: [mem 0xc7d00000-0xc7d03fff 64bit pref]
[    1.868240] pci 0000:06:00.0: VF(n) BAR0 space: [mem 0xc7d00000-0xc7dfffff 64bit pref] (contains BAR0 for 64 VFs)
[    1.880010] pci 0000:06:00.0: reg 0x190: [mem 0xc7c00000-0xc7c03fff 64bit pref]
[    1.880011] pci 0000:06:00.0: VF(n) BAR3 space: [mem 0xc7c00000-0xc7cfffff 64bit pref] (contains BAR3 for 64 VFs)
[    1.888134] pci 0000:06:00.1: [8086:10fb] type 00 class 0x020000
[    1.888146] pci 0000:06:00.1: reg 0x10: [mem 0xc7800000-0xc78fffff pref]
[    1.888155] pci 0000:06:00.1: reg 0x18: [io  0x4000-0x401f]
[    1.888160] pci 0000:06:00.1: reg 0x1c: [mem 0xc7e00000-0xc7e03fff pref]
[    1.888172] pci 0000:06:00.1: reg 0x30: [mem 0xc6f00000-0xc6f7ffff pref]
[    1.888209] pci 0000:06:00.1: PME# supported from D0 D3hot
[    1.888222] pci 0000:06:00.1: reg 0x184: [mem 0xc7b00000-0xc7b03fff 64bit pref]
[    1.888224] pci 0000:06:00.1: VF(n) BAR0 space: [mem 0xc7b00000-0xc7bfffff 64bit pref] (contains BAR0 for 64 VFs)
[    1.900011] pci 0000:06:00.1: reg 0x190: [mem 0xc7a00000-0xc7a03fff 64bit pref]
[    1.900011] pci 0000:06:00.1: VF(n) BAR3 space: [mem 0xc7a00000-0xc7afffff 64bit pref] (contains BAR3 for 64 VFs)
[    1.912129] pci 0000:00:03.0: PCI bridge to [bus 06-07]
[    1.920002] pci 0000:00:03.0:   bridge window [io  0x4000-0x4fff]
[    1.920004] pci 0000:00:03.0:   bridge window [mem 0xc6f00000-0xc6ffffff]
[    1.920007] pci 0000:00:03.0:   bridge window [mem 0xc7800000-0xc7efffff 64bit pref]
[    1.920040] pci 0000:00:1c.0: PCI bridge to [bus 08]
[    1.924065] pci 0000:09:00.0: [102b:0522] type 00 class 0x030000
[    1.924096] pci 0000:09:00.0: reg 0x10: [mem 0xc5000000-0xc5ffffff]
[    1.924110] pci 0000:09:00.0: reg 0x14: [mem 0xc6810000-0xc6813fff]
[    1.924123] pci 0000:09:00.0: reg 0x18: [mem 0xc6000000-0xc67fffff]
[    1.924174] pci 0000:09:00.0: reg 0x30: [mem 0xc6800000-0xc680ffff pref]
[    1.924309] pci 0000:00:1c.3: PCI bridge to [bus 09]
[    1.932005] pci 0000:00:1c.3:   bridge window [mem 0xc5000000-0xc68fffff]
[    1.932033] pci_bus 0000:00: on NUMA node 0
[    1.932577] acpi: ACPI: PCI Root Bridge [PCI1] (domain 0000 [bus 80-fe])
[    1.940004] acpi PNP0A08:01: _OSC: OS supports [ExtendedConfig ASPM ClockPM Segments MSI]
[    1.948513] acpi PNP0A08:01: _OSC: OS now controls [PCIeHotplug PME AER PCIeCapability]
[    1.956002] acpi PNP0A08:01: FADT indicates ASPM is unsupported, using BIOS configuration
[    1.964152] probe: PCI host bridge to bus 0000:80
[    1.972002] pci_bus 0000:80: root bus resource [io  0x8000-0xffff window]
[    1.980001] pci_bus 0000:80: root bus resource [mem 0xc8000000-0xfbffbfff window]
[    1.988001] pci_bus 0000:80: root bus resource [mem 0x3c000000000-0x3ffffffffff window]
[    1.996001] pci_bus 0000:80: root bus resource [bus 80-fe]
[    2.004009] pci 0000:80:02.0: [8086:2f04] type 01 class 0x060400
[    2.004060] pci 0000:80:02.0: PME# supported from D0 D3hot D3cold
[    2.004135] pci 0000:80:05.0: [8086:2f28] type 00 class 0x088000
[    2.004221] pci 0000:80:05.1: [8086:2f29] type 00 class 0x088000
[    2.004324] pci 0000:80:05.2: [8086:2f2a] type 00 class 0x088000
[    2.004409] pci 0000:80:05.4: [8086:2f2c] type 00 class 0x080020
[    2.004417] pci 0000:80:05.4: reg 0x10: [mem 0xfbf00000-0xfbf00fff]
[    2.004648] pci 0000:80:02.0: PCI bridge to [bus 81]
[    2.008011] pci_bus 0000:80: on NUMA node 1
[    2.008338] ACPI: PCI Interrupt Link [LNKA] (IRQs 3 4 5 6 7 10 *11 12 14 15)
[    2.016040] ACPI: PCI Interrupt Link [LNKB] (IRQs 3 4 5 6 7 *10 11 12 14 15)
[    2.024038] ACPI: PCI Interrupt Link [LNKC] (IRQs 3 4 5 6 10 *11 12 14 15)
[    2.032040] ACPI: PCI Interrupt Link [LNKD] (IRQs 3 4 *5 6 10 11 12 14 15)
[    2.040038] ACPI: PCI Interrupt Link [LNKE] (IRQs 3 4 5 6 7 10 11 12 14 15) *0, disabled.
[    2.048038] ACPI: PCI Interrupt Link [LNKF] (IRQs 3 4 5 6 7 10 11 12 14 15) *0, disabled.
[    2.060038] ACPI: PCI Interrupt Link [LNKG] (IRQs 3 4 5 6 7 10 11 12 14 15) *0, disabled.
[    2.068037] ACPI: PCI Interrupt Link [LNKH] (IRQs 3 4 5 6 7 10 11 12 14 15) *0, disabled.
[    2.076266] pci 0000:09:00.0: vgaarb: setting as boot VGA device
[    2.080000] pci 0000:09:00.0: vgaarb: VGA device added: decodes=io+mem,owns=io+mem,locks=none
[    2.092003] pci 0000:09:00.0: vgaarb: bridge control possible
[    2.100001] vgaarb: loaded
[    2.103144] SCSI subsystem initialized
[    2.108059] libata version 3.00 loaded.
[    2.108059] ACPI: bus type USB registered
[    2.112013] usbcore: usbcore: registered new interface driver usbfs
[    2.120010] usbcore: usbcore: registered new interface driver hub
[    2.124116] usbcore: usbcore: registered new device driver usb
[    2.132013] pps_core: LinuxPPS API ver. 1 registered
[    2.136001] pps_core: Software ver. 5.3.6 - Copyright 2005-2007 Rodolfo Giometti <giometti@linux.it>
[    2.148002] ptp: PTP clock support registered
[    2.152083] EDAC MC: Ver: 3.0.0
[    2.156038] PCI: Using ACPI for IRQ routing
[    2.164042] PCI: pci_cache_line_size set to 64 bytes
[    2.164192] e820: reserve RAM buffer [mem 0x00099c00-0x0009ffff]
[    2.164193] e820: reserve RAM buffer [mem 0x791d4000-0x7bffffff]
[    2.164306] NetLabel: Initializing
[    2.168001] NetLabel:  domain hash size = 128
[    2.172000] NetLabel:  protocols = UNLABELED CIPSOv4 CALIPSO
[    2.180018] NetLabel:  unlabeled traffic allowed by default
[    2.188037] hpet0: at MMIO 0xfed00000, IRQs 2, 8, 0, 0, 0, 0, 0, 0
[    2.192002] hpet0: 8 comparators, 64-bit 14.318180 MHz counter
[    2.202093] clocksource: Switched to clocksource tsc-early
[    2.227811] VFS: Disk quotas dquot_6.6.0
[    2.232223] dquot: VFS: Dquot-cache hash table entries: 512 (order 0, 4096 bytes)
[    2.240721] AppArmor: AppArmor Filesystem Enabled
[    2.245996] pnp: PnP ACPI init
[    2.249666] pnp 00:00: Plug and Play ACPI device, IDs PNP0b00 (active)
[    2.249765] system 00:01: [io  0x0500-0x057f] has been reserved
[    2.256372] system 00:01: [io  0x0400-0x047f] has been reserved
[    2.262977] system 00:01: [io  0x0580-0x059f] has been reserved
[    2.269584] system 00:01: [io  0x0600-0x061f] has been reserved
[    2.276188] system 00:01: [io  0x0880-0x0883] has been reserved
[    2.282794] system 00:01: [io  0x0800-0x081f] has been reserved
[    2.289407] system 00:01: [mem 0xfed1c000-0xfed3ffff] has been reserved
[    2.296787] system 00:01: [mem 0xfed45000-0xfed8bfff] has been reserved
[    2.304168] system 00:01: [mem 0xff000000-0xffffffff] has been reserved
[    2.311547] system 00:01: [mem 0xfee00000-0xfeefffff] has been reserved
[    2.318927] system 00:01: [mem 0xfed12000-0xfed1200f] has been reserved
[    2.326308] system 00:01: [mem 0xfed12010-0xfed1201f] has been reserved
[    2.333690] system 00:01: [mem 0xfed1b000-0xfed1bfff] has been reserved
[    2.341072] system 00:01: Plug and Play ACPI device, IDs PNP0c02 (active)
[    2.341179] pnp 00:02: [dma 0 disabled]
[    2.341217] pnp 00:02: Plug and Play ACPI device, IDs PNP0501 (active)
[    2.341314] pnp 00:03: [dma 0 disabled]
[    2.341346] pnp 00:03: Plug and Play ACPI device, IDs PNP0501 (active)
[    2.341847] pnp: PnP ACPI: found 4 devices
[    2.352226] clocksource: acpi_pm: mask: 0xffffff max_cycles: 0xffffff, max_idle_ns: 2085701024 ns
[    2.362186] pci 0000:00:01.0: PCI bridge to [bus 01-02]
[    2.368020] pci 0000:00:01.0:   bridge window [io  0x6000-0x6fff]
[    2.374812] pci 0000:00:01.0:   bridge window [mem 0xc6900000-0xc6cfffff]
[    2.382388] pci 0000:00:01.0:   bridge window [mem 0x3bfffe00000-0x3bfffefffff 64bit pref]
[    2.391613] pci 0000:00:01.1: PCI bridge to [bus 03]
[    2.397156] pci 0000:00:02.0: PCI bridge to [bus 04]
[    2.402698] pci 0000:00:02.2: PCI bridge to [bus 05]
[    2.408239] pci 0000:00:02.2:   bridge window [io  0x5000-0x5fff]
[    2.415040] pci 0000:00:02.2:   bridge window [mem 0xc6d00000-0xc6efffff]
[    2.422618] pci 0000:00:03.0: PCI bridge to [bus 06-07]
[    2.428450] pci 0000:00:03.0:   bridge window [io  0x4000-0x4fff]
[    2.435250] pci 0000:00:03.0:   bridge window [mem 0xc6f00000-0xc6ffffff]
[    2.442825] pci 0000:00:03.0:   bridge window [mem 0xc7800000-0xc7efffff 64bit pref]
[    2.451469] pci 0000:00:1c.0: PCI bridge to [bus 08]
[    2.457016] pci 0000:00:1c.3: PCI bridge to [bus 09]
[    2.462557] pci 0000:00:1c.3:   bridge window [mem 0xc5000000-0xc68fffff]
[    2.470137] pci_bus 0000:00: resource 4 [io  0x0000-0x0cf7 window]
[    2.470138] pci_bus 0000:00: resource 5 [io  0x1000-0x7fff window]
[    2.470139] pci_bus 0000:00: resource 6 [mem 0x000a0000-0x000bffff window]
[    2.470140] pci_bus 0000:00: resource 7 [mem 0x90000000-0xc7ffbfff window]
[    2.470142] pci_bus 0000:00: resource 8 [mem 0x38000000000-0x3bfffffffff window]
[    2.470142] pci_bus 0000:01: resource 0 [io  0x6000-0x6fff]
[    2.470143] pci_bus 0000:01: resource 1 [mem 0xc6900000-0xc6cfffff]
[    2.470144] pci_bus 0000:01: resource 2 [mem 0x3bfffe00000-0x3bfffefffff 64bit pref]
[    2.470145] pci_bus 0000:05: resource 0 [io  0x5000-0x5fff]
[    2.470146] pci_bus 0000:05: resource 1 [mem 0xc6d00000-0xc6efffff]
[    2.470147] pci_bus 0000:06: resource 0 [io  0x4000-0x4fff]
[    2.470148] pci_bus 0000:06: resource 1 [mem 0xc6f00000-0xc6ffffff]
[    2.470148] pci_bus 0000:06: resource 2 [mem 0xc7800000-0xc7efffff 64bit pref]
[    2.470150] pci_bus 0000:09: resource 1 [mem 0xc5000000-0xc68fffff]
[    2.470249] pci 0000:80:02.0: PCI bridge to [bus 81]
[    2.475794] pci_bus 0000:80: resource 4 [io  0x8000-0xffff window]
[    2.475795] pci_bus 0000:80: resource 5 [mem 0xc8000000-0xfbffbfff window]
[    2.475796] pci_bus 0000:80: resource 6 [mem 0x3c000000000-0x3ffffffffff window]
[    2.475900] socket: NET: Registered protocol family 2
[    2.481867] page_alloc: tcp_listen_portaddr_hash hash table entries: 65536 (order: 8, 1048576 bytes)
[    2.492355] page_alloc: TCP established hash table entries: 524288 (order: 10, 4194304 bytes)
[    2.502494] page_alloc: TCP bind hash table entries: 65536 (order: 8, 1048576 bytes)
[    2.511288] tcp: Hash tables configured (established 524288 bind 65536)
[    2.518850] page_alloc: UDP hash table entries: 65536 (order: 9, 2097152 bytes)
[    2.527378] page_alloc: UDP-Lite hash table entries: 65536 (order: 9, 2097152 bytes)
[    2.536463] socket: NET: Registered protocol family 1
[    2.564153] pci 0000:00:1a.0: quirk_usb_early_handoff+0x0/0x6b0 took 21342 usecs
[    2.596137] pci 0000:00:1d.0: quirk_usb_early_handoff+0x0/0x6b0 took 23153 usecs
[    2.604406] PCI: CLS mismatch (64 != 32), using 64 bytes
[    2.604420] pci 0000:09:00.0: Video device with shadowed ROM at [mem 0x000c0000-0x000dffff]
[    2.613781] Trying to unpack rootfs image as initramfs...
[    5.096116] page_alloc: Freeing initrd memory: 168012K
[    5.101997] PCI-DMA: Using software bounce buffering for IO (SWIOTLB)
[    5.109196] software IO TLB [mem 0x751d4000-0x791d4000] (64MB) mapped at [        (ptrval)-        (ptrval)]
[    5.120593] intel_rapl_perf: API unit is 2^-32 Joules, 3 fixed counters, 655360 ms ovfl timer
[    5.130108] intel_rapl_perf: hw unit of domain pp0-core 2^-14 Joules
[    5.137200] intel_rapl_perf: hw unit of domain package 2^-14 Joules
[    5.144194] intel_rapl_perf: hw unit of domain dram 2^-16 Joules
[    5.152919] Scanning for low memory corruption every 60 seconds
[    5.160919] system_keyring: Initialise system trusted keyrings
[    5.167494] workingset: workingset: timestamp_bits=40 max_order=26 bucket_order=0
[    5.176989] zbud: loaded
[    5.180365] fuse init (API version 7.26)
[    5.184804] SGI XFS with ACLs, security attributes, realtime, debug enabled
[    5.193223] pstore: using deflate compression
[    5.199109] key: Key type asymmetric registered
[    5.204166] asymmetric_keys: Asymmetric key parser 'x509' registered
[    5.211288] Block layer SCSI generic (bsg) driver version 0.4 loaded (major 248)
[    5.219627] io scheduler noop registered
[    5.224005] io scheduler deadline registered (default)
[    5.229766] io scheduler cfq registered
[    5.234045] io scheduler mq-deadline registered (default)
[    5.240068] io scheduler kyber registered
[    5.246570] pcieport 0000:00:01.0: AER enabled with IRQ 25
[    5.252716] pcieport 0000:00:01.1: AER enabled with IRQ 26
[    5.258858] pcieport 0000:00:02.0: AER enabled with IRQ 28
[    5.265000] pcieport 0000:00:02.2: AER enabled with IRQ 29
[    5.271144] pcieport 0000:00:03.0: AER enabled with IRQ 31
[    5.277291] pcieport 0000:80:02.0: AER enabled with IRQ 35
[    5.283428] pcieport 0000:00:01.0: Signaling PME with IRQ 25
[    5.289753] pcieport 0000:00:01.1: Signaling PME with IRQ 26
[    5.296075] pcieport 0000:00:02.0: Signaling PME with IRQ 28
[    5.302398] pcieport 0000:00:02.2: Signaling PME with IRQ 29
[    5.308726] pcieport 0000:00:03.0: Signaling PME with IRQ 31
[    5.315055] pcieport 0000:00:1c.0: Signaling PME with IRQ 32
[    5.321386] pcieport 0000:00:1c.3: Signaling PME with IRQ 33
[    5.327723] pcieport 0000:80:02.0: Signaling PME with IRQ 35
[    5.334088] intel_idle: MWAIT substates: 0x2120
[    5.334089] intel_idle: v0.4.1 model 0x3F
[    5.335644] intel_idle: lapic_timer_reliable_states 0xffffffff
[    5.335652] ipmi_msghandler: ipmi message handler version 39.2
[    5.342329] ACPI: Deprecated procfs I/F for AC is loaded, please retry with CONFIG_ACPI_PROCFS_POWER cleared
[    5.353326] ACPI: AC Adapter [P111] (on-line)
[    5.358260] input_core: Power Button as /devices/LNXSYSTM:00/LNXSYBUS:00/PNP0C0C:00/input/input0
[    5.368079] ACPI: Power Button [PWRB]
[    5.372198] input_core: Power Button as /devices/LNXSYSTM:00/LNXPWRBN:00/input/input1
[    5.380972] ACPI: Power Button [PWRF]
[    5.390413] ERST: Error Record Serialization Table (ERST) support is initialized.
[    5.398874] pstore: Registered erst as persistent store backend
[    5.405956] ghes: GHES: APEI firmware first mode is enabled by APEI bit and WHEA _OSC.
[    5.414937] 8250: Serial: 8250/16550 driver, 32 ports, IRQ sharing enabled
[    5.443074] serial_core: 00:02: ttyS0 at I/O 0x3f8 (irq = 4, base_baud = 115200) is a 16550A
[    5.472984] serial_core: 00:03: ttyS1 at I/O 0x2f8 (irq = 3, base_baud = 115200) is a 16550A
[    5.483523] Linux agpgart interface v0.103
[    5.494842] brd: brd: module loaded
[    5.502708] loop: module loaded
[    5.506536] libphy: Fixed MDIO Bus: probed
[    5.511283] tun: Universal TUN/TAP device driver, 1.6
[    5.516998] ppp_generic: PPP generic driver version 2.4.2
[    5.523079] ehci_hcd: USB 2.0 'Enhanced' Host Controller (EHCI) Driver
[    5.530358] ehci_pci: ehci-pci: EHCI PCI platform driver
[    5.536454] ehci-pci 0000:00:1a.0: EHCI Host Controller
[    5.542299] ehci-pci 0000:00:1a.0: new USB bus registered, assigned bus number 1
[    5.550565] ehci-pci 0000:00:1a.0: debug port 2
[    5.559535] ehci-pci 0000:00:1a.0: cache line size of 64 is not supported
[    5.559550] ehci-pci 0000:00:1a.0: irq 18, io mem 0xc7002000
[    5.580070] ehci-pci 0000:00:1a.0: USB 2.0 started, EHCI 1.00
[    5.586526] usb usb1: New USB device found, idVendor=1d6b, idProduct=0002, bcdDevice= 4.17
[    5.595752] usb usb1: New USB device strings: Mfr=3, Product=2, SerialNumber=1
[    5.603816] usb usb1: Product: EHCI Host Controller
[    5.609260] usb usb1: Manufacturer: Linux 4.17.0 ehci_hcd
[    5.615286] usb usb1: SerialNumber: 0000:00:1a.0
[    5.620557] hub 1-0:1.0: USB hub found
[    5.624749] hub 1-0:1.0: 2 ports detected
[    5.629466] ehci-pci 0000:00:1d.0: EHCI Host Controller
[    5.635306] ehci-pci 0000:00:1d.0: new USB bus registered, assigned bus number 2
[    5.643570] ehci-pci 0000:00:1d.0: debug port 2
[    5.652516] ehci-pci 0000:00:1d.0: cache line size of 64 is not supported
[    5.652523] ehci-pci 0000:00:1d.0: irq 18, io mem 0xc7001000
[    5.672061] ehci-pci 0000:00:1d.0: USB 2.0 started, EHCI 1.00
[    5.678509] usb usb2: New USB device found, idVendor=1d6b, idProduct=0002, bcdDevice= 4.17
[    5.687733] usb usb2: New USB device strings: Mfr=3, Product=2, SerialNumber=1
[    5.695794] usb usb2: Product: EHCI Host Controller
[    5.701238] usb usb2: Manufacturer: Linux 4.17.0 ehci_hcd
[    5.707262] usb usb2: SerialNumber: 0000:00:1d.0
[    5.712524] hub 2-0:1.0: USB hub found
[    5.716713] hub 2-0:1.0: 2 ports detected
[    5.721334] ehci_platform: ehci-platform: EHCI generic platform driver
[    5.728636] ohci_hcd: USB 1.1 'Open' Host Controller (OHCI) Driver
[    5.735542] ohci_pci: ohci-pci: OHCI PCI platform driver
[    5.741485] ohci_platform: ohci-platform: OHCI generic platform driver
[    5.748779] uhci_hcd: USB Universal Host Controller Interface driver
[    5.755934] i8042: PNP: No PS/2 controller found.
[    5.761256] mousedev: PS/2 mouse device common for all mice
[    5.767587] rtc_cmos 00:00: RTC can wake from S4
[    5.772900] rtc_cmos 00:00: registered as rtc0
[    5.777876] rtc_cmos 00:00: alarms up to one month, y3k, 114 bytes nvram, hpet irqs
[    5.786459] dm_mod: device-mapper: uevent: version 1.0.3
[    5.792470] dm_mod: device-mapper: ioctl: 4.39.0-ioctl (2018-04-03) initialised: dm-devel@redhat.com
[    5.802672] intel_pstate: Intel P-state driver initializing
[    5.813772] ledtrig_cpu: ledtrig-cpu: registered to indicate activity on CPUs
[    5.822018] socket: NET: Registered protocol family 10
[    5.828105] ipv6: Segment Routing with IPv6
[    5.832789] socket: NET: Registered protocol family 17
[    5.838530] key: Key type dns_resolver registered
[    5.846954] microcode: sig=0x306f2, pf=0x1, revision=0x3a
[    5.853956] microcode: Microcode Update Driver: v2.2.
[    5.853965] sched_clock: Marking stable (5853952442, 0)->(6132837398, -278884956)
[    5.868346] taskstats: registered taskstats version 1
[    5.873987] system_keyring: Loading compiled-in X.509 certificates
[    5.883317] system_keyring: Loaded X.509 cert 'Build time autogenerated kernel key: a85f92fc9e42360718088a26c87bd4874b11e307'
[    5.895987] zswap: loaded using pool lzo/zbud
[    5.901340] btrfs: Btrfs loaded, crc32c=crc32c-intel, debug=on
[    5.910493] key: Key type big_key registered
[    5.916627] key: Key type trusted registered
[    5.922624] key: Key type encrypted registered
[    5.927586] AppArmor: AppArmor sha1 policy hashing enabled
[    5.933710] ima: No TPM chip found, activating TPM-bypass! (rc=-19)
[    5.940708] ima: Allocated hash algorithm: sha1
[    5.945779] evm: HMAC attrs: 0x1
[    5.949976] trace:   Magic number: 15:578:303
[    5.954887] tty tty32: hash matches
[    5.958813] acpi device:1ff: hash matches
[    5.963373] acpi device:9d: hash matches
[    5.967923] rtc_cmos 00:00: setting system clock to 2019-08-04 00:20:31 UTC (1564878031)
[    5.978837] page_alloc: Freeing unused kernel memory: 1816K
[    5.980038] usb 1-1: new high-speed USB device number 2 using ehci-pci
[    6.020038] Write protecting the kernel read-only data: 22528k
[    6.027488] page_alloc: Freeing unused kernel memory: 2004K
[    6.037557] page_alloc: Freeing unused kernel memory: 1864K
[    6.054094] systemd-udevd[394]: starting version 204
[    6.060040] usb 2-1: new high-speed USB device number 2 using ehci-pci
[    6.099023] dca: dca service started, version 1.12.1
[    6.108663] ahci 0000:00:11.4: version 3.0
[    6.108976] ahci 0000:00:11.4: AHCI 0001.0300 32 slots 4 ports 6 Gbps 0xf impl SATA mode
[    6.118019] ahci 0000:00:11.4: flags: 64bit ncq pm led clo pio slum part ems apst 
[    6.127887] mpt3sas: mpt3sas version 17.100.00.00 loaded
[    6.134123] igb: Intel(R) Gigabit Ethernet Network Driver - version 5.4.0-k
[    6.134155] mpt3sas: mpt3sas_cm0: 64 BIT PCI BUS DMA ADDRESSING SUPPORTED, total mem (161398680 kB)
[    6.141894] igb: Copyright (c) 2007-2014 Intel Corporation.
[    6.158610] ixgbe: Intel(R) 10 Gigabit PCI Express Network Driver - version 5.1.0-k
[    6.159225] igb 0000:01:00.0: PHY reset is blocked due to SOL/IDER session.
[    6.167167] ixgbe: Copyright (c) 1999-2016 Intel Corporation.
[    6.172048] tsc: Refined TSC clocksource calibration: 2593.749 MHz
[    6.172380] usb 1-1: New USB device found, idVendor=8087, idProduct=800a, bcdDevice= 0.05
[    6.172381] usb 1-1: New USB device strings: Mfr=0, Product=0, SerialNumber=0
[    6.172525] hub 1-1:1.0: USB hub found
[    6.172629] hub 1-1:1.0: 6 ports detected
[    6.214051] clocksource: tsc: mask: 0xffffffffffffffff max_cycles: 0x25632b1b102, max_idle_ns: 440795335950 ns
[    6.216885] scsi host1: ahci
[    6.224380] usb 2-1: New USB device found, idVendor=8087, idProduct=8002, bcdDevice= 0.05
[    6.224383] usb 2-1: New USB device strings: Mfr=0, Product=0, SerialNumber=0
[    6.224522] hub 2-1:1.0: USB hub found
[    6.224629] hub 2-1:1.0: 8 ports detected
[    6.254201] clocksource: Switched to clocksource tsc
[    6.263773] scsi host2: ahci
[    6.267101] scsi host3: ahci
[    6.270448] scsi host4: ahci
[    6.273717] ata1: SATA max UDMA/133 abar m2048@0xc7004000 port 0xc7004100 irq 36
[    6.281975] ata2: SATA max UDMA/133 abar m2048@0xc7004000 port 0xc7004180 irq 36
[    6.290231] ata3: SATA max UDMA/133 abar m2048@0xc7004000 port 0xc7004200 irq 36
[    6.298498] ata4: SATA max UDMA/133 abar m2048@0xc7004000 port 0xc7004280 irq 36
[    6.308011] igb 0000:01:00.0: added PHC on eth0
[    6.313075] igb 0000:01:00.0: Intel(R) Gigabit Ethernet Network Connection
[    6.320739] igb 0000:01:00.0: eth0: (PCIe:5.0Gb/s:Width x4) 70:e4:22:83:d4:0a
[    6.328773] igb 0000:01:00.0: eth0: PBA No: FFFFFF-0FF
[    6.334508] igb 0000:01:00.0: Using MSI-X interrupts. 8 rx queue(s), 8 tx queue(s)
[    6.343146] ahci 0000:00:1f.2: AHCI 0001.0300 32 slots 6 ports 6 Gbps 0x3f impl SATA mode
[    6.352279] ahci 0000:00:1f.2: flags: 64bit ncq pm led clo pio slum part ems apst 
[    6.361160] igb 0000:01:00.1: PHY reset is blocked due to SOL/IDER session.
[    6.424240] ixgbe 0000:06:00.0: Multiqueue Enabled: Rx Queue count = 40, Tx Queue count = 40 XDP Queue count = 0
[    6.435880] ixgbe 0000:06:00.0: PCI Express bandwidth of 32GT/s available
[    6.443459] ixgbe 0000:06:00.0: (Speed:5.0GT/s, Width: x8, Encoding Loss:20%)
[    6.451732] ixgbe 0000:06:00.0: MAC: 2, PHY: 14, SFP+: 3, PBA No: E68793-000
[    6.459599] ixgbe 0000:06:00.0: 90:e2:ba:b3:b9:90
[    6.465973] igb 0000:01:00.1: added PHC on eth1
[    6.471031] igb 0000:01:00.1: Intel(R) Gigabit Ethernet Network Connection
[    6.478708] igb 0000:01:00.1: eth1: (PCIe:5.0Gb/s:Width x4) 70:e4:22:83:d4:0b
[    6.486742] igb 0000:01:00.1: eth1: PBA No: FFFFFF-0FF
[    6.492477] igb 0000:01:00.1: Using MSI-X interrupts. 8 rx queue(s), 8 tx queue(s)
[    6.501387] scsi host5: ahci
[    6.504736] scsi host6: ahci
[    6.508072] scsi host7: ahci
[    6.511879] ixgbe 0000:06:00.0: Intel(R) 10 Gigabit Network Connection
[    6.519307] scsi host8: ahci
[    6.522682] scsi host9: ahci
[    6.526136] scsi host10: ahci
[    6.529489] ata5: SATA max UDMA/133 abar m2048@0xc7000000 port 0xc7000100 irq 47
[    6.537746] ata6: SATA max UDMA/133 abar m2048@0xc7000000 port 0xc7000180 irq 47
[    6.545993] ata7: SATA max UDMA/133 abar m2048@0xc7000000 port 0xc7000200 irq 47
[    6.548049] usb 2-1.4: new high-speed USB device number 3 using ehci-pci
[    6.554248] ata8: SATA max UDMA/133 abar m2048@0xc7000000 port 0xc7000280 irq 47
[    6.554252] ata9: SATA max UDMA/133 abar m2048@0xc7000000 port 0xc7000300 irq 47
[    6.578264] ata10: SATA max UDMA/133 abar m2048@0xc7000000 port 0xc7000380 irq 47
[    6.586618] mpt3sas: mpt3sas_cm0: CurrentHostPageSize is 0: Setting default host page size to 4k
[    6.596440] mpt3sas_cm0: MSI-X vectors supported: 96, no of cores: 40, max_msix_vectors: -1
[    6.621566] ata3: SATA link down (SStatus 0 SControl 300)
[    6.625708] mpt3sas: mpt3sas0-msix0: PCI-MSI-X enabled: IRQ 102
[    6.627622] ata4: SATA link down (SStatus 0 SControl 300)
[    6.634199] mpt3sas: mpt3sas0-msix1: PCI-MSI-X enabled: IRQ 103
[    6.640258] ata1: SATA link down (SStatus 0 SControl 300)
[    6.646830] mpt3sas: mpt3sas0-msix2: PCI-MSI-X enabled: IRQ 104
[    6.652903] ata2: SATA link down (SStatus 0 SControl 300)
[    6.659472] mpt3sas: mpt3sas0-msix3: PCI-MSI-X enabled: IRQ 105
[    6.668381] usb 2-1.4: New USB device found, idVendor=0424, idProduct=2512, bcdDevice= b.b3
[    6.672114] mpt3sas: mpt3sas0-msix4: PCI-MSI-X enabled: IRQ 106
[    6.672118] mpt3sas: mpt3sas0-msix5: PCI-MSI-X enabled: IRQ 107
[    6.681449] usb 2-1.4: New USB device strings: Mfr=0, Product=0, SerialNumber=0
[    6.681667] hub 2-1.4:1.0: USB hub found
[    6.688068] mpt3sas: mpt3sas0-msix6: PCI-MSI-X enabled: IRQ 108
[    6.688072] mpt3sas: mpt3sas0-msix7: PCI-MSI-X enabled: IRQ 109
[    6.703009] hub 2-1.4:1.0: 2 ports detected
[    6.707221] mpt3sas: mpt3sas0-msix8: PCI-MSI-X enabled: IRQ 110
[    6.707225] mpt3sas: mpt3sas0-msix9: PCI-MSI-X enabled: IRQ 111
[    6.738330] mpt3sas: mpt3sas0-msix10: PCI-MSI-X enabled: IRQ 112
[    6.745032] mpt3sas: mpt3sas0-msix11: PCI-MSI-X enabled: IRQ 113
[    6.751737] mpt3sas: mpt3sas0-msix12: PCI-MSI-X enabled: IRQ 114
[    6.758434] mpt3sas: mpt3sas0-msix13: PCI-MSI-X enabled: IRQ 115
[    6.765138] mpt3sas: mpt3sas0-msix14: PCI-MSI-X enabled: IRQ 116
[    6.771842] mpt3sas: mpt3sas0-msix15: PCI-MSI-X enabled: IRQ 117
[    6.778546] mpt3sas: mpt3sas0-msix16: PCI-MSI-X enabled: IRQ 118
[    6.785247] mpt3sas: mpt3sas0-msix17: PCI-MSI-X enabled: IRQ 119
[    6.791948] mpt3sas: mpt3sas0-msix18: PCI-MSI-X enabled: IRQ 120
[    6.798650] mpt3sas: mpt3sas0-msix19: PCI-MSI-X enabled: IRQ 121
[    6.800039] usb 2-1.6: new full-speed USB device number 4 using ehci-pci
[    6.805353] mpt3sas: mpt3sas0-msix20: PCI-MSI-X enabled: IRQ 122
[    6.805354] mpt3sas: mpt3sas0-msix21: PCI-MSI-X enabled: IRQ 123
[    6.805354] mpt3sas: mpt3sas0-msix22: PCI-MSI-X enabled: IRQ 124
[    6.805355] mpt3sas: mpt3sas0-msix23: PCI-MSI-X enabled: IRQ 125
[    6.839659] mpt3sas: mpt3sas0-msix24: PCI-MSI-X enabled: IRQ 126
[    6.846360] mpt3sas: mpt3sas0-msix25: PCI-MSI-X enabled: IRQ 127
[    6.853063] mpt3sas: mpt3sas0-msix26: PCI-MSI-X enabled: IRQ 128
[    6.859778] mpt3sas: mpt3sas0-msix27: PCI-MSI-X enabled: IRQ 129
[    6.866481] mpt3sas: mpt3sas0-msix28: PCI-MSI-X enabled: IRQ 130
[    6.873176] mpt3sas: mpt3sas0-msix29: PCI-MSI-X enabled: IRQ 131
[    6.879876] mpt3sas: mpt3sas0-msix30: PCI-MSI-X enabled: IRQ 132
[    6.886578] mpt3sas: mpt3sas0-msix31: PCI-MSI-X enabled: IRQ 133
[    6.893279] mpt3sas: mpt3sas0-msix32: PCI-MSI-X enabled: IRQ 134
[    6.898598] ata7: SATA link down (SStatus 0 SControl 300)
[    6.899980] mpt3sas: mpt3sas0-msix33: PCI-MSI-X enabled: IRQ 135
[    6.906034] ata8: SATA link down (SStatus 0 SControl 300)
[    6.912708] mpt3sas: mpt3sas0-msix34: PCI-MSI-X enabled: IRQ 136
[    6.918758] ata9: SATA link down (SStatus 0 SControl 300)
[    6.923009] usb 2-1.6: New USB device found, idVendor=0624, idProduct=0402, bcdDevice= 0.00
[    6.923010] usb 2-1.6: New USB device strings: Mfr=1, Product=2, SerialNumber=3
[    6.923011] usb 2-1.6: Product: Cisco USB Composite Device-0
[    6.923012] usb 2-1.6: Manufacturer: Avocent
[    6.923013] usb 2-1.6: SerialNumber: 20111102-00000001
[    6.925434] mpt3sas: mpt3sas0-msix35: PCI-MSI-X enabled: IRQ 137
[    6.925435] mpt3sas: mpt3sas0-msix36: PCI-MSI-X enabled: IRQ 138
[    6.925435] mpt3sas: mpt3sas0-msix37: PCI-MSI-X enabled: IRQ 139
[    6.925440] mpt3sas: mpt3sas0-msix38: PCI-MSI-X enabled: IRQ 140
[    6.931490] ata5: SATA link down (SStatus 0 SControl 300)
[    6.940786] mpt3sas: mpt3sas0-msix39: PCI-MSI-X enabled: IRQ 141
[    6.948968] ata6: SATA link down (SStatus 0 SControl 300)
[    6.955266] mpt3sas: mpt3sas_cm0: iomem(0x00000000c6e40000), mapped(0x        (ptrval)), size(65536)
[    6.960066] ata10: SATA link down (SStatus 0 SControl 300)
[    6.965769] mpt3sas: mpt3sas_cm0: ioport(0x0000000000005000), size(256)
[    6.985985] hidraw: raw HID events driver (C) Jiri Kosina
[    7.046703] mpt3sas: mpt3sas_cm0: CurrentHostPageSize is 0: Setting default host page size to 4k
[    7.048072] usbcore: usbcore: registered new interface driver usbhid
[    7.056511] mpt3sas: mpt3sas_cm0: sending message unit reset !!
[    7.063613] usbhid: usbhid: USB HID core driver
[    7.071733] mpt3sas: mpt3sas_cm0: message unit reset: SUCCESS
[    7.084202] input_core: Avocent Cisco USB Composite Device-0 as /devices/pci0000:00/0000:00:1d.0/usb2/2-1/2-1.6/2-1.6:1.0/0003:0624:0402.0001/input/input2
[    7.116264] ixgbe 0000:06:00.1: Multiqueue Enabled: Rx Queue count = 40, Tx Queue count = 40 XDP Queue count = 0
[    7.127906] ixgbe 0000:06:00.1: PCI Express bandwidth of 32GT/s available
[    7.135483] ixgbe 0000:06:00.1: (Speed:5.0GT/s, Width: x8, Encoding Loss:20%)
[    7.143765] ixgbe 0000:06:00.1: MAC: 2, PHY: 14, SFP+: 4, PBA No: E68793-000
[    7.151629] ixgbe 0000:06:00.1: 90:e2:ba:b3:b9:91
[    7.156162] hid-generic 0003:0624:0402.0001: input,hidraw0: USB HID v1.00 Keyboard [Avocent Cisco USB Composite Device-0] on usb-0000:00:1d.0-1.6/input0
[    7.157859] ixgbe 0000:06:00.1: Intel(R) 10 Gigabit Network Connection
[    7.172216] input_core: Avocent Cisco USB Composite Device-0 as /devices/pci0000:00/0000:00:1d.0/usb2/2-1/2-1.6/2-1.6:1.1/0003:0624:0402.0002/input/input3
[    7.194951] hid-generic 0003:0624:0402.0002: input,hidraw1: USB HID v1.00 Mouse [Avocent Cisco USB Composite Device-0] on usb-0000:00:1d.0-1.6/input1
[    7.210060] input_core: Avocent Cisco USB Composite Device-0 as /devices/pci0000:00/0000:00:1d.0/usb2/2-1/2-1.6/2-1.6:1.2/0003:0624:0402.0003/input/input4
[    7.223382] mpt3sas: mpt3sas_cm0: Allocated physical memory: size(22593 kB)
[    7.225611] hid-generic 0003:0624:0402.0003: input,hidraw2: USB HID v1.00 Mouse [Avocent Cisco USB Composite Device-0] on usb-0000:00:1d.0-1.6/input2
[    7.233276] mpt3sas: mpt3sas_cm0: Current Controller Queue Depth(10104),Max Controller Queue Depth(10240)
[    7.258900] mpt3sas: mpt3sas_cm0: Scatter Gather Elements per IO(128)
[    7.312053] mpt3sas: mpt3sas_cm0: LSISAS3108: FWVersion(11.65.06.00), ChipRevision(0x02), BiosVersion(08.27.03.00)
[    7.323610] mpt3sas: mpt3sas_cm0: Protocol=(
[    7.323610] mpt3sas: Initiator
[    7.328367] mpt3sas: ,Target
[    7.331772] mpt3sas: ), 
[    7.334983] mpt3sas: Capabilities=(
[    7.337807] mpt3sas: TLR
[    7.341699] mpt3sas: ,EEDP
[    7.344522] mpt3sas: ,Snapshot Buffer
[    7.347539] mpt3sas: ,Diag Trace Buffer
[    7.351622] mpt3sas: ,Task Set Full
[    7.355901] mpt3sas: ,NCQ
[    7.359790] mpt3sas: )
[    7.365374] scsi host0: Fusion MPT SAS Host
[    7.370177] ******blk_init_rl***** blk_init_rl:914 
[    7.375733] mpt3sas: mpt3sas_cm0: sending port enable !!
[    7.382812] mpt3sas: mpt3sas_cm0: host_add: handle(0x0001), sas_addr(0x578da6e715bfe0a0), phys(8)
[    7.392987] random: random: fast init done
[    7.404007] mpt3sas: mpt3sas_cm0: port enable: SUCCESS
[    7.409887] ******blk_init_rl***** blk_init_rl:914 
[    7.415430] ******blk_init_rl***** blk_init_rl:914 
[    7.421083] scsi 0:0:0:0: Direct-Access     HGST     HUC101212CSS600  A469 PQ: 0 ANSI: 6
[    7.430119] scsi 0:0:0:0: SSP: handle(0x0009), sas_addr(0x5000cca0729d0b55), phy(0), device_name(0x5000cca0729d0b57)
[    7.441863] scsi 0:0:0:0: enclosure logical id (0x578da6e715bfe0a0), slot(1) 
[    7.449826] scsi 0:0:0:0: enclosure level(0x0000), connector name(     )
[    7.458018] ******blk_init_rl***** blk_init_rl:914 
[    7.463559] ******blk_init_rl***** blk_init_rl:914 
[    7.469204] scsi 0:0:1:0: Direct-Access     HGST     HUC101212CSS600  A469 PQ: 0 ANSI: 6
[    7.478236] scsi 0:0:1:0: SSP: handle(0x000b), sas_addr(0x5000cca0729d3301), phy(1), device_name(0x5000cca0729d3303)
[    7.489980] scsi 0:0:1:0: enclosure logical id (0x578da6e715bfe0a0), slot(2) 
[    7.497943] scsi 0:0:1:0: enclosure level(0x0000), connector name(     )
[    7.506049] ******blk_init_rl***** blk_init_rl:914 
[    7.511592] ******blk_init_rl***** blk_init_rl:914 
[    7.517414] scsi 0:0:2:0: Direct-Access     ATA      INTEL SSDSC2BB48 0374 PQ: 0 ANSI: 6
[    7.526449] scsi 0:0:2:0: SATA: handle(0x000a), sas_addr(0x4433221102000000), phy(2), device_name(0x55cd2e404c5f52fd)
[    7.538292] scsi 0:0:2:0: enclosure logical id (0x578da6e715bfe0a0), slot(3) 
[    7.546256] scsi 0:0:2:0: enclosure level(0x0000), connector name(     )
[    7.553773] scsi 0:0:2:0: atapi(n), ncq(y), asyn_notify(n), smart(y), fua(y), sw_preserve(y)
[    7.564100] sd 0:0:0:0: Attached scsi generic sg0 type 0
[    7.564441] sd 0:0:0:0: [sda] 2344225968 512-byte logical blocks: (1.20 TB/1.09 TiB)
[    7.570215] sd 0:0:1:0: Attached scsi generic sg1 type 0
[    7.570650] sd 0:0:1:0: [sdb] 2344225968 512-byte logical blocks: (1.20 TB/1.09 TiB)
[    7.570889] sd 0:0:1:0: [sdb] Write Protect is off
[    7.570893] sd 0:0:1:0: [sdb] Mode Sense: f7 00 10 08
[    7.571220] sd 0:0:1:0: [sdb] Write cache: enabled, read cache: enabled, supports DPO and FUA
[    7.578912] sd 0:0:0:0: [sda] Write Protect is off
[    7.581652] sd 0:0:1:0: [sdb] Attached SCSI disk
[    7.584767] sd 0:0:2:0: Attached scsi generic sg2 type 0
[    7.585965] sd 0:0:2:0: [sdc] 937703088 512-byte logical blocks: (480 GB/447 GiB)
[    7.585966] sd 0:0:2:0: [sdc] 4096-byte physical blocks
[    7.586491] sd 0:0:2:0: [sdc] Write Protect is off
[    7.586492] sd 0:0:2:0: [sdc] Mode Sense: 9b 00 10 08
[    7.586803] sd 0:0:2:0: [sdc] Write cache: enabled, read cache: enabled, supports DPO and FUA
[    7.589774]  sdc: sdc1
[    7.592867] sd 0:0:2:0: [sdc] Attached SCSI disk
[    7.593255] sd 0:0:0:0: [sda] Mode Sense: f7 00 10 08
[    7.593572] sd 0:0:0:0: [sda] Write cache: enabled, read cache: enabled, supports DPO and FUA
[    7.693154]  sda: sda1 sda2 sda3 sda4
[    7.721605] sd 0:0:0:0: [sda] Attached SCSI disk
[   12.841586] EXT4-fs (sda1): mounting ext3 file system using the ext4 subsystem
[   12.868732] EXT4-fs (sda1): mounted filesystem with ordered data mode. Opts: (null)
[   13.511665] random: init: uninitialized urandom read (12 bytes read)
[   13.856239] init: ureadahead main process (571) terminated with status 5
[   14.051870] random: mountall: uninitialized urandom read (12 bytes read)
[   14.240767] swapfile: Adding 3145724k swap on /dev/sda3.  Priority:-2 extents:1 across:3145724k FS
[   14.399723] random: lsb_release: uninitialized urandom read (24 bytes read)
[   14.762358] systemd-udevd[696]: starting version 204
[   15.265204] lp: driver loaded but no devices found
[   15.396582] random: random: crng init done
[   15.441759] power_meter ACPI000D:00: Found ACPI power meter.
[   15.441769] power_meter ACPI000D:00: Ignoring unsafe software power cap!
[   15.449268] power_meter ACPI000D:00: hwmon_device_register() is deprecated. Please convert the driver to use hwmon_device_register_with_info().
[   15.464556] EXT4-fs (sda1): re-mounted. Opts: errors=remount-ro
[   15.467774] ipmi_si: IPMI System Interface driver.
[   15.467785] ipmi_si dmi-ipmi-si.0: ipmi_platform: probing via SMBIOS
[   15.467787] ipmi_si: ipmi_si: SMBIOS: io 0xca2 regsize 1 spacing 1 irq 0
[   15.467788] ipmi_si: ipmi_si: Adding SMBIOS-specified kcs state machine
[   15.467810] ipmi_si IPI0001:00: ipmi_platform: probing via ACPI
[   15.467823] ipmi_si IPI0001:00: [io  0x0ca2] regsize 1 spacing 1 irq 0
[   15.467824] ipmi_si dmi-ipmi-si.0: Removing SMBIOS-specified kcs state machine in favor of ACPI
[   15.488037] ipmi_si: ipmi_si: Adding ACPI-specified kcs state machine
[   15.488117] ipmi_si: ipmi_si: Trying ACPI-specified kcs state machine at i/o address 0xca2, slave address 0x20, irq 0
[   15.560265] power_meter ACPI000D:01: Found ACPI power meter.
[   15.560307] power_meter ACPI000D:01: Ignoring unsafe software power cap!
[   15.560324] power_meter ACPI000D:01: hwmon_device_register() is deprecated. Please convert the driver to use hwmon_device_register_with_info().
[   15.629599] cryptd: cryptd: max_cpu_qlen set to 1000
[   15.670928] mei_me 0000:00:16.0: Device doesn't have valid ME Interface
[   15.768308] EXT4-fs (sdc1): mounted filesystem with ordered data mode. Opts: (null)
[   15.842945] ipmi_si IPI0001:00: Found new BMC (man_id: 0x00168b, prod_id: 0x0015, dev_id: 0x20)
[   15.855177] ipmi_si IPI0001:00: IPMI kcs interface initialized
[   15.868496] aesni_intel: AVX2 version of gcm_enc/dec engaged.
[   15.868497] aesni_intel: AES CTR mode by8 optimization enabled
[   16.419365] FS-Cache: Loaded
[   17.272022] EDAC sbridge: Seeking for: PCI ID 8086:2fa0
[   17.272038] EDAC sbridge: Seeking for: PCI ID 8086:2fa0
[   17.272053] EDAC sbridge: Seeking for: PCI ID 8086:2fa0
[   17.272066] EDAC sbridge: Seeking for: PCI ID 8086:2f60
[   17.272070] EDAC sbridge: Seeking for: PCI ID 8086:2f60
[   17.272075] EDAC sbridge: Seeking for: PCI ID 8086:2f60
[   17.272079] EDAC sbridge: Seeking for: PCI ID 8086:2fa8
[   17.272082] EDAC sbridge: Seeking for: PCI ID 8086:2fa8
[   17.272087] EDAC sbridge: Seeking for: PCI ID 8086:2fa8
[   17.272090] EDAC sbridge: Seeking for: PCI ID 8086:2f71
[   17.272094] EDAC sbridge: Seeking for: PCI ID 8086:2f71
[   17.272099] EDAC sbridge: Seeking for: PCI ID 8086:2f71
[   17.272102] EDAC sbridge: Seeking for: PCI ID 8086:2faa
[   17.272106] EDAC sbridge: Seeking for: PCI ID 8086:2faa
[   17.272110] EDAC sbridge: Seeking for: PCI ID 8086:2faa
[   17.272114] EDAC sbridge: Seeking for: PCI ID 8086:2fab
[   17.272118] EDAC sbridge: Seeking for: PCI ID 8086:2fab
[   17.272123] EDAC sbridge: Seeking for: PCI ID 8086:2fab
[   17.272126] EDAC sbridge: Seeking for: PCI ID 8086:2fac
[   17.272133] EDAC sbridge: Seeking for: PCI ID 8086:2fad
[   17.272140] EDAC sbridge: Seeking for: PCI ID 8086:2f68
[   17.272144] EDAC sbridge: Seeking for: PCI ID 8086:2f68
[   17.272149] EDAC sbridge: Seeking for: PCI ID 8086:2f68
[   17.272152] EDAC sbridge: Seeking for: PCI ID 8086:2f79
[   17.272156] EDAC sbridge: Seeking for: PCI ID 8086:2f79
[   17.272161] EDAC sbridge: Seeking for: PCI ID 8086:2f79
[   17.272164] EDAC sbridge: Seeking for: PCI ID 8086:2f6a
[   17.272168] EDAC sbridge: Seeking for: PCI ID 8086:2f6a
[   17.272173] EDAC sbridge: Seeking for: PCI ID 8086:2f6a
[   17.272176] EDAC sbridge: Seeking for: PCI ID 8086:2f6b
[   17.272180] EDAC sbridge: Seeking for: PCI ID 8086:2f6b
[   17.272185] EDAC sbridge: Seeking for: PCI ID 8086:2f6b
[   17.272188] EDAC sbridge: Seeking for: PCI ID 8086:2f6c
[   17.272195] EDAC sbridge: Seeking for: PCI ID 8086:2f6d
[   17.272202] EDAC sbridge: Seeking for: PCI ID 8086:2ffc
[   17.272205] EDAC sbridge: Seeking for: PCI ID 8086:2ffc
[   17.272210] EDAC sbridge: Seeking for: PCI ID 8086:2ffc
[   17.272214] EDAC sbridge: Seeking for: PCI ID 8086:2ffd
[   17.272217] EDAC sbridge: Seeking for: PCI ID 8086:2ffd
[   17.272222] EDAC sbridge: Seeking for: PCI ID 8086:2ffd
[   17.272226] EDAC sbridge: Seeking for: PCI ID 8086:2fbd
[   17.272230] EDAC sbridge: Seeking for: PCI ID 8086:2fbd
[   17.272235] EDAC sbridge: Seeking for: PCI ID 8086:2fbd
[   17.272238] EDAC sbridge: Seeking for: PCI ID 8086:2fbf
[   17.272241] EDAC sbridge: Seeking for: PCI ID 8086:2fbf
[   17.272246] EDAC sbridge: Seeking for: PCI ID 8086:2fbf
[   17.272249] EDAC sbridge: Seeking for: PCI ID 8086:2fb9
