++ ROCKSDB=/users/skannan/ssd/NVM/appbench/apps/rocksdb
++ USEPLAINTABLE=--use_plain_table=1
++ DISABLEDATASYNC=--disable_data_sync=0
++ STORAGE=/users/skannan/ssd/NVM/appbench/shared_data/rocksdb/DATA
++ mkdir -p /users/skannan/ssd/NVM/appbench/shared_data/rocksdb/DATA
++ BENCHMARK=fillseq,readwhilewriting
++ rm '/users/skannan/ssd/NVM/appbench/shared_data/rocksdb/DATA/*'
rm: cannot remove ‘/users/skannan/ssd/NVM/appbench/shared_data/rocksdb/DATA/*’: No such file or directory
++ NUMVALS=' --num=2000000'
++ VALSIZE=' --value_size=4096'
++ OTHERPARAMS='--db=/users/skannan/ssd/NVM/appbench/shared_data/rocksdb/DATA --num_levels=6 --key_size=20 --prefix_size=12 --keys_per_prefix=10  --value_size=4096 --cache_size=17179869184 --cache_numshardbits=6 --compression_type=none --compression_ratio=1 --min_level_to_compress=-1 --disable_seek_compaction=1 --hard_rate_limit=2 --write_buffer_size=134217728 --max_write_buffer_number=2 --level0_file_num_compaction_trigger=8 --target_file_size_base=134217728 --max_bytes_for_level_base=1073741824 --disable_wal=0 --wal_dir=/users/skannan/ssd/NVM/appbench/shared_data/rocksdb/DATA/WAL_LOG --sync=0  --verify_checksum=1 --delete_obsolete_files_period_micros=314572800 --max_background_compactions=4 --max_background_flushes=0 --level0_slowdown_writes_trigger=16 --level0_stop_writes_trigger=24 --statistics=0 --stats_per_interval=0 --stats_interval=1048576 --histogram=0 --use_plain_table=1 --open_files=-1 --mmap_read=1 --mmap_write=0 --bloom_bits=10 --bloom_locality=1 --benchmarks=filluniquerandom --use_existing_db=0  --num=2000000 --threads=16'
++ OTHERPARAMSRUN='--db=/users/skannan/ssd/NVM/appbench/shared_data/rocksdb/DATA --num_levels=6 --key_size=20 --prefix_size=12 --keys_per_prefix=10  --value_size=4096 --compression_type=none --compression_ratio=1 --min_level_to_compress=-1 --disable_seek_compaction=1 --hard_rate_limit=2 --write_buffer_size=134217728 --max_write_buffer_number=2 --level0_file_num_compaction_trigger=8 --target_file_size_base=134217728 --max_bytes_for_level_base=1073741824 --disable_wal=0 --wal_dir=/users/skannan/ssd/NVM/appbench/shared_data/rocksdb/DATA/WAL_LOG --verify_checksum=1 --delete_obsolete_files_period_micros=314572800 --max_background_compactions=4 --max_background_flushes=0 --level0_slowdown_writes_trigger=16 --level0_stop_writes_trigger=24 --statistics=0 --stats_per_interval=0 --stats_interval=1048576 --histogram=0 --use_plain_table=1 --open_files=-1 --mmap_read=1 --mmap_write=0 --bloom_bits=10 --bloom_locality=1 --duration=60 --benchmarks=fillseq,readwhilewriting  --num=2000000 --threads=32'
++ rm -rf /users/skannan/ssd/NVM/appbench/shared_data/rocksdb/DATA/rocksdb
++ /users/skannan/ssd/NVM/appbench/apps/rocksdb/db_bench --db=/users/skannan/ssd/NVM/appbench/shared_data/rocksdb/DATA/rocksdb --db=/users/skannan/ssd/NVM/appbench/shared_data/rocksdb/DATA --num_levels=6 --key_size=20 --prefix_size=12 --keys_per_prefix=10 --value_size=4096 --cache_size=17179869184 --cache_numshardbits=6 --compression_type=none --compression_ratio=1 --min_level_to_compress=-1 --disable_seek_compaction=1 --hard_rate_limit=2 --write_buffer_size=134217728 --max_write_buffer_number=2 --level0_file_num_compaction_trigger=8 --target_file_size_base=134217728 --max_bytes_for_level_base=1073741824 --disable_wal=0 --wal_dir=/users/skannan/ssd/NVM/appbench/shared_data/rocksdb/DATA/WAL_LOG --sync=0 --verify_checksum=1 --delete_obsolete_files_period_micros=314572800 --max_background_compactions=4 --max_background_flushes=0 --level0_slowdown_writes_trigger=16 --level0_stop_writes_trigger=24 --statistics=0 --stats_per_interval=0 --stats_interval=1048576 --histogram=0 --use_plain_table=1 --open_files=-1 --mmap_read=1 --mmap_write=0 --bloom_bits=10 --bloom_locality=1 --benchmarks=filluniquerandom --use_existing_db=0 --num=2000000 --threads=16
Waring: plain table is used with skipList
RocksDB:    version 6.2
Date:       Sat Aug  3 21:56:51 2019
CPU:        40 * Intel(R) Xeon(R) CPU E5-2660 v3 @ 2.60GHz
CPUCache:   25600 KB
filluniquerandom multithreaded not supported, use 1 threadWaring: plain table is used with skipList
2019/08/03-21:57:13  ... thread 0: (1048576,1048576) ops and (47673.2,47673.2) ops/second in (21.995101,21.995101) seconds
Initializing RocksDB Options from the specified file
Initializing RocksDB Options from command-line flags
Keys:       20 bytes each
Values:     4096 bytes each (4096 bytes after compression)
Entries:    2000000
Prefix:    12 bytes
Keys per prefix:    10
RawSize:    7850.6 MB (estimated)
FileSize:   7850.6 MB (estimated)
Write rate: 0 bytes/second
Read rate: 0 ops/second
Compression: NoCompression
Compression sampling rate: 0
Memtablerep: skip_list
Perf Level: 1
------------------------------------------------
Initializing RocksDB Options from the specified file
Initializing RocksDB Options from command-line flags
DB path: [/users/skannan/ssd/NVM/appbench/shared_data/rocksdb/DATA]
filluniquerandom :      25.225 micros/op 39642 ops/sec;  155.6 MB/s
++ export LD_PRELOAD=/users/skannan/ssd/NVM/appbench/shared_libs/construct/libmigration.so
++ LD_PRELOAD=/users/skannan/ssd/NVM/appbench/shared_libs/construct/libmigration.so
++ numactl --preferred=0 /users/skannan/ssd/NVM/appbench/apps/rocksdb/db_bench --db=/users/skannan/ssd/NVM/appbench/shared_data/rocksdb/DATA/rocksdb --db=/users/skannan/ssd/NVM/appbench/shared_data/rocksdb/DATA --num_levels=6 --key_size=20 --prefix_size=12 --keys_per_prefix=10 --value_size=4096 --compression_type=none --compression_ratio=1 --min_level_to_compress=-1 --disable_seek_compaction=1 --hard_rate_limit=2 --write_buffer_size=134217728 --max_write_buffer_number=2 --level0_file_num_compaction_trigger=8 --target_file_size_base=134217728 --max_bytes_for_level_base=1073741824 --disable_wal=0 --wal_dir=/users/skannan/ssd/NVM/appbench/shared_data/rocksdb/DATA/WAL_LOG --verify_checksum=1 --delete_obsolete_files_period_micros=314572800 --max_background_compactions=4 --max_background_flushes=0 --level0_slowdown_writes_trigger=16 --level0_stop_writes_trigger=24 --statistics=0 --stats_per_interval=0 --stats_interval=1048576 --histogram=0 --use_plain_table=1 --open_files=-1 --mmap_read=1 --mmap_write=0 --bloom_bits=10 --bloom_locality=1 --duration=60 --benchmarks=fillseq,readwhilewriting --num=2000000 --threads=32
initiating tracing...
initiating tracing...
Waring: plain table is used with skipList
RocksDB:    version 6.2
Date:       Sat Aug  3 21:57:43 2019
CPU:        40 * Intel(R) Xeon(R) CPU E5-2660 v3 @ 2.60GHz
CPUCache:   25600 KB
Waring: plain table is used with skipList
2019/08/03-22:01:41  ... thread 9: (1048576,1048576) ops and (4408.1,4408.1) ops/second in (237.877125,237.877125) seconds
2019/08/03-22:01:41  ... thread 14: (1048576,1048576) ops and (4397.3,4397.3) ops/second in (238.460408,238.460408) seconds
2019/08/03-22:01:41  ... thread 25: (1048576,1048576) ops and (4397.0,4397.0) ops/second in (238.477562,238.477562) seconds
2019/08/03-22:01:41  ... thread 22: (1048576,1048576) ops and (4393.1,4393.1) ops/second in (238.687916,238.687916) seconds
2019/08/03-22:01:43  ... thread 27: (1048576,1048576) ops and (4368.7,4368.7) ops/second in (240.022003,240.022003) seconds
2019/08/03-22:01:43  ... thread 29: (1048576,1048576) ops and (4364.5,4364.5) ops/second in (240.251998,240.251998) seconds
2019/08/03-22:01:43  ... thread 19: (1048576,1048576) ops and (4358.6,4358.6) ops/second in (240.575078,240.575078) seconds
2019/08/03-22:01:44  ... thread 24: (1048576,1048576) ops and (4352.7,4352.7) ops/second in (240.902233,240.902233) seconds
2019/08/03-22:01:44  ... thread 23: (1048576,1048576) ops and (4351.5,4351.5) ops/second in (240.967722,240.967722) seconds
2019/08/03-22:01:44  ... thread 8: (1048576,1048576) ops and (4351.1,4351.1) ops/second in (240.988381,240.988381) seconds
2019/08/03-22:01:44  ... thread 11: (1048576,1048576) ops and (4347.3,4347.3) ops/second in (241.203283,241.203283) seconds
2019/08/03-22:01:44  ... thread 1: (1048576,1048576) ops and (4347.0,4347.0) ops/second in (241.219973,241.219973) seconds
2019/08/03-22:01:44  ... thread 6: (1048576,1048576) ops and (4346.5,4346.5) ops/second in (241.247622,241.247622) seconds
2019/08/03-22:01:44  ... thread 12: (1048576,1048576) ops and (4345.8,4345.8) ops/second in (241.286599,241.286599) seconds
2019/08/03-22:01:44  ... thread 0: (1048576,1048576) ops and (4344.7,4344.7) ops/second in (241.348542,241.348542) seconds
2019/08/03-22:01:44  ... thread 30: (1048576,1048576) ops and (4343.6,4343.6) ops/second in (241.405741,241.405741) seconds
2019/08/03-22:01:44  ... thread 4: (1048576,1048576) ops and (4343.4,4343.4) ops/second in (241.417759,241.417759) seconds
2019/08/03-22:01:44  ... thread 15: (1048576,1048576) ops and (4343.3,4343.3) ops/second in (241.422393,241.422393) seconds
2019/08/03-22:01:44  ... thread 5: (1048576,1048576) ops and (4341.8,4341.8) ops/second in (241.505082,241.505082) seconds
2019/08/03-22:01:44  ... thread 26: (1048576,1048576) ops and (4341.2,4341.2) ops/second in (241.542378,241.542378) seconds
2019/08/03-22:01:44  ... thread 18: (1048576,1048576) ops and (4340.2,4340.2) ops/second in (241.595733,241.595733) seconds
2019/08/03-22:01:44  ... thread 13: (1048576,1048576) ops and (4339.9,4339.9) ops/second in (241.614085,241.614085) seconds
2019/08/03-22:01:44  ... thread 21: (1048576,1048576) ops and (4338.1,4338.1) ops/second in (241.712937,241.712937) seconds
2019/08/03-22:01:45  ... thread 28: (1048576,1048576) ops and (4336.7,4336.7) ops/second in (241.792986,241.792986) seconds
2019/08/03-22:01:45  ... thread 31: (1048576,1048576) ops and (4336.3,4336.3) ops/second in (241.816159,241.816159) seconds
2019/08/03-22:01:45  ... thread 3: (1048576,1048576) ops and (4336.1,4336.1) ops/second in (241.822953,241.822953) seconds
2019/08/03-22:01:45  ... thread 2: (1048576,1048576) ops and (4335.9,4335.9) ops/second in (241.833187,241.833187) seconds
2019/08/03-22:01:45  ... thread 7: (1048576,1048576) ops and (4334.0,4334.0) ops/second in (241.941202,241.941202) seconds
2019/08/03-22:01:45  ... thread 20: (1048576,1048576) ops and (4333.4,4333.4) ops/second in (241.976986,241.976986) seconds
2019/08/03-22:01:45  ... thread 16: (1048576,1048576) ops and (4333.1,4333.1) ops/second in (241.992526,241.992526) seconds
2019/08/03-22:01:45  ... thread 10: (1048576,1048576) ops and (4332.9,4332.9) ops/second in (242.001975,242.001975) seconds
2019/08/03-22:01:45  ... thread 17: (1048576,1048576) ops and (4331.2,4331.2) ops/second in (242.100371,242.100371) seconds
Initializing RocksDB Options from the specified file
Initializing RocksDB Options from command-line flags
Keys:       20 bytes each
Values:     4096 bytes each (4096 bytes after compression)
Entries:    2000000
Prefix:    12 bytes
Keys per prefix:    10
RawSize:    7850.6 MB (estimated)
FileSize:   7850.6 MB (estimated)
Write rate: 0 bytes/second
Read rate: 0 ops/second
Compression: NoCompression
Compression sampling rate: 0
Memtablerep: skip_list
Perf Level: 1
------------------------------------------------
Initializing RocksDB Options from the specified file
Initializing RocksDB Options from command-line flags
DB path: [/users/skannan/ssd/NVM/appbench/shared_data/rocksdb/DATA]
fillseq      :     241.875 micros/op 132032 ops/sec;  518.3 MB/s
DB path: [/users/skannan/ssd/NVM/appbench/shared_data/rocksdb/DATA]
readwhilewriting :     122.923 micros/op 257432 ops/sec; 1010.5 MB/s (472999 of 472999 found)

application termination...
++ export LD_PRELOAD=
++ LD_PRELOAD=
++ exit
[    0.000000] main: Linux version 4.17.0 (root@node-0.wisc5.fsperfatscale-pg0.wisc.cloudlab.us) (gcc version 4.8.4 (Ubuntu 4.8.4-2ubuntu1~14.04.4)) #3 SMP Thu Aug 1 18:22:31 MDT 2019
[    0.000000] Command line: BOOT_IMAGE=/boot/vmlinuz-4.17.0 root=UUID=4910fb56-38cb-41ae-82bf-3efa1d8a45a0 ro console=ttyS0,115200 crashkernel=384M-:128M
[    0.000000] common: KERNEL supported cpus:
[    0.000000] common:   Intel GenuineIntel
[    0.000000] common:   AMD AuthenticAMD
[    0.000000] common:   Centaur CentaurHauls
[    0.000000] xstate: x86/fpu: Supporting XSAVE feature 0x001: 'x87 floating point registers'
[    0.000000] xstate: x86/fpu: Supporting XSAVE feature 0x002: 'SSE registers'
[    0.000000] xstate: x86/fpu: Supporting XSAVE feature 0x004: 'AVX registers'
[    0.000000] xstate: x86/fpu: xstate_offset[2]:  576, xstate_sizes[2]:  256
[    0.000000] xstate: x86/fpu: Enabled xstate features 0x7, context size is 832 bytes, using 'standard' format.
[    0.000000] e820: e820: BIOS-provided physical RAM map:
[    0.000000] e820: BIOS-e820: [mem 0x0000000000000000-0x0000000000099bff] usable
[    0.000000] e820: BIOS-e820: [mem 0x0000000000099c00-0x000000000009ffff] reserved
[    0.000000] e820: BIOS-e820: [mem 0x00000000000e0000-0x00000000000fffff] reserved
[    0.000000] e820: BIOS-e820: [mem 0x0000000000100000-0x00000000791d3fff] usable
[    0.000000] e820: BIOS-e820: [mem 0x00000000791d4000-0x00000000799cdfff] reserved
[    0.000000] e820: BIOS-e820: [mem 0x00000000799ce000-0x0000000079a32fff] ACPI data
[    0.000000] e820: BIOS-e820: [mem 0x0000000079a33000-0x0000000079fa1fff] ACPI NVS
[    0.000000] e820: BIOS-e820: [mem 0x0000000079fa2000-0x000000008fffffff] reserved
[    0.000000] e820: BIOS-e820: [mem 0x00000000fed1c000-0x00000000fed44fff] reserved
[    0.000000] e820: BIOS-e820: [mem 0x00000000ff000000-0x00000000ffffffff] reserved
[    0.000000] e820: BIOS-e820: [mem 0x0000000100000000-0x000000287fffffff] usable
[    0.000000] NX (Execute Disable) protection: active
[    0.000000] dmi_scan: SMBIOS 3.0.0 present.
[    0.000000] dmi_scan: DMI: Cisco Systems Inc UCSC-C220-M4S/UCSC-C220-M4S, BIOS C220M4.3.0.3c.0.0831170216 08/31/2017
[    0.000000] e820: update [mem 0x00000000-0x00000fff] usable ==> reserved
[    0.000000] e820: remove [mem 0x000a0000-0x000fffff] usable
[    0.000000] e820: e820: last_pfn = 0x2880000 max_arch_pfn = 0x400000000
[    0.000000] generic: MTRR default type: write-back
[    0.000000] generic: MTRR fixed ranges enabled:
[    0.000000] generic:   00000-9FFFF write-back
[    0.000000] generic:   A0000-BFFFF uncachable
[    0.000000] generic:   C0000-FFFFF write-protect
[    0.000000] generic: MTRR variable ranges enabled:
[    0.000000] generic:   0 base 000080000000 mask 3FFF80000000 uncachable
[    0.000000] generic:   1 base 038000000000 mask 3F8000000000 uncachable
[    0.000000] generic:   2 disabled
[    0.000000] generic:   3 disabled
[    0.000000] generic:   4 disabled
[    0.000000] generic:   5 disabled
[    0.000000] generic:   6 disabled
[    0.000000] generic:   7 disabled
[    0.000000] generic:   8 disabled
[    0.000000] generic:   9 disabled
[    0.000000] x86/PAT: Configuration [0-7]: WB  WC  UC- UC  WB  WP  UC- WT  
[    0.000000] e820: e820: last_pfn = 0x791d4 max_arch_pfn = 0x400000000
[    0.000000] mpparse: found SMP MP-table at [mem 0x000fd010-0x000fd01f] mapped at [        (ptrval)]
[    0.000000] Scanning 1 areas for low memory corruption
[    0.000000] Base memory trampoline at [        (ptrval)] 7e000 size 24576
[    0.000000] Using GB pages for direct mapping
[    0.000000] BRK [0x0aecf000, 0x0aecffff] PGTABLE
[    0.000000] BRK [0x0aed0000, 0x0aed0fff] PGTABLE
[    0.000000] BRK [0x0aed1000, 0x0aed1fff] PGTABLE
[    0.000000] RAMDISK: [mem 0x237ca000-0x2dbdcfff]
[    0.000000] tables: Early table checksum verification disabled
[    0.000000] ACPI: RSDP 0x00000000000F05B0 000024 (v02 Cisco0)
[    0.000000] ACPI: XSDT 0x00000000799E20A8 0000D4 (v01 Cisco0 CiscoUCS 01072009 AMI  00010013)
[    0.000000] ACPI: FACP 0x0000000079A16CE0 00010C (v05 Cisco0 CiscoUCS 01072009 AMI  00010013)
[    0.000000] ACPI: DSDT 0x00000000799E2210 034ACB (v02 Cisco0 CiscoUCS 01072009 INTL 20091013)
[    0.000000] ACPI: FACS 0x0000000079FA0F80 000040
[    0.000000] ACPI: APIC 0x0000000079A16DF0 000294 (v03 Cisco0 CiscoUCS 01072009 AMI  00010013)
[    0.000000] ACPI: FPDT 0x0000000079A17088 000044 (v01 Cisco0 CiscoUCS 01072009 AMI  00010013)
[    0.000000] ACPI: FIDT 0x0000000079A170D0 00009C (v01 Cisco0 CiscoUCS 01072009 AMI  00010013)
[    0.000000] ACPI: SPMI 0x0000000079A17170 000041 (v05 Cisco0 CiscoUCS 00000000 AMI. 00000000)
[    0.000000] ACPI: MCFG 0x0000000079A171B8 00003C (v01 Cisco0 CiscoUCS 01072009 MSFT 00000097)
[    0.000000] ACPI: UEFI 0x0000000079A171F8 000042 (v01 Cisco0 CiscoUCS 01072009      00000000)
[    0.000000] ACPI: HPET 0x0000000079A17240 000038 (v01 Cisco0 CiscoUCS 00000001 INTL 20091013)
[    0.000000] ACPI: MSCT 0x0000000079A17278 000090 (v01 Cisco0 CiscoUCS 00000001 INTL 20091013)
[    0.000000] ACPI: SLIT 0x0000000079A17308 000030 (v01 Cisco0 CiscoUCS 00000001 INTL 20091013)
[    0.000000] ACPI: SRAT 0x0000000079A17338 001158 (v03 Cisco0 CiscoUCS 00000001 INTL 20091013)
[    0.000000] ACPI: WDDT 0x0000000079A18490 000040 (v01 Cisco0 CiscoUCS 00000000 INTL 20091013)
[    0.000000] ACPI: SSDT 0x0000000079A184D0 0171BD (v02 Cisco0 PmMgt    00000002 INTL 20120913)
[    0.000000] ACPI: NITR 0x0000000079A2F690 000071 (v02 Cisco0 CiscoUCS 00000001 INTL 20091013)
[    0.000000] ACPI: SSDT 0x0000000079A2F708 002654 (v02 Cisco0 SpsNm    00000002 INTL 20120913)
[    0.000000] ACPI: SSDT 0x0000000079A31D60 000064 (v02 Cisco0 SpsNvs   00000002 INTL 20120913)
[    0.000000] ACPI: PRAD 0x0000000079A31DC8 000102 (v02 Cisco0 CiscoUCS 00000002 INTL 20120913)
[    0.000000] ACPI: DMAR 0x0000000079A31ED0 000100 (v01 Cisco0 CiscoUCS 00000001 INTL 20091013)
[    0.000000] ACPI: HEST 0x0000000079A31FD0 0000A8 (v01 Cisco0 CiscoUCS 00000001 INTL 00000001)
[    0.000000] ACPI: BERT 0x0000000079A32078 000030 (v01 Cisco0 CiscoUCS 00000001 INTL 00000001)
[    0.000000] ACPI: ERST 0x0000000079A320A8 000230 (v01 Cisco0 CiscoUCS 00000001 INTL 00000001)
[    0.000000] ACPI: EINJ 0x0000000079A322D8 000130 (v01 Cisco0 CiscoUCS 00000001 INTL 00000001)
[    0.000000] ACPI: Local APIC address 0xfee00000
[    0.000000] SRAT: PXM 0 -> APIC 0x00 -> Node 0
[    0.000000] SRAT: PXM 0 -> APIC 0x02 -> Node 0
[    0.000000] SRAT: PXM 0 -> APIC 0x04 -> Node 0
[    0.000000] SRAT: PXM 0 -> APIC 0x06 -> Node 0
[    0.000000] SRAT: PXM 0 -> APIC 0x08 -> Node 0
[    0.000000] SRAT: PXM 0 -> APIC 0x10 -> Node 0
[    0.000000] SRAT: PXM 0 -> APIC 0x12 -> Node 0
[    0.000000] SRAT: PXM 0 -> APIC 0x14 -> Node 0
[    0.000000] SRAT: PXM 0 -> APIC 0x16 -> Node 0
[    0.000000] SRAT: PXM 0 -> APIC 0x18 -> Node 0
[    0.000000] SRAT: PXM 1 -> APIC 0x20 -> Node 1
[    0.000000] SRAT: PXM 1 -> APIC 0x22 -> Node 1
[    0.000000] SRAT: PXM 1 -> APIC 0x24 -> Node 1
[    0.000000] SRAT: PXM 1 -> APIC 0x26 -> Node 1
[    0.000000] SRAT: PXM 1 -> APIC 0x28 -> Node 1
[    0.000000] SRAT: PXM 1 -> APIC 0x30 -> Node 1
[    0.000000] SRAT: PXM 1 -> APIC 0x32 -> Node 1
[    0.000000] SRAT: PXM 1 -> APIC 0x34 -> Node 1
[    0.000000] SRAT: PXM 1 -> APIC 0x36 -> Node 1
[    0.000000] SRAT: PXM 1 -> APIC 0x38 -> Node 1
[    0.000000] SRAT: PXM 0 -> APIC 0x01 -> Node 0
[    0.000000] SRAT: PXM 0 -> APIC 0x03 -> Node 0
[    0.000000] SRAT: PXM 0 -> APIC 0x05 -> Node 0
[    0.000000] SRAT: PXM 0 -> APIC 0x07 -> Node 0
[    0.000000] SRAT: PXM 0 -> APIC 0x09 -> Node 0
[    0.000000] SRAT: PXM 0 -> APIC 0x11 -> Node 0
[    0.000000] SRAT: PXM 0 -> APIC 0x13 -> Node 0
[    0.000000] SRAT: PXM 0 -> APIC 0x15 -> Node 0
[    0.000000] SRAT: PXM 0 -> APIC 0x17 -> Node 0
[    0.000000] SRAT: PXM 0 -> APIC 0x19 -> Node 0
[    0.000000] SRAT: PXM 1 -> APIC 0x21 -> Node 1
[    0.000000] SRAT: PXM 1 -> APIC 0x23 -> Node 1
[    0.000000] SRAT: PXM 1 -> APIC 0x25 -> Node 1
[    0.000000] SRAT: PXM 1 -> APIC 0x27 -> Node 1
[    0.000000] SRAT: PXM 1 -> APIC 0x29 -> Node 1
[    0.000000] SRAT: PXM 1 -> APIC 0x31 -> Node 1
[    0.000000] SRAT: PXM 1 -> APIC 0x33 -> Node 1
[    0.000000] SRAT: PXM 1 -> APIC 0x35 -> Node 1
[    0.000000] SRAT: PXM 1 -> APIC 0x37 -> Node 1
[    0.000000] SRAT: PXM 1 -> APIC 0x39 -> Node 1
[    0.000000] acpi: SRAT: Node 0 PXM 0 [mem 0x00000000-0x7fffffff]
[    0.000000] acpi: SRAT: Node 0 PXM 0 [mem 0x100000000-0x107fffffff]
[    0.000000] acpi: SRAT: Node 0 PXM 0 [mem 0x1080000000-0x147fffffff]
[    0.000000] acpi: SRAT: Node 1 PXM 1 [mem 0x1480000000-0x247fffffff]
[    0.000000] acpi: SRAT: Node 1 PXM 1 [mem 0x2480000000-0x287fffffff]
[    0.000000] NUMA: Initialized distance table, cnt=2
[    0.000000] NUMA: Node 0 [mem 0x00000000-0x7fffffff] + [mem 0x100000000-0x107fffffff] -> [mem 0x00000000-0x107fffffff]
[    0.000000] NUMA: Node 0 [mem 0x00000000-0x107fffffff] + [mem 0x1080000000-0x147fffffff] -> [mem 0x00000000-0x147fffffff]
[    0.000000] NUMA: Node 1 [mem 0x1480000000-0x247fffffff] + [mem 0x2480000000-0x287fffffff] -> [mem 0x1480000000-0x287fffffff]
[    0.000000] NODE_DATA(0) allocated [mem 0x147fffc000-0x147fffffff]
[    0.000000] NODE_DATA(1) allocated [mem 0x287fff9000-0x287fffcfff]
[    0.000000] setup: Reserving 128MB of memory at 768MB for crashkernel (System RAM: 163729MB)
[    0.000000] tsc: Fast TSC calibration using PIT
[    0.000000] page_alloc: Zone ranges:
[    0.000000] page_alloc:   DMA      [mem 0x0000000000001000-0x0000000000ffffff]
[    0.000000] page_alloc:   DMA32    [mem 0x0000000001000000-0x00000000ffffffff]
[    0.000000] page_alloc:   Normal   [mem 0x0000000100000000-0x000000287fffffff]
[    0.000000] page_alloc: Movable zone start for each node
[    0.000000] page_alloc: Early memory node ranges
[    0.000000] page_alloc:   node   0: [mem 0x0000000000001000-0x0000000000098fff]
[    0.000000] page_alloc:   node   0: [mem 0x0000000000100000-0x00000000791d3fff]
[    0.000000] page_alloc:   node   0: [mem 0x0000000100000000-0x000000147fffffff]
[    0.000000] page_alloc:   node   1: [mem 0x0000001480000000-0x000000287fffffff]
[    0.000000] page_alloc: Initmem setup node 0 [mem 0x0000000000001000-0x000000147fffffff]
[    0.000000] On node 0 totalpages: 20943212
[    0.000000]   DMA zone: 144 pages used for memmap
[    0.000000]   DMA zone: 42 pages reserved
[    0.000000]   DMA zone: 3992 pages, LIFO batch:0
[    0.000000]   DMA32 zone: 17297 pages used for memmap
[    0.000000]   DMA32 zone: 491988 pages, LIFO batch:31
[    0.000000]   Normal zone: 718848 pages used for memmap
[    0.000000]   Normal zone: 20447232 pages, LIFO batch:31
[    0.000000] page_alloc: Initmem setup node 1 [mem 0x0000001480000000-0x000000287fffffff]
[    0.000000] On node 1 totalpages: 20971520
[    0.000000]   Normal zone: 737280 pages used for memmap
[    0.000000]   Normal zone: 20971520 pages, LIFO batch:31
[    0.000000] page_alloc: Reserved but unavailable: 104 pages
[    0.000000] ACPI: PM-Timer IO Port: 0x408
[    0.000000] ACPI: Local APIC address 0xfee00000
[    0.000000] tables: LAPIC_NMI (acpi_id[0x00] high edge lint[0x1])
[    0.000000] tables: LAPIC_NMI (acpi_id[0x02] high edge lint[0x1])
[    0.000000] tables: LAPIC_NMI (acpi_id[0x04] high edge lint[0x1])
[    0.000000] tables: LAPIC_NMI (acpi_id[0x06] high edge lint[0x1])
[    0.000000] tables: LAPIC_NMI (acpi_id[0x08] high edge lint[0x1])
[    0.000000] tables: LAPIC_NMI (acpi_id[0x10] high edge lint[0x1])
[    0.000000] tables: LAPIC_NMI (acpi_id[0x12] high edge lint[0x1])
[    0.000000] tables: LAPIC_NMI (acpi_id[0x14] high edge lint[0x1])
[    0.000000] tables: LAPIC_NMI (acpi_id[0x16] high edge lint[0x1])
[    0.000000] tables: LAPIC_NMI (acpi_id[0x18] high edge lint[0x1])
[    0.000000] tables: LAPIC_NMI (acpi_id[0x20] high edge lint[0x1])
[    0.000000] tables: LAPIC_NMI (acpi_id[0x22] high edge lint[0x1])
[    0.000000] tables: LAPIC_NMI (acpi_id[0x24] high edge lint[0x1])
[    0.000000] tables: LAPIC_NMI (acpi_id[0x26] high edge lint[0x1])
[    0.000000] tables: LAPIC_NMI (acpi_id[0x28] high edge lint[0x1])
[    0.000000] tables: LAPIC_NMI (acpi_id[0x30] high edge lint[0x1])
[    0.000000] tables: LAPIC_NMI (acpi_id[0x32] high edge lint[0x1])
[    0.000000] tables: LAPIC_NMI (acpi_id[0x34] high edge lint[0x1])
[    0.000000] tables: LAPIC_NMI (acpi_id[0x36] high edge lint[0x1])
[    0.000000] tables: LAPIC_NMI (acpi_id[0x38] high edge lint[0x1])
[    0.000000] tables: LAPIC_NMI (acpi_id[0x01] high edge lint[0x1])
[    0.000000] tables: LAPIC_NMI (acpi_id[0x03] high edge lint[0x1])
[    0.000000] tables: LAPIC_NMI (acpi_id[0x05] high edge lint[0x1])
[    0.000000] tables: LAPIC_NMI (acpi_id[0x07] high edge lint[0x1])
[    0.000000] tables: LAPIC_NMI (acpi_id[0x09] high edge lint[0x1])
[    0.000000] tables: LAPIC_NMI (acpi_id[0x11] high edge lint[0x1])
[    0.000000] tables: LAPIC_NMI (acpi_id[0x13] high edge lint[0x1])
[    0.000000] tables: LAPIC_NMI (acpi_id[0x15] high edge lint[0x1])
[    0.000000] tables: LAPIC_NMI (acpi_id[0x17] high edge lint[0x1])
[    0.000000] tables: LAPIC_NMI (acpi_id[0x19] high edge lint[0x1])
[    0.000000] tables: LAPIC_NMI (acpi_id[0x21] high edge lint[0x1])
[    0.000000] tables: LAPIC_NMI (acpi_id[0x23] high edge lint[0x1])
[    0.000000] tables: LAPIC_NMI (acpi_id[0x25] high edge lint[0x1])
[    0.000000] tables: LAPIC_NMI (acpi_id[0x27] high edge lint[0x1])
[    0.000000] tables: LAPIC_NMI (acpi_id[0x29] high edge lint[0x1])
[    0.000000] tables: LAPIC_NMI (acpi_id[0x31] high edge lint[0x1])
[    0.000000] tables: LAPIC_NMI (acpi_id[0x33] high edge lint[0x1])
[    0.000000] tables: LAPIC_NMI (acpi_id[0x35] high edge lint[0x1])
[    0.000000] tables: LAPIC_NMI (acpi_id[0x37] high edge lint[0x1])
[    0.000000] tables: LAPIC_NMI (acpi_id[0x39] high edge lint[0x1])
[    0.000000] io_apic: IOAPIC[0]: apic_id 1, version 32, address 0xfec00000, GSI 0-23
[    0.000000] io_apic: IOAPIC[1]: apic_id 2, version 32, address 0xfec01000, GSI 24-47
[    0.000000] io_apic: IOAPIC[2]: apic_id 3, version 32, address 0xfec40000, GSI 48-71
[    0.000000] tables: INT_SRC_OVR (bus 0 bus_irq 0 global_irq 2 dfl dfl)
[    0.000000] tables: INT_SRC_OVR (bus 0 bus_irq 9 global_irq 9 high level)
[    0.000000] ACPI: IRQ0 used by override.
[    0.000000] ACPI: IRQ9 used by override.
[    0.000000] Using ACPI (MADT) for SMP configuration information
[    0.000000] ACPI: HPET id: 0x8086a701 base: 0xfed00000
[    0.000000] smpboot: Allowing 40 CPUs, 0 hotplug CPUs
[    0.000000] snapshot: Registered nosave memory: [mem 0x00000000-0x00000fff]
[    0.000000] snapshot: Registered nosave memory: [mem 0x00099000-0x00099fff]
[    0.000000] snapshot: Registered nosave memory: [mem 0x0009a000-0x0009ffff]
[    0.000000] snapshot: Registered nosave memory: [mem 0x000a0000-0x000dffff]
[    0.000000] snapshot: Registered nosave memory: [mem 0x000e0000-0x000fffff]
[    0.000000] snapshot: Registered nosave memory: [mem 0x791d4000-0x799cdfff]
[    0.000000] snapshot: Registered nosave memory: [mem 0x799ce000-0x79a32fff]
[    0.000000] snapshot: Registered nosave memory: [mem 0x79a33000-0x79fa1fff]
[    0.000000] snapshot: Registered nosave memory: [mem 0x79fa2000-0x8fffffff]
[    0.000000] snapshot: Registered nosave memory: [mem 0x90000000-0xfed1bfff]
[    0.000000] snapshot: Registered nosave memory: [mem 0xfed1c000-0xfed44fff]
[    0.000000] snapshot: Registered nosave memory: [mem 0xfed45000-0xfeffffff]
[    0.000000] snapshot: Registered nosave memory: [mem 0xff000000-0xffffffff]
[    0.000000] e820: e820: [mem 0x90000000-0xfed1bfff] available for PCI devices
[    0.000000] Booting paravirtualized kernel on bare hardware
[    0.000000] clocksource: refined-jiffies: mask: 0xffffffff max_cycles: 0xffffffff, max_idle_ns: 7645519600211568 ns
[    0.000000] setup_percpu: NR_CPUS:256 nr_cpumask_bits:256 nr_cpu_ids:40 nr_node_ids:2
[    0.000000] percpu: Embedded 45 pages/cpu @        (ptrval) s145496 r8192 d30632 u262144
[    0.000000] pcpu-alloc: s145496 r8192 d30632 u262144 alloc=1*2097152
[    0.000000] pcpu-alloc: [0] 00 01 02 03 04 05 06 07 [0] 08 09 20 21 22 23 24 25 
[    0.000000] pcpu-alloc: [0] 26 27 28 29 -- -- -- -- [1] 10 11 12 13 14 15 16 17 
[    0.000000] pcpu-alloc: [1] 18 19 30 31 32 33 34 35 [1] 36 37 38 39 -- -- -- -- 
[    0.000000] page_alloc: Built 2 zonelists, mobility grouping on.  Total pages: 40441121
[    0.000000] page_alloc: Policy zone: Normal
[    0.000000] main: Kernel command line: BOOT_IMAGE=/boot/vmlinuz-4.17.0 root=UUID=4910fb56-38cb-41ae-82bf-3efa1d8a45a0 ro console=ttyS0,115200 crashkernel=384M-:128M
[    0.000000] printk: log_buf_len individual max cpu contribution: 4096 bytes
[    0.000000] printk: log_buf_len total cpu_extra contributions: 159744 bytes
[    0.000000] printk: log_buf_len min size: 262144 bytes
[    0.000000] printk: log_buf_len: 524288 bytes
[    0.000000] printk: early log buf free: 244832(93%)
[    0.000000] Calgary: detecting Calgary via BIOS EBDA area
[    0.000000] Calgary: Unable to locate Rio Grande table in EBDA - bailing!
[    0.000000] page_alloc: Memory: 161224944K/167658928K available (14348K kernel code, 1801K rwdata, 4280K rodata, 1816K init, 132104K bss, 6433984K reserved, 0K cma-reserved)
[    0.000000] slub: SLUB: HWalign=64, Order=0-3, MinObjects=0, CPUs=40, Nodes=2
[    0.000000] Kernel/User page tables isolation: enabled
[    0.000000] libftrace: ftrace: allocating 42156 entries in 165 pages
[    0.000000] trace: 
[    0.000000] trace: **********************************************************
[    0.000000] trace: **   NOTICE NOTICE NOTICE NOTICE NOTICE NOTICE NOTICE   **
[    0.000000] trace: **                                                      **
[    0.000000] trace: ** trace_printk() being used. Allocating extra memory.  **
[    0.000000] trace: **                                                      **
[    0.000000] trace: ** This means that this is a DEBUG kernel and it is     **
[    0.000000] trace: ** unsafe for production use.                           **
[    0.000000] trace: **                                                      **
[    0.000000] trace: ** If you see this message and you are not debugging    **
[    0.000000] trace: ** the kernel, report this immediately to your vendor!  **
[    0.000000] trace: **                                                      **
[    0.000000] trace: **   NOTICE NOTICE NOTICE NOTICE NOTICE NOTICE NOTICE   **
[    0.000000] trace: **********************************************************
[    0.000000] tree: Hierarchical RCU implementation.
[    0.000000] tree: 	RCU restricting CPUs from NR_CPUS=256 to nr_cpu_ids=40.
[    0.000000] tree: RCU: Adjusting geometry for rcu_fanout_leaf=16, nr_cpu_ids=40
[    0.000000] NR_IRQS: 16640, nr_irqs: 1560, preallocated irqs: 16
[    0.000000] tree: 	Offload RCU callbacks from CPUs: (none).
[    0.000000] vt: Console: colour VGA+ 80x25
[    0.000000] printk: console [ttyS0] enabled
[    0.000000] mempolicy: Enabling automatic NUMA balancing. Configure with numa_balancing= or the kernel.numa_balancing sysctl
[    0.000000] ACPI: Core revision 20180313
[    0.000000] clocksource: hpet: mask: 0xffffffff max_cycles: 0xffffffff, max_idle_ns: 133484882848 ns
[    0.000000] hpet clockevent registered
[    0.000000] apic: APIC: Switch to symmetric I/O mode setup
[    0.004000] dmar: Host address width 46
[    0.008000] dmar: DRHD base: 0x000000fbffc000 flags: 0x0
[    0.012000] dmar: dmar0: reg_base_addr fbffc000 ver 1:0 cap d2078c106f0466 ecap f020de
[    0.016000] dmar: DRHD base: 0x000000c7ffc000 flags: 0x1
[    0.020000] dmar: dmar1: reg_base_addr c7ffc000 ver 1:0 cap d2078c106f0466 ecap f020de
[    0.024000] dmar: RMRR base: 0x0000007bb4c000 end: 0x0000007bb5cfff
[    0.028000] dmar: ATSR flags: 0x0
[    0.032000] dmar: RHSA base: 0x000000c7ffc000 proximity domain: 0x0
[    0.036000] dmar: RHSA base: 0x000000fbffc000 proximity domain: 0x1
[    0.040000] intel_irq_remapping: IOAPIC id 3 under DRHD base  0xfbffc000 IOMMU 0
[    0.044000] intel_irq_remapping: IOAPIC id 1 under DRHD base  0xc7ffc000 IOMMU 1
[    0.048000] intel_irq_remapping: IOAPIC id 2 under DRHD base  0xc7ffc000 IOMMU 1
[    0.052000] intel_irq_remapping: HPET id 0 under DRHD base 0xc7ffc000
[    0.056000] intel_irq_remapping: x2apic is disabled because BIOS sets x2apic opt out bit.
[    0.056000] intel_irq_remapping: Use 'intremap=no_x2apic_optout' to override the BIOS setting.
[    0.064000] intel_irq_remapping: Enabled IRQ remapping in xapic mode
[    0.064000] apic: x2apic: IRQ remapping doesn't support X2APIC mode
[    0.068000] probe_64: Switched APIC routing to physical flat.
[    0.072000] ..TIMER: vector=0x30 apic1=0 pin1=2 apic2=-1 pin2=-1
[    0.092000] tsc: Fast TSC calibration using PIT
[    0.096000] tsc: Detected 2593.728 MHz processor
[    0.100000] clocksource: tsc-early: mask: 0xffffffffffffffff max_cycles: 0x25631750057, max_idle_ns: 440795297319 ns
[    0.104001] calibrate: Calibrating delay loop (skipped), value calculated using timer frequency.. 5187.45 BogoMIPS (lpj=10374912)
[    0.108001] pid: pid_max: default: 40960 minimum: 320
[    0.112073] security: Security Framework initialized
[    0.116001] yama: Yama: becoming mindful.
[    0.120036] AppArmor: AppArmor initialized
[    0.148126] page_alloc: Dentry cache hash table entries: 16777216 (order: 15, 134217728 bytes)
[    0.164853] page_alloc: Inode-cache hash table entries: 8388608 (order: 14, 67108864 bytes)
[    0.168371] page_alloc: Mount-cache hash table entries: 262144 (order: 9, 2097152 bytes)
[    0.172347] page_alloc: Mountpoint-cache hash table entries: 262144 (order: 9, 2097152 bytes)
[    0.176306] topology: CPU: Physical Processor ID: 0
[    0.180001] topology: CPU: Processor Core ID: 0
[    0.184005] intel: ENERGY_PERF_BIAS: Set to 'normal', was 'performance'
[    0.188000] intel: ENERGY_PERF_BIAS: View and update with x86_energy_perf_policy(8)
[    0.192004] mce: CPU supports 22 MCE banks
[    0.196015] therm_throt: CPU0: Thermal monitoring enabled (TM1)
[    0.200021] process: using mwait in idle threads
[    0.204002] common: Last level iTLB entries: 4KB 1024, 2MB 1024, 4MB 1024
[    0.208000] common: Last level dTLB entries: 4KB 1024, 2MB 1024, 4MB 1024, 1GB 4
[    0.212001] Spectre V2 : Vulnerable: Minimal generic ASM retpoline
[    0.216000] Speculative Store Bypass: Vulnerable
[    0.220130] page_alloc: Freeing SMP alternatives memory: 40K
[    0.228100] TSC deadline timer enabled
[    0.228107] smpboot: CPU0: Intel(R) Xeon(R) CPU E5-2660 v3 @ 2.60GHz (family: 0x6, model: 0x3f, stepping: 0x2)
[    0.232134] core: Performance Events: PEBS fmt2+, Haswell events, 16-deep LBR, full-width counters, Intel PMU driver.
[    0.236004] core: ... version:                3
[    0.240000] core: ... bit width:              48
[    0.244000] core: ... generic registers:      4
[    0.248001] core: ... value mask:             0000ffffffffffff
[    0.252000] core: ... max period:             00007fffffffffff
[    0.256000] core: ... fixed-purpose events:   3
[    0.260000] core: ... event mask:             000000070000000f
[    0.264056] srcutree: Hierarchical SRCU implementation.
[    0.272100] watchdog_hld: Enabled. Permanently consumes one hw-PMU counter.
[    0.276007] smp: Bringing up secondary CPUs ...
[    0.280173] x86: Booting SMP configuration:
[    0.284002] .... node  #0, CPUs:        #1  #2  #3  #4  #5  #6  #7  #8  #9
[    0.296003] .... node  #1, CPUs:   #10 #11 #12 #13 #14 #15 #16 #17 #18 #19
[    0.396002] .... node  #0, CPUs:   #20 #21 #22 #23 #24 #25 #26 #27 #28 #29
[    0.412003] .... node  #1, CPUs:   #30 #31 #32 #33 #34 #35 #36 #37 #38 #39
[    0.425440] smp: Brought up 2 nodes, 40 CPUs
[    0.432001] smpboot: Max logical packages: 2
[    0.436002] smpboot: Total of 40 processors activated (207530.14 BogoMIPS)
[    0.449934] devtmpfs: initialized
[    0.452064] init_64: x86/mm: Memory block size: 2048MB
[    0.456788] evm: security.selinux
[    0.460003] evm: security.SMACK64
[    0.463696] evm: security.apparmor
[    0.464000] evm: security.ima
[    0.467308] evm: security.capability
[    0.468059] acpi: PM: Registering ACPI NVS region [mem 0x79a33000-0x79fa1fff] (5697536 bytes)
[    0.472244] clocksource: jiffies: mask: 0xffffffff max_cycles: 0xffffffff, max_idle_ns: 7645041785100000 ns
[    0.476060] page_alloc: futex hash table entries: 16384 (order: 8, 1048576 bytes)
[    0.480361] xor: automatically using best checksumming function   avx       
[    0.484027] core: initialized pinctrl subsystem
[    0.488114] trace: RTC time:  3:49:15, date: 08/04/19
[    0.492641] socket: NET: Registered protocol family 16
[    0.496105] audit: initializing netlink subsys (disabled)
[    0.500021] audit: type=2000 audit(1564890552.500:1): state=initialized audit_enabled=0 res=1
[    0.508004] cpuidle: using governor ladder
[    0.512013] cpuidle: using governor menu
[    0.516052] random: random: get_random_bytes called from kcmp_cookies_init+0x16/0x38 with crng_init=0
[    0.520003] pci_acpi: ACPI FADT declares the system doesn't support PCIe ASPM, so disable it
[    0.524001] ACPI: bus type PCI registered
[    0.528001] acpiphp: ACPI Hot Plug PCI Controller Driver version: 0.5
[    0.532107] mmconfig_shared: PCI: MMCONFIG for domain 0000 [bus 00-ff] at [mem 0x80000000-0x8fffffff] (base 0x80000000)
[    0.536003] mmconfig_shared: PCI: MMCONFIG at [mem 0x80000000-0x8fffffff] reserved in E820
[    0.540013] PCI: Using configuration type 1 for base access
[    0.544036] core: PMU erratum BJ122, BV98, HSD29 worked around, HT is on
[    0.549787] hugetlb: HugeTLB registered 1.00 GiB page size, pre-allocated 0 pages
[    0.552004] hugetlb: HugeTLB registered 2.00 MiB page size, pre-allocated 0 pages
[    0.624007] raid6_pq: raid6: sse2x1   gen()  8309 MB/s
[    0.696002] raid6_pq: raid6: sse2x1   xor()  6584 MB/s
[    0.768007] raid6_pq: raid6: sse2x2   gen() 10537 MB/s
[    0.840001] raid6_pq: raid6: sse2x2   xor()  7240 MB/s
[    0.912001] raid6_pq: raid6: sse2x4   gen() 12320 MB/s
[    0.984002] raid6_pq: raid6: sse2x4   xor()  8449 MB/s
[    1.056003] raid6_pq: raid6: avx2x1   gen() 15748 MB/s
[    1.128002] raid6_pq: raid6: avx2x1   xor() 12537 MB/s
[    1.200002] raid6_pq: raid6: avx2x2   gen() 18989 MB/s
[    1.272001] raid6_pq: raid6: avx2x2   xor() 13555 MB/s
[    1.344002] raid6_pq: raid6: avx2x4   gen() 22204 MB/s
[    1.416001] raid6_pq: raid6: avx2x4   xor() 15010 MB/s
[    1.420001] raid6_pq: raid6: using algorithm avx2x4 gen() 22204 MB/s
[    1.424000] raid6_pq: raid6: .... xor() 15010 MB/s, rmw enabled
[    1.428001] raid6_pq: raid6: using avx2x2 recovery algorithm
[    1.432182] acpi: Added _OSI(Module Device)
[    1.436002] acpi: Added _OSI(Processor Device)
[    1.440001] acpi: Added _OSI(3.0 _SCP Extensions)
[    1.444001] acpi: Added _OSI(Processor Aggregator Device)
[    1.448001] acpi: Added _OSI(Linux-Dell-Video)
[    1.485210] ACPI: 4 ACPI AML tables successfully acquired and loaded
[    1.492270] acpi: [Firmware Bug]: BIOS _OSI(Linux) query ignored
[    1.504749] ACPI: Dynamic OEM Table Load:
[    1.528974] ACPI: Interpreter enabled
[    1.532013] acpi: ACPI: (supports S0 S5)
[    1.536002] ACPI: Using IOAPIC for interrupt routing
[    1.540043] apei: HEST: Table parsing has been initialized.
[    1.544003] PCI: Using host bridge windows from ACPI; if necessary, use "pci=nocrs" and report a bug
[    1.548430] ACPI: Enabled 5 GPEs in block 00 to 3F
[    1.584512] acpi: ACPI: PCI Root Bridge [UNC1] (domain 0000 [bus ff])
[    1.588005] acpi PNP0A03:02: _OSC: OS supports [ExtendedConfig ASPM ClockPM Segments MSI]
[    1.602083] acpi PNP0A03:02: _OSC: OS now controls [PCIeHotplug PME AER PCIeCapability]
[    1.608002] acpi PNP0A03:02: FADT indicates ASPM is unsupported, using BIOS configuration
[    1.620040] probe: PCI host bridge to bus 0000:ff
[    1.624002] pci_bus 0000:ff: root bus resource [bus ff]
[    1.632010] pci 0000:ff:08.0: [8086:2f80] type 00 class 0x088000
[    1.632065] pci 0000:ff:08.2: [8086:2f32] type 00 class 0x110100
[    1.632107] pci 0000:ff:08.3: [8086:2f83] type 00 class 0x088000
[    1.632155] pci 0000:ff:09.0: [8086:2f90] type 00 class 0x088000
[    1.632199] pci 0000:ff:09.2: [8086:2f33] type 00 class 0x110100
[    1.632240] pci 0000:ff:09.3: [8086:2f93] type 00 class 0x088000
[    1.632284] pci 0000:ff:0b.0: [8086:2f81] type 00 class 0x088000
[    1.632321] pci 0000:ff:0b.1: [8086:2f36] type 00 class 0x110100
[    1.632361] pci 0000:ff:0b.2: [8086:2f37] type 00 class 0x110100
[    1.632400] pci 0000:ff:0c.0: [8086:2fe0] type 00 class 0x088000
[    1.632437] pci 0000:ff:0c.1: [8086:2fe1] type 00 class 0x088000
[    1.632474] pci 0000:ff:0c.2: [8086:2fe2] type 00 class 0x088000
[    1.632513] pci 0000:ff:0c.3: [8086:2fe3] type 00 class 0x088000
[    1.632553] pci 0000:ff:0c.4: [8086:2fe4] type 00 class 0x088000
[    1.632591] pci 0000:ff:0c.5: [8086:2fe5] type 00 class 0x088000
[    1.632628] pci 0000:ff:0c.6: [8086:2fe6] type 00 class 0x088000
[    1.632666] pci 0000:ff:0c.7: [8086:2fe7] type 00 class 0x088000
[    1.632703] pci 0000:ff:0d.0: [8086:2fe8] type 00 class 0x088000
[    1.632741] pci 0000:ff:0d.1: [8086:2fe9] type 00 class 0x088000
[    1.632783] pci 0000:ff:0f.0: [8086:2ff8] type 00 class 0x088000
[    1.632821] pci 0000:ff:0f.1: [8086:2ff9] type 00 class 0x088000
[    1.632863] pci 0000:ff:0f.2: [8086:2ffa] type 00 class 0x088000
[    1.632901] pci 0000:ff:0f.3: [8086:2ffb] type 00 class 0x088000
[    1.632940] pci 0000:ff:0f.4: [8086:2ffc] type 00 class 0x088000
[    1.632979] pci 0000:ff:0f.5: [8086:2ffd] type 00 class 0x088000
[    1.633017] pci 0000:ff:0f.6: [8086:2ffe] type 00 class 0x088000
[    1.633055] pci 0000:ff:10.0: [8086:2f1d] type 00 class 0x088000
[    1.633092] pci 0000:ff:10.1: [8086:2f34] type 00 class 0x110100
[    1.633134] pci 0000:ff:10.5: [8086:2f1e] type 00 class 0x088000
[    1.633172] pci 0000:ff:10.6: [8086:2f7d] type 00 class 0x110100
[    1.633209] pci 0000:ff:10.7: [8086:2f1f] type 00 class 0x088000
[    1.633247] pci 0000:ff:12.0: [8086:2fa0] type 00 class 0x088000
[    1.633290] pci 0000:ff:12.1: [8086:2f30] type 00 class 0x110100
[    1.633335] pci 0000:ff:12.4: [8086:2f60] type 00 class 0x088000
[    1.633377] pci 0000:ff:12.5: [8086:2f38] type 00 class 0x110100
[    1.633420] pci 0000:ff:13.0: [8086:2fa8] type 00 class 0x088000
[    1.633465] pci 0000:ff:13.1: [8086:2f71] type 00 class 0x088000
[    1.633509] pci 0000:ff:13.2: [8086:2faa] type 00 class 0x088000
[    1.633558] pci 0000:ff:13.3: [8086:2fab] type 00 class 0x088000
[    1.633602] pci 0000:ff:13.6: [8086:2fae] type 00 class 0x088000
[    1.633644] pci 0000:ff:13.7: [8086:2faf] type 00 class 0x088000
[    1.633685] pci 0000:ff:14.0: [8086:2fb0] type 00 class 0x088000
[    1.633729] pci 0000:ff:14.1: [8086:2fb1] type 00 class 0x088000
[    1.633776] pci 0000:ff:14.2: [8086:2fb2] type 00 class 0x088000
[    1.633818] pci 0000:ff:14.3: [8086:2fb3] type 00 class 0x088000
[    1.633862] pci 0000:ff:14.4: [8086:2fbc] type 00 class 0x088000
[    1.633902] pci 0000:ff:14.5: [8086:2fbd] type 00 class 0x088000
[    1.633943] pci 0000:ff:14.6: [8086:2fbe] type 00 class 0x088000
[    1.633988] pci 0000:ff:14.7: [8086:2fbf] type 00 class 0x088000
[    1.634030] pci 0000:ff:16.0: [8086:2f68] type 00 class 0x088000
[    1.634075] pci 0000:ff:16.1: [8086:2f79] type 00 class 0x088000
[    1.634120] pci 0000:ff:16.2: [8086:2f6a] type 00 class 0x088000
[    1.634165] pci 0000:ff:16.3: [8086:2f6b] type 00 class 0x088000
[    1.634214] pci 0000:ff:16.6: [8086:2f6e] type 00 class 0x088000
[    1.634260] pci 0000:ff:16.7: [8086:2f6f] type 00 class 0x088000
[    1.634301] pci 0000:ff:17.0: [8086:2fd0] type 00 class 0x088000
[    1.634348] pci 0000:ff:17.1: [8086:2fd1] type 00 class 0x088000
[    1.634393] pci 0000:ff:17.2: [8086:2fd2] type 00 class 0x088000
[    1.634440] pci 0000:ff:17.3: [8086:2fd3] type 00 class 0x088000
[    1.634485] pci 0000:ff:17.4: [8086:2fb8] type 00 class 0x088000
[    1.634527] pci 0000:ff:17.5: [8086:2fb9] type 00 class 0x088000
[    1.634568] pci 0000:ff:17.6: [8086:2fba] type 00 class 0x088000
[    1.634609] pci 0000:ff:17.7: [8086:2fbb] type 00 class 0x088000
[    1.634667] pci 0000:ff:1e.0: [8086:2f98] type 00 class 0x088000
[    1.634710] pci 0000:ff:1e.1: [8086:2f99] type 00 class 0x088000
[    1.634750] pci 0000:ff:1e.2: [8086:2f9a] type 00 class 0x088000
[    1.634790] pci 0000:ff:1e.3: [8086:2fc0] type 00 class 0x088000
[    1.634820] pci 0000:ff:1e.4: [8086:2f9c] type 00 class 0x088000
[    1.634868] pci 0000:ff:1f.0: [8086:2f88] type 00 class 0x088000
[    1.634910] pci 0000:ff:1f.2: [8086:2f8a] type 00 class 0x088000
[    1.635013] acpi: ACPI: PCI Root Bridge [UNC0] (domain 0000 [bus 7f])
[    1.640003] acpi PNP0A03:03: _OSC: OS supports [ExtendedConfig ASPM ClockPM Segments MSI]
[    1.648728] acpi PNP0A03:03: _OSC: OS now controls [PCIeHotplug PME AER PCIeCapability]
[    1.660001] acpi PNP0A03:03: FADT indicates ASPM is unsupported, using BIOS configuration
[    1.668035] probe: PCI host bridge to bus 0000:7f
[    1.672002] pci_bus 0000:7f: root bus resource [bus 7f]
[    1.680008] pci 0000:7f:08.0: [8086:2f80] type 00 class 0x088000
[    1.680051] pci 0000:7f:08.2: [8086:2f32] type 00 class 0x110100
[    1.680093] pci 0000:7f:08.3: [8086:2f83] type 00 class 0x088000
[    1.680134] pci 0000:7f:09.0: [8086:2f90] type 00 class 0x088000
[    1.680172] pci 0000:7f:09.2: [8086:2f33] type 00 class 0x110100
[    1.680209] pci 0000:7f:09.3: [8086:2f93] type 00 class 0x088000
[    1.680252] pci 0000:7f:0b.0: [8086:2f81] type 00 class 0x088000
[    1.680291] pci 0000:7f:0b.1: [8086:2f36] type 00 class 0x110100
[    1.680326] pci 0000:7f:0b.2: [8086:2f37] type 00 class 0x110100
[    1.680364] pci 0000:7f:0c.0: [8086:2fe0] type 00 class 0x088000
[    1.680399] pci 0000:7f:0c.1: [8086:2fe1] type 00 class 0x088000
[    1.680433] pci 0000:7f:0c.2: [8086:2fe2] type 00 class 0x088000
[    1.680470] pci 0000:7f:0c.3: [8086:2fe3] type 00 class 0x088000
[    1.680506] pci 0000:7f:0c.4: [8086:2fe4] type 00 class 0x088000
[    1.680540] pci 0000:7f:0c.5: [8086:2fe5] type 00 class 0x088000
[    1.680575] pci 0000:7f:0c.6: [8086:2fe6] type 00 class 0x088000
[    1.680609] pci 0000:7f:0c.7: [8086:2fe7] type 00 class 0x088000
[    1.680647] pci 0000:7f:0d.0: [8086:2fe8] type 00 class 0x088000
[    1.680683] pci 0000:7f:0d.1: [8086:2fe9] type 00 class 0x088000
[    1.680722] pci 0000:7f:0f.0: [8086:2ff8] type 00 class 0x088000
[    1.680756] pci 0000:7f:0f.1: [8086:2ff9] type 00 class 0x088000
[    1.680791] pci 0000:7f:0f.2: [8086:2ffa] type 00 class 0x088000
[    1.680829] pci 0000:7f:0f.3: [8086:2ffb] type 00 class 0x088000
[    1.680864] pci 0000:7f:0f.4: [8086:2ffc] type 00 class 0x088000
[    1.680900] pci 0000:7f:0f.5: [8086:2ffd] type 00 class 0x088000
[    1.680935] pci 0000:7f:0f.6: [8086:2ffe] type 00 class 0x088000
[    1.680972] pci 0000:7f:10.0: [8086:2f1d] type 00 class 0x088000
[    1.681008] pci 0000:7f:10.1: [8086:2f34] type 00 class 0x110100
[    1.681045] pci 0000:7f:10.5: [8086:2f1e] type 00 class 0x088000
[    1.681080] pci 0000:7f:10.6: [8086:2f7d] type 00 class 0x110100
[    1.681113] pci 0000:7f:10.7: [8086:2f1f] type 00 class 0x088000
[    1.681152] pci 0000:7f:12.0: [8086:2fa0] type 00 class 0x088000
[    1.681198] pci 0000:7f:12.1: [8086:2f30] type 00 class 0x110100
[    1.681236] pci 0000:7f:12.4: [8086:2f60] type 00 class 0x088000
[    1.681276] pci 0000:7f:12.5: [8086:2f38] type 00 class 0x110100
[    1.681315] pci 0000:7f:13.0: [8086:2fa8] type 00 class 0x088000
[    1.681355] pci 0000:7f:13.1: [8086:2f71] type 00 class 0x088000
[    1.681398] pci 0000:7f:13.2: [8086:2faa] type 00 class 0x088000
[    1.681438] pci 0000:7f:13.3: [8086:2fab] type 00 class 0x088000
[    1.681479] pci 0000:7f:13.6: [8086:2fae] type 00 class 0x088000
[    1.681516] pci 0000:7f:13.7: [8086:2faf] type 00 class 0x088000
[    1.681554] pci 0000:7f:14.0: [8086:2fb0] type 00 class 0x088000
[    1.681598] pci 0000:7f:14.1: [8086:2fb1] type 00 class 0x088000
[    1.681641] pci 0000:7f:14.2: [8086:2fb2] type 00 class 0x088000
[    1.681681] pci 0000:7f:14.3: [8086:2fb3] type 00 class 0x088000
[    1.681721] pci 0000:7f:14.4: [8086:2fbc] type 00 class 0x088000
[    1.681759] pci 0000:7f:14.5: [8086:2fbd] type 00 class 0x088000
[    1.681800] pci 0000:7f:14.6: [8086:2fbe] type 00 class 0x088000
[    1.681837] pci 0000:7f:14.7: [8086:2fbf] type 00 class 0x088000
[    1.681876] pci 0000:7f:16.0: [8086:2f68] type 00 class 0x088000
[    1.681919] pci 0000:7f:16.1: [8086:2f79] type 00 class 0x088000
[    1.681960] pci 0000:7f:16.2: [8086:2f6a] type 00 class 0x088000
[    1.682004] pci 0000:7f:16.3: [8086:2f6b] type 00 class 0x088000
[    1.682047] pci 0000:7f:16.6: [8086:2f6e] type 00 class 0x088000
[    1.682085] pci 0000:7f:16.7: [8086:2f6f] type 00 class 0x088000
[    1.682123] pci 0000:7f:17.0: [8086:2fd0] type 00 class 0x088000
[    1.682165] pci 0000:7f:17.1: [8086:2fd1] type 00 class 0x088000
[    1.682209] pci 0000:7f:17.2: [8086:2fd2] type 00 class 0x088000
[    1.682252] pci 0000:7f:17.3: [8086:2fd3] type 00 class 0x088000
[    1.682293] pci 0000:7f:17.4: [8086:2fb8] type 00 class 0x088000
[    1.682332] pci 0000:7f:17.5: [8086:2fb9] type 00 class 0x088000
[    1.682370] pci 0000:7f:17.6: [8086:2fba] type 00 class 0x088000
[    1.682411] pci 0000:7f:17.7: [8086:2fbb] type 00 class 0x088000
[    1.682455] pci 0000:7f:1e.0: [8086:2f98] type 00 class 0x088000
[    1.682492] pci 0000:7f:1e.1: [8086:2f99] type 00 class 0x088000
[    1.682529] pci 0000:7f:1e.2: [8086:2f9a] type 00 class 0x088000
[    1.682568] pci 0000:7f:1e.3: [8086:2fc0] type 00 class 0x088000
[    1.682599] pci 0000:7f:1e.4: [8086:2f9c] type 00 class 0x088000
[    1.682641] pci 0000:7f:1f.0: [8086:2f88] type 00 class 0x088000
[    1.682682] pci 0000:7f:1f.2: [8086:2f8a] type 00 class 0x088000
[    1.691247] acpi: ACPI: PCI Root Bridge [PCI0] (domain 0000 [bus 00-7e])
[    1.700004] acpi PNP0A08:00: _OSC: OS supports [ExtendedConfig ASPM ClockPM Segments MSI]
[    1.708524] acpi PNP0A08:00: _OSC: OS now controls [PCIeHotplug PME AER PCIeCapability]
[    1.716001] acpi PNP0A08:00: FADT indicates ASPM is unsupported, using BIOS configuration
[    1.724277] probe: PCI host bridge to bus 0000:00
[    1.732002] pci_bus 0000:00: root bus resource [io  0x0000-0x0cf7 window]
[    1.740001] pci_bus 0000:00: root bus resource [io  0x1000-0x7fff window]
[    1.748001] pci_bus 0000:00: root bus resource [mem 0x000a0000-0x000bffff window]
[    1.756001] pci_bus 0000:00: root bus resource [mem 0x90000000-0xc7ffbfff window]
[    1.764001] pci_bus 0000:00: root bus resource [mem 0x38000000000-0x3bfffffffff window]
[    1.772001] pci_bus 0000:00: root bus resource [bus 00-7e]
[    1.780007] pci 0000:00:00.0: [8086:2f00] type 00 class 0x060000
[    1.780136] pci 0000:00:01.0: [8086:2f02] type 01 class 0x060400
[    1.780181] pci 0000:00:01.0: PME# supported from D0 D3hot D3cold
[    1.780276] pci 0000:00:01.1: [8086:2f03] type 01 class 0x060400
[    1.780319] pci 0000:00:01.1: PME# supported from D0 D3hot D3cold
[    1.780414] pci 0000:00:02.0: [8086:2f04] type 01 class 0x060400
[    1.780456] pci 0000:00:02.0: PME# supported from D0 D3hot D3cold
[    1.780551] pci 0000:00:02.2: [8086:2f06] type 01 class 0x060400
[    1.780593] pci 0000:00:02.2: PME# supported from D0 D3hot D3cold
[    1.780688] pci 0000:00:03.0: [8086:2f08] type 01 class 0x060400
[    1.780730] pci 0000:00:03.0: PME# supported from D0 D3hot D3cold
[    1.780822] pci 0000:00:05.0: [8086:2f28] type 00 class 0x088000
[    1.780930] pci 0000:00:05.1: [8086:2f29] type 00 class 0x088000
[    1.781048] pci 0000:00:05.2: [8086:2f2a] type 00 class 0x088000
[    1.781153] pci 0000:00:05.4: [8086:2f2c] type 00 class 0x080020
[    1.781161] pci 0000:00:05.4: reg 0x10: [mem 0xc7005000-0xc7005fff]
[    1.781281] pci 0000:00:11.0: [8086:8d7c] type 00 class 0xff0000
[    1.781470] pci 0000:00:11.4: [8086:8d62] type 00 class 0x010601
[    1.781487] pci 0000:00:11.4: reg 0x10: [io  0x7110-0x7117]
[    1.781494] pci 0000:00:11.4: reg 0x14: [io  0x7100-0x7103]
[    1.781501] pci 0000:00:11.4: reg 0x18: [io  0x70f0-0x70f7]
[    1.781508] pci 0000:00:11.4: reg 0x1c: [io  0x70e0-0x70e3]
[    1.781515] pci 0000:00:11.4: reg 0x20: [io  0x7020-0x703f]
[    1.781523] pci 0000:00:11.4: reg 0x24: [mem 0xc7004000-0xc70047ff]
[    1.781560] pci 0000:00:11.4: PME# supported from D3hot
[    1.781661] pci 0000:00:16.0: [8086:8d3a] type 00 class 0x078000
[    1.781680] pci 0000:00:16.0: reg 0x10: [mem 0x3bffff13000-0x3bffff1300f 64bit]
[    1.781734] pci 0000:00:16.0: PME# supported from D0 D3hot D3cold
[    1.781820] pci 0000:00:16.1: [8086:8d3b] type 00 class 0x078000
[    1.781839] pci 0000:00:16.1: reg 0x10: [mem 0x3bffff12000-0x3bffff1200f 64bit]
[    1.781893] pci 0000:00:16.1: PME# supported from D0 D3hot D3cold
[    1.781995] pci 0000:00:1a.0: [8086:8d2d] type 00 class 0x0c0320
[    1.782014] pci 0000:00:1a.0: reg 0x10: [mem 0xc7002000-0xc70023ff]
[    1.782089] pci 0000:00:1a.0: PME# supported from D0 D3hot D3cold
[    1.782180] pci 0000:00:1c.0: [8086:8d10] type 01 class 0x060400
[    1.782245] pci 0000:00:1c.0: PME# supported from D0 D3hot D3cold
[    1.782344] pci 0000:00:1c.3: [8086:8d16] type 01 class 0x060400
[    1.782409] pci 0000:00:1c.3: PME# supported from D0 D3hot D3cold
[    1.782510] pci 0000:00:1d.0: [8086:8d26] type 00 class 0x0c0320
[    1.782529] pci 0000:00:1d.0: reg 0x10: [mem 0xc7001000-0xc70013ff]
[    1.782604] pci 0000:00:1d.0: PME# supported from D0 D3hot D3cold
[    1.782696] pci 0000:00:1f.0: [8086:8d44] type 00 class 0x060100
[    1.782878] pci 0000:00:1f.2: [8086:8d02] type 00 class 0x010601
[    1.782892] pci 0000:00:1f.2: reg 0x10: [io  0x7070-0x7077]
[    1.782898] pci 0000:00:1f.2: reg 0x14: [io  0x7060-0x7063]
[    1.782904] pci 0000:00:1f.2: reg 0x18: [io  0x7050-0x7057]
[    1.782910] pci 0000:00:1f.2: reg 0x1c: [io  0x7040-0x7043]
[    1.782916] pci 0000:00:1f.2: reg 0x20: [io  0x7000-0x701f]
[    1.782922] pci 0000:00:1f.2: reg 0x24: [mem 0xc7000000-0xc70007ff]
[    1.782953] pci 0000:00:1f.2: PME# supported from D3hot
[    1.783174] acpiphp: Slot [0] registered
[    1.784034] pci 0000:01:00.0: [8086:1521] type 00 class 0x020000
[    1.784051] pci 0000:01:00.0: reg 0x10: [mem 0xc6a00000-0xc6afffff]
[    1.784063] pci 0000:01:00.0: reg 0x18: [io  0x6020-0x603f]
[    1.784069] pci 0000:01:00.0: reg 0x1c: [mem 0xc6c04000-0xc6c07fff]
[    1.784086] pci 0000:01:00.0: reg 0x30: [mem 0xc6b80000-0xc6bfffff pref]
[    1.784140] pci 0000:01:00.0: PME# supported from D0 D3hot D3cold
[    1.784163] pci 0000:01:00.0: reg 0x184: [mem 0x3bfffe60000-0x3bfffe63fff 64bit pref]
[    1.784165] pci 0000:01:00.0: VF(n) BAR0 space: [mem 0x3bfffe60000-0x3bfffe7ffff 64bit pref] (contains BAR0 for 8 VFs)
[    1.796013] pci 0000:01:00.0: reg 0x190: [mem 0x3bfffe40000-0x3bfffe43fff 64bit pref]
[    1.796014] pci 0000:01:00.0: VF(n) BAR3 space: [mem 0x3bfffe40000-0x3bfffe5ffff 64bit pref] (contains BAR3 for 8 VFs)
[    1.808087] pci 0000:01:00.1: [8086:1521] type 00 class 0x020000
[    1.808103] pci 0000:01:00.1: reg 0x10: [mem 0xc6900000-0xc69fffff]
[    1.808115] pci 0000:01:00.1: reg 0x18: [io  0x6000-0x601f]
[    1.808121] pci 0000:01:00.1: reg 0x1c: [mem 0xc6c00000-0xc6c03fff]
[    1.808137] pci 0000:01:00.1: reg 0x30: [mem 0xc6b00000-0xc6b7ffff pref]
[    1.808189] pci 0000:01:00.1: PME# supported from D0 D3hot D3cold
[    1.808208] pci 0000:01:00.1: reg 0x184: [mem 0x3bfffe20000-0x3bfffe23fff 64bit pref]
[    1.808209] pci 0000:01:00.1: VF(n) BAR0 space: [mem 0x3bfffe20000-0x3bfffe3ffff 64bit pref] (contains BAR0 for 8 VFs)
[    1.820013] pci 0000:01:00.1: reg 0x190: [mem 0x3bfffe00000-0x3bfffe03fff 64bit pref]
[    1.820014] pci 0000:01:00.1: VF(n) BAR3 space: [mem 0x3bfffe00000-0x3bfffe1ffff 64bit pref] (contains BAR3 for 8 VFs)
[    1.832078] pci 0000:00:01.0: PCI bridge to [bus 01-02]
[    1.840004] pci 0000:00:01.0:   bridge window [io  0x6000-0x6fff]
[    1.840005] pci 0000:00:01.0:   bridge window [mem 0xc6900000-0xc6cfffff]
[    1.840008] pci 0000:00:01.0:   bridge window [mem 0x3bfffe00000-0x3bfffefffff 64bit pref]
[    1.840155] pci 0000:00:01.1: PCI bridge to [bus 03]
[    1.844134] pci 0000:00:02.0: PCI bridge to [bus 04]
[    1.852139] pci 0000:05:00.0: [1000:0090] type 00 class 0x010700
[    1.852150] pci 0000:05:00.0: reg 0x10: [io  0x5000-0x50ff]
[    1.852157] pci 0000:05:00.0: reg 0x14: [mem 0xc6e40000-0xc6e4ffff 64bit]
[    1.852163] pci 0000:05:00.0: reg 0x1c: [mem 0xc6e00000-0xc6e3ffff 64bit]
[    1.852171] pci 0000:05:00.0: reg 0x30: [mem 0xc6d00000-0xc6dfffff pref]
[    1.852174] pci 0000:05:00.0: enabling Extended Tags
[    1.856076] pci 0000:05:00.0: supports D1 D2
[    1.856135] pci 0000:00:02.2: PCI bridge to [bus 05]
[    1.864003] pci 0000:00:02.2:   bridge window [io  0x5000-0x5fff]
[    1.864004] pci 0000:00:02.2:   bridge window [mem 0xc6d00000-0xc6efffff]
[    1.864143] pci 0000:06:00.0: [8086:10fb] type 00 class 0x020000
[    1.864155] pci 0000:06:00.0: reg 0x10: [mem 0xc7900000-0xc79fffff pref]
[    1.864164] pci 0000:06:00.0: reg 0x18: [io  0x4020-0x403f]
[    1.864169] pci 0000:06:00.0: reg 0x1c: [mem 0xc7e04000-0xc7e07fff pref]
[    1.864181] pci 0000:06:00.0: reg 0x30: [mem 0xc6f80000-0xc6ffffff pref]
[    1.864220] pci 0000:06:00.0: PME# supported from D0 D3hot
[    1.864237] pci 0000:06:00.0: reg 0x184: [mem 0xc7d00000-0xc7d03fff 64bit pref]
[    1.864238] pci 0000:06:00.0: VF(n) BAR0 space: [mem 0xc7d00000-0xc7dfffff 64bit pref] (contains BAR0 for 64 VFs)
[    1.876010] pci 0000:06:00.0: reg 0x190: [mem 0xc7c00000-0xc7c03fff 64bit pref]
[    1.876011] pci 0000:06:00.0: VF(n) BAR3 space: [mem 0xc7c00000-0xc7cfffff 64bit pref] (contains BAR3 for 64 VFs)
[    1.884134] pci 0000:06:00.1: [8086:10fb] type 00 class 0x020000
[    1.884146] pci 0000:06:00.1: reg 0x10: [mem 0xc7800000-0xc78fffff pref]
[    1.884155] pci 0000:06:00.1: reg 0x18: [io  0x4000-0x401f]
[    1.884160] pci 0000:06:00.1: reg 0x1c: [mem 0xc7e00000-0xc7e03fff pref]
[    1.884172] pci 0000:06:00.1: reg 0x30: [mem 0xc6f00000-0xc6f7ffff pref]
[    1.884209] pci 0000:06:00.1: PME# supported from D0 D3hot
[    1.884222] pci 0000:06:00.1: reg 0x184: [mem 0xc7b00000-0xc7b03fff 64bit pref]
[    1.884224] pci 0000:06:00.1: VF(n) BAR0 space: [mem 0xc7b00000-0xc7bfffff 64bit pref] (contains BAR0 for 64 VFs)
[    1.896009] pci 0000:06:00.1: reg 0x190: [mem 0xc7a00000-0xc7a03fff 64bit pref]
[    1.896010] pci 0000:06:00.1: VF(n) BAR3 space: [mem 0xc7a00000-0xc7afffff 64bit pref] (contains BAR3 for 64 VFs)
[    1.908128] pci 0000:00:03.0: PCI bridge to [bus 06-07]
[    1.916002] pci 0000:00:03.0:   bridge window [io  0x4000-0x4fff]
[    1.916004] pci 0000:00:03.0:   bridge window [mem 0xc6f00000-0xc6ffffff]
[    1.916007] pci 0000:00:03.0:   bridge window [mem 0xc7800000-0xc7efffff 64bit pref]
[    1.916039] pci 0000:00:1c.0: PCI bridge to [bus 08]
[    1.920065] pci 0000:09:00.0: [102b:0522] type 00 class 0x030000
[    1.920096] pci 0000:09:00.0: reg 0x10: [mem 0xc5000000-0xc5ffffff]
[    1.920110] pci 0000:09:00.0: reg 0x14: [mem 0xc6810000-0xc6813fff]
[    1.920123] pci 0000:09:00.0: reg 0x18: [mem 0xc6000000-0xc67fffff]
[    1.920174] pci 0000:09:00.0: reg 0x30: [mem 0xc6800000-0xc680ffff pref]
[    1.920309] pci 0000:00:1c.3: PCI bridge to [bus 09]
[    1.928005] pci 0000:00:1c.3:   bridge window [mem 0xc5000000-0xc68fffff]
[    1.928033] pci_bus 0000:00: on NUMA node 0
[    1.928576] acpi: ACPI: PCI Root Bridge [PCI1] (domain 0000 [bus 80-fe])
[    1.936004] acpi PNP0A08:01: _OSC: OS supports [ExtendedConfig ASPM ClockPM Segments MSI]
[    1.944514] acpi PNP0A08:01: _OSC: OS now controls [PCIeHotplug PME AER PCIeCapability]
[    1.952002] acpi PNP0A08:01: FADT indicates ASPM is unsupported, using BIOS configuration
[    1.960151] probe: PCI host bridge to bus 0000:80
[    1.968002] pci_bus 0000:80: root bus resource [io  0x8000-0xffff window]
[    1.976001] pci_bus 0000:80: root bus resource [mem 0xc8000000-0xfbffbfff window]
[    1.984001] pci_bus 0000:80: root bus resource [mem 0x3c000000000-0x3ffffffffff window]
[    1.992001] pci_bus 0000:80: root bus resource [bus 80-fe]
[    2.000009] pci 0000:80:02.0: [8086:2f04] type 01 class 0x060400
[    2.000061] pci 0000:80:02.0: PME# supported from D0 D3hot D3cold
[    2.000135] pci 0000:80:05.0: [8086:2f28] type 00 class 0x088000
[    2.000222] pci 0000:80:05.1: [8086:2f29] type 00 class 0x088000
[    2.000325] pci 0000:80:05.2: [8086:2f2a] type 00 class 0x088000
[    2.000410] pci 0000:80:05.4: [8086:2f2c] type 00 class 0x080020
[    2.000418] pci 0000:80:05.4: reg 0x10: [mem 0xfbf00000-0xfbf00fff]
[    2.000649] pci 0000:80:02.0: PCI bridge to [bus 81]
[    2.004010] pci_bus 0000:80: on NUMA node 1
[    2.004338] ACPI: PCI Interrupt Link [LNKA] (IRQs 3 4 5 6 7 10 *11 12 14 15)
[    2.012040] ACPI: PCI Interrupt Link [LNKB] (IRQs 3 4 5 6 7 *10 11 12 14 15)
[    2.020038] ACPI: PCI Interrupt Link [LNKC] (IRQs 3 4 5 6 10 *11 12 14 15)
[    2.028038] ACPI: PCI Interrupt Link [LNKD] (IRQs 3 4 *5 6 10 11 12 14 15)
[    2.036038] ACPI: PCI Interrupt Link [LNKE] (IRQs 3 4 5 6 7 10 11 12 14 15) *0, disabled.
[    2.044038] ACPI: PCI Interrupt Link [LNKF] (IRQs 3 4 5 6 7 10 11 12 14 15) *0, disabled.
[    2.056038] ACPI: PCI Interrupt Link [LNKG] (IRQs 3 4 5 6 7 10 11 12 14 15) *0, disabled.
[    2.064038] ACPI: PCI Interrupt Link [LNKH] (IRQs 3 4 5 6 7 10 11 12 14 15) *0, disabled.
[    2.072267] pci 0000:09:00.0: vgaarb: setting as boot VGA device
[    2.076000] pci 0000:09:00.0: vgaarb: VGA device added: decodes=io+mem,owns=io+mem,locks=none
[    2.088004] pci 0000:09:00.0: vgaarb: bridge control possible
[    2.096001] vgaarb: loaded
[    2.099144] SCSI subsystem initialized
[    2.104058] libata version 3.00 loaded.
[    2.104058] ACPI: bus type USB registered
[    2.108012] usbcore: usbcore: registered new interface driver usbfs
[    2.116010] usbcore: usbcore: registered new interface driver hub
[    2.120104] usbcore: usbcore: registered new device driver usb
[    2.128013] pps_core: LinuxPPS API ver. 1 registered
[    2.132001] pps_core: Software ver. 5.3.6 - Copyright 2005-2007 Rodolfo Giometti <giometti@linux.it>
[    2.144002] ptp: PTP clock support registered
[    2.148073] EDAC MC: Ver: 3.0.0
[    2.152036] PCI: Using ACPI for IRQ routing
[    2.160029] PCI: pci_cache_line_size set to 64 bytes
[    2.160178] e820: reserve RAM buffer [mem 0x00099c00-0x0009ffff]
[    2.160179] e820: reserve RAM buffer [mem 0x791d4000-0x7bffffff]
[    2.160297] NetLabel: Initializing
[    2.164001] NetLabel:  domain hash size = 128
[    2.168000] NetLabel:  protocols = UNLABELED CIPSOv4 CALIPSO
[    2.176022] NetLabel:  unlabeled traffic allowed by default
[    2.184037] hpet0: at MMIO 0xfed00000, IRQs 2, 8, 0, 0, 0, 0, 0, 0
[    2.188002] hpet0: 8 comparators, 64-bit 14.318180 MHz counter
[    2.200033] clocksource: Switched to clocksource tsc-early
[    2.223768] VFS: Disk quotas dquot_6.6.0
[    2.228170] dquot: VFS: Dquot-cache hash table entries: 512 (order 0, 4096 bytes)
[    2.236664] AppArmor: AppArmor Filesystem Enabled
[    2.241936] pnp: PnP ACPI init
[    2.245606] pnp 00:00: Plug and Play ACPI device, IDs PNP0b00 (active)
[    2.245703] system 00:01: [io  0x0500-0x057f] has been reserved
[    2.252313] system 00:01: [io  0x0400-0x047f] has been reserved
[    2.258910] system 00:01: [io  0x0580-0x059f] has been reserved
[    2.265514] system 00:01: [io  0x0600-0x061f] has been reserved
[    2.272120] system 00:01: [io  0x0880-0x0883] has been reserved
[    2.278724] system 00:01: [io  0x0800-0x081f] has been reserved
[    2.285336] system 00:01: [mem 0xfed1c000-0xfed3ffff] has been reserved
[    2.292717] system 00:01: [mem 0xfed45000-0xfed8bfff] has been reserved
[    2.300098] system 00:01: [mem 0xff000000-0xffffffff] has been reserved
[    2.307479] system 00:01: [mem 0xfee00000-0xfeefffff] has been reserved
[    2.314862] system 00:01: [mem 0xfed12000-0xfed1200f] has been reserved
[    2.322243] system 00:01: [mem 0xfed12010-0xfed1201f] has been reserved
[    2.329623] system 00:01: [mem 0xfed1b000-0xfed1bfff] has been reserved
[    2.337007] system 00:01: Plug and Play ACPI device, IDs PNP0c02 (active)
[    2.337114] pnp 00:02: [dma 0 disabled]
[    2.337151] pnp 00:02: Plug and Play ACPI device, IDs PNP0501 (active)
[    2.337248] pnp 00:03: [dma 0 disabled]
[    2.337279] pnp 00:03: Plug and Play ACPI device, IDs PNP0501 (active)
[    2.337779] pnp: PnP ACPI: found 4 devices
[    2.348162] clocksource: acpi_pm: mask: 0xffffff max_cycles: 0xffffff, max_idle_ns: 2085701024 ns
[    2.358131] pci 0000:00:01.0: PCI bridge to [bus 01-02]
[    2.363963] pci 0000:00:01.0:   bridge window [io  0x6000-0x6fff]
[    2.370763] pci 0000:00:01.0:   bridge window [mem 0xc6900000-0xc6cfffff]
[    2.378339] pci 0000:00:01.0:   bridge window [mem 0x3bfffe00000-0x3bfffefffff 64bit pref]
[    2.387565] pci 0000:00:01.1: PCI bridge to [bus 03]
[    2.393108] pci 0000:00:02.0: PCI bridge to [bus 04]
[    2.398652] pci 0000:00:02.2: PCI bridge to [bus 05]
[    2.404192] pci 0000:00:02.2:   bridge window [io  0x5000-0x5fff]
[    2.410993] pci 0000:00:02.2:   bridge window [mem 0xc6d00000-0xc6efffff]
[    2.418570] pci 0000:00:03.0: PCI bridge to [bus 06-07]
[    2.424400] pci 0000:00:03.0:   bridge window [io  0x4000-0x4fff]
[    2.431201] pci 0000:00:03.0:   bridge window [mem 0xc6f00000-0xc6ffffff]
[    2.438778] pci 0000:00:03.0:   bridge window [mem 0xc7800000-0xc7efffff 64bit pref]
[    2.447420] pci 0000:00:1c.0: PCI bridge to [bus 08]
[    2.452967] pci 0000:00:1c.3: PCI bridge to [bus 09]
[    2.458508] pci 0000:00:1c.3:   bridge window [mem 0xc5000000-0xc68fffff]
[    2.466088] pci_bus 0000:00: resource 4 [io  0x0000-0x0cf7 window]
[    2.466089] pci_bus 0000:00: resource 5 [io  0x1000-0x7fff window]
[    2.466090] pci_bus 0000:00: resource 6 [mem 0x000a0000-0x000bffff window]
[    2.466090] pci_bus 0000:00: resource 7 [mem 0x90000000-0xc7ffbfff window]
[    2.466091] pci_bus 0000:00: resource 8 [mem 0x38000000000-0x3bfffffffff window]
[    2.466092] pci_bus 0000:01: resource 0 [io  0x6000-0x6fff]
[    2.466093] pci_bus 0000:01: resource 1 [mem 0xc6900000-0xc6cfffff]
[    2.466094] pci_bus 0000:01: resource 2 [mem 0x3bfffe00000-0x3bfffefffff 64bit pref]
[    2.466095] pci_bus 0000:05: resource 0 [io  0x5000-0x5fff]
[    2.466096] pci_bus 0000:05: resource 1 [mem 0xc6d00000-0xc6efffff]
[    2.466097] pci_bus 0000:06: resource 0 [io  0x4000-0x4fff]
[    2.466098] pci_bus 0000:06: resource 1 [mem 0xc6f00000-0xc6ffffff]
[    2.466099] pci_bus 0000:06: resource 2 [mem 0xc7800000-0xc7efffff 64bit pref]
[    2.466100] pci_bus 0000:09: resource 1 [mem 0xc5000000-0xc68fffff]
[    2.466199] pci 0000:80:02.0: PCI bridge to [bus 81]
[    2.471746] pci_bus 0000:80: resource 4 [io  0x8000-0xffff window]
[    2.471746] pci_bus 0000:80: resource 5 [mem 0xc8000000-0xfbffbfff window]
[    2.471747] pci_bus 0000:80: resource 6 [mem 0x3c000000000-0x3ffffffffff window]
[    2.471852] socket: NET: Registered protocol family 2
[    2.477810] page_alloc: tcp_listen_portaddr_hash hash table entries: 65536 (order: 8, 1048576 bytes)
[    2.488300] page_alloc: TCP established hash table entries: 524288 (order: 10, 4194304 bytes)
[    2.498436] page_alloc: TCP bind hash table entries: 65536 (order: 8, 1048576 bytes)
[    2.507228] tcp: Hash tables configured (established 524288 bind 65536)
[    2.514779] page_alloc: UDP hash table entries: 65536 (order: 9, 2097152 bytes)
[    2.523307] page_alloc: UDP-Lite hash table entries: 65536 (order: 9, 2097152 bytes)
[    2.532397] socket: NET: Registered protocol family 1
[    2.560153] pci 0000:00:1a.0: quirk_usb_early_handoff+0x0/0x6b0 took 21405 usecs
[    2.588138] pci 0000:00:1d.0: quirk_usb_early_handoff+0x0/0x6b0 took 19247 usecs
[    2.596406] PCI: CLS mismatch (64 != 32), using 64 bytes
[    2.596419] pci 0000:09:00.0: Video device with shadowed ROM at [mem 0x000c0000-0x000dffff]
[    2.605784] Trying to unpack rootfs image as initramfs...
[    5.086929] page_alloc: Freeing initrd memory: 168012K
[    5.092811] PCI-DMA: Using software bounce buffering for IO (SWIOTLB)
[    5.100011] software IO TLB [mem 0x751d4000-0x791d4000] (64MB) mapped at [        (ptrval)-        (ptrval)]
[    5.111392] intel_rapl_perf: API unit is 2^-32 Joules, 3 fixed counters, 655360 ms ovfl timer
[    5.120910] intel_rapl_perf: hw unit of domain pp0-core 2^-14 Joules
[    5.128003] intel_rapl_perf: hw unit of domain package 2^-14 Joules
[    5.134997] intel_rapl_perf: hw unit of domain dram 2^-16 Joules
[    5.143753] Scanning for low memory corruption every 60 seconds
[    5.151705] system_keyring: Initialise system trusted keyrings
[    5.158276] workingset: workingset: timestamp_bits=40 max_order=26 bucket_order=0
[    5.167767] zbud: loaded
[    5.171152] fuse init (API version 7.26)
[    5.175595] SGI XFS with ACLs, security attributes, realtime, debug enabled
[    5.184011] pstore: using deflate compression
[    5.189890] key: Key type asymmetric registered
[    5.194947] asymmetric_keys: Asymmetric key parser 'x509' registered
[    5.202073] Block layer SCSI generic (bsg) driver version 0.4 loaded (major 248)
[    5.210406] io scheduler noop registered
[    5.214784] io scheduler deadline registered (default)
[    5.220546] io scheduler cfq registered
[    5.224816] io scheduler mq-deadline registered (default)
[    5.230839] io scheduler kyber registered
[    5.237608] pcieport 0000:00:01.0: AER enabled with IRQ 25
[    5.243750] pcieport 0000:00:01.1: AER enabled with IRQ 26
[    5.249886] pcieport 0000:00:02.0: AER enabled with IRQ 28
[    5.256028] pcieport 0000:00:02.2: AER enabled with IRQ 29
[    5.262175] pcieport 0000:00:03.0: AER enabled with IRQ 31
[    5.268327] pcieport 0000:80:02.0: AER enabled with IRQ 35
[    5.274465] pcieport 0000:00:01.0: Signaling PME with IRQ 25
[    5.280796] pcieport 0000:00:01.1: Signaling PME with IRQ 26
[    5.287122] pcieport 0000:00:02.0: Signaling PME with IRQ 28
[    5.293447] pcieport 0000:00:02.2: Signaling PME with IRQ 29
[    5.299775] pcieport 0000:00:03.0: Signaling PME with IRQ 31
[    5.306104] pcieport 0000:00:1c.0: Signaling PME with IRQ 32
[    5.312435] pcieport 0000:00:1c.3: Signaling PME with IRQ 33
[    5.318769] pcieport 0000:80:02.0: Signaling PME with IRQ 35
[    5.325133] intel_idle: MWAIT substates: 0x2120
[    5.325134] intel_idle: v0.4.1 model 0x3F
[    5.326796] intel_idle: lapic_timer_reliable_states 0xffffffff
[    5.326803] ipmi_msghandler: ipmi message handler version 39.2
[    5.333479] ACPI: Deprecated procfs I/F for AC is loaded, please retry with CONFIG_ACPI_PROCFS_POWER cleared
[    5.344476] ACPI: AC Adapter [P111] (on-line)
[    5.349410] input_core: Power Button as /devices/LNXSYSTM:00/LNXSYBUS:00/PNP0C0C:00/input/input0
[    5.359225] ACPI: Power Button [PWRB]
[    5.363345] input_core: Power Button as /devices/LNXSYSTM:00/LNXPWRBN:00/input/input1
[    5.372117] ACPI: Power Button [PWRF]
[    5.381505] ERST: Error Record Serialization Table (ERST) support is initialized.
[    5.389962] pstore: Registered erst as persistent store backend
[    5.397057] ghes: GHES: APEI firmware first mode is enabled by APEI bit and WHEA _OSC.
[    5.406032] 8250: Serial: 8250/16550 driver, 32 ports, IRQ sharing enabled
[    5.434168] serial_core: 00:02: ttyS0 at I/O 0x3f8 (irq = 4, base_baud = 115200) is a 16550A
[    5.464104] serial_core: 00:03: ttyS1 at I/O 0x2f8 (irq = 3, base_baud = 115200) is a 16550A
[    5.474649] Linux agpgart interface v0.103
[    5.486246] brd: brd: module loaded
[    5.494088] loop: module loaded
[    5.497916] libphy: Fixed MDIO Bus: probed
[    5.502673] tun: Universal TUN/TAP device driver, 1.6
[    5.508379] ppp_generic: PPP generic driver version 2.4.2
[    5.514459] ehci_hcd: USB 2.0 'Enhanced' Host Controller (EHCI) Driver
[    5.521748] ehci_pci: ehci-pci: EHCI PCI platform driver
[    5.527857] ehci-pci 0000:00:1a.0: EHCI Host Controller
[    5.533701] ehci-pci 0000:00:1a.0: new USB bus registered, assigned bus number 1
[    5.541969] ehci-pci 0000:00:1a.0: debug port 2
[    5.550938] ehci-pci 0000:00:1a.0: cache line size of 64 is not supported
[    5.550953] ehci-pci 0000:00:1a.0: irq 18, io mem 0xc7002000
[    5.572061] ehci-pci 0000:00:1a.0: USB 2.0 started, EHCI 1.00
[    5.578517] usb usb1: New USB device found, idVendor=1d6b, idProduct=0002, bcdDevice= 4.17
[    5.587745] usb usb1: New USB device strings: Mfr=3, Product=2, SerialNumber=1
[    5.595809] usb usb1: Product: EHCI Host Controller
[    5.601245] usb usb1: Manufacturer: Linux 4.17.0 ehci_hcd
[    5.607271] usb usb1: SerialNumber: 0000:00:1a.0
[    5.612542] hub 1-0:1.0: USB hub found
[    5.616732] hub 1-0:1.0: 2 ports detected
[    5.621451] ehci-pci 0000:00:1d.0: EHCI Host Controller
[    5.627290] ehci-pci 0000:00:1d.0: new USB bus registered, assigned bus number 2
[    5.635557] ehci-pci 0000:00:1d.0: debug port 2
[    5.644503] ehci-pci 0000:00:1d.0: cache line size of 64 is not supported
[    5.644510] ehci-pci 0000:00:1d.0: irq 18, io mem 0xc7001000
[    5.664059] ehci-pci 0000:00:1d.0: USB 2.0 started, EHCI 1.00
[    5.670512] usb usb2: New USB device found, idVendor=1d6b, idProduct=0002, bcdDevice= 4.17
[    5.679740] usb usb2: New USB device strings: Mfr=3, Product=2, SerialNumber=1
[    5.687802] usb usb2: Product: EHCI Host Controller
[    5.693247] usb usb2: Manufacturer: Linux 4.17.0 ehci_hcd
[    5.699273] usb usb2: SerialNumber: 0000:00:1d.0
[    5.704532] hub 2-0:1.0: USB hub found
[    5.708720] hub 2-0:1.0: 2 ports detected
[    5.713338] ehci_platform: ehci-platform: EHCI generic platform driver
[    5.720637] ohci_hcd: USB 1.1 'Open' Host Controller (OHCI) Driver
[    5.727542] ohci_pci: ohci-pci: OHCI PCI platform driver
[    5.733485] ohci_platform: ohci-platform: OHCI generic platform driver
[    5.740780] uhci_hcd: USB Universal Host Controller Interface driver
[    5.747937] i8042: PNP: No PS/2 controller found.
[    5.753270] mousedev: PS/2 mouse device common for all mice
[    5.759601] rtc_cmos 00:00: RTC can wake from S4
[    5.764894] rtc_cmos 00:00: registered as rtc0
[    5.769870] rtc_cmos 00:00: alarms up to one month, y3k, 114 bytes nvram, hpet irqs
[    5.778451] dm_mod: device-mapper: uevent: version 1.0.3
[    5.784462] dm_mod: device-mapper: ioctl: 4.39.0-ioctl (2018-04-03) initialised: dm-devel@redhat.com
[    5.794666] intel_pstate: Intel P-state driver initializing
[    5.805854] ledtrig_cpu: ledtrig-cpu: registered to indicate activity on CPUs
[    5.814103] socket: NET: Registered protocol family 10
[    5.820168] ipv6: Segment Routing with IPv6
[    5.824852] socket: NET: Registered protocol family 17
[    5.830591] key: Key type dns_resolver registered
[    5.839191] microcode: sig=0x306f2, pf=0x1, revision=0x3a
[    5.846124] microcode: Microcode Update Driver: v2.2.
[    5.846133] sched_clock: Marking stable (5846120463, 0)->(6130218662, -284098199)
[    5.860518] taskstats: registered taskstats version 1
[    5.866159] system_keyring: Loading compiled-in X.509 certificates
[    5.875429] system_keyring: Loaded X.509 cert 'Build time autogenerated kernel key: a85f92fc9e42360718088a26c87bd4874b11e307'
[    5.888102] zswap: loaded using pool lzo/zbud
[    5.893442] btrfs: Btrfs loaded, crc32c=crc32c-intel, debug=on
[    5.902698] key: Key type big_key registered
[    5.908728] key: Key type trusted registered
[    5.914823] key: Key type encrypted registered
[    5.919784] AppArmor: AppArmor sha1 policy hashing enabled
[    5.925911] ima: No TPM chip found, activating TPM-bypass! (rc=-19)
[    5.932910] ima: Allocated hash algorithm: sha1
[    5.937982] evm: HMAC attrs: 0x1
[    5.942178] trace:   Magic number: 15:414:815
[    5.947207] acpi device:a4: hash matches
[    5.951760] rtc_cmos 00:00: setting system clock to 2019-08-04 03:49:20 UTC (1564890560)
[    5.956036] usb 1-1: new high-speed USB device number 2 using ehci-pci
[    5.969779] page_alloc: Freeing unused kernel memory: 1816K
[    6.000060] Write protecting the kernel read-only data: 22528k
[    6.007516] page_alloc: Freeing unused kernel memory: 2004K
[    6.017573] page_alloc: Freeing unused kernel memory: 1864K
[    6.033556] systemd-udevd[395]: starting version 204
[    6.056045] usb 2-1: new high-speed USB device number 2 using ehci-pci
[    6.079227] dca: dca service started, version 1.12.1
[    6.090123] ahci 0000:00:11.4: version 3.0
[    6.090554] ahci 0000:00:11.4: AHCI 0001.0300 32 slots 4 ports 6 Gbps 0xf impl SATA mode
[    6.099599] ahci 0000:00:11.4: flags: 64bit ncq pm led clo pio slum part ems apst 
[    6.108630] mpt3sas: mpt3sas version 17.100.00.00 loaded
[    6.114831] mpt3sas: mpt3sas_cm0: 64 BIT PCI BUS DMA ADDRESSING SUPPORTED, total mem (161398680 kB)
[    6.114903] igb: Intel(R) Gigabit Ethernet Network Driver - version 5.4.0-k
[    6.124314] usb 1-1: New USB device found, idVendor=8087, idProduct=800a, bcdDevice= 0.05
[    6.124315] usb 1-1: New USB device strings: Mfr=0, Product=0, SerialNumber=0
[    6.124455] hub 1-1:1.0: USB hub found
[    6.124560] hub 1-1:1.0: 6 ports detected
[    6.152398] scsi host1: ahci
[    6.153987] igb: Copyright (c) 2007-2014 Intel Corporation.
[    6.158585] scsi host2: ahci
[    6.171451] ixgbe: Intel(R) 10 Gigabit PCI Express Network Driver - version 5.1.0-k
[    6.171622] igb 0000:01:00.0: PHY reset is blocked due to SOL/IDER session.
[    6.172038] tsc: Refined TSC clocksource calibration: 2593.749 MHz
[    6.172054] clocksource: tsc: mask: 0xffffffffffffffff max_cycles: 0x25632b1b102, max_idle_ns: 440795335950 ns
[    6.180000] ixgbe: Copyright (c) 1999-2016 Intel Corporation.
[    6.212267] clocksource: Switched to clocksource tsc
[    6.212317] scsi host3: ahci
[    6.221374] scsi host4: ahci
[    6.243793] ata1: SATA max UDMA/133 abar m2048@0xc7004000 port 0xc7004100 irq 36
[    6.244437] usb 2-1: New USB device found, idVendor=8087, idProduct=8002, bcdDevice= 0.05
[    6.252054] ata2: SATA max UDMA/133 abar m2048@0xc7004000 port 0xc7004180 irq 36
[    6.252055] ata3: SATA max UDMA/133 abar m2048@0xc7004000 port 0xc7004200 irq 36
[    6.252057] ata4: SATA max UDMA/133 abar m2048@0xc7004000 port 0xc7004280 irq 36
[    6.261185] usb 2-1: New USB device strings: Mfr=0, Product=0, SerialNumber=0
[    6.269752] hub 2-1:1.0: USB hub found
[    6.298208] hub 2-1:1.0: 8 ports detected
[    6.307556] ahci 0000:00:1f.2: AHCI 0001.0300 32 slots 6 ports 6 Gbps 0x3f impl SATA mode
[    6.316689] ahci 0000:00:1f.2: flags: 64bit ncq pm led clo pio slum part ems apst 
[    6.327540] igb 0000:01:00.0: added PHC on eth0
[    6.332598] igb 0000:01:00.0: Intel(R) Gigabit Ethernet Network Connection
[    6.340274] igb 0000:01:00.0: eth0: (PCIe:5.0Gb/s:Width x4) 70:e4:22:83:d4:0a
[    6.348331] igb 0000:01:00.0: eth0: PBA No: FFFFFF-0FF
[    6.354066] igb 0000:01:00.0: Using MSI-X interrupts. 8 rx queue(s), 8 tx queue(s)
[    6.362976] igb 0000:01:00.1: PHY reset is blocked due to SOL/IDER session.
[    6.378150] mpt3sas: mpt3sas_cm0: CurrentHostPageSize is 0: Setting default host page size to 4k
[    6.387980] mpt3sas_cm0: MSI-X vectors supported: 96, no of cores: 40, max_msix_vectors: -1
[    6.421840] mpt3sas: mpt3sas0-msix0: PCI-MSI-X enabled: IRQ 58
[    6.428352] mpt3sas: mpt3sas0-msix1: PCI-MSI-X enabled: IRQ 59
[    6.434863] mpt3sas: mpt3sas0-msix2: PCI-MSI-X enabled: IRQ 60
[    6.441373] mpt3sas: mpt3sas0-msix3: PCI-MSI-X enabled: IRQ 61
[    6.447882] mpt3sas: mpt3sas0-msix4: PCI-MSI-X enabled: IRQ 62
[    6.454394] mpt3sas: mpt3sas0-msix5: PCI-MSI-X enabled: IRQ 63
[    6.460905] mpt3sas: mpt3sas0-msix6: PCI-MSI-X enabled: IRQ 64
[    6.467415] mpt3sas: mpt3sas0-msix7: PCI-MSI-X enabled: IRQ 65
[    6.473926] mpt3sas: mpt3sas0-msix8: PCI-MSI-X enabled: IRQ 66
[    6.480436] mpt3sas: mpt3sas0-msix9: PCI-MSI-X enabled: IRQ 67
[    6.486948] mpt3sas: mpt3sas0-msix10: PCI-MSI-X enabled: IRQ 68
[    6.493556] mpt3sas: mpt3sas0-msix11: PCI-MSI-X enabled: IRQ 69
[    6.500164] mpt3sas: mpt3sas0-msix12: PCI-MSI-X enabled: IRQ 70
[    6.506772] mpt3sas: mpt3sas0-msix13: PCI-MSI-X enabled: IRQ 71
[    6.513380] mpt3sas: mpt3sas0-msix14: PCI-MSI-X enabled: IRQ 74
[    6.519988] mpt3sas: mpt3sas0-msix15: PCI-MSI-X enabled: IRQ 75
[    6.526594] mpt3sas: mpt3sas0-msix16: PCI-MSI-X enabled: IRQ 76
[    6.533200] mpt3sas: mpt3sas0-msix17: PCI-MSI-X enabled: IRQ 77
[    6.539807] mpt3sas: mpt3sas0-msix18: PCI-MSI-X enabled: IRQ 78
[    6.546414] mpt3sas: mpt3sas0-msix19: PCI-MSI-X enabled: IRQ 79
[    6.553020] mpt3sas: mpt3sas0-msix20: PCI-MSI-X enabled: IRQ 80
[    6.559626] mpt3sas: mpt3sas0-msix21: PCI-MSI-X enabled: IRQ 81
[    6.566230] mpt3sas: mpt3sas0-msix22: PCI-MSI-X enabled: IRQ 82
[    6.572835] mpt3sas: mpt3sas0-msix23: PCI-MSI-X enabled: IRQ 83
[    6.579440] mpt3sas: mpt3sas0-msix24: PCI-MSI-X enabled: IRQ 84
[    6.586056] mpt3sas: mpt3sas0-msix25: PCI-MSI-X enabled: IRQ 85
[    6.590617] ata1: SATA link down (SStatus 0 SControl 300)
[    6.592662] mpt3sas: mpt3sas0-msix26: PCI-MSI-X enabled: IRQ 86
[    6.592662] mpt3sas: mpt3sas0-msix27: PCI-MSI-X enabled: IRQ 87
[    6.592663] mpt3sas: mpt3sas0-msix28: PCI-MSI-X enabled: IRQ 88
[    6.592663] mpt3sas: mpt3sas0-msix29: PCI-MSI-X enabled: IRQ 89
[    6.592663] mpt3sas: mpt3sas0-msix30: PCI-MSI-X enabled: IRQ 90
[    6.592664] mpt3sas: mpt3sas0-msix31: PCI-MSI-X enabled: IRQ 91
[    6.592664] mpt3sas: mpt3sas0-msix32: PCI-MSI-X enabled: IRQ 92
[    6.592664] mpt3sas: mpt3sas0-msix33: PCI-MSI-X enabled: IRQ 93
[    6.592665] mpt3sas: mpt3sas0-msix34: PCI-MSI-X enabled: IRQ 94
[    6.592665] mpt3sas: mpt3sas0-msix35: PCI-MSI-X enabled: IRQ 95
[    6.592665] mpt3sas: mpt3sas0-msix36: PCI-MSI-X enabled: IRQ 96
[    6.592666] mpt3sas: mpt3sas0-msix37: PCI-MSI-X enabled: IRQ 97
[    6.592666] mpt3sas: mpt3sas0-msix38: PCI-MSI-X enabled: IRQ 98
[    6.592668] mpt3sas: mpt3sas0-msix39: PCI-MSI-X enabled: IRQ 99
[    6.598733] ata2: SATA link down (SStatus 0 SControl 300)
[    6.605311] mpt3sas: mpt3sas_cm0: iomem(0x00000000c6e40000), mapped(0x        (ptrval)), size(65536)
[    6.605311] mpt3sas: mpt3sas_cm0: ioport(0x0000000000005000), size(256)
[    6.615654] scsi host5: ahci
[    6.618561] usb 2-1.4: new high-speed USB device number 3 using ehci-pci
[    6.618576] ata4: SATA link down (SStatus 0 SControl 300)
[    6.618605] ata3: SATA link down (SStatus 0 SControl 300)
[    6.625491] ixgbe 0000:06:00.0: Multiqueue Enabled: Rx Queue count = 40, Tx Queue count = 40 XDP Queue count = 0
[    6.736313] usb 2-1.4: New USB device found, idVendor=0424, idProduct=2512, bcdDevice= b.b3
[    6.737823] ixgbe 0000:06:00.0: PCI Express bandwidth of 32GT/s available
[    6.748902] usb 2-1.4: New USB device strings: Mfr=0, Product=0, SerialNumber=0
[    6.758221] ixgbe 0000:06:00.0: (Speed:5.0GT/s, Width: x8, Encoding Loss:20%)
[    6.765986] hub 2-1.4:1.0: USB hub found
[    6.774278] ixgbe 0000:06:00.0: MAC: 2, PHY: 14, SFP+: 3, PBA No: E68793-000
[    6.782086] hub 2-1.4:1.0: 2 ports detected
[    6.786324] ixgbe 0000:06:00.0: 90:e2:ba:b3:b9:90
[    6.786757] scsi host6: ahci
[    6.808783] ixgbe 0000:06:00.0: Intel(R) 10 Gigabit Network Connection
[    6.816117] igb 0000:01:00.1: added PHC on eth2
[    6.821183] igb 0000:01:00.1: Intel(R) Gigabit Ethernet Network Connection
[    6.828858] igb 0000:01:00.1: eth2: (PCIe:5.0Gb/s:Width x4) 70:e4:22:83:d4:0b
[    6.836896] igb 0000:01:00.1: eth2: PBA No: FFFFFF-0FF
[    6.842631] igb 0000:01:00.1: Using MSI-X interrupts. 8 rx queue(s), 8 tx queue(s)
[    6.851237] scsi host7: ahci
[    6.854581] scsi host8: ahci
[    6.857929] scsi host9: ahci
[    6.861355] scsi host10: ahci
[    6.874273] ata5: SATA max UDMA/133 abar m2048@0xc7000000 port 0xc7000100 irq 47
[    6.882531] ata6: SATA max UDMA/133 abar m2048@0xc7000000 port 0xc7000180 irq 47
[    6.884037] usb 2-1.6: new full-speed USB device number 4 using ehci-pci
[    6.890787] ata7: SATA max UDMA/133 abar m2048@0xc7000000 port 0xc7000200 irq 47
[    6.890791] ata8: SATA max UDMA/133 abar m2048@0xc7000000 port 0xc7000280 irq 47
[    6.914799] ata9: SATA max UDMA/133 abar m2048@0xc7000000 port 0xc7000300 irq 47
[    6.923054] ata10: SATA max UDMA/133 abar m2048@0xc7000000 port 0xc7000380 irq 47
[    6.983116] mpt3sas: mpt3sas_cm0: CurrentHostPageSize is 0: Setting default host page size to 4k
[    6.992926] mpt3sas: mpt3sas_cm0: sending message unit reset !!
[    7.002312] mpt3sas: mpt3sas_cm0: message unit reset: SUCCESS
[    7.006813] usb 2-1.6: New USB device found, idVendor=0624, idProduct=0402, bcdDevice= 0.00
[    7.018061] usb 2-1.6: New USB device strings: Mfr=1, Product=2, SerialNumber=3
[    7.026232] usb 2-1.6: Product: Cisco USB Composite Device-0
[    7.032547] usb 2-1.6: Manufacturer: Avocent
[    7.037312] usb 2-1.6: SerialNumber: 20111102-00000001
[    7.051413] hidraw: raw HID events driver (C) Jiri Kosina
[    7.064545] usbcore: usbcore: registered new interface driver usbhid
[    7.071634] usbhid: usbhid: USB HID core driver
[    7.079059] input_core: Avocent Cisco USB Composite Device-0 as /devices/pci0000:00/0000:00:1d.0/usb2/2-1/2-1.6/2-1.6:1.0/0003:0624:0402.0001/input/input2
[    7.091949] mpt3sas: mpt3sas_cm0: Allocated physical memory: size(22593 kB)
[    7.102272] mpt3sas: mpt3sas_cm0: Current Controller Queue Depth(10104),Max Controller Queue Depth(10240)
[    7.112962] mpt3sas: mpt3sas_cm0: Scatter Gather Elements per IO(128)
[    7.120607] ixgbe 0000:06:00.1: Multiqueue Enabled: Rx Queue count = 40, Tx Queue count = 40 XDP Queue count = 0
[    7.132246] ixgbe 0000:06:00.1: PCI Express bandwidth of 32GT/s available
[    7.139824] ixgbe 0000:06:00.1: (Speed:5.0GT/s, Width: x8, Encoding Loss:20%)
[    7.148106] ixgbe 0000:06:00.1: MAC: 2, PHY: 14, SFP+: 4, PBA No: E68793-000
[    7.155971] ixgbe 0000:06:00.1: 90:e2:ba:b3:b9:91
[    7.156175] hid-generic 0003:0624:0402.0001: input,hidraw0: USB HID v1.00 Keyboard [Avocent Cisco USB Composite Device-0] on usb-0000:00:1d.0-1.6/input0
[    7.164127] ixgbe 0000:06:00.1: Intel(R) 10 Gigabit Network Connection
[    7.176601] input_core: Avocent Cisco USB Composite Device-0 as /devices/pci0000:00/0000:00:1d.0/usb2/2-1/2-1.6/2-1.6:1.1/0003:0624:0402.0002/input/input3
[    7.199333] hid-generic 0003:0624:0402.0002: input,hidraw1: USB HID v1.00 Mouse [Avocent Cisco USB Composite Device-0] on usb-0000:00:1d.0-1.6/input1
[    7.214446] input_core: Avocent Cisco USB Composite Device-0 as /devices/pci0000:00/0000:00:1d.0/usb2/2-1/2-1.6/2-1.6:1.2/0003:0624:0402.0003/input/input4
[    7.225818] mpt3sas: mpt3sas_cm0: LSISAS3108: FWVersion(11.65.06.00), ChipRevision(0x02), BiosVersion(08.27.03.00)
[    7.229997] hid-generic 0003:0624:0402.0003: input,hidraw2: USB HID v1.00 Mouse [Avocent Cisco USB Composite Device-0] on usb-0000:00:1d.0-1.6/input2
[    7.241448] mpt3sas: mpt3sas_cm0: Protocol=(
[    7.246944] ata5: SATA link down (SStatus 0 SControl 300)
[    7.251349] ata7: SATA link down (SStatus 0 SControl 300)
[    7.251568] ata9: SATA link down (SStatus 0 SControl 300)
[    7.251716] ata10: SATA link down (SStatus 0 SControl 300)
[    7.251741] ata6: SATA link down (SStatus 0 SControl 300)
[    7.251790] ata8: SATA link down (SStatus 0 SControl 300)
[    7.297423] mpt3sas: Initiator
[    7.297424] mpt3sas: ,Target
[    7.300830] mpt3sas: ), 
[    7.304044] mpt3sas: Capabilities=(
[    7.306866] mpt3sas: TLR
[    7.310758] mpt3sas: ,EEDP
[    7.313582] mpt3sas: ,Snapshot Buffer
[    7.316599] mpt3sas: ,Diag Trace Buffer
[    7.320683] mpt3sas: ,Task Set Full
[    7.324963] mpt3sas: ,NCQ
[    7.328856] mpt3sas: )
[    7.334436] scsi host0: Fusion MPT SAS Host
[    7.339247] ******blk_init_rl***** blk_init_rl:914 
[    7.344803] mpt3sas: mpt3sas_cm0: sending port enable !!
[    7.351869] mpt3sas: mpt3sas_cm0: host_add: handle(0x0001), sas_addr(0x578da6e715bfe0a0), phys(8)
[    7.362080] random: random: fast init done
[    7.368037] mpt3sas: mpt3sas_cm0: port enable: SUCCESS
[    7.373942] ******blk_init_rl***** blk_init_rl:914 
[    7.379495] ******blk_init_rl***** blk_init_rl:914 
[    7.385156] scsi 0:0:0:0: Direct-Access     HGST     HUC101212CSS600  A469 PQ: 0 ANSI: 6
[    7.394194] scsi 0:0:0:0: SSP: handle(0x0009), sas_addr(0x5000cca0729d0b55), phy(0), device_name(0x5000cca0729d0b57)
[    7.405940] scsi 0:0:0:0: enclosure logical id (0x578da6e715bfe0a0), slot(1) 
[    7.413903] scsi 0:0:0:0: enclosure level(0x0000), connector name(     )
[    7.422026] ******blk_init_rl***** blk_init_rl:914 
[    7.427612] ******blk_init_rl***** blk_init_rl:914 
[    7.433248] scsi 0:0:1:0: Direct-Access     HGST     HUC101212CSS600  A469 PQ: 0 ANSI: 6
[    7.442281] scsi 0:0:1:0: SSP: handle(0x000b), sas_addr(0x5000cca0729d3301), phy(1), device_name(0x5000cca0729d3303)
[    7.454027] scsi 0:0:1:0: enclosure logical id (0x578da6e715bfe0a0), slot(2) 
[    7.461989] scsi 0:0:1:0: enclosure level(0x0000), connector name(     )
[    7.470115] ******blk_init_rl***** blk_init_rl:914 
[    7.475671] ******blk_init_rl***** blk_init_rl:914 
[    7.481498] scsi 0:0:2:0: Direct-Access     ATA      INTEL SSDSC2BB48 0374 PQ: 0 ANSI: 6
[    7.490531] scsi 0:0:2:0: SATA: handle(0x000a), sas_addr(0x4433221102000000), phy(2), device_name(0x55cd2e404c5f52fd)
[    7.502374] scsi 0:0:2:0: enclosure logical id (0x578da6e715bfe0a0), slot(3) 
[    7.510338] scsi 0:0:2:0: enclosure level(0x0000), connector name(     )
[    7.517854] scsi 0:0:2:0: atapi(n), ncq(y), asyn_notify(n), smart(y), fua(y), sw_preserve(y)
[    7.528139] sd 0:0:0:0: Attached scsi generic sg0 type 0
[    7.528510] sd 0:0:0:0: [sda] 2344225968 512-byte logical blocks: (1.20 TB/1.09 TiB)
[    7.534242] sd 0:0:1:0: Attached scsi generic sg1 type 0
[    7.534660] sd 0:0:1:0: [sdb] 2344225968 512-byte logical blocks: (1.20 TB/1.09 TiB)
[    7.534889] sd 0:0:1:0: [sdb] Write Protect is off
[    7.534893] sd 0:0:1:0: [sdb] Mode Sense: f7 00 10 08
[    7.535219] sd 0:0:1:0: [sdb] Write cache: enabled, read cache: enabled, supports DPO and FUA
[    7.542949] sd 0:0:0:0: [sda] Write Protect is off
[    7.546128] sd 0:0:1:0: [sdb] Attached SCSI disk
[    7.548809] sd 0:0:2:0: Attached scsi generic sg2 type 0
[    7.549981] sd 0:0:2:0: [sdc] 937703088 512-byte logical blocks: (480 GB/447 GiB)
[    7.549985] sd 0:0:2:0: [sdc] 4096-byte physical blocks
[    7.550495] sd 0:0:2:0: [sdc] Write Protect is off
[    7.550498] sd 0:0:2:0: [sdc] Mode Sense: 9b 00 10 08
[    7.550821] sd 0:0:2:0: [sdc] Write cache: enabled, read cache: enabled, supports DPO and FUA
[    7.553733]  sdc: sdc1
[    7.556740] sd 0:0:2:0: [sdc] Attached SCSI disk
[    7.557293] sd 0:0:0:0: [sda] Mode Sense: f7 00 10 08
[    7.557595] sd 0:0:0:0: [sda] Write cache: enabled, read cache: enabled, supports DPO and FUA
[    7.652764]  sda: sda1 sda2 sda3 sda4
[    7.681205] sd 0:0:0:0: [sda] Attached SCSI disk
[   12.812898] EXT4-fs (sda1): mounting ext3 file system using the ext4 subsystem
[   12.834101] EXT4-fs (sda1): mounted filesystem with ordered data mode. Opts: (null)
[   13.465335] random: init: uninitialized urandom read (12 bytes read)
[   13.804231] init: ureadahead main process (568) terminated with status 5
[   13.999378] random: mountall: uninitialized urandom read (12 bytes read)
[   14.207893] swapfile: Adding 3145724k swap on /dev/sda3.  Priority:-2 extents:1 across:3145724k FS
[   14.520986] random: lsb_release: uninitialized urandom read (24 bytes read)
[   14.542284] systemd-udevd[691]: starting version 204
[   15.009320] lp: driver loaded but no devices found
[   15.206563] power_meter ACPI000D:00: Found ACPI power meter.
[   15.206575] power_meter ACPI000D:00: Ignoring unsafe software power cap!
[   15.214069] power_meter ACPI000D:00: hwmon_device_register() is deprecated. Please convert the driver to use hwmon_device_register_with_info().
[   15.319539] ipmi_si: IPMI System Interface driver.
[   15.319552] ipmi_si dmi-ipmi-si.0: ipmi_platform: probing via SMBIOS
[   15.319554] ipmi_si: ipmi_si: SMBIOS: io 0xca2 regsize 1 spacing 1 irq 0
[   15.319554] ipmi_si: ipmi_si: Adding SMBIOS-specified kcs state machine
[   15.319577] ipmi_si IPI0001:00: ipmi_platform: probing via ACPI
[   15.319597] ipmi_si IPI0001:00: [io  0x0ca2] regsize 1 spacing 1 irq 0
[   15.319598] ipmi_si dmi-ipmi-si.0: Removing SMBIOS-specified kcs state machine in favor of ACPI
[   15.320201] power_meter ACPI000D:01: Found ACPI power meter.
[   15.320215] power_meter ACPI000D:01: Ignoring unsafe software power cap!
[   15.327720] power_meter ACPI000D:01: hwmon_device_register() is deprecated. Please convert the driver to use hwmon_device_register_with_info().
[   15.327732] EXT4-fs (sda1): re-mounted. Opts: errors=remount-ro
[   15.344040] ipmi_si: ipmi_si: Adding ACPI-specified kcs state machine
[   15.344102] ipmi_si: ipmi_si: Trying ACPI-specified kcs state machine at i/o address 0xca2, slave address 0x20, irq 0
[   15.402949] mei_me 0000:00:16.0: Device doesn't have valid ME Interface
[   15.486223] cryptd: cryptd: max_cpu_qlen set to 1000
[   15.500172] random: random: crng init done
[   15.654211] aesni_intel: AVX2 version of gcm_enc/dec engaged.
[   15.654213] aesni_intel: AES CTR mode by8 optimization enabled
[   15.670609] ipmi_si IPI0001:00: Found new BMC (man_id: 0x00168b, prod_id: 0x0015, dev_id: 0x20)
[   15.684640] ipmi_si IPI0001:00: IPMI kcs interface initialized
[   15.805454] EXT4-fs (sdc1): mounted filesystem with ordered data mode. Opts: (null)
[   16.488679] FS-Cache: Loaded
[   16.794206] EDAC sbridge: Seeking for: PCI ID 8086:2fa0
[   16.794214] EDAC sbridge: Seeking for: PCI ID 8086:2fa0
[   16.794220] EDAC sbridge: Seeking for: PCI ID 8086:2fa0
[   16.794226] EDAC sbridge: Seeking for: PCI ID 8086:2f60
[   16.794228] EDAC sbridge: Seeking for: PCI ID 8086:2f60
[   16.794232] EDAC sbridge: Seeking for: PCI ID 8086:2f60
[   16.794234] EDAC sbridge: Seeking for: PCI ID 8086:2fa8
[   16.794237] EDAC sbridge: Seeking for: PCI ID 8086:2fa8
[   16.794240] EDAC sbridge: Seeking for: PCI ID 8086:2fa8
[   16.794242] EDAC sbridge: Seeking for: PCI ID 8086:2f71
[   16.794245] EDAC sbridge: Seeking for: PCI ID 8086:2f71
[   16.794248] EDAC sbridge: Seeking for: PCI ID 8086:2f71
[   16.794250] EDAC sbridge: Seeking for: PCI ID 8086:2faa
[   16.794253] EDAC sbridge: Seeking for: PCI ID 8086:2faa
[   16.794256] EDAC sbridge: Seeking for: PCI ID 8086:2faa
[   16.794258] EDAC sbridge: Seeking for: PCI ID 8086:2fab
[   16.794261] EDAC sbridge: Seeking for: PCI ID 8086:2fab
[   16.794264] EDAC sbridge: Seeking for: PCI ID 8086:2fab
[   16.794266] EDAC sbridge: Seeking for: PCI ID 8086:2fac
[   16.794271] EDAC sbridge: Seeking for: PCI ID 8086:2fad
[   16.794276] EDAC sbridge: Seeking for: PCI ID 8086:2f68
[   16.794279] EDAC sbridge: Seeking for: PCI ID 8086:2f68
[   16.794282] EDAC sbridge: Seeking for: PCI ID 8086:2f68
[   16.794284] EDAC sbridge: Seeking for: PCI ID 8086:2f79
[   16.794287] EDAC sbridge: Seeking for: PCI ID 8086:2f79
[   16.794290] EDAC sbridge: Seeking for: PCI ID 8086:2f79
[   16.794292] EDAC sbridge: Seeking for: PCI ID 8086:2f6a
[   16.794295] EDAC sbridge: Seeking for: PCI ID 8086:2f6a
[   16.794298] EDAC sbridge: Seeking for: PCI ID 8086:2f6a
[   16.794300] EDAC sbridge: Seeking for: PCI ID 8086:2f6b
[   16.794303] EDAC sbridge: Seeking for: PCI ID 8086:2f6b
[   16.794306] EDAC sbridge: Seeking for: PCI ID 8086:2f6b
[   16.794308] EDAC sbridge: Seeking for: PCI ID 8086:2f6c
[   16.794313] EDAC sbridge: Seeking for: PCI ID 8086:2f6d
[   16.794317] EDAC sbridge: Seeking for: PCI ID 8086:2ffc
[   16.794320] EDAC sbridge: Seeking for: PCI ID 8086:2ffc
[   16.794323] EDAC sbridge: Seeking for: PCI ID 8086:2ffc
[   16.794325] EDAC sbridge: Seeking for: PCI ID 8086:2ffd
[   16.794327] EDAC sbridge: Seeking for: PCI ID 8086:2ffd
[   16.794331] EDAC sbridge: Seeking for: PCI ID 8086:2ffd
[   16.794333] EDAC sbridge: Seeking for: PCI ID 8086:2fbd
[   16.794336] EDAC sbridge: Seeking for: PCI ID 8086:2fbd
[   16.794339] EDAC sbridge: Seeking for: PCI ID 8086:2fbd
[   16.794341] EDAC sbridge: Seeking for: PCI ID 8086:2fbf
[   16.794344] EDAC sbridge: Seeking for: PCI ID 8086:2fbf
[   16.794347] EDAC sbridge: Seeking for: PCI ID 8086:2fbf
[   16.794349] EDAC sbridge: Seeking for: PCI ID 8086:2fb9
[   16.794352] EDAC sbridge: Seeking for: PCI ID 8086:2fb9
[   16.794356] EDAC sbridge: Seeking for: PCI ID 8086:2fb9
[   16.794357] EDAC sbridge: Seeking for: PCI ID 8086:2fbb
[   16.794360] EDAC sbridge: Seeking for: PCI ID 8086:2fbb
[   16.794363] EDAC sbridge: Seeking for: PCI ID 8086:2fbb
[   16.794501] EDAC MC0: Giving out device to module sb_edac controller Haswell SrcID#1_Ha#0: DEV 0000:ff:12.0 (INTERRUPT)
[   16.794644] EDAC MC1: Giving out device to module sb_edac controller Haswell SrcID#0_Ha#0: DEV 0000:7f:12.0 (INTERRUPT)
[   16.794815] EDAC MC2: Giving out device to module sb_edac controller Haswell SrcID#1_Ha#1: DEV 0000:ff:12.4 (INTERRUPT)
[   16.795135] EDAC MC3: Giving out device to module sb_edac controller Haswell SrcID#0_Ha#1: DEV 0000:7f:12.4 (INTERRUPT)
[   16.795136] EDAC sbridge:  Ver: 1.1.2 
[   16.986075] intel_rapl: Found RAPL domain package
[   16.986079] intel_rapl: Found RAPL domain dram
[   16.986081] intel_rapl: DRAM domain energy unit 15300pj
[   16.986281] intel_rapl: Found RAPL domain package
[   16.986285] intel_rapl: Found RAPL domain dram
[   16.986287] intel_rapl: DRAM domain energy unit 15300pj
[   17.307693] RPC: Registered named UNIX socket transport module.
[   17.307694] RPC: Registered udp transport module.
[   17.307694] RPC: Registered tcp transport module.
[   17.307694] RPC: Registered tcp NFSv4.1 backchannel transport module.
[   17.373830] ixgbe 0000:06:00.1: registered PHC device on eth3
[   17.481290] ipv6: ADDRCONF(NETDEV_UP): eth3: link is not ready
[   17.544377] ixgbe 0000:06:00.1 eth3: detected SFP+: 4
[   17.669666] ipv6: ADDRCONF(NETDEV_UP): eth2: link is not ready
[   17.844159] ixgbe 0000:06:00.0: registered PHC device on eth1
[   17.953268] ipv6: ADDRCONF(NETDEV_UP): eth1: link is not ready
[   18.024064] ixgbe 0000:06:00.0 eth1: detected SFP+: 3
[   18.041656] igb 0000:01:00.0 eth0: igb: eth0 NIC Link is Up 1000 Mbps Full Duplex, Flow Control: RX
[   18.041957] ipv6: ADDRCONF(NETDEV_UP): eth0: link is not ready
[   18.041962] ipv6: ADDRCONF(NETDEV_CHANGE): eth0: link becomes ready
[   18.273889] FS-Cache: Netfs 'nfs' registered for caching
[   18.805799] Installing knfsd (copyright (C) 1996 okir@monad.swb.de).
[   19.353009] systemd-journald[1187]: Failed to resolve 'systemd-journal' group: No such process
[   19.627760] ixgbe 0000:06:00.0: removed PHC on eth1
[   19.738060] ixgbe 0000:06:00.1: removed PHC on eth3
[   19.971127] audit: type=1400 audit(1564890574.514:2): apparmor="STATUS" operation="profile_load" profile="unconfined" name="/sbin/dhclient" pid=1291 comm="apparmor_parser"
[   19.971132] audit: type=1400 audit(1564890574.514:3): apparmor="STATUS" operation="profile_load" profile="unconfined" name="/usr/lib/NetworkManager/nm-dhcp-client.action" pid=1291 comm="apparmor_parser"
[   19.971133] audit: type=1400 audit(1564890574.514:4): apparmor="STATUS" operation="profile_load" profile="unconfined" name="/usr/lib/connman/scripts/dhclient-script" pid=1291 comm="apparmor_parser"
[   20.009236] audit: type=1400 audit(1564890574.554:5): apparmor="STATUS" operation="profile_load" profile="unconfined" name="/usr/sbin/ntpd" pid=1293 comm="apparmor_parser"
[   20.681040] init: failsafe main process (1391) killed by TERM signal
[   20.733575] init: Failed to obtain startpar-bridge instance: Unknown parameter: INSTANCE
[   20.870941] audit: type=1400 audit(1564890575.414:6): apparmor="STATUS" operation="profile_replace" info="same as current profile, skipping" profile="unconfined" name="/usr/sbin/ntpd" pid=1528 comm="apparmor_parser"
[   20.871288] audit: type=1400 audit(1564890575.414:7): apparmor="STATUS" operation="profile_replace" info="same as current profile, skipping" profile="unconfined" name="/sbin/dhclient" pid=1526 comm="apparmor_parser"
[   20.871291] audit: type=1400 audit(1564890575.414:8): apparmor="STATUS" operation="profile_replace" info="same as current profile, skipping" profile="unconfined" name="/usr/lib/NetworkManager/nm-dhcp-client.action" pid=1526 comm="apparmor_parser"
