ENABLE_FILE_STATS in con
ENABLE_FILE_STATS in con
Command terminated by signal 9
	Command being timed: "./db_bench --db=/users/kannan11/ssd/sudarsun/prefetching/appbench/apps/rocksdb/DATA --value_size=4096 --wal_dir=/users/kannan11/ssd/sudarsun/prefetching/appbench/apps/rocksdb/DATA/WAL_LOG --sync=0 --key_size=1000 --write_buffer_size=67108864 --num=1000000 --benchmarks=overwrite --use_existing_db=1 --mmap_read=0 --threads=16"
	User time (seconds): 0.02
	System time (seconds): 0.27
	Percent of CPU this job got: 424%
	Elapsed (wall clock) time (h:mm:ss or m:ss): 0:00.07
	Average shared text size (kbytes): 0
	Average unshared data size (kbytes): 0
	Average stack size (kbytes): 0
	Average total size (kbytes): 0
	Maximum resident set size (kbytes): 69508
	Average resident set size (kbytes): 0
	Major (requiring I/O) page faults: 298
	Minor (reclaiming a frame) page faults: 19915
	Voluntary context switches: 1627
	Involuntary context switches: 41
	Swaps: 0
	File system inputs: 48688
	File system outputs: 40
	Socket messages sent: 0
	Socket messages received: 0
	Signals delivered: 0
	Page size (bytes): 4096
	Exit status: 0
DESTRUCTOR GETTING CALLED 
PRINT_GLOBAL_STATS in dest
[63872.867798] sh (6315): drop_caches: 3
[63872.897203] sh (6320): drop_caches: 3
[63877.923602] Enabled file stats for time:6329
[63877.923809] write_proc: Value of write = 1
[63877.928289] Enabled file stats for db_bench:6338
[63877.928488] write_proc: Value of write = 1
[63877.970149] thread-pool-3 invoked oom-killer: gfp_mask=0x1100dca(GFP_HIGHUSER_MOVABLE|__GFP_ZERO), order=0, oom_score_adj=0
[63877.970164] CPU: 12 PID: 6342 Comm: thread-pool-3 Not tainted 5.14.0 #30
[63877.970168] Hardware name: Dell Inc. PowerEdge C6525/04DK47, BIOS 2.0.3 01/15/2021
[63877.970169] Call Trace:
[63877.970172]  dump_stack_lvl+0x4a/0x5f
[63877.970178]  dump_stack+0x10/0x12
[63877.970180]  dump_header+0x4f/0x210
[63877.970184]  oom_kill_process+0xec/0x140
[63877.970186]  out_of_memory+0x117/0x590
[63877.970188]  __alloc_pages_slowpath.constprop.122+0xa55/0xd70
[63877.970192]  __alloc_pages+0x2db/0x320
[63877.970194]  alloc_pages_vma+0x88/0x220
[63877.970197]  __handle_mm_fault+0xa3f/0x1270
[63877.970200]  handle_mm_fault+0xd9/0x2b0
[63877.970202]  do_user_addr_fault+0x1e0/0x6e0
[63877.970205]  exc_page_fault+0x76/0x150
[63877.970207]  ? asm_exc_page_fault+0x8/0x30
[63877.970210]  asm_exc_page_fault+0x1e/0x30
[63877.970213] RIP: 0033:0x7fea3ca49ea7
[63877.970215] Code: 47 20 c5 fe 7f 44 17 c0 c5 fe 7f 47 40 c5 fe 7f 44 17 a0 c5 fe 7f 47 60 c5 fe 7f 44 17 80 48 01 fa 48 83 e2 80 48 39 d1 74 ba <c5> fd 7f 01 c5 fd 7f 41 20 c5 fd 7f 41 40 c5 fd 7f 41 60 48 81 c1
[63877.970218] RSP: 002b:00007fea3b0b6988 EFLAGS: 00010206
[63877.970220] RAX: 00007fe9efffe010 RBX: 0000000000000000 RCX: 00007fe9f064b000
[63877.970221] RDX: 00007fe9f1ffe000 RSI: 0000000000000000 RDI: 00007fe9efffe010
[63877.970222] RBP: 00007fea3b0b69a0 R08: 00000000ffffffff R09: 0000000000000000
[63877.970223] R10: 0000000000000022 R11: 0000000000000246 R12: 00007fea3b0b6c40
[63877.970224] R13: 0000000000000000 R14: 0000565153f72320 R15: 00007ffc67a620d0
[63877.970228] Mem-Info:
[63877.970233] active_anon:204 inactive_anon:14636 isolated_anon:282
                active_file:932 inactive_file:981 isolated_file:32
                unevictable:768 dirty:76 writeback:83
                slab_reclaimable:14535 slab_unreclaimable:87248
                mapped:751 shmem:770 pagetables:1267 bounce:0
                free:153173 free_pcp:2 free_cma:0
[63877.970240] Node 0 active_anon:816kB inactive_anon:58544kB active_file:3728kB inactive_file:3924kB unevictable:3072kB isolated(anon):1128kB isolated(file):128kB mapped:3004kB dirty:304kB writeback:332kB shmem:3080kB shmem_thp: 0kB shmem_pmdmapped: 0kB anon_thp: 0kB writeback_tmp:0kB kernel_stack:9488kB pagetables:5068kB all_unreclaimable? no
[63877.970248] Node 0 DMA free:11264kB min:4kB low:16kB high:28kB reserved_highatomic:0KB active_anon:0kB inactive_anon:0kB active_file:0kB inactive_file:0kB unevictable:0kB writepending:0kB present:15992kB managed:15360kB mlocked:0kB bounce:0kB free_pcp:0kB local_pcp:0kB free_cma:0kB
[63877.970254] lowmem_reserve[]: 0 776 127598 127598 127598
[63877.970257] Node 0 DMA32 free:507684kB min:408kB low:1200kB high:1992kB reserved_highatomic:0KB active_anon:0kB inactive_anon:0kB active_file:0kB inactive_file:0kB unevictable:0kB writepending:0kB present:1682240kB managed:1616700kB mlocked:0kB bounce:0kB free_pcp:0kB local_pcp:0kB free_cma:0kB
[63877.970262] lowmem_reserve[]: 0 0 126822 126822 126822
[63877.970266] Node 0 Normal free:93744kB min:171612kB low:301476kB high:431340kB reserved_highatomic:2048KB active_anon:816kB inactive_anon:58544kB active_file:3728kB inactive_file:3924kB unevictable:3072kB writepending:636kB present:132106240kB managed:129874164kB mlocked:0kB bounce:0kB free_pcp:8kB local_pcp:0kB free_cma:0kB
[63877.970273] lowmem_reserve[]: 0 0 0 0 0
[63877.970276] Node 0 DMA: 0*4kB 0*8kB 0*16kB 0*32kB 0*64kB 0*128kB 0*256kB 0*512kB 1*1024kB (U) 1*2048kB (M) 2*4096kB (M) = 11264kB
[63877.970290] Node 0 DMA32: 7*4kB (UME) 6*8kB (UME) 6*16kB (UME) 6*32kB (UME) 3*64kB (UME) 4*128kB (UME) 5*256kB (UME) 5*512kB (UME) 3*1024kB (ME) 4*2048kB (ME) 120*4096kB (ME) = 507692kB
[63877.970308] Node 0 Normal: 11097*4kB (UME) 4346*8kB (UME) 1022*16kB (UME) 12*32kB (UE) 1*64kB (M) 0*128kB 0*256kB 0*512kB 0*1024kB 0*2048kB 0*4096kB = 95956kB
[63877.970322] Node 0 hugepages_total=0 hugepages_free=0 hugepages_surp=0 hugepages_size=1048576kB
[63877.970326] Node 0 hugepages_total=0 hugepages_free=0 hugepages_surp=0 hugepages_size=2048kB
[63877.970327] 3564 total pagecache pages
[63877.970327] 314 pages in swap cache
[63877.970329] Swap cache stats: add 1722709, delete 1722800, find 155638/276656
[63877.970331] Free swap  = 3063868kB
[63877.970331] Total swap = 3145724kB
[63877.970332] 33451118 pages RAM
[63877.970332] 0 pages HighMem/MovableOnly
[63877.970333] 574562 pages reserved
[63877.970334] 0 pages cma reserved
[63877.970335] 0 pages hwpoisoned
[63877.970335] Unreclaimable slab info:
[63877.970336] Name                      Used          Total
[63877.970338] mlx5_fs_ftes             253KB        253KB
[63877.970340] mlx5_fs_fgs               63KB         63KB
[63877.970342] scsi_sense_cache          32KB         32KB
[63877.970344] RAWv6                    123KB        123KB
[63877.970345] UDPv6                   1417KB       1417KB
[63877.970347] TCPv6                     92KB         92KB
[63877.970349] mqueue_inode_cache         31KB         31KB
[63877.970352] ext4_system_zone          39KB         39KB
[63877.970355] PING                    1600KB       1600KB
[63877.970357] RAW                       96KB         96KB
[63877.970358] tw_sock_TCP              295KB        295KB
[63877.970360] request_sock_TCP         739KB        739KB
[63877.970361] TCP                     1439KB       1439KB
[63877.970362] hugetlbfs_inode_cache         63KB         63KB
[63877.970363] ep_head                  192KB        192KB
[63877.970365] request_queue             62KB         62KB
[63877.970368] biovec-max              4580KB       4708KB
[63877.970369] biovec-128              1600KB       1600KB
[63877.970369] biovec-64               1536KB       1536KB
[63877.970371] dmaengine-unmap-256         30KB         30KB
[63877.970372] dmaengine-unmap-128         31KB         31KB
[63877.970373] dmaengine-unmap-16       3953KB       3953KB
[63877.970374] skbuff_fclone_cache        768KB        768KB
[63877.970375] skbuff_head_cache       1224KB       1224KB
[63877.970376] file_lock_cache          359KB        359KB
[63877.970378] file_lock_ctx            103KB        103KB
[63877.970379] fsnotify_mark_connector        192KB        192KB
[63877.970380] task_delay_info          111KB        111KB
[63877.970382] taskstats                616KB        616KB
[63877.970383] proc_dir_entry           732KB        732KB
[63877.970384] pde_opener               191KB        191KB
[63877.970385] seq_file                 191KB        191KB
[63877.970388] shmem_inode_cache       2192KB       2192KB
[63877.970388] kernfs_node_cache       8920KB       8920KB
[63877.970391] mnt_cache                302KB        302KB
[63877.970392] filp                    3464KB       3464KB
[63877.970393] names_cache             1536KB       1536KB
[63877.970394] lsm_file_cache           266KB        266KB
[63877.970395] vm_area_struct          4593KB       4593KB
[63877.970397] mm_struct               1657KB       1657KB
[63877.970397] files_cache             1581KB       1581KB
[63877.970398] signal_cache            2173KB       2173KB
[63877.970399] sighand_cache           2877KB       2877KB
[63877.970401] task_struct             6069KB       6069KB
[63877.970402] cred_jar                 622KB        622KB
[63877.970403] anon_vma_chain          1860KB       1860KB
[63877.970404] anon_vma                1763KB       1767KB
[63877.970406] pid                      304KB        304KB
[63877.970407] irq_remap_cache          384KB        384KB
[63877.970408] Acpi-Operand             811KB        811KB
[63877.970409] Acpi-ParseExt             47KB         47KB
[63877.970410] Acpi-State               191KB        191KB
[63877.970413] numa_policy               15KB         15KB
[63877.970414] perf_event              1508KB       1508KB
[63877.970415] trace_event_file         316KB        316KB
[63877.970415] ftrace_event_field        386KB        386KB
[63877.970416] pool_workqueue           392KB        392KB
[63877.970417] task_group               756KB        756KB
[63877.970443] vmap_area              18906KB      19072KB
[63877.970445] kmalloc-cg-8k            128KB        128KB
[63877.970446] kmalloc-cg-4k           1536KB       1536KB
[63877.970448] kmalloc-cg-2k           1312KB       1312KB
[63877.970448] kmalloc-cg-1k           1600KB       1600KB
[63877.970449] kmalloc-cg-512           832KB        832KB
[63877.970451] kmalloc-cg-256           144KB        144KB
[63877.970452] kmalloc-cg-192           378KB        378KB
[63877.970452] kmalloc-cg-96            153KB        153KB
[63877.970453] kmalloc-cg-64            192KB        192KB
[63877.970455] kmalloc-cg-32            192KB        192KB
[63877.970456] kmalloc-cg-16            192KB        192KB
[63877.970456] kmalloc-cg-8             192KB        192KB
[63877.970458] kmalloc-8k             65440KB      65440KB
[63877.970460] kmalloc-4k              7332KB       7428KB
[63877.970462] kmalloc-2k             87002KB      87072KB
[63877.970463] kmalloc-1k              5888KB       5888KB
[63877.970464] kmalloc-512            18128KB      18128KB
[63877.970464] kmalloc-256             1280KB       1280KB
[63877.970466] kmalloc-192              724KB        724KB
[63877.970467] kmalloc-128              904KB        904KB
[63877.970467] kmalloc-96             16380KB      16380KB
[63877.970468] kmalloc-64              2424KB       2424KB
[63877.970470] kmalloc-32              1488KB       1488KB
[63877.970471] kmalloc-16               336KB        336KB
[63877.970471] kmalloc-8                276KB        276KB
[63877.970472] kmem_cache_node           24KB         24KB
[63877.970474] kmem_cache                72KB         72KB
[63877.970475] Tasks state (memory values in pages):
[63877.970475] [  pid  ]   uid  tgid total_vm      rss pgtables_bytes swapents oom_score_adj name
[63877.970488] [    744]     0   744    27577       14   233472      381             0 systemd-journal
[63877.970492] [    750]     0   750    26479        0    98304       57             0 lvmetad
[63877.970496] [    754]     0   754    10826        0   114688      459         -1000 systemd-udevd
[63877.970500] [    996]     0   996    11903        0   131072      125             0 rpcbind
[63877.970502] [    998]   101   998    17625        0   176128      136             0 systemd-resolve
[63877.970505] [   1002]   103  1002    12517        1   147456      170          -900 dbus-daemon
[63877.970509] [   1004]     0  1004    42595        1   233472     1941             0 networkd-dispat
[63877.970512] [   1005]     0  1005    27759       47   122880      158             0 irqbalance
[63877.970516] [   1006]     0  1006     7833        0   102400       90             0 cron
[63877.970519] [   1010]     0  1010    17619        0   176128      174             0 systemd-logind
[63877.970521] [   1012]     0  1012    71916        0   192512      266             0 accounts-daemon
[63877.970524] [   1037]   102  1037    66819        0   167936      455             0 rsyslogd
[63877.970527] [   1041]     0  1041    72223        0   208896      230             0 polkitd
[63877.970530] [   1049]     0  1049     8709        1   106496     1775             0 ntpstart
[63877.970532] [   1053]     0  1053    18078        0   184320      202         -1000 sshd
[63877.970534] [   1107]   100  1107    20015        0   184320      186             0 systemd-network
[63877.970537] [   1187]     0  1187     3992        0    81920       35             0 agetty
[63877.970541] [   1212]     0  1212     2747        0    61440       63             0 slothd
[63877.970543] [   1214]     0  1214    11399        0   122880     2396             0 watchdog
[63877.970546] [   1215]     0  1215     4048        0    77824       37             0 agetty
[63877.970548] [   1237]     0  1237     5686        0    77824      113             0 pubsubd
[63877.970551] [   1340]     0  1340     1136        0    53248       27             0 emulab-syncd
[63877.970553] [   1346]     0  1346    11274        0   118784     2245             0 rc.progagent
[63877.970556] [   1347]  2002  1347     8882        0   114688      134             0 program-agent
[63877.970558] [   1399]     0  1399     6200        0    86016      114             0 linktest
[63877.970560] [   1414]   107  1414    26945        0   126976      170             0 ntpd
[63877.970562] [   4689] 20002  4689    19131        0   192512      259             0 systemd
[63877.970565] [   4690] 20002  4690    27870        0   245760      542             0 (sd-pam)
[63877.970567] [   4742] 20002  4742    13273       36   143360      411             0 mosh-server
[63877.970571] [   4743] 20002  4743     5334        1    90112      149             0 tcsh
[63877.970573] [   4749] 20002  4749     5676        1    81920      427             0 bash
[63877.970576] [   4791] 20002  4791     3257        5    69632       91             0 rocksdb-exp-tes
[63877.970578] [   6329] 20002  6329    21477       52   114688       46             0 time
[63877.970581] [   6338] 20002  6338   540355    14608   536576     2926             0 db_bench
[63877.970583] oom-kill:constraint=CONSTRAINT_NONE,nodemask=(null),cpuset=/,mems_allowed=0,global_oom,task_memcg=/,task=db_bench,pid=6338,uid=20002
[63877.970602] Out of memory: Killed process 6338 (db_bench) total-vm:2161420kB, anon-rss:56416kB, file-rss:1984kB, shmem-rss:0kB, UID:20002 pgtables:524kB oom_score_adj:0
[63877.978172] FinalTaskReport: db_bench:6338 - ra_orig_nr_pages:0, ra_final_nr_pages:0
                                        async_pages:894, final_async_pages:1547
                                        full_pfetches:0, less256_pfetches:0, partial_pfetches:0
                                        failed_pfetches:0, total_pfetches:0, os_pfetches:72
                                        nr_pages_read:614, nr_pages_hit:373, nr_do_read_fault:171
[63877.992596] oom_reaper: reaped process 6338 (db_bench), now anon-rss:0kB, file-rss:0kB, shmem-rss:0kB
[63878.003267] write_proc: Value of write = 0
[63878.004139] __do_sys_start_cross_trace: PRINT_GLOBAL_STATS 
[63878.004140] Final GlobalReport: nr_pages_read:1347413657, nr_pages_hit:1333662577, nr_do_read_fault:556921, nr_pages_miss:5768142
[63878.010177] FinalTaskReport: time:6329 - ra_orig_nr_pages:0, ra_final_nr_pages:0
                                        async_pages:64, final_async_pages:1302
                                        full_pfetches:0, less256_pfetches:0, partial_pfetches:0
                                        failed_pfetches:0, total_pfetches:0, os_pfetches:56
                                        nr_pages_read:0, nr_pages_hit:0, nr_do_read_fault:149
