ENABLE_FILE_STATS in con
ENABLE_FILE_STATS in con
RocksDB:    version 6.20
Date:       Wed Aug 10 09:38:26 2022
CPU:        48 * AMD EPYC 7402P 24-Core Processor
CPUCache:   512 KB
... finished 100 ops                              ... finished 100 ops                              ... finished 100 ops                              ... finished 100 ops                              ... finished 100 ops                              ... finished 100 ops                              ... finished 100 ops                              ... finished 100 ops                              ... finished 100 ops                              ... finished 100 ops                              ... finished 100 ops                              ... finished 100 ops                              ... finished 100 ops                              ... finished 100 ops                              ... finished 100 ops                              ... finished 100 ops                              ... finished 200 ops                              ... finished 200 ops                              ... finished 200 ops                              ... finished 200 ops                              ... finished 200 ops                              ... finished 200 ops                              ... finished 200 ops                              ... finished 200 ops                              ... finished 200 ops                              ... finished 200 ops                              ... finished 200 ops                              ... finished 200 ops                              ... finished 200 ops                              ... finished 200 ops                              ... finished 200 ops                              ... finished 200 ops                              ... finished 300 ops                              ... finished 300 ops                              ... finished 300 ops                              ... finished 300 ops                              ... finished 300 ops                              ... finished 300 ops                              ... finished 300 ops                              ... finished 300 ops                              ... finished 300 ops                              ... finished 300 ops                              ... finished 300 ops                              ... finished 300 ops                              ... finished 300 ops                              ... finished 300 ops                              ... finished 300 ops                              ... finished 300 ops                              ... finished 400 ops                              ... finished 400 ops                              ... finished 400 ops                              ... finished 400 ops                              ... finished 400 ops                              ... finished 400 ops                              ... finished 400 ops                              ... finished 400 ops                              ... finished 400 ops                              ... finished 400 ops                              ... finished 400 ops                              ... finished 400 ops                              ... finished 400 ops                              ... finished 400 ops                              ... finished 400 ops                              ... finished 400 ops                              ... finished 500 ops                              ... finished 500 ops                              ... finished 500 ops                              ... finished 500 ops                              ... finished 500 ops                              ... finished 500 ops                              ... finished 500 ops                              ... finished 500 ops                              ... finished 500 ops                              ... finished 500 ops                              ... finished 500 ops                              ... finished 500 ops                              ... finished 500 ops                              ... finished 500 ops                              ... finished 500 ops                              ... finished 500 ops                              ... finished 600 ops                              ... finished 600 ops                              ... finished 600 ops                              ... finished 600 ops                              ... finished 600 ops                              ... finished 600 ops                              ... finished 600 ops                              ... finished 600 ops                              ... finished 600 ops                              ... finished 600 ops                              ... finished 600 ops                              ... finished 600 ops                              ... finished 600 ops                              ... finished 600 ops                              ... finished 600 ops                              ... finished 600 ops                              ... finished 700 ops                              ... finished 700 ops                              ... finished 700 ops                              ... finished 700 ops                              ... finished 700 ops                              ... finished 700 ops                              ... finished 700 ops                              ... finished 700 ops                              ... finished 700 ops                              ... finished 700 ops                              ... finished 700 ops                              ... finished 700 ops                              ... finished 700 ops                              ... finished 700 ops                              ... finished 700 ops                              ... finished 700 ops                              ... finished 800 ops                              ... finished 800 ops                              ... finished 800 ops                              ... finished 800 ops                              ... finished 800 ops                              ... finished 800 ops                              ... finished 800 ops                              ... finished 800 ops                              ... finished 800 ops                              ... finished 800 ops                              ... finished 800 ops                              ... finished 800 ops                              ... finished 800 ops                              ... finished 800 ops                              ... finished 800 ops                              ... finished 800 ops                              ... finished 900 ops                              ... finished 900 ops                              ... finished 900 ops                              ... finished 900 ops                              ... finished 900 ops                              ... finished 900 ops                              ... finished 900 ops                              ... finished 900 ops                              ... finished 900 ops                              ... finished 900 ops                              ... finished 900 ops                              ... finished 900 ops                              ... finished 900 ops                              ... finished 900 ops                              ... finished 900 ops                              ... finished 900 ops                              ... finished 1000 ops                              ... finished 1000 ops                              ... finished 1000 ops                              ... finished 1000 ops                              ... finished 1000 ops                              ... finished 1000 ops                              ... finished 1000 ops                              ... finished 1000 ops                              ... finished 1000 ops                              ... finished 1000 ops                              ... finished 1000 ops                              ... finished 1000 ops                              ... finished 1000 ops                              ... finished 1000 ops                              ... finished 1000 ops                              ... finished 1000 ops                              ... finished 1500 ops                              ... finished 1500 ops                              ... finished 1500 ops                              ... finished 1500 ops                              ... finished 1500 ops                              ... finished 1500 ops                              ... finished 1500 ops                              ... finished 1500 ops                              ... finished 1500 ops                              ... finished 1500 ops                              ... finished 1500 ops                              ... finished 1500 ops                              ... finished 1500 ops                              ... finished 1500 ops                              ... finished 1500 ops                              ... finished 1500 ops                              ... finished 2000 ops                              ... finished 2000 ops                              ... finished 2000 ops                              ... finished 2000 ops                              ... finished 2000 ops                              ... finished 2000 ops                              ... finished 2000 ops                              ... finished 2000 ops                              ... finished 2000 ops                              ... finished 2000 ops                              ... finished 2000 ops                              ... finished 2000 ops                              ... finished 2000 ops                              ... finished 2000 ops                              ... finished 2000 ops                              ... finished 2000 ops                              ... finished 2500 ops                              ... finished 2500 ops                              ... finished 2500 ops                              ... finished 2500 ops                              ... finished 2500 ops                              ... finished 2500 ops                              ... finished 2500 ops                              ... finished 2500 ops                              ... finished 2500 ops                              ... finished 2500 ops                              ... finished 2500 ops                              ... finished 2500 ops                              ... finished 2500 ops                              ... finished 2500 ops                              ... finished 2500 ops                              ... finished 2500 ops                              ... finished 3000 ops                              ... finished 3000 ops                              ... finished 3000 ops                              ... finished 3000 ops                              ... finished 3000 ops                              ... finished 3000 ops                              ... finished 3000 ops                              ... finished 3000 ops                              ... finished 3000 ops                              ... finished 3000 ops                              ... finished 3000 ops                              ... finished 3000 ops                              ... finished 3000 ops                              ... finished 3000 ops                              ... finished 3000 ops                              ... finished 3000 ops                              ... finished 3500 ops                              ... finished 3500 ops                              ... finished 3500 ops                              ... finished 3500 ops                              ... finished 3500 ops                              ... finished 3500 ops                              ... finished 3500 ops                              ... finished 3500 ops                              ... finished 3500 ops                              ... finished 3500 ops                              ... finished 3500 ops                              ... finished 3500 ops                              ... finished 3500 ops                              ... finished 3500 ops                              ... finished 3500 ops                              ... finished 3500 ops                              ... finished 4000 ops                              ... finished 4000 ops                              ... finished 4000 ops                              ... finished 4000 ops                              ... finished 4000 ops                              ... finished 4000 ops                              ... finished 4000 ops                              ... finished 4000 ops                              ... finished 4000 ops                              ... finished 4000 ops                              ... finished 4000 ops                              ... finished 4000 ops                              ... finished 4000 ops                              ... finished 4000 ops                              ... finished 4000 ops                              ... finished 4000 ops                              ... finished 4500 ops                              ... finished 4500 ops                              ... finished 4500 ops                              ... finished 4500 ops                              ... finished 4500 ops                              ... finished 4500 ops                              ... finished 4500 ops                              ... finished 4500 ops                              ... finished 4500 ops                              ... finished 4500 ops                              ... finished 4500 ops                              ... finished 4500 ops                              ... finished 4500 ops                              ... finished 4500 ops                              ... finished 4500 ops                              ... finished 4500 ops                              ... finished 5000 ops                              ... finished 5000 ops                              ... finished 5000 ops                              ... finished 5000 ops                              ... finished 5000 ops                              ... finished 5000 ops                              ... finished 5000 ops                              ... finished 5000 ops                              ... finished 5000 ops                              ... finished 5000 ops                              ... finished 5000 ops                              ... finished 5000 ops                              ... finished 5000 ops                              ... finished 5000 ops                              ... finished 5000 ops                              ... finished 5000 ops                              ... finished 6000 ops                              ... finished 6000 ops                              ... finished 6000 ops                              ... finished 6000 ops                              ... finished 6000 ops                              ... finished 6000 ops                              ... finished 6000 ops                              ... finished 6000 ops                              ... finished 6000 ops                              ... finished 6000 ops                              ... finished 6000 ops                              ... finished 6000 ops                              ... finished 6000 ops                              ... finished 6000 ops                              ... finished 6000 ops                              ... finished 6000 ops                              ... finished 7000 ops                              ... finished 7000 ops                              ... finished 7000 ops                              ... finished 7000 ops                              ... finished 7000 ops                              ... finished 7000 ops                              ... finished 7000 ops                              ... finished 7000 ops                              ... finished 7000 ops                              ... finished 7000 ops                              ... finished 7000 ops                              ... finished 7000 ops                              ... finished 7000 ops                              ... finished 7000 ops                              ... finished 7000 ops                              ... finished 7000 ops                              ... finished 8000 ops                              ... finished 8000 ops                              ... finished 8000 ops                              ... finished 8000 ops                              ... finished 8000 ops                              ... finished 8000 ops                              ... finished 8000 ops                              ... finished 8000 ops                              ... finished 8000 ops                              ... finished 8000 ops                              ... finished 8000 ops                              ... finished 8000 ops                              ... finished 8000 ops                              ... finished 8000 ops                              ... finished 8000 ops                              ... finished 8000 ops                              ... finished 9000 ops                              ... finished 9000 ops                              ... finished 9000 ops                              ... finished 9000 ops                              ... finished 9000 ops                              ... finished 9000 ops                              ... finished 9000 ops                              ... finished 9000 ops                              ... finished 9000 ops                              ... finished 9000 ops                              ... finished 9000 ops                              ... finished 9000 ops                              ... finished 9000 ops                              ... finished 9000 ops                              ... finished 9000 ops                              ... finished 9000 ops                              ... finished 10000 ops                              ... finished 10000 ops                              ... finished 10000 ops                              ... finished 10000 ops                              ... finished 10000 ops                              ... finished 10000 ops                              ... finished 10000 ops                              ... finished 10000 ops                              ... finished 10000 ops                              ... finished 10000 ops                              ... finished 10000 ops                              ... finished 10000 ops                              ... finished 10000 ops                              ... finished 10000 ops                              ... finished 10000 ops                              ... finished 10000 ops                              ... finished 15000 ops                              ... finished 15000 ops                              ... finished 15000 ops                              ... finished 15000 ops                              ... finished 15000 ops                              ... finished 15000 ops                              ... finished 15000 ops                              ... finished 15000 ops                              ... finished 15000 ops                              ... finished 15000 ops                              ... finished 15000 ops                              ... finished 15000 ops                              ... finished 15000 ops                              ... finished 15000 ops                              ... finished 15000 ops                              ... finished 15000 ops                              ... finished 20000 ops                              ... finished 20000 ops                              ... finished 20000 ops                              ... finished 20000 ops                              ... finished 20000 ops                              ... finished 20000 ops                              ... finished 20000 ops                              ... finished 20000 ops                              ... finished 20000 ops                              ... finished 20000 ops                              ... finished 20000 ops                              ... finished 20000 ops                              ... finished 20000 ops                              ... finished 20000 ops                              ... finished 20000 ops                              ... finished 20000 ops                              ... finished 25000 ops                              ... finished 25000 ops                              ... finished 25000 ops                              ... finished 25000 ops                              ... finished 25000 ops                              ... finished 25000 ops                              ... finished 25000 ops                              ... finished 25000 ops                              ... finished 25000 ops                              ... finished 25000 ops                              ... finished 25000 ops                              ... finished 25000 ops                              ... finished 25000 ops                              ... finished 25000 ops                              ... finished 25000 ops                              ... finished 25000 ops                              ... finished 30000 ops                              ... finished 30000 ops                              ... finished 30000 ops                              ... finished 30000 ops                              ... finished 30000 ops                              ... finished 30000 ops                              ... finished 30000 ops                              ... finished 30000 ops                              ... finished 30000 ops                              ... finished 30000 ops                              ... finished 30000 ops                              ... finished 30000 ops                              ... finished 30000 ops                              ... finished 30000 ops                              ... finished 30000 ops                              ... finished 30000 ops                              ... finished 35000 ops                              ... finished 35000 ops                              ... finished 35000 ops                              ... finished 35000 ops                              ... finished 35000 ops                              ... finished 35000 ops                              ... finished 35000 ops                              ... finished 35000 ops                              ... finished 35000 ops                              ... finished 35000 ops                              ... finished 35000 ops                              ... finished 35000 ops                              ... finished 35000 ops                              ... finished 35000 ops                              ... finished 35000 ops                              ... finished 35000 ops                              ... finished 40000 ops                              ... finished 40000 ops                              ... finished 40000 ops                              ... finished 40000 ops                              ... finished 40000 ops                              ... finished 40000 ops                              ... finished 40000 ops                              ... finished 40000 ops                              ... finished 40000 ops                              ... finished 40000 ops                              ... finished 40000 ops                              ... finished 40000 ops                              ... finished 40000 ops                              ... finished 40000 ops                              ... finished 40000 ops                              ... finished 40000 ops                              ... finished 45000 ops                              ... finished 45000 ops                              ... finished 45000 ops                              ... finished 45000 ops                              ... finished 45000 ops                              ... finished 45000 ops                              ... finished 45000 ops                              ... finished 45000 ops                              ... finished 45000 ops                              ... finished 45000 ops                              ... finished 45000 ops                              ... finished 45000 ops                              ... finished 45000 ops                              ... finished 45000 ops                              ... finished 45000 ops                              ... finished 45000 ops                              ... finished 50000 ops                              ... finished 50000 ops                              ... finished 50000 ops                              ... finished 50000 ops                              ... finished 50000 ops                              ... finished 50000 ops                              ... finished 50000 ops                              ... finished 50000 ops                              ... finished 50000 ops                              ... finished 50000 ops                              ... finished 50000 ops                              ... finished 50000 ops                              ... finished 50000 ops                              ... finished 50000 ops                              ... finished 50000 ops                              ... finished 50000 ops                              Command terminated by signal 9
	Command being timed: "./db_bench --db=/users/kannan11/ssd/sudarsun/prefetching/appbench/apps/rocksdb/DATA --value_size=4096 --wal_dir=/users/kannan11/ssd/sudarsun/prefetching/appbench/apps/rocksdb/DATA/WAL_LOG --sync=0 --key_size=1000 --write_buffer_size=67108864 --num=1000000 --benchmarks=overwrite --use_existing_db=1 --mmap_read=0 --threads=16"
	User time (seconds): 64.43
	System time (seconds): 61.43
	Percent of CPU this job got: 415%
	Elapsed (wall clock) time (h:mm:ss or m:ss): 0:30.28
	Average shared text size (kbytes): 0
	Average unshared data size (kbytes): 0
	Average stack size (kbytes): 0
	Average total size (kbytes): 0
	Maximum resident set size (kbytes): 2425332
	Average resident set size (kbytes): 0
	Major (requiring I/O) page faults: 134770
	Minor (reclaiming a frame) page faults: 2409864
	Voluntary context switches: 327540
	Involuntary context switches: 12008
	Swaps: 0
	File system inputs: 16166744
	File system outputs: 21749352
	Socket messages sent: 0
	Socket messages received: 0
	Signals delivered: 0
	Page size (bytes): 4096
	Exit status: 0
DESTRUCTOR GETTING CALLED 
PRINT_GLOBAL_STATS in dest
[63804.066162] sh (5943): drop_caches: 3
[63804.095150] sh (5948): drop_caches: 3
[63809.121695] Enabled file stats for time:5955
[63809.121902] write_proc: Value of write = 1
[63809.127392] Enabled file stats for db_bench:5964
[63809.127572] write_proc: Value of write = 1
[63809.444496] alloc_cross_bitmap: preallocate 268435456 pg, nr_longs=4194304 in 4 millisec
[63809.568897] alloc_cross_bitmap: preallocate 268435456 pg, nr_longs=4194304 in 4 millisec
[63809.693521] alloc_cross_bitmap: preallocate 268435456 pg, nr_longs=4194304 in 4 millisec
[63809.814533] alloc_cross_bitmap: preallocate 268435456 pg, nr_longs=4194304 in 4 millisec
[63809.943911] alloc_cross_bitmap: preallocate 268435456 pg, nr_longs=4194304 in 4 millisec
[63810.067865] alloc_cross_bitmap: preallocate 268435456 pg, nr_longs=4194304 in 4 millisec
[63810.193023] alloc_cross_bitmap: preallocate 268435456 pg, nr_longs=4194304 in 4 millisec
[63810.318507] alloc_cross_bitmap: preallocate 268435456 pg, nr_longs=4194304 in 4 millisec
[63810.370212] alloc_cross_bitmap: preallocate 268435456 pg, nr_longs=4194304 in 4 millisec
[63810.382460] alloc_cross_bitmap: preallocate 268435456 pg, nr_longs=4194304 in 4 millisec
[63810.439400] alloc_cross_bitmap: preallocate 268435456 pg, nr_longs=4194304 in 4 millisec
[63810.570619] alloc_cross_bitmap: preallocate 268435456 pg, nr_longs=4194304 in 4 millisec
[63810.702670] alloc_cross_bitmap: preallocate 268435456 pg, nr_longs=4194304 in 4 millisec
[63810.831951] alloc_cross_bitmap: preallocate 268435456 pg, nr_longs=4194304 in 4 millisec
[63810.953915] alloc_cross_bitmap: preallocate 268435456 pg, nr_longs=4194304 in 0 millisec
[63811.077758] alloc_cross_bitmap: preallocate 268435456 pg, nr_longs=4194304 in 0 millisec
[63811.203926] alloc_cross_bitmap: preallocate 268435456 pg, nr_longs=4194304 in 4 millisec
[63811.329650] alloc_cross_bitmap: preallocate 268435456 pg, nr_longs=4194304 in 0 millisec
[63811.486559] alloc_cross_bitmap: preallocate 268435456 pg, nr_longs=4194304 in 4 millisec
[63811.488793] alloc_cross_bitmap: preallocate 268435456 pg, nr_longs=4194304 in 4 millisec
[63811.498313] alloc_cross_bitmap: preallocate 268435456 pg, nr_longs=4194304 in 4 millisec
[63811.515040] alloc_cross_bitmap: preallocate 268435456 pg, nr_longs=4194304 in 4 millisec
[63811.526356] alloc_cross_bitmap: preallocate 268435456 pg, nr_longs=4194304 in 4 millisec
[63811.614243] alloc_cross_bitmap: preallocate 268435456 pg, nr_longs=4194304 in 4 millisec
[63811.776037] alloc_cross_bitmap: preallocate 268435456 pg, nr_longs=4194304 in 4 millisec
[63811.898104] alloc_cross_bitmap: preallocate 268435456 pg, nr_longs=4194304 in 0 millisec
[63812.033923] alloc_cross_bitmap: preallocate 268435456 pg, nr_longs=4194304 in 0 millisec
[63812.157984] alloc_cross_bitmap: preallocate 268435456 pg, nr_longs=4194304 in 0 millisec
[63812.288764] alloc_cross_bitmap: preallocate 268435456 pg, nr_longs=4194304 in 4 millisec
[63812.430953] alloc_cross_bitmap: preallocate 268435456 pg, nr_longs=4194304 in 4 millisec
[63812.559466] alloc_cross_bitmap: preallocate 268435456 pg, nr_longs=4194304 in 4 millisec
[63812.679720] alloc_cross_bitmap: preallocate 268435456 pg, nr_longs=4194304 in 4 millisec
[63812.810872] alloc_cross_bitmap: preallocate 268435456 pg, nr_longs=4194304 in 4 millisec
[63812.946483] alloc_cross_bitmap: preallocate 268435456 pg, nr_longs=4194304 in 4 millisec
[63813.077970] alloc_cross_bitmap: preallocate 268435456 pg, nr_longs=4194304 in 0 millisec
[63813.725219] alloc_cross_bitmap: preallocate 268435456 pg, nr_longs=4194304 in 4 millisec
[63813.737854] alloc_cross_bitmap: preallocate 268435456 pg, nr_longs=4194304 in 4 millisec
[63813.758424] alloc_cross_bitmap: preallocate 268435456 pg, nr_longs=4194304 in 12 millisec
[63813.776007] alloc_cross_bitmap: preallocate 268435456 pg, nr_longs=4194304 in 8 millisec
[63813.802312] alloc_cross_bitmap: preallocate 268435456 pg, nr_longs=4194304 in 20 millisec
[63813.821566] alloc_cross_bitmap: preallocate 268435456 pg, nr_longs=4194304 in 8 millisec
[63813.837751] alloc_cross_bitmap: preallocate 268435456 pg, nr_longs=4194304 in 0 millisec
[63814.036280] alloc_cross_bitmap: preallocate 268435456 pg, nr_longs=4194304 in 4 millisec
[63814.176753] alloc_cross_bitmap: preallocate 268435456 pg, nr_longs=4194304 in 4 millisec
[63814.327571] alloc_cross_bitmap: preallocate 268435456 pg, nr_longs=4194304 in 4 millisec
[63814.475991] alloc_cross_bitmap: preallocate 268435456 pg, nr_longs=4194304 in 4 millisec
[63814.630982] alloc_cross_bitmap: preallocate 268435456 pg, nr_longs=4194304 in 4 millisec
[63814.784132] alloc_cross_bitmap: preallocate 268435456 pg, nr_longs=4194304 in 4 millisec
[63814.928146] alloc_cross_bitmap: preallocate 268435456 pg, nr_longs=4194304 in 4 millisec
[63815.086137] alloc_cross_bitmap: preallocate 268435456 pg, nr_longs=4194304 in 0 millisec
[63815.209013] alloc_cross_bitmap: preallocate 268435456 pg, nr_longs=4194304 in 4 millisec
[63817.959795] alloc_cross_bitmap: preallocate 268435456 pg, nr_longs=4194304 in 4 millisec
[63817.979859] alloc_cross_bitmap: preallocate 268435456 pg, nr_longs=4194304 in 4 millisec
[63818.029534] alloc_cross_bitmap: preallocate 268435456 pg, nr_longs=4194304 in 36 millisec
[63818.085906] alloc_cross_bitmap: preallocate 268435456 pg, nr_longs=4194304 in 40 millisec
[63818.132518] alloc_cross_bitmap: preallocate 268435456 pg, nr_longs=4194304 in 32 millisec
[63818.147859] alloc_cross_bitmap: preallocate 268435456 pg, nr_longs=4194304 in 4 millisec
[63818.166181] alloc_cross_bitmap: preallocate 268435456 pg, nr_longs=4194304 in 8 millisec
[63818.187052] alloc_cross_bitmap: preallocate 268435456 pg, nr_longs=4194304 in 8 millisec
[63818.213933] alloc_cross_bitmap: preallocate 268435456 pg, nr_longs=4194304 in 12 millisec
[63818.236217] alloc_cross_bitmap: preallocate 268435456 pg, nr_longs=4194304 in 8 millisec
[63818.261586] alloc_cross_bitmap: preallocate 268435456 pg, nr_longs=4194304 in 8 millisec
[63818.483218] alloc_cross_bitmap: preallocate 268435456 pg, nr_longs=4194304 in 4 millisec
[63818.612729] alloc_cross_bitmap: preallocate 268435456 pg, nr_longs=4194304 in 4 millisec
[63818.742490] alloc_cross_bitmap: preallocate 268435456 pg, nr_longs=4194304 in 4 millisec
[63818.874502] alloc_cross_bitmap: preallocate 268435456 pg, nr_longs=4194304 in 4 millisec
[63818.996176] alloc_cross_bitmap: preallocate 268435456 pg, nr_longs=4194304 in 4 millisec
[63819.094692] alloc_cross_bitmap: preallocate 268435456 pg, nr_longs=4194304 in 8 millisec
[63819.111163] alloc_cross_bitmap: preallocate 268435456 pg, nr_longs=4194304 in 8 millisec
[63819.132812] alloc_cross_bitmap: preallocate 268435456 pg, nr_longs=4194304 in 8 millisec
[63819.305030] alloc_cross_bitmap: preallocate 268435456 pg, nr_longs=4194304 in 4 millisec
[63819.441601] alloc_cross_bitmap: preallocate 268435456 pg, nr_longs=4194304 in 0 millisec
[63819.568030] alloc_cross_bitmap: preallocate 268435456 pg, nr_longs=4194304 in 4 millisec
[63819.720272] alloc_cross_bitmap: preallocate 268435456 pg, nr_longs=4194304 in 24 millisec
[63819.850888] alloc_cross_bitmap: preallocate 268435456 pg, nr_longs=4194304 in 4 millisec
[63819.966521] alloc_cross_bitmap: preallocate 268435456 pg, nr_longs=4194304 in 4 millisec
[63823.900881] alloc_cross_bitmap: preallocate 268435456 pg, nr_longs=4194304 in 4 millisec
[63823.933939] alloc_cross_bitmap: preallocate 268435456 pg, nr_longs=4194304 in 20 millisec
[63823.960754] alloc_cross_bitmap: preallocate 268435456 pg, nr_longs=4194304 in 16 millisec
[63823.980107] alloc_cross_bitmap: preallocate 268435456 pg, nr_longs=4194304 in 8 millisec
[63823.993260] alloc_cross_bitmap: preallocate 268435456 pg, nr_longs=4194304 in 4 millisec
[63824.028632] alloc_cross_bitmap: preallocate 268435456 pg, nr_longs=4194304 in 20 millisec
[63824.075616] alloc_cross_bitmap: preallocate 268435456 pg, nr_longs=4194304 in 24 millisec
[63824.099564] alloc_cross_bitmap: preallocate 268435456 pg, nr_longs=4194304 in 4 millisec
[63824.142564] alloc_cross_bitmap: preallocate 268435456 pg, nr_longs=4194304 in 28 millisec
[63824.200213] alloc_cross_bitmap: preallocate 268435456 pg, nr_longs=4194304 in 32 millisec
[63824.255700] alloc_cross_bitmap: preallocate 268435456 pg, nr_longs=4194304 in 32 millisec
[63824.297566] alloc_cross_bitmap: preallocate 268435456 pg, nr_longs=4194304 in 24 millisec
[63824.339886] alloc_cross_bitmap: preallocate 268435456 pg, nr_longs=4194304 in 16 millisec
[63824.366821] alloc_cross_bitmap: preallocate 268435456 pg, nr_longs=4194304 in 16 millisec
[63824.553447] alloc_cross_bitmap: preallocate 268435456 pg, nr_longs=4194304 in 4 millisec
[63824.706467] alloc_cross_bitmap: preallocate 268435456 pg, nr_longs=4194304 in 4 millisec
[63824.834335] alloc_cross_bitmap: preallocate 268435456 pg, nr_longs=4194304 in 4 millisec
[63824.967467] alloc_cross_bitmap: preallocate 268435456 pg, nr_longs=4194304 in 4 millisec
[63825.223813] alloc_cross_bitmap: preallocate 268435456 pg, nr_longs=4194304 in 4 millisec
[63825.390032] alloc_cross_bitmap: preallocate 268435456 pg, nr_longs=4194304 in 0 millisec
[63825.512105] alloc_cross_bitmap: preallocate 268435456 pg, nr_longs=4194304 in 4 millisec
[63825.642650] alloc_cross_bitmap: preallocate 268435456 pg, nr_longs=4194304 in 4 millisec
[63825.762413] alloc_cross_bitmap: preallocate 268435456 pg, nr_longs=4194304 in 4 millisec
[63825.856023] alloc_cross_bitmap: preallocate 268435456 pg, nr_longs=4194304 in 4 millisec
[63825.886763] alloc_cross_bitmap: preallocate 268435456 pg, nr_longs=4194304 in 20 millisec
[63825.948200] alloc_cross_bitmap: preallocate 268435456 pg, nr_longs=4194304 in 48 millisec
[63825.978043] alloc_cross_bitmap: preallocate 268435456 pg, nr_longs=4194304 in 28 millisec
[63826.172122] alloc_cross_bitmap: preallocate 268435456 pg, nr_longs=4194304 in 12 millisec
[63826.349387] alloc_cross_bitmap: preallocate 268435456 pg, nr_longs=4194304 in 4 millisec
[63826.488472] alloc_cross_bitmap: preallocate 268435456 pg, nr_longs=4194304 in 4 millisec
[63826.625375] alloc_cross_bitmap: preallocate 268435456 pg, nr_longs=4194304 in 4 millisec
[63832.061831] alloc_cross_bitmap: preallocate 268435456 pg, nr_longs=4194304 in 4 millisec
[63832.081201] alloc_cross_bitmap: preallocate 268435456 pg, nr_longs=4194304 in 4 millisec
[63832.099489] alloc_cross_bitmap: preallocate 268435456 pg, nr_longs=4194304 in 8 millisec
[63832.125922] alloc_cross_bitmap: preallocate 268435456 pg, nr_longs=4194304 in 0 millisec
[63832.139078] alloc_cross_bitmap: preallocate 268435456 pg, nr_longs=4194304 in 4 millisec
[63832.186764] alloc_cross_bitmap: preallocate 268435456 pg, nr_longs=4194304 in 32 millisec
[63832.217579] alloc_cross_bitmap: preallocate 268435456 pg, nr_longs=4194304 in 4 millisec
[63832.267342] alloc_cross_bitmap: preallocate 268435456 pg, nr_longs=4194304 in 36 millisec
[63832.304139] alloc_cross_bitmap: preallocate 268435456 pg, nr_longs=4194304 in 20 millisec
[63832.354481] alloc_cross_bitmap: preallocate 268435456 pg, nr_longs=4194304 in 32 millisec
[63832.394722] alloc_cross_bitmap: preallocate 268435456 pg, nr_longs=4194304 in 20 millisec
[63832.449584] alloc_cross_bitmap: preallocate 268435456 pg, nr_longs=4194304 in 28 millisec
[63832.493152] alloc_cross_bitmap: preallocate 268435456 pg, nr_longs=4194304 in 24 millisec
[63832.542707] alloc_cross_bitmap: preallocate 268435456 pg, nr_longs=4194304 in 28 millisec
[63832.588146] alloc_cross_bitmap: preallocate 268435456 pg, nr_longs=4194304 in 20 millisec
[63832.643923] alloc_cross_bitmap: preallocate 268435456 pg, nr_longs=4194304 in 32 millisec
[63832.699137] alloc_cross_bitmap: preallocate 268435456 pg, nr_longs=4194304 in 40 millisec
[63832.763455] alloc_cross_bitmap: preallocate 268435456 pg, nr_longs=4194304 in 40 millisec
[63833.475413] alloc_cross_bitmap: preallocate 268435456 pg, nr_longs=4194304 in 4 millisec
[63833.625209] alloc_cross_bitmap: preallocate 268435456 pg, nr_longs=4194304 in 4 millisec
[63833.958529] alloc_cross_bitmap: preallocate 268435456 pg, nr_longs=4194304 in 4 millisec
[63833.975642] alloc_cross_bitmap: preallocate 268435456 pg, nr_longs=4194304 in 8 millisec
[63834.004623] alloc_cross_bitmap: preallocate 268435456 pg, nr_longs=4194304 in 12 millisec
[63834.628201] alloc_cross_bitmap: preallocate 268435456 pg, nr_longs=4194304 in 4 millisec
[63835.530234] alloc_cross_bitmap: preallocate 268435456 pg, nr_longs=4194304 in 8 millisec
[63836.242409] alloc_cross_bitmap: preallocate 268435456 pg, nr_longs=4194304 in 4 millisec
[63836.265094] alloc_cross_bitmap: preallocate 268435456 pg, nr_longs=4194304 in 4 millisec
[63836.302569] alloc_cross_bitmap: preallocate 268435456 pg, nr_longs=4194304 in 20 millisec
[63838.044676] alloc_cross_bitmap: preallocate 268435456 pg, nr_longs=4194304 in 4 millisec
[63839.116473] alloc_cross_bitmap: preallocate 268435456 pg, nr_longs=4194304 in 4 millisec
[63839.197924] alloc_cross_bitmap: preallocate 268435456 pg, nr_longs=4194304 in 36 millisec
[63839.300921] rocksdb:high0 invoked oom-killer: gfp_mask=0x1100cca(GFP_HIGHUSER_MOVABLE), order=0, oom_score_adj=0
[63839.300928] CPU: 9 PID: 5974 Comm: rocksdb:high0 Not tainted 5.14.0 #30
[63839.300931] Hardware name: Dell Inc. PowerEdge C6525/04DK47, BIOS 2.0.3 01/15/2021
[63839.300932] Call Trace:
[63839.300936]  dump_stack_lvl+0x4a/0x5f
[63839.300942]  dump_stack+0x10/0x12
[63839.300944]  dump_header+0x4f/0x210
[63839.300947]  oom_kill_process+0xec/0x140
[63839.300949]  out_of_memory+0x117/0x590
[63839.300951]  __alloc_pages_slowpath.constprop.122+0xa55/0xd70
[63839.300955]  __alloc_pages+0x2db/0x320
[63839.300957]  alloc_pages+0x6a/0xe0
[63839.300960]  __page_cache_alloc+0x65/0x90
[63839.300962]  pagecache_get_page+0x219/0x500
[63839.300965]  filemap_fault+0x380/0x690
[63839.300968]  ? filemap_map_pages+0x13f/0x610
[63839.300970]  ext4_filemap_fault+0x31/0x50
[63839.300974]  __do_fault+0x37/0xc0
[63839.300977]  __handle_mm_fault+0xdf9/0x1270
[63839.300979]  handle_mm_fault+0xd9/0x2b0
[63839.300980]  do_user_addr_fault+0x1e0/0x6e0
[63839.300983]  exc_page_fault+0x76/0x150
[63839.300985]  ? asm_exc_page_fault+0x8/0x30
[63839.300988]  asm_exc_page_fault+0x1e/0x30
[63839.300990] RIP: 0033:0x7f23eb08ec47
[63839.300995] Code: Unable to access opcode bytes at RIP 0x7f23eb08ec1d.
[63839.300996] RSP: 002b:00007f23e6713b78 EFLAGS: 00010206
[63839.300998] RAX: 00007f23d8403bdf RBX: 00007f233c000d70 RCX: 0000000000004000
[63839.300999] RDX: 00000000000008d1 RSI: 00007f23d80371a1 RDI: 00007f23d8404530
[63839.301001] RBP: 00007f23e6713c40 R08: 00007f23d8404528 R09: 00007f23eb08ec17
[63839.301001] R10: 0000000000000000 R11: 00007f23eb0def20 R12: 00007f23e6713cb0
[63839.301002] R13: 0000000000000959 R14: 0000000000000000 R15: 00007f23d80371e9
[63839.301005] Mem-Info:
[63839.301007] active_anon:95 inactive_anon:0 isolated_anon:0
                active_file:0 inactive_file:0 isolated_file:0
                unevictable:768 dirty:0 writeback:227
                slab_reclaimable:15959 slab_unreclaimable:87129
                mapped:0 shmem:770 pagetables:2695 bounce:0
                free:164417 free_pcp:0 free_cma:0
[63839.301012] Node 0 active_anon:380kB inactive_anon:0kB active_file:0kB inactive_file:0kB unevictable:3072kB isolated(anon):0kB isolated(file):0kB mapped:0kB dirty:0kB writeback:908kB shmem:3080kB shmem_thp: 0kB shmem_pmdmapped: 0kB anon_thp: 0kB writeback_tmp:0kB kernel_stack:9536kB pagetables:10780kB all_unreclaimable? no
[63839.301016] Node 0 DMA free:11264kB min:4kB low:16kB high:28kB reserved_highatomic:0KB active_anon:0kB inactive_anon:0kB active_file:0kB inactive_file:0kB unevictable:0kB writepending:0kB present:15992kB managed:15360kB mlocked:0kB bounce:0kB free_pcp:0kB local_pcp:0kB free_cma:0kB
[63839.301020] lowmem_reserve[]: 0 776 127598 127598 127598
[63839.301023] Node 0 DMA32 free:507696kB min:408kB low:1200kB high:1992kB reserved_highatomic:0KB active_anon:0kB inactive_anon:0kB active_file:0kB inactive_file:0kB unevictable:0kB writepending:0kB present:1682240kB managed:1616700kB mlocked:0kB bounce:0kB free_pcp:0kB local_pcp:0kB free_cma:0kB
[63839.301027] lowmem_reserve[]: 0 0 126822 126822 126822
[63839.301030] Node 0 Normal free:138708kB min:136796kB low:266660kB high:396524kB reserved_highatomic:2048KB active_anon:380kB inactive_anon:0kB active_file:0kB inactive_file:0kB unevictable:3072kB writepending:0kB present:132106240kB managed:129874164kB mlocked:0kB bounce:0kB free_pcp:0kB local_pcp:0kB free_cma:0kB
[63839.301033] lowmem_reserve[]: 0 0 0 0 0
[63839.301035] Node 0 DMA: 0*4kB 0*8kB 0*16kB 0*32kB 0*64kB 0*128kB 0*256kB 0*512kB 1*1024kB (U) 1*2048kB (M) 2*4096kB (M) = 11264kB
[63839.301043] Node 0 DMA32: 6*4kB (UME) 5*8kB (UME) 5*16kB (UME) 5*32kB (UME) 4*64kB (UME) 4*128kB (UME) 5*256kB (UME) 5*512kB (UME) 3*1024kB (ME) 4*2048kB (ME) 120*4096kB (ME) = 507696kB
[63839.301054] Node 0 Normal: 13629*4kB (UME) 7025*8kB (UME) 1876*16kB (UME) 0*32kB 0*64kB 0*128kB 0*256kB 0*512kB 0*1024kB 0*2048kB 0*4096kB = 140732kB
[63839.301061] Node 0 hugepages_total=0 hugepages_free=0 hugepages_surp=0 hugepages_size=1048576kB
[63839.301063] Node 0 hugepages_total=0 hugepages_free=0 hugepages_surp=0 hugepages_size=2048kB
[63839.301065] 954 total pagecache pages
[63839.301065] 0 pages in swap cache
[63839.301066] Swap cache stats: add 1553572, delete 1554058, find 149179/261939
[63839.301067] Free swap  = 642364kB
[63839.301068] Total swap = 3145724kB
[63839.301068] 33451118 pages RAM
[63839.301069] 0 pages HighMem/MovableOnly
[63839.301069] 574562 pages reserved
[63839.301070] 0 pages cma reserved
[63839.301071] 0 pages hwpoisoned
[63839.301071] Unreclaimable slab info:
[63839.301072] Name                      Used          Total
[63839.301073] mlx5_fs_ftes             253KB        253KB
[63839.301075] mlx5_fs_fgs               63KB         63KB
[63839.301076] scsi_sense_cache          32KB         32KB
[63839.301078] RAWv6                    123KB        123KB
[63839.301079] UDPv6                   1417KB       1417KB
[63839.301081] TCPv6                     92KB         92KB
[63839.301082] mqueue_inode_cache         31KB         31KB
[63839.301085] ext4_system_zone          39KB         39KB
[63839.301088] PING                    1600KB       1600KB
[63839.301090] RAW                       96KB         96KB
[63839.301090] tw_sock_TCP              295KB        295KB
[63839.301092] request_sock_TCP         739KB        739KB
[63839.301092] TCP                     1439KB       1439KB
[63839.301094] hugetlbfs_inode_cache         63KB         63KB
[63839.301095] ep_head                  192KB        192KB
[63839.301096] request_queue             62KB         62KB
[63839.301097] biovec-max              4516KB       4644KB
[63839.301099] biovec-128              1600KB       1600KB
[63839.301099] biovec-64               1536KB       1536KB
[63839.301101] dmaengine-unmap-256         30KB         30KB
[63839.301102] dmaengine-unmap-128         31KB         31KB
[63839.301104] dmaengine-unmap-16       3866KB       3906KB
[63839.301105] skbuff_fclone_cache        768KB        768KB
[63839.301106] skbuff_head_cache       1200KB       1200KB
[63839.301107] file_lock_cache          351KB        351KB
[63839.301108] file_lock_ctx             99KB         99KB
[63839.301109] fsnotify_mark_connector        192KB        192KB
[63839.301110] task_delay_info          111KB        111KB
[63839.301111] taskstats                585KB        585KB
[63839.301112] proc_dir_entry           732KB        732KB
[63839.301114] pde_opener               191KB        191KB
[63839.301115] seq_file                 191KB        191KB
[63839.301116] shmem_inode_cache       2192KB       2192KB
[63839.301117] kernfs_node_cache       8920KB       8920KB
[63839.301118] mnt_cache                302KB        302KB
[63839.301119] filp                    3232KB       3232KB
[63839.301120] names_cache             1536KB       1536KB
[63839.301122] lsm_file_cache           262KB        262KB
[63839.301123] vm_area_struct          4601KB       4601KB
[63839.301124] mm_struct               1657KB       1657KB
[63839.301125] files_cache             1581KB       1581KB
[63839.301126] signal_cache            2173KB       2173KB
[63839.301127] sighand_cache           2877KB       2877KB
[63839.301127] task_struct             6125KB       6125KB
[63839.301128] cred_jar                 582KB        582KB
[63839.301129] anon_vma_chain          1812KB       1812KB
[63839.301131] anon_vma                1842KB       1842KB
[63839.301132] pid                      300KB        300KB
[63839.301133] irq_remap_cache          384KB        384KB
[63839.301134] Acpi-Operand             811KB        811KB
[63839.301135] Acpi-ParseExt             47KB         47KB
[63839.301136] Acpi-State               191KB        191KB
[63839.301137] numa_policy               15KB         15KB
[63839.301138] perf_event              1508KB       1508KB
[63839.301138] trace_event_file         316KB        316KB
[63839.301139] ftrace_event_field        386KB        386KB
[63839.301140] pool_workqueue           392KB        392KB
[63839.301141] task_group               756KB        756KB
[63839.301165] vmap_area              18902KB      19072KB
[63839.301167] kmalloc-cg-8k            128KB        128KB
[63839.301167] kmalloc-cg-4k           1536KB       1536KB
[63839.301168] kmalloc-cg-2k           1312KB       1312KB
[63839.301169] kmalloc-cg-1k           1600KB       1600KB
[63839.301169] kmalloc-cg-512           832KB        832KB
[63839.301170] kmalloc-cg-256           144KB        144KB
[63839.301171] kmalloc-cg-192           378KB        378KB
[63839.301172] kmalloc-cg-96            153KB        153KB
[63839.301172] kmalloc-cg-64            192KB        192KB
[63839.301173] kmalloc-cg-32            192KB        192KB
[63839.301174] kmalloc-cg-16            192KB        192KB
[63839.301174] kmalloc-cg-8             192KB        192KB
[63839.301175] kmalloc-8k             65440KB      65440KB
[63839.301177] kmalloc-4k              7300KB       7428KB
[63839.301178] kmalloc-2k             86964KB      87104KB
[63839.301178] kmalloc-1k              5888KB       5888KB
[63839.301179] kmalloc-512            18032KB      18032KB
[63839.301180] kmalloc-256             1280KB       1280KB
[63839.301181] kmalloc-192              724KB        724KB
[63839.301181] kmalloc-128              904KB        904KB
[63839.301182] kmalloc-96             16376KB      16376KB
[63839.301183] kmalloc-64              2416KB       2416KB
[63839.301183] kmalloc-32              1488KB       1488KB
[63839.301184] kmalloc-16               336KB        336KB
[63839.301185] kmalloc-8                276KB        276KB
[63839.301185] kmem_cache_node           24KB         24KB
[63839.301186] kmem_cache                72KB         72KB
[63839.301187] Tasks state (memory values in pages):
[63839.301188] [  pid  ]   uid  tgid total_vm      rss pgtables_bytes swapents oom_score_adj name
[63839.301195] [    744]     0   744    27577        0   233472      376             0 systemd-journal
[63839.301198] [    750]     0   750    26479        0    98304       57             0 lvmetad
[63839.301200] [    754]     0   754    10826        0   114688      447         -1000 systemd-udevd
[63839.301203] [    996]     0   996    11903        0   131072      129             0 rpcbind
[63839.301205] [    998]   101   998    17625        0   176128      139             0 systemd-resolve
[63839.301207] [   1002]   103  1002    12517        1   147456      170          -900 dbus-daemon
[63839.301209] [   1004]     0  1004    42595        1   233472     1941             0 networkd-dispat
[63839.301211] [   1005]     0  1005    27759        0   122880      211             0 irqbalance
[63839.301213] [   1006]     0  1006     7833        0   102400       72             0 cron
[63839.301215] [   1010]     0  1010    17619        0   176128      180             0 systemd-logind
[63839.301217] [   1012]     0  1012    71916        0   192512      278             0 accounts-daemon
[63839.301218] [   1037]   102  1037    66819        0   167936      423             0 rsyslogd
[63839.301220] [   1041]     0  1041    72223        0   208896      230             0 polkitd
[63839.301222] [   1049]     0  1049     8709        1   106496     1775             0 ntpstart
[63839.301223] [   1053]     0  1053    18078        0   184320      206         -1000 sshd
[63839.301225] [   1107]   100  1107    20015        0   184320      183             0 systemd-network
[63839.301227] [   1187]     0  1187     3992        0    81920       35             0 agetty
[63839.301229] [   1212]     0  1212     2747        0    61440       63             0 slothd
[63839.301230] [   1214]     0  1214    11399        0   122880     2396             0 watchdog
[63839.301232] [   1215]     0  1215     4048        0    77824       37             0 agetty
[63839.301234] [   1237]     0  1237     5686        0    77824      113             0 pubsubd
[63839.301235] [   1340]     0  1340     1136        0    53248       27             0 emulab-syncd
[63839.301237] [   1346]     0  1346    11274        0   118784     2245             0 rc.progagent
[63839.301239] [   1347]  2002  1347     8882        0   114688      127             0 program-agent
[63839.301240] [   1399]     0  1399     6200        0    86016      107             0 linktest
[63839.301242] [   1414]   107  1414    26945        0   126976      170             0 ntpd
[63839.301244] [   4689] 20002  4689    19131        0   192512      259             0 systemd
[63839.301246] [   4690] 20002  4690    27870        0   245760      542             0 (sd-pam)
[63839.301247] [   4742] 20002  4742    13273        0   143360      431             0 mosh-server
[63839.301249] [   4743] 20002  4743     5334        1    90112      149             0 tcsh
[63839.301251] [   4749] 20002  4749     5676        1    81920      427             0 bash
[63839.301252] [   4791] 20002  4791     3257        1    69632       91             0 rocksdb-exp-tes
[63839.301254] [   5955] 20002  5955    21487        1   110592       72             0 time
[63839.301256] [   5964] 20002  5964  1025961        0  6311936   608573             0 db_bench
[63839.301258] oom-kill:constraint=CONSTRAINT_NONE,nodemask=(null),cpuset=/,mems_allowed=0,global_oom,task_memcg=/,task=db_bench,pid=5964,uid=20002
[63839.301302] Out of memory: Killed process 5964 (db_bench) total-vm:4103844kB, anon-rss:0kB, file-rss:0kB, shmem-rss:0kB, UID:20002 pgtables:6164kB oom_score_adj:0
[63839.301302] FinalTaskReport: db_bench:5964 - ra_orig_nr_pages:0, ra_final_nr_pages:0
                                        async_pages:1116, final_async_pages:1499
                                        full_pfetches:0, less256_pfetches:0, partial_pfetches:0
                                        failed_pfetches:0, total_pfetches:0, os_pfetches:71
                                        nr_pages_read:715, nr_pages_hit:328, nr_do_read_fault:164
[63839.322749] ERR:alloc_cross_bitmap unable to allocate bitmap
[63839.409723] oom_reaper: reaped process 5964 (db_bench), now anon-rss:0kB, file-rss:0kB, shmem-rss:0kB
[63839.415259] write_proc: Value of write = 0
[63839.415463] __do_sys_start_cross_trace: PRINT_GLOBAL_STATS 
[63839.415464] Final GlobalReport: nr_pages_read:1347379199, nr_pages_hit:1333643659, nr_do_read_fault:510705, nr_pages_miss:5767518
[63839.418539] FinalTaskReport: time:5955 - ra_orig_nr_pages:0, ra_final_nr_pages:0
                                        async_pages:192, final_async_pages:640
                                        full_pfetches:0, less256_pfetches:0, partial_pfetches:0
                                        failed_pfetches:0, total_pfetches:0, os_pfetches:27
                                        nr_pages_read:0, nr_pages_hit:0, nr_do_read_fault:89
