ENABLE_FILE_STATS in con
ENABLE_FILE_STATS in con
Command terminated by signal 9
	Command being timed: "./db_bench --db=/users/kannan11/ssd/sudarsun/prefetching/appbench/apps/rocksdb/DATA --value_size=4096 --wal_dir=/users/kannan11/ssd/sudarsun/prefetching/appbench/apps/rocksdb/DATA/WAL_LOG --sync=0 --key_size=1000 --write_buffer_size=67108864 --num=1000000 --benchmarks=overwrite --use_existing_db=1 --mmap_read=0 --threads=16"
	User time (seconds): 0.01
	System time (seconds): 0.09
	Percent of CPU this job got: 278%
	Elapsed (wall clock) time (h:mm:ss or m:ss): 0:00.04
	Average shared text size (kbytes): 0
	Average unshared data size (kbytes): 0
	Average stack size (kbytes): 0
	Average total size (kbytes): 0
	Maximum resident set size (kbytes): 61928
	Average resident set size (kbytes): 0
	Major (requiring I/O) page faults: 73
	Minor (reclaiming a frame) page faults: 13596
	Voluntary context switches: 424
	Involuntary context switches: 49
	Swaps: 0
	File system inputs: 14296
	File system outputs: 40
	Socket messages sent: 0
	Socket messages received: 0
	Signals delivered: 0
	Page size (bytes): 4096
	Exit status: 0
DESTRUCTOR GETTING CALLED 
PRINT_GLOBAL_STATS in dest
[63991.576850] sh (7376): drop_caches: 3
[63991.605151] sh (7381): drop_caches: 3
[63996.641009] Enabled file stats for time:7388
[63996.641230] write_proc: Value of write = 1
[63996.647398] Enabled file stats for db_bench:7397
[63996.647620] write_proc: Value of write = 1
[63996.663881] db_bench invoked oom-killer: gfp_mask=0x1100dca(GFP_HIGHUSER_MOVABLE|__GFP_ZERO), order=0, oom_score_adj=0
[63996.663890] CPU: 5 PID: 7418 Comm: db_bench Not tainted 5.14.0 #30
[63996.663893] Hardware name: Dell Inc. PowerEdge C6525/04DK47, BIOS 2.0.3 01/15/2021
[63996.663894] Call Trace:
[63996.663898]  dump_stack_lvl+0x4a/0x5f
[63996.663904]  dump_stack+0x10/0x12
[63996.663906]  dump_header+0x4f/0x210
[63996.663910]  oom_kill_process+0xec/0x140
[63996.663912]  out_of_memory+0x117/0x590
[63996.663914]  __alloc_pages_slowpath.constprop.122+0xa55/0xd70
[63996.663918]  __alloc_pages+0x2db/0x320
[63996.663920]  alloc_pages_vma+0x88/0x220
[63996.663923]  __handle_mm_fault+0xa3f/0x1270
[63996.663927]  handle_mm_fault+0xd9/0x2b0
[63996.663928]  do_user_addr_fault+0x1e0/0x6e0
[63996.663931]  exc_page_fault+0x76/0x150
[63996.663934]  ? asm_exc_page_fault+0x8/0x30
[63996.663937]  asm_exc_page_fault+0x1e/0x30
[63996.663939] RIP: 0033:0x7f4abe5e5ea7
[63996.663942] Code: 47 20 c5 fe 7f 44 17 c0 c5 fe 7f 47 40 c5 fe 7f 44 17 a0 c5 fe 7f 47 60 c5 fe 7f 44 17 80 48 01 fa 48 83 e2 80 48 39 d1 74 ba <c5> fd 7f 01 c5 fd 7f 41 20 c5 fd 7f 41 40 c5 fd 7f 41 60 48 81 c1
[63996.663944] RSP: 002b:00007f4a94ffb368 EFLAGS: 00010206
[63996.663946] RAX: 00007f4a59fff010 RBX: 00007f4a60000ca0 RCX: 00007f4a5a352000
[63996.663947] RDX: 00007f4a5bfff000 RSI: 0000000000000000 RDI: 00007f4a59fff010
[63996.663948] RBP: 00007f4a94ffb380 R08: 00000000ffffffff R09: 0000000000000000
[63996.663949] R10: 0000000000000022 R11: 0000000000000246 R12: 0000000000080000
[63996.663950] R13: 00007f4a94ffb730 R14: 00007f4a94ffb810 R15: fffffffffffffca0
[63996.663953] Mem-Info:
[63996.663958] active_anon:256 inactive_anon:12575 isolated_anon:0
                active_file:1858 inactive_file:4235 isolated_file:0
                unevictable:768 dirty:31 writeback:0
                slab_reclaimable:14685 slab_unreclaimable:87547
                mapped:3802 shmem:769 pagetables:1163 bounce:0
                free:150399 free_pcp:58 free_cma:0
[63996.663962] Node 0 active_anon:1024kB inactive_anon:50300kB active_file:7432kB inactive_file:16940kB unevictable:3072kB isolated(anon):0kB isolated(file):0kB mapped:15208kB dirty:124kB writeback:0kB shmem:3076kB shmem_thp: 0kB shmem_pmdmapped: 0kB anon_thp: 0kB writeback_tmp:0kB kernel_stack:9440kB pagetables:4652kB all_unreclaimable? no
[63996.663966] Node 0 DMA free:11264kB min:4kB low:16kB high:28kB reserved_highatomic:0KB active_anon:0kB inactive_anon:0kB active_file:0kB inactive_file:0kB unevictable:0kB writepending:0kB present:15992kB managed:15360kB mlocked:0kB bounce:0kB free_pcp:0kB local_pcp:0kB free_cma:0kB
[63996.663971] lowmem_reserve[]: 0 776 127598 127598 127598
[63996.663974] Node 0 DMA32 free:507624kB min:408kB low:1200kB high:1992kB reserved_highatomic:2048KB active_anon:0kB inactive_anon:0kB active_file:0kB inactive_file:0kB unevictable:0kB writepending:0kB present:1682240kB managed:1616700kB mlocked:0kB bounce:0kB free_pcp:0kB local_pcp:0kB free_cma:0kB
[63996.663978] lowmem_reserve[]: 0 0 126822 126822 126822
[63996.663981] Node 0 Normal free:82708kB min:171612kB low:301476kB high:431340kB reserved_highatomic:4096KB active_anon:1024kB inactive_anon:50300kB active_file:7432kB inactive_file:16940kB unevictable:3072kB writepending:124kB present:132106240kB managed:129874164kB mlocked:0kB bounce:0kB free_pcp:232kB local_pcp:128kB free_cma:0kB
[63996.663985] lowmem_reserve[]: 0 0 0 0 0
[63996.663987] Node 0 DMA: 0*4kB 0*8kB 0*16kB 0*32kB 0*64kB 0*128kB 0*256kB 0*512kB 1*1024kB (U) 1*2048kB (M) 2*4096kB (M) = 11264kB
[63996.663995] Node 0 DMA32: 6*4kB (UMEH) 5*8kB (UME) 7*16kB (UMEH) 4*32kB (ME) 5*64kB (UME) 5*128kB (UMEH) 4*256kB (ME) 5*512kB (MEH) 3*1024kB (ME) 4*2048kB (ME) 120*4096kB (ME) = 507632kB
[63996.664006] Node 0 Normal: 10917*4kB (UME) 3450*8kB (UME) 975*16kB (UME) 6*32kB (UE) 0*64kB 0*128kB 0*256kB 0*512kB 0*1024kB 0*2048kB 0*4096kB = 87060kB
[63996.664014] Node 0 hugepages_total=0 hugepages_free=0 hugepages_surp=0 hugepages_size=1048576kB
[63996.664016] Node 0 hugepages_total=0 hugepages_free=0 hugepages_surp=0 hugepages_size=2048kB
[63996.664017] 7359 total pagecache pages
[63996.664018] 321 pages in swap cache
[63996.664018] Swap cache stats: add 2087282, delete 2087811, find 185093/350798
[63996.664020] Free swap  = 3100536kB
[63996.664020] Total swap = 3145724kB
[63996.664021] 33451118 pages RAM
[63996.664021] 0 pages HighMem/MovableOnly
[63996.664022] 574562 pages reserved
[63996.664022] 0 pages cma reserved
[63996.664023] 0 pages hwpoisoned
[63996.664023] Unreclaimable slab info:
[63996.664024] Name                      Used          Total
[63996.664026] mlx5_fs_ftes             253KB        253KB
[63996.664028] mlx5_fs_fgs               63KB         63KB
[63996.664029] scsi_sense_cache          32KB         32KB
[63996.664032] RAWv6                    123KB        123KB
[63996.664033] UDPv6                   1417KB       1417KB
[63996.664035] TCPv6                     92KB         92KB
[63996.664036] mqueue_inode_cache         31KB         31KB
[63996.664040] ext4_system_zone          39KB         39KB
[63996.664042] PING                    1600KB       1600KB
[63996.664044] RAW                       96KB         96KB
[63996.664045] tw_sock_TCP              295KB        295KB
[63996.664046] request_sock_TCP         739KB        739KB
[63996.664047] TCP                     1439KB       1439KB
[63996.664049] hugetlbfs_inode_cache         63KB         63KB
[63996.664050] ep_head                  192KB        192KB
[63996.664051] request_queue             62KB         62KB
[63996.664053] biovec-max              4612KB       4708KB
[63996.664053] biovec-128              1600KB       1600KB
[63996.664054] biovec-64               1536KB       1536KB
[63996.664056] dmaengine-unmap-256         30KB         30KB
[63996.664057] dmaengine-unmap-128         31KB         31KB
[63996.664058] dmaengine-unmap-16       4024KB       4024KB
[63996.664059] skbuff_fclone_cache        768KB        768KB
[63996.664060] skbuff_head_cache       1206KB       1224KB
[63996.664061] file_lock_cache          359KB        359KB
[63996.664062] file_lock_ctx            107KB        107KB
[63996.664064] fsnotify_mark_connector        192KB        192KB
[63996.664065] task_delay_info          111KB        111KB
[63996.664067] taskstats                674KB        674KB
[63996.664067] proc_dir_entry           732KB        732KB
[63996.664068] pde_opener               191KB        191KB
[63996.664070] seq_file                 191KB        191KB
[63996.664071] shmem_inode_cache       2192KB       2192KB
[63996.664072] kernfs_node_cache       8920KB       8920KB
[63996.664073] mnt_cache                302KB        302KB
[63996.664076] filp                    3747KB       3808KB
[63996.664077] names_cache             1536KB       1536KB
[63996.664078] lsm_file_cache           266KB        266KB
[63996.664079] vm_area_struct          4609KB       4609KB
[63996.664081] mm_struct               1657KB       1657KB
[63996.664081] files_cache             1581KB       1581KB
[63996.664083] signal_cache            2173KB       2173KB
[63996.664084] sighand_cache           2877KB       2877KB
[63996.664085] task_struct             6131KB       6144KB
[63996.664086] cred_jar                 708KB        708KB
[63996.664087] anon_vma_chain          2072KB       2072KB
[63996.664088] anon_vma                1929KB       1929KB
[63996.664089] pid                      308KB        308KB
[63996.664090] irq_remap_cache          384KB        384KB
[63996.664092] Acpi-Operand             811KB        811KB
[63996.664093] Acpi-ParseExt             47KB         47KB
[63996.664094] Acpi-State               191KB        191KB
[63996.664095] numa_policy               15KB         15KB
[63996.664095] perf_event              1508KB       1508KB
[63996.664096] trace_event_file         316KB        316KB
[63996.664097] ftrace_event_field        386KB        386KB
[63996.664098] pool_workqueue           392KB        392KB
[63996.664099] task_group               756KB        756KB
[63996.664123] vmap_area              18947KB      19072KB
[63996.664125] kmalloc-cg-8k            128KB        128KB
[63996.664126] kmalloc-cg-4k           1536KB       1536KB
[63996.664127] kmalloc-cg-2k           1344KB       1344KB
[63996.664128] kmalloc-cg-1k           1600KB       1600KB
[63996.664129] kmalloc-cg-512           832KB        832KB
[63996.664130] kmalloc-cg-256           144KB        144KB
[63996.664131] kmalloc-cg-192           378KB        378KB
[63996.664132] kmalloc-cg-96            157KB        157KB
[63996.664132] kmalloc-cg-64            192KB        192KB
[63996.664133] kmalloc-cg-32            192KB        192KB
[63996.664134] kmalloc-cg-16            192KB        192KB
[63996.664135] kmalloc-cg-8             192KB        192KB
[63996.664136] kmalloc-8k             65440KB      65440KB
[63996.664137] kmalloc-4k              7236KB       7428KB
[63996.664138] kmalloc-2k             87140KB      87160KB
[63996.664139] kmalloc-1k              5888KB       5888KB
[63996.664139] kmalloc-512            18048KB      18048KB
[63996.664140] kmalloc-256             1280KB       1280KB
[63996.664141] kmalloc-192              724KB        724KB
[63996.664141] kmalloc-128              904KB        904KB
[63996.664142] kmalloc-96             16403KB      16403KB
[63996.664143] kmalloc-64              2444KB       2444KB
[63996.664144] kmalloc-32              1488KB       1488KB
[63996.664145] kmalloc-16               336KB        336KB
[63996.664145] kmalloc-8                276KB        276KB
[63996.664146] kmem_cache_node           24KB         24KB
[63996.664147] kmem_cache                72KB         72KB
[63996.664148] Tasks state (memory values in pages):
[63996.664148] [  pid  ]   uid  tgid total_vm      rss pgtables_bytes swapents oom_score_adj name
[63996.664156] [    744]     0   744    29652     1070   249856      362             0 systemd-journal
[63996.664159] [    750]     0   750    26479        0    98304       57             0 lvmetad
[63996.664162] [    754]     0   754    10826        0   114688      449         -1000 systemd-udevd
[63996.664164] [    996]     0   996    11903        1   131072      123             0 rpcbind
[63996.664166] [    998]   101   998    17625        0   176128      152             0 systemd-resolve
[63996.664168] [   1002]   103  1002    12517        1   147456      177          -900 dbus-daemon
[63996.664170] [   1005]     0  1005    27759        0   122880      211             0 irqbalance
[63996.664172] [   1006]     0  1006     7833        0   102400       91             0 cron
[63996.664174] [   1010]     0  1010    17619        0   176128      183             0 systemd-logind
[63996.664176] [   1012]     0  1012    71916      296   192512      226             0 accounts-daemon
[63996.664178] [   1037]   102  1037    66819       70   167936      411             0 rsyslogd
[63996.664180] [   1041]     0  1041    72223        0   208896      260             0 polkitd
[63996.664181] [   1049]     0  1049     8709        1   106496     1775             0 ntpstart
[63996.664183] [   1053]     0  1053    18078        0   184320      207         -1000 sshd
[63996.664185] [   1107]   100  1107    20015        0   184320      180             0 systemd-network
[63996.664187] [   1187]     0  1187     3992        0    81920       35             0 agetty
[63996.664188] [   1212]     0  1212     2747        0    61440       65             0 slothd
[63996.664190] [   1215]     0  1215     4048        0    77824       37             0 agetty
[63996.664192] [   1237]     0  1237     5686        0    77824      113             0 pubsubd
[63996.664194] [   1340]     0  1340     1136        0    53248       27             0 emulab-syncd
[63996.664195] [   1347]  2002  1347     8882        1   114688      128             0 program-agent
[63996.664197] [   1399]     0  1399     6200        0    86016      110             0 linktest
[63996.664199] [   1414]   107  1414    26945        0   126976      158             0 ntpd
[63996.664201] [   4689] 20002  4689    19131        0   192512      259             0 systemd
[63996.664203] [   4690] 20002  4690    27870        0   245760      542             0 (sd-pam)
[63996.664204] [   4742] 20002  4742    13273      578   143360      229             0 mosh-server
[63996.664206] [   4743] 20002  4743     5334        1    90112      149             0 tcsh
[63996.664208] [   4749] 20002  4749     5676        1    81920      427             0 bash
[63996.664210] [   4791] 20002  4791     3257      522    69632       31             0 rocksdb-exp-tes
[63996.664212] [   7388] 20002  7388    21487      858   110592        0             0 time
[63996.664213] [   7397] 20002  7397   463116    15066   512000        0             0 db_bench
[63996.664215] oom-kill:constraint=CONSTRAINT_NONE,nodemask=(null),cpuset=/,mems_allowed=0,global_oom,task_memcg=/,task=db_bench,pid=7397,uid=20002
[63996.664242] Out of memory: Killed process 7397 (db_bench) total-vm:1852464kB, anon-rss:52032kB, file-rss:8232kB, shmem-rss:0kB, UID:20002 pgtables:500kB oom_score_adj:0
[63996.670237] FinalTaskReport: db_bench:7397 - ra_orig_nr_pages:0, ra_final_nr_pages:0
                                        async_pages:1091, final_async_pages:1316
                                        full_pfetches:0, less256_pfetches:0, partial_pfetches:0
                                        failed_pfetches:0, total_pfetches:0, os_pfetches:64
                                        nr_pages_read:144, nr_pages_hit:108, nr_do_read_fault:159
[63996.682752] oom_reaper: reaped process 7397 (db_bench), now anon-rss:0kB, file-rss:0kB, shmem-rss:0kB
[63996.684938] write_proc: Value of write = 0
[63996.685278] __do_sys_start_cross_trace: PRINT_GLOBAL_STATS 
[63996.685280] Final GlobalReport: nr_pages_read:1347472252, nr_pages_hit:1333694673, nr_do_read_fault:771374, nr_pages_miss:5770245
[63996.688545] FinalTaskReport: time:7388 - ra_orig_nr_pages:0, ra_final_nr_pages:0
                                        async_pages:384, final_async_pages:683
                                        full_pfetches:0, less256_pfetches:0, partial_pfetches:0
                                        failed_pfetches:0, total_pfetches:0, os_pfetches:31
                                        nr_pages_read:0, nr_pages_hit:0, nr_do_read_fault:85
