RocksDB:    version 5.4
Date:       Thu Mar 14 21:35:41 2024
CPU:        128 * AMD EPYC 7543 32-Core Processor
CPUCache:   512 KB
... finished 100 ops                              ... finished 100 ops                              ... finished 100 ops                              ... finished 100 ops                              ... finished 100 ops                              ... finished 200 ops                              ... finished 200 ops                              ... finished 200 ops                              ... finished 200 ops                              ... finished 200 ops                              ... finished 300 ops                              ... finished 300 ops                              ... finished 300 ops                              ... finished 300 ops                              ... finished 300 ops                              ... finished 400 ops                              ... finished 400 ops                              ... finished 400 ops                              ... finished 400 ops                              ... finished 400 ops                              ... finished 500 ops                              ... finished 500 ops                              ... finished 500 ops                              ... finished 500 ops                              ... finished 500 ops                              ... finished 600 ops                              ... finished 600 ops                              ... finished 600 ops                              ... finished 600 ops                              ... finished 600 ops                              ... finished 700 ops                              ... finished 700 ops                              ... finished 700 ops                              ... finished 700 ops                              ... finished 700 ops                              ... finished 800 ops                              ... finished 800 ops                              ... finished 800 ops                              ... finished 800 ops                              ... finished 800 ops                              ... finished 900 ops                              ... finished 900 ops                              ... finished 900 ops                              ... finished 900 ops                              ... finished 900 ops                              ... finished 1000 ops                              ... finished 1000 ops                              ... finished 1000 ops                              ... finished 1000 ops                              ... finished 1000 ops                              ... finished 1500 ops                              ... finished 1500 ops                              ... finished 1500 ops                              ... finished 1500 ops                              ... finished 1500 ops                              ... finished 2000 ops                              ... finished 2000 ops                              ... finished 2000 ops                              ... finished 2000 ops                              ... finished 2000 ops                              ... finished 2500 ops                              ... finished 2500 ops                              ... finished 2500 ops                              ... finished 2500 ops                              ... finished 2500 ops                              ... finished 3000 ops                              ... finished 3000 ops                              ... finished 3000 ops                              ... finished 3000 ops                              ... finished 3000 ops                              ... finished 3500 ops                              ... finished 3500 ops                              ... finished 3500 ops                              ... finished 3500 ops                              ... finished 3500 ops                              ... finished 4000 ops                              ... finished 4000 ops                              ... finished 4000 ops                              ... finished 4000 ops                              ... finished 4000 ops                              ... finished 4500 ops                              ... finished 4500 ops                              ... finished 4500 ops                              ... finished 4500 ops                              ... finished 4500 ops                              ... finished 5000 ops                              ... finished 5000 ops                              ... finished 5000 ops                              ... finished 5000 ops                              ... finished 5000 ops                              ... finished 6000 ops                              ... finished 6000 ops                              ... finished 6000 ops                              ... finished 6000 ops                              ... finished 6000 ops                              ... finished 7000 ops                              ... finished 7000 ops                              ... finished 7000 ops                              ... finished 7000 ops                              ... finished 7000 ops                              ... finished 8000 ops                              ... finished 8000 ops                              ... finished 8000 ops                              ... finished 8000 ops                              ... finished 8000 ops                              ... finished 9000 ops                              ... finished 9000 ops                              ... finished 9000 ops                              ... finished 9000 ops                              ... finished 9000 ops                              ... finished 10000 ops                              ... finished 10000 ops                              ... finished 10000 ops                              ... finished 10000 ops                              ... finished 10000 ops                              ... finished 100 ops                              ... finished 100 ops                              ... finished 200 ops                              ... finished 200 ops                              ... finished 100 ops                              ... finished 300 ops                              ... finished 300 ops                              ... finished 400 ops                              ... finished 200 ops                              ... finished 400 ops                              ... finished 500 ops                              ... finished 300 ops                              ... finished 500 ops                              ... finished 600 ops                              ... finished 400 ops                              ... finished 600 ops                              ... finished 700 ops                              ... finished 500 ops                              ... finished 700 ops                              ... finished 800 ops                              ... finished 600 ops                              ... finished 900 ops                              ... finished 800 ops                              ... finished 700 ops                              ... finished 1000 ops                              ... finished 800 ops                              ... finished 900 ops                              ... finished 900 ops                              ... finished 1000 ops                              ... finished 1000 ops                              ... finished 1500 ops                              ... finished 1500 ops                              ... finished 1500 ops                              ... finished 2000 ops                              ... finished 2000 ops                              ... finished 2000 ops                              ... finished 2500 ops                              ... finished 2500 ops                              ... finished 3000 ops                              ... finished 2500 ops                              ... finished 3000 ops                              ... finished 15000 ops                              ... finished 3500 ops                              ... finished 3000 ops                              ... finished 15000 ops                              ... finished 15000 ops                              ... finished 15000 ops                              ... finished 3500 ops                              ... finished 4000 ops                              ... finished 3500 ops                              ... finished 4000 ops                              ... finished 4500 ops                              ... finished 15000 ops                              ... finished 4000 ops                              ... finished 5000 ops                              ... finished 4500 ops                              ... finished 4500 ops                              ... finished 5000 ops                              ... finished 5000 ops                              ... finished 6000 ops                              ... finished 6000 ops                              ... finished 6000 ops                              ... finished 7000 ops                              ... finished 8000 ops                              ... finished 7000 ops                              ... finished 7000 ops                              ... finished 20000 ops                              ... finished 20000 ops                              ... finished 20000 ops                              ... finished 20000 ops                              ... finished 9000 ops                              ... finished 8000 ops                              ... finished 8000 ops                              ... finished 20000 ops                              ... finished 10000 ops                              ... finished 9000 ops                              ... finished 9000 ops                              ... finished 10000 ops                              ... finished 10000 ops                              ... finished 25000 ops                              ... finished 25000 ops                              ... finished 25000 ops                              ... finished 25000 ops                              ... finished 15000 ops                              ... finished 25000 ops                              ... finished 15000 ops                              ... finished 15000 ops                              ... finished 30000 ops                              ... finished 30000 ops                              ... finished 30000 ops                              ... finished 30000 ops                              ... finished 20000 ops                              ... finished 30000 ops                              ... finished 20000 ops                              ... finished 20000 ops                              ... finished 35000 ops                              ... finished 35000 ops                              ... finished 25000 ops                              ... finished 35000 ops                              ... finished 35000 ops                              ... finished 35000 ops                              ... finished 40000 ops                              ... finished 25000 ops                              ... finished 25000 ops                              ... finished 30000 ops                              ... finished 40000 ops                              ... finished 40000 ops                              ... finished 40000 ops                              ... finished 40000 ops                              ... finished 45000 ops                              ... finished 30000 ops                              ... finished 35000 ops                              ... finished 30000 ops                              ... finished 45000 ops                              ... finished 45000 ops                              ... finished 45000 ops                              ... finished 45000 ops                              ... finished 50000 ops                              ... finished 40000 ops                              ... finished 35000 ops                              ... finished 50000 ops                              ... finished 35000 ops                              ... finished 50000 ops                              ... finished 50000 ops                              ... finished 50000 ops                              ... finished 45000 ops                              ... finished 40000 ops                              ... finished 60000 ops                              ... finished 40000 ops                              ... finished 50000 ops                              ... finished 45000 ops                              ... finished 60000 ops                              ... finished 60000 ops                              ... finished 60000 ops                              ... finished 60000 ops                              ... finished 45000 ops                              ... finished 50000 ops                              ... finished 70000 ops                              ... finished 60000 ops                              ... finished 50000 ops                              ... finished 70000 ops                              ... finished 70000 ops                              ... finished 70000 ops                              ... finished 70000 ops                              ... finished 60000 ops                              ... finished 80000 ops                              ... finished 70000 ops                              ... finished 60000 ops                              ... finished 80000 ops                              ... finished 80000 ops                              ... finished 80000 ops                              ... finished 80000 ops                              ... finished 90000 ops                              ... finished 70000 ops                              ... finished 80000 ops                              ... finished 90000 ops                              ... finished 70000 ops                              ... finished 90000 ops                              ... finished 90000 ops                              ... finished 90000 ops                              ... finished 100000 ops                              ... finished 80000 ops                              ... finished 90000 ops                              ... finished 100000 ops                              ... finished 80000 ops                              ... finished 100000 ops                              ... finished 100000 ops                              ... finished 100000 ops                              ... finished 90000 ops                              ... finished 100000 ops                              ... finished 90000 ops                              ... finished 100000 ops                              ... finished 100000 ops                              ... finished 150000 ops                              ... finished 150000 ops                              ... finished 150000 ops                              ... finished 150000 ops                              ... finished 150000 ops                              ... finished 150000 ops                              ... finished 150000 ops                              ... finished 150000 ops                              ... finished 200000 ops                              ... finished 200000 ops                              ... finished 200000 ops                              ... finished 200000 ops                              ... finished 200000 ops                              ... finished 200000 ops                              ... finished 200000 ops                              ... finished 200000 ops                              ... finished 250000 ops                              ... finished 250000 ops                              ... finished 250000 ops                              ... finished 250000 ops                              ... finished 250000 ops                              ... finished 250000 ops                              ... finished 250000 ops                              ... finished 250000 ops                              ... finished 300000 ops                              ... finished 300000 ops                              ... finished 300000 ops                              ... finished 300000 ops                              ... finished 300000 ops                              ... finished 300000 ops                              ... finished 300000 ops                              ... finished 300000 ops                              ... finished 350000 ops                              ... finished 350000 ops                              ... finished 350000 ops                              ... finished 350000 ops                              ... finished 350000 ops                              ... finished 350000 ops                              ... finished 350000 ops                              ... finished 350000 ops                              ... finished 400000 ops                              ... finished 400000 ops                              ... finished 400000 ops                              ... finished 400000 ops                              ... finished 400000 ops                              ... finished 400000 ops                              ... finished 400000 ops                              ... finished 450000 ops                              ... finished 400000 ops                              ... finished 450000 ops                              ... finished 450000 ops                              ... finished 450000 ops                              ... finished 450000 ops                              ... finished 450000 ops                              ... finished 450000 ops                              ... finished 500000 ops                              ... finished 450000 ops                              ... finished 500000 ops                              ... finished 500000 ops                              ... finished 500000 ops                              ... finished 500000 ops                              ... finished 500000 ops                              ... finished 500000 ops                              ... finished 500000 ops                              ... finished 600000 ops                              ... finished 600000 ops                              ... finished 600000 ops                              ... finished 600000 ops                              ... finished 600000 ops                              ... finished 600000 ops                              ... finished 600000 ops                              ... finished 600000 ops                              ... finished 700000 ops                              ... finished 700000 ops                              ... finished 700000 ops                              ... finished 700000 ops                              ... finished 700000 ops                              ... finished 700000 ops                              ... finished 700000 ops                              ... finished 700000 ops                              ... finished 800000 ops                              ... finished 800000 ops                              ... finished 800000 ops                              ... finished 800000 ops                              ... finished 800000 ops                              ... finished 800000 ops                              ... finished 800000 ops                              ... finished 800000 ops                              ... finished 900000 ops                              ... finished 900000 ops                              ... finished 900000 ops                              ... finished 900000 ops                              ... finished 900000 ops                              ... finished 900000 ops                              ... finished 900000 ops                              ... finished 900000 ops                              ... finished 1000000 ops                              ... finished 1000000 ops                              ... finished 1000000 ops                              ... finished 1000000 ops                              ... finished 1000000 ops                              ... finished 1000000 ops                              ... finished 1000000 ops                              ... finished 1000000 ops                              ... finished 1100000 ops                              ... finished 1100000 ops                              ... finished 1100000 ops                              ... finished 1100000 ops                              ... finished 1100000 ops                              ... finished 1100000 ops                              ... finished 1100000 ops                              ... finished 1100000 ops                              ... finished 1200000 ops                              ... finished 1200000 ops                              ... finished 1200000 ops                              ... finished 1200000 ops                              ... finished 1200000 ops                              ... finished 1200000 ops                              Initializing RocksDB Options from the specified file
Initializing RocksDB Options from command-line flags
Keys:       20 bytes each
Values:     4096 bytes each (2048 bytes after compression)
Entries:    50000000
Prefix:    20 bytes
Keys per prefix:    0
RawSize:    196266.2 MB (estimated)
FileSize:   98609.9 MB (estimated)
Write rate: 0 bytes/second
Read rate: 0 ops/second
Compression: NoCompression
Memtablerep: prefix_hash
Perf Level: 1
------------------------------------------------
DB path: [/users/kannan11/ssd/ioopt/appbench/apps/RocksDB-YCSB/DATA]
ycsbwkldf    :      20.961 micros/op 47708 ops/sec; ( reads:607607 writes:605392 total:50000000 found:607607)
	Command being timed: "/users/kannan11/ssd/ioopt/appbench/apps/RocksDB-YCSB/db_bench --db=/users/kannan11/ssd/ioopt/appbench/apps/RocksDB-YCSB/DATA --num_levels=6 --key_size=20 --prefix_size=20 --memtablerep=prefix_hash --bloom_bits=10 --bloom_locality=1 --use_existing_db=1 --num=50000000 --duration=200 --compression_type=none --value_size=4096 --threads=8 --benchmarks=ycsbwkldf --use_existing_db=1 --mmap_read=0 --threads=8"
	User time (seconds): 209.28
	System time (seconds): 242.13
	Percent of CPU this job got: 221%
	Elapsed (wall clock) time (h:mm:ss or m:ss): 3:23.64
	Average shared text size (kbytes): 0
	Average unshared data size (kbytes): 0
	Average stack size (kbytes): 0
	Average total size (kbytes): 0
	Maximum resident set size (kbytes): 1993104
	Average resident set size (kbytes): 0
	Major (requiring I/O) page faults: 121738
	Minor (reclaiming a frame) page faults: 3520082
	Voluntary context switches: 7091101
	Involuntary context switches: 11344
	Swaps: 0
	File system inputs: 70502800
	File system outputs: 233237968
	Socket messages sent: 0
	Socket messages received: 0
	Signals delivered: 0
	Page size (bytes): 4096
	Exit status: 0
[245469.992115] sh (167489): drop_caches: 3
[245470.045096] sh (167496): drop_caches: 3
[245617.452489] python invoked oom-killer: gfp_mask=0x1100dca(GFP_HIGHUSER_MOVABLE|__GFP_ZERO), order=0, oom_score_adj=0
[245617.452497] CPU: 112 PID: 168143 Comm: python Tainted: G           OE     5.15.0-86-generic #96-Ubuntu
[245617.452500] Hardware name: Dell Inc. PowerEdge R6525/024PW1, BIOS 2.6.6 01/13/2022
[245617.452502] Call Trace:
[245617.452504]  <TASK>
[245617.452507]  show_stack+0x52/0x5c
[245617.452514]  dump_stack_lvl+0x4a/0x63
[245617.452519]  dump_stack+0x10/0x16
[245617.452520]  dump_header+0x53/0x228
[245617.452523]  oom_kill_process.cold+0xb/0x10
[245617.452525]  out_of_memory+0x106/0x2e0
[245617.452529]  __alloc_pages_slowpath.constprop.0+0x9b7/0xa80
[245617.452534]  __alloc_pages+0x311/0x330
[245617.452535]  alloc_pages_vma+0x9d/0x390
[245617.452539]  do_anonymous_page+0xf2/0x3c0
[245617.452543]  handle_pte_fault+0x20a/0x240
[245617.452544]  __handle_mm_fault+0x405/0x6f0
[245617.452545]  handle_mm_fault+0xd8/0x2c0
[245617.452546]  do_user_addr_fault+0x1c9/0x670
[245617.452551]  exc_page_fault+0x77/0x170
[245617.452554]  asm_exc_page_fault+0x27/0x30
[245617.452557] RIP: 0033:0x7f966174ca4b
[245617.452564] Code: Unable to access opcode bytes at RIP 0x7f966174ca21.
[245617.452564] RSP: 002b:00007f9593e3dc00 EFLAGS: 00010297
[245617.452566] RAX: 00007f5495b4c840 RBX: 000000000002d200 RCX: 000000000002d200
[245617.452567] RDX: 00007f9593e3dce0 RSI: 00007f550a002040 RDI: 000000000001adf0
[245617.452568] RBP: 00007f9593e3dc40 R08: 0000000000000010 R09: 00007ffefc4dea18
[245617.452569] R10: 00007f9593e3dcb0 R11: 00000000000001b0 R12: 0000000000000010
[245617.452569] R13: 000000000002d1f1 R14: 00007f9593e3dc70 R15: 0000000000000000
[245617.452572]  </TASK>
[245617.452572] Mem-Info:
[245617.452578] active_anon:1856860 inactive_anon:63009733 isolated_anon:64
                 active_file:207 inactive_file:0 isolated_file:0
                 unevictable:768 dirty:0 writeback:27
                 slab_reclaimable:85345 slab_unreclaimable:236131
                 mapped:0 shmem:847 pagetables:132151 bounce:0
                 kernel_misc_reclaimable:0
                 free:175728 free_pcp:0 free_cma:0
[245617.452582] Node 0 active_anon:2901300kB inactive_anon:126211384kB active_file:952kB inactive_file:0kB unevictable:3072kB isolated(anon):128kB isolated(file):0kB mapped:0kB dirty:0kB writeback:48kB shmem:3380kB shmem_thp: 0kB shmem_pmdmapped: 0kB anon_thp: 0kB writeback_tmp:0kB kernel_stack:12248kB pagetables:257916kB all_unreclaimable? no
[245617.452585] Node 1 active_anon:4526140kB inactive_anon:125827548kB active_file:0kB inactive_file:368kB unevictable:0kB isolated(anon):128kB isolated(file):0kB mapped:4kB dirty:0kB writeback:60kB shmem:8kB shmem_thp: 0kB shmem_pmdmapped: 0kB anon_thp: 2048kB writeback_tmp:0kB kernel_stack:11864kB pagetables:270688kB all_unreclaimable? no
[245617.452588] Node 0 DMA free:11264kB min:4kB low:16kB high:28kB reserved_highatomic:0KB active_anon:0kB inactive_anon:0kB active_file:0kB inactive_file:0kB unevictable:0kB writepending:0kB present:15964kB managed:15360kB mlocked:0kB bounce:0kB free_pcp:0kB local_pcp:0kB free_cma:0kB
[245617.452591] lowmem_reserve[]: 0 1402 128293 128293 128293
[245617.452594] Node 0 DMA32 free:508048kB min:488kB low:1920kB high:3352kB reserved_highatomic:0KB active_anon:12kB inactive_anon:983140kB active_file:0kB inactive_file:0kB unevictable:0kB writepending:0kB present:1565184kB managed:1499648kB mlocked:0kB bounce:0kB free_pcp:0kB local_pcp:0kB free_cma:0kB
[245617.452597] lowmem_reserve[]: 0 0 126891 126891 126891
[245617.452599] Node 0 Normal free:54564kB min:54676kB low:184612kB high:314548kB reserved_highatomic:0KB active_anon:2901288kB inactive_anon:125228244kB active_file:404kB inactive_file:0kB unevictable:3072kB writepending:48kB present:132103168kB managed:129945728kB mlocked:0kB bounce:0kB free_pcp:0kB local_pcp:0kB free_cma:0kB
[245617.452602] lowmem_reserve[]: 0 0 0 0 0
[245617.452605] Node 1 Normal free:129036kB min:129144kB low:261236kB high:393328kB reserved_highatomic:0KB active_anon:4526140kB inactive_anon:125827548kB active_file:0kB inactive_file:368kB unevictable:0kB writepending:60kB present:134213632kB managed:132094272kB mlocked:0kB bounce:0kB free_pcp:0kB local_pcp:0kB free_cma:0kB
[245617.452607] lowmem_reserve[]: 0 0 0 0 0
[245617.452609] Node 0 DMA: 0*4kB 0*8kB 0*16kB 0*32kB 0*64kB 0*128kB 0*256kB 0*512kB 1*1024kB (U) 1*2048kB (M) 2*4096kB (M) = 11264kB
[245617.452615] Node 0 DMA32: 214*4kB (UME) 188*8kB (UME) 153*16kB (UME) 133*32kB (UME) 59*64kB (UME) 65*128kB (UME) 12*256kB (UME) 1*512kB (E) 4*1024kB (ME) 4*2048kB (UME) 115*4096kB (ME) = 508072kB
[245617.452623] Node 0 Normal: 956*4kB (UME) 865*8kB (UME) 486*16kB (UME) 299*32kB (UME) 165*64kB (UME) 95*128kB (UME) 16*256kB (ME) 0*512kB 0*1024kB 0*2048kB 0*4096kB = 54904kB
[245617.452629] Node 1 Normal: 1490*4kB (UME) 1587*8kB (UME) 1543*16kB (UME) 1334*32kB (UME) 464*64kB (UME) 104*128kB (UME) 0*256kB 0*512kB 0*1024kB 0*2048kB 0*4096kB = 129040kB
[245617.452636] Node 0 hugepages_total=0 hugepages_free=0 hugepages_surp=0 hugepages_size=1048576kB
[245617.452637] Node 0 hugepages_total=0 hugepages_free=0 hugepages_surp=0 hugepages_size=2048kB
[245617.452638] Node 1 hugepages_total=0 hugepages_free=0 hugepages_surp=0 hugepages_size=1048576kB
[245617.452639] Node 1 hugepages_total=0 hugepages_free=0 hugepages_surp=0 hugepages_size=2048kB
[245617.452640] 194797 total pagecache pages
[245617.452640] 193593 pages in swap cache
[245617.452641] Swap cache stats: add 13736063, delete 13514015, find 295732/696253
[245617.452642] Free swap  = 0kB
[245617.452643] Total swap = 8389440kB
[245617.452643] 66974487 pages RAM
[245617.452644] 0 pages HighMem/MovableOnly
[245617.452644] 1085735 pages reserved
[245617.452644] 0 pages hwpoisoned
[245617.452645] Tasks state (memory values in pages):
[245617.452646] [  pid  ]   uid  tgid total_vm      rss pgtables_bytes swapents oom_score_adj name
[245617.452661] [   1715]     0  1715    42935      127   348160      392          -250 systemd-journal
[245617.452664] [   1755]     0  1755     6500       13    65536      537         -1000 systemd-udevd
[245617.452667] [   3176]   111  3176     2025       10    49152      100             0 rpcbind
[245617.452669] [   3418]   103  3418     2179       16    53248      169          -900 dbus-daemon
[245617.452671] [   3423]     0  3423    20919      168    61440      159             0 irqbalance
[245617.452673] [   3424]     0  3424     8180      271   106496     1876             0 networkd-dispat
[245617.452674] [   3428]   107  3428    55600      147    81920      417             0 rsyslogd
[245617.452676] [   3430]     0  3430     2965       12    65536      343             0 smartd
[245617.452678] [   3431]     0  3431     3882       19    69632      239             0 systemd-logind
[245617.452679] [   3433]     0  3433     4123       18    77824      197             0 wpa_supplicant
[245617.452680] [   3441]   102  3441     6415      156    98304      958             0 systemd-resolve
[245617.452682] [   3654]   113  3654    19021       35    69632      250             0 ntpd
[245617.452683] [   3696]     0  3696     3890       57    73728      382         -1000 sshd
[245617.452685] [   5520]     0  5520     1723       25    53248       36             0 cron
[245617.452686] [   5532]     0  5532     1449        0    53248       34             0 agetty
[245617.452688] [   5544]     0  5544     1543        0    49152       33             0 agetty
[245617.452690] [   5550]   101  5550     4061       51    69632      216             0 systemd-network
[245617.452691] [   5634]     0  5634      721       28    45056       31             0 slothd
[245617.452692] [   5636]     0  5636     4911      501    77824     1755             0 watchdog
[245617.452694] [   5660]     0  5660     1984        0    53248      152             0 pubsubd
[245617.452695] [   6196]     0  6196      698        3    40960       31             0 emulab-syncd
[245617.452697] [   6202]     0  6202     4774      167    73728     1964             0 rc.progagent
[245617.452699] [   6203]  2002  6203     2120        0    61440      208             0 program-agent
[245617.452700] [   6251]     0  6251     2044        4    53248      193             0 linktest
[245617.452702] [  34415] 20001 34415     4264        0    73728      418             0 systemd
[245617.452704] [  34416] 20001 34416    42263      134    90112      794             0 (sd-pam)
[245617.452705] [  34865]     0 34865    73901       10   167936      722             0 packagekitd
[245617.452707] [  34869]     0 34869    58626        0    86016      212             0 polkitd
[245617.452708] [  34998] 20001 34998     5892      161    73728      680             0 mosh-server
[245617.452710] [  34999] 20001 34999     1778        1    53248      161             0 tcsh
[245617.452711] [  35006] 20001 35006     2191        1    57344      441             0 bash
[245617.452713] [  38863]   108 38863     2299        0    57344       59             0 uuidd
[245617.452714] [  40325] 20001 40325     7382      548    90112     1789             0 mosh-server
[245617.452715] [  40326] 20001 40326     1778        1    57344      161             0 tcsh
[245617.452716] [  40333] 20001 40333     2164        1    65536      420             0 bash
[245617.452718] [  81312] 20001 81312     3069      454    61440      181             0 top
[245617.452720] [ 142343] 20001 142343     5835       81    77824      679             0 mosh-server
[245617.452721] [ 142344] 20001 142344     1778        1    49152      161             0 tcsh
[245617.452722] [ 142351] 20001 142351     2197        9    53248      422             0 bash
[245617.452724] [ 145323] 20001 145323     1908       24    53248      126             0 release-run-fir
[245617.452725] [ 167535] 20001 167535     1842        1    57344       76             0 train-run-med.s
[245617.452727] [ 168026] 20001 168026 69065951 64503258 534437888  1753775             0 python
[245617.452728] [ 168183] 20001 168183     1525        0    49152       51             0 time
[245617.452729] [ 168184] 20001 168184   600507   163928  4104192   324658             0 db_bench
[245617.452730] oom-kill:constraint=CONSTRAINT_NONE,nodemask=(null),cpuset=/,mems_allowed=0-1,global_oom,task_memcg=/user.slice/user-20001.slice/session-60.scope,task=python,pid=168026,uid=20001
[245617.452999] Out of memory: Killed process 168026 (python) total-vm:276263804kB, anon-rss:258013028kB, file-rss:0kB, shmem-rss:4kB, UID:20001 pgtables:521912kB oom_score_adj:0
[245631.440649] oom_reaper: reaped process 168026 (python), now anon-rss:0kB, file-rss:0kB, shmem-rss:4kB
