RocksDB:    version 5.4
Date:       Thu Mar 14 21:15:17 2024
CPU:        128 * AMD EPYC 7543 32-Core Processor
CPUCache:   512 KB
... finished 100 ops                              ... finished 100 ops                              ... finished 100 ops                              ... finished 100 ops                              ... finished 200 ops                              ... finished 200 ops                              ... finished 200 ops                              ... finished 200 ops                              ... finished 300 ops                              ... finished 300 ops                              ... finished 300 ops                              ... finished 300 ops                              ... finished 400 ops                              ... finished 400 ops                              ... finished 400 ops                              ... finished 400 ops                              ... finished 500 ops                              ... finished 500 ops                              ... finished 500 ops                              ... finished 500 ops                              ... finished 600 ops                              ... finished 600 ops                              ... finished 600 ops                              ... finished 600 ops                              ... finished 700 ops                              ... finished 700 ops                              ... finished 700 ops                              ... finished 700 ops                              ... finished 800 ops                              ... finished 800 ops                              ... finished 800 ops                              ... finished 800 ops                              ... finished 900 ops                              ... finished 900 ops                              ... finished 900 ops                              ... finished 900 ops                              ... finished 1000 ops                              ... finished 1000 ops                              ... finished 1000 ops                              ... finished 1000 ops                              ... finished 1500 ops                              ... finished 1500 ops                              ... finished 1500 ops                              ... finished 1500 ops                              ... finished 2000 ops                              ... finished 2000 ops                              ... finished 2000 ops                              ... finished 2000 ops                              ... finished 2500 ops                              ... finished 2500 ops                              ... finished 2500 ops                              ... finished 2500 ops                              ... finished 100 ops                              ... finished 200 ops                              ... finished 3000 ops                              ... finished 300 ops                              ... finished 100 ops                              ... finished 400 ops                              ... finished 100 ops                              ... finished 200 ops                              ... finished 3000 ops                              ... finished 500 ops                              ... finished 3000 ops                              ... finished 3000 ops                              ... finished 200 ops                              ... finished 300 ops                              ... finished 100 ops                              ... finished 600 ops                              ... finished 300 ops                              ... finished 400 ops                              ... finished 700 ops                              ... finished 200 ops                              ... finished 400 ops                              ... finished 500 ops                              ... finished 800 ops                              ... finished 3500 ops                              ... finished 500 ops                              ... finished 300 ops                              ... finished 900 ops                              ... finished 600 ops                              ... finished 600 ops                              ... finished 1000 ops                              ... finished 700 ops                              ... finished 3500 ops                              ... finished 400 ops                              ... finished 3500 ops                              ... finished 700 ops                              ... finished 3500 ops                              ... finished 800 ops                              ... finished 500 ops                              ... finished 800 ops                              ... finished 900 ops                              ... finished 1000 ops                              ... finished 600 ops                              ... finished 900 ops                              ... finished 4000 ops                              ... finished 700 ops                              ... finished 1000 ops                              ... finished 1500 ops                              ... finished 800 ops                              ... finished 4000 ops                              ... finished 900 ops                              ... finished 4000 ops                              ... finished 4000 ops                              ... finished 1000 ops                              ... finished 1500 ops                              ... finished 4500 ops                              ... finished 1500 ops                              ... finished 2000 ops                              ... finished 4500 ops                              ... finished 4500 ops                              ... finished 4500 ops                              ... finished 1500 ops                              ... finished 2000 ops                              ... finished 5000 ops                              ... finished 2500 ops                              ... finished 2000 ops                              ... finished 5000 ops                              ... finished 5000 ops                              ... finished 5000 ops                              ... finished 2500 ops                              ... finished 2000 ops                              ... finished 2500 ops                              ... finished 3000 ops                              ... finished 3000 ops                              ... finished 6000 ops                              ... finished 2500 ops                              ... finished 3000 ops                              ... finished 3500 ops                              ... finished 6000 ops                              ... finished 6000 ops                              ... finished 6000 ops                              ... finished 3500 ops                              ... finished 3500 ops                              ... finished 4000 ops                              ... finished 3000 ops                              ... finished 7000 ops                              ... finished 4000 ops                              ... finished 4000 ops                              ... finished 4500 ops                              ... finished 7000 ops                              ... finished 7000 ops                              ... finished 7000 ops                              ... finished 3500 ops                              ... finished 4500 ops                              ... finished 4500 ops                              ... finished 5000 ops                              ... finished 8000 ops                              ... finished 4000 ops                              ... finished 5000 ops                              ... finished 5000 ops                              ... finished 8000 ops                              ... finished 8000 ops                              ... finished 8000 ops                              ... finished 4500 ops                              ... finished 6000 ops                              ... finished 9000 ops                              ... finished 6000 ops                              ... finished 6000 ops                              ... finished 5000 ops                              ... finished 9000 ops                              ... finished 9000 ops                              ... finished 7000 ops                              ... finished 9000 ops                              ... finished 10000 ops                              ... finished 7000 ops                              ... finished 10000 ops                              ... finished 10000 ops                              ... finished 7000 ops                              ... finished 6000 ops                              ... finished 10000 ops                              ... finished 8000 ops                              ... finished 8000 ops                              ... finished 8000 ops                              ... finished 7000 ops                              ... finished 9000 ops                              ... finished 9000 ops                              ... finished 9000 ops                              ... finished 8000 ops                              ... finished 10000 ops                              ... finished 10000 ops                              ... finished 10000 ops                              ... finished 9000 ops                              ... finished 15000 ops                              ... finished 10000 ops                              ... finished 15000 ops                              ... finished 15000 ops                              ... finished 15000 ops                              ... finished 15000 ops                              ... finished 15000 ops                              ... finished 15000 ops                              ... finished 20000 ops                              ... finished 20000 ops                              ... finished 20000 ops                              ... finished 20000 ops                              ... finished 15000 ops                              ... finished 20000 ops                              ... finished 20000 ops                              ... finished 20000 ops                              ... finished 25000 ops                              ... finished 25000 ops                              ... finished 25000 ops                              ... finished 25000 ops                              ... finished 20000 ops                              ... finished 25000 ops                              ... finished 25000 ops                              ... finished 25000 ops                              ... finished 30000 ops                              ... finished 30000 ops                              ... finished 30000 ops                              ... finished 30000 ops                              ... finished 25000 ops                              ... finished 30000 ops                              ... finished 30000 ops                              ... finished 30000 ops                              ... finished 35000 ops                              ... finished 35000 ops                              ... finished 35000 ops                              ... finished 35000 ops                              ... finished 35000 ops                              ... finished 30000 ops                              ... finished 35000 ops                              ... finished 35000 ops                              ... finished 40000 ops                              ... finished 40000 ops                              ... finished 40000 ops                              ... finished 40000 ops                              ... finished 40000 ops                              ... finished 40000 ops                              ... finished 40000 ops                              ... finished 35000 ops                              ... finished 45000 ops                              ... finished 45000 ops                              ... finished 45000 ops                              ... finished 45000 ops                              ... finished 45000 ops                              ... finished 45000 ops                              ... finished 45000 ops                              ... finished 50000 ops                              ... finished 50000 ops                              ... finished 50000 ops                              ... finished 40000 ops                              ... finished 50000 ops                              ... finished 50000 ops                              ... finished 50000 ops                              ... finished 50000 ops                              ... finished 45000 ops                              ... finished 60000 ops                              ... finished 60000 ops                              ... finished 60000 ops                              ... finished 60000 ops                              ... finished 50000 ops                              ... finished 60000 ops                              ... finished 60000 ops                              ... finished 60000 ops                              ... finished 70000 ops                              ... finished 70000 ops                              ... finished 70000 ops                              ... finished 70000 ops                              ... finished 70000 ops                              ... finished 60000 ops                              ... finished 70000 ops                              ... finished 70000 ops                              ... finished 80000 ops                              ... finished 80000 ops                              ... finished 80000 ops                              ... finished 80000 ops                              ... finished 80000 ops                              ... finished 80000 ops                              ... finished 80000 ops                              ... finished 70000 ops                              ... finished 90000 ops                              ... finished 90000 ops                              ... finished 90000 ops                              ... finished 90000 ops                              ... finished 90000 ops                              ... finished 90000 ops                              ... finished 90000 ops                              ... finished 80000 ops                              ... finished 100000 ops                              ... finished 100000 ops                              ... finished 100000 ops                              ... finished 100000 ops                              ... finished 100000 ops                              ... finished 100000 ops                              ... finished 100000 ops                              ... finished 90000 ops                              ... finished 100000 ops                              ... finished 150000 ops                              ... finished 150000 ops                              ... finished 150000 ops                              ... finished 150000 ops                              ... finished 150000 ops                              ... finished 150000 ops                              ... finished 150000 ops                              ... finished 150000 ops                              ... finished 200000 ops                              ... finished 200000 ops                              ... finished 200000 ops                              ... finished 200000 ops                              ... finished 200000 ops                              ... finished 200000 ops                              ... finished 200000 ops                              ... finished 200000 ops                              ... finished 250000 ops                              ... finished 250000 ops                              ... finished 250000 ops                              ... finished 250000 ops                              ... finished 250000 ops                              ... finished 250000 ops                              ... finished 250000 ops                              ... finished 250000 ops                              ... finished 300000 ops                              ... finished 300000 ops                              ... finished 300000 ops                              ... finished 300000 ops                              ... finished 300000 ops                              ... finished 300000 ops                              ... finished 300000 ops                              ... finished 300000 ops                              ... finished 350000 ops                              ... finished 350000 ops                              ... finished 350000 ops                              ... finished 350000 ops                              ... finished 350000 ops                              ... finished 350000 ops                              ... finished 350000 ops                              ... finished 350000 ops                              ... finished 400000 ops                              ... finished 400000 ops                              ... finished 400000 ops                              ... finished 400000 ops                              ... finished 400000 ops                              ... finished 400000 ops                              ... finished 400000 ops                              ... finished 400000 ops                              ... finished 450000 ops                              ... finished 450000 ops                              ... finished 450000 ops                              ... finished 450000 ops                              ... finished 450000 ops                              ... finished 450000 ops                              ... finished 450000 ops                              ... finished 450000 ops                              ... finished 500000 ops                              ... finished 500000 ops                              ... finished 500000 ops                              ... finished 500000 ops                              ... finished 500000 ops                              ... finished 500000 ops                              ... finished 500000 ops                              ... finished 500000 ops                              ... finished 600000 ops                              ... finished 600000 ops                              ... finished 600000 ops                              ... finished 600000 ops                              ... finished 600000 ops                              ... finished 600000 ops                              ... finished 600000 ops                              ... finished 600000 ops                              Initializing RocksDB Options from the specified file
Initializing RocksDB Options from command-line flags
Keys:       20 bytes each
Values:     4096 bytes each (2048 bytes after compression)
Entries:    50000000
Prefix:    20 bytes
Keys per prefix:    0
RawSize:    196266.2 MB (estimated)
FileSize:   98609.9 MB (estimated)
Write rate: 0 bytes/second
Read rate: 0 ops/second
Compression: NoCompression
Memtablerep: prefix_hash
Perf Level: 1
------------------------------------------------
DB path: [/users/kannan11/ssd/ioopt/appbench/apps/RocksDB-YCSB/DATA]
ycsbwklda    :      37.037 micros/op 27000 ops/sec; ( reads:339105 writes:337894 total:50000000 found:339105)
	Command being timed: "/users/kannan11/ssd/ioopt/appbench/apps/RocksDB-YCSB/db_bench --db=/users/kannan11/ssd/ioopt/appbench/apps/RocksDB-YCSB/DATA --num_levels=6 --key_size=20 --prefix_size=20 --memtablerep=prefix_hash --bloom_bits=10 --bloom_locality=1 --use_existing_db=1 --num=50000000 --duration=200 --compression_type=none --value_size=4096 --threads=8 --benchmarks=ycsbwklda --use_existing_db=1 --mmap_read=0 --threads=8"
	User time (seconds): 116.77
	System time (seconds): 159.72
	Percent of CPU this job got: 135%
	Elapsed (wall clock) time (h:mm:ss or m:ss): 3:24.11
	Average shared text size (kbytes): 0
	Average unshared data size (kbytes): 0
	Average stack size (kbytes): 0
	Average total size (kbytes): 0
	Maximum resident set size (kbytes): 2082724
	Average resident set size (kbytes): 0
	Major (requiring I/O) page faults: 63221
	Minor (reclaiming a frame) page faults: 2777142
	Voluntary context switches: 4017782
	Involuntary context switches: 4165
	Swaps: 0
	File system inputs: 71579232
	File system outputs: 218078152
	Socket messages sent: 0
	Socket messages received: 0
	Signals delivered: 0
	Page size (bytes): 4096
	Exit status: 0
[244245.789714] sh (163775): drop_caches: 3
[244245.870194] sh (163784): drop_caches: 3
[244388.897463] python invoked oom-killer: gfp_mask=0x1100dca(GFP_HIGHUSER_MOVABLE|__GFP_ZERO), order=0, oom_score_adj=0
[244388.897476] CPU: 113 PID: 164419 Comm: python Tainted: G           OE     5.15.0-86-generic #96-Ubuntu
[244388.897479] Hardware name: Dell Inc. PowerEdge R6525/024PW1, BIOS 2.6.6 01/13/2022
[244388.897481] Call Trace:
[244388.897484]  <TASK>
[244388.897489]  show_stack+0x52/0x5c
[244388.897500]  dump_stack_lvl+0x4a/0x63
[244388.897506]  dump_stack+0x10/0x16
[244388.897507]  dump_header+0x53/0x228
[244388.897512]  oom_kill_process.cold+0xb/0x10
[244388.897513]  out_of_memory+0x106/0x2e0
[244388.897519]  __alloc_pages_slowpath.constprop.0+0x9b7/0xa80
[244388.897525]  __alloc_pages+0x311/0x330
[244388.897527]  alloc_pages_vma+0x9d/0x390
[244388.897531]  do_anonymous_page+0xf2/0x3c0
[244388.897537]  handle_pte_fault+0x20a/0x240
[244388.897538]  __handle_mm_fault+0x405/0x6f0
[244388.897540]  handle_mm_fault+0xd8/0x2c0
[244388.897541]  do_user_addr_fault+0x1c9/0x670
[244388.897547]  exc_page_fault+0x77/0x170
[244388.897552]  asm_exc_page_fault+0x27/0x30
[244388.897556] RIP: 0033:0x7f68c2d4ca4b
[244388.897565] Code: Unable to access opcode bytes at RIP 0x7f68c2d4ca21.
[244388.897566] RSP: 002b:00007f67fc563c00 EFLAGS: 00010297
[244388.897568] RAX: 00007f26f23a7840 RBX: 000000000002d200 RCX: 000000000002d200
[244388.897569] RDX: 00007f67fc563ce0 RSI: 00007f277042f840 RDI: 00000000000269f0
[244388.897570] RBP: 00007f67fc563c40 R08: 0000000000000010 R09: 00007ffe96b33958
[244388.897571] R10: 00007f67fc563cb0 R11: 00000000000000d0 R12: 0000000000000010
[244388.897571] R13: 000000000002d1f1 R14: 00007f67fc563c70 R15: 0000000000000003
[244388.897574]  </TASK>
[244388.897575] Mem-Info:
[244388.897588] active_anon:483664 inactive_anon:64418311 isolated_anon:0
                 active_file:60 inactive_file:642 isolated_file:21
                 unevictable:768 dirty:7 writeback:39
                 slab_reclaimable:70778 slab_unreclaimable:237241
                 mapped:208 shmem:1486 pagetables:132181 bounce:0
                 kernel_misc_reclaimable:0
                 free:152412 free_pcp:109 free_cma:0
[244388.897593] Node 0 active_anon:557628kB inactive_anon:128565788kB active_file:0kB inactive_file:1252kB unevictable:3072kB isolated(anon):0kB isolated(file):4kB mapped:0kB dirty:0kB writeback:0kB shmem:5780kB shmem_thp: 0kB shmem_pmdmapped: 0kB anon_thp: 0kB writeback_tmp:0kB kernel_stack:12360kB pagetables:264068kB all_unreclaimable? no
[244388.897596] Node 1 active_anon:1377028kB inactive_anon:129107456kB active_file:812kB inactive_file:1316kB unevictable:0kB isolated(anon):0kB isolated(file):80kB mapped:888kB dirty:28kB writeback:156kB shmem:164kB shmem_thp: 0kB shmem_pmdmapped: 0kB anon_thp: 2048kB writeback_tmp:0kB kernel_stack:11800kB pagetables:264656kB all_unreclaimable? no
[244388.897600] Node 0 DMA free:11264kB min:4kB low:16kB high:28kB reserved_highatomic:0KB active_anon:0kB inactive_anon:0kB active_file:0kB inactive_file:0kB unevictable:0kB writepending:0kB present:15964kB managed:15360kB mlocked:0kB bounce:0kB free_pcp:0kB local_pcp:0kB free_cma:0kB
[244388.897603] lowmem_reserve[]: 0 1402 128293 128293 128293
[244388.897606] Node 0 DMA32 free:507804kB min:488kB low:1920kB high:3352kB reserved_highatomic:0KB active_anon:0kB inactive_anon:983240kB active_file:0kB inactive_file:4kB unevictable:0kB writepending:0kB present:1565184kB managed:1499648kB mlocked:0kB bounce:0kB free_pcp:248kB local_pcp:0kB free_cma:0kB
[244388.897609] lowmem_reserve[]: 0 0 126891 126891 126891
[244388.897612] Node 0 Normal free:43700kB min:44436kB low:174372kB high:304308kB reserved_highatomic:0KB active_anon:557628kB inactive_anon:127582540kB active_file:0kB inactive_file:696kB unevictable:3072kB writepending:0kB present:132103168kB managed:129945728kB mlocked:0kB bounce:0kB free_pcp:0kB local_pcp:0kB free_cma:0kB
[244388.897616] lowmem_reserve[]: 0 0 0 0 0
[244388.897619] Node 1 Normal free:46880kB min:47224kB low:179316kB high:311408kB reserved_highatomic:0KB active_anon:1377028kB inactive_anon:129107456kB active_file:812kB inactive_file:1316kB unevictable:0kB writepending:184kB present:134213632kB managed:132094272kB mlocked:0kB bounce:0kB free_pcp:188kB local_pcp:188kB free_cma:0kB
[244388.897621] lowmem_reserve[]: 0 0 0 0 0
[244388.897623] Node 0 DMA: 0*4kB 0*8kB 0*16kB 0*32kB 0*64kB 0*128kB 0*256kB 0*512kB 1*1024kB (U) 1*2048kB (M) 2*4096kB (M) = 11264kB
[244388.897629] Node 0 DMA32: 126*4kB (UE) 160*8kB (UME) 165*16kB (UME) 123*32kB (UME) 101*64kB (UME) 74*128kB (UME) 13*256kB (UME) 8*512kB (UME) 3*1024kB (UME) 1*2048kB (E) 115*4096kB (ME) = 507880kB
[244388.897637] Node 0 Normal: 900*4kB (UME) 680*8kB (UME) 562*16kB (UME) 267*32kB (UME) 143*64kB (UME) 52*128kB (UME) 2*256kB (UM) 0*512kB 0*1024kB 0*2048kB 0*4096kB = 42896kB
[244388.897644] Node 1 Normal: 1082*4kB (UME) 820*8kB (UME) 422*16kB (UME) 433*32kB (UME) 166*64kB (UME) 46*128kB (UME) 0*256kB 0*512kB 0*1024kB 0*2048kB 0*4096kB = 48008kB
[244388.897651] Node 0 hugepages_total=0 hugepages_free=0 hugepages_surp=0 hugepages_size=1048576kB
[244388.897653] Node 0 hugepages_total=0 hugepages_free=0 hugepages_surp=0 hugepages_size=2048kB
[244388.897654] Node 1 hugepages_total=0 hugepages_free=0 hugepages_surp=0 hugepages_size=1048576kB
[244388.897655] Node 1 hugepages_total=0 hugepages_free=0 hugepages_surp=0 hugepages_size=2048kB
[244388.897655] 160496 total pagecache pages
[244388.897656] 157817 pages in swap cache
[244388.897657] Swap cache stats: add 2250603, delete 2089235, find 15566/30987
[244388.897658] Free swap  = 0kB
[244388.897659] Total swap = 8389440kB
[244388.897659] 66974487 pages RAM
[244388.897659] 0 pages HighMem/MovableOnly
[244388.897660] 1085735 pages reserved
[244388.897660] 0 pages hwpoisoned
[244388.897661] Tasks state (memory values in pages):
[244388.897662] [  pid  ]   uid  tgid total_vm      rss pgtables_bytes swapents oom_score_adj name
[244388.897712] [   1715]     0  1715    40887      378   335872      141          -250 systemd-journal
[244388.897715] [   1755]     0  1755     6500      148    65536      402         -1000 systemd-udevd
[244388.897721] [   3176]   111  3176     2025      101    49152        9             0 rpcbind
[244388.897723] [   3418]   103  3418     2179      152    53248       33          -900 dbus-daemon
[244388.897726] [   3423]     0  3423    20919      298    61440       29             0 irqbalance
[244388.897728] [   3424]     0  3424     8180     1420   106496      727             0 networkd-dispat
[244388.897730] [   3428]   107  3428    55600      406    81920      136             0 rsyslogd
[244388.897732] [   3430]     0  3430     2965      212    65536       91             0 smartd
[244388.897734] [   3431]     0  3431     3882      201    69632       55             0 systemd-logind
[244388.897736] [   3433]     0  3433     4123      153    77824       50             0 wpa_supplicant
[244388.897737] [   3441]   102  3441     6415      726    98304      365             0 systemd-resolve
[244388.897739] [   3654]   113  3654    19021      209    69632       76             0 ntpd
[244388.897741] [   3696]     0  3696     3890      301    73728      139         -1000 sshd
[244388.897743] [   5520]     0  5520     1723       52    53248        9             0 cron
[244388.897745] [   5532]     0  5532     1449       18    53248        5             0 agetty
[244388.897747] [   5544]     0  5544     1543       18    49152        4             0 agetty
[244388.897749] [   5550]   101  5550     4061      218    69632       49             0 systemd-network
[244388.897750] [   5634]     0  5634      721       46    45056        6             0 slothd
[244388.897752] [   5636]     0  5636     4911     1400    77824      856             0 watchdog
[244388.897754] [   5660]     0  5660     1984      117    53248       33             0 pubsubd
[244388.897756] [   6196]     0  6196      698       28    40960        6             0 emulab-syncd
[244388.897757] [   6202]     0  6202     4774     1367    73728      764             0 rc.progagent
[244388.897759] [   6203]  2002  6203     2120      127    61440       65             0 program-agent
[244388.897761] [   6251]     0  6251     2044      145    53248       52             0 linktest
[244388.897767] [  34415] 20001 34415     4264      282    73728      123             0 systemd
[244388.897768] [  34416] 20001 34416    42263      639    90112      289             0 (sd-pam)
[244388.897770] [  34865]     0 34865    73901      492   167936      240             0 packagekitd
[244388.897772] [  34869]     0 34869    58626      121    86016       37             0 polkitd
[244388.897774] [  34998] 20001 34998     5892      224    73728      616             0 mosh-server
[244388.897776] [  34999] 20001 34999     1778        1    53248      160             0 tcsh
[244388.897778] [  35006] 20001 35006     2191       56    57344      386             0 bash
[244388.897779] [  38863]   108 38863     2299       45    57344        9             0 uuidd
[244388.897781] [  40325] 20001 40325     7382     2205    90112      132             0 mosh-server
[244388.897783] [  40326] 20001 40326     1778       22    57344      105             0 tcsh
[244388.897784] [  40333] 20001 40333     2164      218    65536      203             0 bash
[244388.897786] [  81312] 20001 81312     3069      631    61440        4             0 top
[244388.897789] [ 142343] 20001 142343     5835      626    77824      133             0 mosh-server
[244388.897790] [ 142344] 20001 142344     1778        1    49152      150             0 tcsh
[244388.897792] [ 142351] 20001 142351     2197      418    53248       13             0 bash
[244388.897793] [ 145323] 20001 145323     1908        4    53248      145             0 release-run-fir
[244388.897797] [ 163823] 20001 163823     1842        2    53248       76             0 train-run-med.s
[244388.897799] [ 164316] 20001 164316 69066749 64594374 534429696  1717088             0 python
[244388.897800] [ 164473] 20001 164473     1525        6    49152       40             0 time
[244388.897801] [ 164474] 20001 164474   584416   132956  4227072   373379             0 db_bench
[244388.897803] [ 164504]     0 164504     3891      381    81920        0             0 sshd
[244388.897804] oom-kill:constraint=CONSTRAINT_NONE,nodemask=(null),cpuset=/,mems_allowed=0-1,global_oom,task_memcg=/user.slice/user-20001.slice/session-60.scope,task=python,pid=164316,uid=20001
[244388.898150] Out of memory: Killed process 164316 (python) total-vm:276266996kB, anon-rss:258377492kB, file-rss:0kB, shmem-rss:4kB, UID:20001 pgtables:521904kB oom_score_adj:0
[244401.123284] oom_reaper: reaped process 164316 (python), now anon-rss:0kB, file-rss:0kB, shmem-rss:4kB
