+ APPBASE=/users/skannan/ssd/NVM/appbench/apps/filebench
+ APP=/users/skannan/ssd/NVM/appbench/apps/filebench/filebench
+ DATA=/users/skannan/ssd/NVM/appbench/shared_data
+ SIZE=' --size=4G'
+ PARAM=' --directory=/users/skannan/ssd/NVM/appbench/shared_data  --size=4G'
+ OUTPUT=
+ mkdir -p /users/skannan/ssd/NVM/appbench/shared_data
+ sudo chown -R skannan /users/skannan/ssd/NVM/appbench/shared_data
+ cd /users/skannan/ssd/NVM/appbench/apps/filebench
+ FlushDisk
+ sudo sh -c 'echo 3 > /proc/sys/vm/drop_caches'
+ sudo sh -c sync
+ sudo sh -c sync
+ sudo sh -c 'echo 3 > /proc/sys/vm/drop_caches'
+ RANDOM_MONGO
+ echo 'Running Random Write'
Running Random Write
+ numactl --preferred=0 /users/skannan/ssd/NVM/appbench/apps/filebench/filebench -f workloads/mongo.f
initiating tracing...
initiating tracing...
WARNING: Could not open /proc/sys/kernel/shmmax file!
It means that you probably ran Filebench not as a root. Filebench will not increase shared
region limits in this case, which can lead to the failures on certain workloads.
Filebench Version 1.5-alpha3
0.000: Allocated 14825MB of shared memory
0.122: Mongo-like Version 2.3 personality successfully loaded
0.122: Populating and pre-allocating filesets
0.270: postsetdel populated: 200000 files, avg. dir. width = 20, avg. dir. depth = 4.1, 0 leafdirs, 6250.000MB total size
0.270: Removing postsetdel tree (if exists)
0.280: Pre-allocating directories in postsetdel tree
0.456: Pre-allocating files in postsetdel tree
28.768: postset populated: 200000 files, avg. dir. width = 20, avg. dir. depth = 4.1, 0 leafdirs, 6250.000MB total size
28.768: Removing postset tree (if exists)
28.771: Pre-allocating directories in postset tree
29.640: Pre-allocating files in postset tree
53.264: Waiting for pre-allocation to finish (in case of a parallel pre-allocation)
53.264: Population and pre-allocation of filesets completed
53.264: Starting 1 filereader instances
initiating tracing...
initiating tracing...
54.267: Running...
68.268: Run took 14 seconds...
68.268: Per-Operation Breakdown
deletefile1          200000ops    14284ops/s   0.0mb/s    0.201ms/op [0.024ms - 147.454ms]
closefile2           200002ops    14284ops/s   0.0mb/s    0.002ms/op [0.001ms - 1.576ms]
readfile1            200005ops    14284ops/s 474.2mb/s    0.110ms/op [0.011ms - 134.009ms]
openfile2            200005ops    14284ops/s   0.0mb/s    0.037ms/op [0.003ms - 4.325ms]
closefile1           200005ops    14284ops/s   0.0mb/s    0.002ms/op [0.001ms - 1.142ms]
appendfilerand1      200006ops    14285ops/s 111.8mb/s    0.112ms/op [0.005ms - 147.560ms]
openfile1            200006ops    14285ops/s   0.0mb/s    0.038ms/op [0.004ms - 8.190ms]
68.268: IO Summary: 1400029 ops 99990.980 ops/s 14284/14285 rd/wr 586.0mb/s 0.072ms/op
68.268: Shutting down processes
application termination...
application termination...
+ FlushDisk
+ sudo sh -c 'echo 3 > /proc/sys/vm/drop_caches'
+ sudo sh -c sync
+ sudo sh -c sync
+ sudo sh -c 'echo 3 > /proc/sys/vm/drop_caches'
+ rm /users/skannan/ssd/NVM/appbench/shared_data/lost+found /users/skannan/ssd/NVM/appbench/shared_data/postset /users/skannan/ssd/NVM/appbench/shared_data/postsetdel
rm: cannot remove ‘/users/skannan/ssd/NVM/appbench/shared_data/lost+found’: Is a directory
rm: cannot remove ‘/users/skannan/ssd/NVM/appbench/shared_data/postset’: Is a directory
rm: cannot remove ‘/users/skannan/ssd/NVM/appbench/shared_data/postsetdel’: Is a directory
+ rm -rf fio-seq-RW
+ rm -rf fio-rand-RW
+ set +x
[    0.000000] main: Linux version 4.17.0 (root@node-0.wisc5.fsperfatscale-pg0.wisc.cloudlab.us) (gcc version 4.8.4 (Ubuntu 4.8.4-2ubuntu1~14.04.4)) #6 SMP Tue Aug 6 01:20:06 MDT 2019
[    0.000000] Command line: BOOT_IMAGE=/boot/vmlinuz-4.17.0 root=UUID=4910fb56-38cb-41ae-82bf-3efa1d8a45a0 ro console=ttyS0,115200 crashkernel=384M-:128M
[    0.000000] common: KERNEL supported cpus:
[    0.000000] common:   Intel GenuineIntel
[    0.000000] common:   AMD AuthenticAMD
[    0.000000] common:   Centaur CentaurHauls
[    0.000000] xstate: x86/fpu: Supporting XSAVE feature 0x001: 'x87 floating point registers'
[    0.000000] xstate: x86/fpu: Supporting XSAVE feature 0x002: 'SSE registers'
[    0.000000] xstate: x86/fpu: Supporting XSAVE feature 0x004: 'AVX registers'
[    0.000000] xstate: x86/fpu: xstate_offset[2]:  576, xstate_sizes[2]:  256
[    0.000000] xstate: x86/fpu: Enabled xstate features 0x7, context size is 832 bytes, using 'standard' format.
[    0.000000] e820: e820: BIOS-provided physical RAM map:
[    0.000000] e820: BIOS-e820: [mem 0x0000000000000000-0x0000000000099bff] usable
[    0.000000] e820: BIOS-e820: [mem 0x0000000000099c00-0x000000000009ffff] reserved
[    0.000000] e820: BIOS-e820: [mem 0x00000000000e0000-0x00000000000fffff] reserved
[    0.000000] e820: BIOS-e820: [mem 0x0000000000100000-0x00000000791d3fff] usable
[    0.000000] e820: BIOS-e820: [mem 0x00000000791d4000-0x00000000799cdfff] reserved
[    0.000000] e820: BIOS-e820: [mem 0x00000000799ce000-0x0000000079a32fff] ACPI data
[    0.000000] e820: BIOS-e820: [mem 0x0000000079a33000-0x0000000079fa1fff] ACPI NVS
[    0.000000] e820: BIOS-e820: [mem 0x0000000079fa2000-0x000000008fffffff] reserved
[    0.000000] e820: BIOS-e820: [mem 0x00000000fed1c000-0x00000000fed44fff] reserved
[    0.000000] e820: BIOS-e820: [mem 0x00000000ff000000-0x00000000ffffffff] reserved
[    0.000000] e820: BIOS-e820: [mem 0x0000000100000000-0x000000287fffffff] usable
[    0.000000] NX (Execute Disable) protection: active
[    0.000000] dmi_scan: SMBIOS 3.0.0 present.
[    0.000000] dmi_scan: DMI: Cisco Systems Inc UCSC-C220-M4S/UCSC-C220-M4S, BIOS C220M4.3.0.3c.0.0831170216 08/31/2017
[    0.000000] e820: update [mem 0x00000000-0x00000fff] usable ==> reserved
[    0.000000] e820: remove [mem 0x000a0000-0x000fffff] usable
[    0.000000] e820: e820: last_pfn = 0x2880000 max_arch_pfn = 0x400000000
[    0.000000] generic: MTRR default type: write-back
[    0.000000] generic: MTRR fixed ranges enabled:
[    0.000000] generic:   00000-9FFFF write-back
[    0.000000] generic:   A0000-BFFFF uncachable
[    0.000000] generic:   C0000-FFFFF write-protect
[    0.000000] generic: MTRR variable ranges enabled:
[    0.000000] generic:   0 base 000080000000 mask 3FFF80000000 uncachable
[    0.000000] generic:   1 base 038000000000 mask 3F8000000000 uncachable
[    0.000000] generic:   2 disabled
[    0.000000] generic:   3 disabled
[    0.000000] generic:   4 disabled
[    0.000000] generic:   5 disabled
[    0.000000] generic:   6 disabled
[    0.000000] generic:   7 disabled
[    0.000000] generic:   8 disabled
[    0.000000] generic:   9 disabled
[    0.000000] x86/PAT: Configuration [0-7]: WB  WC  UC- UC  WB  WP  UC- WT  
[    0.000000] e820: e820: last_pfn = 0x791d4 max_arch_pfn = 0x400000000
[    0.000000] mpparse: found SMP MP-table at [mem 0x000fd010-0x000fd01f] mapped at [        (ptrval)]
[    0.000000] Scanning 1 areas for low memory corruption
[    0.000000] Base memory trampoline at [        (ptrval)] 7e000 size 24576
[    0.000000] Using GB pages for direct mapping
[    0.000000] BRK [0x0aecd000, 0x0aecdfff] PGTABLE
[    0.000000] BRK [0x0aece000, 0x0aecefff] PGTABLE
[    0.000000] BRK [0x0aecf000, 0x0aecffff] PGTABLE
[    0.000000] RAMDISK: [mem 0x237cc000-0x2dbddfff]
[    0.000000] tables: Early table checksum verification disabled
[    0.000000] ACPI: RSDP 0x00000000000F05B0 000024 (v02 Cisco0)
[    0.000000] ACPI: XSDT 0x00000000799E20A8 0000D4 (v01 Cisco0 CiscoUCS 01072009 AMI  00010013)
[    0.000000] ACPI: FACP 0x0000000079A16CE0 00010C (v05 Cisco0 CiscoUCS 01072009 AMI  00010013)
[    0.000000] ACPI: DSDT 0x00000000799E2210 034ACB (v02 Cisco0 CiscoUCS 01072009 INTL 20091013)
[    0.000000] ACPI: FACS 0x0000000079FA0F80 000040
[    0.000000] ACPI: APIC 0x0000000079A16DF0 000294 (v03 Cisco0 CiscoUCS 01072009 AMI  00010013)
[    0.000000] ACPI: FPDT 0x0000000079A17088 000044 (v01 Cisco0 CiscoUCS 01072009 AMI  00010013)
[    0.000000] ACPI: FIDT 0x0000000079A170D0 00009C (v01 Cisco0 CiscoUCS 01072009 AMI  00010013)
[    0.000000] ACPI: SPMI 0x0000000079A17170 000041 (v05 Cisco0 CiscoUCS 00000000 AMI. 00000000)
[    0.000000] ACPI: MCFG 0x0000000079A171B8 00003C (v01 Cisco0 CiscoUCS 01072009 MSFT 00000097)
[    0.000000] ACPI: UEFI 0x0000000079A171F8 000042 (v01 Cisco0 CiscoUCS 01072009      00000000)
[    0.000000] ACPI: HPET 0x0000000079A17240 000038 (v01 Cisco0 CiscoUCS 00000001 INTL 20091013)
[    0.000000] ACPI: MSCT 0x0000000079A17278 000090 (v01 Cisco0 CiscoUCS 00000001 INTL 20091013)
[    0.000000] ACPI: SLIT 0x0000000079A17308 000030 (v01 Cisco0 CiscoUCS 00000001 INTL 20091013)
[    0.000000] ACPI: SRAT 0x0000000079A17338 001158 (v03 Cisco0 CiscoUCS 00000001 INTL 20091013)
[    0.000000] ACPI: WDDT 0x0000000079A18490 000040 (v01 Cisco0 CiscoUCS 00000000 INTL 20091013)
[    0.000000] ACPI: SSDT 0x0000000079A184D0 0171BD (v02 Cisco0 PmMgt    00000002 INTL 20120913)
[    0.000000] ACPI: NITR 0x0000000079A2F690 000071 (v02 Cisco0 CiscoUCS 00000001 INTL 20091013)
[    0.000000] ACPI: SSDT 0x0000000079A2F708 002654 (v02 Cisco0 SpsNm    00000002 INTL 20120913)
[    0.000000] ACPI: SSDT 0x0000000079A31D60 000064 (v02 Cisco0 SpsNvs   00000002 INTL 20120913)
[    0.000000] ACPI: PRAD 0x0000000079A31DC8 000102 (v02 Cisco0 CiscoUCS 00000002 INTL 20120913)
[    0.000000] ACPI: DMAR 0x0000000079A31ED0 000100 (v01 Cisco0 CiscoUCS 00000001 INTL 20091013)
[    0.000000] ACPI: HEST 0x0000000079A31FD0 0000A8 (v01 Cisco0 CiscoUCS 00000001 INTL 00000001)
[    0.000000] ACPI: BERT 0x0000000079A32078 000030 (v01 Cisco0 CiscoUCS 00000001 INTL 00000001)
[    0.000000] ACPI: ERST 0x0000000079A320A8 000230 (v01 Cisco0 CiscoUCS 00000001 INTL 00000001)
[    0.000000] ACPI: EINJ 0x0000000079A322D8 000130 (v01 Cisco0 CiscoUCS 00000001 INTL 00000001)
[    0.000000] ACPI: Local APIC address 0xfee00000
[    0.000000] SRAT: PXM 0 -> APIC 0x00 -> Node 0
[    0.000000] SRAT: PXM 0 -> APIC 0x02 -> Node 0
[    0.000000] SRAT: PXM 0 -> APIC 0x04 -> Node 0
[    0.000000] SRAT: PXM 0 -> APIC 0x06 -> Node 0
[    0.000000] SRAT: PXM 0 -> APIC 0x08 -> Node 0
[    0.000000] SRAT: PXM 0 -> APIC 0x10 -> Node 0
[    0.000000] SRAT: PXM 0 -> APIC 0x12 -> Node 0
[    0.000000] SRAT: PXM 0 -> APIC 0x14 -> Node 0
[    0.000000] SRAT: PXM 0 -> APIC 0x16 -> Node 0
[    0.000000] SRAT: PXM 0 -> APIC 0x18 -> Node 0
[    0.000000] SRAT: PXM 1 -> APIC 0x20 -> Node 1
[    0.000000] SRAT: PXM 1 -> APIC 0x22 -> Node 1
[    0.000000] SRAT: PXM 1 -> APIC 0x24 -> Node 1
[    0.000000] SRAT: PXM 1 -> APIC 0x26 -> Node 1
[    0.000000] SRAT: PXM 1 -> APIC 0x28 -> Node 1
[    0.000000] SRAT: PXM 1 -> APIC 0x30 -> Node 1
[    0.000000] SRAT: PXM 1 -> APIC 0x32 -> Node 1
[    0.000000] SRAT: PXM 1 -> APIC 0x34 -> Node 1
[    0.000000] SRAT: PXM 1 -> APIC 0x36 -> Node 1
[    0.000000] SRAT: PXM 1 -> APIC 0x38 -> Node 1
[    0.000000] SRAT: PXM 0 -> APIC 0x01 -> Node 0
[    0.000000] SRAT: PXM 0 -> APIC 0x03 -> Node 0
[    0.000000] SRAT: PXM 0 -> APIC 0x05 -> Node 0
[    0.000000] SRAT: PXM 0 -> APIC 0x07 -> Node 0
[    0.000000] SRAT: PXM 0 -> APIC 0x09 -> Node 0
[    0.000000] SRAT: PXM 0 -> APIC 0x11 -> Node 0
[    0.000000] SRAT: PXM 0 -> APIC 0x13 -> Node 0
[    0.000000] SRAT: PXM 0 -> APIC 0x15 -> Node 0
[    0.000000] SRAT: PXM 0 -> APIC 0x17 -> Node 0
[    0.000000] SRAT: PXM 0 -> APIC 0x19 -> Node 0
[    0.000000] SRAT: PXM 1 -> APIC 0x21 -> Node 1
[    0.000000] SRAT: PXM 1 -> APIC 0x23 -> Node 1
[    0.000000] SRAT: PXM 1 -> APIC 0x25 -> Node 1
[    0.000000] SRAT: PXM 1 -> APIC 0x27 -> Node 1
[    0.000000] SRAT: PXM 1 -> APIC 0x29 -> Node 1
[    0.000000] SRAT: PXM 1 -> APIC 0x31 -> Node 1
[    0.000000] SRAT: PXM 1 -> APIC 0x33 -> Node 1
[    0.000000] SRAT: PXM 1 -> APIC 0x35 -> Node 1
[    0.000000] SRAT: PXM 1 -> APIC 0x37 -> Node 1
[    0.000000] SRAT: PXM 1 -> APIC 0x39 -> Node 1
[    0.000000] acpi: SRAT: Node 0 PXM 0 [mem 0x00000000-0x7fffffff]
[    0.000000] acpi: SRAT: Node 0 PXM 0 [mem 0x100000000-0x107fffffff]
[    0.000000] acpi: SRAT: Node 0 PXM 0 [mem 0x1080000000-0x147fffffff]
[    0.000000] acpi: SRAT: Node 1 PXM 1 [mem 0x1480000000-0x247fffffff]
[    0.000000] acpi: SRAT: Node 1 PXM 1 [mem 0x2480000000-0x287fffffff]
[    0.000000] NUMA: Initialized distance table, cnt=2
[    0.000000] NUMA: Node 0 [mem 0x00000000-0x7fffffff] + [mem 0x100000000-0x107fffffff] -> [mem 0x00000000-0x107fffffff]
[    0.000000] NUMA: Node 0 [mem 0x00000000-0x107fffffff] + [mem 0x1080000000-0x147fffffff] -> [mem 0x00000000-0x147fffffff]
[    0.000000] NUMA: Node 1 [mem 0x1480000000-0x247fffffff] + [mem 0x2480000000-0x287fffffff] -> [mem 0x1480000000-0x287fffffff]
[    0.000000] NODE_DATA(0) allocated [mem 0x147fffc000-0x147fffffff]
[    0.000000] NODE_DATA(1) allocated [mem 0x287fff9000-0x287fffcfff]
[    0.000000] setup: Reserving 128MB of memory at 768MB for crashkernel (System RAM: 163729MB)
[    0.000000] tsc: Fast TSC calibration using PIT
[    0.000000] page_alloc: Zone ranges:
[    0.000000] page_alloc:   DMA      [mem 0x0000000000001000-0x0000000000ffffff]
[    0.000000] page_alloc:   DMA32    [mem 0x0000000001000000-0x00000000ffffffff]
[    0.000000] page_alloc:   Normal   [mem 0x0000000100000000-0x000000287fffffff]
[    0.000000] page_alloc: Movable zone start for each node
[    0.000000] page_alloc: Early memory node ranges
[    0.000000] page_alloc:   node   0: [mem 0x0000000000001000-0x0000000000098fff]
[    0.000000] page_alloc:   node   0: [mem 0x0000000000100000-0x00000000791d3fff]
[    0.000000] page_alloc:   node   0: [mem 0x0000000100000000-0x000000147fffffff]
[    0.000000] page_alloc:   node   1: [mem 0x0000001480000000-0x000000287fffffff]
[    0.000000] page_alloc: Initmem setup node 0 [mem 0x0000000000001000-0x000000147fffffff]
[    0.000000] On node 0 totalpages: 20943212
[    0.000000]   DMA zone: 144 pages used for memmap
[    0.000000]   DMA zone: 42 pages reserved
[    0.000000]   DMA zone: 3992 pages, LIFO batch:0
[    0.000000]   DMA32 zone: 17297 pages used for memmap
[    0.000000]   DMA32 zone: 491988 pages, LIFO batch:31
[    0.000000]   Normal zone: 718848 pages used for memmap
[    0.000000]   Normal zone: 20447232 pages, LIFO batch:31
[    0.000000] page_alloc: Initmem setup node 1 [mem 0x0000001480000000-0x000000287fffffff]
[    0.000000] On node 1 totalpages: 20971520
[    0.000000]   Normal zone: 737280 pages used for memmap
[    0.000000]   Normal zone: 20971520 pages, LIFO batch:31
[    0.000000] page_alloc: Reserved but unavailable: 104 pages
[    0.000000] ACPI: PM-Timer IO Port: 0x408
[    0.000000] ACPI: Local APIC address 0xfee00000
[    0.000000] tables: LAPIC_NMI (acpi_id[0x00] high edge lint[0x1])
[    0.000000] tables: LAPIC_NMI (acpi_id[0x02] high edge lint[0x1])
[    0.000000] tables: LAPIC_NMI (acpi_id[0x04] high edge lint[0x1])
[    0.000000] tables: LAPIC_NMI (acpi_id[0x06] high edge lint[0x1])
[    0.000000] tables: LAPIC_NMI (acpi_id[0x08] high edge lint[0x1])
[    0.000000] tables: LAPIC_NMI (acpi_id[0x10] high edge lint[0x1])
[    0.000000] tables: LAPIC_NMI (acpi_id[0x12] high edge lint[0x1])
[    0.000000] tables: LAPIC_NMI (acpi_id[0x14] high edge lint[0x1])
[    0.000000] tables: LAPIC_NMI (acpi_id[0x16] high edge lint[0x1])
[    0.000000] tables: LAPIC_NMI (acpi_id[0x18] high edge lint[0x1])
[    0.000000] tables: LAPIC_NMI (acpi_id[0x20] high edge lint[0x1])
[    0.000000] tables: LAPIC_NMI (acpi_id[0x22] high edge lint[0x1])
[    0.000000] tables: LAPIC_NMI (acpi_id[0x24] high edge lint[0x1])
[    0.000000] tables: LAPIC_NMI (acpi_id[0x26] high edge lint[0x1])
[    0.000000] tables: LAPIC_NMI (acpi_id[0x28] high edge lint[0x1])
[    0.000000] tables: LAPIC_NMI (acpi_id[0x30] high edge lint[0x1])
[    0.000000] tables: LAPIC_NMI (acpi_id[0x32] high edge lint[0x1])
[    0.000000] tables: LAPIC_NMI (acpi_id[0x34] high edge lint[0x1])
[    0.000000] tables: LAPIC_NMI (acpi_id[0x36] high edge lint[0x1])
[    0.000000] tables: LAPIC_NMI (acpi_id[0x38] high edge lint[0x1])
[    0.000000] tables: LAPIC_NMI (acpi_id[0x01] high edge lint[0x1])
[    0.000000] tables: LAPIC_NMI (acpi_id[0x03] high edge lint[0x1])
[    0.000000] tables: LAPIC_NMI (acpi_id[0x05] high edge lint[0x1])
[    0.000000] tables: LAPIC_NMI (acpi_id[0x07] high edge lint[0x1])
[    0.000000] tables: LAPIC_NMI (acpi_id[0x09] high edge lint[0x1])
[    0.000000] tables: LAPIC_NMI (acpi_id[0x11] high edge lint[0x1])
[    0.000000] tables: LAPIC_NMI (acpi_id[0x13] high edge lint[0x1])
[    0.000000] tables: LAPIC_NMI (acpi_id[0x15] high edge lint[0x1])
[    0.000000] tables: LAPIC_NMI (acpi_id[0x17] high edge lint[0x1])
[    0.000000] tables: LAPIC_NMI (acpi_id[0x19] high edge lint[0x1])
[    0.000000] tables: LAPIC_NMI (acpi_id[0x21] high edge lint[0x1])
[    0.000000] tables: LAPIC_NMI (acpi_id[0x23] high edge lint[0x1])
[    0.000000] tables: LAPIC_NMI (acpi_id[0x25] high edge lint[0x1])
[    0.000000] tables: LAPIC_NMI (acpi_id[0x27] high edge lint[0x1])
[    0.000000] tables: LAPIC_NMI (acpi_id[0x29] high edge lint[0x1])
[    0.000000] tables: LAPIC_NMI (acpi_id[0x31] high edge lint[0x1])
[    0.000000] tables: LAPIC_NMI (acpi_id[0x33] high edge lint[0x1])
[    0.000000] tables: LAPIC_NMI (acpi_id[0x35] high edge lint[0x1])
[    0.000000] tables: LAPIC_NMI (acpi_id[0x37] high edge lint[0x1])
[    0.000000] tables: LAPIC_NMI (acpi_id[0x39] high edge lint[0x1])
[    0.000000] io_apic: IOAPIC[0]: apic_id 1, version 32, address 0xfec00000, GSI 0-23
[    0.000000] io_apic: IOAPIC[1]: apic_id 2, version 32, address 0xfec01000, GSI 24-47
[    0.000000] io_apic: IOAPIC[2]: apic_id 3, version 32, address 0xfec40000, GSI 48-71
[    0.000000] tables: INT_SRC_OVR (bus 0 bus_irq 0 global_irq 2 dfl dfl)
[    0.000000] tables: INT_SRC_OVR (bus 0 bus_irq 9 global_irq 9 high level)
[    0.000000] ACPI: IRQ0 used by override.
[    0.000000] ACPI: IRQ9 used by override.
[    0.000000] Using ACPI (MADT) for SMP configuration information
[    0.000000] ACPI: HPET id: 0x8086a701 base: 0xfed00000
[    0.000000] smpboot: Allowing 40 CPUs, 0 hotplug CPUs
[    0.000000] snapshot: Registered nosave memory: [mem 0x00000000-0x00000fff]
[    0.000000] snapshot: Registered nosave memory: [mem 0x00099000-0x00099fff]
[    0.000000] snapshot: Registered nosave memory: [mem 0x0009a000-0x0009ffff]
[    0.000000] snapshot: Registered nosave memory: [mem 0x000a0000-0x000dffff]
[    0.000000] snapshot: Registered nosave memory: [mem 0x000e0000-0x000fffff]
[    0.000000] snapshot: Registered nosave memory: [mem 0x791d4000-0x799cdfff]
[    0.000000] snapshot: Registered nosave memory: [mem 0x799ce000-0x79a32fff]
[    0.000000] snapshot: Registered nosave memory: [mem 0x79a33000-0x79fa1fff]
[    0.000000] snapshot: Registered nosave memory: [mem 0x79fa2000-0x8fffffff]
[    0.000000] snapshot: Registered nosave memory: [mem 0x90000000-0xfed1bfff]
[    0.000000] snapshot: Registered nosave memory: [mem 0xfed1c000-0xfed44fff]
[    0.000000] snapshot: Registered nosave memory: [mem 0xfed45000-0xfeffffff]
[    0.000000] snapshot: Registered nosave memory: [mem 0xff000000-0xffffffff]
[    0.000000] e820: e820: [mem 0x90000000-0xfed1bfff] available for PCI devices
[    0.000000] Booting paravirtualized kernel on bare hardware
[    0.000000] clocksource: refined-jiffies: mask: 0xffffffff max_cycles: 0xffffffff, max_idle_ns: 7645519600211568 ns
[    0.000000] setup_percpu: NR_CPUS:256 nr_cpumask_bits:256 nr_cpu_ids:40 nr_node_ids:2
[    0.000000] percpu: Embedded 45 pages/cpu @        (ptrval) s145496 r8192 d30632 u262144
[    0.000000] pcpu-alloc: s145496 r8192 d30632 u262144 alloc=1*2097152
[    0.000000] pcpu-alloc: [0] 00 01 02 03 04 05 06 07 [0] 08 09 20 21 22 23 24 25 
[    0.000000] pcpu-alloc: [0] 26 27 28 29 -- -- -- -- [1] 10 11 12 13 14 15 16 17 
[    0.000000] pcpu-alloc: [1] 18 19 30 31 32 33 34 35 [1] 36 37 38 39 -- -- -- -- 
[    0.000000] page_alloc: Built 2 zonelists, mobility grouping on.  Total pages: 40441121
[    0.000000] page_alloc: Policy zone: Normal
[    0.000000] main: Kernel command line: BOOT_IMAGE=/boot/vmlinuz-4.17.0 root=UUID=4910fb56-38cb-41ae-82bf-3efa1d8a45a0 ro console=ttyS0,115200 crashkernel=384M-:128M
[    0.000000] printk: log_buf_len individual max cpu contribution: 4096 bytes
[    0.000000] printk: log_buf_len total cpu_extra contributions: 159744 bytes
[    0.000000] printk: log_buf_len min size: 262144 bytes
[    0.000000] printk: log_buf_len: 524288 bytes
[    0.000000] printk: early log buf free: 244832(93%)
[    0.000000] Calgary: detecting Calgary via BIOS EBDA area
[    0.000000] Calgary: Unable to locate Rio Grande table in EBDA - bailing!
[    0.000000] page_alloc: Memory: 161224956K/167658928K available (14348K kernel code, 1801K rwdata, 4280K rodata, 1812K init, 132104K bss, 6433972K reserved, 0K cma-reserved)
[    0.000000] slub: SLUB: HWalign=64, Order=0-3, MinObjects=0, CPUs=40, Nodes=2
[    0.000000] Kernel/User page tables isolation: enabled
[    0.000000] libftrace: ftrace: allocating 42155 entries in 165 pages
[    0.000000] trace: 
[    0.000000] trace: **********************************************************
[    0.000000] trace: **   NOTICE NOTICE NOTICE NOTICE NOTICE NOTICE NOTICE   **
[    0.000000] trace: **                                                      **
[    0.000000] trace: ** trace_printk() being used. Allocating extra memory.  **
[    0.000000] trace: **                                                      **
[    0.000000] trace: ** This means that this is a DEBUG kernel and it is     **
[    0.000000] trace: ** unsafe for production use.                           **
[    0.000000] trace: **                                                      **
[    0.000000] trace: ** If you see this message and you are not debugging    **
[    0.000000] trace: ** the kernel, report this immediately to your vendor!  **
[    0.000000] trace: **                                                      **
[    0.000000] trace: **   NOTICE NOTICE NOTICE NOTICE NOTICE NOTICE NOTICE   **
[    0.000000] trace: **********************************************************
[    0.000000] tree: Hierarchical RCU implementation.
[    0.000000] tree: 	RCU restricting CPUs from NR_CPUS=256 to nr_cpu_ids=40.
[    0.000000] tree: RCU: Adjusting geometry for rcu_fanout_leaf=16, nr_cpu_ids=40
[    0.000000] NR_IRQS: 16640, nr_irqs: 1560, preallocated irqs: 16
[    0.000000] tree: 	Offload RCU callbacks from CPUs: (none).
[    0.000000] vt: Console: colour VGA+ 80x25
[    0.000000] printk: console [ttyS0] enabled
[    0.000000] mempolicy: Enabling automatic NUMA balancing. Configure with numa_balancing= or the kernel.numa_balancing sysctl
[    0.000000] ACPI: Core revision 20180313
[    0.000000] clocksource: hpet: mask: 0xffffffff max_cycles: 0xffffffff, max_idle_ns: 133484882848 ns
[    0.000000] hpet clockevent registered
[    0.000000] apic: APIC: Switch to symmetric I/O mode setup
[    0.004000] dmar: Host address width 46
[    0.008000] dmar: DRHD base: 0x000000fbffc000 flags: 0x0
[    0.012000] dmar: dmar0: reg_base_addr fbffc000 ver 1:0 cap d2078c106f0466 ecap f020de
[    0.016000] dmar: DRHD base: 0x000000c7ffc000 flags: 0x1
[    0.020000] dmar: dmar1: reg_base_addr c7ffc000 ver 1:0 cap d2078c106f0466 ecap f020de
[    0.024000] dmar: RMRR base: 0x0000007bb4c000 end: 0x0000007bb5cfff
[    0.028000] dmar: ATSR flags: 0x0
[    0.032000] dmar: RHSA base: 0x000000c7ffc000 proximity domain: 0x0
[    0.036000] dmar: RHSA base: 0x000000fbffc000 proximity domain: 0x1
[    0.040000] intel_irq_remapping: IOAPIC id 3 under DRHD base  0xfbffc000 IOMMU 0
[    0.044000] intel_irq_remapping: IOAPIC id 1 under DRHD base  0xc7ffc000 IOMMU 1
[    0.048000] intel_irq_remapping: IOAPIC id 2 under DRHD base  0xc7ffc000 IOMMU 1
[    0.052000] intel_irq_remapping: HPET id 0 under DRHD base 0xc7ffc000
[    0.056000] intel_irq_remapping: x2apic is disabled because BIOS sets x2apic opt out bit.
[    0.056000] intel_irq_remapping: Use 'intremap=no_x2apic_optout' to override the BIOS setting.
[    0.064000] intel_irq_remapping: Enabled IRQ remapping in xapic mode
[    0.064000] apic: x2apic: IRQ remapping doesn't support X2APIC mode
[    0.068000] probe_64: Switched APIC routing to physical flat.
[    0.072000] ..TIMER: vector=0x30 apic1=0 pin1=2 apic2=-1 pin2=-1
[    0.092000] tsc: Fast TSC calibration using PIT
[    0.096000] tsc: Detected 2593.849 MHz processor
[    0.100000] clocksource: tsc-early: mask: 0xffffffffffffffff max_cycles: 0x256389a3af5, max_idle_ns: 440795266971 ns
[    0.104001] calibrate: Calibrating delay loop (skipped), value calculated using timer frequency.. 5187.69 BogoMIPS (lpj=10375396)
[    0.108001] pid: pid_max: default: 40960 minimum: 320
[    0.112074] security: Security Framework initialized
[    0.116001] yama: Yama: becoming mindful.
[    0.120036] AppArmor: AppArmor initialized
[    0.148119] page_alloc: Dentry cache hash table entries: 16777216 (order: 15, 134217728 bytes)
[    0.164864] page_alloc: Inode-cache hash table entries: 8388608 (order: 14, 67108864 bytes)
[    0.168374] page_alloc: Mount-cache hash table entries: 262144 (order: 9, 2097152 bytes)
[    0.172345] page_alloc: Mountpoint-cache hash table entries: 262144 (order: 9, 2097152 bytes)
[    0.176310] topology: CPU: Physical Processor ID: 0
[    0.180001] topology: CPU: Processor Core ID: 0
[    0.184005] intel: ENERGY_PERF_BIAS: Set to 'normal', was 'performance'
[    0.188000] intel: ENERGY_PERF_BIAS: View and update with x86_energy_perf_policy(8)
[    0.192004] mce: CPU supports 22 MCE banks
[    0.196016] therm_throt: CPU0: Thermal monitoring enabled (TM1)
[    0.200021] process: using mwait in idle threads
[    0.204002] common: Last level iTLB entries: 4KB 1024, 2MB 1024, 4MB 1024
[    0.208000] common: Last level dTLB entries: 4KB 1024, 2MB 1024, 4MB 1024, 1GB 4
[    0.212002] Spectre V2 : Vulnerable: Minimal generic ASM retpoline
[    0.216001] Speculative Store Bypass: Vulnerable
[    0.220132] page_alloc: Freeing SMP alternatives memory: 40K
[    0.228096] TSC deadline timer enabled
[    0.228103] smpboot: CPU0: Intel(R) Xeon(R) CPU E5-2660 v3 @ 2.60GHz (family: 0x6, model: 0x3f, stepping: 0x2)
[    0.232133] core: Performance Events: PEBS fmt2+, Haswell events, 16-deep LBR, full-width counters, Intel PMU driver.
[    0.236004] core: ... version:                3
[    0.240000] core: ... bit width:              48
[    0.244000] core: ... generic registers:      4
[    0.248001] core: ... value mask:             0000ffffffffffff
[    0.252000] core: ... max period:             00007fffffffffff
[    0.256000] core: ... fixed-purpose events:   3
[    0.260000] core: ... event mask:             000000070000000f
[    0.264056] srcutree: Hierarchical SRCU implementation.
[    0.272097] watchdog_hld: Enabled. Permanently consumes one hw-PMU counter.
[    0.276007] smp: Bringing up secondary CPUs ...
[    0.280174] x86: Booting SMP configuration:
[    0.284002] .... node  #0, CPUs:        #1  #2  #3  #4  #5  #6  #7  #8  #9
[    0.296002] .... node  #1, CPUs:   #10 #11 #12 #13 #14 #15 #16 #17 #18 #19
[    0.396003] .... node  #0, CPUs:   #20 #21 #22 #23 #24 #25 #26 #27 #28 #29
[    0.412004] .... node  #1, CPUs:   #30 #31 #32 #33 #34 #35 #36 #37 #38 #39
[    0.425448] smp: Brought up 2 nodes, 40 CPUs
[    0.432001] smpboot: Max logical packages: 2
[    0.436002] smpboot: Total of 40 processors activated (207538.95 BogoMIPS)
[    0.449919] devtmpfs: initialized
[    0.452063] init_64: x86/mm: Memory block size: 2048MB
[    0.456774] evm: security.selinux
[    0.460002] evm: security.SMACK64
[    0.463698] evm: security.apparmor
[    0.464000] evm: security.ima
[    0.467307] evm: security.capability
[    0.468059] acpi: PM: Registering ACPI NVS region [mem 0x79a33000-0x79fa1fff] (5697536 bytes)
[    0.472246] clocksource: jiffies: mask: 0xffffffff max_cycles: 0xffffffff, max_idle_ns: 7645041785100000 ns
[    0.476061] page_alloc: futex hash table entries: 16384 (order: 8, 1048576 bytes)
[    0.480362] xor: automatically using best checksumming function   avx       
[    0.484027] core: initialized pinctrl subsystem
[    0.488113] trace: RTC time: 13:03:43, date: 08/07/19
[    0.492636] socket: NET: Registered protocol family 16
[    0.496106] audit: initializing netlink subsys (disabled)
[    0.500021] audit: type=2000 audit(1565183020.500:1): state=initialized audit_enabled=0 res=1
[    0.508004] cpuidle: using governor ladder
[    0.512013] cpuidle: using governor menu
[    0.516052] random: random: get_random_bytes called from kcmp_cookies_init+0x16/0x38 with crng_init=0
[    0.520003] pci_acpi: ACPI FADT declares the system doesn't support PCIe ASPM, so disable it
[    0.524001] ACPI: bus type PCI registered
[    0.528001] acpiphp: ACPI Hot Plug PCI Controller Driver version: 0.5
[    0.532106] mmconfig_shared: PCI: MMCONFIG for domain 0000 [bus 00-ff] at [mem 0x80000000-0x8fffffff] (base 0x80000000)
[    0.536003] mmconfig_shared: PCI: MMCONFIG at [mem 0x80000000-0x8fffffff] reserved in E820
[    0.540013] PCI: Using configuration type 1 for base access
[    0.544035] core: PMU erratum BJ122, BV98, HSD29 worked around, HT is on
[    0.549764] hugetlb: HugeTLB registered 1.00 GiB page size, pre-allocated 0 pages
[    0.552004] hugetlb: HugeTLB registered 2.00 MiB page size, pre-allocated 0 pages
[    0.624007] raid6_pq: raid6: sse2x1   gen()  8309 MB/s
[    0.696002] raid6_pq: raid6: sse2x1   xor()  6583 MB/s
[    0.768007] raid6_pq: raid6: sse2x2   gen() 10533 MB/s
[    0.840002] raid6_pq: raid6: sse2x2   xor()  7244 MB/s
[    0.912006] raid6_pq: raid6: sse2x4   gen() 12323 MB/s
[    0.984003] raid6_pq: raid6: sse2x4   xor()  8459 MB/s
[    1.056001] raid6_pq: raid6: avx2x1   gen() 15754 MB/s
[    1.128002] raid6_pq: raid6: avx2x1   xor() 12539 MB/s
[    1.200001] raid6_pq: raid6: avx2x2   gen() 18993 MB/s
[    1.272001] raid6_pq: raid6: avx2x2   xor() 13560 MB/s
[    1.344001] raid6_pq: raid6: avx2x4   gen() 22203 MB/s
[    1.416001] raid6_pq: raid6: avx2x4   xor() 15019 MB/s
[    1.420001] raid6_pq: raid6: using algorithm avx2x4 gen() 22203 MB/s
[    1.424000] raid6_pq: raid6: .... xor() 15019 MB/s, rmw enabled
[    1.428001] raid6_pq: raid6: using avx2x2 recovery algorithm
[    1.432188] acpi: Added _OSI(Module Device)
[    1.436001] acpi: Added _OSI(Processor Device)
[    1.440001] acpi: Added _OSI(3.0 _SCP Extensions)
[    1.444001] acpi: Added _OSI(Processor Aggregator Device)
[    1.448001] acpi: Added _OSI(Linux-Dell-Video)
[    1.484779] ACPI: 4 ACPI AML tables successfully acquired and loaded
[    1.492254] acpi: [Firmware Bug]: BIOS _OSI(Linux) query ignored
[    1.504749] ACPI: Dynamic OEM Table Load:
[    1.528903] ACPI: Interpreter enabled
[    1.532013] acpi: ACPI: (supports S0 S5)
[    1.536002] ACPI: Using IOAPIC for interrupt routing
[    1.540043] apei: HEST: Table parsing has been initialized.
[    1.544003] PCI: Using host bridge windows from ACPI; if necessary, use "pci=nocrs" and report a bug
[    1.548430] ACPI: Enabled 5 GPEs in block 00 to 3F
[    1.584069] acpi: ACPI: PCI Root Bridge [UNC1] (domain 0000 [bus ff])
[    1.588005] acpi PNP0A03:02: _OSC: OS supports [ExtendedConfig ASPM ClockPM Segments MSI]
[    1.602076] acpi PNP0A03:02: _OSC: OS now controls [PCIeHotplug PME AER PCIeCapability]
[    1.608002] acpi PNP0A03:02: FADT indicates ASPM is unsupported, using BIOS configuration
[    1.620040] probe: PCI host bridge to bus 0000:ff
[    1.624002] pci_bus 0000:ff: root bus resource [bus ff]
[    1.628010] pci 0000:ff:08.0: [8086:2f80] type 00 class 0x088000
[    1.628064] pci 0000:ff:08.2: [8086:2f32] type 00 class 0x110100
[    1.628106] pci 0000:ff:08.3: [8086:2f83] type 00 class 0x088000
[    1.628154] pci 0000:ff:09.0: [8086:2f90] type 00 class 0x088000
[    1.628197] pci 0000:ff:09.2: [8086:2f33] type 00 class 0x110100
[    1.628236] pci 0000:ff:09.3: [8086:2f93] type 00 class 0x088000
[    1.628279] pci 0000:ff:0b.0: [8086:2f81] type 00 class 0x088000
[    1.628316] pci 0000:ff:0b.1: [8086:2f36] type 00 class 0x110100
[    1.628356] pci 0000:ff:0b.2: [8086:2f37] type 00 class 0x110100
[    1.628395] pci 0000:ff:0c.0: [8086:2fe0] type 00 class 0x088000
[    1.628431] pci 0000:ff:0c.1: [8086:2fe1] type 00 class 0x088000
[    1.628467] pci 0000:ff:0c.2: [8086:2fe2] type 00 class 0x088000
[    1.628506] pci 0000:ff:0c.3: [8086:2fe3] type 00 class 0x088000
[    1.628545] pci 0000:ff:0c.4: [8086:2fe4] type 00 class 0x088000
[    1.628581] pci 0000:ff:0c.5: [8086:2fe5] type 00 class 0x088000
[    1.628617] pci 0000:ff:0c.6: [8086:2fe6] type 00 class 0x088000
[    1.628656] pci 0000:ff:0c.7: [8086:2fe7] type 00 class 0x088000
[    1.628692] pci 0000:ff:0d.0: [8086:2fe8] type 00 class 0x088000
[    1.628732] pci 0000:ff:0d.1: [8086:2fe9] type 00 class 0x088000
[    1.628774] pci 0000:ff:0f.0: [8086:2ff8] type 00 class 0x088000
[    1.628811] pci 0000:ff:0f.1: [8086:2ff9] type 00 class 0x088000
[    1.628853] pci 0000:ff:0f.2: [8086:2ffa] type 00 class 0x088000
[    1.628890] pci 0000:ff:0f.3: [8086:2ffb] type 00 class 0x088000
[    1.628930] pci 0000:ff:0f.4: [8086:2ffc] type 00 class 0x088000
[    1.628970] pci 0000:ff:0f.5: [8086:2ffd] type 00 class 0x088000
[    1.629008] pci 0000:ff:0f.6: [8086:2ffe] type 00 class 0x088000
[    1.629048] pci 0000:ff:10.0: [8086:2f1d] type 00 class 0x088000
[    1.629086] pci 0000:ff:10.1: [8086:2f34] type 00 class 0x110100
[    1.629128] pci 0000:ff:10.5: [8086:2f1e] type 00 class 0x088000
[    1.629164] pci 0000:ff:10.6: [8086:2f7d] type 00 class 0x110100
[    1.629202] pci 0000:ff:10.7: [8086:2f1f] type 00 class 0x088000
[    1.629239] pci 0000:ff:12.0: [8086:2fa0] type 00 class 0x088000
[    1.629280] pci 0000:ff:12.1: [8086:2f30] type 00 class 0x110100
[    1.629325] pci 0000:ff:12.4: [8086:2f60] type 00 class 0x088000
[    1.629365] pci 0000:ff:12.5: [8086:2f38] type 00 class 0x110100
[    1.629408] pci 0000:ff:13.0: [8086:2fa8] type 00 class 0x088000
[    1.629451] pci 0000:ff:13.1: [8086:2f71] type 00 class 0x088000
[    1.629495] pci 0000:ff:13.2: [8086:2faa] type 00 class 0x088000
[    1.629542] pci 0000:ff:13.3: [8086:2fab] type 00 class 0x088000
[    1.629586] pci 0000:ff:13.6: [8086:2fae] type 00 class 0x088000
[    1.629629] pci 0000:ff:13.7: [8086:2faf] type 00 class 0x088000
[    1.629669] pci 0000:ff:14.0: [8086:2fb0] type 00 class 0x088000
[    1.629713] pci 0000:ff:14.1: [8086:2fb1] type 00 class 0x088000
[    1.629760] pci 0000:ff:14.2: [8086:2fb2] type 00 class 0x088000
[    1.629804] pci 0000:ff:14.3: [8086:2fb3] type 00 class 0x088000
[    1.629847] pci 0000:ff:14.4: [8086:2fbc] type 00 class 0x088000
[    1.629887] pci 0000:ff:14.5: [8086:2fbd] type 00 class 0x088000
[    1.629928] pci 0000:ff:14.6: [8086:2fbe] type 00 class 0x088000
[    1.629973] pci 0000:ff:14.7: [8086:2fbf] type 00 class 0x088000
[    1.630017] pci 0000:ff:16.0: [8086:2f68] type 00 class 0x088000
[    1.630061] pci 0000:ff:16.1: [8086:2f79] type 00 class 0x088000
[    1.630105] pci 0000:ff:16.2: [8086:2f6a] type 00 class 0x088000
[    1.630149] pci 0000:ff:16.3: [8086:2f6b] type 00 class 0x088000
[    1.630198] pci 0000:ff:16.6: [8086:2f6e] type 00 class 0x088000
[    1.630243] pci 0000:ff:16.7: [8086:2f6f] type 00 class 0x088000
[    1.630284] pci 0000:ff:17.0: [8086:2fd0] type 00 class 0x088000
[    1.630331] pci 0000:ff:17.1: [8086:2fd1] type 00 class 0x088000
[    1.630375] pci 0000:ff:17.2: [8086:2fd2] type 00 class 0x088000
[    1.630423] pci 0000:ff:17.3: [8086:2fd3] type 00 class 0x088000
[    1.630467] pci 0000:ff:17.4: [8086:2fb8] type 00 class 0x088000
[    1.630508] pci 0000:ff:17.5: [8086:2fb9] type 00 class 0x088000
[    1.630550] pci 0000:ff:17.6: [8086:2fba] type 00 class 0x088000
[    1.630591] pci 0000:ff:17.7: [8086:2fbb] type 00 class 0x088000
[    1.630648] pci 0000:ff:1e.0: [8086:2f98] type 00 class 0x088000
[    1.630690] pci 0000:ff:1e.1: [8086:2f99] type 00 class 0x088000
[    1.630730] pci 0000:ff:1e.2: [8086:2f9a] type 00 class 0x088000
[    1.630770] pci 0000:ff:1e.3: [8086:2fc0] type 00 class 0x088000
[    1.630799] pci 0000:ff:1e.4: [8086:2f9c] type 00 class 0x088000
[    1.630847] pci 0000:ff:1f.0: [8086:2f88] type 00 class 0x088000
[    1.630889] pci 0000:ff:1f.2: [8086:2f8a] type 00 class 0x088000
[    1.630992] acpi: ACPI: PCI Root Bridge [UNC0] (domain 0000 [bus 7f])
[    1.640003] acpi PNP0A03:03: _OSC: OS supports [ExtendedConfig ASPM ClockPM Segments MSI]
[    1.648725] acpi PNP0A03:03: _OSC: OS now controls [PCIeHotplug PME AER PCIeCapability]
[    1.660001] acpi PNP0A03:03: FADT indicates ASPM is unsupported, using BIOS configuration
[    1.668035] probe: PCI host bridge to bus 0000:7f
[    1.672002] pci_bus 0000:7f: root bus resource [bus 7f]
[    1.680008] pci 0000:7f:08.0: [8086:2f80] type 00 class 0x088000
[    1.680050] pci 0000:7f:08.2: [8086:2f32] type 00 class 0x110100
[    1.680093] pci 0000:7f:08.3: [8086:2f83] type 00 class 0x088000
[    1.680134] pci 0000:7f:09.0: [8086:2f90] type 00 class 0x088000
[    1.680171] pci 0000:7f:09.2: [8086:2f33] type 00 class 0x110100
[    1.680208] pci 0000:7f:09.3: [8086:2f93] type 00 class 0x088000
[    1.680249] pci 0000:7f:0b.0: [8086:2f81] type 00 class 0x088000
[    1.680285] pci 0000:7f:0b.1: [8086:2f36] type 00 class 0x110100
[    1.680318] pci 0000:7f:0b.2: [8086:2f37] type 00 class 0x110100
[    1.680354] pci 0000:7f:0c.0: [8086:2fe0] type 00 class 0x088000
[    1.680389] pci 0000:7f:0c.1: [8086:2fe1] type 00 class 0x088000
[    1.680422] pci 0000:7f:0c.2: [8086:2fe2] type 00 class 0x088000
[    1.680460] pci 0000:7f:0c.3: [8086:2fe3] type 00 class 0x088000
[    1.680495] pci 0000:7f:0c.4: [8086:2fe4] type 00 class 0x088000
[    1.680528] pci 0000:7f:0c.5: [8086:2fe5] type 00 class 0x088000
[    1.680561] pci 0000:7f:0c.6: [8086:2fe6] type 00 class 0x088000
[    1.680595] pci 0000:7f:0c.7: [8086:2fe7] type 00 class 0x088000
[    1.680633] pci 0000:7f:0d.0: [8086:2fe8] type 00 class 0x088000
[    1.680669] pci 0000:7f:0d.1: [8086:2fe9] type 00 class 0x088000
[    1.680707] pci 0000:7f:0f.0: [8086:2ff8] type 00 class 0x088000
[    1.680742] pci 0000:7f:0f.1: [8086:2ff9] type 00 class 0x088000
[    1.680777] pci 0000:7f:0f.2: [8086:2ffa] type 00 class 0x088000
[    1.680816] pci 0000:7f:0f.3: [8086:2ffb] type 00 class 0x088000
[    1.680852] pci 0000:7f:0f.4: [8086:2ffc] type 00 class 0x088000
[    1.680888] pci 0000:7f:0f.5: [8086:2ffd] type 00 class 0x088000
[    1.680923] pci 0000:7f:0f.6: [8086:2ffe] type 00 class 0x088000
[    1.680959] pci 0000:7f:10.0: [8086:2f1d] type 00 class 0x088000
[    1.680997] pci 0000:7f:10.1: [8086:2f34] type 00 class 0x110100
[    1.681034] pci 0000:7f:10.5: [8086:2f1e] type 00 class 0x088000
[    1.681068] pci 0000:7f:10.6: [8086:2f7d] type 00 class 0x110100
[    1.681101] pci 0000:7f:10.7: [8086:2f1f] type 00 class 0x088000
[    1.681140] pci 0000:7f:12.0: [8086:2fa0] type 00 class 0x088000
[    1.681186] pci 0000:7f:12.1: [8086:2f30] type 00 class 0x110100
[    1.681224] pci 0000:7f:12.4: [8086:2f60] type 00 class 0x088000
[    1.681263] pci 0000:7f:12.5: [8086:2f38] type 00 class 0x110100
[    1.681302] pci 0000:7f:13.0: [8086:2fa8] type 00 class 0x088000
[    1.681342] pci 0000:7f:13.1: [8086:2f71] type 00 class 0x088000
[    1.681385] pci 0000:7f:13.2: [8086:2faa] type 00 class 0x088000
[    1.681425] pci 0000:7f:13.3: [8086:2fab] type 00 class 0x088000
[    1.681465] pci 0000:7f:13.6: [8086:2fae] type 00 class 0x088000
[    1.681502] pci 0000:7f:13.7: [8086:2faf] type 00 class 0x088000
[    1.681540] pci 0000:7f:14.0: [8086:2fb0] type 00 class 0x088000
[    1.681584] pci 0000:7f:14.1: [8086:2fb1] type 00 class 0x088000
[    1.681627] pci 0000:7f:14.2: [8086:2fb2] type 00 class 0x088000
[    1.681667] pci 0000:7f:14.3: [8086:2fb3] type 00 class 0x088000
[    1.681707] pci 0000:7f:14.4: [8086:2fbc] type 00 class 0x088000
[    1.681744] pci 0000:7f:14.5: [8086:2fbd] type 00 class 0x088000
[    1.681784] pci 0000:7f:14.6: [8086:2fbe] type 00 class 0x088000
[    1.681822] pci 0000:7f:14.7: [8086:2fbf] type 00 class 0x088000
[    1.681861] pci 0000:7f:16.0: [8086:2f68] type 00 class 0x088000
[    1.681903] pci 0000:7f:16.1: [8086:2f79] type 00 class 0x088000
[    1.681944] pci 0000:7f:16.2: [8086:2f6a] type 00 class 0x088000
[    1.681988] pci 0000:7f:16.3: [8086:2f6b] type 00 class 0x088000
[    1.682030] pci 0000:7f:16.6: [8086:2f6e] type 00 class 0x088000
[    1.682068] pci 0000:7f:16.7: [8086:2f6f] type 00 class 0x088000
[    1.682106] pci 0000:7f:17.0: [8086:2fd0] type 00 class 0x088000
[    1.682147] pci 0000:7f:17.1: [8086:2fd1] type 00 class 0x088000
[    1.682191] pci 0000:7f:17.2: [8086:2fd2] type 00 class 0x088000
[    1.682234] pci 0000:7f:17.3: [8086:2fd3] type 00 class 0x088000
[    1.682275] pci 0000:7f:17.4: [8086:2fb8] type 00 class 0x088000
[    1.682313] pci 0000:7f:17.5: [8086:2fb9] type 00 class 0x088000
[    1.682352] pci 0000:7f:17.6: [8086:2fba] type 00 class 0x088000
[    1.682393] pci 0000:7f:17.7: [8086:2fbb] type 00 class 0x088000
[    1.682436] pci 0000:7f:1e.0: [8086:2f98] type 00 class 0x088000
[    1.682473] pci 0000:7f:1e.1: [8086:2f99] type 00 class 0x088000
[    1.682510] pci 0000:7f:1e.2: [8086:2f9a] type 00 class 0x088000
[    1.682548] pci 0000:7f:1e.3: [8086:2fc0] type 00 class 0x088000
[    1.682578] pci 0000:7f:1e.4: [8086:2f9c] type 00 class 0x088000
[    1.682621] pci 0000:7f:1f.0: [8086:2f88] type 00 class 0x088000
[    1.682662] pci 0000:7f:1f.2: [8086:2f8a] type 00 class 0x088000
[    1.691147] acpi: ACPI: PCI Root Bridge [PCI0] (domain 0000 [bus 00-7e])
[    1.696004] acpi PNP0A08:00: _OSC: OS supports [ExtendedConfig ASPM ClockPM Segments MSI]
[    1.708518] acpi PNP0A08:00: _OSC: OS now controls [PCIeHotplug PME AER PCIeCapability]
[    1.716001] acpi PNP0A08:00: FADT indicates ASPM is unsupported, using BIOS configuration
[    1.724278] probe: PCI host bridge to bus 0000:00
[    1.732002] pci_bus 0000:00: root bus resource [io  0x0000-0x0cf7 window]
[    1.740001] pci_bus 0000:00: root bus resource [io  0x1000-0x7fff window]
[    1.744001] pci_bus 0000:00: root bus resource [mem 0x000a0000-0x000bffff window]
[    1.756001] pci_bus 0000:00: root bus resource [mem 0x90000000-0xc7ffbfff window]
[    1.764001] pci_bus 0000:00: root bus resource [mem 0x38000000000-0x3bfffffffff window]
[    1.772001] pci_bus 0000:00: root bus resource [bus 00-7e]
[    1.776007] pci 0000:00:00.0: [8086:2f00] type 00 class 0x060000
[    1.776137] pci 0000:00:01.0: [8086:2f02] type 01 class 0x060400
[    1.776182] pci 0000:00:01.0: PME# supported from D0 D3hot D3cold
[    1.776277] pci 0000:00:01.1: [8086:2f03] type 01 class 0x060400
[    1.776320] pci 0000:00:01.1: PME# supported from D0 D3hot D3cold
[    1.776415] pci 0000:00:02.0: [8086:2f04] type 01 class 0x060400
[    1.776458] pci 0000:00:02.0: PME# supported from D0 D3hot D3cold
[    1.776551] pci 0000:00:02.2: [8086:2f06] type 01 class 0x060400
[    1.776594] pci 0000:00:02.2: PME# supported from D0 D3hot D3cold
[    1.776688] pci 0000:00:03.0: [8086:2f08] type 01 class 0x060400
[    1.776731] pci 0000:00:03.0: PME# supported from D0 D3hot D3cold
[    1.776822] pci 0000:00:05.0: [8086:2f28] type 00 class 0x088000
[    1.776930] pci 0000:00:05.1: [8086:2f29] type 00 class 0x088000
[    1.777048] pci 0000:00:05.2: [8086:2f2a] type 00 class 0x088000
[    1.777153] pci 0000:00:05.4: [8086:2f2c] type 00 class 0x080020
[    1.777161] pci 0000:00:05.4: reg 0x10: [mem 0xc7005000-0xc7005fff]
[    1.777282] pci 0000:00:11.0: [8086:8d7c] type 00 class 0xff0000
[    1.777468] pci 0000:00:11.4: [8086:8d62] type 00 class 0x010601
[    1.777485] pci 0000:00:11.4: reg 0x10: [io  0x7110-0x7117]
[    1.777492] pci 0000:00:11.4: reg 0x14: [io  0x7100-0x7103]
[    1.777499] pci 0000:00:11.4: reg 0x18: [io  0x70f0-0x70f7]
[    1.777506] pci 0000:00:11.4: reg 0x1c: [io  0x70e0-0x70e3]
[    1.777514] pci 0000:00:11.4: reg 0x20: [io  0x7020-0x703f]
[    1.777521] pci 0000:00:11.4: reg 0x24: [mem 0xc7004000-0xc70047ff]
[    1.777559] pci 0000:00:11.4: PME# supported from D3hot
[    1.777659] pci 0000:00:16.0: [8086:8d3a] type 00 class 0x078000
[    1.777677] pci 0000:00:16.0: reg 0x10: [mem 0x3bffff13000-0x3bffff1300f 64bit]
[    1.777732] pci 0000:00:16.0: PME# supported from D0 D3hot D3cold
[    1.777819] pci 0000:00:16.1: [8086:8d3b] type 00 class 0x078000
[    1.777837] pci 0000:00:16.1: reg 0x10: [mem 0x3bffff12000-0x3bffff1200f 64bit]
[    1.777892] pci 0000:00:16.1: PME# supported from D0 D3hot D3cold
[    1.777993] pci 0000:00:1a.0: [8086:8d2d] type 00 class 0x0c0320
[    1.778012] pci 0000:00:1a.0: reg 0x10: [mem 0xc7002000-0xc70023ff]
[    1.778088] pci 0000:00:1a.0: PME# supported from D0 D3hot D3cold
[    1.778181] pci 0000:00:1c.0: [8086:8d10] type 01 class 0x060400
[    1.778247] pci 0000:00:1c.0: PME# supported from D0 D3hot D3cold
[    1.778346] pci 0000:00:1c.3: [8086:8d16] type 01 class 0x060400
[    1.778412] pci 0000:00:1c.3: PME# supported from D0 D3hot D3cold
[    1.778513] pci 0000:00:1d.0: [8086:8d26] type 00 class 0x0c0320
[    1.778532] pci 0000:00:1d.0: reg 0x10: [mem 0xc7001000-0xc70013ff]
[    1.778608] pci 0000:00:1d.0: PME# supported from D0 D3hot D3cold
[    1.778700] pci 0000:00:1f.0: [8086:8d44] type 00 class 0x060100
[    1.778881] pci 0000:00:1f.2: [8086:8d02] type 00 class 0x010601
[    1.778896] pci 0000:00:1f.2: reg 0x10: [io  0x7070-0x7077]
[    1.778902] pci 0000:00:1f.2: reg 0x14: [io  0x7060-0x7063]
[    1.778908] pci 0000:00:1f.2: reg 0x18: [io  0x7050-0x7057]
[    1.778914] pci 0000:00:1f.2: reg 0x1c: [io  0x7040-0x7043]
[    1.778920] pci 0000:00:1f.2: reg 0x20: [io  0x7000-0x701f]
[    1.778926] pci 0000:00:1f.2: reg 0x24: [mem 0xc7000000-0xc70007ff]
[    1.778957] pci 0000:00:1f.2: PME# supported from D3hot
[    1.779178] acpiphp: Slot [0] registered
[    1.784033] pci 0000:01:00.0: [8086:1521] type 00 class 0x020000
[    1.784051] pci 0000:01:00.0: reg 0x10: [mem 0xc6a00000-0xc6afffff]
[    1.784062] pci 0000:01:00.0: reg 0x18: [io  0x6020-0x603f]
[    1.784068] pci 0000:01:00.0: reg 0x1c: [mem 0xc6c04000-0xc6c07fff]
[    1.784085] pci 0000:01:00.0: reg 0x30: [mem 0xc6b80000-0xc6bfffff pref]
[    1.784139] pci 0000:01:00.0: PME# supported from D0 D3hot D3cold
[    1.784162] pci 0000:01:00.0: reg 0x184: [mem 0x3bfffe60000-0x3bfffe63fff 64bit pref]
[    1.784163] pci 0000:01:00.0: VF(n) BAR0 space: [mem 0x3bfffe60000-0x3bfffe7ffff 64bit pref] (contains BAR0 for 8 VFs)
[    1.796013] pci 0000:01:00.0: reg 0x190: [mem 0x3bfffe40000-0x3bfffe43fff 64bit pref]
[    1.796014] pci 0000:01:00.0: VF(n) BAR3 space: [mem 0x3bfffe40000-0x3bfffe5ffff 64bit pref] (contains BAR3 for 8 VFs)
[    1.808086] pci 0000:01:00.1: [8086:1521] type 00 class 0x020000
[    1.808103] pci 0000:01:00.1: reg 0x10: [mem 0xc6900000-0xc69fffff]
[    1.808114] pci 0000:01:00.1: reg 0x18: [io  0x6000-0x601f]
[    1.808120] pci 0000:01:00.1: reg 0x1c: [mem 0xc6c00000-0xc6c03fff]
[    1.808137] pci 0000:01:00.1: reg 0x30: [mem 0xc6b00000-0xc6b7ffff pref]
[    1.808188] pci 0000:01:00.1: PME# supported from D0 D3hot D3cold
[    1.808208] pci 0000:01:00.1: reg 0x184: [mem 0x3bfffe20000-0x3bfffe23fff 64bit pref]
[    1.808209] pci 0000:01:00.1: VF(n) BAR0 space: [mem 0x3bfffe20000-0x3bfffe3ffff 64bit pref] (contains BAR0 for 8 VFs)
[    1.820013] pci 0000:01:00.1: reg 0x190: [mem 0x3bfffe00000-0x3bfffe03fff 64bit pref]
[    1.820014] pci 0000:01:00.1: VF(n) BAR3 space: [mem 0x3bfffe00000-0x3bfffe1ffff 64bit pref] (contains BAR3 for 8 VFs)
[    1.832079] pci 0000:00:01.0: PCI bridge to [bus 01-02]
[    1.840004] pci 0000:00:01.0:   bridge window [io  0x6000-0x6fff]
[    1.840005] pci 0000:00:01.0:   bridge window [mem 0xc6900000-0xc6cfffff]
[    1.840008] pci 0000:00:01.0:   bridge window [mem 0x3bfffe00000-0x3bfffefffff 64bit pref]
[    1.840155] pci 0000:00:01.1: PCI bridge to [bus 03]
[    1.844134] pci 0000:00:02.0: PCI bridge to [bus 04]
[    1.852140] pci 0000:05:00.0: [1000:0090] type 00 class 0x010700
[    1.852151] pci 0000:05:00.0: reg 0x10: [io  0x5000-0x50ff]
[    1.852157] pci 0000:05:00.0: reg 0x14: [mem 0xc6e40000-0xc6e4ffff 64bit]
[    1.852164] pci 0000:05:00.0: reg 0x1c: [mem 0xc6e00000-0xc6e3ffff 64bit]
[    1.852171] pci 0000:05:00.0: reg 0x30: [mem 0xc6d00000-0xc6dfffff pref]
[    1.852175] pci 0000:05:00.0: enabling Extended Tags
[    1.856077] pci 0000:05:00.0: supports D1 D2
[    1.856135] pci 0000:00:02.2: PCI bridge to [bus 05]
[    1.860002] pci 0000:00:02.2:   bridge window [io  0x5000-0x5fff]
[    1.860004] pci 0000:00:02.2:   bridge window [mem 0xc6d00000-0xc6efffff]
[    1.860143] pci 0000:06:00.0: [8086:10fb] type 00 class 0x020000
[    1.860155] pci 0000:06:00.0: reg 0x10: [mem 0xc7900000-0xc79fffff pref]
[    1.860164] pci 0000:06:00.0: reg 0x18: [io  0x4020-0x403f]
[    1.860169] pci 0000:06:00.0: reg 0x1c: [mem 0xc7e04000-0xc7e07fff pref]
[    1.860182] pci 0000:06:00.0: reg 0x30: [mem 0xc6f80000-0xc6ffffff pref]
[    1.860220] pci 0000:06:00.0: PME# supported from D0 D3hot
[    1.860237] pci 0000:06:00.0: reg 0x184: [mem 0xc7d00000-0xc7d03fff 64bit pref]
[    1.860239] pci 0000:06:00.0: VF(n) BAR0 space: [mem 0xc7d00000-0xc7dfffff 64bit pref] (contains BAR0 for 64 VFs)
[    1.872010] pci 0000:06:00.0: reg 0x190: [mem 0xc7c00000-0xc7c03fff 64bit pref]
[    1.872011] pci 0000:06:00.0: VF(n) BAR3 space: [mem 0xc7c00000-0xc7cfffff 64bit pref] (contains BAR3 for 64 VFs)
[    1.884134] pci 0000:06:00.1: [8086:10fb] type 00 class 0x020000
[    1.884146] pci 0000:06:00.1: reg 0x10: [mem 0xc7800000-0xc78fffff pref]
[    1.884155] pci 0000:06:00.1: reg 0x18: [io  0x4000-0x401f]
[    1.884160] pci 0000:06:00.1: reg 0x1c: [mem 0xc7e00000-0xc7e03fff pref]
[    1.884173] pci 0000:06:00.1: reg 0x30: [mem 0xc6f00000-0xc6f7ffff pref]
[    1.884209] pci 0000:06:00.1: PME# supported from D0 D3hot
[    1.884223] pci 0000:06:00.1: reg 0x184: [mem 0xc7b00000-0xc7b03fff 64bit pref]
[    1.884224] pci 0000:06:00.1: VF(n) BAR0 space: [mem 0xc7b00000-0xc7bfffff 64bit pref] (contains BAR0 for 64 VFs)
[    1.896009] pci 0000:06:00.1: reg 0x190: [mem 0xc7a00000-0xc7a03fff 64bit pref]
[    1.896010] pci 0000:06:00.1: VF(n) BAR3 space: [mem 0xc7a00000-0xc7afffff 64bit pref] (contains BAR3 for 64 VFs)
[    1.908128] pci 0000:00:03.0: PCI bridge to [bus 06-07]
[    1.916002] pci 0000:00:03.0:   bridge window [io  0x4000-0x4fff]
[    1.916004] pci 0000:00:03.0:   bridge window [mem 0xc6f00000-0xc6ffffff]
[    1.916007] pci 0000:00:03.0:   bridge window [mem 0xc7800000-0xc7efffff 64bit pref]
[    1.916040] pci 0000:00:1c.0: PCI bridge to [bus 08]
[    1.920064] pci 0000:09:00.0: [102b:0522] type 00 class 0x030000
[    1.920096] pci 0000:09:00.0: reg 0x10: [mem 0xc5000000-0xc5ffffff]
[    1.920110] pci 0000:09:00.0: reg 0x14: [mem 0xc6810000-0xc6813fff]
[    1.920123] pci 0000:09:00.0: reg 0x18: [mem 0xc6000000-0xc67fffff]
[    1.920175] pci 0000:09:00.0: reg 0x30: [mem 0xc6800000-0xc680ffff pref]
[    1.920310] pci 0000:00:1c.3: PCI bridge to [bus 09]
[    1.924005] pci 0000:00:1c.3:   bridge window [mem 0xc5000000-0xc68fffff]
[    1.924033] pci_bus 0000:00: on NUMA node 0
[    1.924575] acpi: ACPI: PCI Root Bridge [PCI1] (domain 0000 [bus 80-fe])
[    1.932004] acpi PNP0A08:01: _OSC: OS supports [ExtendedConfig ASPM ClockPM Segments MSI]
[    1.944511] acpi PNP0A08:01: _OSC: OS now controls [PCIeHotplug PME AER PCIeCapability]
[    1.952002] acpi PNP0A08:01: FADT indicates ASPM is unsupported, using BIOS configuration
[    1.960153] probe: PCI host bridge to bus 0000:80
[    1.968002] pci_bus 0000:80: root bus resource [io  0x8000-0xffff window]
[    1.976001] pci_bus 0000:80: root bus resource [mem 0xc8000000-0xfbffbfff window]
[    1.984001] pci_bus 0000:80: root bus resource [mem 0x3c000000000-0x3ffffffffff window]
[    1.992001] pci_bus 0000:80: root bus resource [bus 80-fe]
[    1.996009] pci 0000:80:02.0: [8086:2f04] type 01 class 0x060400
[    1.996060] pci 0000:80:02.0: PME# supported from D0 D3hot D3cold
[    1.996135] pci 0000:80:05.0: [8086:2f28] type 00 class 0x088000
[    1.996221] pci 0000:80:05.1: [8086:2f29] type 00 class 0x088000
[    1.996323] pci 0000:80:05.2: [8086:2f2a] type 00 class 0x088000
[    1.996408] pci 0000:80:05.4: [8086:2f2c] type 00 class 0x080020
[    1.996416] pci 0000:80:05.4: reg 0x10: [mem 0xfbf00000-0xfbf00fff]
[    1.996648] pci 0000:80:02.0: PCI bridge to [bus 81]
[    2.004010] pci_bus 0000:80: on NUMA node 1
[    2.004337] ACPI: PCI Interrupt Link [LNKA] (IRQs 3 4 5 6 7 10 *11 12 14 15)
[    2.012040] ACPI: PCI Interrupt Link [LNKB] (IRQs 3 4 5 6 7 *10 11 12 14 15)
[    2.020038] ACPI: PCI Interrupt Link [LNKC] (IRQs 3 4 5 6 10 *11 12 14 15)
[    2.028037] ACPI: PCI Interrupt Link [LNKD] (IRQs 3 4 *5 6 10 11 12 14 15)
[    2.036038] ACPI: PCI Interrupt Link [LNKE] (IRQs 3 4 5 6 7 10 11 12 14 15) *0, disabled.
[    2.044037] ACPI: PCI Interrupt Link [LNKF] (IRQs 3 4 5 6 7 10 11 12 14 15) *0, disabled.
[    2.052037] ACPI: PCI Interrupt Link [LNKG] (IRQs 3 4 5 6 7 10 11 12 14 15) *0, disabled.
[    2.064037] ACPI: PCI Interrupt Link [LNKH] (IRQs 3 4 5 6 7 10 11 12 14 15) *0, disabled.
[    2.072265] pci 0000:09:00.0: vgaarb: setting as boot VGA device
[    2.076000] pci 0000:09:00.0: vgaarb: VGA device added: decodes=io+mem,owns=io+mem,locks=none
[    2.088004] pci 0000:09:00.0: vgaarb: bridge control possible
[    2.096001] vgaarb: loaded
[    2.099144] SCSI subsystem initialized
[    2.104058] libata version 3.00 loaded.
[    2.104058] ACPI: bus type USB registered
[    2.108012] usbcore: usbcore: registered new interface driver usbfs
[    2.112010] usbcore: usbcore: registered new interface driver hub
[    2.120110] usbcore: usbcore: registered new device driver usb
[    2.128013] pps_core: LinuxPPS API ver. 1 registered
[    2.132001] pps_core: Software ver. 5.3.6 - Copyright 2005-2007 Rodolfo Giometti <giometti@linux.it>
[    2.144002] ptp: PTP clock support registered
[    2.148072] EDAC MC: Ver: 3.0.0
[    2.152038] PCI: Using ACPI for IRQ routing
[    2.160044] PCI: pci_cache_line_size set to 64 bytes
[    2.160193] e820: reserve RAM buffer [mem 0x00099c00-0x0009ffff]
[    2.160194] e820: reserve RAM buffer [mem 0x791d4000-0x7bffffff]
[    2.160307] NetLabel: Initializing
[    2.164001] NetLabel:  domain hash size = 128
[    2.168000] NetLabel:  protocols = UNLABELED CIPSOv4 CALIPSO
[    2.176017] NetLabel:  unlabeled traffic allowed by default
[    2.180037] hpet0: at MMIO 0xfed00000, IRQs 2, 8, 0, 0, 0, 0, 0, 0
[    2.188002] hpet0: 8 comparators, 64-bit 14.318180 MHz counter
[    2.198089] clocksource: Switched to clocksource tsc-early
[    2.219603] VFS: Disk quotas dquot_6.6.0
[    2.224016] dquot: VFS: Dquot-cache hash table entries: 512 (order 0, 4096 bytes)
[    2.232511] AppArmor: AppArmor Filesystem Enabled
[    2.237784] pnp: PnP ACPI init
[    2.241450] pnp 00:00: Plug and Play ACPI device, IDs PNP0b00 (active)
[    2.241549] system 00:01: [io  0x0500-0x057f] has been reserved
[    2.248158] system 00:01: [io  0x0400-0x047f] has been reserved
[    2.254765] system 00:01: [io  0x0580-0x059f] has been reserved
[    2.261370] system 00:01: [io  0x0600-0x061f] has been reserved
[    2.267975] system 00:01: [io  0x0880-0x0883] has been reserved
[    2.274580] system 00:01: [io  0x0800-0x081f] has been reserved
[    2.281187] system 00:01: [mem 0xfed1c000-0xfed3ffff] has been reserved
[    2.288574] system 00:01: [mem 0xfed45000-0xfed8bfff] has been reserved
[    2.295956] system 00:01: [mem 0xff000000-0xffffffff] has been reserved
[    2.303337] system 00:01: [mem 0xfee00000-0xfeefffff] has been reserved
[    2.310718] system 00:01: [mem 0xfed12000-0xfed1200f] has been reserved
[    2.318099] system 00:01: [mem 0xfed12010-0xfed1201f] has been reserved
[    2.325480] system 00:01: [mem 0xfed1b000-0xfed1bfff] has been reserved
[    2.332864] system 00:01: Plug and Play ACPI device, IDs PNP0c02 (active)
[    2.332970] pnp 00:02: [dma 0 disabled]
[    2.333007] pnp 00:02: Plug and Play ACPI device, IDs PNP0501 (active)
[    2.333104] pnp 00:03: [dma 0 disabled]
[    2.333134] pnp 00:03: Plug and Play ACPI device, IDs PNP0501 (active)
[    2.333632] pnp: PnP ACPI: found 4 devices
[    2.343999] clocksource: acpi_pm: mask: 0xffffff max_cycles: 0xffffff, max_idle_ns: 2085701024 ns
[    2.353967] pci 0000:00:01.0: PCI bridge to [bus 01-02]
[    2.359799] pci 0000:00:01.0:   bridge window [io  0x6000-0x6fff]
[    2.366601] pci 0000:00:01.0:   bridge window [mem 0xc6900000-0xc6cfffff]
[    2.374176] pci 0000:00:01.0:   bridge window [mem 0x3bfffe00000-0x3bfffefffff 64bit pref]
[    2.383402] pci 0000:00:01.1: PCI bridge to [bus 03]
[    2.388945] pci 0000:00:02.0: PCI bridge to [bus 04]
[    2.394486] pci 0000:00:02.2: PCI bridge to [bus 05]
[    2.400024] pci 0000:00:02.2:   bridge window [io  0x5000-0x5fff]
[    2.406825] pci 0000:00:02.2:   bridge window [mem 0xc6d00000-0xc6efffff]
[    2.414404] pci 0000:00:03.0: PCI bridge to [bus 06-07]
[    2.420233] pci 0000:00:03.0:   bridge window [io  0x4000-0x4fff]
[    2.427032] pci 0000:00:03.0:   bridge window [mem 0xc6f00000-0xc6ffffff]
[    2.434608] pci 0000:00:03.0:   bridge window [mem 0xc7800000-0xc7efffff 64bit pref]
[    2.443250] pci 0000:00:1c.0: PCI bridge to [bus 08]
[    2.448798] pci 0000:00:1c.3: PCI bridge to [bus 09]
[    2.454338] pci 0000:00:1c.3:   bridge window [mem 0xc5000000-0xc68fffff]
[    2.461918] pci_bus 0000:00: resource 4 [io  0x0000-0x0cf7 window]
[    2.461919] pci_bus 0000:00: resource 5 [io  0x1000-0x7fff window]
[    2.461920] pci_bus 0000:00: resource 6 [mem 0x000a0000-0x000bffff window]
[    2.461921] pci_bus 0000:00: resource 7 [mem 0x90000000-0xc7ffbfff window]
[    2.461922] pci_bus 0000:00: resource 8 [mem 0x38000000000-0x3bfffffffff window]
[    2.461923] pci_bus 0000:01: resource 0 [io  0x6000-0x6fff]
[    2.461924] pci_bus 0000:01: resource 1 [mem 0xc6900000-0xc6cfffff]
[    2.461924] pci_bus 0000:01: resource 2 [mem 0x3bfffe00000-0x3bfffefffff 64bit pref]
[    2.461926] pci_bus 0000:05: resource 0 [io  0x5000-0x5fff]
[    2.461926] pci_bus 0000:05: resource 1 [mem 0xc6d00000-0xc6efffff]
[    2.461928] pci_bus 0000:06: resource 0 [io  0x4000-0x4fff]
[    2.461929] pci_bus 0000:06: resource 1 [mem 0xc6f00000-0xc6ffffff]
[    2.461930] pci_bus 0000:06: resource 2 [mem 0xc7800000-0xc7efffff 64bit pref]
[    2.461931] pci_bus 0000:09: resource 1 [mem 0xc5000000-0xc68fffff]
[    2.462029] pci 0000:80:02.0: PCI bridge to [bus 81]
[    2.467572] pci_bus 0000:80: resource 4 [io  0x8000-0xffff window]
[    2.467573] pci_bus 0000:80: resource 5 [mem 0xc8000000-0xfbffbfff window]
[    2.467574] pci_bus 0000:80: resource 6 [mem 0x3c000000000-0x3ffffffffff window]
[    2.467678] socket: NET: Registered protocol family 2
[    2.473644] page_alloc: tcp_listen_portaddr_hash hash table entries: 65536 (order: 8, 1048576 bytes)
[    2.484141] page_alloc: TCP established hash table entries: 524288 (order: 10, 4194304 bytes)
[    2.494283] page_alloc: TCP bind hash table entries: 65536 (order: 8, 1048576 bytes)
[    2.503078] tcp: Hash tables configured (established 524288 bind 65536)
[    2.510640] page_alloc: UDP hash table entries: 65536 (order: 9, 2097152 bytes)
[    2.519167] page_alloc: UDP-Lite hash table entries: 65536 (order: 9, 2097152 bytes)
[    2.528256] socket: NET: Registered protocol family 1
[    2.556154] pci 0000:00:1a.0: quirk_usb_early_handoff+0x0/0x6b0 took 21547 usecs
[    2.584147] pci 0000:00:1d.0: quirk_usb_early_handoff+0x0/0x6b0 took 19260 usecs
[    2.592412] PCI: CLS mismatch (64 != 32), using 64 bytes
[    2.592426] pci 0000:09:00.0: Video device with shadowed ROM at [mem 0x000c0000-0x000dffff]
[    2.601788] Trying to unpack rootfs image as initramfs...
[    5.086906] page_alloc: Freeing initrd memory: 168008K
[    5.092786] PCI-DMA: Using software bounce buffering for IO (SWIOTLB)
[    5.099985] software IO TLB [mem 0x751d4000-0x791d4000] (64MB) mapped at [        (ptrval)-        (ptrval)]
[    5.111357] intel_rapl_perf: API unit is 2^-32 Joules, 3 fixed counters, 655360 ms ovfl timer
[    5.120876] intel_rapl_perf: hw unit of domain pp0-core 2^-14 Joules
[    5.127967] intel_rapl_perf: hw unit of domain package 2^-14 Joules
[    5.134959] intel_rapl_perf: hw unit of domain dram 2^-16 Joules
[    5.143753] Scanning for low memory corruption every 60 seconds
[    5.151719] system_keyring: Initialise system trusted keyrings
[    5.158297] workingset: workingset: timestamp_bits=40 max_order=26 bucket_order=0
[    5.167781] zbud: loaded
[    5.171150] fuse init (API version 7.26)
[    5.175590] SGI XFS with ACLs, security attributes, realtime, debug enabled
[    5.183985] pstore: using deflate compression
[    5.189853] key: Key type asymmetric registered
[    5.194903] asymmetric_keys: Asymmetric key parser 'x509' registered
[    5.202022] Block layer SCSI generic (bsg) driver version 0.4 loaded (major 248)
[    5.210348] io scheduler noop registered
[    5.214725] io scheduler deadline registered (default)
[    5.220490] io scheduler cfq registered
[    5.224769] io scheduler mq-deadline registered (default)
[    5.230793] io scheduler kyber registered
[    5.237429] pcieport 0000:00:01.0: AER enabled with IRQ 25
[    5.243571] pcieport 0000:00:01.1: AER enabled with IRQ 26
[    5.249715] pcieport 0000:00:02.0: AER enabled with IRQ 28
[    5.255861] pcieport 0000:00:02.2: AER enabled with IRQ 29
[    5.262005] pcieport 0000:00:03.0: AER enabled with IRQ 31
[    5.268147] pcieport 0000:80:02.0: AER enabled with IRQ 35
[    5.274284] pcieport 0000:00:01.0: Signaling PME with IRQ 25
[    5.280609] pcieport 0000:00:01.1: Signaling PME with IRQ 26
[    5.286933] pcieport 0000:00:02.0: Signaling PME with IRQ 28
[    5.293260] pcieport 0000:00:02.2: Signaling PME with IRQ 29
[    5.299579] pcieport 0000:00:03.0: Signaling PME with IRQ 31
[    5.305907] pcieport 0000:00:1c.0: Signaling PME with IRQ 32
[    5.312238] pcieport 0000:00:1c.3: Signaling PME with IRQ 33
[    5.318569] pcieport 0000:80:02.0: Signaling PME with IRQ 35
[    5.324931] intel_idle: MWAIT substates: 0x2120
[    5.324932] intel_idle: v0.4.1 model 0x3F
[    5.326659] intel_idle: lapic_timer_reliable_states 0xffffffff
[    5.326666] ipmi_msghandler: ipmi message handler version 39.2
[    5.333332] ACPI: Deprecated procfs I/F for AC is loaded, please retry with CONFIG_ACPI_PROCFS_POWER cleared
[    5.344328] ACPI: AC Adapter [P111] (on-line)
[    5.349263] input_core: Power Button as /devices/LNXSYSTM:00/LNXSYBUS:00/PNP0C0C:00/input/input0
[    5.359077] ACPI: Power Button [PWRB]
[    5.363193] input_core: Power Button as /devices/LNXSYSTM:00/LNXPWRBN:00/input/input1
[    5.371968] ACPI: Power Button [PWRF]
[    5.381349] ERST: Error Record Serialization Table (ERST) support is initialized.
[    5.389805] pstore: Registered erst as persistent store backend
[    5.396856] ghes: GHES: APEI firmware first mode is enabled by APEI bit and WHEA _OSC.
[    5.405830] 8250: Serial: 8250/16550 driver, 32 ports, IRQ sharing enabled
[    5.433963] serial_core: 00:02: ttyS0 at I/O 0x3f8 (irq = 4, base_baud = 115200) is a 16550A
[    5.463878] serial_core: 00:03: ttyS1 at I/O 0x2f8 (irq = 3, base_baud = 115200) is a 16550A
[    5.474384] Linux agpgart interface v0.103
[    5.485624] brd: brd: module loaded
[    5.493423] loop: module loaded
[    5.497243] libphy: Fixed MDIO Bus: probed
[    5.501993] tun: Universal TUN/TAP device driver, 1.6
[    5.507708] ppp_generic: PPP generic driver version 2.4.2
[    5.513783] ehci_hcd: USB 2.0 'Enhanced' Host Controller (EHCI) Driver
[    5.521072] ehci_pci: ehci-pci: EHCI PCI platform driver
[    5.527178] ehci-pci 0000:00:1a.0: EHCI Host Controller
[    5.533024] ehci-pci 0000:00:1a.0: new USB bus registered, assigned bus number 1
[    5.541291] ehci-pci 0000:00:1a.0: debug port 2
[    5.550250] ehci-pci 0000:00:1a.0: cache line size of 64 is not supported
[    5.550266] ehci-pci 0000:00:1a.0: irq 18, io mem 0xc7002000
[    5.572060] ehci-pci 0000:00:1a.0: USB 2.0 started, EHCI 1.00
[    5.578518] usb usb1: New USB device found, idVendor=1d6b, idProduct=0002, bcdDevice= 4.17
[    5.587743] usb usb1: New USB device strings: Mfr=3, Product=2, SerialNumber=1
[    5.595807] usb usb1: Product: EHCI Host Controller
[    5.601254] usb usb1: Manufacturer: Linux 4.17.0 ehci_hcd
[    5.607279] usb usb1: SerialNumber: 0000:00:1a.0
[    5.612552] hub 1-0:1.0: USB hub found
[    5.616742] hub 1-0:1.0: 2 ports detected
[    5.621467] ehci-pci 0000:00:1d.0: EHCI Host Controller
[    5.627306] ehci-pci 0000:00:1d.0: new USB bus registered, assigned bus number 2
[    5.635572] ehci-pci 0000:00:1d.0: debug port 2
[    5.644512] ehci-pci 0000:00:1d.0: cache line size of 64 is not supported
[    5.644518] ehci-pci 0000:00:1d.0: irq 18, io mem 0xc7001000
[    5.664042] ehci-pci 0000:00:1d.0: USB 2.0 started, EHCI 1.00
[    5.670477] usb usb2: New USB device found, idVendor=1d6b, idProduct=0002, bcdDevice= 4.17
[    5.679700] usb usb2: New USB device strings: Mfr=3, Product=2, SerialNumber=1
[    5.687762] usb usb2: Product: EHCI Host Controller
[    5.693206] usb usb2: Manufacturer: Linux 4.17.0 ehci_hcd
[    5.699233] usb usb2: SerialNumber: 0000:00:1d.0
[    5.704484] hub 2-0:1.0: USB hub found
[    5.708671] hub 2-0:1.0: 2 ports detected
[    5.713288] ehci_platform: ehci-platform: EHCI generic platform driver
[    5.720589] ohci_hcd: USB 1.1 'Open' Host Controller (OHCI) Driver
[    5.727493] ohci_pci: ohci-pci: OHCI PCI platform driver
[    5.733435] ohci_platform: ohci-platform: OHCI generic platform driver
[    5.740725] uhci_hcd: USB Universal Host Controller Interface driver
[    5.747874] i8042: PNP: No PS/2 controller found.
[    5.753196] mousedev: PS/2 mouse device common for all mice
[    5.759555] rtc_cmos 00:00: RTC can wake from S4
[    5.764849] rtc_cmos 00:00: registered as rtc0
[    5.769822] rtc_cmos 00:00: alarms up to one month, y3k, 114 bytes nvram, hpet irqs
[    5.778409] dm_mod: device-mapper: uevent: version 1.0.3
[    5.784420] dm_mod: device-mapper: ioctl: 4.39.0-ioctl (2018-04-03) initialised: dm-devel@redhat.com
[    5.794622] intel_pstate: Intel P-state driver initializing
[    5.805872] ledtrig_cpu: ledtrig-cpu: registered to indicate activity on CPUs
[    5.814118] socket: NET: Registered protocol family 10
[    5.820192] ipv6: Segment Routing with IPv6
[    5.824877] socket: NET: Registered protocol family 17
[    5.830616] key: Key type dns_resolver registered
[    5.839076] microcode: sig=0x306f2, pf=0x1, revision=0x3a
[    5.846020] microcode: Microcode Update Driver: v2.2.
[    5.846030] sched_clock: Marking stable (5846016645, 0)->(6132036831, -286020186)
[    5.860391] taskstats: registered taskstats version 1
[    5.866034] system_keyring: Loading compiled-in X.509 certificates
[    5.875189] system_keyring: Loaded X.509 cert 'Build time autogenerated kernel key: a85f92fc9e42360718088a26c87bd4874b11e307'
[    5.887865] zswap: loaded using pool lzo/zbud
[    5.893194] btrfs: Btrfs loaded, crc32c=crc32c-intel, debug=on
[    5.902524] key: Key type big_key registered
[    5.908779] key: Key type trusted registered
[    5.914864] key: Key type encrypted registered
[    5.919822] AppArmor: AppArmor sha1 policy hashing enabled
[    5.925941] ima: No TPM chip found, activating TPM-bypass! (rc=-19)
[    5.932941] ima: Allocated hash algorithm: sha1
[    5.938013] evm: HMAC attrs: 0x1
[    5.942194] trace:   Magic number: 15:428:78
[    5.946959] trace:   hash matches drivers/base/power/main.c:692
[    5.953896] rtc_cmos 00:00: setting system clock to 2019-08-07 13:03:48 UTC (1565183028)
[    5.960036] usb 1-1: new high-speed USB device number 2 using ehci-pci
[    5.971881] page_alloc: Freeing unused kernel memory: 1812K
[    6.008080] Write protecting the kernel read-only data: 22528k
[    6.015538] page_alloc: Freeing unused kernel memory: 2004K
[    6.025599] page_alloc: Freeing unused kernel memory: 1864K
[    6.042058] systemd-udevd[395]: starting version 204
[    6.056041] usb 2-1: new high-speed USB device number 2 using ehci-pci
[    6.086526] dca: dca service started, version 1.12.1
[    6.097738] ahci 0000:00:11.4: version 3.0
[    6.097952] ahci 0000:00:11.4: AHCI 0001.0300 32 slots 4 ports 6 Gbps 0xf impl SATA mode
[    6.106985] ahci 0000:00:11.4: flags: 64bit ncq pm led clo pio slum part ems apst 
[    6.118351] igb: Intel(R) Gigabit Ethernet Network Driver - version 5.4.0-k
[    6.126125] igb: Copyright (c) 2007-2014 Intel Corporation.
[    6.132635] mpt3sas: mpt3sas version 17.100.00.00 loaded
[    6.132725] usb 1-1: New USB device found, idVendor=8087, idProduct=800a, bcdDevice= 0.05
[    6.132930] igb 0000:01:00.0: PHY reset is blocked due to SOL/IDER session.
[    6.138802] mpt3sas: mpt3sas_cm0: 64 BIT PCI BUS DMA ADDRESSING SUPPORTED, total mem (161398684 kB)
[    6.144058] tsc: Refined TSC clocksource calibration: 2593.746 MHz
[    6.144075] clocksource: tsc: mask: 0xffffffffffffffff max_cycles: 0x2563286027e, max_idle_ns: 440795304218 ns
[    6.147700] usb 1-1: New USB device strings: Mfr=0, Product=0, SerialNumber=0
[    6.191610] clocksource: Switched to clocksource tsc
[    6.191753] hub 1-1:1.0: USB hub found
[    6.201474] hub 1-1:1.0: 6 ports detected
[    6.201735] ixgbe: Intel(R) 10 Gigabit PCI Express Network Driver - version 5.1.0-k
[    6.204373] scsi host1: ahci
[    6.204513] scsi host2: ahci
[    6.204622] scsi host3: ahci
[    6.204699] scsi host4: ahci
[    6.204732] ata1: SATA max UDMA/133 abar m2048@0xc7004000 port 0xc7004100 irq 36
[    6.204737] ata2: SATA max UDMA/133 abar m2048@0xc7004000 port 0xc7004180 irq 36
[    6.204739] ata3: SATA max UDMA/133 abar m2048@0xc7004000 port 0xc7004200 irq 36
[    6.204741] ata4: SATA max UDMA/133 abar m2048@0xc7004000 port 0xc7004280 irq 36
[    6.205010] ahci 0000:00:1f.2: AHCI 0001.0300 32 slots 6 ports 6 Gbps 0x3f impl SATA mode
[    6.205014] ahci 0000:00:1f.2: flags: 64bit ncq pm led clo pio slum part ems apst 
[    6.216191] igb 0000:01:00.0: added PHC on eth0
[    6.217697] ixgbe: Copyright (c) 1999-2016 Intel Corporation.
[    6.232349] usb 2-1: New USB device found, idVendor=8087, idProduct=8002, bcdDevice= 0.05
[    6.235608] igb 0000:01:00.0: Intel(R) Gigabit Ethernet Network Connection
[    6.243859] usb 2-1: New USB device strings: Mfr=0, Product=0, SerialNumber=0
[    6.252112] igb 0000:01:00.0: eth0: (PCIe:5.0Gb/s:Width x4) 70:e4:22:83:d4:0a
[    6.260644] hub 2-1:1.0: USB hub found
[    6.269564] igb 0000:01:00.0: eth0: PBA No: FFFFFF-0FF
[    6.278119] hub 2-1:1.0: 8 ports detected
[    6.282992] igb 0000:01:00.0: Using MSI-X interrupts. 8 rx queue(s), 8 tx queue(s)
[    6.345643] igb 0000:01:00.1: PHY reset is blocked due to SOL/IDER session.
[    6.396862] igb 0000:01:00.1: added PHC on eth1
[    6.401931] igb 0000:01:00.1: Intel(R) Gigabit Ethernet Network Connection
[    6.409604] igb 0000:01:00.1: eth1: (PCIe:5.0Gb/s:Width x4) 70:e4:22:83:d4:0b
[    6.417653] igb 0000:01:00.1: eth1: PBA No: FFFFFF-0FF
[    6.423385] igb 0000:01:00.1: Using MSI-X interrupts. 8 rx queue(s), 8 tx queue(s)
[    6.432260] scsi host5: ahci
[    6.435583] scsi host6: ahci
[    6.438934] scsi host7: ahci
[    6.442310] scsi host8: ahci
[    6.445675] scsi host9: ahci
[    6.449004] scsi host10: ahci
[    6.452359] ata5: SATA max UDMA/133 abar m2048@0xc7000000 port 0xc7000100 irq 47
[    6.460615] ata6: SATA max UDMA/133 abar m2048@0xc7000000 port 0xc7000180 irq 47
[    6.468870] ata7: SATA max UDMA/133 abar m2048@0xc7000000 port 0xc7000200 irq 47
[    6.477126] ata8: SATA max UDMA/133 abar m2048@0xc7000000 port 0xc7000280 irq 47
[    6.485391] ata9: SATA max UDMA/133 abar m2048@0xc7000000 port 0xc7000300 irq 47
[    6.493648] ata10: SATA max UDMA/133 abar m2048@0xc7000000 port 0xc7000380 irq 47
[    6.517450] ata1: SATA link down (SStatus 0 SControl 300)
[    6.523506] ata4: SATA link down (SStatus 0 SControl 300)
[    6.526323] ixgbe 0000:06:00.0: Multiqueue Enabled: Rx Queue count = 40, Tx Queue count = 40 XDP Queue count = 0
[    6.529561] ata3: SATA link down (SStatus 0 SControl 300)
[    6.541175] ixgbe 0000:06:00.0: PCI Express bandwidth of 32GT/s available
[    6.546948] ata2: SATA link down (SStatus 0 SControl 300)
[    6.554497] ixgbe 0000:06:00.0: (Speed:5.0GT/s, Width: x8, Encoding Loss:20%)
[    6.568827] ixgbe 0000:06:00.0: MAC: 2, PHY: 14, SFP+: 3, PBA No: E68793-000
[    6.576696] ixgbe 0000:06:00.0: 90:e2:ba:b3:b9:90
[    6.583411] ixgbe 0000:06:00.0: Intel(R) 10 Gigabit Network Connection
[    6.592044] usb 2-1.4: new high-speed USB device number 3 using ehci-pci
[    6.612240] mpt3sas: mpt3sas_cm0: CurrentHostPageSize is 0: Setting default host page size to 4k
[    6.622062] mpt3sas_cm0: MSI-X vectors supported: 96, no of cores: 40, max_msix_vectors: -1
[    6.632066] mpt3sas: mpt3sas0-msix0: PCI-MSI-X enabled: IRQ 102
[    6.638672] mpt3sas: mpt3sas0-msix1: PCI-MSI-X enabled: IRQ 103
[    6.645276] mpt3sas: mpt3sas0-msix2: PCI-MSI-X enabled: IRQ 104
[    6.651883] mpt3sas: mpt3sas0-msix3: PCI-MSI-X enabled: IRQ 105
[    6.658490] mpt3sas: mpt3sas0-msix4: PCI-MSI-X enabled: IRQ 106
[    6.665097] mpt3sas: mpt3sas0-msix5: PCI-MSI-X enabled: IRQ 107
[    6.671702] mpt3sas: mpt3sas0-msix6: PCI-MSI-X enabled: IRQ 108
[    6.678309] mpt3sas: mpt3sas0-msix7: PCI-MSI-X enabled: IRQ 109
[    6.684915] mpt3sas: mpt3sas0-msix8: PCI-MSI-X enabled: IRQ 110
[    6.691520] mpt3sas: mpt3sas0-msix9: PCI-MSI-X enabled: IRQ 111
[    6.698128] mpt3sas: mpt3sas0-msix10: PCI-MSI-X enabled: IRQ 112
[    6.704348] usb 2-1.4: New USB device found, idVendor=0424, idProduct=2512, bcdDevice= b.b3
[    6.704831] mpt3sas: mpt3sas0-msix11: PCI-MSI-X enabled: IRQ 113
[    6.714152] usb 2-1.4: New USB device strings: Mfr=0, Product=0, SerialNumber=0
[    6.720852] mpt3sas: mpt3sas0-msix12: PCI-MSI-X enabled: IRQ 114
[    6.729265] hub 2-1.4:1.0: USB hub found
[    6.735732] mpt3sas: mpt3sas0-msix13: PCI-MSI-X enabled: IRQ 115
[    6.735732] mpt3sas: mpt3sas0-msix14: PCI-MSI-X enabled: IRQ 116
[    6.735735] mpt3sas: mpt3sas0-msix15: PCI-MSI-X enabled: IRQ 117
[    6.743496] hub 2-1.4:1.0: 2 ports detected
[    6.746815] mpt3sas: mpt3sas0-msix16: PCI-MSI-X enabled: IRQ 118
[    6.746815] mpt3sas: mpt3sas0-msix17: PCI-MSI-X enabled: IRQ 119
[    6.746815] mpt3sas: mpt3sas0-msix18: PCI-MSI-X enabled: IRQ 120
[    6.746816] mpt3sas: mpt3sas0-msix19: PCI-MSI-X enabled: IRQ 121
[    6.746816] mpt3sas: mpt3sas0-msix20: PCI-MSI-X enabled: IRQ 122
[    6.746816] mpt3sas: mpt3sas0-msix21: PCI-MSI-X enabled: IRQ 123
[    6.746817] mpt3sas: mpt3sas0-msix22: PCI-MSI-X enabled: IRQ 124
[    6.746817] mpt3sas: mpt3sas0-msix23: PCI-MSI-X enabled: IRQ 125
[    6.746819] mpt3sas: mpt3sas0-msix24: PCI-MSI-X enabled: IRQ 126
[    6.814670] ata5: SATA link down (SStatus 0 SControl 300)
[    6.818520] mpt3sas: mpt3sas0-msix25: PCI-MSI-X enabled: IRQ 127
[    6.818520] mpt3sas: mpt3sas0-msix26: PCI-MSI-X enabled: IRQ 128
[    6.818521] mpt3sas: mpt3sas0-msix27: PCI-MSI-X enabled: IRQ 129
[    6.818523] mpt3sas: mpt3sas0-msix28: PCI-MSI-X enabled: IRQ 130
[    6.818524] mpt3sas: mpt3sas0-msix29: PCI-MSI-X enabled: IRQ 131
[    6.818525] mpt3sas: mpt3sas0-msix30: PCI-MSI-X enabled: IRQ 132
[    6.825253] ata10: SATA link down (SStatus 0 SControl 300)
[    6.831251] mpt3sas: mpt3sas0-msix31: PCI-MSI-X enabled: IRQ 133
[    6.831253] mpt3sas: mpt3sas0-msix32: PCI-MSI-X enabled: IRQ 134
[    6.837980] ata6: SATA link down (SStatus 0 SControl 300)
[    6.844656] mpt3sas: mpt3sas0-msix33: PCI-MSI-X enabled: IRQ 135
[    6.844656] mpt3sas: mpt3sas0-msix34: PCI-MSI-X enabled: IRQ 136
[    6.844658] mpt3sas: mpt3sas0-msix35: PCI-MSI-X enabled: IRQ 137
[    6.848007] usb 2-1.6: new full-speed USB device number 4 using ehci-pci
[    6.851406] ata9: SATA link down (SStatus 0 SControl 300)
[    6.858068] mpt3sas: mpt3sas0-msix36: PCI-MSI-X enabled: IRQ 138
[    6.864807] ata7: SATA link down (SStatus 0 SControl 300)
[    6.871472] mpt3sas: mpt3sas0-msix37: PCI-MSI-X enabled: IRQ 139
[    6.871473] mpt3sas: mpt3sas0-msix38: PCI-MSI-X enabled: IRQ 140
[    6.877641] ata8: SATA link down (SStatus 0 SControl 300)
[    6.884314] mpt3sas: mpt3sas0-msix39: PCI-MSI-X enabled: IRQ 141
[    6.884317] mpt3sas: mpt3sas_cm0: iomem(0x00000000c6e40000), mapped(0x        (ptrval)), size(65536)
[    6.962728] usb 2-1.6: New USB device found, idVendor=0624, idProduct=0402, bcdDevice= 0.00
[    6.962811] mpt3sas: mpt3sas_cm0: ioport(0x0000000000005000), size(256)
[    6.969517] usb 2-1.6: New USB device strings: Mfr=1, Product=2, SerialNumber=3
[    7.004575] usb 2-1.6: Product: Cisco USB Composite Device-0
[    7.010889] usb 2-1.6: Manufacturer: Avocent
[    7.015652] usb 2-1.6: SerialNumber: 20111102-00000001
[    7.029987] hidraw: raw HID events driver (C) Jiri Kosina
[    7.034102] mpt3sas: mpt3sas_cm0: CurrentHostPageSize is 0: Setting default host page size to 4k
[    7.045811] mpt3sas: mpt3sas_cm0: sending message unit reset !!
[    7.053960] mpt3sas: mpt3sas_cm0: message unit reset: SUCCESS
[    7.062285] usbcore: usbcore: registered new interface driver usbhid
[    7.069381] usbhid: usbhid: USB HID core driver
[    7.076866] input_core: Avocent Cisco USB Composite Device-0 as /devices/pci0000:00/0000:00:1d.0/usb2/2-1/2-1.6/2-1.6:1.0/0003:0624:0402.0001/input/input2
[    7.104276] ixgbe 0000:06:00.1: Multiqueue Enabled: Rx Queue count = 40, Tx Queue count = 40 XDP Queue count = 0
[    7.115919] ixgbe 0000:06:00.1: PCI Express bandwidth of 32GT/s available
[    7.123494] ixgbe 0000:06:00.1: (Speed:5.0GT/s, Width: x8, Encoding Loss:20%)
[    7.131778] ixgbe 0000:06:00.1: MAC: 2, PHY: 14, SFP+: 4, PBA No: E68793-000
[    7.139647] ixgbe 0000:06:00.1: 90:e2:ba:b3:b9:91
[    7.145800] ixgbe 0000:06:00.1: Intel(R) 10 Gigabit Network Connection
[    7.152174] hid-generic 0003:0624:0402.0001: input,hidraw0: USB HID v1.00 Keyboard [Avocent Cisco USB Composite Device-0] on usb-0000:00:1d.0-1.6/input0
[    7.168466] input_core: Avocent Cisco USB Composite Device-0 as /devices/pci0000:00/0000:00:1d.0/usb2/2-1/2-1.6/2-1.6:1.1/0003:0624:0402.0002/input/input3
[    7.184045] hid-generic 0003:0624:0402.0002: input,hidraw1: USB HID v1.00 Mouse [Avocent Cisco USB Composite Device-0] on usb-0000:00:1d.0-1.6/input1
[    7.190467] mpt3sas: mpt3sas_cm0: Allocated physical memory: size(22593 kB)
[    7.199158] input_core: Avocent Cisco USB Composite Device-0 as /devices/pci0000:00/0000:00:1d.0/usb2/2-1/2-1.6/2-1.6:1.2/0003:0624:0402.0003/input/input4
[    7.206762] mpt3sas: mpt3sas_cm0: Current Controller Queue Depth(10104),Max Controller Queue Depth(10240)
[    7.206765] mpt3sas: mpt3sas_cm0: Scatter Gather Elements per IO(128)
[    7.222310] hid-generic 0003:0624:0402.0003: input,hidraw2: USB HID v1.00 Mouse [Avocent Cisco USB Composite Device-0] on usb-0000:00:1d.0-1.6/input2
[    7.278440] mpt3sas: mpt3sas_cm0: LSISAS3108: FWVersion(11.65.06.00), ChipRevision(0x02), BiosVersion(08.27.03.00)
[    7.289985] mpt3sas: mpt3sas_cm0: Protocol=(
[    7.289986] mpt3sas: Initiator
[    7.294749] mpt3sas: ,Target
[    7.298155] mpt3sas: ), 
[    7.301366] mpt3sas: Capabilities=(
[    7.304192] mpt3sas: TLR
[    7.308084] mpt3sas: ,EEDP
[    7.310899] mpt3sas: ,Snapshot Buffer
[    7.313916] mpt3sas: ,Diag Trace Buffer
[    7.318003] mpt3sas: ,Task Set Full
[    7.322282] mpt3sas: ,NCQ
[    7.326174] mpt3sas: )
[    7.331750] scsi host0: Fusion MPT SAS Host
[    7.336564] ******blk_init_rl***** blk_init_rl:914 
[    7.342116] mpt3sas: mpt3sas_cm0: sending port enable !!
[    7.349189] mpt3sas: mpt3sas_cm0: host_add: handle(0x0001), sas_addr(0x578da6e715bfe0a0), phys(8)
[    7.359379] random: random: fast init done
[    7.368035] mpt3sas: mpt3sas_cm0: port enable: SUCCESS
[    7.373942] ******blk_init_rl***** blk_init_rl:914 
[    7.379503] ******blk_init_rl***** blk_init_rl:914 
[    7.385157] scsi 0:0:0:0: Direct-Access     HGST     HUC101212CSS600  A469 PQ: 0 ANSI: 6
[    7.394205] scsi 0:0:0:0: SSP: handle(0x0009), sas_addr(0x5000cca0729d0b55), phy(0), device_name(0x5000cca0729d0b57)
[    7.405948] scsi 0:0:0:0: enclosure logical id (0x578da6e715bfe0a0), slot(1) 
[    7.413910] scsi 0:0:0:0: enclosure level(0x0000), connector name(     )
[    7.422046] ******blk_init_rl***** blk_init_rl:914 
[    7.427578] ******blk_init_rl***** blk_init_rl:914 
[    7.433204] scsi 0:0:1:0: Direct-Access     HGST     HUC101212CSS600  A469 PQ: 0 ANSI: 6
[    7.442236] scsi 0:0:1:0: SSP: handle(0x000b), sas_addr(0x5000cca0729d3301), phy(1), device_name(0x5000cca0729d3303)
[    7.453982] scsi 0:0:1:0: enclosure logical id (0x578da6e715bfe0a0), slot(2) 
[    7.461944] scsi 0:0:1:0: enclosure level(0x0000), connector name(     )
[    7.470046] ******blk_init_rl***** blk_init_rl:914 
[    7.475581] ******blk_init_rl***** blk_init_rl:914 
[    7.481389] scsi 0:0:2:0: Direct-Access     ATA      INTEL SSDSC2BB48 0374 PQ: 0 ANSI: 6
[    7.490422] scsi 0:0:2:0: SATA: handle(0x000a), sas_addr(0x4433221102000000), phy(2), device_name(0x55cd2e404c5f52fd)
[    7.502256] scsi 0:0:2:0: enclosure logical id (0x578da6e715bfe0a0), slot(3) 
[    7.510218] scsi 0:0:2:0: enclosure level(0x0000), connector name(     )
[    7.517736] scsi 0:0:2:0: atapi(n), ncq(y), asyn_notify(n), smart(y), fua(y), sw_preserve(y)
[    7.528042] sd 0:0:0:0: Attached scsi generic sg0 type 0
[    7.528386] sd 0:0:0:0: [sda] 2344225968 512-byte logical blocks: (1.20 TB/1.09 TiB)
[    7.534161] sd 0:0:1:0: Attached scsi generic sg1 type 0
[    7.534573] sd 0:0:1:0: [sdb] 2344225968 512-byte logical blocks: (1.20 TB/1.09 TiB)
[    7.534799] sd 0:0:1:0: [sdb] Write Protect is off
[    7.534803] sd 0:0:1:0: [sdb] Mode Sense: f7 00 10 08
[    7.535130] sd 0:0:1:0: [sdb] Write cache: enabled, read cache: enabled, supports DPO and FUA
[    7.542858] sd 0:0:0:0: [sda] Write Protect is off
[    7.545898] sd 0:0:1:0: [sdb] Attached SCSI disk
[    7.548744] sd 0:0:2:0: Attached scsi generic sg2 type 0
[    7.549929] sd 0:0:2:0: [sdc] 937703088 512-byte logical blocks: (480 GB/447 GiB)
[    7.549934] sd 0:0:2:0: [sdc] 4096-byte physical blocks
[    7.550441] sd 0:0:2:0: [sdc] Write Protect is off
[    7.550442] sd 0:0:2:0: [sdc] Mode Sense: 9b 00 10 08
[    7.550768] sd 0:0:2:0: [sdc] Write cache: enabled, read cache: enabled, supports DPO and FUA
[    7.553715]  sdc: sdc1
[    7.556802] sd 0:0:2:0: [sdc] Attached SCSI disk
[    7.557212] sd 0:0:0:0: [sda] Mode Sense: f7 00 10 08
[    7.557529] sd 0:0:0:0: [sda] Write cache: enabled, read cache: enabled, supports DPO and FUA
[    7.657240]  sda: sda1 sda2 sda3 sda4
[    7.685674] sd 0:0:0:0: [sda] Attached SCSI disk
[   12.815688] EXT4-fs (sda1): mounting ext3 file system using the ext4 subsystem
[   12.823962] EXT4-fs (sda1): INFO: recovery required on readonly filesystem
[   12.831638] EXT4-fs (sda1): write access will be enabled during recovery
[   13.179529] EXT4-fs (sda1): recovery complete
[   13.195254] EXT4-fs (sda1): mounted filesystem with ordered data mode. Opts: (null)
[   13.784891] random: init: uninitialized urandom read (12 bytes read)
[   14.084329] init: ureadahead main process (573) terminated with status 5
[   14.289060] random: mountall: uninitialized urandom read (12 bytes read)
[   14.563241] swapfile: Adding 3145724k swap on /dev/sda3.  Priority:-2 extents:1 across:3145724k FS
[   14.585102] random: random: crng init done
[   14.930721] systemd-udevd[697]: starting version 204
[   15.362079] lp: driver loaded but no devices found
[   15.482579] EXT4-fs (sda1): re-mounted. Opts: errors=remount-ro
[   15.611540] power_meter ACPI000D:00: Found ACPI power meter.
[   15.611572] power_meter ACPI000D:00: Ignoring unsafe software power cap!
[   15.619087] power_meter ACPI000D:00: hwmon_device_register() is deprecated. Please convert the driver to use hwmon_device_register_with_info().
[   15.682101] ipmi_si: IPMI System Interface driver.
[   15.682118] ipmi_si dmi-ipmi-si.0: ipmi_platform: probing via SMBIOS
[   15.682120] ipmi_si: ipmi_si: SMBIOS: io 0xca2 regsize 1 spacing 1 irq 0
[   15.682120] ipmi_si: ipmi_si: Adding SMBIOS-specified kcs state machine
[   15.682148] ipmi_si IPI0001:00: ipmi_platform: probing via ACPI
[   15.682168] ipmi_si IPI0001:00: [io  0x0ca2] regsize 1 spacing 1 irq 0
[   15.682169] ipmi_si dmi-ipmi-si.0: Removing SMBIOS-specified kcs state machine in favor of ACPI
[   15.704013] ipmi_si: ipmi_si: Adding ACPI-specified kcs state machine
[   15.704089] ipmi_si: ipmi_si: Trying ACPI-specified kcs state machine at i/o address 0xca2, slave address 0x20, irq 0
[   15.724248] power_meter ACPI000D:01: Found ACPI power meter.
[   15.724266] power_meter ACPI000D:01: Ignoring unsafe software power cap!
[   15.731765] power_meter ACPI000D:01: hwmon_device_register() is deprecated. Please convert the driver to use hwmon_device_register_with_info().
[   15.867763] mei_me 0000:00:16.0: Device doesn't have valid ME Interface
[   15.984913] cryptd: cryptd: max_cpu_qlen set to 1000
[   16.062751] ipmi_si IPI0001:00: Found new BMC (man_id: 0x00168b, prod_id: 0x0015, dev_id: 0x20)
[   16.076060] ipmi_si IPI0001:00: IPMI kcs interface initialized
[   16.126614] aesni_intel: AVX2 version of gcm_enc/dec engaged.
[   16.126615] aesni_intel: AES CTR mode by8 optimization enabled
[   16.309479] FS-Cache: Loaded
[   17.172077] ixgbe 0000:06:00.1: registered PHC device on eth3
[   17.293399] ipv6: ADDRCONF(NETDEV_UP): eth3: link is not ready
[   17.354011] RPC: Registered named UNIX socket transport module.
[   17.354013] RPC: Registered udp transport module.
[   17.354015] RPC: Registered tcp transport module.
[   17.354017] RPC: Registered tcp NFSv4.1 backchannel transport module.
[   17.360014] ixgbe 0000:06:00.1 eth3: detected SFP+: 4
[   17.487752] ixgbe 0000:06:00.0: registered PHC device on eth2
[   17.593237] ipv6: ADDRCONF(NETDEV_UP): eth2: link is not ready
[   17.664042] ixgbe 0000:06:00.0 eth2: detected SFP+: 3
[   17.682224] ipv6: ADDRCONF(NETDEV_UP): eth1: link is not ready
[   17.770618] igb 0000:01:00.0 eth0: igb: eth0 NIC Link is Up 1000 Mbps Full Duplex, Flow Control: RX
[   17.770923] ipv6: ADDRCONF(NETDEV_UP): eth0: link is not ready
[   17.770927] ipv6: ADDRCONF(NETDEV_CHANGE): eth0: link becomes ready
[   17.947882] EDAC sbridge: Seeking for: PCI ID 8086:2fa0
[   17.947890] EDAC sbridge: Seeking for: PCI ID 8086:2fa0
[   17.947898] EDAC sbridge: Seeking for: PCI ID 8086:2fa0
[   17.947906] EDAC sbridge: Seeking for: PCI ID 8086:2f60
[   17.947909] EDAC sbridge: Seeking for: PCI ID 8086:2f60
[   17.947912] EDAC sbridge: Seeking for: PCI ID 8086:2f60
[   17.947914] EDAC sbridge: Seeking for: PCI ID 8086:2fa8
[   17.947916] EDAC sbridge: Seeking for: PCI ID 8086:2fa8
[   17.947920] EDAC sbridge: Seeking for: PCI ID 8086:2fa8
[   17.947922] EDAC sbridge: Seeking for: PCI ID 8086:2f71
[   17.947925] EDAC sbridge: Seeking for: PCI ID 8086:2f71
[   17.947928] EDAC sbridge: Seeking for: PCI ID 8086:2f71
[   17.947930] EDAC sbridge: Seeking for: PCI ID 8086:2faa
[   17.947933] EDAC sbridge: Seeking for: PCI ID 8086:2faa
[   17.947936] EDAC sbridge: Seeking for: PCI ID 8086:2faa
[   17.947938] EDAC sbridge: Seeking for: PCI ID 8086:2fab
[   17.947941] EDAC sbridge: Seeking for: PCI ID 8086:2fab
[   17.947944] EDAC sbridge: Seeking for: PCI ID 8086:2fab
[   17.947946] EDAC sbridge: Seeking for: PCI ID 8086:2fac
[   17.947951] EDAC sbridge: Seeking for: PCI ID 8086:2fad
[   17.947956] EDAC sbridge: Seeking for: PCI ID 8086:2f68
[   17.947959] EDAC sbridge: Seeking for: PCI ID 8086:2f68
[   17.947962] EDAC sbridge: Seeking for: PCI ID 8086:2f68
[   17.947964] EDAC sbridge: Seeking for: PCI ID 8086:2f79
[   17.947966] EDAC sbridge: Seeking for: PCI ID 8086:2f79
[   17.947970] EDAC sbridge: Seeking for: PCI ID 8086:2f79
[   17.947972] EDAC sbridge: Seeking for: PCI ID 8086:2f6a
[   17.947975] EDAC sbridge: Seeking for: PCI ID 8086:2f6a
[   17.947978] EDAC sbridge: Seeking for: PCI ID 8086:2f6a
[   17.947980] EDAC sbridge: Seeking for: PCI ID 8086:2f6b
[   17.947983] EDAC sbridge: Seeking for: PCI ID 8086:2f6b
[   17.947986] EDAC sbridge: Seeking for: PCI ID 8086:2f6b
[   17.947988] EDAC sbridge: Seeking for: PCI ID 8086:2f6c
[   17.947993] EDAC sbridge: Seeking for: PCI ID 8086:2f6d
[   17.947997] EDAC sbridge: Seeking for: PCI ID 8086:2ffc
[   17.948000] EDAC sbridge: Seeking for: PCI ID 8086:2ffc
[   17.948013] EDAC sbridge: Seeking for: PCI ID 8086:2ffc
[   17.948016] EDAC sbridge: Seeking for: PCI ID 8086:2ffd
[   17.948020] EDAC sbridge: Seeking for: PCI ID 8086:2ffd
[   17.948025] EDAC sbridge: Seeking for: PCI ID 8086:2ffd
[   17.948029] EDAC sbridge: Seeking for: PCI ID 8086:2fbd
[   17.948034] EDAC sbridge: Seeking for: PCI ID 8086:2fbd
[   17.948038] EDAC sbridge: Seeking for: PCI ID 8086:2fbd
[   17.948042] EDAC sbridge: Seeking for: PCI ID 8086:2fbf
[   17.948047] EDAC sbridge: Seeking for: PCI ID 8086:2fbf
[   17.948051] EDAC sbridge: Seeking for: PCI ID 8086:2fbf
[   17.948053] EDAC sbridge: Seeking for: PCI ID 8086:2fb9
[   17.948057] EDAC sbridge: Seeking for: PCI ID 8086:2fb9
[   17.948060] EDAC sbridge: Seeking for: PCI ID 8086:2fb9
[   17.948061] EDAC sbridge: Seeking for: PCI ID 8086:2fbb
[   17.948065] EDAC sbridge: Seeking for: PCI ID 8086:2fbb
[   17.948069] EDAC sbridge: Seeking for: PCI ID 8086:2fbb
[   17.948256] EDAC MC0: Giving out device to module sb_edac controller Haswell SrcID#1_Ha#0: DEV 0000:ff:12.0 (INTERRUPT)
[   17.948407] EDAC MC1: Giving out device to module sb_edac controller Haswell SrcID#0_Ha#0: DEV 0000:7f:12.0 (INTERRUPT)
[   17.948539] EDAC MC2: Giving out device to module sb_edac controller Haswell SrcID#1_Ha#1: DEV 0000:ff:12.4 (INTERRUPT)
[   17.948663] EDAC MC3: Giving out device to module sb_edac controller Haswell SrcID#0_Ha#1: DEV 0000:7f:12.4 (INTERRUPT)
[   17.948665] EDAC sbridge:  Ver: 1.1.2 
[   18.038943] intel_rapl: Found RAPL domain package
[   18.038946] intel_rapl: Found RAPL domain dram
[   18.038948] intel_rapl: DRAM domain energy unit 15300pj
[   18.039118] intel_rapl: Found RAPL domain package
[   18.039122] intel_rapl: Found RAPL domain dram
[   18.039123] intel_rapl: DRAM domain energy unit 15300pj
[   18.284474] FS-Cache: Netfs 'nfs' registered for caching
[   18.939827] Installing knfsd (copyright (C) 1996 okir@monad.swb.de).
[   19.102125] systemd-journald[1176]: Failed to resolve 'systemd-journal' group: No such process
[   19.316497] ixgbe 0000:06:00.0: removed PHC on eth2
[   19.400970] ixgbe 0000:06:00.1: removed PHC on eth3
[   22.117865] init: failsafe main process (1555) killed by TERM signal
[   22.175574] init: Failed to obtain startpar-bridge instance: Unknown parameter: INSTANCE
[   22.311549] Loading iSCSI transport class v2.0-870.
[   22.396137] iscsi: registered transport (tcp)
[   22.740885] iscsi: registered transport (iser)
[   23.089171] init: udev-fallback-graphics main process (1761) terminated with status 1
[  642.074920] EXT4-fs (sdc1): mounted filesystem with ordered data mode. Opts: (null)
[ 2963.342055] module: nvmemul: loading out-of-tree module taints kernel.
[ 2963.342097] module: nvmemul: module verification failed: signature and/or required key missing - tainting kernel
[ 2963.342327] nvmemul: Loading. Initializing...
[ 2963.342329] nvmemul: major is 245
[ 2966.603121] nvmemul: ioctl command: 0xc008aa02
[ 2966.603126] nvmemul: getpci bus_id 0xff device_id 0x14, function_id 0x0, offset 0x190, val 0xfff
[ 2966.603132] nvmemul: ioctl command: 0x8008aa01
[ 2966.603133] nvmemul: setpci bus_id=0xff device_id=0x14, function_id=0x0, val=0x8fff
[ 2966.603136] nvmemul: ioctl command: 0x8008aa01
[ 2966.603137] nvmemul: setpci bus_id=0xff device_id=0x14, function_id=0x1, val=0x8fff
[ 2966.603139] nvmemul: ioctl command: 0x8008aa01
[ 2966.603140] nvmemul: setpci bus_id=0xff device_id=0x17, function_id=0x0, val=0x8fff
[ 2966.603143] nvmemul: ioctl command: 0x8008aa01
[ 2966.603144] nvmemul: setpci bus_id=0xff device_id=0x17, function_id=0x1, val=0x8fff
[ 2966.603146] nvmemul: ioctl command: 0x8008aa01
[ 2966.603147] nvmemul: setpci bus_id=0xff device_id=0x14, function_id=0x0, val=0x8fff
[ 2966.603149] nvmemul: ioctl command: 0x8008aa01
[ 2966.603151] nvmemul: setpci bus_id=0xff device_id=0x14, function_id=0x1, val=0x8fff
[ 2966.603153] nvmemul: ioctl command: 0x8008aa01
[ 2966.603154] nvmemul: setpci bus_id=0xff device_id=0x17, function_id=0x0, val=0x8fff
[ 2966.603156] nvmemul: ioctl command: 0x8008aa01
[ 2966.603157] nvmemul: setpci bus_id=0xff device_id=0x17, function_id=0x1, val=0x8fff
[ 2974.881960] nvmemul: ioctl command: 0xc008aa02
[ 2974.881965] nvmemul: getpci bus_id 0xff device_id 0x14, function_id 0x0, offset 0x190, val 0x8fff
[ 2974.881971] nvmemul: ioctl command: 0x8008aa01
[ 2974.881972] nvmemul: setpci bus_id=0xff device_id=0x14, function_id=0x0, val=0x8fff
[ 2974.881975] nvmemul: ioctl command: 0x8008aa01
[ 2974.881976] nvmemul: setpci bus_id=0xff device_id=0x14, function_id=0x1, val=0x8fff
[ 2974.881978] nvmemul: ioctl command: 0x8008aa01
[ 2974.881979] nvmemul: setpci bus_id=0xff device_id=0x17, function_id=0x0, val=0x8fff
[ 2974.881982] nvmemul: ioctl command: 0x8008aa01
[ 2974.881983] nvmemul: setpci bus_id=0xff device_id=0x17, function_id=0x1, val=0x8fff
[ 3243.447112] nvmemul: ioctl command: 0xc008aa02
[ 3243.447117] nvmemul: getpci bus_id 0xff device_id 0x14, function_id 0x0, offset 0x190, val 0x8fff
[ 3243.447123] nvmemul: ioctl command: 0x8008aa01
[ 3243.447124] nvmemul: setpci bus_id=0xff device_id=0x14, function_id=0x0, val=0x8fff
[ 3243.447127] nvmemul: ioctl command: 0x8008aa01
[ 3243.447128] nvmemul: setpci bus_id=0xff device_id=0x14, function_id=0x1, val=0x8fff
[ 3243.447131] nvmemul: ioctl command: 0x8008aa01
[ 3243.447132] nvmemul: setpci bus_id=0xff device_id=0x17, function_id=0x0, val=0x8fff
[ 3243.447134] nvmemul: ioctl command: 0x8008aa01
[ 3243.447135] nvmemul: setpci bus_id=0xff device_id=0x17, function_id=0x1, val=0x8fff
[ 3251.738957] nvmemul: ioctl command: 0xc008aa02
[ 3251.738962] nvmemul: getpci bus_id 0xff device_id 0x14, function_id 0x0, offset 0x190, val 0x8fff
[ 3251.738967] nvmemul: ioctl command: 0x8008aa01
[ 3251.738969] nvmemul: setpci bus_id=0xff device_id=0x14, function_id=0x0, val=0x8fff
[ 3251.738972] nvmemul: ioctl command: 0x8008aa01
[ 3251.738972] nvmemul: setpci bus_id=0xff device_id=0x14, function_id=0x1, val=0x8fff
[ 3251.738975] nvmemul: ioctl command: 0x8008aa01
[ 3251.738976] nvmemul: setpci bus_id=0xff device_id=0x17, function_id=0x0, val=0x8fff
[ 3251.738979] nvmemul: ioctl command: 0x8008aa01
[ 3251.738979] nvmemul: setpci bus_id=0xff device_id=0x17, function_id=0x1, val=0x8fff
[ 3542.455548] nvmemul: ioctl command: 0xc008aa02
[ 3542.455554] nvmemul: getpci bus_id 0xff device_id 0x14, function_id 0x0, offset 0x190, val 0x8fff
[ 3542.455558] nvmemul: ioctl command: 0xc008aa02
[ 3542.455559] nvmemul: getpci bus_id 0xff device_id 0x14, function_id 0x0, offset 0x190, val 0x8fff
[ 3542.455563] nvmemul: ioctl command: 0x8008aa01
[ 3542.455565] nvmemul: setpci bus_id=0xff device_id=0x14, function_id=0x0, val=0x800f
[ 3542.455568] nvmemul: ioctl command: 0x8008aa01
[ 3542.455568] nvmemul: setpci bus_id=0xff device_id=0x14, function_id=0x1, val=0x800f
[ 3542.455571] nvmemul: ioctl command: 0x8008aa01
[ 3542.455572] nvmemul: setpci bus_id=0xff device_id=0x17, function_id=0x0, val=0x800f
[ 3542.455574] nvmemul: ioctl command: 0x8008aa01
[ 3542.455575] nvmemul: setpci bus_id=0xff device_id=0x17, function_id=0x1, val=0x800f
[ 3548.146521] perf: interrupt took too long (3365 > 2500), lowering kernel.perf_event_max_sample_rate to 59250
[ 3548.526495] perf: interrupt took too long (6008 > 4206), lowering kernel.perf_event_max_sample_rate to 33250
[ 3556.521730] INFO: NMI handler (perf_event_nmi_handler) took too long to run: 1.138 msecs
[ 3556.521912] perf: interrupt took too long (8164 > 7510), lowering kernel.perf_event_max_sample_rate to 24250
[ 3558.188825] INFO: NMI handler (perf_event_nmi_handler) took too long to run: 1.192 msecs
[ 3558.189011] perf: interrupt took too long (12115 > 10205), lowering kernel.perf_event_max_sample_rate to 16500
[ 3568.241436] perf: interrupt took too long (16107 > 15143), lowering kernel.perf_event_max_sample_rate to 12250
[ 3572.702550] nvmemul: ioctl command: 0xc008aa02
[ 3572.702572] nvmemul: getpci bus_id 0xff device_id 0x14, function_id 0x0, offset 0x190, val 0x800f
[ 3572.702609] nvmemul: ioctl command: 0x8008aa01
[ 3572.702616] nvmemul: setpci bus_id=0xff device_id=0x14, function_id=0x0, val=0x801e
[ 3572.702632] nvmemul: ioctl command: 0x8008aa01
[ 3572.702638] nvmemul: setpci bus_id=0xff device_id=0x14, function_id=0x1, val=0x801e
[ 3572.702648] nvmemul: ioctl command: 0x8008aa01
[ 3572.702649] nvmemul: setpci bus_id=0xff device_id=0x17, function_id=0x0, val=0x801e
[ 3572.702651] nvmemul: ioctl command: 0x8008aa01
[ 3572.702652] nvmemul: setpci bus_id=0xff device_id=0x17, function_id=0x1, val=0x801e
[ 3588.187967] nvmemul: ioctl command: 0xc008aa02
[ 3588.187989] nvmemul: getpci bus_id 0xff device_id 0x14, function_id 0x0, offset 0x190, val 0x801e
[ 3588.187998] nvmemul: ioctl command: 0x8008aa01
[ 3588.188000] nvmemul: setpci bus_id=0xff device_id=0x14, function_id=0x0, val=0x802d
[ 3588.188003] nvmemul: ioctl command: 0x8008aa01
[ 3588.188003] nvmemul: setpci bus_id=0xff device_id=0x14, function_id=0x1, val=0x802d
[ 3588.188006] nvmemul: ioctl command: 0x8008aa01
[ 3588.188007] nvmemul: setpci bus_id=0xff device_id=0x17, function_id=0x0, val=0x802d
[ 3588.188010] nvmemul: ioctl command: 0x8008aa01
[ 3588.188010] nvmemul: setpci bus_id=0xff device_id=0x17, function_id=0x1, val=0x802d
[ 3599.375079] nvmemul: ioctl command: 0xc008aa02
[ 3599.375092] nvmemul: getpci bus_id 0xff device_id 0x14, function_id 0x0, offset 0x190, val 0x802d
[ 3599.375102] nvmemul: ioctl command: 0x8008aa01
[ 3599.375107] nvmemul: setpci bus_id=0xff device_id=0x14, function_id=0x0, val=0x803c
[ 3599.375110] nvmemul: ioctl command: 0x8008aa01
[ 3599.375111] nvmemul: setpci bus_id=0xff device_id=0x14, function_id=0x1, val=0x803c
[ 3599.375113] nvmemul: ioctl command: 0x8008aa01
[ 3599.375114] nvmemul: setpci bus_id=0xff device_id=0x17, function_id=0x0, val=0x803c
[ 3599.375117] nvmemul: ioctl command: 0x8008aa01
[ 3599.375117] nvmemul: setpci bus_id=0xff device_id=0x17, function_id=0x1, val=0x803c
[ 3608.654412] nvmemul: ioctl command: 0xc008aa02
[ 3608.654424] nvmemul: getpci bus_id 0xff device_id 0x14, function_id 0x0, offset 0x190, val 0x803c
[ 3608.654432] nvmemul: ioctl command: 0x8008aa01
[ 3608.654433] nvmemul: setpci bus_id=0xff device_id=0x14, function_id=0x0, val=0x804b
[ 3608.654436] nvmemul: ioctl command: 0x8008aa01
[ 3608.654437] nvmemul: setpci bus_id=0xff device_id=0x14, function_id=0x1, val=0x804b
[ 3608.654439] nvmemul: ioctl command: 0x8008aa01
[ 3608.654440] nvmemul: setpci bus_id=0xff device_id=0x17, function_id=0x0, val=0x804b
[ 3608.654443] nvmemul: ioctl command: 0x8008aa01
[ 3608.654444] nvmemul: setpci bus_id=0xff device_id=0x17, function_id=0x1, val=0x804b
[ 3625.685778] nvmemul: ioctl command: 0xc008aa02
[ 3625.685782] nvmemul: getpci bus_id 0xff device_id 0x14, function_id 0x0, offset 0x190, val 0x804b
[ 3625.685788] nvmemul: ioctl command: 0x8008aa01
[ 3625.685789] nvmemul: setpci bus_id=0xff device_id=0x14, function_id=0x0, val=0x8fff
[ 3625.685792] nvmemul: ioctl command: 0x8008aa01
[ 3625.685793] nvmemul: setpci bus_id=0xff device_id=0x14, function_id=0x1, val=0x8fff
[ 3625.685795] nvmemul: ioctl command: 0x8008aa01
[ 3625.685797] nvmemul: setpci bus_id=0xff device_id=0x17, function_id=0x0, val=0x8fff
[ 3625.685799] nvmemul: ioctl command: 0x8008aa01
[ 3625.685800] nvmemul: setpci bus_id=0xff device_id=0x17, function_id=0x1, val=0x8fff
[ 3625.685802] nvmemul: ioctl command: 0xc008aa02
[ 3625.685804] nvmemul: getpci bus_id 0xff device_id 0x14, function_id 0x0, offset 0x190, val 0x8fff
[ 3625.685806] nvmemul: ioctl command: 0x8008aa01
[ 3625.685807] nvmemul: setpci bus_id=0xff device_id=0x14, function_id=0x0, val=0x800f
[ 3625.685809] nvmemul: ioctl command: 0x8008aa01
[ 3625.685810] nvmemul: setpci bus_id=0xff device_id=0x14, function_id=0x1, val=0x800f
