ENABLE_FILE_STATS in con
ENABLE_FILE_STATS in con
Command terminated by signal 9
	Command being timed: "./db_bench --db=/users/kannan11/ssd/sudarsun/prefetching/appbench/apps/rocksdb/DATA --value_size=4096 --wal_dir=/users/kannan11/ssd/sudarsun/prefetching/appbench/apps/rocksdb/DATA/WAL_LOG --sync=0 --key_size=1000 --write_buffer_size=67108864 --num=1000000 --benchmarks=overwrite --use_existing_db=1 --mmap_read=0 --threads=16"
	User time (seconds): 0.00
	System time (seconds): 0.20
	Percent of CPU this job got: 490%
	Elapsed (wall clock) time (h:mm:ss or m:ss): 0:00.04
	Average shared text size (kbytes): 0
	Average unshared data size (kbytes): 0
	Average stack size (kbytes): 0
	Average total size (kbytes): 0
	Maximum resident set size (kbytes): 56192
	Average resident set size (kbytes): 0
	Major (requiring I/O) page faults: 72
	Minor (reclaiming a frame) page faults: 12597
	Voluntary context switches: 418
	Involuntary context switches: 71
	Swaps: 0
	File system inputs: 13984
	File system outputs: 40
	Socket messages sent: 0
	Socket messages received: 0
	Signals delivered: 0
	Page size (bytes): 4096
	Exit status: 0
DESTRUCTOR GETTING CALLED 
PRINT_GLOBAL_STATS in dest
[63952.373951] sh (7023): drop_caches: 3
[63952.403348] sh (7028): drop_caches: 3
[63957.437934] Enabled file stats for time:7035
[63957.438150] write_proc: Value of write = 0
[63957.444360] Enabled file stats for db_bench:7044
[63957.444572] write_proc: Value of write = 0
[63957.460618] db_bench invoked oom-killer: gfp_mask=0x1100dca(GFP_HIGHUSER_MOVABLE|__GFP_ZERO), order=0, oom_score_adj=0
[63957.460625] CPU: 7 PID: 7065 Comm: db_bench Not tainted 5.14.0 #30
[63957.460627] Hardware name: Dell Inc. PowerEdge C6525/04DK47, BIOS 2.0.3 01/15/2021
[63957.460629] Call Trace:
[63957.460632]  dump_stack_lvl+0x4a/0x5f
[63957.460639]  dump_stack+0x10/0x12
[63957.460641]  dump_header+0x4f/0x210
[63957.460645]  oom_kill_process+0xec/0x140
[63957.460647]  out_of_memory+0x117/0x590
[63957.460649]  __alloc_pages_slowpath.constprop.122+0xa55/0xd70
[63957.460654]  __alloc_pages+0x2db/0x320
[63957.460656]  alloc_pages_vma+0x88/0x220
[63957.460659]  __handle_mm_fault+0xa3f/0x1270
[63957.460662]  handle_mm_fault+0xd9/0x2b0
[63957.460663]  do_user_addr_fault+0x1e0/0x6e0
[63957.460667]  exc_page_fault+0x76/0x150
[63957.460669]  ? asm_exc_page_fault+0x8/0x30
[63957.460673]  asm_exc_page_fault+0x1e/0x30
[63957.460674] RIP: 0033:0x7f77e28adea7
[63957.460677] Code: 47 20 c5 fe 7f 44 17 c0 c5 fe 7f 47 40 c5 fe 7f 44 17 a0 c5 fe 7f 47 60 c5 fe 7f 44 17 80 48 01 fa 48 83 e2 80 48 39 d1 74 ba <c5> fd 7f 01 c5 fd 7f 41 20 c5 fd 7f 41 40 c5 fd 7f 41 60 48 81 c1
[63957.460679] RSP: 002b:00007f77b8ffb368 EFLAGS: 00010206
[63957.460680] RAX: 00007f7787ffe010 RBX: 00007f778c000ca0 RCX: 00007f778831f000
[63957.460682] RDX: 00007f7789ffe000 RSI: 0000000000000000 RDI: 00007f7787ffe010
[63957.460683] RBP: 00007f77b8ffb380 R08: 00000000ffffffff R09: 0000000000000000
[63957.460684] R10: 0000000000000022 R11: 0000000000000246 R12: 0000000000080000
[63957.460685] R13: 00007f77b8ffb730 R14: 00007f77b8ffb810 R15: fffffffffffffca0
[63957.460688] Mem-Info:
[63957.460692] active_anon:206 inactive_anon:13031 isolated_anon:63
                active_file:1616 inactive_file:4178 isolated_file:0
                unevictable:768 dirty:179 writeback:0
                slab_reclaimable:14524 slab_unreclaimable:87423
                mapped:4069 shmem:772 pagetables:1070 bounce:0
                free:150132 free_pcp:476 free_cma:0
[63957.460696] Node 0 active_anon:824kB inactive_anon:52124kB active_file:6464kB inactive_file:16712kB unevictable:3072kB isolated(anon):252kB isolated(file):0kB mapped:16276kB dirty:716kB writeback:0kB shmem:3088kB shmem_thp: 0kB shmem_pmdmapped: 0kB anon_thp: 0kB writeback_tmp:0kB kernel_stack:10304kB pagetables:4280kB all_unreclaimable? no
[63957.460701] Node 0 DMA free:11264kB min:4kB low:16kB high:28kB reserved_highatomic:0KB active_anon:0kB inactive_anon:0kB active_file:0kB inactive_file:0kB unevictable:0kB writepending:0kB present:15992kB managed:15360kB mlocked:0kB bounce:0kB free_pcp:0kB local_pcp:0kB free_cma:0kB
[63957.460705] lowmem_reserve[]: 0 776 127598 127598 127598
[63957.460709] Node 0 DMA32 free:507492kB min:408kB low:1200kB high:1992kB reserved_highatomic:2048KB active_anon:0kB inactive_anon:0kB active_file:0kB inactive_file:0kB unevictable:0kB writepending:0kB present:1682240kB managed:1616700kB mlocked:0kB bounce:0kB free_pcp:0kB local_pcp:0kB free_cma:0kB
[63957.460712] lowmem_reserve[]: 0 0 126822 126822 126822
[63957.460715] Node 0 Normal free:81772kB min:179804kB low:309668kB high:439532kB reserved_highatomic:4096KB active_anon:824kB inactive_anon:52128kB active_file:6464kB inactive_file:16712kB unevictable:3072kB writepending:956kB present:132106240kB managed:129874164kB mlocked:0kB bounce:0kB free_pcp:1904kB local_pcp:88kB free_cma:0kB
[63957.460720] lowmem_reserve[]: 0 0 0 0 0
[63957.460722] Node 0 DMA: 0*4kB 0*8kB 0*16kB 0*32kB 0*64kB 0*128kB 0*256kB 0*512kB 1*1024kB (U) 1*2048kB (M) 2*4096kB (M) = 11264kB
[63957.460730] Node 0 DMA32: 7*4kB (UMEH) 5*8kB (UME) 7*16kB (UMEH) 4*32kB (ME) 5*64kB (UME) 5*128kB (UMEH) 4*256kB (ME) 5*512kB (MEH) 3*1024kB (ME) 4*2048kB (ME) 120*4096kB (ME) = 507636kB
[63957.460740] Node 0 Normal: 11016*4kB (UME) 3556*8kB (UME) 1056*16kB (UME) 10*32kB (UE) 0*64kB 0*128kB 0*256kB 0*512kB 0*1024kB 0*2048kB 0*4096kB = 89728kB
[63957.460749] Node 0 hugepages_total=0 hugepages_free=0 hugepages_surp=0 hugepages_size=1048576kB
[63957.460751] Node 0 hugepages_total=0 hugepages_free=0 hugepages_surp=0 hugepages_size=2048kB
[63957.460752] 7012 total pagecache pages
[63957.460753] 834 pages in swap cache
[63957.460753] Swap cache stats: add 1988943, delete 1989338, find 176366/328821
[63957.460754] Free swap  = 3084408kB
[63957.460755] Total swap = 3145724kB
[63957.460756] 33451118 pages RAM
[63957.460756] 0 pages HighMem/MovableOnly
[63957.460757] 574562 pages reserved
[63957.460757] 0 pages cma reserved
[63957.460758] 0 pages hwpoisoned
[63957.460758] Unreclaimable slab info:
[63957.460759] Name                      Used          Total
[63957.460760] mlx5_fs_ftes             253KB        253KB
[63957.460762] mlx5_fs_fgs               63KB         63KB
[63957.460764] scsi_sense_cache          32KB         32KB
[63957.460766] RAWv6                    123KB        123KB
[63957.460767] UDPv6                   1417KB       1417KB
[63957.460768] TCPv6                     92KB         92KB
[63957.460770] mqueue_inode_cache         31KB         31KB
[63957.460773] ext4_system_zone          39KB         39KB
[63957.460776] PING                    1600KB       1600KB
[63957.460777] RAW                       96KB         96KB
[63957.460778] tw_sock_TCP              295KB        295KB
[63957.460779] request_sock_TCP         739KB        739KB
[63957.460780] TCP                     1439KB       1439KB
[63957.460782] hugetlbfs_inode_cache         63KB         63KB
[63957.460783] ep_head                  192KB        192KB
[63957.460784] request_queue             62KB         62KB
[63957.460786] biovec-max              4580KB       4740KB
[63957.460787] biovec-128              1600KB       1600KB
[63957.460788] biovec-64               1536KB       1536KB
[63957.460789] dmaengine-unmap-256         30KB         30KB
[63957.460791] dmaengine-unmap-128         31KB         31KB
[63957.460792] dmaengine-unmap-16       3992KB       3992KB
[63957.460793] skbuff_fclone_cache        768KB        768KB
[63957.460794] skbuff_head_cache       1222KB       1224KB
[63957.460795] file_lock_cache          359KB        359KB
[63957.460796] file_lock_ctx            107KB        107KB
[63957.460797] fsnotify_mark_connector        192KB        192KB
[63957.460798] task_delay_info          111KB        111KB
[63957.460799] taskstats                658KB        658KB
[63957.460801] proc_dir_entry           732KB        732KB
[63957.460802] pde_opener               191KB        191KB
[63957.460803] seq_file                 191KB        191KB
[63957.460804] shmem_inode_cache       2192KB       2192KB
[63957.460805] kernfs_node_cache       8920KB       8920KB
[63957.460806] mnt_cache                302KB        302KB
[63957.460807] filp                    3784KB       3784KB
[63957.460809] names_cache             1536KB       1536KB
[63957.460810] lsm_file_cache           266KB        266KB
[63957.460811] vm_area_struct          4539KB       4539KB
[63957.460812] mm_struct               1657KB       1657KB
[63957.460813] files_cache             1581KB       1581KB
[63957.460813] signal_cache            2173KB       2173KB
[63957.460814] sighand_cache           2877KB       2877KB
[63957.460815] task_struct             6131KB       6138KB
[63957.460816] cred_jar                 661KB        661KB
[63957.460817] anon_vma_chain          1976KB       1976KB
[63957.460818] anon_vma                1865KB       1865KB
[63957.460819] pid                      304KB        304KB
[63957.460820] irq_remap_cache          384KB        384KB
[63957.460821] Acpi-Operand             811KB        811KB
[63957.460822] Acpi-ParseExt             47KB         47KB
[63957.460823] Acpi-State               191KB        191KB
[63957.460824] numa_policy               15KB         15KB
[63957.460825] perf_event              1508KB       1508KB
[63957.460826] trace_event_file         316KB        316KB
[63957.460827] ftrace_event_field        386KB        386KB
[63957.460828] pool_workqueue           392KB        392KB
[63957.460828] task_group               756KB        756KB
[63957.460855] vmap_area              18926KB      19072KB
[63957.460857] kmalloc-cg-8k            128KB        128KB
[63957.460857] kmalloc-cg-4k           1536KB       1536KB
[63957.460858] kmalloc-cg-2k           1344KB       1344KB
[63957.460859] kmalloc-cg-1k           1600KB       1600KB
[63957.460860] kmalloc-cg-512           832KB        832KB
[63957.460861] kmalloc-cg-256           144KB        144KB
[63957.460861] kmalloc-cg-192           378KB        378KB
[63957.460862] kmalloc-cg-96            157KB        157KB
[63957.460863] kmalloc-cg-64            192KB        192KB
[63957.460863] kmalloc-cg-32            192KB        192KB
[63957.460864] kmalloc-cg-16            192KB        192KB
[63957.460865] kmalloc-cg-8             192KB        192KB
[63957.460865] kmalloc-8k             65440KB      65440KB
[63957.460867] kmalloc-4k              7332KB       7428KB
[63957.460869] kmalloc-2k             87004KB      87160KB
[63957.460869] kmalloc-1k              5888KB       5888KB
[63957.460870] kmalloc-512            18000KB      18000KB
[63957.460871] kmalloc-256             1280KB       1280KB
[63957.460871] kmalloc-192              724KB        724KB
[63957.460872] kmalloc-128              904KB        904KB
[63957.460873] kmalloc-96             16395KB      16395KB
[63957.460874] kmalloc-64              2440KB       2440KB
[63957.460875] kmalloc-32              1488KB       1488KB
[63957.460875] kmalloc-16               336KB        336KB
[63957.460876] kmalloc-8                276KB        276KB
[63957.460877] kmem_cache_node           24KB         24KB
[63957.460878] kmem_cache                72KB         72KB
[63957.460878] Tasks state (memory values in pages):
[63957.460879] [  pid  ]   uid  tgid total_vm      rss pgtables_bytes swapents oom_score_adj name
[63957.460886] [    744]     0   744    29652     1164   249856      356             0 systemd-journal
[63957.460889] [    750]     0   750    26479        0    98304       57             0 lvmetad
[63957.460891] [    754]     0   754    10826        0   114688      459         -1000 systemd-udevd
[63957.460894] [    996]     0   996    11903        0   131072      137             0 rpcbind
[63957.460895] [    998]   101   998    17625        0   176128      136             0 systemd-resolve
[63957.460898] [   1002]   103  1002    12517        1   147456      170          -900 dbus-daemon
[63957.460900] [   1004]     0  1004    42595        1   233472     1941             0 networkd-dispat
[63957.460902] [   1005]     0  1005    27759        0   122880      207             0 irqbalance
[63957.460904] [   1006]     0  1006     7833        0   102400       88             0 cron
[63957.460906] [   1010]     0  1010    17619        0   176128      174             0 systemd-logind
[63957.460908] [   1012]     0  1012    71916       28   192512      235             0 accounts-daemon
[63957.460910] [   1037]   102  1037    66819       63   167936      338             0 rsyslogd
[63957.460911] [   1041]     0  1041    72223        0   208896      230             0 polkitd
[63957.460913] [   1049]     0  1049     8709        1   106496     1775             0 ntpstart
[63957.460915] [   1053]     0  1053    18078        0   184320      204         -1000 sshd
[63957.460917] [   1107]   100  1107    20015        0   184320      180             0 systemd-network
[63957.460919] [   1187]     0  1187     3992        0    81920       35             0 agetty
[63957.460921] [   1212]     0  1212     2747        0    61440       63             0 slothd
[63957.460923] [   1215]     0  1215     4048        0    77824       37             0 agetty
[63957.460925] [   1237]     0  1237     5686        0    77824      113             0 pubsubd
[63957.460927] [   1340]     0  1340     1136        0    53248       27             0 emulab-syncd
[63957.460928] [   1346]     0  1346    11274        0   118784     2245             0 rc.progagent
[63957.460930] [   1347]  2002  1347     8882        0   114688      141             0 program-agent
[63957.460932] [   1399]     0  1399     6200        0    86016      110             0 linktest
[63957.460934] [   1414]   107  1414    26945        0   126976      157             0 ntpd
[63957.460936] [   4689] 20002  4689    19131        0   192512      259             0 systemd
[63957.460938] [   4690] 20002  4690    27870        0   245760      542             0 (sd-pam)
[63957.460940] [   4742] 20002  4742    13273      665   143360      245             0 mosh-server
[63957.460942] [   4743] 20002  4743     5334        1    90112      149             0 tcsh
[63957.460944] [   4749] 20002  4749     5676        1    81920      427             0 bash
[63957.460945] [   4791] 20002  4791     3257      520    69632       34             0 rocksdb-exp-tes
[63957.460947] [   7035] 20002  7035    21487      845   118784        0             0 time
[63957.460949] [   7044] 20002  7044   463116    14045   503808        0             0 db_bench
[63957.460950] oom-kill:constraint=CONSTRAINT_NONE,nodemask=(null),cpuset=/,mems_allowed=0,global_oom,task_memcg=/,task=db_bench,pid=7044,uid=20002
[63957.460974] Out of memory: Killed process 7044 (db_bench) total-vm:1852464kB, anon-rss:47808kB, file-rss:8372kB, shmem-rss:0kB, UID:20002 pgtables:492kB oom_score_adj:0
[63957.476360] FinalTaskReport: db_bench:7044 - ra_orig_nr_pages:0, ra_final_nr_pages:0
                                        async_pages:1016, final_async_pages:1283
                                        full_pfetches:0, less256_pfetches:0, partial_pfetches:0
                                        failed_pfetches:0, total_pfetches:0, os_pfetches:64
                                        nr_pages_read:144, nr_pages_hit:108, nr_do_read_fault:164
[63957.480572] oom_reaper: reaped process 7044 (db_bench), now anon-rss:0kB, file-rss:0kB, shmem-rss:0kB
[63957.483527] write_proc: Value of write = 0
[63957.483546] __do_sys_start_cross_trace: PRINT_GLOBAL_STATS 
[63957.483547] Final GlobalReport: nr_pages_read:1347459859, nr_pages_hit:1333687533, nr_do_read_fault:714384, nr_pages_miss:5769667
[63957.486338] FinalTaskReport: time:7035 - ra_orig_nr_pages:0, ra_final_nr_pages:0
                                        async_pages:256, final_async_pages:407
                                        full_pfetches:0, less256_pfetches:0, partial_pfetches:0
                                        failed_pfetches:0, total_pfetches:0, os_pfetches:18
                                        nr_pages_read:0, nr_pages_hit:0, nr_do_read_fault:57
