ENABLE_FILE_STATS in con
ENABLE_FILE_STATS in con
Command terminated by signal 9
	Command being timed: "./db_bench --db=/users/kannan11/ssd/sudarsun/prefetching/appbench/apps/rocksdb/DATA --value_size=4096 --wal_dir=/users/kannan11/ssd/sudarsun/prefetching/appbench/apps/rocksdb/DATA/WAL_LOG --sync=0 --key_size=1000 --write_buffer_size=67108864 --num=1000000 --benchmarks=readseq --use_existing_db=1 --mmap_read=0 --threads=16"
	User time (seconds): 0.02
	System time (seconds): 0.33
	Percent of CPU this job got: 818%
	Elapsed (wall clock) time (h:mm:ss or m:ss): 0:00.04
	Average shared text size (kbytes): 0
	Average unshared data size (kbytes): 0
	Average stack size (kbytes): 0
	Average total size (kbytes): 0
	Maximum resident set size (kbytes): 44584
	Average resident set size (kbytes): 0
	Major (requiring I/O) page faults: 68
	Minor (reclaiming a frame) page faults: 11262
	Voluntary context switches: 1638
	Involuntary context switches: 76
	Swaps: 0
	File system inputs: 33352
	File system outputs: 40
	Socket messages sent: 0
	Socket messages received: 0
	Signals delivered: 0
	Page size (bytes): 4096
	Exit status: 0
DESTRUCTOR GETTING CALLED 
PRINT_GLOBAL_STATS in dest
[63855.467449] sh (6165): drop_caches: 3
[63855.495399] sh (6170): drop_caches: 3
[63860.529691] Enabled file stats for time:6177
[63860.529904] write_proc: Value of write = 1
[63860.536208] Enabled file stats for db_bench:6186
[63860.536423] write_proc: Value of write = 1
[63860.552926] thread-pool-6 invoked oom-killer: gfp_mask=0x1100dca(GFP_HIGHUSER_MOVABLE|__GFP_ZERO), order=0, oom_score_adj=0
[63860.552934] CPU: 13 PID: 6193 Comm: thread-pool-6 Not tainted 5.14.0 #30
[63860.552937] Hardware name: Dell Inc. PowerEdge C6525/04DK47, BIOS 2.0.3 01/15/2021
[63860.552939] Call Trace:
[63860.552942]  dump_stack_lvl+0x4a/0x5f
[63860.552949]  dump_stack+0x10/0x12
[63860.552951]  dump_header+0x4f/0x210
[63860.552955]  oom_kill_process+0xec/0x140
[63860.552958]  out_of_memory+0x117/0x590
[63860.552960]  __alloc_pages_slowpath.constprop.122+0xa55/0xd70
[63860.552965]  __alloc_pages+0x2db/0x320
[63860.552967]  alloc_pages_vma+0x88/0x220
[63860.552970]  __handle_mm_fault+0xa3f/0x1270
[63860.552973]  handle_mm_fault+0xd9/0x2b0
[63860.552975]  do_user_addr_fault+0x1e0/0x6e0
[63860.552979]  exc_page_fault+0x76/0x150
[63860.552981]  ? asm_exc_page_fault+0x8/0x30
[63860.552984]  asm_exc_page_fault+0x1e/0x30
[63860.552987] RIP: 0033:0x7faf10806ea7
[63860.552989] Code: 47 20 c5 fe 7f 44 17 c0 c5 fe 7f 47 40 c5 fe 7f 44 17 a0 c5 fe 7f 47 60 c5 fe 7f 44 17 80 48 01 fa 48 83 e2 80 48 39 d1 74 ba <c5> fd 7f 01 c5 fd 7f 41 20 c5 fd 7f 41 40 c5 fd 7f 41 60 48 81 c1
[63860.552992] RSP: 002b:00007faf0d670988 EFLAGS: 00010206
[63860.552994] RAX: 00007faeb9ffd010 RBX: 0000000000000000 RCX: 00007faeba2a0000
[63860.552996] RDX: 00007faebbffd000 RSI: 0000000000000000 RDI: 00007faeb9ffd010
[63860.552997] RBP: 00007faf0d6709a0 R08: 00000000ffffffff R09: 0000000000000000
[63860.552998] R10: 0000000000000022 R11: 0000000000000246 R12: 00007faf0d670c40
[63860.552999] R13: 0000000000000000 R14: 0000560d780b0770 R15: 00007ffc0bc43230
[63860.553002] Mem-Info:
[63860.553008] active_anon:259 inactive_anon:9268 isolated_anon:0
                active_file:1584 inactive_file:5919 isolated_file:0
                unevictable:768 dirty:7 writeback:0
                slab_reclaimable:14382 slab_unreclaimable:87270
                mapped:4342 shmem:769 pagetables:1241 bounce:0
                free:149909 free_pcp:204 free_cma:0
[63860.553013] Node 0 active_anon:1036kB inactive_anon:37072kB active_file:6336kB inactive_file:23676kB unevictable:3072kB isolated(anon):0kB isolated(file):0kB mapped:17368kB dirty:28kB writeback:0kB shmem:3076kB shmem_thp: 0kB shmem_pmdmapped: 0kB anon_thp: 0kB writeback_tmp:0kB kernel_stack:9456kB pagetables:4964kB all_unreclaimable? no
[63860.553018] Node 0 DMA free:11264kB min:4kB low:16kB high:28kB reserved_highatomic:0KB active_anon:0kB inactive_anon:0kB active_file:0kB inactive_file:0kB unevictable:0kB writepending:0kB present:15992kB managed:15360kB mlocked:0kB bounce:0kB free_pcp:0kB local_pcp:0kB free_cma:0kB
[63860.553023] lowmem_reserve[]: 0 776 127598 127598 127598
[63860.553026] Node 0 DMA32 free:507684kB min:408kB low:1200kB high:1992kB reserved_highatomic:0KB active_anon:0kB inactive_anon:0kB active_file:0kB inactive_file:0kB unevictable:0kB writepending:0kB present:1682240kB managed:1616700kB mlocked:0kB bounce:0kB free_pcp:0kB local_pcp:0kB free_cma:0kB
[63860.553030] lowmem_reserve[]: 0 0 126822 126822 126822
[63860.553034] Node 0 Normal free:81192kB min:292444kB low:422308kB high:552172kB reserved_highatomic:2048KB active_anon:1036kB inactive_anon:37080kB active_file:6336kB inactive_file:23116kB unevictable:3072kB writepending:28kB present:132106240kB managed:129874164kB mlocked:0kB bounce:0kB free_pcp:1112kB local_pcp:372kB free_cma:0kB
[63860.553038] lowmem_reserve[]: 0 0 0 0 0
[63860.553041] Node 0 DMA: 0*4kB 0*8kB 0*16kB 0*32kB 0*64kB 0*128kB 0*256kB 0*512kB 1*1024kB (U) 1*2048kB (M) 2*4096kB (M) = 11264kB
[63860.553049] Node 0 DMA32: 6*4kB (UME) 5*8kB (UME) 5*16kB (UME) 5*32kB (UME) 4*64kB (UME) 4*128kB (UME) 5*256kB (UME) 5*512kB (UME) 3*1024kB (ME) 4*2048kB (ME) 120*4096kB (ME) = 507696kB
[63860.553061] Node 0 Normal: 10588*4kB (UMEH) 3744*8kB (UME) 1099*16kB (UME) 14*32kB (UE) 1*64kB (M) 0*128kB 0*256kB 0*512kB 0*1024kB 0*2048kB 0*4096kB = 90400kB
[63860.553205] Node 0 hugepages_total=0 hugepages_free=0 hugepages_surp=0 hugepages_size=1048576kB
[63860.553206] Node 0 hugepages_total=0 hugepages_free=0 hugepages_surp=0 hugepages_size=2048kB
[63860.553208] 9630 total pagecache pages
[63860.553208] 675 pages in swap cache
[63860.553209] Swap cache stats: add 1694423, delete 1694367, find 152107/268257
[63860.553210] Free swap  = 3073340kB
[63860.553211] Total swap = 3145724kB
[63860.553212] 33451118 pages RAM
[63860.553212] 0 pages HighMem/MovableOnly
[63860.553213] 574562 pages reserved
[63860.553213] 0 pages cma reserved
[63860.553214] 0 pages hwpoisoned
[63860.553214] Unreclaimable slab info:
[63860.553215] Name                      Used          Total
[63860.553217] mlx5_fs_ftes             253KB        253KB
[63860.553219] mlx5_fs_fgs               63KB         63KB
[63860.553220] scsi_sense_cache          32KB         32KB
[63860.553222] RAWv6                    123KB        123KB
[63860.553224] UDPv6                   1417KB       1417KB
[63860.553226] TCPv6                     92KB         92KB
[63860.553227] mqueue_inode_cache         31KB         31KB
[63860.553231] ext4_system_zone          39KB         39KB
[63860.553233] PING                    1600KB       1600KB
[63860.553234] RAW                       96KB         96KB
[63860.553235] tw_sock_TCP              295KB        295KB
[63860.553236] request_sock_TCP         739KB        739KB
[63860.553237] TCP                     1439KB       1439KB
[63860.553238] hugetlbfs_inode_cache         63KB         63KB
[63860.553240] ep_head                  192KB        192KB
[63860.553241] request_queue             62KB         62KB
[63860.553242] biovec-max              4580KB       4708KB
[63860.553243] biovec-128              1600KB       1600KB
[63860.553244] biovec-64               1536KB       1536KB
[63860.553246] dmaengine-unmap-256         30KB         30KB
[63860.553247] dmaengine-unmap-128         31KB         31KB
[63860.553248] dmaengine-unmap-16       3945KB       3945KB
[63860.553249] skbuff_fclone_cache        768KB        768KB
[63860.553250] skbuff_head_cache       1208KB       1208KB
[63860.553251] file_lock_cache          359KB        359KB
[63860.553252] file_lock_ctx            103KB        103KB
[63860.553253] fsnotify_mark_connector        192KB        192KB
[63860.553254] task_delay_info          111KB        111KB
[63860.553256] taskstats                600KB        600KB
[63860.553257] proc_dir_entry           732KB        732KB
[63860.553258] pde_opener               191KB        191KB
[63860.553259] seq_file                 191KB        191KB
[63860.553260] shmem_inode_cache       2192KB       2192KB
[63860.553261] kernfs_node_cache       8920KB       8920KB
[63860.553262] mnt_cache                302KB        302KB
[63860.553263] filp                    3368KB       3368KB
[63860.553264] names_cache             1536KB       1536KB
[63860.553266] lsm_file_cache           266KB        266KB
[63860.553268] vm_area_struct          4541KB       4578KB
[63860.553269] mm_struct               1657KB       1657KB
[63860.553270] files_cache             1581KB       1581KB
[63860.553271] signal_cache            2173KB       2173KB
[63860.553271] sighand_cache           2877KB       2877KB
[63860.553273] task_struct             6020KB       6113KB
[63860.553274] cred_jar                 606KB        606KB
[63860.553275] anon_vma_chain          1860KB       1860KB
[63860.553276] anon_vma                1752KB       1767KB
[63860.553277] pid                      304KB        304KB
[63860.553278] irq_remap_cache          384KB        384KB
[63860.553279] Acpi-Operand             811KB        811KB
[63860.553280] Acpi-ParseExt             47KB         47KB
[63860.553281] Acpi-State               191KB        191KB
[63860.553282] numa_policy               15KB         15KB
[63860.553283] perf_event              1508KB       1508KB
[63860.553284] trace_event_file         316KB        316KB
[63860.553285] ftrace_event_field        386KB        386KB
[63860.553286] pool_workqueue           392KB        392KB
[63860.553287] task_group               756KB        756KB
[63860.553312] vmap_area              18903KB      19072KB
[63860.553314] kmalloc-cg-8k            128KB        128KB
[63860.553315] kmalloc-cg-4k           1536KB       1536KB
[63860.553315] kmalloc-cg-2k           1312KB       1312KB
[63860.553316] kmalloc-cg-1k           1600KB       1600KB
[63860.553317] kmalloc-cg-512           832KB        832KB
[63860.553317] kmalloc-cg-256           144KB        144KB
[63860.553318] kmalloc-cg-192           378KB        378KB
[63860.553319] kmalloc-cg-96            153KB        153KB
[63860.553319] kmalloc-cg-64            192KB        192KB
[63860.553320] kmalloc-cg-32            192KB        192KB
[63860.553321] kmalloc-cg-16            192KB        192KB
[63860.553322] kmalloc-cg-8             192KB        192KB
[63860.553322] kmalloc-8k             65440KB      65440KB
[63860.553324] kmalloc-4k              7332KB       7428KB
[63860.553325] kmalloc-2k             86980KB      87104KB
[63860.553326] kmalloc-1k              5888KB       5888KB
[63860.553327] kmalloc-512            18080KB      18080KB
[63860.553328] kmalloc-256             1280KB       1280KB
[63860.553329] kmalloc-192              724KB        724KB
[63860.553329] kmalloc-128              904KB        904KB
[63860.553330] kmalloc-96             16380KB      16380KB
[63860.553331] kmalloc-64              2424KB       2424KB
[63860.553332] kmalloc-32              1488KB       1488KB
[63860.553333] kmalloc-16               336KB        336KB
[63860.553334] kmalloc-8                276KB        276KB
[63860.553335] kmem_cache_node           24KB         24KB
[63860.553336] kmem_cache                72KB         72KB
[63860.553336] Tasks state (memory values in pages):
[63860.553337] [  pid  ]   uid  tgid total_vm      rss pgtables_bytes swapents oom_score_adj name
[63860.553346] [    744]     0   744    27577     1100   233472      330             0 systemd-journal
[63860.553349] [    750]     0   750    26479        0    98304       57             0 lvmetad
[63860.553351] [    754]     0   754    10826        0   114688      459         -1000 systemd-udevd
[63860.553354] [    996]     0   996    11903        0   131072      129             0 rpcbind
[63860.553355] [    998]   101   998    17625        0   176128      136             0 systemd-resolve
[63860.553358] [   1002]   103  1002    12517        1   147456      170          -900 dbus-daemon
[63860.553360] [   1004]     0  1004    42595        1   233472     1941             0 networkd-dispat
[63860.553362] [   1005]     0  1005    27759        0   122880      207             0 irqbalance
[63860.553364] [   1006]     0  1006     7833        0   102400       90             0 cron
[63860.553366] [   1010]     0  1010    17619        0   176128      174             0 systemd-logind
[63860.553368] [   1012]     0  1012    71916       67   192512      243             0 accounts-daemon
[63860.553369] [   1037]   102  1037    66819       75   167936      313             0 rsyslogd
[63860.553371] [   1041]     0  1041    72223        0   208896      230             0 polkitd
[63860.553373] [   1049]     0  1049     8709        1   106496     1775             0 ntpstart
[63860.553375] [   1053]     0  1053    18078        0   184320      193         -1000 sshd
[63860.553377] [   1107]   100  1107    20015      474   184320      145             0 systemd-network
[63860.553379] [   1187]     0  1187     3992        0    81920       35             0 agetty
[63860.553381] [   1212]     0  1212     2747        0    61440       63             0 slothd
[63860.553382] [   1214]     0  1214    11399        0   122880     2396             0 watchdog
[63860.553384] [   1215]     0  1215     4048        0    77824       37             0 agetty
[63860.553386] [   1237]     0  1237     5686        0    77824      113             0 pubsubd
[63860.553388] [   1340]     0  1340     1136        0    53248       27             0 emulab-syncd
[63860.553389] [   1346]     0  1346    11274        0   118784     2245             0 rc.progagent
[63860.553391] [   1347]  2002  1347     8882        0   114688      127             0 program-agent
[63860.553393] [   1399]     0  1399     6200        0    86016      107             0 linktest
[63860.553394] [   1414]   107  1414    26945      112   126976      148             0 ntpd
[63860.553396] [   4689] 20002  4689    19131        0   192512      259             0 systemd
[63860.553398] [   4690] 20002  4690    27870        0   245760      542             0 (sd-pam)
[63860.553400] [   4742] 20002  4742    13273      733   143360      205             0 mosh-server
[63860.553402] [   4743] 20002  4743     5334        1    90112      149             0 tcsh
[63860.553403] [   4749] 20002  4749     5676        1    81920      427             0 bash
[63860.553405] [   4791] 20002  4791     3257      531    69632       34             0 rocksdb-exp-tes
[63860.553407] [   6177] 20002  6177    21477      845   106496        0             0 time
[63860.553409] [   6186] 20002  6186   540077    11074   466944        0             0 db_bench
[63860.553410] oom-kill:constraint=CONSTRAINT_NONE,nodemask=(null),cpuset=/,mems_allowed=0,global_oom,task_memcg=/,task=db_bench,pid=6186,uid=20002
[63860.553425] Out of memory: Killed process 6186 (db_bench) total-vm:2160308kB, anon-rss:35996kB, file-rss:8304kB, shmem-rss:0kB, UID:20002 pgtables:456kB oom_score_adj:0
[63860.570355] FinalTaskReport: db_bench:6186 - ra_orig_nr_pages:0, ra_final_nr_pages:0
                                        async_pages:899, final_async_pages:1388
                                        full_pfetches:0, less256_pfetches:0, partial_pfetches:0
                                        failed_pfetches:0, total_pfetches:0, os_pfetches:64
                                        nr_pages_read:469, nr_pages_hit:289, nr_do_read_fault:147
[63860.573105] oom_reaper: reaped process 6186 (db_bench), now anon-rss:0kB, file-rss:0kB, shmem-rss:0kB
[63860.576095] write_proc: Value of write = 0
[63860.576476] __do_sys_start_cross_trace: PRINT_GLOBAL_STATS 
[63860.576477] Final GlobalReport: nr_pages_read:1347394054, nr_pages_hit:1333651958, nr_do_read_fault:528146, nr_pages_miss:5767914
[63860.578893] FinalTaskReport: time:6177 - ra_orig_nr_pages:0, ra_final_nr_pages:0
                                        async_pages:320, final_async_pages:629
                                        full_pfetches:0, less256_pfetches:0, partial_pfetches:0
                                        failed_pfetches:0, total_pfetches:0, os_pfetches:30
                                        nr_pages_read:0, nr_pages_hit:0, nr_do_read_fault:86
