ENABLE_FILE_STATS in con
ENABLE_FILE_STATS in con
Command terminated by signal 9
	Command being timed: "./db_bench --db=/users/kannan11/ssd/sudarsun/prefetching/appbench/apps/rocksdb/DATA --value_size=4096 --wal_dir=/users/kannan11/ssd/sudarsun/prefetching/appbench/apps/rocksdb/DATA/WAL_LOG --sync=0 --key_size=1000 --write_buffer_size=67108864 --num=1000000 --benchmarks=readseq --use_existing_db=1 --mmap_read=0 --threads=16"
	User time (seconds): 0.00
	System time (seconds): 0.26
	Percent of CPU this job got: 427%
	Elapsed (wall clock) time (h:mm:ss or m:ss): 0:00.06
	Average shared text size (kbytes): 0
	Average unshared data size (kbytes): 0
	Average stack size (kbytes): 0
	Average total size (kbytes): 0
	Maximum resident set size (kbytes): 60664
	Average resident set size (kbytes): 0
	Major (requiring I/O) page faults: 72
	Minor (reclaiming a frame) page faults: 13700
	Voluntary context switches: 489
	Involuntary context switches: 57
	Swaps: 0
	File system inputs: 13968
	File system outputs: 40
	Socket messages sent: 0
	Socket messages received: 0
	Signals delivered: 0
	Page size (bytes): 4096
	Exit status: 0
DESTRUCTOR GETTING CALLED 
PRINT_GLOBAL_STATS in dest
[63896.004968] sh (6517): drop_caches: 3
[63896.032816] sh (6522): drop_caches: 3
[63901.067208] Enabled file stats for time:6529
[63901.067416] write_proc: Value of write = 0
[63901.073032] Enabled file stats for db_bench:6538
[63901.073232] write_proc: Value of write = 0
[63901.089407] db_bench invoked oom-killer: gfp_mask=0x1100dca(GFP_HIGHUSER_MOVABLE|__GFP_ZERO), order=0, oom_score_adj=0
[63901.089414] CPU: 29 PID: 6558 Comm: db_bench Not tainted 5.14.0 #30
[63901.089417] Hardware name: Dell Inc. PowerEdge C6525/04DK47, BIOS 2.0.3 01/15/2021
[63901.089419] Call Trace:
[63901.089422]  dump_stack_lvl+0x4a/0x5f
[63901.089429]  dump_stack+0x10/0x12
[63901.089431]  dump_header+0x4f/0x210
[63901.089436]  oom_kill_process+0xec/0x140
[63901.089438]  out_of_memory+0x117/0x590
[63901.089440]  __alloc_pages_slowpath.constprop.122+0xa55/0xd70
[63901.089445]  __alloc_pages+0x2db/0x320
[63901.089447]  alloc_pages_vma+0x88/0x220
[63901.089450]  __handle_mm_fault+0xa3f/0x1270
[63901.089454]  handle_mm_fault+0xd9/0x2b0
[63901.089455]  do_user_addr_fault+0x1e0/0x6e0
[63901.089459]  exc_page_fault+0x76/0x150
[63901.089461]  ? asm_exc_page_fault+0x8/0x30
[63901.089465]  asm_exc_page_fault+0x1e/0x30
[63901.089468] RIP: 0033:0x7f8eaf690ea7
[63901.089470] Code: 47 20 c5 fe 7f 44 17 c0 c5 fe 7f 47 40 c5 fe 7f 44 17 a0 c5 fe 7f 47 60 c5 fe 7f 44 17 80 48 01 fa 48 83 e2 80 48 39 d1 74 ba <c5> fd 7f 01 c5 fd 7f 41 20 c5 fd 7f 41 40 c5 fd 7f 41 60 48 81 c1
[63901.089473] RSP: 002b:00007f8e84ff9368 EFLAGS: 00010206
[63901.089475] RAX: 00007f8e3bffe010 RBX: 00007f8e58000ca0 RCX: 00007f8e3c3a9000
[63901.089476] RDX: 00007f8e3dffe000 RSI: 0000000000000000 RDI: 00007f8e3bffe010
[63901.089477] RBP: 00007f8e84ff9380 R08: 00000000ffffffff R09: 0000000000000000
[63901.089478] R10: 0000000000000022 R11: 0000000000000246 R12: 0000000000080000
[63901.089480] R13: 00007f8e84ff9730 R14: 00007f8e84ff9810 R15: fffffffffffffca0
[63901.089482] Mem-Info:
[63901.089487] active_anon:185 inactive_anon:13021 isolated_anon:0
                active_file:1485 inactive_file:4274 isolated_file:0
                unevictable:768 dirty:0 writeback:0
                slab_reclaimable:14463 slab_unreclaimable:87244
                mapped:3697 shmem:767 pagetables:1145 bounce:0
                free:149823 free_pcp:241 free_cma:0
[63901.089492] Node 0 active_anon:740kB inactive_anon:52084kB active_file:5940kB inactive_file:17096kB unevictable:3072kB isolated(anon):0kB isolated(file):0kB mapped:14788kB dirty:0kB writeback:0kB shmem:3068kB shmem_thp: 0kB shmem_pmdmapped: 0kB anon_thp: 0kB writeback_tmp:0kB kernel_stack:9360kB pagetables:4580kB all_unreclaimable? no
[63901.089497] Node 0 DMA free:11264kB min:4kB low:16kB high:28kB reserved_highatomic:0KB active_anon:0kB inactive_anon:0kB active_file:0kB inactive_file:0kB unevictable:0kB writepending:0kB present:15992kB managed:15360kB mlocked:0kB bounce:0kB free_pcp:0kB local_pcp:0kB free_cma:0kB
[63901.089502] lowmem_reserve[]: 0 776 127598 127598 127598
[63901.089505] Node 0 DMA32 free:507680kB min:408kB low:1200kB high:1992kB reserved_highatomic:0KB active_anon:0kB inactive_anon:0kB active_file:0kB inactive_file:0kB unevictable:0kB writepending:0kB present:1682240kB managed:1616700kB mlocked:0kB bounce:0kB free_pcp:0kB local_pcp:0kB free_cma:0kB
[63901.089509] lowmem_reserve[]: 0 0 126822 126822 126822
[63901.089512] Node 0 Normal free:81536kB min:415324kB low:545188kB high:675052kB reserved_highatomic:2048KB active_anon:740kB inactive_anon:52084kB active_file:5940kB inactive_file:17096kB unevictable:3072kB writepending:0kB present:132106240kB managed:129874164kB mlocked:0kB bounce:0kB free_pcp:980kB local_pcp:540kB free_cma:0kB
[63901.089516] lowmem_reserve[]: 0 0 0 0 0
[63901.089519] Node 0 DMA: 0*4kB 0*8kB 0*16kB 0*32kB 0*64kB 0*128kB 0*256kB 0*512kB 1*1024kB (U) 1*2048kB (M) 2*4096kB (M) = 11264kB
[63901.089527] Node 0 DMA32: 5*4kB (ME) 5*8kB (UME) 5*16kB (UME) 5*32kB (UME) 4*64kB (UME) 4*128kB (UME) 5*256kB (UME) 5*512kB (UME) 3*1024kB (ME) 4*2048kB (ME) 120*4096kB (ME) = 507692kB
[63901.089537] Node 0 Normal: 10501*4kB (UME) 3530*8kB (UME) 1035*16kB (UME) 10*32kB (UE) 1*64kB (M) 0*128kB 0*256kB 0*512kB 0*1024kB 0*2048kB 0*4096kB = 87188kB
[63901.089594] Node 0 hugepages_total=0 hugepages_free=0 hugepages_surp=0 hugepages_size=1048576kB
[63901.089596] Node 0 hugepages_total=0 hugepages_free=0 hugepages_surp=0 hugepages_size=2048kB
[63901.089597] 7388 total pagecache pages
[63901.089597] 433 pages in swap cache
[63901.089598] Swap cache stats: add 1860946, delete 1861324, find 161442/289166
[63901.089600] Free swap  = 3075704kB
[63901.089600] Total swap = 3145724kB
[63901.089601] 33451118 pages RAM
[63901.089602] 0 pages HighMem/MovableOnly
[63901.089602] 574562 pages reserved
[63901.089603] 0 pages cma reserved
[63901.089603] 0 pages hwpoisoned
[63901.089604] Unreclaimable slab info:
[63901.089604] Name                      Used          Total
[63901.089606] mlx5_fs_ftes             253KB        253KB
[63901.089608] mlx5_fs_fgs               63KB         63KB
[63901.089610] scsi_sense_cache          32KB         32KB
[63901.089612] RAWv6                    123KB        123KB
[63901.089614] UDPv6                   1417KB       1417KB
[63901.089615] TCPv6                     92KB         92KB
[63901.089617] mqueue_inode_cache         31KB         31KB
[63901.089620] ext4_system_zone          39KB         39KB
[63901.089623] PING                    1600KB       1600KB
[63901.089624] RAW                       96KB         96KB
[63901.089625] tw_sock_TCP              295KB        295KB
[63901.089626] request_sock_TCP         739KB        739KB
[63901.089627] TCP                     1439KB       1439KB
[63901.089628] hugetlbfs_inode_cache         63KB         63KB
[63901.089630] ep_head                  192KB        192KB
[63901.089631] request_queue             62KB         62KB
[63901.089632] biovec-max              4580KB       4708KB
[63901.089633] biovec-128              1600KB       1600KB
[63901.089634] biovec-64               1536KB       1536KB
[63901.089635] dmaengine-unmap-256         30KB         30KB
[63901.089637] dmaengine-unmap-128         31KB         31KB
[63901.089638] dmaengine-unmap-16       3984KB       3984KB
[63901.089638] skbuff_fclone_cache        768KB        768KB
[63901.089640] skbuff_head_cache       1214KB       1224KB
[63901.089641] file_lock_cache          359KB        359KB
[63901.089642] file_lock_ctx            103KB        103KB
[63901.089643] fsnotify_mark_connector        192KB        192KB
[63901.089645] task_delay_info          111KB        111KB
[63901.089646] taskstats                620KB        620KB
[63901.089647] proc_dir_entry           732KB        732KB
[63901.089648] pde_opener               191KB        191KB
[63901.089649] seq_file                 191KB        191KB
[63901.089650] shmem_inode_cache       2192KB       2192KB
[63901.089651] kernfs_node_cache       8920KB       8920KB
[63901.089653] mnt_cache                302KB        302KB
[63901.089653] filp                    3504KB       3504KB
[63901.089655] names_cache             1536KB       1536KB
[63901.089656] lsm_file_cache           266KB        266KB
[63901.089657] vm_area_struct          4492KB       4492KB
[63901.089658] mm_struct               1657KB       1657KB
[63901.089659] files_cache             1581KB       1581KB
[63901.089661] signal_cache            2173KB       2173KB
[63901.089662] sighand_cache           2877KB       2877KB
[63901.089663] task_struct             6088KB       6088KB
[63901.089663] cred_jar                 630KB        630KB
[63901.089664] anon_vma_chain          1904KB       1904KB
[63901.089665] anon_vma                1786KB       1786KB
[63901.089666] pid                      304KB        304KB
[63901.089667] irq_remap_cache          384KB        384KB
[63901.089669] Acpi-Operand             811KB        811KB
[63901.089670] Acpi-ParseExt             47KB         47KB
[63901.089671] Acpi-State               191KB        191KB
[63901.089672] numa_policy               15KB         15KB
[63901.089672] perf_event              1508KB       1508KB
[63901.089673] trace_event_file         316KB        316KB
[63901.089674] ftrace_event_field        386KB        386KB
[63901.089675] pool_workqueue           392KB        392KB
[63901.089676] task_group               756KB        756KB
[63901.089701] vmap_area              18920KB      19072KB
[63901.089703] kmalloc-cg-8k            128KB        128KB
[63901.089704] kmalloc-cg-4k           1536KB       1536KB
[63901.089705] kmalloc-cg-2k           1312KB       1312KB
[63901.089706] kmalloc-cg-1k           1600KB       1600KB
[63901.089707] kmalloc-cg-512           832KB        832KB
[63901.089707] kmalloc-cg-256           144KB        144KB
[63901.089708] kmalloc-cg-192           378KB        378KB
[63901.089709] kmalloc-cg-96            153KB        153KB
[63901.089710] kmalloc-cg-64            192KB        192KB
[63901.089710] kmalloc-cg-32            192KB        192KB
[63901.089711] kmalloc-cg-16            192KB        192KB
[63901.089712] kmalloc-cg-8             192KB        192KB
[63901.089712] kmalloc-8k             65440KB      65440KB
[63901.089714] kmalloc-4k              7332KB       7428KB
[63901.089716] kmalloc-2k             86826KB      87008KB
[63901.089716] kmalloc-1k              5888KB       5888KB
[63901.089717] kmalloc-512            18128KB      18128KB
[63901.089718] kmalloc-256             1280KB       1280KB
[63901.089718] kmalloc-192              724KB        724KB
[63901.089719] kmalloc-128              904KB        904KB
[63901.089720] kmalloc-96             16380KB      16380KB
[63901.089721] kmalloc-64              2424KB       2424KB
[63901.089721] kmalloc-32              1488KB       1488KB
[63901.089722] kmalloc-16               336KB        336KB
[63901.089723] kmalloc-8                276KB        276KB
[63901.089723] kmem_cache_node           24KB         24KB
[63901.089724] kmem_cache                72KB         72KB
[63901.089725] Tasks state (memory values in pages):
[63901.089725] [  pid  ]   uid  tgid total_vm      rss pgtables_bytes swapents oom_score_adj name
[63901.089733] [    744]     0   744    27577     1253   233472      349             0 systemd-journal
[63901.089736] [    750]     0   750    26479        0    98304       57             0 lvmetad
[63901.089739] [    754]     0   754    10826        0   114688      459         -1000 systemd-udevd
[63901.089741] [    996]     0   996    11903        0   131072      139             0 rpcbind
[63901.089743] [    998]   101   998    17625        0   176128      136             0 systemd-resolve
[63901.089746] [   1002]   103  1002    12517        1   147456      170          -900 dbus-daemon
[63901.089748] [   1004]     0  1004    42595        1   233472     1941             0 networkd-dispat
[63901.089750] [   1005]     0  1005    27759        0   122880      213             0 irqbalance
[63901.089752] [   1006]     0  1006     7833        0   102400       90             0 cron
[63901.089754] [   1010]     0  1010    17619        0   176128      174             0 systemd-logind
[63901.089756] [   1012]     0  1012    71916       65   192512      236             0 accounts-daemon
[63901.089758] [   1037]   102  1037    66819      132   167936      379             0 rsyslogd
[63901.089760] [   1041]     0  1041    72223        0   208896      230             0 polkitd
[63901.089761] [   1049]     0  1049     8709        1   106496     1775             0 ntpstart
[63901.089763] [   1053]     0  1053    18078        0   184320      202         -1000 sshd
[63901.089766] [   1107]   100  1107    20015        0   184320      185             0 systemd-network
[63901.089768] [   1187]     0  1187     3992        0    81920       35             0 agetty
[63901.089769] [   1212]     0  1212     2747        0    61440       63             0 slothd
[63901.089771] [   1214]     0  1214    11399        0   122880     2396             0 watchdog
[63901.089773] [   1215]     0  1215     4048        0    77824       37             0 agetty
[63901.089775] [   1237]     0  1237     5686        0    77824      113             0 pubsubd
[63901.089777] [   1340]     0  1340     1136        0    53248       27             0 emulab-syncd
[63901.089778] [   1346]     0  1346    11274        0   118784     2245             0 rc.progagent
[63901.089780] [   1347]  2002  1347     8882        0   114688      134             0 program-agent
[63901.089782] [   1399]     0  1399     6200        0    86016      114             0 linktest
[63901.089784] [   1414]   107  1414    26945       17   126976      155             0 ntpd
[63901.089786] [   4689] 20002  4689    19131        0   192512      259             0 systemd
[63901.089787] [   4690] 20002  4690    27870        0   245760      542             0 (sd-pam)
[63901.089789] [   4742] 20002  4742    13273      726   143360      204             0 mosh-server
[63901.089791] [   4743] 20002  4743     5334        1    90112      149             0 tcsh
[63901.089793] [   4749] 20002  4749     5676        1    81920      427             0 bash
[63901.089794] [   4791] 20002  4791     3257      520    69632       34             0 rocksdb-exp-tes
[63901.089796] [   6529] 20002  6529    21487      843   110592        0             0 time
[63901.089798] [   6538] 20002  6538   463116    15163   507904        0             0 db_bench
[63901.089799] oom-kill:constraint=CONSTRAINT_NONE,nodemask=(null),cpuset=/,mems_allowed=0,global_oom,task_memcg=/,task=db_bench,pid=6538,uid=20002
[63901.089826] Out of memory: Killed process 6538 (db_bench) total-vm:1852464kB, anon-rss:52296kB, file-rss:8356kB, shmem-rss:0kB, UID:20002 pgtables:496kB oom_score_adj:0
[63901.106600] db_bench: page allocation failure: order:0, mode:0x1100dca(GFP_HIGHUSER_MOVABLE|__GFP_ZERO), nodemask=(null),cpuset=/,mems_allowed=0
[63901.106611] CPU: 3 PID: 6556 Comm: db_bench Not tainted 5.14.0 #30
[63901.106614] Hardware name: Dell Inc. PowerEdge C6525/04DK47, BIOS 2.0.3 01/15/2021
[63901.106615] Call Trace:
[63901.106617]  dump_stack_lvl+0x4a/0x5f
[63901.106620]  dump_stack+0x10/0x12
[63901.106622]  warn_alloc+0xfe/0x160
[63901.106625]  ? out_of_memory+0x3c0/0x590
[63901.106627]  __alloc_pages_slowpath.constprop.122+0xd31/0xd70
[63901.106631]  __alloc_pages+0x2db/0x320
[63901.106633]  alloc_pages_vma+0x88/0x220
[63901.106635]  __handle_mm_fault+0xa3f/0x1270
[63901.106638]  handle_mm_fault+0xd9/0x2b0
[63901.106640]  do_user_addr_fault+0x1e0/0x6e0
[63901.106642]  exc_page_fault+0x76/0x150
[63901.106644]  ? asm_exc_page_fault+0x8/0x30
[63901.106647]  asm_exc_page_fault+0x1e/0x30
[63901.106649] RIP: 0033:0x7f8eaf690ea7
[63901.106651] Code: 47 20 c5 fe 7f 44 17 c0 c5 fe 7f 47 40 c5 fe 7f 44 17 a0 c5 fe 7f 47 60 c5 fe 7f 44 17 80 48 01 fa 48 83 e2 80 48 39 d1 74 ba <c5> fd 7f 01 c5 fd 7f 41 20 c5 fd 7f 41 40 c5 fd 7f 41 60 48 81 c1
[63901.106652] RSP: 002b:00007f8e90ffb368 EFLAGS: 00010206
[63901.106654] RAX: 00007f8e6dfff010 RBX: 00007f8e68000ca0 RCX: 00007f8e6e385000
[63901.106655] RDX: 00007f8e6ffff000 RSI: 0000000000000000 RDI: 00007f8e6dfff010
[63901.106656] RBP: 00007f8e90ffb380 R08: 00000000ffffffff R09: 0000000000000000
[63901.106657] R10: 0000000000000022 R11: 0000000000000246 R12: 0000000000080000
[63901.106659] R13: 00007f8e90ffb730 R14: 00007f8e90ffb810 R15: fffffffffffffca0
[63901.106663] Mem-Info:
[63901.106668] active_anon:185 inactive_anon:12671 isolated_anon:32
                active_file:1708 inactive_file:3827 isolated_file:0
                unevictable:768 dirty:0 writeback:126
                slab_reclaimable:14463 slab_unreclaimable:87244
                mapped:2689 shmem:767 pagetables:1148 bounce:0
                free:151057 free_pcp:451 free_cma:0
[63901.106674] Node 0 active_anon:740kB inactive_anon:50684kB active_file:6832kB inactive_file:15308kB unevictable:3072kB isolated(anon):128kB isolated(file):0kB mapped:10756kB dirty:0kB writeback:504kB shmem:3068kB shmem_thp: 0kB shmem_pmdmapped: 0kB anon_thp: 0kB writeback_tmp:0kB kernel_stack:9328kB pagetables:4592kB all_unreclaimable? no
[63901.106681] Node 0 DMA free:11264kB min:4kB low:16kB high:28kB reserved_highatomic:0KB active_anon:0kB inactive_anon:0kB active_file:0kB inactive_file:0kB unevictable:0kB writepending:0kB present:15992kB managed:15360kB mlocked:0kB bounce:0kB free_pcp:0kB local_pcp:0kB free_cma:0kB
[63901.106687] lowmem_reserve[]: 0 776 127598 127598 127598
[63901.106699] Node 0 DMA32 free:507364kB min:408kB low:1200kB high:1992kB reserved_highatomic:0KB active_anon:0kB inactive_anon:0kB active_file:0kB inactive_file:0kB unevictable:0kB writepending:0kB present:1682240kB managed:1616700kB mlocked:0kB bounce:0kB free_pcp:252kB local_pcp:0kB free_cma:0kB
[63901.106708] lowmem_reserve[]: 0 0 126822 126822 126822
[63901.106715] Node 0 Normal free:85600kB min:415324kB low:545188kB high:675052kB reserved_highatomic:2048KB active_anon:740kB inactive_anon:50684kB active_file:6832kB inactive_file:15308kB unevictable:3072kB writepending:0kB present:132106240kB managed:129874164kB mlocked:0kB bounce:0kB free_pcp:1712kB local_pcp:140kB free_cma:0kB
[63901.106722] lowmem_reserve[]: 0 0 0 0 0
[63901.106729] Node 0 DMA: 0*4kB 0*8kB 0*16kB 0*32kB 0*64kB 0*128kB 0*256kB 0*512kB 1*1024kB (U) 1*2048kB (M) 2*4096kB (M) = 11264kB
[63901.106753] Node 0 DMA32: 4*4kB (UME) 3*8kB (UME) 4*16kB (UME) 4*32kB (UME) 3*64kB (UE) 5*128kB (UME) 4*256kB (ME) 5*512kB (UME) 3*1024kB (ME) 4*2048kB (ME) 120*4096kB (ME) = 507432kB
[63901.106777] Node 0 Normal: 11191*4kB (UME) 3751*8kB (UME) 1052*16kB (UME) 10*32kB (UE) 1*64kB (M) 0*128kB 0*256kB 0*512kB 0*1024kB 0*2048kB 0*4096kB = 91988kB
[63901.106797] Node 0 hugepages_total=0 hugepages_free=0 hugepages_surp=0 hugepages_size=1048576kB
[63901.106800] Node 0 hugepages_total=0 hugepages_free=0 hugepages_surp=0 hugepages_size=2048kB
[63901.106803] 7632 total pagecache pages
[63901.106804] 649 pages in swap cache
[63901.106806] Swap cache stats: add 1861994, delete 1862111, find 161445/289169
[63901.106809] Free swap  = 3072632kB
[63901.106810] Total swap = 3145724kB
[63901.106811] 33451118 pages RAM
[63901.106813] 0 pages HighMem/MovableOnly
[63901.106815] 574562 pages reserved
[63901.106816] 0 pages cma reserved
[63901.106817] 0 pages hwpoisoned
[63901.111716] oom_reaper: reaped process 6538 (db_bench), now anon-rss:0kB, file-rss:0kB, shmem-rss:0kB
[63901.114183] FinalTaskReport: db_bench:6538 - ra_orig_nr_pages:0, ra_final_nr_pages:0
                                        async_pages:1016, final_async_pages:1283
                                        full_pfetches:0, less256_pfetches:0, partial_pfetches:0
                                        failed_pfetches:0, total_pfetches:0, os_pfetches:64
                                        nr_pages_read:144, nr_pages_hit:108, nr_do_read_fault:161
[63901.114189] db_bench invoked oom-killer: gfp_mask=0x0(), order=0, oom_score_adj=0
[63901.114195] CPU: 8 PID: 6559 Comm: db_bench Not tainted 5.14.0 #30
[63901.114198] Hardware name: Dell Inc. PowerEdge C6525/04DK47, BIOS 2.0.3 01/15/2021
[63901.114199] Call Trace:
[63901.114203]  dump_stack_lvl+0x4a/0x5f
[63901.114209]  dump_stack+0x10/0x12
[63901.114211]  dump_header+0x4f/0x210
[63901.114215]  oom_kill_process+0xec/0x140
[63901.114217]  out_of_memory+0x117/0x590
[63901.114220]  pagefault_out_of_memory+0x68/0x80
[63901.114222]  do_user_addr_fault+0x502/0x6e0
[63901.114226]  exc_page_fault+0x76/0x150
[63901.114228]  ? asm_exc_page_fault+0x8/0x30
[63901.114232]  asm_exc_page_fault+0x1e/0x30
[63901.114234] RIP: 0033:0x7f8eaf690ea7
[63901.114238] Code: Unable to access opcode bytes at RIP 0x7f8eaf690e7d.
[63901.114239] RSP: 002b:00007f8e7dffd368 EFLAGS: 00010206
[63901.114241] RAX: 00007f8e5dfff010 RBX: 00007f8e50000ca0 RCX: 00007f8e5e384000
[63901.114243] RDX: 00007f8e5ffff000 RSI: 0000000000000000 RDI: 00007f8e5dfff010
[63901.114244] RBP: 00007f8e7dffd380 R08: 00000000ffffffff R09: 0000000000000000
[63901.114245] R10: 0000000000000022 R11: 0000000000000246 R12: 0000000000080000
[63901.114246] R13: 00007f8e7dffd730 R14: 00007f8e7dffd810 R15: fffffffffffffca0
[63901.114249] Mem-Info:
[63901.114253] active_anon:186 inactive_anon:490 isolated_anon:32
                active_file:1169 inactive_file:2273 isolated_file:0
                unevictable:768 dirty:0 writeback:0
                slab_reclaimable:14463 slab_unreclaimable:87244
                mapped:2563 shmem:767 pagetables:1148 bounce:0
                free:165616 free_pcp:850 free_cma:0
[63901.114259] Node 0 active_anon:744kB inactive_anon:1960kB active_file:4676kB inactive_file:9092kB unevictable:3072kB isolated(anon):128kB isolated(file):0kB mapped:10252kB dirty:0kB writeback:0kB shmem:3068kB shmem_thp: 0kB shmem_pmdmapped: 0kB anon_thp: 0kB writeback_tmp:0kB kernel_stack:9328kB pagetables:4592kB all_unreclaimable? no
[63901.114264] Node 0 DMA free:11264kB min:4kB low:16kB high:28kB reserved_highatomic:0KB active_anon:0kB inactive_anon:0kB active_file:0kB inactive_file:0kB unevictable:0kB writepending:0kB present:15992kB managed:15360kB mlocked:0kB bounce:0kB free_pcp:0kB local_pcp:0kB free_cma:0kB
[63901.114269] lowmem_reserve[]: 0 776 127598 127598 127598
[63901.114273] Node 0 DMA32 free:507364kB min:408kB low:1200kB high:1992kB reserved_highatomic:0KB active_anon:0kB inactive_anon:0kB active_file:0kB inactive_file:0kB unevictable:0kB writepending:0kB present:1682240kB managed:1616700kB mlocked:0kB bounce:0kB free_pcp:252kB local_pcp:0kB free_cma:0kB
[63901.114277] lowmem_reserve[]: 0 0 126822 126822 126822
[63901.114280] Node 0 Normal free:143836kB min:67164kB low:197028kB high:326892kB reserved_highatomic:2048KB active_anon:744kB inactive_anon:1960kB active_file:4676kB inactive_file:9092kB unevictable:3072kB writepending:0kB present:132106240kB managed:129874164kB mlocked:0kB bounce:0kB free_pcp:3220kB local_pcp:152kB free_cma:0kB
[63901.114284] lowmem_reserve[]: 0 0 0 0 0
[63901.114287] Node 0 DMA: 0*4kB 0*8kB 0*16kB 0*32kB 0*64kB 0*128kB 0*256kB 0*512kB 1*1024kB (U) 1*2048kB (M) 2*4096kB (M) = 11264kB
[63901.114295] Node 0 DMA32: 4*4kB (UME) 3*8kB (UME) 4*16kB (UME) 4*32kB (UME) 3*64kB (UE) 5*128kB (UME) 4*256kB (ME) 5*512kB (UME) 3*1024kB (ME) 4*2048kB (ME) 120*4096kB (ME) = 507432kB
[63901.114305] Node 0 Normal: 12414*4kB (UME) 7464*8kB (UME) 2389*16kB (UME) 10*32kB (UE) 1*64kB (M) 0*128kB 0*256kB 0*512kB 0*1024kB 0*2048kB 0*4096kB = 147976kB
[63901.114314] Node 0 hugepages_total=0 hugepages_free=0 hugepages_surp=0 hugepages_size=1048576kB
[63901.114316] Node 0 hugepages_total=0 hugepages_free=0 hugepages_surp=0 hugepages_size=2048kB
[63901.114318] 5318 total pagecache pages
[63901.114318] 399 pages in swap cache
[63901.114319] Swap cache stats: add 1864109, delete 1864324, find 161499/289270
[63901.114320] Free swap  = 3074936kB
[63901.114321] Total swap = 3145724kB
[63901.114322] 33451118 pages RAM
[63901.114322] 0 pages HighMem/MovableOnly
[63901.114323] 574562 pages reserved
[63901.114324] 0 pages cma reserved
[63901.114324] 0 pages hwpoisoned
[63901.114325] Unreclaimable slab info:
[63901.114325] Name                      Used          Total
[63901.114327] mlx5_fs_ftes             253KB        253KB
[63901.114329] mlx5_fs_fgs               63KB         63KB
[63901.114330] scsi_sense_cache          32KB         32KB
[63901.114332] RAWv6                    123KB        123KB
[63901.114333] UDPv6                   1417KB       1417KB
[63901.114335] TCPv6                     92KB         92KB
[63901.114336] mqueue_inode_cache         31KB         31KB
[63901.114339] ext4_system_zone          39KB         39KB
[63901.114341] PING                    1600KB       1600KB
[63901.114342] RAW                       96KB         96KB
[63901.114343] tw_sock_TCP              295KB        295KB
[63901.114344] request_sock_TCP         739KB        739KB
[63901.114345] TCP                     1439KB       1439KB
[63901.114347] hugetlbfs_inode_cache         63KB         63KB
[63901.114348] ep_head                  192KB        192KB
[63901.114349] request_queue             62KB         62KB
[63901.114351] biovec-max              4580KB       4708KB
[63901.114352] biovec-128              1600KB       1600KB
[63901.114353] biovec-64               1536KB       1536KB
[63901.114354] dmaengine-unmap-256         30KB         30KB
[63901.114355] dmaengine-unmap-128         31KB         31KB
[63901.114356] dmaengine-unmap-16       3984KB       3984KB
[63901.114357] skbuff_fclone_cache        768KB        768KB
[63901.114359] skbuff_head_cache       1214KB       1224KB
[63901.114359] file_lock_cache          359KB        359KB
[63901.114360] file_lock_ctx            103KB        103KB
[63901.114361] fsnotify_mark_connector        192KB        192KB
[63901.114363] task_delay_info          111KB        111KB
[63901.114364] taskstats                628KB        628KB
[63901.114365] proc_dir_entry           732KB        732KB
[63901.114366] pde_opener               191KB        191KB
[63901.114367] seq_file                 191KB        191KB
[63901.114368] shmem_inode_cache       2192KB       2192KB
[63901.114369] kernfs_node_cache       8920KB       8920KB
[63901.114370] mnt_cache                302KB        302KB
[63901.114371] filp                    3504KB       3504KB
[63901.114372] names_cache             1536KB       1536KB
[63901.114373] lsm_file_cache           266KB        266KB
[63901.114374] vm_area_struct          4492KB       4492KB
[63901.114375] mm_struct               1657KB       1657KB
[63901.114376] files_cache             1581KB       1581KB
[63901.114377] signal_cache            2173KB       2173KB
[63901.114378] sighand_cache           2877KB       2877KB
[63901.114379] task_struct             6088KB       6088KB
[63901.114380] cred_jar                 630KB        630KB
[63901.114381] anon_vma_chain          1904KB       1904KB
[63901.114382] anon_vma                1786KB       1786KB
[63901.114382] pid                      304KB        304KB
[63901.114383] irq_remap_cache          384KB        384KB
[63901.114385] Acpi-Operand             811KB        811KB
[63901.114385] Acpi-ParseExt             47KB         47KB
[63901.114386] Acpi-State               191KB        191KB
[63901.114387] numa_policy               15KB         15KB
[63901.114388] perf_event              1508KB       1508KB
[63901.114389] trace_event_file         316KB        316KB
[63901.114390] ftrace_event_field        386KB        386KB
[63901.114391] pool_workqueue           392KB        392KB
[63901.114392] task_group               756KB        756KB
[63901.114415] vmap_area              18920KB      19072KB
[63901.114417] kmalloc-cg-8k            128KB        128KB
[63901.114418] kmalloc-cg-4k           1536KB       1536KB
[63901.114419] kmalloc-cg-2k           1312KB       1312KB
[63901.114419] kmalloc-cg-1k           1600KB       1600KB
[63901.114420] kmalloc-cg-512           832KB        832KB
[63901.114421] kmalloc-cg-256           144KB        144KB
[63901.114422] kmalloc-cg-192           378KB        378KB
[63901.114423] kmalloc-cg-96            153KB        153KB
[63901.114423] kmalloc-cg-64            192KB        192KB
[63901.114424] kmalloc-cg-32            192KB        192KB
[63901.114425] kmalloc-cg-16            192KB        192KB
[63901.114426] kmalloc-cg-8             192KB        192KB
[63901.114426] kmalloc-8k             65440KB      65440KB
[63901.114427] kmalloc-4k              7332KB       7428KB
[63901.114429] kmalloc-2k             86826KB      87008KB
[63901.114430] kmalloc-1k              5888KB       5888KB
[63901.114431] kmalloc-512            18128KB      18128KB
[63901.114431] kmalloc-256             1280KB       1280KB
[63901.114432] kmalloc-192              724KB        724KB
[63901.114433] kmalloc-128              904KB        904KB
[63901.114434] kmalloc-96             16380KB      16380KB
[63901.114434] kmalloc-64              2424KB       2424KB
[63901.114435] kmalloc-32              1488KB       1488KB
[63901.114436] kmalloc-16               336KB        336KB
[63901.114437] kmalloc-8                276KB        276KB
[63901.114437] kmem_cache_node           24KB         24KB
[63901.114438] kmem_cache                72KB         72KB
[63901.114439] Tasks state (memory values in pages):
[63901.114439] [  pid  ]   uid  tgid total_vm      rss pgtables_bytes swapents oom_score_adj name
[63901.114447] [    744]     0   744    27577     1050   233472      348             0 systemd-journal
[63901.114450] [    750]     0   750    26479        0    98304       57             0 lvmetad
[63901.114452] [    754]     0   754    10826        0   114688      459         -1000 systemd-udevd
[63901.114455] [    996]     0   996    11903        0   131072      139             0 rpcbind
[63901.114457] [    998]   101   998    17625        0   176128      136             0 systemd-resolve
[63901.114459] [   1002]   103  1002    12517        1   147456      170          -900 dbus-daemon
[63901.114461] [   1004]     0  1004    42595        1   233472     1941             0 networkd-dispat
[63901.114463] [   1005]     0  1005    27759        0   122880      213             0 irqbalance
[63901.114465] [   1006]     0  1006     7833        0   102400       90             0 cron
[63901.114466] [   1010]     0  1010    17619        0   176128      174             0 systemd-logind
[63901.114468] [   1012]     0  1012    71916       48   192512      256             0 accounts-daemon
[63901.114470] [   1037]   102  1037    66819      248   167936      359             0 rsyslogd
[63901.114472] [   1041]     0  1041    72223        0   208896      230             0 polkitd
[63901.114473] [   1049]     0  1049     8709        1   106496     1775             0 ntpstart
[63901.114475] [   1053]     0  1053    18078        0   184320      202         -1000 sshd
[63901.114477] [   1107]   100  1107    20015        0   184320      185             0 systemd-network
[63901.114478] [   1187]     0  1187     3992        0    81920       35             0 agetty
[63901.114480] [   1212]     0  1212     2747        0    61440       63             0 slothd
[63901.114483] [   1214]     0  1214    11399        0   122880     2396             0 watchdog
[63901.114486] [   1215]     0  1215     4048        0    77824       37             0 agetty
[63901.114488] [   1237]     0  1237     5686        0    77824      113             0 pubsubd
[63901.114490] [   1340]     0  1340     1136        0    53248       27             0 emulab-syncd
[63901.114492] [   1346]     0  1346    11274        0   118784     2245             0 rc.progagent
[63901.114494] [   1347]  2002  1347     8882        0   114688      134             0 program-agent
[63901.114496] [   1399]     0  1399     6200        0    86016      114             0 linktest
[63901.114497] [   1414]   107  1414    26945       17   126976      171             0 ntpd
[63901.114500] [   4689] 20002  4689    19131        0   192512      259             0 systemd
[63901.114502] [   4690] 20002  4690    27870        0   245760      542             0 (sd-pam)
[63901.114504] [   4742] 20002  4742    13273      570   143360      360             0 mosh-server
[63901.114506] [   4743] 20002  4743     5334        1    90112      149             0 tcsh
[63901.114509] [   4749] 20002  4749     5676        1    81920      427             0 bash
[63901.114510] [   4791] 20002  4791     3257      478    69632       76             0 rocksdb-exp-tes
[63901.114512] [   6529] 20002  6529    21487      792   110592       51             0 time
[63901.114515] [   6559] 20002  6538   463116        0   507904        0             0 db_bench
[63901.114517] oom-kill:constraint=CONSTRAINT_NONE,nodemask=(null),cpuset=/,mems_allowed=0,global_oom,task_memcg=/,task=watchdog,pid=1214,uid=0
[63901.114527] Out of memory: Killed process 1214 (watchdog) total-vm:45596kB, anon-rss:0kB, file-rss:0kB, shmem-rss:0kB, UID:0 pgtables:120kB oom_score_adj:0
[63901.128959] oom_reaper: reaped process 1214 (watchdog), now anon-rss:0kB, file-rss:0kB, shmem-rss:0kB
[63901.134235] write_proc: Value of write = 0
[63901.134607] __do_sys_start_cross_trace: PRINT_GLOBAL_STATS 
[63901.134609] Final GlobalReport: nr_pages_read:1347441428, nr_pages_hit:1333677287, nr_do_read_fault:584837, nr_pages_miss:5768532
[63901.138740] FinalTaskReport: time:6529 - ra_orig_nr_pages:0, ra_final_nr_pages:0
                                        async_pages:384, final_async_pages:746
                                        full_pfetches:0, less256_pfetches:0, partial_pfetches:0
                                        failed_pfetches:0, total_pfetches:0, os_pfetches:34
                                        nr_pages_read:0, nr_pages_hit:0, nr_do_read_fault:102
