ENABLE_FILE_STATS in con
ENABLE_FILE_STATS in con
Command terminated by signal 9
	Command being timed: "./db_bench --db=/users/kannan11/ssd/sudarsun/prefetching/appbench/apps/rocksdb/DATA --value_size=4096 --wal_dir=/users/kannan11/ssd/sudarsun/prefetching/appbench/apps/rocksdb/DATA/WAL_LOG --sync=0 --key_size=1000 --write_buffer_size=67108864 --num=1000000 --benchmarks=readseq --use_existing_db=1 --mmap_read=0 --threads=16"
	User time (seconds): 0.00
	System time (seconds): 0.24
	Percent of CPU this job got: 512%
	Elapsed (wall clock) time (h:mm:ss or m:ss): 0:00.04
	Average shared text size (kbytes): 0
	Average unshared data size (kbytes): 0
	Average stack size (kbytes): 0
	Average total size (kbytes): 0
	Maximum resident set size (kbytes): 73164
	Average resident set size (kbytes): 0
	Major (requiring I/O) page faults: 72
	Minor (reclaiming a frame) page faults: 16840
	Voluntary context switches: 389
	Involuntary context switches: 109
	Swaps: 0
	File system inputs: 13960
	File system outputs: 40
	Socket messages sent: 0
	Socket messages received: 0
	Signals delivered: 0
	Page size (bytes): 4096
	Exit status: 0
DESTRUCTOR GETTING CALLED 
PRINT_GLOBAL_STATS in dest
[63935.479343] sh (6873): drop_caches: 3
[63935.508613] sh (6878): drop_caches: 3
[63940.544069] Enabled file stats for time:6885
[63940.544287] write_proc: Value of write = 0
[63940.550068] Enabled file stats for db_bench:6894
[63940.550259] write_proc: Value of write = 0
[63940.569674] db_bench invoked oom-killer: gfp_mask=0x1100dca(GFP_HIGHUSER_MOVABLE|__GFP_ZERO), order=0, oom_score_adj=0
[63940.569680] CPU: 19 PID: 6911 Comm: db_bench Not tainted 5.14.0 #30
[63940.569683] Hardware name: Dell Inc. PowerEdge C6525/04DK47, BIOS 2.0.3 01/15/2021
[63940.569685] Call Trace:
[63940.569688]  dump_stack_lvl+0x4a/0x5f
[63940.569695]  dump_stack+0x10/0x12
[63940.569697]  dump_header+0x4f/0x210
[63940.569701]  oom_kill_process+0xec/0x140
[63940.569704]  out_of_memory+0x117/0x590
[63940.569706]  __alloc_pages_slowpath.constprop.122+0xa55/0xd70
[63940.569711]  __alloc_pages+0x2db/0x320
[63940.569713]  alloc_pages_vma+0x88/0x220
[63940.569716]  __handle_mm_fault+0xa3f/0x1270
[63940.569719]  ? set_next_entity+0xb7/0x1c0
[63940.569723]  handle_mm_fault+0xd9/0x2b0
[63940.569725]  do_user_addr_fault+0x1e0/0x6e0
[63940.569728]  exc_page_fault+0x76/0x150
[63940.569731]  ? asm_exc_page_fault+0x8/0x30
[63940.569734]  asm_exc_page_fault+0x1e/0x30
[63940.569737] RIP: 0033:0x7f7030382ea7
[63940.569740] Code: 47 20 c5 fe 7f 44 17 c0 c5 fe 7f 47 40 c5 fe 7f 44 17 a0 c5 fe 7f 47 60 c5 fe 7f 44 17 80 48 01 fa 48 83 e2 80 48 39 d1 74 ba <c5> fd 7f 01 c5 fd 7f 41 20 c5 fd 7f 41 40 c5 fd 7f 41 60 48 81 c1
[63940.569742] RSP: 002b:00007f7019ffd368 EFLAGS: 00010206
[63940.569744] RAX: 00007f6fefffe010 RBX: 00007f6ff4000ca0 RCX: 00007f6ff0417000
[63940.569745] RDX: 00007f6ff1ffe000 RSI: 0000000000000000 RDI: 00007f6fefffe010
[63940.569747] RBP: 00007f7019ffd380 R08: 00000000ffffffff R09: 0000000000000000
[63940.569748] R10: 0000000000000022 R11: 0000000000000246 R12: 0000000000080000
[63940.569748] R13: 00007f7019ffd730 R14: 00007f7019ffd810 R15: fffffffffffffca0
[63940.569751] Mem-Info:
[63940.569756] active_anon:258 inactive_anon:16022 isolated_anon:0
                active_file:2008 inactive_file:2192 isolated_file:0
                unevictable:768 dirty:35 writeback:0
                slab_reclaimable:14587 slab_unreclaimable:87331
                mapped:3685 shmem:769 pagetables:1164 bounce:0
                free:149238 free_pcp:160 free_cma:0
[63940.569760] Node 0 active_anon:1032kB inactive_anon:64088kB active_file:8032kB inactive_file:8768kB unevictable:3072kB isolated(anon):0kB isolated(file):0kB mapped:14740kB dirty:140kB writeback:0kB shmem:3076kB shmem_thp: 0kB shmem_pmdmapped: 0kB anon_thp: 0kB writeback_tmp:0kB kernel_stack:9328kB pagetables:4656kB all_unreclaimable? no
[63940.569765] Node 0 DMA free:11264kB min:4kB low:16kB high:28kB reserved_highatomic:0KB active_anon:0kB inactive_anon:0kB active_file:0kB inactive_file:0kB unevictable:0kB writepending:0kB present:15992kB managed:15360kB mlocked:0kB bounce:0kB free_pcp:0kB local_pcp:0kB free_cma:0kB
[63940.569769] lowmem_reserve[]: 0 776 127598 127598 127598
[63940.569773] Node 0 DMA32 free:507672kB min:408kB low:1200kB high:1992kB reserved_highatomic:0KB active_anon:0kB inactive_anon:0kB active_file:0kB inactive_file:0kB unevictable:0kB writepending:0kB present:1682240kB managed:1616700kB mlocked:0kB bounce:0kB free_pcp:0kB local_pcp:0kB free_cma:0kB
[63940.569777] lowmem_reserve[]: 0 0 126822 126822 126822
[63940.569780] Node 0 Normal free:78016kB min:261724kB low:391588kB high:521452kB reserved_highatomic:4096KB active_anon:1032kB inactive_anon:64088kB active_file:8032kB inactive_file:8768kB unevictable:3072kB writepending:140kB present:132106240kB managed:129874164kB mlocked:0kB bounce:0kB free_pcp:768kB local_pcp:0kB free_cma:0kB
[63940.569784] lowmem_reserve[]: 0 0 0 0 0
[63940.569787] Node 0 DMA: 0*4kB 0*8kB 0*16kB 0*32kB 0*64kB 0*128kB 0*256kB 0*512kB 1*1024kB (U) 1*2048kB (M) 2*4096kB (M) = 11264kB
[63940.569795] Node 0 DMA32: 4*4kB (ME) 5*8kB (UME) 6*16kB (UME) 6*32kB (UME) 5*64kB (UME) 5*128kB (UME) 4*256kB (ME) 5*512kB (UME) 3*1024kB (ME) 4*2048kB (ME) 120*4096kB (ME) = 507672kB
[63940.569805] Node 0 Normal: 9845*4kB (UME) 3494*8kB (UME) 983*16kB (UME) 9*32kB (UE) 0*64kB 0*128kB 0*256kB 0*512kB 0*1024kB 0*2048kB 0*4096kB = 83348kB
[63940.569813] Node 0 hugepages_total=0 hugepages_free=0 hugepages_surp=0 hugepages_size=1048576kB
[63940.569815] Node 0 hugepages_total=0 hugepages_free=0 hugepages_surp=0 hugepages_size=2048kB
[63940.569816] 5317 total pagecache pages
[63940.569817] 334 pages in swap cache
[63940.569818] Swap cache stats: add 1933951, delete 1934419, find 172582/319664
[63940.569819] Free swap  = 3084408kB
[63940.569820] Total swap = 3145724kB
[63940.569820] 33451118 pages RAM
[63940.569821] 0 pages HighMem/MovableOnly
[63940.569821] 574562 pages reserved
[63940.569822] 0 pages cma reserved
[63940.569822] 0 pages hwpoisoned
[63940.569823] Unreclaimable slab info:
[63940.569824] Name                      Used          Total
[63940.569825] mlx5_fs_ftes             253KB        253KB
[63940.569827] mlx5_fs_fgs               63KB         63KB
[63940.569829] scsi_sense_cache          32KB         32KB
[63940.569831] RAWv6                    123KB        123KB
[63940.569832] UDPv6                   1417KB       1417KB
[63940.569834] TCPv6                     92KB         92KB
[63940.569836] mqueue_inode_cache         31KB         31KB
[63940.569839] ext4_system_zone          39KB         39KB
[63940.569842] PING                    1600KB       1600KB
[63940.569843] RAW                       96KB         96KB
[63940.569844] tw_sock_TCP              295KB        295KB
[63940.569845] request_sock_TCP         739KB        739KB
[63940.569846] TCP                     1439KB       1439KB
[63940.569847] hugetlbfs_inode_cache         63KB         63KB
[63940.569848] ep_head                  192KB        192KB
[63940.569849] request_queue             62KB         62KB
[63940.569850] biovec-max              4644KB       4708KB
[63940.569852] biovec-128              1600KB       1600KB
[63940.569852] biovec-64               1536KB       1536KB
[63940.569853] dmaengine-unmap-256         30KB         30KB
[63940.569855] dmaengine-unmap-128         31KB         31KB
[63940.569856] dmaengine-unmap-16       3992KB       3992KB
[63940.569857] skbuff_fclone_cache        768KB        768KB
[63940.569858] skbuff_head_cache       1214KB       1224KB
[63940.569859] file_lock_cache          359KB        359KB
[63940.569860] file_lock_ctx            107KB        107KB
[63940.569861] fsnotify_mark_connector        192KB        192KB
[63940.569862] task_delay_info          111KB        111KB
[63940.569863] taskstats                651KB        651KB
[63940.569864] proc_dir_entry           732KB        732KB
[63940.569865] pde_opener               191KB        191KB
[63940.569866] seq_file                 191KB        191KB
[63940.569867] shmem_inode_cache       2192KB       2192KB
[63940.569868] kernfs_node_cache       8920KB       8920KB
[63940.569869] mnt_cache                302KB        302KB
[63940.569870] filp                    3696KB       3696KB
[63940.569871] names_cache             1536KB       1536KB
[63940.569873] lsm_file_cache           266KB        266KB
[63940.569873] vm_area_struct          4421KB       4421KB
[63940.569874] mm_struct               1657KB       1657KB
[63940.569876] files_cache             1581KB       1581KB
[63940.569877] signal_cache            2173KB       2173KB
[63940.569877] sighand_cache           2877KB       2877KB
[63940.569878] task_struct             6088KB       6088KB
[63940.569879] cred_jar                 653KB        653KB
[63940.569880] anon_vma_chain          1964KB       1964KB
[63940.569881] anon_vma                1854KB       1854KB
[63940.569882] pid                      304KB        304KB
[63940.569883] irq_remap_cache          384KB        384KB
[63940.569884] Acpi-Operand             811KB        811KB
[63940.569886] Acpi-ParseExt             47KB         47KB
[63940.569887] Acpi-State               191KB        191KB
[63940.569888] numa_policy               15KB         15KB
[63940.569889] perf_event              1508KB       1508KB
[63940.569889] trace_event_file         316KB        316KB
[63940.569890] ftrace_event_field        386KB        386KB
[63940.569891] pool_workqueue           392KB        392KB
[63940.569893] task_group               756KB        756KB
[63940.569920] vmap_area              18919KB      19072KB
[63940.569922] kmalloc-cg-8k            128KB        128KB
[63940.569923] kmalloc-cg-4k           1536KB       1536KB
[63940.569924] kmalloc-cg-2k           1312KB       1312KB
[63940.569925] kmalloc-cg-1k           1600KB       1600KB
[63940.569926] kmalloc-cg-512           832KB        832KB
[63940.569927] kmalloc-cg-256           144KB        144KB
[63940.569928] kmalloc-cg-192           378KB        378KB
[63940.569928] kmalloc-cg-96            153KB        153KB
[63940.569929] kmalloc-cg-64            192KB        192KB
[63940.569930] kmalloc-cg-32            192KB        192KB
[63940.569930] kmalloc-cg-16            192KB        192KB
[63940.569931] kmalloc-cg-8             192KB        192KB
[63940.569932] kmalloc-8k             65440KB      65440KB
[63940.569933] kmalloc-4k              7332KB       7428KB
[63940.569934] kmalloc-2k             87104KB      87104KB
[63940.569935] kmalloc-1k              5888KB       5888KB
[63940.569935] kmalloc-512            18000KB      18000KB
[63940.569936] kmalloc-256             1280KB       1280KB
[63940.569937] kmalloc-192              724KB        724KB
[63940.569938] kmalloc-128              904KB        904KB
[63940.569938] kmalloc-96             16391KB      16391KB
[63940.569939] kmalloc-64              2440KB       2440KB
[63940.569940] kmalloc-32              1488KB       1488KB
[63940.569941] kmalloc-16               336KB        336KB
[63940.569941] kmalloc-8                276KB        276KB
[63940.569942] kmem_cache_node           24KB         24KB
[63940.569943] kmem_cache                72KB         72KB
[63940.569944] Tasks state (memory values in pages):
[63940.569944] [  pid  ]   uid  tgid total_vm      rss pgtables_bytes swapents oom_score_adj name
[63940.569952] [    744]     0   744    29652      668   249856      351             0 systemd-journal
[63940.569955] [    750]     0   750    26479        0    98304       57             0 lvmetad
[63940.569957] [    754]     0   754    10826        0   114688      459         -1000 systemd-udevd
[63940.569960] [    996]     0   996    11903        0   131072      125             0 rpcbind
[63940.569962] [    998]   101   998    17625        0   176128      136             0 systemd-resolve
[63940.569964] [   1002]   103  1002    12517        1   147456      170          -900 dbus-daemon
[63940.569966] [   1004]     0  1004    42595        1   233472     1941             0 networkd-dispat
[63940.569968] [   1005]     0  1005    27759        0   122880      215             0 irqbalance
[63940.569970] [   1006]     0  1006     7833        0   102400       88             0 cron
[63940.569972] [   1010]     0  1010    17619        0   176128      174             0 systemd-logind
[63940.569974] [   1012]     0  1012    71916      158   192512      235             0 accounts-daemon
[63940.569976] [   1037]   102  1037    66819        0   167936      421             0 rsyslogd
[63940.569978] [   1041]     0  1041    72223        0   208896      230             0 polkitd
[63940.569979] [   1049]     0  1049     8709        1   106496     1775             0 ntpstart
[63940.569981] [   1053]     0  1053    18078        0   184320      204         -1000 sshd
[63940.569983] [   1107]   100  1107    20015        0   184320      196             0 systemd-network
[63940.569985] [   1187]     0  1187     3992        0    81920       35             0 agetty
[63940.569987] [   1212]     0  1212     2747        0    61440       63             0 slothd
[63940.569989] [   1215]     0  1215     4048        0    77824       37             0 agetty
[63940.569990] [   1237]     0  1237     5686        0    77824      113             0 pubsubd
[63940.569992] [   1340]     0  1340     1136        0    53248       27             0 emulab-syncd
[63940.569994] [   1346]     0  1346    11274        0   118784     2245             0 rc.progagent
[63940.569995] [   1347]  2002  1347     8882        0   114688      141             0 program-agent
[63940.569997] [   1399]     0  1399     6200        0    86016      110             0 linktest
[63940.569999] [   1414]   107  1414    26945      114   126976      145             0 ntpd
[63940.570001] [   4689] 20002  4689    19131        0   192512      259             0 systemd
[63940.570003] [   4690] 20002  4690    27870        0   245760      542             0 (sd-pam)
[63940.570005] [   4742] 20002  4742    13273      641   143360      214             0 mosh-server
[63940.570007] [   4743] 20002  4743     5334        1    90112      149             0 tcsh
[63940.570008] [   4749] 20002  4749     5676        1    81920      427             0 bash
[63940.570010] [   4791] 20002  4791     3257      494    69632       34             0 rocksdb-exp-tes
[63940.570012] [   6885] 20002  6885    21487      855   118784        0             0 time
[63940.570013] [   6894] 20002  6894   463116    18273   557056        0             0 db_bench
[63940.570015] oom-kill:constraint=CONSTRAINT_NONE,nodemask=(null),cpuset=/,mems_allowed=0,global_oom,task_memcg=/,task=db_bench,pid=6894,uid=20002
[63940.570044] Out of memory: Killed process 6894 (db_bench) total-vm:1852464kB, anon-rss:64708kB, file-rss:8360kB, shmem-rss:0kB, UID:20002 pgtables:544kB oom_score_adj:0
[63940.585911] FinalTaskReport: db_bench:6894 - ra_orig_nr_pages:0, ra_final_nr_pages:0
                                        async_pages:1016, final_async_pages:1281
                                        full_pfetches:0, less256_pfetches:0, partial_pfetches:0
                                        failed_pfetches:0, total_pfetches:0, os_pfetches:64
                                        nr_pages_read:144, nr_pages_hit:108, nr_do_read_fault:160
[63940.591575] oom_reaper: reaped process 6894 (db_bench), now anon-rss:0kB, file-rss:0kB, shmem-rss:0kB
[63940.600905] write_proc: Value of write = 0
[63940.601351] __do_sys_start_cross_trace: PRINT_GLOBAL_STATS 
[63940.601352] Final GlobalReport: nr_pages_read:1347454623, nr_pages_hit:1333684546, nr_do_read_fault:676101, nr_pages_miss:5769417
[63940.615341] FinalTaskReport: time:6885 - ra_orig_nr_pages:0, ra_final_nr_pages:0
                                        async_pages:384, final_async_pages:2436
                                        full_pfetches:0, less256_pfetches:0, partial_pfetches:0
                                        failed_pfetches:0, total_pfetches:0, os_pfetches:109
                                        nr_pages_read:0, nr_pages_hit:0, nr_do_read_fault:272
