+ APPBASE=/users/skannan/ssd/NVM/appbench/apps/fio
+ APP=/users/skannan/ssd/NVM/appbench/apps/fio/fio
+ DATA=/users/skannan/ssd/NVM/appbench/shared_data/DATA
+ SIZE=' --size=4G'
+ PARAM=' --directory=/users/skannan/ssd/NVM/appbench/shared_data/DATA  --size=4G'
+ OUTPUT=/users/skannan/ssd/NVM/appbench/output/fio
+ mkdir /users/skannan/ssd/NVM/appbench/shared_data/DATA
mkdir: cannot create directory ‘/users/skannan/ssd/NVM/appbench/shared_data/DATA’: File exists
+ cd /users/skannan/ssd/NVM/appbench/apps/fio
+ FlushDisk
+ sudo sh -c 'echo 3 > /proc/sys/vm/drop_caches'
+ sudo sh -c 'echo 2 > /proc/sys/vm/drop_caches'
+ sudo sh -c sync
+ sudo sh -c sync
+ sudo sh -c 'echo 3 > /proc/sys/vm/drop_caches'
+ SEQ_WRITE
+ cd /users/skannan/ssd/NVM/appbench/shared_data
+ export LD_PRELOAD=/users/skannan/ssd/NVM/appbench/shared_libs/construct/libmigration.so
+ LD_PRELOAD=/users/skannan/ssd/NVM/appbench/shared_libs/construct/libmigration.so
+ echo 'Running Sequential Write'
Running Sequential Write
+ numactl --membind=0 /users/skannan/ssd/NVM/appbench/apps/fio/fio /users/skannan/ssd/NVM/appbench/apps/fio/examples/fio-seq-write.job --name=seqwrite --directory=/users/skannan/ssd/NVM/appbench/shared_data/DATA --size=4G
initiating tracing...
initiating tracing...
seqwrite: (g=0): rw=read, bs=(R) 4096B-4096B, (W) 4096B-4096B, (T) 4096B-4096B, ioengine=psync, iodepth=1
file1: (g=0): rw=write, bs=(R) 256KiB-256KiB, (W) 256KiB-256KiB, (T) 256KiB-256KiB, ioengine=libaio, iodepth=16
fio-3.9-3-g75ee3
Starting 2 processes
seqwrite: Laying out IO file (1 file / 4096MiB)

seqwrite: (groupid=0, jobs=1): err= 0: pid=5897: Fri Dec 28 17:51:06 2018
   read: IOPS=26.2k, BW=102MiB/s (107MB/s)(4096MiB/39979msec)
    clat (nsec): min=645, max=52750k, avg=37780.02, stdev=810705.35
     lat (nsec): min=679, max=52750k, avg=37820.22, stdev=810705.46
    clat percentiles (nsec):
     |  1.00th=[     676],  5.00th=[     684], 10.00th=[     692],
     | 20.00th=[     692], 30.00th=[     700], 40.00th=[     708],
     | 50.00th=[     716], 60.00th=[     724], 70.00th=[     764],
     | 80.00th=[    1012], 90.00th=[    1480], 95.00th=[    1768],
     | 99.00th=[  440320], 99.50th=[  724992], 99.90th=[17694720],
     | 99.95th=[22413312], 99.99th=[31588352]
   bw (  KiB/s): min=13312, max=461312, per=100.00%, avg=105988.81, stdev=160115.86, samples=79
   iops        : min= 3328, max=115328, avg=26497.16, stdev=40028.98, samples=79
  lat (nsec)   : 750=67.56%, 1000=11.46%
  lat (usec)   : 2=16.62%, 4=1.69%, 10=0.89%, 20=0.16%, 50=0.06%
  lat (usec)   : 100=0.01%, 250=0.01%, 500=0.83%, 750=0.37%, 1000=0.17%
  lat (msec)   : 2=0.03%, 4=0.01%, 10=0.01%, 20=0.06%, 50=0.07%
  lat (msec)   : 100=0.01%
  cpu          : usr=1.61%, sys=5.08%, ctx=16070, majf=0, minf=11
  IO depths    : 1=100.0%, 2=0.0%, 4=0.0%, 8=0.0%, 16=0.0%, 32=0.0%, >=64=0.0%
     submit    : 0=0.0%, 4=100.0%, 8=0.0%, 16=0.0%, 32=0.0%, 64=0.0%, >=64=0.0%
     complete  : 0=0.0%, 4=100.0%, 8=0.0%, 16=0.0%, 32=0.0%, 64=0.0%, >=64=0.0%
     issued rwts: total=1048576,0,0,0 short=0,0,0,0 dropped=0,0,0,0
     latency   : target=0, window=0, percentile=100.00%, depth=1
file1: (groupid=0, jobs=1): err= 0: pid=5898: Fri Dec 28 17:51:06 2018
  write: IOPS=1535, BW=384MiB/s (403MB/s)(22.5GiB/60001msec)
    slat (usec): min=86, max=3416.6k, avg=458.12, stdev=13224.43
    clat (usec): min=2, max=10452k, avg=9765.39, stdev=159897.03
     lat (usec): min=283, max=10453k, avg=10223.68, stdev=160440.92
    clat percentiles (msec):
     |  1.00th=[    3],  5.00th=[    3], 10.00th=[    3], 20.00th=[    5],
     | 30.00th=[    5], 40.00th=[    5], 50.00th=[    5], 60.00th=[    6],
     | 70.00th=[    7], 80.00th=[    7], 90.00th=[    8], 95.00th=[   18],
     | 99.00th=[   22], 99.50th=[   23], 99.90th=[  510], 99.95th=[ 2089],
     | 99.99th=[10402]
   bw (  KiB/s): min=22016, max=1493504, per=100.00%, avg=578609.61, stdev=292158.58, samples=80
   iops        : min=   86, max= 5834, avg=2260.15, stdev=1141.24, samples=80
  lat (usec)   : 4=0.01%, 500=0.01%, 750=0.01%, 1000=0.01%
  lat (msec)   : 2=0.24%, 4=17.80%, 10=74.04%, 20=6.08%, 50=1.69%
  lat (msec)   : 100=0.01%, 250=0.04%, 750=0.05%
  cpu          : usr=0.70%, sys=56.28%, ctx=1348, majf=0, minf=14
  IO depths    : 1=0.1%, 2=0.1%, 4=0.1%, 8=0.1%, 16=100.0%, 32=0.0%, >=64=0.0%
     submit    : 0=0.0%, 4=100.0%, 8=0.0%, 16=0.0%, 32=0.0%, 64=0.0%, >=64=0.0%
     complete  : 0=0.0%, 4=100.0%, 8=0.0%, 16=0.1%, 32=0.0%, 64=0.0%, >=64=0.0%
     issued rwts: total=0,92145,0,0 short=0,0,0,0 dropped=0,0,0,0
     latency   : target=0, window=0, percentile=100.00%, depth=16

Run status group 0 (all jobs):
   READ: bw=102MiB/s (107MB/s), 102MiB/s-102MiB/s (107MB/s-107MB/s), io=4096MiB (4295MB), run=39979-39979msec
  WRITE: bw=384MiB/s (403MB/s), 384MiB/s-384MiB/s (403MB/s-403MB/s), io=22.5GiB (24.2GB), run=60001-60001msec

Disk stats (read/write):
  sdc: ios=16395/67912, merge=0/12286, ticks=77176/6445024, in_queue=6522144, util=90.73%
fio: file hash not empty on exit
application termination...
+ export LD_PRELOAD=
+ LD_PRELOAD=
+ FlushDisk
+ sudo sh -c 'echo 3 > /proc/sys/vm/drop_caches'
+ sudo sh -c 'echo 2 > /proc/sys/vm/drop_caches'
+ sudo sh -c sync
+ sudo sh -c sync
+ sudo sh -c 'echo 3 > /proc/sys/vm/drop_caches'
+ rm /users/skannan/ssd/NVM/appbench/shared_data/DATA/seqwrite.0.0
+ rm -rf fio-seq-RW
+ rm -rf fio-rand-RW
+ set +x
******************
KERNEL  DMESG
******************
  
[    0.000000] main: Linux version 4.17.0 (root@node-0.wisc3.fsperfatscale-pg0.wisc.cloudlab.us) (gcc version 4.8.4 (Ubuntu 4.8.4-2ubuntu1~14.04.4)) #6 SMP Fri Dec 21 16:23:28 MST 2018
[    0.000000] Command line: BOOT_IMAGE=/boot/vmlinuz-4.17.0 root=UUID=4910fb56-38cb-41ae-82bf-3efa1d8a45a0 ro console=ttyS0,115200 crashkernel=384M-:128M memmap=56G!8G
[    0.000000] common: KERNEL supported cpus:
[    0.000000] common:   Intel GenuineIntel
[    0.000000] common:   AMD AuthenticAMD
[    0.000000] common:   Centaur CentaurHauls
[    0.000000] xstate: x86/fpu: Supporting XSAVE feature 0x001: 'x87 floating point registers'
[    0.000000] xstate: x86/fpu: Supporting XSAVE feature 0x002: 'SSE registers'
[    0.000000] xstate: x86/fpu: Supporting XSAVE feature 0x004: 'AVX registers'
[    0.000000] xstate: x86/fpu: xstate_offset[2]:  576, xstate_sizes[2]:  256
[    0.000000] xstate: x86/fpu: Enabled xstate features 0x7, context size is 832 bytes, using 'standard' format.
[    0.000000] e820: e820: BIOS-provided physical RAM map:
[    0.000000] e820: BIOS-e820: [mem 0x0000000000000000-0x0000000000099fff] usable
[    0.000000] e820: BIOS-e820: [mem 0x000000000009a000-0x000000000009ffff] reserved
[    0.000000] e820: BIOS-e820: [mem 0x00000000000e0000-0x00000000000fffff] reserved
[    0.000000] e820: BIOS-e820: [mem 0x0000000000100000-0x000000006f19efff] usable
[    0.000000] e820: BIOS-e820: [mem 0x000000006f19f000-0x000000006f97bfff] reserved
[    0.000000] e820: BIOS-e820: [mem 0x000000006f97c000-0x000000006f9e0fff] ACPI data
[    0.000000] e820: BIOS-e820: [mem 0x000000006f9e1000-0x000000006ff3bfff] ACPI NVS
[    0.000000] e820: BIOS-e820: [mem 0x000000006ff3c000-0x000000008fffffff] reserved
[    0.000000] e820: BIOS-e820: [mem 0x00000000fed1c000-0x00000000fed44fff] reserved
[    0.000000] e820: BIOS-e820: [mem 0x00000000ff000000-0x00000000ffffffff] reserved
[    0.000000] e820: BIOS-e820: [mem 0x0000000100000000-0x000000207fffffff] usable
[    0.000000] NX (Execute Disable) protection: active
[    0.000000] e820: e820: user-defined physical RAM map:
[    0.000000] e820: user: [mem 0x0000000000000000-0x0000000000099fff] usable
[    0.000000] e820: user: [mem 0x000000000009a000-0x000000000009ffff] reserved
[    0.000000] e820: user: [mem 0x00000000000e0000-0x00000000000fffff] reserved
[    0.000000] e820: user: [mem 0x0000000000100000-0x000000006f19efff] usable
[    0.000000] e820: user: [mem 0x000000006f19f000-0x000000006f97bfff] reserved
[    0.000000] e820: user: [mem 0x000000006f97c000-0x000000006f9e0fff] ACPI data
[    0.000000] e820: user: [mem 0x000000006f9e1000-0x000000006ff3bfff] ACPI NVS
[    0.000000] e820: user: [mem 0x000000006ff3c000-0x000000008fffffff] reserved
[    0.000000] e820: user: [mem 0x00000000fed1c000-0x00000000fed44fff] reserved
[    0.000000] e820: user: [mem 0x00000000ff000000-0x00000000ffffffff] reserved
[    0.000000] e820: user: [mem 0x0000000100000000-0x00000001ffffffff] usable
[    0.000000] e820: user: [mem 0x0000000200000000-0x0000000fffffffff] persistent (type 12)
[    0.000000] e820: user: [mem 0x0000001000000000-0x000000207fffffff] usable
[    0.000000] dmi_scan: SMBIOS 3.0.0 present.
[    0.000000] dmi_scan: DMI: Cisco Systems Inc UCSC-C220-M4S/UCSC-C220-M4S, BIOS C220M4.3.0.3c.0.0831170216 08/31/2017
[    0.000000] e820: update [mem 0x00000000-0x00000fff] usable ==> reserved
[    0.000000] e820: remove [mem 0x000a0000-0x000fffff] usable
[    0.000000] e820: e820: last_pfn = 0x2080000 max_arch_pfn = 0x400000000
[    0.000000] generic: MTRR default type: write-back
[    0.000000] generic: MTRR fixed ranges enabled:
[    0.000000] generic:   00000-9FFFF write-back
[    0.000000] generic:   A0000-BFFFF uncachable
[    0.000000] generic:   C0000-FFFFF write-protect
[    0.000000] generic: MTRR variable ranges enabled:
[    0.000000] generic:   0 base 000080000000 mask 3FFF80000000 uncachable
[    0.000000] generic:   1 base 038000000000 mask 3F8000000000 uncachable
[    0.000000] generic:   2 disabled
[    0.000000] generic:   3 disabled
[    0.000000] generic:   4 disabled
[    0.000000] generic:   5 disabled
[    0.000000] generic:   6 disabled
[    0.000000] generic:   7 disabled
[    0.000000] generic:   8 disabled
[    0.000000] generic:   9 disabled
[    0.000000] x86/PAT: Configuration [0-7]: WB  WC  UC- UC  WB  WP  UC- WT  
[    0.000000] e820: e820: last_pfn = 0x6f19f max_arch_pfn = 0x400000000
[    0.000000] mpparse: found SMP MP-table at [mem 0x000fcfc0-0x000fcfcf] mapped at [        (ptrval)]
[    0.000000] Scanning 1 areas for low memory corruption
[    0.000000] Base memory trampoline at [        (ptrval)] 7e000 size 24576
[    0.000000] Using GB pages for direct mapping
[    0.000000] BRK [0x0aedb000, 0x0aedbfff] PGTABLE
[    0.000000] BRK [0x0aedc000, 0x0aedcfff] PGTABLE
[    0.000000] BRK [0x0aedd000, 0x0aeddfff] PGTABLE
[    0.000000] RAMDISK: [mem 0x238ee000-0x2dc6efff]
[    0.000000] tables: Early table checksum verification disabled
[    0.000000] ACPI: RSDP 0x00000000000F05B0 000024 (v02 Cisco0)
[    0.000000] ACPI: XSDT 0x000000006F9900A8 0000D4 (v01 Cisco0 CiscoUCS 01072009 AMI  00010013)
[    0.000000] ACPI: FACP 0x000000006F9C4CE0 00010C (v05 Cisco0 CiscoUCS 01072009 AMI  00010013)
[    0.000000] ACPI: DSDT 0x000000006F990210 034ACB (v02 Cisco0 CiscoUCS 01072009 INTL 20091013)
[    0.000000] ACPI: FACS 0x000000006FF3AF80 000040
[    0.000000] ACPI: APIC 0x000000006F9C4DF0 000224 (v03 Cisco0 CiscoUCS 01072009 AMI  00010013)
[    0.000000] ACPI: FPDT 0x000000006F9C5018 000044 (v01 Cisco0 CiscoUCS 01072009 AMI  00010013)
[    0.000000] ACPI: FIDT 0x000000006F9C5060 00009C (v01 Cisco0 CiscoUCS 01072009 AMI  00010013)
[    0.000000] ACPI: SPMI 0x000000006F9C5100 000041 (v05 Cisco0 CiscoUCS 00000000 AMI. 00000000)
[    0.000000] ACPI: MCFG 0x000000006F9C5148 00003C (v01 Cisco0 CiscoUCS 01072009 MSFT 00000097)
[    0.000000] ACPI: UEFI 0x000000006F9C5188 000042 (v01 Cisco0 CiscoUCS 01072009      00000000)
[    0.000000] ACPI: HPET 0x000000006F9C51D0 000038 (v01 Cisco0 CiscoUCS 00000001 INTL 20091013)
[    0.000000] ACPI: MSCT 0x000000006F9C5208 000090 (v01 Cisco0 CiscoUCS 00000001 INTL 20091013)
[    0.000000] ACPI: SLIT 0x000000006F9C5298 000030 (v01 Cisco0 CiscoUCS 00000001 INTL 20091013)
[    0.000000] ACPI: SRAT 0x000000006F9C52C8 001158 (v03 Cisco0 CiscoUCS 00000001 INTL 20091013)
[    0.000000] ACPI: WDDT 0x000000006F9C6420 000040 (v01 Cisco0 CiscoUCS 00000000 INTL 20091013)
[    0.000000] ACPI: SSDT 0x000000006F9C6460 017105 (v02 Cisco0 PmMgt    00000002 INTL 20120913)
[    0.000000] ACPI: NITR 0x000000006F9DD568 000071 (v02 Cisco0 CiscoUCS 00000001 INTL 20091013)
[    0.000000] ACPI: SSDT 0x000000006F9DD5E0 002654 (v02 Cisco0 SpsNm    00000002 INTL 20120913)
[    0.000000] ACPI: SSDT 0x000000006F9DFC38 000064 (v02 Cisco0 SpsNvs   00000002 INTL 20120913)
[    0.000000] ACPI: PRAD 0x000000006F9DFCA0 000102 (v02 Cisco0 CiscoUCS 00000002 INTL 20120913)
[    0.000000] ACPI: DMAR 0x000000006F9DFDA8 000122 (v01 Cisco0 CiscoUCS 00000001 INTL 20091013)
[    0.000000] ACPI: HEST 0x000000006F9DFED0 0000A8 (v01 Cisco0 CiscoUCS 00000001 INTL 00000001)
[    0.000000] ACPI: BERT 0x000000006F9DFF78 000030 (v01 Cisco0 CiscoUCS 00000001 INTL 00000001)
[    0.000000] ACPI: ERST 0x000000006F9DFFA8 000230 (v01 Cisco0 CiscoUCS 00000001 INTL 00000001)
[    0.000000] ACPI: EINJ 0x000000006F9E01D8 000130 (v01 Cisco0 CiscoUCS 00000001 INTL 00000001)
[    0.000000] ACPI: Local APIC address 0xfee00000
[    0.000000] SRAT: PXM 0 -> APIC 0x00 -> Node 0
[    0.000000] SRAT: PXM 0 -> APIC 0x02 -> Node 0
[    0.000000] SRAT: PXM 0 -> APIC 0x04 -> Node 0
[    0.000000] SRAT: PXM 0 -> APIC 0x06 -> Node 0
[    0.000000] SRAT: PXM 0 -> APIC 0x08 -> Node 0
[    0.000000] SRAT: PXM 0 -> APIC 0x0a -> Node 0
[    0.000000] SRAT: PXM 0 -> APIC 0x0c -> Node 0
[    0.000000] SRAT: PXM 0 -> APIC 0x0e -> Node 0
[    0.000000] SRAT: PXM 1 -> APIC 0x10 -> Node 1
[    0.000000] SRAT: PXM 1 -> APIC 0x12 -> Node 1
[    0.000000] SRAT: PXM 1 -> APIC 0x14 -> Node 1
[    0.000000] SRAT: PXM 1 -> APIC 0x16 -> Node 1
[    0.000000] SRAT: PXM 1 -> APIC 0x18 -> Node 1
[    0.000000] SRAT: PXM 1 -> APIC 0x1a -> Node 1
[    0.000000] SRAT: PXM 1 -> APIC 0x1c -> Node 1
[    0.000000] SRAT: PXM 1 -> APIC 0x1e -> Node 1
[    0.000000] SRAT: PXM 0 -> APIC 0x01 -> Node 0
[    0.000000] SRAT: PXM 0 -> APIC 0x03 -> Node 0
[    0.000000] SRAT: PXM 0 -> APIC 0x05 -> Node 0
[    0.000000] SRAT: PXM 0 -> APIC 0x07 -> Node 0
[    0.000000] SRAT: PXM 0 -> APIC 0x09 -> Node 0
[    0.000000] SRAT: PXM 0 -> APIC 0x0b -> Node 0
[    0.000000] SRAT: PXM 0 -> APIC 0x0d -> Node 0
[    0.000000] SRAT: PXM 0 -> APIC 0x0f -> Node 0
[    0.000000] SRAT: PXM 1 -> APIC 0x11 -> Node 1
[    0.000000] SRAT: PXM 1 -> APIC 0x13 -> Node 1
[    0.000000] SRAT: PXM 1 -> APIC 0x15 -> Node 1
[    0.000000] SRAT: PXM 1 -> APIC 0x17 -> Node 1
[    0.000000] SRAT: PXM 1 -> APIC 0x19 -> Node 1
[    0.000000] SRAT: PXM 1 -> APIC 0x1b -> Node 1
[    0.000000] SRAT: PXM 1 -> APIC 0x1d -> Node 1
[    0.000000] SRAT: PXM 1 -> APIC 0x1f -> Node 1
[    0.000000] acpi: SRAT: Node 0 PXM 0 [mem 0x00000000-0x7fffffff]
[    0.000000] acpi: SRAT: Node 0 PXM 0 [mem 0x100000000-0x107fffffff]
[    0.000000] acpi: SRAT: Node 1 PXM 1 [mem 0x1080000000-0x207fffffff]
[    0.000000] NUMA: Initialized distance table, cnt=2
[    0.000000] NUMA: Node 0 [mem 0x00000000-0x7fffffff] + [mem 0x100000000-0x107fffffff] -> [mem 0x00000000-0x107fffffff]
[    0.000000] NODE_DATA(0) allocated [mem 0x107fffb000-0x107fffffff]
[    0.000000] NODE_DATA(1) allocated [mem 0x207fff8000-0x207fffcfff]
[    0.000000] setup: Reserving 128MB of memory at 768MB for crashkernel (System RAM: 73457MB)
[    0.000000] tsc: Fast TSC calibration using PIT
[    0.000000] page_alloc: Zone ranges:
[    0.000000] page_alloc:   DMA      [mem 0x0000000000001000-0x0000000000ffffff]
[    0.000000] page_alloc:   DMA32    [mem 0x0000000001000000-0x00000000ffffffff]
[    0.000000] page_alloc:   Normal   [mem 0x0000000100000000-0x000000207fffffff]
[    0.000000] page_alloc:   Device   empty
[    0.000000] page_alloc: Movable zone start for each node
[    0.000000] page_alloc: Early memory node ranges
[    0.000000] page_alloc:   node   0: [mem 0x0000000000001000-0x0000000000099fff]
[    0.000000] page_alloc:   node   0: [mem 0x0000000000100000-0x000000006f19efff]
[    0.000000] page_alloc:   node   0: [mem 0x0000000100000000-0x00000001ffffffff]
[    0.000000] page_alloc:   node   0: [mem 0x0000001000000000-0x000000107fffffff]
[    0.000000] page_alloc:   node   1: [mem 0x0000001080000000-0x000000207fffffff]
[    0.000000] page_alloc: Initmem setup node 0 [mem 0x0000000000001000-0x000000107fffffff]
[    0.000000] On node 0 totalpages: 2027832
[    0.000000]   DMA zone: 112 pages used for memmap
[    0.000000]   DMA zone: 43 pages reserved
[    0.000000]   DMA zone: 3993 pages, LIFO batch:0
[    0.000000]   DMA32 zone: 12332 pages used for memmap
[    0.000000]   DMA32 zone: 450975 pages, LIFO batch:31
[    0.000000]   Normal zone: 43008 pages used for memmap
[    0.000000]   Normal zone: 1572864 pages, LIFO batch:31
[    0.000000] page_alloc: Initmem setup node 1 [mem 0x0000001080000000-0x000000207fffffff]
[    0.000000] On node 1 totalpages: 16777216
[    0.000000]   Normal zone: 458752 pages used for memmap
[    0.000000]   Normal zone: 16777216 pages, LIFO batch:31
[    0.000000] page_alloc: Reserved but unavailable: 103 pages
[    0.000000] ACPI: PM-Timer IO Port: 0x408
[    0.000000] ACPI: Local APIC address 0xfee00000
[    0.000000] tables: LAPIC_NMI (acpi_id[0x00] high edge lint[0x1])
[    0.000000] tables: LAPIC_NMI (acpi_id[0x02] high edge lint[0x1])
[    0.000000] tables: LAPIC_NMI (acpi_id[0x04] high edge lint[0x1])
[    0.000000] tables: LAPIC_NMI (acpi_id[0x06] high edge lint[0x1])
[    0.000000] tables: LAPIC_NMI (acpi_id[0x08] high edge lint[0x1])
[    0.000000] tables: LAPIC_NMI (acpi_id[0x0a] high edge lint[0x1])
[    0.000000] tables: LAPIC_NMI (acpi_id[0x0c] high edge lint[0x1])
[    0.000000] tables: LAPIC_NMI (acpi_id[0x0e] high edge lint[0x1])
[    0.000000] tables: LAPIC_NMI (acpi_id[0x10] high edge lint[0x1])
[    0.000000] tables: LAPIC_NMI (acpi_id[0x12] high edge lint[0x1])
[    0.000000] tables: LAPIC_NMI (acpi_id[0x14] high edge lint[0x1])
[    0.000000] tables: LAPIC_NMI (acpi_id[0x16] high edge lint[0x1])
[    0.000000] tables: LAPIC_NMI (acpi_id[0x18] high edge lint[0x1])
[    0.000000] tables: LAPIC_NMI (acpi_id[0x1a] high edge lint[0x1])
[    0.000000] tables: LAPIC_NMI (acpi_id[0x1c] high edge lint[0x1])
[    0.000000] tables: LAPIC_NMI (acpi_id[0x1e] high edge lint[0x1])
[    0.000000] tables: LAPIC_NMI (acpi_id[0x01] high edge lint[0x1])
[    0.000000] tables: LAPIC_NMI (acpi_id[0x03] high edge lint[0x1])
[    0.000000] tables: LAPIC_NMI (acpi_id[0x05] high edge lint[0x1])
[    0.000000] tables: LAPIC_NMI (acpi_id[0x07] high edge lint[0x1])
[    0.000000] tables: LAPIC_NMI (acpi_id[0x09] high edge lint[0x1])
[    0.000000] tables: LAPIC_NMI (acpi_id[0x0b] high edge lint[0x1])
[    0.000000] tables: LAPIC_NMI (acpi_id[0x0d] high edge lint[0x1])
[    0.000000] tables: LAPIC_NMI (acpi_id[0x0f] high edge lint[0x1])
[    0.000000] tables: LAPIC_NMI (acpi_id[0x11] high edge lint[0x1])
[    0.000000] tables: LAPIC_NMI (acpi_id[0x13] high edge lint[0x1])
[    0.000000] tables: LAPIC_NMI (acpi_id[0x15] high edge lint[0x1])
[    0.000000] tables: LAPIC_NMI (acpi_id[0x17] high edge lint[0x1])
[    0.000000] tables: LAPIC_NMI (acpi_id[0x19] high edge lint[0x1])
[    0.000000] tables: LAPIC_NMI (acpi_id[0x1b] high edge lint[0x1])
[    0.000000] tables: LAPIC_NMI (acpi_id[0x1d] high edge lint[0x1])
[    0.000000] tables: LAPIC_NMI (acpi_id[0x1f] high edge lint[0x1])
[    0.000000] io_apic: IOAPIC[0]: apic_id 1, version 32, address 0xfec00000, GSI 0-23
[    0.000000] io_apic: IOAPIC[1]: apic_id 2, version 32, address 0xfec01000, GSI 24-47
[    0.000000] io_apic: IOAPIC[2]: apic_id 3, version 32, address 0xfec40000, GSI 48-71
[    0.000000] tables: INT_SRC_OVR (bus 0 bus_irq 0 global_irq 2 dfl dfl)
[    0.000000] tables: INT_SRC_OVR (bus 0 bus_irq 9 global_irq 9 high level)
[    0.000000] ACPI: IRQ0 used by override.
[    0.000000] ACPI: IRQ9 used by override.
[    0.000000] Using ACPI (MADT) for SMP configuration information
[    0.000000] ACPI: HPET id: 0x8086a701 base: 0xfed00000
[    0.000000] smpboot: Allowing 32 CPUs, 0 hotplug CPUs
[    0.000000] snapshot: Registered nosave memory: [mem 0x00000000-0x00000fff]
[    0.000000] snapshot: Registered nosave memory: [mem 0x0009a000-0x0009ffff]
[    0.000000] snapshot: Registered nosave memory: [mem 0x000a0000-0x000dffff]
[    0.000000] snapshot: Registered nosave memory: [mem 0x000e0000-0x000fffff]
[    0.000000] snapshot: Registered nosave memory: [mem 0x6f19f000-0x6f97bfff]
[    0.000000] snapshot: Registered nosave memory: [mem 0x6f97c000-0x6f9e0fff]
[    0.000000] snapshot: Registered nosave memory: [mem 0x6f9e1000-0x6ff3bfff]
[    0.000000] snapshot: Registered nosave memory: [mem 0x6ff3c000-0x8fffffff]
[    0.000000] snapshot: Registered nosave memory: [mem 0x90000000-0xfed1bfff]
[    0.000000] snapshot: Registered nosave memory: [mem 0xfed1c000-0xfed44fff]
[    0.000000] snapshot: Registered nosave memory: [mem 0xfed45000-0xfeffffff]
[    0.000000] snapshot: Registered nosave memory: [mem 0xff000000-0xffffffff]
[    0.000000] snapshot: Registered nosave memory: [mem 0x200000000-0xfffffffff]
[    0.000000] e820: e820: [mem 0x90000000-0xfed1bfff] available for PCI devices
[    0.000000] Booting paravirtualized kernel on bare hardware
[    0.000000] clocksource: refined-jiffies: mask: 0xffffffff max_cycles: 0xffffffff, max_idle_ns: 7645519600211568 ns
[    0.000000] setup_percpu: NR_CPUS:256 nr_cpumask_bits:256 nr_cpu_ids:32 nr_node_ids:2
[    0.000000] percpu: Embedded 45 pages/cpu @        (ptrval) s145880 r8192 d30248 u262144
[    0.000000] pcpu-alloc: s145880 r8192 d30248 u262144 alloc=1*2097152
[    0.000000] pcpu-alloc: [0] 00 01 02 03 04 05 06 07 [0] 16 17 18 19 20 21 22 23 
[    0.000000] pcpu-alloc: [1] 08 09 10 11 12 13 14 15 [1] 24 25 26 27 28 29 30 31 
[    0.000000] page_alloc: Built 2 zonelists, mobility grouping on.  Total pages: 18290801
[    0.000000] page_alloc: Policy zone: Normal
[    0.000000] main: Kernel command line: BOOT_IMAGE=/boot/vmlinuz-4.17.0 root=UUID=4910fb56-38cb-41ae-82bf-3efa1d8a45a0 ro console=ttyS0,115200 crashkernel=384M-:128M memmap=56G!8G
[    0.000000] Calgary: detecting Calgary via BIOS EBDA area
[    0.000000] Calgary: Unable to locate Rio Grande table in EBDA - bailing!
[    0.000000] page_alloc: Memory: 72628724K/75220192K available (14348K kernel code, 1817K rwdata, 4312K rodata, 1812K init, 132108K bss, 2591468K reserved, 0K cma-reserved)
[    0.000000] slub: SLUB: HWalign=64, Order=0-3, MinObjects=0, CPUs=32, Nodes=2
[    0.000000] Kernel/User page tables isolation: enabled
[    0.000000] libftrace: ftrace: allocating 42556 entries in 167 pages
[    0.000000] trace: 
[    0.000000] trace: **********************************************************
[    0.000000] trace: **   NOTICE NOTICE NOTICE NOTICE NOTICE NOTICE NOTICE   **
[    0.000000] trace: **                                                      **
[    0.000000] trace: ** trace_printk() being used. Allocating extra memory.  **
[    0.000000] trace: **                                                      **
[    0.000000] trace: ** This means that this is a DEBUG kernel and it is     **
[    0.000000] trace: ** unsafe for production use.                           **
[    0.000000] trace: **                                                      **
[    0.000000] trace: ** If you see this message and you are not debugging    **
[    0.000000] trace: ** the kernel, report this immediately to your vendor!  **
[    0.000000] trace: **                                                      **
[    0.000000] trace: **   NOTICE NOTICE NOTICE NOTICE NOTICE NOTICE NOTICE   **
[    0.000000] trace: **********************************************************
[    0.000000] tree: Hierarchical RCU implementation.
[    0.000000] tree: 	RCU restricting CPUs from NR_CPUS=256 to nr_cpu_ids=32.
[    0.000000] tree: RCU: Adjusting geometry for rcu_fanout_leaf=16, nr_cpu_ids=32
[    0.000000] NR_IRQS: 16640, nr_irqs: 1496, preallocated irqs: 16
[    0.000000] tree: 	Offload RCU callbacks from CPUs: (none).
[    0.000000] vt: Console: colour VGA+ 80x25
[    0.000000] printk: console [ttyS0] enabled
[    0.000000] mempolicy: Enabling automatic NUMA balancing. Configure with numa_balancing= or the kernel.numa_balancing sysctl
[    0.000000] ACPI: Core revision 20180313
[    0.000000] clocksource: hpet: mask: 0xffffffff max_cycles: 0xffffffff, max_idle_ns: 133484882848 ns
[    0.000000] hpet clockevent registered
[    0.000000] apic: APIC: Switch to symmetric I/O mode setup
[    0.004000] dmar: Host address width 46
[    0.008000] dmar: DRHD base: 0x000000fbffc000 flags: 0x0
[    0.012000] dmar: dmar0: reg_base_addr fbffc000 ver 1:0 cap d2078c106f0466 ecap f020de
[    0.016000] dmar: DRHD base: 0x000000c7ffc000 flags: 0x1
[    0.020000] dmar: dmar1: reg_base_addr c7ffc000 ver 1:0 cap d2078c106f0466 ecap f020de
[    0.024000] dmar: RMRR base: 0x0000007bb4c000 end: 0x0000007bb5cfff
[    0.028000] dmar: RMRR base: 0x00000072565000 end: 0x0000007a56cfff
[    0.032000] dmar: ATSR flags: 0x0
[    0.036000] dmar: RHSA base: 0x000000c7ffc000 proximity domain: 0x0
[    0.040000] dmar: RHSA base: 0x000000fbffc000 proximity domain: 0x1
[    0.044000] intel_irq_remapping: IOAPIC id 3 under DRHD base  0xfbffc000 IOMMU 0
[    0.048000] intel_irq_remapping: IOAPIC id 1 under DRHD base  0xc7ffc000 IOMMU 1
[    0.052000] intel_irq_remapping: IOAPIC id 2 under DRHD base  0xc7ffc000 IOMMU 1
[    0.056000] intel_irq_remapping: HPET id 0 under DRHD base 0xc7ffc000
[    0.060000] intel_irq_remapping: x2apic is disabled because BIOS sets x2apic opt out bit.
[    0.060000] intel_irq_remapping: Use 'intremap=no_x2apic_optout' to override the BIOS setting.
[    0.068000] intel_irq_remapping: Enabled IRQ remapping in xapic mode
[    0.068000] apic: x2apic: IRQ remapping doesn't support X2APIC mode
[    0.072000] probe_64: Switched APIC routing to physical flat.
[    0.076000] ..TIMER: vector=0x30 apic1=0 pin1=2 apic2=-1 pin2=-1
[    0.096000] tsc: Fast TSC calibration using PIT
[    0.100000] tsc: Detected 2394.232 MHz processor
[    0.104000] clocksource: tsc-early: mask: 0xffffffffffffffff max_cycles: 0x2282ee8190f, max_idle_ns: 440795237784 ns
[    0.108001] calibrate: Calibrating delay loop (skipped), value calculated using timer frequency.. 4788.46 BogoMIPS (lpj=9576928)
[    0.112001] pid: pid_max: default: 32768 minimum: 301
[    0.116063] security: Security Framework initialized
[    0.120001] yama: Yama: becoming mindful.
[    0.124031] AppArmor: AppArmor initialized
[    0.141091] page_alloc: Dentry cache hash table entries: 8388608 (order: 14, 67108864 bytes)
[    0.152190] page_alloc: Inode-cache hash table entries: 4194304 (order: 13, 33554432 bytes)
[    0.156204] page_alloc: Mount-cache hash table entries: 131072 (order: 8, 1048576 bytes)
[    0.160178] page_alloc: Mountpoint-cache hash table entries: 131072 (order: 8, 1048576 bytes)
[    0.164288] topology: CPU: Physical Processor ID: 0
[    0.168001] topology: CPU: Processor Core ID: 0
[    0.172005] intel: ENERGY_PERF_BIAS: Set to 'normal', was 'performance'
[    0.176000] intel: ENERGY_PERF_BIAS: View and update with x86_energy_perf_policy(8)
[    0.180004] mce: CPU supports 22 MCE banks
[    0.184015] therm_throt: CPU0: Thermal monitoring enabled (TM1)
[    0.188019] process: using mwait in idle threads
[    0.192002] common: Last level iTLB entries: 4KB 1024, 2MB 1024, 4MB 1024
[    0.196000] common: Last level dTLB entries: 4KB 1024, 2MB 1024, 4MB 1024, 1GB 4
[    0.200002] Spectre V2 : Vulnerable: Minimal generic ASM retpoline
[    0.204000] Speculative Store Bypass: Vulnerable
[    0.208130] page_alloc: Freeing SMP alternatives memory: 40K
[    0.213380] TSC deadline timer enabled
[    0.213386] smpboot: CPU0: Intel(R) Xeon(R) CPU E5-2630 v3 @ 2.40GHz (family: 0x6, model: 0x3f, stepping: 0x2)
[    0.216126] core: Performance Events: PEBS fmt2+, Haswell events, 16-deep LBR, full-width counters, Intel PMU driver.
[    0.220005] core: ... version:                3
[    0.224001] core: ... bit width:              48
[    0.228000] core: ... generic registers:      4
[    0.232001] core: ... value mask:             0000ffffffffffff
[    0.236000] core: ... max period:             00007fffffffffff
[    0.240000] core: ... fixed-purpose events:   3
[    0.244000] core: ... event mask:             000000070000000f
[    0.248055] srcutree: Hierarchical SRCU implementation.
[    0.255570] watchdog_hld: Enabled. Permanently consumes one hw-PMU counter.
[    0.256019] smp: Bringing up secondary CPUs ...
[    0.260177] x86: Booting SMP configuration:
[    0.264003] .... node  #0, CPUs:        #1  #2  #3  #4  #5  #6  #7
[    0.272004] .... node  #1, CPUs:    #8  #9 #10 #11 #12 #13 #14 #15
[    0.368002] .... node  #0, CPUs:   #16 #17 #18 #19 #20 #21 #22 #23
[    0.380004] .... node  #1, CPUs:   #24 #25 #26 #27 #28 #29 #30 #31
[    0.389112] smp: Brought up 2 nodes, 32 CPUs
[    0.396001] smpboot: Max logical packages: 2
[    0.400002] smpboot: Total of 32 processors activated (153255.69 BogoMIPS)
[    0.411294] devtmpfs: initialized
[    0.412073] init_64: x86/mm: Memory block size: 2048MB
[    0.416431] evm: security.selinux
[    0.420001] evm: security.SMACK64
[    0.423695] evm: security.apparmor
[    0.424004] evm: security.ima
[    0.427310] evm: security.capability
[    0.428059] acpi: PM: Registering ACPI NVS region [mem 0x6f9e1000-0x6ff3bfff] (5615616 bytes)
[    0.432238] clocksource: jiffies: mask: 0xffffffff max_cycles: 0xffffffff, max_idle_ns: 7645041785100000 ns
[    0.436045] page_alloc: futex hash table entries: 8192 (order: 7, 524288 bytes)
[    0.440269] xor: automatically using best checksumming function   avx       
[    0.444028] core: initialized pinctrl subsystem
[    0.448119] trace: RTC time: 21:34:02, date: 12/28/18
[    0.452669] socket: NET: Registered protocol family 16
[    0.456105] audit: initializing netlink subsys (disabled)
[    0.460019] audit: type=2000 audit(1546032839.460:1): state=initialized audit_enabled=0 res=1
[    0.468004] cpuidle: using governor ladder
[    0.472013] cpuidle: using governor menu
[    0.476055] random: random: get_random_bytes called from kcmp_cookies_init+0x16/0x38 with crng_init=0
[    0.480003] pci_acpi: ACPI FADT declares the system doesn't support PCIe ASPM, so disable it
[    0.484001] ACPI: bus type PCI registered
[    0.488001] acpiphp: ACPI Hot Plug PCI Controller Driver version: 0.5
[    0.492114] mmconfig_shared: PCI: MMCONFIG for domain 0000 [bus 00-ff] at [mem 0x80000000-0x8fffffff] (base 0x80000000)
[    0.496003] mmconfig_shared: PCI: MMCONFIG at [mem 0x80000000-0x8fffffff] reserved in E820
[    0.500018] PCI: Using configuration type 1 for base access
[    0.504038] core: PMU erratum BJ122, BV98, HSD29 worked around, HT is on
[    0.509653] hugetlb: HugeTLB registered 1.00 GiB page size, pre-allocated 0 pages
[    0.512004] hugetlb: HugeTLB registered 2.00 MiB page size, pre-allocated 0 pages
[    0.584009] raid6_pq: raid6: sse2x1   gen()  7752 MB/s
[    0.656003] raid6_pq: raid6: sse2x1   xor()  6087 MB/s
[    0.728006] raid6_pq: raid6: sse2x2   gen()  9726 MB/s
[    0.800002] raid6_pq: raid6: sse2x2   xor()  6696 MB/s
[    0.872006] raid6_pq: raid6: sse2x4   gen() 11372 MB/s
[    0.944002] raid6_pq: raid6: sse2x4   xor()  7992 MB/s
[    1.016004] raid6_pq: raid6: avx2x1   gen() 15174 MB/s
[    1.088002] raid6_pq: raid6: avx2x1   xor() 11591 MB/s
[    1.160002] raid6_pq: raid6: avx2x2   gen() 17535 MB/s
[    1.232002] raid6_pq: raid6: avx2x2   xor() 12454 MB/s
[    1.304003] raid6_pq: raid6: avx2x4   gen() 20490 MB/s
[    1.376002] raid6_pq: raid6: avx2x4   xor() 14363 MB/s
[    1.380001] raid6_pq: raid6: using algorithm avx2x4 gen() 20490 MB/s
[    1.384000] raid6_pq: raid6: .... xor() 14363 MB/s, rmw enabled
[    1.388001] raid6_pq: raid6: using avx2x2 recovery algorithm
[    1.392157] acpi: Added _OSI(Module Device)
[    1.396002] acpi: Added _OSI(Processor Device)
[    1.400001] acpi: Added _OSI(3.0 _SCP Extensions)
[    1.404001] acpi: Added _OSI(Processor Aggregator Device)
[    1.408001] acpi: Added _OSI(Linux-Dell-Video)
[    1.448257] ACPI: 4 ACPI AML tables successfully acquired and loaded
[    1.456687] acpi: [Firmware Bug]: BIOS _OSI(Linux) query ignored
[    1.468814] ACPI: Dynamic OEM Table Load:
[    1.493663] ACPI: Interpreter enabled
[    1.496014] acpi: ACPI: (supports S0 S5)
[    1.500001] ACPI: Using IOAPIC for interrupt routing
[    1.504044] apei: HEST: Table parsing has been initialized.
[    1.508003] PCI: Using host bridge windows from ACPI; if necessary, use "pci=nocrs" and report a bug
[    1.512453] ACPI: Enabled 5 GPEs in block 00 to 3F
[    1.549899] acpi: ACPI: PCI Root Bridge [UNC1] (domain 0000 [bus ff])
[    1.556005] acpi PNP0A03:02: _OSC: OS supports [ExtendedConfig ASPM ClockPM Segments MSI]
[    1.566250] acpi PNP0A03:02: _OSC: OS now controls [PCIeHotplug PME AER PCIeCapability]
[    1.576002] acpi PNP0A03:02: FADT indicates ASPM is unsupported, using BIOS configuration
[    1.584040] probe: PCI host bridge to bus 0000:ff
[    1.588002] pci_bus 0000:ff: root bus resource [bus ff]
[    1.596010] pci 0000:ff:08.0: [8086:2f80] type 00 class 0x088000
[    1.596072] pci 0000:ff:08.2: [8086:2f32] type 00 class 0x110100
[    1.596115] pci 0000:ff:08.3: [8086:2f83] type 00 class 0x088000
[    1.596164] pci 0000:ff:09.0: [8086:2f90] type 00 class 0x088000
[    1.596207] pci 0000:ff:09.2: [8086:2f33] type 00 class 0x110100
[    1.596248] pci 0000:ff:09.3: [8086:2f93] type 00 class 0x088000
[    1.596294] pci 0000:ff:0b.0: [8086:2f81] type 00 class 0x088000
[    1.596332] pci 0000:ff:0b.1: [8086:2f36] type 00 class 0x110100
[    1.596374] pci 0000:ff:0b.2: [8086:2f37] type 00 class 0x110100
[    1.596415] pci 0000:ff:0c.0: [8086:2fe0] type 00 class 0x088000
[    1.596453] pci 0000:ff:0c.1: [8086:2fe1] type 00 class 0x088000
[    1.596496] pci 0000:ff:0c.2: [8086:2fe2] type 00 class 0x088000
[    1.596535] pci 0000:ff:0c.3: [8086:2fe3] type 00 class 0x088000
[    1.596577] pci 0000:ff:0c.4: [8086:2fe4] type 00 class 0x088000
[    1.596617] pci 0000:ff:0c.5: [8086:2fe5] type 00 class 0x088000
[    1.596656] pci 0000:ff:0c.6: [8086:2fe6] type 00 class 0x088000
[    1.596698] pci 0000:ff:0c.7: [8086:2fe7] type 00 class 0x088000
[    1.596738] pci 0000:ff:0f.0: [8086:2ff8] type 00 class 0x088000
[    1.596779] pci 0000:ff:0f.1: [8086:2ff9] type 00 class 0x088000
[    1.596820] pci 0000:ff:0f.4: [8086:2ffc] type 00 class 0x088000
[    1.596860] pci 0000:ff:0f.5: [8086:2ffd] type 00 class 0x088000
[    1.596906] pci 0000:ff:0f.6: [8086:2ffe] type 00 class 0x088000
[    1.596947] pci 0000:ff:10.0: [8086:2f1d] type 00 class 0x088000
[    1.596989] pci 0000:ff:10.1: [8086:2f34] type 00 class 0x110100
[    1.597032] pci 0000:ff:10.5: [8086:2f1e] type 00 class 0x088000
[    1.597071] pci 0000:ff:10.6: [8086:2f7d] type 00 class 0x110100
[    1.597110] pci 0000:ff:10.7: [8086:2f1f] type 00 class 0x088000
[    1.597149] pci 0000:ff:12.0: [8086:2fa0] type 00 class 0x088000
[    1.597194] pci 0000:ff:12.1: [8086:2f30] type 00 class 0x110100
[    1.597240] pci 0000:ff:13.0: [8086:2fa8] type 00 class 0x088000
[    1.597286] pci 0000:ff:13.1: [8086:2f71] type 00 class 0x088000
[    1.597332] pci 0000:ff:13.2: [8086:2faa] type 00 class 0x088000
[    1.597379] pci 0000:ff:13.3: [8086:2fab] type 00 class 0x088000
[    1.597428] pci 0000:ff:13.4: [8086:2fac] type 00 class 0x088000
[    1.597474] pci 0000:ff:13.5: [8086:2fad] type 00 class 0x088000
[    1.597519] pci 0000:ff:13.6: [8086:2fae] type 00 class 0x088000
[    1.597562] pci 0000:ff:13.7: [8086:2faf] type 00 class 0x088000
[    1.597607] pci 0000:ff:14.0: [8086:2fb0] type 00 class 0x088000
[    1.597656] pci 0000:ff:14.1: [8086:2fb1] type 00 class 0x088000
[    1.597701] pci 0000:ff:14.2: [8086:2fb2] type 00 class 0x088000
[    1.597749] pci 0000:ff:14.3: [8086:2fb3] type 00 class 0x088000
[    1.597794] pci 0000:ff:14.4: [8086:2fbc] type 00 class 0x088000
[    1.597837] pci 0000:ff:14.5: [8086:2fbd] type 00 class 0x088000
[    1.597883] pci 0000:ff:14.6: [8086:2fbe] type 00 class 0x088000
[    1.597926] pci 0000:ff:14.7: [8086:2fbf] type 00 class 0x088000
[    1.597968] pci 0000:ff:15.0: [8086:2fb4] type 00 class 0x088000
[    1.598014] pci 0000:ff:15.1: [8086:2fb5] type 00 class 0x088000
[    1.598061] pci 0000:ff:15.2: [8086:2fb6] type 00 class 0x088000
[    1.598111] pci 0000:ff:15.3: [8086:2fb7] type 00 class 0x088000
[    1.598161] pci 0000:ff:16.0: [8086:2f68] type 00 class 0x088000
[    1.598209] pci 0000:ff:16.6: [8086:2f6e] type 00 class 0x088000
[    1.598255] pci 0000:ff:16.7: [8086:2f6f] type 00 class 0x088000
[    1.598299] pci 0000:ff:17.0: [8086:2fd0] type 00 class 0x088000
[    1.598347] pci 0000:ff:17.4: [8086:2fb8] type 00 class 0x088000
[    1.598390] pci 0000:ff:17.5: [8086:2fb9] type 00 class 0x088000
[    1.598433] pci 0000:ff:17.6: [8086:2fba] type 00 class 0x088000
[    1.598478] pci 0000:ff:17.7: [8086:2fbb] type 00 class 0x088000
[    1.598526] pci 0000:ff:1e.0: [8086:2f98] type 00 class 0x088000
[    1.598570] pci 0000:ff:1e.1: [8086:2f99] type 00 class 0x088000
[    1.598612] pci 0000:ff:1e.2: [8086:2f9a] type 00 class 0x088000
[    1.598654] pci 0000:ff:1e.3: [8086:2fc0] type 00 class 0x088000
[    1.598684] pci 0000:ff:1e.4: [8086:2f9c] type 00 class 0x088000
[    1.598728] pci 0000:ff:1f.0: [8086:2f88] type 00 class 0x088000
[    1.598782] pci 0000:ff:1f.2: [8086:2f8a] type 00 class 0x088000
[    1.598879] acpi: ACPI: PCI Root Bridge [UNC0] (domain 0000 [bus 7f])
[    1.604003] acpi PNP0A03:03: _OSC: OS supports [ExtendedConfig ASPM ClockPM Segments MSI]
[    1.616768] acpi PNP0A03:03: _OSC: OS now controls [PCIeHotplug PME AER PCIeCapability]
[    1.624002] acpi PNP0A03:03: FADT indicates ASPM is unsupported, using BIOS configuration
[    1.632035] probe: PCI host bridge to bus 0000:7f
[    1.640002] pci_bus 0000:7f: root bus resource [bus 7f]
[    1.644008] pci 0000:7f:08.0: [8086:2f80] type 00 class 0x088000
[    1.644052] pci 0000:7f:08.2: [8086:2f32] type 00 class 0x110100
[    1.644093] pci 0000:7f:08.3: [8086:2f83] type 00 class 0x088000
[    1.644139] pci 0000:7f:09.0: [8086:2f90] type 00 class 0x088000
[    1.644178] pci 0000:7f:09.2: [8086:2f33] type 00 class 0x110100
[    1.644217] pci 0000:7f:09.3: [8086:2f93] type 00 class 0x088000
[    1.644263] pci 0000:7f:0b.0: [8086:2f81] type 00 class 0x088000
[    1.644300] pci 0000:7f:0b.1: [8086:2f36] type 00 class 0x110100
[    1.644340] pci 0000:7f:0b.2: [8086:2f37] type 00 class 0x110100
[    1.644379] pci 0000:7f:0c.0: [8086:2fe0] type 00 class 0x088000
[    1.644415] pci 0000:7f:0c.1: [8086:2fe1] type 00 class 0x088000
[    1.644450] pci 0000:7f:0c.2: [8086:2fe2] type 00 class 0x088000
[    1.644485] pci 0000:7f:0c.3: [8086:2fe3] type 00 class 0x088000
[    1.644524] pci 0000:7f:0c.4: [8086:2fe4] type 00 class 0x088000
[    1.644560] pci 0000:7f:0c.5: [8086:2fe5] type 00 class 0x088000
[    1.644595] pci 0000:7f:0c.6: [8086:2fe6] type 00 class 0x088000
[    1.644633] pci 0000:7f:0c.7: [8086:2fe7] type 00 class 0x088000
[    1.644670] pci 0000:7f:0f.0: [8086:2ff8] type 00 class 0x088000
[    1.644709] pci 0000:7f:0f.1: [8086:2ff9] type 00 class 0x088000
[    1.644747] pci 0000:7f:0f.4: [8086:2ffc] type 00 class 0x088000
[    1.644784] pci 0000:7f:0f.5: [8086:2ffd] type 00 class 0x088000
[    1.644819] pci 0000:7f:0f.6: [8086:2ffe] type 00 class 0x088000
[    1.644855] pci 0000:7f:10.0: [8086:2f1d] type 00 class 0x088000
[    1.644897] pci 0000:7f:10.1: [8086:2f34] type 00 class 0x110100
[    1.644937] pci 0000:7f:10.5: [8086:2f1e] type 00 class 0x088000
[    1.644973] pci 0000:7f:10.6: [8086:2f7d] type 00 class 0x110100
[    1.645010] pci 0000:7f:10.7: [8086:2f1f] type 00 class 0x088000
[    1.645046] pci 0000:7f:12.0: [8086:2fa0] type 00 class 0x088000
[    1.645088] pci 0000:7f:12.1: [8086:2f30] type 00 class 0x110100
[    1.645130] pci 0000:7f:13.0: [8086:2fa8] type 00 class 0x088000
[    1.645171] pci 0000:7f:13.1: [8086:2f71] type 00 class 0x088000
[    1.645212] pci 0000:7f:13.2: [8086:2faa] type 00 class 0x088000
[    1.645255] pci 0000:7f:13.3: [8086:2fab] type 00 class 0x088000
[    1.645300] pci 0000:7f:13.4: [8086:2fac] type 00 class 0x088000
[    1.645340] pci 0000:7f:13.5: [8086:2fad] type 00 class 0x088000
[    1.645381] pci 0000:7f:13.6: [8086:2fae] type 00 class 0x088000
[    1.645423] pci 0000:7f:13.7: [8086:2faf] type 00 class 0x088000
[    1.645463] pci 0000:7f:14.0: [8086:2fb0] type 00 class 0x088000
[    1.645514] pci 0000:7f:14.1: [8086:2fb1] type 00 class 0x088000
[    1.645556] pci 0000:7f:14.2: [8086:2fb2] type 00 class 0x088000
[    1.645600] pci 0000:7f:14.3: [8086:2fb3] type 00 class 0x088000
[    1.645641] pci 0000:7f:14.4: [8086:2fbc] type 00 class 0x088000
[    1.645681] pci 0000:7f:14.5: [8086:2fbd] type 00 class 0x088000
[    1.645723] pci 0000:7f:14.6: [8086:2fbe] type 00 class 0x088000
[    1.645763] pci 0000:7f:14.7: [8086:2fbf] type 00 class 0x088000
[    1.645803] pci 0000:7f:15.0: [8086:2fb4] type 00 class 0x088000
[    1.645845] pci 0000:7f:15.1: [8086:2fb5] type 00 class 0x088000
[    1.645888] pci 0000:7f:15.2: [8086:2fb6] type 00 class 0x088000
[    1.645936] pci 0000:7f:15.3: [8086:2fb7] type 00 class 0x088000
[    1.645982] pci 0000:7f:16.0: [8086:2f68] type 00 class 0x088000
[    1.646028] pci 0000:7f:16.6: [8086:2f6e] type 00 class 0x088000
[    1.646068] pci 0000:7f:16.7: [8086:2f6f] type 00 class 0x088000
[    1.646107] pci 0000:7f:17.0: [8086:2fd0] type 00 class 0x088000
[    1.646152] pci 0000:7f:17.4: [8086:2fb8] type 00 class 0x088000
[    1.646192] pci 0000:7f:17.5: [8086:2fb9] type 00 class 0x088000
[    1.646231] pci 0000:7f:17.6: [8086:2fba] type 00 class 0x088000
[    1.646273] pci 0000:7f:17.7: [8086:2fbb] type 00 class 0x088000
[    1.646317] pci 0000:7f:1e.0: [8086:2f98] type 00 class 0x088000
[    1.646358] pci 0000:7f:1e.1: [8086:2f99] type 00 class 0x088000
[    1.646397] pci 0000:7f:1e.2: [8086:2f9a] type 00 class 0x088000
[    1.646435] pci 0000:7f:1e.3: [8086:2fc0] type 00 class 0x088000
[    1.646463] pci 0000:7f:1e.4: [8086:2f9c] type 00 class 0x088000
[    1.646505] pci 0000:7f:1f.0: [8086:2f88] type 00 class 0x088000
[    1.646547] pci 0000:7f:1f.2: [8086:2f8a] type 00 class 0x088000
[    1.654689] acpi: ACPI: PCI Root Bridge [PCI0] (domain 0000 [bus 00-7e])
[    1.664004] acpi PNP0A08:00: _OSC: OS supports [ExtendedConfig ASPM ClockPM Segments MSI]
[    1.672556] acpi PNP0A08:00: _OSC: OS now controls [PCIeHotplug PME AER PCIeCapability]
[    1.680001] acpi PNP0A08:00: FADT indicates ASPM is unsupported, using BIOS configuration
[    1.692294] probe: PCI host bridge to bus 0000:00
[    1.696003] pci_bus 0000:00: root bus resource [io  0x0000-0x0cf7 window]
[    1.704002] pci_bus 0000:00: root bus resource [io  0x1000-0x7fff window]
[    1.712001] pci_bus 0000:00: root bus resource [mem 0x000a0000-0x000bffff window]
[    1.720001] pci_bus 0000:00: root bus resource [mem 0x90000000-0xc7ffbfff window]
[    1.728001] pci_bus 0000:00: root bus resource [mem 0x38000000000-0x3bfffffffff window]
[    1.736001] pci_bus 0000:00: root bus resource [bus 00-7e]
[    1.744007] pci 0000:00:00.0: [8086:2f00] type 00 class 0x060000
[    1.744142] pci 0000:00:01.0: [8086:2f02] type 01 class 0x060400
[    1.744187] pci 0000:00:01.0: PME# supported from D0 D3hot D3cold
[    1.744287] pci 0000:00:01.1: [8086:2f03] type 01 class 0x060400
[    1.744331] pci 0000:00:01.1: PME# supported from D0 D3hot D3cold
[    1.744432] pci 0000:00:02.0: [8086:2f04] type 01 class 0x060400
[    1.744476] pci 0000:00:02.0: PME# supported from D0 D3hot D3cold
[    1.744580] pci 0000:00:02.2: [8086:2f06] type 01 class 0x060400
[    1.744625] pci 0000:00:02.2: PME# supported from D0 D3hot D3cold
[    1.744728] pci 0000:00:03.0: [8086:2f08] type 01 class 0x060400
[    1.744772] pci 0000:00:03.0: PME# supported from D0 D3hot D3cold
[    1.744876] pci 0000:00:05.0: [8086:2f28] type 00 class 0x088000
[    1.744993] pci 0000:00:05.1: [8086:2f29] type 00 class 0x088000
[    1.745126] pci 0000:00:05.2: [8086:2f2a] type 00 class 0x088000
[    1.745240] pci 0000:00:05.4: [8086:2f2c] type 00 class 0x080020
[    1.745248] pci 0000:00:05.4: reg 0x10: [mem 0xc7105000-0xc7105fff]
[    1.745379] pci 0000:00:11.0: [8086:8d7c] type 00 class 0xff0000
[    1.745575] pci 0000:00:11.4: [8086:8d62] type 00 class 0x010601
[    1.745593] pci 0000:00:11.4: reg 0x10: [io  0x7110-0x7117]
[    1.745601] pci 0000:00:11.4: reg 0x14: [io  0x7100-0x7103]
[    1.745608] pci 0000:00:11.4: reg 0x18: [io  0x70f0-0x70f7]
[    1.745616] pci 0000:00:11.4: reg 0x1c: [io  0x70e0-0x70e3]
[    1.745623] pci 0000:00:11.4: reg 0x20: [io  0x7020-0x703f]
[    1.745631] pci 0000:00:11.4: reg 0x24: [mem 0xc7104000-0xc71047ff]
[    1.745669] pci 0000:00:11.4: PME# supported from D3hot
[    1.745777] pci 0000:00:16.0: [8086:8d3a] type 00 class 0x078000
[    1.745796] pci 0000:00:16.0: reg 0x10: [mem 0x3bffff13000-0x3bffff1300f 64bit]
[    1.745852] pci 0000:00:16.0: PME# supported from D0 D3hot D3cold
[    1.745950] pci 0000:00:16.1: [8086:8d3b] type 00 class 0x078000
[    1.745970] pci 0000:00:16.1: reg 0x10: [mem 0x3bffff12000-0x3bffff1200f 64bit]
[    1.746026] pci 0000:00:16.1: PME# supported from D0 D3hot D3cold
[    1.746133] pci 0000:00:1a.0: [8086:8d2d] type 00 class 0x0c0320
[    1.746153] pci 0000:00:1a.0: reg 0x10: [mem 0xc7102000-0xc71023ff]
[    1.746229] pci 0000:00:1a.0: PME# supported from D0 D3hot D3cold
[    1.746329] pci 0000:00:1c.0: [8086:8d10] type 01 class 0x060400
[    1.746396] pci 0000:00:1c.0: PME# supported from D0 D3hot D3cold
[    1.746504] pci 0000:00:1c.3: [8086:8d16] type 01 class 0x060400
[    1.746572] pci 0000:00:1c.3: PME# supported from D0 D3hot D3cold
[    1.746681] pci 0000:00:1d.0: [8086:8d26] type 00 class 0x0c0320
[    1.746701] pci 0000:00:1d.0: reg 0x10: [mem 0xc7101000-0xc71013ff]
[    1.746778] pci 0000:00:1d.0: PME# supported from D0 D3hot D3cold
[    1.746879] pci 0000:00:1f.0: [8086:8d44] type 00 class 0x060100
[    1.747071] pci 0000:00:1f.2: [8086:8d02] type 00 class 0x010601
[    1.747085] pci 0000:00:1f.2: reg 0x10: [io  0x7070-0x7077]
[    1.747092] pci 0000:00:1f.2: reg 0x14: [io  0x7060-0x7063]
[    1.747098] pci 0000:00:1f.2: reg 0x18: [io  0x7050-0x7057]
[    1.747105] pci 0000:00:1f.2: reg 0x1c: [io  0x7040-0x7043]
[    1.747111] pci 0000:00:1f.2: reg 0x20: [io  0x7000-0x701f]
[    1.747117] pci 0000:00:1f.2: reg 0x24: [mem 0xc7100000-0xc71007ff]
[    1.747150] pci 0000:00:1f.2: PME# supported from D3hot
[    1.747399] acpiphp: Slot [0] registered
[    1.752036] pci 0000:01:00.0: [8086:1521] type 00 class 0x020000
[    1.752054] pci 0000:01:00.0: reg 0x10: [mem 0xc6a00000-0xc6afffff]
[    1.752065] pci 0000:01:00.0: reg 0x18: [io  0x6020-0x603f]
[    1.752072] pci 0000:01:00.0: reg 0x1c: [mem 0xc6c04000-0xc6c07fff]
[    1.752089] pci 0000:01:00.0: reg 0x30: [mem 0xc6b80000-0xc6bfffff pref]
[    1.752144] pci 0000:01:00.0: PME# supported from D0 D3hot D3cold
[    1.752167] pci 0000:01:00.0: reg 0x184: [mem 0x3bfffe60000-0x3bfffe63fff 64bit pref]
[    1.752169] pci 0000:01:00.0: VF(n) BAR0 space: [mem 0x3bfffe60000-0x3bfffe7ffff 64bit pref] (contains BAR0 for 8 VFs)
[    1.764013] pci 0000:01:00.0: reg 0x190: [mem 0x3bfffe40000-0x3bfffe43fff 64bit pref]
[    1.764014] pci 0000:01:00.0: VF(n) BAR3 space: [mem 0x3bfffe40000-0x3bfffe5ffff 64bit pref] (contains BAR3 for 8 VFs)
[    1.776089] pci 0000:01:00.1: [8086:1521] type 00 class 0x020000
[    1.776106] pci 0000:01:00.1: reg 0x10: [mem 0xc6900000-0xc69fffff]
[    1.776118] pci 0000:01:00.1: reg 0x18: [io  0x6000-0x601f]
[    1.776124] pci 0000:01:00.1: reg 0x1c: [mem 0xc6c00000-0xc6c03fff]
[    1.776141] pci 0000:01:00.1: reg 0x30: [mem 0xc6b00000-0xc6b7ffff pref]
[    1.776193] pci 0000:01:00.1: PME# supported from D0 D3hot D3cold
[    1.776213] pci 0000:01:00.1: reg 0x184: [mem 0x3bfffe20000-0x3bfffe23fff 64bit pref]
[    1.776215] pci 0000:01:00.1: VF(n) BAR0 space: [mem 0x3bfffe20000-0x3bfffe3ffff 64bit pref] (contains BAR0 for 8 VFs)
[    1.788013] pci 0000:01:00.1: reg 0x190: [mem 0x3bfffe00000-0x3bfffe03fff 64bit pref]
[    1.788014] pci 0000:01:00.1: VF(n) BAR3 space: [mem 0x3bfffe00000-0x3bfffe1ffff 64bit pref] (contains BAR3 for 8 VFs)
[    1.800081] pci 0000:00:01.0: PCI bridge to [bus 01-02]
[    1.804002] pci 0000:00:01.0:   bridge window [io  0x6000-0x6fff]
[    1.804004] pci 0000:00:01.0:   bridge window [mem 0xc6900000-0xc6cfffff]
[    1.804007] pci 0000:00:01.0:   bridge window [mem 0x3bfffe00000-0x3bfffefffff 64bit pref]
[    1.804148] pci 0000:00:01.1: PCI bridge to [bus 03]
[    1.812141] pci 0000:00:02.0: PCI bridge to [bus 04]
[    1.816144] pci 0000:05:00.0: [1000:005d] type 00 class 0x010400
[    1.816155] pci 0000:05:00.0: reg 0x10: [io  0x5000-0x50ff]
[    1.816161] pci 0000:05:00.0: reg 0x14: [mem 0xc6f00000-0xc6f0ffff 64bit]
[    1.816168] pci 0000:05:00.0: reg 0x1c: [mem 0xc6e00000-0xc6efffff 64bit]
[    1.816176] pci 0000:05:00.0: reg 0x30: [mem 0xc6d00000-0xc6dfffff pref]
[    1.816180] pci 0000:05:00.0: enabling Extended Tags
[    1.824005] pci 0000:05:00.0: supports D1 D2
[    1.824005] pci 0000:00:02.2: PCI bridge to [bus 05]
[    1.828003] pci 0000:00:02.2:   bridge window [io  0x5000-0x5fff]
[    1.828005] pci 0000:00:02.2:   bridge window [mem 0xc6d00000-0xc6ffffff]
[    1.828165] pci 0000:06:00.0: [8086:10fb] type 00 class 0x020000
[    1.828177] pci 0000:06:00.0: reg 0x10: [mem 0xc7900000-0xc79fffff pref]
[    1.828186] pci 0000:06:00.0: reg 0x18: [io  0x4020-0x403f]
[    1.828191] pci 0000:06:00.0: reg 0x1c: [mem 0xc7e04000-0xc7e07fff pref]
[    1.828204] pci 0000:06:00.0: reg 0x30: [mem 0xc7080000-0xc70fffff pref]
[    1.828242] pci 0000:06:00.0: PME# supported from D0 D3hot
[    1.828258] pci 0000:06:00.0: reg 0x184: [mem 0xc7d00000-0xc7d03fff 64bit pref]
[    1.828260] pci 0000:06:00.0: VF(n) BAR0 space: [mem 0xc7d00000-0xc7dfffff 64bit pref] (contains BAR0 for 64 VFs)
[    1.840010] pci 0000:06:00.0: reg 0x190: [mem 0xc7c00000-0xc7c03fff 64bit pref]
[    1.840011] pci 0000:06:00.0: VF(n) BAR3 space: [mem 0xc7c00000-0xc7cfffff 64bit pref] (contains BAR3 for 64 VFs)
[    1.852133] pci 0000:06:00.1: [8086:10fb] type 00 class 0x020000
[    1.852145] pci 0000:06:00.1: reg 0x10: [mem 0xc7800000-0xc78fffff pref]
[    1.852154] pci 0000:06:00.1: reg 0x18: [io  0x4000-0x401f]
[    1.852159] pci 0000:06:00.1: reg 0x1c: [mem 0xc7e00000-0xc7e03fff pref]
[    1.852172] pci 0000:06:00.1: reg 0x30: [mem 0xc7000000-0xc707ffff pref]
[    1.852208] pci 0000:06:00.1: PME# supported from D0 D3hot
[    1.852222] pci 0000:06:00.1: reg 0x184: [mem 0xc7b00000-0xc7b03fff 64bit pref]
[    1.852223] pci 0000:06:00.1: VF(n) BAR0 space: [mem 0xc7b00000-0xc7bfffff 64bit pref] (contains BAR0 for 64 VFs)
[    1.864010] pci 0000:06:00.1: reg 0x190: [mem 0xc7a00000-0xc7a03fff 64bit pref]
[    1.864011] pci 0000:06:00.1: VF(n) BAR3 space: [mem 0xc7a00000-0xc7afffff 64bit pref] (contains BAR3 for 64 VFs)
[    1.872138] pci 0000:00:03.0: PCI bridge to [bus 06-07]
[    1.880002] pci 0000:00:03.0:   bridge window [io  0x4000-0x4fff]
[    1.880004] pci 0000:00:03.0:   bridge window [mem 0xc7000000-0xc70fffff]
[    1.880007] pci 0000:00:03.0:   bridge window [mem 0xc7800000-0xc7efffff 64bit pref]
[    1.880044] pci 0000:00:1c.0: PCI bridge to [bus 08]
[    1.884066] pci 0000:09:00.0: [102b:0522] type 00 class 0x030000
[    1.884097] pci 0000:09:00.0: reg 0x10: [mem 0xc5000000-0xc5ffffff]
[    1.884111] pci 0000:09:00.0: reg 0x14: [mem 0xc6810000-0xc6813fff]
[    1.884124] pci 0000:09:00.0: reg 0x18: [mem 0xc6000000-0xc67fffff]
[    1.884176] pci 0000:09:00.0: reg 0x30: [mem 0xc6800000-0xc680ffff pref]
[    1.884313] pci 0000:00:1c.3: PCI bridge to [bus 09]
[    1.892005] pci 0000:00:1c.3:   bridge window [mem 0xc5000000-0xc68fffff]
[    1.892034] pci_bus 0000:00: on NUMA node 0
[    1.892592] acpi: ACPI: PCI Root Bridge [PCI1] (domain 0000 [bus 80-fe])
[    1.900004] acpi PNP0A08:01: _OSC: OS supports [ExtendedConfig ASPM ClockPM Segments MSI]
[    1.908550] acpi PNP0A08:01: _OSC: OS now controls [PCIeHotplug PME AER PCIeCapability]
[    1.920001] acpi PNP0A08:01: FADT indicates ASPM is unsupported, using BIOS configuration
[    1.928159] probe: PCI host bridge to bus 0000:80
[    1.932002] pci_bus 0000:80: root bus resource [io  0x8000-0xffff window]
[    1.940001] pci_bus 0000:80: root bus resource [mem 0xc8000000-0xfbffbfff window]
[    1.948001] pci_bus 0000:80: root bus resource [mem 0x3c000000000-0x3ffffffffff window]
[    1.956001] pci_bus 0000:80: root bus resource [bus 80-fe]
[    1.964009] pci 0000:80:02.0: [8086:2f04] type 01 class 0x060400
[    1.964062] pci 0000:80:02.0: PME# supported from D0 D3hot D3cold
[    1.964137] pci 0000:80:05.0: [8086:2f28] type 00 class 0x088000
[    1.964229] pci 0000:80:05.1: [8086:2f29] type 00 class 0x088000
[    1.964332] pci 0000:80:05.2: [8086:2f2a] type 00 class 0x088000
[    1.964422] pci 0000:80:05.4: [8086:2f2c] type 00 class 0x080020
[    1.964431] pci 0000:80:05.4: reg 0x10: [mem 0xfbf00000-0xfbf00fff]
[    1.964673] pci 0000:80:02.0: PCI bridge to [bus 81]
[    1.968011] pci_bus 0000:80: on NUMA node 1
[    1.968346] ACPI: PCI Interrupt Link [LNKA] (IRQs 3 4 5 6 7 10 *11 12 14 15)
[    1.976042] ACPI: PCI Interrupt Link [LNKB] (IRQs 3 4 5 6 7 *10 11 12 14 15)
[    1.984040] ACPI: PCI Interrupt Link [LNKC] (IRQs 3 4 5 6 10 *11 12 14 15)
[    1.992040] ACPI: PCI Interrupt Link [LNKD] (IRQs 3 4 *5 6 10 11 12 14 15)
[    2.000040] ACPI: PCI Interrupt Link [LNKE] (IRQs 3 4 5 6 7 10 11 12 14 15) *0, disabled.
[    2.012039] ACPI: PCI Interrupt Link [LNKF] (IRQs 3 4 5 6 7 10 11 12 14 15) *0, disabled.
[    2.020039] ACPI: PCI Interrupt Link [LNKG] (IRQs 3 4 5 6 7 10 11 12 14 15) *0, disabled.
[    2.028039] ACPI: PCI Interrupt Link [LNKH] (IRQs 3 4 5 6 7 10 11 12 14 15) *0, disabled.
[    2.040024] pci 0000:09:00.0: vgaarb: setting as boot VGA device
[    2.044000] pci 0000:09:00.0: vgaarb: VGA device added: decodes=io+mem,owns=io+mem,locks=none
[    2.056003] pci 0000:09:00.0: vgaarb: bridge control possible
[    2.060001] vgaarb: loaded
[    2.063217] SCSI subsystem initialized
[    2.068047] libata version 3.00 loaded.
[    2.068047] ACPI: bus type USB registered
[    2.072016] usbcore: usbcore: registered new interface driver usbfs
[    2.080007] usbcore: usbcore: registered new interface driver hub
[    2.088074] usbcore: usbcore: registered new device driver usb
[    2.092013] pps_core: LinuxPPS API ver. 1 registered
[    2.100001] pps_core: Software ver. 5.3.6 - Copyright 2005-2007 Rodolfo Giometti <giometti@linux.it>
[    2.108002] ptp: PTP clock support registered
[    2.112056] EDAC MC: Ver: 3.0.0
[    2.116036] PCI: Using ACPI for IRQ routing
[    2.128211] PCI: pci_cache_line_size set to 64 bytes
[    2.128357] e820: reserve RAM buffer [mem 0x0009a000-0x0009ffff]
[    2.128358] e820: reserve RAM buffer [mem 0x6f19f000-0x6fffffff]
[    2.128475] NetLabel: Initializing
[    2.132001] NetLabel:  domain hash size = 128
[    2.136000] NetLabel:  protocols = UNLABELED CIPSOv4 CALIPSO
[    2.140015] NetLabel:  unlabeled traffic allowed by default
[    2.148037] hpet0: at MMIO 0xfed00000, IRQs 2, 8, 0, 0, 0, 0, 0, 0
[    2.156002] hpet0: 8 comparators, 64-bit 14.318180 MHz counter
[    2.164028] clocksource: Switched to clocksource tsc-early
[    2.188112] VFS: Disk quotas dquot_6.6.0
[    2.192519] dquot: VFS: Dquot-cache hash table entries: 512 (order 0, 4096 bytes)
[    2.201008] AppArmor: AppArmor Filesystem Enabled
[    2.206292] pnp: PnP ACPI init
[    2.209992] pnp 00:00: Plug and Play ACPI device, IDs PNP0b00 (active)
[    2.210094] system 00:01: [io  0x0500-0x057f] has been reserved
[    2.216703] system 00:01: [io  0x0400-0x047f] has been reserved
[    2.223309] system 00:01: [io  0x0580-0x059f] has been reserved
[    2.229916] system 00:01: [io  0x0600-0x061f] has been reserved
[    2.236522] system 00:01: [io  0x0880-0x0883] has been reserved
[    2.243128] system 00:01: [io  0x0800-0x081f] has been reserved
[    2.249734] system 00:01: [mem 0xfed1c000-0xfed3ffff] has been reserved
[    2.257116] system 00:01: [mem 0xfed45000-0xfed8bfff] has been reserved
[    2.264499] system 00:01: [mem 0xff000000-0xffffffff] has been reserved
[    2.271880] system 00:01: [mem 0xfee00000-0xfeefffff] has been reserved
[    2.279261] system 00:01: [mem 0xfed12000-0xfed1200f] has been reserved
[    2.286644] system 00:01: [mem 0xfed12010-0xfed1201f] has been reserved
[    2.294025] system 00:01: [mem 0xfed1b000-0xfed1bfff] has been reserved
[    2.301412] system 00:01: Plug and Play ACPI device, IDs PNP0c02 (active)
[    2.301528] pnp 00:02: [dma 0 disabled]
[    2.301563] pnp 00:02: Plug and Play ACPI device, IDs PNP0501 (active)
[    2.301666] pnp 00:03: [dma 0 disabled]
[    2.301700] pnp 00:03: Plug and Play ACPI device, IDs PNP0501 (active)
[    2.302240] pnp: PnP ACPI: found 4 devices
[    2.312481] clocksource: acpi_pm: mask: 0xffffff max_cycles: 0xffffff, max_idle_ns: 2085701024 ns
[    2.322431] pci 0000:00:01.0: PCI bridge to [bus 01-02]
[    2.328262] pci 0000:00:01.0:   bridge window [io  0x6000-0x6fff]
[    2.335063] pci 0000:00:01.0:   bridge window [mem 0xc6900000-0xc6cfffff]
[    2.342640] pci 0000:00:01.0:   bridge window [mem 0x3bfffe00000-0x3bfffefffff 64bit pref]
[    2.351864] pci 0000:00:01.1: PCI bridge to [bus 03]
[    2.357406] pci 0000:00:02.0: PCI bridge to [bus 04]
[    2.362948] pci 0000:00:02.2: PCI bridge to [bus 05]
[    2.368478] pci 0000:00:02.2:   bridge window [io  0x5000-0x5fff]
[    2.375279] pci 0000:00:02.2:   bridge window [mem 0xc6d00000-0xc6ffffff]
[    2.382858] pci 0000:00:03.0: PCI bridge to [bus 06-07]
[    2.388689] pci 0000:00:03.0:   bridge window [io  0x4000-0x4fff]
[    2.395490] pci 0000:00:03.0:   bridge window [mem 0xc7000000-0xc70fffff]
[    2.403065] pci 0000:00:03.0:   bridge window [mem 0xc7800000-0xc7efffff 64bit pref]
[    2.411709] pci 0000:00:1c.0: PCI bridge to [bus 08]
[    2.417255] pci 0000:00:1c.3: PCI bridge to [bus 09]
[    2.422795] pci 0000:00:1c.3:   bridge window [mem 0xc5000000-0xc68fffff]
[    2.430378] pci_bus 0000:00: resource 4 [io  0x0000-0x0cf7 window]
[    2.430379] pci_bus 0000:00: resource 5 [io  0x1000-0x7fff window]
[    2.430380] pci_bus 0000:00: resource 6 [mem 0x000a0000-0x000bffff window]
[    2.430381] pci_bus 0000:00: resource 7 [mem 0x90000000-0xc7ffbfff window]
[    2.430381] pci_bus 0000:00: resource 8 [mem 0x38000000000-0x3bfffffffff window]
[    2.430382] pci_bus 0000:01: resource 0 [io  0x6000-0x6fff]
[    2.430383] pci_bus 0000:01: resource 1 [mem 0xc6900000-0xc6cfffff]
[    2.430385] pci_bus 0000:01: resource 2 [mem 0x3bfffe00000-0x3bfffefffff 64bit pref]
[    2.430386] pci_bus 0000:05: resource 0 [io  0x5000-0x5fff]
[    2.430387] pci_bus 0000:05: resource 1 [mem 0xc6d00000-0xc6ffffff]
[    2.430388] pci_bus 0000:06: resource 0 [io  0x4000-0x4fff]
[    2.430389] pci_bus 0000:06: resource 1 [mem 0xc7000000-0xc70fffff]
[    2.430390] pci_bus 0000:06: resource 2 [mem 0xc7800000-0xc7efffff 64bit pref]
[    2.430391] pci_bus 0000:09: resource 1 [mem 0xc5000000-0xc68fffff]
[    2.430497] pci 0000:80:02.0: PCI bridge to [bus 81]
[    2.436040] pci_bus 0000:80: resource 4 [io  0x8000-0xffff window]
[    2.436041] pci_bus 0000:80: resource 5 [mem 0xc8000000-0xfbffbfff window]
[    2.436042] pci_bus 0000:80: resource 6 [mem 0x3c000000000-0x3ffffffffff window]
[    2.436145] socket: NET: Registered protocol family 2
[    2.442082] page_alloc: tcp_listen_portaddr_hash hash table entries: 65536 (order: 8, 1048576 bytes)
[    2.452577] page_alloc: TCP established hash table entries: 524288 (order: 10, 4194304 bytes)
[    2.462750] page_alloc: TCP bind hash table entries: 65536 (order: 8, 1048576 bytes)
[    2.471547] tcp: Hash tables configured (established 524288 bind 65536)
[    2.479090] page_alloc: UDP hash table entries: 65536 (order: 9, 2097152 bytes)
[    2.487623] page_alloc: UDP-Lite hash table entries: 65536 (order: 9, 2097152 bytes)
[    2.496683] socket: NET: Registered protocol family 1
[    2.524152] pci 0000:00:1a.0: quirk_usb_early_handoff+0x0/0x6b0 took 21155 usecs
[    2.552133] pci 0000:00:1d.0: quirk_usb_early_handoff+0x0/0x6b0 took 19246 usecs
[    2.560402] PCI: CLS mismatch (64 != 32), using 64 bytes
[    2.560404] pci 0000:05:00.0: [Firmware Bug]: disabling VPD access (can't determine size of non-standard VPD format)
[    2.572156] pci 0000:05:00.0: quirk_blacklist_vpd+0x0/0x30 took 11469 usecs
[    2.579937] pci 0000:09:00.0: Video device with shadowed ROM at [mem 0x000c0000-0x000dffff]
[    2.589298] Trying to unpack rootfs image as initramfs...
[    5.194700] page_alloc: Freeing initrd memory: 167428K
[    5.200600] PCI-DMA: Using software bounce buffering for IO (SWIOTLB)
[    5.207804] software IO TLB [mem 0x6b19f000-0x6f19f000] (64MB) mapped at [        (ptrval)-        (ptrval)]
[    5.219150] intel_rapl_perf: API unit is 2^-32 Joules, 3 fixed counters, 655360 ms ovfl timer
[    5.228675] intel_rapl_perf: hw unit of domain pp0-core 2^-14 Joules
[    5.235766] intel_rapl_perf: hw unit of domain package 2^-14 Joules
[    5.242762] intel_rapl_perf: hw unit of domain dram 2^-16 Joules
[    5.251208] Scanning for low memory corruption every 60 seconds
[    5.259114] system_keyring: Initialise system trusted keyrings
[    5.265691] workingset: workingset: timestamp_bits=40 max_order=25 bucket_order=0
[    5.275252] zbud: loaded
[    5.278621] fuse init (API version 7.26)
[    5.283070] SGI XFS with ACLs, security attributes, realtime, debug enabled
[    5.291693] pstore: using deflate compression
[    5.297826] key: Key type asymmetric registered
[    5.302886] asymmetric_keys: Asymmetric key parser 'x509' registered
[    5.310012] Block layer SCSI generic (bsg) driver version 0.4 loaded (major 245)
[    5.318337] io scheduler noop registered
[    5.322716] io scheduler deadline registered (default)
[    5.328482] io scheduler cfq registered
[    5.332763] io scheduler mq-deadline registered (default)
[    5.338788] io scheduler kyber registered
[    5.345591] pcieport 0000:00:01.0: AER enabled with IRQ 25
[    5.351741] pcieport 0000:00:01.1: AER enabled with IRQ 26
[    5.357889] pcieport 0000:00:02.0: AER enabled with IRQ 28
[    5.364044] pcieport 0000:00:02.2: AER enabled with IRQ 29
[    5.370192] pcieport 0000:00:03.0: AER enabled with IRQ 31
[    5.376335] pcieport 0000:80:02.0: AER enabled with IRQ 35
[    5.382478] pcieport 0000:00:01.0: Signaling PME with IRQ 25
[    5.388807] pcieport 0000:00:01.1: Signaling PME with IRQ 26
[    5.395137] pcieport 0000:00:02.0: Signaling PME with IRQ 28
[    5.401472] pcieport 0000:00:02.2: Signaling PME with IRQ 29
[    5.407806] pcieport 0000:00:03.0: Signaling PME with IRQ 31
[    5.414146] pcieport 0000:00:1c.0: Signaling PME with IRQ 32
[    5.420492] pcieport 0000:00:1c.3: Signaling PME with IRQ 33
[    5.426832] pcieport 0000:80:02.0: Signaling PME with IRQ 35
[    5.433210] intel_idle: MWAIT substates: 0x2120
[    5.433211] intel_idle: v0.4.1 model 0x3F
[    5.434823] intel_idle: lapic_timer_reliable_states 0xffffffff
[    5.434834] ipmi_msghandler: ipmi message handler version 39.2
[    5.441531] ACPI: Deprecated procfs I/F for AC is loaded, please retry with CONFIG_ACPI_PROCFS_POWER cleared
[    5.452561] ACPI: AC Adapter [P111] (on-line)
[    5.457504] input_core: Power Button as /devices/LNXSYSTM:00/LNXSYBUS:00/PNP0C0C:00/input/input0
[    5.467322] ACPI: Power Button [PWRB]
[    5.471456] input_core: Power Button as /devices/LNXSYSTM:00/LNXPWRBN:00/input/input1
[    5.480225] ACPI: Power Button [PWRF]
[    5.489177] ERST: Error Record Serialization Table (ERST) support is initialized.
[    5.497642] pstore: Registered erst as persistent store backend
[    5.504703] ghes: GHES: APEI firmware first mode is enabled by APEI bit and WHEA _OSC.
[    5.513711] 8250: Serial: 8250/16550 driver, 32 ports, IRQ sharing enabled
[    5.541938] serial_core: 00:02: ttyS0 at I/O 0x3f8 (irq = 4, base_baud = 115200) is a 16550A
[    5.571951] serial_core: 00:03: ttyS1 at I/O 0x2f8 (irq = 3, base_baud = 115200) is a 16550A
[    5.582714] Linux agpgart interface v0.103
[    5.593232] brd: brd: module loaded
[    5.600821] loop: module loaded
[    5.604796] libphy: Fixed MDIO Bus: probed
[    5.609579] tun: Universal TUN/TAP device driver, 1.6
[    5.615317] ppp_generic: PPP generic driver version 2.4.2
[    5.621418] ehci_hcd: USB 2.0 'Enhanced' Host Controller (EHCI) Driver
[    5.628710] ehci_pci: ehci-pci: EHCI PCI platform driver
[    5.634957] ehci-pci 0000:00:1a.0: EHCI Host Controller
[    5.640801] ehci-pci 0000:00:1a.0: new USB bus registered, assigned bus number 1
[    5.649067] ehci-pci 0000:00:1a.0: debug port 2
[    5.658038] ehci-pci 0000:00:1a.0: cache line size of 64 is not supported
[    5.658053] ehci-pci 0000:00:1a.0: irq 18, io mem 0xc7102000
[    5.680060] ehci-pci 0000:00:1a.0: USB 2.0 started, EHCI 1.00
[    5.686519] usb usb1: New USB device found, idVendor=1d6b, idProduct=0002, bcdDevice= 4.17
[    5.695746] usb usb1: New USB device strings: Mfr=3, Product=2, SerialNumber=1
[    5.703809] usb usb1: Product: EHCI Host Controller
[    5.709252] usb usb1: Manufacturer: Linux 4.17.0 ehci_hcd
[    5.715279] usb usb1: SerialNumber: 0000:00:1a.0
[    5.720556] hub 1-0:1.0: USB hub found
[    5.724744] hub 1-0:1.0: 2 ports detected
[    5.729496] ehci-pci 0000:00:1d.0: EHCI Host Controller
[    5.735329] ehci-pci 0000:00:1d.0: new USB bus registered, assigned bus number 2
[    5.743591] ehci-pci 0000:00:1d.0: debug port 2
[    5.752549] ehci-pci 0000:00:1d.0: cache line size of 64 is not supported
[    5.752554] ehci-pci 0000:00:1d.0: irq 18, io mem 0xc7101000
[    5.772057] ehci-pci 0000:00:1d.0: USB 2.0 started, EHCI 1.00
[    5.778509] usb usb2: New USB device found, idVendor=1d6b, idProduct=0002, bcdDevice= 4.17
[    5.787733] usb usb2: New USB device strings: Mfr=3, Product=2, SerialNumber=1
[    5.795793] usb usb2: Product: EHCI Host Controller
[    5.801236] usb usb2: Manufacturer: Linux 4.17.0 ehci_hcd
[    5.807260] usb usb2: SerialNumber: 0000:00:1d.0
[    5.812525] hub 2-0:1.0: USB hub found
[    5.816713] hub 2-0:1.0: 2 ports detected
[    5.821354] ehci_platform: ehci-platform: EHCI generic platform driver
[    5.828663] ohci_hcd: USB 1.1 'Open' Host Controller (OHCI) Driver
[    5.835570] ohci_pci: ohci-pci: OHCI PCI platform driver
[    5.841527] ohci_platform: ohci-platform: OHCI generic platform driver
[    5.848818] uhci_hcd: USB Universal Host Controller Interface driver
[    5.855965] i8042: PNP: No PS/2 controller found.
[    5.861316] mousedev: PS/2 mouse device common for all mice
[    5.867681] rtc_cmos 00:00: RTC can wake from S4
[    5.873029] rtc_cmos 00:00: registered as rtc0
[    5.878011] rtc_cmos 00:00: alarms up to one month, y3k, 114 bytes nvram, hpet irqs
[    5.886598] dm_mod: device-mapper: uevent: version 1.0.3
[    5.892631] dm_mod: device-mapper: ioctl: 4.39.0-ioctl (2018-04-03) initialised: dm-devel@redhat.com
[    5.902838] intel_pstate: Intel P-state driver initializing
[    5.913076] ledtrig_cpu: ledtrig-cpu: registered to indicate activity on CPUs
[    5.921352] socket: NET: Registered protocol family 10
[    5.927476] ipv6: Segment Routing with IPv6
[    5.932164] socket: NET: Registered protocol family 17
[    5.937916] key: Key type dns_resolver registered
[    5.946063] microcode: sig=0x306f2, pf=0x1, revision=0x3a
[    5.952791] microcode: Microcode Update Driver: v2.2.
[    5.952800] sched_clock: Marking stable (5952785371, 0)->(6203794712, -251009341)
[    5.967165] taskstats: registered taskstats version 1
[    5.972798] system_keyring: Loading compiled-in X.509 certificates
[    5.982365] system_keyring: Loaded X.509 cert 'Build time autogenerated kernel key: af33b0c3fd3ba6c234daa9bf32a11436314f5570'
[    5.995024] zswap: loaded using pool lzo/zbud
[    6.000404] btrfs: Btrfs loaded, crc32c=crc32c-intel, debug=on
[    6.009764] key: Key type big_key registered
[    6.015949] key: Key type trusted registered
[    6.022216] key: Key type encrypted registered
[    6.027181] AppArmor: AppArmor sha1 policy hashing enabled
[    6.033308] ima: No TPM chip found, activating TPM-bypass! (rc=-19)
[    6.040306] ima: Allocated hash algorithm: sha1
[    6.045379] evm: HMAC attrs: 0x1
[    6.049686] trace:   Magic number: 14:400:602
[    6.054694] acpi device:172: hash matches
[    6.059426] rtc_cmos 00:00: setting system clock to 2018-12-28 21:34:08 UTC (1546032848)
[    6.064055] usb 1-1: new high-speed USB device number 2 using ehci-pci
[    6.077441] page_alloc: Freeing unused kernel memory: 1812K
[    6.104078] Write protecting the kernel read-only data: 22528k
[    6.111524] page_alloc: Freeing unused kernel memory: 2004K
[    6.121681] page_alloc: Freeing unused kernel memory: 1832K
[    6.137867] systemd-udevd[341]: starting version 204
[    6.156053] usb 2-1: new high-speed USB device number 2 using ehci-pci
[    6.184772] dca: dca service started, version 1.12.1
[    6.195816] ahci 0000:00:11.4: version 3.0
[    6.195995] ahci 0000:00:11.4: AHCI 0001.0300 32 slots 4 ports 6 Gbps 0xf impl SATA mode
[    6.205032] ahci 0000:00:11.4: flags: 64bit ncq pm led clo pio slum part ems apst 
[    6.213703] megaraid_sas: megasas: 07.704.04.00-rc1
[    6.219387] megaraid_sas 0000:05:00.0: FW now in Ready state
[    6.219462] igb: Intel(R) Gigabit Ethernet Network Driver - version 5.4.0-k
[    6.225708] megaraid_sas 0000:05:00.0: 64 bit DMA mask and 32 bit consistent mask
[    6.228655] usb 1-1: New USB device found, idVendor=8087, idProduct=800a, bcdDevice= 0.05
[    6.228656] usb 1-1: New USB device strings: Mfr=0, Product=0, SerialNumber=0
[    6.228798] hub 1-1:1.0: USB hub found
[    6.228905] hub 1-1:1.0: 6 ports detected
[    6.233476] igb: Copyright (c) 2007-2014 Intel Corporation.
[    6.272034] tsc: Refined TSC clocksource calibration: 2394.227 MHz
[    6.274555] megaraid_sas 0000:05:00.0: firmware supports msix	: (96)
[    6.280707] clocksource: tsc: mask: 0xffffffffffffffff max_cycles: 0x2282ea24f7d, max_idle_ns: 440795306553 ns
[    6.287792] megaraid_sas 0000:05:00.0: current msix/online cpus	: (32/32)
[    6.306527] megaraid_sas 0000:05:00.0: RDPQ mode	: (disabled)
[    6.312942] megaraid_sas 0000:05:00.0: Current firmware supports maximum commands: 272	 LDIO threshold: 237
[    6.323844] clocksource: Switched to clocksource tsc
[    6.323924] megaraid_sas 0000:05:00.0: Configured max firmware commands: 271
[    6.324144] ixgbe: Intel(R) 10 Gigabit PCI Express Network Driver - version 5.1.0-k
[    6.324145] ixgbe: Copyright (c) 1999-2016 Intel Corporation.
[    6.324157] usb 2-1: New USB device found, idVendor=8087, idProduct=8002, bcdDevice= 0.05
[    6.324159] usb 2-1: New USB device strings: Mfr=0, Product=0, SerialNumber=0
[    6.324300] hub 2-1:1.0: USB hub found
[    6.324404] hub 2-1:1.0: 8 ports detected
[    6.378316] scsi host1: ahci
[    6.381721] megaraid_sas 0000:05:00.0: FW supports sync cache	: No
[    6.388623] scsi host2: ahci
[    6.392271] igb 0000:01:00.0: PHY reset is blocked due to SOL/IDER session.
[    6.400173] scsi host3: ahci
[    6.403740] scsi host4: ahci
[    6.422804] ata1: SATA max UDMA/133 abar m2048@0xc7104000 port 0xc7104100 irq 36
[    6.431062] ata2: SATA max UDMA/133 abar m2048@0xc7104000 port 0xc7104180 irq 36
[    6.439330] ata3: SATA max UDMA/133 abar m2048@0xc7104000 port 0xc7104200 irq 36
[    6.447576] ata4: SATA max UDMA/133 abar m2048@0xc7104000 port 0xc7104280 irq 36
[    6.468654] ahci 0000:00:1f.2: AHCI 0001.0300 32 slots 6 ports 6 Gbps 0x3f impl SATA mode
[    6.477789] ahci 0000:00:1f.2: flags: 64bit ncq pm led clo pio slum part ems apst 
[    6.489250] igb 0000:01:00.0: added PHC on eth0
[    6.494313] igb 0000:01:00.0: Intel(R) Gigabit Ethernet Network Connection
[    6.501988] igb 0000:01:00.0: eth0: (PCIe:5.0Gb/s:Width x4) 74:a0:2f:29:f2:94
[    6.510022] igb 0000:01:00.0: eth0: PBA No: FFFFFF-0FF
[    6.515755] igb 0000:01:00.0: Using MSI-X interrupts. 8 rx queue(s), 8 tx queue(s)
[    6.524697] igb 0000:01:00.1: PHY reset is blocked due to SOL/IDER session.
[    6.568806] igb 0000:01:00.1: added PHC on eth1
[    6.573865] igb 0000:01:00.1: Intel(R) Gigabit Ethernet Network Connection
[    6.581539] igb 0000:01:00.1: eth1: (PCIe:5.0Gb/s:Width x4) 74:a0:2f:29:f2:95
[    6.589572] igb 0000:01:00.1: eth1: PBA No: FFFFFF-0FF
[    6.595306] igb 0000:01:00.1: Using MSI-X interrupts. 8 rx queue(s), 8 tx queue(s)
[    6.612011] usb 2-1.4: new high-speed USB device number 3 using ehci-pci
[    6.628005] scsi host5: ahci
[    6.631435] scsi host6: ahci
[    6.634654] megaraid_sas 0000:05:00.0: firmware type	: Legacy(64 VD) firmware
[    6.642620] megaraid_sas 0000:05:00.0: controller type	: iMR(0MB)
[    6.649420] megaraid_sas 0000:05:00.0: Online Controller Reset(OCR)	: Enabled
[    6.657383] megaraid_sas 0000:05:00.0: Secure JBOD support	: Yes
[    6.664086] megaraid_sas 0000:05:00.0: NVMe passthru support	: No
[    6.670963] ixgbe 0000:06:00.0: Multiqueue Enabled: Rx Queue count = 32, Tx Queue count = 32 XDP Queue count = 0
[    6.682603] ixgbe 0000:06:00.0: PCI Express bandwidth of 32GT/s available
[    6.690177] ixgbe 0000:06:00.0: (Speed:5.0GT/s, Width: x8, Encoding Loss:20%)
[    6.698460] ixgbe 0000:06:00.0: MAC: 2, PHY: 14, SFP+: 3, PBA No: E68793-000
[    6.706327] ixgbe 0000:06:00.0: 90:e2:ba:82:2c:7c
[    6.712337] scsi host7: ahci
[    6.716105] scsi host8: ahci
[    6.719493] scsi host9: ahci
[    6.722845] scsi host10: ahci
[    6.724408] usb 2-1.4: New USB device found, idVendor=0424, idProduct=2512, bcdDevice= b.b3
[    6.726196] ata5: SATA max UDMA/133 abar m2048@0xc7100000 port 0xc7100100 irq 81
[    6.735475] usb 2-1.4: New USB device strings: Mfr=0, Product=0, SerialNumber=0
[    6.743731] ata6: SATA max UDMA/133 abar m2048@0xc7100000 port 0xc7100180 irq 81
[    6.752070] hub 2-1.4:1.0: USB hub found
[    6.760144] ata7: SATA max UDMA/133 abar m2048@0xc7100000 port 0xc7100200 irq 81
[    6.764660] hub 2-1.4:1.0: 2 ports detected
[    6.770923] ata2: SATA link down (SStatus 0 SControl 300)
[    6.770958] ata1: SATA link down (SStatus 0 SControl 300)
[    6.772777] ata8: SATA max UDMA/133 abar m2048@0xc7100000 port 0xc7100280 irq 81
[    6.778963] ata4: SATA link down (SStatus 0 SControl 300)
[    6.783472] ata9: SATA max UDMA/133 abar m2048@0xc7100000 port 0xc7100300 irq 81
[    6.789529] ata3: SATA link down (SStatus 0 SControl 300)
[    6.797753] ata10: SATA max UDMA/133 abar m2048@0xc7100000 port 0xc7100380 irq 81
[    6.826746] megaraid_sas 0000:05:00.0: INIT adapter done
[    6.833312] ixgbe 0000:06:00.0: Intel(R) 10 Gigabit Network Connection
[    6.856010] usb 2-1.6: new full-speed USB device number 4 using ehci-pci
[    6.916041] megaraid_sas 0000:05:00.0: pci id		: (0x1000)/(0x005d)/(0x1137)/(0x00db)
[    6.924702] megaraid_sas 0000:05:00.0: unevenspan support	: no
[    6.931211] megaraid_sas 0000:05:00.0: firmware crash dump	: no
[    6.937818] megaraid_sas 0000:05:00.0: jbod sync map		: yes
[    6.944038] scsi host0: Avago SAS based MegaRAID driver
[    6.949974] ******blk_init_rl***** blk_init_rl:925 
[    6.956647] scsi 0:0:0:0: Direct-Access     SEAGATE  ST1200MM0007     0002 PQ: 0 ANSI: 6
[    6.968324] ******blk_init_rl***** blk_init_rl:925 
[    6.970783] usb 2-1.6: New USB device found, idVendor=0624, idProduct=0402, bcdDevice= 0.00
[    6.974204] scsi 0:0:1:0: Direct-Access     SEAGATE  ST1200MM0007     0002 PQ: 0 ANSI: 6
[    6.983093] usb 2-1.6: New USB device strings: Mfr=1, Product=2, SerialNumber=3
[    6.983094] usb 2-1.6: Product: Cisco USB Composite Device-0
[    6.983096] usb 2-1.6: Manufacturer: Avocent
[    6.992922] ******blk_init_rl***** blk_init_rl:925 
[    7.000285] usb 2-1.6: SerialNumber: 20111102-00000001
[    7.009709] scsi 0:0:2:0: Direct-Access     ATA      INTEL SSDSC2BB48 0370 PQ: 0 ANSI: 6
[    7.031762] hidraw: raw HID events driver (C) Jiri Kosina
[    7.032266] ixgbe 0000:06:00.1: Multiqueue Enabled: Rx Queue count = 32, Tx Queue count = 32 XDP Queue count = 0
[    7.032443] ******blk_init_rl***** blk_init_rl:925 
[    7.032478] ******blk_init_rl***** blk_init_rl:925 
[    7.032501] ******blk_init_rl***** blk_init_rl:925 
[    7.032520] ******blk_init_rl***** blk_init_rl:925 
[    7.032541] ******blk_init_rl***** blk_init_rl:925 
[    7.032560] ******blk_init_rl***** blk_init_rl:925 
[    7.032580] ******blk_init_rl***** blk_init_rl:925 
[    7.032600] ******blk_init_rl***** blk_init_rl:925 
[    7.032620] ******blk_init_rl***** blk_init_rl:925 
[    7.032639] ******blk_init_rl***** blk_init_rl:925 
[    7.032659] ******blk_init_rl***** blk_init_rl:925 
[    7.032679] ******blk_init_rl***** blk_init_rl:925 
[    7.032701] ******blk_init_rl***** blk_init_rl:925 
[    7.032726] ******blk_init_rl***** blk_init_rl:925 
[    7.032746] ******blk_init_rl***** blk_init_rl:925 
[    7.032765] ******blk_init_rl***** blk_init_rl:925 
[    7.032785] ******blk_init_rl***** blk_init_rl:925 
[    7.032803] ******blk_init_rl***** blk_init_rl:925 
[    7.032826] ******blk_init_rl***** blk_init_rl:925 
[    7.032848] ******blk_init_rl***** blk_init_rl:925 
[    7.032872] ******blk_init_rl***** blk_init_rl:925 
[    7.032893] ******blk_init_rl***** blk_init_rl:925 
[    7.032916] ******blk_init_rl***** blk_init_rl:925 
[    7.032938] ******blk_init_rl***** blk_init_rl:925 
[    7.032961] ******blk_init_rl***** blk_init_rl:925 
[    7.032982] ******blk_init_rl***** blk_init_rl:925 
[    7.033006] ******blk_init_rl***** blk_init_rl:925 
[    7.033031] ******blk_init_rl***** blk_init_rl:925 
[    7.033052] ******blk_init_rl***** blk_init_rl:925 
[    7.033077] ******blk_init_rl***** blk_init_rl:925 
[    7.033098] ******blk_init_rl***** blk_init_rl:925 
[    7.033117] ******blk_init_rl***** blk_init_rl:925 
[    7.033138] ******blk_init_rl***** blk_init_rl:925 
[    7.033157] ******blk_init_rl***** blk_init_rl:925 
[    7.033177] ******blk_init_rl***** blk_init_rl:925 
[    7.033196] ******blk_init_rl***** blk_init_rl:925 
[    7.033216] ******blk_init_rl***** blk_init_rl:925 
[    7.033235] ******blk_init_rl***** blk_init_rl:925 
[    7.033255] ******blk_init_rl***** blk_init_rl:925 
[    7.033274] ******blk_init_rl***** blk_init_rl:925 
[    7.033293] ******blk_init_rl***** blk_init_rl:925 
[    7.033313] ******blk_init_rl***** blk_init_rl:925 
[    7.033334] ******blk_init_rl***** blk_init_rl:925 
[    7.033354] ******blk_init_rl***** blk_init_rl:925 
[    7.033373] ******blk_init_rl***** blk_init_rl:925 
[    7.033398] ******blk_init_rl***** blk_init_rl:925 
[    7.033418] ******blk_init_rl***** blk_init_rl:925 
[    7.033438] ******blk_init_rl***** blk_init_rl:925 
[    7.033457] ******blk_init_rl***** blk_init_rl:925 
[    7.033477] ******blk_init_rl***** blk_init_rl:925 
[    7.033497] ******blk_init_rl***** blk_init_rl:925 
[    7.033516] ******blk_init_rl***** blk_init_rl:925 
[    7.033537] ******blk_init_rl***** blk_init_rl:925 
[    7.033557] ******blk_init_rl***** blk_init_rl:925 
[    7.033577] ******blk_init_rl***** blk_init_rl:925 
[    7.033597] ******blk_init_rl***** blk_init_rl:925 
[    7.033617] ******blk_init_rl***** blk_init_rl:925 
[    7.033638] ******blk_init_rl***** blk_init_rl:925 
[    7.033658] ******blk_init_rl***** blk_init_rl:925 
[    7.033677] ******blk_init_rl***** blk_init_rl:925 
[    7.033697] ******blk_init_rl***** blk_init_rl:925 
[    7.033722] ******blk_init_rl***** blk_init_rl:925 
[    7.033742] ******blk_init_rl***** blk_init_rl:925 
[    7.033761] ******blk_init_rl***** blk_init_rl:925 
[    7.033780] ******blk_init_rl***** blk_init_rl:925 
[    7.033799] ******blk_init_rl***** blk_init_rl:925 
[    7.033819] ******blk_init_rl***** blk_init_rl:925 
[    7.033838] ******blk_init_rl***** blk_init_rl:925 
[    7.033858] ******blk_init_rl***** blk_init_rl:925 
[    7.033878] ******blk_init_rl***** blk_init_rl:925 
[    7.033897] ******blk_init_rl***** blk_init_rl:925 
[    7.033916] ******blk_init_rl***** blk_init_rl:925 
[    7.033938] ******blk_init_rl***** blk_init_rl:925 
[    7.033958] ******blk_init_rl***** blk_init_rl:925 
[    7.033977] ******blk_init_rl***** blk_init_rl:925 
[    7.033997] ******blk_init_rl***** blk_init_rl:925 
[    7.034017] ******blk_init_rl***** blk_init_rl:925 
[    7.034041] ******blk_init_rl***** blk_init_rl:925 
[    7.034061] ******blk_init_rl***** blk_init_rl:925 
[    7.034080] ******blk_init_rl***** blk_init_rl:925 
[    7.034100] ******blk_init_rl***** blk_init_rl:925 
[    7.034119] ******blk_init_rl***** blk_init_rl:925 
[    7.034140] ******blk_init_rl***** blk_init_rl:925 
[    7.034159] ******blk_init_rl***** blk_init_rl:925 
[    7.034179] ******blk_init_rl***** blk_init_rl:925 
[    7.034198] ******blk_init_rl***** blk_init_rl:925 
[    7.034219] ******blk_init_rl***** blk_init_rl:925 
[    7.034240] ******blk_init_rl***** blk_init_rl:925 
[    7.034260] ******blk_init_rl***** blk_init_rl:925 
[    7.034279] ******blk_init_rl***** blk_init_rl:925 
[    7.034299] ******blk_init_rl***** blk_init_rl:925 
[    7.034319] ******blk_init_rl***** blk_init_rl:925 
[    7.034339] ******blk_init_rl***** blk_init_rl:925 
[    7.034363] ******blk_init_rl***** blk_init_rl:925 
[    7.034384] ******blk_init_rl***** blk_init_rl:925 
[    7.034403] ******blk_init_rl***** blk_init_rl:925 
[    7.034423] ******blk_init_rl***** blk_init_rl:925 
[    7.034442] ******blk_init_rl***** blk_init_rl:925 
[    7.034463] ******blk_init_rl***** blk_init_rl:925 
[    7.034482] ******blk_init_rl***** blk_init_rl:925 
[    7.034502] ******blk_init_rl***** blk_init_rl:925 
[    7.034522] ******blk_init_rl***** blk_init_rl:925 
[    7.034546] ******blk_init_rl***** blk_init_rl:925 
[    7.034565] ******blk_init_rl***** blk_init_rl:925 
[    7.034586] ******blk_init_rl***** blk_init_rl:925 
[    7.034605] ******blk_init_rl***** blk_init_rl:925 
[    7.034626] ******blk_init_rl***** blk_init_rl:925 
[    7.034645] ******blk_init_rl***** blk_init_rl:925 
[    7.034666] ******blk_init_rl***** blk_init_rl:925 
[    7.034690] ******blk_init_rl***** blk_init_rl:925 
[    7.034711] ******blk_init_rl***** blk_init_rl:925 
[    7.034731] ******blk_init_rl***** blk_init_rl:925 
[    7.034751] ******blk_init_rl***** blk_init_rl:925 
[    7.034770] ******blk_init_rl***** blk_init_rl:925 
[    7.034791] ******blk_init_rl***** blk_init_rl:925 
[    7.034811] ******blk_init_rl***** blk_init_rl:925 
[    7.034832] ******blk_init_rl***** blk_init_rl:925 
[    7.034854] ******blk_init_rl***** blk_init_rl:925 
[    7.034874] ******blk_init_rl***** blk_init_rl:925 
[    7.034894] ******blk_init_rl***** blk_init_rl:925 
[    7.034916] ******blk_init_rl***** blk_init_rl:925 
[    7.034936] ******blk_init_rl***** blk_init_rl:925 
[    7.034958] ******blk_init_rl***** blk_init_rl:925 
[    7.034978] ******blk_init_rl***** blk_init_rl:925 
[    7.034999] ******blk_init_rl***** blk_init_rl:925 
[    7.035024] ******blk_init_rl***** blk_init_rl:925 
[    7.035046] ******blk_init_rl***** blk_init_rl:925 
[    7.035066] ******blk_init_rl***** blk_init_rl:925 
[    7.035087] ******blk_init_rl***** blk_init_rl:925 
[    7.035106] ******blk_init_rl***** blk_init_rl:925 
[    7.035127] ******blk_init_rl***** blk_init_rl:925 
[    7.035146] ******blk_init_rl***** blk_init_rl:925 
[    7.035168] ******blk_init_rl***** blk_init_rl:925 
[    7.035188] ******blk_init_rl***** blk_init_rl:925 
[    7.035208] ******blk_init_rl***** blk_init_rl:925 
[    7.035228] ******blk_init_rl***** blk_init_rl:925 
[    7.035248] ******blk_init_rl***** blk_init_rl:925 
[    7.035268] ******blk_init_rl***** blk_init_rl:925 
[    7.035287] ******blk_init_rl***** blk_init_rl:925 
[    7.035307] ******blk_init_rl***** blk_init_rl:925 
[    7.035326] ******blk_init_rl***** blk_init_rl:925 
[    7.035350] ******blk_init_rl***** blk_init_rl:925 
[    7.035371] ******blk_init_rl***** blk_init_rl:925 
[    7.035390] ******blk_init_rl***** blk_init_rl:925 
[    7.035409] ******blk_init_rl***** blk_init_rl:925 
[    7.035429] ******blk_init_rl***** blk_init_rl:925 
[    7.035452] ******blk_init_rl***** blk_init_rl:925 
[    7.035475] ******blk_init_rl***** blk_init_rl:925 
[    7.035499] ******blk_init_rl***** blk_init_rl:925 
[    7.035520] ******blk_init_rl***** blk_init_rl:925 
[    7.035544] ******blk_init_rl***** blk_init_rl:925 
[    7.035565] ******blk_init_rl***** blk_init_rl:925 
[    7.035590] ******blk_init_rl***** blk_init_rl:925 
[    7.035611] ******blk_init_rl***** blk_init_rl:925 
[    7.035636] ******blk_init_rl***** blk_init_rl:925 
[    7.035658] ******blk_init_rl***** blk_init_rl:925 
[    7.035679] ******blk_init_rl***** blk_init_rl:925 
[    7.035703] ******blk_init_rl***** blk_init_rl:925 
[    7.035725] ******blk_init_rl***** blk_init_rl:925 
[    7.035744] ******blk_init_rl***** blk_init_rl:925 
[    7.035765] ******blk_init_rl***** blk_init_rl:925 
[    7.035784] ******blk_init_rl***** blk_init_rl:925 
[    7.035806] ******blk_init_rl***** blk_init_rl:925 
[    7.035825] ******blk_init_rl***** blk_init_rl:925 
[    7.035845] ******blk_init_rl***** blk_init_rl:925 
[    7.035864] ******blk_init_rl***** blk_init_rl:925 
[    7.035884] ******blk_init_rl***** blk_init_rl:925 
[    7.035903] ******blk_init_rl***** blk_init_rl:925 
[    7.035922] ******blk_init_rl***** blk_init_rl:925 
[    7.035942] ******blk_init_rl***** blk_init_rl:925 
[    7.035962] ******blk_init_rl***** blk_init_rl:925 
[    7.035982] ******blk_init_rl***** blk_init_rl:925 
[    7.036004] ******blk_init_rl***** blk_init_rl:925 
[    7.036042] ******blk_init_rl***** blk_init_rl:925 
[    7.036064] ******blk_init_rl***** blk_init_rl:925 
[    7.036085] ******blk_init_rl***** blk_init_rl:925 
[    7.036106] ******blk_init_rl***** blk_init_rl:925 
[    7.036128] ******blk_init_rl***** blk_init_rl:925 
[    7.036150] ******blk_init_rl***** blk_init_rl:925 
[    7.036171] ******blk_init_rl***** blk_init_rl:925 
[    7.036193] ******blk_init_rl***** blk_init_rl:925 
[    7.036214] ******blk_init_rl***** blk_init_rl:925 
[    7.036235] ******blk_init_rl***** blk_init_rl:925 
[    7.036256] ******blk_init_rl***** blk_init_rl:925 
[    7.036277] ******blk_init_rl***** blk_init_rl:925 
[    7.036297] ******blk_init_rl***** blk_init_rl:925 
[    7.036330] ******blk_init_rl***** blk_init_rl:925 
[    7.036349] ******blk_init_rl***** blk_init_rl:925 
[    7.036369] ******blk_init_rl***** blk_init_rl:925 
[    7.036393] ******blk_init_rl***** blk_init_rl:925 
[    7.036414] ******blk_init_rl***** blk_init_rl:925 
[    7.036433] ******blk_init_rl***** blk_init_rl:925 
[    7.036455] ******blk_init_rl***** blk_init_rl:925 
[    7.036475] ******blk_init_rl***** blk_init_rl:925 
[    7.036494] ******blk_init_rl***** blk_init_rl:925 
[    7.036514] ******blk_init_rl***** blk_init_rl:925 
[    7.036534] ******blk_init_rl***** blk_init_rl:925 
[    7.036553] ******blk_init_rl***** blk_init_rl:925 
[    7.036573] ******blk_init_rl***** blk_init_rl:925 
[    7.036592] ******blk_init_rl***** blk_init_rl:925 
[    7.036613] ******blk_init_rl***** blk_init_rl:925 
[    7.036632] ******blk_init_rl***** blk_init_rl:925 
[    7.036652] ******blk_init_rl***** blk_init_rl:925 
[    7.036671] ******blk_init_rl***** blk_init_rl:925 
[    7.036692] ******blk_init_rl***** blk_init_rl:925 
[    7.036716] ******blk_init_rl***** blk_init_rl:925 
[    7.036737] ******blk_init_rl***** blk_init_rl:925 
[    7.036758] ******blk_init_rl***** blk_init_rl:925 
[    7.036778] ******blk_init_rl***** blk_init_rl:925 
[    7.036797] ******blk_init_rl***** blk_init_rl:925 
[    7.036818] ******blk_init_rl***** blk_init_rl:925 
[    7.036837] ******blk_init_rl***** blk_init_rl:925 
[    7.036857] ******blk_init_rl***** blk_init_rl:925 
[    7.036877] ******blk_init_rl***** blk_init_rl:925 
[    7.036897] ******blk_init_rl***** blk_init_rl:925 
[    7.036917] ******blk_init_rl***** blk_init_rl:925 
[    7.036937] ******blk_init_rl***** blk_init_rl:925 
[    7.036956] ******blk_init_rl***** blk_init_rl:925 
[    7.036977] ******blk_init_rl***** blk_init_rl:925 
[    7.036996] ******blk_init_rl***** blk_init_rl:925 
[    7.037016] ******blk_init_rl***** blk_init_rl:925 
[    7.037040] ******blk_init_rl***** blk_init_rl:925 
[    7.037063] ******blk_init_rl***** blk_init_rl:925 
[    7.037082] ******blk_init_rl***** blk_init_rl:925 
[    7.037103] ******blk_init_rl***** blk_init_rl:925 
[    7.037123] ******blk_init_rl***** blk_init_rl:925 
[    7.037143] ******blk_init_rl***** blk_init_rl:925 
[    7.037162] ******blk_init_rl***** blk_init_rl:925 
[    7.037182] ******blk_init_rl***** blk_init_rl:925 
[    7.037201] ******blk_init_rl***** blk_init_rl:925 
[    7.037222] ******blk_init_rl***** blk_init_rl:925 
[    7.037241] ******blk_init_rl***** blk_init_rl:925 
[    7.037261] ******blk_init_rl***** blk_init_rl:925 
[    7.037280] ******blk_init_rl***** blk_init_rl:925 
[    7.037300] ******blk_init_rl***** blk_init_rl:925 
[    7.037319] ******blk_init_rl***** blk_init_rl:925 
[    7.037339] ******blk_init_rl***** blk_init_rl:925 
[    7.037365] ******blk_init_rl***** blk_init_rl:925 
[    7.037386] ******blk_init_rl***** blk_init_rl:925 
[    7.037405] ******blk_init_rl***** blk_init_rl:925 
[    7.037425] ******blk_init_rl***** blk_init_rl:925 
[    7.037445] ******blk_init_rl***** blk_init_rl:925 
[    7.037465] ******blk_init_rl***** blk_init_rl:925 
[    7.037484] ******blk_init_rl***** blk_init_rl:925 
[    7.037505] ******blk_init_rl***** blk_init_rl:925 
[    7.037525] ******blk_init_rl***** blk_init_rl:925 
[    7.037546] ******blk_init_rl***** blk_init_rl:925 
[    7.037566] ******blk_init_rl***** blk_init_rl:925 
[    7.037587] ******blk_init_rl***** blk_init_rl:925 
[    7.037607] ******blk_init_rl***** blk_init_rl:925 
[    7.037630] ******blk_init_rl***** blk_init_rl:925 
[    7.037650] ******blk_init_rl***** blk_init_rl:925 
[    7.037673] ******blk_init_rl***** blk_init_rl:925 
[    7.037698] ******blk_init_rl***** blk_init_rl:925 
[    7.037846] ******blk_init_rl***** blk_init_rl:925 
[    7.049434] ixgbe 0000:06:00.1: PCI Express bandwidth of 32GT/s available
[    7.060089] ******blk_init_rl***** blk_init_rl:925 
[    7.065495] ixgbe 0000:06:00.1: (Speed:5.0GT/s, Width: x8, Encoding Loss:20%)
[    7.065828] ixgbe 0000:06:00.1: MAC: 2, PHY: 14, SFP+: 4, PBA No: E68793-000
[    7.076454] ******blk_init_rl***** blk_init_rl:925 
[    7.081827] ixgbe 0000:06:00.1: 90:e2:ba:82:2c:7d
[    7.082859] ixgbe 0000:06:00.1: Intel(R) 10 Gigabit Network Connection
[    7.092786] ******blk_init_rl***** blk_init_rl:925 
[    7.100105] usbcore: usbcore: registered new interface driver usbhid
[    7.103686] ******blk_init_rl***** blk_init_rl:925 
[    7.109048] usbhid: usbhid: USB HID core driver
[    7.114589] ******blk_init_rl***** blk_init_rl:925 
[    7.138589] ata8: SATA link down (SStatus 0 SControl 300)
[    7.141778] ******blk_init_rl***** blk_init_rl:925 
[    7.147195] ata5: SATA link down (SStatus 0 SControl 300)
[    7.152701] ******blk_init_rl***** blk_init_rl:925 
[    7.158095] ata6: SATA link down (SStatus 0 SControl 300)
[    7.163562] ******blk_init_rl***** blk_init_rl:925 
[    7.168978] ata10: SATA link down (SStatus 0 SControl 300)
[    7.174430] ******blk_init_rl***** blk_init_rl:925 
[    7.174599] input_core: Avocent Cisco USB Composite Device-0 as /devices/pci0000:00/0000:00:1d.0/usb2/2-1/2-1.6/2-1.6:1.0/0003:0624:0402.0001/input/input2
[    7.179841] ata7: SATA link down (SStatus 0 SControl 300)
[    7.179857] ata9: SATA link down (SStatus 0 SControl 300)
[    7.232256] hid-generic 0003:0624:0402.0001: input,hidraw0: USB HID v1.00 Keyboard [Avocent Cisco USB Composite Device-0] on usb-0000:00:1d.0-1.6/input0
[    7.234391] ******blk_init_rl***** blk_init_rl:925 
[    7.239845] input_core: Avocent Cisco USB Composite Device-0 as /devices/pci0000:00/0000:00:1d.0/usb2/2-1/2-1.6/2-1.6:1.1/0003:0624:0402.0002/input/input3
[    7.245256] ******blk_init_rl***** blk_init_rl:925 
[    7.250739] hid-generic 0003:0624:0402.0002: input,hidraw1: USB HID v1.00 Mouse [Avocent Cisco USB Composite Device-0] on usb-0000:00:1d.0-1.6/input1
[    7.256133] ******blk_init_rl***** blk_init_rl:925 
[    7.261596] input_core: Avocent Cisco USB Composite Device-0 as /devices/pci0000:00/0000:00:1d.0/usb2/2-1/2-1.6/2-1.6:1.2/0003:0624:0402.0003/input/input4
[    7.267023] ******blk_init_rl***** blk_init_rl:925 
[    7.272501] hid-generic 0003:0624:0402.0003: input,hidraw2: USB HID v1.00 Mouse [Avocent Cisco USB Composite Device-0] on usb-0000:00:1d.0-1.6/input2
[    7.277912] ******blk_init_rl***** blk_init_rl:925 
[    8.688635] ******blk_init_rl***** blk_init_rl:925 
[    8.694127] ******blk_init_rl***** blk_init_rl:925 
[    8.699618] ******blk_init_rl***** blk_init_rl:925 
[    8.705110] ******blk_init_rl***** blk_init_rl:925 
[    8.710603] ******blk_init_rl***** blk_init_rl:925 
[    8.716096] ******blk_init_rl***** blk_init_rl:925 
[    8.721588] ******blk_init_rl***** blk_init_rl:925 
[    8.727080] ******blk_init_rl***** blk_init_rl:925 
[    8.732570] ******blk_init_rl***** blk_init_rl:925 
[    8.738061] ******blk_init_rl***** blk_init_rl:925 
[    8.743553] ******blk_init_rl***** blk_init_rl:925 
[    8.749045] ******blk_init_rl***** blk_init_rl:925 
[    8.754536] ******blk_init_rl***** blk_init_rl:925 
[    8.760043] ******blk_init_rl***** blk_init_rl:925 
[    8.765536] ******blk_init_rl***** blk_init_rl:925 
[    8.771028] ******blk_init_rl***** blk_init_rl:925 
[    8.776518] ******blk_init_rl***** blk_init_rl:925 
[    8.782009] ******blk_init_rl***** blk_init_rl:925 
[    8.787503] ******blk_init_rl***** blk_init_rl:925 
[    8.792996] ******blk_init_rl***** blk_init_rl:925 
[    8.798488] ******blk_init_rl***** blk_init_rl:925 
[    8.803980] ******blk_init_rl***** blk_init_rl:925 
[    8.809472] ******blk_init_rl***** blk_init_rl:925 
[    8.814963] ******blk_init_rl***** blk_init_rl:925 
[    8.820454] ******blk_init_rl***** blk_init_rl:925 
[    8.825945] ******blk_init_rl***** blk_init_rl:925 
[    8.831438] ******blk_init_rl***** blk_init_rl:925 
[    8.836929] ******blk_init_rl***** blk_init_rl:925 
[    8.842423] ******blk_init_rl***** blk_init_rl:925 
[    8.847915] ******blk_init_rl***** blk_init_rl:925 
[    8.853406] ******blk_init_rl***** blk_init_rl:925 
[    8.858896] ******blk_init_rl***** blk_init_rl:925 
[    8.864387] ******blk_init_rl***** blk_init_rl:925 
[    8.869878] ******blk_init_rl***** blk_init_rl:925 
[    8.875370] ******blk_init_rl***** blk_init_rl:925 
[    8.880865] ******blk_init_rl***** blk_init_rl:925 
[    8.886359] ******blk_init_rl***** blk_init_rl:925 
[    8.891853] ******blk_init_rl***** blk_init_rl:925 
[    8.897345] ******blk_init_rl***** blk_init_rl:925 
[    8.902838] ******blk_init_rl***** blk_init_rl:925 
[    8.908330] ******blk_init_rl***** blk_init_rl:925 
[    8.913821] ******blk_init_rl***** blk_init_rl:925 
[    8.919314] ******blk_init_rl***** blk_init_rl:925 
[    8.924807] ******blk_init_rl***** blk_init_rl:925 
[    8.930301] ******blk_init_rl***** blk_init_rl:925 
[    8.935793] ******blk_init_rl***** blk_init_rl:925 
[    8.941284] ******blk_init_rl***** blk_init_rl:925 
[    8.946775] ******blk_init_rl***** blk_init_rl:925 
[    8.952267] ******blk_init_rl***** blk_init_rl:925 
[    8.957735] ******blk_init_rl***** blk_init_rl:925 
[    8.963203] ******blk_init_rl***** blk_init_rl:925 
[    8.968670] ******blk_init_rl***** blk_init_rl:925 
[    8.974136] ******blk_init_rl***** blk_init_rl:925 
[    8.979603] ******blk_init_rl***** blk_init_rl:925 
[    8.985068] ******blk_init_rl***** blk_init_rl:925 
[    8.990534] ******blk_init_rl***** blk_init_rl:925 
[    8.996003] ******blk_init_rl***** blk_init_rl:925 
[    9.001469] ******blk_init_rl***** blk_init_rl:925 
[    9.006937] ******blk_init_rl***** blk_init_rl:925 
[    9.012401] ******blk_init_rl***** blk_init_rl:925 
[    9.017867] ******blk_init_rl***** blk_init_rl:925 
[    9.023334] ******blk_init_rl***** blk_init_rl:925 
[    9.028801] ******blk_init_rl***** blk_init_rl:925 
[    9.034267] ******blk_init_rl***** blk_init_rl:925 
[    9.039734] ******blk_init_rl***** blk_init_rl:925 
[    9.045200] ******blk_init_rl***** blk_init_rl:925 
[    9.050666] ******blk_init_rl***** blk_init_rl:925 
[    9.056132] ******blk_init_rl***** blk_init_rl:925 
[    9.061598] ******blk_init_rl***** blk_init_rl:925 
[    9.067065] ******blk_init_rl***** blk_init_rl:925 
[    9.072532] ******blk_init_rl***** blk_init_rl:925 
[    9.077999] ******blk_init_rl***** blk_init_rl:925 
[    9.083466] ******blk_init_rl***** blk_init_rl:925 
[    9.088931] ******blk_init_rl***** blk_init_rl:925 
[    9.094397] ******blk_init_rl***** blk_init_rl:925 
[    9.099864] ******blk_init_rl***** blk_init_rl:925 
[    9.105332] ******blk_init_rl***** blk_init_rl:925 
[    9.110799] ******blk_init_rl***** blk_init_rl:925 
[    9.116267] ******blk_init_rl***** blk_init_rl:925 
[    9.121736] ******blk_init_rl***** blk_init_rl:925 
[    9.127203] ******blk_init_rl***** blk_init_rl:925 
[    9.132668] ******blk_init_rl***** blk_init_rl:925 
[    9.138134] ******blk_init_rl***** blk_init_rl:925 
[    9.143601] ******blk_init_rl***** blk_init_rl:925 
[    9.149069] ******blk_init_rl***** blk_init_rl:925 
[    9.154536] ******blk_init_rl***** blk_init_rl:925 
[    9.160006] ******blk_init_rl***** blk_init_rl:925 
[    9.165474] ******blk_init_rl***** blk_init_rl:925 
[    9.170940] ******blk_init_rl***** blk_init_rl:925 
[    9.176406] ******blk_init_rl***** blk_init_rl:925 
[    9.181871] ******blk_init_rl***** blk_init_rl:925 
[    9.187338] ******blk_init_rl***** blk_init_rl:925 
[    9.192805] ******blk_init_rl***** blk_init_rl:925 
[    9.198272] ******blk_init_rl***** blk_init_rl:925 
[    9.203739] ******blk_init_rl***** blk_init_rl:925 
[    9.209204] ******blk_init_rl***** blk_init_rl:925 
[    9.214671] ******blk_init_rl***** blk_init_rl:925 
[    9.220137] ******blk_init_rl***** blk_init_rl:925 
[    9.225603] ******blk_init_rl***** blk_init_rl:925 
[    9.231070] ******blk_init_rl***** blk_init_rl:925 
[    9.236536] ******blk_init_rl***** blk_init_rl:925 
[    9.242003] ******blk_init_rl***** blk_init_rl:925 
[    9.247469] ******blk_init_rl***** blk_init_rl:925 
[    9.252934] ******blk_init_rl***** blk_init_rl:925 
[    9.258402] ******blk_init_rl***** blk_init_rl:925 
[    9.263869] ******blk_init_rl***** blk_init_rl:925 
[    9.269337] ******blk_init_rl***** blk_init_rl:925 
[    9.274804] ******blk_init_rl***** blk_init_rl:925 
[    9.280272] ******blk_init_rl***** blk_init_rl:925 
[    9.285739] ******blk_init_rl***** blk_init_rl:925 
[    9.291205] ******blk_init_rl***** blk_init_rl:925 
[    9.296671] ******blk_init_rl***** blk_init_rl:925 
[    9.302136] ******blk_init_rl***** blk_init_rl:925 
[    9.307629] ******blk_init_rl***** blk_init_rl:925 
[    9.313102] random: random: fast init done
[    9.317695] ******blk_init_rl***** blk_init_rl:925 
[    9.323188] ******blk_init_rl***** blk_init_rl:925 
[    9.328678] ******blk_init_rl***** blk_init_rl:925 
[    9.334171] ******blk_init_rl***** blk_init_rl:925 
[    9.339665] ******blk_init_rl***** blk_init_rl:925 
[    9.345157] ******blk_init_rl***** blk_init_rl:925 
[    9.350651] ******blk_init_rl***** blk_init_rl:925 
[    9.356143] ******blk_init_rl***** blk_init_rl:925 
[    9.361636] ******blk_init_rl***** blk_init_rl:925 
[    9.367128] ******blk_init_rl***** blk_init_rl:925 
[    9.372619] ******blk_init_rl***** blk_init_rl:925 
[    9.378110] ******blk_init_rl***** blk_init_rl:925 
[    9.383601] ******blk_init_rl***** blk_init_rl:925 
[    9.389093] ******blk_init_rl***** blk_init_rl:925 
[    9.394585] ******blk_init_rl***** blk_init_rl:925 
[    9.400081] ******blk_init_rl***** blk_init_rl:925 
[    9.405572] ******blk_init_rl***** blk_init_rl:925 
[    9.411066] ******blk_init_rl***** blk_init_rl:925 
[    9.416556] ******blk_init_rl***** blk_init_rl:925 
[    9.422047] ******blk_init_rl***** blk_init_rl:925 
[    9.427539] ******blk_init_rl***** blk_init_rl:925 
