+ DATA=com-orkut.ungraph.txt
+ INPUT=/users/skannan/ssd/NVM/appbench/shared_data/com-orkut.ungraph.txt
+ APPBASE=/users/skannan/ssd/NVM/appbench/graphchi/graphchi-cpp/bin/example_apps
+ APP=/users/skannan/ssd/NVM/appbench/graphchi/graphchi-cpp/bin/example_apps/pagerank
+ PARAM=1
+ OUTPUT=/users/skannan/ssd/NVM/appbench/output/cachekernbuff_alloc_node0_slowmem_node1_membw500mb_fastmem8GB/graphchi
+ cd /users/skannan/ssd/NVM/appbench/graphchi/graphchi-cpp
+ RUN
+ rm -rf '/users/skannan/ssd/NVM/appbench/shared_data/com-orkut.ungraph.txt.*'
+ echo edgelist
+ LD_PRELOAD=/users/skannan/ssd/NVM/appbench/shared_libs/construct/libmigration.so
+ numactl --membind=0 /usr/bin/time -v /users/skannan/ssd/NVM/appbench/graphchi/graphchi-cpp/bin/example_apps/pagerank file /users/skannan/ssd/NVM/appbench/shared_data/com-orkut.ungraph.txt niters 32
initiating tracing...
initiating tracing...
initiating tracing...
INFO:     conversions.hpp(convert_if_notexists:767): Did not find preprocessed shards for /users/skannan/ssd/NVM/appbench/shared_data/com-orkut.ungraph.txt
[0mINFO:     conversions.hpp(convert_if_notexists:768): (Edge-value size: 4)
[0mINFO:     conversions.hpp(convert_if_notexists:769): Will try create them now...
[0mPlease enter value for command-line argument [filetype]
  (Options are: edgelist, adjlist, binedgelist, metis)
INFO:     sharder.hpp(start_preprocessing:428): Starting preprocessing, shovel size: 357913941
[0mINFO:     conversions.hpp(convert_edgelist:221): Reading in edge list format!
[0m[1;33mDEBUG:    conversions.hpp(convert_edgelist:226): Read 10000000 lines, 114.252 MB
[0m[1;33mDEBUG:    conversions.hpp(convert_edgelist:226): Read 20000000 lines, 236.836 MB
[0m[1;33mDEBUG:    conversions.hpp(convert_edgelist:226): Read 30000000 lines, 364.137 MB
[0m[1;33mDEBUG:    conversions.hpp(convert_edgelist:226): Read 40000000 lines, 494.419 MB
[0m[1;33mDEBUG:    conversions.hpp(convert_edgelist:226): Read 50000000 lines, 624.031 MB
[0m[1;33mDEBUG:    conversions.hpp(convert_edgelist:226): Read 60000000 lines, 759.238 MB
[0m[1;33mDEBUG:    conversions.hpp(convert_edgelist:226): Read 70000000 lines, 901.041 MB
[0m[1;33mDEBUG:    conversions.hpp(convert_edgelist:226): Read 80000000 lines, 1044.09 MB
[0m[1;33mDEBUG:    conversions.hpp(convert_edgelist:226): Read 90000000 lines, 1187.14 MB
[0m[1;33mDEBUG:    conversions.hpp(convert_edgelist:226): Read 100000000 lines, 1330.19 MB
[0m[1;33mDEBUG:    conversions.hpp(convert_edgelist:226): Read 110000000 lines, 1473.25 MB
[0mINFO:     sharder.hpp(flush:249): Sorting shovel: /users/skannan/ssd/NVM/appbench/shared_data/com-orkut.ungraph.txt4.0.shovel, max:3072626
[0mINFO:     sharder.hpp(flush:251): Sort done./users/skannan/ssd/NVM/appbench/shared_data/com-orkut.ungraph.txt4.0.shovel
[0mINFO:     sharder.hpp(flush_shovel:459): Waiting shoveling threads...
[0mINFO:     sharder.hpp(determine_number_of_shards:622): Determining number of shards automatically.
[0mINFO:     sharder.hpp(determine_number_of_shards:625): Assuming available memory is 16384 megabytes. 
[0mINFO:     sharder.hpp(determine_number_of_shards:626):  (This can be defined with configuration parameter 'membudget_mb')
[0mINFO:     sharder.hpp(determine_number_of_shards:631): Determining maximum shard size: 2048 MB.
[0mINFO:     sharder.hpp(determine_number_of_shards:644): Number of shards to be created: 1
[0mINFO:     sharder.hpp(write_shards:1025): Edges per shard: 117185084 nshards=1 total: 117185083
[0mINFO:     sharder.hpp(write_shards:1031): Buffer size in merge phase: 8589934596
[0mINFO:     sharder.hpp(finish_shard:683): Starting final processing for shard: 0
[0m[1;33mDEBUG:    sharder.hpp(finish_shard:694): Shovel size:1406220996 edges: 117185083
[0m[1;33mDEBUG:    sharder.hpp(finish_shard:760): 0 / 117185083
[0m[1;33mDEBUG:    sharder.hpp(finish_shard:760): 10000000 / 117185083
[0m[1;33mDEBUG:    sharder.hpp(finish_shard:760): 20000000 / 117185083
[0m[1;33mDEBUG:    sharder.hpp(finish_shard:760): 30000000 / 117185083
[0m[1;33mDEBUG:    sharder.hpp(finish_shard:760): 40000000 / 117185083
[0m[1;33mDEBUG:    sharder.hpp(finish_shard:760): 50000000 / 117185083
[0m[1;33mDEBUG:    sharder.hpp(finish_shard:760): 60000000 / 117185083
[0m[1;33mDEBUG:    sharder.hpp(finish_shard:760): 70000000 / 117185083
[0m[1;33mDEBUG:    sharder.hpp(finish_shard:760): 80000000 / 117185083
[0m[1;33mDEBUG:    sharder.hpp(finish_shard:760): 90000000 / 117185083
[0m[1;33mDEBUG:    sharder.hpp(finish_shard:760): 100000000 / 117185083
[0m[1;33mDEBUG:    sharder.hpp(finish_shard:760): 110000000 / 117185083
[0mINFO:     sharder.hpp(createnextshard:945): Remaining edges: 0 remaining shards:0 edges per shard=117185084
[0mINFO:     sharder.hpp(createnextshard:948): Edges per shard: 117185084
[0m
 === REPORT FOR sharder() ===
[Timings]
edata_flush:		3.77304s	 (count: 448, min: 0.008093s, max: 0.008597, avg: 0.00842197s)
execute_sharding:		21.8623 s
finish_shard.sort:		9.22453 s
preprocessing:		22.6916 s
shard_final:		17.4765 s
[Other]
app:	sharder
INFO:     sharder.hpp(done:961): Created 1 shards, for 117185083 edgesSuccessfully finished sharding for /users/skannan/ssd/NVM/appbench/shared_data/com-orkut.ungraph.txt
[0mINFO:     conversions.hpp(convert:651): Created 1 shards.
[0m[1;33mDEBUG:    stripedio.hpp(stripedio:271): Start io-manager with 4 threads.
[0mINFO:     graphchi_engine.hpp(graphchi_engine:154): Initializing graphchi_engine. This engine expects 4-byte edge data. 
[0mINFO:     chifilenames.hpp(load_vertex_intervals:400): shard: 0 - 3072626
[0mINFO:     pagerank.cpp(main:184): Running Pagerank by holding vertices in-memory mode!
[0mINFO:     degree_data.hpp(degree_data:98): Use memory mapping for degree data.
[0mcalling mmap 
INFO:     graphchi_engine.hpp(run:737): GraphChi starting
[0mINFO:     graphchi_engine.hpp(run:738): Licensed under the Apache License 2.0
[0mINFO:     graphchi_engine.hpp(run:739): Copyright Aapo Kyrola et al., Carnegie Mellon University (2012)
[0mINFO:     vertex_data.hpp(vertex_data_store:96): Use memory mapping for vertex data.
[0mcalling mmap 
INFO:     graphchi_engine.hpp(print_config:132): Engine configuration: 
[0mINFO:     graphchi_engine.hpp(print_config:133):  exec_threads = 16
[0mINFO:     graphchi_engine.hpp(print_config:134):  load_threads = 8
[0mINFO:     graphchi_engine.hpp(print_config:135):  membudget_mb = 16384
[0mINFO:     graphchi_engine.hpp(print_config:136):  blocksize = 1048576
[0mINFO:     graphchi_engine.hpp(print_config:137):  scheduler = 0
[0mINFO:     graphchi_engine.hpp(run:773): Start iteration: 0
[0mINFO:     graphchi_engine.hpp(run:852): 0.129431s: Starting: 0 -- 3072626
[0mINFO:     graphchi_engine.hpp(run:865): Iteration 0/31, subinterval: 0 - 3072626
[0m[1;33mDEBUG:    graphchi_engine.hpp(run:880): Allocation 3072627 vertices, sizeof:64 total:196648128
[0mINFO:     graphchi_engine.hpp(run:889): Start updates
[0mINFO:     graphchi_engine.hpp(exec_updates_inmemory_mode:470): In-memory mode: Iteration 0 starts. (2.51692 secs)
[0m[1;31mERROR:    graphchi_engine.hpp(num_edges:655): Asked number of edges, but engine was run without edge-data.
[0mINFO:     graphchi_engine.hpp(exec_updates_inmemory_mode:470): In-memory mode: Iteration 1 starts. (2.70765 secs)
[0m[1;31mERROR:    graphchi_engine.hpp(num_edges:655): Asked number of edges, but engine was run without edge-data.
[0mINFO:     graphchi_engine.hpp(exec_updates_inmemory_mode:470): In-memory mode: Iteration 2 starts. (3.48661 secs)
[0m[1;31mERROR:    graphchi_engine.hpp(num_edges:655): Asked number of edges, but engine was run without edge-data.
[0mINFO:     graphchi_engine.hpp(exec_updates_inmemory_mode:470): In-memory mode: Iteration 3 starts. (4.2137 secs)
[0m[1;31mERROR:    graphchi_engine.hpp(num_edges:655): Asked number of edges, but engine was run without edge-data.
[0mINFO:     graphchi_engine.hpp(exec_updates_inmemory_mode:470): In-memory mode: Iteration 4 starts. (4.99488 secs)
[0m[1;31mERROR:    graphchi_engine.hpp(num_edges:655): Asked number of edges, but engine was run without edge-data.
[0mINFO:     graphchi_engine.hpp(exec_updates_inmemory_mode:470): In-memory mode: Iteration 5 starts. (5.77262 secs)
[0m[1;31mERROR:    graphchi_engine.hpp(num_edges:655): Asked number of edges, but engine was run without edge-data.
[0mINFO:     graphchi_engine.hpp(exec_updates_inmemory_mode:470): In-memory mode: Iteration 6 starts. (6.48216 secs)
[0m[1;31mERROR:    graphchi_engine.hpp(num_edges:655): Asked number of edges, but engine was run without edge-data.
[0mINFO:     graphchi_engine.hpp(exec_updates_inmemory_mode:470): In-memory mode: Iteration 7 starts. (7.20595 secs)
[0m[1;31mERROR:    graphchi_engine.hpp(num_edges:655): Asked number of edges, but engine was run without edge-data.
[0mINFO:     graphchi_engine.hpp(exec_updates_inmemory_mode:470): In-memory mode: Iteration 8 starts. (7.93142 secs)
[0m[1;31mERROR:    graphchi_engine.hpp(num_edges:655): Asked number of edges, but engine was run without edge-data.
[0mINFO:     graphchi_engine.hpp(exec_updates_inmemory_mode:470): In-memory mode: Iteration 9 starts. (8.71234 secs)
[0m[1;31mERROR:    graphchi_engine.hpp(num_edges:655): Asked number of edges, but engine was run without edge-data.
[0mINFO:     graphchi_engine.hpp(exec_updates_inmemory_mode:470): In-memory mode: Iteration 10 starts. (9.4268 secs)
[0m[1;31mERROR:    graphchi_engine.hpp(num_edges:655): Asked number of edges, but engine was run without edge-data.
[0mINFO:     graphchi_engine.hpp(exec_updates_inmemory_mode:470): In-memory mode: Iteration 11 starts. (10.2067 secs)
[0m[1;31mERROR:    graphchi_engine.hpp(num_edges:655): Asked number of edges, but engine was run without edge-data.
[0mINFO:     graphchi_engine.hpp(exec_updates_inmemory_mode:470): In-memory mode: Iteration 12 starts. (10.9875 secs)
[0m[1;31mERROR:    graphchi_engine.hpp(num_edges:655): Asked number of edges, but engine was run without edge-data.
[0mINFO:     graphchi_engine.hpp(exec_updates_inmemory_mode:470): In-memory mode: Iteration 13 starts. (11.7389 secs)
[0m[1;31mERROR:    graphchi_engine.hpp(num_edges:655): Asked number of edges, but engine was run without edge-data.
[0mINFO:     graphchi_engine.hpp(exec_updates_inmemory_mode:470): In-memory mode: Iteration 14 starts. (12.4727 secs)
[0m[1;31mERROR:    graphchi_engine.hpp(num_edges:655): Asked number of edges, but engine was run without edge-data.
[0mINFO:     graphchi_engine.hpp(exec_updates_inmemory_mode:470): In-memory mode: Iteration 15 starts. (13.2042 secs)
[0m[1;31mERROR:    graphchi_engine.hpp(num_edges:655): Asked number of edges, but engine was run without edge-data.
[0mINFO:     graphchi_engine.hpp(exec_updates_inmemory_mode:470): In-memory mode: Iteration 16 starts. (13.941 secs)
[0m[1;31mERROR:    graphchi_engine.hpp(num_edges:655): Asked number of edges, but engine was run without edge-data.
[0mINFO:     graphchi_engine.hpp(exec_updates_inmemory_mode:470): In-memory mode: Iteration 17 starts. (14.6682 secs)
[0m[1;31mERROR:    graphchi_engine.hpp(num_edges:655): Asked number of edges, but engine was run without edge-data.
[0mINFO:     graphchi_engine.hpp(exec_updates_inmemory_mode:470): In-memory mode: Iteration 18 starts. (15.3976 secs)
[0m[1;31mERROR:    graphchi_engine.hpp(num_edges:655): Asked number of edges, but engine was run without edge-data.
[0mINFO:     graphchi_engine.hpp(exec_updates_inmemory_mode:470): In-memory mode: Iteration 19 starts. (16.12 secs)
[0m[1;31mERROR:    graphchi_engine.hpp(num_edges:655): Asked number of edges, but engine was run without edge-data.
[0mINFO:     graphchi_engine.hpp(exec_updates_inmemory_mode:470): In-memory mode: Iteration 20 starts. (16.9159 secs)
[0m[1;31mERROR:    graphchi_engine.hpp(num_edges:655): Asked number of edges, but engine was run without edge-data.
[0mINFO:     graphchi_engine.hpp(exec_updates_inmemory_mode:470): In-memory mode: Iteration 21 starts. (17.6923 secs)
[0m[1;31mERROR:    graphchi_engine.hpp(num_edges:655): Asked number of edges, but engine was run without edge-data.
[0mINFO:     graphchi_engine.hpp(exec_updates_inmemory_mode:470): In-memory mode: Iteration 22 starts. (18.4345 secs)
[0m[1;31mERROR:    graphchi_engine.hpp(num_edges:655): Asked number of edges, but engine was run without edge-data.
[0mINFO:     graphchi_engine.hpp(exec_updates_inmemory_mode:470): In-memory mode: Iteration 23 starts. (19.2169 secs)
[0m[1;31mERROR:    graphchi_engine.hpp(num_edges:655): Asked number of edges, but engine was run without edge-data.
[0mINFO:     graphchi_engine.hpp(exec_updates_inmemory_mode:470): In-memory mode: Iteration 24 starts. (19.9356 secs)
[0m[1;31mERROR:    graphchi_engine.hpp(num_edges:655): Asked number of edges, but engine was run without edge-data.
[0mINFO:     graphchi_engine.hpp(exec_updates_inmemory_mode:470): In-memory mode: Iteration 25 starts. (20.7141 secs)
[0m[1;31mERROR:    graphchi_engine.hpp(num_edges:655): Asked number of edges, but engine was run without edge-data.
[0mINFO:     graphchi_engine.hpp(exec_updates_inmemory_mode:470): In-memory mode: Iteration 26 starts. (21.427 secs)
[0m[1;31mERROR:    graphchi_engine.hpp(num_edges:655): Asked number of edges, but engine was run without edge-data.
[0mINFO:     graphchi_engine.hpp(exec_updates_inmemory_mode:470): In-memory mode: Iteration 27 starts. (22.2097 secs)
[0m[1;31mERROR:    graphchi_engine.hpp(num_edges:655): Asked number of edges, but engine was run without edge-data.
[0mINFO:     graphchi_engine.hpp(exec_updates_inmemory_mode:470): In-memory mode: Iteration 28 starts. (22.9897 secs)
[0m[1;31mERROR:    graphchi_engine.hpp(num_edges:655): Asked number of edges, but engine was run without edge-data.
[0mINFO:     graphchi_engine.hpp(exec_updates_inmemory_mode:470): In-memory mode: Iteration 29 starts. (23.7753 secs)
[0m[1;31mERROR:    graphchi_engine.hpp(num_edges:655): Asked number of edges, but engine was run without edge-data.
[0mINFO:     graphchi_engine.hpp(exec_updates_inmemory_mode:470): In-memory mode: Iteration 30 starts. (24.4902 secs)
[0m[1;31mERROR:    graphchi_engine.hpp(num_edges:655): Asked number of edges, but engine was run without edge-data.
[0mINFO:     graphchi_engine.hpp(exec_updates_inmemory_mode:470): In-memory mode: Iteration 31 starts. (25.2953 secs)
[0m[1;31mERROR:    graphchi_engine.hpp(num_edges:655): Asked number of edges, but engine was run without edge-data.
[0mINFO:     graphchi_engine.hpp(run:899): Finished updates
[0mINFO:     vertex_data.hpp(~vertex_data_store:113): Syncing vertex data...
[0m[1;33mDEBUG:    stripedio.hpp(stripedio:271): Start io-manager with 4 threads.
[0mINFO:     vertex_data.hpp(vertex_data_store:96): Use memory mapping for vertex data.
[0mcalling mmap 
INFO:     vertex_data.hpp(~vertex_data_store:113): Syncing vertex data...
[0mPrint top 20 vertices:
1. 0	0
2. 1	0
3. 2	0
4. 3	0
5. 4	0
6. 5	0
7. 6	0
8. 7	0
9. 8	0
10. 9	0
11. 10	0
12. 11	0
13. 12	0
14. 13	0
15. 14	0
16. 15	0
17. 16	0
18. 17	0
19. 18	0
20. 19	0

 === REPORT FOR pagerank() ===
[Numeric]
cachesize_mb:		16384
compression:		0
execthreads:		16
loadthreads:		8
membudget_mb:		16384
niothreads:		4
niters:		32
nshards:		1
nvertices:		3.07263e+06
scheduler:		0
serialized-updates:		9.83181e+07	(count: 32, min: 3.07244e+06, max: 3.07244e+06, avg: 3.07244e+06)
stripesize:		1.07374e+09
updates:		9.83241e+07
work:		0
[Timings]
execute-updates:		23.5757s	 (count: 32, min: 0.190677s, max: 0.804957, avg: 0.736741s)
iomgr_init:		0.000194 s
memoryshard_create_edges:		2.13872 s
preada_now:		0.313819s	 (count: 29, min: 0.001582s, max: 0.013312, avg: 0.0108213s)
runtime:		26.1713 s
stripedio_wait_for_reads:		4e-06 s
stripedio_wait_for_writes:		7e-06s	 (count: 2, min: 1e-06s, max: 6e-06, avg: 3.5e-06s)
[Other]
app:	pagerank
engine:	default
file:	/users/skannan/ssd/NVM/appbench/shared_data/com-orkut.ungraph.txt
application termination...
	Command being timed: "/users/skannan/ssd/NVM/appbench/graphchi/graphchi-cpp/bin/example_apps/pagerank file /users/skannan/ssd/NVM/appbench/shared_data/com-orkut.ungraph.txt niters 32"
	User time (seconds): 191.41
	System time (seconds): 9.56
	Percent of CPU this job got: 247%
	Elapsed (wall clock) time (h:mm:ss or m:ss): 1:21.26
	Average shared text size (kbytes): 0
	Average unshared data size (kbytes): 0
	Average stack size (kbytes): 0
	Average total size (kbytes): 0
	Maximum resident set size (kbytes): 2864144
	Average resident set size (kbytes): 0
	Major (requiring I/O) page faults: 4
	Minor (reclaiming a frame) page faults: 608939
	Voluntary context switches: 3304
	Involuntary context switches: 533
	Swaps: 0
	File system inputs: 3457592
	File system outputs: 4632248
	Socket messages sent: 0
	Socket messages received: 0
	Signals delivered: 0
	Page size (bytes): 4096
	Exit status: 0
application termination...
+ export LD_PRELOAD=
+ LD_PRELOAD=
+ rm -rf /users/skannan/ssd/NVM/appbench/shared_data/com-orkut.ungraph.txt.1.intervals /users/skannan/ssd/NVM/appbench/shared_data/com-orkut.ungraph.txt.4B.vout /users/skannan/ssd/NVM/appbench/shared_data/com-orkut.ungraph.txt.deltalog /users/skannan/ssd/NVM/appbench/shared_data/com-orkut.ungraph.txt.edata_azv.0_1.adj /users/skannan/ssd/NVM/appbench/shared_data/com-orkut.ungraph.txt.edata_azv.0_1.adjidx /users/skannan/ssd/NVM/appbench/shared_data/com-orkut.ungraph.txt.edata.e4B.0_1_blockdir_1048576 /users/skannan/ssd/NVM/appbench/shared_data/com-orkut.ungraph.txt.edata.e4B.0_1.size /users/skannan/ssd/NVM/appbench/shared_data/com-orkut.ungraph.txt.numvertices
+ FlushDisk
+ sudo sh -c 'echo 3 > /proc/sys/vm/drop_caches'
+ sudo sh -c sync
+ sudo sh -c sync
+ sudo sh -c 'echo 3 > /proc/sys/vm/drop_caches'
+ rm -rf '/users/skannan/ssd/NVM/appbench/shared_data/com-orkut.ungraph.txt.*'
+ set +x
******************
KERNEL  DMESG
******************
  
[    0.000000] main: Linux version 4.17.0 (root@node-0.wisc3.fsperfatscale-pg0.wisc.cloudlab.us) (gcc version 4.8.4 (Ubuntu 4.8.4-2ubuntu1~14.04.4)) #6 SMP Fri Dec 21 16:23:28 MST 2018
[    0.000000] Command line: BOOT_IMAGE=/boot/vmlinuz-4.17.0 root=UUID=4910fb56-38cb-41ae-82bf-3efa1d8a45a0 ro console=ttyS0,115200 crashkernel=384M-:128M memmap=56G!8G
[    0.000000] common: KERNEL supported cpus:
[    0.000000] common:   Intel GenuineIntel
[    0.000000] common:   AMD AuthenticAMD
[    0.000000] common:   Centaur CentaurHauls
[    0.000000] xstate: x86/fpu: Supporting XSAVE feature 0x001: 'x87 floating point registers'
[    0.000000] xstate: x86/fpu: Supporting XSAVE feature 0x002: 'SSE registers'
[    0.000000] xstate: x86/fpu: Supporting XSAVE feature 0x004: 'AVX registers'
[    0.000000] xstate: x86/fpu: xstate_offset[2]:  576, xstate_sizes[2]:  256
[    0.000000] xstate: x86/fpu: Enabled xstate features 0x7, context size is 832 bytes, using 'standard' format.
[    0.000000] e820: e820: BIOS-provided physical RAM map:
[    0.000000] e820: BIOS-e820: [mem 0x0000000000000000-0x0000000000099fff] usable
[    0.000000] e820: BIOS-e820: [mem 0x000000000009a000-0x000000000009ffff] reserved
[    0.000000] e820: BIOS-e820: [mem 0x00000000000e0000-0x00000000000fffff] reserved
[    0.000000] e820: BIOS-e820: [mem 0x0000000000100000-0x000000006f19efff] usable
[    0.000000] e820: BIOS-e820: [mem 0x000000006f19f000-0x000000006f97bfff] reserved
[    0.000000] e820: BIOS-e820: [mem 0x000000006f97c000-0x000000006f9e0fff] ACPI data
[    0.000000] e820: BIOS-e820: [mem 0x000000006f9e1000-0x000000006ff3bfff] ACPI NVS
[    0.000000] e820: BIOS-e820: [mem 0x000000006ff3c000-0x000000008fffffff] reserved
[    0.000000] e820: BIOS-e820: [mem 0x00000000fed1c000-0x00000000fed44fff] reserved
[    0.000000] e820: BIOS-e820: [mem 0x00000000ff000000-0x00000000ffffffff] reserved
[    0.000000] e820: BIOS-e820: [mem 0x0000000100000000-0x000000207fffffff] usable
[    0.000000] NX (Execute Disable) protection: active
[    0.000000] e820: e820: user-defined physical RAM map:
[    0.000000] e820: user: [mem 0x0000000000000000-0x0000000000099fff] usable
[    0.000000] e820: user: [mem 0x000000000009a000-0x000000000009ffff] reserved
[    0.000000] e820: user: [mem 0x00000000000e0000-0x00000000000fffff] reserved
[    0.000000] e820: user: [mem 0x0000000000100000-0x000000006f19efff] usable
[    0.000000] e820: user: [mem 0x000000006f19f000-0x000000006f97bfff] reserved
[    0.000000] e820: user: [mem 0x000000006f97c000-0x000000006f9e0fff] ACPI data
[    0.000000] e820: user: [mem 0x000000006f9e1000-0x000000006ff3bfff] ACPI NVS
[    0.000000] e820: user: [mem 0x000000006ff3c000-0x000000008fffffff] reserved
[    0.000000] e820: user: [mem 0x00000000fed1c000-0x00000000fed44fff] reserved
[    0.000000] e820: user: [mem 0x00000000ff000000-0x00000000ffffffff] reserved
[    0.000000] e820: user: [mem 0x0000000100000000-0x00000001ffffffff] usable
[    0.000000] e820: user: [mem 0x0000000200000000-0x0000000fffffffff] persistent (type 12)
[    0.000000] e820: user: [mem 0x0000001000000000-0x000000207fffffff] usable
[    0.000000] dmi_scan: SMBIOS 3.0.0 present.
[    0.000000] dmi_scan: DMI: Cisco Systems Inc UCSC-C220-M4S/UCSC-C220-M4S, BIOS C220M4.3.0.3c.0.0831170216 08/31/2017
[    0.000000] e820: update [mem 0x00000000-0x00000fff] usable ==> reserved
[    0.000000] e820: remove [mem 0x000a0000-0x000fffff] usable
[    0.000000] e820: e820: last_pfn = 0x2080000 max_arch_pfn = 0x400000000
[    0.000000] generic: MTRR default type: write-back
[    0.000000] generic: MTRR fixed ranges enabled:
[    0.000000] generic:   00000-9FFFF write-back
[    0.000000] generic:   A0000-BFFFF uncachable
[    0.000000] generic:   C0000-FFFFF write-protect
[    0.000000] generic: MTRR variable ranges enabled:
[    0.000000] generic:   0 base 000080000000 mask 3FFF80000000 uncachable
[    0.000000] generic:   1 base 038000000000 mask 3F8000000000 uncachable
[    0.000000] generic:   2 disabled
[    0.000000] generic:   3 disabled
[    0.000000] generic:   4 disabled
[    0.000000] generic:   5 disabled
[    0.000000] generic:   6 disabled
[    0.000000] generic:   7 disabled
[    0.000000] generic:   8 disabled
[    0.000000] generic:   9 disabled
[    0.000000] x86/PAT: Configuration [0-7]: WB  WC  UC- UC  WB  WP  UC- WT  
[    0.000000] e820: e820: last_pfn = 0x6f19f max_arch_pfn = 0x400000000
[    0.000000] mpparse: found SMP MP-table at [mem 0x000fcfc0-0x000fcfcf] mapped at [        (ptrval)]
[    0.000000] Scanning 1 areas for low memory corruption
[    0.000000] Base memory trampoline at [        (ptrval)] 7e000 size 24576
[    0.000000] Using GB pages for direct mapping
[    0.000000] BRK [0x0aedb000, 0x0aedbfff] PGTABLE
[    0.000000] BRK [0x0aedc000, 0x0aedcfff] PGTABLE
[    0.000000] BRK [0x0aedd000, 0x0aeddfff] PGTABLE
[    0.000000] RAMDISK: [mem 0x238ee000-0x2dc6efff]
[    0.000000] tables: Early table checksum verification disabled
[    0.000000] ACPI: RSDP 0x00000000000F05B0 000024 (v02 Cisco0)
[    0.000000] ACPI: XSDT 0x000000006F9900A8 0000D4 (v01 Cisco0 CiscoUCS 01072009 AMI  00010013)
[    0.000000] ACPI: FACP 0x000000006F9C4CE0 00010C (v05 Cisco0 CiscoUCS 01072009 AMI  00010013)
[    0.000000] ACPI: DSDT 0x000000006F990210 034ACB (v02 Cisco0 CiscoUCS 01072009 INTL 20091013)
[    0.000000] ACPI: FACS 0x000000006FF3AF80 000040
[    0.000000] ACPI: APIC 0x000000006F9C4DF0 000224 (v03 Cisco0 CiscoUCS 01072009 AMI  00010013)
[    0.000000] ACPI: FPDT 0x000000006F9C5018 000044 (v01 Cisco0 CiscoUCS 01072009 AMI  00010013)
[    0.000000] ACPI: FIDT 0x000000006F9C5060 00009C (v01 Cisco0 CiscoUCS 01072009 AMI  00010013)
[    0.000000] ACPI: SPMI 0x000000006F9C5100 000041 (v05 Cisco0 CiscoUCS 00000000 AMI. 00000000)
[    0.000000] ACPI: MCFG 0x000000006F9C5148 00003C (v01 Cisco0 CiscoUCS 01072009 MSFT 00000097)
[    0.000000] ACPI: UEFI 0x000000006F9C5188 000042 (v01 Cisco0 CiscoUCS 01072009      00000000)
[    0.000000] ACPI: HPET 0x000000006F9C51D0 000038 (v01 Cisco0 CiscoUCS 00000001 INTL 20091013)
[    0.000000] ACPI: MSCT 0x000000006F9C5208 000090 (v01 Cisco0 CiscoUCS 00000001 INTL 20091013)
[    0.000000] ACPI: SLIT 0x000000006F9C5298 000030 (v01 Cisco0 CiscoUCS 00000001 INTL 20091013)
[    0.000000] ACPI: SRAT 0x000000006F9C52C8 001158 (v03 Cisco0 CiscoUCS 00000001 INTL 20091013)
[    0.000000] ACPI: WDDT 0x000000006F9C6420 000040 (v01 Cisco0 CiscoUCS 00000000 INTL 20091013)
[    0.000000] ACPI: SSDT 0x000000006F9C6460 017105 (v02 Cisco0 PmMgt    00000002 INTL 20120913)
[    0.000000] ACPI: NITR 0x000000006F9DD568 000071 (v02 Cisco0 CiscoUCS 00000001 INTL 20091013)
[    0.000000] ACPI: SSDT 0x000000006F9DD5E0 002654 (v02 Cisco0 SpsNm    00000002 INTL 20120913)
[    0.000000] ACPI: SSDT 0x000000006F9DFC38 000064 (v02 Cisco0 SpsNvs   00000002 INTL 20120913)
[    0.000000] ACPI: PRAD 0x000000006F9DFCA0 000102 (v02 Cisco0 CiscoUCS 00000002 INTL 20120913)
[    0.000000] ACPI: DMAR 0x000000006F9DFDA8 000122 (v01 Cisco0 CiscoUCS 00000001 INTL 20091013)
[    0.000000] ACPI: HEST 0x000000006F9DFED0 0000A8 (v01 Cisco0 CiscoUCS 00000001 INTL 00000001)
[    0.000000] ACPI: BERT 0x000000006F9DFF78 000030 (v01 Cisco0 CiscoUCS 00000001 INTL 00000001)
[    0.000000] ACPI: ERST 0x000000006F9DFFA8 000230 (v01 Cisco0 CiscoUCS 00000001 INTL 00000001)
[    0.000000] ACPI: EINJ 0x000000006F9E01D8 000130 (v01 Cisco0 CiscoUCS 00000001 INTL 00000001)
[    0.000000] ACPI: Local APIC address 0xfee00000
[    0.000000] SRAT: PXM 0 -> APIC 0x00 -> Node 0
[    0.000000] SRAT: PXM 0 -> APIC 0x02 -> Node 0
[    0.000000] SRAT: PXM 0 -> APIC 0x04 -> Node 0
[    0.000000] SRAT: PXM 0 -> APIC 0x06 -> Node 0
[    0.000000] SRAT: PXM 0 -> APIC 0x08 -> Node 0
[    0.000000] SRAT: PXM 0 -> APIC 0x0a -> Node 0
[    0.000000] SRAT: PXM 0 -> APIC 0x0c -> Node 0
[    0.000000] SRAT: PXM 0 -> APIC 0x0e -> Node 0
[    0.000000] SRAT: PXM 1 -> APIC 0x10 -> Node 1
[    0.000000] SRAT: PXM 1 -> APIC 0x12 -> Node 1
[    0.000000] SRAT: PXM 1 -> APIC 0x14 -> Node 1
[    0.000000] SRAT: PXM 1 -> APIC 0x16 -> Node 1
[    0.000000] SRAT: PXM 1 -> APIC 0x18 -> Node 1
[    0.000000] SRAT: PXM 1 -> APIC 0x1a -> Node 1
[    0.000000] SRAT: PXM 1 -> APIC 0x1c -> Node 1
[    0.000000] SRAT: PXM 1 -> APIC 0x1e -> Node 1
[    0.000000] SRAT: PXM 0 -> APIC 0x01 -> Node 0
[    0.000000] SRAT: PXM 0 -> APIC 0x03 -> Node 0
[    0.000000] SRAT: PXM 0 -> APIC 0x05 -> Node 0
[    0.000000] SRAT: PXM 0 -> APIC 0x07 -> Node 0
[    0.000000] SRAT: PXM 0 -> APIC 0x09 -> Node 0
[    0.000000] SRAT: PXM 0 -> APIC 0x0b -> Node 0
[    0.000000] SRAT: PXM 0 -> APIC 0x0d -> Node 0
[    0.000000] SRAT: PXM 0 -> APIC 0x0f -> Node 0
[    0.000000] SRAT: PXM 1 -> APIC 0x11 -> Node 1
[    0.000000] SRAT: PXM 1 -> APIC 0x13 -> Node 1
[    0.000000] SRAT: PXM 1 -> APIC 0x15 -> Node 1
[    0.000000] SRAT: PXM 1 -> APIC 0x17 -> Node 1
[    0.000000] SRAT: PXM 1 -> APIC 0x19 -> Node 1
[    0.000000] SRAT: PXM 1 -> APIC 0x1b -> Node 1
[    0.000000] SRAT: PXM 1 -> APIC 0x1d -> Node 1
[    0.000000] SRAT: PXM 1 -> APIC 0x1f -> Node 1
[    0.000000] acpi: SRAT: Node 0 PXM 0 [mem 0x00000000-0x7fffffff]
[    0.000000] acpi: SRAT: Node 0 PXM 0 [mem 0x100000000-0x107fffffff]
[    0.000000] acpi: SRAT: Node 1 PXM 1 [mem 0x1080000000-0x207fffffff]
[    0.000000] NUMA: Initialized distance table, cnt=2
[    0.000000] NUMA: Node 0 [mem 0x00000000-0x7fffffff] + [mem 0x100000000-0x107fffffff] -> [mem 0x00000000-0x107fffffff]
[    0.000000] NODE_DATA(0) allocated [mem 0x107fffb000-0x107fffffff]
[    0.000000] NODE_DATA(1) allocated [mem 0x207fff8000-0x207fffcfff]
[    0.000000] setup: Reserving 128MB of memory at 768MB for crashkernel (System RAM: 73457MB)
[    0.000000] tsc: Fast TSC calibration using PIT
[    0.000000] page_alloc: Zone ranges:
[    0.000000] page_alloc:   DMA      [mem 0x0000000000001000-0x0000000000ffffff]
[    0.000000] page_alloc:   DMA32    [mem 0x0000000001000000-0x00000000ffffffff]
[    0.000000] page_alloc:   Normal   [mem 0x0000000100000000-0x000000207fffffff]
[    0.000000] page_alloc:   Device   empty
[    0.000000] page_alloc: Movable zone start for each node
[    0.000000] page_alloc: Early memory node ranges
[    0.000000] page_alloc:   node   0: [mem 0x0000000000001000-0x0000000000099fff]
[    0.000000] page_alloc:   node   0: [mem 0x0000000000100000-0x000000006f19efff]
[    0.000000] page_alloc:   node   0: [mem 0x0000000100000000-0x00000001ffffffff]
[    0.000000] page_alloc:   node   0: [mem 0x0000001000000000-0x000000107fffffff]
[    0.000000] page_alloc:   node   1: [mem 0x0000001080000000-0x000000207fffffff]
[    0.000000] page_alloc: Initmem setup node 0 [mem 0x0000000000001000-0x000000107fffffff]
[    0.000000] On node 0 totalpages: 2027832
[    0.000000]   DMA zone: 112 pages used for memmap
[    0.000000]   DMA zone: 43 pages reserved
[    0.000000]   DMA zone: 3993 pages, LIFO batch:0
[    0.000000]   DMA32 zone: 12332 pages used for memmap
[    0.000000]   DMA32 zone: 450975 pages, LIFO batch:31
[    0.000000]   Normal zone: 43008 pages used for memmap
[    0.000000]   Normal zone: 1572864 pages, LIFO batch:31
[    0.000000] page_alloc: Initmem setup node 1 [mem 0x0000001080000000-0x000000207fffffff]
[    0.000000] On node 1 totalpages: 16777216
[    0.000000]   Normal zone: 458752 pages used for memmap
[    0.000000]   Normal zone: 16777216 pages, LIFO batch:31
[    0.000000] page_alloc: Reserved but unavailable: 103 pages
[    0.000000] ACPI: PM-Timer IO Port: 0x408
[    0.000000] ACPI: Local APIC address 0xfee00000
[    0.000000] tables: LAPIC_NMI (acpi_id[0x00] high edge lint[0x1])
[    0.000000] tables: LAPIC_NMI (acpi_id[0x02] high edge lint[0x1])
[    0.000000] tables: LAPIC_NMI (acpi_id[0x04] high edge lint[0x1])
[    0.000000] tables: LAPIC_NMI (acpi_id[0x06] high edge lint[0x1])
[    0.000000] tables: LAPIC_NMI (acpi_id[0x08] high edge lint[0x1])
[    0.000000] tables: LAPIC_NMI (acpi_id[0x0a] high edge lint[0x1])
[    0.000000] tables: LAPIC_NMI (acpi_id[0x0c] high edge lint[0x1])
[    0.000000] tables: LAPIC_NMI (acpi_id[0x0e] high edge lint[0x1])
[    0.000000] tables: LAPIC_NMI (acpi_id[0x10] high edge lint[0x1])
[    0.000000] tables: LAPIC_NMI (acpi_id[0x12] high edge lint[0x1])
[    0.000000] tables: LAPIC_NMI (acpi_id[0x14] high edge lint[0x1])
[    0.000000] tables: LAPIC_NMI (acpi_id[0x16] high edge lint[0x1])
[    0.000000] tables: LAPIC_NMI (acpi_id[0x18] high edge lint[0x1])
[    0.000000] tables: LAPIC_NMI (acpi_id[0x1a] high edge lint[0x1])
[    0.000000] tables: LAPIC_NMI (acpi_id[0x1c] high edge lint[0x1])
[    0.000000] tables: LAPIC_NMI (acpi_id[0x1e] high edge lint[0x1])
[    0.000000] tables: LAPIC_NMI (acpi_id[0x01] high edge lint[0x1])
[    0.000000] tables: LAPIC_NMI (acpi_id[0x03] high edge lint[0x1])
[    0.000000] tables: LAPIC_NMI (acpi_id[0x05] high edge lint[0x1])
[    0.000000] tables: LAPIC_NMI (acpi_id[0x07] high edge lint[0x1])
[    0.000000] tables: LAPIC_NMI (acpi_id[0x09] high edge lint[0x1])
[    0.000000] tables: LAPIC_NMI (acpi_id[0x0b] high edge lint[0x1])
[    0.000000] tables: LAPIC_NMI (acpi_id[0x0d] high edge lint[0x1])
[    0.000000] tables: LAPIC_NMI (acpi_id[0x0f] high edge lint[0x1])
[    0.000000] tables: LAPIC_NMI (acpi_id[0x11] high edge lint[0x1])
[    0.000000] tables: LAPIC_NMI (acpi_id[0x13] high edge lint[0x1])
[    0.000000] tables: LAPIC_NMI (acpi_id[0x15] high edge lint[0x1])
[    0.000000] tables: LAPIC_NMI (acpi_id[0x17] high edge lint[0x1])
[    0.000000] tables: LAPIC_NMI (acpi_id[0x19] high edge lint[0x1])
[    0.000000] tables: LAPIC_NMI (acpi_id[0x1b] high edge lint[0x1])
[    0.000000] tables: LAPIC_NMI (acpi_id[0x1d] high edge lint[0x1])
[    0.000000] tables: LAPIC_NMI (acpi_id[0x1f] high edge lint[0x1])
[    0.000000] io_apic: IOAPIC[0]: apic_id 1, version 32, address 0xfec00000, GSI 0-23
[    0.000000] io_apic: IOAPIC[1]: apic_id 2, version 32, address 0xfec01000, GSI 24-47
[    0.000000] io_apic: IOAPIC[2]: apic_id 3, version 32, address 0xfec40000, GSI 48-71
[    0.000000] tables: INT_SRC_OVR (bus 0 bus_irq 0 global_irq 2 dfl dfl)
[    0.000000] tables: INT_SRC_OVR (bus 0 bus_irq 9 global_irq 9 high level)
[    0.000000] ACPI: IRQ0 used by override.
[    0.000000] ACPI: IRQ9 used by override.
[    0.000000] Using ACPI (MADT) for SMP configuration information
[    0.000000] ACPI: HPET id: 0x8086a701 base: 0xfed00000
[    0.000000] smpboot: Allowing 32 CPUs, 0 hotplug CPUs
[    0.000000] snapshot: Registered nosave memory: [mem 0x00000000-0x00000fff]
[    0.000000] snapshot: Registered nosave memory: [mem 0x0009a000-0x0009ffff]
[    0.000000] snapshot: Registered nosave memory: [mem 0x000a0000-0x000dffff]
[    0.000000] snapshot: Registered nosave memory: [mem 0x000e0000-0x000fffff]
[    0.000000] snapshot: Registered nosave memory: [mem 0x6f19f000-0x6f97bfff]
[    0.000000] snapshot: Registered nosave memory: [mem 0x6f97c000-0x6f9e0fff]
[    0.000000] snapshot: Registered nosave memory: [mem 0x6f9e1000-0x6ff3bfff]
[    0.000000] snapshot: Registered nosave memory: [mem 0x6ff3c000-0x8fffffff]
[    0.000000] snapshot: Registered nosave memory: [mem 0x90000000-0xfed1bfff]
[    0.000000] snapshot: Registered nosave memory: [mem 0xfed1c000-0xfed44fff]
[    0.000000] snapshot: Registered nosave memory: [mem 0xfed45000-0xfeffffff]
[    0.000000] snapshot: Registered nosave memory: [mem 0xff000000-0xffffffff]
[    0.000000] snapshot: Registered nosave memory: [mem 0x200000000-0xfffffffff]
[    0.000000] e820: e820: [mem 0x90000000-0xfed1bfff] available for PCI devices
[    0.000000] Booting paravirtualized kernel on bare hardware
[    0.000000] clocksource: refined-jiffies: mask: 0xffffffff max_cycles: 0xffffffff, max_idle_ns: 7645519600211568 ns
[    0.000000] setup_percpu: NR_CPUS:256 nr_cpumask_bits:256 nr_cpu_ids:32 nr_node_ids:2
[    0.000000] percpu: Embedded 45 pages/cpu @        (ptrval) s145880 r8192 d30248 u262144
[    0.000000] pcpu-alloc: s145880 r8192 d30248 u262144 alloc=1*2097152
[    0.000000] pcpu-alloc: [0] 00 01 02 03 04 05 06 07 [0] 16 17 18 19 20 21 22 23 
[    0.000000] pcpu-alloc: [1] 08 09 10 11 12 13 14 15 [1] 24 25 26 27 28 29 30 31 
[    0.000000] page_alloc: Built 2 zonelists, mobility grouping on.  Total pages: 18290801
[    0.000000] page_alloc: Policy zone: Normal
[    0.000000] main: Kernel command line: BOOT_IMAGE=/boot/vmlinuz-4.17.0 root=UUID=4910fb56-38cb-41ae-82bf-3efa1d8a45a0 ro console=ttyS0,115200 crashkernel=384M-:128M memmap=56G!8G
[    0.000000] Calgary: detecting Calgary via BIOS EBDA area
[    0.000000] Calgary: Unable to locate Rio Grande table in EBDA - bailing!
[    0.000000] page_alloc: Memory: 72628724K/75220192K available (14348K kernel code, 1817K rwdata, 4312K rodata, 1812K init, 132108K bss, 2591468K reserved, 0K cma-reserved)
[    0.000000] slub: SLUB: HWalign=64, Order=0-3, MinObjects=0, CPUs=32, Nodes=2
[    0.000000] Kernel/User page tables isolation: enabled
[    0.000000] libftrace: ftrace: allocating 42556 entries in 167 pages
[    0.000000] trace: 
[    0.000000] trace: **********************************************************
[    0.000000] trace: **   NOTICE NOTICE NOTICE NOTICE NOTICE NOTICE NOTICE   **
[    0.000000] trace: **                                                      **
[    0.000000] trace: ** trace_printk() being used. Allocating extra memory.  **
[    0.000000] trace: **                                                      **
[    0.000000] trace: ** This means that this is a DEBUG kernel and it is     **
[    0.000000] trace: ** unsafe for production use.                           **
[    0.000000] trace: **                                                      **
[    0.000000] trace: ** If you see this message and you are not debugging    **
[    0.000000] trace: ** the kernel, report this immediately to your vendor!  **
[    0.000000] trace: **                                                      **
[    0.000000] trace: **   NOTICE NOTICE NOTICE NOTICE NOTICE NOTICE NOTICE   **
[    0.000000] trace: **********************************************************
[    0.000000] tree: Hierarchical RCU implementation.
[    0.000000] tree: 	RCU restricting CPUs from NR_CPUS=256 to nr_cpu_ids=32.
[    0.000000] tree: RCU: Adjusting geometry for rcu_fanout_leaf=16, nr_cpu_ids=32
[    0.000000] NR_IRQS: 16640, nr_irqs: 1496, preallocated irqs: 16
[    0.000000] tree: 	Offload RCU callbacks from CPUs: (none).
[    0.000000] vt: Console: colour VGA+ 80x25
[    0.000000] printk: console [ttyS0] enabled
[    0.000000] mempolicy: Enabling automatic NUMA balancing. Configure with numa_balancing= or the kernel.numa_balancing sysctl
[    0.000000] ACPI: Core revision 20180313
[    0.000000] clocksource: hpet: mask: 0xffffffff max_cycles: 0xffffffff, max_idle_ns: 133484882848 ns
[    0.000000] hpet clockevent registered
[    0.000000] apic: APIC: Switch to symmetric I/O mode setup
[    0.004000] dmar: Host address width 46
[    0.008000] dmar: DRHD base: 0x000000fbffc000 flags: 0x0
[    0.012000] dmar: dmar0: reg_base_addr fbffc000 ver 1:0 cap d2078c106f0466 ecap f020de
[    0.016000] dmar: DRHD base: 0x000000c7ffc000 flags: 0x1
[    0.020000] dmar: dmar1: reg_base_addr c7ffc000 ver 1:0 cap d2078c106f0466 ecap f020de
[    0.024000] dmar: RMRR base: 0x0000007bb4c000 end: 0x0000007bb5cfff
[    0.028000] dmar: RMRR base: 0x00000072565000 end: 0x0000007a56cfff
[    0.032000] dmar: ATSR flags: 0x0
[    0.036000] dmar: RHSA base: 0x000000c7ffc000 proximity domain: 0x0
[    0.040000] dmar: RHSA base: 0x000000fbffc000 proximity domain: 0x1
[    0.044000] intel_irq_remapping: IOAPIC id 3 under DRHD base  0xfbffc000 IOMMU 0
[    0.048000] intel_irq_remapping: IOAPIC id 1 under DRHD base  0xc7ffc000 IOMMU 1
[    0.052000] intel_irq_remapping: IOAPIC id 2 under DRHD base  0xc7ffc000 IOMMU 1
[    0.056000] intel_irq_remapping: HPET id 0 under DRHD base 0xc7ffc000
[    0.060000] intel_irq_remapping: x2apic is disabled because BIOS sets x2apic opt out bit.
[    0.060000] intel_irq_remapping: Use 'intremap=no_x2apic_optout' to override the BIOS setting.
[    0.068000] intel_irq_remapping: Enabled IRQ remapping in xapic mode
[    0.068000] apic: x2apic: IRQ remapping doesn't support X2APIC mode
[    0.072000] probe_64: Switched APIC routing to physical flat.
[    0.076000] ..TIMER: vector=0x30 apic1=0 pin1=2 apic2=-1 pin2=-1
[    0.096000] tsc: Fast TSC calibration using PIT
[    0.100000] tsc: Detected 2394.425 MHz processor
[    0.104000] clocksource: tsc-early: mask: 0xffffffffffffffff max_cycles: 0x2283a4d7388, max_idle_ns: 440795218683 ns
[    0.108001] calibrate: Calibrating delay loop (skipped), value calculated using timer frequency.. 4788.85 BogoMIPS (lpj=9577700)
[    0.112001] pid: pid_max: default: 32768 minimum: 301
[    0.116063] security: Security Framework initialized
[    0.120002] yama: Yama: becoming mindful.
[    0.124032] AppArmor: AppArmor initialized
[    0.140861] page_alloc: Dentry cache hash table entries: 8388608 (order: 14, 67108864 bytes)
[    0.151952] page_alloc: Inode-cache hash table entries: 4194304 (order: 13, 33554432 bytes)
[    0.152205] page_alloc: Mount-cache hash table entries: 131072 (order: 8, 1048576 bytes)
[    0.156178] page_alloc: Mountpoint-cache hash table entries: 131072 (order: 8, 1048576 bytes)
[    0.160291] topology: CPU: Physical Processor ID: 0
[    0.164001] topology: CPU: Processor Core ID: 0
[    0.168005] intel: ENERGY_PERF_BIAS: Set to 'normal', was 'performance'
[    0.172000] intel: ENERGY_PERF_BIAS: View and update with x86_energy_perf_policy(8)
[    0.176004] mce: CPU supports 22 MCE banks
[    0.180015] therm_throt: CPU0: Thermal monitoring enabled (TM1)
[    0.184020] process: using mwait in idle threads
[    0.188002] common: Last level iTLB entries: 4KB 1024, 2MB 1024, 4MB 1024
[    0.192001] common: Last level dTLB entries: 4KB 1024, 2MB 1024, 4MB 1024, 1GB 4
[    0.196002] Spectre V2 : Vulnerable: Minimal generic ASM retpoline
[    0.200001] Speculative Store Bypass: Vulnerable
[    0.204130] page_alloc: Freeing SMP alternatives memory: 40K
[    0.209376] TSC deadline timer enabled
[    0.209382] smpboot: CPU0: Intel(R) Xeon(R) CPU E5-2630 v3 @ 2.40GHz (family: 0x6, model: 0x3f, stepping: 0x2)
[    0.212129] core: Performance Events: PEBS fmt2+, Haswell events, 16-deep LBR, full-width counters, Intel PMU driver.
[    0.216005] core: ... version:                3
[    0.220000] core: ... bit width:              48
[    0.224000] core: ... generic registers:      4
[    0.228001] core: ... value mask:             0000ffffffffffff
[    0.232000] core: ... max period:             00007fffffffffff
[    0.236000] core: ... fixed-purpose events:   3
[    0.240000] core: ... event mask:             000000070000000f
[    0.244054] srcutree: Hierarchical SRCU implementation.
[    0.251572] watchdog_hld: Enabled. Permanently consumes one hw-PMU counter.
[    0.252019] smp: Bringing up secondary CPUs ...
[    0.256179] x86: Booting SMP configuration:
[    0.260004] .... node  #0, CPUs:        #1  #2  #3  #4  #5  #6  #7
[    0.268003] .... node  #1, CPUs:    #8  #9 #10 #11 #12 #13 #14 #15
[    0.364002] .... node  #0, CPUs:   #16 #17 #18 #19 #20 #21 #22 #23
[    0.376004] .... node  #1, CPUs:   #24 #25 #26 #27 #28 #29 #30 #31
[    0.385400] smp: Brought up 2 nodes, 32 CPUs
[    0.392002] smpboot: Max logical packages: 2
[    0.396002] smpboot: Total of 32 processors activated (153267.31 BogoMIPS)
[    0.407292] devtmpfs: initialized
[    0.408072] init_64: x86/mm: Memory block size: 2048MB
[    0.412435] evm: security.selinux
[    0.416001] evm: security.SMACK64
[    0.419696] evm: security.apparmor
[    0.420004] evm: security.ima
[    0.423309] evm: security.capability
[    0.424058] acpi: PM: Registering ACPI NVS region [mem 0x6f9e1000-0x6ff3bfff] (5615616 bytes)
[    0.428235] clocksource: jiffies: mask: 0xffffffff max_cycles: 0xffffffff, max_idle_ns: 7645041785100000 ns
[    0.432046] page_alloc: futex hash table entries: 8192 (order: 7, 524288 bytes)
[    0.436256] xor: automatically using best checksumming function   avx       
[    0.440028] core: initialized pinctrl subsystem
[    0.444119] trace: RTC time: 19:08:07, date: 12/28/18
[    0.448664] socket: NET: Registered protocol family 16
[    0.452103] audit: initializing netlink subsys (disabled)
[    0.456019] audit: type=2000 audit(1546024084.456:1): state=initialized audit_enabled=0 res=1
[    0.464003] cpuidle: using governor ladder
[    0.468013] cpuidle: using governor menu
[    0.472056] random: random: get_random_bytes called from kcmp_cookies_init+0x16/0x38 with crng_init=0
[    0.476003] pci_acpi: ACPI FADT declares the system doesn't support PCIe ASPM, so disable it
[    0.480001] ACPI: bus type PCI registered
[    0.484001] acpiphp: ACPI Hot Plug PCI Controller Driver version: 0.5
[    0.488114] mmconfig_shared: PCI: MMCONFIG for domain 0000 [bus 00-ff] at [mem 0x80000000-0x8fffffff] (base 0x80000000)
[    0.492003] mmconfig_shared: PCI: MMCONFIG at [mem 0x80000000-0x8fffffff] reserved in E820
[    0.496017] PCI: Using configuration type 1 for base access
[    0.500039] core: PMU erratum BJ122, BV98, HSD29 worked around, HT is on
[    0.505658] hugetlb: HugeTLB registered 1.00 GiB page size, pre-allocated 0 pages
[    0.508004] hugetlb: HugeTLB registered 2.00 MiB page size, pre-allocated 0 pages
[    0.580009] raid6_pq: raid6: sse2x1   gen()  7753 MB/s
[    0.652003] raid6_pq: raid6: sse2x1   xor()  6070 MB/s
[    0.724003] raid6_pq: raid6: sse2x2   gen()  9732 MB/s
[    0.796001] raid6_pq: raid6: sse2x2   xor()  6697 MB/s
[    0.868006] raid6_pq: raid6: sse2x4   gen() 11373 MB/s
[    0.940003] raid6_pq: raid6: sse2x4   xor()  7989 MB/s
[    1.012001] raid6_pq: raid6: avx2x1   gen() 15155 MB/s
[    1.084002] raid6_pq: raid6: avx2x1   xor() 11594 MB/s
[    1.156002] raid6_pq: raid6: avx2x2   gen() 17540 MB/s
[    1.228003] raid6_pq: raid6: avx2x2   xor() 12456 MB/s
[    1.300002] raid6_pq: raid6: avx2x4   gen() 20493 MB/s
[    1.372001] raid6_pq: raid6: avx2x4   xor() 14374 MB/s
[    1.376001] raid6_pq: raid6: using algorithm avx2x4 gen() 20493 MB/s
[    1.380000] raid6_pq: raid6: .... xor() 14374 MB/s, rmw enabled
[    1.384001] raid6_pq: raid6: using avx2x2 recovery algorithm
[    1.388158] acpi: Added _OSI(Module Device)
[    1.392002] acpi: Added _OSI(Processor Device)
[    1.396001] acpi: Added _OSI(3.0 _SCP Extensions)
[    1.400001] acpi: Added _OSI(Processor Aggregator Device)
[    1.404001] acpi: Added _OSI(Linux-Dell-Video)
[    1.444258] ACPI: 4 ACPI AML tables successfully acquired and loaded
[    1.452682] acpi: [Firmware Bug]: BIOS _OSI(Linux) query ignored
[    1.464815] ACPI: Dynamic OEM Table Load:
[    1.489689] ACPI: Interpreter enabled
[    1.492014] acpi: ACPI: (supports S0 S5)
[    1.496001] ACPI: Using IOAPIC for interrupt routing
[    1.500044] apei: HEST: Table parsing has been initialized.
[    1.504003] PCI: Using host bridge windows from ACPI; if necessary, use "pci=nocrs" and report a bug
[    1.508454] ACPI: Enabled 5 GPEs in block 00 to 3F
[    1.545919] acpi: ACPI: PCI Root Bridge [UNC1] (domain 0000 [bus ff])
[    1.552005] acpi PNP0A03:02: _OSC: OS supports [ExtendedConfig ASPM ClockPM Segments MSI]
[    1.562247] acpi PNP0A03:02: _OSC: OS now controls [PCIeHotplug PME AER PCIeCapability]
[    1.572002] acpi PNP0A03:02: FADT indicates ASPM is unsupported, using BIOS configuration
[    1.580040] probe: PCI host bridge to bus 0000:ff
[    1.584003] pci_bus 0000:ff: root bus resource [bus ff]
[    1.592010] pci 0000:ff:08.0: [8086:2f80] type 00 class 0x088000
[    1.592072] pci 0000:ff:08.2: [8086:2f32] type 00 class 0x110100
[    1.592115] pci 0000:ff:08.3: [8086:2f83] type 00 class 0x088000
[    1.592163] pci 0000:ff:09.0: [8086:2f90] type 00 class 0x088000
[    1.592206] pci 0000:ff:09.2: [8086:2f33] type 00 class 0x110100
[    1.592248] pci 0000:ff:09.3: [8086:2f93] type 00 class 0x088000
[    1.592294] pci 0000:ff:0b.0: [8086:2f81] type 00 class 0x088000
[    1.592332] pci 0000:ff:0b.1: [8086:2f36] type 00 class 0x110100
[    1.592374] pci 0000:ff:0b.2: [8086:2f37] type 00 class 0x110100
[    1.592415] pci 0000:ff:0c.0: [8086:2fe0] type 00 class 0x088000
[    1.592454] pci 0000:ff:0c.1: [8086:2fe1] type 00 class 0x088000
[    1.592496] pci 0000:ff:0c.2: [8086:2fe2] type 00 class 0x088000
[    1.592536] pci 0000:ff:0c.3: [8086:2fe3] type 00 class 0x088000
[    1.592578] pci 0000:ff:0c.4: [8086:2fe4] type 00 class 0x088000
[    1.592617] pci 0000:ff:0c.5: [8086:2fe5] type 00 class 0x088000
[    1.592657] pci 0000:ff:0c.6: [8086:2fe6] type 00 class 0x088000
[    1.592696] pci 0000:ff:0c.7: [8086:2fe7] type 00 class 0x088000
[    1.592737] pci 0000:ff:0f.0: [8086:2ff8] type 00 class 0x088000
[    1.592778] pci 0000:ff:0f.1: [8086:2ff9] type 00 class 0x088000
[    1.592818] pci 0000:ff:0f.4: [8086:2ffc] type 00 class 0x088000
[    1.592856] pci 0000:ff:0f.5: [8086:2ffd] type 00 class 0x088000
[    1.592902] pci 0000:ff:0f.6: [8086:2ffe] type 00 class 0x088000
[    1.592943] pci 0000:ff:10.0: [8086:2f1d] type 00 class 0x088000
[    1.592984] pci 0000:ff:10.1: [8086:2f34] type 00 class 0x110100
[    1.593027] pci 0000:ff:10.5: [8086:2f1e] type 00 class 0x088000
[    1.593066] pci 0000:ff:10.6: [8086:2f7d] type 00 class 0x110100
[    1.593106] pci 0000:ff:10.7: [8086:2f1f] type 00 class 0x088000
[    1.593145] pci 0000:ff:12.0: [8086:2fa0] type 00 class 0x088000
[    1.593190] pci 0000:ff:12.1: [8086:2f30] type 00 class 0x110100
[    1.593235] pci 0000:ff:13.0: [8086:2fa8] type 00 class 0x088000
[    1.593281] pci 0000:ff:13.1: [8086:2f71] type 00 class 0x088000
[    1.593327] pci 0000:ff:13.2: [8086:2faa] type 00 class 0x088000
[    1.593374] pci 0000:ff:13.3: [8086:2fab] type 00 class 0x088000
[    1.593422] pci 0000:ff:13.4: [8086:2fac] type 00 class 0x088000
[    1.593469] pci 0000:ff:13.5: [8086:2fad] type 00 class 0x088000
[    1.593514] pci 0000:ff:13.6: [8086:2fae] type 00 class 0x088000
[    1.593556] pci 0000:ff:13.7: [8086:2faf] type 00 class 0x088000
[    1.593601] pci 0000:ff:14.0: [8086:2fb0] type 00 class 0x088000
[    1.593650] pci 0000:ff:14.1: [8086:2fb1] type 00 class 0x088000
[    1.593696] pci 0000:ff:14.2: [8086:2fb2] type 00 class 0x088000
[    1.593744] pci 0000:ff:14.3: [8086:2fb3] type 00 class 0x088000
[    1.593789] pci 0000:ff:14.4: [8086:2fbc] type 00 class 0x088000
[    1.593832] pci 0000:ff:14.5: [8086:2fbd] type 00 class 0x088000
[    1.593878] pci 0000:ff:14.6: [8086:2fbe] type 00 class 0x088000
[    1.593922] pci 0000:ff:14.7: [8086:2fbf] type 00 class 0x088000
[    1.593965] pci 0000:ff:15.0: [8086:2fb4] type 00 class 0x088000
[    1.594011] pci 0000:ff:15.1: [8086:2fb5] type 00 class 0x088000
[    1.594058] pci 0000:ff:15.2: [8086:2fb6] type 00 class 0x088000
[    1.594108] pci 0000:ff:15.3: [8086:2fb7] type 00 class 0x088000
[    1.594158] pci 0000:ff:16.0: [8086:2f68] type 00 class 0x088000
[    1.594206] pci 0000:ff:16.6: [8086:2f6e] type 00 class 0x088000
[    1.594252] pci 0000:ff:16.7: [8086:2f6f] type 00 class 0x088000
[    1.594296] pci 0000:ff:17.0: [8086:2fd0] type 00 class 0x088000
[    1.594345] pci 0000:ff:17.4: [8086:2fb8] type 00 class 0x088000
[    1.594389] pci 0000:ff:17.5: [8086:2fb9] type 00 class 0x088000
[    1.594432] pci 0000:ff:17.6: [8086:2fba] type 00 class 0x088000
[    1.594477] pci 0000:ff:17.7: [8086:2fbb] type 00 class 0x088000
[    1.594525] pci 0000:ff:1e.0: [8086:2f98] type 00 class 0x088000
[    1.594570] pci 0000:ff:1e.1: [8086:2f99] type 00 class 0x088000
[    1.594611] pci 0000:ff:1e.2: [8086:2f9a] type 00 class 0x088000
[    1.594653] pci 0000:ff:1e.3: [8086:2fc0] type 00 class 0x088000
[    1.594683] pci 0000:ff:1e.4: [8086:2f9c] type 00 class 0x088000
[    1.594727] pci 0000:ff:1f.0: [8086:2f88] type 00 class 0x088000
[    1.594781] pci 0000:ff:1f.2: [8086:2f8a] type 00 class 0x088000
[    1.594878] acpi: ACPI: PCI Root Bridge [UNC0] (domain 0000 [bus 7f])
[    1.600003] acpi PNP0A03:03: _OSC: OS supports [ExtendedConfig ASPM ClockPM Segments MSI]
[    1.612768] acpi PNP0A03:03: _OSC: OS now controls [PCIeHotplug PME AER PCIeCapability]
[    1.620001] acpi PNP0A03:03: FADT indicates ASPM is unsupported, using BIOS configuration
[    1.628035] probe: PCI host bridge to bus 0000:7f
[    1.636002] pci_bus 0000:7f: root bus resource [bus 7f]
[    1.640008] pci 0000:7f:08.0: [8086:2f80] type 00 class 0x088000
[    1.640052] pci 0000:7f:08.2: [8086:2f32] type 00 class 0x110100
[    1.640093] pci 0000:7f:08.3: [8086:2f83] type 00 class 0x088000
[    1.640139] pci 0000:7f:09.0: [8086:2f90] type 00 class 0x088000
[    1.640178] pci 0000:7f:09.2: [8086:2f33] type 00 class 0x110100
[    1.640217] pci 0000:7f:09.3: [8086:2f93] type 00 class 0x088000
[    1.640261] pci 0000:7f:0b.0: [8086:2f81] type 00 class 0x088000
[    1.640298] pci 0000:7f:0b.1: [8086:2f36] type 00 class 0x110100
[    1.640337] pci 0000:7f:0b.2: [8086:2f37] type 00 class 0x110100
[    1.640376] pci 0000:7f:0c.0: [8086:2fe0] type 00 class 0x088000
[    1.640412] pci 0000:7f:0c.1: [8086:2fe1] type 00 class 0x088000
[    1.640448] pci 0000:7f:0c.2: [8086:2fe2] type 00 class 0x088000
[    1.640485] pci 0000:7f:0c.3: [8086:2fe3] type 00 class 0x088000
[    1.640522] pci 0000:7f:0c.4: [8086:2fe4] type 00 class 0x088000
[    1.640558] pci 0000:7f:0c.5: [8086:2fe5] type 00 class 0x088000
[    1.640593] pci 0000:7f:0c.6: [8086:2fe6] type 00 class 0x088000
[    1.640630] pci 0000:7f:0c.7: [8086:2fe7] type 00 class 0x088000
[    1.640668] pci 0000:7f:0f.0: [8086:2ff8] type 00 class 0x088000
[    1.640707] pci 0000:7f:0f.1: [8086:2ff9] type 00 class 0x088000
[    1.640744] pci 0000:7f:0f.4: [8086:2ffc] type 00 class 0x088000
[    1.640781] pci 0000:7f:0f.5: [8086:2ffd] type 00 class 0x088000
[    1.640817] pci 0000:7f:0f.6: [8086:2ffe] type 00 class 0x088000
[    1.640854] pci 0000:7f:10.0: [8086:2f1d] type 00 class 0x088000
[    1.640896] pci 0000:7f:10.1: [8086:2f34] type 00 class 0x110100
[    1.640936] pci 0000:7f:10.5: [8086:2f1e] type 00 class 0x088000
[    1.640972] pci 0000:7f:10.6: [8086:2f7d] type 00 class 0x110100
[    1.641008] pci 0000:7f:10.7: [8086:2f1f] type 00 class 0x088000
[    1.641046] pci 0000:7f:12.0: [8086:2fa0] type 00 class 0x088000
[    1.641086] pci 0000:7f:12.1: [8086:2f30] type 00 class 0x110100
[    1.641128] pci 0000:7f:13.0: [8086:2fa8] type 00 class 0x088000
[    1.641170] pci 0000:7f:13.1: [8086:2f71] type 00 class 0x088000
[    1.641211] pci 0000:7f:13.2: [8086:2faa] type 00 class 0x088000
[    1.641255] pci 0000:7f:13.3: [8086:2fab] type 00 class 0x088000
[    1.641299] pci 0000:7f:13.4: [8086:2fac] type 00 class 0x088000
[    1.641341] pci 0000:7f:13.5: [8086:2fad] type 00 class 0x088000
[    1.641382] pci 0000:7f:13.6: [8086:2fae] type 00 class 0x088000
[    1.641425] pci 0000:7f:13.7: [8086:2faf] type 00 class 0x088000
[    1.641464] pci 0000:7f:14.0: [8086:2fb0] type 00 class 0x088000
[    1.641514] pci 0000:7f:14.1: [8086:2fb1] type 00 class 0x088000
[    1.641557] pci 0000:7f:14.2: [8086:2fb2] type 00 class 0x088000
[    1.641600] pci 0000:7f:14.3: [8086:2fb3] type 00 class 0x088000
[    1.641642] pci 0000:7f:14.4: [8086:2fbc] type 00 class 0x088000
[    1.641681] pci 0000:7f:14.5: [8086:2fbd] type 00 class 0x088000
[    1.641724] pci 0000:7f:14.6: [8086:2fbe] type 00 class 0x088000
[    1.641764] pci 0000:7f:14.7: [8086:2fbf] type 00 class 0x088000
[    1.641804] pci 0000:7f:15.0: [8086:2fb4] type 00 class 0x088000
[    1.641846] pci 0000:7f:15.1: [8086:2fb5] type 00 class 0x088000
[    1.641889] pci 0000:7f:15.2: [8086:2fb6] type 00 class 0x088000
[    1.641938] pci 0000:7f:15.3: [8086:2fb7] type 00 class 0x088000
[    1.641984] pci 0000:7f:16.0: [8086:2f68] type 00 class 0x088000
[    1.642029] pci 0000:7f:16.6: [8086:2f6e] type 00 class 0x088000
[    1.642068] pci 0000:7f:16.7: [8086:2f6f] type 00 class 0x088000
[    1.642108] pci 0000:7f:17.0: [8086:2fd0] type 00 class 0x088000
[    1.642153] pci 0000:7f:17.4: [8086:2fb8] type 00 class 0x088000
[    1.642193] pci 0000:7f:17.5: [8086:2fb9] type 00 class 0x088000
[    1.642232] pci 0000:7f:17.6: [8086:2fba] type 00 class 0x088000
[    1.642273] pci 0000:7f:17.7: [8086:2fbb] type 00 class 0x088000
[    1.642317] pci 0000:7f:1e.0: [8086:2f98] type 00 class 0x088000
[    1.642358] pci 0000:7f:1e.1: [8086:2f99] type 00 class 0x088000
[    1.642397] pci 0000:7f:1e.2: [8086:2f9a] type 00 class 0x088000
[    1.642436] pci 0000:7f:1e.3: [8086:2fc0] type 00 class 0x088000
[    1.642464] pci 0000:7f:1e.4: [8086:2f9c] type 00 class 0x088000
[    1.642505] pci 0000:7f:1f.0: [8086:2f88] type 00 class 0x088000
[    1.642548] pci 0000:7f:1f.2: [8086:2f8a] type 00 class 0x088000
[    1.650687] acpi: ACPI: PCI Root Bridge [PCI0] (domain 0000 [bus 00-7e])
[    1.660004] acpi PNP0A08:00: _OSC: OS supports [ExtendedConfig ASPM ClockPM Segments MSI]
[    1.668556] acpi PNP0A08:00: _OSC: OS now controls [PCIeHotplug PME AER PCIeCapability]
[    1.676002] acpi PNP0A08:00: FADT indicates ASPM is unsupported, using BIOS configuration
[    1.688294] probe: PCI host bridge to bus 0000:00
[    1.692003] pci_bus 0000:00: root bus resource [io  0x0000-0x0cf7 window]
[    1.700001] pci_bus 0000:00: root bus resource [io  0x1000-0x7fff window]
[    1.708001] pci_bus 0000:00: root bus resource [mem 0x000a0000-0x000bffff window]
[    1.716001] pci_bus 0000:00: root bus resource [mem 0x90000000-0xc7ffbfff window]
[    1.724001] pci_bus 0000:00: root bus resource [mem 0x38000000000-0x3bfffffffff window]
[    1.732001] pci_bus 0000:00: root bus resource [bus 00-7e]
[    1.740007] pci 0000:00:00.0: [8086:2f00] type 00 class 0x060000
[    1.740142] pci 0000:00:01.0: [8086:2f02] type 01 class 0x060400
[    1.740187] pci 0000:00:01.0: PME# supported from D0 D3hot D3cold
[    1.740287] pci 0000:00:01.1: [8086:2f03] type 01 class 0x060400
[    1.740331] pci 0000:00:01.1: PME# supported from D0 D3hot D3cold
[    1.740432] pci 0000:00:02.0: [8086:2f04] type 01 class 0x060400
[    1.740475] pci 0000:00:02.0: PME# supported from D0 D3hot D3cold
[    1.740575] pci 0000:00:02.2: [8086:2f06] type 01 class 0x060400
[    1.740619] pci 0000:00:02.2: PME# supported from D0 D3hot D3cold
[    1.740717] pci 0000:00:03.0: [8086:2f08] type 01 class 0x060400
[    1.740761] pci 0000:00:03.0: PME# supported from D0 D3hot D3cold
[    1.740860] pci 0000:00:05.0: [8086:2f28] type 00 class 0x088000
[    1.740974] pci 0000:00:05.1: [8086:2f29] type 00 class 0x088000
[    1.741103] pci 0000:00:05.2: [8086:2f2a] type 00 class 0x088000
[    1.741214] pci 0000:00:05.4: [8086:2f2c] type 00 class 0x080020
[    1.741222] pci 0000:00:05.4: reg 0x10: [mem 0xc7105000-0xc7105fff]
[    1.741348] pci 0000:00:11.0: [8086:8d7c] type 00 class 0xff0000
[    1.741540] pci 0000:00:11.4: [8086:8d62] type 00 class 0x010601
[    1.741558] pci 0000:00:11.4: reg 0x10: [io  0x7110-0x7117]
[    1.741565] pci 0000:00:11.4: reg 0x14: [io  0x7100-0x7103]
[    1.741572] pci 0000:00:11.4: reg 0x18: [io  0x70f0-0x70f7]
[    1.741579] pci 0000:00:11.4: reg 0x1c: [io  0x70e0-0x70e3]
[    1.741587] pci 0000:00:11.4: reg 0x20: [io  0x7020-0x703f]
[    1.741594] pci 0000:00:11.4: reg 0x24: [mem 0xc7104000-0xc71047ff]
[    1.741632] pci 0000:00:11.4: PME# supported from D3hot
[    1.741736] pci 0000:00:16.0: [8086:8d3a] type 00 class 0x078000
[    1.741755] pci 0000:00:16.0: reg 0x10: [mem 0x3bffff13000-0x3bffff1300f 64bit]
[    1.741810] pci 0000:00:16.0: PME# supported from D0 D3hot D3cold
[    1.741905] pci 0000:00:16.1: [8086:8d3b] type 00 class 0x078000
[    1.741924] pci 0000:00:16.1: reg 0x10: [mem 0x3bffff12000-0x3bffff1200f 64bit]
[    1.741979] pci 0000:00:16.1: PME# supported from D0 D3hot D3cold
[    1.742082] pci 0000:00:1a.0: [8086:8d2d] type 00 class 0x0c0320
[    1.742101] pci 0000:00:1a.0: reg 0x10: [mem 0xc7102000-0xc71023ff]
[    1.742177] pci 0000:00:1a.0: PME# supported from D0 D3hot D3cold
[    1.742273] pci 0000:00:1c.0: [8086:8d10] type 01 class 0x060400
[    1.742339] pci 0000:00:1c.0: PME# supported from D0 D3hot D3cold
[    1.742444] pci 0000:00:1c.3: [8086:8d16] type 01 class 0x060400
[    1.742511] pci 0000:00:1c.3: PME# supported from D0 D3hot D3cold
[    1.742618] pci 0000:00:1d.0: [8086:8d26] type 00 class 0x0c0320
[    1.742637] pci 0000:00:1d.0: reg 0x10: [mem 0xc7101000-0xc71013ff]
[    1.742713] pci 0000:00:1d.0: PME# supported from D0 D3hot D3cold
[    1.742810] pci 0000:00:1f.0: [8086:8d44] type 00 class 0x060100
[    1.742998] pci 0000:00:1f.2: [8086:8d02] type 00 class 0x010601
[    1.743012] pci 0000:00:1f.2: reg 0x10: [io  0x7070-0x7077]
[    1.743018] pci 0000:00:1f.2: reg 0x14: [io  0x7060-0x7063]
[    1.743024] pci 0000:00:1f.2: reg 0x18: [io  0x7050-0x7057]
[    1.743031] pci 0000:00:1f.2: reg 0x1c: [io  0x7040-0x7043]
[    1.743037] pci 0000:00:1f.2: reg 0x20: [io  0x7000-0x701f]
[    1.743043] pci 0000:00:1f.2: reg 0x24: [mem 0xc7100000-0xc71007ff]
[    1.743075] pci 0000:00:1f.2: PME# supported from D3hot
[    1.743305] acpiphp: Slot [0] registered
[    1.748036] pci 0000:01:00.0: [8086:1521] type 00 class 0x020000
[    1.748053] pci 0000:01:00.0: reg 0x10: [mem 0xc6a00000-0xc6afffff]
[    1.748065] pci 0000:01:00.0: reg 0x18: [io  0x6020-0x603f]
[    1.748071] pci 0000:01:00.0: reg 0x1c: [mem 0xc6c04000-0xc6c07fff]
[    1.748088] pci 0000:01:00.0: reg 0x30: [mem 0xc6b80000-0xc6bfffff pref]
[    1.748142] pci 0000:01:00.0: PME# supported from D0 D3hot D3cold
[    1.748165] pci 0000:01:00.0: reg 0x184: [mem 0x3bfffe60000-0x3bfffe63fff 64bit pref]
[    1.748167] pci 0000:01:00.0: VF(n) BAR0 space: [mem 0x3bfffe60000-0x3bfffe7ffff 64bit pref] (contains BAR0 for 8 VFs)
[    1.760013] pci 0000:01:00.0: reg 0x190: [mem 0x3bfffe40000-0x3bfffe43fff 64bit pref]
[    1.760014] pci 0000:01:00.0: VF(n) BAR3 space: [mem 0x3bfffe40000-0x3bfffe5ffff 64bit pref] (contains BAR3 for 8 VFs)
[    1.772088] pci 0000:01:00.1: [8086:1521] type 00 class 0x020000
[    1.772105] pci 0000:01:00.1: reg 0x10: [mem 0xc6900000-0xc69fffff]
[    1.772116] pci 0000:01:00.1: reg 0x18: [io  0x6000-0x601f]
[    1.772122] pci 0000:01:00.1: reg 0x1c: [mem 0xc6c00000-0xc6c03fff]
[    1.772139] pci 0000:01:00.1: reg 0x30: [mem 0xc6b00000-0xc6b7ffff pref]
[    1.772191] pci 0000:01:00.1: PME# supported from D0 D3hot D3cold
[    1.772211] pci 0000:01:00.1: reg 0x184: [mem 0x3bfffe20000-0x3bfffe23fff 64bit pref]
[    1.772212] pci 0000:01:00.1: VF(n) BAR0 space: [mem 0x3bfffe20000-0x3bfffe3ffff 64bit pref] (contains BAR0 for 8 VFs)
[    1.784013] pci 0000:01:00.1: reg 0x190: [mem 0x3bfffe00000-0x3bfffe03fff 64bit pref]
[    1.784014] pci 0000:01:00.1: VF(n) BAR3 space: [mem 0x3bfffe00000-0x3bfffe1ffff 64bit pref] (contains BAR3 for 8 VFs)
[    1.796081] pci 0000:00:01.0: PCI bridge to [bus 01-02]
[    1.800002] pci 0000:00:01.0:   bridge window [io  0x6000-0x6fff]
[    1.800004] pci 0000:00:01.0:   bridge window [mem 0xc6900000-0xc6cfffff]
[    1.800007] pci 0000:00:01.0:   bridge window [mem 0x3bfffe00000-0x3bfffefffff 64bit pref]
[    1.800146] pci 0000:00:01.1: PCI bridge to [bus 03]
[    1.808140] pci 0000:00:02.0: PCI bridge to [bus 04]
[    1.812144] pci 0000:05:00.0: [1000:005d] type 00 class 0x010400
[    1.812154] pci 0000:05:00.0: reg 0x10: [io  0x5000-0x50ff]
[    1.812161] pci 0000:05:00.0: reg 0x14: [mem 0xc6f00000-0xc6f0ffff 64bit]
[    1.812167] pci 0000:05:00.0: reg 0x1c: [mem 0xc6e00000-0xc6efffff 64bit]
[    1.812175] pci 0000:05:00.0: reg 0x30: [mem 0xc6d00000-0xc6dfffff pref]
[    1.812179] pci 0000:05:00.0: enabling Extended Tags
[    1.816041] pci 0000:05:00.0: supports D1 D2
[    1.816103] pci 0000:00:02.2: PCI bridge to [bus 05]
[    1.824604] pci 0000:00:02.2:   bridge window [io  0x5000-0x5fff]
[    1.824604] pci 0000:00:02.2:   bridge window [mem 0xc6d00000-0xc6ffffff]
[    1.824604] pci 0000:06:00.0: [8086:10fb] type 00 class 0x020000
[    1.824604] pci 0000:06:00.0: reg 0x10: [mem 0xc7900000-0xc79fffff pref]
[    1.824604] pci 0000:06:00.0: reg 0x18: [io  0x4020-0x403f]
[    1.824604] pci 0000:06:00.0: reg 0x1c: [mem 0xc7e04000-0xc7e07fff pref]
[    1.824604] pci 0000:06:00.0: reg 0x30: [mem 0xc7080000-0xc70fffff pref]
[    1.824604] pci 0000:06:00.0: PME# supported from D0 D3hot
[    1.824604] pci 0000:06:00.0: reg 0x184: [mem 0xc7d00000-0xc7d03fff 64bit pref]
[    1.824604] pci 0000:06:00.0: VF(n) BAR0 space: [mem 0xc7d00000-0xc7dfffff 64bit pref] (contains BAR0 for 64 VFs)
[    1.836010] pci 0000:06:00.0: reg 0x190: [mem 0xc7c00000-0xc7c03fff 64bit pref]
[    1.836011] pci 0000:06:00.0: VF(n) BAR3 space: [mem 0xc7c00000-0xc7cfffff 64bit pref] (contains BAR3 for 64 VFs)
[    1.848137] pci 0000:06:00.1: [8086:10fb] type 00 class 0x020000
[    1.848149] pci 0000:06:00.1: reg 0x10: [mem 0xc7800000-0xc78fffff pref]
[    1.848158] pci 0000:06:00.1: reg 0x18: [io  0x4000-0x401f]
[    1.848163] pci 0000:06:00.1: reg 0x1c: [mem 0xc7e00000-0xc7e03fff pref]
[    1.848176] pci 0000:06:00.1: reg 0x30: [mem 0xc7000000-0xc707ffff pref]
[    1.848213] pci 0000:06:00.1: PME# supported from D0 D3hot
[    1.848227] pci 0000:06:00.1: reg 0x184: [mem 0xc7b00000-0xc7b03fff 64bit pref]
[    1.848228] pci 0000:06:00.1: VF(n) BAR0 space: [mem 0xc7b00000-0xc7bfffff 64bit pref] (contains BAR0 for 64 VFs)
[    1.860010] pci 0000:06:00.1: reg 0x190: [mem 0xc7a00000-0xc7a03fff 64bit pref]
[    1.860011] pci 0000:06:00.1: VF(n) BAR3 space: [mem 0xc7a00000-0xc7afffff 64bit pref] (contains BAR3 for 64 VFs)
[    1.868138] pci 0000:00:03.0: PCI bridge to [bus 06-07]
[    1.876002] pci 0000:00:03.0:   bridge window [io  0x4000-0x4fff]
[    1.876004] pci 0000:00:03.0:   bridge window [mem 0xc7000000-0xc70fffff]
[    1.876007] pci 0000:00:03.0:   bridge window [mem 0xc7800000-0xc7efffff 64bit pref]
[    1.876044] pci 0000:00:1c.0: PCI bridge to [bus 08]
[    1.880065] pci 0000:09:00.0: [102b:0522] type 00 class 0x030000
[    1.880097] pci 0000:09:00.0: reg 0x10: [mem 0xc5000000-0xc5ffffff]
[    1.880110] pci 0000:09:00.0: reg 0x14: [mem 0xc6810000-0xc6813fff]
[    1.880124] pci 0000:09:00.0: reg 0x18: [mem 0xc6000000-0xc67fffff]
[    1.880175] pci 0000:09:00.0: reg 0x30: [mem 0xc6800000-0xc680ffff pref]
[    1.880312] pci 0000:00:1c.3: PCI bridge to [bus 09]
[    1.888005] pci 0000:00:1c.3:   bridge window [mem 0xc5000000-0xc68fffff]
[    1.888034] pci_bus 0000:00: on NUMA node 0
[    1.888589] acpi: ACPI: PCI Root Bridge [PCI1] (domain 0000 [bus 80-fe])
[    1.896004] acpi PNP0A08:01: _OSC: OS supports [ExtendedConfig ASPM ClockPM Segments MSI]
[    1.904549] acpi PNP0A08:01: _OSC: OS now controls [PCIeHotplug PME AER PCIeCapability]
[    1.912003] acpi PNP0A08:01: FADT indicates ASPM is unsupported, using BIOS configuration
[    1.924159] probe: PCI host bridge to bus 0000:80
[    1.928002] pci_bus 0000:80: root bus resource [io  0x8000-0xffff window]
[    1.936001] pci_bus 0000:80: root bus resource [mem 0xc8000000-0xfbffbfff window]
[    1.944001] pci_bus 0000:80: root bus resource [mem 0x3c000000000-0x3ffffffffff window]
[    1.952001] pci_bus 0000:80: root bus resource [bus 80-fe]
[    1.960009] pci 0000:80:02.0: [8086:2f04] type 01 class 0x060400
[    1.960062] pci 0000:80:02.0: PME# supported from D0 D3hot D3cold
[    1.960137] pci 0000:80:05.0: [8086:2f28] type 00 class 0x088000
[    1.960229] pci 0000:80:05.1: [8086:2f29] type 00 class 0x088000
[    1.960332] pci 0000:80:05.2: [8086:2f2a] type 00 class 0x088000
[    1.960422] pci 0000:80:05.4: [8086:2f2c] type 00 class 0x080020
[    1.960431] pci 0000:80:05.4: reg 0x10: [mem 0xfbf00000-0xfbf00fff]
[    1.960673] pci 0000:80:02.0: PCI bridge to [bus 81]
[    1.964011] pci_bus 0000:80: on NUMA node 1
[    1.964347] ACPI: PCI Interrupt Link [LNKA] (IRQs 3 4 5 6 7 10 *11 12 14 15)
[    1.972042] ACPI: PCI Interrupt Link [LNKB] (IRQs 3 4 5 6 7 *10 11 12 14 15)
[    1.980040] ACPI: PCI Interrupt Link [LNKC] (IRQs 3 4 5 6 10 *11 12 14 15)
[    1.988040] ACPI: PCI Interrupt Link [LNKD] (IRQs 3 4 *5 6 10 11 12 14 15)
[    1.996039] ACPI: PCI Interrupt Link [LNKE] (IRQs 3 4 5 6 7 10 11 12 14 15) *0, disabled.
[    2.008039] ACPI: PCI Interrupt Link [LNKF] (IRQs 3 4 5 6 7 10 11 12 14 15) *0, disabled.
[    2.016039] ACPI: PCI Interrupt Link [LNKG] (IRQs 3 4 5 6 7 10 11 12 14 15) *0, disabled.
[    2.024039] ACPI: PCI Interrupt Link [LNKH] (IRQs 3 4 5 6 7 10 11 12 14 15) *0, disabled.
[    2.036024] pci 0000:09:00.0: vgaarb: setting as boot VGA device
[    2.040000] pci 0000:09:00.0: vgaarb: VGA device added: decodes=io+mem,owns=io+mem,locks=none
[    2.052003] pci 0000:09:00.0: vgaarb: bridge control possible
[    2.056001] vgaarb: loaded
[    2.059216] SCSI subsystem initialized
[    2.064050] libata version 3.00 loaded.
[    2.064050] ACPI: bus type USB registered
[    2.068015] usbcore: usbcore: registered new interface driver usbfs
[    2.076007] usbcore: usbcore: registered new interface driver hub
[    2.084074] usbcore: usbcore: registered new device driver usb
[    2.088012] pps_core: LinuxPPS API ver. 1 registered
[    2.096001] pps_core: Software ver. 5.3.6 - Copyright 2005-2007 Rodolfo Giometti <giometti@linux.it>
[    2.104003] ptp: PTP clock support registered
[    2.108055] EDAC MC: Ver: 3.0.0
[    2.112036] PCI: Using ACPI for IRQ routing
[    2.124190] PCI: pci_cache_line_size set to 64 bytes
[    2.124336] e820: reserve RAM buffer [mem 0x0009a000-0x0009ffff]
[    2.124338] e820: reserve RAM buffer [mem 0x6f19f000-0x6fffffff]
[    2.124451] NetLabel: Initializing
[    2.128001] NetLabel:  domain hash size = 128
[    2.132000] NetLabel:  protocols = UNLABELED CIPSOv4 CALIPSO
[    2.136015] NetLabel:  unlabeled traffic allowed by default
[    2.144038] hpet0: at MMIO 0xfed00000, IRQs 2, 8, 0, 0, 0, 0, 0, 0
[    2.152002] hpet0: 8 comparators, 64-bit 14.318180 MHz counter
[    2.160002] clocksource: Switched to clocksource tsc-early
[    2.184108] VFS: Disk quotas dquot_6.6.0
[    2.188512] dquot: VFS: Dquot-cache hash table entries: 512 (order 0, 4096 bytes)
[    2.196998] AppArmor: AppArmor Filesystem Enabled
[    2.202282] pnp: PnP ACPI init
[    2.205980] pnp 00:00: Plug and Play ACPI device, IDs PNP0b00 (active)
[    2.206083] system 00:01: [io  0x0500-0x057f] has been reserved
[    2.212691] system 00:01: [io  0x0400-0x047f] has been reserved
[    2.219295] system 00:01: [io  0x0580-0x059f] has been reserved
[    2.225902] system 00:01: [io  0x0600-0x061f] has been reserved
[    2.232508] system 00:01: [io  0x0880-0x0883] has been reserved
[    2.239113] system 00:01: [io  0x0800-0x081f] has been reserved
[    2.245720] system 00:01: [mem 0xfed1c000-0xfed3ffff] has been reserved
[    2.253102] system 00:01: [mem 0xfed45000-0xfed8bfff] has been reserved
[    2.260489] system 00:01: [mem 0xff000000-0xffffffff] has been reserved
[    2.267871] system 00:01: [mem 0xfee00000-0xfeefffff] has been reserved
[    2.275253] system 00:01: [mem 0xfed12000-0xfed1200f] has been reserved
[    2.282634] system 00:01: [mem 0xfed12010-0xfed1201f] has been reserved
[    2.290015] system 00:01: [mem 0xfed1b000-0xfed1bfff] has been reserved
[    2.297401] system 00:01: Plug and Play ACPI device, IDs PNP0c02 (active)
[    2.297516] pnp 00:02: [dma 0 disabled]
[    2.297552] pnp 00:02: Plug and Play ACPI device, IDs PNP0501 (active)
[    2.297654] pnp 00:03: [dma 0 disabled]
[    2.297688] pnp 00:03: Plug and Play ACPI device, IDs PNP0501 (active)
[    2.298228] pnp: PnP ACPI: found 4 devices
[    2.308467] clocksource: acpi_pm: mask: 0xffffff max_cycles: 0xffffff, max_idle_ns: 2085701024 ns
[    2.318426] pci 0000:00:01.0: PCI bridge to [bus 01-02]
[    2.324257] pci 0000:00:01.0:   bridge window [io  0x6000-0x6fff]
[    2.331058] pci 0000:00:01.0:   bridge window [mem 0xc6900000-0xc6cfffff]
[    2.338634] pci 0000:00:01.0:   bridge window [mem 0x3bfffe00000-0x3bfffefffff 64bit pref]
[    2.347858] pci 0000:00:01.1: PCI bridge to [bus 03]
[    2.353400] pci 0000:00:02.0: PCI bridge to [bus 04]
[    2.358935] pci 0000:00:02.2: PCI bridge to [bus 05]
[    2.364473] pci 0000:00:02.2:   bridge window [io  0x5000-0x5fff]
[    2.371274] pci 0000:00:02.2:   bridge window [mem 0xc6d00000-0xc6ffffff]
[    2.378853] pci 0000:00:03.0: PCI bridge to [bus 06-07]
[    2.384682] pci 0000:00:03.0:   bridge window [io  0x4000-0x4fff]
[    2.391483] pci 0000:00:03.0:   bridge window [mem 0xc7000000-0xc70fffff]
[    2.399059] pci 0000:00:03.0:   bridge window [mem 0xc7800000-0xc7efffff 64bit pref]
[    2.407701] pci 0000:00:1c.0: PCI bridge to [bus 08]
[    2.413247] pci 0000:00:1c.3: PCI bridge to [bus 09]
[    2.418787] pci 0000:00:1c.3:   bridge window [mem 0xc5000000-0xc68fffff]
[    2.426367] pci_bus 0000:00: resource 4 [io  0x0000-0x0cf7 window]
[    2.426368] pci_bus 0000:00: resource 5 [io  0x1000-0x7fff window]
[    2.426369] pci_bus 0000:00: resource 6 [mem 0x000a0000-0x000bffff window]
[    2.426370] pci_bus 0000:00: resource 7 [mem 0x90000000-0xc7ffbfff window]
[    2.426371] pci_bus 0000:00: resource 8 [mem 0x38000000000-0x3bfffffffff window]
[    2.426372] pci_bus 0000:01: resource 0 [io  0x6000-0x6fff]
[    2.426375] pci_bus 0000:01: resource 1 [mem 0xc6900000-0xc6cfffff]
[    2.426376] pci_bus 0000:01: resource 2 [mem 0x3bfffe00000-0x3bfffefffff 64bit pref]
[    2.426377] pci_bus 0000:05: resource 0 [io  0x5000-0x5fff]
[    2.426378] pci_bus 0000:05: resource 1 [mem 0xc6d00000-0xc6ffffff]
[    2.426379] pci_bus 0000:06: resource 0 [io  0x4000-0x4fff]
[    2.426380] pci_bus 0000:06: resource 1 [mem 0xc7000000-0xc70fffff]
[    2.426381] pci_bus 0000:06: resource 2 [mem 0xc7800000-0xc7efffff 64bit pref]
[    2.426382] pci_bus 0000:09: resource 1 [mem 0xc5000000-0xc68fffff]
[    2.426488] pci 0000:80:02.0: PCI bridge to [bus 81]
[    2.432032] pci_bus 0000:80: resource 4 [io  0x8000-0xffff window]
[    2.432033] pci_bus 0000:80: resource 5 [mem 0xc8000000-0xfbffbfff window]
[    2.432034] pci_bus 0000:80: resource 6 [mem 0x3c000000000-0x3ffffffffff window]
[    2.432136] socket: NET: Registered protocol family 2
[    2.438068] page_alloc: tcp_listen_portaddr_hash hash table entries: 65536 (order: 8, 1048576 bytes)
[    2.448560] page_alloc: TCP established hash table entries: 524288 (order: 10, 4194304 bytes)
[    2.458740] page_alloc: TCP bind hash table entries: 65536 (order: 8, 1048576 bytes)
[    2.467539] tcp: Hash tables configured (established 524288 bind 65536)
[    2.475080] page_alloc: UDP hash table entries: 65536 (order: 9, 2097152 bytes)
[    2.483609] page_alloc: UDP-Lite hash table entries: 65536 (order: 9, 2097152 bytes)
[    2.492651] socket: NET: Registered protocol family 1
[    2.520152] pci 0000:00:1a.0: quirk_usb_early_handoff+0x0/0x6b0 took 21184 usecs
[    2.548134] pci 0000:00:1d.0: quirk_usb_early_handoff+0x0/0x6b0 took 19249 usecs
[    2.556399] PCI: CLS mismatch (64 != 32), using 64 bytes
[    2.556402] pci 0000:05:00.0: [Firmware Bug]: disabling VPD access (can't determine size of non-standard VPD format)
[    2.568153] pci 0000:05:00.0: quirk_blacklist_vpd+0x0/0x30 took 11470 usecs
[    2.575933] pci 0000:09:00.0: Video device with shadowed ROM at [mem 0x000c0000-0x000dffff]
[    2.585294] Trying to unpack rootfs image as initramfs...
[    5.190089] page_alloc: Freeing initrd memory: 167428K
[    5.195983] PCI-DMA: Using software bounce buffering for IO (SWIOTLB)
[    5.203188] software IO TLB [mem 0x6b19f000-0x6f19f000] (64MB) mapped at [        (ptrval)-        (ptrval)]
[    5.214529] intel_rapl_perf: API unit is 2^-32 Joules, 3 fixed counters, 655360 ms ovfl timer
[    5.224049] intel_rapl_perf: hw unit of domain pp0-core 2^-14 Joules
[    5.231141] intel_rapl_perf: hw unit of domain package 2^-14 Joules
[    5.238136] intel_rapl_perf: hw unit of domain dram 2^-16 Joules
[    5.246526] Scanning for low memory corruption every 60 seconds
[    5.254424] system_keyring: Initialise system trusted keyrings
[    5.260999] workingset: workingset: timestamp_bits=40 max_order=25 bucket_order=0
[    5.270561] zbud: loaded
[    5.273935] fuse init (API version 7.26)
[    5.278384] SGI XFS with ACLs, security attributes, realtime, debug enabled
[    5.286804] pstore: using deflate compression
[    5.292665] key: Key type asymmetric registered
[    5.297712] asymmetric_keys: Asymmetric key parser 'x509' registered
[    5.304832] Block layer SCSI generic (bsg) driver version 0.4 loaded (major 245)
[    5.313158] io scheduler noop registered
[    5.317535] io scheduler deadline registered (default)
[    5.323300] io scheduler cfq registered
[    5.327578] io scheduler mq-deadline registered (default)
[    5.333602] io scheduler kyber registered
[    5.340046] pcieport 0000:00:01.0: AER enabled with IRQ 25
[    5.346194] pcieport 0000:00:01.1: AER enabled with IRQ 26
[    5.352336] pcieport 0000:00:02.0: AER enabled with IRQ 28
[    5.358476] pcieport 0000:00:02.2: AER enabled with IRQ 29
[    5.364618] pcieport 0000:00:03.0: AER enabled with IRQ 31
[    5.370767] pcieport 0000:80:02.0: AER enabled with IRQ 35
[    5.376905] pcieport 0000:00:01.0: Signaling PME with IRQ 25
[    5.383229] pcieport 0000:00:01.1: Signaling PME with IRQ 26
[    5.389558] pcieport 0000:00:02.0: Signaling PME with IRQ 28
[    5.395883] pcieport 0000:00:02.2: Signaling PME with IRQ 29
[    5.402213] pcieport 0000:00:03.0: Signaling PME with IRQ 31
[    5.408542] pcieport 0000:00:1c.0: Signaling PME with IRQ 32
[    5.414871] pcieport 0000:00:1c.3: Signaling PME with IRQ 33
[    5.421207] pcieport 0000:80:02.0: Signaling PME with IRQ 35
[    5.427571] intel_idle: MWAIT substates: 0x2120
[    5.427572] intel_idle: v0.4.1 model 0x3F
[    5.428923] intel_idle: lapic_timer_reliable_states 0xffffffff
[    5.428930] ipmi_msghandler: ipmi message handler version 39.2
[    5.435602] ACPI: Deprecated procfs I/F for AC is loaded, please retry with CONFIG_ACPI_PROCFS_POWER cleared
[    5.446603] ACPI: AC Adapter [P111] (on-line)
[    5.451539] input_core: Power Button as /devices/LNXSYSTM:00/LNXSYBUS:00/PNP0C0C:00/input/input0
[    5.461355] ACPI: Power Button [PWRB]
[    5.465478] input_core: Power Button as /devices/LNXSYSTM:00/LNXPWRBN:00/input/input1
[    5.474246] ACPI: Power Button [PWRF]
[    5.482819] ERST: Error Record Serialization Table (ERST) support is initialized.
[    5.491287] pstore: Registered erst as persistent store backend
[    5.498286] ghes: GHES: APEI firmware first mode is enabled by APEI bit and WHEA _OSC.
[    5.507255] 8250: Serial: 8250/16550 driver, 32 ports, IRQ sharing enabled
[    5.535388] serial_core: 00:02: ttyS0 at I/O 0x3f8 (irq = 4, base_baud = 115200) is a 16550A
[    5.565308] serial_core: 00:03: ttyS1 at I/O 0x2f8 (irq = 3, base_baud = 115200) is a 16550A
[    5.575853] Linux agpgart interface v0.103
[    5.586477] brd: brd: module loaded
[    5.593859] loop: module loaded
[    5.597758] libphy: Fixed MDIO Bus: probed
[    5.602521] tun: Universal TUN/TAP device driver, 1.6
[    5.608219] ppp_generic: PPP generic driver version 2.4.2
[    5.614298] ehci_hcd: USB 2.0 'Enhanced' Host Controller (EHCI) Driver
[    5.621578] ehci_pci: ehci-pci: EHCI PCI platform driver
[    5.627680] ehci-pci 0000:00:1a.0: EHCI Host Controller
[    5.633516] ehci-pci 0000:00:1a.0: new USB bus registered, assigned bus number 1
[    5.641782] ehci-pci 0000:00:1a.0: debug port 2
[    5.650719] ehci-pci 0000:00:1a.0: cache line size of 64 is not supported
[    5.650732] ehci-pci 0000:00:1a.0: irq 18, io mem 0xc7102000
[    5.672066] ehci-pci 0000:00:1a.0: USB 2.0 started, EHCI 1.00
[    5.678524] usb usb1: New USB device found, idVendor=1d6b, idProduct=0002, bcdDevice= 4.17
[    5.687752] usb usb1: New USB device strings: Mfr=3, Product=2, SerialNumber=1
[    5.695815] usb usb1: Product: EHCI Host Controller
[    5.701260] usb usb1: Manufacturer: Linux 4.17.0 ehci_hcd
[    5.707275] usb usb1: SerialNumber: 0000:00:1a.0
[    5.712548] hub 1-0:1.0: USB hub found
[    5.716737] hub 1-0:1.0: 2 ports detected
[    5.721461] ehci-pci 0000:00:1d.0: EHCI Host Controller
[    5.727299] ehci-pci 0000:00:1d.0: new USB bus registered, assigned bus number 2
[    5.735562] ehci-pci 0000:00:1d.0: debug port 2
[    5.744520] ehci-pci 0000:00:1d.0: cache line size of 64 is not supported
[    5.744524] ehci-pci 0000:00:1d.0: irq 18, io mem 0xc7101000
[    5.764060] ehci-pci 0000:00:1d.0: USB 2.0 started, EHCI 1.00
[    5.770510] usb usb2: New USB device found, idVendor=1d6b, idProduct=0002, bcdDevice= 4.17
[    5.779736] usb usb2: New USB device strings: Mfr=3, Product=2, SerialNumber=1
[    5.787787] usb usb2: Product: EHCI Host Controller
[    5.793230] usb usb2: Manufacturer: Linux 4.17.0 ehci_hcd
[    5.799255] usb usb2: SerialNumber: 0000:00:1d.0
[    5.804520] hub 2-0:1.0: USB hub found
[    5.808708] hub 2-0:1.0: 2 ports detected
[    5.813332] ehci_platform: ehci-platform: EHCI generic platform driver
[    5.820630] ohci_hcd: USB 1.1 'Open' Host Controller (OHCI) Driver
[    5.827537] ohci_pci: ohci-pci: OHCI PCI platform driver
[    5.833481] ohci_platform: ohci-platform: OHCI generic platform driver
[    5.840773] uhci_hcd: USB Universal Host Controller Interface driver
[    5.847917] i8042: PNP: No PS/2 controller found.
[    5.853238] mousedev: PS/2 mouse device common for all mice
[    5.859594] rtc_cmos 00:00: RTC can wake from S4
[    5.864906] rtc_cmos 00:00: registered as rtc0
[    5.869884] rtc_cmos 00:00: alarms up to one month, y3k, 114 bytes nvram, hpet irqs
[    5.878459] dm_mod: device-mapper: uevent: version 1.0.3
[    5.884452] dm_mod: device-mapper: ioctl: 4.39.0-ioctl (2018-04-03) initialised: dm-devel@redhat.com
[    5.894656] intel_pstate: Intel P-state driver initializing
[    5.904819] ledtrig_cpu: ledtrig-cpu: registered to indicate activity on CPUs
[    5.913062] socket: NET: Registered protocol family 10
[    5.919160] ipv6: Segment Routing with IPv6
[    5.923846] socket: NET: Registered protocol family 17
[    5.929588] key: Key type dns_resolver registered
[    5.937269] microcode: sig=0x306f2, pf=0x1, revision=0x3a
[    5.944080] microcode: Microcode Update Driver: v2.2.
[    5.944089] sched_clock: Marking stable (5944076444, 0)->(6202892057, -258815613)
[    5.958434] taskstats: registered taskstats version 1
[    5.964074] system_keyring: Loading compiled-in X.509 certificates
[    5.973535] system_keyring: Loaded X.509 cert 'Build time autogenerated kernel key: af33b0c3fd3ba6c234daa9bf32a11436314f5570'
[    5.986201] zswap: loaded using pool lzo/zbud
[    5.991544] btrfs: Btrfs loaded, crc32c=crc32c-intel, debug=on
[    6.000832] key: Key type big_key registered
[    6.006961] key: Key type trusted registered
[    6.013102] key: Key type encrypted registered
[    6.018067] AppArmor: AppArmor sha1 policy hashing enabled
[    6.024189] ima: No TPM chip found, activating TPM-bypass! (rc=-19)
[    6.031187] ima: Allocated hash algorithm: sha1
[    6.036256] evm: HMAC attrs: 0x1
[    6.040470] trace:   Magic number: 14:223:143
[    6.045341] block ram8: hash matches
[    6.049522] acpi device:14: hash matches
[    6.054037] rtc_cmos 00:00: setting system clock to 2018-12-28 19:08:12 UTC (1546024092)
[    6.064011] usb 1-1: new high-speed USB device number 2 using ehci-pci
[    6.064797] page_alloc: Freeing unused kernel memory: 1812K
[    6.088057] Write protecting the kernel read-only data: 22528k
[    6.095483] page_alloc: Freeing unused kernel memory: 2004K
[    6.105647] page_alloc: Freeing unused kernel memory: 1832K
[    6.121602] systemd-udevd[342]: starting version 204
[    6.152042] usb 2-1: new high-speed USB device number 2 using ehci-pci
[    6.165971] dca: dca service started, version 1.12.1
[    6.176144] ahci 0000:00:11.4: version 3.0
[    6.176364] ahci 0000:00:11.4: AHCI 0001.0300 32 slots 4 ports 6 Gbps 0xf impl SATA mode
[    6.185404] ahci 0000:00:11.4: flags: 64bit ncq pm led clo pio slum part ems apst 
[    6.194079] megaraid_sas: megasas: 07.704.04.00-rc1
[    6.199762] megaraid_sas 0000:05:00.0: FW now in Ready state
[    6.199863] igb: Intel(R) Gigabit Ethernet Network Driver - version 5.4.0-k
[    6.206079] megaraid_sas 0000:05:00.0: 64 bit DMA mask and 32 bit consistent mask
[    6.206894] megaraid_sas 0000:05:00.0: firmware supports msix	: (96)
[    6.213848] igb: Copyright (c) 2007-2014 Intel Corporation.
[    6.228415] usb 1-1: New USB device found, idVendor=8087, idProduct=800a, bcdDevice= 0.05
[    6.229294] megaraid_sas 0000:05:00.0: current msix/online cpus	: (32/32)
[    6.235511] usb 1-1: New USB device strings: Mfr=0, Product=0, SerialNumber=0
[    6.244638] megaraid_sas 0000:05:00.0: RDPQ mode	: (disabled)
[    6.252435] hub 1-1:1.0: USB hub found
[    6.260177] megaraid_sas 0000:05:00.0: Current firmware supports maximum commands: 272	 LDIO threshold: 237
[    6.266662] hub 1-1:1.0: 6 ports detected
[    6.271164] megaraid_sas 0000:05:00.0: Configured max firmware commands: 271
[    6.272042] tsc: Refined TSC clocksource calibration: 2394.228 MHz
[    6.272058] clocksource: tsc: mask: 0xffffffffffffffff max_cycles: 0x2282eb04498, max_idle_ns: 440795264527 ns
[    6.312087] clocksource: Switched to clocksource tsc
[    6.312450] megaraid_sas 0000:05:00.0: FW supports sync cache	: No
[    6.324902] ixgbe: Intel(R) 10 Gigabit PCI Express Network Driver - version 5.1.0-k
[    6.325339] igb 0000:01:00.0: PHY reset is blocked due to SOL/IDER session.
[    6.333449] ixgbe: Copyright (c) 1999-2016 Intel Corporation.
[    6.347732] scsi host1: ahci
[    6.351332] scsi host2: ahci
[    6.373836] scsi host3: ahci
[    6.386453] scsi host4: ahci
[    6.389696] ata1: SATA max UDMA/133 abar m2048@0xc7104000 port 0xc7104100 irq 36
[    6.397956] ata2: SATA max UDMA/133 abar m2048@0xc7104000 port 0xc7104180 irq 36
[    6.406211] ata3: SATA max UDMA/133 abar m2048@0xc7104000 port 0xc7104200 irq 36
[    6.414466] ata4: SATA max UDMA/133 abar m2048@0xc7104000 port 0xc7104280 irq 36
[    6.423057] ahci 0000:00:1f.2: AHCI 0001.0300 32 slots 6 ports 6 Gbps 0x3f impl SATA mode
[    6.432190] ahci 0000:00:1f.2: flags: 64bit ncq pm led clo pio slum part ems apst 
[    6.441821] igb 0000:01:00.0: added PHC on eth0
[    6.446876] igb 0000:01:00.0: Intel(R) Gigabit Ethernet Network Connection
[    6.454553] igb 0000:01:00.0: eth0: (PCIe:5.0Gb/s:Width x4) 74:a0:2f:29:f2:94
[    6.462586] igb 0000:01:00.0: eth0: PBA No: FFFFFF-0FF
[    6.468321] igb 0000:01:00.0: Using MSI-X interrupts. 8 rx queue(s), 8 tx queue(s)
[    6.476776] usb 2-1: New USB device found, idVendor=8087, idProduct=8002, bcdDevice= 0.05
[    6.485902] usb 2-1: New USB device strings: Mfr=0, Product=0, SerialNumber=0
[    6.494056] hub 2-1:1.0: USB hub found
[    6.498290] hub 2-1:1.0: 8 ports detected
[    6.503102] igb 0000:01:00.1: PHY reset is blocked due to SOL/IDER session.
[    6.544468] scsi host5: ahci
[    6.548319] megaraid_sas 0000:05:00.0: firmware type	: Legacy(64 VD) firmware
[    6.556284] megaraid_sas 0000:05:00.0: controller type	: iMR(0MB)
[    6.563085] megaraid_sas 0000:05:00.0: Online Controller Reset(OCR)	: Enabled
[    6.571047] megaraid_sas 0000:05:00.0: Secure JBOD support	: Yes
[    6.577751] megaraid_sas 0000:05:00.0: NVMe passthru support	: No
[    6.608459] scsi host6: ahci
[    6.611821] scsi host7: ahci
[    6.615199] igb 0000:01:00.1: added PHC on eth1
[    6.620260] igb 0000:01:00.1: Intel(R) Gigabit Ethernet Network Connection
[    6.627945] igb 0000:01:00.1: eth1: (PCIe:5.0Gb/s:Width x4) 74:a0:2f:29:f2:95
[    6.635980] igb 0000:01:00.1: eth1: PBA No: FFFFFF-0FF
[    6.641713] igb 0000:01:00.1: Using MSI-X interrupts. 8 rx queue(s), 8 tx queue(s)
[    6.650167] scsi host8: ahci
[    6.653536] scsi host9: ahci
[    6.656904] scsi host10: ahci
[    6.660254] ata5: SATA max UDMA/133 abar m2048@0xc7100000 port 0xc7100100 irq 81
[    6.668508] ata6: SATA max UDMA/133 abar m2048@0xc7100000 port 0xc7100180 irq 81
[    6.676763] ata7: SATA max UDMA/133 abar m2048@0xc7100000 port 0xc7100200 irq 81
[    6.685019] ata8: SATA max UDMA/133 abar m2048@0xc7100000 port 0xc7100280 irq 81
[    6.693272] ata9: SATA max UDMA/133 abar m2048@0xc7100000 port 0xc7100300 irq 81
[    6.701527] ata10: SATA max UDMA/133 abar m2048@0xc7100000 port 0xc7100380 irq 81
[    6.710021] ixgbe 0000:06:00.0: Multiqueue Enabled: Rx Queue count = 32, Tx Queue count = 32 XDP Queue count = 0
[    6.721663] ixgbe 0000:06:00.0: PCI Express bandwidth of 32GT/s available
[    6.729238] ixgbe 0000:06:00.0: (Speed:5.0GT/s, Width: x8, Encoding Loss:20%)
[    6.734515] ata4: SATA link down (SStatus 0 SControl 300)
[    6.737520] ixgbe 0000:06:00.0: MAC: 2, PHY: 14, SFP+: 3, PBA No: E68793-000
[    6.743282] ata1: SATA link down (SStatus 0 SControl 300)
[    6.751097] ixgbe 0000:06:00.0: 90:e2:ba:82:2c:7c
[    6.757164] ata3: SATA link down (SStatus 0 SControl 300)
[    6.764624] ixgbe 0000:06:00.0: Intel(R) 10 Gigabit Network Connection
[    6.768465] ata2: SATA link down (SStatus 0 SControl 300)
[    6.789036] megaraid_sas 0000:05:00.0: INIT adapter done
[    6.836080] usb 2-1.4: new high-speed USB device number 3 using ehci-pci
[    6.877453] megaraid_sas 0000:05:00.0: pci id		: (0x1000)/(0x005d)/(0x1137)/(0x00db)
[    6.886098] megaraid_sas 0000:05:00.0: unevenspan support	: no
[    6.892598] megaraid_sas 0000:05:00.0: firmware crash dump	: no
[    6.899202] megaraid_sas 0000:05:00.0: jbod sync map		: yes
[    6.905421] scsi host0: Avago SAS based MegaRAID driver
[    6.911365] ******blk_init_rl***** blk_init_rl:925 
[    6.918004] scsi 0:0:0:0: Direct-Access     SEAGATE  ST1200MM0007     0002 PQ: 0 ANSI: 6
[    6.929510] ******blk_init_rl***** blk_init_rl:925 
[    6.935399] scsi 0:0:1:0: Direct-Access     SEAGATE  ST1200MM0007     0002 PQ: 0 ANSI: 6
[    6.940254] ixgbe 0000:06:00.1: Multiqueue Enabled: Rx Queue count = 32, Tx Queue count = 32 XDP Queue count = 0
[    6.952411] usb 2-1.4: New USB device found, idVendor=0424, idProduct=2512, bcdDevice= b.b3
[    6.956070] ixgbe 0000:06:00.1: PCI Express bandwidth of 32GT/s available
[    6.956545] ******blk_init_rl***** blk_init_rl:925 
[    6.959652] scsi 0:0:2:0: Direct-Access     ATA      INTEL SSDSC2BB48 0370 PQ: 0 ANSI: 6
[    6.965108] usb 2-1.4: New USB device strings: Mfr=0, Product=0, SerialNumber=0
[    6.965968] ******blk_init_rl***** blk_init_rl:925 
[    6.966006] ******blk_init_rl***** blk_init_rl:925 
[    6.966028] ******blk_init_rl***** blk_init_rl:925 
[    6.966051] ******blk_init_rl***** blk_init_rl:925 
[    6.966074] ******blk_init_rl***** blk_init_rl:925 
[    6.966095] ******blk_init_rl***** blk_init_rl:925 
[    6.966115] ******blk_init_rl***** blk_init_rl:925 
[    6.966136] ******blk_init_rl***** blk_init_rl:925 
[    6.966158] ******blk_init_rl***** blk_init_rl:925 
[    6.966179] ******blk_init_rl***** blk_init_rl:925 
[    6.966202] ******blk_init_rl***** blk_init_rl:925 
[    6.966223] ******blk_init_rl***** blk_init_rl:925 
[    6.966247] ******blk_init_rl***** blk_init_rl:925 
[    6.966267] ******blk_init_rl***** blk_init_rl:925 
[    6.966291] ******blk_init_rl***** blk_init_rl:925 
[    6.966311] ******blk_init_rl***** blk_init_rl:925 
[    6.966337] ******blk_init_rl***** blk_init_rl:925 
[    6.966358] ******blk_init_rl***** blk_init_rl:925 
[    6.966388] ******blk_init_rl***** blk_init_rl:925 
[    6.966411] ******blk_init_rl***** blk_init_rl:925 
[    6.966437] ******blk_init_rl***** blk_init_rl:925 
[    6.966459] ******blk_init_rl***** blk_init_rl:925 
[    6.966497] ******blk_init_rl***** blk_init_rl:925 
[    6.966520] ******blk_init_rl***** blk_init_rl:925 
[    6.966552] ******blk_init_rl***** blk_init_rl:925 
[    6.966575] ******blk_init_rl***** blk_init_rl:925 
[    6.966601] ******blk_init_rl***** blk_init_rl:925 
[    6.966627] ******blk_init_rl***** blk_init_rl:925 
[    6.966651] ******blk_init_rl***** blk_init_rl:925 
[    6.966671] ******blk_init_rl***** blk_init_rl:925 
[    6.966694] ******blk_init_rl***** blk_init_rl:925 
[    6.966714] ******blk_init_rl***** blk_init_rl:925 
[    6.966736] ******blk_init_rl***** blk_init_rl:925 
[    6.966757] ******blk_init_rl***** blk_init_rl:925 
[    6.966782] ******blk_init_rl***** blk_init_rl:925 
[    6.966802] ******blk_init_rl***** blk_init_rl:925 
[    6.966825] ******blk_init_rl***** blk_init_rl:925 
[    6.966846] ******blk_init_rl***** blk_init_rl:925 
[    6.966873] ******blk_init_rl***** blk_init_rl:925 
[    6.966894] ******blk_init_rl***** blk_init_rl:925 
[    6.966917] ******blk_init_rl***** blk_init_rl:925 
[    6.966938] ******blk_init_rl***** blk_init_rl:925 
[    6.966961] ******blk_init_rl***** blk_init_rl:925 
[    6.966982] ******blk_init_rl***** blk_init_rl:925 
[    6.967004] ******blk_init_rl***** blk_init_rl:925 
[    6.967024] ******blk_init_rl***** blk_init_rl:925 
[    6.967046] ******blk_init_rl***** blk_init_rl:925 
[    6.967066] ******blk_init_rl***** blk_init_rl:925 
[    6.967088] ******blk_init_rl***** blk_init_rl:925 
[    6.967109] ******blk_init_rl***** blk_init_rl:925 
[    6.967132] ******blk_init_rl***** blk_init_rl:925 
[    6.967154] ******blk_init_rl***** blk_init_rl:925 
[    6.967176] ******blk_init_rl***** blk_init_rl:925 
[    6.967197] ******blk_init_rl***** blk_init_rl:925 
[    6.967226] ******blk_init_rl***** blk_init_rl:925 
[    6.967247] ******blk_init_rl***** blk_init_rl:925 
[    6.967269] ******blk_init_rl***** blk_init_rl:925 
[    6.967291] ******blk_init_rl***** blk_init_rl:925 
[    6.967313] ******blk_init_rl***** blk_init_rl:925 
[    6.967333] ******blk_init_rl***** blk_init_rl:925 
[    6.967355] ******blk_init_rl***** blk_init_rl:925 
[    6.967375] ******blk_init_rl***** blk_init_rl:925 
[    6.967397] ******blk_init_rl***** blk_init_rl:925 
[    6.967417] ******blk_init_rl***** blk_init_rl:925 
[    6.967438] ******blk_init_rl***** blk_init_rl:925 
[    6.967459] ******blk_init_rl***** blk_init_rl:925 
[    6.967481] ******blk_init_rl***** blk_init_rl:925 
[    6.967501] ******blk_init_rl***** blk_init_rl:925 
[    6.967523] ******blk_init_rl***** blk_init_rl:925 
[    6.967544] ******blk_init_rl***** blk_init_rl:925 
[    6.967571] ******blk_init_rl***** blk_init_rl:925 
[    6.967592] ******blk_init_rl***** blk_init_rl:925 
[    6.967615] ******blk_init_rl***** blk_init_rl:925 
[    6.967636] ******blk_init_rl***** blk_init_rl:925 
[    6.967657] ******blk_init_rl***** blk_init_rl:925 
[    6.967678] ******blk_init_rl***** blk_init_rl:925 
[    6.967700] ******blk_init_rl***** blk_init_rl:925 
[    6.967720] ******blk_init_rl***** blk_init_rl:925 
[    6.967742] ******blk_init_rl***** blk_init_rl:925 
[    6.967763] ******blk_init_rl***** blk_init_rl:925 
[    6.967784] ******blk_init_rl***** blk_init_rl:925 
[    6.967805] ******blk_init_rl***** blk_init_rl:925 
[    6.967827] ******blk_init_rl***** blk_init_rl:925 
[    6.967847] ******blk_init_rl***** blk_init_rl:925 
[    6.967869] ******blk_init_rl***** blk_init_rl:925 
[    6.967890] ******blk_init_rl***** blk_init_rl:925 
[    6.967915] ******blk_init_rl***** blk_init_rl:925 
[    6.967939] ******blk_init_rl***** blk_init_rl:925 
[    6.967964] ******blk_init_rl***** blk_init_rl:925 
[    6.967984] ******blk_init_rl***** blk_init_rl:925 
[    6.968011] ******blk_init_rl***** blk_init_rl:925 
[    6.968047] ******blk_init_rl***** blk_init_rl:925 
[    6.968071] ******blk_init_rl***** blk_init_rl:925 
[    6.968093] ******blk_init_rl***** blk_init_rl:925 
[    6.968117] ******blk_init_rl***** blk_init_rl:925 
[    6.968139] ******blk_init_rl***** blk_init_rl:925 
[    6.968163] ******blk_init_rl***** blk_init_rl:925 
[    6.968185] ******blk_init_rl***** blk_init_rl:925 
[    6.968213] ******blk_init_rl***** blk_init_rl:925 
[    6.968235] ******blk_init_rl***** blk_init_rl:925 
[    6.968262] ******blk_init_rl***** blk_init_rl:925 
[    6.968285] ******blk_init_rl***** blk_init_rl:925 
[    6.968342] ******blk_init_rl***** blk_init_rl:925 
[    6.968363] ******blk_init_rl***** blk_init_rl:925 
[    6.968385] ******blk_init_rl***** blk_init_rl:925 
[    6.968405] ******blk_init_rl***** blk_init_rl:925 
[    6.968427] ******blk_init_rl***** blk_init_rl:925 
[    6.968448] ******blk_init_rl***** blk_init_rl:925 
[    6.968472] ******blk_init_rl***** blk_init_rl:925 
[    6.968492] ******blk_init_rl***** blk_init_rl:925 
[    6.968514] ******blk_init_rl***** blk_init_rl:925 
[    6.968535] ******blk_init_rl***** blk_init_rl:925 
[    6.968556] ******blk_init_rl***** blk_init_rl:925 
[    6.968577] ******blk_init_rl***** blk_init_rl:925 
[    6.968600] ******blk_init_rl***** blk_init_rl:925 
[    6.968622] ******blk_init_rl***** blk_init_rl:925 
[    6.968646] ******blk_init_rl***** blk_init_rl:925 
[    6.968669] ******blk_init_rl***** blk_init_rl:925 
[    6.968699] ******blk_init_rl***** blk_init_rl:925 
[    6.968721] ******blk_init_rl***** blk_init_rl:925 
[    6.968743] ******blk_init_rl***** blk_init_rl:925 
[    6.968765] ******blk_init_rl***** blk_init_rl:925 
[    6.968790] ******blk_init_rl***** blk_init_rl:925 
[    6.968811] ******blk_init_rl***** blk_init_rl:925 
[    6.968836] ******blk_init_rl***** blk_init_rl:925 
[    6.968858] ******blk_init_rl***** blk_init_rl:925 
[    6.968880] ******blk_init_rl***** blk_init_rl:925 
[    6.968902] ******blk_init_rl***** blk_init_rl:925 
[    6.968924] ******blk_init_rl***** blk_init_rl:925 
[    6.968944] ******blk_init_rl***** blk_init_rl:925 
[    6.968965] ******blk_init_rl***** blk_init_rl:925 
[    6.968986] ******blk_init_rl***** blk_init_rl:925 
[    6.969010] ******blk_init_rl***** blk_init_rl:925 
[    6.969031] ******blk_init_rl***** blk_init_rl:925 
[    6.969058] ******blk_init_rl***** blk_init_rl:925 
[    6.969079] ******blk_init_rl***** blk_init_rl:925 
[    6.969100] ******blk_init_rl***** blk_init_rl:925 
[    6.969120] ******blk_init_rl***** blk_init_rl:925 
[    6.969140] ******blk_init_rl***** blk_init_rl:925 
[    6.969161] ******blk_init_rl***** blk_init_rl:925 
[    6.969181] ******blk_init_rl***** blk_init_rl:925 
[    6.969201] ******blk_init_rl***** blk_init_rl:925 
[    6.969222] ******blk_init_rl***** blk_init_rl:925 
[    6.969242] ******blk_init_rl***** blk_init_rl:925 
[    6.969262] ******blk_init_rl***** blk_init_rl:925 
[    6.969282] ******blk_init_rl***** blk_init_rl:925 
[    6.969312] ******blk_init_rl***** blk_init_rl:925 
[    6.969337] ******blk_init_rl***** blk_init_rl:925 
[    6.969369] ******blk_init_rl***** blk_init_rl:925 
[    6.969391] ******blk_init_rl***** blk_init_rl:925 
[    6.969423] ******blk_init_rl***** blk_init_rl:925 
[    6.969446] ******blk_init_rl***** blk_init_rl:925 
[    6.969473] ******blk_init_rl***** blk_init_rl:925 
[    6.969495] ******blk_init_rl***** blk_init_rl:925 
[    6.969527] ******blk_init_rl***** blk_init_rl:925 
[    6.969551] ******blk_init_rl***** blk_init_rl:925 
[    6.969574] ******blk_init_rl***** blk_init_rl:925 
[    6.969595] ******blk_init_rl***** blk_init_rl:925 
[    6.969618] ******blk_init_rl***** blk_init_rl:925 
[    6.969638] ******blk_init_rl***** blk_init_rl:925 
[    6.969661] ******blk_init_rl***** blk_init_rl:925 
[    6.969681] ******blk_init_rl***** blk_init_rl:925 
[    6.969707] ******blk_init_rl***** blk_init_rl:925 
[    6.969728] ******blk_init_rl***** blk_init_rl:925 
[    6.969750] ******blk_init_rl***** blk_init_rl:925 
[    6.969771] ******blk_init_rl***** blk_init_rl:925 
[    6.969798] ******blk_init_rl***** blk_init_rl:925 
[    6.969819] ******blk_init_rl***** blk_init_rl:925 
[    6.969840] ******blk_init_rl***** blk_init_rl:925 
[    6.969861] ******blk_init_rl***** blk_init_rl:925 
[    6.969882] ******blk_init_rl***** blk_init_rl:925 
[    6.969904] ******blk_init_rl***** blk_init_rl:925 
[    6.969925] ******blk_init_rl***** blk_init_rl:925 
[    6.969946] ******blk_init_rl***** blk_init_rl:925 
[    6.969967] ******blk_init_rl***** blk_init_rl:925 
[    6.969988] ******blk_init_rl***** blk_init_rl:925 
[    6.970009] ******blk_init_rl***** blk_init_rl:925 
[    6.970031] ******blk_init_rl***** blk_init_rl:925 
[    6.970052] ******blk_init_rl***** blk_init_rl:925 
[    6.970075] ******blk_init_rl***** blk_init_rl:925 
[    6.970098] ******blk_init_rl***** blk_init_rl:925 
[    6.970119] ******blk_init_rl***** blk_init_rl:925 
[    6.970148] ******blk_init_rl***** blk_init_rl:925 
[    6.970170] ******blk_init_rl***** blk_init_rl:925 
[    6.970191] ******blk_init_rl***** blk_init_rl:925 
[    6.970212] ******blk_init_rl***** blk_init_rl:925 
[    6.970234] ******blk_init_rl***** blk_init_rl:925 
[    6.970255] ******blk_init_rl***** blk_init_rl:925 
[    6.970276] ******blk_init_rl***** blk_init_rl:925 
[    6.970297] ******blk_init_rl***** blk_init_rl:925 
[    6.970319] ******blk_init_rl***** blk_init_rl:925 
[    6.970339] ******blk_init_rl***** blk_init_rl:925 
[    6.970363] ******blk_init_rl***** blk_init_rl:925 
[    6.970384] ******blk_init_rl***** blk_init_rl:925 
[    6.970406] ******blk_init_rl***** blk_init_rl:925 
[    6.970427] ******blk_init_rl***** blk_init_rl:925 
[    6.970449] ******blk_init_rl***** blk_init_rl:925 
[    6.970470] ******blk_init_rl***** blk_init_rl:925 
[    6.970496] ******blk_init_rl***** blk_init_rl:925 
[    6.970518] ******blk_init_rl***** blk_init_rl:925 
[    6.970541] ******blk_init_rl***** blk_init_rl:925 
[    6.970561] ******blk_init_rl***** blk_init_rl:925 
[    6.970584] ******blk_init_rl***** blk_init_rl:925 
[    6.970604] ******blk_init_rl***** blk_init_rl:925 
[    6.970627] ******blk_init_rl***** blk_init_rl:925 
[    6.970647] ******blk_init_rl***** blk_init_rl:925 
[    6.970670] ******blk_init_rl***** blk_init_rl:925 
[    6.970692] ******blk_init_rl***** blk_init_rl:925 
[    6.970714] ******blk_init_rl***** blk_init_rl:925 
[    6.970734] ******blk_init_rl***** blk_init_rl:925 
[    6.970758] ******blk_init_rl***** blk_init_rl:925 
[    6.970779] ******blk_init_rl***** blk_init_rl:925 
[    6.970803] ******blk_init_rl***** blk_init_rl:925 
[    6.970823] ******blk_init_rl***** blk_init_rl:925 
[    6.970851] ******blk_init_rl***** blk_init_rl:925 
[    6.970872] ******blk_init_rl***** blk_init_rl:925 
[    6.970898] ******blk_init_rl***** blk_init_rl:925 
[    6.970918] ******blk_init_rl***** blk_init_rl:925 
