+ PARAM=1
+ OUTPUT=/users/skannan/ssd/NVM/appbench/output/memcached
+ DATA=twitter_dataset_unscaled
+ APPBASE=/users/skannan/ssd/NVM/appbench/apps/memcached
+ APP=/users/skannan/ssd/NVM/appbench/apps/memcached/memcached
+ CLIENTBASE=/users/skannan/ssd/NVM/appbench/apps/memcached_client
+ INPUT=/users/skannan/ssd/NVM/appbench/apps/memcached_client/twitter_dataset_unscaled
+ DATASET=/users/skannan/ssd/NVM/appbench/shared_data/twitter_dataset_200x
+ FLUSH_DISK
+ sudo sh -c 'echo 3 > /proc/sys/vm/drop_caches'
+ sudo sh -c sync
+ sudo sh -c sync
+ sudo sh -c 'echo 3 > /proc/sys/vm/drop_caches'
+ RUNMEMCACHED
+ RUN_WARMUP
+ cd /users/skannan/ssd/NVM/appbench/apps/memcached_client
+ LD_PRELOAD=/users/skannan/ssd/NVM/appbench/shared_libs/construct/libmigration.so
+ numactl --membind=0 /users/skannan/ssd/NVM/appbench/apps/memcached/memcached -t 16 -m 8192 -n 200 -u skannan
+ sleep 5
initiating tracing...
initiating tracing...
+ /users/skannan/ssd/NVM/appbench/apps/memcached_client/loader -a /users/skannan/ssd/NVM/appbench/apps/memcached_client/twitter_dataset_unscaled -o /users/skannan/ssd/NVM/appbench/shared_data/twitter_dataset_200x -s /users/skannan/ssd/NVM/appbench/apps/memcached_client/servers.txt -w 32 -S 40 -D 256 -j -T 1


SETS:	     383150 	 GETS: 	          0 
SETS:	     527521 	 GETS: 	          0 
SETS:	     702710 	 GETS: 	          0 
SETS:	     838045 	 GETS: 	          0 
SETS:	     954430 	 GETS: 	          0 
SETS:	    1085115 	 GETS: 	          0 
SETS:	    1271597 	 GETS: 	          0 
SETS:	    1439874 	 GETS: 	          0 
SETS:	    1560278 	 GETS: 	          0 
SETS:	    1744243 	 GETS: 	          0 
SETS:	    1942399 	 GETS: 	          0 
SETS:	    2088563 	 GETS: 	          0 
SETS:	    2268696 	 GETS: 	          0 
SETS:	    2457664 	 GETS: 	          0 
SETS:	    2646792 	 GETS: 	          0 
SETS:	    2758183 	 GETS: 	          0 
SETS:	    2851761 	 GETS: 	          0 
SETS:	    3033977 	 GETS: 	          0 
SETS:	    3181304 	 GETS: 	          0 
SETS:	    3359655 	 GETS: 	          0 
SETS:	    3511097 	 GETS: 	          0 
SETS:	    3642161 	 GETS: 	          0 
SETS:	    3818067 	 GETS: 	          0 
SETS:	    3999045 	 GETS: 	          0 
SETS:	    4105120 	 GETS: 	          0 
SETS:	    4188171 	 GETS: 	          0 
SETS:	    4339327 	 GETS: 	          0 
SETS:	    4508229 	 GETS: 	          0 
SETS:	    4681361 	 GETS: 	          0 
SETS:	    4794166 	 GETS: 	          0 
SETS:	    4880300 	 GETS: 	          0 
SETS:	    5044302 	 GETS: 	          0 
SETS:	    5210325 	 GETS: 	          0 
SETS:	    5381428 	 GETS: 	          0 
SETS:	    5483231 	 GETS: 	          0 
SETS:	    5567661 	 GETS: 	          0 
SETS:	    5716842 	 GETS: 	          0 
SETS:	    5858390 	 GETS: 	          0 
SETS:	    6021980 	 GETS: 	          0 
SETS:	    6099117 	 GETS: 	          0 
SETS:	    6181224 	 GETS: 	          0 
SETS:	    6271243 	 GETS: 	          0 
SETS:	    6414548 	 GETS: 	          0 
SETS:	    6561883 	 GETS: 	          0 
SETS:	    6725190 	 GETS: 	          0 
stats_time = 1
Configuration:

nProcessors on system: 32
nWorkers: 32
runtime: -1
Get fraction: 0.900000
Naggle's algorithm: False


host: 127.0.0.1
address: 127.0.0.1
host: 127.0.0.1
address: 127.0.0.1
Loading key value file...Average Size = 1057.34758
Keys to Preload = 222334
created uniform distribution 1000
rps -1 cpus 32
Overridge n_connections_total because < n_workers
num_worker_connections 1
num_worker_connections 1
Creating worker on tid 2862507776
num_worker_connections 1
Creating worker on tid 2854115072
num_worker_connections 1
Creating worker on tid 2751461120
starting receive base loop
starting receive base loop
num_worker_connections 1
starting receive base loop
Creating worker on tid 2845722368
num_worker_connections 1
Creating worker on tid 2837329664
starting receive base loop
num_worker_connections 1
starting receive base loop
Creating worker on tid 2828936960
num_worker_connections 1
Creating worker on tid 2743068416
starting receive base loop
starting receive base loop
num_worker_connections 1
Creating worker on tid 2734675712
starting receive base loop
num_worker_connections 1
Creating worker on tid 2726283008
num_worker_connections 1
Creating worker on tid 2717890304
starting receive base loop
num_worker_connections 1
Creating worker on tid 2709497600
starting receive base loop
starting receive base loop
num_worker_connections 1
Creating worker on tid 2701104896
starting receive base loop
num_worker_connections 1
Creating worker on tid 1946154752
num_worker_connections 1
Creating worker on tid 1937762048
starting receive base loop
starting receive base loop
num_worker_connections 1
Creating worker on tid 1929369344
starting receive base loop
num_worker_connections 1
Creating worker on tid 1920976640
num_worker_connections 1
starting receive base loop
Creating worker on tid 1912583936
num_worker_connections 1
starting receive base loop
Creating worker on tid 1904191232
num_worker_connections 1
Creating worker on tid 1895798528
starting receive base loop
num_worker_connections 1
Creating worker on tid 1543501568
starting receive base loop
num_worker_connections 1
Creating worker on tid 1535108864
starting receive base loop
starting receive base loop
num_worker_connections 1
Creating worker on tid 1526716160
starting receive base loop
num_worker_connections 1
Creating worker on tid 1518323456
starting receive base loop
num_worker_connections 1
Creating worker on tid 1509930752
starting receive base loop
num_worker_connections 1
Creating worker on tid 1501538048
starting receive base loop
num_worker_connections 1
Creating worker on tid 1493145344
num_worker_connections 1
Creating worker on tid 939521792
starting receive base loop
num_worker_connections 1
Creating worker on tid 931129088
starting receive base loop
num_worker_connections 1
Creating worker on tid 922736384
starting receive base loop
starting receive base loop
num_worker_connections 1
Creating worker on tid 914343680
starting receive base loop
num_worker_connections 1
Creating worker on tid 905950976
Created 32 connections total
starting receive base loop
Creating worker on tid 897558272
starting receive base loop
Stats:
-------------------------
You are warmed up, sir
+ sleep 5
+ RUN
+ cd /users/skannan/ssd/NVM/appbench/apps/memcached_client
+ numactl --membind=0 /users/skannan/ssd/NVM/appbench/apps/memcached_client/loader -a /users/skannan/ssd/NVM/appbench/shared_data/twitter_dataset_200x -s /users/skannan/ssd/NVM/appbench/apps/memcached_client/servers.txt -g 0.8 -T 1 -c 100 -w 32
+ /users/skannan/ssd/NVM/appbench/apps/memcached_client/killer.sh
Starting killer 


SETS:	     117881 	 GETS: 	     472121 
SETS:	     176650 	 GETS: 	     709241 
SETS:	     235189 	 GETS: 	     944330 
SETS:	     293180 	 GETS: 	    1180012 
SETS:	     351450 	 GETS: 	    1414720 
SETS:	     410279 	 GETS: 	    1649477 
SETS:	     468577 	 GETS: 	    1882999 
SETS:	     527416 	 GETS: 	    2118709 
SETS:	     585783 	 GETS: 	    2354007 
SETS:	     644584 	 GETS: 	    2588737 
SETS:	     703264 	 GETS: 	    2825449 
SETS:	     762045 	 GETS: 	    3061536 
SETS:	     821013 	 GETS: 	    3296641 
SETS:	     879543 	 GETS: 	    3532830 
SETS:	     938368 	 GETS: 	    3767038 
SETS:	     996630 	 GETS: 	    4000873 
SETS:	    1055164 	 GETS: 	    4235418 
SETS:	    1113805 	 GETS: 	    4470763 
SETS:	    1172067 	 GETS: 	    4704337 
SETS:	    1231022 	 GETS: 	    4940307 
SETS:	    1290044 	 GETS: 	    5175486 
SETS:	    1348874 	 GETS: 	    5411092 
SETS:	    1407801 	 GETS: 	    5646647 
SETS:	    1466450 	 GETS: 	    5881504 
SETS:	    1524865 	 GETS: 	    6116900 
SETS:	    1583655 	 GETS: 	    6352117 
SETS:	    1642405 	 GETS: 	    6588167 
SETS:	    1700730 	 GETS: 	    6822960 
SETS:	    1759390 	 GETS: 	    7058423 
application termination...
Signal handled: Terminated.
/users/skannan/ssd/NVM/appbench/apps/memcached_client/run.sh: line 41:  3680 Terminated              $APPPREFIX $CLIENTBASE/loader -a $DATASET -s $CLIENTBASE/servers.txt -g 0.8 -T 1 -c 100 -w 32
+ export LD_PRELOAD=
+ LD_PRELOAD=
+ FINISH
+ killall memcached
memcached: no process found
+ sudo killall memcached
memcached: no process found
+ killall sleep
sleep: no process found
+ exit
******************
KERNEL  DMESG
******************
  
[    0.000000] generic: MTRR fixed ranges enabled:
[    0.000000] generic:   00000-9FFFF write-back
[    0.000000] generic:   A0000-BFFFF uncachable
[    0.000000] generic:   C0000-FFFFF write-protect
[    0.000000] generic: MTRR variable ranges enabled:
[    0.000000] generic:   0 base 000080000000 mask 3FFF80000000 uncachable
[    0.000000] generic:   1 base 038000000000 mask 3F8000000000 uncachable
[    0.000000] generic:   2 disabled
[    0.000000] generic:   3 disabled
[    0.000000] generic:   4 disabled
[    0.000000] generic:   5 disabled
[    0.000000] generic:   6 disabled
[    0.000000] generic:   7 disabled
[    0.000000] generic:   8 disabled
[    0.000000] generic:   9 disabled
[    0.000000] x86/PAT: Configuration [0-7]: WB  WC  UC- UC  WB  WP  UC- WT  
[    0.000000] e820: e820: last_pfn = 0x6f19f max_arch_pfn = 0x400000000
[    0.000000] mpparse: found SMP MP-table at [mem 0x000fcfc0-0x000fcfcf] mapped at [        (ptrval)]
[    0.000000] Scanning 1 areas for low memory corruption
[    0.000000] Base memory trampoline at [        (ptrval)] 7e000 size 24576
[    0.000000] Using GB pages for direct mapping
[    0.000000] BRK [0x0aedb000, 0x0aedbfff] PGTABLE
[    0.000000] BRK [0x0aedc000, 0x0aedcfff] PGTABLE
[    0.000000] BRK [0x0aedd000, 0x0aeddfff] PGTABLE
[    0.000000] RAMDISK: [mem 0x238ee000-0x2dc6efff]
[    0.000000] tables: Early table checksum verification disabled
[    0.000000] ACPI: RSDP 0x00000000000F05B0 000024 (v02 Cisco0)
[    0.000000] ACPI: XSDT 0x000000006F9900A8 0000D4 (v01 Cisco0 CiscoUCS 01072009 AMI  00010013)
[    0.000000] ACPI: FACP 0x000000006F9C4CE0 00010C (v05 Cisco0 CiscoUCS 01072009 AMI  00010013)
[    0.000000] ACPI: DSDT 0x000000006F990210 034ACB (v02 Cisco0 CiscoUCS 01072009 INTL 20091013)
[    0.000000] ACPI: FACS 0x000000006FF3AF80 000040
[    0.000000] ACPI: APIC 0x000000006F9C4DF0 000224 (v03 Cisco0 CiscoUCS 01072009 AMI  00010013)
[    0.000000] ACPI: FPDT 0x000000006F9C5018 000044 (v01 Cisco0 CiscoUCS 01072009 AMI  00010013)
[    0.000000] ACPI: FIDT 0x000000006F9C5060 00009C (v01 Cisco0 CiscoUCS 01072009 AMI  00010013)
[    0.000000] ACPI: SPMI 0x000000006F9C5100 000041 (v05 Cisco0 CiscoUCS 00000000 AMI. 00000000)
[    0.000000] ACPI: MCFG 0x000000006F9C5148 00003C (v01 Cisco0 CiscoUCS 01072009 MSFT 00000097)
[    0.000000] ACPI: UEFI 0x000000006F9C5188 000042 (v01 Cisco0 CiscoUCS 01072009      00000000)
[    0.000000] ACPI: HPET 0x000000006F9C51D0 000038 (v01 Cisco0 CiscoUCS 00000001 INTL 20091013)
[    0.000000] ACPI: MSCT 0x000000006F9C5208 000090 (v01 Cisco0 CiscoUCS 00000001 INTL 20091013)
[    0.000000] ACPI: SLIT 0x000000006F9C5298 000030 (v01 Cisco0 CiscoUCS 00000001 INTL 20091013)
[    0.000000] ACPI: SRAT 0x000000006F9C52C8 001158 (v03 Cisco0 CiscoUCS 00000001 INTL 20091013)
[    0.000000] ACPI: WDDT 0x000000006F9C6420 000040 (v01 Cisco0 CiscoUCS 00000000 INTL 20091013)
[    0.000000] ACPI: SSDT 0x000000006F9C6460 017105 (v02 Cisco0 PmMgt    00000002 INTL 20120913)
[    0.000000] ACPI: NITR 0x000000006F9DD568 000071 (v02 Cisco0 CiscoUCS 00000001 INTL 20091013)
[    0.000000] ACPI: SSDT 0x000000006F9DD5E0 002654 (v02 Cisco0 SpsNm    00000002 INTL 20120913)
[    0.000000] ACPI: SSDT 0x000000006F9DFC38 000064 (v02 Cisco0 SpsNvs   00000002 INTL 20120913)
[    0.000000] ACPI: PRAD 0x000000006F9DFCA0 000102 (v02 Cisco0 CiscoUCS 00000002 INTL 20120913)
[    0.000000] ACPI: DMAR 0x000000006F9DFDA8 000122 (v01 Cisco0 CiscoUCS 00000001 INTL 20091013)
[    0.000000] ACPI: HEST 0x000000006F9DFED0 0000A8 (v01 Cisco0 CiscoUCS 00000001 INTL 00000001)
[    0.000000] ACPI: BERT 0x000000006F9DFF78 000030 (v01 Cisco0 CiscoUCS 00000001 INTL 00000001)
[    0.000000] ACPI: ERST 0x000000006F9DFFA8 000230 (v01 Cisco0 CiscoUCS 00000001 INTL 00000001)
[    0.000000] ACPI: EINJ 0x000000006F9E01D8 000130 (v01 Cisco0 CiscoUCS 00000001 INTL 00000001)
[    0.000000] ACPI: Local APIC address 0xfee00000
[    0.000000] SRAT: PXM 0 -> APIC 0x00 -> Node 0
[    0.000000] SRAT: PXM 0 -> APIC 0x02 -> Node 0
[    0.000000] SRAT: PXM 0 -> APIC 0x04 -> Node 0
[    0.000000] SRAT: PXM 0 -> APIC 0x06 -> Node 0
[    0.000000] SRAT: PXM 0 -> APIC 0x08 -> Node 0
[    0.000000] SRAT: PXM 0 -> APIC 0x0a -> Node 0
[    0.000000] SRAT: PXM 0 -> APIC 0x0c -> Node 0
[    0.000000] SRAT: PXM 0 -> APIC 0x0e -> Node 0
[    0.000000] SRAT: PXM 1 -> APIC 0x10 -> Node 1
[    0.000000] SRAT: PXM 1 -> APIC 0x12 -> Node 1
[    0.000000] SRAT: PXM 1 -> APIC 0x14 -> Node 1
[    0.000000] SRAT: PXM 1 -> APIC 0x16 -> Node 1
[    0.000000] SRAT: PXM 1 -> APIC 0x18 -> Node 1
[    0.000000] SRAT: PXM 1 -> APIC 0x1a -> Node 1
[    0.000000] SRAT: PXM 1 -> APIC 0x1c -> Node 1
[    0.000000] SRAT: PXM 1 -> APIC 0x1e -> Node 1
[    0.000000] SRAT: PXM 0 -> APIC 0x01 -> Node 0
[    0.000000] SRAT: PXM 0 -> APIC 0x03 -> Node 0
[    0.000000] SRAT: PXM 0 -> APIC 0x05 -> Node 0
[    0.000000] SRAT: PXM 0 -> APIC 0x07 -> Node 0
[    0.000000] SRAT: PXM 0 -> APIC 0x09 -> Node 0
[    0.000000] SRAT: PXM 0 -> APIC 0x0b -> Node 0
[    0.000000] SRAT: PXM 0 -> APIC 0x0d -> Node 0
[    0.000000] SRAT: PXM 0 -> APIC 0x0f -> Node 0
[    0.000000] SRAT: PXM 1 -> APIC 0x11 -> Node 1
[    0.000000] SRAT: PXM 1 -> APIC 0x13 -> Node 1
[    0.000000] SRAT: PXM 1 -> APIC 0x15 -> Node 1
[    0.000000] SRAT: PXM 1 -> APIC 0x17 -> Node 1
[    0.000000] SRAT: PXM 1 -> APIC 0x19 -> Node 1
[    0.000000] SRAT: PXM 1 -> APIC 0x1b -> Node 1
[    0.000000] SRAT: PXM 1 -> APIC 0x1d -> Node 1
[    0.000000] SRAT: PXM 1 -> APIC 0x1f -> Node 1
[    0.000000] acpi: SRAT: Node 0 PXM 0 [mem 0x00000000-0x7fffffff]
[    0.000000] acpi: SRAT: Node 0 PXM 0 [mem 0x100000000-0x107fffffff]
[    0.000000] acpi: SRAT: Node 1 PXM 1 [mem 0x1080000000-0x207fffffff]
[    0.000000] NUMA: Initialized distance table, cnt=2
[    0.000000] NUMA: Node 0 [mem 0x00000000-0x7fffffff] + [mem 0x100000000-0x107fffffff] -> [mem 0x00000000-0x107fffffff]
[    0.000000] NODE_DATA(0) allocated [mem 0x107fffb000-0x107fffffff]
[    0.000000] NODE_DATA(1) allocated [mem 0x207fff8000-0x207fffcfff]
[    0.000000] setup: Reserving 128MB of memory at 768MB for crashkernel (System RAM: 73457MB)
[    0.000000] tsc: Fast TSC calibration using PIT
[    0.000000] page_alloc: Zone ranges:
[    0.000000] page_alloc:   DMA      [mem 0x0000000000001000-0x0000000000ffffff]
[    0.000000] page_alloc:   DMA32    [mem 0x0000000001000000-0x00000000ffffffff]
[    0.000000] page_alloc:   Normal   [mem 0x0000000100000000-0x000000207fffffff]
[    0.000000] page_alloc:   Device   empty
[    0.000000] page_alloc: Movable zone start for each node
[    0.000000] page_alloc: Early memory node ranges
[    0.000000] page_alloc:   node   0: [mem 0x0000000000001000-0x0000000000099fff]
[    0.000000] page_alloc:   node   0: [mem 0x0000000000100000-0x000000006f19efff]
[    0.000000] page_alloc:   node   0: [mem 0x0000000100000000-0x00000001ffffffff]
[    0.000000] page_alloc:   node   0: [mem 0x0000001000000000-0x000000107fffffff]
[    0.000000] page_alloc:   node   1: [mem 0x0000001080000000-0x000000207fffffff]
[    0.000000] page_alloc: Initmem setup node 0 [mem 0x0000000000001000-0x000000107fffffff]
[    0.000000] On node 0 totalpages: 2027832
[    0.000000]   DMA zone: 112 pages used for memmap
[    0.000000]   DMA zone: 43 pages reserved
[    0.000000]   DMA zone: 3993 pages, LIFO batch:0
[    0.000000]   DMA32 zone: 12332 pages used for memmap
[    0.000000]   DMA32 zone: 450975 pages, LIFO batch:31
[    0.000000]   Normal zone: 43008 pages used for memmap
[    0.000000]   Normal zone: 1572864 pages, LIFO batch:31
[    0.000000] page_alloc: Initmem setup node 1 [mem 0x0000001080000000-0x000000207fffffff]
[    0.000000] On node 1 totalpages: 16777216
[    0.000000]   Normal zone: 458752 pages used for memmap
[    0.000000]   Normal zone: 16777216 pages, LIFO batch:31
[    0.000000] page_alloc: Reserved but unavailable: 103 pages
[    0.000000] ACPI: PM-Timer IO Port: 0x408
[    0.000000] ACPI: Local APIC address 0xfee00000
[    0.000000] tables: LAPIC_NMI (acpi_id[0x00] high edge lint[0x1])
[    0.000000] tables: LAPIC_NMI (acpi_id[0x02] high edge lint[0x1])
[    0.000000] tables: LAPIC_NMI (acpi_id[0x04] high edge lint[0x1])
[    0.000000] tables: LAPIC_NMI (acpi_id[0x06] high edge lint[0x1])
[    0.000000] tables: LAPIC_NMI (acpi_id[0x08] high edge lint[0x1])
[    0.000000] tables: LAPIC_NMI (acpi_id[0x0a] high edge lint[0x1])
[    0.000000] tables: LAPIC_NMI (acpi_id[0x0c] high edge lint[0x1])
[    0.000000] tables: LAPIC_NMI (acpi_id[0x0e] high edge lint[0x1])
[    0.000000] tables: LAPIC_NMI (acpi_id[0x10] high edge lint[0x1])
[    0.000000] tables: LAPIC_NMI (acpi_id[0x12] high edge lint[0x1])
[    0.000000] tables: LAPIC_NMI (acpi_id[0x14] high edge lint[0x1])
[    0.000000] tables: LAPIC_NMI (acpi_id[0x16] high edge lint[0x1])
[    0.000000] tables: LAPIC_NMI (acpi_id[0x18] high edge lint[0x1])
[    0.000000] tables: LAPIC_NMI (acpi_id[0x1a] high edge lint[0x1])
[    0.000000] tables: LAPIC_NMI (acpi_id[0x1c] high edge lint[0x1])
[    0.000000] tables: LAPIC_NMI (acpi_id[0x1e] high edge lint[0x1])
[    0.000000] tables: LAPIC_NMI (acpi_id[0x01] high edge lint[0x1])
[    0.000000] tables: LAPIC_NMI (acpi_id[0x03] high edge lint[0x1])
[    0.000000] tables: LAPIC_NMI (acpi_id[0x05] high edge lint[0x1])
[    0.000000] tables: LAPIC_NMI (acpi_id[0x07] high edge lint[0x1])
[    0.000000] tables: LAPIC_NMI (acpi_id[0x09] high edge lint[0x1])
[    0.000000] tables: LAPIC_NMI (acpi_id[0x0b] high edge lint[0x1])
[    0.000000] tables: LAPIC_NMI (acpi_id[0x0d] high edge lint[0x1])
[    0.000000] tables: LAPIC_NMI (acpi_id[0x0f] high edge lint[0x1])
[    0.000000] tables: LAPIC_NMI (acpi_id[0x11] high edge lint[0x1])
[    0.000000] tables: LAPIC_NMI (acpi_id[0x13] high edge lint[0x1])
[    0.000000] tables: LAPIC_NMI (acpi_id[0x15] high edge lint[0x1])
[    0.000000] tables: LAPIC_NMI (acpi_id[0x17] high edge lint[0x1])
[    0.000000] tables: LAPIC_NMI (acpi_id[0x19] high edge lint[0x1])
[    0.000000] tables: LAPIC_NMI (acpi_id[0x1b] high edge lint[0x1])
[    0.000000] tables: LAPIC_NMI (acpi_id[0x1d] high edge lint[0x1])
[    0.000000] tables: LAPIC_NMI (acpi_id[0x1f] high edge lint[0x1])
[    0.000000] io_apic: IOAPIC[0]: apic_id 1, version 32, address 0xfec00000, GSI 0-23
[    0.000000] io_apic: IOAPIC[1]: apic_id 2, version 32, address 0xfec01000, GSI 24-47
[    0.000000] io_apic: IOAPIC[2]: apic_id 3, version 32, address 0xfec40000, GSI 48-71
[    0.000000] tables: INT_SRC_OVR (bus 0 bus_irq 0 global_irq 2 dfl dfl)
[    0.000000] tables: INT_SRC_OVR (bus 0 bus_irq 9 global_irq 9 high level)
[    0.000000] ACPI: IRQ0 used by override.
[    0.000000] ACPI: IRQ9 used by override.
[    0.000000] Using ACPI (MADT) for SMP configuration information
[    0.000000] ACPI: HPET id: 0x8086a701 base: 0xfed00000
[    0.000000] smpboot: Allowing 32 CPUs, 0 hotplug CPUs
[    0.000000] snapshot: Registered nosave memory: [mem 0x00000000-0x00000fff]
[    0.000000] snapshot: Registered nosave memory: [mem 0x0009a000-0x0009ffff]
[    0.000000] snapshot: Registered nosave memory: [mem 0x000a0000-0x000dffff]
[    0.000000] snapshot: Registered nosave memory: [mem 0x000e0000-0x000fffff]
[    0.000000] snapshot: Registered nosave memory: [mem 0x6f19f000-0x6f97bfff]
[    0.000000] snapshot: Registered nosave memory: [mem 0x6f97c000-0x6f9e0fff]
[    0.000000] snapshot: Registered nosave memory: [mem 0x6f9e1000-0x6ff3bfff]
[    0.000000] snapshot: Registered nosave memory: [mem 0x6ff3c000-0x8fffffff]
[    0.000000] snapshot: Registered nosave memory: [mem 0x90000000-0xfed1bfff]
[    0.000000] snapshot: Registered nosave memory: [mem 0xfed1c000-0xfed44fff]
[    0.000000] snapshot: Registered nosave memory: [mem 0xfed45000-0xfeffffff]
[    0.000000] snapshot: Registered nosave memory: [mem 0xff000000-0xffffffff]
[    0.000000] snapshot: Registered nosave memory: [mem 0x200000000-0xfffffffff]
[    0.000000] e820: e820: [mem 0x90000000-0xfed1bfff] available for PCI devices
[    0.000000] Booting paravirtualized kernel on bare hardware
[    0.000000] clocksource: refined-jiffies: mask: 0xffffffff max_cycles: 0xffffffff, max_idle_ns: 7645519600211568 ns
[    0.000000] setup_percpu: NR_CPUS:256 nr_cpumask_bits:256 nr_cpu_ids:32 nr_node_ids:2
[    0.000000] percpu: Embedded 45 pages/cpu @        (ptrval) s145880 r8192 d30248 u262144
[    0.000000] pcpu-alloc: s145880 r8192 d30248 u262144 alloc=1*2097152
[    0.000000] pcpu-alloc: [0] 00 01 02 03 04 05 06 07 [0] 16 17 18 19 20 21 22 23 
[    0.000000] pcpu-alloc: [1] 08 09 10 11 12 13 14 15 [1] 24 25 26 27 28 29 30 31 
[    0.000000] page_alloc: Built 2 zonelists, mobility grouping on.  Total pages: 18290801
[    0.000000] page_alloc: Policy zone: Normal
[    0.000000] main: Kernel command line: BOOT_IMAGE=/boot/vmlinuz-4.17.0 root=UUID=4910fb56-38cb-41ae-82bf-3efa1d8a45a0 ro console=ttyS0,115200 crashkernel=384M-:128M memmap=56G!8G
[    0.000000] Calgary: detecting Calgary via BIOS EBDA area
[    0.000000] Calgary: Unable to locate Rio Grande table in EBDA - bailing!
[    0.000000] page_alloc: Memory: 72628724K/75220192K available (14348K kernel code, 1817K rwdata, 4312K rodata, 1812K init, 132108K bss, 2591468K reserved, 0K cma-reserved)
[    0.000000] slub: SLUB: HWalign=64, Order=0-3, MinObjects=0, CPUs=32, Nodes=2
[    0.000000] Kernel/User page tables isolation: enabled
[    0.000000] libftrace: ftrace: allocating 42556 entries in 167 pages
[    0.000000] trace: 
[    0.000000] trace: **********************************************************
[    0.000000] trace: **   NOTICE NOTICE NOTICE NOTICE NOTICE NOTICE NOTICE   **
[    0.000000] trace: **                                                      **
[    0.000000] trace: ** trace_printk() being used. Allocating extra memory.  **
[    0.000000] trace: **                                                      **
[    0.000000] trace: ** This means that this is a DEBUG kernel and it is     **
[    0.000000] trace: ** unsafe for production use.                           **
[    0.000000] trace: **                                                      **
[    0.000000] trace: ** If you see this message and you are not debugging    **
[    0.000000] trace: ** the kernel, report this immediately to your vendor!  **
[    0.000000] trace: **                                                      **
[    0.000000] trace: **   NOTICE NOTICE NOTICE NOTICE NOTICE NOTICE NOTICE   **
[    0.000000] trace: **********************************************************
[    0.000000] tree: Hierarchical RCU implementation.
[    0.000000] tree: 	RCU restricting CPUs from NR_CPUS=256 to nr_cpu_ids=32.
[    0.000000] tree: RCU: Adjusting geometry for rcu_fanout_leaf=16, nr_cpu_ids=32
[    0.000000] NR_IRQS: 16640, nr_irqs: 1496, preallocated irqs: 16
[    0.000000] tree: 	Offload RCU callbacks from CPUs: (none).
[    0.000000] vt: Console: colour VGA+ 80x25
[    0.000000] printk: console [ttyS0] enabled
[    0.000000] mempolicy: Enabling automatic NUMA balancing. Configure with numa_balancing= or the kernel.numa_balancing sysctl
[    0.000000] ACPI: Core revision 20180313
[    0.000000] clocksource: hpet: mask: 0xffffffff max_cycles: 0xffffffff, max_idle_ns: 133484882848 ns
[    0.000000] hpet clockevent registered
[    0.000000] apic: APIC: Switch to symmetric I/O mode setup
[    0.004000] dmar: Host address width 46
[    0.008000] dmar: DRHD base: 0x000000fbffc000 flags: 0x0
[    0.012000] dmar: dmar0: reg_base_addr fbffc000 ver 1:0 cap d2078c106f0466 ecap f020de
[    0.016000] dmar: DRHD base: 0x000000c7ffc000 flags: 0x1
[    0.020000] dmar: dmar1: reg_base_addr c7ffc000 ver 1:0 cap d2078c106f0466 ecap f020de
[    0.024000] dmar: RMRR base: 0x0000007bb4c000 end: 0x0000007bb5cfff
[    0.028000] dmar: RMRR base: 0x00000072565000 end: 0x0000007a56cfff
[    0.032000] dmar: ATSR flags: 0x0
[    0.036000] dmar: RHSA base: 0x000000c7ffc000 proximity domain: 0x0
[    0.040000] dmar: RHSA base: 0x000000fbffc000 proximity domain: 0x1
[    0.044000] intel_irq_remapping: IOAPIC id 3 under DRHD base  0xfbffc000 IOMMU 0
[    0.048000] intel_irq_remapping: IOAPIC id 1 under DRHD base  0xc7ffc000 IOMMU 1
[    0.052000] intel_irq_remapping: IOAPIC id 2 under DRHD base  0xc7ffc000 IOMMU 1
[    0.056000] intel_irq_remapping: HPET id 0 under DRHD base 0xc7ffc000
[    0.060000] intel_irq_remapping: x2apic is disabled because BIOS sets x2apic opt out bit.
[    0.060000] intel_irq_remapping: Use 'intremap=no_x2apic_optout' to override the BIOS setting.
[    0.068000] intel_irq_remapping: Enabled IRQ remapping in xapic mode
[    0.068000] apic: x2apic: IRQ remapping doesn't support X2APIC mode
[    0.072000] probe_64: Switched APIC routing to physical flat.
[    0.076000] ..TIMER: vector=0x30 apic1=0 pin1=2 apic2=-1 pin2=-1
[    0.096000] tsc: Fast TSC calibration using PIT
[    0.100000] tsc: Detected 2394.377 MHz processor
[    0.104000] clocksource: tsc-early: mask: 0xffffffffffffffff max_cycles: 0x228377c3633, max_idle_ns: 440795269626 ns
[    0.108001] calibrate: Calibrating delay loop (skipped), value calculated using timer frequency.. 4788.75 BogoMIPS (lpj=9577508)
[    0.112001] pid: pid_max: default: 32768 minimum: 301
[    0.116060] security: Security Framework initialized
[    0.120001] yama: Yama: becoming mindful.
[    0.124032] AppArmor: AppArmor initialized
[    0.140889] page_alloc: Dentry cache hash table entries: 8388608 (order: 14, 67108864 bytes)
[    0.151985] page_alloc: Inode-cache hash table entries: 4194304 (order: 13, 33554432 bytes)
[    0.152204] page_alloc: Mount-cache hash table entries: 131072 (order: 8, 1048576 bytes)
[    0.156178] page_alloc: Mountpoint-cache hash table entries: 131072 (order: 8, 1048576 bytes)
[    0.160286] topology: CPU: Physical Processor ID: 0
[    0.164001] topology: CPU: Processor Core ID: 0
[    0.168005] intel: ENERGY_PERF_BIAS: Set to 'normal', was 'performance'
[    0.172000] intel: ENERGY_PERF_BIAS: View and update with x86_energy_perf_policy(8)
[    0.176005] mce: CPU supports 22 MCE banks
[    0.180015] therm_throt: CPU0: Thermal monitoring enabled (TM1)
[    0.184019] process: using mwait in idle threads
[    0.188002] common: Last level iTLB entries: 4KB 1024, 2MB 1024, 4MB 1024
[    0.192001] common: Last level dTLB entries: 4KB 1024, 2MB 1024, 4MB 1024, 1GB 4
[    0.196002] Spectre V2 : Vulnerable: Minimal generic ASM retpoline
[    0.200000] Speculative Store Bypass: Vulnerable
[    0.204129] page_alloc: Freeing SMP alternatives memory: 40K
[    0.209375] TSC deadline timer enabled
[    0.209380] smpboot: CPU0: Intel(R) Xeon(R) CPU E5-2630 v3 @ 2.40GHz (family: 0x6, model: 0x3f, stepping: 0x2)
[    0.212127] core: Performance Events: PEBS fmt2+, Haswell events, 16-deep LBR, full-width counters, Intel PMU driver.
[    0.216005] core: ... version:                3
[    0.220001] core: ... bit width:              48
[    0.224000] core: ... generic registers:      4
[    0.228001] core: ... value mask:             0000ffffffffffff
[    0.232000] core: ... max period:             00007fffffffffff
[    0.236000] core: ... fixed-purpose events:   3
[    0.240000] core: ... event mask:             000000070000000f
[    0.244054] srcutree: Hierarchical SRCU implementation.
[    0.251565] watchdog_hld: Enabled. Permanently consumes one hw-PMU counter.
[    0.252018] smp: Bringing up secondary CPUs ...
[    0.256178] x86: Booting SMP configuration:
[    0.260003] .... node  #0, CPUs:        #1  #2  #3  #4  #5  #6  #7
[    0.268004] .... node  #1, CPUs:    #8  #9 #10 #11 #12 #13 #14 #15
[    0.364001] .... node  #0, CPUs:   #16 #17 #18 #19 #20 #21 #22 #23
[    0.376003] .... node  #1, CPUs:   #24 #25 #26 #27 #28 #29 #30 #31
[    0.385227] smp: Brought up 2 nodes, 32 CPUs
[    0.392002] smpboot: Max logical packages: 2
[    0.396002] smpboot: Total of 32 processors activated (153264.33 BogoMIPS)
[    0.407285] devtmpfs: initialized
[    0.408073] init_64: x86/mm: Memory block size: 2048MB
[    0.412427] evm: security.selinux
[    0.416001] evm: security.SMACK64
[    0.419696] evm: security.apparmor
[    0.420004] evm: security.ima
[    0.423312] evm: security.capability
[    0.424058] acpi: PM: Registering ACPI NVS region [mem 0x6f9e1000-0x6ff3bfff] (5615616 bytes)
[    0.428237] clocksource: jiffies: mask: 0xffffffff max_cycles: 0xffffffff, max_idle_ns: 7645041785100000 ns
[    0.432045] page_alloc: futex hash table entries: 8192 (order: 7, 524288 bytes)
[    0.436259] xor: automatically using best checksumming function   avx       
[    0.440029] core: initialized pinctrl subsystem
[    0.444119] trace: RTC time:  1:12:19, date: 12/29/18
[    0.448667] socket: NET: Registered protocol family 16
[    0.452104] audit: initializing netlink subsys (disabled)
[    0.456019] audit: type=2000 audit(1546045937.456:1): state=initialized audit_enabled=0 res=1
[    0.464003] cpuidle: using governor ladder
[    0.468013] cpuidle: using governor menu
[    0.472054] random: random: get_random_bytes called from kcmp_cookies_init+0x16/0x38 with crng_init=0
[    0.476003] pci_acpi: ACPI FADT declares the system doesn't support PCIe ASPM, so disable it
[    0.480001] ACPI: bus type PCI registered
[    0.484001] acpiphp: ACPI Hot Plug PCI Controller Driver version: 0.5
[    0.488113] mmconfig_shared: PCI: MMCONFIG for domain 0000 [bus 00-ff] at [mem 0x80000000-0x8fffffff] (base 0x80000000)
[    0.492003] mmconfig_shared: PCI: MMCONFIG at [mem 0x80000000-0x8fffffff] reserved in E820
[    0.496017] PCI: Using configuration type 1 for base access
[    0.500037] core: PMU erratum BJ122, BV98, HSD29 worked around, HT is on
[    0.505659] hugetlb: HugeTLB registered 1.00 GiB page size, pre-allocated 0 pages
[    0.508004] hugetlb: HugeTLB registered 2.00 MiB page size, pre-allocated 0 pages
[    0.580004] raid6_pq: raid6: sse2x1   gen()  7752 MB/s
[    0.652002] raid6_pq: raid6: sse2x1   xor()  6087 MB/s
[    0.724004] raid6_pq: raid6: sse2x2   gen()  9733 MB/s
[    0.796003] raid6_pq: raid6: sse2x2   xor()  6696 MB/s
[    0.868006] raid6_pq: raid6: sse2x4   gen() 11372 MB/s
[    0.940004] raid6_pq: raid6: sse2x4   xor()  7984 MB/s
[    1.012003] raid6_pq: raid6: avx2x1   gen() 15175 MB/s
[    1.084001] raid6_pq: raid6: avx2x1   xor() 11592 MB/s
[    1.156003] raid6_pq: raid6: avx2x2   gen() 17537 MB/s
[    1.228002] raid6_pq: raid6: avx2x2   xor() 12456 MB/s
[    1.300001] raid6_pq: raid6: avx2x4   gen() 20500 MB/s
[    1.372003] raid6_pq: raid6: avx2x4   xor() 14404 MB/s
[    1.376001] raid6_pq: raid6: using algorithm avx2x4 gen() 20500 MB/s
[    1.380000] raid6_pq: raid6: .... xor() 14404 MB/s, rmw enabled
[    1.384001] raid6_pq: raid6: using avx2x2 recovery algorithm
[    1.388155] acpi: Added _OSI(Module Device)
[    1.392002] acpi: Added _OSI(Processor Device)
[    1.396001] acpi: Added _OSI(3.0 _SCP Extensions)
[    1.400001] acpi: Added _OSI(Processor Aggregator Device)
[    1.404002] acpi: Added _OSI(Linux-Dell-Video)
[    1.444240] ACPI: 4 ACPI AML tables successfully acquired and loaded
[    1.452685] acpi: [Firmware Bug]: BIOS _OSI(Linux) query ignored
[    1.464813] ACPI: Dynamic OEM Table Load:
[    1.489650] ACPI: Interpreter enabled
[    1.492014] acpi: ACPI: (supports S0 S5)
[    1.496001] ACPI: Using IOAPIC for interrupt routing
[    1.500044] apei: HEST: Table parsing has been initialized.
[    1.504003] PCI: Using host bridge windows from ACPI; if necessary, use "pci=nocrs" and report a bug
[    1.508453] ACPI: Enabled 5 GPEs in block 00 to 3F
[    1.545919] acpi: ACPI: PCI Root Bridge [UNC1] (domain 0000 [bus ff])
[    1.552005] acpi PNP0A03:02: _OSC: OS supports [ExtendedConfig ASPM ClockPM Segments MSI]
[    1.562249] acpi PNP0A03:02: _OSC: OS now controls [PCIeHotplug PME AER PCIeCapability]
[    1.572002] acpi PNP0A03:02: FADT indicates ASPM is unsupported, using BIOS configuration
[    1.580041] probe: PCI host bridge to bus 0000:ff
[    1.584002] pci_bus 0000:ff: root bus resource [bus ff]
[    1.592010] pci 0000:ff:08.0: [8086:2f80] type 00 class 0x088000
[    1.592071] pci 0000:ff:08.2: [8086:2f32] type 00 class 0x110100
[    1.592116] pci 0000:ff:08.3: [8086:2f83] type 00 class 0x088000
[    1.592166] pci 0000:ff:09.0: [8086:2f90] type 00 class 0x088000
[    1.592210] pci 0000:ff:09.2: [8086:2f33] type 00 class 0x110100
[    1.592252] pci 0000:ff:09.3: [8086:2f93] type 00 class 0x088000
[    1.592298] pci 0000:ff:0b.0: [8086:2f81] type 00 class 0x088000
[    1.592337] pci 0000:ff:0b.1: [8086:2f36] type 00 class 0x110100
[    1.592378] pci 0000:ff:0b.2: [8086:2f37] type 00 class 0x110100
[    1.592419] pci 0000:ff:0c.0: [8086:2fe0] type 00 class 0x088000
[    1.592458] pci 0000:ff:0c.1: [8086:2fe1] type 00 class 0x088000
[    1.592500] pci 0000:ff:0c.2: [8086:2fe2] type 00 class 0x088000
[    1.592539] pci 0000:ff:0c.3: [8086:2fe3] type 00 class 0x088000
[    1.592582] pci 0000:ff:0c.4: [8086:2fe4] type 00 class 0x088000
[    1.592622] pci 0000:ff:0c.5: [8086:2fe5] type 00 class 0x088000
[    1.592661] pci 0000:ff:0c.6: [8086:2fe6] type 00 class 0x088000
[    1.592701] pci 0000:ff:0c.7: [8086:2fe7] type 00 class 0x088000
[    1.592740] pci 0000:ff:0f.0: [8086:2ff8] type 00 class 0x088000
[    1.592780] pci 0000:ff:0f.1: [8086:2ff9] type 00 class 0x088000
[    1.592820] pci 0000:ff:0f.4: [8086:2ffc] type 00 class 0x088000
[    1.592859] pci 0000:ff:0f.5: [8086:2ffd] type 00 class 0x088000
[    1.592903] pci 0000:ff:0f.6: [8086:2ffe] type 00 class 0x088000
[    1.592944] pci 0000:ff:10.0: [8086:2f1d] type 00 class 0x088000
[    1.592987] pci 0000:ff:10.1: [8086:2f34] type 00 class 0x110100
[    1.593031] pci 0000:ff:10.5: [8086:2f1e] type 00 class 0x088000
[    1.593070] pci 0000:ff:10.6: [8086:2f7d] type 00 class 0x110100
[    1.593110] pci 0000:ff:10.7: [8086:2f1f] type 00 class 0x088000
[    1.593150] pci 0000:ff:12.0: [8086:2fa0] type 00 class 0x088000
[    1.593193] pci 0000:ff:12.1: [8086:2f30] type 00 class 0x110100
[    1.593238] pci 0000:ff:13.0: [8086:2fa8] type 00 class 0x088000
[    1.593283] pci 0000:ff:13.1: [8086:2f71] type 00 class 0x088000
[    1.593328] pci 0000:ff:13.2: [8086:2faa] type 00 class 0x088000
[    1.593375] pci 0000:ff:13.3: [8086:2fab] type 00 class 0x088000
[    1.593424] pci 0000:ff:13.4: [8086:2fac] type 00 class 0x088000
[    1.593470] pci 0000:ff:13.5: [8086:2fad] type 00 class 0x088000
[    1.593515] pci 0000:ff:13.6: [8086:2fae] type 00 class 0x088000
[    1.593557] pci 0000:ff:13.7: [8086:2faf] type 00 class 0x088000
[    1.593602] pci 0000:ff:14.0: [8086:2fb0] type 00 class 0x088000
[    1.593651] pci 0000:ff:14.1: [8086:2fb1] type 00 class 0x088000
[    1.593697] pci 0000:ff:14.2: [8086:2fb2] type 00 class 0x088000
[    1.593745] pci 0000:ff:14.3: [8086:2fb3] type 00 class 0x088000
[    1.593791] pci 0000:ff:14.4: [8086:2fbc] type 00 class 0x088000
[    1.593834] pci 0000:ff:14.5: [8086:2fbd] type 00 class 0x088000
[    1.593879] pci 0000:ff:14.6: [8086:2fbe] type 00 class 0x088000
[    1.593923] pci 0000:ff:14.7: [8086:2fbf] type 00 class 0x088000
[    1.593966] pci 0000:ff:15.0: [8086:2fb4] type 00 class 0x088000
[    1.594013] pci 0000:ff:15.1: [8086:2fb5] type 00 class 0x088000
[    1.594059] pci 0000:ff:15.2: [8086:2fb6] type 00 class 0x088000
[    1.594110] pci 0000:ff:15.3: [8086:2fb7] type 00 class 0x088000
[    1.594160] pci 0000:ff:16.0: [8086:2f68] type 00 class 0x088000
[    1.594208] pci 0000:ff:16.6: [8086:2f6e] type 00 class 0x088000
[    1.594254] pci 0000:ff:16.7: [8086:2f6f] type 00 class 0x088000
[    1.594298] pci 0000:ff:17.0: [8086:2fd0] type 00 class 0x088000
[    1.594347] pci 0000:ff:17.4: [8086:2fb8] type 00 class 0x088000
[    1.594391] pci 0000:ff:17.5: [8086:2fb9] type 00 class 0x088000
[    1.594434] pci 0000:ff:17.6: [8086:2fba] type 00 class 0x088000
[    1.594478] pci 0000:ff:17.7: [8086:2fbb] type 00 class 0x088000
[    1.594526] pci 0000:ff:1e.0: [8086:2f98] type 00 class 0x088000
[    1.594571] pci 0000:ff:1e.1: [8086:2f99] type 00 class 0x088000
[    1.594612] pci 0000:ff:1e.2: [8086:2f9a] type 00 class 0x088000
[    1.594654] pci 0000:ff:1e.3: [8086:2fc0] type 00 class 0x088000
[    1.594684] pci 0000:ff:1e.4: [8086:2f9c] type 00 class 0x088000
[    1.594729] pci 0000:ff:1f.0: [8086:2f88] type 00 class 0x088000
[    1.594782] pci 0000:ff:1f.2: [8086:2f8a] type 00 class 0x088000
[    1.594878] acpi: ACPI: PCI Root Bridge [UNC0] (domain 0000 [bus 7f])
[    1.600003] acpi PNP0A03:03: _OSC: OS supports [ExtendedConfig ASPM ClockPM Segments MSI]
[    1.612767] acpi PNP0A03:03: _OSC: OS now controls [PCIeHotplug PME AER PCIeCapability]
[    1.620001] acpi PNP0A03:03: FADT indicates ASPM is unsupported, using BIOS configuration
[    1.628036] probe: PCI host bridge to bus 0000:7f
[    1.636002] pci_bus 0000:7f: root bus resource [bus 7f]
[    1.640008] pci 0000:7f:08.0: [8086:2f80] type 00 class 0x088000
[    1.640053] pci 0000:7f:08.2: [8086:2f32] type 00 class 0x110100
[    1.640093] pci 0000:7f:08.3: [8086:2f83] type 00 class 0x088000
[    1.640139] pci 0000:7f:09.0: [8086:2f90] type 00 class 0x088000
[    1.640178] pci 0000:7f:09.2: [8086:2f33] type 00 class 0x110100
[    1.640218] pci 0000:7f:09.3: [8086:2f93] type 00 class 0x088000
[    1.640262] pci 0000:7f:0b.0: [8086:2f81] type 00 class 0x088000
[    1.640299] pci 0000:7f:0b.1: [8086:2f36] type 00 class 0x110100
[    1.640339] pci 0000:7f:0b.2: [8086:2f37] type 00 class 0x110100
[    1.640378] pci 0000:7f:0c.0: [8086:2fe0] type 00 class 0x088000
[    1.640414] pci 0000:7f:0c.1: [8086:2fe1] type 00 class 0x088000
[    1.640450] pci 0000:7f:0c.2: [8086:2fe2] type 00 class 0x088000
[    1.640487] pci 0000:7f:0c.3: [8086:2fe3] type 00 class 0x088000
[    1.640526] pci 0000:7f:0c.4: [8086:2fe4] type 00 class 0x088000
[    1.640562] pci 0000:7f:0c.5: [8086:2fe5] type 00 class 0x088000
[    1.640597] pci 0000:7f:0c.6: [8086:2fe6] type 00 class 0x088000
[    1.640634] pci 0000:7f:0c.7: [8086:2fe7] type 00 class 0x088000
[    1.640671] pci 0000:7f:0f.0: [8086:2ff8] type 00 class 0x088000
[    1.640710] pci 0000:7f:0f.1: [8086:2ff9] type 00 class 0x088000
[    1.640748] pci 0000:7f:0f.4: [8086:2ffc] type 00 class 0x088000
[    1.640785] pci 0000:7f:0f.5: [8086:2ffd] type 00 class 0x088000
[    1.640820] pci 0000:7f:0f.6: [8086:2ffe] type 00 class 0x088000
[    1.640858] pci 0000:7f:10.0: [8086:2f1d] type 00 class 0x088000
[    1.640899] pci 0000:7f:10.1: [8086:2f34] type 00 class 0x110100
[    1.640939] pci 0000:7f:10.5: [8086:2f1e] type 00 class 0x088000
[    1.640976] pci 0000:7f:10.6: [8086:2f7d] type 00 class 0x110100
[    1.641012] pci 0000:7f:10.7: [8086:2f1f] type 00 class 0x088000
[    1.641049] pci 0000:7f:12.0: [8086:2fa0] type 00 class 0x088000
[    1.641091] pci 0000:7f:12.1: [8086:2f30] type 00 class 0x110100
[    1.641133] pci 0000:7f:13.0: [8086:2fa8] type 00 class 0x088000
[    1.641175] pci 0000:7f:13.1: [8086:2f71] type 00 class 0x088000
[    1.641217] pci 0000:7f:13.2: [8086:2faa] type 00 class 0x088000
[    1.641260] pci 0000:7f:13.3: [8086:2fab] type 00 class 0x088000
[    1.641305] pci 0000:7f:13.4: [8086:2fac] type 00 class 0x088000
[    1.641347] pci 0000:7f:13.5: [8086:2fad] type 00 class 0x088000
[    1.641388] pci 0000:7f:13.6: [8086:2fae] type 00 class 0x088000
[    1.641430] pci 0000:7f:13.7: [8086:2faf] type 00 class 0x088000
[    1.641469] pci 0000:7f:14.0: [8086:2fb0] type 00 class 0x088000
[    1.641520] pci 0000:7f:14.1: [8086:2fb1] type 00 class 0x088000
[    1.641562] pci 0000:7f:14.2: [8086:2fb2] type 00 class 0x088000
[    1.641606] pci 0000:7f:14.3: [8086:2fb3] type 00 class 0x088000
[    1.641647] pci 0000:7f:14.4: [8086:2fbc] type 00 class 0x088000
[    1.641687] pci 0000:7f:14.5: [8086:2fbd] type 00 class 0x088000
[    1.641729] pci 0000:7f:14.6: [8086:2fbe] type 00 class 0x088000
[    1.641769] pci 0000:7f:14.7: [8086:2fbf] type 00 class 0x088000
[    1.641808] pci 0000:7f:15.0: [8086:2fb4] type 00 class 0x088000
[    1.641851] pci 0000:7f:15.1: [8086:2fb5] type 00 class 0x088000
[    1.641894] pci 0000:7f:15.2: [8086:2fb6] type 00 class 0x088000
[    1.641943] pci 0000:7f:15.3: [8086:2fb7] type 00 class 0x088000
[    1.641988] pci 0000:7f:16.0: [8086:2f68] type 00 class 0x088000
[    1.642034] pci 0000:7f:16.6: [8086:2f6e] type 00 class 0x088000
[    1.642075] pci 0000:7f:16.7: [8086:2f6f] type 00 class 0x088000
[    1.642114] pci 0000:7f:17.0: [8086:2fd0] type 00 class 0x088000
[    1.642159] pci 0000:7f:17.4: [8086:2fb8] type 00 class 0x088000
[    1.642199] pci 0000:7f:17.5: [8086:2fb9] type 00 class 0x088000
[    1.642239] pci 0000:7f:17.6: [8086:2fba] type 00 class 0x088000
[    1.642280] pci 0000:7f:17.7: [8086:2fbb] type 00 class 0x088000
[    1.642324] pci 0000:7f:1e.0: [8086:2f98] type 00 class 0x088000
[    1.642365] pci 0000:7f:1e.1: [8086:2f99] type 00 class 0x088000
[    1.642404] pci 0000:7f:1e.2: [8086:2f9a] type 00 class 0x088000
[    1.642443] pci 0000:7f:1e.3: [8086:2fc0] type 00 class 0x088000
[    1.642472] pci 0000:7f:1e.4: [8086:2f9c] type 00 class 0x088000
[    1.642513] pci 0000:7f:1f.0: [8086:2f88] type 00 class 0x088000
[    1.642555] pci 0000:7f:1f.2: [8086:2f8a] type 00 class 0x088000
[    1.650694] acpi: ACPI: PCI Root Bridge [PCI0] (domain 0000 [bus 00-7e])
[    1.660004] acpi PNP0A08:00: _OSC: OS supports [ExtendedConfig ASPM ClockPM Segments MSI]
[    1.668556] acpi PNP0A08:00: _OSC: OS now controls [PCIeHotplug PME AER PCIeCapability]
[    1.676001] acpi PNP0A08:00: FADT indicates ASPM is unsupported, using BIOS configuration
[    1.688294] probe: PCI host bridge to bus 0000:00
[    1.692003] pci_bus 0000:00: root bus resource [io  0x0000-0x0cf7 window]
[    1.700001] pci_bus 0000:00: root bus resource [io  0x1000-0x7fff window]
[    1.708001] pci_bus 0000:00: root bus resource [mem 0x000a0000-0x000bffff window]
[    1.716001] pci_bus 0000:00: root bus resource [mem 0x90000000-0xc7ffbfff window]
[    1.724001] pci_bus 0000:00: root bus resource [mem 0x38000000000-0x3bfffffffff window]
[    1.732001] pci_bus 0000:00: root bus resource [bus 00-7e]
[    1.740007] pci 0000:00:00.0: [8086:2f00] type 00 class 0x060000
[    1.740141] pci 0000:00:01.0: [8086:2f02] type 01 class 0x060400
[    1.740187] pci 0000:00:01.0: PME# supported from D0 D3hot D3cold
[    1.740288] pci 0000:00:01.1: [8086:2f03] type 01 class 0x060400
[    1.740332] pci 0000:00:01.1: PME# supported from D0 D3hot D3cold
[    1.740432] pci 0000:00:02.0: [8086:2f04] type 01 class 0x060400
[    1.740476] pci 0000:00:02.0: PME# supported from D0 D3hot D3cold
[    1.740576] pci 0000:00:02.2: [8086:2f06] type 01 class 0x060400
[    1.740619] pci 0000:00:02.2: PME# supported from D0 D3hot D3cold
[    1.740718] pci 0000:00:03.0: [8086:2f08] type 01 class 0x060400
[    1.740762] pci 0000:00:03.0: PME# supported from D0 D3hot D3cold
[    1.740866] pci 0000:00:05.0: [8086:2f28] type 00 class 0x088000
[    1.740983] pci 0000:00:05.1: [8086:2f29] type 00 class 0x088000
[    1.741116] pci 0000:00:05.2: [8086:2f2a] type 00 class 0x088000
[    1.741230] pci 0000:00:05.4: [8086:2f2c] type 00 class 0x080020
[    1.741238] pci 0000:00:05.4: reg 0x10: [mem 0xc7105000-0xc7105fff]
[    1.741369] pci 0000:00:11.0: [8086:8d7c] type 00 class 0xff0000
[    1.741565] pci 0000:00:11.4: [8086:8d62] type 00 class 0x010601
[    1.741583] pci 0000:00:11.4: reg 0x10: [io  0x7110-0x7117]
[    1.741591] pci 0000:00:11.4: reg 0x14: [io  0x7100-0x7103]
[    1.741598] pci 0000:00:11.4: reg 0x18: [io  0x70f0-0x70f7]
[    1.741605] pci 0000:00:11.4: reg 0x1c: [io  0x70e0-0x70e3]
[    1.741613] pci 0000:00:11.4: reg 0x20: [io  0x7020-0x703f]
[    1.741620] pci 0000:00:11.4: reg 0x24: [mem 0xc7104000-0xc71047ff]
[    1.741659] pci 0000:00:11.4: PME# supported from D3hot
[    1.741766] pci 0000:00:16.0: [8086:8d3a] type 00 class 0x078000
[    1.741785] pci 0000:00:16.0: reg 0x10: [mem 0x3bffff13000-0x3bffff1300f 64bit]
[    1.741841] pci 0000:00:16.0: PME# supported from D0 D3hot D3cold
[    1.741940] pci 0000:00:16.1: [8086:8d3b] type 00 class 0x078000
[    1.741959] pci 0000:00:16.1: reg 0x10: [mem 0x3bffff12000-0x3bffff1200f 64bit]
[    1.742015] pci 0000:00:16.1: PME# supported from D0 D3hot D3cold
[    1.742122] pci 0000:00:1a.0: [8086:8d2d] type 00 class 0x0c0320
[    1.742142] pci 0000:00:1a.0: reg 0x10: [mem 0xc7102000-0xc71023ff]
[    1.742218] pci 0000:00:1a.0: PME# supported from D0 D3hot D3cold
[    1.742318] pci 0000:00:1c.0: [8086:8d10] type 01 class 0x060400
[    1.742384] pci 0000:00:1c.0: PME# supported from D0 D3hot D3cold
[    1.742492] pci 0000:00:1c.3: [8086:8d16] type 01 class 0x060400
[    1.742560] pci 0000:00:1c.3: PME# supported from D0 D3hot D3cold
[    1.742670] pci 0000:00:1d.0: [8086:8d26] type 00 class 0x0c0320
[    1.742689] pci 0000:00:1d.0: reg 0x10: [mem 0xc7101000-0xc71013ff]
[    1.742766] pci 0000:00:1d.0: PME# supported from D0 D3hot D3cold
[    1.742867] pci 0000:00:1f.0: [8086:8d44] type 00 class 0x060100
[    1.743059] pci 0000:00:1f.2: [8086:8d02] type 00 class 0x010601
[    1.743074] pci 0000:00:1f.2: reg 0x10: [io  0x7070-0x7077]
[    1.743080] pci 0000:00:1f.2: reg 0x14: [io  0x7060-0x7063]
[    1.743087] pci 0000:00:1f.2: reg 0x18: [io  0x7050-0x7057]
[    1.743093] pci 0000:00:1f.2: reg 0x1c: [io  0x7040-0x7043]
[    1.743099] pci 0000:00:1f.2: reg 0x20: [io  0x7000-0x701f]
[    1.743106] pci 0000:00:1f.2: reg 0x24: [mem 0xc7100000-0xc71007ff]
[    1.743138] pci 0000:00:1f.2: PME# supported from D3hot
[    1.743389] acpiphp: Slot [0] registered
[    1.748036] pci 0000:01:00.0: [8086:1521] type 00 class 0x020000
[    1.748053] pci 0000:01:00.0: reg 0x10: [mem 0xc6a00000-0xc6afffff]
[    1.748065] pci 0000:01:00.0: reg 0x18: [io  0x6020-0x603f]
[    1.748071] pci 0000:01:00.0: reg 0x1c: [mem 0xc6c04000-0xc6c07fff]
[    1.748088] pci 0000:01:00.0: reg 0x30: [mem 0xc6b80000-0xc6bfffff pref]
[    1.748144] pci 0000:01:00.0: PME# supported from D0 D3hot D3cold
[    1.748167] pci 0000:01:00.0: reg 0x184: [mem 0x3bfffe60000-0x3bfffe63fff 64bit pref]
[    1.748168] pci 0000:01:00.0: VF(n) BAR0 space: [mem 0x3bfffe60000-0x3bfffe7ffff 64bit pref] (contains BAR0 for 8 VFs)
[    1.760013] pci 0000:01:00.0: reg 0x190: [mem 0x3bfffe40000-0x3bfffe43fff 64bit pref]
[    1.760014] pci 0000:01:00.0: VF(n) BAR3 space: [mem 0x3bfffe40000-0x3bfffe5ffff 64bit pref] (contains BAR3 for 8 VFs)
[    1.772089] pci 0000:01:00.1: [8086:1521] type 00 class 0x020000
[    1.772106] pci 0000:01:00.1: reg 0x10: [mem 0xc6900000-0xc69fffff]
[    1.772117] pci 0000:01:00.1: reg 0x18: [io  0x6000-0x601f]
[    1.772124] pci 0000:01:00.1: reg 0x1c: [mem 0xc6c00000-0xc6c03fff]
[    1.772140] pci 0000:01:00.1: reg 0x30: [mem 0xc6b00000-0xc6b7ffff pref]
[    1.772192] pci 0000:01:00.1: PME# supported from D0 D3hot D3cold
[    1.772212] pci 0000:01:00.1: reg 0x184: [mem 0x3bfffe20000-0x3bfffe23fff 64bit pref]
[    1.772213] pci 0000:01:00.1: VF(n) BAR0 space: [mem 0x3bfffe20000-0x3bfffe3ffff 64bit pref] (contains BAR0 for 8 VFs)
[    1.784013] pci 0000:01:00.1: reg 0x190: [mem 0x3bfffe00000-0x3bfffe03fff 64bit pref]
[    1.784014] pci 0000:01:00.1: VF(n) BAR3 space: [mem 0x3bfffe00000-0x3bfffe1ffff 64bit pref] (contains BAR3 for 8 VFs)
[    1.796082] pci 0000:00:01.0: PCI bridge to [bus 01-02]
[    1.800002] pci 0000:00:01.0:   bridge window [io  0x6000-0x6fff]
[    1.800004] pci 0000:00:01.0:   bridge window [mem 0xc6900000-0xc6cfffff]
[    1.800007] pci 0000:00:01.0:   bridge window [mem 0x3bfffe00000-0x3bfffefffff 64bit pref]
[    1.800148] pci 0000:00:01.1: PCI bridge to [bus 03]
[    1.808140] pci 0000:00:02.0: PCI bridge to [bus 04]
[    1.812144] pci 0000:05:00.0: [1000:005d] type 00 class 0x010400
[    1.812154] pci 0000:05:00.0: reg 0x10: [io  0x5000-0x50ff]
[    1.812161] pci 0000:05:00.0: reg 0x14: [mem 0xc6f00000-0xc6f0ffff 64bit]
[    1.812167] pci 0000:05:00.0: reg 0x1c: [mem 0xc6e00000-0xc6efffff 64bit]
[    1.812175] pci 0000:05:00.0: reg 0x30: [mem 0xc6d00000-0xc6dfffff pref]
[    1.812179] pci 0000:05:00.0: enabling Extended Tags
[    1.816041] pci 0000:05:00.0: supports D1 D2
[    1.816102] pci 0000:00:02.2: PCI bridge to [bus 05]
[    1.824611] pci 0000:00:02.2:   bridge window [io  0x5000-0x5fff]
[    1.824611] pci 0000:00:02.2:   bridge window [mem 0xc6d00000-0xc6ffffff]
[    1.824611] pci 0000:06:00.0: [8086:10fb] type 00 class 0x020000
[    1.824611] pci 0000:06:00.0: reg 0x10: [mem 0xc7900000-0xc79fffff pref]
[    1.824611] pci 0000:06:00.0: reg 0x18: [io  0x4020-0x403f]
[    1.824611] pci 0000:06:00.0: reg 0x1c: [mem 0xc7e04000-0xc7e07fff pref]
[    1.824611] pci 0000:06:00.0: reg 0x30: [mem 0xc7080000-0xc70fffff pref]
[    1.824611] pci 0000:06:00.0: PME# supported from D0 D3hot
[    1.824611] pci 0000:06:00.0: reg 0x184: [mem 0xc7d00000-0xc7d03fff 64bit pref]
[    1.824611] pci 0000:06:00.0: VF(n) BAR0 space: [mem 0xc7d00000-0xc7dfffff 64bit pref] (contains BAR0 for 64 VFs)
[    1.836010] pci 0000:06:00.0: reg 0x190: [mem 0xc7c00000-0xc7c03fff 64bit pref]
[    1.836011] pci 0000:06:00.0: VF(n) BAR3 space: [mem 0xc7c00000-0xc7cfffff 64bit pref] (contains BAR3 for 64 VFs)
[    1.848133] pci 0000:06:00.1: [8086:10fb] type 00 class 0x020000
[    1.848145] pci 0000:06:00.1: reg 0x10: [mem 0xc7800000-0xc78fffff pref]
[    1.848154] pci 0000:06:00.1: reg 0x18: [io  0x4000-0x401f]
[    1.848159] pci 0000:06:00.1: reg 0x1c: [mem 0xc7e00000-0xc7e03fff pref]
[    1.848172] pci 0000:06:00.1: reg 0x30: [mem 0xc7000000-0xc707ffff pref]
[    1.848209] pci 0000:06:00.1: PME# supported from D0 D3hot
[    1.848223] pci 0000:06:00.1: reg 0x184: [mem 0xc7b00000-0xc7b03fff 64bit pref]
[    1.848224] pci 0000:06:00.1: VF(n) BAR0 space: [mem 0xc7b00000-0xc7bfffff 64bit pref] (contains BAR0 for 64 VFs)
[    1.860011] pci 0000:06:00.1: reg 0x190: [mem 0xc7a00000-0xc7a03fff 64bit pref]
[    1.860012] pci 0000:06:00.1: VF(n) BAR3 space: [mem 0xc7a00000-0xc7afffff 64bit pref] (contains BAR3 for 64 VFs)
[    1.868137] pci 0000:00:03.0: PCI bridge to [bus 06-07]
[    1.876002] pci 0000:00:03.0:   bridge window [io  0x4000-0x4fff]
[    1.876004] pci 0000:00:03.0:   bridge window [mem 0xc7000000-0xc70fffff]
[    1.876007] pci 0000:00:03.0:   bridge window [mem 0xc7800000-0xc7efffff 64bit pref]
[    1.876044] pci 0000:00:1c.0: PCI bridge to [bus 08]
[    1.880065] pci 0000:09:00.0: [102b:0522] type 00 class 0x030000
[    1.880097] pci 0000:09:00.0: reg 0x10: [mem 0xc5000000-0xc5ffffff]
[    1.880111] pci 0000:09:00.0: reg 0x14: [mem 0xc6810000-0xc6813fff]
[    1.880125] pci 0000:09:00.0: reg 0x18: [mem 0xc6000000-0xc67fffff]
[    1.880176] pci 0000:09:00.0: reg 0x30: [mem 0xc6800000-0xc680ffff pref]
[    1.880314] pci 0000:00:1c.3: PCI bridge to [bus 09]
[    1.888005] pci 0000:00:1c.3:   bridge window [mem 0xc5000000-0xc68fffff]
[    1.888034] pci_bus 0000:00: on NUMA node 0
[    1.888592] acpi: ACPI: PCI Root Bridge [PCI1] (domain 0000 [bus 80-fe])
[    1.896004] acpi PNP0A08:01: _OSC: OS supports [ExtendedConfig ASPM ClockPM Segments MSI]
[    1.904548] acpi PNP0A08:01: _OSC: OS now controls [PCIeHotplug PME AER PCIeCapability]
[    1.912003] acpi PNP0A08:01: FADT indicates ASPM is unsupported, using BIOS configuration
[    1.924158] probe: PCI host bridge to bus 0000:80
[    1.928002] pci_bus 0000:80: root bus resource [io  0x8000-0xffff window]
[    1.936001] pci_bus 0000:80: root bus resource [mem 0xc8000000-0xfbffbfff window]
[    1.944001] pci_bus 0000:80: root bus resource [mem 0x3c000000000-0x3ffffffffff window]
[    1.952001] pci_bus 0000:80: root bus resource [bus 80-fe]
[    1.960009] pci 0000:80:02.0: [8086:2f04] type 01 class 0x060400
[    1.960063] pci 0000:80:02.0: PME# supported from D0 D3hot D3cold
[    1.960137] pci 0000:80:05.0: [8086:2f28] type 00 class 0x088000
[    1.960229] pci 0000:80:05.1: [8086:2f29] type 00 class 0x088000
[    1.960332] pci 0000:80:05.2: [8086:2f2a] type 00 class 0x088000
[    1.960422] pci 0000:80:05.4: [8086:2f2c] type 00 class 0x080020
[    1.960431] pci 0000:80:05.4: reg 0x10: [mem 0xfbf00000-0xfbf00fff]
[    1.960673] pci 0000:80:02.0: PCI bridge to [bus 81]
[    1.964011] pci_bus 0000:80: on NUMA node 1
[    1.964346] ACPI: PCI Interrupt Link [LNKA] (IRQs 3 4 5 6 7 10 *11 12 14 15)
[    1.972042] ACPI: PCI Interrupt Link [LNKB] (IRQs 3 4 5 6 7 *10 11 12 14 15)
[    1.980040] ACPI: PCI Interrupt Link [LNKC] (IRQs 3 4 5 6 10 *11 12 14 15)
[    1.988040] ACPI: PCI Interrupt Link [LNKD] (IRQs 3 4 *5 6 10 11 12 14 15)
[    1.996040] ACPI: PCI Interrupt Link [LNKE] (IRQs 3 4 5 6 7 10 11 12 14 15) *0, disabled.
[    2.008039] ACPI: PCI Interrupt Link [LNKF] (IRQs 3 4 5 6 7 10 11 12 14 15) *0, disabled.
[    2.016040] ACPI: PCI Interrupt Link [LNKG] (IRQs 3 4 5 6 7 10 11 12 14 15) *0, disabled.
[    2.024039] ACPI: PCI Interrupt Link [LNKH] (IRQs 3 4 5 6 7 10 11 12 14 15) *0, disabled.
[    2.036023] pci 0000:09:00.0: vgaarb: setting as boot VGA device
[    2.040000] pci 0000:09:00.0: vgaarb: VGA device added: decodes=io+mem,owns=io+mem,locks=none
[    2.052003] pci 0000:09:00.0: vgaarb: bridge control possible
[    2.056001] vgaarb: loaded
[    2.059212] SCSI subsystem initialized
[    2.064055] libata version 3.00 loaded.
[    2.064055] ACPI: bus type USB registered
[    2.068016] usbcore: usbcore: registered new interface driver usbfs
[    2.076007] usbcore: usbcore: registered new interface driver hub
[    2.084074] usbcore: usbcore: registered new device driver usb
[    2.088013] pps_core: LinuxPPS API ver. 1 registered
[    2.096001] pps_core: Software ver. 5.3.6 - Copyright 2005-2007 Rodolfo Giometti <giometti@linux.it>
[    2.104003] ptp: PTP clock support registered
[    2.108056] EDAC MC: Ver: 3.0.0
[    2.112036] PCI: Using ACPI for IRQ routing
[    2.124200] PCI: pci_cache_line_size set to 64 bytes
[    2.124346] e820: reserve RAM buffer [mem 0x0009a000-0x0009ffff]
[    2.124347] e820: reserve RAM buffer [mem 0x6f19f000-0x6fffffff]
[    2.124462] NetLabel: Initializing
[    2.128001] NetLabel:  domain hash size = 128
[    2.132001] NetLabel:  protocols = UNLABELED CIPSOv4 CALIPSO
[    2.136016] NetLabel:  unlabeled traffic allowed by default
[    2.144037] hpet0: at MMIO 0xfed00000, IRQs 2, 8, 0, 0, 0, 0, 0, 0
[    2.152002] hpet0: 8 comparators, 64-bit 14.318180 MHz counter
[    2.160030] clocksource: Switched to clocksource tsc-early
[    2.184141] VFS: Disk quotas dquot_6.6.0
[    2.188546] dquot: VFS: Dquot-cache hash table entries: 512 (order 0, 4096 bytes)
[    2.197035] AppArmor: AppArmor Filesystem Enabled
[    2.202319] pnp: PnP ACPI init
[    2.206021] pnp 00:00: Plug and Play ACPI device, IDs PNP0b00 (active)
[    2.206123] system 00:01: [io  0x0500-0x057f] has been reserved
[    2.212731] system 00:01: [io  0x0400-0x047f] has been reserved
[    2.219337] system 00:01: [io  0x0580-0x059f] has been reserved
[    2.225942] system 00:01: [io  0x0600-0x061f] has been reserved
[    2.232548] system 00:01: [io  0x0880-0x0883] has been reserved
[    2.239153] system 00:01: [io  0x0800-0x081f] has been reserved
[    2.245760] system 00:01: [mem 0xfed1c000-0xfed3ffff] has been reserved
[    2.253141] system 00:01: [mem 0xfed45000-0xfed8bfff] has been reserved
[    2.260523] system 00:01: [mem 0xff000000-0xffffffff] has been reserved
[    2.267904] system 00:01: [mem 0xfee00000-0xfeefffff] has been reserved
[    2.275285] system 00:01: [mem 0xfed12000-0xfed1200f] has been reserved
[    2.282667] system 00:01: [mem 0xfed12010-0xfed1201f] has been reserved
[    2.290048] system 00:01: [mem 0xfed1b000-0xfed1bfff] has been reserved
[    2.297434] system 00:01: Plug and Play ACPI device, IDs PNP0c02 (active)
[    2.297549] pnp 00:02: [dma 0 disabled]
[    2.297584] pnp 00:02: Plug and Play ACPI device, IDs PNP0501 (active)
[    2.297685] pnp 00:03: [dma 0 disabled]
[    2.297719] pnp 00:03: Plug and Play ACPI device, IDs PNP0501 (active)
[    2.298257] pnp: PnP ACPI: found 4 devices
[    2.308500] clocksource: acpi_pm: mask: 0xffffff max_cycles: 0xffffff, max_idle_ns: 2085701024 ns
[    2.318456] pci 0000:00:01.0: PCI bridge to [bus 01-02]
[    2.324287] pci 0000:00:01.0:   bridge window [io  0x6000-0x6fff]
[    2.331089] pci 0000:00:01.0:   bridge window [mem 0xc6900000-0xc6cfffff]
[    2.338666] pci 0000:00:01.0:   bridge window [mem 0x3bfffe00000-0x3bfffefffff 64bit pref]
[    2.347890] pci 0000:00:01.1: PCI bridge to [bus 03]
[    2.353431] pci 0000:00:02.0: PCI bridge to [bus 04]
[    2.358975] pci 0000:00:02.2: PCI bridge to [bus 05]
[    2.364513] pci 0000:00:02.2:   bridge window [io  0x5000-0x5fff]
[    2.371315] pci 0000:00:02.2:   bridge window [mem 0xc6d00000-0xc6ffffff]
[    2.378894] pci 0000:00:03.0: PCI bridge to [bus 06-07]
[    2.384724] pci 0000:00:03.0:   bridge window [io  0x4000-0x4fff]
[    2.391525] pci 0000:00:03.0:   bridge window [mem 0xc7000000-0xc70fffff]
[    2.399101] pci 0000:00:03.0:   bridge window [mem 0xc7800000-0xc7efffff 64bit pref]
[    2.407744] pci 0000:00:1c.0: PCI bridge to [bus 08]
[    2.413289] pci 0000:00:1c.3: PCI bridge to [bus 09]
[    2.418829] pci 0000:00:1c.3:   bridge window [mem 0xc5000000-0xc68fffff]
[    2.426412] pci_bus 0000:00: resource 4 [io  0x0000-0x0cf7 window]
[    2.426413] pci_bus 0000:00: resource 5 [io  0x1000-0x7fff window]
[    2.426414] pci_bus 0000:00: resource 6 [mem 0x000a0000-0x000bffff window]
[    2.426415] pci_bus 0000:00: resource 7 [mem 0x90000000-0xc7ffbfff window]
[    2.426416] pci_bus 0000:00: resource 8 [mem 0x38000000000-0x3bfffffffff window]
[    2.426417] pci_bus 0000:01: resource 0 [io  0x6000-0x6fff]
[    2.426418] pci_bus 0000:01: resource 1 [mem 0xc6900000-0xc6cfffff]
[    2.426419] pci_bus 0000:01: resource 2 [mem 0x3bfffe00000-0x3bfffefffff 64bit pref]
[    2.426420] pci_bus 0000:05: resource 0 [io  0x5000-0x5fff]
[    2.426421] pci_bus 0000:05: resource 1 [mem 0xc6d00000-0xc6ffffff]
[    2.426422] pci_bus 0000:06: resource 0 [io  0x4000-0x4fff]
[    2.426423] pci_bus 0000:06: resource 1 [mem 0xc7000000-0xc70fffff]
[    2.426424] pci_bus 0000:06: resource 2 [mem 0xc7800000-0xc7efffff 64bit pref]
[    2.426425] pci_bus 0000:09: resource 1 [mem 0xc5000000-0xc68fffff]
[    2.426531] pci 0000:80:02.0: PCI bridge to [bus 81]
[    2.432075] pci_bus 0000:80: resource 4 [io  0x8000-0xffff window]
[    2.432076] pci_bus 0000:80: resource 5 [mem 0xc8000000-0xfbffbfff window]
[    2.432076] pci_bus 0000:80: resource 6 [mem 0x3c000000000-0x3ffffffffff window]
[    2.432183] socket: NET: Registered protocol family 2
[    2.438112] page_alloc: tcp_listen_portaddr_hash hash table entries: 65536 (order: 8, 1048576 bytes)
[    2.448606] page_alloc: TCP established hash table entries: 524288 (order: 10, 4194304 bytes)
[    2.458770] page_alloc: TCP bind hash table entries: 65536 (order: 8, 1048576 bytes)
[    2.467567] tcp: Hash tables configured (established 524288 bind 65536)
[    2.475111] page_alloc: UDP hash table entries: 65536 (order: 9, 2097152 bytes)
[    2.483637] page_alloc: UDP-Lite hash table entries: 65536 (order: 9, 2097152 bytes)
[    2.492688] socket: NET: Registered protocol family 1
[    2.520165] pci 0000:00:1a.0: quirk_usb_early_handoff+0x0/0x6b0 took 21146 usecs
[    2.548115] pci 0000:00:1d.0: quirk_usb_early_handoff+0x0/0x6b0 took 19228 usecs
[    2.556380] PCI: CLS mismatch (64 != 32), using 64 bytes
[    2.556383] pci 0000:05:00.0: [Firmware Bug]: disabling VPD access (can't determine size of non-standard VPD format)
[    2.568134] pci 0000:05:00.0: quirk_blacklist_vpd+0x0/0x30 took 11470 usecs
[    2.575916] pci 0000:09:00.0: Video device with shadowed ROM at [mem 0x000c0000-0x000dffff]
[    2.585279] Trying to unpack rootfs image as initramfs...
[    5.190582] page_alloc: Freeing initrd memory: 167428K
[    5.196479] PCI-DMA: Using software bounce buffering for IO (SWIOTLB)
[    5.203680] software IO TLB [mem 0x6b19f000-0x6f19f000] (64MB) mapped at [        (ptrval)-        (ptrval)]
[    5.214999] intel_rapl_perf: API unit is 2^-32 Joules, 3 fixed counters, 655360 ms ovfl timer
[    5.224522] intel_rapl_perf: hw unit of domain pp0-core 2^-14 Joules
[    5.231614] intel_rapl_perf: hw unit of domain package 2^-14 Joules
[    5.238609] intel_rapl_perf: hw unit of domain dram 2^-16 Joules
[    5.247020] Scanning for low memory corruption every 60 seconds
[    5.254927] system_keyring: Initialise system trusted keyrings
[    5.261505] workingset: workingset: timestamp_bits=40 max_order=25 bucket_order=0
[    5.271065] zbud: loaded
[    5.274438] fuse init (API version 7.26)
[    5.278886] SGI XFS with ACLs, security attributes, realtime, debug enabled
[    5.287484] pstore: using deflate compression
[    5.293403] key: Key type asymmetric registered
[    5.298462] asymmetric_keys: Asymmetric key parser 'x509' registered
[    5.305590] Block layer SCSI generic (bsg) driver version 0.4 loaded (major 245)
[    5.313908] io scheduler noop registered
[    5.318288] io scheduler deadline registered (default)
[    5.324045] io scheduler cfq registered
[    5.328327] io scheduler mq-deadline registered (default)
[    5.334351] io scheduler kyber registered
[    5.341156] pcieport 0000:00:01.0: AER enabled with IRQ 25
[    5.347303] pcieport 0000:00:01.1: AER enabled with IRQ 26
[    5.353448] pcieport 0000:00:02.0: AER enabled with IRQ 28
[    5.359606] pcieport 0000:00:02.2: AER enabled with IRQ 29
[    5.365751] pcieport 0000:00:03.0: AER enabled with IRQ 31
[    5.371891] pcieport 0000:80:02.0: AER enabled with IRQ 35
[    5.378034] pcieport 0000:00:01.0: Signaling PME with IRQ 25
[    5.384363] pcieport 0000:00:01.1: Signaling PME with IRQ 26
[    5.390694] pcieport 0000:00:02.0: Signaling PME with IRQ 28
[    5.397030] pcieport 0000:00:02.2: Signaling PME with IRQ 29
[    5.403365] pcieport 0000:00:03.0: Signaling PME with IRQ 31
[    5.409704] pcieport 0000:00:1c.0: Signaling PME with IRQ 32
[    5.416046] pcieport 0000:00:1c.3: Signaling PME with IRQ 33
[    5.422386] pcieport 0000:80:02.0: Signaling PME with IRQ 35
[    5.428765] intel_idle: MWAIT substates: 0x2120
[    5.428766] intel_idle: v0.4.1 model 0x3F
[    5.430164] intel_idle: lapic_timer_reliable_states 0xffffffff
[    5.430175] ipmi_msghandler: ipmi message handler version 39.2
[    5.436875] ACPI: Deprecated procfs I/F for AC is loaded, please retry with CONFIG_ACPI_PROCFS_POWER cleared
[    5.447905] ACPI: AC Adapter [P111] (on-line)
[    5.452851] input_core: Power Button as /devices/LNXSYSTM:00/LNXSYBUS:00/PNP0C0C:00/input/input0
[    5.462674] ACPI: Power Button [PWRB]
[    5.466812] input_core: Power Button as /devices/LNXSYSTM:00/LNXPWRBN:00/input/input1
[    5.475576] ACPI: Power Button [PWRF]
[    5.484324] ERST: Error Record Serialization Table (ERST) support is initialized.
[    5.492786] pstore: Registered erst as persistent store backend
[    5.499818] ghes: GHES: APEI firmware first mode is enabled by APEI bit and WHEA _OSC.
[    5.508821] 8250: Serial: 8250/16550 driver, 32 ports, IRQ sharing enabled
[    5.537044] serial_core: 00:02: ttyS0 at I/O 0x3f8 (irq = 4, base_baud = 115200) is a 16550A
[    5.567056] serial_core: 00:03: ttyS1 at I/O 0x2f8 (irq = 3, base_baud = 115200) is a 16550A
[    5.577821] Linux agpgart interface v0.103
[    5.588282] brd: brd: module loaded
[    5.595944] loop: module loaded
[    5.599919] libphy: Fixed MDIO Bus: probed
[    5.604691] tun: Universal TUN/TAP device driver, 1.6
[    5.610416] ppp_generic: PPP generic driver version 2.4.2
[    5.616503] ehci_hcd: USB 2.0 'Enhanced' Host Controller (EHCI) Driver
[    5.623793] ehci_pci: ehci-pci: EHCI PCI platform driver
[    5.629945] ehci-pci 0000:00:1a.0: EHCI Host Controller
[    5.635786] ehci-pci 0000:00:1a.0: new USB bus registered, assigned bus number 1
[    5.644049] ehci-pci 0000:00:1a.0: debug port 2
[    5.653012] ehci-pci 0000:00:1a.0: cache line size of 64 is not supported
[    5.653028] ehci-pci 0000:00:1a.0: irq 18, io mem 0xc7102000
[    5.672060] ehci-pci 0000:00:1a.0: USB 2.0 started, EHCI 1.00
[    5.678522] usb usb1: New USB device found, idVendor=1d6b, idProduct=0002, bcdDevice= 4.17
[    5.687749] usb usb1: New USB device strings: Mfr=3, Product=2, SerialNumber=1
[    5.695811] usb usb1: Product: EHCI Host Controller
[    5.701257] usb usb1: Manufacturer: Linux 4.17.0 ehci_hcd
[    5.707281] usb usb1: SerialNumber: 0000:00:1a.0
[    5.712558] hub 1-0:1.0: USB hub found
[    5.716746] hub 1-0:1.0: 2 ports detected
[    5.721498] ehci-pci 0000:00:1d.0: EHCI Host Controller
[    5.727338] ehci-pci 0000:00:1d.0: new USB bus registered, assigned bus number 2
[    5.735600] ehci-pci 0000:00:1d.0: debug port 2
[    5.744556] ehci-pci 0000:00:1d.0: cache line size of 64 is not supported
[    5.744561] ehci-pci 0000:00:1d.0: irq 18, io mem 0xc7101000
[    5.764057] ehci-pci 0000:00:1d.0: USB 2.0 started, EHCI 1.00
[    5.770506] usb usb2: New USB device found, idVendor=1d6b, idProduct=0002, bcdDevice= 4.17
[    5.779732] usb usb2: New USB device strings: Mfr=3, Product=2, SerialNumber=1
[    5.787792] usb usb2: Product: EHCI Host Controller
[    5.793235] usb usb2: Manufacturer: Linux 4.17.0 ehci_hcd
[    5.799260] usb usb2: SerialNumber: 0000:00:1d.0
[    5.804527] hub 2-0:1.0: USB hub found
[    5.808706] hub 2-0:1.0: 2 ports detected
[    5.813371] ehci_platform: ehci-platform: EHCI generic platform driver
[    5.820675] ohci_hcd: USB 1.1 'Open' Host Controller (OHCI) Driver
[    5.827583] ohci_pci: ohci-pci: OHCI PCI platform driver
[    5.833541] ohci_platform: ohci-platform: OHCI generic platform driver
[    5.840832] uhci_hcd: USB Universal Host Controller Interface driver
[    5.847978] i8042: PNP: No PS/2 controller found.
[    5.853359] mousedev: PS/2 mouse device common for all mice
[    5.859721] rtc_cmos 00:00: RTC can wake from S4
[    5.865068] rtc_cmos 00:00: registered as rtc0
[    5.870047] rtc_cmos 00:00: alarms up to one month, y3k, 114 bytes nvram, hpet irqs
[    5.878634] dm_mod: device-mapper: uevent: version 1.0.3
[    5.884667] dm_mod: device-mapper: ioctl: 4.39.0-ioctl (2018-04-03) initialised: dm-devel@redhat.com
[    5.894872] intel_pstate: Intel P-state driver initializing
[    5.905127] ledtrig_cpu: ledtrig-cpu: registered to indicate activity on CPUs
[    5.913398] socket: NET: Registered protocol family 10
[    5.919511] ipv6: Segment Routing with IPv6
[    5.924199] socket: NET: Registered protocol family 17
[    5.929943] key: Key type dns_resolver registered
[    5.937960] microcode: sig=0x306f2, pf=0x1, revision=0x3a
[    5.944676] microcode: Microcode Update Driver: v2.2.
[    5.944686] sched_clock: Marking stable (5944670341, 0)->(6203244470, -258574129)
[    5.959060] taskstats: registered taskstats version 1
[    5.964702] system_keyring: Loading compiled-in X.509 certificates
[    5.974230] system_keyring: Loaded X.509 cert 'Build time autogenerated kernel key: af33b0c3fd3ba6c234daa9bf32a11436314f5570'
[    5.986901] zswap: loaded using pool lzo/zbud
[    5.992275] btrfs: Btrfs loaded, crc32c=crc32c-intel, debug=on
[    6.001785] key: Key type big_key registered
[    6.007924] key: Key type trusted registered
[    6.014299] key: Key type encrypted registered
[    6.019263] AppArmor: AppArmor sha1 policy hashing enabled
[    6.025394] ima: No TPM chip found, activating TPM-bypass! (rc=-19)
[    6.032392] ima: Allocated hash algorithm: sha1
[    6.037463] evm: HMAC attrs: 0x1
[    6.041746] trace:   Magic number: 14:487:206
[    6.046841] acpi device:2e: hash matches
[    6.051369] rtc_cmos 00:00: setting system clock to 2018-12-29 01:12:25 UTC (1546045945)
[    6.056053] usb 1-1: new high-speed USB device number 2 using ehci-pci
[    6.069559] page_alloc: Freeing unused kernel memory: 1812K
[    6.088056] Write protecting the kernel read-only data: 22528k
[    6.095490] page_alloc: Freeing unused kernel memory: 2004K
[    6.105756] page_alloc: Freeing unused kernel memory: 1832K
[    6.122128] systemd-udevd[340]: starting version 204
[    6.148032] usb 2-1: new high-speed USB device number 2 using ehci-pci
[    6.170791] dca: dca service started, version 1.12.1
[    6.180648] ahci 0000:00:11.4: version 3.0
[    6.180820] ahci 0000:00:11.4: AHCI 0001.0300 32 slots 4 ports 6 Gbps 0xf impl SATA mode
[    6.189860] ahci 0000:00:11.4: flags: 64bit ncq pm led clo pio slum part ems apst 
[    6.198512] megaraid_sas: megasas: 07.704.04.00-rc1
[    6.204277] igb: Intel(R) Gigabit Ethernet Network Driver - version 5.4.0-k
[    6.204380] megaraid_sas 0000:05:00.0: FW now in Ready state
[    6.212047] igb: Copyright (c) 2007-2014 Intel Corporation.
[    6.224587] megaraid_sas 0000:05:00.0: 64 bit DMA mask and 32 bit consistent mask
[    6.224601] usb 1-1: New USB device found, idVendor=8087, idProduct=800a, bcdDevice= 0.05
[    6.233780] megaraid_sas 0000:05:00.0: firmware supports msix	: (96)
[    6.242070] usb 1-1: New USB device strings: Mfr=0, Product=0, SerialNumber=0
[    6.242372] hub 1-1:1.0: USB hub found
[    6.249166] megaraid_sas 0000:05:00.0: current msix/online cpus	: (32/32)
[    6.257221] hub 1-1:1.0: 6 ports detected
[    6.261306] megaraid_sas 0000:05:00.0: RDPQ mode	: (disabled)
[    6.272039] tsc: Refined TSC clocksource calibration: 2394.230 MHz
[    6.273356] megaraid_sas 0000:05:00.0: Current firmware supports maximum commands: 272	 LDIO threshold: 237
[    6.279784] clocksource: tsc: mask: 0xffffffffffffffff max_cycles: 0x2282ecc2ed2, max_idle_ns: 440795321835 ns
[    6.286793] megaraid_sas 0000:05:00.0: Configured max firmware commands: 271
[    6.316613] clocksource: Switched to clocksource tsc
[    6.316981] usb 2-1: New USB device found, idVendor=8087, idProduct=8002, bcdDevice= 0.05
[    6.316994] scsi host1: ahci
[    6.317161] scsi host2: ahci
[    6.317284] scsi host3: ahci
[    6.317360] scsi host4: ahci
[    6.317393] ata1: SATA max UDMA/133 abar m2048@0xc7104000 port 0xc7104100 irq 36
[    6.317395] ata2: SATA max UDMA/133 abar m2048@0xc7104000 port 0xc7104180 irq 36
[    6.317398] ata3: SATA max UDMA/133 abar m2048@0xc7104000 port 0xc7104200 irq 36
[    6.317400] ata4: SATA max UDMA/133 abar m2048@0xc7104000 port 0xc7104280 irq 36
[    6.317539] megaraid_sas 0000:05:00.0: FW supports sync cache	: No
[    6.317961] igb 0000:01:00.0: PHY reset is blocked due to SOL/IDER session.
[    6.318152] ahci 0000:00:1f.2: AHCI 0001.0300 32 slots 6 ports 6 Gbps 0x3f impl SATA mode
[    6.318153] ahci 0000:00:1f.2: flags: 64bit ncq pm led clo pio slum part ems apst 
[    6.334783] ixgbe: Intel(R) 10 Gigabit PCI Express Network Driver - version 5.1.0-k
[    6.337718] usb 2-1: New USB device strings: Mfr=0, Product=0, SerialNumber=0
[    6.337889] hub 2-1:1.0: USB hub found
[    6.340947] ixgbe: Copyright (c) 1999-2016 Intel Corporation.
[    6.344353] hub 2-1:1.0: 8 ports detected
[    6.353330] igb 0000:01:00.0: added PHC on eth0
[    6.446055] igb 0000:01:00.0: Intel(R) Gigabit Ethernet Network Connection
[    6.453728] igb 0000:01:00.0: eth0: (PCIe:5.0Gb/s:Width x4) 74:a0:2f:29:f2:94
[    6.461762] igb 0000:01:00.0: eth0: PBA No: FFFFFF-0FF
[    6.467494] igb 0000:01:00.0: Using MSI-X interrupts. 8 rx queue(s), 8 tx queue(s)
[    6.476627] igb 0000:01:00.1: PHY reset is blocked due to SOL/IDER session.
[    6.503868] scsi host5: ahci
[    6.516511] scsi host6: ahci
[    6.519879] scsi host7: ahci
[    6.523272] scsi host8: ahci
[    6.526627] scsi host9: ahci
[    6.530681] igb 0000:01:00.1: added PHC on eth1
[    6.535750] igb 0000:01:00.1: Intel(R) Gigabit Ethernet Network Connection
[    6.543425] igb 0000:01:00.1: eth1: (PCIe:5.0Gb/s:Width x4) 74:a0:2f:29:f2:95
[    6.551458] igb 0000:01:00.1: eth1: PBA No: FFFFFF-0FF
[    6.557193] igb 0000:01:00.1: Using MSI-X interrupts. 8 rx queue(s), 8 tx queue(s)
[    6.565646] megaraid_sas 0000:05:00.0: firmware type	: Legacy(64 VD) firmware
[    6.573610] megaraid_sas 0000:05:00.0: controller type	: iMR(0MB)
[    6.580409] megaraid_sas 0000:05:00.0: Online Controller Reset(OCR)	: Enabled
[    6.588371] megaraid_sas 0000:05:00.0: Secure JBOD support	: Yes
[    6.595076] megaraid_sas 0000:05:00.0: NVMe passthru support	: No
[    6.602360] scsi host10: ahci
[    6.605711] ata5: SATA max UDMA/133 abar m2048@0xc7100000 port 0xc7100100 irq 81
[    6.613968] ata6: SATA max UDMA/133 abar m2048@0xc7100000 port 0xc7100180 irq 81
[    6.622221] ata7: SATA max UDMA/133 abar m2048@0xc7100000 port 0xc7100200 irq 81
[    6.630476] ata8: SATA max UDMA/133 abar m2048@0xc7100000 port 0xc7100280 irq 81
[    6.630684] ata3: SATA link down (SStatus 0 SControl 300)
[    6.638732] ata9: SATA max UDMA/133 abar m2048@0xc7100000 port 0xc7100300 irq 81
[    6.638733] ata10: SATA max UDMA/133 abar m2048@0xc7100000 port 0xc7100380 irq 81
[    6.648025] usb 2-1.4: new high-speed USB device number 3 using ehci-pci
[    6.653077] ata4: SATA link down (SStatus 0 SControl 300)
[    6.664372] megaraid_sas 0000:05:00.0: INIT adapter done
[    6.668917] ata2: SATA link down (SStatus 0 SControl 300)
[    6.686859] ata1: SATA link down (SStatus 0 SControl 300)
[    6.720263] ixgbe 0000:06:00.0: Multiqueue Enabled: Rx Queue count = 32, Tx Queue count = 32 XDP Queue count = 0
[    6.731904] ixgbe 0000:06:00.0: PCI Express bandwidth of 32GT/s available
[    6.739481] ixgbe 0000:06:00.0: (Speed:5.0GT/s, Width: x8, Encoding Loss:20%)
[    6.747764] ixgbe 0000:06:00.0: MAC: 2, PHY: 14, SFP+: 3, PBA No: E68793-000
[    6.755632] ixgbe 0000:06:00.0: 90:e2:ba:82:2c:7c
[    6.761912] ixgbe 0000:06:00.0: Intel(R) 10 Gigabit Network Connection
[    6.768345] usb 2-1.4: New USB device found, idVendor=0424, idProduct=2512, bcdDevice= b.b3
[    6.769913] megaraid_sas 0000:05:00.0: pci id		: (0x1000)/(0x005d)/(0x1137)/(0x00db)
[    6.778520] usb 2-1.4: New USB device strings: Mfr=0, Product=0, SerialNumber=0
[    6.778763] hub 2-1.4:1.0: USB hub found
[    6.787178] megaraid_sas 0000:05:00.0: unevenspan support	: no
[    6.787191] megaraid_sas 0000:05:00.0: firmware crash dump	: no
[    6.799995] hub 2-1.4:1.0: 2 ports detected
[    6.806247] megaraid_sas 0000:05:00.0: jbod sync map		: yes
[    6.823754] scsi host0: Avago SAS based MegaRAID driver
[    6.845590] ******blk_init_rl***** blk_init_rl:925 
[    6.852299] scsi 0:0:0:0: Direct-Access     SEAGATE  ST1200MM0007     0002 PQ: 0 ANSI: 6
[    6.864017] ******blk_init_rl***** blk_init_rl:925 
[    6.869953] scsi 0:0:1:0: Direct-Access     SEAGATE  ST1200MM0007     0002 PQ: 0 ANSI: 6
[    6.879831] ******blk_init_rl***** blk_init_rl:925 
[    6.888402] scsi 0:0:2:0: Direct-Access     ATA      INTEL SSDSC2BB48 0370 PQ: 0 ANSI: 6
[    6.892041] usb 2-1.6: new full-speed USB device number 4 using ehci-pci
[    6.898410] ******blk_init_rl***** blk_init_rl:925 
[    6.910425] ******blk_init_rl***** blk_init_rl:925 
[    6.915894] ******blk_init_rl***** blk_init_rl:925 
[    6.921356] ******blk_init_rl***** blk_init_rl:925 
[    6.926819] ******blk_init_rl***** blk_init_rl:925 
[    6.932284] ******blk_init_rl***** blk_init_rl:925 
[    6.937761] ******blk_init_rl***** blk_init_rl:925 
[    6.943224] ******blk_init_rl***** blk_init_rl:925 
[    6.948688] ******blk_init_rl***** blk_init_rl:925 
[    6.950579] ata7: SATA link down (SStatus 0 SControl 300)
[    6.954155] ******blk_init_rl***** blk_init_rl:925 
[    6.960182] ata5: SATA link down (SStatus 0 SControl 300)
[    6.965620] ******blk_init_rl***** blk_init_rl:925 
[    6.971659] ata6: SATA link down (SStatus 0 SControl 300)
[    6.977088] ******blk_init_rl***** blk_init_rl:925 
[    6.983127] ata10: SATA link down (SStatus 0 SControl 300)
[    6.988553] ******blk_init_rl***** blk_init_rl:925 
[    6.994703] ata9: SATA link down (SStatus 0 SControl 300)
[    6.996263] ixgbe 0000:06:00.1: Multiqueue Enabled: Rx Queue count = 32, Tx Queue count = 32 XDP Queue count = 0
[    6.996553] ixgbe 0000:06:00.1: PCI Express bandwidth of 32GT/s available
[    6.996554] ixgbe 0000:06:00.1: (Speed:5.0GT/s, Width: x8, Encoding Loss:20%)
[    6.996874] ixgbe 0000:06:00.1: MAC: 2, PHY: 14, SFP+: 4, PBA No: E68793-000
[    6.996875] ixgbe 0000:06:00.1: 90:e2:ba:82:2c:7d
[    6.997945] ixgbe 0000:06:00.1: Intel(R) 10 Gigabit Network Connection
[    7.000141] ******blk_init_rl***** blk_init_rl:925 
[    7.006172] ata8: SATA link down (SStatus 0 SControl 300)
[    7.017534] ******blk_init_rl***** blk_init_rl:925 
[    7.018847] usb 2-1.6: New USB device found, idVendor=0624, idProduct=0402, bcdDevice= 0.00
[    7.018849] usb 2-1.6: New USB device strings: Mfr=1, Product=2, SerialNumber=3
[    7.018850] usb 2-1.6: Product: Cisco USB Composite Device-0
[    7.018851] usb 2-1.6: Manufacturer: Avocent
[    7.018852] usb 2-1.6: SerialNumber: 20111102-00000001
[    7.079785] hidraw: raw HID events driver (C) Jiri Kosina
[    7.087873] ******blk_init_rl***** blk_init_rl:925 
[    7.116173] ******blk_init_rl***** blk_init_rl:925 
[    7.121682] ******blk_init_rl***** blk_init_rl:925 
[    7.127191] ******blk_init_rl***** blk_init_rl:925 
[    7.129365] usbcore: usbcore: registered new interface driver usbhid
[    7.132661] ******blk_init_rl***** blk_init_rl:925 
[    7.139732] usbhid: usbhid: USB HID core driver
[    7.145193] ******blk_init_rl***** blk_init_rl:925 
[    7.155727] ******blk_init_rl***** blk_init_rl:925 
[    7.161195] ******blk_init_rl***** blk_init_rl:925 
[    7.166705] ******blk_init_rl***** blk_init_rl:925 
[    7.172187] ******blk_init_rl***** blk_init_rl:925 
[    7.177692] ******blk_init_rl***** blk_init_rl:925 
[    7.183160] ******blk_init_rl***** blk_init_rl:925 
[    7.183299] input_core: Avocent Cisco USB Composite Device-0 as /devices/pci0000:00/0000:00:1d.0/usb2/2-1/2-1.6/2-1.6:1.0/0003:0624:0402.0001/input/input2
[    7.188630] ******blk_init_rl***** blk_init_rl:925 
[    7.209506] ******blk_init_rl***** blk_init_rl:925 
[    7.214973] ******blk_init_rl***** blk_init_rl:925 
[    7.220440] ******blk_init_rl***** blk_init_rl:925 
[    7.225907] ******blk_init_rl***** blk_init_rl:925 
[    7.231376] ******blk_init_rl***** blk_init_rl:925 
[    7.236841] ******blk_init_rl***** blk_init_rl:925 
[    7.242304] ******blk_init_rl***** blk_init_rl:925 
[    7.247770] ******blk_init_rl***** blk_init_rl:925 
[    7.253232] ******blk_init_rl***** blk_init_rl:925 
[    7.258698] ******blk_init_rl***** blk_init_rl:925 
[    7.264160] ******blk_init_rl***** blk_init_rl:925 
[    7.264220] hid-generic 0003:0624:0402.0001: input,hidraw0: USB HID v1.00 Keyboard [Avocent Cisco USB Composite Device-0] on usb-0000:00:1d.0-1.6/input0
[    7.269624] ******blk_init_rl***** blk_init_rl:925 
[    7.284925] input_core: Avocent Cisco USB Composite Device-0 as /devices/pci0000:00/0000:00:1d.0/usb2/2-1/2-1.6/2-1.6:1.1/0003:0624:0402.0002/input/input3
[    7.290307] ******blk_init_rl***** blk_init_rl:925 
[    7.305817] hid-generic 0003:0624:0402.0002: input,hidraw1: USB HID v1.00 Mouse [Avocent Cisco USB Composite Device-0] on usb-0000:00:1d.0-1.6/input1
[    7.311187] ******blk_init_rl***** blk_init_rl:925 
[    7.326185] input_core: Avocent Cisco USB Composite Device-0 as /devices/pci0000:00/0000:00:1d.0/usb2/2-1/2-1.6/2-1.6:1.2/0003:0624:0402.0003/input/input4
[    7.331576] ******blk_init_rl***** blk_init_rl:925 
[    7.347074] hid-generic 0003:0624:0402.0003: input,hidraw2: USB HID v1.00 Mouse [Avocent Cisco USB Composite Device-0] on usb-0000:00:1d.0-1.6/input2
[    7.352452] ******blk_init_rl***** blk_init_rl:925 
[    7.372865] ******blk_init_rl***** blk_init_rl:925 
[    7.378332] ******blk_init_rl***** blk_init_rl:925 
[    7.383795] ******blk_init_rl***** blk_init_rl:925 
[    7.389257] ******blk_init_rl***** blk_init_rl:925 
[    7.394721] ******blk_init_rl***** blk_init_rl:925 
[    7.400182] ******blk_init_rl***** blk_init_rl:925 
[    7.405644] ******blk_init_rl***** blk_init_rl:925 
[    7.411106] ******blk_init_rl***** blk_init_rl:925 
[    7.416569] ******blk_init_rl***** blk_init_rl:925 
[    7.422033] ******blk_init_rl***** blk_init_rl:925 
[    7.427496] ******blk_init_rl***** blk_init_rl:925 
[    7.432961] ******blk_init_rl***** blk_init_rl:925 
[    7.438426] ******blk_init_rl***** blk_init_rl:925 
[    7.443891] ******blk_init_rl***** blk_init_rl:925 
[    7.449355] ******blk_init_rl***** blk_init_rl:925 
[    7.454819] ******blk_init_rl***** blk_init_rl:925 
[    7.460281] ******blk_init_rl***** blk_init_rl:925 
[    7.465743] ******blk_init_rl***** blk_init_rl:925 
[    7.471206] ******blk_init_rl***** blk_init_rl:925 
[    7.476662] ******blk_init_rl***** blk_init_rl:925 
[    7.482126] ******blk_init_rl***** blk_init_rl:925 
[    7.487589] ******blk_init_rl***** blk_init_rl:925 
[    7.493043] ******blk_init_rl***** blk_init_rl:925 
[    7.498507] ******blk_init_rl***** blk_init_rl:925 
[    7.503973] ******blk_init_rl***** blk_init_rl:925 
[    7.509438] ******blk_init_rl***** blk_init_rl:925 
[    7.514903] ******blk_init_rl***** blk_init_rl:925 
[    7.520368] ******blk_init_rl***** blk_init_rl:925 
[    7.525832] ******blk_init_rl***** blk_init_rl:925 
[    7.531297] ******blk_init_rl***** blk_init_rl:925 
[    7.536759] ******blk_init_rl***** blk_init_rl:925 
[    7.542222] ******blk_init_rl***** blk_init_rl:925 
[    7.547686] ******blk_init_rl***** blk_init_rl:925 
[    7.553151] ******blk_init_rl***** blk_init_rl:925 
[    7.558614] ******blk_init_rl***** blk_init_rl:925 
[    7.564078] ******blk_init_rl***** blk_init_rl:925 
[    7.569544] ******blk_init_rl***** blk_init_rl:925 
[    7.575009] ******blk_init_rl***** blk_init_rl:925 
[    7.580471] ******blk_init_rl***** blk_init_rl:925 
[    7.585933] ******blk_init_rl***** blk_init_rl:925 
[    7.591396] ******blk_init_rl***** blk_init_rl:925 
[    7.596860] ******blk_init_rl***** blk_init_rl:925 
[    7.602323] ******blk_init_rl***** blk_init_rl:925 
[    7.607778] ******blk_init_rl***** blk_init_rl:925 
[    7.613242] ******blk_init_rl***** blk_init_rl:925 
[    7.618706] ******blk_init_rl***** blk_init_rl:925 
[    7.624169] ******blk_init_rl***** blk_init_rl:925 
[    7.629631] ******blk_init_rl***** blk_init_rl:925 
[    7.635096] ******blk_init_rl***** blk_init_rl:925 
[    7.640561] ******blk_init_rl***** blk_init_rl:925 
[    7.646024] ******blk_init_rl***** blk_init_rl:925 
[    7.651479] ******blk_init_rl***** blk_init_rl:925 
[    7.656940] ******blk_init_rl***** blk_init_rl:925 
[    7.662403] ******blk_init_rl***** blk_init_rl:925 
[    7.667858] ******blk_init_rl***** blk_init_rl:925 
[    7.673323] ******blk_init_rl***** blk_init_rl:925 
[    7.678787] ******blk_init_rl***** blk_init_rl:925 
[    7.684252] ******blk_init_rl***** blk_init_rl:925 
[    7.689717] ******blk_init_rl***** blk_init_rl:925 
[    7.695181] ******blk_init_rl***** blk_init_rl:925 
[    7.700643] ******blk_init_rl***** blk_init_rl:925 
[    7.706106] ******blk_init_rl***** blk_init_rl:925 
[    7.711570] ******blk_init_rl***** blk_init_rl:925 
[    7.717035] ******blk_init_rl***** blk_init_rl:925 
[    7.722501] ******blk_init_rl***** blk_init_rl:925 
[    7.727964] ******blk_init_rl***** blk_init_rl:925 
[    7.733427] ******blk_init_rl***** blk_init_rl:925 
[    7.738882] ******blk_init_rl***** blk_init_rl:925 
[    7.744345] ******blk_init_rl***** blk_init_rl:925 
[    7.749801] ******blk_init_rl***** blk_init_rl:925 
[    7.755264] ******blk_init_rl***** blk_init_rl:925 
[    7.760729] ******blk_init_rl***** blk_init_rl:925 
[    7.766194] ******blk_init_rl***** blk_init_rl:925 
[    7.771660] ******blk_init_rl***** blk_init_rl:925 
[    7.777122] ******blk_init_rl***** blk_init_rl:925 
[    7.782586] ******blk_init_rl***** blk_init_rl:925 
[    7.788049] ******blk_init_rl***** blk_init_rl:925 
[    7.793513] ******blk_init_rl***** blk_init_rl:925 
[    7.798976] ******blk_init_rl***** blk_init_rl:925 
[    7.804442] ******blk_init_rl***** blk_init_rl:925 
[    7.809906] ******blk_init_rl***** blk_init_rl:925 
[    7.815369] ******blk_init_rl***** blk_init_rl:925 
[    7.820830] ******blk_init_rl***** blk_init_rl:925 
[    7.826293] ******blk_init_rl***** blk_init_rl:925 
[    7.831750] ******blk_init_rl***** blk_init_rl:925 
[    7.837214] ******blk_init_rl***** blk_init_rl:925 
[    7.842679] ******blk_init_rl***** blk_init_rl:925 
[    7.848144] ******blk_init_rl***** blk_init_rl:925 
[    7.853608] ******blk_init_rl***** blk_init_rl:925 
[    7.859070] ******blk_init_rl***** blk_init_rl:925 
[    7.864523] ******blk_init_rl***** blk_init_rl:925 
[    7.869985] ******blk_init_rl***** blk_init_rl:925 
[    7.875448] ******blk_init_rl***** blk_init_rl:925 
[    7.880912] ******blk_init_rl***** blk_init_rl:925 
[    7.886377] ******blk_init_rl***** blk_init_rl:925 
[    7.891840] ******blk_init_rl***** blk_init_rl:925 
[    7.897294] ******blk_init_rl***** blk_init_rl:925 
[    7.902757] ******blk_init_rl***** blk_init_rl:925 
[    7.908211] ******blk_init_rl***** blk_init_rl:925 
[    7.913666] ******blk_init_rl***** blk_init_rl:925 
[    7.919129] ******blk_init_rl***** blk_init_rl:925 
[    7.924585] ******blk_init_rl***** blk_init_rl:925 
[    7.930048] ******blk_init_rl***** blk_init_rl:925 
[    7.935505] ******blk_init_rl***** blk_init_rl:925 
[    7.940967] ******blk_init_rl***** blk_init_rl:925 
[    7.946429] ******blk_init_rl***** blk_init_rl:925 
[    7.951884] ******blk_init_rl***** blk_init_rl:925 
[    7.957349] ******blk_init_rl***** blk_init_rl:925 
[    7.962812] ******blk_init_rl***** blk_init_rl:925 
[    7.968270] ******blk_init_rl***** blk_init_rl:925 
[    7.973735] ******blk_init_rl***** blk_init_rl:925 
[    7.979197] ******blk_init_rl***** blk_init_rl:925 
[    7.984651] ******blk_init_rl***** blk_init_rl:925 
[    7.990113] ******blk_init_rl***** blk_init_rl:925 
[    7.995575] ******blk_init_rl***** blk_init_rl:925 
[    8.001031] ******blk_init_rl***** blk_init_rl:925 
[    8.006496] ******blk_init_rl***** blk_init_rl:925 
[    8.011960] ******blk_init_rl***** blk_init_rl:925 
[    8.017424] ******blk_init_rl***** blk_init_rl:925 
[    8.022886] ******blk_init_rl***** blk_init_rl:925 
[    8.028340] ******blk_init_rl***** blk_init_rl:925 
[    8.033795] ******blk_init_rl***** blk_init_rl:925 
[    8.039259] ******blk_init_rl***** blk_init_rl:925 
[    8.044723] ******blk_init_rl***** blk_init_rl:925 
[    8.050186] ******blk_init_rl***** blk_init_rl:925 
[    8.055649] ******blk_init_rl***** blk_init_rl:925 
[    8.061112] ******blk_init_rl***** blk_init_rl:925 
[    8.066567] ******blk_init_rl***** blk_init_rl:925 
[    8.072030] ******blk_init_rl***** blk_init_rl:925 
[    8.077494] ******blk_init_rl***** blk_init_rl:925 
[    8.082959] ******blk_init_rl***** blk_init_rl:925 
[    8.088424] ******blk_init_rl***** blk_init_rl:925 
[    8.093887] ******blk_init_rl***** blk_init_rl:925 
[    8.099351] ******blk_init_rl***** blk_init_rl:925 
[    8.104813] ******blk_init_rl***** blk_init_rl:925 
[    8.110267] ******blk_init_rl***** blk_init_rl:925 
[    8.115722] ******blk_init_rl***** blk_init_rl:925 
[    8.121186] ******blk_init_rl***** blk_init_rl:925 
[    8.126651] ******blk_init_rl***** blk_init_rl:925 
[    8.132115] ******blk_init_rl***** blk_init_rl:925 
[    8.137576] ******blk_init_rl***** blk_init_rl:925 
[    8.143039] ******blk_init_rl***** blk_init_rl:925 
[    8.148504] ******blk_init_rl***** blk_init_rl:925 
[    8.153967] ******blk_init_rl***** blk_init_rl:925 
[    8.159433] ******blk_init_rl***** blk_init_rl:925 
[    8.164897] ******blk_init_rl***** blk_init_rl:925 
[    8.170361] ******blk_init_rl***** blk_init_rl:925 
[    8.175824] ******blk_init_rl***** blk_init_rl:925 
[    8.181287] ******blk_init_rl***** blk_init_rl:925 
[    8.186741] ******blk_init_rl***** blk_init_rl:925 
[    8.192205] ******blk_init_rl***** blk_init_rl:925 
[    8.197670] ******blk_init_rl***** blk_init_rl:925 
[    8.203134] ******blk_init_rl***** blk_init_rl:925 
[    8.208599] ******blk_init_rl***** blk_init_rl:925 
[    8.214063] ******blk_init_rl***** blk_init_rl:925 
[    8.219527] ******blk_init_rl***** blk_init_rl:925 
[    8.224989] ******blk_init_rl***** blk_init_rl:925 
[    8.230452] ******blk_init_rl***** blk_init_rl:925 
[    8.235906] ******blk_init_rl***** blk_init_rl:925 
[    8.241373] ******blk_init_rl***** blk_init_rl:925 
[    8.246838] ******blk_init_rl***** blk_init_rl:925 
[    8.252302] ******blk_init_rl***** blk_init_rl:925 
[    8.257765] ******blk_init_rl***** blk_init_rl:925 
[    8.263230] ******blk_init_rl***** blk_init_rl:925 
[    8.268697] ******blk_init_rl***** blk_init_rl:925 
[    8.274162] ******blk_init_rl***** blk_init_rl:925 
[    8.279624] ******blk_init_rl***** blk_init_rl:925 
[    8.285088] ******blk_init_rl***** blk_init_rl:925 
[    8.290552] ******blk_init_rl***** blk_init_rl:925 
[    8.296017] ******blk_init_rl***** blk_init_rl:925 
[    8.301481] ******blk_init_rl***** blk_init_rl:925 
[    8.306944] ******blk_init_rl***** blk_init_rl:925 
[    8.312407] ******blk_init_rl***** blk_init_rl:925 
[    8.317861] ******blk_init_rl***** blk_init_rl:925 
[    8.323325] ******blk_init_rl***** blk_init_rl:925 
[    8.328790] ******blk_init_rl***** blk_init_rl:925 
[    8.334253] ******blk_init_rl***** blk_init_rl:925 
[    8.339717] ******blk_init_rl***** blk_init_rl:925 
[    8.345180] ******blk_init_rl***** blk_init_rl:925 
[    8.350635] ******blk_init_rl***** blk_init_rl:925 
[    8.356098] ******blk_init_rl***** blk_init_rl:925 
[    8.361550] ******blk_init_rl***** blk_init_rl:925 
[    8.367011] ******blk_init_rl***** blk_init_rl:925 
[    8.372477] ******blk_init_rl***** blk_init_rl:925 
[    8.377938] ******blk_init_rl***** blk_init_rl:925 
[    8.383400] ******blk_init_rl***** blk_init_rl:925 
[    8.388863] ******blk_init_rl***** blk_init_rl:925 
[    8.394326] ******blk_init_rl***** blk_init_rl:925 
[    8.399791] ******blk_init_rl***** blk_init_rl:925 
[    8.405253] ******blk_init_rl***** blk_init_rl:925 
[    8.410717] ******blk_init_rl***** blk_init_rl:925 
[    8.416178] ******blk_init_rl***** blk_init_rl:925 
[    8.421642] ******blk_init_rl***** blk_init_rl:925 
[    8.427103] ******blk_init_rl***** blk_init_rl:925 
[    8.432566] ******blk_init_rl***** blk_init_rl:925 
[    8.438022] ******blk_init_rl***** blk_init_rl:925 
[    8.443487] ******blk_init_rl***** blk_init_rl:925 
[    8.448954] ******blk_init_rl***** blk_init_rl:925 
[    8.454418] ******blk_init_rl***** blk_init_rl:925 
[    8.459881] ******blk_init_rl***** blk_init_rl:925 
[    8.465345] ******blk_init_rl***** blk_init_rl:925 
[    8.470807] ******blk_init_rl***** blk_init_rl:925 
[    8.476269] ******blk_init_rl***** blk_init_rl:925 
[    8.481724] ******blk_init_rl***** blk_init_rl:925 
[    8.487179] ******blk_init_rl***** blk_init_rl:925 
[    8.492644] ******blk_init_rl***** blk_init_rl:925 
[    8.498107] ******blk_init_rl***** blk_init_rl:925 
[    8.503571] ******blk_init_rl***** blk_init_rl:925 
[    8.509032] ******blk_init_rl***** blk_init_rl:925 
[    8.514497] ******blk_init_rl***** blk_init_rl:925 
[    8.520041] ******blk_init_rl***** blk_init_rl:925 
[    8.525550] ******blk_init_rl***** blk_init_rl:925 
[    8.531042] ******blk_init_rl***** blk_init_rl:925 
[    8.536532] ******blk_init_rl***** blk_init_rl:925 
[    8.542026] ******blk_init_rl***** blk_init_rl:925 
[    8.547521] ******blk_init_rl***** blk_init_rl:925 
[    8.553017] ******blk_init_rl***** blk_init_rl:925 
[    8.558513] ******blk_init_rl***** blk_init_rl:925 
[    8.564010] ******blk_init_rl***** blk_init_rl:925 
[    8.569510] ******blk_init_rl***** blk_init_rl:925 
[    8.575004] ******blk_init_rl***** blk_init_rl:925 
[    8.580498] ******blk_init_rl***** blk_init_rl:925 
[    8.585991] ******blk_init_rl***** blk_init_rl:925 
[    8.591485] ******blk_init_rl***** blk_init_rl:925 
[    8.596979] ******blk_init_rl***** blk_init_rl:925 
[    8.602474] ******blk_init_rl***** blk_init_rl:925 
[    8.607967] ******blk_init_rl***** blk_init_rl:925 
[    8.613458] ******blk_init_rl***** blk_init_rl:925 
[    8.618950] ******blk_init_rl***** blk_init_rl:925 
[    8.624441] ******blk_init_rl***** blk_init_rl:925 
[    8.629934] ******blk_init_rl***** blk_init_rl:925 
[    8.635429] ******blk_init_rl***** blk_init_rl:925 
[    8.640921] ******blk_init_rl***** blk_init_rl:925 
[    8.646414] ******blk_init_rl***** blk_init_rl:925 
[    8.651908] ******blk_init_rl***** blk_init_rl:925 
[    8.657401] ******blk_init_rl***** blk_init_rl:925 
[    8.662892] ******blk_init_rl***** blk_init_rl:925 
[    8.668384] ******blk_init_rl***** blk_init_rl:925 
[    8.673876] ******blk_init_rl***** blk_init_rl:925 
[    8.679370] ******blk_init_rl***** blk_init_rl:925 
[    8.684864] ******blk_init_rl***** blk_init_rl:925 
[    8.690359] ******blk_init_rl***** blk_init_rl:925 
[    8.695853] ******blk_init_rl***** blk_init_rl:925 
[    8.701347] ******blk_init_rl***** blk_init_rl:925 
[    8.706840] ******blk_init_rl***** blk_init_rl:925 
[    8.712330] ******blk_init_rl***** blk_init_rl:925 
[    8.717821] ******blk_init_rl***** blk_init_rl:925 
[    8.723317] ******blk_init_rl***** blk_init_rl:925 
[    8.728811] ******blk_init_rl***** blk_init_rl:925 
[    8.734304] ******blk_init_rl***** blk_init_rl:925 
[    8.739798] ******blk_init_rl***** blk_init_rl:925 
[    8.745290] ******blk_init_rl***** blk_init_rl:925 
[    8.750780] ******blk_init_rl***** blk_init_rl:925 
[    8.756271] ******blk_init_rl***** blk_init_rl:925 
[    8.761762] ******blk_init_rl***** blk_init_rl:925 
[    8.767255] ******blk_init_rl***** blk_init_rl:925 
[    8.772751] ******blk_init_rl***** blk_init_rl:925 
[    8.778243] ******blk_init_rl***** blk_init_rl:925 
[    8.783737] ******blk_init_rl***** blk_init_rl:925 
[    8.789229] ******blk_init_rl***** blk_init_rl:925 
[    8.794721] ******blk_init_rl***** blk_init_rl:925 
[    8.800213] ******blk_init_rl***** blk_init_rl:925 
[    8.805708] ******blk_init_rl***** blk_init_rl:925 
[    8.811203] ******blk_init_rl***** blk_init_rl:925 
[    8.816699] ******blk_init_rl***** blk_init_rl:925 
[    8.822192] ******blk_init_rl***** blk_init_rl:925 
[    8.827685] ******blk_init_rl***** blk_init_rl:925 
[    8.833177] ******blk_init_rl***** blk_init_rl:925 
[    8.838671] ******blk_init_rl***** blk_init_rl:925 
[    8.844162] ******blk_init_rl***** blk_init_rl:925 
[    8.849653] ******blk_init_rl***** blk_init_rl:925 
[    8.855147] ******blk_init_rl***** blk_init_rl:925 
[    8.860642] ******blk_init_rl***** blk_init_rl:925 
[    8.866134] ******blk_init_rl***** blk_init_rl:925 
[    8.871604] ******blk_init_rl***** blk_init_rl:925 
[    8.877070] ******blk_init_rl***** blk_init_rl:925 
[    8.882536] ******blk_init_rl***** blk_init_rl:925 
[    8.888005] ******blk_init_rl***** blk_init_rl:925 
[    8.893474] ******blk_init_rl***** blk_init_rl:925 
[    8.898941] ******blk_init_rl***** blk_init_rl:925 
[    8.904408] ******blk_init_rl***** blk_init_rl:925 
[    8.909874] ******blk_init_rl***** blk_init_rl:925 
[    8.915341] ******blk_init_rl***** blk_init_rl:925 
[    8.920809] ******blk_init_rl***** blk_init_rl:925 
[    8.926276] ******blk_init_rl***** blk_init_rl:925 
[    8.931745] ******blk_init_rl***** blk_init_rl:925 
[    8.937211] ******blk_init_rl***** blk_init_rl:925 
[    8.942678] ******blk_init_rl***** blk_init_rl:925 
[    8.948146] ******blk_init_rl***** blk_init_rl:925 
[    8.953613] ******blk_init_rl***** blk_init_rl:925 
[    8.959080] ******blk_init_rl***** blk_init_rl:925 
[    8.964547] ******blk_init_rl***** blk_init_rl:925 
[    8.970014] ******blk_init_rl***** blk_init_rl:925 
[    8.975481] ******blk_init_rl***** blk_init_rl:925 
[    8.980947] ******blk_init_rl***** blk_init_rl:925 
[    8.986414] ******blk_init_rl***** blk_init_rl:925 
[    8.991881] ******blk_init_rl***** blk_init_rl:925 
[    8.997350] ******blk_init_rl***** blk_init_rl:925 
[    9.002818] ******blk_init_rl***** blk_init_rl:925 
[    9.008288] ******blk_init_rl***** blk_init_rl:925 
[    9.013756] ******blk_init_rl***** blk_init_rl:925 
[    9.019224] ******blk_init_rl***** blk_init_rl:925 
[    9.024690] ******blk_init_rl***** blk_init_rl:925 
[    9.030155] ******blk_init_rl***** blk_init_rl:925 
[    9.035623] ******blk_init_rl***** blk_init_rl:925 
[    9.041092] ******blk_init_rl***** blk_init_rl:925 
[    9.046559] ******blk_init_rl***** blk_init_rl:925 
[    9.052027] ******blk_init_rl***** blk_init_rl:925 
[    9.057494] ******blk_init_rl***** blk_init_rl:925 
[    9.062962] ******blk_init_rl***** blk_init_rl:925 
[    9.068429] ******blk_init_rl***** blk_init_rl:925 
[    9.073895] ******blk_init_rl***** blk_init_rl:925 
[    9.079364] ******blk_init_rl***** blk_init_rl:925 
[    9.084832] ******blk_init_rl***** blk_init_rl:925 
[    9.090301] ******blk_init_rl***** blk_init_rl:925 
[    9.095767] ******blk_init_rl***** blk_init_rl:925 
[    9.101234] ******blk_init_rl***** blk_init_rl:925 
[    9.106700] ******blk_init_rl***** blk_init_rl:925 
[    9.112165] ******blk_init_rl***** blk_init_rl:925 
[    9.117632] ******blk_init_rl***** blk_init_rl:925 
[    9.123099] ******blk_init_rl***** blk_init_rl:925 
[    9.128565] ******blk_init_rl***** blk_init_rl:925 
[    9.134033] ******blk_init_rl***** blk_init_rl:925 
[    9.139502] ******blk_init_rl***** blk_init_rl:925 
[    9.144967] ******blk_init_rl***** blk_init_rl:925 
[    9.150434] ******blk_init_rl***** blk_init_rl:925 
[    9.155901] ******blk_init_rl***** blk_init_rl:925 
[    9.161369] ******blk_init_rl***** blk_init_rl:925 
[    9.166836] ******blk_init_rl***** blk_init_rl:925 
[    9.172306] ******blk_init_rl***** blk_init_rl:925 
[    9.177775] ******blk_init_rl***** blk_init_rl:925 
[    9.183242] ******blk_init_rl***** blk_init_rl:925 
[    9.188708] ******blk_init_rl***** blk_init_rl:925 
[    9.194174] ******blk_init_rl***** blk_init_rl:925 
[    9.199642] ******blk_init_rl***** blk_init_rl:925 
[    9.205112] ******blk_init_rl***** blk_init_rl:925 
[    9.210579] ******blk_init_rl***** blk_init_rl:925 
[    9.216049] ******blk_init_rl***** blk_init_rl:925 
[    9.221543] ******blk_init_rl***** blk_init_rl:925 
[    9.227037] ******blk_init_rl***** blk_init_rl:925 
[    9.232514] random: random: fast init done
[    9.237105] ******blk_init_rl***** blk_init_rl:925 
[    9.242598] ******blk_init_rl***** blk_init_rl:925 
[    9.248078] ******blk_init_rl***** blk_init_rl:925 
[    9.253561] ******blk_init_rl***** blk_init_rl:925 
[    9.259054] ******blk_init_rl***** blk_init_rl:925 
[    9.264544] ******blk_init_rl***** blk_init_rl:925 
[    9.270037] ******blk_init_rl***** blk_init_rl:925 
[    9.275531] ******blk_init_rl***** blk_init_rl:925 
[    9.281024] ******blk_init_rl***** blk_init_rl:925 
[    9.286518] ******blk_init_rl***** blk_init_rl:925 
[    9.292016] ******blk_init_rl***** blk_init_rl:925 
[    9.297507] ******blk_init_rl***** blk_init_rl:925 
[    9.303000] ******blk_init_rl***** blk_init_rl:925 
[    9.308492] ******blk_init_rl***** blk_init_rl:925 
[    9.313983] ******blk_init_rl***** blk_init_rl:925 
[    9.319493] ******blk_init_rl***** blk_init_rl:925 
[    9.324987] ******blk_init_rl***** blk_init_rl:925 
[    9.330480] ******blk_init_rl***** blk_init_rl:925 
[    9.335973] ******blk_init_rl***** blk_init_rl:925 
[    9.341466] ******blk_init_rl***** blk_init_rl:925 
[    9.346956] ******blk_init_rl***** blk_init_rl:925 
[    9.352447] ******blk_init_rl***** blk_init_rl:925 
[    9.357939] ******blk_init_rl***** blk_init_rl:925 
[    9.363433] ******blk_init_rl***** blk_init_rl:925 
[    9.368927] ******blk_init_rl***** blk_init_rl:925 
[    9.374420] ******blk_init_rl***** blk_init_rl:925 
[    9.379913] ******blk_init_rl***** blk_init_rl:925 
[    9.385406] ******blk_init_rl***** blk_init_rl:925 
[    9.390900] ******blk_init_rl***** blk_init_rl:925 
[    9.396392] ******blk_init_rl***** blk_init_rl:925 
[    9.401884] ******blk_init_rl***** blk_init_rl:925 
[    9.407377] ******blk_init_rl***** blk_init_rl:925 
