RocksDB:    version 5.4
Date:       Thu Mar 14 21:31:38 2024
CPU:        128 * AMD EPYC 7543 32-Core Processor
CPUCache:   512 KB
... finished 100 ops                              ... finished 100 ops                              ... finished 100 ops                              ... finished 100 ops                              ... finished 200 ops                              ... finished 200 ops                              ... finished 100 ops                              ... finished 200 ops                              ... finished 200 ops                              ... finished 100 ops                              ... finished 100 ops                              ... finished 100 ops                              ... finished 300 ops                              ... finished 200 ops                              ... finished 300 ops                              ... finished 200 ops                              ... finished 300 ops                              ... finished 200 ops                              ... finished 200 ops                              ... finished 300 ops                              ... finished 400 ops                              ... finished 300 ops                              ... finished 300 ops                              ... finished 400 ops                              ... finished 400 ops                              ... finished 400 ops                              ... finished 300 ops                              ... finished 300 ops                              ... finished 400 ops                              ... finished 500 ops                              ... finished 400 ops                              ... finished 500 ops                              ... finished 400 ops                              ... finished 500 ops                              ... finished 400 ops                              ... finished 500 ops                              ... finished 600 ops                              ... finished 500 ops                              ... finished 600 ops                              ... finished 500 ops                              ... finished 500 ops                              ... finished 600 ops                              ... finished 600 ops                              ... finished 500 ops                              ... finished 600 ops                              ... finished 700 ops                              ... finished 600 ops                              ... finished 600 ops                              ... finished 700 ops                              ... finished 700 ops                              ... finished 700 ops                              ... finished 600 ops                              ... finished 700 ops                              ... finished 700 ops                              ... finished 800 ops                              ... finished 700 ops                              ... finished 800 ops                              ... finished 800 ops                              ... finished 700 ops                              ... finished 800 ops                              ... finished 800 ops                              ... finished 800 ops                              ... finished 800 ops                              ... finished 900 ops                              ... finished 900 ops                              ... finished 900 ops                              ... finished 800 ops                              ... finished 900 ops                              ... finished 900 ops                              ... finished 900 ops                              ... finished 900 ops                              ... finished 1000 ops                              ... finished 1000 ops                              ... finished 900 ops                              ... finished 1000 ops                              ... finished 1000 ops                              ... finished 1000 ops                              ... finished 1000 ops                              ... finished 1000 ops                              ... finished 1000 ops                              ... finished 1500 ops                              ... finished 1500 ops                              ... finished 1500 ops                              ... finished 1500 ops                              ... finished 1500 ops                              ... finished 1500 ops                              ... finished 1500 ops                              ... finished 1500 ops                              ... finished 2000 ops                              ... finished 2000 ops                              ... finished 2000 ops                              ... finished 2000 ops                              ... finished 2000 ops                              ... finished 2000 ops                              ... finished 2000 ops                              ... finished 2000 ops                              ... finished 2500 ops                              ... finished 2500 ops                              ... finished 2500 ops                              ... finished 2500 ops                              ... finished 2500 ops                              ... finished 2500 ops                              ... finished 2500 ops                              ... finished 2500 ops                              ... finished 3000 ops                              ... finished 3000 ops                              ... finished 3000 ops                              ... finished 3000 ops                              ... finished 3000 ops                              ... finished 3000 ops                              ... finished 3000 ops                              ... finished 3500 ops                              ... finished 3500 ops                              ... finished 3500 ops                              ... finished 3000 ops                              ... finished 3500 ops                              ... finished 3500 ops                              ... finished 3500 ops                              ... finished 3500 ops                              ... finished 4000 ops                              ... finished 4000 ops                              ... finished 4000 ops                              ... finished 4000 ops                              ... finished 4000 ops                              ... finished 3500 ops                              ... finished 4000 ops                              ... finished 4000 ops                              ... finished 4500 ops                              ... finished 4500 ops                              ... finished 4500 ops                              ... finished 4500 ops                              ... finished 4500 ops                              ... finished 4500 ops                              ... finished 4000 ops                              ... finished 4500 ops                              ... finished 5000 ops                              ... finished 5000 ops                              ... finished 5000 ops                              ... finished 5000 ops                              ... finished 5000 ops                              ... finished 5000 ops                              ... finished 4500 ops                              ... finished 5000 ops                              ... finished 5000 ops                              ... finished 6000 ops                              ... finished 6000 ops                              ... finished 6000 ops                              ... finished 6000 ops                              ... finished 6000 ops                              ... finished 6000 ops                              ... finished 6000 ops                              ... finished 7000 ops                              ... finished 6000 ops                              ... finished 7000 ops                              ... finished 7000 ops                              ... finished 7000 ops                              ... finished 7000 ops                              ... finished 7000 ops                              ... finished 7000 ops                              ... finished 8000 ops                              ... finished 8000 ops                              ... finished 7000 ops                              ... finished 8000 ops                              ... finished 8000 ops                              ... finished 8000 ops                              ... finished 8000 ops                              ... finished 8000 ops                              ... finished 9000 ops                              ... finished 9000 ops                              ... finished 9000 ops                              ... finished 9000 ops                              ... finished 9000 ops                              ... finished 8000 ops                              ... finished 9000 ops                              ... finished 9000 ops                              ... finished 10000 ops                              ... finished 10000 ops                              ... finished 10000 ops                              ... finished 10000 ops                              ... finished 10000 ops                              ... finished 10000 ops                              ... finished 9000 ops                              ... finished 10000 ops                              ... finished 10000 ops                              ... finished 15000 ops                              ... finished 15000 ops                              ... finished 15000 ops                              ... finished 15000 ops                              ... finished 15000 ops                              ... finished 15000 ops                              ... finished 15000 ops                              ... finished 15000 ops                              ... finished 20000 ops                              ... finished 20000 ops                              ... finished 20000 ops                              ... finished 20000 ops                              ... finished 20000 ops                              ... finished 20000 ops                              ... finished 20000 ops                              ... finished 20000 ops                              ... finished 25000 ops                              ... finished 25000 ops                              ... finished 25000 ops                              ... finished 25000 ops                              ... finished 25000 ops                              ... finished 25000 ops                              ... finished 25000 ops                              ... finished 25000 ops                              ... finished 30000 ops                              ... finished 30000 ops                              ... finished 30000 ops                              ... finished 30000 ops                              ... finished 30000 ops                              ... finished 30000 ops                              ... finished 30000 ops                              ... finished 35000 ops                              ... finished 30000 ops                              ... finished 35000 ops                              ... finished 35000 ops                              ... finished 35000 ops                              ... finished 35000 ops                              ... finished 35000 ops                              ... finished 35000 ops                              ... finished 40000 ops                              ... finished 40000 ops                              ... finished 35000 ops                              ... finished 40000 ops                              ... finished 40000 ops                              ... finished 40000 ops                              ... finished 40000 ops                              ... finished 40000 ops                              ... finished 45000 ops                              ... finished 40000 ops                              ... finished 45000 ops                              ... finished 45000 ops                              ... finished 45000 ops                              ... finished 45000 ops                              ... finished 45000 ops                              ... finished 45000 ops                              ... finished 50000 ops                              ... finished 45000 ops                              ... finished 50000 ops                              ... finished 50000 ops                              ... finished 50000 ops                              ... finished 50000 ops                              ... finished 50000 ops                              ... finished 50000 ops                              ... finished 50000 ops                              ... finished 60000 ops                              ... finished 60000 ops                              ... finished 60000 ops                              ... finished 60000 ops                              ... finished 60000 ops                              ... finished 60000 ops                              ... finished 60000 ops                              ... finished 60000 ops                              ... finished 70000 ops                              ... finished 70000 ops                              ... finished 70000 ops                              ... finished 70000 ops                              ... finished 70000 ops                              ... finished 70000 ops                              ... finished 70000 ops                              ... finished 70000 ops                              Initializing RocksDB Options from the specified file
Initializing RocksDB Options from command-line flags
Keys:       20 bytes each
Values:     4096 bytes each (2048 bytes after compression)
Entries:    50000000
Prefix:    20 bytes
Keys per prefix:    0
RawSize:    196266.2 MB (estimated)
FileSize:   98609.9 MB (estimated)
Write rate: 0 bytes/second
Read rate: 0 ops/second
Compression: NoCompression
Memtablerep: prefix_hash
Perf Level: 1
------------------------------------------------
DB path: [/users/kannan11/ssd/ioopt/appbench/apps/RocksDB-YCSB/DATA]
ycsbwklde    :     332.609 micros/op 3006 ops/sec; ( reads:72304 writes:3695 total:50000000 found:0)
	Command being timed: "/users/kannan11/ssd/ioopt/appbench/apps/RocksDB-YCSB/db_bench --db=/users/kannan11/ssd/ioopt/appbench/apps/RocksDB-YCSB/DATA --num_levels=6 --key_size=20 --prefix_size=20 --memtablerep=prefix_hash --bloom_bits=10 --bloom_locality=1 --use_existing_db=1 --num=50000000 --duration=200 --compression_type=none --value_size=4096 --threads=8 --benchmarks=ycsbwklde --use_existing_db=1 --mmap_read=0 --threads=8"
	User time (seconds): 261.06
	System time (seconds): 198.95
	Percent of CPU this job got: 224%
	Elapsed (wall clock) time (h:mm:ss or m:ss): 3:25.08
	Average shared text size (kbytes): 0
	Average unshared data size (kbytes): 0
	Average stack size (kbytes): 0
	Average total size (kbytes): 0
	Maximum resident set size (kbytes): 1843736
	Average resident set size (kbytes): 0
	Major (requiring I/O) page faults: 129423
	Minor (reclaiming a frame) page faults: 1496764
	Voluntary context switches: 15823468
	Involuntary context switches: 13667
	Swaps: 0
	File system inputs: 132501080
	File system outputs: 7349800
	Socket messages sent: 0
	Socket messages received: 0
	Signals delivered: 0
	Page size (bytes): 4096
	Exit status: 0
[245226.952651] sh (166748): drop_caches: 3
[245227.047316] sh (166755): drop_caches: 3
[245370.377783] python invoked oom-killer: gfp_mask=0x1100dca(GFP_HIGHUSER_MOVABLE|__GFP_ZERO), order=0, oom_score_adj=0
[245370.377808] CPU: 1 PID: 167420 Comm: python Tainted: G           OE     5.15.0-86-generic #96-Ubuntu
[245370.377811] Hardware name: Dell Inc. PowerEdge R6525/024PW1, BIOS 2.6.6 01/13/2022
[245370.377814] Call Trace:
[245370.377820]  <TASK>
[245370.377828]  show_stack+0x52/0x5c
[245370.377841]  dump_stack_lvl+0x4a/0x63
[245370.377846]  dump_stack+0x10/0x16
[245370.377847]  dump_header+0x53/0x228
[245370.377850]  oom_kill_process.cold+0xb/0x10
[245370.377852]  out_of_memory+0x106/0x2e0
[245370.377855]  __alloc_pages_slowpath.constprop.0+0x9b7/0xa80
[245370.377860]  __alloc_pages+0x311/0x330
[245370.377863]  alloc_pages_vma+0x9d/0x390
[245370.377866]  do_anonymous_page+0xf2/0x3c0
[245370.377871]  handle_pte_fault+0x20a/0x240
[245370.377872]  __handle_mm_fault+0x405/0x6f0
[245370.377873]  handle_mm_fault+0xd8/0x2c0
[245370.377875]  do_user_addr_fault+0x1c9/0x670
[245370.377878]  exc_page_fault+0x77/0x170
[245370.377882]  asm_exc_page_fault+0x27/0x30
[245370.377884] RIP: 0033:0x7f669b94ca4b
[245370.377891] Code: 69 f1 45 31 ff 48 83 e7 f0 48 8d 5f 10 48 89 5c 24 f8 31 ff 4d 85 ed 7e 2a 66 0f 1f 44 00 00 c5 fc 10 44 be 20 c5 fc 10 0c be <c5> fc 11 44 b8 20 c5 fc 11 0c b8 48 83 c7 10 4c 39 ef 7c e1 48 8b
[245370.377892] RSP: 002b:00007f65c71edc00 EFLAGS: 00010297
[245370.377895] RAX: 00007f24a26af840 RBX: 000000000002d200 RCX: 000000000002d200
[245370.377895] RDX: 00007f65c71edce0 RSI: 00007f250c5b3840 RDI: 000000000000c9f0
[245370.377896] RBP: 00007f65c71edc40 R08: 0000000000000010 R09: 00007ffc60391108
[245370.377897] R10: 00007f65c71edcb0 R11: 0000000000000290 R12: 0000000000000010
[245370.377898] R13: 000000000002d1f1 R14: 00007f65c71edc70 R15: 000000000000000b
[245370.377901]  </TASK>
[245370.377902] Mem-Info:
[245370.377935] active_anon:1102205 inactive_anon:63797532 isolated_anon:0
                 active_file:233 inactive_file:0 isolated_file:0
                 unevictable:768 dirty:0 writeback:0
                 slab_reclaimable:74744 slab_unreclaimable:237581
                 mapped:22 shmem:1054 pagetables:132088 bounce:0
                 kernel_misc_reclaimable:0
                 free:152098 free_pcp:0 free_cma:0
[245370.377939] Node 0 active_anon:2205628kB inactive_anon:126921788kB active_file:860kB inactive_file:0kB unevictable:3072kB isolated(anon):0kB isolated(file):0kB mapped:0kB dirty:0kB writeback:0kB shmem:4208kB shmem_thp: 0kB shmem_pmdmapped: 0kB anon_thp: 0kB writeback_tmp:0kB kernel_stack:12264kB pagetables:262600kB all_unreclaimable? no
[245370.377942] Node 1 active_anon:2203192kB inactive_anon:128268340kB active_file:72kB inactive_file:4kB unevictable:0kB isolated(anon):0kB isolated(file):0kB mapped:96kB dirty:0kB writeback:0kB shmem:8kB shmem_thp: 0kB shmem_pmdmapped: 0kB anon_thp: 2048kB writeback_tmp:0kB kernel_stack:11816kB pagetables:265752kB all_unreclaimable? yes
[245370.377946] Node 0 DMA free:11264kB min:4kB low:16kB high:28kB reserved_highatomic:0KB active_anon:0kB inactive_anon:0kB active_file:0kB inactive_file:0kB unevictable:0kB writepending:0kB present:15964kB managed:15360kB mlocked:0kB bounce:0kB free_pcp:0kB local_pcp:0kB free_cma:0kB
[245370.377950] lowmem_reserve[]: 0 1402 128293 128293 128293
[245370.377953] Node 0 DMA32 free:508040kB min:488kB low:1920kB high:3352kB reserved_highatomic:0KB active_anon:16kB inactive_anon:984120kB active_file:0kB inactive_file:20kB unevictable:0kB writepending:0kB present:1565184kB managed:1499648kB mlocked:0kB bounce:0kB free_pcp:0kB local_pcp:0kB free_cma:0kB
[245370.377957] lowmem_reserve[]: 0 0 126891 126891 126891
[245370.377960] Node 0 Normal free:44388kB min:44436kB low:174372kB high:304308kB reserved_highatomic:0KB active_anon:2205612kB inactive_anon:125937668kB active_file:832kB inactive_file:0kB unevictable:3072kB writepending:0kB present:132103168kB managed:129945728kB mlocked:0kB bounce:0kB free_pcp:0kB local_pcp:0kB free_cma:0kB
[245370.377963] lowmem_reserve[]: 0 0 0 0 0
[245370.377965] Node 1 Normal free:44700kB min:45176kB low:177268kB high:309360kB reserved_highatomic:0KB active_anon:2203192kB inactive_anon:128268340kB active_file:72kB inactive_file:4kB unevictable:0kB writepending:0kB present:134213632kB managed:132094272kB mlocked:0kB bounce:0kB free_pcp:0kB local_pcp:0kB free_cma:0kB
[245370.377968] lowmem_reserve[]: 0 0 0 0 0
[245370.377970] Node 0 DMA: 0*4kB 0*8kB 0*16kB 0*32kB 0*64kB 0*128kB 0*256kB 0*512kB 1*1024kB (U) 1*2048kB (M) 2*4096kB (M) = 11264kB
[245370.377976] Node 0 DMA32: 287*4kB (UM) 353*8kB (UM) 283*16kB (UM) 194*32kB (UME) 129*64kB (UME) 78*128kB (UME) 14*256kB (UE) 5*512kB (UME) 4*1024kB (ME) 1*2048kB (E) 113*4096kB (ME) = 508084kB
[245370.377984] Node 0 Normal: 1111*4kB (UME) 653*8kB (UME) 476*16kB (UME) 151*32kB (UME) 152*64kB (UME) 70*128kB (UME) 14*256kB (UME) 0*512kB 0*1024kB 0*2048kB 0*4096kB = 44388kB
[245370.377990] Node 1 Normal: 620*4kB (UME) 609*8kB (UME) 326*16kB (UME) 134*32kB (UME) 84*64kB (UME) 55*128kB (UME) 61*256kB (UM) 0*512kB 0*1024kB 0*2048kB 0*4096kB = 44888kB
[245370.377998] Node 0 hugepages_total=0 hugepages_free=0 hugepages_surp=0 hugepages_size=1048576kB
[245370.378000] Node 0 hugepages_total=0 hugepages_free=0 hugepages_surp=0 hugepages_size=2048kB
[245370.378001] Node 1 hugepages_total=0 hugepages_free=0 hugepages_surp=0 hugepages_size=1048576kB
[245370.378001] Node 1 hugepages_total=0 hugepages_free=0 hugepages_surp=0 hugepages_size=2048kB
[245370.378002] 175939 total pagecache pages
[245370.378003] 174615 pages in swap cache
[245370.378003] Swap cache stats: add 11336503, delete 11138402, find 177416/437790
[245370.378004] Free swap  = 0kB
[245370.378005] Total swap = 8389440kB
[245370.378006] 66974487 pages RAM
[245370.378006] 0 pages HighMem/MovableOnly
[245370.378007] 1085735 pages reserved
[245370.378008] 0 pages hwpoisoned
[245370.378008] Tasks state (memory values in pages):
[245370.378009] [  pid  ]   uid  tgid total_vm      rss pgtables_bytes swapents oom_score_adj name
[245370.378064] [   1715]     0  1715    42935      155   348160      364          -250 systemd-journal
[245370.378067] [   1755]     0  1755     6500       17    65536      533         -1000 systemd-udevd
[245370.378072] [   3176]   111  3176     2025       32    49152       78             0 rpcbind
[245370.378074] [   3418]   103  3418     2179       88    53248       97          -900 dbus-daemon
[245370.378076] [   3423]     0  3423    20919      188    61440      139             0 irqbalance
[245370.378078] [   3424]     0  3424     8180      425   106496     1722             0 networkd-dispat
[245370.378081] [   3428]   107  3428    55600      209    81920      355             0 rsyslogd
[245370.378083] [   3430]     0  3430     2965       38    65536      317             0 smartd
[245370.378085] [   3431]     0  3431     3882       56    69632      202             0 systemd-logind
[245370.378086] [   3433]     0  3433     4123       31    77824      184             0 wpa_supplicant
[245370.378088] [   3441]   102  3441     6415      248    98304      866             0 systemd-resolve
[245370.378091] [   3654]   113  3654    19021       56    69632      229             0 ntpd
[245370.378093] [   3696]     0  3696     3890      105    73728      335         -1000 sshd
[245370.378097] [   5520]     0  5520     1723       26    53248       35             0 cron
[245370.378099] [   5532]     0  5532     1449        0    53248       34             0 agetty
[245370.378101] [   5544]     0  5544     1543        0    49152       32             0 agetty
[245370.378104] [   5550]   101  5550     4061       61    69632      206             0 systemd-network
[245370.378106] [   5634]     0  5634      721       30    45056       29             0 slothd
[245370.378108] [   5636]     0  5636     4911      640    77824     1615             0 watchdog
[245370.378110] [   5660]     0  5660     1984       25    53248      125             0 pubsubd
[245370.378113] [   6196]     0  6196      698       14    40960       20             0 emulab-syncd
[245370.378116] [   6202]     0  6202     4774      223    73728     1908             0 rc.progagent
[245370.378118] [   6203]  2002  6203     2120        0    61440      198             0 program-agent
[245370.378119] [   6251]     0  6251     2044       14    53248      183             0 linktest
[245370.378124] [  34415] 20001 34415     4264        0    73728      413             0 systemd
[245370.378126] [  34416] 20001 34416    42263      172    90112      756             0 (sd-pam)
[245370.378128] [  34865]     0 34865    73901       73   167936      659             0 packagekitd
[245370.378131] [  34869]     0 34869    58626        0    86016      209             0 polkitd
[245370.378133] [  34998] 20001 34998     5892      150    73728      690             0 mosh-server
[245370.378136] [  34999] 20001 34999     1778        1    53248      161             0 tcsh
[245370.378138] [  35006] 20001 35006     2191        1    57344      441             0 bash
[245370.378140] [  38863]   108 38863     2299        6    57344       52             0 uuidd
[245370.378144] [  40325] 20001 40325     7382      838    90112     1499             0 mosh-server
[245370.378146] [  40326] 20001 40326     1778        1    57344      135             0 tcsh
[245370.378149] [  40333] 20001 40333     2164      174    65536      247             0 bash
[245370.378152] [  81312] 20001 81312     3069      454    61440      181             0 top
[245370.378155] [ 142343] 20001 142343     5835      328    77824      431             0 mosh-server
[245370.378158] [ 142344] 20001 142344     1778        1    49152      161             0 tcsh
[245370.378160] [ 142351] 20001 142351     2197       21    53248      410             0 bash
[245370.378161] [ 145323] 20001 145323     1908        1    53248      149             0 release-run-fir
[245370.378165] [ 166797] 20001 166797     1842        3    49152       74             0 train-run-med.s
[245370.378167] [ 167288] 20001 167288 69066473 64598811 534454272  1738537             0 python
[245370.378169] [ 167446] 20001 167446     1525        0    53248       52             0 time
[245370.378171] [ 167447] 20001 167447   565708   118676  3833856   341806             0 db_bench
[245370.378173] oom-kill:constraint=CONSTRAINT_NONE,nodemask=(null),cpuset=/,mems_allowed=0-1,global_oom,task_memcg=/user.slice/user-20001.slice/session-60.scope,task=python,pid=167288,uid=20001
[245370.378641] Out of memory: Killed process 167288 (python) total-vm:276265892kB, anon-rss:258395240kB, file-rss:0kB, shmem-rss:4kB, UID:20001 pgtables:521928kB oom_score_adj:0
[245382.078251] oom_reaper: reaped process 167288 (python), now anon-rss:0kB, file-rss:0kB, shmem-rss:4kB
