+ sudo dmesg -c
[    0.000000] microcode: microcode updated early to revision 0x43, date = 2019-03-01
[    0.000000] main: Linux version 4.17.0 (root@node-1.16-04-kernel.fsperfatscale-pg0.wisc.cloudlab.us) (gcc version 5.4.0 20160609 (Ubuntu 5.4.0-6ubuntu1~16.04.11)) #70 SMP Mon Oct 28 15:44:02 MDT 2019
[    0.000000] Command line: BOOT_IMAGE=/boot/vmlinuz-4.17.0 root=UUID=ce184cb1-3771-4a20-b6cd-8e9a4649a561 ro console=ttyS0,115200 crashkernel=384M-:128M
[    0.000000] common: KERNEL supported cpus:
[    0.000000] common:   Intel GenuineIntel
[    0.000000] common:   AMD AuthenticAMD
[    0.000000] common:   Centaur CentaurHauls
[    0.000000] xstate: x86/fpu: Supporting XSAVE feature 0x001: 'x87 floating point registers'
[    0.000000] xstate: x86/fpu: Supporting XSAVE feature 0x002: 'SSE registers'
[    0.000000] xstate: x86/fpu: Supporting XSAVE feature 0x004: 'AVX registers'
[    0.000000] xstate: x86/fpu: xstate_offset[2]:  576, xstate_sizes[2]:  256
[    0.000000] xstate: x86/fpu: Enabled xstate features 0x7, context size is 832 bytes, using 'standard' format.
[    0.000000] e820: e820: BIOS-provided physical RAM map:
[    0.000000] e820: BIOS-e820: [mem 0x0000000000000000-0x0000000000099bff] usable
[    0.000000] e820: BIOS-e820: [mem 0x0000000000099c00-0x000000000009ffff] reserved
[    0.000000] e820: BIOS-e820: [mem 0x00000000000e0000-0x00000000000fffff] reserved
[    0.000000] e820: BIOS-e820: [mem 0x0000000000100000-0x00000000791d3fff] usable
[    0.000000] e820: BIOS-e820: [mem 0x00000000791d4000-0x00000000799cdfff] reserved
[    0.000000] e820: BIOS-e820: [mem 0x00000000799ce000-0x0000000079a32fff] ACPI data
[    0.000000] e820: BIOS-e820: [mem 0x0000000079a33000-0x0000000079fa1fff] ACPI NVS
[    0.000000] e820: BIOS-e820: [mem 0x0000000079fa2000-0x000000008fffffff] reserved
[    0.000000] e820: BIOS-e820: [mem 0x00000000fed1c000-0x00000000fed44fff] reserved
[    0.000000] e820: BIOS-e820: [mem 0x00000000ff000000-0x00000000ffffffff] reserved
[    0.000000] e820: BIOS-e820: [mem 0x0000000100000000-0x000000287fffffff] usable
[    0.000000] NX (Execute Disable) protection: active
[    0.000000] dmi_scan: SMBIOS 3.0.0 present.
[    0.000000] dmi_scan: DMI: Cisco Systems Inc UCSC-C220-M4S/UCSC-C220-M4S, BIOS C220M4.3.0.3c.0.0831170216 08/31/2017
[    0.000000] e820: update [mem 0x00000000-0x00000fff] usable ==> reserved
[    0.000000] e820: remove [mem 0x000a0000-0x000fffff] usable
[    0.000000] e820: e820: last_pfn = 0x2880000 max_arch_pfn = 0x400000000
[    0.000000] generic: MTRR default type: write-back
[    0.000000] generic: MTRR fixed ranges enabled:
[    0.000000] generic:   00000-9FFFF write-back
[    0.000000] generic:   A0000-BFFFF uncachable
[    0.000000] generic:   C0000-FFFFF write-protect
[    0.000000] generic: MTRR variable ranges enabled:
[    0.000000] generic:   0 base 000080000000 mask 3FFF80000000 uncachable
[    0.000000] generic:   1 base 038000000000 mask 3F8000000000 uncachable
[    0.000000] generic:   2 disabled
[    0.000000] generic:   3 disabled
[    0.000000] generic:   4 disabled
[    0.000000] generic:   5 disabled
[    0.000000] generic:   6 disabled
[    0.000000] generic:   7 disabled
[    0.000000] generic:   8 disabled
[    0.000000] generic:   9 disabled
[    0.000000] x86/PAT: Configuration [0-7]: WB  WC  UC- UC  WB  WP  UC- WT  
[    0.000000] e820: e820: last_pfn = 0x791d4 max_arch_pfn = 0x400000000
[    0.000000] mpparse: found SMP MP-table at [mem 0x000fd010-0x000fd01f] mapped at [        (ptrval)]
[    0.000000] Scanning 1 areas for low memory corruption
[    0.000000] Base memory trampoline at [        (ptrval)] 7e000 size 24576
[    0.000000] Using GB pages for direct mapping
[    0.000000] BRK [0x0aeed000, 0x0aeedfff] PGTABLE
[    0.000000] BRK [0x0aeee000, 0x0aeeefff] PGTABLE
[    0.000000] BRK [0x0aeef000, 0x0aeeffff] PGTABLE
[    0.000000] RAMDISK: [mem 0x1c4a2000-0x2a248fff]
[    0.000000] tables: Early table checksum verification disabled
[    0.000000] ACPI: RSDP 0x00000000000F05B0 000024 (v02 Cisco0)
[    0.000000] ACPI: XSDT 0x00000000799E20A8 0000D4 (v01 Cisco0 CiscoUCS 01072009 AMI  00010013)
[    0.000000] ACPI: FACP 0x0000000079A16CE0 00010C (v05 Cisco0 CiscoUCS 01072009 AMI  00010013)
[    0.000000] ACPI: DSDT 0x00000000799E2210 034ACB (v02 Cisco0 CiscoUCS 01072009 INTL 20091013)
[    0.000000] ACPI: FACS 0x0000000079FA0F80 000040
[    0.000000] ACPI: APIC 0x0000000079A16DF0 000294 (v03 Cisco0 CiscoUCS 01072009 AMI  00010013)
[    0.000000] ACPI: FPDT 0x0000000079A17088 000044 (v01 Cisco0 CiscoUCS 01072009 AMI  00010013)
[    0.000000] ACPI: FIDT 0x0000000079A170D0 00009C (v01 Cisco0 CiscoUCS 01072009 AMI  00010013)
[    0.000000] ACPI: SPMI 0x0000000079A17170 000041 (v05 Cisco0 CiscoUCS 00000000 AMI. 00000000)
[    0.000000] ACPI: MCFG 0x0000000079A171B8 00003C (v01 Cisco0 CiscoUCS 01072009 MSFT 00000097)
[    0.000000] ACPI: UEFI 0x0000000079A171F8 000042 (v01 Cisco0 CiscoUCS 01072009      00000000)
[    0.000000] ACPI: HPET 0x0000000079A17240 000038 (v01 Cisco0 CiscoUCS 00000001 INTL 20091013)
[    0.000000] ACPI: MSCT 0x0000000079A17278 000090 (v01 Cisco0 CiscoUCS 00000001 INTL 20091013)
[    0.000000] ACPI: SLIT 0x0000000079A17308 000030 (v01 Cisco0 CiscoUCS 00000001 INTL 20091013)
[    0.000000] ACPI: SRAT 0x0000000079A17338 001158 (v03 Cisco0 CiscoUCS 00000001 INTL 20091013)
[    0.000000] ACPI: WDDT 0x0000000079A18490 000040 (v01 Cisco0 CiscoUCS 00000000 INTL 20091013)
[    0.000000] ACPI: SSDT 0x0000000079A184D0 0171BD (v02 Cisco0 PmMgt    00000002 INTL 20120913)
[    0.000000] ACPI: NITR 0x0000000079A2F690 000071 (v02 Cisco0 CiscoUCS 00000001 INTL 20091013)
[    0.000000] ACPI: SSDT 0x0000000079A2F708 002654 (v02 Cisco0 SpsNm    00000002 INTL 20120913)
[    0.000000] ACPI: SSDT 0x0000000079A31D60 000064 (v02 Cisco0 SpsNvs   00000002 INTL 20120913)
[    0.000000] ACPI: PRAD 0x0000000079A31DC8 000102 (v02 Cisco0 CiscoUCS 00000002 INTL 20120913)
[    0.000000] ACPI: DMAR 0x0000000079A31ED0 000100 (v01 Cisco0 CiscoUCS 00000001 INTL 20091013)
[    0.000000] ACPI: HEST 0x0000000079A31FD0 0000A8 (v01 Cisco0 CiscoUCS 00000001 INTL 00000001)
[    0.000000] ACPI: BERT 0x0000000079A32078 000030 (v01 Cisco0 CiscoUCS 00000001 INTL 00000001)
[    0.000000] ACPI: ERST 0x0000000079A320A8 000230 (v01 Cisco0 CiscoUCS 00000001 INTL 00000001)
[    0.000000] ACPI: EINJ 0x0000000079A322D8 000130 (v01 Cisco0 CiscoUCS 00000001 INTL 00000001)
[    0.000000] ACPI: Local APIC address 0xfee00000
[    0.000000] SRAT: PXM 0 -> APIC 0x00 -> Node 0
[    0.000000] SRAT: PXM 0 -> APIC 0x02 -> Node 0
[    0.000000] SRAT: PXM 0 -> APIC 0x04 -> Node 0
[    0.000000] SRAT: PXM 0 -> APIC 0x06 -> Node 0
[    0.000000] SRAT: PXM 0 -> APIC 0x08 -> Node 0
[    0.000000] SRAT: PXM 0 -> APIC 0x10 -> Node 0
[    0.000000] SRAT: PXM 0 -> APIC 0x12 -> Node 0
[    0.000000] SRAT: PXM 0 -> APIC 0x14 -> Node 0
[    0.000000] SRAT: PXM 0 -> APIC 0x16 -> Node 0
[    0.000000] SRAT: PXM 0 -> APIC 0x18 -> Node 0
[    0.000000] SRAT: PXM 1 -> APIC 0x20 -> Node 1
[    0.000000] SRAT: PXM 1 -> APIC 0x22 -> Node 1
[    0.000000] SRAT: PXM 1 -> APIC 0x24 -> Node 1
[    0.000000] SRAT: PXM 1 -> APIC 0x26 -> Node 1
[    0.000000] SRAT: PXM 1 -> APIC 0x28 -> Node 1
[    0.000000] SRAT: PXM 1 -> APIC 0x30 -> Node 1
[    0.000000] SRAT: PXM 1 -> APIC 0x32 -> Node 1
[    0.000000] SRAT: PXM 1 -> APIC 0x34 -> Node 1
[    0.000000] SRAT: PXM 1 -> APIC 0x36 -> Node 1
[    0.000000] SRAT: PXM 1 -> APIC 0x38 -> Node 1
[    0.000000] SRAT: PXM 0 -> APIC 0x01 -> Node 0
[    0.000000] SRAT: PXM 0 -> APIC 0x03 -> Node 0
[    0.000000] SRAT: PXM 0 -> APIC 0x05 -> Node 0
[    0.000000] SRAT: PXM 0 -> APIC 0x07 -> Node 0
[    0.000000] SRAT: PXM 0 -> APIC 0x09 -> Node 0
[    0.000000] SRAT: PXM 0 -> APIC 0x11 -> Node 0
[    0.000000] SRAT: PXM 0 -> APIC 0x13 -> Node 0
[    0.000000] SRAT: PXM 0 -> APIC 0x15 -> Node 0
[    0.000000] SRAT: PXM 0 -> APIC 0x17 -> Node 0
[    0.000000] SRAT: PXM 0 -> APIC 0x19 -> Node 0
[    0.000000] SRAT: PXM 1 -> APIC 0x21 -> Node 1
[    0.000000] SRAT: PXM 1 -> APIC 0x23 -> Node 1
[    0.000000] SRAT: PXM 1 -> APIC 0x25 -> Node 1
[    0.000000] SRAT: PXM 1 -> APIC 0x27 -> Node 1
[    0.000000] SRAT: PXM 1 -> APIC 0x29 -> Node 1
[    0.000000] SRAT: PXM 1 -> APIC 0x31 -> Node 1
[    0.000000] SRAT: PXM 1 -> APIC 0x33 -> Node 1
[    0.000000] SRAT: PXM 1 -> APIC 0x35 -> Node 1
[    0.000000] SRAT: PXM 1 -> APIC 0x37 -> Node 1
[    0.000000] SRAT: PXM 1 -> APIC 0x39 -> Node 1
[    0.000000] acpi: SRAT: Node 0 PXM 0 [mem 0x00000000-0x7fffffff]
[    0.000000] acpi: SRAT: Node 0 PXM 0 [mem 0x100000000-0x107fffffff]
[    0.000000] acpi: SRAT: Node 0 PXM 0 [mem 0x1080000000-0x147fffffff]
[    0.000000] acpi: SRAT: Node 1 PXM 1 [mem 0x1480000000-0x247fffffff]
[    0.000000] acpi: SRAT: Node 1 PXM 1 [mem 0x2480000000-0x287fffffff]
[    0.000000] NUMA: Initialized distance table, cnt=2
[    0.000000] NUMA: Node 0 [mem 0x00000000-0x7fffffff] + [mem 0x100000000-0x107fffffff] -> [mem 0x00000000-0x107fffffff]
[    0.000000] NUMA: Node 0 [mem 0x00000000-0x107fffffff] + [mem 0x1080000000-0x147fffffff] -> [mem 0x00000000-0x147fffffff]
[    0.000000] NUMA: Node 1 [mem 0x1480000000-0x247fffffff] + [mem 0x2480000000-0x287fffffff] -> [mem 0x1480000000-0x287fffffff]
[    0.000000] NODE_DATA(0) allocated [mem 0x147fffc000-0x147fffffff]
[    0.000000] NODE_DATA(1) allocated [mem 0x287fff9000-0x287fffcfff]
[    0.000000] setup: Reserving 128MB of memory at 768MB for crashkernel (System RAM: 163729MB)
[    0.000000] tsc: Fast TSC calibration using PIT
[    0.000000] page_alloc: Zone ranges:
[    0.000000] page_alloc:   DMA32    [mem 0x0000000000001000-0x00000000ffffffff]
[    0.000000] page_alloc:   Normal   [mem 0x0000000100000000-0x000000287fffffff]
[    0.000000] page_alloc:   Device   empty
[    0.000000] page_alloc: Movable zone start for each node
[    0.000000] page_alloc: Early memory node ranges
[    0.000000] page_alloc:   node   0: [mem 0x0000000000001000-0x0000000000098fff]
[    0.000000] page_alloc:   node   0: [mem 0x0000000000100000-0x00000000791d3fff]
[    0.000000] page_alloc:   node   0: [mem 0x0000000100000000-0x000000147fffffff]
[    0.000000] page_alloc:   node   1: [mem 0x0000001480000000-0x000000287fffffff]
[    0.000000] page_alloc: Initmem setup node 0 [mem 0x0000000000001000-0x000000147fffffff]
[    0.000000] On node 0 totalpages: 20943212
[    0.000000]   DMA32 zone: 17437 pages used for memmap
[    0.000000]   DMA32 zone: 42 pages reserved
[    0.000000]   DMA32 zone: 495980 pages, LIFO batch:31
[    0.000000]   Normal zone: 718848 pages used for memmap
[    0.000000]   Normal zone: 20447232 pages, LIFO batch:31
[    0.000000] page_alloc: Initmem setup node 1 [mem 0x0000001480000000-0x000000287fffffff]
[    0.000000] On node 1 totalpages: 20971520
[    0.000000]   Normal zone: 737280 pages used for memmap
[    0.000000]   Normal zone: 20971520 pages, LIFO batch:31
[    0.000000] page_alloc: Reserved but unavailable: 104 pages
[    0.000000] ACPI: PM-Timer IO Port: 0x408
[    0.000000] ACPI: Local APIC address 0xfee00000
[    0.000000] tables: LAPIC_NMI (acpi_id[0x00] high edge lint[0x1])
[    0.000000] tables: LAPIC_NMI (acpi_id[0x02] high edge lint[0x1])
[    0.000000] tables: LAPIC_NMI (acpi_id[0x04] high edge lint[0x1])
[    0.000000] tables: LAPIC_NMI (acpi_id[0x06] high edge lint[0x1])
[    0.000000] tables: LAPIC_NMI (acpi_id[0x08] high edge lint[0x1])
[    0.000000] tables: LAPIC_NMI (acpi_id[0x10] high edge lint[0x1])
[    0.000000] tables: LAPIC_NMI (acpi_id[0x12] high edge lint[0x1])
[    0.000000] tables: LAPIC_NMI (acpi_id[0x14] high edge lint[0x1])
[    0.000000] tables: LAPIC_NMI (acpi_id[0x16] high edge lint[0x1])
[    0.000000] tables: LAPIC_NMI (acpi_id[0x18] high edge lint[0x1])
[    0.000000] tables: LAPIC_NMI (acpi_id[0x20] high edge lint[0x1])
[    0.000000] tables: LAPIC_NMI (acpi_id[0x22] high edge lint[0x1])
[    0.000000] tables: LAPIC_NMI (acpi_id[0x24] high edge lint[0x1])
[    0.000000] tables: LAPIC_NMI (acpi_id[0x26] high edge lint[0x1])
[    0.000000] tables: LAPIC_NMI (acpi_id[0x28] high edge lint[0x1])
[    0.000000] tables: LAPIC_NMI (acpi_id[0x30] high edge lint[0x1])
[    0.000000] tables: LAPIC_NMI (acpi_id[0x32] high edge lint[0x1])
[    0.000000] tables: LAPIC_NMI (acpi_id[0x34] high edge lint[0x1])
[    0.000000] tables: LAPIC_NMI (acpi_id[0x36] high edge lint[0x1])
[    0.000000] tables: LAPIC_NMI (acpi_id[0x38] high edge lint[0x1])
[    0.000000] tables: LAPIC_NMI (acpi_id[0x01] high edge lint[0x1])
[    0.000000] tables: LAPIC_NMI (acpi_id[0x03] high edge lint[0x1])
[    0.000000] tables: LAPIC_NMI (acpi_id[0x05] high edge lint[0x1])
[    0.000000] tables: LAPIC_NMI (acpi_id[0x07] high edge lint[0x1])
[    0.000000] tables: LAPIC_NMI (acpi_id[0x09] high edge lint[0x1])
[    0.000000] tables: LAPIC_NMI (acpi_id[0x11] high edge lint[0x1])
[    0.000000] tables: LAPIC_NMI (acpi_id[0x13] high edge lint[0x1])
[    0.000000] tables: LAPIC_NMI (acpi_id[0x15] high edge lint[0x1])
[    0.000000] tables: LAPIC_NMI (acpi_id[0x17] high edge lint[0x1])
[    0.000000] tables: LAPIC_NMI (acpi_id[0x19] high edge lint[0x1])
[    0.000000] tables: LAPIC_NMI (acpi_id[0x21] high edge lint[0x1])
[    0.000000] tables: LAPIC_NMI (acpi_id[0x23] high edge lint[0x1])
[    0.000000] tables: LAPIC_NMI (acpi_id[0x25] high edge lint[0x1])
[    0.000000] tables: LAPIC_NMI (acpi_id[0x27] high edge lint[0x1])
[    0.000000] tables: LAPIC_NMI (acpi_id[0x29] high edge lint[0x1])
[    0.000000] tables: LAPIC_NMI (acpi_id[0x31] high edge lint[0x1])
[    0.000000] tables: LAPIC_NMI (acpi_id[0x33] high edge lint[0x1])
[    0.000000] tables: LAPIC_NMI (acpi_id[0x35] high edge lint[0x1])
[    0.000000] tables: LAPIC_NMI (acpi_id[0x37] high edge lint[0x1])
[    0.000000] tables: LAPIC_NMI (acpi_id[0x39] high edge lint[0x1])
[    0.000000] io_apic: IOAPIC[0]: apic_id 1, version 32, address 0xfec00000, GSI 0-23
[    0.000000] io_apic: IOAPIC[1]: apic_id 2, version 32, address 0xfec01000, GSI 24-47
[    0.000000] io_apic: IOAPIC[2]: apic_id 3, version 32, address 0xfec40000, GSI 48-71
[    0.000000] tables: INT_SRC_OVR (bus 0 bus_irq 0 global_irq 2 dfl dfl)
[    0.000000] tables: INT_SRC_OVR (bus 0 bus_irq 9 global_irq 9 high level)
[    0.000000] ACPI: IRQ0 used by override.
[    0.000000] ACPI: IRQ9 used by override.
[    0.000000] Using ACPI (MADT) for SMP configuration information
[    0.000000] ACPI: HPET id: 0x8086a701 base: 0xfed00000
[    0.000000] smpboot: Allowing 40 CPUs, 0 hotplug CPUs
[    0.000000] snapshot: Registered nosave memory: [mem 0x00000000-0x00000fff]
[    0.000000] snapshot: Registered nosave memory: [mem 0x00099000-0x00099fff]
[    0.000000] snapshot: Registered nosave memory: [mem 0x0009a000-0x0009ffff]
[    0.000000] snapshot: Registered nosave memory: [mem 0x000a0000-0x000dffff]
[    0.000000] snapshot: Registered nosave memory: [mem 0x000e0000-0x000fffff]
[    0.000000] snapshot: Registered nosave memory: [mem 0x791d4000-0x799cdfff]
[    0.000000] snapshot: Registered nosave memory: [mem 0x799ce000-0x79a32fff]
[    0.000000] snapshot: Registered nosave memory: [mem 0x79a33000-0x79fa1fff]
[    0.000000] snapshot: Registered nosave memory: [mem 0x79fa2000-0x8fffffff]
[    0.000000] snapshot: Registered nosave memory: [mem 0x90000000-0xfed1bfff]
[    0.000000] snapshot: Registered nosave memory: [mem 0xfed1c000-0xfed44fff]
[    0.000000] snapshot: Registered nosave memory: [mem 0xfed45000-0xfeffffff]
[    0.000000] snapshot: Registered nosave memory: [mem 0xff000000-0xffffffff]
[    0.000000] e820: e820: [mem 0x90000000-0xfed1bfff] available for PCI devices
[    0.000000] Booting paravirtualized kernel on bare hardware
[    0.000000] clocksource: refined-jiffies: mask: 0xffffffff max_cycles: 0xffffffff, max_idle_ns: 7645519600211568 ns
[    0.000000] setup_percpu: NR_CPUS:256 nr_cpumask_bits:256 nr_cpu_ids:40 nr_node_ids:2
[    0.000000] percpu: Embedded 45 pages/cpu @        (ptrval) s145880 r8192 d30248 u262144
[    0.000000] pcpu-alloc: s145880 r8192 d30248 u262144 alloc=1*2097152
[    0.000000] pcpu-alloc: [0] 00 01 02 03 04 05 06 07 [0] 08 09 20 21 22 23 24 25 
[    0.000000] pcpu-alloc: [0] 26 27 28 29 -- -- -- -- [1] 10 11 12 13 14 15 16 17 
[    0.000000] pcpu-alloc: [1] 18 19 30 31 32 33 34 35 [1] 36 37 38 39 -- -- -- -- 
[    0.000000] page_alloc: Built 2 zonelists, mobility grouping on.  Total pages: 40441125
[    0.000000] page_alloc: Policy zone: Normal
[    0.000000] main: Kernel command line: BOOT_IMAGE=/boot/vmlinuz-4.17.0 root=UUID=ce184cb1-3771-4a20-b6cd-8e9a4649a561 ro console=ttyS0,115200 crashkernel=384M-:128M
[    0.000000] printk: log_buf_len individual max cpu contribution: 4096 bytes
[    0.000000] printk: log_buf_len total cpu_extra contributions: 159744 bytes
[    0.000000] printk: log_buf_len min size: 262144 bytes
[    0.000000] printk: log_buf_len: 524288 bytes
[    0.000000] printk: early log buf free: 244872(93%)
[    0.000000] Calgary: detecting Calgary via BIOS EBDA area
[    0.000000] Calgary: Unable to locate Rio Grande table in EBDA - bailing!
[    0.000000] page_alloc: Memory: 161165864K/167658928K available (14364K kernel code, 1689K rwdata, 4412K rodata, 1784K init, 132208K bss, 6493064K reserved, 0K cma-reserved)
[    0.000000] slub: SLUB: HWalign=64, Order=0-3, MinObjects=0, CPUs=40, Nodes=2
[    0.000000] Kernel/User page tables isolation: enabled
[    0.000000] libftrace: ftrace: allocating 43157 entries in 169 pages
[    0.000000] tree: Hierarchical RCU implementation.
[    0.000000] tree: 	RCU restricting CPUs from NR_CPUS=256 to nr_cpu_ids=40.
[    0.000000] tree: RCU: Adjusting geometry for rcu_fanout_leaf=16, nr_cpu_ids=40
[    0.000000] NR_IRQS: 16640, nr_irqs: 1560, preallocated irqs: 16
[    0.000000] tree: 	Offload RCU callbacks from CPUs: (none).
[    0.000000] vt: Console: colour VGA+ 80x25
[    0.000000] printk: console [ttyS0] enabled
[    0.000000] mempolicy: Enabling automatic NUMA balancing. Configure with numa_balancing= or the kernel.numa_balancing sysctl
[    0.000000] ACPI: Core revision 20180313
[    0.000000] clocksource: hpet: mask: 0xffffffff max_cycles: 0xffffffff, max_idle_ns: 133484882848 ns
[    0.000000] hpet clockevent registered
[    0.000000] apic: APIC: Switch to symmetric I/O mode setup
[    0.004000] dmar: Host address width 46
[    0.008000] dmar: DRHD base: 0x000000fbffc000 flags: 0x0
[    0.012000] dmar: dmar0: reg_base_addr fbffc000 ver 1:0 cap d2078c106f0466 ecap f020de
[    0.016000] dmar: DRHD base: 0x000000c7ffc000 flags: 0x1
[    0.020000] dmar: dmar1: reg_base_addr c7ffc000 ver 1:0 cap d2078c106f0466 ecap f020de
[    0.024000] dmar: RMRR base: 0x0000007bb4c000 end: 0x0000007bb5cfff
[    0.028000] dmar: ATSR flags: 0x0
[    0.032000] dmar: RHSA base: 0x000000c7ffc000 proximity domain: 0x0
[    0.036000] dmar: RHSA base: 0x000000fbffc000 proximity domain: 0x1
[    0.040000] intel_irq_remapping: IOAPIC id 3 under DRHD base  0xfbffc000 IOMMU 0
[    0.044000] intel_irq_remapping: IOAPIC id 1 under DRHD base  0xc7ffc000 IOMMU 1
[    0.048000] intel_irq_remapping: IOAPIC id 2 under DRHD base  0xc7ffc000 IOMMU 1
[    0.052000] intel_irq_remapping: HPET id 0 under DRHD base 0xc7ffc000
[    0.056000] intel_irq_remapping: x2apic is disabled because BIOS sets x2apic opt out bit.
[    0.056000] intel_irq_remapping: Use 'intremap=no_x2apic_optout' to override the BIOS setting.
[    0.064000] intel_irq_remapping: Enabled IRQ remapping in xapic mode
[    0.064000] apic: x2apic: IRQ remapping doesn't support X2APIC mode
[    0.068000] probe_64: Switched APIC routing to physical flat.
[    0.072000] ..TIMER: vector=0x30 apic1=0 pin1=2 apic2=-1 pin2=-1
[    0.092000] tsc: Fast TSC calibration using PIT
[    0.096000] tsc: Detected 2593.689 MHz processor
[    0.100000] clocksource: tsc-early: mask: 0xffffffffffffffff max_cycles: 0x2562f2750ee, max_idle_ns: 440795251791 ns
[    0.104001] calibrate: Calibrating delay loop (skipped), value calculated using timer frequency.. 5187.37 BogoMIPS (lpj=10374756)
[    0.108001] pid: pid_max: default: 40960 minimum: 320
[    0.112078] security: Security Framework initialized
[    0.116001] yama: Yama: becoming mindful.
[    0.120032] AppArmor: AppArmor initialized
[    0.148385] page_alloc: Dentry cache hash table entries: 16777216 (order: 15, 134217728 bytes)
[    0.165151] page_alloc: Inode-cache hash table entries: 8388608 (order: 14, 67108864 bytes)
[    0.168373] page_alloc: Mount-cache hash table entries: 262144 (order: 9, 2097152 bytes)
[    0.176229] page_alloc: Mountpoint-cache hash table entries: 262144 (order: 9, 2097152 bytes)
[    0.180304] topology: CPU: Physical Processor ID: 0
[    0.184001] topology: CPU: Processor Core ID: 0
[    0.188005] intel: ENERGY_PERF_BIAS: Set to 'normal', was 'performance'
[    0.192000] intel: ENERGY_PERF_BIAS: View and update with x86_energy_perf_policy(8)
[    0.196004] mce: CPU supports 22 MCE banks
[    0.200015] therm_throt: CPU0: Thermal monitoring enabled (TM1)
[    0.204021] process: using mwait in idle threads
[    0.208002] common: Last level iTLB entries: 4KB 1024, 2MB 1024, 4MB 1024
[    0.212000] common: Last level dTLB entries: 4KB 1024, 2MB 1024, 4MB 1024, 1GB 4
[    0.216002] Spectre V2 : Mitigation: Full generic retpoline
[    0.220000] Spectre V2 : Spectre v2 mitigation: Enabling Indirect Branch Prediction Barrier
[    0.224000] Spectre V2 : Enabling Restricted Speculation for firmware calls
[    0.228001] Speculative Store Bypass: Mitigation: Speculative Store Bypass disabled via prctl and seccomp
[    0.232138] page_alloc: Freeing SMP alternatives memory: 44K
[    0.237510] TSC deadline timer enabled
[    0.237516] smpboot: CPU0: Intel(R) Xeon(R) CPU E5-2660 v3 @ 2.60GHz (family: 0x6, model: 0x3f, stepping: 0x2)
[    0.240134] core: Performance Events: PEBS fmt2+, Haswell events, 16-deep LBR, full-width counters, Intel PMU driver.
[    0.244003] core: ... version:                3
[    0.248001] core: ... bit width:              48
[    0.252000] core: ... generic registers:      4
[    0.256001] core: ... value mask:             0000ffffffffffff
[    0.260001] core: ... max period:             00007fffffffffff
[    0.264000] core: ... fixed-purpose events:   3
[    0.268001] core: ... event mask:             000000070000000f
[    0.272058] srcutree: Hierarchical SRCU implementation.
[    0.280192] watchdog_hld: Enabled. Permanently consumes one hw-PMU counter.
[    0.284016] smp: Bringing up secondary CPUs ...
[    0.288079] x86: Booting SMP configuration:
[    0.292003] .... node  #0, CPUs:        #1  #2  #3  #4  #5  #6  #7  #8  #9
[    0.328002] .... node  #1, CPUs:   #10 #11 #12 #13 #14 #15 #16 #17 #18 #19
[    0.452002] .... node  #0, CPUs:   #20 #21 #22 #23 #24 #25 #26 #27 #28 #29
[    0.464004] .... node  #1, CPUs:   #30 #31 #32 #33 #34 #35 #36 #37 #38 #39
[    0.476163] smp: Brought up 2 nodes, 40 CPUs
[    0.484001] smpboot: Max logical packages: 2
[    0.488002] smpboot: Total of 40 processors activated (207529.01 BogoMIPS)
[    0.501913] devtmpfs: initialized
[    0.504064] init_64: x86/mm: Memory block size: 2048MB
[    0.508844] evm: security.selinux
[    0.512004] evm: security.SMACK64
[    0.515700] evm: security.apparmor
[    0.516001] evm: security.ima
[    0.519307] evm: security.capability
[    0.520047] acpi: PM: Registering ACPI NVS region [mem 0x79a33000-0x79fa1fff] (5697536 bytes)
[    0.524364] clocksource: jiffies: mask: 0xffffffff max_cycles: 0xffffffff, max_idle_ns: 7645041785100000 ns
[    0.528059] page_alloc: futex hash table entries: 16384 (order: 8, 1048576 bytes)
[    0.532377] xor: automatically using best checksumming function   avx       
[    0.536028] core: initialized pinctrl subsystem
[    0.540057] trace: RTC time:  3:14:10, date: 10/31/19
[    0.544729] socket: NET: Registered protocol family 16
[    0.548128] audit: initializing netlink subsys (disabled)
[    0.556022] audit: type=2000 audit(1572491648.556:1): state=initialized audit_enabled=0 res=1
[    0.564004] cpuidle: using governor ladder
[    0.568024] cpuidle: using governor menu
[    0.572050] random: random: get_random_bytes called from kcmp_cookies_init+0x16/0x38 with crng_init=0
[    0.584003] pci_acpi: ACPI FADT declares the system doesn't support PCIe ASPM, so disable it
[    0.592001] ACPI: bus type PCI registered
[    0.596002] acpiphp: ACPI Hot Plug PCI Controller Driver version: 0.5
[    0.604101] mmconfig_shared: PCI: MMCONFIG for domain 0000 [bus 00-ff] at [mem 0x80000000-0x8fffffff] (base 0x80000000)
[    0.616003] mmconfig_shared: PCI: MMCONFIG at [mem 0x80000000-0x8fffffff] reserved in E820
[    0.624014] PCI: Using configuration type 1 for base access
[    0.632027] core: PMU erratum BJ122, BV98, HSD29 worked around, HT is on
[    0.644061] hugetlb: HugeTLB registered 1.00 GiB page size, pre-allocated 0 pages
[    0.652003] hugetlb: HugeTLB registered 2.00 MiB page size, pre-allocated 0 pages
[    0.726516] raid6_pq: raid6: sse2x1   gen()  8379 MB/s
[    0.798274] raid6_pq: raid6: sse2x1   xor()  6580 MB/s
[    0.870277] raid6_pq: raid6: sse2x2   gen() 10541 MB/s
[    0.942276] raid6_pq: raid6: sse2x2   xor()  7222 MB/s
[    1.014281] raid6_pq: raid6: sse2x4   gen() 12319 MB/s
[    1.086275] raid6_pq: raid6: sse2x4   xor()  8404 MB/s
[    1.158273] raid6_pq: raid6: avx2x1   gen() 16351 MB/s
[    1.230278] raid6_pq: raid6: avx2x1   xor() 12525 MB/s
[    1.302271] raid6_pq: raid6: avx2x2   gen() 18989 MB/s
[    1.374278] raid6_pq: raid6: avx2x2   xor() 13419 MB/s
[    1.446274] raid6_pq: raid6: avx2x4   gen() 22202 MB/s
[    1.518274] raid6_pq: raid6: avx2x4   xor() 14835 MB/s
[    1.524001] raid6_pq: raid6: using algorithm avx2x4 gen() 22202 MB/s
[    1.532001] raid6_pq: raid6: .... xor() 14835 MB/s, rmw enabled
[    1.536002] raid6_pq: raid6: using avx2x2 recovery algorithm
[    1.544200] acpi: Added _OSI(Module Device)
[    1.548002] acpi: Added _OSI(Processor Device)
[    1.552006] acpi: Added _OSI(3.0 _SCP Extensions)
[    1.560002] acpi: Added _OSI(Processor Aggregator Device)
[    1.564004] acpi: Added _OSI(Linux-Dell-Video)
[    1.624007] ACPI: 4 ACPI AML tables successfully acquired and loaded
[    1.637917] acpi: [Firmware Bug]: BIOS _OSI(Linux) query ignored
[    1.652854] ACPI: Dynamic OEM Table Load:
[    1.685174] ACPI: Interpreter enabled
[    1.692014] acpi: ACPI: (supports S0 S5)
[    1.696001] ACPI: Using IOAPIC for interrupt routing
[    1.700056] apei: HEST: Table parsing has been initialized.
[    1.708003] PCI: Using host bridge windows from ACPI; if necessary, use "pci=nocrs" and report a bug
[    1.716583] ACPI: Enabled 5 GPEs in block 00 to 3F
[    1.766073] acpi: ACPI: PCI Root Bridge [UNC1] (domain 0000 [bus ff])
[    1.772005] acpi PNP0A03:02: _OSC: OS supports [ExtendedConfig ASPM ClockPM Segments MSI]
[    1.782537] acpi PNP0A03:02: _OSC: OS now controls [PCIeHotplug PME AER PCIeCapability]
[    1.792003] acpi PNP0A03:02: FADT indicates ASPM is unsupported, using BIOS configuration
[    1.804046] probe: PCI host bridge to bus 0000:ff
[    1.808003] pci_bus 0000:ff: root bus resource [bus ff]
[    1.812011] pci 0000:ff:08.0: [8086:2f80] type 00 class 0x088000
[    1.812069] pci 0000:ff:08.2: [8086:2f32] type 00 class 0x110100
[    1.812120] pci 0000:ff:08.3: [8086:2f83] type 00 class 0x088000
[    1.812168] pci 0000:ff:09.0: [8086:2f90] type 00 class 0x088000
[    1.812211] pci 0000:ff:09.2: [8086:2f33] type 00 class 0x110100
[    1.812254] pci 0000:ff:09.3: [8086:2f93] type 00 class 0x088000
[    1.812302] pci 0000:ff:0b.0: [8086:2f81] type 00 class 0x088000
[    1.812345] pci 0000:ff:0b.1: [8086:2f36] type 00 class 0x110100
[    1.812388] pci 0000:ff:0b.2: [8086:2f37] type 00 class 0x110100
[    1.812432] pci 0000:ff:0c.0: [8086:2fe0] type 00 class 0x088000
[    1.812472] pci 0000:ff:0c.1: [8086:2fe1] type 00 class 0x088000
[    1.812513] pci 0000:ff:0c.2: [8086:2fe2] type 00 class 0x088000
[    1.812555] pci 0000:ff:0c.3: [8086:2fe3] type 00 class 0x088000
[    1.812596] pci 0000:ff:0c.4: [8086:2fe4] type 00 class 0x088000
[    1.812636] pci 0000:ff:0c.5: [8086:2fe5] type 00 class 0x088000
[    1.812678] pci 0000:ff:0c.6: [8086:2fe6] type 00 class 0x088000
[    1.812720] pci 0000:ff:0c.7: [8086:2fe7] type 00 class 0x088000
[    1.812763] pci 0000:ff:0d.0: [8086:2fe8] type 00 class 0x088000
[    1.812805] pci 0000:ff:0d.1: [8086:2fe9] type 00 class 0x088000
[    1.812850] pci 0000:ff:0f.0: [8086:2ff8] type 00 class 0x088000
[    1.812890] pci 0000:ff:0f.1: [8086:2ff9] type 00 class 0x088000
[    1.812931] pci 0000:ff:0f.2: [8086:2ffa] type 00 class 0x088000
[    1.812973] pci 0000:ff:0f.3: [8086:2ffb] type 00 class 0x088000
[    1.813014] pci 0000:ff:0f.4: [8086:2ffc] type 00 class 0x088000
[    1.813057] pci 0000:ff:0f.5: [8086:2ffd] type 00 class 0x088000
[    1.813098] pci 0000:ff:0f.6: [8086:2ffe] type 00 class 0x088000
[    1.813141] pci 0000:ff:10.0: [8086:2f1d] type 00 class 0x088000
[    1.813182] pci 0000:ff:10.1: [8086:2f34] type 00 class 0x110100
[    1.813225] pci 0000:ff:10.5: [8086:2f1e] type 00 class 0x088000
[    1.813265] pci 0000:ff:10.6: [8086:2f7d] type 00 class 0x110100
[    1.813306] pci 0000:ff:10.7: [8086:2f1f] type 00 class 0x088000
[    1.813347] pci 0000:ff:12.0: [8086:2fa0] type 00 class 0x088000
[    1.813392] pci 0000:ff:12.1: [8086:2f30] type 00 class 0x110100
[    1.813436] pci 0000:ff:12.4: [8086:2f60] type 00 class 0x088000
[    1.813480] pci 0000:ff:12.5: [8086:2f38] type 00 class 0x110100
[    1.813526] pci 0000:ff:13.0: [8086:2fa8] type 00 class 0x088000
[    1.813572] pci 0000:ff:13.1: [8086:2f71] type 00 class 0x088000
[    1.813619] pci 0000:ff:13.2: [8086:2faa] type 00 class 0x088000
[    1.813666] pci 0000:ff:13.3: [8086:2fab] type 00 class 0x088000
[    1.813714] pci 0000:ff:13.6: [8086:2fae] type 00 class 0x088000
[    1.813758] pci 0000:ff:13.7: [8086:2faf] type 00 class 0x088000
[    1.813802] pci 0000:ff:14.0: [8086:2fb0] type 00 class 0x088000
[    1.813852] pci 0000:ff:14.1: [8086:2fb1] type 00 class 0x088000
[    1.813899] pci 0000:ff:14.2: [8086:2fb2] type 00 class 0x088000
[    1.813946] pci 0000:ff:14.3: [8086:2fb3] type 00 class 0x088000
[    1.813992] pci 0000:ff:14.4: [8086:2fbc] type 00 class 0x088000
[    1.814036] pci 0000:ff:14.5: [8086:2fbd] type 00 class 0x088000
[    1.814080] pci 0000:ff:14.6: [8086:2fbe] type 00 class 0x088000
[    1.814125] pci 0000:ff:14.7: [8086:2fbf] type 00 class 0x088000
[    1.814169] pci 0000:ff:16.0: [8086:2f68] type 00 class 0x088000
[    1.814217] pci 0000:ff:16.1: [8086:2f79] type 00 class 0x088000
[    1.814271] pci 0000:ff:16.2: [8086:2f6a] type 00 class 0x088000
[    1.814319] pci 0000:ff:16.3: [8086:2f6b] type 00 class 0x088000
[    1.814368] pci 0000:ff:16.6: [8086:2f6e] type 00 class 0x088000
[    1.814412] pci 0000:ff:16.7: [8086:2f6f] type 00 class 0x088000
[    1.814457] pci 0000:ff:17.0: [8086:2fd0] type 00 class 0x088000
[    1.814506] pci 0000:ff:17.1: [8086:2fd1] type 00 class 0x088000
[    1.814555] pci 0000:ff:17.2: [8086:2fd2] type 00 class 0x088000
[    1.814603] pci 0000:ff:17.3: [8086:2fd3] type 00 class 0x088000
[    1.814651] pci 0000:ff:17.4: [8086:2fb8] type 00 class 0x088000
[    1.814697] pci 0000:ff:17.5: [8086:2fb9] type 00 class 0x088000
[    1.814742] pci 0000:ff:17.6: [8086:2fba] type 00 class 0x088000
[    1.814787] pci 0000:ff:17.7: [8086:2fbb] type 00 class 0x088000
[    1.814836] pci 0000:ff:1e.0: [8086:2f98] type 00 class 0x088000
[    1.814881] pci 0000:ff:1e.1: [8086:2f99] type 00 class 0x088000
[    1.814924] pci 0000:ff:1e.2: [8086:2f9a] type 00 class 0x088000
[    1.814968] pci 0000:ff:1e.3: [8086:2fc0] type 00 class 0x088000
[    1.815001] pci 0000:ff:1e.4: [8086:2f9c] type 00 class 0x088000
[    1.815051] pci 0000:ff:1f.0: [8086:2f88] type 00 class 0x088000
[    1.815096] pci 0000:ff:1f.2: [8086:2f8a] type 00 class 0x088000
[    1.815211] acpi: ACPI: PCI Root Bridge [UNC0] (domain 0000 [bus 7f])
[    1.824718] acpi PNP0A03:03: _OSC: OS supports [ExtendedConfig ASPM ClockPM Segments MSI]
[    1.836003] acpi PNP0A03:03: _OSC: OS now controls [PCIeHotplug PME AER PCIeCapability]
[    1.844002] acpi PNP0A03:03: FADT indicates ASPM is unsupported, using BIOS configuration
[    1.852040] probe: PCI host bridge to bus 0000:7f
[    1.856006] pci_bus 0000:7f: root bus resource [bus 7f]
[    1.864008] pci 0000:7f:08.0: [8086:2f80] type 00 class 0x088000
[    1.864056] pci 0000:7f:08.2: [8086:2f32] type 00 class 0x110100
[    1.864099] pci 0000:7f:08.3: [8086:2f83] type 00 class 0x088000
[    1.864143] pci 0000:7f:09.0: [8086:2f90] type 00 class 0x088000
[    1.864184] pci 0000:7f:09.2: [8086:2f33] type 00 class 0x110100
[    1.864224] pci 0000:7f:09.3: [8086:2f93] type 00 class 0x088000
[    1.864269] pci 0000:7f:0b.0: [8086:2f81] type 00 class 0x088000
[    1.864308] pci 0000:7f:0b.1: [8086:2f36] type 00 class 0x110100
[    1.864346] pci 0000:7f:0b.2: [8086:2f37] type 00 class 0x110100
[    1.864386] pci 0000:7f:0c.0: [8086:2fe0] type 00 class 0x088000
[    1.864425] pci 0000:7f:0c.1: [8086:2fe1] type 00 class 0x088000
[    1.864464] pci 0000:7f:0c.2: [8086:2fe2] type 00 class 0x088000
[    1.864502] pci 0000:7f:0c.3: [8086:2fe3] type 00 class 0x088000
[    1.864540] pci 0000:7f:0c.4: [8086:2fe4] type 00 class 0x088000
[    1.864577] pci 0000:7f:0c.5: [8086:2fe5] type 00 class 0x088000
[    1.864615] pci 0000:7f:0c.6: [8086:2fe6] type 00 class 0x088000
[    1.864653] pci 0000:7f:0c.7: [8086:2fe7] type 00 class 0x088000
[    1.864691] pci 0000:7f:0d.0: [8086:2fe8] type 00 class 0x088000
[    1.864730] pci 0000:7f:0d.1: [8086:2fe9] type 00 class 0x088000
[    1.864772] pci 0000:7f:0f.0: [8086:2ff8] type 00 class 0x088000
[    1.864809] pci 0000:7f:0f.1: [8086:2ff9] type 00 class 0x088000
[    1.864848] pci 0000:7f:0f.2: [8086:2ffa] type 00 class 0x088000
[    1.864888] pci 0000:7f:0f.3: [8086:2ffb] type 00 class 0x088000
[    1.864926] pci 0000:7f:0f.4: [8086:2ffc] type 00 class 0x088000
[    1.864964] pci 0000:7f:0f.5: [8086:2ffd] type 00 class 0x088000
[    1.865003] pci 0000:7f:0f.6: [8086:2ffe] type 00 class 0x088000
[    1.865044] pci 0000:7f:10.0: [8086:2f1d] type 00 class 0x088000
[    1.865082] pci 0000:7f:10.1: [8086:2f34] type 00 class 0x110100
[    1.865127] pci 0000:7f:10.5: [8086:2f1e] type 00 class 0x088000
[    1.865166] pci 0000:7f:10.6: [8086:2f7d] type 00 class 0x110100
[    1.865204] pci 0000:7f:10.7: [8086:2f1f] type 00 class 0x088000
[    1.865243] pci 0000:7f:12.0: [8086:2fa0] type 00 class 0x088000
[    1.865283] pci 0000:7f:12.1: [8086:2f30] type 00 class 0x110100
[    1.865324] pci 0000:7f:12.4: [8086:2f60] type 00 class 0x088000
[    1.865366] pci 0000:7f:12.5: [8086:2f38] type 00 class 0x110100
[    1.865409] pci 0000:7f:13.0: [8086:2fa8] type 00 class 0x088000
[    1.865453] pci 0000:7f:13.1: [8086:2f71] type 00 class 0x088000
[    1.865496] pci 0000:7f:13.2: [8086:2faa] type 00 class 0x088000
[    1.865539] pci 0000:7f:13.3: [8086:2fab] type 00 class 0x088000
[    1.865583] pci 0000:7f:13.6: [8086:2fae] type 00 class 0x088000
[    1.865623] pci 0000:7f:13.7: [8086:2faf] type 00 class 0x088000
[    1.865665] pci 0000:7f:14.0: [8086:2fb0] type 00 class 0x088000
[    1.865709] pci 0000:7f:14.1: [8086:2fb1] type 00 class 0x088000
[    1.865753] pci 0000:7f:14.2: [8086:2fb2] type 00 class 0x088000
[    1.865797] pci 0000:7f:14.3: [8086:2fb3] type 00 class 0x088000
[    1.865840] pci 0000:7f:14.4: [8086:2fbc] type 00 class 0x088000
[    1.865882] pci 0000:7f:14.5: [8086:2fbd] type 00 class 0x088000
[    1.865923] pci 0000:7f:14.6: [8086:2fbe] type 00 class 0x088000
[    1.865966] pci 0000:7f:14.7: [8086:2fbf] type 00 class 0x088000
[    1.866007] pci 0000:7f:16.0: [8086:2f68] type 00 class 0x088000
[    1.866053] pci 0000:7f:16.1: [8086:2f79] type 00 class 0x088000
[    1.866099] pci 0000:7f:16.2: [8086:2f6a] type 00 class 0x088000
[    1.866143] pci 0000:7f:16.3: [8086:2f6b] type 00 class 0x088000
[    1.866188] pci 0000:7f:16.6: [8086:2f6e] type 00 class 0x088000
[    1.866230] pci 0000:7f:16.7: [8086:2f6f] type 00 class 0x088000
[    1.866271] pci 0000:7f:17.0: [8086:2fd0] type 00 class 0x088000
[    1.866316] pci 0000:7f:17.1: [8086:2fd1] type 00 class 0x088000
[    1.866361] pci 0000:7f:17.2: [8086:2fd2] type 00 class 0x088000
[    1.866407] pci 0000:7f:17.3: [8086:2fd3] type 00 class 0x088000
[    1.866451] pci 0000:7f:17.4: [8086:2fb8] type 00 class 0x088000
[    1.866493] pci 0000:7f:17.5: [8086:2fb9] type 00 class 0x088000
[    1.866535] pci 0000:7f:17.6: [8086:2fba] type 00 class 0x088000
[    1.866576] pci 0000:7f:17.7: [8086:2fbb] type 00 class 0x088000
[    1.866622] pci 0000:7f:1e.0: [8086:2f98] type 00 class 0x088000
[    1.866663] pci 0000:7f:1e.1: [8086:2f99] type 00 class 0x088000
[    1.868002] pci 0000:7f:1e.2: [8086:2f9a] type 00 class 0x088000
[    1.868002] pci 0000:7f:1e.3: [8086:2fc0] type 00 class 0x088000
[    1.868002] pci 0000:7f:1e.4: [8086:2f9c] type 00 class 0x088000
[    1.868002] pci 0000:7f:1f.0: [8086:2f88] type 00 class 0x088000
[    1.868002] pci 0000:7f:1f.2: [8086:2f8a] type 00 class 0x088000
[    1.880002] acpi: ACPI: PCI Root Bridge [PCI0] (domain 0000 [bus 00-7e])
[    1.888005] acpi PNP0A08:00: _OSC: OS supports [ExtendedConfig ASPM ClockPM Segments MSI]
[    1.896716] acpi PNP0A08:00: _OSC: OS now controls [PCIeHotplug PME AER PCIeCapability]
[    1.904002] acpi PNP0A08:00: FADT indicates ASPM is unsupported, using BIOS configuration
[    1.916335] probe: PCI host bridge to bus 0000:00
[    1.920004] pci_bus 0000:00: root bus resource [io  0x0000-0x0cf7 window]
[    1.928002] pci_bus 0000:00: root bus resource [io  0x1000-0x7fff window]
[    1.936006] pci_bus 0000:00: root bus resource [mem 0x000a0000-0x000bffff window]
[    1.944002] pci_bus 0000:00: root bus resource [mem 0x90000000-0xc7ffbfff window]
[    1.952002] pci_bus 0000:00: root bus resource [mem 0x38000000000-0x3bfffffffff window]
[    1.960002] pci_bus 0000:00: root bus resource [bus 00-7e]
[    1.968008] pci 0000:00:00.0: [8086:2f00] type 00 class 0x060000
[    1.968158] pci 0000:00:01.0: [8086:2f02] type 01 class 0x060400
[    1.968205] pci 0000:00:01.0: PME# supported from D0 D3hot D3cold
[    1.968313] pci 0000:00:01.1: [8086:2f03] type 01 class 0x060400
[    1.968359] pci 0000:00:01.1: PME# supported from D0 D3hot D3cold
[    1.968473] pci 0000:00:02.0: [8086:2f04] type 01 class 0x060400
[    1.968519] pci 0000:00:02.0: PME# supported from D0 D3hot D3cold
[    1.968626] pci 0000:00:02.2: [8086:2f06] type 01 class 0x060400
[    1.968672] pci 0000:00:02.2: PME# supported from D0 D3hot D3cold
[    1.968780] pci 0000:00:03.0: [8086:2f08] type 01 class 0x060400
[    1.968825] pci 0000:00:03.0: PME# supported from D0 D3hot D3cold
[    1.968929] pci 0000:00:05.0: [8086:2f28] type 00 class 0x088000
[    1.969051] pci 0000:00:05.1: [8086:2f29] type 00 class 0x088000
[    1.969187] pci 0000:00:05.2: [8086:2f2a] type 00 class 0x088000
[    1.969307] pci 0000:00:05.4: [8086:2f2c] type 00 class 0x080020
[    1.969316] pci 0000:00:05.4: reg 0x10: [mem 0xc7005000-0xc7005fff]
[    1.969450] pci 0000:00:11.0: [8086:8d7c] type 00 class 0xff0000
[    1.969653] pci 0000:00:11.4: [8086:8d62] type 00 class 0x010601
[    1.969671] pci 0000:00:11.4: reg 0x10: [io  0x7110-0x7117]
[    1.969679] pci 0000:00:11.4: reg 0x14: [io  0x7100-0x7103]
[    1.969686] pci 0000:00:11.4: reg 0x18: [io  0x70f0-0x70f7]
[    1.969694] pci 0000:00:11.4: reg 0x1c: [io  0x70e0-0x70e3]
[    1.969701] pci 0000:00:11.4: reg 0x20: [io  0x7020-0x703f]
[    1.969709] pci 0000:00:11.4: reg 0x24: [mem 0xc7004000-0xc70047ff]
[    1.969748] pci 0000:00:11.4: PME# supported from D3hot
[    1.969861] pci 0000:00:16.0: [8086:8d3a] type 00 class 0x078000
[    1.969880] pci 0000:00:16.0: reg 0x10: [mem 0x3bffff13000-0x3bffff1300f 64bit]
[    1.969937] pci 0000:00:16.0: PME# supported from D0 D3hot D3cold
[    1.970039] pci 0000:00:16.1: [8086:8d3b] type 00 class 0x078000
[    1.970058] pci 0000:00:16.1: reg 0x10: [mem 0x3bffff12000-0x3bffff1200f 64bit]
[    1.970114] pci 0000:00:16.1: PME# supported from D0 D3hot D3cold
[    1.970227] pci 0000:00:1a.0: [8086:8d2d] type 00 class 0x0c0320
[    1.970246] pci 0000:00:1a.0: reg 0x10: [mem 0xc7002000-0xc70023ff]
[    1.970323] pci 0000:00:1a.0: PME# supported from D0 D3hot D3cold
[    1.970430] pci 0000:00:1c.0: [8086:8d10] type 01 class 0x060400
[    1.970498] pci 0000:00:1c.0: PME# supported from D0 D3hot D3cold
[    1.970609] pci 0000:00:1c.3: [8086:8d16] type 01 class 0x060400
[    1.970677] pci 0000:00:1c.3: PME# supported from D0 D3hot D3cold
[    1.970795] pci 0000:00:1d.0: [8086:8d26] type 00 class 0x0c0320
[    1.970815] pci 0000:00:1d.0: reg 0x10: [mem 0xc7001000-0xc70013ff]
[    1.970892] pci 0000:00:1d.0: PME# supported from D0 D3hot D3cold
[    1.971001] pci 0000:00:1f.0: [8086:8d44] type 00 class 0x060100
[    1.972002] pci 0000:00:1f.2: [8086:8d02] type 00 class 0x010601
[    1.972002] pci 0000:00:1f.2: reg 0x10: [io  0x7070-0x7077]
[    1.972002] pci 0000:00:1f.2: reg 0x14: [io  0x7060-0x7063]
[    1.972002] pci 0000:00:1f.2: reg 0x18: [io  0x7050-0x7057]
[    1.972002] pci 0000:00:1f.2: reg 0x1c: [io  0x7040-0x7043]
[    1.972002] pci 0000:00:1f.2: reg 0x20: [io  0x7000-0x701f]
[    1.972002] pci 0000:00:1f.2: reg 0x24: [mem 0xc7000000-0xc70007ff]
[    1.972002] pci 0000:00:1f.2: PME# supported from D3hot
[    1.972002] acpiphp: Slot [0] registered
[    1.976036] pci 0000:01:00.0: [8086:1521] type 00 class 0x020000
[    1.976054] pci 0000:01:00.0: reg 0x10: [mem 0xc6a00000-0xc6afffff]
[    1.976066] pci 0000:01:00.0: reg 0x18: [io  0x6020-0x603f]
[    1.976073] pci 0000:01:00.0: reg 0x1c: [mem 0xc6c04000-0xc6c07fff]
[    1.976090] pci 0000:01:00.0: reg 0x30: [mem 0xc6b80000-0xc6bfffff pref]
[    1.976146] pci 0000:01:00.0: PME# supported from D0 D3hot D3cold
[    1.976171] pci 0000:01:00.0: reg 0x184: [mem 0x3bfffe60000-0x3bfffe63fff 64bit pref]
[    1.976173] pci 0000:01:00.0: VF(n) BAR0 space: [mem 0x3bfffe60000-0x3bfffe7ffff 64bit pref] (contains BAR0 for 8 VFs)
[    1.988014] pci 0000:01:00.0: reg 0x190: [mem 0x3bfffe40000-0x3bfffe43fff 64bit pref]
[    1.988015] pci 0000:01:00.0: VF(n) BAR3 space: [mem 0x3bfffe40000-0x3bfffe5ffff 64bit pref] (contains BAR3 for 8 VFs)
[    2.000089] pci 0000:01:00.1: [8086:1521] type 00 class 0x020000
[    2.000106] pci 0000:01:00.1: reg 0x10: [mem 0xc6900000-0xc69fffff]
[    2.000118] pci 0000:01:00.1: reg 0x18: [io  0x6000-0x601f]
[    2.000125] pci 0000:01:00.1: reg 0x1c: [mem 0xc6c00000-0xc6c03fff]
[    2.000142] pci 0000:01:00.1: reg 0x30: [mem 0xc6b00000-0xc6b7ffff pref]
[    2.000196] pci 0000:01:00.1: PME# supported from D0 D3hot D3cold
[    2.000216] pci 0000:01:00.1: reg 0x184: [mem 0x3bfffe20000-0x3bfffe23fff 64bit pref]
[    2.000218] pci 0000:01:00.1: VF(n) BAR0 space: [mem 0x3bfffe20000-0x3bfffe3ffff 64bit pref] (contains BAR0 for 8 VFs)
[    2.012014] pci 0000:01:00.1: reg 0x190: [mem 0x3bfffe00000-0x3bfffe03fff 64bit pref]
[    2.012015] pci 0000:01:00.1: VF(n) BAR3 space: [mem 0x3bfffe00000-0x3bfffe1ffff 64bit pref] (contains BAR3 for 8 VFs)
[    2.024085] pci 0000:00:01.0: PCI bridge to [bus 01-02]
[    2.028003] pci 0000:00:01.0:   bridge window [io  0x6000-0x6fff]
[    2.028005] pci 0000:00:01.0:   bridge window [mem 0xc6900000-0xc6cfffff]
[    2.028008] pci 0000:00:01.0:   bridge window [mem 0x3bfffe00000-0x3bfffefffff 64bit pref]
[    2.028173] pci 0000:00:01.1: PCI bridge to [bus 03]
[    2.036165] pci 0000:00:02.0: PCI bridge to [bus 04]
[    2.040170] pci 0000:05:00.0: [1000:0090] type 00 class 0x010700
[    2.040182] pci 0000:05:00.0: reg 0x10: [io  0x5000-0x50ff]
[    2.040189] pci 0000:05:00.0: reg 0x14: [mem 0xc6e40000-0xc6e4ffff 64bit]
[    2.040195] pci 0000:05:00.0: reg 0x1c: [mem 0xc6e00000-0xc6e3ffff 64bit]
[    2.040204] pci 0000:05:00.0: reg 0x30: [mem 0xc6d00000-0xc6dfffff pref]
[    2.040208] pci 0000:05:00.0: enabling Extended Tags
[    2.048079] pci 0000:05:00.0: supports D1 D2
[    2.048144] pci 0000:00:02.2: PCI bridge to [bus 05]
[    2.052003] pci 0000:00:02.2:   bridge window [io  0x5000-0x5fff]
[    2.052005] pci 0000:00:02.2:   bridge window [mem 0xc6d00000-0xc6efffff]
[    2.052177] pci 0000:06:00.0: [8086:10fb] type 00 class 0x020000
[    2.052190] pci 0000:06:00.0: reg 0x10: [mem 0xc7900000-0xc79fffff pref]
[    2.052199] pci 0000:06:00.0: reg 0x18: [io  0x4020-0x403f]
[    2.052205] pci 0000:06:00.0: reg 0x1c: [mem 0xc7e04000-0xc7e07fff pref]
[    2.052218] pci 0000:06:00.0: reg 0x30: [mem 0xc6f80000-0xc6ffffff pref]
[    2.052256] pci 0000:06:00.0: PME# supported from D0 D3hot
[    2.052274] pci 0000:06:00.0: reg 0x184: [mem 0xc7d00000-0xc7d03fff 64bit pref]
[    2.052276] pci 0000:06:00.0: VF(n) BAR0 space: [mem 0xc7d00000-0xc7dfffff 64bit pref] (contains BAR0 for 64 VFs)
[    2.064011] pci 0000:06:00.0: reg 0x190: [mem 0xc7c00000-0xc7c03fff 64bit pref]
[    2.064012] pci 0000:06:00.0: VF(n) BAR3 space: [mem 0xc7c00000-0xc7cfffff 64bit pref] (contains BAR3 for 64 VFs)
[    2.076139] pci 0000:06:00.1: [8086:10fb] type 00 class 0x020000
[    2.076152] pci 0000:06:00.1: reg 0x10: [mem 0xc7800000-0xc78fffff pref]
[    2.076161] pci 0000:06:00.1: reg 0x18: [io  0x4000-0x401f]
[    2.076166] pci 0000:06:00.1: reg 0x1c: [mem 0xc7e00000-0xc7e03fff pref]
[    2.076180] pci 0000:06:00.1: reg 0x30: [mem 0xc6f00000-0xc6f7ffff pref]
[    2.076217] pci 0000:06:00.1: PME# supported from D0 D3hot
[    2.076232] pci 0000:06:00.1: reg 0x184: [mem 0xc7b00000-0xc7b03fff 64bit pref]
[    2.076233] pci 0000:06:00.1: VF(n) BAR0 space: [mem 0xc7b00000-0xc7bfffff 64bit pref] (contains BAR0 for 64 VFs)
[    2.088010] pci 0000:06:00.1: reg 0x190: [mem 0xc7a00000-0xc7a03fff 64bit pref]
[    2.088011] pci 0000:06:00.1: VF(n) BAR3 space: [mem 0xc7a00000-0xc7afffff 64bit pref] (contains BAR3 for 64 VFs)
[    2.100131] pci 0000:00:03.0: PCI bridge to [bus 06-07]
[    2.104006] pci 0000:00:03.0:   bridge window [io  0x4000-0x4fff]
[    2.104006] pci 0000:00:03.0:   bridge window [mem 0xc6f00000-0xc6ffffff]
[    2.104008] pci 0000:00:03.0:   bridge window [mem 0xc7800000-0xc7efffff 64bit pref]
[    2.104045] pci 0000:00:1c.0: PCI bridge to [bus 08]
[    2.108067] pci 0000:09:00.0: [102b:0522] type 00 class 0x030000
[    2.108099] pci 0000:09:00.0: reg 0x10: [mem 0xc5000000-0xc5ffffff]
[    2.108113] pci 0000:09:00.0: reg 0x14: [mem 0xc6810000-0xc6813fff]
[    2.108127] pci 0000:09:00.0: reg 0x18: [mem 0xc6000000-0xc67fffff]
[    2.108179] pci 0000:09:00.0: reg 0x30: [mem 0xc6800000-0xc680ffff pref]
[    2.108318] pci 0000:00:1c.3: PCI bridge to [bus 09]
[    2.116005] pci 0000:00:1c.3:   bridge window [mem 0xc5000000-0xc68fffff]
[    2.116035] pci_bus 0000:00: on NUMA node 0
[    2.116683] acpi: ACPI: PCI Root Bridge [PCI1] (domain 0000 [bus 80-fe])
[    2.124004] acpi PNP0A08:01: _OSC: OS supports [ExtendedConfig ASPM ClockPM Segments MSI]
[    2.132700] acpi PNP0A08:01: _OSC: OS now controls [PCIeHotplug PME AER PCIeCapability]
[    2.144002] acpi PNP0A08:01: FADT indicates ASPM is unsupported, using BIOS configuration
[    2.152186] probe: PCI host bridge to bus 0000:80
[    2.156003] pci_bus 0000:80: root bus resource [io  0x8000-0xffff window]
[    2.164002] pci_bus 0000:80: root bus resource [mem 0xc8000000-0xfbffbfff window]
[    2.172002] pci_bus 0000:80: root bus resource [mem 0x3c000000000-0x3ffffffffff window]
[    2.180003] pci_bus 0000:80: root bus resource [bus 80-fe]
[    2.188010] pci 0000:80:02.0: [8086:2f04] type 01 class 0x060400
[    2.188065] pci 0000:80:02.0: PME# supported from D0 D3hot D3cold
[    2.188149] pci 0000:80:05.0: [8086:2f28] type 00 class 0x088000
[    2.188243] pci 0000:80:05.1: [8086:2f29] type 00 class 0x088000
[    2.188353] pci 0000:80:05.2: [8086:2f2a] type 00 class 0x088000
[    2.188444] pci 0000:80:05.4: [8086:2f2c] type 00 class 0x080020
[    2.188453] pci 0000:80:05.4: reg 0x10: [mem 0xfbf00000-0xfbf00fff]
[    2.188721] pci 0000:80:02.0: PCI bridge to [bus 81]
[    2.196011] pci_bus 0000:80: on NUMA node 1
[    2.196406] ACPI: PCI Interrupt Link [LNKA] (IRQs 3 4 5 6 7 10 *11 12 14 15)
[    2.204051] ACPI: PCI Interrupt Link [LNKB] (IRQs 3 4 5 6 7 *10 11 12 14 15)
[    2.212048] ACPI: PCI Interrupt Link [LNKC] (IRQs 3 4 5 6 10 *11 12 14 15)
[    2.220049] ACPI: PCI Interrupt Link [LNKD] (IRQs 3 4 *5 6 10 11 12 14 15)
[    2.224048] ACPI: PCI Interrupt Link [LNKE] (IRQs 3 4 5 6 7 10 11 12 14 15) *0, disabled.
[    2.236048] ACPI: PCI Interrupt Link [LNKF] (IRQs 3 4 5 6 7 10 11 12 14 15) *0, disabled.
[    2.244048] ACPI: PCI Interrupt Link [LNKG] (IRQs 3 4 5 6 7 10 11 12 14 15) *0, disabled.
[    2.252048] ACPI: PCI Interrupt Link [LNKH] (IRQs 3 4 5 6 7 10 11 12 14 15) *0, disabled.
[    2.264403] SCSI subsystem initialized
[    2.268079] libata version 3.00 loaded.
[    2.268079] ACPI: bus type USB registered
[    2.272015] usbcore: usbcore: registered new interface driver usbfs
[    2.280010] usbcore: usbcore: registered new interface driver hub
[    2.284119] usbcore: usbcore: registered new device driver usb
[    2.292015] pps_core: LinuxPPS API ver. 1 registered
[    2.296001] pps_core: Software ver. 5.3.6 - Copyright 2005-2007 Rodolfo Giometti <giometti@linux.it>
[    2.308005] ptp: PTP clock support registered
[    2.312095] EDAC MC: Ver: 3.0.0
[    2.316024] PCI: Using ACPI for IRQ routing
[    2.324115] PCI: pci_cache_line_size set to 64 bytes
[    2.324271] e820: reserve RAM buffer [mem 0x00099c00-0x0009ffff]
[    2.324272] e820: reserve RAM buffer [mem 0x791d4000-0x7bffffff]
[    2.324383] NetLabel: Initializing
[    2.328002] NetLabel:  domain hash size = 128
[    2.336001] NetLabel:  protocols = UNLABELED CIPSOv4 CALIPSO
[    2.340018] NetLabel:  unlabeled traffic allowed by default
[    2.348547] hpet0: at MMIO 0xfed00000, IRQs 2, 8, 0, 0, 0, 0, 0, 0
[    2.356003] hpet0: 8 comparators, 64-bit 14.318180 MHz counter
[    2.364054] clocksource: Switched to clocksource tsc-early
[    2.386912] VFS: Disk quotas dquot_6.6.0
[    2.391324] dquot: VFS: Dquot-cache hash table entries: 512 (order 0, 4096 bytes)
[    2.399824] AppArmor: AppArmor Filesystem Enabled
[    2.405096] pnp: PnP ACPI init
[    2.408844] pnp 00:00: Plug and Play ACPI device, IDs PNP0b00 (active)
[    2.408954] system 00:01: [io  0x0500-0x057f] has been reserved
[    2.415564] system 00:01: [io  0x0400-0x047f] has been reserved
[    2.422171] system 00:01: [io  0x0580-0x059f] has been reserved
[    2.428778] system 00:01: [io  0x0600-0x061f] has been reserved
[    2.435386] system 00:01: [io  0x0880-0x0883] has been reserved
[    2.441985] system 00:01: [io  0x0800-0x081f] has been reserved
[    2.448591] system 00:01: [mem 0xfed1c000-0xfed3ffff] has been reserved
[    2.455974] system 00:01: [mem 0xfed45000-0xfed8bfff] has been reserved
[    2.463357] system 00:01: [mem 0xff000000-0xffffffff] has been reserved
[    2.470739] system 00:01: [mem 0xfee00000-0xfeefffff] has been reserved
[    2.478122] system 00:01: [mem 0xfed12000-0xfed1200f] has been reserved
[    2.485505] system 00:01: [mem 0xfed12010-0xfed1201f] has been reserved
[    2.492887] system 00:01: [mem 0xfed1b000-0xfed1bfff] has been reserved
[    2.500273] system 00:01: Plug and Play ACPI device, IDs PNP0c02 (active)
[    2.500404] pnp 00:02: [dma 0 disabled]
[    2.500448] pnp 00:02: Plug and Play ACPI device, IDs PNP0501 (active)
[    2.500564] pnp 00:03: [dma 0 disabled]
[    2.500605] pnp 00:03: Plug and Play ACPI device, IDs PNP0501 (active)
[    2.501265] pnp: PnP ACPI: found 4 devices
[    2.511558] clocksource: acpi_pm: mask: 0xffffff max_cycles: 0xffffff, max_idle_ns: 2085701024 ns
[    2.521520] pci 0000:00:01.0: PCI bridge to [bus 01-02]
[    2.527352] pci 0000:00:01.0:   bridge window [io  0x6000-0x6fff]
[    2.534154] pci 0000:00:01.0:   bridge window [mem 0xc6900000-0xc6cfffff]
[    2.541733] pci 0000:00:01.0:   bridge window [mem 0x3bfffe00000-0x3bfffefffff 64bit pref]
[    2.550951] pci 0000:00:01.1: PCI bridge to [bus 03]
[    2.556487] pci 0000:00:02.0: PCI bridge to [bus 04]
[    2.562031] pci 0000:00:02.2: PCI bridge to [bus 05]
[    2.567572] pci 0000:00:02.2:   bridge window [io  0x5000-0x5fff]
[    2.574374] pci 0000:00:02.2:   bridge window [mem 0xc6d00000-0xc6efffff]
[    2.581954] pci 0000:00:03.0: PCI bridge to [bus 06-07]
[    2.587786] pci 0000:00:03.0:   bridge window [io  0x4000-0x4fff]
[    2.594588] pci 0000:00:03.0:   bridge window [mem 0xc6f00000-0xc6ffffff]
[    2.602165] pci 0000:00:03.0:   bridge window [mem 0xc7800000-0xc7efffff 64bit pref]
[    2.610810] pci 0000:00:1c.0: PCI bridge to [bus 08]
[    2.616357] pci 0000:00:1c.3: PCI bridge to [bus 09]
[    2.621899] pci 0000:00:1c.3:   bridge window [mem 0xc5000000-0xc68fffff]
[    2.629474] pci_bus 0000:00: resource 4 [io  0x0000-0x0cf7 window]
[    2.629475] pci_bus 0000:00: resource 5 [io  0x1000-0x7fff window]
[    2.629476] pci_bus 0000:00: resource 6 [mem 0x000a0000-0x000bffff window]
[    2.629477] pci_bus 0000:00: resource 7 [mem 0x90000000-0xc7ffbfff window]
[    2.629479] pci_bus 0000:00: resource 8 [mem 0x38000000000-0x3bfffffffff window]
[    2.629480] pci_bus 0000:01: resource 0 [io  0x6000-0x6fff]
[    2.629481] pci_bus 0000:01: resource 1 [mem 0xc6900000-0xc6cfffff]
[    2.629482] pci_bus 0000:01: resource 2 [mem 0x3bfffe00000-0x3bfffefffff 64bit pref]
[    2.629483] pci_bus 0000:05: resource 0 [io  0x5000-0x5fff]
[    2.629485] pci_bus 0000:05: resource 1 [mem 0xc6d00000-0xc6efffff]
[    2.629486] pci_bus 0000:06: resource 0 [io  0x4000-0x4fff]
[    2.629487] pci_bus 0000:06: resource 1 [mem 0xc6f00000-0xc6ffffff]
[    2.629488] pci_bus 0000:06: resource 2 [mem 0xc7800000-0xc7efffff 64bit pref]
[    2.629489] pci_bus 0000:09: resource 1 [mem 0xc5000000-0xc68fffff]
[    2.629612] pci 0000:80:02.0: PCI bridge to [bus 81]
[    2.635158] pci_bus 0000:80: resource 4 [io  0x8000-0xffff window]
[    2.635159] pci_bus 0000:80: resource 5 [mem 0xc8000000-0xfbffbfff window]
[    2.635160] pci_bus 0000:80: resource 6 [mem 0x3c000000000-0x3ffffffffff window]
[    2.635283] socket: NET: Registered protocol family 2
[    2.641175] page_alloc: tcp_listen_portaddr_hash hash table entries: 65536 (order: 8, 1048576 bytes)
[    2.651662] page_alloc: TCP established hash table entries: 524288 (order: 10, 4194304 bytes)
[    2.661800] page_alloc: TCP bind hash table entries: 65536 (order: 8, 1048576 bytes)
[    2.670597] tcp: Hash tables configured (established 524288 bind 65536)
[    2.678157] page_alloc: UDP hash table entries: 65536 (order: 9, 2097152 bytes)
[    2.686680] page_alloc: UDP-Lite hash table entries: 65536 (order: 9, 2097152 bytes)
[    2.695762] socket: NET: Registered protocol family 1
[    2.724185] pci 0000:00:1a.0: quirk_usb_early_handoff+0x0/0x6b0 took 22072 usecs
[    2.756168] pci 0000:00:1d.0: quirk_usb_early_handoff+0x0/0x6b0 took 23142 usecs
[    2.764427] PCI: CLS mismatch (64 != 32), using 64 bytes
[    2.764440] pci 0000:09:00.0: Video device with shadowed ROM at [mem 0x000c0000-0x000dffff]
[    2.773799] Trying to unpack rootfs image as initramfs...
[    6.144213] page_alloc: Freeing initrd memory: 226972K
[    6.150092] PCI-DMA: Using software bounce buffering for IO (SWIOTLB)
[    6.157285] software IO TLB [mem 0x751d4000-0x791d4000] (64MB) mapped at [        (ptrval)-        (ptrval)]
[    6.168699] intel_rapl_perf: API unit is 2^-32 Joules, 3 fixed counters, 655360 ms ovfl timer
[    6.178223] intel_rapl_perf: hw unit of domain pp0-core 2^-14 Joules
[    6.185316] intel_rapl_perf: hw unit of domain package 2^-14 Joules
[    6.192310] intel_rapl_perf: hw unit of domain dram 2^-16 Joules
[    6.201905] Scanning for low memory corruption every 60 seconds
[    6.210043] system_keyring: Initialise system trusted keyrings
[    6.216617] workingset: workingset: timestamp_bits=40 max_order=26 bucket_order=0
[    6.226049] zbud: loaded
[    6.229566] ntfs: driver 2.1.32 [Flags: R/W].
[    6.234472] fuse init (API version 7.26)
[    6.238925] 9p: Installing v9fs 9p2000 file system support
[    6.245069] pstore: using deflate compression
[    6.250538] key: Key type asymmetric registered
[    6.255596] asymmetric_keys: Asymmetric key parser 'x509' registered
[    6.262720] Block layer SCSI generic (bsg) driver version 0.4 loaded (major 245)
[    6.271063] io scheduler noop registered
[    6.275443] io scheduler deadline registered (default)
[    6.281217] io scheduler cfq registered
[    6.285495] io scheduler mq-deadline registered (default)
[    6.291518] io scheduler kyber registered
[    6.298299] pcieport 0000:00:01.0: AER enabled with IRQ 25
[    6.304447] pcieport 0000:00:01.1: AER enabled with IRQ 26
[    6.310588] pcieport 0000:00:02.0: AER enabled with IRQ 28
[    6.316729] pcieport 0000:00:02.2: AER enabled with IRQ 29
[    6.322867] pcieport 0000:00:03.0: AER enabled with IRQ 31
[    6.329017] pcieport 0000:80:02.0: AER enabled with IRQ 35
[    6.335152] pcieport 0000:00:01.0: Signaling PME with IRQ 25
[    6.341478] pcieport 0000:00:01.1: Signaling PME with IRQ 26
[    6.347801] pcieport 0000:00:02.0: Signaling PME with IRQ 28
[    6.354125] pcieport 0000:00:02.2: Signaling PME with IRQ 29
[    6.360454] pcieport 0000:00:03.0: Signaling PME with IRQ 31
[    6.366784] pcieport 0000:00:1c.0: Signaling PME with IRQ 32
[    6.373117] pcieport 0000:00:1c.3: Signaling PME with IRQ 33
[    6.379449] pcieport 0000:80:02.0: Signaling PME with IRQ 35
[    6.385818] intel_idle: MWAIT substates: 0x2120
[    6.385819] intel_idle: v0.4.1 model 0x3F
[    6.387416] intel_idle: lapic_timer_reliable_states 0xffffffff
[    6.387423] ipmi_msghandler: ipmi message handler version 39.2
[    6.394113] ACPI: Deprecated procfs I/F for AC is loaded, please retry with CONFIG_ACPI_PROCFS_POWER cleared
[    6.405111] ACPI: AC Adapter [P111] (on-line)
[    6.410061] input_core: Power Button as /devices/LNXSYSTM:00/LNXSYBUS:00/PNP0C0C:00/input/input0
[    6.419876] ACPI: Power Button [PWRB]
[    6.424002] input_core: Power Button as /devices/LNXSYSTM:00/LNXPWRBN:00/input/input1
[    6.432797] ACPI: Power Button [PWRF]
[    6.443442] ERST: Error Record Serialization Table (ERST) support is initialized.
[    6.451900] pstore: Registered erst as persistent store backend
[    6.459056] ghes: GHES: APEI firmware first mode is enabled by APEI bit and WHEA _OSC.
[    6.468036] 8250: Serial: 8250/16550 driver, 32 ports, IRQ sharing enabled
[    6.496169] serial_core: 00:02: ttyS0 at I/O 0x3f8 (irq = 4, base_baud = 115200) is a 16550A
[    6.526088] serial_core: 00:03: ttyS1 at I/O 0x2f8 (irq = 3, base_baud = 115200) is a 16550A
[    6.536684] Linux agpgart interface v0.103
[    6.548082] brd: brd: module loaded
[    6.556101] loop: module loaded
[    6.559681] mtip32xx: mtip32xx Version 1.3.1
[    6.564617] zram: Added device: zram0
[    6.569202] libphy: Fixed MDIO Bus: probed
[    6.573973] tun: Universal TUN/TAP device driver, 1.6
[    6.579682] e1000: Intel(R) PRO/1000 Network Driver - version 7.3.21-k8-NAPI
[    6.587554] e1000: Copyright (c) 1999-2006 Intel Corporation.
[    6.593998] e1000e: Intel(R) PRO/1000 Network Driver - 3.2.6-k
[    6.600510] e1000e: Copyright(c) 1999 - 2015 Intel Corporation.
[    6.607148] ppp_generic: PPP generic driver version 2.4.2
[    6.613263] vfio: VFIO - User Level meta-driver version: 0.3
[    6.619688] ehci_hcd: USB 2.0 'Enhanced' Host Controller (EHCI) Driver
[    6.626975] ehci_pci: ehci-pci: EHCI PCI platform driver
[    6.633105] ehci-pci 0000:00:1a.0: EHCI Host Controller
[    6.638940] ehci-pci 0000:00:1a.0: new USB bus registered, assigned bus number 1
[    6.647207] ehci-pci 0000:00:1a.0: debug port 2
[    6.656173] ehci-pci 0000:00:1a.0: cache line size of 64 is not supported
[    6.656192] ehci-pci 0000:00:1a.0: irq 18, io mem 0xc7002000
[    6.676067] ehci-pci 0000:00:1a.0: USB 2.0 started, EHCI 1.00
[    6.682538] usb usb1: New USB device found, idVendor=1d6b, idProduct=0002, bcdDevice= 4.17
[    6.691767] usb usb1: New USB device strings: Mfr=3, Product=2, SerialNumber=1
[    6.699829] usb usb1: Product: EHCI Host Controller
[    6.705275] usb usb1: Manufacturer: Linux 4.17.0 ehci_hcd
[    6.711301] usb usb1: SerialNumber: 0000:00:1a.0
[    6.716557] hub 1-0:1.0: USB hub found
[    6.720747] hub 1-0:1.0: 2 ports detected
[    6.725500] ehci-pci 0000:00:1d.0: EHCI Host Controller
[    6.731340] ehci-pci 0000:00:1d.0: new USB bus registered, assigned bus number 2
[    6.739607] ehci-pci 0000:00:1d.0: debug port 2
[    6.748579] ehci-pci 0000:00:1d.0: cache line size of 64 is not supported
[    6.748586] ehci-pci 0000:00:1d.0: irq 18, io mem 0xc7001000
[    6.768067] ehci-pci 0000:00:1d.0: USB 2.0 started, EHCI 1.00
[    6.774525] usb usb2: New USB device found, idVendor=1d6b, idProduct=0002, bcdDevice= 4.17
[    6.783751] usb usb2: New USB device strings: Mfr=3, Product=2, SerialNumber=1
[    6.791805] usb usb2: Product: EHCI Host Controller
[    6.797251] usb usb2: Manufacturer: Linux 4.17.0 ehci_hcd
[    6.803270] usb usb2: SerialNumber: 0000:00:1d.0
[    6.808539] hub 2-0:1.0: USB hub found
[    6.812730] hub 2-0:1.0: 2 ports detected
[    6.817370] ehci_platform: ehci-platform: EHCI generic platform driver
[    6.824675] ohci_hcd: USB 1.1 'Open' Host Controller (OHCI) Driver
[    6.831579] ohci_pci: ohci-pci: OHCI PCI platform driver
[    6.837528] ohci_platform: ohci-platform: OHCI generic platform driver
[    6.844821] uhci_hcd: USB Universal Host Controller Interface driver
[    6.851972] i8042: PNP: No PS/2 controller found.
[    6.857300] mousedev: PS/2 mouse device common for all mice
[    6.863628] rtc_cmos 00:00: RTC can wake from S4
[    6.868950] rtc_cmos 00:00: registered as rtc0
[    6.873928] rtc_cmos 00:00: alarms up to one month, y3k, 114 bytes nvram, hpet irqs
[    6.882514] dm_mod: device-mapper: uevent: version 1.0.3
[    6.888525] dm_mod: device-mapper: ioctl: 4.39.0-ioctl (2018-04-03) initialised: dm-devel@redhat.com
[    6.898854] intel_pstate: Intel P-state driver initializing
[    6.911061] ledtrig_cpu: ledtrig-cpu: registered to indicate activity on CPUs
[    6.920502] socket: NET: Registered protocol family 10
[    6.926635] ipv6: Segment Routing with IPv6
[    6.931323] socket: NET: Registered protocol family 17
[    6.937076] Bridge firewalling registered
[    6.941559] 9pnet: Installing 9P2000 support
[    6.946338] key: Key type dns_resolver registered
[    6.954642] microcode: sig=0x306f2, pf=0x1, revision=0x43
[    6.961589] microcode: Microcode Update Driver: v2.2.
[    6.961598] sched_clock: Marking stable (6961584567, 0)->(7152513661, -190929094)
[    6.975993] taskstats: registered taskstats version 1
[    6.981636] system_keyring: Loading compiled-in X.509 certificates
[    6.991105] system_keyring: Loaded X.509 cert 'Build time autogenerated kernel key: 88418490a0e000c7646c6b2ce6aba5bb067b721d'
[    7.003775] zswap: loaded using pool lzo/zbud
[    7.009125] btrfs: Btrfs loaded, crc32c=crc32c-intel
[    7.016159] key: Key type trusted registered
[    7.022368] key: Key type encrypted registered
[    7.027331] AppArmor: AppArmor sha1 policy hashing enabled
[    7.033457] ima: No TPM chip found, activating TPM-bypass! (rc=-19)
[    7.040447] ima: Allocated hash algorithm: sha1
[    7.045517] evm: HMAC attrs: 0x1
[    7.049816] trace:   Magic number: 7:837:210
[    7.054658] pci 0000:ff:14.3: hash matches
[    7.059257] acpi device:1c3: hash matches
[    7.063814] acpi device:61: hash matches
[    7.068363] rtc_cmos 00:00: setting system clock to 2019-10-31 03:14:17 UTC (1572491657)
[    7.072039] usb 1-1: new high-speed USB device number 2 using ehci-pci
[    7.086540] page_alloc: Freeing unused kernel memory: 1784K
[    7.112089] Write protecting the kernel read-only data: 22528k
[    7.119486] page_alloc: Freeing unused kernel memory: 1980K
[    7.128645] page_alloc: Freeing unused kernel memory: 1732K
[    7.144384] random: systemd-udevd: uninitialized urandom read (16 bytes read)
[    7.144852] random: udevadm: uninitialized urandom read (16 bytes read)
[    7.160039] usb 2-1: new high-speed USB device number 2 using ehci-pci
[    7.160679] random: udevadm: uninitialized urandom read (16 bytes read)
[    7.228045] tsc: Refined TSC clocksource calibration: 2593.749 MHz
[    7.234970] clocksource: tsc: mask: 0xffffffffffffffff max_cycles: 0x25632b1b102, max_idle_ns: 440795335950 ns
[    7.240424] usb 1-1: New USB device found, idVendor=8087, idProduct=800a, bcdDevice= 0.05
[    7.255269] usb 1-1: New USB device strings: Mfr=0, Product=0, SerialNumber=0
[    7.263313] clocksource: Switched to clocksource tsc
[    7.263446] hub 1-1:1.0: USB hub found
[    7.273298] hub 1-1:1.0: 6 ports detected
[    7.289249] dca: dca service started, version 1.12.1
[    7.295148] module: ixgbe: loading out-of-tree module taints kernel.
[    7.302623] module: ixgbe: module verification failed: signature and/or required key missing - tainting kernel
[    7.318400] ahci 0000:00:11.4: version 3.0
[    7.318648] ahci 0000:00:11.4: AHCI 0001.0300 32 slots 4 ports 6 Gbps 0xf impl SATA mode
[    7.318681] ixgbe: Intel(R) 10GbE PCI Express Linux Network Driver - version 5.5.3
[    7.324299] usb 2-1: New USB device found, idVendor=8087, idProduct=8002, bcdDevice= 0.05
[    7.324303] usb 2-1: New USB device strings: Mfr=0, Product=0, SerialNumber=0
[    7.324446] hub 2-1:1.0: USB hub found
[    7.324547] hub 2-1:1.0: 8 ports detected
[    7.327682] ahci 0000:00:11.4: flags: 64bit ncq pm led clo pio slum part ems apst 
[    7.336128] ixgbe: Copyright(c) 1999 - 2018 Intel Corporation.
[    7.377052] mpt3sas: mpt3sas version 17.100.00.00 loaded
[    7.383203] mpt3sas: mpt3sas_cm0: 64 BIT PCI BUS DMA ADDRESSING SUPPORTED, total mem (161398376 kB)
[    7.383291] igb: Intel(R) Gigabit Ethernet Network Driver - version 5.4.0-k
[    7.396826] ixgbe: 0000:06:00.0: ixgbe_check_options: FCoE Offload feature enabled
[    7.401082] igb: Copyright (c) 2007-2014 Intel Corporation.
[    7.416507] igb 0000:01:00.0: PHY reset is blocked due to SOL/IDER session.
[    7.434745] scsi host1: ahci
[    7.438155] scsi host2: ahci
[    7.450781] scsi host3: ahci
[    7.454163] scsi host4: ahci
[    7.457421] ata1: SATA max UDMA/133 abar m2048@0xc7004000 port 0xc7004100 irq 36
[    7.465681] ata2: SATA max UDMA/133 abar m2048@0xc7004000 port 0xc7004180 irq 36
[    7.473937] ata3: SATA max UDMA/133 abar m2048@0xc7004000 port 0xc7004200 irq 36
[    7.482192] ata4: SATA max UDMA/133 abar m2048@0xc7004000 port 0xc7004280 irq 36
[    7.490719] ahci 0000:00:1f.2: AHCI 0001.0300 32 slots 6 ports 6 Gbps 0x3f impl SATA mode
[    7.499853] ahci 0000:00:1f.2: flags: 64bit ncq pm led clo pio slum part ems apst 
[    7.509584] igb 0000:01:00.0: added PHC on eth0
[    7.514641] igb 0000:01:00.0: Intel(R) Gigabit Ethernet Network Connection
[    7.522329] igb 0000:01:00.0: eth0: (PCIe:5.0Gb/s:Width x4) 70:e4:22:83:d5:4e
[    7.530361] igb 0000:01:00.0: eth0: PBA No: FFFFFF-0FF
[    7.536088] igb 0000:01:00.0: Using MSI-X interrupts. 8 rx queue(s), 8 tx queue(s)
[    7.545036] igb 0000:01:00.1: PHY reset is blocked due to SOL/IDER session.
[    7.576976] ixgbe 0000:06:00.0: Multiqueue Enabled: Rx Queue count = 40, Tx Queue count = 40 XDP Queue count = 0
[    7.589814] ixgbe 0000:06:00.0: 32.000 Gb/s available PCIe bandwidth, limited by 5 GT/s x8 link at 0000:00:03.0 (capable of 63.008 Gb/s with 8 GT/s x8 link)
[    7.605761] ixgbe 0000:06:00.0 eth1: MAC: 2, PHY: 14, SFP+: 3, PBA No: E68793-000
[    7.612034] usb 2-1.4: new high-speed USB device number 3 using ehci-pci
[    7.614106] ixgbe 0000:06:00.0: 90:e2:ba:b5:03:a4
[    7.626843] ixgbe 0000:06:00.0 eth1: Enabled Features: RxQ: 40 TxQ: 40 FdirHash 
[    7.635136] ixgbe 0000:06:00.0 eth1: Intel(R) 10 Gigabit Network Connection
[    7.660643] ixgbe: 0000:06:00.1: ixgbe_check_options: FCoE Offload feature enabled
[    7.671541] igb 0000:01:00.1: added PHC on eth2
[    7.676599] igb 0000:01:00.1: Intel(R) Gigabit Ethernet Network Connection
[    7.684274] igb 0000:01:00.1: eth2: (PCIe:5.0Gb/s:Width x4) 70:e4:22:83:d5:4f
[    7.692325] igb 0000:01:00.1: eth2: PBA No: FFFFFF-0FF
[    7.698062] igb 0000:01:00.1: Using MSI-X interrupts. 8 rx queue(s), 8 tx queue(s)
[    7.717177] scsi host5: ahci
[    7.720517] scsi host6: ahci
[    7.721103] igb 0000:01:00.1 enp1s0f1: renamed from eth2
[    7.723837] scsi host7: ahci
[    7.732425] usb 2-1.4: New USB device found, idVendor=0424, idProduct=2512, bcdDevice= b.b3
[    7.732997] scsi host8: ahci
[    7.742212] usb 2-1.4: New USB device strings: Mfr=0, Product=0, SerialNumber=0
[    7.742467] hub 2-1.4:1.0: USB hub found
[    7.745676] scsi host9: ahci
[    7.753699] hub 2-1.4:1.0: 2 ports detected
[    7.756120] igb 0000:01:00.0 enp1s0f0: renamed from eth0
[    7.758087] scsi host10: ahci
[    7.775181] ata5: SATA max UDMA/133 abar m2048@0xc7000000 port 0xc7000100 irq 47
[    7.783438] ata6: SATA max UDMA/133 abar m2048@0xc7000000 port 0xc7000180 irq 47
[    7.791697] ata7: SATA max UDMA/133 abar m2048@0xc7000000 port 0xc7000200 irq 47
[    7.799953] ata8: SATA max UDMA/133 abar m2048@0xc7000000 port 0xc7000280 irq 47
[    7.802577] ata4: SATA link down (SStatus 0 SControl 300)
[    7.808212] ata9: SATA max UDMA/133 abar m2048@0xc7000000 port 0xc7000300 irq 47
[    7.808214] ata10: SATA max UDMA/133 abar m2048@0xc7000000 port 0xc7000380 irq 47
[    7.814289] ata3: SATA link down (SStatus 0 SControl 300)
[    7.831529] mpt3sas: mpt3sas_cm0: CurrentHostPageSize is 0: Setting default host page size to 4k
[    7.836921] ata2: SATA link down (SStatus 0 SControl 300)
[    7.846730] mpt3sas_cm0: MSI-X vectors supported: 96, no of cores: 40, max_msix_vectors: -1
[    7.848007] usb 2-1.6: new full-speed USB device number 4 using ehci-pci
[    7.852761] ata1: SATA link down (SStatus 0 SControl 300)
[    7.862994] mpt3sas: mpt3sas0-msix0: PCI-MSI-X enabled: IRQ 102
[    7.882193] mpt3sas: mpt3sas0-msix1: PCI-MSI-X enabled: IRQ 103
[    7.888791] mpt3sas: mpt3sas0-msix2: PCI-MSI-X enabled: IRQ 104
[    7.895403] mpt3sas: mpt3sas0-msix3: PCI-MSI-X enabled: IRQ 105
[    7.902013] mpt3sas: mpt3sas0-msix4: PCI-MSI-X enabled: IRQ 106
[    7.908622] mpt3sas: mpt3sas0-msix5: PCI-MSI-X enabled: IRQ 107
[    7.915232] mpt3sas: mpt3sas0-msix6: PCI-MSI-X enabled: IRQ 108
[    7.921839] mpt3sas: mpt3sas0-msix7: PCI-MSI-X enabled: IRQ 109
[    7.928446] mpt3sas: mpt3sas0-msix8: PCI-MSI-X enabled: IRQ 110
[    7.935054] mpt3sas: mpt3sas0-msix9: PCI-MSI-X enabled: IRQ 111
[    7.941664] mpt3sas: mpt3sas0-msix10: PCI-MSI-X enabled: IRQ 112
[    7.948367] mpt3sas: mpt3sas0-msix11: PCI-MSI-X enabled: IRQ 113
[    7.955071] mpt3sas: mpt3sas0-msix12: PCI-MSI-X enabled: IRQ 114
[    7.961774] mpt3sas: mpt3sas0-msix13: PCI-MSI-X enabled: IRQ 115
[    7.966423] usb 2-1.6: New USB device found, idVendor=0624, idProduct=0402, bcdDevice= 0.00
[    7.968477] mpt3sas: mpt3sas0-msix14: PCI-MSI-X enabled: IRQ 116
[    7.968478] mpt3sas: mpt3sas0-msix15: PCI-MSI-X enabled: IRQ 117
[    7.968478] mpt3sas: mpt3sas0-msix16: PCI-MSI-X enabled: IRQ 118
[    7.968478] mpt3sas: mpt3sas0-msix17: PCI-MSI-X enabled: IRQ 119
[    7.968479] mpt3sas: mpt3sas0-msix18: PCI-MSI-X enabled: IRQ 120
[    7.968480] mpt3sas: mpt3sas0-msix19: PCI-MSI-X enabled: IRQ 121
[    7.977811] usb 2-1.6: New USB device strings: Mfr=1, Product=2, SerialNumber=3
[    7.977812] usb 2-1.6: Product: Cisco USB Composite Device-0
[    7.977816] usb 2-1.6: Manufacturer: Avocent
[    7.984529] mpt3sas: mpt3sas0-msix20: PCI-MSI-X enabled: IRQ 122
[    7.991240] usb 2-1.6: SerialNumber: 20111102-00000001
[    8.037393] hidraw: raw HID events driver (C) Jiri Kosina
[    8.044031] mpt3sas: mpt3sas0-msix21: PCI-MSI-X enabled: IRQ 123
[    8.044033] mpt3sas: mpt3sas0-msix22: PCI-MSI-X enabled: IRQ 124
[    8.069203] mpt3sas: mpt3sas0-msix23: PCI-MSI-X enabled: IRQ 125
[    8.075907] mpt3sas: mpt3sas0-msix24: PCI-MSI-X enabled: IRQ 126
[    8.082609] mpt3sas: mpt3sas0-msix25: PCI-MSI-X enabled: IRQ 127
[    8.089314] mpt3sas: mpt3sas0-msix26: PCI-MSI-X enabled: IRQ 128
[    8.096032] mpt3sas: mpt3sas0-msix27: PCI-MSI-X enabled: IRQ 129
[    8.102735] mpt3sas: mpt3sas0-msix28: PCI-MSI-X enabled: IRQ 130
[    8.109443] mpt3sas: mpt3sas0-msix29: PCI-MSI-X enabled: IRQ 131
[    8.111759] usbcore: usbcore: registered new interface driver usbhid
[    8.116148] mpt3sas: mpt3sas0-msix30: PCI-MSI-X enabled: IRQ 132
[    8.116148] mpt3sas: mpt3sas0-msix31: PCI-MSI-X enabled: IRQ 133
[    8.116149] mpt3sas: mpt3sas0-msix32: PCI-MSI-X enabled: IRQ 134
[    8.116149] mpt3sas: mpt3sas0-msix33: PCI-MSI-X enabled: IRQ 135
[    8.116150] mpt3sas: mpt3sas0-msix34: PCI-MSI-X enabled: IRQ 136
[    8.116150] mpt3sas: mpt3sas0-msix35: PCI-MSI-X enabled: IRQ 137
[    8.116152] mpt3sas: mpt3sas0-msix36: PCI-MSI-X enabled: IRQ 138
[    8.123244] usbhid: usbhid: USB HID core driver
[    8.137416] ata7: SATA link down (SStatus 0 SControl 300)
[    8.143352] mpt3sas: mpt3sas0-msix37: PCI-MSI-X enabled: IRQ 139
[    8.150079] ata10: SATA link down (SStatus 0 SControl 300)
[    8.156764] mpt3sas: mpt3sas0-msix38: PCI-MSI-X enabled: IRQ 140
[    8.163494] ata9: SATA link down (SStatus 0 SControl 300)
[    8.170167] mpt3sas: mpt3sas0-msix39: PCI-MSI-X enabled: IRQ 141
[    8.175251] ata5: SATA link down (SStatus 0 SControl 300)
[    8.181250] mpt3sas: mpt3sas_cm0: iomem(0x00000000c6e40000), mapped(0x        (ptrval)), size(65536)
[    8.181396] input_core: Avocent Cisco USB Composite Device-0 as /devices/pci0000:00/0000:00:1d.0/usb2/2-1/2-1.6/2-1.6:1.0/0003:0624:0402.0001/input/input2
[    8.187992] ata6: SATA link down (SStatus 0 SControl 300)
[    8.194087] mpt3sas: mpt3sas_cm0: ioport(0x0000000000005000), size(256)
[    8.218966] ixgbe 0000:06:00.1: Multiqueue Enabled: Rx Queue count = 40, Tx Queue count = 40 XDP Queue count = 0
[    8.219601] ata8: SATA link down (SStatus 0 SControl 300)
[    8.231306] ixgbe 0000:06:00.1: 32.000 Gb/s available PCIe bandwidth, limited by 5 GT/s x8 link at 0000:00:03.0 (capable of 63.008 Gb/s with 8 GT/s x8 link)
[    8.248370] hid-generic 0003:0624:0402.0001: input,hidraw0: USB HID v1.00 Keyboard [Avocent Cisco USB Composite Device-0] on usb-0000:00:1d.0-1.6/input0
[    8.251546] ixgbe 0000:06:00.1 eth0: MAC: 2, PHY: 14, SFP+: 4, PBA No: E68793-000
[    8.258713] input_core: Avocent Cisco USB Composite Device-0 as /devices/pci0000:00/0000:00:1d.0/usb2/2-1/2-1.6/2-1.6:1.1/0003:0624:0402.0002/input/input3
[    8.269969] ixgbe 0000:06:00.1: 90:e2:ba:b5:03:a5
[    8.276110] hid-generic 0003:0624:0402.0002: input,hidraw1: USB HID v1.00 Mouse [Avocent Cisco USB Composite Device-0] on usb-0000:00:1d.0-1.6/input1
[    8.291627] ixgbe 0000:06:00.1 eth0: Enabled Features: RxQ: 40 TxQ: 40 FdirHash 
[    8.306931] input_core: Avocent Cisco USB Composite Device-0 as /devices/pci0000:00/0000:00:1d.0/usb2/2-1/2-1.6/2-1.6:1.2/0003:0624:0402.0003/input/input4
[    8.315251] ixgbe 0000:06:00.1 eth0: Intel(R) 10 Gigabit Network Connection
[    8.330724] hid-generic 0003:0624:0402.0003: input,hidraw2: USB HID v1.00 Mouse [Avocent Cisco USB Composite Device-0] on usb-0000:00:1d.0-1.6/input2
[    8.382853] ixgbe 0000:06:00.0 enp6s0f0: renamed from eth1
[    8.388037] mpt3sas: mpt3sas_cm0: CurrentHostPageSize is 0: Setting default host page size to 4k
[    8.388038] mpt3sas: mpt3sas_cm0: sending message unit reset !!
[    8.389567] mpt3sas: mpt3sas_cm0: message unit reset: SUCCESS
[    8.445914] mpt3sas: mpt3sas_cm0: Allocated physical memory: size(22593 kB)
[    8.453686] mpt3sas: mpt3sas_cm0: Current Controller Queue Depth(10104),Max Controller Queue Depth(10240)
[    8.464363] mpt3sas: mpt3sas_cm0: Scatter Gather Elements per IO(128)
[    8.480311] ixgbe 0000:06:00.1 enp6s0f1: renamed from eth0
[    8.516845] mpt3sas: mpt3sas_cm0: LSISAS3108: FWVersion(11.65.06.00), ChipRevision(0x02), BiosVersion(08.27.03.00)
[    8.528403] mpt3sas: mpt3sas_cm0: Protocol=(
[    8.528404] mpt3sas: Initiator
[    8.533168] mpt3sas: ,Target
[    8.536573] mpt3sas: ), 
[    8.539786] mpt3sas: Capabilities=(
[    8.542612] mpt3sas: TLR
[    8.546507] mpt3sas: ,EEDP
[    8.549331] mpt3sas: ,Snapshot Buffer
[    8.552351] mpt3sas: ,Diag Trace Buffer
[    8.556435] mpt3sas: ,Task Set Full
[    8.560713] mpt3sas: ,NCQ
[    8.564605] mpt3sas: )
[    8.570184] scsi host0: Fusion MPT SAS Host
[    8.574993] ******blk_init_rl***** blk_init_rl:914 
[    8.580561] mpt3sas: mpt3sas_cm0: sending port enable !!
[    8.587672] mpt3sas: mpt3sas_cm0: host_add: handle(0x0001), sas_addr(0x578da6e715bfe0e0), phys(8)
[    8.597802] random: random: fast init done
[    8.604040] mpt3sas: mpt3sas_cm0: port enable: SUCCESS
[    8.609943] ******blk_init_rl***** blk_init_rl:914 
[    8.616876] ******blk_init_rl***** blk_init_rl:914 
[    8.623990] scsi 0:0:0:0: Direct-Access     HGST     HUC101212CSS600  A469 PQ: 0 ANSI: 6
[    8.634383] scsi 0:0:0:0: SSP: handle(0x0009), sas_addr(0x5000cca072a94629), phy(0), device_name(0x5000cca072a9462b)
[    8.646126] scsi 0:0:0:0: enclosure logical id (0x578da6e715bfe0e0), slot(1) 
[    8.654087] scsi 0:0:0:0: enclosure level(0x0000), connector name(     )
[    8.662245] ******blk_init_rl***** blk_init_rl:914 
[    8.668704] ******blk_init_rl***** blk_init_rl:914 
[    8.675799] scsi 0:0:1:0: Direct-Access     HGST     HUC101212CSS600  A469 PQ: 0 ANSI: 6
[    8.686202] scsi 0:0:1:0: SSP: handle(0x000b), sas_addr(0x5000cca072a4be75), phy(1), device_name(0x5000cca072a4be77)
[    8.697948] scsi 0:0:1:0: enclosure logical id (0x578da6e715bfe0e0), slot(2) 
[    8.705911] scsi 0:0:1:0: enclosure level(0x0000), connector name(     )
[    8.714160] ******blk_init_rl***** blk_init_rl:914 
[    8.720501] ******blk_init_rl***** blk_init_rl:914 
[    8.727798] scsi 0:0:2:0: Direct-Access     ATA      INTEL SSDSC2BB48 0374 PQ: 0 ANSI: 6
[    8.738017] scsi 0:0:2:0: SATA: handle(0x000a), sas_addr(0x4433221102000000), phy(2), device_name(0x55cd2e404c60733c)
[    8.749847] scsi 0:0:2:0: enclosure logical id (0x578da6e715bfe0e0), slot(3) 
[    8.757811] scsi 0:0:2:0: enclosure level(0x0000), connector name(     )
[    8.765343] scsi 0:0:2:0: atapi(n), ncq(y), asyn_notify(n), smart(y), fua(y), sw_preserve(y)
[    8.777042] sd 0:0:0:0: Attached scsi generic sg0 type 0
[    8.777433] sd 0:0:0:0: [sda] 2344225968 512-byte logical blocks: (1.20 TB/1.09 TiB)
[    8.783993] sd 0:0:1:0: Attached scsi generic sg1 type 0
[    8.784414] sd 0:0:1:0: [sdb] 2344225968 512-byte logical blocks: (1.20 TB/1.09 TiB)
[    8.784652] sd 0:0:1:0: [sdb] Write Protect is off
[    8.784654] sd 0:0:1:0: [sdb] Mode Sense: f7 00 10 08
[    8.784981] sd 0:0:1:0: [sdb] Write cache: enabled, read cache: enabled, supports DPO and FUA
[    8.792701] sd 0:0:0:0: [sda] Write Protect is off
[    8.798575] sd 0:0:2:0: Attached scsi generic sg2 type 0
[    8.799793] sd 0:0:2:0: [sdc] 937703088 512-byte logical blocks: (480 GB/447 GiB)
[    8.799795] sd 0:0:2:0: [sdc] 4096-byte physical blocks
[    8.800330] sd 0:0:2:0: [sdc] Write Protect is off
[    8.800332] sd 0:0:2:0: [sdc] Mode Sense: 9b 00 10 08
[    8.800695] sd 0:0:2:0: [sdc] Write cache: enabled, read cache: enabled, supports DPO and FUA
[    8.800777] sd 0:0:1:0: [sdb] Attached SCSI disk
[    8.803585]  sdc: sdc1
[    8.806440] sd 0:0:2:0: [sdc] Attached SCSI disk
[    8.807065] sd 0:0:0:0: [sda] Mode Sense: f7 00 10 08
[    8.875475] sd 0:0:0:0: [sda] Write cache: enabled, read cache: enabled, supports DPO and FUA
[    8.905051]  sda: sda1 sda2 sda3 sda4
[    8.913575] sd 0:0:0:0: [sda] Attached SCSI disk
[    9.660279] EXT4-fs (sda1): mounting ext3 file system using the ext4 subsystem
[    9.676042] EXT4-fs (sda1): mounted filesystem with ordered data mode. Opts: (null)
[   10.353546] pstore: crypto_comp_decompress failed, ret = -22!
[   10.359965] pstore: decompression failed: -22
[   10.365325] pstore: crypto_comp_decompress failed, ret = -22!
[   10.371735] pstore: decompression failed: -22
[   10.377093] pstore: crypto_comp_decompress failed, ret = -22!
[   10.383504] pstore: decompression failed: -22
[   10.388815] pstore: crypto_comp_decompress failed, ret = -22!
[   10.395227] pstore: decompression failed: -22
[   10.400496] pstore: crypto_comp_decompress failed, ret = -22!
[   10.406909] pstore: decompression failed: -22
[   10.412208] pstore: crypto_comp_decompress failed, ret = -22!
[   10.418620] pstore: decompression failed: -22
[   10.423899] pstore: crypto_comp_decompress failed, ret = -22!
[   10.430311] pstore: decompression failed: -22
[   10.435588] pstore: crypto_comp_decompress failed, ret = -22!
[   10.441999] pstore: decompression failed: -22
[   10.447300] pstore: crypto_comp_decompress failed, ret = -22!
[   10.453712] pstore: decompression failed: -22
[   10.459005] pstore: crypto_comp_decompress failed, ret = -22!
[   10.465415] pstore: decompression failed: -22
[   10.520387] systemd[1]: systemd 229 running in system mode. (+PAM +AUDIT +SELINUX +IMA +APPARMOR +SMACK +SYSVINIT +UTMP +LIBCRYPTSETUP +GCRYPT +GNUTLS +ACL +XZ -LZ4 +SECCOMP +BLKID +ELFUTILS +KMOD -IDN)
[   10.561888] systemd[1]: Detected architecture x86-64.
[   10.600065] systemd[1]: No hostname configured.
[   10.605128] systemd[1]: Set hostname to <localhost>.
[   11.497833] systemd[1]: Reached target Encrypted Volumes.
[   11.520184] systemd[1]: Started Trigger resolvconf update for networkd DNS.
[   11.544191] systemd[1]: Created slice System Slice.
[   11.564131] systemd[1]: Reached target User and Group Name Lookups.
[   11.588181] systemd[1]: Listening on LVM2 metadata daemon socket.
[   11.608133] systemd[1]: Listening on Device-mapper event daemon FIFOs.
[   11.724066] knem 1.1.3.90mlnx1: initialized
[   11.850279] Loading iSCSI transport class v2.0-870.
[   11.978551] iscsi: registered transport (tcp)
[   12.176430] random: random: crng init done
[   12.181015] random: random: 7 urandom warning(s) missed due to ratelimiting
[   12.410967] RPC: Registered named UNIX socket transport module.
[   12.417580] RPC: Registered udp transport module.
[   12.422829] RPC: Registered tcp transport module.
[   12.428090] RPC: Registered tcp NFSv4.1 backchannel transport module.
[   12.778472] EXT4-fs (sda1): re-mounted. Opts: errors=remount-ro
[   12.901300] systemd-journald[648]: Received request to flush runtime journal from PID 1
[   13.106707] power_meter ACPI000D:00: Found ACPI power meter.
[   13.106861] power_meter ACPI000D:00: Ignoring unsafe software power cap!
[   13.114463] power_meter ACPI000D:00: hwmon_device_register() is deprecated. Please convert the driver to use hwmon_device_register_with_info().
[   13.198732] shpchp: Standard Hot Plug PCI Controller Driver version: 0.4
[   13.206081] ipmi_si: IPMI System Interface driver.
[   13.206151] ipmi_si dmi-ipmi-si.0: ipmi_platform: probing via SMBIOS
[   13.206153] ipmi_si: ipmi_si: SMBIOS: io 0xca2 regsize 1 spacing 1 irq 0
[   13.206154] ipmi_si: ipmi_si: Adding SMBIOS-specified kcs state machine
[   13.206183] ipmi_si IPI0001:00: ipmi_platform: probing via ACPI
[   13.206216] ipmi_si IPI0001:00: [io  0x0ca2] regsize 1 spacing 1 irq 0
[   13.206218] ipmi_si dmi-ipmi-si.0: Removing SMBIOS-specified kcs state machine in favor of ACPI
[   13.224432] power_meter ACPI000D:01: Found ACPI power meter.
[   13.224797] power_meter ACPI000D:01: Ignoring unsafe software power cap!
[   13.232391] power_meter ACPI000D:01: hwmon_device_register() is deprecated. Please convert the driver to use hwmon_device_register_with_info().
[   13.240057] ipmi_si: ipmi_si: Adding ACPI-specified kcs state machine
[   13.240294] ipmi_si: ipmi_si: Trying ACPI-specified kcs state machine at i/o address 0xca2, slave address 0x20, irq 0
[   13.405758] cryptd: cryptd: max_cpu_qlen set to 1000
[   13.551856] aesni_intel: AVX2 version of gcm_enc/dec engaged.
[   13.551857] aesni_intel: AES CTR mode by8 optimization enabled
[   13.603254] ipmi_si IPI0001:00: Found new BMC (man_id: 0x00168b, prod_id: 0x0015, dev_id: 0x20)
[   13.615106] ipmi_si IPI0001:00: IPMI kcs interface initialized
[   13.934589] swapfile: Adding 3145724k swap on /dev/sda3.  Priority:-2 extents:1 across:3145724k FS
[   14.007277] ixgbe 0000:06:00.0: registered PHC device on enp6s0f0
[   14.078541] EDAC sbridge: Seeking for: PCI ID 8086:2fa0
[   14.078549] EDAC sbridge: Seeking for: PCI ID 8086:2fa0
[   14.078557] EDAC sbridge: Seeking for: PCI ID 8086:2fa0
[   14.078563] EDAC sbridge: Seeking for: PCI ID 8086:2f60
[   14.078566] EDAC sbridge: Seeking for: PCI ID 8086:2f60
[   14.078570] EDAC sbridge: Seeking for: PCI ID 8086:2f60
[   14.078572] EDAC sbridge: Seeking for: PCI ID 8086:2fa8
[   14.078575] EDAC sbridge: Seeking for: PCI ID 8086:2fa8
[   14.078578] EDAC sbridge: Seeking for: PCI ID 8086:2fa8
[   14.078581] EDAC sbridge: Seeking for: PCI ID 8086:2f71
[   14.078583] EDAC sbridge: Seeking for: PCI ID 8086:2f71
[   14.078587] EDAC sbridge: Seeking for: PCI ID 8086:2f71
[   14.078589] EDAC sbridge: Seeking for: PCI ID 8086:2faa
[   14.078592] EDAC sbridge: Seeking for: PCI ID 8086:2faa
[   14.078596] EDAC sbridge: Seeking for: PCI ID 8086:2faa
[   14.078598] EDAC sbridge: Seeking for: PCI ID 8086:2fab
[   14.078601] EDAC sbridge: Seeking for: PCI ID 8086:2fab
[   14.078604] EDAC sbridge: Seeking for: PCI ID 8086:2fab
[   14.078607] EDAC sbridge: Seeking for: PCI ID 8086:2fac
[   14.078612] EDAC sbridge: Seeking for: PCI ID 8086:2fad
[   14.078617] EDAC sbridge: Seeking for: PCI ID 8086:2f68
[   14.078620] EDAC sbridge: Seeking for: PCI ID 8086:2f68
[   14.078624] EDAC sbridge: Seeking for: PCI ID 8086:2f68
[   14.078626] EDAC sbridge: Seeking for: PCI ID 8086:2f79
[   14.078629] EDAC sbridge: Seeking for: PCI ID 8086:2f79
[   14.078632] EDAC sbridge: Seeking for: PCI ID 8086:2f79
[   14.078634] EDAC sbridge: Seeking for: PCI ID 8086:2f6a
[   14.078637] EDAC sbridge: Seeking for: PCI ID 8086:2f6a
[   14.078641] EDAC sbridge: Seeking for: PCI ID 8086:2f6a
[   14.078643] EDAC sbridge: Seeking for: PCI ID 8086:2f6b
[   14.078646] EDAC sbridge: Seeking for: PCI ID 8086:2f6b
[   14.078649] EDAC sbridge: Seeking for: PCI ID 8086:2f6b
[   14.078651] EDAC sbridge: Seeking for: PCI ID 8086:2f6c
[   14.078656] EDAC sbridge: Seeking for: PCI ID 8086:2f6d
[   14.078661] EDAC sbridge: Seeking for: PCI ID 8086:2ffc
[   14.078664] EDAC sbridge: Seeking for: PCI ID 8086:2ffc
[   14.078667] EDAC sbridge: Seeking for: PCI ID 8086:2ffc
[   14.078670] EDAC sbridge: Seeking for: PCI ID 8086:2ffd
[   14.078672] EDAC sbridge: Seeking for: PCI ID 8086:2ffd
[   14.078676] EDAC sbridge: Seeking for: PCI ID 8086:2ffd
[   14.078678] EDAC sbridge: Seeking for: PCI ID 8086:2fbd
[   14.078681] EDAC sbridge: Seeking for: PCI ID 8086:2fbd
[   14.078685] EDAC sbridge: Seeking for: PCI ID 8086:2fbd
[   14.078687] EDAC sbridge: Seeking for: PCI ID 8086:2fbf
[   14.078690] EDAC sbridge: Seeking for: PCI ID 8086:2fbf
[   14.078693] EDAC sbridge: Seeking for: PCI ID 8086:2fbf
[   14.078695] EDAC sbridge: Seeking for: PCI ID 8086:2fb9
[   14.078698] EDAC sbridge: Seeking for: PCI ID 8086:2fb9
[   14.078702] EDAC sbridge: Seeking for: PCI ID 8086:2fb9
[   14.078703] EDAC sbridge: Seeking for: PCI ID 8086:2fbb
[   14.078707] EDAC sbridge: Seeking for: PCI ID 8086:2fbb
[   14.078710] EDAC sbridge: Seeking for: PCI ID 8086:2fbb
[   14.078844] EDAC MC0: Giving out device to module sb_edac controller Haswell SrcID#1_Ha#0: DEV 0000:ff:12.0 (INTERRUPT)
[   14.078990] EDAC MC1: Giving out device to module sb_edac controller Haswell SrcID#0_Ha#0: DEV 0000:7f:12.0 (INTERRUPT)
[   14.079121] EDAC MC2: Giving out device to module sb_edac controller Haswell SrcID#1_Ha#1: DEV 0000:ff:12.4 (INTERRUPT)
[   14.079250] EDAC MC3: Giving out device to module sb_edac controller Haswell SrcID#0_Ha#1: DEV 0000:7f:12.4 (INTERRUPT)
[   14.079251] EDAC sbridge:  Ver: 1.1.2 
[   14.117279] ipv6: ADDRCONF(NETDEV_UP): enp6s0f0: link is not ready
[   14.184060] ixgbe 0000:06:00.0 enp6s0f0: detected SFP+: 3
[   14.197452] ipv6: ADDRCONF(NETDEV_UP): enp1s0f0: link is not ready
[   14.197581] igb 0000:01:00.0 enp1s0f0: igb: enp1s0f0 NIC Link is Up 1000 Mbps Full Duplex, Flow Control: RX
[   14.240834] audit: type=1400 audit(1572491664.670:2): apparmor="STATUS" operation="profile_load" profile="unconfined" name="/usr/sbin/ntpd" pid=1242 comm="apparmor_parser"
[   14.246715] audit: type=1400 audit(1572491664.674:3): apparmor="STATUS" operation="profile_load" profile="unconfined" name="/usr/sbin/mysqld" pid=1241 comm="apparmor_parser"
[   14.273068] audit: type=1400 audit(1572491664.702:4): apparmor="STATUS" operation="profile_load" profile="unconfined" name="/usr/sbin/tcpdump" pid=1244 comm="apparmor_parser"
[   14.279786] audit: type=1400 audit(1572491664.706:5): apparmor="STATUS" operation="profile_load" profile="unconfined" name="/sbin/dhclient" pid=1240 comm="apparmor_parser"
[   14.279790] audit: type=1400 audit(1572491664.706:6): apparmor="STATUS" operation="profile_load" profile="unconfined" name="/usr/lib/NetworkManager/nm-dhcp-client.action" pid=1240 comm="apparmor_parser"
[   14.279791] audit: type=1400 audit(1572491664.706:7): apparmor="STATUS" operation="profile_load" profile="unconfined" name="/usr/lib/NetworkManager/nm-dhcp-helper" pid=1240 comm="apparmor_parser"
[   14.279793] audit: type=1400 audit(1572491664.706:8): apparmor="STATUS" operation="profile_load" profile="unconfined" name="/usr/lib/connman/scripts/dhclient-script" pid=1240 comm="apparmor_parser"
[   14.361119] ixgbe 0000:06:00.1: registered PHC device on enp6s0f1
[   14.469582] ipv6: ADDRCONF(NETDEV_UP): enp6s0f1: link is not ready
[   14.540042] ixgbe 0000:06:00.1 enp6s0f1: detected SFP+: 4
[   14.549693] ipv6: ADDRCONF(NETDEV_UP): enp1s0f1: link is not ready
[   14.549743] ipv6: ADDRCONF(NETDEV_CHANGE): enp1s0f0: link becomes ready
[   17.594726] ixgbe 0000:06:00.0: removed PHC on enp6s0f0
[   17.662561] ixgbe 0000:06:00.1: removed PHC on enp6s0f1
[   18.865388] initializing IPOD
[   18.987833] audit: type=1400 audit(1572491669.414:9): apparmor="DENIED" operation="open" profile="/usr/sbin/mysqld" name="/proc/1540/status" pid=1540 comm="mysqld" requested_mask="r" denied_mask="r" fsuid=114 ouid=114
[   18.987854] audit: type=1400 audit(1572491669.414:10): apparmor="DENIED" operation="open" profile="/usr/sbin/mysqld" name="/sys/devices/system/node/" pid=1540 comm="mysqld" requested_mask="r" denied_mask="r" fsuid=114 ouid=0
[   18.987908] audit: type=1400 audit(1572491669.414:11): apparmor="DENIED" operation="open" profile="/usr/sbin/mysqld" name="/proc/1540/status" pid=1540 comm="mysqld" requested_mask="r" denied_mask="r" fsuid=114 ouid=114
[   22.572127] FS-Cache: Loaded
[   23.351499] FS-Cache: Netfs 'nfs' registered for caching
[   24.213706] audit: type=1400 audit(1572491674.142:12): apparmor="DENIED" operation="open" profile="/usr/sbin/ntpd" name="/usr/local/etc/emulab/" pid=2071 comm="ntpd" requested_mask="r" denied_mask="r" fsuid=0 ouid=0
[   24.214642] audit: type=1400 audit(1572491674.142:13): apparmor="DENIED" operation="open" profile="/usr/sbin/ntpd" name="/usr/local/bin/" pid=2071 comm="ntpd" requested_mask="r" denied_mask="r" fsuid=0 ouid=0
[   24.214645] audit: type=1400 audit(1572491674.142:14): apparmor="DENIED" operation="open" profile="/usr/sbin/ntpd" name="/usr/local/sbin/" pid=2071 comm="ntpd" requested_mask="r" denied_mask="r" fsuid=0 ouid=0
[   50.098754] audit: type=1400 audit(1572491700.023:15): apparmor="DENIED" operation="open" profile="/usr/sbin/mysqld" name="/proc/2267/status" pid=2267 comm="mysqld" requested_mask="r" denied_mask="r" fsuid=114 ouid=114
[   50.098770] audit: type=1400 audit(1572491700.023:16): apparmor="DENIED" operation="open" profile="/usr/sbin/mysqld" name="/sys/devices/system/node/" pid=2267 comm="mysqld" requested_mask="r" denied_mask="r" fsuid=114 ouid=0
[   50.098823] audit: type=1400 audit(1572491700.023:17): apparmor="DENIED" operation="open" profile="/usr/sbin/mysqld" name="/proc/2267/status" pid=2267 comm="mysqld" requested_mask="r" denied_mask="r" fsuid=114 ouid=114
[   81.851643] audit: type=1400 audit(1572491731.779:18): apparmor="DENIED" operation="open" profile="/usr/sbin/mysqld" name="/proc/2367/status" pid=2367 comm="mysqld" requested_mask="r" denied_mask="r" fsuid=114 ouid=114
[   81.851648] audit: type=1400 audit(1572491731.779:19): apparmor="DENIED" operation="open" profile="/usr/sbin/mysqld" name="/sys/devices/system/node/" pid=2367 comm="mysqld" requested_mask="r" denied_mask="r" fsuid=114 ouid=0
[   81.851699] audit: type=1400 audit(1572491731.779:20): apparmor="DENIED" operation="open" profile="/usr/sbin/mysqld" name="/proc/2367/status" pid=2367 comm="mysqld" requested_mask="r" denied_mask="r" fsuid=114 ouid=114
[  113.605198] audit: type=1400 audit(1572491763.532:21): apparmor="DENIED" operation="open" profile="/usr/sbin/mysqld" name="/proc/2467/status" pid=2467 comm="mysqld" requested_mask="r" denied_mask="r" fsuid=114 ouid=114
[  113.605231] audit: type=1400 audit(1572491763.532:22): apparmor="DENIED" operation="open" profile="/usr/sbin/mysqld" name="/sys/devices/system/node/" pid=2467 comm="mysqld" requested_mask="r" denied_mask="r" fsuid=114 ouid=0
[  113.605338] audit: type=1400 audit(1572491763.532:23): apparmor="DENIED" operation="open" profile="/usr/sbin/mysqld" name="/proc/2467/status" pid=2467 comm="mysqld" requested_mask="r" denied_mask="r" fsuid=114 ouid=114
[  145.353176] audit: type=1400 audit(1572491795.281:24): apparmor="DENIED" operation="open" profile="/usr/sbin/mysqld" name="/proc/2568/status" pid=2568 comm="mysqld" requested_mask="r" denied_mask="r" fsuid=114 ouid=114
[  145.353182] audit: type=1400 audit(1572491795.281:25): apparmor="DENIED" operation="open" profile="/usr/sbin/mysqld" name="/sys/devices/system/node/" pid=2568 comm="mysqld" requested_mask="r" denied_mask="r" fsuid=114 ouid=0
[  145.353250] audit: type=1400 audit(1572491795.285:26): apparmor="DENIED" operation="open" profile="/usr/sbin/mysqld" name="/proc/2568/status" pid=2568 comm="mysqld" requested_mask="r" denied_mask="r" fsuid=114 ouid=114
[  177.102999] audit: type=1400 audit(1572491827.034:27): apparmor="DENIED" operation="open" profile="/usr/sbin/mysqld" name="/proc/2768/status" pid=2768 comm="mysqld" requested_mask="r" denied_mask="r" fsuid=114 ouid=114
[  177.103007] audit: type=1400 audit(1572491827.034:28): apparmor="DENIED" operation="open" profile="/usr/sbin/mysqld" name="/sys/devices/system/node/" pid=2768 comm="mysqld" requested_mask="r" denied_mask="r" fsuid=114 ouid=0
[  177.103079] audit: type=1400 audit(1572491827.034:29): apparmor="DENIED" operation="open" profile="/usr/sbin/mysqld" name="/proc/2768/status" pid=2768 comm="mysqld" requested_mask="r" denied_mask="r" fsuid=114 ouid=114
[  208.851355] audit: type=1400 audit(1572491858.778:30): apparmor="DENIED" operation="open" profile="/usr/sbin/mysqld" name="/proc/2868/status" pid=2868 comm="mysqld" requested_mask="r" denied_mask="r" fsuid=114 ouid=114
[  208.851362] audit: type=1400 audit(1572491858.778:31): apparmor="DENIED" operation="open" profile="/usr/sbin/mysqld" name="/sys/devices/system/node/" pid=2868 comm="mysqld" requested_mask="r" denied_mask="r" fsuid=114 ouid=0
[  208.851415] audit: type=1400 audit(1572491858.778:32): apparmor="DENIED" operation="open" profile="/usr/sbin/mysqld" name="/proc/2868/status" pid=2868 comm="mysqld" requested_mask="r" denied_mask="r" fsuid=114 ouid=114
[  240.602486] audit: type=1400 audit(1572491890.531:33): apparmor="DENIED" operation="open" profile="/usr/sbin/mysqld" name="/proc/2966/status" pid=2966 comm="mysqld" requested_mask="r" denied_mask="r" fsuid=114 ouid=114
[  240.602527] audit: type=1400 audit(1572491890.531:34): apparmor="DENIED" operation="open" profile="/usr/sbin/mysqld" name="/sys/devices/system/node/" pid=2966 comm="mysqld" requested_mask="r" denied_mask="r" fsuid=114 ouid=0
[  240.602627] audit: type=1400 audit(1572491890.531:35): apparmor="DENIED" operation="open" profile="/usr/sbin/mysqld" name="/proc/2966/status" pid=2966 comm="mysqld" requested_mask="r" denied_mask="r" fsuid=114 ouid=114
[  247.996138] EXT4-fs (sdc1): 1 orphan inode deleted
[  247.996140] EXT4-fs (sdc1): recovery complete
[  247.997088] EXT4-fs (sdc1): mounted filesystem with ordered data mode. Opts: (null)
[  272.351154] audit: type=1400 audit(1572491922.284:36): apparmor="DENIED" operation="open" profile="/usr/sbin/mysqld" name="/proc/3175/status" pid=3175 comm="mysqld" requested_mask="r" denied_mask="r" fsuid=114 ouid=114
[  272.351161] audit: type=1400 audit(1572491922.284:37): apparmor="DENIED" operation="open" profile="/usr/sbin/mysqld" name="/sys/devices/system/node/" pid=3175 comm="mysqld" requested_mask="r" denied_mask="r" fsuid=114 ouid=0
[  272.351251] audit: type=1400 audit(1572491922.284:38): apparmor="DENIED" operation="open" profile="/usr/sbin/mysqld" name="/proc/3175/status" pid=3175 comm="mysqld" requested_mask="r" denied_mask="r" fsuid=114 ouid=114
[  304.101048] audit: type=1400 audit(1572491954.033:39): apparmor="DENIED" operation="open" profile="/usr/sbin/mysqld" name="/proc/3356/status" pid=3356 comm="mysqld" requested_mask="r" denied_mask="r" fsuid=114 ouid=114
[  304.101055] audit: type=1400 audit(1572491954.033:40): apparmor="DENIED" operation="open" profile="/usr/sbin/mysqld" name="/sys/devices/system/node/" pid=3356 comm="mysqld" requested_mask="r" denied_mask="r" fsuid=114 ouid=0
[  304.101139] audit: type=1400 audit(1572491954.033:41): apparmor="DENIED" operation="open" profile="/usr/sbin/mysqld" name="/proc/3356/status" pid=3356 comm="mysqld" requested_mask="r" denied_mask="r" fsuid=114 ouid=114
[  335.848476] audit: type=1400 audit(1572491985.781:42): apparmor="DENIED" operation="open" profile="/usr/sbin/mysqld" name="/proc/3601/status" pid=3601 comm="mysqld" requested_mask="r" denied_mask="r" fsuid=114 ouid=114
[  335.848483] audit: type=1400 audit(1572491985.781:43): apparmor="DENIED" operation="open" profile="/usr/sbin/mysqld" name="/sys/devices/system/node/" pid=3601 comm="mysqld" requested_mask="r" denied_mask="r" fsuid=114 ouid=0
[  335.848536] audit: type=1400 audit(1572491985.781:44): apparmor="DENIED" operation="open" profile="/usr/sbin/mysqld" name="/proc/3601/status" pid=3601 comm="mysqld" requested_mask="r" denied_mask="r" fsuid=114 ouid=114
[  367.599404] audit: type=1400 audit(1572492017.534:45): apparmor="DENIED" operation="open" profile="/usr/sbin/mysqld" name="/proc/3703/status" pid=3703 comm="mysqld" requested_mask="r" denied_mask="r" fsuid=114 ouid=114
[  367.599411] audit: type=1400 audit(1572492017.534:46): apparmor="DENIED" operation="open" profile="/usr/sbin/mysqld" name="/sys/devices/system/node/" pid=3703 comm="mysqld" requested_mask="r" denied_mask="r" fsuid=114 ouid=0
[  367.599495] audit: type=1400 audit(1572492017.534:47): apparmor="DENIED" operation="open" profile="/usr/sbin/mysqld" name="/proc/3703/status" pid=3703 comm="mysqld" requested_mask="r" denied_mask="r" fsuid=114 ouid=114
[  399.346811] audit: type=1400 audit(1572492049.279:48): apparmor="DENIED" operation="open" profile="/usr/sbin/mysqld" name="/proc/3803/status" pid=3803 comm="mysqld" requested_mask="r" denied_mask="r" fsuid=114 ouid=114
[  399.346819] audit: type=1400 audit(1572492049.279:49): apparmor="DENIED" operation="open" profile="/usr/sbin/mysqld" name="/sys/devices/system/node/" pid=3803 comm="mysqld" requested_mask="r" denied_mask="r" fsuid=114 ouid=0
[  399.346879] audit: type=1400 audit(1572492049.279:50): apparmor="DENIED" operation="open" profile="/usr/sbin/mysqld" name="/proc/3803/status" pid=3803 comm="mysqld" requested_mask="r" denied_mask="r" fsuid=114 ouid=114
[  431.098526] audit: type=1400 audit(1572492081.031:51): apparmor="DENIED" operation="open" profile="/usr/sbin/mysqld" name="/proc/3903/status" pid=3903 comm="mysqld" requested_mask="r" denied_mask="r" fsuid=114 ouid=114
[  431.098534] audit: type=1400 audit(1572492081.031:52): apparmor="DENIED" operation="open" profile="/usr/sbin/mysqld" name="/sys/devices/system/node/" pid=3903 comm="mysqld" requested_mask="r" denied_mask="r" fsuid=114 ouid=0
