ENABLE_FILE_STATS in con
ENABLE_FILE_STATS in con
Command terminated by signal 9
	Command being timed: "./db_bench --db=/users/kannan11/ssd/sudarsun/prefetching/appbench/apps/rocksdb/DATA --value_size=4096 --wal_dir=/users/kannan11/ssd/sudarsun/prefetching/appbench/apps/rocksdb/DATA/WAL_LOG --sync=0 --key_size=1000 --write_buffer_size=67108864 --num=1000000 --benchmarks=compact --use_existing_db=1 --mmap_read=0 --threads=16"
	User time (seconds): 0.00
	System time (seconds): 0.20
	Percent of CPU this job got: 441%
	Elapsed (wall clock) time (h:mm:ss or m:ss): 0:00.04
	Average shared text size (kbytes): 0
	Average unshared data size (kbytes): 0
	Average stack size (kbytes): 0
	Average total size (kbytes): 0
	Maximum resident set size (kbytes): 74936
	Average resident set size (kbytes): 0
	Major (requiring I/O) page faults: 70
	Minor (reclaiming a frame) page faults: 17092
	Voluntary context switches: 474
	Involuntary context switches: 174
	Swaps: 0
	File system inputs: 13672
	File system outputs: 48
	Socket messages sent: 0
	Socket messages received: 0
	Signals delivered: 0
	Page size (bytes): 4096
	Exit status: 0
DESTRUCTOR GETTING CALLED 
PRINT_GLOBAL_STATS in dest
[63906.585782] sh (6621): drop_caches: 3
[63906.614111] sh (6626): drop_caches: 3
[63911.647344] Enabled file stats for time:6633
[63911.647548] write_proc: Value of write = 0
[63911.653082] Enabled file stats for db_bench:6642
[63911.653273] write_proc: Value of write = 0
[63911.674434] db_bench invoked oom-killer: gfp_mask=0x1100dca(GFP_HIGHUSER_MOVABLE|__GFP_ZERO), order=0, oom_score_adj=0
[63911.674441] CPU: 28 PID: 6661 Comm: db_bench Not tainted 5.14.0 #30
[63911.674443] Hardware name: Dell Inc. PowerEdge C6525/04DK47, BIOS 2.0.3 01/15/2021
[63911.674445] Call Trace:
[63911.674447]  dump_stack_lvl+0x4a/0x5f
[63911.674452]  dump_stack+0x10/0x12
[63911.674454]  dump_header+0x4f/0x210
[63911.674457]  oom_kill_process+0xec/0x140
[63911.674459]  out_of_memory+0x117/0x590
[63911.674462]  __alloc_pages_slowpath.constprop.122+0xa55/0xd70
[63911.674465]  __alloc_pages+0x2db/0x320
[63911.674467]  alloc_pages_vma+0x88/0x220
[63911.674469]  __handle_mm_fault+0xa3f/0x1270
[63911.674472]  handle_mm_fault+0xd9/0x2b0
[63911.674474]  do_user_addr_fault+0x1e0/0x6e0
[63911.674476]  exc_page_fault+0x76/0x150
[63911.674478]  ? asm_exc_page_fault+0x8/0x30
[63911.674481]  asm_exc_page_fault+0x1e/0x30
[63911.674483] RIP: 0033:0x7f1d25e3aea7
[63911.674485] Code: 47 20 c5 fe 7f 44 17 c0 c5 fe 7f 47 40 c5 fe 7f 44 17 a0 c5 fe 7f 47 60 c5 fe 7f 44 17 80 48 01 fa 48 83 e2 80 48 39 d1 74 ba <c5> fd 7f 01 c5 fd 7f 41 20 c5 fd 7f 41 40 c5 fd 7f 41 60 48 81 c1
[63911.674488] RSP: 002b:00007f1d05ffd368 EFLAGS: 00010206
[63911.674490] RAX: 00007f1cd1fff010 RBX: 00007f1ccc000ca0 RCX: 00007f1cd23df000
[63911.674491] RDX: 00007f1cd3fff000 RSI: 0000000000000000 RDI: 00007f1cd1fff010
[63911.674492] RBP: 00007f1d05ffd380 R08: 00000000ffffffff R09: 0000000000000000
[63911.674493] R10: 0000000000000022 R11: 0000000000000246 R12: 0000000000080000
[63911.674494] R13: 00007f1d05ffd730 R14: 00007f1d05ffd810 R15: fffffffffffffca0
[63911.674498] Mem-Info:
[63911.674501] active_anon:301 inactive_anon:16207 isolated_anon:3
                active_file:1555 inactive_file:2323 isolated_file:0
                unevictable:768 dirty:278 writeback:124
                slab_reclaimable:14358 slab_unreclaimable:87178
                mapped:2903 shmem:766 pagetables:1168 bounce:0
                free:149326 free_pcp:125 free_cma:0
[63911.674505] Node 0 active_anon:1204kB inactive_anon:64828kB active_file:6220kB inactive_file:9292kB unevictable:3072kB isolated(anon):12kB isolated(file):0kB mapped:11612kB dirty:1112kB writeback:496kB shmem:3064kB shmem_thp: 0kB shmem_pmdmapped: 0kB anon_thp: 0kB writeback_tmp:0kB kernel_stack:10112kB pagetables:4672kB all_unreclaimable? no
[63911.674509] Node 0 DMA free:11264kB min:4kB low:16kB high:28kB reserved_highatomic:0KB active_anon:0kB inactive_anon:0kB active_file:0kB inactive_file:0kB unevictable:0kB writepending:0kB present:15992kB managed:15360kB mlocked:0kB bounce:0kB free_pcp:0kB local_pcp:0kB free_cma:0kB
[63911.674513] lowmem_reserve[]: 0 776 127598 127598 127598
[63911.674516] Node 0 DMA32 free:507608kB min:408kB low:1200kB high:1992kB reserved_highatomic:0KB active_anon:0kB inactive_anon:0kB active_file:0kB inactive_file:0kB unevictable:0kB writepending:0kB present:1682240kB managed:1616700kB mlocked:0kB bounce:0kB free_pcp:0kB local_pcp:0kB free_cma:0kB
[63911.674520] lowmem_reserve[]: 0 0 126822 126822 126822
[63911.674523] Node 0 Normal free:78432kB min:167516kB low:297380kB high:427244kB reserved_highatomic:2048KB active_anon:1204kB inactive_anon:64828kB active_file:6220kB inactive_file:9292kB unevictable:3072kB writepending:344kB present:132106240kB managed:129874164kB mlocked:0kB bounce:0kB free_pcp:680kB local_pcp:108kB free_cma:0kB
[63911.674527] lowmem_reserve[]: 0 0 0 0 0
[63911.674529] Node 0 DMA: 0*4kB 0*8kB 0*16kB 0*32kB 0*64kB 0*128kB 0*256kB 0*512kB 1*1024kB (U) 1*2048kB (M) 2*4096kB (M) = 11264kB
[63911.674538] Node 0 DMA32: 6*4kB (UME) 5*8kB (UME) 6*16kB (UME) 6*32kB (UME) 5*64kB (UME) 5*128kB (UME) 4*256kB (ME) 5*512kB (UME) 3*1024kB (ME) 4*2048kB (ME) 120*4096kB (ME) = 507680kB
[63911.674548] Node 0 Normal: 10132*4kB (UME) 3489*8kB (UME) 991*16kB (UME) 5*32kB (E) 1*64kB (M) 0*128kB 0*256kB 0*512kB 0*1024kB 0*2048kB 0*4096kB = 84520kB
[63911.674557] Node 0 hugepages_total=0 hugepages_free=0 hugepages_surp=0 hugepages_size=1048576kB
[63911.674558] Node 0 hugepages_total=0 hugepages_free=0 hugepages_surp=0 hugepages_size=2048kB
[63911.674560] 5222 total pagecache pages
[63911.674560] 474 pages in swap cache
[63911.674561] Swap cache stats: add 1869503, delete 1869927, find 163217/293165
[63911.674562] Free swap  = 3085432kB
[63911.674563] Total swap = 3145724kB
[63911.674563] 33451118 pages RAM
[63911.674564] 0 pages HighMem/MovableOnly
[63911.674564] 574562 pages reserved
[63911.674565] 0 pages cma reserved
[63911.674565] 0 pages hwpoisoned
[63911.674566] Unreclaimable slab info:
[63911.674567] Name                      Used          Total
[63911.674568] mlx5_fs_ftes             253KB        253KB
[63911.674570] mlx5_fs_fgs               63KB         63KB
[63911.674571] scsi_sense_cache          32KB         32KB
[63911.674573] RAWv6                    123KB        123KB
[63911.674574] UDPv6                   1417KB       1417KB
[63911.674576] TCPv6                     92KB         92KB
[63911.674577] mqueue_inode_cache         31KB         31KB
[63911.674579] ext4_system_zone          39KB         39KB
[63911.674581] PING                    1600KB       1600KB
[63911.674582] RAW                       96KB         96KB
[63911.674583] tw_sock_TCP              295KB        295KB
[63911.674584] request_sock_TCP         739KB        739KB
[63911.674585] TCP                     1439KB       1439KB
[63911.674586] hugetlbfs_inode_cache         63KB         63KB
[63911.674587] ep_head                  192KB        192KB
[63911.674588] request_queue             62KB         62KB
[63911.674589] biovec-max              4612KB       4708KB
[63911.674590] biovec-128              1600KB       1600KB
[63911.674592] biovec-64               1536KB       1536KB
[63911.674593] dmaengine-unmap-256         30KB         30KB
[63911.674594] dmaengine-unmap-128         31KB         31KB
[63911.674595] dmaengine-unmap-16       3984KB       3984KB
[63911.674595] skbuff_fclone_cache        768KB        768KB
[63911.674597] skbuff_head_cache       1214KB       1224KB
[63911.674598] file_lock_cache          359KB        359KB
[63911.674599] file_lock_ctx            103KB        103KB
[63911.674600] fsnotify_mark_connector        192KB        192KB
[63911.674601] task_delay_info          111KB        111KB
[63911.674602] taskstats                631KB        631KB
[63911.674603] proc_dir_entry           732KB        732KB
[63911.674604] pde_opener               191KB        191KB
[63911.674605] seq_file                 191KB        191KB
[63911.674607] shmem_inode_cache       2192KB       2192KB
[63911.674607] kernfs_node_cache       8920KB       8920KB
[63911.674608] mnt_cache                302KB        302KB
[63911.674609] filp                    3568KB       3568KB
[63911.674610] names_cache             1536KB       1536KB
[63911.674611] lsm_file_cache           266KB        266KB
[63911.674613] vm_area_struct          4300KB       4312KB
[63911.674614] mm_struct               1657KB       1657KB
[63911.674614] files_cache             1581KB       1581KB
[63911.674615] signal_cache            2173KB       2173KB
[63911.674616] sighand_cache           2877KB       2877KB
[63911.674618] task_struct             5989KB       6156KB
[63911.674619] cred_jar                 630KB        630KB
[63911.674620] anon_vma_chain          1908KB       1908KB
[63911.674621] anon_vma                1786KB       1786KB
[63911.674622] pid                      304KB        304KB
[63911.674623] irq_remap_cache          384KB        384KB
[63911.674624] Acpi-Operand             811KB        811KB
[63911.674625] Acpi-ParseExt             47KB         47KB
[63911.674626] Acpi-State               191KB        191KB
[63911.674627] numa_policy               15KB         15KB
[63911.674627] perf_event              1508KB       1508KB
[63911.674628] trace_event_file         316KB        316KB
[63911.674629] ftrace_event_field        386KB        386KB
[63911.674630] pool_workqueue           392KB        392KB
[63911.674631] task_group               756KB        756KB
[63911.674648] vmap_area              18924KB      19072KB
[63911.674650] kmalloc-cg-8k            128KB        128KB
[63911.674650] kmalloc-cg-4k           1536KB       1536KB
[63911.674651] kmalloc-cg-2k           1312KB       1312KB
[63911.674652] kmalloc-cg-1k           1600KB       1600KB
[63911.674653] kmalloc-cg-512           832KB        832KB
[63911.674653] kmalloc-cg-256           144KB        144KB
[63911.674654] kmalloc-cg-192           378KB        378KB
[63911.674655] kmalloc-cg-96            153KB        153KB
[63911.674656] kmalloc-cg-64            192KB        192KB
[63911.674656] kmalloc-cg-32            192KB        192KB
[63911.674657] kmalloc-cg-16            192KB        192KB
[63911.674658] kmalloc-cg-8             192KB        192KB
[63911.674658] kmalloc-8k             65440KB      65440KB
[63911.674660] kmalloc-4k              7332KB       7428KB
[63911.674661] kmalloc-2k             86826KB      87008KB
[63911.674662] kmalloc-1k              5888KB       5888KB
[63911.674663] kmalloc-512            17952KB      17984KB
[63911.674664] kmalloc-256             1280KB       1280KB
[63911.674664] kmalloc-192              724KB        724KB
[63911.674665] kmalloc-128              904KB        904KB
[63911.674666] kmalloc-96             16383KB      16383KB
[63911.674667] kmalloc-64              2428KB       2428KB
[63911.674667] kmalloc-32              1488KB       1488KB
[63911.674668] kmalloc-16               336KB        336KB
[63911.674669] kmalloc-8                276KB        276KB
[63911.674669] kmem_cache_node           24KB         24KB
[63911.674670] kmem_cache                72KB         72KB
[63911.674671] Tasks state (memory values in pages):
[63911.674671] [  pid  ]   uid  tgid total_vm      rss pgtables_bytes swapents oom_score_adj name
[63911.674679] [    744]     0   744    29652      246   249856      337             0 systemd-journal
[63911.674682] [    750]     0   750    26479        0    98304       57             0 lvmetad
[63911.674684] [    754]     0   754    10826        0   114688      459         -1000 systemd-udevd
[63911.674686] [    996]     0   996    11903        0   131072      139             0 rpcbind
[63911.674688] [    998]   101   998    17625        0   176128      136             0 systemd-resolve
[63911.674690] [   1002]   103  1002    12517        1   147456      170          -900 dbus-daemon
[63911.674693] [   1004]     0  1004    42595        1   233472     1941             0 networkd-dispat
[63911.674694] [   1005]     0  1005    27759      216   122880      102             0 irqbalance
[63911.674696] [   1006]     0  1006     7833        0   102400       88             0 cron
[63911.674697] [   1010]     0  1010    17619        0   176128      174             0 systemd-logind
[63911.674700] [   1012]     0  1012    71916       16   192512      237             0 accounts-daemon
[63911.674701] [   1037]   102  1037    66819       54   167936      342             0 rsyslogd
[63911.674704] [   1041]     0  1041    72223        0   208896      230             0 polkitd
[63911.674705] [   1049]     0  1049     8709        1   106496     1775             0 ntpstart
[63911.674707] [   1053]     0  1053    18078        0   184320      202         -1000 sshd
[63911.674709] [   1107]   100  1107    20015        0   184320      201             0 systemd-network
[63911.674711] [   1187]     0  1187     3992        0    81920       35             0 agetty
[63911.674713] [   1212]     0  1212     2747        0    61440       63             0 slothd
[63911.674714] [   1215]     0  1215     4048        0    77824       37             0 agetty
[63911.674716] [   1237]     0  1237     5686        0    77824      113             0 pubsubd
[63911.674718] [   1340]     0  1340     1136        0    53248       27             0 emulab-syncd
[63911.674719] [   1346]     0  1346    11274        0   118784     2245             0 rc.progagent
[63911.674721] [   1347]  2002  1347     8882        0   114688      134             0 program-agent
[63911.674722] [   1399]     0  1399     6200        0    86016      114             0 linktest
[63911.674724] [   1414]   107  1414    26945        0   126976      157             0 ntpd
[63911.674727] [   4689] 20002  4689    19131        0   192512      259             0 systemd
[63911.674728] [   4690] 20002  4690    27870        0   245760      542             0 (sd-pam)
[63911.674730] [   4742] 20002  4742    13273      425   143360      246             0 mosh-server
[63911.674731] [   4743] 20002  4743     5334        1    90112      149             0 tcsh
[63911.674733] [   4749] 20002  4749     5676        1    81920      427             0 bash
[63911.674735] [   4791] 20002  4791     3257      384    69632       29             0 rocksdb-exp-tes
[63911.674737] [   6633] 20002  6633    21487      851   118784        0             0 time
[63911.674739] [   6642] 20002  6642   463116    18542   552960        0             0 db_bench
[63911.674741] oom-kill:constraint=CONSTRAINT_NONE,nodemask=(null),cpuset=/,mems_allowed=0,global_oom,task_memcg=/,task=db_bench,pid=6642,uid=20002
[63911.674772] Out of memory: Killed process 6642 (db_bench) total-vm:1852464kB, anon-rss:66024kB, file-rss:8016kB, shmem-rss:0kB, UID:20002 pgtables:540kB oom_score_adj:0
[63911.690566] FinalTaskReport: db_bench:6642 - ra_orig_nr_pages:0, ra_final_nr_pages:0
                                        async_pages:952, final_async_pages:1256
                                        full_pfetches:0, less256_pfetches:0, partial_pfetches:0
                                        failed_pfetches:0, total_pfetches:0, os_pfetches:62
                                        nr_pages_read:144, nr_pages_hit:108, nr_do_read_fault:161
[63911.695787] oom_reaper: reaped process 6642 (db_bench), now anon-rss:0kB, file-rss:0kB, shmem-rss:0kB
[63911.701237] write_proc: Value of write = 0
[63911.702047] __do_sys_start_cross_trace: PRINT_GLOBAL_STATS 
[63911.702049] Final GlobalReport: nr_pages_read:1347445148, nr_pages_hit:1333679409, nr_do_read_fault:599406, nr_pages_miss:5768738
[63911.706227] FinalTaskReport: time:6633 - ra_orig_nr_pages:0, ra_final_nr_pages:0
                                        async_pages:320, final_async_pages:881
                                        full_pfetches:0, less256_pfetches:0, partial_pfetches:0
                                        failed_pfetches:0, total_pfetches:0, os_pfetches:41
                                        nr_pages_read:0, nr_pages_hit:0, nr_do_read_fault:108
