ENABLE_FILE_STATS in con
ENABLE_FILE_STATS in con
RocksDB:    version 6.20
Date:       Wed Aug 10 12:13:05 2022
CPU:        48 * AMD EPYC 7402P 24-Core Processor
CPUCache:   512 KB
... finished 100 ops                              ... finished 200 ops                              ... finished 300 ops                              ... finished 400 ops                              ... finished 500 ops                              ... finished 600 ops                              ... finished 700 ops                              ... finished 800 ops                              ... finished 900 ops                              ... finished 1000 ops                              ... finished 1500 ops                              ... finished 2000 ops                              ... finished 2500 ops                              ... finished 3000 ops                              ... finished 3500 ops                              ... finished 4000 ops                              ... finished 100 ops                              ... finished 4500 ops                              ... finished 100 ops                              ... finished 5000 ops                              ... finished 6000 ops                              ... finished 100 ops                              ... finished 7000 ops                              ... finished 100 ops                              ... finished 100 ops                              ... finished 100 ops                              ... finished 100 ops                              ... finished 100 ops                              ... finished 8000 ops                              ... finished 100 ops                              ... finished 100 ops                              ... finished 100 ops                              ... finished 100 ops                              ... finished 100 ops                              ... finished 100 ops                              ... finished 9000 ops                              ... finished 100 ops                              ... finished 100 ops                              ... finished 10000 ops                              ... finished 15000 ops                              ... finished 20000 ops                              ... finished 25000 ops                              ... finished 200 ops                              ... finished 200 ops                              ... finished 200 ops                              ... finished 200 ops                              ... finished 200 ops                              ... finished 200 ops                              ... finished 200 ops                              ... finished 200 ops                              ... finished 200 ops                              ... finished 200 ops                              ... finished 200 ops                              ... finished 200 ops                              ... finished 200 ops                              ... finished 200 ops                              ... finished 200 ops                              ... finished 200 ops                              ... finished 300 ops                              ... finished 300 ops                              ... finished 300 ops                              ... finished 300 ops                              ... finished 300 ops                              ... finished 300 ops                              ... finished 300 ops                              ... finished 300 ops                              ... finished 300 ops                              ... finished 300 ops                              ... finished 300 ops                              ... finished 300 ops                              ... finished 300 ops                              ... finished 300 ops                              ... finished 300 ops                              ... finished 300 ops                              ... finished 400 ops                              ... finished 400 ops                              ... finished 400 ops                              ... finished 400 ops                              ... finished 400 ops                              ... finished 400 ops                              ... finished 400 ops                              ... finished 400 ops                              ... finished 400 ops                              ... finished 400 ops                              ... finished 400 ops                              ... finished 400 ops                              ... finished 400 ops                              ... finished 400 ops                              ... finished 400 ops                              ... finished 400 ops                              ... finished 500 ops                              ... finished 500 ops                              ... finished 500 ops                              ... finished 500 ops                              ... finished 500 ops                              ... finished 500 ops                              ... finished 500 ops                              ... finished 500 ops                              ... finished 500 ops                              ... finished 500 ops                              ... finished 500 ops                              ... finished 500 ops                              ... finished 500 ops                              ... finished 500 ops                              ... finished 500 ops                              ... finished 600 ops                              ... finished 500 ops                              ... finished 600 ops                              ... finished 600 ops                              ... finished 600 ops                              ... finished 600 ops                              ... finished 600 ops                              ... finished 600 ops                              ... finished 600 ops                              ... finished 600 ops                              ... finished 600 ops                              ... finished 600 ops                              ... finished 600 ops                              ... finished 600 ops                              ... finished 600 ops                              ... finished 600 ops                              ... finished 600 ops                              ... finished 700 ops                              ... finished 700 ops                              ... finished 30000 ops                              ... finished 700 ops                              ... finished 700 ops                              ... finished 700 ops                              ... finished 700 ops                              ... finished 700 ops                              ... finished 700 ops                              ... finished 700 ops                              ... finished 700 ops                              ... finished 700 ops                              ... finished 700 ops                              ... finished 700 ops                              ... finished 700 ops                              ... finished 700 ops                              ... finished 700 ops                              ... finished 800 ops                              ... finished 800 ops                              ... finished 800 ops                              ... finished 800 ops                              ... finished 800 ops                              ... finished 800 ops                              ... finished 800 ops                              ... finished 800 ops                              ... finished 800 ops                              ... finished 800 ops                              ... finished 800 ops                              ... finished 800 ops                              ... finished 800 ops                              ... finished 800 ops                              ... finished 800 ops                              ... finished 900 ops                              ... finished 800 ops                              ... finished 900 ops                              ... finished 900 ops                              ... finished 900 ops                              ... finished 900 ops                              ... finished 900 ops                              ... finished 35000 ops                              ... finished 900 ops                              ... finished 900 ops                              ... finished 900 ops                              ... finished 900 ops                              ... finished 900 ops                              ... finished 900 ops                              ... finished 900 ops                              ... finished 900 ops                              ... finished 1000 ops                              ... finished 900 ops                              ... finished 900 ops                              ... finished 1000 ops                              ... finished 1000 ops                              ... finished 1000 ops                              ... finished 1000 ops                              ... finished 1000 ops                              ... finished 1000 ops                              ... finished 1000 ops                              ... finished 1000 ops                              ... finished 1000 ops                              ... finished 1000 ops                              ... finished 1000 ops                              ... finished 1000 ops                              ... finished 1000 ops                              ... finished 1000 ops                              ... finished 1000 ops                              ... finished 40000 ops                              ... finished 45000 ops                              ... finished 1500 ops                              ... finished 1500 ops                              ... finished 1500 ops                              ... finished 1500 ops                              ... finished 1500 ops                              ... finished 1500 ops                              ... finished 1500 ops                              ... finished 1500 ops                              ... finished 1500 ops                              ... finished 1500 ops                              ... finished 1500 ops                              ... finished 1500 ops                              ... finished 1500 ops                              ... finished 1500 ops                              ... finished 1500 ops                              ... finished 50000 ops                              ... finished 1500 ops                              ... finished 2000 ops                              ... finished 2000 ops                              ... finished 2000 ops                              ... finished 2000 ops                              ... finished 2000 ops                              ... finished 60000 ops                              ... finished 2000 ops                              ... finished 2000 ops                              ... finished 2000 ops                              ... finished 2000 ops                              ... finished 2000 ops                              ... finished 2000 ops                              ... finished 2000 ops                              ... finished 2000 ops                              ... finished 2000 ops                              ... finished 2000 ops                              ... finished 2000 ops                              ... finished 70000 ops                              ... finished 2500 ops                              ... finished 2500 ops                              ... finished 2500 ops                              ... finished 2500 ops                              ... finished 2500 ops                              ... finished 2500 ops                              ... finished 2500 ops                              ... finished 2500 ops                              ... finished 2500 ops                              ... finished 2500 ops                              ... finished 2500 ops                              ... finished 2500 ops                              ... finished 2500 ops                              ... finished 2500 ops                              ... finished 2500 ops                              ... finished 2500 ops                              ... finished 80000 ops                              ... finished 3000 ops                              ... finished 3000 ops                              ... finished 3000 ops                              ... finished 3000 ops                              ... finished 3000 ops                              ... finished 3000 ops                              ... finished 3000 ops                              ... finished 3000 ops                              ... finished 3000 ops                              ... finished 3000 ops                              ... finished 3000 ops                              ... finished 3000 ops                              ... finished 3000 ops                              ... finished 3000 ops                              ... finished 3000 ops                              ... finished 3000 ops                              ... finished 90000 ops                              ... finished 3500 ops                              ... finished 3500 ops                              ... finished 3500 ops                              ... finished 3500 ops                              ... finished 3500 ops                              ... finished 3500 ops                              ... finished 3500 ops                              ... finished 3500 ops                              ... finished 3500 ops                              ... finished 3500 ops                              ... finished 3500 ops                              ... finished 3500 ops                              ... finished 3500 ops                              ... finished 100000 ops                              ... finished 3500 ops                              ... finished 3500 ops                              ... finished 3500 ops                              ... finished 4000 ops                              ... finished 4000 ops                              ... finished 4000 ops                              ... finished 4000 ops                              ... finished 4000 ops                              ... finished 4000 ops                              ... finished 4000 ops                              ... finished 4000 ops                              ... finished 4000 ops                              ... finished 4000 ops                              ... finished 4000 ops                              ... finished 4000 ops                              ... finished 4000 ops                              ... finished 4000 ops                              ... finished 4000 ops                              ... finished 4000 ops                              ... finished 4500 ops                              ... finished 4500 ops                              ... finished 4500 ops                              ... finished 4500 ops                              ... finished 4500 ops                              ... finished 4500 ops                              ... finished 4500 ops                              ... finished 4500 ops                              ... finished 4500 ops                              ... finished 4500 ops                              ... finished 4500 ops                              ... finished 4500 ops                              ... finished 4500 ops                              ... finished 4500 ops                              ... finished 4500 ops                              ... finished 4500 ops                              ... finished 5000 ops                              ... finished 5000 ops                              ... finished 5000 ops                              ... finished 150000 ops                              ... finished 5000 ops                              ... finished 5000 ops                              ... finished 5000 ops                              ... finished 5000 ops                              ... finished 5000 ops                              ... finished 5000 ops                              ... finished 5000 ops                              ... finished 5000 ops                              ... finished 5000 ops                              ... finished 5000 ops                              ... finished 5000 ops                              ... finished 5000 ops                              ... finished 5000 ops                              ... finished 6000 ops                              ... finished 6000 ops                              ... finished 6000 ops                              ... finished 6000 ops                              ... finished 6000 ops                              ... finished 6000 ops                              ... finished 6000 ops                              ... finished 6000 ops                              ... finished 6000 ops                              ... finished 6000 ops                              ... finished 200000 ops                              ... finished 6000 ops                              ... finished 6000 ops                              ... finished 6000 ops                              ... finished 6000 ops                              ... finished 6000 ops                              ... finished 6000 ops                              ... finished 250000 ops                              ... finished 7000 ops                              ... finished 7000 ops                              ... finished 7000 ops                              ... finished 7000 ops                              ... finished 7000 ops                              ... finished 7000 ops                              ... finished 7000 ops                              ... finished 7000 ops                              ... finished 7000 ops                              ... finished 300000 ops                              ... finished 7000 ops                              ... finished 7000 ops                              ... finished 7000 ops                              ... finished 7000 ops                              ... finished 7000 ops                              ... finished 7000 ops                              ... finished 7000 ops                              ... finished 350000 ops                              ... finished 400000 ops                              ... finished 8000 ops                              ... finished 8000 ops                              ... finished 8000 ops                              ... finished 8000 ops                              ... finished 8000 ops                              ... finished 8000 ops                              ... finished 8000 ops                              ... finished 8000 ops                              ... finished 8000 ops                              ... finished 8000 ops                              ... finished 8000 ops                              ... finished 8000 ops                              ... finished 8000 ops                              ... finished 8000 ops                              ... finished 8000 ops                              ... finished 8000 ops                              ... finished 9000 ops                              ... finished 9000 ops                              ... finished 9000 ops                              ... finished 9000 ops                              ... finished 9000 ops                              ... finished 9000 ops                              ... finished 9000 ops                              ... finished 9000 ops                              ... finished 9000 ops                              ... finished 9000 ops                              ... finished 9000 ops                              ... finished 9000 ops                              ... finished 9000 ops                              ... finished 9000 ops                              ... finished 9000 ops                              ... finished 9000 ops                              ... finished 10000 ops                              ... finished 10000 ops                              ... finished 10000 ops                              ... finished 10000 ops                              ... finished 10000 ops                              ... finished 10000 ops                              ... finished 10000 ops                              ... finished 10000 ops                              ... finished 10000 ops                              ... finished 10000 ops                              ... finished 10000 ops                              ... finished 10000 ops                              ... finished 10000 ops                              ... finished 10000 ops                              ... finished 10000 ops                              ... finished 10000 ops                              Command terminated by signal 9
	Command being timed: "./db_bench --db=/users/kannan11/ssd/sudarsun/prefetching/appbench/apps/rocksdb/DATA --value_size=4096 --wal_dir=/users/kannan11/ssd/sudarsun/prefetching/appbench/apps/rocksdb/DATA/WAL_LOG --sync=0 --key_size=1000 --write_buffer_size=67108864 --num=1000000 --benchmarks=readwhilewriting --use_existing_db=1 --mmap_read=0 --threads=16"
	User time (seconds): 31.10
	System time (seconds): 34.88
	Percent of CPU this job got: 371%
	Elapsed (wall clock) time (h:mm:ss or m:ss): 0:17.76
	Average shared text size (kbytes): 0
	Average unshared data size (kbytes): 0
	Average stack size (kbytes): 0
	Average total size (kbytes): 0
	Maximum resident set size (kbytes): 1341304
	Average resident set size (kbytes): 0
	Major (requiring I/O) page faults: 640157
	Minor (reclaiming a frame) page faults: 1080669
	Voluntary context switches: 1748100
	Involuntary context switches: 25634
	Swaps: 0
	File system inputs: 41750472
	File system outputs: 9246712
	Socket messages sent: 0
	Socket messages received: 0
	Signals delivered: 0
	Page size (bytes): 4096
	Exit status: 0
DESTRUCTOR GETTING CALLED 
PRINT_GLOBAL_STATS in dest
[ 1619.896950] sh (4638): drop_caches: 3
[ 1619.928276] sh (4643): drop_caches: 3
[ 1624.957385] Enabled file stats for time:4650
[ 1624.957547] write_proc: Value of write = 1
[ 1624.963376] Enabled file stats for db_bench:4659
[ 1624.963557] write_proc: Value of write = 1
[ 1625.476361] alloc_cross_bitmap: preallocate 268435456 pg, nr_longs=4194304 in 4 millisec
[ 1625.611874] alloc_cross_bitmap: preallocate 268435456 pg, nr_longs=4194304 in 4 millisec
[ 1625.764167] alloc_cross_bitmap: preallocate 268435456 pg, nr_longs=4194304 in 4 millisec
[ 1625.914846] alloc_cross_bitmap: preallocate 268435456 pg, nr_longs=4194304 in 4 millisec
[ 1626.069493] alloc_cross_bitmap: preallocate 268435456 pg, nr_longs=4194304 in 4 millisec
[ 1626.211045] alloc_cross_bitmap: preallocate 268435456 pg, nr_longs=4194304 in 0 millisec
[ 1626.368558] alloc_cross_bitmap: preallocate 268435456 pg, nr_longs=4194304 in 4 millisec
[ 1626.512694] alloc_cross_bitmap: preallocate 268435456 pg, nr_longs=4194304 in 4 millisec
[ 1626.682858] alloc_cross_bitmap: preallocate 268435456 pg, nr_longs=4194304 in 28 millisec
[ 1626.894423] alloc_cross_bitmap: preallocate 268435456 pg, nr_longs=4194304 in 4 millisec
[ 1627.039955] alloc_cross_bitmap: preallocate 268435456 pg, nr_longs=4194304 in 12 millisec
[ 1627.075174] alloc_cross_bitmap: preallocate 268435456 pg, nr_longs=4194304 in 24 millisec
[ 1627.094882] alloc_cross_bitmap: preallocate 268435456 pg, nr_longs=4194304 in 16 millisec
[ 1627.135362] alloc_cross_bitmap: preallocate 268435456 pg, nr_longs=4194304 in 20 millisec
[ 1627.267879] alloc_cross_bitmap: preallocate 268435456 pg, nr_longs=4194304 in 8 millisec
[ 1627.457170] alloc_cross_bitmap: preallocate 268435456 pg, nr_longs=4194304 in 4 millisec
[ 1627.614736] alloc_cross_bitmap: preallocate 268435456 pg, nr_longs=4194304 in 0 millisec
[ 1627.754013] alloc_cross_bitmap: preallocate 268435456 pg, nr_longs=4194304 in 4 millisec
[ 1627.873267] alloc_cross_bitmap: preallocate 268435456 pg, nr_longs=4194304 in 4 millisec
[ 1628.032827] alloc_cross_bitmap: preallocate 268435456 pg, nr_longs=4194304 in 4 millisec
[ 1628.196787] alloc_cross_bitmap: preallocate 268435456 pg, nr_longs=4194304 in 4 millisec
[ 1628.371509] alloc_cross_bitmap: preallocate 268435456 pg, nr_longs=4194304 in 8 millisec
[ 1628.544805] alloc_cross_bitmap: preallocate 268435456 pg, nr_longs=4194304 in 4 millisec
[ 1628.764479] alloc_cross_bitmap: preallocate 268435456 pg, nr_longs=4194304 in 4 millisec
[ 1628.909064] alloc_cross_bitmap: preallocate 268435456 pg, nr_longs=4194304 in 4 millisec
[ 1629.059449] alloc_cross_bitmap: preallocate 268435456 pg, nr_longs=4194304 in 8 millisec
[ 1629.186131] alloc_cross_bitmap: preallocate 268435456 pg, nr_longs=4194304 in 8 millisec
[ 1629.327388] alloc_cross_bitmap: preallocate 268435456 pg, nr_longs=4194304 in 8 millisec
[ 1629.582785] alloc_cross_bitmap: preallocate 268435456 pg, nr_longs=4194304 in 4 millisec
[ 1629.611295] alloc_cross_bitmap: preallocate 268435456 pg, nr_longs=4194304 in 16 millisec
[ 1629.644069] alloc_cross_bitmap: preallocate 268435456 pg, nr_longs=4194304 in 16 millisec
[ 1629.684563] alloc_cross_bitmap: preallocate 268435456 pg, nr_longs=4194304 in 20 millisec
[ 1629.728305] alloc_cross_bitmap: preallocate 268435456 pg, nr_longs=4194304 in 24 millisec
[ 1629.743339] alloc_cross_bitmap: preallocate 268435456 pg, nr_longs=4194304 in 4 millisec
[ 1630.368622] alloc_cross_bitmap: preallocate 268435456 pg, nr_longs=4194304 in 4 millisec
[ 1630.536159] alloc_cross_bitmap: preallocate 268435456 pg, nr_longs=4194304 in 4 millisec
[ 1630.674545] alloc_cross_bitmap: preallocate 268435456 pg, nr_longs=4194304 in 4 millisec
[ 1630.805600] alloc_cross_bitmap: preallocate 268435456 pg, nr_longs=4194304 in 8 millisec
[ 1630.940282] alloc_cross_bitmap: preallocate 268435456 pg, nr_longs=4194304 in 4 millisec
[ 1631.095652] alloc_cross_bitmap: preallocate 268435456 pg, nr_longs=4194304 in 4 millisec
[ 1631.229377] alloc_cross_bitmap: preallocate 268435456 pg, nr_longs=4194304 in 4 millisec
[ 1634.293107] alloc_cross_bitmap: preallocate 268435456 pg, nr_longs=4194304 in 4 millisec
[ 1634.311109] alloc_cross_bitmap: preallocate 268435456 pg, nr_longs=4194304 in 8 millisec
[ 1634.328890] alloc_cross_bitmap: preallocate 268435456 pg, nr_longs=4194304 in 4 millisec
[ 1634.349076] alloc_cross_bitmap: preallocate 268435456 pg, nr_longs=4194304 in 8 millisec
[ 1634.387704] alloc_cross_bitmap: preallocate 268435456 pg, nr_longs=4194304 in 24 millisec
[ 1634.426961] alloc_cross_bitmap: preallocate 268435456 pg, nr_longs=4194304 in 20 millisec
[ 1634.459340] alloc_cross_bitmap: preallocate 268435456 pg, nr_longs=4194304 in 16 millisec
[ 1634.520424] alloc_cross_bitmap: preallocate 268435456 pg, nr_longs=4194304 in 8 millisec
[ 1634.570315] alloc_cross_bitmap: preallocate 268435456 pg, nr_longs=4194304 in 16 millisec
[ 1634.623032] alloc_cross_bitmap: preallocate 268435456 pg, nr_longs=4194304 in 20 millisec
[ 1637.646786] alloc_cross_bitmap: preallocate 268435456 pg, nr_longs=4194304 in 4 millisec
[ 1637.692514] alloc_cross_bitmap: preallocate 268435456 pg, nr_longs=4194304 in 4 millisec
[ 1637.753601] alloc_cross_bitmap: preallocate 268435456 pg, nr_longs=4194304 in 36 millisec
[ 1642.390104] alloc_cross_bitmap: preallocate 268435456 pg, nr_longs=4194304 in 28 millisec
[ 1642.466438] alloc_cross_bitmap: preallocate 268435456 pg, nr_longs=4194304 in 16 millisec
[ 1642.631649] db_bench invoked oom-killer: gfp_mask=0x1100cca(GFP_HIGHUSER_MOVABLE), order=0, oom_score_adj=0
[ 1642.631655] CPU: 15 PID: 4686 Comm: db_bench Not tainted 5.14.0 #30
[ 1642.631658] Hardware name: Dell Inc. PowerEdge C6525/04DK47, BIOS 2.0.3 01/15/2021
[ 1642.631659] Call Trace:
[ 1642.631662]  dump_stack_lvl+0x4a/0x5f
[ 1642.631668]  dump_stack+0x10/0x12
[ 1642.631670]  dump_header+0x4f/0x210
[ 1642.631674]  oom_kill_process+0xec/0x140
[ 1642.631676]  out_of_memory+0x117/0x590
[ 1642.631678]  __alloc_pages_slowpath.constprop.122+0xa55/0xd70
[ 1642.631682]  __alloc_pages+0x2db/0x320
[ 1642.631685]  alloc_pages+0x6a/0xe0
[ 1642.631687]  __page_cache_alloc+0x65/0x90
[ 1642.631690]  pagecache_get_page+0x219/0x500
[ 1642.631692]  filemap_fault+0x380/0x690
[ 1642.631695]  ? filemap_map_pages+0x13f/0x610
[ 1642.631697]  ext4_filemap_fault+0x31/0x50
[ 1642.631701]  __do_fault+0x37/0xc0
[ 1642.631704]  __handle_mm_fault+0xdf9/0x1270
[ 1642.631707]  handle_mm_fault+0xd9/0x2b0
[ 1642.631709]  do_user_addr_fault+0x1e0/0x6e0
[ 1642.631712]  exc_page_fault+0x76/0x150
[ 1642.631714]  ? asm_exc_page_fault+0x8/0x30
[ 1642.631717]  asm_exc_page_fault+0x1e/0x30
[ 1642.631719] RIP: 0033:0x55bf4392942f
[ 1642.631725] Code: Unable to access opcode bytes at RIP 0x55bf43929405.
[ 1642.631726] RSP: 002b:00007fbfb9ffac50 EFLAGS: 00010206
[ 1642.631728] RAX: 00007fbfb9fface0 RBX: 000055bf442bc280 RCX: 00007fbfb9ffad00
[ 1642.631729] RDX: 0000000000000000 RSI: 0000000000000000 RDI: 000055bf442bd2b0
[ 1642.631731] RBP: 00007fbfb9ffb1f0 R08: 00007fbfb9ffaf30 R09: 0000000000000001
[ 1642.631732] R10: 3e22286463754a4c R11: 795c564d5675607a R12: 00007fbfb9fface0
[ 1642.631733] R13: 0000000000000000 R14: 00007fbfb9ffae40 R15: 00007ffd68ff7c10
[ 1642.631735] Mem-Info:
[ 1642.631739] active_anon:0 inactive_anon:302 isolated_anon:0
                active_file:351 inactive_file:98 isolated_file:0
                unevictable:768 dirty:0 writeback:35
                slab_reclaimable:16569 slab_unreclaimable:88302
                mapped:225 shmem:768 pagetables:2424 bounce:0
                free:154957 free_pcp:0 free_cma:0
[ 1642.631744] Node 0 active_anon:0kB inactive_anon:1208kB active_file:1404kB inactive_file:392kB unevictable:3072kB isolated(anon):0kB isolated(file):0kB mapped:900kB dirty:0kB writeback:140kB shmem:3072kB shmem_thp: 0kB shmem_pmdmapped: 0kB anon_thp: 0kB writeback_tmp:0kB kernel_stack:9680kB pagetables:9696kB all_unreclaimable? no
[ 1642.631749] Node 0 DMA free:11264kB min:4kB low:16kB high:28kB reserved_highatomic:0KB active_anon:0kB inactive_anon:0kB active_file:0kB inactive_file:0kB unevictable:0kB writepending:0kB present:15992kB managed:15360kB mlocked:0kB bounce:0kB free_pcp:0kB local_pcp:0kB free_cma:0kB
[ 1642.631754] lowmem_reserve[]: 0 776 127598 127598 127598
[ 1642.631757] Node 0 DMA32 free:507696kB min:408kB low:1200kB high:1992kB reserved_highatomic:0KB active_anon:0kB inactive_anon:0kB active_file:0kB inactive_file:0kB unevictable:0kB writepending:0kB present:1682240kB managed:1616700kB mlocked:0kB bounce:0kB free_pcp:0kB local_pcp:0kB free_cma:0kB
[ 1642.631761] lowmem_reserve[]: 0 0 126822 126822 126822
[ 1642.631763] Node 0 Normal free:100868kB min:83548kB low:213412kB high:343276kB reserved_highatomic:18432KB active_anon:0kB inactive_anon:1208kB active_file:1404kB inactive_file:392kB unevictable:3072kB writepending:140kB present:132106240kB managed:129874164kB mlocked:0kB bounce:0kB free_pcp:0kB local_pcp:0kB free_cma:0kB
[ 1642.631768] lowmem_reserve[]: 0 0 0 0 0
[ 1642.631770] Node 0 DMA: 0*4kB 0*8kB 0*16kB 0*32kB 0*64kB 0*128kB 0*256kB 0*512kB 1*1024kB (U) 1*2048kB (M) 2*4096kB (M) = 11264kB
[ 1642.631778] Node 0 DMA32: 6*4kB (UME) 4*8kB (ME) 6*16kB (ME) 7*32kB (ME) 7*64kB (UME) 6*128kB (ME) 7*256kB (ME) 7*512kB (ME) 7*1024kB (UME) 7*2048kB (ME) 117*4096kB (ME) = 507704kB
[ 1642.631788] Node 0 Normal: 7783*4kB (UME) 3675*8kB (UME) 2231*16kB (UME) 231*32kB (UM) 0*64kB 0*128kB 0*256kB 0*512kB 0*1024kB 0*2048kB 0*4096kB = 103620kB
[ 1642.631797] Node 0 hugepages_total=0 hugepages_free=0 hugepages_surp=0 hugepages_size=1048576kB
[ 1642.631799] Node 0 hugepages_total=0 hugepages_free=0 hugepages_surp=0 hugepages_size=2048kB
[ 1642.631800] 1537 total pagecache pages
[ 1642.631800] 215 pages in swap cache
[ 1642.631801] Swap cache stats: add 3595368, delete 3598202, find 289262/913507
[ 1642.631802] Free swap  = 1076596kB
[ 1642.631803] Total swap = 3145724kB
[ 1642.631804] 33451118 pages RAM
[ 1642.631804] 0 pages HighMem/MovableOnly
[ 1642.631805] 574562 pages reserved
[ 1642.631805] 0 pages cma reserved
[ 1642.631806] 0 pages hwpoisoned
[ 1642.631806] Unreclaimable slab info:
[ 1642.631807] Name                      Used          Total
[ 1642.631808] mlx5_fs_ftes             253KB        253KB
[ 1642.631810] mlx5_fs_fgs               63KB         63KB
[ 1642.631812] scsi_sense_cache          32KB         32KB
[ 1642.631814] RAWv6                    123KB        123KB
[ 1642.631816] UDPv6                    850KB        850KB
[ 1642.631817] TCPv6                     92KB         92KB
[ 1642.631818] mqueue_inode_cache         31KB         31KB
[ 1642.631821] ext4_system_zone          39KB         39KB
[ 1642.631823] PING                    1536KB       1536KB
[ 1642.631824] RAW                       96KB         96KB
[ 1642.631826] tw_sock_TCP              223KB        223KB
[ 1642.631827] request_sock_TCP         424KB        424KB
[ 1642.631827] TCP                     1102KB       1102KB
[ 1642.631829] hugetlbfs_inode_cache         63KB         63KB
[ 1642.631830] ep_head                  188KB        188KB
[ 1642.631831] request_queue             93KB         93KB
[ 1642.631833] biovec-max              4356KB       4484KB
[ 1642.631834] biovec-128              1632KB       1632KB
[ 1642.631835] biovec-64               1536KB       1536KB
[ 1642.631836] dmaengine-unmap-256         30KB         30KB
[ 1642.631837] dmaengine-unmap-128         31KB         31KB
[ 1642.631838] dmaengine-unmap-16       7276KB       7276KB
[ 1642.631839] skbuff_fclone_cache        672KB        672KB
[ 1642.631840] skbuff_head_cache        952KB        952KB
[ 1642.631841] file_lock_cache          351KB        351KB
[ 1642.631842] file_lock_ctx             99KB         99KB
[ 1642.631843] fsnotify_mark_connector        188KB        188KB
[ 1642.631845] task_delay_info          107KB        107KB
[ 1642.631846] taskstats                759KB        759KB
[ 1642.631847] proc_dir_entry           724KB        724KB
[ 1642.631848] pde_opener               191KB        191KB
[ 1642.631849] seq_file                 191KB        191KB
[ 1642.631851] shmem_inode_cache       2192KB       2192KB
[ 1642.631852] kernfs_node_cache       8904KB       8904KB
[ 1642.631853] mnt_cache                350KB        350KB
[ 1642.631855] filp                    3810KB       3848KB
[ 1642.631856] names_cache             1536KB       1536KB
[ 1642.631857] lsm_file_cache           262KB        262KB
[ 1642.631859] vm_area_struct          5117KB       5117KB
[ 1642.631859] mm_struct               1721KB       1721KB
[ 1642.631861] files_cache             1612KB       1612KB
[ 1642.631862] signal_cache            2268KB       2268KB
[ 1642.631862] sighand_cache           2846KB       2846KB
[ 1642.631863] task_struct             6311KB       6311KB
[ 1642.631864] cred_jar                 653KB        653KB
[ 1642.631865] anon_vma_chain          2272KB       2272KB
[ 1642.631867] anon_vma                1684KB       1684KB
[ 1642.631868] pid                      312KB        312KB
[ 1642.631869] irq_remap_cache          416KB        416KB
[ 1642.631870] Acpi-Operand             822KB        822KB
[ 1642.631871] Acpi-ParseExt             59KB         59KB
[ 1642.631872] Acpi-State               195KB        195KB
[ 1642.631873] numa_policy               15KB         15KB
[ 1642.631874] perf_event              1508KB       1508KB
[ 1642.631875] trace_event_file         316KB        316KB
[ 1642.631876] ftrace_event_field        398KB        398KB
[ 1642.631877] pool_workqueue           416KB        416KB
[ 1642.631878] task_group               614KB        614KB
[ 1642.631935] vmap_area              18334KB      18900KB
[ 1642.631936] kmalloc-cg-8k            192KB        192KB
[ 1642.631937] kmalloc-cg-4k           1536KB       1536KB
[ 1642.631938] kmalloc-cg-2k           1088KB       1088KB
[ 1642.631939] kmalloc-cg-1k           1536KB       1536KB
[ 1642.631941] kmalloc-cg-512           784KB        864KB
[ 1642.631941] kmalloc-cg-256           112KB        112KB
[ 1642.631942] kmalloc-cg-192           378KB        378KB
[ 1642.631943] kmalloc-cg-96            118KB        118KB
[ 1642.631944] kmalloc-cg-64            208KB        208KB
[ 1642.631944] kmalloc-cg-32            192KB        192KB
[ 1642.631945] kmalloc-cg-16            172KB        172KB
[ 1642.631946] kmalloc-cg-8             192KB        192KB
[ 1642.631947] kmalloc-8k             65440KB      65440KB
[ 1642.631948] kmalloc-4k              7172KB       7236KB
[ 1642.631952] kmalloc-2k             87602KB      88256KB
[ 1642.631953] kmalloc-1k              6336KB       6336KB
[ 1642.631954] kmalloc-512            18016KB      18016KB
[ 1642.631955] kmalloc-256             1264KB       1264KB
[ 1642.631955] kmalloc-192              724KB        724KB
[ 1642.631956] kmalloc-128              888KB        888KB
[ 1642.631957] kmalloc-96             16446KB      16446KB
[ 1642.631958] kmalloc-64              2432KB       2432KB
[ 1642.631958] kmalloc-32              1476KB       1476KB
[ 1642.631959] kmalloc-16               324KB        324KB
[ 1642.631960] kmalloc-8                268KB        268KB
[ 1642.631960] kmem_cache_node           28KB         28KB
[ 1642.631961] kmem_cache                80KB         80KB
[ 1642.631962] Tasks state (memory values in pages):
[ 1642.631963] [  pid  ]   uid  tgid total_vm      rss pgtables_bytes swapents oom_score_adj name
[ 1642.631970] [    739]     0   739    33261        0   274432      182             0 systemd-journal
[ 1642.631973] [    748]     0   748    26479        0   102400       58             0 lvmetad
[ 1642.631975] [    752]     0   752    10846        0   114688      468         -1000 systemd-udevd
[ 1642.631978] [   1105]     0  1105    11903        0   135168      115             0 rpcbind
[ 1642.631980] [   1108]   101  1108    17625        0   180224      160             0 systemd-resolve
[ 1642.631982] [   1113]     0  1113    42595        1   221184     1941             0 networkd-dispat
[ 1642.631984] [   1115]   103  1115    12518        1   143360      151          -900 dbus-daemon
[ 1642.631986] [   1118]     0  1118     7833        0   110592       87             0 cron
[ 1642.631988] [   1121]     0  1121    27759        0   118784      217             0 irqbalance
[ 1642.631990] [   1127]     0  1127    17619        0   180224      169             0 systemd-logind
[ 1642.631991] [   1141]   102  1141    66819        0   167936      328             0 rsyslogd
[ 1642.631993] [   1142]     0  1142    71916        0   188416      295             0 accounts-daemon
[ 1642.631995] [   1149]     0  1149    72223        0   200704      219             0 polkitd
[ 1642.631996] [   1158]     0  1158     8709        1   106496     1777             0 ntpstart
[ 1642.631998] [   1163]     0  1163    18078        0   180224      197         -1000 sshd
[ 1642.632000] [   1215]   100  1215    20015        0   172032      188             0 systemd-network
[ 1642.632002] [   1313]     0  1313     2747        0    61440       80             0 slothd
[ 1642.632003] [   1315]     0  1315    11393        0   122880     2408             0 watchdog
[ 1642.632005] [   1337]     0  1337     5686        0    77824      112             0 pubsubd
[ 1642.632007] [   1441]     0  1441     1136        0    57344       24             0 emulab-syncd
[ 1642.632009] [   1447]     0  1447    11253        0   118784     2247             0 rc.progagent
[ 1642.632011] [   1448]  2002  1448     8882        0   106496      136             0 program-agent
[ 1642.632012] [   1499]     0  1499     6200        0    86016      115             0 linktest
[ 1642.632014] [   1515]   107  1515    26945        0   126976      161             0 ntpd
[ 1642.632016] [   1525]     0  1525     3992        0    81920       38             0 agetty
[ 1642.632017] [   1527]     0  1527     4048        0    77824       38             0 agetty
[ 1642.632019] [   1552] 20002  1552    19131        0   184320      259             0 systemd
[ 1642.632021] [   1553] 20002  1553    27870        0   245760      538             0 (sd-pam)
[ 1642.632022] [   1605] 20002  1605    13382        0   135168      557             0 mosh-server
[ 1642.632024] [   1606] 20002  1606     5334        1    86016      150             0 tcsh
[ 1642.632026] [   1612] 20002  1612     5707        1    94208      431             0 bash
[ 1642.632027] [   1663] 20002  1663     3257        1    69632       89             0 rocksdb-exp-tes
[ 1642.632029] [   1780] 20002  1780    13344        0   135168      519             0 mosh-server
[ 1642.632031] [   1781] 20002  1781     5334        1    86016      149             0 tcsh
[ 1642.632033] [   1800] 20002  1800     5676        1    86016      429             0 bash
[ 1642.632034] [   2098] 20002  2098     5573        1    90112     2583             0 cscope
[ 1642.632036] [   2645] 20002  2645    13239        0   135168      401             0 mosh-server
[ 1642.632037] [   2646] 20002  2646     5334        1    94208      149             0 tcsh
[ 1642.632039] [   2654] 20002  2654     5643        1    86016      394             0 bash
[ 1642.632041] [   2707] 20002  2707    18947        0   180224      946             0 vi
[ 1642.632043] [   4650] 20002  4650    21487        1   110592       72             0 time
[ 1642.632044] [   4659] 20002  4659  1006716        0  4333568   494664             0 db_bench
[ 1642.632046] oom-kill:constraint=CONSTRAINT_NONE,nodemask=(null),cpuset=/,mems_allowed=0,global_oom,task_memcg=/,task=db_bench,pid=4659,uid=20002
[ 1642.632075] Out of memory: Killed process 4659 (db_bench) total-vm:4026864kB, anon-rss:0kB, file-rss:0kB, shmem-rss:0kB, UID:20002 pgtables:4232kB oom_score_adj:0
[ 1642.632075] FinalTaskReport: db_bench:4659 - ra_orig_nr_pages:0, ra_final_nr_pages:0
                                        async_pages:1116, final_async_pages:1426
                                        full_pfetches:0, less256_pfetches:0, partial_pfetches:0
                                        failed_pfetches:0, total_pfetches:0, os_pfetches:69
                                        nr_pages_read:557, nr_pages_hit:241, nr_do_read_fault:166
[ 1642.650777] alloc_cross_bitmap: preallocate 268435456 pg, nr_longs=4194304 in 136 millisec
[ 1642.650840] __do_sys_readahead_info: couldnt copy struct read_ra_req back to user
[ 1642.725353] oom_reaper: reaped process 4659 (db_bench), now anon-rss:0kB, file-rss:0kB, shmem-rss:0kB
[ 1642.729619] write_proc: Value of write = 0
[ 1642.729778] __do_sys_start_cross_trace: PRINT_GLOBAL_STATS 
[ 1642.729780] Final GlobalReport: nr_pages_read:1302575639, nr_pages_hit:1245025472, nr_do_read_fault:193163, nr_pages_miss:25786229
[ 1642.733934] FinalTaskReport: time:4650 - ra_orig_nr_pages:0, ra_final_nr_pages:0
                                        async_pages:128, final_async_pages:583
                                        full_pfetches:0, less256_pfetches:0, partial_pfetches:0
                                        failed_pfetches:0, total_pfetches:0, os_pfetches:25
                                        nr_pages_read:0, nr_pages_hit:0, nr_do_read_fault:88
