ENABLE_FILE_STATS in con
ENABLE_FILE_STATS in con
Command terminated by signal 9
	Command being timed: "./db_bench --db=/users/kannan11/ssd/sudarsun/prefetching/appbench/apps/rocksdb/DATA --value_size=4096 --wal_dir=/users/kannan11/ssd/sudarsun/prefetching/appbench/apps/rocksdb/DATA/WAL_LOG --sync=0 --key_size=1000 --write_buffer_size=67108864 --num=1000000 --benchmarks=readwhilescanning --use_existing_db=1 --mmap_read=0 --threads=16"
	User time (seconds): 0.00
	System time (seconds): 0.21
	Percent of CPU this job got: 430%
	Elapsed (wall clock) time (h:mm:ss or m:ss): 0:00.04
	Average shared text size (kbytes): 0
	Average unshared data size (kbytes): 0
	Average stack size (kbytes): 0
	Average total size (kbytes): 0
	Maximum resident set size (kbytes): 62712
	Average resident set size (kbytes): 0
	Major (requiring I/O) page faults: 77
	Minor (reclaiming a frame) page faults: 14264
	Voluntary context switches: 493
	Involuntary context switches: 216
	Swaps: 0
	File system inputs: 13856
	File system outputs: 40
	Socket messages sent: 0
	Socket messages received: 0
	Signals delivered: 0
	Page size (bytes): 4096
	Exit status: 0
DESTRUCTOR GETTING CALLED 
PRINT_GLOBAL_STATS in dest
[63923.148946] sh (6773): drop_caches: 3
[63924.514651] sh (6778): drop_caches: 3
[63929.676087] Enabled file stats for time:6785
[63929.676327] write_proc: Value of write = 0
[63929.682073] Enabled file stats for db_bench:6794
[63929.682310] write_proc: Value of write = 0
[63929.698786] db_bench invoked oom-killer: gfp_mask=0x1100dca(GFP_HIGHUSER_MOVABLE|__GFP_ZERO), order=0, oom_score_adj=0
[63929.698795] CPU: 4 PID: 6819 Comm: db_bench Not tainted 5.14.0 #30
[63929.698798] Hardware name: Dell Inc. PowerEdge C6525/04DK47, BIOS 2.0.3 01/15/2021
[63929.698800] Call Trace:
[63929.698804]  dump_stack_lvl+0x4a/0x5f
[63929.698811]  dump_stack+0x10/0x12
[63929.698813]  dump_header+0x4f/0x210
[63929.698816]  oom_kill_process+0xec/0x140
[63929.698818]  out_of_memory+0x117/0x590
[63929.698820]  __alloc_pages_slowpath.constprop.122+0xa55/0xd70
[63929.698825]  __alloc_pages+0x2db/0x320
[63929.698827]  alloc_pages_vma+0x88/0x220
[63929.698830]  __handle_mm_fault+0xa3f/0x1270
[63929.698834]  handle_mm_fault+0xd9/0x2b0
[63929.698835]  do_user_addr_fault+0x1e0/0x6e0
[63929.698839]  exc_page_fault+0x76/0x150
[63929.698841]  ? asm_exc_page_fault+0x8/0x30
[63929.698845]  asm_exc_page_fault+0x1e/0x30
[63929.698847] RIP: 0033:0x7f41ebf5bea7
[63929.698850] Code: 47 20 c5 fe 7f 44 17 c0 c5 fe 7f 47 40 c5 fe 7f 44 17 a0 c5 fe 7f 47 60 c5 fe 7f 44 17 80 48 01 fa 48 83 e2 80 48 39 d1 74 ba <c5> fd 7f 01 c5 fd 7f 41 20 c5 fd 7f 41 40 c5 fd 7f 41 60 48 81 c1
[63929.698851] RSP: 002b:00007f41bbffe368 EFLAGS: 00010206
[63929.698854] RAX: 00007f4171fff010 RBX: 00007f4174000ca0 RCX: 00007f417234b000
[63929.698855] RDX: 00007f4173fff000 RSI: 0000000000000000 RDI: 00007f4171fff010
[63929.698856] RBP: 00007f41bbffe380 R08: 00000000ffffffff R09: 0000000000000000
[63929.698857] R10: 0000000000000022 R11: 0000000000000246 R12: 0000000000080000
[63929.698859] R13: 00007f41bbffe730 R14: 00007f41bbffe810 R15: fffffffffffffca0
[63929.698861] Mem-Info:
[63929.698866] active_anon:357 inactive_anon:13082 isolated_anon:54
                active_file:1302 inactive_file:4288 isolated_file:0
                unevictable:768 dirty:205 writeback:133
                slab_reclaimable:14417 slab_unreclaimable:87174
                mapped:3557 shmem:770 pagetables:1474 bounce:0
                free:148289 free_pcp:117 free_cma:0
[63929.698871] Node 0 active_anon:1428kB inactive_anon:52328kB active_file:5208kB inactive_file:17152kB unevictable:3072kB isolated(anon):216kB isolated(file):0kB mapped:14228kB dirty:820kB writeback:532kB shmem:3080kB shmem_thp: 0kB shmem_pmdmapped: 0kB anon_thp: 0kB writeback_tmp:0kB kernel_stack:9904kB pagetables:5896kB all_unreclaimable? no
[63929.698876] Node 0 DMA free:11264kB min:4kB low:16kB high:28kB reserved_highatomic:0KB active_anon:0kB inactive_anon:0kB active_file:0kB inactive_file:0kB unevictable:0kB writepending:0kB present:15992kB managed:15360kB mlocked:0kB bounce:0kB free_pcp:0kB local_pcp:0kB free_cma:0kB
[63929.698881] lowmem_reserve[]: 0 776 127598 127598 127598
[63929.698884] Node 0 DMA32 free:507592kB min:408kB low:1200kB high:1992kB reserved_highatomic:0KB active_anon:0kB inactive_anon:8kB active_file:0kB inactive_file:0kB unevictable:0kB writepending:0kB present:1682240kB managed:1616700kB mlocked:0kB bounce:0kB free_pcp:0kB local_pcp:0kB free_cma:0kB
[63929.698888] lowmem_reserve[]: 0 0 126822 126822 126822
[63929.698891] Node 0 Normal free:74804kB min:378460kB low:508324kB high:638188kB reserved_highatomic:2048KB active_anon:1428kB inactive_anon:52328kB active_file:5208kB inactive_file:17152kB unevictable:3072kB writepending:616kB present:132106240kB managed:129874164kB mlocked:0kB bounce:0kB free_pcp:480kB local_pcp:0kB free_cma:0kB
[63929.698895] lowmem_reserve[]: 0 0 0 0 0
[63929.698898] Node 0 DMA: 0*4kB 0*8kB 0*16kB 0*32kB 0*64kB 0*128kB 0*256kB 0*512kB 1*1024kB (U) 1*2048kB (M) 2*4096kB (M) = 11264kB
[63929.698906] Node 0 DMA32: 5*4kB (ME) 5*8kB (UME) 6*16kB (UME) 6*32kB (UME) 5*64kB (UME) 5*128kB (UME) 4*256kB (ME) 5*512kB (UME) 3*1024kB (ME) 4*2048kB (ME) 120*4096kB (ME) = 507676kB
[63929.698917] Node 0 Normal: 10361*4kB (UME) 3450*8kB (UME) 995*16kB (UME) 15*32kB (UE) 0*64kB 0*128kB 0*256kB 0*512kB 0*1024kB 0*2048kB 0*4096kB = 85444kB
[63929.698928] Node 0 hugepages_total=0 hugepages_free=0 hugepages_surp=0 hugepages_size=1048576kB
[63929.698930] Node 0 hugepages_total=0 hugepages_free=0 hugepages_surp=0 hugepages_size=2048kB
[63929.698931] 7494 total pagecache pages
[63929.698932] 0 pages in swap cache
[63929.698932] Swap cache stats: add 1903346, delete 1903747, find 170160/313456
[63929.698934] Free swap  = 3084920kB
[63929.698934] Total swap = 3145724kB
[63929.698935] 33451118 pages RAM
[63929.698936] 0 pages HighMem/MovableOnly
[63929.698936] 574562 pages reserved
[63929.698937] 0 pages cma reserved
[63929.698937] 0 pages hwpoisoned
[63929.698938] Unreclaimable slab info:
[63929.698939] Name                      Used          Total
[63929.698940] mlx5_fs_ftes             253KB        253KB
[63929.698942] mlx5_fs_fgs               63KB         63KB
[63929.698944] scsi_sense_cache          32KB         32KB
[63929.698946] RAWv6                    123KB        123KB
[63929.698947] UDPv6                   1417KB       1417KB
[63929.698949] TCPv6                     92KB         92KB
[63929.698951] mqueue_inode_cache         31KB         31KB
[63929.698954] ext4_system_zone          39KB         39KB
[63929.698957] PING                    1600KB       1600KB
[63929.698958] RAW                       96KB         96KB
[63929.698959] tw_sock_TCP              295KB        295KB
[63929.698960] request_sock_TCP         739KB        739KB
[63929.698961] TCP                     1439KB       1439KB
[63929.698962] hugetlbfs_inode_cache         63KB         63KB
[63929.698963] ep_head                  192KB        192KB
[63929.698964] request_queue             62KB         62KB
[63929.698965] biovec-max              4612KB       4708KB
[63929.698967] biovec-128              1600KB       1600KB
[63929.698967] biovec-64               1536KB       1536KB
[63929.698969] dmaengine-unmap-256         30KB         30KB
[63929.698970] dmaengine-unmap-128         31KB         31KB
[63929.698971] dmaengine-unmap-16       3992KB       3992KB
[63929.698972] skbuff_fclone_cache        768KB        768KB
[63929.698973] skbuff_head_cache       1214KB       1224KB
[63929.698974] file_lock_cache          359KB        359KB
[63929.698975] file_lock_ctx            103KB        103KB
[63929.698977] fsnotify_mark_connector        192KB        192KB
[63929.698978] task_delay_info          111KB        111KB
[63929.698979] taskstats                635KB        635KB
[63929.698980] proc_dir_entry           732KB        732KB
[63929.698982] pde_opener               191KB        191KB
[63929.698983] seq_file                 191KB        191KB
[63929.698984] shmem_inode_cache       2192KB       2192KB
[63929.698985] kernfs_node_cache       8920KB       8920KB
[63929.698986] mnt_cache                302KB        302KB
[63929.698987] filp                    3632KB       3632KB
[63929.698989] names_cache             1536KB       1536KB
[63929.698990] lsm_file_cache           266KB        266KB
[63929.698991] vm_area_struct          4289KB       4289KB
[63929.698992] mm_struct               1657KB       1657KB
[63929.698993] files_cache             1581KB       1581KB
[63929.698994] signal_cache            2173KB       2173KB
[63929.698995] sighand_cache           2877KB       2877KB
[63929.698996] task_struct             6026KB       6026KB
[63929.698997] cred_jar                 645KB        645KB
[63929.698999] anon_vma_chain          1936KB       1936KB
[63929.699000] anon_vma                1814KB       1814KB
[63929.699001] pid                      304KB        304KB
[63929.699002] irq_remap_cache          384KB        384KB
[63929.699003] Acpi-Operand             811KB        811KB
[63929.699004] Acpi-ParseExt             47KB         47KB
[63929.699005] Acpi-State               191KB        191KB
[63929.699006] numa_policy               15KB         15KB
[63929.699007] perf_event              1508KB       1508KB
[63929.699008] trace_event_file         316KB        316KB
[63929.699009] ftrace_event_field        386KB        386KB
[63929.699010] pool_workqueue           392KB        392KB
[63929.699011] task_group               756KB        756KB
[63929.699039] vmap_area              18914KB      19072KB
[63929.699040] kmalloc-cg-8k            128KB        128KB
[63929.699041] kmalloc-cg-4k           1536KB       1536KB
[63929.699042] kmalloc-cg-2k           1312KB       1312KB
[63929.699043] kmalloc-cg-1k           1600KB       1600KB
[63929.699043] kmalloc-cg-512           832KB        832KB
[63929.699044] kmalloc-cg-256           144KB        144KB
[63929.699045] kmalloc-cg-192           378KB        378KB
[63929.699046] kmalloc-cg-96            153KB        153KB
[63929.699047] kmalloc-cg-64            192KB        192KB
[63929.699047] kmalloc-cg-32            192KB        192KB
[63929.699048] kmalloc-cg-16            192KB        192KB
[63929.699049] kmalloc-cg-8             192KB        192KB
[63929.699049] kmalloc-8k             65440KB      65440KB
[63929.699050] kmalloc-4k              7332KB       7428KB
[63929.699051] kmalloc-2k             86952KB      86976KB
[63929.699052] kmalloc-1k              5888KB       5888KB
[63929.699053] kmalloc-512            18000KB      18000KB
[63929.699054] kmalloc-256             1280KB       1280KB
[63929.699054] kmalloc-192              724KB        724KB
[63929.699055] kmalloc-128              904KB        904KB
[63929.699056] kmalloc-96             16387KB      16387KB
[63929.699056] kmalloc-64              2432KB       2432KB
[63929.699057] kmalloc-32              1488KB       1488KB
[63929.699058] kmalloc-16               336KB        336KB
[63929.699058] kmalloc-8                276KB        276KB
[63929.699059] kmem_cache_node           24KB         24KB
[63929.699060] kmem_cache                72KB         72KB
[63929.699061] Tasks state (memory values in pages):
[63929.699061] [  pid  ]   uid  tgid total_vm      rss pgtables_bytes swapents oom_score_adj name
[63929.699070] [    744]     0   744    29652     1149   249856      355             0 systemd-journal
[63929.699073] [    750]     0   750    26479        0    98304       57             0 lvmetad
[63929.699075] [    754]     0   754    10826        0   114688      459         -1000 systemd-udevd
[63929.699078] [    996]     0   996    11903        0   131072      125             0 rpcbind
[63929.699080] [    998]   101   998    17625        0   176128      136             0 systemd-resolve
[63929.699082] [   1002]   103  1002    12517        1   147456      170          -900 dbus-daemon
[63929.699084] [   1004]     0  1004    42595        1   233472     1941             0 networkd-dispat
[63929.699086] [   1005]     0  1005    27759        0   122880      213             0 irqbalance
[63929.699088] [   1006]     0  1006     7833        0   102400       88             0 cron
[63929.699090] [   1010]     0  1010    17619        0   176128      174             0 systemd-logind
[63929.699092] [   1012]     0  1012    71916      204   192512      237             0 accounts-daemon
[63929.699094] [   1037]   102  1037    66819        0   167936      416             0 rsyslogd
[63929.699096] [   1041]     0  1041    72223        0   208896      230             0 polkitd
[63929.699098] [   1049]     0  1049     8709        1   106496     1775             0 ntpstart
[63929.699099] [   1053]     0  1053    18078        0   184320      202         -1000 sshd
[63929.699101] [   1107]   100  1107    20015        0   184320      196             0 systemd-network
[63929.699103] [   1187]     0  1187     3992        0    81920       35             0 agetty
[63929.699105] [   1212]     0  1212     2747        0    61440       63             0 slothd
[63929.699107] [   1215]     0  1215     4048        0    77824       37             0 agetty
[63929.699108] [   1237]     0  1237     5686        0    77824      113             0 pubsubd
[63929.699110] [   1340]     0  1340     1136        0    53248       27             0 emulab-syncd
[63929.699112] [   1346]     0  1346    11274        0   118784     2245             0 rc.progagent
[63929.699114] [   1347]  2002  1347     8882        0   114688      134             0 program-agent
[63929.699116] [   1399]     0  1399     6200        0    86016      114             0 linktest
[63929.699117] [   1414]   107  1414    26945      112   126976      148             0 ntpd
[63929.699120] [   4689] 20002  4689    19131        0   192512      259             0 systemd
[63929.699121] [   4690] 20002  4690    27870        0   245760      542             0 (sd-pam)
[63929.699123] [   4742] 20002  4742    13273      587   143360      225             0 mosh-server
[63929.699126] [   4743] 20002  4743     5334        1    90112      149             0 tcsh
[63929.699127] [   4749] 20002  4749     5676        1    81920      427             0 bash
[63929.699129] [   4791] 20002  4791     3257      523    69632       34             0 rocksdb-exp-tes
[63929.699131] [   6785] 20002  6785    21487      863   106496        0             0 time
[63929.699134] [   6794] 20002  6794   463117    15618   520192        0             0 db_bench
[63929.699136] oom-kill:constraint=CONSTRAINT_NONE,nodemask=(null),cpuset=/,mems_allowed=0,global_oom,task_memcg=/,task=db_bench,pid=6794,uid=20002
[63929.699168] Out of memory: Killed process 6794 (db_bench) total-vm:1852468kB, anon-rss:54152kB, file-rss:8320kB, shmem-rss:0kB, UID:20002 pgtables:508kB oom_score_adj:0
[63929.724249] FinalTaskReport: db_bench:6794 - ra_orig_nr_pages:0, ra_final_nr_pages:0
                                        async_pages:952, final_async_pages:1259
                                        full_pfetches:0, less256_pfetches:0, partial_pfetches:0
                                        failed_pfetches:0, total_pfetches:0, os_pfetches:63
                                        nr_pages_read:144, nr_pages_hit:108, nr_do_read_fault:162
[63929.725868] oom_reaper: reaped process 6794 (db_bench), now anon-rss:0kB, file-rss:0kB, shmem-rss:0kB
[63929.729603] write_proc: Value of write = 0
[63929.729870] __do_sys_start_cross_trace: PRINT_GLOBAL_STATS 
[63929.729871] Final GlobalReport: nr_pages_read:1347451180, nr_pages_hit:1333682551, nr_do_read_fault:656960, nr_pages_miss:5769265
[63929.734386] FinalTaskReport: time:6785 - ra_orig_nr_pages:0, ra_final_nr_pages:0
                                        async_pages:256, final_async_pages:735
                                        full_pfetches:0, less256_pfetches:0, partial_pfetches:0
                                        failed_pfetches:0, total_pfetches:0, os_pfetches:31
                                        nr_pages_read:0, nr_pages_hit:0, nr_do_read_fault:84
