ENABLE_FILE_STATS in con
ENABLE_FILE_STATS in con
Command terminated by signal 9
	Command being timed: "./db_bench --db=/users/kannan11/ssd/sudarsun/prefetching/appbench/apps/rocksdb/DATA --value_size=4096 --wal_dir=/users/kannan11/ssd/sudarsun/prefetching/appbench/apps/rocksdb/DATA/WAL_LOG --sync=0 --key_size=1000 --write_buffer_size=67108864 --num=1000000 --benchmarks=readwhilescanning --use_existing_db=1 --mmap_read=0 --threads=16"
	User time (seconds): 0.00
	System time (seconds): 0.77
	Percent of CPU this job got: 24%
	Elapsed (wall clock) time (h:mm:ss or m:ss): 0:03.14
	Average shared text size (kbytes): 0
	Average unshared data size (kbytes): 0
	Average stack size (kbytes): 0
	Average total size (kbytes): 0
	Maximum resident set size (kbytes): 77860
	Average resident set size (kbytes): 0
	Major (requiring I/O) page faults: 104
	Minor (reclaiming a frame) page faults: 41760
	Voluntary context switches: 1781
	Involuntary context switches: 1103
	Swaps: 0
	File system inputs: 15328
	File system outputs: 40
	Socket messages sent: 0
	Socket messages received: 0
	Signals delivered: 0
	Page size (bytes): 4096
	Exit status: 0
DESTRUCTOR GETTING CALLED 
PRINT_GLOBAL_STATS in dest
[64002.020057] sh (7478): drop_caches: 3
[64002.048551] sh (7483): drop_caches: 3
[64007.085116] Enabled file stats for time:7490
[64007.085338] write_proc: Value of write = 1
[64007.091211] Enabled file stats for db_bench:7499
[64007.091402] write_proc: Value of write = 1
[64007.172096] db_bench invoked oom-killer: gfp_mask=0x1100dca(GFP_HIGHUSER_MOVABLE|__GFP_ZERO), order=0, oom_score_adj=0
[64007.172107] CPU: 34 PID: 7510 Comm: db_bench Not tainted 5.14.0 #30
[64007.172110] Hardware name: Dell Inc. PowerEdge C6525/04DK47, BIOS 2.0.3 01/15/2021
[64007.172112] Call Trace:
[64007.172116]  dump_stack_lvl+0x4a/0x5f
[64007.172123]  dump_stack+0x10/0x12
[64007.172125]  dump_header+0x4f/0x210
[64007.172129]  oom_kill_process+0xec/0x140
[64007.172131]  out_of_memory+0x117/0x590
[64007.172133]  __alloc_pages_slowpath.constprop.122+0xa55/0xd70
[64007.172138]  __alloc_pages+0x2db/0x320
[64007.172140]  alloc_pages_vma+0x88/0x220
[64007.172143]  __handle_mm_fault+0xa3f/0x1270
[64007.172147]  handle_mm_fault+0xd9/0x2b0
[64007.172148]  do_user_addr_fault+0x1e0/0x6e0
[64007.172151]  exc_page_fault+0x76/0x150
[64007.172154]  ? asm_exc_page_fault+0x8/0x30
[64007.172157]  asm_exc_page_fault+0x1e/0x30
[64007.172160] RIP: 0033:0x7ff35250dea7
[64007.172162] Code: 47 20 c5 fe 7f 44 17 c0 c5 fe 7f 47 40 c5 fe 7f 44 17 a0 c5 fe 7f 47 60 c5 fe 7f 44 17 80 48 01 fa 48 83 e2 80 48 39 d1 74 ba <c5> fd 7f 01 c5 fd 7f 41 20 c5 fd 7f 41 40 c5 fd 7f 41 60 48 81 c1
[64007.172164] RSP: 002b:00007ff34db74368 EFLAGS: 00010206
[64007.172167] RAX: 00007ff31bffe010 RBX: 00007ff338000ca0 RCX: 00007ff31ca00000
[64007.172168] RDX: 00007ff31dffe000 RSI: 0000000000000000 RDI: 00007ff31bffe010
[64007.172169] RBP: 00007ff34db74380 R08: 00000000ffffffff R09: 0000000000000000
[64007.172171] R10: 0000000000000022 R11: 0000000000000246 R12: 0000000000080000
[64007.172172] R13: 00007ff34db74730 R14: 00007ff34db74810 R15: fffffffffffffca0
[64007.172176] Mem-Info:
[64007.172179] active_anon:306 inactive_anon:19598 isolated_anon:30
                active_file:551 inactive_file:219 isolated_file:0
                unevictable:768 dirty:36 writeback:260
                slab_reclaimable:14756 slab_unreclaimable:87580
                mapped:998 shmem:773 pagetables:1106 bounce:0
                free:148609 free_pcp:54 free_cma:0
[64007.172184] Node 0 active_anon:1224kB inactive_anon:78392kB active_file:2204kB inactive_file:876kB unevictable:3072kB isolated(anon):120kB isolated(file):0kB mapped:3992kB dirty:144kB writeback:1040kB shmem:3092kB shmem_thp: 0kB shmem_pmdmapped: 0kB anon_thp: 0kB writeback_tmp:0kB kernel_stack:9504kB pagetables:4424kB all_unreclaimable? no
[64007.172190] Node 0 DMA free:11264kB min:4kB low:16kB high:28kB reserved_highatomic:0KB active_anon:0kB inactive_anon:0kB active_file:0kB inactive_file:0kB unevictable:0kB writepending:0kB present:15992kB managed:15360kB mlocked:0kB bounce:0kB free_pcp:0kB local_pcp:0kB free_cma:0kB
[64007.172196] lowmem_reserve[]: 0 776 127598 127598 127598
[64007.172200] Node 0 DMA32 free:507620kB min:408kB low:1200kB high:1992kB reserved_highatomic:2048KB active_anon:0kB inactive_anon:0kB active_file:0kB inactive_file:0kB unevictable:0kB writepending:0kB present:1682240kB managed:1616700kB mlocked:0kB bounce:0kB free_pcp:0kB local_pcp:0kB free_cma:0kB
[64007.172205] lowmem_reserve[]: 0 0 126822 126822 126822
[64007.172208] Node 0 Normal free:75552kB min:249436kB low:379300kB high:509164kB reserved_highatomic:4096KB active_anon:1224kB inactive_anon:78392kB active_file:2204kB inactive_file:876kB unevictable:3072kB writepending:1680kB present:132106240kB managed:129874164kB mlocked:0kB bounce:0kB free_pcp:0kB local_pcp:0kB free_cma:0kB
[64007.172212] lowmem_reserve[]: 0 0 0 0 0
[64007.172215] Node 0 DMA: 0*4kB 0*8kB 0*16kB 0*32kB 0*64kB 0*128kB 0*256kB 0*512kB 1*1024kB (U) 1*2048kB (M) 2*4096kB (M) = 11264kB
[64007.172227] Node 0 DMA32: 8*4kB (UMEH) 7*8kB (UME) 9*16kB (UMEH) 6*32kB (ME) 7*64kB (UME) 5*128kB (UMEH) 3*256kB (ME) 5*512kB (MEH) 3*1024kB (ME) 4*2048kB (ME) 120*4096kB (ME) = 507624kB
[64007.172241] Node 0 Normal: 9782*4kB (UME) 3501*8kB (UME) 929*16kB (UME) 4*32kB (U) 0*64kB 0*128kB 0*256kB 0*512kB 0*1024kB 0*2048kB 0*4096kB = 82128kB
[64007.172255] Node 0 hugepages_total=0 hugepages_free=0 hugepages_surp=0 hugepages_size=1048576kB
[64007.172258] Node 0 hugepages_total=0 hugepages_free=0 hugepages_surp=0 hugepages_size=2048kB
[64007.172259] 2463 total pagecache pages
[64007.172259] 1305 pages in swap cache
[64007.172260] Swap cache stats: add 2117387, delete 2117009, find 187231/355472
[64007.172262] Free swap  = 3011448kB
[64007.172263] Total swap = 3145724kB
[64007.172264] 33451118 pages RAM
[64007.172264] 0 pages HighMem/MovableOnly
[64007.172266] 574562 pages reserved
[64007.172266] 0 pages cma reserved
[64007.172267] 0 pages hwpoisoned
[64007.172268] Unreclaimable slab info:
[64007.172269] Name                      Used          Total
[64007.172270] mlx5_fs_ftes             253KB        253KB
[64007.172273] mlx5_fs_fgs               63KB         63KB
[64007.172275] scsi_sense_cache          32KB         32KB
[64007.172279] RAWv6                    123KB        123KB
[64007.172281] UDPv6                   1417KB       1417KB
[64007.172283] TCPv6                     92KB         92KB
[64007.172285] mqueue_inode_cache         31KB         31KB
[64007.172290] ext4_system_zone          39KB         39KB
[64007.172296] PING                    1600KB       1600KB
[64007.172297] RAW                       96KB         96KB
[64007.172299] tw_sock_TCP              295KB        295KB
[64007.172300] request_sock_TCP         739KB        739KB
[64007.172301] TCP                     1439KB       1439KB
[64007.172304] hugetlbfs_inode_cache         63KB         63KB
[64007.172305] ep_head                  192KB        192KB
[64007.172306] request_queue             62KB         62KB
[64007.172308] biovec-max              4676KB       4708KB
[64007.172309] biovec-128              1600KB       1600KB
[64007.172310] biovec-64               1536KB       1536KB
[64007.172312] dmaengine-unmap-256         30KB         30KB
[64007.172314] dmaengine-unmap-128         31KB         31KB
[64007.172315] dmaengine-unmap-16       4032KB       4032KB
[64007.172317] skbuff_fclone_cache        768KB        768KB
[64007.172319] skbuff_head_cache       1206KB       1224KB
[64007.172321] file_lock_cache          359KB        359KB
[64007.172322] file_lock_ctx            111KB        111KB
[64007.172324] fsnotify_mark_connector        192KB        192KB
[64007.172326] task_delay_info          111KB        111KB
[64007.172328] taskstats                674KB        674KB
[64007.172329] proc_dir_entry           732KB        732KB
[64007.172331] pde_opener               191KB        191KB
[64007.172332] seq_file                 191KB        191KB
[64007.172335] shmem_inode_cache       2192KB       2192KB
[64007.172336] kernfs_node_cache       8920KB       8920KB
[64007.172338] mnt_cache                302KB        302KB
[64007.172340] filp                    3779KB       3808KB
[64007.172342] names_cache             1536KB       1536KB
[64007.172345] lsm_file_cache           266KB        266KB
[64007.172347] vm_area_struct          4515KB       4515KB
[64007.172349] mm_struct               1657KB       1657KB
[64007.172349] files_cache             1581KB       1581KB
[64007.172351] signal_cache            2173KB       2173KB
[64007.172352] sighand_cache           2877KB       2877KB
[64007.172354] task_struct             6193KB       6193KB
[64007.172355] cred_jar                 716KB        716KB
[64007.172356] anon_vma_chain          2088KB       2088KB
[64007.172357] anon_vma                1940KB       1940KB
[64007.172359] pid                      308KB        308KB
[64007.172360] irq_remap_cache          384KB        384KB
[64007.172361] Acpi-Operand             811KB        811KB
[64007.172363] Acpi-ParseExt             47KB         47KB
[64007.172365] Acpi-State               191KB        191KB
[64007.172366] numa_policy               15KB         15KB
[64007.172367] perf_event              1508KB       1508KB
[64007.172369] trace_event_file         316KB        316KB
[64007.172370] ftrace_event_field        386KB        386KB
[64007.172371] pool_workqueue           392KB        392KB
[64007.172373] task_group               756KB        756KB
[64007.172397] vmap_area              18955KB      19072KB
[64007.172399] kmalloc-cg-8k            128KB        128KB
[64007.172400] kmalloc-cg-4k           1536KB       1536KB
[64007.172400] kmalloc-cg-2k           1344KB       1344KB
[64007.172402] kmalloc-cg-1k           1600KB       1600KB
[64007.172404] kmalloc-cg-512           832KB        832KB
[64007.172404] kmalloc-cg-256           144KB        144KB
[64007.172405] kmalloc-cg-192           378KB        378KB
[64007.172407] kmalloc-cg-96            157KB        157KB
[64007.172408] kmalloc-cg-64            192KB        192KB
[64007.172409] kmalloc-cg-32            192KB        192KB
[64007.172410] kmalloc-cg-16            192KB        192KB
[64007.172411] kmalloc-cg-8             192KB        192KB
[64007.172412] kmalloc-8k             65440KB      65440KB
[64007.172415] kmalloc-4k              7236KB       7428KB
[64007.172416] kmalloc-2k             87140KB      87160KB
[64007.172417] kmalloc-1k              5888KB       5888KB
[64007.172418] kmalloc-512            18096KB      18096KB
[64007.172420] kmalloc-256             1280KB       1280KB
[64007.172421] kmalloc-192              724KB        724KB
[64007.172422] kmalloc-128              904KB        904KB
[64007.172422] kmalloc-96             16407KB      16407KB
[64007.172423] kmalloc-64              2452KB       2452KB
[64007.172424] kmalloc-32              1488KB       1488KB
[64007.172425] kmalloc-16               336KB        336KB
[64007.172426] kmalloc-8                276KB        276KB
[64007.172426] kmem_cache_node           24KB         24KB
[64007.172427] kmem_cache                72KB         72KB
[64007.172428] Tasks state (memory values in pages):
[64007.172429] [  pid  ]   uid  tgid total_vm      rss pgtables_bytes swapents oom_score_adj name
[64007.172437] [    744]     0   744    29652        8   249856      393             0 systemd-journal
[64007.172440] [    750]     0   750    26479        0    98304       57             0 lvmetad
[64007.172442] [    754]     0   754    10826        0   114688      449         -1000 systemd-udevd
[64007.172445] [    996]     0   996    11903        1   131072      123             0 rpcbind
[64007.172447] [    998]   101   998    17625        0   176128      152             0 systemd-resolve
[64007.172449] [   1002]   103  1002    12517        1   147456      177          -900 dbus-daemon
[64007.172452] [   1005]     0  1005    27759        0   122880      209             0 irqbalance
[64007.172454] [   1006]     0  1006     7833        0   102400       91             0 cron
[64007.172456] [   1010]     0  1010    17619        0   176128      187             0 systemd-logind
[64007.172458] [   1012]     0  1012    71916        0   192512      261             0 accounts-daemon
[64007.172459] [   1037]   102  1037    66819        4   167936      402             0 rsyslogd
[64007.172462] [   1041]     0  1041    72223        0   208896      262             0 polkitd
[64007.172465] [   1049]     0  1049     8709        1   106496     1775             0 ntpstart
[64007.172467] [   1053]     0  1053    18078        0   184320      193         -1000 sshd
[64007.172469] [   1107]   100  1107    20015        0   184320      195             0 systemd-network
[64007.172473] [   1187]     0  1187     3992        0    81920       35             0 agetty
[64007.172475] [   1212]     0  1212     2747        0    61440       65             0 slothd
[64007.172479] [   1215]     0  1215     4048        0    77824       37             0 agetty
[64007.172481] [   1237]     0  1237     5686        0    77824      113             0 pubsubd
[64007.172483] [   1340]     0  1340     1136        0    53248       27             0 emulab-syncd
[64007.172486] [   1347]  2002  1347     8882        1   114688      128             0 program-agent
[64007.172488] [   1399]     0  1399     6200        0    86016      117             0 linktest
[64007.172492] [   1414]   107  1414    26945        0   126976      165             0 ntpd
[64007.172494] [   4689] 20002  4689    19131        0   192512      259             0 systemd
[64007.172497] [   4690] 20002  4690    27870        0   245760      542             0 (sd-pam)
[64007.172500] [   4742] 20002  4742    13273      104   143360      326             0 mosh-server
[64007.172503] [   4743] 20002  4743     5334        1    90112      149             0 tcsh
[64007.172506] [   4749] 20002  4749     5676        1    81920      427             0 bash
[64007.172508] [   4791] 20002  4791     3257        6    69632       86             0 rocksdb-exp-tes
[64007.172512] [   7490] 20002  7490    21487       29   114688       57             0 time
[64007.172514] [   7499] 20002  7499   463117    18732   757760    22368             0 db_bench
[64007.172516] oom-kill:constraint=CONSTRAINT_NONE,nodemask=(null),cpuset=/,mems_allowed=0,global_oom,task_memcg=/,task=db_bench,pid=7499,uid=20002
[64007.172567] Out of memory: Killed process 7499 (db_bench) total-vm:1852468kB, anon-rss:74664kB, file-rss:216kB, shmem-rss:0kB, UID:20002 pgtables:740kB oom_score_adj:0
[64007.203112] FinalTaskReport: db_bench:7499 - ra_orig_nr_pages:0, ra_final_nr_pages:0
                                        async_pages:1091, final_async_pages:1345
                                        full_pfetches:0, less256_pfetches:0, partial_pfetches:0
                                        failed_pfetches:0, total_pfetches:0, os_pfetches:64
                                        nr_pages_read:144, nr_pages_hit:108, nr_do_read_fault:163
[64007.209584] oom_reaper: reaped process 7499 (db_bench), now anon-rss:0kB, file-rss:0kB, shmem-rss:0kB
[64010.235748] write_proc: Value of write = 0
[64010.237452] __do_sys_start_cross_trace: PRINT_GLOBAL_STATS 
[64010.237453] Final GlobalReport: nr_pages_read:1347475993, nr_pages_hit:1333696823, nr_do_read_fault:800579, nr_pages_miss:5770431
[64010.250303] FinalTaskReport: time:7490 - ra_orig_nr_pages:0, ra_final_nr_pages:0
                                        async_pages:384, final_async_pages:2167
                                        full_pfetches:0, less256_pfetches:0, partial_pfetches:0
                                        failed_pfetches:0, total_pfetches:0, os_pfetches:92
                                        nr_pages_read:0, nr_pages_hit:0, nr_do_read_fault:227
