ENABLE_FILE_STATS in con
ENABLE_FILE_STATS in con
Command terminated by signal 9
	Command being timed: "./db_bench --db=/users/kannan11/ssd/sudarsun/prefetching/appbench/apps/rocksdb/DATA --value_size=4096 --wal_dir=/users/kannan11/ssd/sudarsun/prefetching/appbench/apps/rocksdb/DATA/WAL_LOG --sync=0 --key_size=1000 --write_buffer_size=67108864 --num=1000000 --benchmarks=readwhilescanning --use_existing_db=1 --mmap_read=0 --threads=16"
	User time (seconds): 0.00
	System time (seconds): 0.34
	Percent of CPU this job got: 573%
	Elapsed (wall clock) time (h:mm:ss or m:ss): 0:00.06
	Average shared text size (kbytes): 0
	Average unshared data size (kbytes): 0
	Average stack size (kbytes): 0
	Average total size (kbytes): 0
	Maximum resident set size (kbytes): 76012
	Average resident set size (kbytes): 0
	Major (requiring I/O) page faults: 79
	Minor (reclaiming a frame) page faults: 18030
	Voluntary context switches: 629
	Involuntary context switches: 246
	Swaps: 0
	File system inputs: 13448
	File system outputs: 40
	Socket messages sent: 0
	Socket messages received: 0
	Signals delivered: 0
	Page size (bytes): 4096
	Exit status: 0
DESTRUCTOR GETTING CALLED 
PRINT_GLOBAL_STATS in dest
[63963.121558] sh (7123): drop_caches: 3
[63963.149798] sh (7128): drop_caches: 3
[63968.180636] Enabled file stats for time:7137
[63968.180858] write_proc: Value of write = 0
[63968.185995] Enabled file stats for db_bench:7146
[63968.186215] write_proc: Value of write = 0
[63968.209087] db_bench invoked oom-killer: gfp_mask=0x1100dca(GFP_HIGHUSER_MOVABLE|__GFP_ZERO), order=0, oom_score_adj=0
[63968.209096] CPU: 9 PID: 7159 Comm: db_bench Not tainted 5.14.0 #30
[63968.209098] Hardware name: Dell Inc. PowerEdge C6525/04DK47, BIOS 2.0.3 01/15/2021
[63968.209100] Call Trace:
[63968.209103]  dump_stack_lvl+0x4a/0x5f
[63968.209109]  dump_stack+0x10/0x12
[63968.209111]  dump_header+0x4f/0x210
[63968.209115]  oom_kill_process+0xec/0x140
[63968.209117]  out_of_memory+0x117/0x590
[63968.209119]  __alloc_pages_slowpath.constprop.122+0xa55/0xd70
[63968.209123]  __alloc_pages+0x2db/0x320
[63968.209125]  alloc_pages_vma+0x88/0x220
[63968.209128]  __handle_mm_fault+0xa3f/0x1270
[63968.209131]  handle_mm_fault+0xd9/0x2b0
[63968.209132]  do_user_addr_fault+0x1e0/0x6e0
[63968.209135]  exc_page_fault+0x76/0x150
[63968.209137]  ? asm_exc_page_fault+0x8/0x30
[63968.209141]  asm_exc_page_fault+0x1e/0x30
[63968.209143] RIP: 0033:0x7f4c22953ea7
[63968.209146] Code: 47 20 c5 fe 7f 44 17 c0 c5 fe 7f 47 40 c5 fe 7f 44 17 a0 c5 fe 7f 47 60 c5 fe 7f 44 17 80 48 01 fa 48 83 e2 80 48 39 d1 74 ba <c5> fd 7f 01 c5 fd 7f 41 20 c5 fd 7f 41 40 c5 fd 7f 41 60 48 81 c1
[63968.209147] RSP: 002b:00007f4c17ffe368 EFLAGS: 00010206
[63968.209149] RAX: 00007f4bebffe010 RBX: 00007f4c04000ca0 RCX: 00007f4bec4f6000
[63968.209150] RDX: 00007f4bedffe000 RSI: 0000000000000000 RDI: 00007f4bebffe010
[63968.209151] RBP: 00007f4c17ffe380 R08: 00000000ffffffff R09: 0000000000000000
[63968.209152] R10: 0000000000000022 R11: 0000000000000246 R12: 0000000000080000
[63968.209153] R13: 00007f4c17ffe730 R14: 00007f4c17ffe810 R15: fffffffffffffca0
[63968.209157] Mem-Info:
[63968.209160] active_anon:348 inactive_anon:17273 isolated_anon:0
                active_file:1343 inactive_file:1397 isolated_file:0
                unevictable:768 dirty:39 writeback:0
                slab_reclaimable:14585 slab_unreclaimable:87477
                mapped:2264 shmem:768 pagetables:1212 bounce:0
                free:149340 free_pcp:31 free_cma:0
[63968.209165] Node 0 active_anon:1392kB inactive_anon:69092kB active_file:5372kB inactive_file:5588kB unevictable:3072kB isolated(anon):0kB isolated(file):0kB mapped:9056kB dirty:156kB writeback:0kB shmem:3072kB shmem_thp: 0kB shmem_pmdmapped: 0kB anon_thp: 0kB writeback_tmp:0kB kernel_stack:9456kB pagetables:4848kB all_unreclaimable? no
[63968.209169] Node 0 DMA free:11264kB min:4kB low:16kB high:28kB reserved_highatomic:0KB active_anon:0kB inactive_anon:0kB active_file:0kB inactive_file:0kB unevictable:0kB writepending:0kB present:15992kB managed:15360kB mlocked:0kB bounce:0kB free_pcp:0kB local_pcp:0kB free_cma:0kB
[63968.209173] lowmem_reserve[]: 0 776 127598 127598 127598
[63968.209176] Node 0 DMA32 free:507600kB min:408kB low:1200kB high:1992kB reserved_highatomic:2048KB active_anon:0kB inactive_anon:0kB active_file:0kB inactive_file:0kB unevictable:0kB writepending:0kB present:1682240kB managed:1616700kB mlocked:0kB bounce:0kB free_pcp:0kB local_pcp:0kB free_cma:0kB
[63968.209182] lowmem_reserve[]: 0 0 126822 126822 126822
[63968.209185] Node 0 Normal free:78496kB min:271964kB low:401828kB high:531692kB reserved_highatomic:4096KB active_anon:1392kB inactive_anon:69092kB active_file:5372kB inactive_file:5588kB unevictable:3072kB writepending:156kB present:132106240kB managed:129874164kB mlocked:0kB bounce:0kB free_pcp:252kB local_pcp:0kB free_cma:0kB
[63968.209189] lowmem_reserve[]: 0 0 0 0 0
[63968.209191] Node 0 DMA: 0*4kB 0*8kB 0*16kB 0*32kB 0*64kB 0*128kB 0*256kB 0*512kB 1*1024kB (U) 1*2048kB (M) 2*4096kB (M) = 11264kB
[63968.209199] Node 0 DMA32: 7*4kB (UMEH) 5*8kB (UME) 7*16kB (UMEH) 4*32kB (ME) 5*64kB (UME) 5*128kB (UMEH) 4*256kB (ME) 5*512kB (MEH) 3*1024kB (ME) 4*2048kB (ME) 120*4096kB (ME) = 507636kB
[63968.209211] Node 0 Normal: 10105*4kB (UME) 3453*8kB (UME) 974*16kB (UME) 12*32kB (UE) 0*64kB 0*128kB 0*256kB 0*512kB 0*1024kB 0*2048kB 0*4096kB = 84012kB
[63968.209220] Node 0 hugepages_total=0 hugepages_free=0 hugepages_surp=0 hugepages_size=1048576kB
[63968.209222] Node 0 hugepages_total=0 hugepages_free=0 hugepages_surp=0 hugepages_size=2048kB
[63968.209223] 4206 total pagecache pages
[63968.209223] 799 pages in swap cache
[63968.209224] Swap cache stats: add 2048061, delete 2048442, find 178094/332699
[63968.209226] Free swap  = 3084408kB
[63968.209227] Total swap = 3145724kB
[63968.209227] 33451118 pages RAM
[63968.209228] 0 pages HighMem/MovableOnly
[63968.209229] 574562 pages reserved
[63968.209229] 0 pages cma reserved
[63968.209230] 0 pages hwpoisoned
[63968.209230] Unreclaimable slab info:
[63968.209231] Name                      Used          Total
[63968.209232] mlx5_fs_ftes             253KB        253KB
[63968.209234] mlx5_fs_fgs               63KB         63KB
[63968.209235] scsi_sense_cache          32KB         32KB
[63968.209237] RAWv6                    123KB        123KB
[63968.209239] UDPv6                   1417KB       1417KB
[63968.209241] TCPv6                     92KB         92KB
[63968.209243] mqueue_inode_cache         31KB         31KB
[63968.209246] ext4_system_zone          39KB         39KB
[63968.209249] PING                    1600KB       1600KB
[63968.209251] RAW                       96KB         96KB
[63968.209252] tw_sock_TCP              295KB        295KB
[63968.209253] request_sock_TCP         739KB        739KB
[63968.209254] TCP                     1439KB       1439KB
[63968.209255] hugetlbfs_inode_cache         63KB         63KB
[63968.209256] ep_head                  192KB        192KB
[63968.209257] request_queue             62KB         62KB
[63968.209259] biovec-max              4612KB       4708KB
[63968.209260] biovec-128              1600KB       1600KB
[63968.209261] biovec-64               1536KB       1536KB
[63968.209262] dmaengine-unmap-256         30KB         30KB
[63968.209263] dmaengine-unmap-128         31KB         31KB
[63968.209264] dmaengine-unmap-16       4024KB       4024KB
[63968.209265] skbuff_fclone_cache        768KB        768KB
[63968.209267] skbuff_head_cache       1206KB       1224KB
[63968.209268] file_lock_cache          359KB        359KB
[63968.209269] file_lock_ctx            107KB        107KB
[63968.209270] fsnotify_mark_connector        192KB        192KB
[63968.209271] task_delay_info          111KB        111KB
[63968.209272] taskstats                674KB        674KB
[63968.209273] proc_dir_entry           732KB        732KB
[63968.209274] pde_opener               191KB        191KB
[63968.209275] seq_file                 191KB        191KB
[63968.209276] shmem_inode_cache       2192KB       2192KB
[63968.209278] kernfs_node_cache       8920KB       8920KB
[63968.209279] mnt_cache                302KB        302KB
[63968.209281] filp                    3735KB       3776KB
[63968.209283] names_cache             1536KB       1536KB
[63968.209284] lsm_file_cache           266KB        266KB
[63968.209285] vm_area_struct          4585KB       4585KB
[63968.209286] mm_struct               1657KB       1657KB
[63968.209287] files_cache             1581KB       1581KB
[63968.209288] signal_cache            2173KB       2173KB
[63968.209289] sighand_cache           2877KB       2877KB
[63968.209290] task_struct             6063KB       6094KB
[63968.209291] cred_jar                 669KB        669KB
[63968.209292] anon_vma_chain          1996KB       1996KB
[63968.209293] anon_vma                1881KB       1881KB
[63968.209294] pid                      304KB        304KB
[63968.209295] irq_remap_cache          384KB        384KB
[63968.209296] Acpi-Operand             811KB        811KB
[63968.209297] Acpi-ParseExt             47KB         47KB
[63968.209298] Acpi-State               191KB        191KB
[63968.209299] numa_policy               15KB         15KB
[63968.209300] perf_event              1508KB       1508KB
[63968.209301] trace_event_file         316KB        316KB
[63968.209302] ftrace_event_field        386KB        386KB
[63968.209303] pool_workqueue           392KB        392KB
[63968.209304] task_group               756KB        756KB
[63968.209330] vmap_area              18930KB      19072KB
[63968.209332] kmalloc-cg-8k            128KB        128KB
[63968.209333] kmalloc-cg-4k           1536KB       1536KB
[63968.209334] kmalloc-cg-2k           1344KB       1344KB
[63968.209335] kmalloc-cg-1k           1600KB       1600KB
[63968.209336] kmalloc-cg-512           832KB        832KB
[63968.209336] kmalloc-cg-256           144KB        144KB
[63968.209337] kmalloc-cg-192           378KB        378KB
[63968.209338] kmalloc-cg-96            157KB        157KB
[63968.209339] kmalloc-cg-64            192KB        192KB
[63968.209339] kmalloc-cg-32            192KB        192KB
[63968.209340] kmalloc-cg-16            192KB        192KB
[63968.209341] kmalloc-cg-8             192KB        192KB
[63968.209342] kmalloc-8k             65440KB      65440KB
[63968.209343] kmalloc-4k              7332KB       7428KB
[63968.209344] kmalloc-2k             87004KB      87160KB
[63968.209345] kmalloc-1k              5888KB       5888KB
[63968.209346] kmalloc-512            18048KB      18048KB
[63968.209347] kmalloc-256             1280KB       1280KB
[63968.209347] kmalloc-192              724KB        724KB
[63968.209348] kmalloc-128              904KB        904KB
[63968.209349] kmalloc-96             16399KB      16399KB
[63968.209349] kmalloc-64              2444KB       2444KB
[63968.209350] kmalloc-32              1488KB       1488KB
[63968.209351] kmalloc-16               336KB        336KB
[63968.209352] kmalloc-8                276KB        276KB
[63968.209352] kmem_cache_node           24KB         24KB
[63968.209353] kmem_cache                72KB         72KB
[63968.209354] Tasks state (memory values in pages):
[63968.209355] [  pid  ]   uid  tgid total_vm      rss pgtables_bytes swapents oom_score_adj name
[63968.209363] [    744]     0   744    29652      120   249856      355             0 systemd-journal
[63968.209366] [    750]     0   750    26479        0    98304       57             0 lvmetad
[63968.209368] [    754]     0   754    10826        0   114688      459         -1000 systemd-udevd
[63968.209371] [    996]     0   996    11903        0   131072      139             0 rpcbind
[63968.209373] [    998]   101   998    17625        0   176128      136             0 systemd-resolve
[63968.209375] [   1002]   103  1002    12517        1   147456      170          -900 dbus-daemon
[63968.209377] [   1004]     0  1004    42595        1   233472     1941             0 networkd-dispat
[63968.209380] [   1005]     0  1005    27759        0   122880      208             0 irqbalance
[63968.209381] [   1006]     0  1006     7833       12   102400       91             0 cron
[63968.209383] [   1010]     0  1010    17619        0   176128      174             0 systemd-logind
[63968.209385] [   1012]     0  1012    71916        0   192512      255             0 accounts-daemon
[63968.209387] [   1037]   102  1037    66819       32   167936      370             0 rsyslogd
[63968.209389] [   1041]     0  1041    72223        0   208896      230             0 polkitd
[63968.209390] [   1049]     0  1049     8709        1   106496     1775             0 ntpstart
[63968.209392] [   1053]     0  1053    18078       64   184320      207         -1000 sshd
[63968.209394] [   1107]   100  1107    20015        0   184320      180             0 systemd-network
[63968.209396] [   1187]     0  1187     3992        0    81920       35             0 agetty
[63968.209398] [   1212]     0  1212     2747        0    61440       63             0 slothd
[63968.209400] [   1215]     0  1215     4048        0    77824       37             0 agetty
[63968.209402] [   1237]     0  1237     5686        0    77824      113             0 pubsubd
[63968.209403] [   1340]     0  1340     1136        0    53248       27             0 emulab-syncd
[63968.209405] [   1346]     0  1346    11274        0   118784     2245             0 rc.progagent
[63968.209408] [   1347]  2002  1347     8882        0   114688      141             0 program-agent
[63968.209410] [   1399]     0  1399     6200        0    86016      110             0 linktest
[63968.209411] [   1414]   107  1414    26945        0   126976      163             0 ntpd
[63968.209413] [   4689] 20002  4689    19131        0   192512      259             0 systemd
[63968.209415] [   4690] 20002  4690    27870        0   245760      542             0 (sd-pam)
[63968.209417] [   4742] 20002  4742    13273      284   143360      302             0 mosh-server
[63968.209419] [   4743] 20002  4743     5334        1    90112      149             0 tcsh
[63968.209421] [   4749] 20002  4749     5676        1    81920      427             0 bash
[63968.209422] [   4791] 20002  4791     3257      441    69632       39             0 rocksdb-exp-tes
[63968.209424] [   7137] 20002  7137    21487      363   114688       50             0 time
[63968.209426] [   7146] 20002  7146   463117    18545   585728       70             0 db_bench
[63968.209427] oom-kill:constraint=CONSTRAINT_NONE,nodemask=(null),cpuset=/,mems_allowed=0,global_oom,task_memcg=/,task=db_bench,pid=7146,uid=20002
[63968.209457] Out of memory: Killed process 7146 (db_bench) total-vm:1852468kB, anon-rss:68656kB, file-rss:5444kB, shmem-rss:0kB, UID:20002 pgtables:572kB oom_score_adj:0
[63968.214202] FinalTaskReport: db_bench:7146 - ra_orig_nr_pages:0, ra_final_nr_pages:0
                                        async_pages:1012, final_async_pages:1256
                                        full_pfetches:0, less256_pfetches:0, partial_pfetches:0
                                        failed_pfetches:0, total_pfetches:0, os_pfetches:62
                                        nr_pages_read:142, nr_pages_hit:108, nr_do_read_fault:158
[63968.240547] oom_reaper: reaped process 7146 (db_bench), now anon-rss:0kB, file-rss:0kB, shmem-rss:0kB
[63968.248296] write_proc: Value of write = 0
[63968.249448] __do_sys_start_cross_trace: PRINT_GLOBAL_STATS 
[63968.249449] Final GlobalReport: nr_pages_read:1347463286, nr_pages_hit:1333689531, nr_do_read_fault:728837, nr_pages_miss:5769817
[63968.255426] FinalTaskReport: time:7137 - ra_orig_nr_pages:0, ra_final_nr_pages:0
                                        async_pages:384, final_async_pages:1303
                                        full_pfetches:0, less256_pfetches:0, partial_pfetches:0
                                        failed_pfetches:0, total_pfetches:0, os_pfetches:54
                                        nr_pages_read:0, nr_pages_hit:0, nr_do_read_fault:153
