ENABLE_FILE_STATS in con
ENABLE_FILE_STATS in con
Command terminated by signal 9
	Command being timed: "./db_bench --db=/users/kannan11/ssd/sudarsun/prefetching/appbench/apps/rocksdb/DATA --value_size=4096 --wal_dir=/users/kannan11/ssd/sudarsun/prefetching/appbench/apps/rocksdb/DATA/WAL_LOG --sync=0 --key_size=1000 --write_buffer_size=67108864 --num=1000000 --benchmarks=readwhilescanning --use_existing_db=1 --mmap_read=0 --threads=8"
	User time (seconds): 0.02
	System time (seconds): 0.05
	Percent of CPU this job got: 205%
	Elapsed (wall clock) time (h:mm:ss or m:ss): 0:00.03
	Average shared text size (kbytes): 0
	Average unshared data size (kbytes): 0
	Average stack size (kbytes): 0
	Average total size (kbytes): 0
	Maximum resident set size (kbytes): 26116
	Average resident set size (kbytes): 0
	Major (requiring I/O) page faults: 67
	Minor (reclaiming a frame) page faults: 4588
	Voluntary context switches: 353
	Involuntary context switches: 79
	Swaps: 0
	File system inputs: 12768
	File system outputs: 40
	Socket messages sent: 0
	Socket messages received: 0
	Signals delivered: 0
	Page size (bytes): 4096
	Exit status: 0
DESTRUCTOR GETTING CALLED 
PRINT_GLOBAL_STATS in dest
[15734.845177] sh (18087): drop_caches: 3
[15734.878468] sh (18092): drop_caches: 3
[15739.905942] Enabled file stats for time:18101
[15739.906164] write_proc: Value of write = 0
[15739.910578] Enabled file stats for db_bench:18110
[15739.910764] write_proc: Value of write = 0
[15739.923088] db_bench invoked oom-killer: gfp_mask=0x1100dca(GFP_HIGHUSER_MOVABLE|__GFP_ZERO), order=0, oom_score_adj=0
[15739.923094] CPU: 0 PID: 18121 Comm: db_bench Tainted: G           OE     5.14.0 #30
[15739.923096] Hardware name: Dell Inc. PowerEdge C6525/04DK47, BIOS 2.0.3 01/15/2021
[15739.923098] Call Trace:
[15739.923101]  dump_stack_lvl+0x4a/0x5f
[15739.923107]  dump_stack+0x10/0x12
[15739.923109]  dump_header+0x4f/0x210
[15739.923113]  oom_kill_process+0xec/0x140
[15739.923115]  out_of_memory+0x117/0x590
[15739.923117]  __alloc_pages_slowpath.constprop.122+0xa55/0xd70
[15739.923121]  __alloc_pages+0x2db/0x320
[15739.923123]  alloc_pages_vma+0x88/0x220
[15739.923126]  __handle_mm_fault+0xa3f/0x1270
[15739.923129]  handle_mm_fault+0xd9/0x2b0
[15739.923130]  do_user_addr_fault+0x1e0/0x6e0
[15739.923134]  exc_page_fault+0x76/0x150
[15739.923136]  ? asm_exc_page_fault+0x8/0x30
[15739.923139]  asm_exc_page_fault+0x1e/0x30
[15739.923142] RIP: 0033:0x7fe759bd5ea7
[15739.923145] Code: 47 20 c5 fe 7f 44 17 c0 c5 fe 7f 47 40 c5 fe 7f 44 17 a0 c5 fe 7f 47 60 c5 fe 7f 44 17 80 48 01 fa 48 83 e2 80 48 39 d1 74 ba <c5> fd 7f 01 c5 fd 7f 41 20 c5 fd 7f 41 40 c5 fd 7f 41 60 48 81 c1
[15739.923147] RSP: 002b:00007fe754a3b368 EFLAGS: 00010206
[15739.923149] RAX: 00007fe739fff010 RBX: 00007fe744000ca0 RCX: 00007fe73a136000
[15739.923150] RDX: 00007fe73bfff000 RSI: 0000000000000000 RDI: 00007fe739fff010
[15739.923151] RBP: 00007fe754a3b380 R08: 00000000ffffffff R09: 0000000000000000
[15739.923152] R10: 0000000000000022 R11: 0000000000000246 R12: 0000000000080000
[15739.923153] R13: 00007fe754a3b730 R14: 00007fe754a3b810 R15: fffffffffffffca0
[15739.923156] Mem-Info:
[15739.923160] active_anon:242 inactive_anon:5058 isolated_anon:0
                active_file:1776 inactive_file:6598 isolated_file:0
                unevictable:2122 dirty:108 writeback:0
                slab_reclaimable:17819 slab_unreclaimable:92491
                mapped:5645 shmem:776 pagetables:1524 bounce:0
                free:250008 free_pcp:795 free_cma:0
[15739.923164] Node 0 active_anon:968kB inactive_anon:20232kB active_file:7104kB inactive_file:26392kB unevictable:8488kB isolated(anon):0kB isolated(file):0kB mapped:22580kB dirty:432kB writeback:0kB shmem:3104kB shmem_thp: 0kB shmem_pmdmapped: 0kB anon_thp: 0kB writeback_tmp:0kB kernel_stack:9824kB pagetables:6096kB all_unreclaimable? no
[15739.923168] Node 0 DMA free:11264kB min:4kB low:16kB high:28kB reserved_highatomic:0KB active_anon:0kB inactive_anon:0kB active_file:0kB inactive_file:0kB unevictable:0kB writepending:0kB present:15992kB managed:15360kB mlocked:0kB bounce:0kB free_pcp:0kB local_pcp:0kB free_cma:0kB
[15739.923173] lowmem_reserve[]: 0 776 127598 127598 127598
[15739.923176] Node 0 DMA32 free:509520kB min:408kB low:1200kB high:1992kB reserved_highatomic:0KB active_anon:64kB inactive_anon:20kB active_file:0kB inactive_file:0kB unevictable:0kB writepending:0kB present:1682240kB managed:1616700kB mlocked:0kB bounce:0kB free_pcp:212kB local_pcp:0kB free_cma:0kB
[15739.923180] lowmem_reserve[]: 0 0 126822 126822 126822
[15739.923183] Node 0 Normal free:480256kB min:557500kB low:687364kB high:817228kB reserved_highatomic:0KB active_anon:904kB inactive_anon:20232kB active_file:7104kB inactive_file:26392kB unevictable:8488kB writepending:432kB present:132106240kB managed:129874164kB mlocked:5416kB bounce:0kB free_pcp:232kB local_pcp:0kB free_cma:0kB
[15739.923188] lowmem_reserve[]: 0 0 0 0 0
[15739.923190] Node 0 DMA: 0*4kB 0*8kB 0*16kB 0*32kB 0*64kB 0*128kB 0*256kB 0*512kB 1*1024kB (U) 1*2048kB (M) 2*4096kB (M) = 11264kB
[15739.923198] Node 0 DMA32: 17*4kB (UME) 16*8kB (UE) 34*16kB (UME) 47*32kB (UME) 38*64kB (UME) 25*128kB (UME) 14*256kB (UME) 8*512kB (ME) 4*1024kB (UE) 5*2048kB (UME) 117*4096kB (M) = 509124kB
[15739.923212] Node 0 Normal: 33203*4kB (UME) 22139*8kB (UME) 8615*16kB (UME) 1320*32kB (UME) 4*64kB (UE) 0*128kB 0*256kB 0*512kB 0*1024kB 0*2048kB 0*4096kB = 490260kB
[15739.923361] Node 0 hugepages_total=0 hugepages_free=0 hugepages_surp=0 hugepages_size=1048576kB
[15739.923363] Node 0 hugepages_total=0 hugepages_free=0 hugepages_surp=0 hugepages_size=2048kB
[15739.923364] 11155 total pagecache pages
[15739.923365] 834 pages in swap cache
[15739.923365] Swap cache stats: add 3623851, delete 3623623, find 85008/119748
[15739.923367] Free swap  = 3062160kB
[15739.923367] Total swap = 3145724kB
[15739.923368] 33451118 pages RAM
[15739.923368] 0 pages HighMem/MovableOnly
[15739.923369] 574562 pages reserved
[15739.923369] 0 pages cma reserved
[15739.923370] 0 pages hwpoisoned
[15739.923370] Unreclaimable slab info:
[15739.923371] Name                      Used          Total
[15739.923373] nfs_read_data             95KB         95KB
[15739.923377] mlx5_fs_ftes             253KB        253KB
[15739.923378] mlx5_fs_fgs               63KB         63KB
[15739.923379] scsi_sense_cache          32KB         32KB
[15739.923382] RAWv6                    123KB        123KB
[15739.923383] UDPv6                   1165KB       1165KB
[15739.923385] TCPv6                    123KB        123KB
[15739.923386] mqueue_inode_cache         31KB         31KB
[15739.923388] ext4_system_zone          39KB         39KB
[15739.923391] xfrm_state                31KB         31KB
[15739.923392] PING                    1568KB       1568KB
[15739.923393] RAW                       96KB         96KB
[15739.923394] tw_sock_TCP              239KB        239KB
[15739.923395] request_sock_TCP         723KB        723KB
[15739.923396] TCP                     1408KB       1408KB
[15739.923397] hugetlbfs_inode_cache         63KB         63KB
[15739.923398] ep_head                  192KB        192KB
[15739.923400] request_queue             62KB         62KB
[15739.923401] biovec-max              4960KB       5088KB
[15739.923402] biovec-128              2016KB       2016KB
[15739.923403] biovec-64               1536KB       1536KB
[15739.923405] dmaengine-unmap-256         30KB         30KB
[15739.923406] dmaengine-unmap-128         31KB         31KB
[15739.923407] dmaengine-unmap-16       7248KB       7248KB
[15739.923408] skbuff_fclone_cache        768KB        768KB
[15739.923410] skbuff_head_cache       1359KB       1360KB
[15739.923411] file_lock_cache          374KB        374KB
[15739.923412] file_lock_ctx            155KB        155KB
[15739.923413] fsnotify_mark_connector        192KB        192KB
[15739.923414] task_delay_info          131KB        131KB
[15739.923415] taskstats                759KB        759KB
[15739.923416] proc_dir_entry           763KB        763KB
[15739.923417] pde_opener               191KB        191KB
[15739.923418] seq_file                 191KB        191KB
[15739.923419] shmem_inode_cache       2129KB       2129KB
[15739.923420] kernfs_node_cache       9504KB       9504KB
[15739.923421] mnt_cache                382KB        382KB
[15739.923426] filp                    4210KB       4312KB
[15739.923427] names_cache             1664KB       1664KB
[15739.923428] lsm_file_cache           334KB        334KB
[15739.923429] vm_area_struct          5015KB       5015KB
[15739.923430] mm_struct               1689KB       1689KB
[15739.923431] files_cache             1676KB       1676KB
[15739.923433] signal_cache            2520KB       2520KB
[15739.923433] sighand_cache           3588KB       3588KB
[15739.923434] task_struct             6311KB       6342KB
[15739.923436] cred_jar                1260KB       1260KB
[15739.923436] anon_vma_chain          2568KB       2568KB
[15739.923437] anon_vma                2581KB       2581KB
[15739.923438] pid                      392KB        392KB
[15739.923439] irq_remap_cache          416KB        416KB
[15739.923441] Acpi-Operand             830KB        830KB
[15739.923442] Acpi-ParseExt             71KB         71KB
[15739.923443] Acpi-State               195KB        195KB
[15739.923444] numa_policy               15KB         15KB
[15739.923445] perf_event              1508KB       1508KB
[15739.923446] trace_event_file         339KB        339KB
[15739.923447] ftrace_event_field        458KB        458KB
[15739.923448] pool_workqueue           424KB        424KB
[15739.923448] task_group               740KB        740KB
[15739.923498] vmap_area              18390KB      18620KB
[15739.923500] kmalloc-cg-8k            256KB        256KB
[15739.923501] kmalloc-cg-4k           1536KB       1536KB
[15739.923501] kmalloc-cg-2k           1536KB       1536KB
[15739.923502] kmalloc-cg-1k           1696KB       1696KB
[15739.923503] kmalloc-cg-512           784KB        784KB
[15739.923504] kmalloc-cg-256           128KB        128KB
[15739.923504] kmalloc-cg-192           378KB        378KB
[15739.923505] kmalloc-cg-96            189KB        189KB
[15739.923505] kmalloc-cg-64            192KB        192KB
[15739.923506] kmalloc-cg-32            192KB        192KB
[15739.923507] kmalloc-cg-16            192KB        192KB
[15739.923508] kmalloc-cg-8             192KB        192KB
[15739.923508] kmalloc-8k             60928KB      60928KB
[15739.923510] kmalloc-4k              8404KB       8576KB
[15739.923514] kmalloc-2k             86572KB      87072KB
[15739.923515] kmalloc-1k              6272KB       6272KB
[15739.923516] kmalloc-512            18736KB      18736KB
[15739.923517] kmalloc-256             1288KB       1288KB
[15739.923517] kmalloc-192              748KB        748KB
[15739.923518] kmalloc-128              968KB        968KB
[15739.923519] kmalloc-96             16632KB      16632KB
[15739.923520] kmalloc-64              2604KB       2604KB
[15739.923520] kmalloc-32              1520KB       1520KB
[15739.923521] kmalloc-16               352KB        352KB
[15739.923522] kmalloc-8                268KB        268KB
[15739.923523] kmem_cache_node           40KB         40KB
[15739.923524] kmem_cache               104KB        104KB
[15739.923524] Tasks state (memory values in pages):
[15739.923525] [  pid  ]   uid  tgid total_vm      rss pgtables_bytes swapents oom_score_adj name
[15739.923534] [    752]     0   752    27891     2280   233472      230             0 systemd-journal
[15739.923537] [    758]     0   758    26479      216    94208       57             0 lvmetad
[15739.923539] [    771]     0   771    11541      409   118784      494         -1000 systemd-udevd
[15739.923542] [   1020]     0  1020    11903      426   143360      141             0 rpcbind
[15739.923544] [   1025]     0  1025     7833      521   114688       78             0 cron
[15739.923546] [   1026]     0  1026    71916      581   200704      243             0 accounts-daemon
[15739.923548] [   1030]   102  1030    66819      373   176128      288             0 rsyslogd
[15739.923549] [   1038]     0  1038    27759      430   118784      209             0 irqbalance
[15739.923551] [   1042]   103  1042    12518      735   143360       86          -900 dbus-daemon
[15739.923553] [   1045]     0  1045    17618      841   184320      130             0 systemd-logind
[15739.923555] [   1060]     0  1060    42595      598   237568     1942             0 networkd-dispat
[15739.923557] [   1066]     0  1066    72223     1014   196608      159             0 polkitd
[15739.923559] [   1071]   101  1071    17625      465   184320      142             0 systemd-resolve
[15739.923560] [   1076]     0  1076     8703      426   106496     1775             0 ntpstart
[15739.923562] [   1080]     0  1080    18078      537   184320      187         -1000 sshd
[15739.923564] [   1093]   107  1093    26945      558   118784      151             0 ntpd
[15739.923566] [   1151]   100  1151    20015      453   176128      199             0 systemd-network
[15739.923568] [   1195]     0  1195     6347      473    90112       59             0 iscsid
[15739.923570] [   1196]     0  1196     6473     1301   102400        0           -17 iscsid
[15739.923571] [   1205]     0  1205     3992      408    73728       36             0 agetty
[15739.923573] [   1209]     0  1209     4048      372    77824       38             0 agetty
[15739.923575] [   1269]     0  1269     2747      376    69632       71             0 slothd
[15739.923576] [   1271]     0  1271    11393      343   122880     2384             0 watchdog
[15739.923578] [   1293]     0  1293     5686        0    81920      111             0 pubsubd
[15739.923580] [   1399]     0  1399     1136        0    57344       25             0 emulab-syncd
[15739.923582] [   1405]     0  1405    11276      244   118784     2246             0 rc.progagent
[15739.923583] [   1406]  2002  1406     8882      512   114688      132             0 program-agent
[15739.923585] [   1453]     0  1453     6200      196    81920      138             0 linktest
[15739.923587] [   1466] 20002  1466    19133      582   188416      264             0 systemd
[15739.923588] [   1467] 20002  1467    27877        0   249856      537             0 (sd-pam)
[15739.923590] [  13448] 20002 13448    13418      799   139264      477             0 mosh-server
[15739.923592] [  13449] 20002 13449     5334      458    81920      149             0 tcsh
[15739.923594] [  13455] 20002 13455     5676      481    94208      420             0 bash
[15739.923596] [  13510] 20002 13510    13336      953   135168      263             0 mosh-server
[15739.923597] [  13511] 20002 13511     5334      448    94208      148             0 tcsh
[15739.923599] [  13562] 20002 13562    13075      800   139264      156             0 mosh-server
[15739.923601] [  13563] 20002 13563     5334      440    90112      149             0 tcsh
[15739.923602] [  13569] 20002 13569     5643      418    94208      381             0 bash
[15739.923604] [  13601] 20002 13601     5676      478    90112      422             0 bash
[15739.923606] [  14470] 20002 14470     3257      680    69632       33             0 rocksdb-exp-tes
[15739.923608] [  17005] 20002 17005    13306      877   131072      338             0 mosh-server
[15739.923609] [  17006] 20002 17006     5334      417    90112      149             0 tcsh
[15739.923611] [  17012] 20002 17012     5709      797    86016      342             0 bash
[15739.923613] [  17447] 20002 17447    13268     1044   135168      133             0 mosh-server
[15739.923615] [  17448] 20002 17448     5334      439    90112      148             0 tcsh
[15739.923616] [  17454] 20002 17454     5643      421    90112      382             0 bash
[15739.923618] [  17464] 20002 17464    10552      790   131072       80             0 top
[15739.923620] [  18101] 20002 18101    21487      498   118784        0             0 time
[15739.923622] [  18110] 20002 18110   454996     5921   430080        0             0 db_bench
[15739.923623] oom-kill:constraint=CONSTRAINT_NONE,nodemask=(null),cpuset=/,mems_allowed=0,global_oom,task_memcg=/,task=db_bench,pid=18110,uid=20002
[15739.923658] Out of memory: Killed process 18110 (db_bench) total-vm:1819984kB, anon-rss:15352kB, file-rss:8332kB, shmem-rss:0kB, UID:20002 pgtables:420kB oom_score_adj:0
[15739.923903] FinalTaskReport: db_bench:18110 - ra_orig_nr_pages:0, ra_final_nr_pages:0
                                        async_pages:952, final_async_pages:1180
                                        full_pfetches:0, less256_pfetches:0, partial_pfetches:0
                                        failed_pfetches:0, total_pfetches:0, os_pfetches:60
                                        nr_pages_read:89, nr_pages_hit:55, nr_do_read_fault:157
[15739.940498] oom_reaper: reaped process 18110 (db_bench), now anon-rss:0kB, file-rss:0kB, shmem-rss:0kB
[15739.941330] write_proc: Value of write = 0
[15739.941339] __do_sys_start_cross_trace: PRINT_GLOBAL_STATS 
[15739.941340] Final GlobalReport: nr_pages_read:1911134621, nr_pages_hit:1841009324, nr_do_read_fault:1599569, nr_pages_miss:23274328
[15739.941375] FinalTaskReport: time:18101 - ra_orig_nr_pages:0, ra_final_nr_pages:0
                                        async_pages:64, final_async_pages:57
                                        full_pfetches:0, less256_pfetches:0, partial_pfetches:0
                                        failed_pfetches:0, total_pfetches:0, os_pfetches:2
                                        nr_pages_read:0, nr_pages_hit:0, nr_do_read_fault:18
