redis-server1: no process found
redis-server1: no process found
KILLING redis-server1
redis-server2: no process found
redis-server2: no process found
KILLING redis-server2
redis-server3: no process found
redis-server3: no process found
KILLING redis-server3
redis-server4: no process found
redis-server4: no process found
KILLING redis-server4
cp: cannot stat ‘redis-server’: No such file or directory
cp: cannot stat ‘redis-server’: No such file or directory
cp: cannot stat ‘redis-server’: No such file or directory
cp: cannot stat ‘redis-server’: No such file or directory
4122:M 04 Jul 13:44:48.383 # You requested maxclients of 10000 requiring at least 10032 max file descriptors.
4123:M 04 Jul 13:44:48.383 # You requested maxclients of 10000 requiring at least 10032 max file descriptors.
4122:M 04 Jul 13:44:48.387 # Redis can't set maximum open files to 10032 because of OS error: Operation not permitted.
4120:M 04 Jul 13:44:48.383 # You requested maxclients of 10000 requiring at least 10032 max file descriptors.
4123:M 04 Jul 13:44:48.387 # Redis can't set maximum open files to 10032 because of OS error: Operation not permitted.
4122:M 04 Jul 13:44:48.387 # Current maximum open files is 4096. maxclients has been reduced to 4064 to compensate for low ulimit. If you need higher maxclients increase 'ulimit -n'.
4121:M 04 Jul 13:44:48.383 # You requested maxclients of 10000 requiring at least 10032 max file descriptors.
4123:M 04 Jul 13:44:48.387 # Current maximum open files is 4096. maxclients has been reduced to 4064 to compensate for low ulimit. If you need higher maxclients increase 'ulimit -n'.
4120:M 04 Jul 13:44:48.387 # Redis can't set maximum open files to 10032 because of OS error: Operation not permitted.
4120:M 04 Jul 13:44:48.387 # Current maximum open files is 4096. maxclients has been reduced to 4064 to compensate for low ulimit. If you need higher maxclients increase 'ulimit -n'.
4121:M 04 Jul 13:44:48.387 # Redis can't set maximum open files to 10032 because of OS error: Operation not permitted.
4121:M 04 Jul 13:44:48.387 # Current maximum open files is 4096. maxclients has been reduced to 4064 to compensate for low ulimit. If you need higher maxclients increase 'ulimit -n'.
                _._                                                  
           _.-``__ ''-._                                             
      _.-``    `.  `_.  ''-._           Redis 3.0.0 (2a7e05ee/1) 64 bit
  .-`` .-```.  ```\/    _.,_ ''-._                                   
 (    '      ,       .-`  | `,    )     Running in standalone mode
 |`-._`-...-` __...-.``-._|'` _.-'|     Port: 6380
 |    `-._   `._    /     _.-'    |     PID: 4122
  `-._    `-._  `-./  _.-'    _.-'                                   
 |`-._`-._    `-.__.-'    _.-'_.-'|                                  
 |    `-._`-._        _.-'_.-'    |           http://redis.io        
  `-._    `-._`-.__.-'_.-'    _.-'                                   
 |`-._`-._    `-.__.-'    _.-'_.-'|                                  
 |    `-._`-._        _.-'_.-'    |                                  
  `-._    `-._`-.__.-'_.-'    _.-'                                   
      `-._    `-.__.-'    _.-'                                       
          `-._        _.-'                                           
              `-.__.-'                                               

4122:M 04 Jul 13:44:48.387 # Server started, Redis version 3.0.0
4122:M 04 Jul 13:44:48.387 # WARNING overcommit_memory is set to 0! Background save may fail under low memory condition. To fix this issue add 'vm.overcommit_memory = 1' to /etc/sysctl.conf and then reboot or run the command 'sysctl vm.overcommit_memory=1' for this to take effect.
                _._                                                  
           _.-``__ ''-._                                             
      _.-``    `.  `_.  ''-._           Redis 3.0.0 (2a7e05ee/1) 64 bit
  .-`` .-```.  ```\/    _.,_ ''-._                                   
 (    '      ,       .-`  | `,    )     Running in standalone mode
 |`-._`-...-` __...-.``-._|'` _.-'|     Port: 6381
 |    `-._   `._    /     _.-'    |     PID: 4123
  `-._    `-._  `-./  _.-'    _.-'                                   
 |`-._`-._    `-.__.-'    _.-'_.-'|                                  
 |    `-._`-._        _.-'_.-'    |           http://redis.io        
  `-._    `-._`-.__.-'_.-'    _.-'                                   
 |`-._`-._    `-.__.-'    _.-'_.-'|                                  
 |    `-._`-._        _.-'_.-'    |                                  
  `-._    `-._`-.__.-'_.-'    _.-'                                   
      `-._    `-.__.-'    _.-'                                       
          `-._        _.-'                                           
              `-.__.-'                                               

4122:M 04 Jul 13:44:48.387 # WARNING you have Transparent Huge Pages (THP) support enabled in your kernel. This will create latency and memory usage issues with Redis. To fix this issue run the command 'echo never > /sys/kernel/mm/transparent_hugepage/enabled' as root, and add it to your /etc/rc.local in order to retain the setting after a reboot. Redis must be restarted after THP is disabled.
4123:M 04 Jul 13:44:48.387 # Server started, Redis version 3.0.0
4122:M 04 Jul 13:44:48.387 # WARNING: The TCP backlog setting of 511 cannot be enforced because /proc/sys/net/core/somaxconn is set to the lower value of 128.
4123:M 04 Jul 13:44:48.387 # WARNING overcommit_memory is set to 0! Background save may fail under low memory condition. To fix this issue add 'vm.overcommit_memory = 1' to /etc/sysctl.conf and then reboot or run the command 'sysctl vm.overcommit_memory=1' for this to take effect.
4122:M 04 Jul 13:44:48.387 * The server is now ready to accept connections on port 6380
4123:M 04 Jul 13:44:48.387 # WARNING you have Transparent Huge Pages (THP) support enabled in your kernel. This will create latency and memory usage issues with Redis. To fix this issue run the command 'echo never > /sys/kernel/mm/transparent_hugepage/enabled' as root, and add it to your /etc/rc.local in order to retain the setting after a reboot. Redis must be restarted after THP is disabled.
4120:M 04 Jul 13:44:48.387 # Server started, Redis version 3.0.0
4123:M 04 Jul 13:44:48.387 # WARNING: The TCP backlog setting of 511 cannot be enforced because /proc/sys/net/core/somaxconn is set to the lower value of 128.
4123:M 04 Jul 13:44:48.387 * The server is now ready to accept connections on port 6381
                _._                                                  
           _.-``__ ''-._                                             
      _.-``    `.  `_.  ''-._           Redis 3.0.0 (2a7e05ee/1) 64 bit
  .-`` .-```.  ```\/    _.,_ ''-._                                   
 (    '      ,       .-`  | `,    )     Running in standalone mode
 |`-._`-...-` __...-.``-._|'` _.-'|     Port: 6379
 |    `-._   `._    /     _.-'    |     PID: 4121
  `-._    `-._  `-./  _.-'    _.-'                                   
 |`-._`-._    `-.__.-'    _.-'_.-'|                                  
 |    `-._`-._        _.-'_.-'    |           http://redis.io        
  `-._    `-._`-.__.-'_.-'    _.-'                                   
 |`-._`-._    `-.__.-'    _.-'_.-'|                                  
 |    `-._`-._        _.-'_.-'    |                                  
  `-._    `-._`-.__.-'_.-'    _.-'                                   
      `-._    `-.__.-'    _.-'                                       
          `-._        _.-'                                           
              `-.__.-'                                               

4120:M 04 Jul 13:44:48.387 # WARNING overcommit_memory is set to 0! Background save may fail under low memory condition. To fix this issue add 'vm.overcommit_memory = 1' to /etc/sysctl.conf and then reboot or run the command 'sysctl vm.overcommit_memory=1' for this to take effect.
4121:M 04 Jul 13:44:48.387 # Server started, Redis version 3.0.0
4120:M 04 Jul 13:44:48.387 # WARNING you have Transparent Huge Pages (THP) support enabled in your kernel. This will create latency and memory usage issues with Redis. To fix this issue run the command 'echo never > /sys/kernel/mm/transparent_hugepage/enabled' as root, and add it to your /etc/rc.local in order to retain the setting after a reboot. Redis must be restarted after THP is disabled.
4121:M 04 Jul 13:44:48.387 # WARNING overcommit_memory is set to 0! Background save may fail under low memory condition. To fix this issue add 'vm.overcommit_memory = 1' to /etc/sysctl.conf and then reboot or run the command 'sysctl vm.overcommit_memory=1' for this to take effect.
4120:M 04 Jul 13:44:48.387 # WARNING: The TCP backlog setting of 511 cannot be enforced because /proc/sys/net/core/somaxconn is set to the lower value of 128.
4121:M 04 Jul 13:44:48.387 # WARNING you have Transparent Huge Pages (THP) support enabled in your kernel. This will create latency and memory usage issues with Redis. To fix this issue run the command 'echo never > /sys/kernel/mm/transparent_hugepage/enabled' as root, and add it to your /etc/rc.local in order to retain the setting after a reboot. Redis must be restarted after THP is disabled.
4121:M 04 Jul 13:44:48.387 # WARNING: The TCP backlog setting of 511 cannot be enforced because /proc/sys/net/core/somaxconn is set to the lower value of 128.
4121:M 04 Jul 13:44:48.387 * The server is now ready to accept connections on port 6379
4121:M 04 Jul 13:44:58.820 * Starting automatic rewriting of AOF on 7302982600% growth
4121:M 04 Jul 13:44:58.821 * Background append only file rewriting started by pid 4137
4123:M 04 Jul 13:44:58.849 * Starting automatic rewriting of AOF on 7144343000% growth
4123:M 04 Jul 13:44:58.850 * Background append only file rewriting started by pid 4139
4122:M 04 Jul 13:44:58.956 * Starting automatic rewriting of AOF on 7812681800% growth
4122:M 04 Jul 13:44:58.957 * Background append only file rewriting started by pid 4140
4121:M 04 Jul 13:45:00.769 * AOF rewrite child asks to stop sending diffs.
4137:C 04 Jul 13:45:00.769 * Parent agreed to stop sending diffs. Finalizing AOF...
4137:C 04 Jul 13:45:00.769 * Concatenating 100.13 MB of AOF diff received from parent.
4123:M 04 Jul 13:45:00.770 * AOF rewrite child asks to stop sending diffs.
4139:C 04 Jul 13:45:00.770 * Parent agreed to stop sending diffs. Finalizing AOF...
4139:C 04 Jul 13:45:00.770 * Concatenating 107.82 MB of AOF diff received from parent.
4122:M 04 Jul 13:45:00.791 * AOF rewrite child asks to stop sending diffs.
4140:C 04 Jul 13:45:00.791 * Parent agreed to stop sending diffs. Finalizing AOF...
4140:C 04 Jul 13:45:00.791 * Concatenating 104.36 MB of AOF diff received from parent.
4121:M 04 Jul 13:45:01.370 * Background AOF buffer size: 79 MB
4123:M 04 Jul 13:45:01.370 * Background AOF buffer size: 79 MB
4122:M 04 Jul 13:45:01.404 * Background AOF buffer size: 79 MB
4139:C 04 Jul 13:45:01.791 * SYNC append only file rewrite performed
4140:C 04 Jul 13:45:01.791 * SYNC append only file rewrite performed
4137:C 04 Jul 13:45:01.791 * SYNC append only file rewrite performed
4137:C 04 Jul 13:45:01.793 * AOF rewrite: 180 MB of memory used by copy-on-write
4140:C 04 Jul 13:45:01.793 * AOF rewrite: 186 MB of memory used by copy-on-write
4139:C 04 Jul 13:45:01.793 * AOF rewrite: 189 MB of memory used by copy-on-write
4121:M 04 Jul 13:45:01.809 * Background AOF rewrite terminated with success
4123:M 04 Jul 13:45:01.810 * Background AOF rewrite terminated with success
4122:M 04 Jul 13:45:01.817 * Background AOF rewrite terminated with success
4121:M 04 Jul 13:45:01.898 * Residual parent diff successfully flushed to the rewritten AOF (115.09 MB)
4123:M 04 Jul 13:45:01.900 * Residual parent diff successfully flushed to the rewritten AOF (115.65 MB)
4122:M 04 Jul 13:45:01.924 * Residual parent diff successfully flushed to the rewritten AOF (143.48 MB)
4121:M 04 Jul 13:45:02.154 * Background AOF rewrite finished successfully
4123:M 04 Jul 13:45:02.427 * Background AOF rewrite finished successfully
4122:M 04 Jul 13:45:02.868 * Background AOF rewrite finished successfully
4121:M 04 Jul 13:45:04.599 * Starting automatic rewriting of AOF on 101% growth
4121:M 04 Jul 13:45:04.604 * Background append only file rewriting started by pid 4142
4123:M 04 Jul 13:45:04.701 * Starting automatic rewriting of AOF on 104% growth
4123:M 04 Jul 13:45:04.706 * Background append only file rewriting started by pid 4143
4122:M 04 Jul 13:45:04.955 * Starting automatic rewriting of AOF on 103% growth
4122:M 04 Jul 13:45:04.972 * Background append only file rewriting started by pid 4144
4121:M 04 Jul 13:45:05.758 * Background AOF buffer size: 79 MB
4123:M 04 Jul 13:45:05.921 * Background AOF buffer size: 79 MB
4122:M 04 Jul 13:45:06.101 * Background AOF buffer size: 79 MB
4121:M 04 Jul 13:45:06.982 * Background AOF buffer size: 178 MB
4123:M 04 Jul 13:45:07.025 * Background AOF buffer size: 178 MB
4122:M 04 Jul 13:45:07.274 * Background AOF buffer size: 178 MB
4121:M 04 Jul 13:45:08.234 * Background AOF buffer size: 277 MB
4123:M 04 Jul 13:45:08.268 * Background AOF buffer size: 277 MB
4122:M 04 Jul 13:45:08.500 * Background AOF buffer size: 277 MB
4121:M 04 Jul 13:45:09.239 * Background AOF buffer size: 376 MB
4123:M 04 Jul 13:45:09.267 * Background AOF buffer size: 376 MB
4122:M 04 Jul 13:45:09.420 * Background AOF buffer size: 376 MB
4121:M 04 Jul 13:45:11.230 * AOF rewrite child asks to stop sending diffs.
4142:C 04 Jul 13:45:11.230 * Parent agreed to stop sending diffs. Finalizing AOF...
4142:C 04 Jul 13:45:11.230 * Concatenating 101.38 MB of AOF diff received from parent.
4123:M 04 Jul 13:45:11.252 * AOF rewrite child asks to stop sending diffs.
4143:C 04 Jul 13:45:11.252 * Parent agreed to stop sending diffs. Finalizing AOF...
4143:C 04 Jul 13:45:11.252 * Concatenating 110.25 MB of AOF diff received from parent.
4121:M 04 Jul 13:45:11.382 * Background AOF buffer size: 378 MB
4123:M 04 Jul 13:45:11.533 * Background AOF buffer size: 379 MB
4122:M 04 Jul 13:45:11.655 * AOF rewrite child asks to stop sending diffs.
4144:C 04 Jul 13:45:11.742 * Parent agreed to stop sending diffs. Finalizing AOF...
4144:C 04 Jul 13:45:11.742 * Concatenating 110.69 MB of AOF diff received from parent.
4142:C 04 Jul 13:45:11.957 * SYNC append only file rewrite performed
4143:C 04 Jul 13:45:11.957 * SYNC append only file rewrite performed
4122:M 04 Jul 13:45:11.958 * Background AOF buffer size: 379 MB
4142:C 04 Jul 13:45:11.962 * AOF rewrite: 596 MB of memory used by copy-on-write
4143:C 04 Jul 13:45:11.962 * AOF rewrite: 616 MB of memory used by copy-on-write
4123:M 04 Jul 13:45:12.087 * Background AOF rewrite terminated with success
4121:M 04 Jul 13:45:12.088 * Background AOF rewrite terminated with success
4123:M 04 Jul 13:45:12.456 * Residual parent diff successfully flushed to the rewritten AOF (438.23 MB)
4121:M 04 Jul 13:45:12.469 * Residual parent diff successfully flushed to the rewritten AOF (458.49 MB)
4122:M 04 Jul 13:45:12.677 * Background AOF buffer size: 479 MB
4122:M 04 Jul 13:45:13.254 * Background AOF buffer size: 579 MB
4123:M 04 Jul 13:45:13.762 * Background AOF rewrite finished successfully
4122:M 04 Jul 13:45:13.819 * Background AOF buffer size: 679 MB
4122:M 04 Jul 13:45:14.388 * Background AOF buffer size: 779 MB
4121:M 04 Jul 13:45:14.793 * Background AOF rewrite finished successfully
4144:C 04 Jul 13:45:14.794 * SYNC append only file rewrite performed
4144:C 04 Jul 13:45:14.797 * AOF rewrite: 672 MB of memory used by copy-on-write
4122:M 04 Jul 13:45:14.822 * Background AOF rewrite terminated with success
4122:M 04 Jul 13:45:15.414 * Residual parent diff successfully flushed to the rewritten AOF (851.44 MB)
4122:M 04 Jul 13:45:16.962 * Background AOF rewrite finished successfully
4120
4121
4122
4123
4147
4148
/users/skannan/ssd/NVM/appbench/redis-3.0.0/src/run.sh: line 57:  4146 Done                    ps aux
      4147                       | grep redis-server
      4148 Killed                  | awk '{print $2; system("sudo kill -9 " $2); kill $(pgrep -f redis-server)}'
KILLING redis-server1
KILLING redis-server2
KILLING redis-server3
KILLING redis-server4
KILLING redis-server1
KILLING redis-server2
KILLING redis-server3
KILLING redis-server4
[    0.000000] main: Linux version 4.17.0 (root@node-0.wisc2.fsperfatscale-pg0.wisc.cloudlab.us) (gcc version 4.8.4 (Ubuntu 4.8.4-2ubuntu1~14.04.4)) #9 SMP Sun Jun 30 15:42:41 MDT 2019
[    0.000000] Command line: BOOT_IMAGE=/boot/vmlinuz-4.17.0 root=UUID=4910fb56-38cb-41ae-82bf-3efa1d8a45a0 ro console=ttyS0,115200 crashkernel=384M-:128M
[    0.000000] common: KERNEL supported cpus:
[    0.000000] common:   Intel GenuineIntel
[    0.000000] common:   AMD AuthenticAMD
[    0.000000] common:   Centaur CentaurHauls
[    0.000000] xstate: x86/fpu: Supporting XSAVE feature 0x001: 'x87 floating point registers'
[    0.000000] xstate: x86/fpu: Supporting XSAVE feature 0x002: 'SSE registers'
[    0.000000] xstate: x86/fpu: Supporting XSAVE feature 0x004: 'AVX registers'
[    0.000000] xstate: x86/fpu: xstate_offset[2]:  576, xstate_sizes[2]:  256
[    0.000000] xstate: x86/fpu: Enabled xstate features 0x7, context size is 832 bytes, using 'standard' format.
[    0.000000] e820: e820: BIOS-provided physical RAM map:
[    0.000000] e820: BIOS-e820: [mem 0x0000000000000000-0x0000000000099bff] usable
[    0.000000] e820: BIOS-e820: [mem 0x0000000000099c00-0x000000000009ffff] reserved
[    0.000000] e820: BIOS-e820: [mem 0x00000000000e0000-0x00000000000fffff] reserved
[    0.000000] e820: BIOS-e820: [mem 0x0000000000100000-0x00000000791d3fff] usable
[    0.000000] e820: BIOS-e820: [mem 0x00000000791d4000-0x00000000799cdfff] reserved
[    0.000000] e820: BIOS-e820: [mem 0x00000000799ce000-0x0000000079a32fff] ACPI data
[    0.000000] e820: BIOS-e820: [mem 0x0000000079a33000-0x0000000079fa1fff] ACPI NVS
[    0.000000] e820: BIOS-e820: [mem 0x0000000079fa2000-0x000000008fffffff] reserved
[    0.000000] e820: BIOS-e820: [mem 0x00000000fed1c000-0x00000000fed44fff] reserved
[    0.000000] e820: BIOS-e820: [mem 0x00000000ff000000-0x00000000ffffffff] reserved
[    0.000000] e820: BIOS-e820: [mem 0x0000000100000000-0x000000287fffffff] usable
[    0.000000] NX (Execute Disable) protection: active
[    0.000000] dmi_scan: SMBIOS 3.0.0 present.
[    0.000000] dmi_scan: DMI: Cisco Systems Inc UCSC-C220-M4S/UCSC-C220-M4S, BIOS C220M4.3.0.3c.0.0831170216 08/31/2017
[    0.000000] e820: update [mem 0x00000000-0x00000fff] usable ==> reserved
[    0.000000] e820: remove [mem 0x000a0000-0x000fffff] usable
[    0.000000] e820: e820: last_pfn = 0x2880000 max_arch_pfn = 0x400000000
[    0.000000] generic: MTRR default type: write-back
[    0.000000] generic: MTRR fixed ranges enabled:
[    0.000000] generic:   00000-9FFFF write-back
[    0.000000] generic:   A0000-BFFFF uncachable
[    0.000000] generic:   C0000-FFFFF write-protect
[    0.000000] generic: MTRR variable ranges enabled:
[    0.000000] generic:   0 base 000080000000 mask 3FFF80000000 uncachable
[    0.000000] generic:   1 base 038000000000 mask 3F8000000000 uncachable
[    0.000000] generic:   2 disabled
[    0.000000] generic:   3 disabled
[    0.000000] generic:   4 disabled
[    0.000000] generic:   5 disabled
[    0.000000] generic:   6 disabled
[    0.000000] generic:   7 disabled
[    0.000000] generic:   8 disabled
[    0.000000] generic:   9 disabled
[    0.000000] x86/PAT: Configuration [0-7]: WB  WC  UC- UC  WB  WP  UC- WT  
[    0.000000] e820: e820: last_pfn = 0x791d4 max_arch_pfn = 0x400000000
[    0.000000] mpparse: found SMP MP-table at [mem 0x000fd010-0x000fd01f] mapped at [        (ptrval)]
[    0.000000] Scanning 1 areas for low memory corruption
[    0.000000] Base memory trampoline at [        (ptrval)] 7e000 size 24576
[    0.000000] Using GB pages for direct mapping
[    0.000000] BRK [0x0aecf000, 0x0aecffff] PGTABLE
[    0.000000] BRK [0x0aed0000, 0x0aed0fff] PGTABLE
[    0.000000] BRK [0x0aed1000, 0x0aed1fff] PGTABLE
[    0.000000] RAMDISK: [mem 0x237d2000-0x2dbe0fff]
[    0.000000] tables: Early table checksum verification disabled
[    0.000000] ACPI: RSDP 0x00000000000F05B0 000024 (v02 Cisco0)
[    0.000000] ACPI: XSDT 0x00000000799E20A8 0000D4 (v01 Cisco0 CiscoUCS 01072009 AMI  00010013)
[    0.000000] ACPI: FACP 0x0000000079A16CE0 00010C (v05 Cisco0 CiscoUCS 01072009 AMI  00010013)
[    0.000000] ACPI: DSDT 0x00000000799E2210 034ACB (v02 Cisco0 CiscoUCS 01072009 INTL 20091013)
[    0.000000] ACPI: FACS 0x0000000079FA0F80 000040
[    0.000000] ACPI: APIC 0x0000000079A16DF0 000294 (v03 Cisco0 CiscoUCS 01072009 AMI  00010013)
[    0.000000] ACPI: FPDT 0x0000000079A17088 000044 (v01 Cisco0 CiscoUCS 01072009 AMI  00010013)
[    0.000000] ACPI: FIDT 0x0000000079A170D0 00009C (v01 Cisco0 CiscoUCS 01072009 AMI  00010013)
[    0.000000] ACPI: SPMI 0x0000000079A17170 000041 (v05 Cisco0 CiscoUCS 00000000 AMI. 00000000)
[    0.000000] ACPI: MCFG 0x0000000079A171B8 00003C (v01 Cisco0 CiscoUCS 01072009 MSFT 00000097)
[    0.000000] ACPI: UEFI 0x0000000079A171F8 000042 (v01 Cisco0 CiscoUCS 01072009      00000000)
[    0.000000] ACPI: HPET 0x0000000079A17240 000038 (v01 Cisco0 CiscoUCS 00000001 INTL 20091013)
[    0.000000] ACPI: MSCT 0x0000000079A17278 000090 (v01 Cisco0 CiscoUCS 00000001 INTL 20091013)
[    0.000000] ACPI: SLIT 0x0000000079A17308 000030 (v01 Cisco0 CiscoUCS 00000001 INTL 20091013)
[    0.000000] ACPI: SRAT 0x0000000079A17338 001158 (v03 Cisco0 CiscoUCS 00000001 INTL 20091013)
[    0.000000] ACPI: WDDT 0x0000000079A18490 000040 (v01 Cisco0 CiscoUCS 00000000 INTL 20091013)
[    0.000000] ACPI: SSDT 0x0000000079A184D0 0171BD (v02 Cisco0 PmMgt    00000002 INTL 20120913)
[    0.000000] ACPI: NITR 0x0000000079A2F690 000071 (v02 Cisco0 CiscoUCS 00000001 INTL 20091013)
[    0.000000] ACPI: SSDT 0x0000000079A2F708 002654 (v02 Cisco0 SpsNm    00000002 INTL 20120913)
[    0.000000] ACPI: SSDT 0x0000000079A31D60 000064 (v02 Cisco0 SpsNvs   00000002 INTL 20120913)
[    0.000000] ACPI: PRAD 0x0000000079A31DC8 000102 (v02 Cisco0 CiscoUCS 00000002 INTL 20120913)
[    0.000000] ACPI: DMAR 0x0000000079A31ED0 000100 (v01 Cisco0 CiscoUCS 00000001 INTL 20091013)
[    0.000000] ACPI: HEST 0x0000000079A31FD0 0000A8 (v01 Cisco0 CiscoUCS 00000001 INTL 00000001)
[    0.000000] ACPI: BERT 0x0000000079A32078 000030 (v01 Cisco0 CiscoUCS 00000001 INTL 00000001)
[    0.000000] ACPI: ERST 0x0000000079A320A8 000230 (v01 Cisco0 CiscoUCS 00000001 INTL 00000001)
[    0.000000] ACPI: EINJ 0x0000000079A322D8 000130 (v01 Cisco0 CiscoUCS 00000001 INTL 00000001)
[    0.000000] ACPI: Local APIC address 0xfee00000
[    0.000000] SRAT: PXM 0 -> APIC 0x00 -> Node 0
[    0.000000] SRAT: PXM 0 -> APIC 0x02 -> Node 0
[    0.000000] SRAT: PXM 0 -> APIC 0x04 -> Node 0
[    0.000000] SRAT: PXM 0 -> APIC 0x06 -> Node 0
[    0.000000] SRAT: PXM 0 -> APIC 0x08 -> Node 0
[    0.000000] SRAT: PXM 0 -> APIC 0x10 -> Node 0
[    0.000000] SRAT: PXM 0 -> APIC 0x12 -> Node 0
[    0.000000] SRAT: PXM 0 -> APIC 0x14 -> Node 0
[    0.000000] SRAT: PXM 0 -> APIC 0x16 -> Node 0
[    0.000000] SRAT: PXM 0 -> APIC 0x18 -> Node 0
[    0.000000] SRAT: PXM 1 -> APIC 0x20 -> Node 1
[    0.000000] SRAT: PXM 1 -> APIC 0x22 -> Node 1
[    0.000000] SRAT: PXM 1 -> APIC 0x24 -> Node 1
[    0.000000] SRAT: PXM 1 -> APIC 0x26 -> Node 1
[    0.000000] SRAT: PXM 1 -> APIC 0x28 -> Node 1
[    0.000000] SRAT: PXM 1 -> APIC 0x30 -> Node 1
[    0.000000] SRAT: PXM 1 -> APIC 0x32 -> Node 1
[    0.000000] SRAT: PXM 1 -> APIC 0x34 -> Node 1
[    0.000000] SRAT: PXM 1 -> APIC 0x36 -> Node 1
[    0.000000] SRAT: PXM 1 -> APIC 0x38 -> Node 1
[    0.000000] SRAT: PXM 0 -> APIC 0x01 -> Node 0
[    0.000000] SRAT: PXM 0 -> APIC 0x03 -> Node 0
[    0.000000] SRAT: PXM 0 -> APIC 0x05 -> Node 0
[    0.000000] SRAT: PXM 0 -> APIC 0x07 -> Node 0
[    0.000000] SRAT: PXM 0 -> APIC 0x09 -> Node 0
[    0.000000] SRAT: PXM 0 -> APIC 0x11 -> Node 0
[    0.000000] SRAT: PXM 0 -> APIC 0x13 -> Node 0
[    0.000000] SRAT: PXM 0 -> APIC 0x15 -> Node 0
[    0.000000] SRAT: PXM 0 -> APIC 0x17 -> Node 0
[    0.000000] SRAT: PXM 0 -> APIC 0x19 -> Node 0
[    0.000000] SRAT: PXM 1 -> APIC 0x21 -> Node 1
[    0.000000] SRAT: PXM 1 -> APIC 0x23 -> Node 1
[    0.000000] SRAT: PXM 1 -> APIC 0x25 -> Node 1
[    0.000000] SRAT: PXM 1 -> APIC 0x27 -> Node 1
[    0.000000] SRAT: PXM 1 -> APIC 0x29 -> Node 1
[    0.000000] SRAT: PXM 1 -> APIC 0x31 -> Node 1
[    0.000000] SRAT: PXM 1 -> APIC 0x33 -> Node 1
[    0.000000] SRAT: PXM 1 -> APIC 0x35 -> Node 1
[    0.000000] SRAT: PXM 1 -> APIC 0x37 -> Node 1
[    0.000000] SRAT: PXM 1 -> APIC 0x39 -> Node 1
[    0.000000] acpi: SRAT: Node 0 PXM 0 [mem 0x00000000-0x7fffffff]
[    0.000000] acpi: SRAT: Node 0 PXM 0 [mem 0x100000000-0x107fffffff]
[    0.000000] acpi: SRAT: Node 0 PXM 0 [mem 0x1080000000-0x147fffffff]
[    0.000000] acpi: SRAT: Node 1 PXM 1 [mem 0x1480000000-0x247fffffff]
[    0.000000] acpi: SRAT: Node 1 PXM 1 [mem 0x2480000000-0x287fffffff]
[    0.000000] NUMA: Initialized distance table, cnt=2
[    0.000000] NUMA: Node 0 [mem 0x00000000-0x7fffffff] + [mem 0x100000000-0x107fffffff] -> [mem 0x00000000-0x107fffffff]
[    0.000000] NUMA: Node 0 [mem 0x00000000-0x107fffffff] + [mem 0x1080000000-0x147fffffff] -> [mem 0x00000000-0x147fffffff]
[    0.000000] NUMA: Node 1 [mem 0x1480000000-0x247fffffff] + [mem 0x2480000000-0x287fffffff] -> [mem 0x1480000000-0x287fffffff]
[    0.000000] NODE_DATA(0) allocated [mem 0x147fffc000-0x147fffffff]
[    0.000000] NODE_DATA(1) allocated [mem 0x287fff9000-0x287fffcfff]
[    0.000000] setup: Reserving 128MB of memory at 768MB for crashkernel (System RAM: 163729MB)
[    0.000000] tsc: Fast TSC calibration using PIT
[    0.000000] page_alloc: Zone ranges:
[    0.000000] page_alloc:   DMA      [mem 0x0000000000001000-0x0000000000ffffff]
[    0.000000] page_alloc:   DMA32    [mem 0x0000000001000000-0x00000000ffffffff]
[    0.000000] page_alloc:   Normal   [mem 0x0000000100000000-0x000000287fffffff]
[    0.000000] page_alloc: Movable zone start for each node
[    0.000000] page_alloc: Early memory node ranges
[    0.000000] page_alloc:   node   0: [mem 0x0000000000001000-0x0000000000098fff]
[    0.000000] page_alloc:   node   0: [mem 0x0000000000100000-0x00000000791d3fff]
[    0.000000] page_alloc:   node   0: [mem 0x0000000100000000-0x000000147fffffff]
[    0.000000] page_alloc:   node   1: [mem 0x0000001480000000-0x000000287fffffff]
[    0.000000] page_alloc: Initmem setup node 0 [mem 0x0000000000001000-0x000000147fffffff]
[    0.000000] On node 0 totalpages: 20943212
[    0.000000]   DMA zone: 144 pages used for memmap
[    0.000000]   DMA zone: 42 pages reserved
[    0.000000]   DMA zone: 3992 pages, LIFO batch:0
[    0.000000]   DMA32 zone: 17297 pages used for memmap
[    0.000000]   DMA32 zone: 491988 pages, LIFO batch:31
[    0.000000]   Normal zone: 718848 pages used for memmap
[    0.000000]   Normal zone: 20447232 pages, LIFO batch:31
[    0.000000] page_alloc: Initmem setup node 1 [mem 0x0000001480000000-0x000000287fffffff]
[    0.000000] On node 1 totalpages: 20971520
[    0.000000]   Normal zone: 737280 pages used for memmap
[    0.000000]   Normal zone: 20971520 pages, LIFO batch:31
[    0.000000] page_alloc: Reserved but unavailable: 104 pages
[    0.000000] ACPI: PM-Timer IO Port: 0x408
[    0.000000] ACPI: Local APIC address 0xfee00000
[    0.000000] tables: LAPIC_NMI (acpi_id[0x00] high edge lint[0x1])
[    0.000000] tables: LAPIC_NMI (acpi_id[0x02] high edge lint[0x1])
[    0.000000] tables: LAPIC_NMI (acpi_id[0x04] high edge lint[0x1])
[    0.000000] tables: LAPIC_NMI (acpi_id[0x06] high edge lint[0x1])
[    0.000000] tables: LAPIC_NMI (acpi_id[0x08] high edge lint[0x1])
[    0.000000] tables: LAPIC_NMI (acpi_id[0x10] high edge lint[0x1])
[    0.000000] tables: LAPIC_NMI (acpi_id[0x12] high edge lint[0x1])
[    0.000000] tables: LAPIC_NMI (acpi_id[0x14] high edge lint[0x1])
[    0.000000] tables: LAPIC_NMI (acpi_id[0x16] high edge lint[0x1])
[    0.000000] tables: LAPIC_NMI (acpi_id[0x18] high edge lint[0x1])
[    0.000000] tables: LAPIC_NMI (acpi_id[0x20] high edge lint[0x1])
[    0.000000] tables: LAPIC_NMI (acpi_id[0x22] high edge lint[0x1])
[    0.000000] tables: LAPIC_NMI (acpi_id[0x24] high edge lint[0x1])
[    0.000000] tables: LAPIC_NMI (acpi_id[0x26] high edge lint[0x1])
[    0.000000] tables: LAPIC_NMI (acpi_id[0x28] high edge lint[0x1])
[    0.000000] tables: LAPIC_NMI (acpi_id[0x30] high edge lint[0x1])
[    0.000000] tables: LAPIC_NMI (acpi_id[0x32] high edge lint[0x1])
[    0.000000] tables: LAPIC_NMI (acpi_id[0x34] high edge lint[0x1])
[    0.000000] tables: LAPIC_NMI (acpi_id[0x36] high edge lint[0x1])
[    0.000000] tables: LAPIC_NMI (acpi_id[0x38] high edge lint[0x1])
[    0.000000] tables: LAPIC_NMI (acpi_id[0x01] high edge lint[0x1])
[    0.000000] tables: LAPIC_NMI (acpi_id[0x03] high edge lint[0x1])
[    0.000000] tables: LAPIC_NMI (acpi_id[0x05] high edge lint[0x1])
[    0.000000] tables: LAPIC_NMI (acpi_id[0x07] high edge lint[0x1])
[    0.000000] tables: LAPIC_NMI (acpi_id[0x09] high edge lint[0x1])
[    0.000000] tables: LAPIC_NMI (acpi_id[0x11] high edge lint[0x1])
[    0.000000] tables: LAPIC_NMI (acpi_id[0x13] high edge lint[0x1])
[    0.000000] tables: LAPIC_NMI (acpi_id[0x15] high edge lint[0x1])
[    0.000000] tables: LAPIC_NMI (acpi_id[0x17] high edge lint[0x1])
[    0.000000] tables: LAPIC_NMI (acpi_id[0x19] high edge lint[0x1])
[    0.000000] tables: LAPIC_NMI (acpi_id[0x21] high edge lint[0x1])
[    0.000000] tables: LAPIC_NMI (acpi_id[0x23] high edge lint[0x1])
[    0.000000] tables: LAPIC_NMI (acpi_id[0x25] high edge lint[0x1])
[    0.000000] tables: LAPIC_NMI (acpi_id[0x27] high edge lint[0x1])
[    0.000000] tables: LAPIC_NMI (acpi_id[0x29] high edge lint[0x1])
[    0.000000] tables: LAPIC_NMI (acpi_id[0x31] high edge lint[0x1])
[    0.000000] tables: LAPIC_NMI (acpi_id[0x33] high edge lint[0x1])
[    0.000000] tables: LAPIC_NMI (acpi_id[0x35] high edge lint[0x1])
[    0.000000] tables: LAPIC_NMI (acpi_id[0x37] high edge lint[0x1])
[    0.000000] tables: LAPIC_NMI (acpi_id[0x39] high edge lint[0x1])
[    0.000000] io_apic: IOAPIC[0]: apic_id 1, version 32, address 0xfec00000, GSI 0-23
[    0.000000] io_apic: IOAPIC[1]: apic_id 2, version 32, address 0xfec01000, GSI 24-47
[    0.000000] io_apic: IOAPIC[2]: apic_id 3, version 32, address 0xfec40000, GSI 48-71
[    0.000000] tables: INT_SRC_OVR (bus 0 bus_irq 0 global_irq 2 dfl dfl)
[    0.000000] tables: INT_SRC_OVR (bus 0 bus_irq 9 global_irq 9 high level)
[    0.000000] ACPI: IRQ0 used by override.
[    0.000000] ACPI: IRQ9 used by override.
[    0.000000] Using ACPI (MADT) for SMP configuration information
[    0.000000] ACPI: HPET id: 0x8086a701 base: 0xfed00000
[    0.000000] smpboot: Allowing 40 CPUs, 0 hotplug CPUs
[    0.000000] snapshot: Registered nosave memory: [mem 0x00000000-0x00000fff]
[    0.000000] snapshot: Registered nosave memory: [mem 0x00099000-0x00099fff]
[    0.000000] snapshot: Registered nosave memory: [mem 0x0009a000-0x0009ffff]
[    0.000000] snapshot: Registered nosave memory: [mem 0x000a0000-0x000dffff]
[    0.000000] snapshot: Registered nosave memory: [mem 0x000e0000-0x000fffff]
[    0.000000] snapshot: Registered nosave memory: [mem 0x791d4000-0x799cdfff]
[    0.000000] snapshot: Registered nosave memory: [mem 0x799ce000-0x79a32fff]
[    0.000000] snapshot: Registered nosave memory: [mem 0x79a33000-0x79fa1fff]
[    0.000000] snapshot: Registered nosave memory: [mem 0x79fa2000-0x8fffffff]
[    0.000000] snapshot: Registered nosave memory: [mem 0x90000000-0xfed1bfff]
[    0.000000] snapshot: Registered nosave memory: [mem 0xfed1c000-0xfed44fff]
[    0.000000] snapshot: Registered nosave memory: [mem 0xfed45000-0xfeffffff]
[    0.000000] snapshot: Registered nosave memory: [mem 0xff000000-0xffffffff]
[    0.000000] e820: e820: [mem 0x90000000-0xfed1bfff] available for PCI devices
[    0.000000] Booting paravirtualized kernel on bare hardware
[    0.000000] clocksource: refined-jiffies: mask: 0xffffffff max_cycles: 0xffffffff, max_idle_ns: 7645519600211568 ns
[    0.000000] setup_percpu: NR_CPUS:256 nr_cpumask_bits:256 nr_cpu_ids:40 nr_node_ids:2
[    0.000000] percpu: Embedded 45 pages/cpu @        (ptrval) s145496 r8192 d30632 u262144
[    0.000000] pcpu-alloc: s145496 r8192 d30632 u262144 alloc=1*2097152
[    0.000000] pcpu-alloc: [0] 00 01 02 03 04 05 06 07 [0] 08 09 20 21 22 23 24 25 
[    0.000000] pcpu-alloc: [0] 26 27 28 29 -- -- -- -- [1] 10 11 12 13 14 15 16 17 
[    0.000000] pcpu-alloc: [1] 18 19 30 31 32 33 34 35 [1] 36 37 38 39 -- -- -- -- 
[    0.000000] page_alloc: Built 2 zonelists, mobility grouping on.  Total pages: 40441121
[    0.000000] page_alloc: Policy zone: Normal
[    0.000000] main: Kernel command line: BOOT_IMAGE=/boot/vmlinuz-4.17.0 root=UUID=4910fb56-38cb-41ae-82bf-3efa1d8a45a0 ro console=ttyS0,115200 crashkernel=384M-:128M
[    0.000000] printk: log_buf_len individual max cpu contribution: 4096 bytes
[    0.000000] printk: log_buf_len total cpu_extra contributions: 159744 bytes
[    0.000000] printk: log_buf_len min size: 262144 bytes
[    0.000000] printk: log_buf_len: 524288 bytes
[    0.000000] printk: early log buf free: 244828(93%)
[    0.000000] Calgary: detecting Calgary via BIOS EBDA area
[    0.000000] Calgary: Unable to locate Rio Grande table in EBDA - bailing!
[    0.000000] page_alloc: Memory: 161224960K/167658928K available (14348K kernel code, 1801K rwdata, 4280K rodata, 1816K init, 132104K bss, 6433968K reserved, 0K cma-reserved)
[    0.000000] slub: SLUB: HWalign=64, Order=0-3, MinObjects=0, CPUs=40, Nodes=2
[    0.000000] Kernel/User page tables isolation: enabled
[    0.000000] libftrace: ftrace: allocating 42155 entries in 165 pages
[    0.000000] trace: 
[    0.000000] trace: **********************************************************
[    0.000000] trace: **   NOTICE NOTICE NOTICE NOTICE NOTICE NOTICE NOTICE   **
[    0.000000] trace: **                                                      **
[    0.000000] trace: ** trace_printk() being used. Allocating extra memory.  **
[    0.000000] trace: **                                                      **
[    0.000000] trace: ** This means that this is a DEBUG kernel and it is     **
[    0.000000] trace: ** unsafe for production use.                           **
[    0.000000] trace: **                                                      **
[    0.000000] trace: ** If you see this message and you are not debugging    **
[    0.000000] trace: ** the kernel, report this immediately to your vendor!  **
[    0.000000] trace: **                                                      **
[    0.000000] trace: **   NOTICE NOTICE NOTICE NOTICE NOTICE NOTICE NOTICE   **
[    0.000000] trace: **********************************************************
[    0.000000] tree: Hierarchical RCU implementation.
[    0.000000] tree: 	RCU restricting CPUs from NR_CPUS=256 to nr_cpu_ids=40.
[    0.000000] tree: RCU: Adjusting geometry for rcu_fanout_leaf=16, nr_cpu_ids=40
[    0.000000] NR_IRQS: 16640, nr_irqs: 1560, preallocated irqs: 16
[    0.000000] tree: 	Offload RCU callbacks from CPUs: (none).
[    0.000000] vt: Console: colour VGA+ 80x25
[    0.000000] printk: console [ttyS0] enabled
[    0.000000] mempolicy: Enabling automatic NUMA balancing. Configure with numa_balancing= or the kernel.numa_balancing sysctl
[    0.000000] ACPI: Core revision 20180313
[    0.000000] clocksource: hpet: mask: 0xffffffff max_cycles: 0xffffffff, max_idle_ns: 133484882848 ns
[    0.000000] hpet clockevent registered
[    0.000000] apic: APIC: Switch to symmetric I/O mode setup
[    0.004000] dmar: Host address width 46
[    0.008000] dmar: DRHD base: 0x000000fbffc000 flags: 0x0
[    0.012000] dmar: dmar0: reg_base_addr fbffc000 ver 1:0 cap d2078c106f0466 ecap f020de
[    0.016000] dmar: DRHD base: 0x000000c7ffc000 flags: 0x1
[    0.020000] dmar: dmar1: reg_base_addr c7ffc000 ver 1:0 cap d2078c106f0466 ecap f020de
[    0.024000] dmar: RMRR base: 0x0000007bb4c000 end: 0x0000007bb5cfff
[    0.028000] dmar: ATSR flags: 0x0
[    0.032000] dmar: RHSA base: 0x000000c7ffc000 proximity domain: 0x0
[    0.036000] dmar: RHSA base: 0x000000fbffc000 proximity domain: 0x1
[    0.040000] intel_irq_remapping: IOAPIC id 3 under DRHD base  0xfbffc000 IOMMU 0
[    0.044000] intel_irq_remapping: IOAPIC id 1 under DRHD base  0xc7ffc000 IOMMU 1
[    0.048000] intel_irq_remapping: IOAPIC id 2 under DRHD base  0xc7ffc000 IOMMU 1
[    0.052000] intel_irq_remapping: HPET id 0 under DRHD base 0xc7ffc000
[    0.056000] intel_irq_remapping: x2apic is disabled because BIOS sets x2apic opt out bit.
[    0.056000] intel_irq_remapping: Use 'intremap=no_x2apic_optout' to override the BIOS setting.
[    0.064000] intel_irq_remapping: Enabled IRQ remapping in xapic mode
[    0.064000] apic: x2apic: IRQ remapping doesn't support X2APIC mode
[    0.068000] probe_64: Switched APIC routing to physical flat.
[    0.072000] ..TIMER: vector=0x30 apic1=0 pin1=2 apic2=-1 pin2=-1
[    0.092000] tsc: Fast TSC calibration using PIT
[    0.096000] tsc: Detected 2593.716 MHz processor
[    0.100000] clocksource: tsc-early: mask: 0xffffffffffffffff max_cycles: 0x25630c0d15f, max_idle_ns: 440795338707 ns
[    0.104001] calibrate: Calibrating delay loop (skipped), value calculated using timer frequency.. 5187.43 BogoMIPS (lpj=10374864)
[    0.108001] pid: pid_max: default: 40960 minimum: 320
[    0.112073] security: Security Framework initialized
[    0.116001] yama: Yama: becoming mindful.
[    0.120036] AppArmor: AppArmor initialized
[    0.147921] page_alloc: Dentry cache hash table entries: 16777216 (order: 15, 134217728 bytes)
[    0.160658] page_alloc: Inode-cache hash table entries: 8388608 (order: 14, 67108864 bytes)
[    0.164373] page_alloc: Mount-cache hash table entries: 262144 (order: 9, 2097152 bytes)
[    0.168348] page_alloc: Mountpoint-cache hash table entries: 262144 (order: 9, 2097152 bytes)
[    0.172310] topology: CPU: Physical Processor ID: 0
[    0.176001] topology: CPU: Processor Core ID: 0
[    0.180005] intel: ENERGY_PERF_BIAS: Set to 'normal', was 'performance'
[    0.184000] intel: ENERGY_PERF_BIAS: View and update with x86_energy_perf_policy(8)
[    0.188004] mce: CPU supports 22 MCE banks
[    0.192015] therm_throt: CPU0: Thermal monitoring enabled (TM1)
[    0.196021] process: using mwait in idle threads
[    0.200002] common: Last level iTLB entries: 4KB 1024, 2MB 1024, 4MB 1024
[    0.204000] common: Last level dTLB entries: 4KB 1024, 2MB 1024, 4MB 1024, 1GB 4
[    0.208001] Spectre V2 : Vulnerable: Minimal generic ASM retpoline
[    0.212000] Speculative Store Bypass: Vulnerable
[    0.216135] page_alloc: Freeing SMP alternatives memory: 40K
[    0.224098] TSC deadline timer enabled
[    0.224105] smpboot: CPU0: Intel(R) Xeon(R) CPU E5-2660 v3 @ 2.60GHz (family: 0x6, model: 0x3f, stepping: 0x2)
[    0.228132] core: Performance Events: PEBS fmt2+, Haswell events, 16-deep LBR, full-width counters, Intel PMU driver.
[    0.232005] core: ... version:                3
[    0.236001] core: ... bit width:              48
[    0.240000] core: ... generic registers:      4
[    0.244001] core: ... value mask:             0000ffffffffffff
[    0.248000] core: ... max period:             00007fffffffffff
[    0.252000] core: ... fixed-purpose events:   3
[    0.256000] core: ... event mask:             000000070000000f
[    0.260057] srcutree: Hierarchical SRCU implementation.
[    0.268107] watchdog_hld: Enabled. Permanently consumes one hw-PMU counter.
[    0.272007] smp: Bringing up secondary CPUs ...
[    0.276172] x86: Booting SMP configuration:
[    0.280001] .... node  #0, CPUs:        #1  #2  #3  #4  #5  #6  #7  #8  #9
[    0.292002] .... node  #1, CPUs:   #10 #11 #12 #13 #14 #15 #16 #17 #18 #19
[    0.392002] .... node  #0, CPUs:   #20 #21 #22 #23 #24 #25 #26 #27 #28 #29
[    0.408004] .... node  #1, CPUs:   #30 #31 #32 #33 #34 #35 #36 #37 #38 #39
[    0.421340] smp: Brought up 2 nodes, 40 CPUs
[    0.428001] smpboot: Max logical packages: 2
[    0.432002] smpboot: Total of 40 processors activated (207530.51 BogoMIPS)
[    0.445926] devtmpfs: initialized
[    0.448063] init_64: x86/mm: Memory block size: 2048MB
[    0.452791] evm: security.selinux
[    0.456002] evm: security.SMACK64
[    0.459696] evm: security.apparmor
[    0.460000] evm: security.ima
[    0.463309] evm: security.capability
[    0.464058] acpi: PM: Registering ACPI NVS region [mem 0x79a33000-0x79fa1fff] (5697536 bytes)
[    0.468241] clocksource: jiffies: mask: 0xffffffff max_cycles: 0xffffffff, max_idle_ns: 7645041785100000 ns
[    0.472060] page_alloc: futex hash table entries: 16384 (order: 8, 1048576 bytes)
[    0.476372] xor: automatically using best checksumming function   avx       
[    0.480027] core: initialized pinctrl subsystem
[    0.484116] trace: RTC time: 19:10:11, date: 07/04/19
[    0.488635] socket: NET: Registered protocol family 16
[    0.492104] audit: initializing netlink subsys (disabled)
[    0.496023] audit: type=2000 audit(1562267409.496:1): state=initialized audit_enabled=0 res=1
[    0.504004] cpuidle: using governor ladder
[    0.508013] cpuidle: using governor menu
[    0.512050] random: random: get_random_bytes called from kcmp_cookies_init+0x16/0x38 with crng_init=0
[    0.516003] pci_acpi: ACPI FADT declares the system doesn't support PCIe ASPM, so disable it
[    0.520001] ACPI: bus type PCI registered
[    0.524002] acpiphp: ACPI Hot Plug PCI Controller Driver version: 0.5
[    0.528105] mmconfig_shared: PCI: MMCONFIG for domain 0000 [bus 00-ff] at [mem 0x80000000-0x8fffffff] (base 0x80000000)
[    0.532003] mmconfig_shared: PCI: MMCONFIG at [mem 0x80000000-0x8fffffff] reserved in E820
[    0.536012] PCI: Using configuration type 1 for base access
[    0.540035] core: PMU erratum BJ122, BV98, HSD29 worked around, HT is on
[    0.545761] hugetlb: HugeTLB registered 1.00 GiB page size, pre-allocated 0 pages
[    0.548004] hugetlb: HugeTLB registered 2.00 MiB page size, pre-allocated 0 pages
[    0.620001] raid6_pq: raid6: sse2x1   gen()  8380 MB/s
[    0.692003] raid6_pq: raid6: sse2x1   xor()  6575 MB/s
[    0.764005] raid6_pq: raid6: sse2x2   gen() 10540 MB/s
[    0.836003] raid6_pq: raid6: sse2x2   xor()  7249 MB/s
[    0.908005] raid6_pq: raid6: sse2x4   gen() 12320 MB/s
[    0.980004] raid6_pq: raid6: sse2x4   xor()  8451 MB/s
[    1.052004] raid6_pq: raid6: avx2x1   gen() 16355 MB/s
[    1.124001] raid6_pq: raid6: avx2x1   xor() 12542 MB/s
[    1.196001] raid6_pq: raid6: avx2x2   gen() 18967 MB/s
[    1.268003] raid6_pq: raid6: avx2x2   xor() 13582 MB/s
[    1.340001] raid6_pq: raid6: avx2x4   gen() 22209 MB/s
[    1.412001] raid6_pq: raid6: avx2x4   xor() 13633 MB/s
[    1.416001] raid6_pq: raid6: using algorithm avx2x4 gen() 22209 MB/s
[    1.420001] raid6_pq: raid6: .... xor() 13633 MB/s, rmw enabled
[    1.424001] raid6_pq: raid6: using avx2x2 recovery algorithm
[    1.428183] acpi: Added _OSI(Module Device)
[    1.432002] acpi: Added _OSI(Processor Device)
[    1.436001] acpi: Added _OSI(3.0 _SCP Extensions)
[    1.440001] acpi: Added _OSI(Processor Aggregator Device)
[    1.444002] acpi: Added _OSI(Linux-Dell-Video)
[    1.481150] ACPI: 4 ACPI AML tables successfully acquired and loaded
[    1.488384] acpi: [Firmware Bug]: BIOS _OSI(Linux) query ignored
[    1.500757] ACPI: Dynamic OEM Table Load:
[    1.525046] ACPI: Interpreter enabled
[    1.528013] acpi: ACPI: (supports S0 S5)
[    1.532002] ACPI: Using IOAPIC for interrupt routing
[    1.536043] apei: HEST: Table parsing has been initialized.
[    1.540003] PCI: Using host bridge windows from ACPI; if necessary, use "pci=nocrs" and report a bug
[    1.544443] ACPI: Enabled 5 GPEs in block 00 to 3F
[    1.580692] acpi: ACPI: PCI Root Bridge [UNC1] (domain 0000 [bus ff])
[    1.584005] acpi PNP0A03:02: _OSC: OS supports [ExtendedConfig ASPM ClockPM Segments MSI]
[    1.598095] acpi PNP0A03:02: _OSC: OS now controls [PCIeHotplug PME AER PCIeCapability]
[    1.608002] acpi PNP0A03:02: FADT indicates ASPM is unsupported, using BIOS configuration
[    1.616040] probe: PCI host bridge to bus 0000:ff
[    1.620003] pci_bus 0000:ff: root bus resource [bus ff]
[    1.628010] pci 0000:ff:08.0: [8086:2f80] type 00 class 0x088000
[    1.628064] pci 0000:ff:08.2: [8086:2f32] type 00 class 0x110100
[    1.628106] pci 0000:ff:08.3: [8086:2f83] type 00 class 0x088000
[    1.628153] pci 0000:ff:09.0: [8086:2f90] type 00 class 0x088000
[    1.628198] pci 0000:ff:09.2: [8086:2f33] type 00 class 0x110100
[    1.628237] pci 0000:ff:09.3: [8086:2f93] type 00 class 0x088000
[    1.628280] pci 0000:ff:0b.0: [8086:2f81] type 00 class 0x088000
[    1.628317] pci 0000:ff:0b.1: [8086:2f36] type 00 class 0x110100
[    1.628356] pci 0000:ff:0b.2: [8086:2f37] type 00 class 0x110100
[    1.628395] pci 0000:ff:0c.0: [8086:2fe0] type 00 class 0x088000
[    1.628431] pci 0000:ff:0c.1: [8086:2fe1] type 00 class 0x088000
[    1.628467] pci 0000:ff:0c.2: [8086:2fe2] type 00 class 0x088000
[    1.628505] pci 0000:ff:0c.3: [8086:2fe3] type 00 class 0x088000
[    1.628544] pci 0000:ff:0c.4: [8086:2fe4] type 00 class 0x088000
[    1.628580] pci 0000:ff:0c.5: [8086:2fe5] type 00 class 0x088000
[    1.628616] pci 0000:ff:0c.6: [8086:2fe6] type 00 class 0x088000
[    1.628654] pci 0000:ff:0c.7: [8086:2fe7] type 00 class 0x088000
[    1.628691] pci 0000:ff:0d.0: [8086:2fe8] type 00 class 0x088000
[    1.628728] pci 0000:ff:0d.1: [8086:2fe9] type 00 class 0x088000
[    1.628770] pci 0000:ff:0f.0: [8086:2ff8] type 00 class 0x088000
[    1.628806] pci 0000:ff:0f.1: [8086:2ff9] type 00 class 0x088000
[    1.628848] pci 0000:ff:0f.2: [8086:2ffa] type 00 class 0x088000
[    1.628885] pci 0000:ff:0f.3: [8086:2ffb] type 00 class 0x088000
[    1.628926] pci 0000:ff:0f.4: [8086:2ffc] type 00 class 0x088000
[    1.628966] pci 0000:ff:0f.5: [8086:2ffd] type 00 class 0x088000
[    1.629004] pci 0000:ff:0f.6: [8086:2ffe] type 00 class 0x088000
[    1.629043] pci 0000:ff:10.0: [8086:2f1d] type 00 class 0x088000
[    1.629081] pci 0000:ff:10.1: [8086:2f34] type 00 class 0x110100
[    1.629122] pci 0000:ff:10.5: [8086:2f1e] type 00 class 0x088000
[    1.629158] pci 0000:ff:10.6: [8086:2f7d] type 00 class 0x110100
[    1.629197] pci 0000:ff:10.7: [8086:2f1f] type 00 class 0x088000
[    1.629235] pci 0000:ff:12.0: [8086:2fa0] type 00 class 0x088000
[    1.629276] pci 0000:ff:12.1: [8086:2f30] type 00 class 0x110100
[    1.629321] pci 0000:ff:12.4: [8086:2f60] type 00 class 0x088000
[    1.629362] pci 0000:ff:12.5: [8086:2f38] type 00 class 0x110100
[    1.629404] pci 0000:ff:13.0: [8086:2fa8] type 00 class 0x088000
[    1.629446] pci 0000:ff:13.1: [8086:2f71] type 00 class 0x088000
[    1.629489] pci 0000:ff:13.2: [8086:2faa] type 00 class 0x088000
[    1.629535] pci 0000:ff:13.3: [8086:2fab] type 00 class 0x088000
[    1.629579] pci 0000:ff:13.6: [8086:2fae] type 00 class 0x088000
[    1.629619] pci 0000:ff:13.7: [8086:2faf] type 00 class 0x088000
[    1.629659] pci 0000:ff:14.0: [8086:2fb0] type 00 class 0x088000
[    1.629703] pci 0000:ff:14.1: [8086:2fb1] type 00 class 0x088000
[    1.629750] pci 0000:ff:14.2: [8086:2fb2] type 00 class 0x088000
[    1.629793] pci 0000:ff:14.3: [8086:2fb3] type 00 class 0x088000
[    1.629836] pci 0000:ff:14.4: [8086:2fbc] type 00 class 0x088000
[    1.629877] pci 0000:ff:14.5: [8086:2fbd] type 00 class 0x088000
[    1.629917] pci 0000:ff:14.6: [8086:2fbe] type 00 class 0x088000
[    1.629962] pci 0000:ff:14.7: [8086:2fbf] type 00 class 0x088000
[    1.630003] pci 0000:ff:16.0: [8086:2f68] type 00 class 0x088000
[    1.630047] pci 0000:ff:16.1: [8086:2f79] type 00 class 0x088000
[    1.630091] pci 0000:ff:16.2: [8086:2f6a] type 00 class 0x088000
[    1.630135] pci 0000:ff:16.3: [8086:2f6b] type 00 class 0x088000
[    1.630184] pci 0000:ff:16.6: [8086:2f6e] type 00 class 0x088000
[    1.630229] pci 0000:ff:16.7: [8086:2f6f] type 00 class 0x088000
[    1.630270] pci 0000:ff:17.0: [8086:2fd0] type 00 class 0x088000
[    1.630317] pci 0000:ff:17.1: [8086:2fd1] type 00 class 0x088000
[    1.630361] pci 0000:ff:17.2: [8086:2fd2] type 00 class 0x088000
[    1.630408] pci 0000:ff:17.3: [8086:2fd3] type 00 class 0x088000
[    1.630453] pci 0000:ff:17.4: [8086:2fb8] type 00 class 0x088000
[    1.630494] pci 0000:ff:17.5: [8086:2fb9] type 00 class 0x088000
[    1.630535] pci 0000:ff:17.6: [8086:2fba] type 00 class 0x088000
[    1.630576] pci 0000:ff:17.7: [8086:2fbb] type 00 class 0x088000
[    1.630632] pci 0000:ff:1e.0: [8086:2f98] type 00 class 0x088000
[    1.630674] pci 0000:ff:1e.1: [8086:2f99] type 00 class 0x088000
[    1.630713] pci 0000:ff:1e.2: [8086:2f9a] type 00 class 0x088000
[    1.630753] pci 0000:ff:1e.3: [8086:2fc0] type 00 class 0x088000
[    1.630782] pci 0000:ff:1e.4: [8086:2f9c] type 00 class 0x088000
[    1.630830] pci 0000:ff:1f.0: [8086:2f88] type 00 class 0x088000
[    1.630871] pci 0000:ff:1f.2: [8086:2f8a] type 00 class 0x088000
[    1.630973] acpi: ACPI: PCI Root Bridge [UNC0] (domain 0000 [bus 7f])
[    1.636003] acpi PNP0A03:03: _OSC: OS supports [ExtendedConfig ASPM ClockPM Segments MSI]
[    1.644728] acpi PNP0A03:03: _OSC: OS now controls [PCIeHotplug PME AER PCIeCapability]
[    1.656001] acpi PNP0A03:03: FADT indicates ASPM is unsupported, using BIOS configuration
[    1.664035] probe: PCI host bridge to bus 0000:7f
[    1.668002] pci_bus 0000:7f: root bus resource [bus 7f]
[    1.676008] pci 0000:7f:08.0: [8086:2f80] type 00 class 0x088000
[    1.676051] pci 0000:7f:08.2: [8086:2f32] type 00 class 0x110100
[    1.676094] pci 0000:7f:08.3: [8086:2f83] type 00 class 0x088000
[    1.676134] pci 0000:7f:09.0: [8086:2f90] type 00 class 0x088000
[    1.676171] pci 0000:7f:09.2: [8086:2f33] type 00 class 0x110100
[    1.676208] pci 0000:7f:09.3: [8086:2f93] type 00 class 0x088000
[    1.676248] pci 0000:7f:0b.0: [8086:2f81] type 00 class 0x088000
[    1.676284] pci 0000:7f:0b.1: [8086:2f36] type 00 class 0x110100
[    1.676318] pci 0000:7f:0b.2: [8086:2f37] type 00 class 0x110100
[    1.676355] pci 0000:7f:0c.0: [8086:2fe0] type 00 class 0x088000
[    1.676390] pci 0000:7f:0c.1: [8086:2fe1] type 00 class 0x088000
[    1.676423] pci 0000:7f:0c.2: [8086:2fe2] type 00 class 0x088000
[    1.676460] pci 0000:7f:0c.3: [8086:2fe3] type 00 class 0x088000
[    1.676495] pci 0000:7f:0c.4: [8086:2fe4] type 00 class 0x088000
[    1.676528] pci 0000:7f:0c.5: [8086:2fe5] type 00 class 0x088000
[    1.676561] pci 0000:7f:0c.6: [8086:2fe6] type 00 class 0x088000
[    1.676594] pci 0000:7f:0c.7: [8086:2fe7] type 00 class 0x088000
[    1.676630] pci 0000:7f:0d.0: [8086:2fe8] type 00 class 0x088000
[    1.676667] pci 0000:7f:0d.1: [8086:2fe9] type 00 class 0x088000
[    1.676704] pci 0000:7f:0f.0: [8086:2ff8] type 00 class 0x088000
[    1.676737] pci 0000:7f:0f.1: [8086:2ff9] type 00 class 0x088000
[    1.676772] pci 0000:7f:0f.2: [8086:2ffa] type 00 class 0x088000
[    1.676809] pci 0000:7f:0f.3: [8086:2ffb] type 00 class 0x088000
[    1.676844] pci 0000:7f:0f.4: [8086:2ffc] type 00 class 0x088000
[    1.676879] pci 0000:7f:0f.5: [8086:2ffd] type 00 class 0x088000
[    1.676913] pci 0000:7f:0f.6: [8086:2ffe] type 00 class 0x088000
[    1.676949] pci 0000:7f:10.0: [8086:2f1d] type 00 class 0x088000
[    1.676986] pci 0000:7f:10.1: [8086:2f34] type 00 class 0x110100
[    1.677022] pci 0000:7f:10.5: [8086:2f1e] type 00 class 0x088000
[    1.677055] pci 0000:7f:10.6: [8086:2f7d] type 00 class 0x110100
[    1.677088] pci 0000:7f:10.7: [8086:2f1f] type 00 class 0x088000
[    1.677126] pci 0000:7f:12.0: [8086:2fa0] type 00 class 0x088000
[    1.677172] pci 0000:7f:12.1: [8086:2f30] type 00 class 0x110100
[    1.677209] pci 0000:7f:12.4: [8086:2f60] type 00 class 0x088000
[    1.677248] pci 0000:7f:12.5: [8086:2f38] type 00 class 0x110100
[    1.677286] pci 0000:7f:13.0: [8086:2fa8] type 00 class 0x088000
[    1.677326] pci 0000:7f:13.1: [8086:2f71] type 00 class 0x088000
[    1.677368] pci 0000:7f:13.2: [8086:2faa] type 00 class 0x088000
[    1.677407] pci 0000:7f:13.3: [8086:2fab] type 00 class 0x088000
[    1.677448] pci 0000:7f:13.6: [8086:2fae] type 00 class 0x088000
[    1.677485] pci 0000:7f:13.7: [8086:2faf] type 00 class 0x088000
[    1.677522] pci 0000:7f:14.0: [8086:2fb0] type 00 class 0x088000
[    1.677566] pci 0000:7f:14.1: [8086:2fb1] type 00 class 0x088000
[    1.677609] pci 0000:7f:14.2: [8086:2fb2] type 00 class 0x088000
[    1.677649] pci 0000:7f:14.3: [8086:2fb3] type 00 class 0x088000
[    1.677688] pci 0000:7f:14.4: [8086:2fbc] type 00 class 0x088000
[    1.677724] pci 0000:7f:14.5: [8086:2fbd] type 00 class 0x088000
[    1.677764] pci 0000:7f:14.6: [8086:2fbe] type 00 class 0x088000
[    1.677802] pci 0000:7f:14.7: [8086:2fbf] type 00 class 0x088000
[    1.677840] pci 0000:7f:16.0: [8086:2f68] type 00 class 0x088000
[    1.677882] pci 0000:7f:16.1: [8086:2f79] type 00 class 0x088000
[    1.677923] pci 0000:7f:16.2: [8086:2f6a] type 00 class 0x088000
[    1.677967] pci 0000:7f:16.3: [8086:2f6b] type 00 class 0x088000
[    1.678009] pci 0000:7f:16.6: [8086:2f6e] type 00 class 0x088000
[    1.678047] pci 0000:7f:16.7: [8086:2f6f] type 00 class 0x088000
[    1.678085] pci 0000:7f:17.0: [8086:2fd0] type 00 class 0x088000
[    1.678126] pci 0000:7f:17.1: [8086:2fd1] type 00 class 0x088000
[    1.678170] pci 0000:7f:17.2: [8086:2fd2] type 00 class 0x088000
[    1.678213] pci 0000:7f:17.3: [8086:2fd3] type 00 class 0x088000
[    1.678253] pci 0000:7f:17.4: [8086:2fb8] type 00 class 0x088000
[    1.678291] pci 0000:7f:17.5: [8086:2fb9] type 00 class 0x088000
[    1.678329] pci 0000:7f:17.6: [8086:2fba] type 00 class 0x088000
[    1.678370] pci 0000:7f:17.7: [8086:2fbb] type 00 class 0x088000
[    1.678413] pci 0000:7f:1e.0: [8086:2f98] type 00 class 0x088000
[    1.678449] pci 0000:7f:1e.1: [8086:2f99] type 00 class 0x088000
[    1.678486] pci 0000:7f:1e.2: [8086:2f9a] type 00 class 0x088000
[    1.678525] pci 0000:7f:1e.3: [8086:2fc0] type 00 class 0x088000
[    1.678555] pci 0000:7f:1e.4: [8086:2f9c] type 00 class 0x088000
[    1.678597] pci 0000:7f:1f.0: [8086:2f88] type 00 class 0x088000
[    1.678637] pci 0000:7f:1f.2: [8086:2f8a] type 00 class 0x088000
[    1.687181] acpi: ACPI: PCI Root Bridge [PCI0] (domain 0000 [bus 00-7e])
[    1.696004] acpi PNP0A08:00: _OSC: OS supports [ExtendedConfig ASPM ClockPM Segments MSI]
[    1.704522] acpi PNP0A08:00: _OSC: OS now controls [PCIeHotplug PME AER PCIeCapability]
[    1.712001] acpi PNP0A08:00: FADT indicates ASPM is unsupported, using BIOS configuration
[    1.720278] probe: PCI host bridge to bus 0000:00
[    1.728003] pci_bus 0000:00: root bus resource [io  0x0000-0x0cf7 window]
[    1.736001] pci_bus 0000:00: root bus resource [io  0x1000-0x7fff window]
[    1.744001] pci_bus 0000:00: root bus resource [mem 0x000a0000-0x000bffff window]
[    1.752001] pci_bus 0000:00: root bus resource [mem 0x90000000-0xc7ffbfff window]
[    1.760001] pci_bus 0000:00: root bus resource [mem 0x38000000000-0x3bfffffffff window]
[    1.768001] pci_bus 0000:00: root bus resource [bus 00-7e]
[    1.776007] pci 0000:00:00.0: [8086:2f00] type 00 class 0x060000
[    1.776135] pci 0000:00:01.0: [8086:2f02] type 01 class 0x060400
[    1.776180] pci 0000:00:01.0: PME# supported from D0 D3hot D3cold
[    1.776274] pci 0000:00:01.1: [8086:2f03] type 01 class 0x060400
[    1.776317] pci 0000:00:01.1: PME# supported from D0 D3hot D3cold
[    1.776411] pci 0000:00:02.0: [8086:2f04] type 01 class 0x060400
[    1.776454] pci 0000:00:02.0: PME# supported from D0 D3hot D3cold
[    1.776548] pci 0000:00:02.2: [8086:2f06] type 01 class 0x060400
[    1.776590] pci 0000:00:02.2: PME# supported from D0 D3hot D3cold
[    1.776684] pci 0000:00:03.0: [8086:2f08] type 01 class 0x060400
[    1.776727] pci 0000:00:03.0: PME# supported from D0 D3hot D3cold
[    1.776818] pci 0000:00:05.0: [8086:2f28] type 00 class 0x088000
[    1.776926] pci 0000:00:05.1: [8086:2f29] type 00 class 0x088000
[    1.777044] pci 0000:00:05.2: [8086:2f2a] type 00 class 0x088000
[    1.777148] pci 0000:00:05.4: [8086:2f2c] type 00 class 0x080020
[    1.777157] pci 0000:00:05.4: reg 0x10: [mem 0xc7005000-0xc7005fff]
[    1.777277] pci 0000:00:11.0: [8086:8d7c] type 00 class 0xff0000
[    1.777464] pci 0000:00:11.4: [8086:8d62] type 00 class 0x010601
[    1.777481] pci 0000:00:11.4: reg 0x10: [io  0x7110-0x7117]
[    1.777488] pci 0000:00:11.4: reg 0x14: [io  0x7100-0x7103]
[    1.777496] pci 0000:00:11.4: reg 0x18: [io  0x70f0-0x70f7]
[    1.777503] pci 0000:00:11.4: reg 0x1c: [io  0x70e0-0x70e3]
[    1.777510] pci 0000:00:11.4: reg 0x20: [io  0x7020-0x703f]
[    1.777517] pci 0000:00:11.4: reg 0x24: [mem 0xc7004000-0xc70047ff]
[    1.777554] pci 0000:00:11.4: PME# supported from D3hot
[    1.777655] pci 0000:00:16.0: [8086:8d3a] type 00 class 0x078000
[    1.777673] pci 0000:00:16.0: reg 0x10: [mem 0x3bffff13000-0x3bffff1300f 64bit]
[    1.777728] pci 0000:00:16.0: PME# supported from D0 D3hot D3cold
[    1.777814] pci 0000:00:16.1: [8086:8d3b] type 00 class 0x078000
[    1.777832] pci 0000:00:16.1: reg 0x10: [mem 0x3bffff12000-0x3bffff1200f 64bit]
[    1.777887] pci 0000:00:16.1: PME# supported from D0 D3hot D3cold
[    1.777987] pci 0000:00:1a.0: [8086:8d2d] type 00 class 0x0c0320
[    1.778006] pci 0000:00:1a.0: reg 0x10: [mem 0xc7002000-0xc70023ff]
[    1.778081] pci 0000:00:1a.0: PME# supported from D0 D3hot D3cold
[    1.778172] pci 0000:00:1c.0: [8086:8d10] type 01 class 0x060400
[    1.778237] pci 0000:00:1c.0: PME# supported from D0 D3hot D3cold
[    1.778335] pci 0000:00:1c.3: [8086:8d16] type 01 class 0x060400
[    1.778400] pci 0000:00:1c.3: PME# supported from D0 D3hot D3cold
[    1.778501] pci 0000:00:1d.0: [8086:8d26] type 00 class 0x0c0320
[    1.778520] pci 0000:00:1d.0: reg 0x10: [mem 0xc7001000-0xc70013ff]
[    1.778595] pci 0000:00:1d.0: PME# supported from D0 D3hot D3cold
[    1.778687] pci 0000:00:1f.0: [8086:8d44] type 00 class 0x060100
[    1.778868] pci 0000:00:1f.2: [8086:8d02] type 00 class 0x010601
[    1.778882] pci 0000:00:1f.2: reg 0x10: [io  0x7070-0x7077]
[    1.778888] pci 0000:00:1f.2: reg 0x14: [io  0x7060-0x7063]
[    1.778894] pci 0000:00:1f.2: reg 0x18: [io  0x7050-0x7057]
[    1.778900] pci 0000:00:1f.2: reg 0x1c: [io  0x7040-0x7043]
[    1.778906] pci 0000:00:1f.2: reg 0x20: [io  0x7000-0x701f]
[    1.778912] pci 0000:00:1f.2: reg 0x24: [mem 0xc7000000-0xc70007ff]
[    1.778943] pci 0000:00:1f.2: PME# supported from D3hot
[    1.779163] acpiphp: Slot [0] registered
[    1.780034] pci 0000:01:00.0: [8086:1521] type 00 class 0x020000
[    1.780051] pci 0000:01:00.0: reg 0x10: [mem 0xc6a00000-0xc6afffff]
[    1.780062] pci 0000:01:00.0: reg 0x18: [io  0x6020-0x603f]
[    1.780068] pci 0000:01:00.0: reg 0x1c: [mem 0xc6c04000-0xc6c07fff]
[    1.780085] pci 0000:01:00.0: reg 0x30: [mem 0xc6b80000-0xc6bfffff pref]
[    1.780139] pci 0000:01:00.0: PME# supported from D0 D3hot D3cold
[    1.780162] pci 0000:01:00.0: reg 0x184: [mem 0x3bfffe60000-0x3bfffe63fff 64bit pref]
[    1.780163] pci 0000:01:00.0: VF(n) BAR0 space: [mem 0x3bfffe60000-0x3bfffe7ffff 64bit pref] (contains BAR0 for 8 VFs)
[    1.792013] pci 0000:01:00.0: reg 0x190: [mem 0x3bfffe40000-0x3bfffe43fff 64bit pref]
[    1.792014] pci 0000:01:00.0: VF(n) BAR3 space: [mem 0x3bfffe40000-0x3bfffe5ffff 64bit pref] (contains BAR3 for 8 VFs)
[    1.804086] pci 0000:01:00.1: [8086:1521] type 00 class 0x020000
[    1.804102] pci 0000:01:00.1: reg 0x10: [mem 0xc6900000-0xc69fffff]
[    1.804114] pci 0000:01:00.1: reg 0x18: [io  0x6000-0x601f]
[    1.804120] pci 0000:01:00.1: reg 0x1c: [mem 0xc6c00000-0xc6c03fff]
[    1.804137] pci 0000:01:00.1: reg 0x30: [mem 0xc6b00000-0xc6b7ffff pref]
[    1.804188] pci 0000:01:00.1: PME# supported from D0 D3hot D3cold
[    1.804207] pci 0000:01:00.1: reg 0x184: [mem 0x3bfffe20000-0x3bfffe23fff 64bit pref]
[    1.804209] pci 0000:01:00.1: VF(n) BAR0 space: [mem 0x3bfffe20000-0x3bfffe3ffff 64bit pref] (contains BAR0 for 8 VFs)
[    1.816013] pci 0000:01:00.1: reg 0x190: [mem 0x3bfffe00000-0x3bfffe03fff 64bit pref]
[    1.816014] pci 0000:01:00.1: VF(n) BAR3 space: [mem 0x3bfffe00000-0x3bfffe1ffff 64bit pref] (contains BAR3 for 8 VFs)
[    1.828095] pci 0000:00:01.0: PCI bridge to [bus 01-02]
[    1.836002] pci 0000:00:01.0:   bridge window [io  0x6000-0x6fff]
[    1.836004] pci 0000:00:01.0:   bridge window [mem 0xc6900000-0xc6cfffff]
[    1.836007] pci 0000:00:01.0:   bridge window [mem 0x3bfffe00000-0x3bfffefffff 64bit pref]
[    1.836142] pci 0000:00:01.1: PCI bridge to [bus 03]
[    1.840135] pci 0000:00:02.0: PCI bridge to [bus 04]
[    1.848138] pci 0000:05:00.0: [1000:0090] type 00 class 0x010700
[    1.848148] pci 0000:05:00.0: reg 0x10: [io  0x5000-0x50ff]
[    1.848155] pci 0000:05:00.0: reg 0x14: [mem 0xc6e40000-0xc6e4ffff 64bit]
[    1.848161] pci 0000:05:00.0: reg 0x1c: [mem 0xc6e00000-0xc6e3ffff 64bit]
[    1.848169] pci 0000:05:00.0: reg 0x30: [mem 0xc6d00000-0xc6dfffff pref]
[    1.848173] pci 0000:05:00.0: enabling Extended Tags
[    1.852075] pci 0000:05:00.0: supports D1 D2
[    1.852137] pci 0000:00:02.2: PCI bridge to [bus 05]
[    1.860002] pci 0000:00:02.2:   bridge window [io  0x5000-0x5fff]
[    1.860004] pci 0000:00:02.2:   bridge window [mem 0xc6d00000-0xc6efffff]
[    1.860148] pci 0000:06:00.0: [8086:10fb] type 00 class 0x020000
[    1.860161] pci 0000:06:00.0: reg 0x10: [mem 0xc7900000-0xc79fffff pref]
[    1.860170] pci 0000:06:00.0: reg 0x18: [io  0x4020-0x403f]
[    1.860175] pci 0000:06:00.0: reg 0x1c: [mem 0xc7e04000-0xc7e07fff pref]
[    1.860187] pci 0000:06:00.0: reg 0x30: [mem 0xc6f80000-0xc6ffffff pref]
[    1.860223] pci 0000:06:00.0: PME# supported from D0 D3hot
[    1.860241] pci 0000:06:00.0: reg 0x184: [mem 0xc7d00000-0xc7d03fff 64bit pref]
[    1.860242] pci 0000:06:00.0: VF(n) BAR0 space: [mem 0xc7d00000-0xc7dfffff 64bit pref] (contains BAR0 for 64 VFs)
[    1.872010] pci 0000:06:00.0: reg 0x190: [mem 0xc7c00000-0xc7c03fff 64bit pref]
[    1.872011] pci 0000:06:00.0: VF(n) BAR3 space: [mem 0xc7c00000-0xc7cfffff 64bit pref] (contains BAR3 for 64 VFs)
[    1.880134] pci 0000:06:00.1: [8086:10fb] type 00 class 0x020000
[    1.880146] pci 0000:06:00.1: reg 0x10: [mem 0xc7800000-0xc78fffff pref]
[    1.880155] pci 0000:06:00.1: reg 0x18: [io  0x4000-0x401f]
[    1.880160] pci 0000:06:00.1: reg 0x1c: [mem 0xc7e00000-0xc7e03fff pref]
[    1.880173] pci 0000:06:00.1: reg 0x30: [mem 0xc6f00000-0xc6f7ffff pref]
[    1.880208] pci 0000:06:00.1: PME# supported from D0 D3hot
[    1.880222] pci 0000:06:00.1: reg 0x184: [mem 0xc7b00000-0xc7b03fff 64bit pref]
[    1.880223] pci 0000:06:00.1: VF(n) BAR0 space: [mem 0xc7b00000-0xc7bfffff 64bit pref] (contains BAR0 for 64 VFs)
[    1.892009] pci 0000:06:00.1: reg 0x190: [mem 0xc7a00000-0xc7a03fff 64bit pref]
[    1.892010] pci 0000:06:00.1: VF(n) BAR3 space: [mem 0xc7a00000-0xc7afffff 64bit pref] (contains BAR3 for 64 VFs)
[    1.904129] pci 0000:00:03.0: PCI bridge to [bus 06-07]
[    1.912002] pci 0000:00:03.0:   bridge window [io  0x4000-0x4fff]
[    1.912004] pci 0000:00:03.0:   bridge window [mem 0xc6f00000-0xc6ffffff]
[    1.912006] pci 0000:00:03.0:   bridge window [mem 0xc7800000-0xc7efffff 64bit pref]
[    1.912041] pci 0000:00:1c.0: PCI bridge to [bus 08]
[    1.916063] pci 0000:09:00.0: [102b:0522] type 00 class 0x030000
[    1.916095] pci 0000:09:00.0: reg 0x10: [mem 0xc5000000-0xc5ffffff]
[    1.916108] pci 0000:09:00.0: reg 0x14: [mem 0xc6810000-0xc6813fff]
[    1.916122] pci 0000:09:00.0: reg 0x18: [mem 0xc6000000-0xc67fffff]
[    1.916173] pci 0000:09:00.0: reg 0x30: [mem 0xc6800000-0xc680ffff pref]
[    1.916307] pci 0000:00:1c.3: PCI bridge to [bus 09]
[    1.924004] pci 0000:00:1c.3:   bridge window [mem 0xc5000000-0xc68fffff]
[    1.924033] pci_bus 0000:00: on NUMA node 0
[    1.924570] acpi: ACPI: PCI Root Bridge [PCI1] (domain 0000 [bus 80-fe])
[    1.932005] acpi PNP0A08:01: _OSC: OS supports [ExtendedConfig ASPM ClockPM Segments MSI]
[    1.940517] acpi PNP0A08:01: _OSC: OS now controls [PCIeHotplug PME AER PCIeCapability]
[    1.948002] acpi PNP0A08:01: FADT indicates ASPM is unsupported, using BIOS configuration
[    1.956152] probe: PCI host bridge to bus 0000:80
[    1.964002] pci_bus 0000:80: root bus resource [io  0x8000-0xffff window]
[    1.972001] pci_bus 0000:80: root bus resource [mem 0xc8000000-0xfbffbfff window]
[    1.980001] pci_bus 0000:80: root bus resource [mem 0x3c000000000-0x3ffffffffff window]
[    1.988001] pci_bus 0000:80: root bus resource [bus 80-fe]
[    1.996009] pci 0000:80:02.0: [8086:2f04] type 01 class 0x060400
[    1.996061] pci 0000:80:02.0: PME# supported from D0 D3hot D3cold
[    1.996132] pci 0000:80:05.0: [8086:2f28] type 00 class 0x088000
[    1.996220] pci 0000:80:05.1: [8086:2f29] type 00 class 0x088000
[    1.996320] pci 0000:80:05.2: [8086:2f2a] type 00 class 0x088000
[    1.996402] pci 0000:80:05.4: [8086:2f2c] type 00 class 0x080020
[    1.996410] pci 0000:80:05.4: reg 0x10: [mem 0xfbf00000-0xfbf00fff]
[    1.996644] pci 0000:80:02.0: PCI bridge to [bus 81]
[    2.000010] pci_bus 0000:80: on NUMA node 1
[    2.000339] ACPI: PCI Interrupt Link [LNKA] (IRQs 3 4 5 6 7 10 *11 12 14 15)
[    2.008040] ACPI: PCI Interrupt Link [LNKB] (IRQs 3 4 5 6 7 *10 11 12 14 15)
[    2.016038] ACPI: PCI Interrupt Link [LNKC] (IRQs 3 4 5 6 10 *11 12 14 15)
[    2.024038] ACPI: PCI Interrupt Link [LNKD] (IRQs 3 4 *5 6 10 11 12 14 15)
[    2.032037] ACPI: PCI Interrupt Link [LNKE] (IRQs 3 4 5 6 7 10 11 12 14 15) *0, disabled.
[    2.040037] ACPI: PCI Interrupt Link [LNKF] (IRQs 3 4 5 6 7 10 11 12 14 15) *0, disabled.
[    2.052037] ACPI: PCI Interrupt Link [LNKG] (IRQs 3 4 5 6 7 10 11 12 14 15) *0, disabled.
[    2.060038] ACPI: PCI Interrupt Link [LNKH] (IRQs 3 4 5 6 7 10 11 12 14 15) *0, disabled.
[    2.068267] pci 0000:09:00.0: vgaarb: setting as boot VGA device
[    2.072000] pci 0000:09:00.0: vgaarb: VGA device added: decodes=io+mem,owns=io+mem,locks=none
[    2.084003] pci 0000:09:00.0: vgaarb: bridge control possible
[    2.092001] vgaarb: loaded
[    2.095144] SCSI subsystem initialized
[    2.100057] libata version 3.00 loaded.
[    2.100057] ACPI: bus type USB registered
[    2.104016] usbcore: usbcore: registered new interface driver usbfs
[    2.112006] usbcore: usbcore: registered new interface driver hub
[    2.116094] usbcore: usbcore: registered new device driver usb
[    2.124015] pps_core: LinuxPPS API ver. 1 registered
[    2.128001] pps_core: Software ver. 5.3.6 - Copyright 2005-2007 Rodolfo Giometti <giometti@linux.it>
[    2.140002] ptp: PTP clock support registered
[    2.144069] EDAC MC: Ver: 3.0.0
[    2.148039] PCI: Using ACPI for IRQ routing
[    2.156053] PCI: pci_cache_line_size set to 64 bytes
[    2.156203] e820: reserve RAM buffer [mem 0x00099c00-0x0009ffff]
[    2.156204] e820: reserve RAM buffer [mem 0x791d4000-0x7bffffff]
[    2.156313] NetLabel: Initializing
[    2.160001] NetLabel:  domain hash size = 128
[    2.168001] NetLabel:  protocols = UNLABELED CIPSOv4 CALIPSO
[    2.172017] NetLabel:  unlabeled traffic allowed by default
[    2.180040] hpet0: at MMIO 0xfed00000, IRQs 2, 8, 0, 0, 0, 0, 0, 0
[    2.184002] hpet0: 8 comparators, 64-bit 14.318180 MHz counter
[    2.196001] clocksource: Switched to clocksource tsc-early
[    2.220331] VFS: Disk quotas dquot_6.6.0
[    2.224741] dquot: VFS: Dquot-cache hash table entries: 512 (order 0, 4096 bytes)
[    2.233234] AppArmor: AppArmor Filesystem Enabled
[    2.238503] pnp: PnP ACPI init
[    2.242167] pnp 00:00: Plug and Play ACPI device, IDs PNP0b00 (active)
[    2.242270] system 00:01: [io  0x0500-0x057f] has been reserved
[    2.248879] system 00:01: [io  0x0400-0x047f] has been reserved
[    2.255484] system 00:01: [io  0x0580-0x059f] has been reserved
[    2.262090] system 00:01: [io  0x0600-0x061f] has been reserved
[    2.268695] system 00:01: [io  0x0880-0x0883] has been reserved
[    2.275300] system 00:01: [io  0x0800-0x081f] has been reserved
[    2.281910] system 00:01: [mem 0xfed1c000-0xfed3ffff] has been reserved
[    2.289292] system 00:01: [mem 0xfed45000-0xfed8bfff] has been reserved
[    2.296674] system 00:01: [mem 0xff000000-0xffffffff] has been reserved
[    2.304055] system 00:01: [mem 0xfee00000-0xfeefffff] has been reserved
[    2.311436] system 00:01: [mem 0xfed12000-0xfed1200f] has been reserved
[    2.318820] system 00:01: [mem 0xfed12010-0xfed1201f] has been reserved
[    2.326201] system 00:01: [mem 0xfed1b000-0xfed1bfff] has been reserved
[    2.333586] system 00:01: Plug and Play ACPI device, IDs PNP0c02 (active)
[    2.333693] pnp 00:02: [dma 0 disabled]
[    2.333732] pnp 00:02: Plug and Play ACPI device, IDs PNP0501 (active)
[    2.333826] pnp 00:03: [dma 0 disabled]
[    2.333855] pnp 00:03: Plug and Play ACPI device, IDs PNP0501 (active)
[    2.334350] pnp: PnP ACPI: found 4 devices
[    2.344537] clocksource: acpi_pm: mask: 0xffffff max_cycles: 0xffffff, max_idle_ns: 2085701024 ns
[    2.354505] pci 0000:00:01.0: PCI bridge to [bus 01-02]
[    2.360338] pci 0000:00:01.0:   bridge window [io  0x6000-0x6fff]
[    2.367140] pci 0000:00:01.0:   bridge window [mem 0xc6900000-0xc6cfffff]
[    2.374716] pci 0000:00:01.0:   bridge window [mem 0x3bfffe00000-0x3bfffefffff 64bit pref]
[    2.383942] pci 0000:00:01.1: PCI bridge to [bus 03]
[    2.389485] pci 0000:00:02.0: PCI bridge to [bus 04]
[    2.395019] pci 0000:00:02.2: PCI bridge to [bus 05]
[    2.400559] pci 0000:00:02.2:   bridge window [io  0x5000-0x5fff]
[    2.407361] pci 0000:00:02.2:   bridge window [mem 0xc6d00000-0xc6efffff]
[    2.414938] pci 0000:00:03.0: PCI bridge to [bus 06-07]
[    2.420769] pci 0000:00:03.0:   bridge window [io  0x4000-0x4fff]
[    2.427571] pci 0000:00:03.0:   bridge window [mem 0xc6f00000-0xc6ffffff]
[    2.435146] pci 0000:00:03.0:   bridge window [mem 0xc7800000-0xc7efffff 64bit pref]
[    2.443791] pci 0000:00:1c.0: PCI bridge to [bus 08]
[    2.449339] pci 0000:00:1c.3: PCI bridge to [bus 09]
[    2.454880] pci 0000:00:1c.3:   bridge window [mem 0xc5000000-0xc68fffff]
[    2.462459] pci_bus 0000:00: resource 4 [io  0x0000-0x0cf7 window]
[    2.462460] pci_bus 0000:00: resource 5 [io  0x1000-0x7fff window]
[    2.462461] pci_bus 0000:00: resource 6 [mem 0x000a0000-0x000bffff window]
[    2.462462] pci_bus 0000:00: resource 7 [mem 0x90000000-0xc7ffbfff window]
[    2.462463] pci_bus 0000:00: resource 8 [mem 0x38000000000-0x3bfffffffff window]
[    2.462463] pci_bus 0000:01: resource 0 [io  0x6000-0x6fff]
[    2.462465] pci_bus 0000:01: resource 1 [mem 0xc6900000-0xc6cfffff]
[    2.462466] pci_bus 0000:01: resource 2 [mem 0x3bfffe00000-0x3bfffefffff 64bit pref]
[    2.462467] pci_bus 0000:05: resource 0 [io  0x5000-0x5fff]
[    2.462468] pci_bus 0000:05: resource 1 [mem 0xc6d00000-0xc6efffff]
[    2.462469] pci_bus 0000:06: resource 0 [io  0x4000-0x4fff]
[    2.462470] pci_bus 0000:06: resource 1 [mem 0xc6f00000-0xc6ffffff]
[    2.462471] pci_bus 0000:06: resource 2 [mem 0xc7800000-0xc7efffff 64bit pref]
[    2.462472] pci_bus 0000:09: resource 1 [mem 0xc5000000-0xc68fffff]
[    2.462575] pci 0000:80:02.0: PCI bridge to [bus 81]
[    2.468120] pci_bus 0000:80: resource 4 [io  0x8000-0xffff window]
[    2.468121] pci_bus 0000:80: resource 5 [mem 0xc8000000-0xfbffbfff window]
[    2.468122] pci_bus 0000:80: resource 6 [mem 0x3c000000000-0x3ffffffffff window]
[    2.468227] socket: NET: Registered protocol family 2
[    2.474182] page_alloc: tcp_listen_portaddr_hash hash table entries: 65536 (order: 8, 1048576 bytes)
[    2.484674] page_alloc: TCP established hash table entries: 524288 (order: 10, 4194304 bytes)
[    2.494809] page_alloc: TCP bind hash table entries: 65536 (order: 8, 1048576 bytes)
[    2.503606] tcp: Hash tables configured (established 524288 bind 65536)
[    2.511169] page_alloc: UDP hash table entries: 65536 (order: 9, 2097152 bytes)
[    2.519692] page_alloc: UDP-Lite hash table entries: 65536 (order: 9, 2097152 bytes)
[    2.528782] socket: NET: Registered protocol family 1
[    2.556156] pci 0000:00:1a.0: quirk_usb_early_handoff+0x0/0x6b0 took 21055 usecs
[    2.584137] pci 0000:00:1d.0: quirk_usb_early_handoff+0x0/0x6b0 took 19248 usecs
[    2.592406] PCI: CLS mismatch (64 != 32), using 64 bytes
[    2.592418] pci 0000:09:00.0: Video device with shadowed ROM at [mem 0x000c0000-0x000dffff]
[    2.601779] Trying to unpack rootfs image as initramfs...
[    5.047781] page_alloc: Freeing initrd memory: 167996K
[    5.053670] PCI-DMA: Using software bounce buffering for IO (SWIOTLB)
[    5.060871] software IO TLB [mem 0x751d4000-0x791d4000] (64MB) mapped at [        (ptrval)-        (ptrval)]
[    5.072246] intel_rapl_perf: API unit is 2^-32 Joules, 3 fixed counters, 655360 ms ovfl timer
[    5.081761] intel_rapl_perf: hw unit of domain pp0-core 2^-14 Joules
[    5.088853] intel_rapl_perf: hw unit of domain package 2^-14 Joules
[    5.095849] intel_rapl_perf: hw unit of domain dram 2^-16 Joules
[    5.104483] Scanning for low memory corruption every 60 seconds
[    5.112440] system_keyring: Initialise system trusted keyrings
[    5.119017] workingset: workingset: timestamp_bits=40 max_order=26 bucket_order=0
[    5.128489] zbud: loaded
[    5.131849] fuse init (API version 7.26)
[    5.136287] SGI XFS with ACLs, security attributes, realtime, debug enabled
[    5.144697] pstore: using deflate compression
[    5.150578] key: Key type asymmetric registered
[    5.155635] asymmetric_keys: Asymmetric key parser 'x509' registered
[    5.162763] Block layer SCSI generic (bsg) driver version 0.4 loaded (major 248)
[    5.171095] io scheduler noop registered
[    5.175472] io scheduler deadline registered (default)
[    5.181235] io scheduler cfq registered
[    5.185514] io scheduler mq-deadline registered (default)
[    5.191536] io scheduler kyber registered
[    5.198218] pcieport 0000:00:01.0: AER enabled with IRQ 25
[    5.204361] pcieport 0000:00:01.1: AER enabled with IRQ 26
[    5.210504] pcieport 0000:00:02.0: AER enabled with IRQ 28
[    5.216644] pcieport 0000:00:02.2: AER enabled with IRQ 29
[    5.222789] pcieport 0000:00:03.0: AER enabled with IRQ 31
[    5.228936] pcieport 0000:80:02.0: AER enabled with IRQ 35
[    5.235072] pcieport 0000:00:01.0: Signaling PME with IRQ 25
[    5.241396] pcieport 0000:00:01.1: Signaling PME with IRQ 26
[    5.247719] pcieport 0000:00:02.0: Signaling PME with IRQ 28
[    5.254042] pcieport 0000:00:02.2: Signaling PME with IRQ 29
[    5.260369] pcieport 0000:00:03.0: Signaling PME with IRQ 31
[    5.266687] pcieport 0000:00:1c.0: Signaling PME with IRQ 32
[    5.273007] pcieport 0000:00:1c.3: Signaling PME with IRQ 33
[    5.279346] pcieport 0000:80:02.0: Signaling PME with IRQ 35
[    5.285707] intel_idle: MWAIT substates: 0x2120
[    5.285708] intel_idle: v0.4.1 model 0x3F
[    5.287248] intel_idle: lapic_timer_reliable_states 0xffffffff
[    5.287255] ipmi_msghandler: ipmi message handler version 39.2
[    5.293932] ACPI: Deprecated procfs I/F for AC is loaded, please retry with CONFIG_ACPI_PROCFS_POWER cleared
[    5.304931] ACPI: AC Adapter [P111] (on-line)
[    5.309865] input_core: Power Button as /devices/LNXSYSTM:00/LNXSYBUS:00/PNP0C0C:00/input/input0
[    5.319680] ACPI: Power Button [PWRB]
[    5.323798] input_core: Power Button as /devices/LNXSYSTM:00/LNXPWRBN:00/input/input1
[    5.332570] ACPI: Power Button [PWRF]
[    5.341979] ERST: Error Record Serialization Table (ERST) support is initialized.
[    5.350438] pstore: Registered erst as persistent store backend
[    5.357527] ghes: GHES: APEI firmware first mode is enabled by APEI bit and WHEA _OSC.
[    5.366500] 8250: Serial: 8250/16550 driver, 32 ports, IRQ sharing enabled
[    5.394628] serial_core: 00:02: ttyS0 at I/O 0x3f8 (irq = 4, base_baud = 115200) is a 16550A
[    5.424546] serial_core: 00:03: ttyS1 at I/O 0x2f8 (irq = 3, base_baud = 115200) is a 16550A
[    5.435045] Linux agpgart interface v0.103
[    5.446307] brd: brd: module loaded
[    5.454088] loop: module loaded
[    5.457912] libphy: Fixed MDIO Bus: probed
[    5.462653] tun: Universal TUN/TAP device driver, 1.6
[    5.468359] ppp_generic: PPP generic driver version 2.4.2
[    5.474453] ehci_hcd: USB 2.0 'Enhanced' Host Controller (EHCI) Driver
[    5.481740] ehci_pci: ehci-pci: EHCI PCI platform driver
[    5.487846] ehci-pci 0000:00:1a.0: EHCI Host Controller
[    5.493689] ehci-pci 0000:00:1a.0: new USB bus registered, assigned bus number 1
[    5.501957] ehci-pci 0000:00:1a.0: debug port 2
[    5.510926] ehci-pci 0000:00:1a.0: cache line size of 64 is not supported
[    5.510942] ehci-pci 0000:00:1a.0: irq 18, io mem 0xc7002000
[    5.532045] ehci-pci 0000:00:1a.0: USB 2.0 started, EHCI 1.00
[    5.538492] usb usb1: New USB device found, idVendor=1d6b, idProduct=0002, bcdDevice= 4.17
[    5.547718] usb usb1: New USB device strings: Mfr=3, Product=2, SerialNumber=1
[    5.555782] usb usb1: Product: EHCI Host Controller
[    5.561226] usb usb1: Manufacturer: Linux 4.17.0 ehci_hcd
[    5.567252] usb usb1: SerialNumber: 0000:00:1a.0
[    5.572528] hub 1-0:1.0: USB hub found
[    5.576717] hub 1-0:1.0: 2 ports detected
[    5.581437] ehci-pci 0000:00:1d.0: EHCI Host Controller
[    5.587277] ehci-pci 0000:00:1d.0: new USB bus registered, assigned bus number 2
[    5.595542] ehci-pci 0000:00:1d.0: debug port 2
[    5.604490] ehci-pci 0000:00:1d.0: cache line size of 64 is not supported
[    5.604497] ehci-pci 0000:00:1d.0: irq 18, io mem 0xc7001000
[    5.624065] ehci-pci 0000:00:1d.0: USB 2.0 started, EHCI 1.00
[    5.630516] usb usb2: New USB device found, idVendor=1d6b, idProduct=0002, bcdDevice= 4.17
[    5.639742] usb usb2: New USB device strings: Mfr=3, Product=2, SerialNumber=1
[    5.647806] usb usb2: Product: EHCI Host Controller
[    5.653242] usb usb2: Manufacturer: Linux 4.17.0 ehci_hcd
[    5.659259] usb usb2: SerialNumber: 0000:00:1d.0
[    5.664517] hub 2-0:1.0: USB hub found
[    5.668696] hub 2-0:1.0: 2 ports detected
[    5.673315] ehci_platform: ehci-platform: EHCI generic platform driver
[    5.680616] ohci_hcd: USB 1.1 'Open' Host Controller (OHCI) Driver
[    5.687520] ohci_pci: ohci-pci: OHCI PCI platform driver
[    5.693462] ohci_platform: ohci-platform: OHCI generic platform driver
[    5.700756] uhci_hcd: USB Universal Host Controller Interface driver
[    5.707910] i8042: PNP: No PS/2 controller found.
[    5.713224] mousedev: PS/2 mouse device common for all mice
[    5.719548] rtc_cmos 00:00: RTC can wake from S4
[    5.724791] rtc rtc0: invalid alarm value: 2019-7-4 19:10:61
[    5.731157] rtc_cmos 00:00: registered as rtc0
[    5.736133] rtc_cmos 00:00: alarms up to one month, y3k, 114 bytes nvram, hpet irqs
[    5.744716] dm_mod: device-mapper: uevent: version 1.0.3
[    5.750728] dm_mod: device-mapper: ioctl: 4.39.0-ioctl (2018-04-03) initialised: dm-devel@redhat.com
[    5.760933] intel_pstate: Intel P-state driver initializing
[    5.772104] ledtrig_cpu: ledtrig-cpu: registered to indicate activity on CPUs
[    5.780338] socket: NET: Registered protocol family 10
[    5.786423] ipv6: Segment Routing with IPv6
[    5.791110] socket: NET: Registered protocol family 17
[    5.796856] key: Key type dns_resolver registered
[    5.805077] microcode: sig=0x306f2, pf=0x1, revision=0x3a
[    5.812027] microcode: Microcode Update Driver: v2.2.
[    5.812036] sched_clock: Marking stable (5812023314, 0)->(6100959866, -288936552)
[    5.826386] taskstats: registered taskstats version 1
[    5.832027] system_keyring: Loading compiled-in X.509 certificates
[    5.841262] system_keyring: Loaded X.509 cert 'Build time autogenerated kernel key: 1b1a913f2930f03e17d24bcb8371ec0dad641cf6'
[    5.853938] zswap: loaded using pool lzo/zbud
[    5.859261] btrfs: Btrfs loaded, crc32c=crc32c-intel, debug=on
[    5.868867] key: Key type big_key registered
[    5.875097] key: Key type trusted registered
[    5.881311] key: Key type encrypted registered
[    5.886275] AppArmor: AppArmor sha1 policy hashing enabled
[    5.892402] ima: No TPM chip found, activating TPM-bypass! (rc=-19)
[    5.899403] ima: Allocated hash algorithm: sha1
[    5.904476] evm: HMAC attrs: 0x1
[    5.908692] trace:   Magic number: 11:936:191
[    5.913614] platform IPI0001:00: hash matches
[    5.918621] acpi device:1d: hash matches
[    5.920038] usb 1-1: new high-speed USB device number 2 using ehci-pci
[    5.923003] acpi IPI0001:00: hash matches
[    5.934896] rtc_cmos 00:00: setting system clock to 2019-07-04 19:10:17 UTC (1562267417)
[    5.945657] page_alloc: Freeing unused kernel memory: 1816K
[    5.968055] Write protecting the kernel read-only data: 22528k
[    5.975497] page_alloc: Freeing unused kernel memory: 2004K
[    5.985456] page_alloc: Freeing unused kernel memory: 1864K
[    6.001821] systemd-udevd[395]: starting version 204
[    6.008039] usb 2-1: new high-speed USB device number 2 using ehci-pci
[    6.048990] dca: dca service started, version 1.12.1
[    6.061296] ahci 0000:00:11.4: version 3.0
[    6.061544] ahci 0000:00:11.4: AHCI 0001.0300 32 slots 4 ports 6 Gbps 0xf impl SATA mode
[    6.070590] ahci 0000:00:11.4: flags: 64bit ncq pm led clo pio slum part ems apst 
[    6.079323] mpt3sas: mpt3sas version 17.100.00.00 loaded
[    6.085537] mpt3sas: mpt3sas_cm0: 64 BIT PCI BUS DMA ADDRESSING SUPPORTED, total mem (161398680 kB)
[    6.085635] igb: Intel(R) Gigabit Ethernet Network Driver - version 5.4.0-k
[    6.103407] igb: Copyright (c) 2007-2014 Intel Corporation.
[    6.108044] tsc: Refined TSC clocksource calibration: 2593.745 MHz
[    6.110127] igb 0000:01:00.0: PHY reset is blocked due to SOL/IDER session.
[    6.116539] clocksource: tsc: mask: 0xffffffffffffffff max_cycles: 0x25632702b3f, max_idle_ns: 440795211783 ns
[    6.124626] scsi host1: ahci
[    6.128306] usb 1-1: New USB device found, idVendor=8087, idProduct=800a, bcdDevice= 0.05
[    6.128307] usb 1-1: New USB device strings: Mfr=0, Product=0, SerialNumber=0
[    6.128455] hub 1-1:1.0: USB hub found
[    6.128551] hub 1-1:1.0: 6 ports detected
[    6.164431] clocksource: Switched to clocksource tsc
[    6.164616] scsi host2: ahci
[    6.173534] ixgbe: Intel(R) 10 Gigabit PCI Express Network Driver - version 5.1.0-k
[    6.182092] ixgbe: Copyright (c) 1999-2016 Intel Corporation.
[    6.182585] scsi host3: ahci
[    6.192061] scsi host4: ahci
[    6.215701] igb 0000:01:00.0: added PHC on eth0
[    6.220757] igb 0000:01:00.0: Intel(R) Gigabit Ethernet Network Connection
[    6.228433] igb 0000:01:00.0: eth0: (PCIe:5.0Gb/s:Width x4) 70:e4:22:84:03:02
[    6.236470] igb 0000:01:00.0: eth0: PBA No: FFFFFF-0FF
[    6.242206] igb 0000:01:00.0: Using MSI-X interrupts. 8 rx queue(s), 8 tx queue(s)
[    6.250689] ata1: SATA max UDMA/133 abar m2048@0xc7004000 port 0xc7004100 irq 36
[    6.258948] ata2: SATA max UDMA/133 abar m2048@0xc7004000 port 0xc7004180 irq 36
[    6.267204] ata3: SATA max UDMA/133 abar m2048@0xc7004000 port 0xc7004200 irq 36
[    6.275461] ata4: SATA max UDMA/133 abar m2048@0xc7004000 port 0xc7004280 irq 36
[    6.283721] usb 2-1: New USB device found, idVendor=8087, idProduct=8002, bcdDevice= 0.05
[    6.292853] usb 2-1: New USB device strings: Mfr=0, Product=0, SerialNumber=0
[    6.301075] hub 2-1:1.0: USB hub found
[    6.305325] hub 2-1:1.0: 8 ports detected
[    6.310157] igb 0000:01:00.1: PHY reset is blocked due to SOL/IDER session.
[    6.318093] ahci 0000:00:1f.2: AHCI 0001.0300 32 slots 6 ports 6 Gbps 0x3f impl SATA mode
[    6.327225] ahci 0000:00:1f.2: flags: 64bit ncq pm led clo pio slum part ems apst 
[    6.359960] igb 0000:01:00.1: added PHC on eth1
[    6.365019] igb 0000:01:00.1: Intel(R) Gigabit Ethernet Network Connection
[    6.372694] igb 0000:01:00.1: eth1: (PCIe:5.0Gb/s:Width x4) 70:e4:22:84:03:03
[    6.380729] igb 0000:01:00.1: eth1: PBA No: FFFFFF-0FF
[    6.386462] igb 0000:01:00.1: Using MSI-X interrupts. 8 rx queue(s), 8 tx queue(s)
[    6.420269] ixgbe 0000:06:00.0: Multiqueue Enabled: Rx Queue count = 40, Tx Queue count = 40 XDP Queue count = 0
[    6.431911] ixgbe 0000:06:00.0: PCI Express bandwidth of 32GT/s available
[    6.439488] ixgbe 0000:06:00.0: (Speed:5.0GT/s, Width: x8, Encoding Loss:20%)
[    6.447774] ixgbe 0000:06:00.0: MAC: 2, PHY: 14, SFP+: 3, PBA No: E68793-000
[    6.455643] ixgbe 0000:06:00.0: 90:e2:ba:b5:14:78
[    6.461589] scsi host5: ahci
[    6.464960] scsi host6: ahci
[    6.468258] scsi host7: ahci
[    6.471471] mpt3sas: mpt3sas_cm0: CurrentHostPageSize is 0: Setting default host page size to 4k
[    6.481295] mpt3sas_cm0: MSI-X vectors supported: 96, no of cores: 40, max_msix_vectors: -1
[    6.491225] ixgbe 0000:06:00.0: Intel(R) 10 Gigabit Network Connection
[    6.498672] scsi host8: ahci
[    6.502056] scsi host9: ahci
[    6.505876] mpt3sas: mpt3sas0-msix0: PCI-MSI-X enabled: IRQ 101
[    6.512483] mpt3sas: mpt3sas0-msix1: PCI-MSI-X enabled: IRQ 102
[    6.519088] mpt3sas: mpt3sas0-msix2: PCI-MSI-X enabled: IRQ 103
[    6.525695] mpt3sas: mpt3sas0-msix3: PCI-MSI-X enabled: IRQ 104
[    6.532302] mpt3sas: mpt3sas0-msix4: PCI-MSI-X enabled: IRQ 105
[    6.538907] mpt3sas: mpt3sas0-msix5: PCI-MSI-X enabled: IRQ 106
[    6.545513] mpt3sas: mpt3sas0-msix6: PCI-MSI-X enabled: IRQ 107
[    6.552119] mpt3sas: mpt3sas0-msix7: PCI-MSI-X enabled: IRQ 108
[    6.558724] mpt3sas: mpt3sas0-msix8: PCI-MSI-X enabled: IRQ 109
[    6.565331] mpt3sas: mpt3sas0-msix9: PCI-MSI-X enabled: IRQ 110
[    6.571938] mpt3sas: mpt3sas0-msix10: PCI-MSI-X enabled: IRQ 111
[    6.578641] mpt3sas: mpt3sas0-msix11: PCI-MSI-X enabled: IRQ 112
[    6.585340] mpt3sas: mpt3sas0-msix12: PCI-MSI-X enabled: IRQ 113
[    6.592053] mpt3sas: mpt3sas0-msix13: PCI-MSI-X enabled: IRQ 114
[    6.594626] ata2: SATA link down (SStatus 0 SControl 300)
[    6.598758] mpt3sas: mpt3sas0-msix14: PCI-MSI-X enabled: IRQ 115
[    6.598762] mpt3sas: mpt3sas0-msix15: PCI-MSI-X enabled: IRQ 116
[    6.604816] ata3: SATA link down (SStatus 0 SControl 300)
[    6.611495] mpt3sas: mpt3sas0-msix16: PCI-MSI-X enabled: IRQ 117
[    6.618248] ata4: SATA link down (SStatus 0 SControl 300)
[    6.624225] mpt3sas: mpt3sas0-msix17: PCI-MSI-X enabled: IRQ 118
[    6.624229] mpt3sas: mpt3sas0-msix18: PCI-MSI-X enabled: IRQ 119
[    6.630981] ata1: SATA link down (SStatus 0 SControl 300)
[    6.636967] mpt3sas: mpt3sas0-msix19: PCI-MSI-X enabled: IRQ 120
[    6.636970] mpt3sas: mpt3sas0-msix20: PCI-MSI-X enabled: IRQ 121
[    6.640035] usb 2-1.4: new high-speed USB device number 3 using ehci-pci
[    6.677305] mpt3sas: mpt3sas0-msix21: PCI-MSI-X enabled: IRQ 122
[    6.684005] mpt3sas: mpt3sas0-msix22: PCI-MSI-X enabled: IRQ 123
[    6.690706] mpt3sas: mpt3sas0-msix23: PCI-MSI-X enabled: IRQ 124
[    6.697407] mpt3sas: mpt3sas0-msix24: PCI-MSI-X enabled: IRQ 125
[    6.704109] mpt3sas: mpt3sas0-msix25: PCI-MSI-X enabled: IRQ 126
[    6.710809] mpt3sas: mpt3sas0-msix26: PCI-MSI-X enabled: IRQ 127
[    6.717511] mpt3sas: mpt3sas0-msix27: PCI-MSI-X enabled: IRQ 128
[    6.724213] mpt3sas: mpt3sas0-msix28: PCI-MSI-X enabled: IRQ 129
[    6.730914] mpt3sas: mpt3sas0-msix29: PCI-MSI-X enabled: IRQ 130
[    6.737617] mpt3sas: mpt3sas0-msix30: PCI-MSI-X enabled: IRQ 131
[    6.744317] mpt3sas: mpt3sas0-msix31: PCI-MSI-X enabled: IRQ 132
[    6.748430] usb 2-1.4: New USB device found, idVendor=0424, idProduct=2512, bcdDevice= b.b3
[    6.751019] mpt3sas: mpt3sas0-msix32: PCI-MSI-X enabled: IRQ 133
[    6.760340] usb 2-1.4: New USB device strings: Mfr=0, Product=0, SerialNumber=0
[    6.767039] mpt3sas: mpt3sas0-msix33: PCI-MSI-X enabled: IRQ 134
[    6.775475] hub 2-1.4:1.0: USB hub found
[    6.781898] mpt3sas: mpt3sas0-msix34: PCI-MSI-X enabled: IRQ 135
[    6.781900] mpt3sas: mpt3sas0-msix35: PCI-MSI-X enabled: IRQ 136
[    6.786451] hub 2-1.4:1.0: 2 ports detected
[    6.792979] mpt3sas: mpt3sas0-msix36: PCI-MSI-X enabled: IRQ 137
[    6.811048] mpt3sas: mpt3sas0-msix37: PCI-MSI-X enabled: IRQ 138
[    6.817751] mpt3sas: mpt3sas0-msix38: PCI-MSI-X enabled: IRQ 139
[    6.824453] mpt3sas: mpt3sas0-msix39: PCI-MSI-X enabled: IRQ 140
[    6.831158] mpt3sas: mpt3sas_cm0: iomem(0x00000000c6e40000), mapped(0x        (ptrval)), size(65536)
[    6.841349] mpt3sas: mpt3sas_cm0: ioport(0x0000000000005000), size(256)
[    6.849556] scsi host10: ahci
[    6.852916] ata5: SATA max UDMA/133 abar m2048@0xc7000000 port 0xc7000100 irq 57
[    6.861170] ata6: SATA max UDMA/133 abar m2048@0xc7000000 port 0xc7000180 irq 57
[    6.869435] ata7: SATA max UDMA/133 abar m2048@0xc7000000 port 0xc7000200 irq 57
[    6.877699] ata8: SATA max UDMA/133 abar m2048@0xc7000000 port 0xc7000280 irq 57
[    6.880034] usb 2-1.6: new full-speed USB device number 4 using ehci-pci
[    6.885957] ata9: SATA max UDMA/133 abar m2048@0xc7000000 port 0xc7000300 irq 57
[    6.885961] ata10: SATA max UDMA/133 abar m2048@0xc7000000 port 0xc7000380 irq 57
[    6.980059] mpt3sas: mpt3sas_cm0: CurrentHostPageSize is 0: Setting default host page size to 4k
[    6.989868] mpt3sas: mpt3sas_cm0: sending message unit reset !!
[    6.999270] mpt3sas: mpt3sas_cm0: message unit reset: SUCCESS
[    7.002809] usb 2-1.6: New USB device found, idVendor=0624, idProduct=0402, bcdDevice= 0.00
[    7.015012] usb 2-1.6: New USB device strings: Mfr=1, Product=2, SerialNumber=3
[    7.023172] usb 2-1.6: Product: Cisco USB Composite Device-0
[    7.029483] usb 2-1.6: Manufacturer: Avocent
[    7.034249] usb 2-1.6: SerialNumber: 20111102-00000001
[    7.048677] hidraw: raw HID events driver (C) Jiri Kosina
[    7.061615] usbcore: usbcore: registered new interface driver usbhid
[    7.068709] usbhid: usbhid: USB HID core driver
[    7.076158] input_core: Avocent Cisco USB Composite Device-0 as /devices/pci0000:00/0000:00:1d.0/usb2/2-1/2-1.6/2-1.6:1.0/0003:0624:0402.0001/input/input2
[    7.090688] mpt3sas: mpt3sas_cm0: Allocated physical memory: size(22593 kB)
[    7.099358] mpt3sas: mpt3sas_cm0: Current Controller Queue Depth(10104),Max Controller Queue Depth(10240)
[    7.110036] mpt3sas: mpt3sas_cm0: Scatter Gather Elements per IO(128)
[    7.117678] ixgbe 0000:06:00.1: Multiqueue Enabled: Rx Queue count = 40, Tx Queue count = 40 XDP Queue count = 0
[    7.129320] ixgbe 0000:06:00.1: PCI Express bandwidth of 32GT/s available
[    7.136897] ixgbe 0000:06:00.1: (Speed:5.0GT/s, Width: x8, Encoding Loss:20%)
[    7.145177] ixgbe 0000:06:00.1: MAC: 2, PHY: 14, SFP+: 4, PBA No: E68793-000
[    7.152160] hid-generic 0003:0624:0402.0001: input,hidraw0: USB HID v1.00 Keyboard [Avocent Cisco USB Composite Device-0] on usb-0000:00:1d.0-1.6/input0
[    7.153044] ixgbe 0000:06:00.1: 90:e2:ba:b5:14:79
[    7.168399] input_core: Avocent Cisco USB Composite Device-0 as /devices/pci0000:00/0000:00:1d.0/usb2/2-1/2-1.6/2-1.6:1.1/0003:0624:0402.0002/input/input3
[    7.176356] ixgbe 0000:06:00.1: Intel(R) 10 Gigabit Network Connection
[    7.189098] hid-generic 0003:0624:0402.0002: input,hidraw1: USB HID v1.00 Mouse [Avocent Cisco USB Composite Device-0] on usb-0000:00:1d.0-1.6/input1
[    7.211319] input_core: Avocent Cisco USB Composite Device-0 as /devices/pci0000:00/0000:00:1d.0/usb2/2-1/2-1.6/2-1.6:1.2/0003:0624:0402.0003/input/input4
[    7.222730] ata10: SATA link down (SStatus 0 SControl 300)
[    7.226839] hid-generic 0003:0624:0402.0003: input,hidraw2: USB HID v1.00 Mouse [Avocent Cisco USB Composite Device-0] on usb-0000:00:1d.0-1.6/input2
[    7.232903] ata6: SATA link down (SStatus 0 SControl 300)
[    7.238352] mpt3sas: mpt3sas_cm0: LSISAS3108: FWVersion(11.65.06.00), ChipRevision(0x02), BiosVersion(08.27.03.00)
[    7.238353] mpt3sas: mpt3sas_cm0: Protocol=(
[    7.238354] mpt3sas: Initiator
[    7.238354] mpt3sas: ,Target
[    7.238355] mpt3sas: ), 
[    7.238355] mpt3sas: Capabilities=(
[    7.238355] mpt3sas: TLR
[    7.238356] mpt3sas: ,EEDP
[    7.238356] mpt3sas: ,Snapshot Buffer
[    7.238357] mpt3sas: ,Diag Trace Buffer
[    7.238357] mpt3sas: ,Task Set Full
[    7.238357] mpt3sas: ,NCQ
[    7.238358] mpt3sas: )
[    7.238388] scsi host0: Fusion MPT SAS Host
[    7.238641] ******blk_init_rl***** blk_init_rl:914 
[    7.239000] mpt3sas: mpt3sas_cm0: sending port enable !!
[    7.239900] random: random: fast init done
[    7.240451] mpt3sas: mpt3sas_cm0: host_add: handle(0x0001), sas_addr(0x578da6e715bfdc40), phys(8)
[    7.260005] mpt3sas: mpt3sas_cm0: port enable: SUCCESS
[    7.265432] ata7: SATA link down (SStatus 0 SControl 300)
[    7.270348] ******blk_init_rl***** blk_init_rl:914 
[    7.273603] ata8: SATA link down (SStatus 0 SControl 300)
[    7.276893] ******blk_init_rl***** blk_init_rl:914 
[    7.279656] ata9: SATA link down (SStatus 0 SControl 300)
[    7.283723] scsi 0:0:0:0: Direct-Access     HGST     HUC101212CSS600  A469 PQ: 0 ANSI: 6
[    7.286367] ata5: SATA link down (SStatus 0 SControl 300)
[    7.289352] scsi 0:0:0:0: SSP: handle(0x0009), sas_addr(0x5000cca072a689a5), phy(0), device_name(0x5000cca072a689a7)
[    7.399113] scsi 0:0:0:0: enclosure logical id (0x578da6e715bfdc40), slot(1) 
[    7.407076] scsi 0:0:0:0: enclosure level(0x0000), connector name(     )
[    7.415265] ******blk_init_rl***** blk_init_rl:914 
[    7.420813] ******blk_init_rl***** blk_init_rl:914 
[    7.426447] scsi 0:0:1:0: Direct-Access     HGST     HUC101212CSS600  A469 PQ: 0 ANSI: 6
[    7.435476] scsi 0:0:1:0: SSP: handle(0x000b), sas_addr(0x5000cca072a89c19), phy(1), device_name(0x5000cca072a89c1b)
[    7.447219] scsi 0:0:1:0: enclosure logical id (0x578da6e715bfdc40), slot(2) 
[    7.455181] scsi 0:0:1:0: enclosure level(0x0000), connector name(     )
[    7.463417] ******blk_init_rl***** blk_init_rl:914 
[    7.468955] ******blk_init_rl***** blk_init_rl:914 
[    7.474769] scsi 0:0:2:0: Direct-Access     ATA      INTEL SSDSC2BB48 0374 PQ: 0 ANSI: 6
[    7.483799] scsi 0:0:2:0: SATA: handle(0x000a), sas_addr(0x4433221102000000), phy(2), device_name(0x55cd2e404c5f5431)
[    7.495641] scsi 0:0:2:0: enclosure logical id (0x578da6e715bfdc40), slot(3) 
[    7.503605] scsi 0:0:2:0: enclosure level(0x0000), connector name(     )
[    7.511120] scsi 0:0:2:0: atapi(n), ncq(y), asyn_notify(n), smart(y), fua(y), sw_preserve(y)
[    7.521237] sd 0:0:0:0: Attached scsi generic sg0 type 0
[    7.521647] sd 0:0:0:0: [sda] 2344225968 512-byte logical blocks: (1.20 TB/1.09 TiB)
[    7.527326] sd 0:0:1:0: Attached scsi generic sg1 type 0
[    7.527758] sd 0:0:1:0: [sdb] 2344225968 512-byte logical blocks: (1.20 TB/1.09 TiB)
[    7.527987] sd 0:0:1:0: [sdb] Write Protect is off
[    7.527990] sd 0:0:1:0: [sdb] Mode Sense: f7 00 10 08
[    7.528332] sd 0:0:1:0: [sdb] Write cache: enabled, read cache: enabled, supports DPO and FUA
[    7.536046] sd 0:0:0:0: [sda] Write Protect is off
[    7.541912] sd 0:0:2:0: Attached scsi generic sg2 type 0
[    7.543102] sd 0:0:2:0: [sdc] 937703088 512-byte logical blocks: (480 GB/447 GiB)
[    7.543105] sd 0:0:2:0: [sdc] 4096-byte physical blocks
[    7.543669] sd 0:0:2:0: [sdc] Write Protect is off
[    7.543672] sd 0:0:2:0: [sdc] Mode Sense: 9b 00 10 08
[    7.543986] sd 0:0:2:0: [sdc] Write cache: enabled, read cache: enabled, supports DPO and FUA
[    7.547027]  sdc: sdc1
[    7.549891] sd 0:0:2:0: [sdc] Attached SCSI disk
[    7.550403] sd 0:0:0:0: [sda] Mode Sense: f7 00 10 08
[    7.567857] sd 0:0:1:0: [sdb] Attached SCSI disk
[    7.570939] sd 0:0:0:0: [sda] Write cache: enabled, read cache: enabled, supports DPO and FUA
[    7.646094]  sda: sda1 sda2 sda3 sda4
[    7.674387] sd 0:0:0:0: [sda] Attached SCSI disk
[   12.777013] EXT4-fs (sda1): mounting ext3 file system using the ext4 subsystem
[   12.806417] EXT4-fs (sda1): mounted filesystem with ordered data mode. Opts: (null)
[   13.477183] random: init: uninitialized urandom read (12 bytes read)
[   13.760428] init: ureadahead main process (570) terminated with status 5
[   13.964089] random: mountall: uninitialized urandom read (12 bytes read)
[   14.200205] swapfile: Adding 3145724k swap on /dev/sda3.  Priority:-2 extents:1 across:3145724k FS
[   14.325042] random: lsb_release: uninitialized urandom read (24 bytes read)
[   14.557815] systemd-udevd[694]: starting version 204
[   14.927201] lp: driver loaded but no devices found
[   14.954336] EXT4-fs (sda1): re-mounted. Opts: errors=remount-ro
[   15.090859] EXT4-fs (sdc1): mounted filesystem with ordered data mode. Opts: (null)
[   15.402824] random: random: crng init done
[   15.480331] ipmi_si: IPMI System Interface driver.
[   15.480348] ipmi_si dmi-ipmi-si.0: ipmi_platform: probing via SMBIOS
[   15.480349] ipmi_si: ipmi_si: SMBIOS: io 0xca2 regsize 1 spacing 1 irq 0
[   15.480350] ipmi_si: ipmi_si: Adding SMBIOS-specified kcs state machine
[   15.480379] ipmi_si IPI0001:00: ipmi_platform: probing via ACPI
[   15.480407] ipmi_si IPI0001:00: [io  0x0ca2] regsize 1 spacing 1 irq 0
[   15.480409] ipmi_si dmi-ipmi-si.0: Removing SMBIOS-specified kcs state machine in favor of ACPI
[   15.504039] ipmi_si: ipmi_si: Adding ACPI-specified kcs state machine
[   15.504141] ipmi_si: ipmi_si: Trying ACPI-specified kcs state machine at i/o address 0xca2, slave address 0x20, irq 0
[   15.578664] power_meter ACPI000D:00: Found ACPI power meter.
[   15.578674] power_meter ACPI000D:00: Ignoring unsafe software power cap!
[   15.586164] power_meter ACPI000D:00: hwmon_device_register() is deprecated. Please convert the driver to use hwmon_device_register_with_info().
[   15.639524] mei_me 0000:00:16.0: Device doesn't have valid ME Interface
[   15.696478] power_meter ACPI000D:01: Found ACPI power meter.
[   15.696493] power_meter ACPI000D:01: Ignoring unsafe software power cap!
[   15.696495] power_meter ACPI000D:01: hwmon_device_register() is deprecated. Please convert the driver to use hwmon_device_register_with_info().
[   15.781520] FS-Cache: Loaded
[   15.840510] cryptd: cryptd: max_cpu_qlen set to 1000
[   15.862776] ipmi_si IPI0001:00: Found new BMC (man_id: 0x00168b, prod_id: 0x0015, dev_id: 0x20)
[   15.873903] ipmi_si IPI0001:00: IPMI kcs interface initialized
[   16.297613] RPC: Registered named UNIX socket transport module.
[   16.297614] RPC: Registered udp transport module.
[   16.297614] RPC: Registered tcp transport module.
[   16.297615] RPC: Registered tcp NFSv4.1 backchannel transport module.
[   16.353427] aesni_intel: AVX2 version of gcm_enc/dec engaged.
[   16.353428] aesni_intel: AES CTR mode by8 optimization enabled
[   17.259253] FS-Cache: Netfs 'nfs' registered for caching
[   17.539850] ixgbe 0000:06:00.1: registered PHC device on eth3
[   17.645270] ipv6: ADDRCONF(NETDEV_UP): eth3: link is not ready
[   17.708341] ixgbe 0000:06:00.1 eth3: detected SFP+: 4
[   17.738052] EDAC sbridge: Seeking for: PCI ID 8086:2fa0
[   17.738062] EDAC sbridge: Seeking for: PCI ID 8086:2fa0
[   17.738071] EDAC sbridge: Seeking for: PCI ID 8086:2fa0
[   17.738081] EDAC sbridge: Seeking for: PCI ID 8086:2f60
[   17.738083] EDAC sbridge: Seeking for: PCI ID 8086:2f60
[   17.738087] EDAC sbridge: Seeking for: PCI ID 8086:2f60
[   17.738089] EDAC sbridge: Seeking for: PCI ID 8086:2fa8
[   17.738092] EDAC sbridge: Seeking for: PCI ID 8086:2fa8
[   17.738095] EDAC sbridge: Seeking for: PCI ID 8086:2fa8
[   17.738097] EDAC sbridge: Seeking for: PCI ID 8086:2f71
[   17.738099] EDAC sbridge: Seeking for: PCI ID 8086:2f71
[   17.738103] EDAC sbridge: Seeking for: PCI ID 8086:2f71
[   17.738105] EDAC sbridge: Seeking for: PCI ID 8086:2faa
[   17.738108] EDAC sbridge: Seeking for: PCI ID 8086:2faa
[   17.738111] EDAC sbridge: Seeking for: PCI ID 8086:2faa
[   17.738113] EDAC sbridge: Seeking for: PCI ID 8086:2fab
[   17.738116] EDAC sbridge: Seeking for: PCI ID 8086:2fab
[   17.738119] EDAC sbridge: Seeking for: PCI ID 8086:2fab
[   17.738122] EDAC sbridge: Seeking for: PCI ID 8086:2fac
[   17.738127] EDAC sbridge: Seeking for: PCI ID 8086:2fad
[   17.738131] EDAC sbridge: Seeking for: PCI ID 8086:2f68
[   17.738134] EDAC sbridge: Seeking for: PCI ID 8086:2f68
[   17.738138] EDAC sbridge: Seeking for: PCI ID 8086:2f68
